=== smoke v2 hook form (26) ===
Warning: Permanently added '[127.0.0.1]:10030' (ED25519) to the list of known hosts.
SMOKE_HOOK_RC=0
26
0
corten_mode_hook: fork-probe OK (threads+arenas alive, child exited 42)
[smoke] SMOKE-DRIVER PASS
corten_mode_hook: fork-probe OK (threads+arenas alive, child exited 42)
=== smoke v2 bare form (default-entry) ===
Warning: Permanently added '[127.0.0.1]:10030' (ED25519) to the list of known hosts.
SMOKE_BARE_RC=1
26
0
[smoke] debugfs arenas after: 230
[smoke] FAIL: arena ledger not back to baseline (233 -> 230)
[smoke] SMOKE-DRIVER FAIL (1)
=== metis_eq x2 (baseline 2d383eeed4ceb73b) ===
Warning: Permanently added '[127.0.0.1]:10030' (ED25519) to the list of known hosts.
metis1 RC=0
"distinct_words":65073,"checksum":"2d383eeed4ceb73b"
metis2 RC=0
"distinct_words":65073,"checksum":"2d383eeed4ceb73b"
=== exec_default_enters / dmesg audit ===
timeout: failed to run command ‘gssh’: No such file or directory
STATS_READ_TIMEOUT(host-side; arena_stats renderer CPU-bound, see report 3.2/8)
Warning: Permanently added '[127.0.0.1]:10030' (ED25519) to the list of known hosts.
DMESG_AUDIT_RC=0
