[    0.000000] Linux version 6.18.32-g87220166a815-dirty (ppw@vm) (gcc (Ubuntu 11.4.0-1ubuntu1~22.04.3) 11.4.0, GNU ld (GNU Binutils for Ubuntu) 2.38) #338 SMP PREEMPT_DYNAMIC Sun Oct  4 20:03:10 CST 2026
[    0.000000] Command line: console=ttyS0 corten=on kunit.filter_glob=corten_arena panic=-1
[    0.000000] BIOS-provided physical RAM map:
[    0.000000] BIOS-e820: [mem 0x0000000000000000-0x000000000009fbff] usable
[    0.000000] BIOS-e820: [mem 0x000000000009fc00-0x000000000009ffff] reserved
[    0.000000] BIOS-e820: [mem 0x00000000000f0000-0x00000000000fffff] reserved
[    0.000000] BIOS-e820: [mem 0x0000000000100000-0x000000007ffdffff] usable
[    0.000000] BIOS-e820: [mem 0x000000007ffe0000-0x000000007fffffff] reserved
[    0.000000] BIOS-e820: [mem 0x00000000feffc000-0x00000000feffffff] reserved
[    0.000000] BIOS-e820: [mem 0x00000000fffc0000-0x00000000ffffffff] reserved
[    0.000000] NX (Execute Disable) protection: active
[    0.000000] APIC: Static calls initialized
[    0.000000] SMBIOS 2.8 present.
[    0.000000] DMI: QEMU Standard PC (i440FX + PIIX, 1996), BIOS 1.15.0-1 04/01/2014
[    0.000000] DMI: Memory slots populated: 1/1
[    0.000000] Hypervisor detected: KVM
[    0.000000] last_pfn = 0x7ffe0 max_arch_pfn = 0x400000000
[    0.000000] kvm-clock: Using msrs 4b564d01 and 4b564d00
[    0.000003] kvm-clock: using sched offset of 1814412109 cycles
[    0.000007] clocksource: kvm-clock: mask: 0xffffffffffffffff max_cycles: 0x1cd42e4dffb, max_idle_ns: 881590591483 ns
[    0.000086] tsc: Detected 2419.196 MHz processor
[    0.003168] last_pfn = 0x7ffe0 max_arch_pfn = 0x400000000
[    0.003875] MTRR map: 4 entries (3 fixed + 1 variable; max 19), built from 8 variable MTRRs
[    0.003935] x86/PAT: Configuration [0-7]: WB  WC  UC- UC  WB  WP  UC- WT  
[    0.020394] found SMP MP-table at [mem 0x000f5ba0-0x000f5baf]
[    0.020601] Using GB pages for direct mapping
[    0.021202] ACPI: Early table checksum verification disabled
[    0.021336] ACPI: RSDP 0x00000000000F59E0 000014 (v00 BOCHS )
[    0.021447] ACPI: RSDT 0x000000007FFE1B95 000034 (v01 BOCHS  BXPC     00000001 BXPC 00000001)
[    0.021548] ACPI: FACP 0x000000007FFE1A11 000074 (v01 BOCHS  BXPC     00000001 BXPC 00000001)
[    0.021700] ACPI: DSDT 0x000000007FFE0040 0019D1 (v01 BOCHS  BXPC     00000001 BXPC 00000001)
[    0.021729] ACPI: FACS 0x000000007FFE0000 000040
[    0.021735] ACPI: APIC 0x000000007FFE1A85 0000B0 (v01 BOCHS  BXPC     00000001 BXPC 00000001)
[    0.021741] ACPI: HPET 0x000000007FFE1B35 000038 (v01 BOCHS  BXPC     00000001 BXPC 00000001)
[    0.021747] ACPI: WAET 0x000000007FFE1B6D 000028 (v01 BOCHS  BXPC     00000001 BXPC 00000001)
[    0.021752] ACPI: Reserving FACP table memory at [mem 0x7ffe1a11-0x7ffe1a84]
[    0.021756] ACPI: Reserving DSDT table memory at [mem 0x7ffe0040-0x7ffe1a10]
[    0.021758] ACPI: Reserving FACS table memory at [mem 0x7ffe0000-0x7ffe003f]
[    0.021760] ACPI: Reserving APIC table memory at [mem 0x7ffe1a85-0x7ffe1b34]
[    0.021762] ACPI: Reserving HPET table memory at [mem 0x7ffe1b35-0x7ffe1b6c]
[    0.021763] ACPI: Reserving WAET table memory at [mem 0x7ffe1b6d-0x7ffe1b94]
[    0.025907] No NUMA configuration found
[    0.025912] Faking a node at [mem 0x0000000000000000-0x000000007ffdffff]
[    0.025922] NODE_DATA(0) allocated [mem 0x7ffdc140-0x7ffdffff]
[    0.027040] Zone ranges:
[    0.027041]   DMA      [mem 0x0000000000001000-0x0000000000ffffff]
[    0.027042]   DMA32    [mem 0x0000000001000000-0x000000007ffdffff]
[    0.027043]   Normal   empty
[    0.027044] Movable zone start for each node
[    0.027045] Early memory node ranges
[    0.027045]   node   0: [mem 0x0000000000001000-0x000000000009efff]
[    0.027046]   node   0: [mem 0x0000000000100000-0x000000007ffdffff]
[    0.027047] Initmem setup node 0 [mem 0x0000000000001000-0x000000007ffdffff]
[    0.027439] On node 0, zone DMA: 1 pages in unavailable ranges
[    0.027911] On node 0, zone DMA: 97 pages in unavailable ranges
[    0.153580] On node 0, zone DMA32: 32 pages in unavailable ranges
[    0.156691] ACPI: PM-Timer IO Port: 0x608
[    0.156780] ACPI: LAPIC_NMI (acpi_id[0xff] dfl dfl lint[0x1])
[    0.159825] IOAPIC[0]: apic_id 0, version 17, address 0xfec00000, GSI 0-23
[    0.159838] ACPI: INT_SRC_OVR (bus 0 bus_irq 0 global_irq 2 dfl dfl)
[    0.159842] ACPI: INT_SRC_OVR (bus 0 bus_irq 5 global_irq 5 high level)
[    0.159845] ACPI: INT_SRC_OVR (bus 0 bus_irq 9 global_irq 9 high level)
[    0.159992] ACPI: INT_SRC_OVR (bus 0 bus_irq 10 global_irq 10 high level)
[    0.160005] ACPI: INT_SRC_OVR (bus 0 bus_irq 11 global_irq 11 high level)
[    0.160043] ACPI: Using ACPI (MADT) for SMP configuration information
[    0.160046] ACPI: HPET id: 0x8086a201 base: 0xfed00000
[    0.160102] TSC deadline timer available
[    0.160114] CPU topo: Max. logical packages:   1
[    0.160116] CPU topo: Max. logical dies:       1
[    0.160117] CPU topo: Max. dies per package:   1
[    0.160127] CPU topo: Max. threads per core:   1
[    0.160185] CPU topo: Num. cores per package:     8
[    0.160187] CPU topo: Num. threads per package:   8
[    0.160188] CPU topo: Allowing 8 present CPUs plus 0 hotplug CPUs
[    0.160315] kvm-guest: APIC: eoi() replaced with kvm_guest_apic_eoi_write()
[    0.160796] kvm-guest: KVM setup pv remote TLB flush
[    0.160853] kvm-guest: setup PV sched yield
[    0.162975] PM: hibernation: Registered nosave memory: [mem 0x00000000-0x00000fff]
[    0.162982] PM: hibernation: Registered nosave memory: [mem 0x0009f000-0x000fffff]
[    0.162987] [mem 0x80000000-0xfeffbfff] available for PCI devices
[    0.162990] Booting paravirtualized kernel on KVM
[    0.163031] clocksource: refined-jiffies: mask: 0xffffffff max_cycles: 0xffffffff, max_idle_ns: 1910969940391419 ns
[    0.178949] setup_percpu: NR_CPUS:64 nr_cpumask_bits:8 nr_cpu_ids:8 nr_node_ids:1
[    0.186206] percpu: Embedded 54 pages/cpu s182680 r8192 d30312 u262144
[    0.186497] Kernel command line: console=ttyS0 corten=on kunit.filter_glob=corten_arena panic=-1
[    0.187469] corten: requested on, activating at initcall time
[    0.187583] random: crng init done
[    0.187586] printk: log buffer data + meta data: 262144 + 917504 = 1179648 bytes
[    0.198330] Dentry cache hash table entries: 262144 (order: 9, 2097152 bytes, linear)
[    0.214405] Inode-cache hash table entries: 131072 (order: 8, 1048576 bytes, linear)
[    0.216544] Fallback order for Node 0: 0 
[    0.216575] Built 1 zonelists, mobility grouping on.  Total pages: 524158
[    0.216579] Policy zone: DMA32
[    0.216582] mem auto-init: stack:off, heap alloc:off, heap free:off
[    0.226202] SLUB: HWalign=64, Order=0-3, MinObjects=0, CPUs=8, Nodes=1
[    0.239691] Dynamic Preempt: voluntary
[    0.240372] rcu: Preemptible hierarchical RCU implementation.
[    0.240375] rcu: 	RCU event tracing is enabled.
[    0.240376] rcu: 	RCU restricting CPUs from NR_CPUS=64 to nr_cpu_ids=8.
[    0.240379] 	Trampoline variant of Tasks RCU enabled.
[    0.240381] 	Tracing variant of Tasks RCU enabled.
[    0.240382] rcu: RCU calculated value of scheduler-enlistment delay is 100 jiffies.
[    0.240384] rcu: Adjusting geometry for rcu_fanout_leaf=16, nr_cpu_ids=8
[    0.240435] RCU Tasks: Setting shift to 3 and lim to 1 rcu_task_cb_adjust=1 rcu_task_cpu_ids=8.
[    0.240437] RCU Tasks Trace: Setting shift to 3 and lim to 1 rcu_task_cb_adjust=1 rcu_task_cpu_ids=8.
[    0.252713] NR_IRQS: 4352, nr_irqs: 488, preallocated irqs: 16
[    0.254105] rcu: srcu_init: Setting srcu_struct sizes based on contention.
[    0.322715] Console: colour VGA+ 80x25
[    0.323256] printk: legacy console [ttyS0] enabled
[    0.871731] ACPI: Core revision 20250807
[    0.879716] clocksource: hpet: mask: 0xffffffff max_cycles: 0xffffffff, max_idle_ns: 19112604467 ns
[    0.892895] APIC: Switch to symmetric I/O mode setup
[    0.904655] x2apic enabled
[    0.911671] APIC: Switched APIC routing to: physical x2apic
[    0.915976] kvm-guest: APIC: send_IPI_mask() replaced with kvm_send_ipi_mask()
[    0.921838] kvm-guest: APIC: send_IPI_mask_allbutself() replaced with kvm_send_ipi_mask_allbutself()
[    0.927567] kvm-guest: setup PV IPIs
[    0.950168] ..TIMER: vector=0x30 apic1=0 pin1=2 apic2=-1 pin2=-1
[    0.953871] clocksource: tsc-early: mask: 0xffffffffffffffff max_cycles: 0x22df0d21928, max_idle_ns: 440795225288 ns
[    0.961051] Calibrating delay loop (skipped) preset value.. 4838.39 BogoMIPS (lpj=2419196)
[    0.964910] x86/cpu: User Mode Instruction Prevention (UMIP) activated
[    0.968107] Last level iTLB entries: 4KB 0, 2MB 0, 4MB 0
[    0.969834] Last level dTLB entries: 4KB 0, 2MB 0, 4MB 0, 1GB 0
[    0.971031] mitigations: Enabled attack vectors: user_kernel, user_user, SMT mitigations: auto
[    0.972963] Speculative Store Bypass: Mitigation: Speculative Store Bypass disabled via prctl
[    0.973838] Spectre V2 : Mitigation: Enhanced / Automatic IBRS
[    0.975835] ITS: Mitigation: Aligned branch/return thunks
[    0.976832] Spectre V1 : Mitigation: usercopy/swapgs barriers and __user pointer sanitization
[    0.977881] Spectre V2 : Spectre v2 / PBRSB-eIBRS: Retire a single CALL on VMEXIT
[    0.978983] Spectre V2 : mitigation: Enabling conditional Indirect Branch Prediction Barrier
[    0.979835] active return thunk: its_return_thunk
[    0.982948] x86/fpu: Supporting XSAVE feature 0x001: 'x87 floating point registers'
[    0.983833] x86/fpu: Supporting XSAVE feature 0x002: 'SSE registers'
[    0.984834] x86/fpu: Supporting XSAVE feature 0x004: 'AVX registers'
[    0.985832] x86/fpu: Supporting XSAVE feature 0x200: 'Protection Keys User registers'
[    0.986832] x86/fpu: xstate_offset[2]:  576, xstate_sizes[2]:  256
[    0.987831] x86/fpu: xstate_offset[9]:  832, xstate_sizes[9]:    8
[    0.988830] x86/fpu: Enabled xstate features 0x207, context size is 840 bytes, using 'compacted' format.
[    1.147200] Freeing SMP alternatives memory: 64K
[    1.148957] pid_max: default: 32768 minimum: 301
[    1.152041] LSM: initializing lsm=capability,selinux
[    1.154877] SELinux:  Initializing.
[    1.158010] Mount-cache hash table entries: 4096 (order: 3, 32768 bytes, linear)
[    1.158942] Mountpoint-cache hash table entries: 4096 (order: 3, 32768 bytes, linear)
[    1.166397] smpboot: CPU0: 13th Gen Intel(R) Core(TM) i9-13900HX (family: 0x6, model: 0xb7, stepping: 0x1)
[    1.167676] Performance Events: Alderlake Hybrid events, core PMU driver.
[    1.170882] core: CPUID marked event: 'cpu cycles' unavailable
[    1.171880] core: CPUID marked event: 'instructions' unavailable
[    1.172878] core: CPUID marked event: 'bus cycles' unavailable
[    1.173879] core: CPUID marked event: 'cache references' unavailable
[    1.174869] core: CPUID marked event: 'cache misses' unavailable
[    1.175843] core: CPUID marked event: 'branch instructions' unavailable
[    1.176876] core: CPUID marked event: 'branch misses' unavailable
[    1.178678] core: The event 0x100 is not supported as a normal event.
[    1.178874] core: The event 0x300 is not supported as a normal event.
[    1.179871] core: The event 0x400 is not supported as a normal event.
[    1.180866] core: The event 0x8000 is not supported as a normal event.
[    1.181880] core: The event 0x8100 is not supported as a normal event.
[    1.182940] core: The event 0x8200 is not supported as a normal event.
[    1.183876] core: The event 0x8300 is not supported as a normal event.
[    1.184877] core: The event 0x8400 is not supported as a normal event.
[    1.185842] core: The event 0x8500 is not supported as a normal event.
[    1.186871] core: The event 0x8600 is not supported as a normal event.
[    1.187871] core: The event 0x8700 is not supported as a normal event.
[    1.189441] core: cpu_core PMU driver: 
[    1.189844] ... version:                   1
[    1.190869] ... bit width:                 48
[    1.191845] ... generic counters:          6
[    1.192876] ... generic bitmap:            000000000000003f
[    1.193870] ... fixed-purpose counters:    0
[    1.194868] ... fixed-purpose bitmap:      0000000000000000
[    1.195868] ... value mask:                0000ffffffffffff
[    1.196869] ... max period:                000000007fffffff
[    1.197883] ... global_ctrl mask:          000100000000003f
[    1.199820] signal: max sigframe size: 3632
[    1.201245] rcu: Hierarchical SRCU implementation.
[    1.201871] rcu: 	Max phase no-delay instances is 400.
[    1.203698] Timer migration: 1 hierarchy levels; 8 children per group; 1 crossnode level
[    1.212299] corten: page descriptors enabled
[    1.213995] smp: Bringing up secondary CPUs ...
[    1.216564] smpboot: x86: Booting SMP configuration:
[    1.216845] .... node  #0, CPUs:      #1 #2 #3 #4 #5 #6 #7
[    1.265505] smp: Brought up 1 node, 8 CPUs
[    1.266876] smpboot: Total of 8 processors activated (38707.13 BogoMIPS)
[    1.270322] Memory: 2003448K/2096632K available (21722K kernel code, 3204K rwdata, 9184K rodata, 3288K init, 1132K bss, 85428K reserved, 0K cma-reserved)
[    1.298058] devtmpfs: initialized
[    1.302864] clocksource: jiffies: mask: 0xffffffff max_cycles: 0xffffffff, max_idle_ns: 1911260446275000 ns
[    1.303885] posixtimers hash table entries: 4096 (order: 4, 65536 bytes, linear)
[    1.305702] futex hash table entries: 2048 (131072 bytes on 1 NUMA nodes, total 128 KiB, linear).
[    1.306300] PM: RTC time: 12:40:29, date: 2026-10-04
[    1.317727] NET: Registered PF_NETLINK/PF_ROUTE protocol family
[    1.318248] audit: initializing netlink subsys (disabled)
[    1.319882] audit: type=2000 audit(1791117628.524:1): state=initialized audit_enabled=0 res=1
[    1.320728] thermal_sys: Registered thermal governor 'step_wise'
[    1.321031] cpuidle: using governor menu
[    1.323827] PCI: Using configuration type 1 for base access
[    1.325927] kprobes: kprobe jump-optimization is enabled. All kprobes are optimized if possible.
[    1.330336] HugeTLB: registered 2.00 MiB page size, pre-allocated 0 pages
[    1.330843] HugeTLB: 28 KiB vmemmap can be freed for a 2.00 MiB page
[    1.367353] ACPI: Added _OSI(Module Device)
[    1.367842] ACPI: Added _OSI(Processor Device)
[    1.368840] ACPI: Added _OSI(Processor Aggregator Device)
[    1.370900] ACPI: 1 ACPI AML tables successfully acquired and loaded
[    1.379095] ACPI: Interpreter enabled
[    1.380137] ACPI: PM: (supports S0 S3 S4 S5)
[    1.380882] ACPI: Using IOAPIC for interrupt routing
[    1.382054] PCI: Using host bridge windows from ACPI; if necessary, use "pci=nocrs" and report a bug
[    1.382874] PCI: Using E820 reservations for host bridge windows
[    1.384256] ACPI: Enabled 2 GPEs in block 00 to 0F
[    1.393401] ACPI: PCI Root Bridge [PCI0] (domain 0000 [bus 00-ff])
[    1.393855] acpi PNP0A03:00: _OSC: OS supports [ASPM ClockPM Segments MSI HPX-Type3]
[    1.394878] acpi PNP0A03:00: _OSC: not requesting OS control; OS requires [ExtendedConfig ASPM ClockPM MSI]
[    1.395906] acpi PNP0A03:00: fail to add MMCONFIG information, can't access extended configuration space under this bridge
[    1.397258] PCI host bridge to bus 0000:00
[    1.397855] pci_bus 0000:00: root bus resource [io  0x0000-0x0cf7 window]
[    1.398876] pci_bus 0000:00: root bus resource [io  0x0d00-0xffff window]
[    1.399880] pci_bus 0000:00: root bus resource [mem 0x000a0000-0x000bffff window]
[    1.400843] pci_bus 0000:00: root bus resource [mem 0x80000000-0xfebfffff window]
[    1.401871] pci_bus 0000:00: root bus resource [mem 0x100000000-0x17fffffff window]
[    1.402879] pci_bus 0000:00: root bus resource [bus 00-ff]
[    1.404277] pci 0000:00:00.0: [8086:1237] type 00 class 0x060000 conventional PCI endpoint
[    1.408825] pci 0000:00:01.0: [8086:7000] type 00 class 0x060100 conventional PCI endpoint
[    1.413827] pci 0000:00:01.1: [8086:7010] type 00 class 0x010180 conventional PCI endpoint
[    1.417490] pci 0000:00:01.1: BAR 4 [io  0xc040-0xc04f]
[    1.417961] pci 0000:00:01.1: BAR 0 [io  0x01f0-0x01f7]: legacy IDE quirk
[    1.418878] pci 0000:00:01.1: BAR 1 [io  0x03f6]: legacy IDE quirk
[    1.419877] pci 0000:00:01.1: BAR 2 [io  0x0170-0x0177]: legacy IDE quirk
[    1.420880] pci 0000:00:01.1: BAR 3 [io  0x0376]: legacy IDE quirk
[    1.422846] pci 0000:00:01.3: [8086:7113] type 00 class 0x068000 conventional PCI endpoint
[    1.424827] pci 0000:00:01.3: quirk: [io  0x0600-0x063f] claimed by PIIX4 ACPI
[    1.424971] pci 0000:00:01.3: quirk: [io  0x0700-0x070f] claimed by PIIX4 SMB
[    1.427204] pci 0000:00:02.0: [1234:1111] type 00 class 0x030000 conventional PCI endpoint
[    1.433827] pci 0000:00:02.0: BAR 0 [mem 0xfd000000-0xfdffffff pref]
[    1.435203] pci 0000:00:02.0: BAR 2 [mem 0xfebb0000-0xfebb0fff]
[    1.436191] pci 0000:00:02.0: ROM [mem 0xfeba0000-0xfebaffff pref]
[    1.441586] pci 0000:00:02.0: Video device with shadowed ROM at [mem 0x000c0000-0x000dffff]
[    1.460246] pci 0000:00:03.0: [8086:100e] type 00 class 0x020000 conventional PCI endpoint
[    1.463873] pci 0000:00:03.0: BAR 0 [mem 0xfeb80000-0xfeb9ffff]
[    1.464970] pci 0000:00:03.0: BAR 1 [io  0xc000-0xc03f]
[    1.466417] pci 0000:00:03.0: ROM [mem 0xfeb00000-0xfeb7ffff pref]
[    1.476064] ACPI: PCI: Interrupt link LNKA configured for IRQ 10
[    1.477350] ACPI: PCI: Interrupt link LNKB configured for IRQ 10
[    1.478029] ACPI: PCI: Interrupt link LNKC configured for IRQ 11
[    1.479477] ACPI: PCI: Interrupt link LNKD configured for IRQ 11
[    1.480148] ACPI: PCI: Interrupt link LNKS configured for IRQ 9
[    1.490280] iommu: Default domain type: Translated
[    1.490843] iommu: DMA domain TLB invalidation policy: lazy mode
[    1.497108] SCSI subsystem initialized
[    1.499149] ACPI: bus type USB registered
[    1.499933] usbcore: registered new interface driver usbfs
[    1.501008] usbcore: registered new interface driver hub
[    1.502138] usbcore: registered new device driver usb
[    1.503118] pps_core: LinuxPPS API ver. 1 registered
[    1.503840] pps_core: Software ver. 5.3.6 - Copyright 2005-2007 Rodolfo Giometti <giometti@linux.it>
[    1.505040] PTP clock support registered
[    1.507821] Advanced Linux Sound Architecture Driver Initialized.
[    1.517556] NetLabel: Initializing
[    1.517842] NetLabel:  domain hash size = 128
[    1.518872] NetLabel:  protocols = UNLABELED CIPSOv4 CALIPSO
[    1.520392] NetLabel:  unlabeled traffic allowed by default
[    1.524100] PCI: Using ACPI for IRQ routing
[    1.527100] pci 0000:00:02.0: vgaarb: setting as boot VGA device
[    1.527827] pci 0000:00:02.0: vgaarb: bridge control possible
[    1.527827] pci 0000:00:02.0: vgaarb: VGA device added: decodes=io+mem,owns=io+mem,locks=none
[    1.527980] vgaarb: loaded
[    1.531827] hpet0: at MMIO 0xfed00000, IRQs 2, 8, 0
[    1.532876] hpet0: 3 comparators, 64-bit 100.000000 MHz counter
[    1.540668] clocksource: Switched to clocksource kvm-clock
[    1.550065] VFS: Disk quotas dquot_6.6.0
[    1.554579] VFS: Dquot-cache hash table entries: 512 (order 0, 4096 bytes)
[    1.560059] pnp: PnP ACPI init
[    1.564022] pnp: PnP ACPI: found 6 devices
[    1.604164] clocksource: acpi_pm: mask: 0xffffff max_cycles: 0xffffff, max_idle_ns: 2085701024 ns
[    1.613436] NET: Registered PF_INET protocol family
[    1.622483] IP idents hash table entries: 32768 (order: 6, 262144 bytes, linear)
[    1.636314] tcp_listen_portaddr_hash hash table entries: 1024 (order: 2, 16384 bytes, linear)
[    1.644173] Table-perturb hash table entries: 65536 (order: 6, 262144 bytes, linear)
[    1.653626] TCP established hash table entries: 16384 (order: 5, 131072 bytes, linear)
[    1.658494] TCP bind hash table entries: 16384 (order: 7, 524288 bytes, linear)
[    1.664670] TCP: Hash tables configured (established 16384 bind 16384)
[    1.673155] UDP hash table entries: 1024 (order: 4, 65536 bytes, linear)
[    1.679829] UDP-Lite hash table entries: 1024 (order: 4, 65536 bytes, linear)
[    1.690224] NET: Registered PF_UNIX/PF_LOCAL protocol family
[    1.703363] RPC: Registered named UNIX socket transport module.
[    1.711011] RPC: Registered udp transport module.
[    1.716562] RPC: Registered tcp transport module.
[    1.722819] RPC: Registered tcp-with-tls transport module.
[    1.729267] RPC: Registered tcp NFSv4.1 backchannel transport module.
[    1.738143] pci_bus 0000:00: resource 4 [io  0x0000-0x0cf7 window]
[    1.740399] pci_bus 0000:00: resource 5 [io  0x0d00-0xffff window]
[    1.745317] pci_bus 0000:00: resource 6 [mem 0x000a0000-0x000bffff window]
[    1.752677] pci_bus 0000:00: resource 7 [mem 0x80000000-0xfebfffff window]
[    1.760264] pci_bus 0000:00: resource 8 [mem 0x100000000-0x17fffffff window]
[    1.768325] pci 0000:00:01.0: PIIX3: Enabling Passive Release
[    1.774618] pci 0000:00:00.0: Limiting direct PCI/PCI transfers
[    1.782636] PCI: CLS 0 bytes, default 64
[    1.788913] RAPL PMU: API unit is 2^-32 Joules, 0 fixed counters, 10737418240 ms ovfl timer
[    1.797556] clocksource: tsc: mask: 0xffffffffffffffff max_cycles: 0x22df0d21928, max_idle_ns: 440795225288 ns
[    1.834657] Initialise system trusted keyrings
[    1.842483] workingset: timestamp_bits=40 max_order=19 bucket_order=0
[    1.854648] NFS: Registering the id_resolver key type
[    1.861479] Key type id_resolver registered
[    1.866859] Key type id_legacy registered
[    1.873342] 9p: Installing v9fs 9p2000 file system support
[    1.927841] Key type asymmetric registered
[    1.935292] Asymmetric key parser 'x509' registered
[    1.942005] Block layer SCSI generic (bsg) driver version 0.4 loaded (major 251)
[    1.952511] io scheduler mq-deadline registered
[    1.958150] io scheduler kyber registered
[    1.967310] input: Power Button as /devices/LNXSYSTM:00/LNXPWRBN:00/input/input0
[    1.978013] ACPI: button: Power Button [PWRF]
[    1.993632] Serial: 8250/16550 driver, 4 ports, IRQ sharing enabled
[    2.003650] 00:04: ttyS0 at I/O 0x3f8 (irq = 4, base_baud = 115200) is a 16550A
[    2.017518] Non-volatile memory driver v1.3
[    2.022834] Linux agpgart interface v0.103
[    2.078603] ACPI: bus type drm_connector registered
[    2.121544] loop: module loaded
[    2.125069] zram: Added device: zram0
[    2.138953] scsi host0: ata_piix
[    2.142445] scsi host1: ata_piix
[    2.147280] ata1: PATA max MWDMA2 cmd 0x1f0 ctl 0x3f6 bmdma 0xc040 irq 14 lpm-pol 0
[    2.155870] ata2: PATA max MWDMA2 cmd 0x170 ctl 0x376 bmdma 0xc048 irq 15 lpm-pol 0
[    2.162670] tun: Universal TUN/TAP device driver, 1.6
[    2.168223] e100: Intel(R) PRO/100 Network Driver
[    2.173962] e100: Copyright(c) 1999-2006 Intel Corporation
[    2.179507] e1000: Intel(R) PRO/1000 Network Driver
[    2.184644] e1000: Copyright (c) 1999-2006 Intel Corporation.
[    2.229186] ACPI: \_SB_.LNKC: Enabled at IRQ 11
[    2.325614] ata2: found unknown device (class 0)
[    2.342647] ata2.00: ATAPI: QEMU DVD-ROM, 2.5+, max UDMA/100
[    2.357092] scsi 1:0:0:0: CD-ROM            QEMU     QEMU DVD-ROM     2.5+ PQ: 0 ANSI: 5
[    2.400609] sr 1:0:0:0: [sr0] scsi3-mmc drive: 4x/4x cd/rw xa/form2 tray
[    2.408818] cdrom: Uniform CD-ROM driver Revision: 3.20
[    2.431913] sr 1:0:0:0: Attached scsi generic sg0 type 5
[    3.379672] e1000 0000:00:03.0 eth0: (PCI:33MHz:32-bit) 52:54:00:12:34:56
[    3.388322] e1000 0000:00:03.0 eth0: Intel(R) PRO/1000 Network Connection
[    3.392942] e1000e: Intel(R) PRO/1000 Network Driver
[    3.394750] e1000e: Copyright(c) 1999 - 2015 Intel Corporation.
[    3.396914] sky2: driver version 1.30
[    3.400936] usbcore: registered new interface driver usblp
[    3.407726] usbcore: registered new interface driver usb-storage
[    3.412944] i8042: PNP: PS/2 Controller [PNP0303:KBD,PNP0f13:MOU] at 0x60,0x64 irq 1,12
[    3.426747] serio: i8042 KBD port at 0x60,0x64 irq 1
[    3.431390] serio: i8042 AUX port at 0x60,0x64 irq 12
[    3.438526] rtc_cmos 00:05: RTC can wake from S4
[    3.448973] input: AT Translated Set 2 keyboard as /devices/platform/i8042/serio0/input/input1
[    3.452001] rtc_cmos 00:05: registered as rtc0
[    3.464616] rtc_cmos 00:05: alarms up to one day, y3k, 242 bytes nvram, hpet irqs
[    3.473378] device-mapper: ioctl: 4.50.0-ioctl (2025-04-28) initialised: dm-devel@lists.linux.dev
[    3.484407] intel_pstate: CPU model not supported
[    3.487996] hid: raw HID events driver (C) Jiri Kosina
[    3.496339] usbcore: registered new interface driver usbhid
[    3.501241] usbhid: USB HID core driver
[    3.515245] xt_time: kernel timezone is -0000
[    3.520829] Initializing XFRM netlink socket
[    3.525287] NET: Registered PF_INET6 protocol family
[    3.538659] Segment Routing with IPv6
[    3.542478] In-situ OAM (IOAM) with IPv6
[    3.548114] sit: IPv6, IPv4 and MPLS over IPv4 tunneling driver
[    3.553496] NET: Registered PF_PACKET protocol family
[    3.558435] NET: Registered PF_KEY protocol family
[    3.562879] 9pnet: Installing 9P2000 support
[    3.564913] Key type dns_resolver registered
[    3.568846] NET: Registered PF_VSOCK protocol family
[    3.583672] IPI shorthand broadcast: enabled
[    3.596199] sched_clock: Marking stable (2904057761, 691682065)->(4455266158, -859526332)
[    3.607093] registered taskstats version 1
[    3.612288] Loading compiled-in X.509 certificates
[    3.628504] Demotion targets for Node 0: null
[    3.631410] Key type .fscrypt registered
[    3.634250] Key type fscrypt-provisioning registered
[    3.640147] PM:   Magic number: 14:728:682
[    3.644622] netconsole: network logging started
[    3.649436] cfg80211: Loading compiled-in X.509 certificates for regulatory database
[    3.661490] kworker/u32:1 (96) used greatest stack depth: 13936 bytes left
[    3.667813] Loaded X.509 cert 'sforshee: 00b28ddf47aef9cea7'
[    3.676382] Loaded X.509 cert 'wens: 61c038651aabdcf94bd0ac7ff06c7248db18c600'
[    3.685145] faux_driver regulatory: Direct firmware load for regulatory.db failed with error -2
[    3.690225] ALSA device list:
[    3.693539] cfg80211: failed to load regulatory.db
[    3.697002]   No soundcards found.
[    3.697402] KTAP version 1
[    3.711959] 1..1
[    3.717736]     KTAP version 1
[    3.722129]     # Subtest: corten_arena
[    3.729569]     # module: corten_arena_test
[    3.729577]     1..134
[    3.747748] kunit_try_catch (101) used greatest stack depth: 13888 bytes left
[    3.756349]     ok 1 corten_arena_test_sweep_anon_resident
[    3.763298] corten_arena_op (105) used greatest stack depth: 13824 bytes left
[    3.780272]     ok 2 corten_arena_test_sweep_file_resident
[    3.786493]     ok 3 corten_arena_test_sweep_skip_taxonomy
[    3.796499]     ok 4 corten_arena_test_sweep_skip_special_mapping
[    3.809140]     ok 5 corten_arena_test_sweep_skip_brk
[    3.820519]     ok 6 corten_arena_test_sweep_empty_anon
[    3.829853]     ok 7 corten_arena_test_sweep_zero_page
[    3.841714]     ok 8 corten_arena_test_sweep_fork_flags
[    3.849396] kunit_try_catch (126) used greatest stack depth: 13664 bytes left
[    3.864743]     ok 9 corten_arena_test_sweep_fork_mirror
[    3.871898]     ok 10 corten_arena_test_sweep_file_exit
[    3.883402]     ok 11 corten_arena_test_sweep_mixed_frame_exit
[    3.898848]     ok 12 corten_arena_test_sweep_exit_refusal
[    3.919246]     ok 13 corten_arena_test_w7_frame_share_adopt
[    3.935414]     ok 14 corten_arena_test_w7_frame_share_fork
[    3.958595]     ok 15 corten_arena_test_w7_frame_share_exit
[    3.966768] input: ImExPS/2 Generic Explorer Mouse as /devices/platform/i8042/serio1/input/input3
[    3.983754]     ok 16 corten_arena_test_w7_frame_share_punch
[    3.988108]     ok 17 corten_arena_test_exec_default_off
[    3.995858]     ok 18 corten_arena_test_exec_default_enter
[    4.001041]     ok 19 corten_arena_test_declare_reject
[    4.009249]     ok 20 corten_arena_test_declare_reject_flags
[    4.017831]     ok 21 corten_arena_test_declare_query
[    4.024964]     ok 22 corten_arena_test_range_overlaps
[    4.039762]     ok 23 corten_arena_test_release
[    4.049926]     ok 24 corten_arena_test_ref_born_atomic
[    4.059447]     ok 25 corten_arena_test_release_classify
[    4.064238]     ok 26 corten_arena_test_shadow_vma
[    4.075517]     ok 27 corten_arena_test_exit
[    4.083302]     ok 28 corten_arena_test_prctl
[    4.092172]     ok 29 corten_arena_test_mode
[    4.100354]     ok 30 corten_arena_test_auto_classify
[    4.108422]     ok 31 corten_arena_test_auto_classify_file
[    4.117009]     ok 32 corten_arena_test_auto_place
[    4.133822]     ok 33 corten_arena_test_auto_route
[    4.153622]     ok 34 corten_arena_test_auto_attach_release
[    4.174945]     ok 35 corten_arena_test_file_lifecycle
[    4.181839] ------------[ cut here ]------------
[    4.187386] corten: VM_CORTEN vma reached zap_page_range_single()
[    4.195435] WARNING: CPU: 1 PID: 214 at mm/corten_arena.c:1992 corten_zap_single_guard+0x39/0x50
[    4.207907] Modules linked in:
[    4.211589] CPU: 1 UID: 0 PID: 214 Comm: kunit_try_catch Tainted: G                 N  6.18.32-g87220166a815-dirty #338 PREEMPT(voluntary) 
[    4.224587] Tainted: [N]=TEST
[    4.228111] Hardware name: QEMU Standard PC (i440FX + PIIX, 1996), BIOS 1.15.0-1 04/01/2014
[    4.234918] RIP: 0010:corten_zap_single_guard+0x39/0x50
[    4.240737] Code: 05 24 a9 7a 02 0f b6 05 77 e6 d2 01 84 c0 74 05 e9 7c aa f8 00 c6 05 67 e6 d2 01 01 90 48 c7 c7 98 13 0b b3 e8 78 35 cf ff 90 <0f> 0b 90 90 b8 01 00 00 00 e9 59 aa f8 00 66 0f 1f 84 00 00 00 00
[    4.259605] RSP: 0000:ffffa3b7807b7d60 EFLAGS: 00010282
[    4.263036] RAX: 0000000000000000 RBX: 0000000000000003 RCX: 00000000ffffdfff
[    4.267011] RDX: 0000000000000000 RSI: 00000000ffffffea RDI: 0000000000000001
[    4.273576] RBP: ffff9718c2413600 R08: ffffffffb353e6c8 R09: 00000000ffffdfff
[    4.283374] R10: ffffffffb345e6e0 R11: ffffffffb350e6e0 R12: 0000000001801000
[    4.290074] R13: 0000000000001000 R14: 0000000000000000 R15: ffff9718c2413600
[    4.298864] FS:  0000000000000000(0000) GS:ffff971989b99000(0000) knlGS:0000000000000000
[    4.304902] CS:  0010 DS: 0000 ES: 0000 CR0: 0000000080050033
[    4.310840] CR2: 0000000000000000 CR3: 0000000023630002 CR4: 0000000000770ef0
[    4.317682] PKRU: 55555554
[    4.321404] Call Trace:
[    4.322982]  <TASK>
[    4.326166]  zap_page_range_single+0x1c/0x50
[    4.331311]  corten_arena_test_truncate_route+0xd8e/0x1dc0
[    4.335349]  ? finish_task_switch.isra.0+0x76/0x250
[    4.339671]  ? __pfx_kunit_generic_run_threadfn_adapter+0x10/0x10
[    4.345051]  kunit_try_run_case+0x6f/0x150
[    4.349571]  ? __pfx_kunit_generic_run_threadfn_adapter+0x10/0x10
[    4.358822]  kunit_generic_run_threadfn_adapter+0x1c/0x40
[    4.364553]  kthread+0xff/0x1f0
[    4.368551]  ? __pfx_kthread+0x10/0x10
[    4.369857]  ? __pfx_kthread+0x10/0x10
[    4.375070]  ret_from_fork+0x144/0x160
[    4.382194]  ? __pfx_kthread+0x10/0x10
[    4.388423]  ret_from_fork_asm+0x1a/0x30
[    4.394161]  </TASK>
[    4.397565] ---[ end trace 0000000000000000 ]---
[    4.401244] ------------[ cut here ]------------
[    4.405155] corten: VM_CORTEN vma in a mapping i_mmap walk (stale node)
[    4.414426] WARNING: CPU: 1 PID: 214 at mm/corten_arena.c:1963 corten_arena_imap_stale_guard+0x39/0x50
[    4.426812] Modules linked in:
[    4.430435] CPU: 1 UID: 0 PID: 214 Comm: kunit_try_catch Tainted: G        W        N  6.18.32-g87220166a815-dirty #338 PREEMPT(voluntary) 
[    4.436621] Tainted: [W]=WARN, [N]=TEST
[    4.441131] Hardware name: QEMU Standard PC (i440FX + PIIX, 1996), BIOS 1.15.0-1 04/01/2014
[    4.448187] RIP: 0010:corten_arena_imap_stale_guard+0x39/0x50
[    4.452043] Code: 05 7c a9 7a 02 0f b6 05 d8 e6 d2 01 84 c0 74 05 c3 cc cc cc cc c6 05 c8 e6 d2 01 01 90 48 c7 c7 58 13 0b b3 e8 d8 35 cf ff 90 <0f> 0b 90 90 b8 01 00 00 00 c3 cc cc cc cc 66 0f 1f 84 00 00 00 00
[    4.461151] RSP: 0000:ffffa3b7807b7d88 EFLAGS: 00010282
[    4.463002] RAX: 0000000000000000 RBX: 0000000000000003 RCX: 00000000ffffdfff
[    4.465469] RDX: 0000000000000000 RSI: 00000000ffffffea RDI: 0000000000000001
[    4.468090] RBP: ffff9718c40b3400 R08: ffffffffb353e6c8 R09: 00000000ffffdfff
[    4.472781] R10: ffffffffb345e6e0 R11: ffffffffb350e6e0 R12: ffff9718c2410100
[    4.475121] R13: ffff9718c1b05f60 R14: ffffa3b780013a88 R15: ffff9718c2413600
[    4.477650] FS:  0000000000000000(0000) GS:ffff971989b99000(0000) knlGS:0000000000000000
[    4.485632] CS:  0010 DS: 0000 ES: 0000 CR0: 0000000080050033
[    4.491607] CR2: 0000000000000000 CR3: 0000000023630002 CR4: 0000000000770ef0
[    4.497304] PKRU: 55555554
[    4.498184] Call Trace:
[    4.499017]  <TASK>
[    4.499727]  corten_arena_test_truncate_route+0xecc/0x1dc0
[    4.501514]  ? finish_task_switch.isra.0+0x76/0x250
[    4.503102]  ? __pfx_kunit_generic_run_threadfn_adapter+0x10/0x10
[    4.505043]  kunit_try_run_case+0x6f/0x150
[    4.506324]  ? __pfx_kunit_generic_run_threadfn_adapter+0x10/0x10
[    4.508365]  kunit_generic_run_threadfn_adapter+0x1c/0x40
[    4.510050]  kthread+0xff/0x1f0
[    4.511090]  ? __pfx_kthread+0x10/0x10
[    4.512947]  ? __pfx_kthread+0x10/0x10
[    4.515961]  ret_from_fork+0x144/0x160
[    4.517267]  ? __pfx_kthread+0x10/0x10
[    4.519809]  ret_from_fork_asm+0x1a/0x30
[    4.524013]  </TASK>
[    4.526325] ---[ end trace 0000000000000000 ]---
[    4.532264] kunit_try_catch (214) used greatest stack depth: 13456 bytes left
[    4.536244]     ok 36 corten_arena_test_truncate_route
[    4.550832]     ok 37 corten_arena_test_registry_inval
[    4.563616]     ok 38 corten_arena_test_file_read
[    4.574530] BUG: non-zero pgtables_bytes on freeing mm: 8192
[    4.592055]     ok 39 corten_arena_test_file_cow
[    4.595889] BUG: non-zero pgtables_bytes on freeing mm: 8192
[    4.606476] BUG: non-zero pgtables_bytes on freeing mm: 8192
[    4.616392] BUG: non-zero pgtables_bytes on freeing mm: 8192
[    4.627488]     ok 40 corten_arena_test_file_rmap_shared
[    4.631345] BUG: non-zero pgtables_bytes on freeing mm: 8192
[    4.646509]     ok 41 corten_arena_test_ttu_file_route
[    4.657623]     ok 42 corten_arena_test_ttu_declines
[    4.671945]     ok 43 corten_arena_test_file_fork_mirror
[    4.684066]     ok 44 corten_arena_test_file_fork_cow
[    4.696392] BUG: non-zero pgtables_bytes on freeing mm: 8192
[    4.706661]     ok 45 corten_arena_test_file_fork_pinned
[    4.709901] BUG: non-zero pgtables_bytes on freeing mm: 8192
[    4.726611]     ok 46 corten_arena_test_file_hugetlb_route
[    4.729987] BUG: non-zero pgtables_bytes on freeing mm: 8192
[    4.744905] BUG: non-zero pgtables_bytes on freeing mm: 8192
[    4.753960]     ok 47 corten_arena_test_mag_recycle
[    4.756231] BUG: non-zero pgtables_bytes on freeing mm: 8192
[    4.768240]     ok 48 corten_arena_test_mag_marker
[    4.776089]     ok 49 corten_arena_test_pool_reuse
[    4.785014] BUG: non-zero pgtables_bytes on freeing mm: 8192
[    4.802725] BUG: non-zero pgtables_bytes on freeing mm: 8192
[    4.818860] BUG: non-zero pgtables_bytes on freeing mm: 8192
[    4.843702]     ok 50 corten_arena_test_pool_limit
[    4.851575]     ok 51 corten_arena_test_pool_mode_exit
[    4.860599]     ok 52 corten_arena_test_pool_fork
[    4.870256]     ok 53 corten_arena_test_noreplace_parked
[    4.882100]     ok 54 corten_arena_test_noreplace_active
[    4.898563]     ok 55 corten_arena_test_mapfixed_over_parked
[    4.917176]     ok 56 corten_arena_test_explicit_anon_region
[    4.937781]     ok 57 corten_arena_test_explicit_file_region
[    4.957092]     ok 58 corten_arena_test_occupied_incl_idle
[    4.966975] ------------[ cut here ]------------
[    4.980868] corten: foreign vma in parked window 800000-1000000
[    4.988087] WARNING: CPU: 5 PID: 326 at mm/corten_arena.c:12356 corten_arena_pool_reactivate+0x16d/0x180
[    5.003070] Modules linked in:
[    5.007000] CPU: 5 UID: 0 PID: 326 Comm: kunit_try_catch Tainted: G        W        N  6.18.32-g87220166a815-dirty #338 PREEMPT(voluntary) 
[    5.020140] Tainted: [W]=WARN, [N]=TEST
[    5.027940] Hardware name: QEMU Standard PC (i440FX + PIIX, 1996), BIOS 1.15.0-1 04/01/2014
[    5.041863] RIP: 0010:corten_arena_pool_reactivate+0x16d/0x180
[    5.049710] Code: fd fe ff eb af 41 bc f4 ff ff ff eb a7 c6 05 b5 69 d2 01 01 90 48 8b 55 08 48 8b 75 00 48 c7 c7 c0 14 0b b3 e8 c4 b8 ce ff 90 <0f> 0b 90 90 eb b5 66 66 2e 0f 1f 84 00 00 00 00 00 66 90 90 90 90
[    5.076024] RSP: 0000:ffffa3b780b27d50 EFLAGS: 00010286
[    5.084801] RAX: 0000000000000000 RBX: 000000000000000b RCX: 00000000ffffdfff
[    5.092833] RDX: 0000000000000000 RSI: 00000000ffffffea RDI: 0000000000000001
[    5.099856] RBP: ffff9718c3911000 R08: ffffffffb353e6c8 R09: 00000000ffffdfff
[    5.105889] R10: ffffffffb345e6e0 R11: ffffffffb350e6e0 R12: 0000000000200073
[    5.112291] R13: ffff9718c2574700 R14: ffff9718c2552700 R15: 0000000000000800
[    5.122134] FS:  0000000000000000(0000) GS:ffff971989c99000(0000) knlGS:0000000000000000
[    5.133796] CS:  0010 DS: 0000 ES: 0000 CR0: 0000000080050033
[    5.139869] CR2: 0000000000000000 CR3: 0000000023630004 CR4: 0000000000770ef0
[    5.146891] PKRU: 55555554
[    5.150608] Call Trace:
[    5.153597]  <TASK>
[    5.156564]  corten_arena_auto_mmap_route+0x3f8/0x480
[    5.161010]  ? __pfx_kunit_generic_run_threadfn_adapter+0x10/0x10
[    5.167056]  corten_arena_test_p4_eject+0x1f6/0x6d0
[    5.172308]  ? finish_task_switch.isra.0+0x76/0x250
[    5.177999]  ? __pfx_kunit_generic_run_threadfn_adapter+0x10/0x10
[    5.181590]  kunit_try_run_case+0x6f/0x150
[    5.185971]  ? __pfx_kunit_generic_run_threadfn_adapter+0x10/0x10
[    5.192252]  kunit_generic_run_threadfn_adapter+0x1c/0x40
[    5.201233]  kthread+0xff/0x1f0
[    5.204573]  ? __pfx_kthread+0x10/0x10
[    5.207039]  ? __pfx_kthread+0x10/0x10
[    5.208761]  ret_from_fork+0x144/0x160
[    5.211276]  ? __pfx_kthread+0x10/0x10
[    5.213020]  ret_from_fork_asm+0x1a/0x30
[    5.216983]  </TASK>
[    5.218848] ---[ end trace 0000000000000000 ]---
[    5.227580] kunit_try_catch (326) used greatest stack depth: 13440 bytes left
[    5.229676]     ok 59 corten_arena_test_p4_eject
[    5.237009] BUG: non-zero pgtables_bytes on freeing mm: 12288
[    5.251421]     ok 60 corten_arena_test_hint_fence
[    5.254893]     ok 61 corten_arena_test_j1_hooks
[    5.265567] BUG: non-zero pgtables_bytes on freeing mm: 12288
[    5.280698]     ok 62 corten_arena_test_j1_self_exempt
[    5.283162]     ok 63 corten_arena_test_uffd_window_reject
[    5.289048]     ok 64 corten_arena_test_j1_implant_exempt
[    5.302330]     ok 65 corten_arena_test_fault_window_shorts
[    5.315762]     ok 66 corten_arena_test_inv_mv2_clean
[    5.319235] ------------[ cut here ]------------
[    5.330270] corten: INV-MV2 violated: 1 window vma(s) outside the implant registry (first at 100000200000)
[    5.340862] WARNING: CPU: 7 PID: 357 at mm/corten_arena.c:14060 corten_audit_j2_scan+0x1e9/0x200
[    5.349323] Modules linked in:
[    5.352699] CPU: 7 UID: 0 PID: 357 Comm: kunit_try_catch Tainted: G        W        N  6.18.32-g87220166a815-dirty #338 PREEMPT(voluntary) 
[    5.363129] Tainted: [W]=WARN, [N]=TEST
[    5.369693] Hardware name: QEMU Standard PC (i440FX + PIIX, 1996), BIOS 1.15.0-1 04/01/2014
[    5.377736] RIP: 0010:corten_audit_j2_scan+0x1e9/0x200
[    5.382041] Code: 5b 5d 41 5c 41 5d 41 5e 41 5f c3 cc cc cc cc c6 05 16 71 d3 01 01 90 48 c7 c7 f8 11 0b b3 4c 89 e2 44 89 ee e8 28 c0 cf ff 90 <0f> 0b 90 90 eb ad e8 8c 50 f8 00 66 66 2e 0f 1f 84 00 00 00 00 00
[    5.403802] RSP: 0000:ffffa3b780c1fd58 EFLAGS: 00010282
[    5.407355] RAX: 0000000000000000 RBX: ffff9718c25c61c0 RCX: 00000000ffffdfff
[    5.410677] RDX: 0000000000000000 RSI: 00000000ffffffea RDI: 0000000000000001
[    5.413048] RBP: 00003fffffffffff R08: ffffffffb353e6c8 R09: 00000000ffffdfff
[    5.416353] R10: ffffffffb345e6e0 R11: ffffffffb350e6e0 R12: 0000100000200000
[    5.424072] R13: 0000000000000001 R14: 0000000000000000 R15: 0000000000000000
[    5.427928] FS:  0000000000000000(0000) GS:ffff971989d19000(0000) knlGS:0000000000000000
[    5.435132] CS:  0010 DS: 0000 ES: 0000 CR0: 0000000080050033
[    5.441428] CR2: 0000000000000000 CR3: 0000000023630004 CR4: 0000000000770ef0
[    5.446479] PKRU: 55555554
[    5.447591] Call Trace:
[    5.449473]  <TASK>
[    5.451411]  ? vma_link+0x11f/0x1d0
[    5.453768]  corten_audit_j2_walk+0x55/0x70
[    5.457126]  corten_arena_test_inv_mv2_inject+0x121/0x740
[    5.463178]  ? finish_task_switch.isra.0+0x76/0x250
[    5.467783]  ? __pfx_kunit_generic_run_threadfn_adapter+0x10/0x10
[    5.475410]  kunit_try_run_case+0x6f/0x150
[    5.481018]  ? __pfx_kunit_generic_run_threadfn_adapter+0x10/0x10
[    5.489216]  kunit_generic_run_threadfn_adapter+0x1c/0x40
[    5.495079]  kthread+0xff/0x1f0
[    5.498379]  ? __pfx_kthread+0x10/0x10
[    5.502503]  ? __pfx_kthread+0x10/0x10
[    5.506602]  ret_from_fork+0x144/0x160
[    5.511391]  ? __pfx_kthread+0x10/0x10
[    5.515157]  ret_from_fork_asm+0x1a/0x30
[    5.518253]  </TASK>
[    5.520783] ---[ end trace 0000000000000000 ]---
[    5.528679]     ok 67 corten_arena_test_inv_mv2_inject
[    5.535026]     ok 68 corten_arena_test_inv_mv2_stale
[    5.553537]     ok 69 corten_arena_test_inv_mv2_implant_fork
[    5.572550]     ok 70 corten_arena_test_j2_triggers
[    5.593571]     ok 71 corten_arena_test_msync_window_segments
[    5.601876] get_swap_device: Bad swap file entry 400000000000077
[    5.616042] get_swap_device: Bad swap file entry 400000000000077
[    5.626566]     ok 72 corten_arena_test_mincore_route
[    5.635838]     ok 73 corten_arena_test_madvise_parked_terminal
[    5.646687]     ok 74 corten_arena_test_move_pages_window
[    5.659828]     ok 75 corten_arena_test_mvc_row_stream
[    5.672830]     ok 76 corten_arena_test_mvc_merge_first_row
[    5.687409]     ok 77 corten_arena_test_mvc_gup_probe
[    5.697862]     ok 78 corten_arena_test_w3_futex_gup_shapes
[    5.709446]     ok 79 corten_arena_test_w3_gup_chunk_promoted_perm
[    5.725881]     ok 80 corten_arena_test_w3_futex_key
[    5.740531]     ok 81 corten_arena_test_gup_loop_window
[    5.752979]     ok 82 corten_arena_test_gup_loop_legacy
[    5.761301] ------------[ cut here ]------------
[    5.773186] WARNING: CPU: 4 PID: 421 at mm/gup.c:144 try_grab_folio+0x6f/0x90
[    5.781579] Modules linked in:
[    5.786106] CPU: 4 UID: 0 PID: 421 Comm: kunit_try_catch Tainted: G        W        N  6.18.32-g87220166a815-dirty #338 PREEMPT(voluntary) 
[    5.799873] Tainted: [W]=WARN, [N]=TEST
[    5.804191] Hardware name: QEMU Standard PC (i440FX + PIIX, 1996), BIOS 1.15.0-1 04/01/2014
[    5.815435] RIP: 0010:try_grab_folio+0x6f/0x90
[    5.820177] Code: d6 be 22 00 00 00 48 c1 e8 3a 48 8b 3c c5 a0 17 15 b4 e8 d4 5f fe ff 31 c0 e9 0d 82 02 01 f0 01 77 34 31 c0 e9 02 82 02 01 90 <0f> 0b 90 b8 f4 ff ff ff c3 cc cc cc cc 89 f0 c1 e0 0a f0 01 47 34
[    5.838415] RSP: 0000:ffffa3b780e1fce8 EFLAGS: 00010246
[    5.843209] RAX: 0000000000000000 RBX: 00000000000000a0 RCX: ffffe52f00855c00
[    5.849278] RDX: 00000000000000a0 RSI: 0000000000000001 RDI: ffffe52f00855c00
[    5.857259] RBP: ffffa3b780e1fd80 R08: 8400000021570027 R09: fff0000000000fff
[    5.867109] R10: ffff97193dd2fac0 R11: 0000000000000000 R12: 0000000000000000
[    5.875216] R13: 0000100000000fff R14: ffff9718c4249a00 R15: 8400000000000027
[    5.882374] FS:  0000000000000000(0000) GS:ffff971989c59000(0000) knlGS:0000000000000000
[    5.888193] CS:  0010 DS: 0000 ES: 0000 CR0: 0000000080050033
[    5.898811] CR2: 0000000000000000 CR3: 0000000023630002 CR4: 0000000000770ef0
[    5.905678] PKRU: 55555554
[    5.910779] Call Trace:
[    5.912417]  <TASK>
[    5.917265]  corten_gup_window+0x34e/0x7a0
[    5.922023]  __access_remote_vm+0x189/0x520
[    5.930638]  corten_arena_test_remote_access_window+0x229/0x6d0
[    5.937364]  ? psi_task_switch+0x107/0x290
[    5.945207]  ? __pfx_kunit_generic_run_threadfn_adapter+0x10/0x10
[    5.950823]  kunit_try_run_case+0x6f/0x150
[    5.956098]  ? __pfx_kunit_generic_run_threadfn_adapter+0x10/0x10
[    5.967409]  kunit_generic_run_threadfn_adapter+0x1c/0x40
[    5.974456]  kthread+0xff/0x1f0
[    5.978816]  ? __pfx_kthread+0x10/0x10
[    5.983683]  ? __pfx_kthread+0x10/0x10
[    5.989299]  ret_from_fork+0x144/0x160
[    5.991745]  ? __pfx_kthread+0x10/0x10
[    5.994267]  ret_from_fork_asm+0x1a/0x30
[    5.998674]  </TASK>
[    6.002324] ---[ end trace 0000000000000000 ]---
[    6.006810]     # corten_arena_test_remote_access_window: EXPECTATION FAILED at mm/corten_arena_test.c:12933
[    6.006810]     Expected ret == 1, but
[    6.006810]         ret == 0 (0x0)
[    6.023298]     # corten_arena_test_remote_access_window: EXPECTATION FAILED at mm/corten_arena_test.c:12934
[    6.023298]     Expected corten_arena_test_remote_shorts() == shorts0, but
[    6.023298]         corten_arena_test_remote_shorts() == 1 (0x1)
[    6.023298]         shorts0 == 0 (0x0)
[    6.024612]     # corten_arena_test_remote_access_window: EXPECTATION FAILED at mm/corten_arena_test.c:12945
[    6.024612]     Expected corten_arena_test_remote_shorts() == shorts0 + 1, but
[    6.024612]         corten_arena_test_remote_shorts() == 2 (0x2)
[    6.024612]         shorts0 + 1 == 1 (0x1)
[    6.048712] kunit_try_catch (421) used greatest stack depth: 13328 bytes left
[    6.051256]     not ok 83 corten_arena_test_remote_access_window
[    6.082865]     # corten_arena_test_remote_poke_cow: EXPECTATION FAILED at mm/corten_arena_test.c:13009
[    6.082865]     Expected ret == 1, but
[    6.082865]         ret == 0 (0x0)
[    6.111091]     # corten_arena_test_remote_poke_cow: EXPECTATION FAILED at mm/corten_arena_test.c:13017
[    6.111091]     Expected back & 0xff == (u64)'X', but
[    6.111091]         back & 0xff == 67 (0x43)
[    6.111091]         (u64)'X' == 88 (0x58)
[    6.114427]     not ok 84 corten_arena_test_remote_poke_cow
[    6.145195]     # corten_arena_test_punch_bare_frame_pte: EXPECTATION FAILED at mm/corten_arena_test.c:13093
[    6.145195]     Expected corten_arena_test_pmd(mm, win1) == ((void *)0), but
[    6.145195]         corten_arena_test_pmd(mm, win1) == ffff9718c4812008
[    6.145195]         ((void *)0) == 0000000000000000
[    6.155878] BUG: non-zero pgtables_bytes on freeing mm: 12288
[    6.181910]     not ok 85 corten_arena_test_punch_bare_frame_pte
[    6.184471] BUG: non-zero pgtables_bytes on freeing mm: 8192
[    6.203020]     ok 86 corten_arena_test_mvc_smaps_pagemap
[    6.208603] get_swap_device: Bad swap file entry 40000000000005d
[    6.223433]     ok 87 corten_arena_test_exit_lifecycle
[    6.225895] BUG: non-zero pgtables_bytes on freeing mm: 8192
[    6.234609] BUG: non-zero pgtables_bytes on freeing mm: 8192
[    6.241801] ------------[ cut here ]------------
[    6.246104] WARNING: CPU: 6 PID: 439 at mm/corten_arena.c:917 corten_slot_insert+0x1c6/0x230
[    6.255603] Modules linked in:
[    6.256807] CPU: 6 UID: 0 PID: 439 Comm: corten_arena_op Tainted: G        W        N  6.18.32-g87220166a815-dirty #338 PREEMPT(voluntary) 
[    6.270018] Tainted: [W]=WARN, [N]=TEST
[    6.273289] Hardware name: QEMU Standard PC (i440FX + PIIX, 1996), BIOS 1.15.0-1 04/01/2014
[    6.283142] RIP: 0010:corten_slot_insert+0x1c6/0x230
[    6.288696] Code: 83 fa 02 0f 85 54 ff ff ff 48 3d 05 c0 ff ff 0f 86 48 ff ff ff 48 c1 f8 02 41 89 c5 85 c0 0f 84 3c ff ff ff e9 54 ff ff ff 90 <0f> 0b 90 41 bd ef ff ff ff 5b 5d 44 89 e8 41 5c 41 5d 41 5e 41 5f
[    6.304820] RSP: 0000:ffffa3b780eafbf8 EFLAGS: 00010246
[    6.306929] RAX: ffff9718c3911800 RBX: ffff9718c3911800 RCX: 0000000000000000
[    6.309743] RDX: ffff9718c3c886d8 RSI: 0000000000000001 RDI: ffff9718c4333540
[    6.312741] RBP: ffff9718c106b400 R08: 0000000000000000 R09: 00000000000000fc
[    6.315090] R10: ffff97193ddafac0 R11: 0000000000000009 R12: 0000100000000000
[    6.320324] R13: ffff9718c3911800 R14: ffff9718c2574b00 R15: 0000000000800001
[    6.327904] FS:  0000000000000000(0000) GS:ffff971989cd9000(0000) knlGS:0000000000000000
[    6.334946] CS:  0010 DS: 0000 ES: 0000 CR0: 0000000080050033
[    6.337121] CR2: 0000000000000000 CR3: 00000000047ab003 CR4: 0000000000770ef0
[    6.339863] PKRU: 55555554
[    6.341608] Call Trace:
[    6.344542]  <TASK>
[    6.345352]  corten_arena_mmap_punch_route+0x307/0x5f0
[    6.347443]  corten_arena_mmap_route+0x216/0x830
[    6.353077]  ? update_load_avg+0x6f/0x3c0
[    6.358008]  do_mmap+0x1f5/0x7d0
[    6.361386]  ? __pfx_corten_arena_test_op_thread+0x10/0x10
[    6.366390]  corten_arena_test_op_punch+0x76/0x100
[    6.370850]  corten_arena_test_op_thread+0x1c/0x40
[    6.375914]  kthread+0xff/0x1f0
[    6.379544]  ? __pfx_kthread+0x10/0x10
[    6.383062]  ? __pfx_kthread+0x10/0x10
[    6.387992]  ret_from_fork+0x144/0x160
[    6.391887]  ? __pfx_kthread+0x10/0x10
[    6.393547]  ret_from_fork_asm+0x1a/0x30
[    6.397597]  </TASK>
[    6.400292] ---[ end trace 0000000000000000 ]---
[    6.404557] corten_arena_op (439) used greatest stack depth: 13088 bytes left
[    6.418039] BUG: non-zero pgtables_bytes on freeing mm: 8192
[    6.447454]     ok 88 corten_arena_test_exit_punchfork
[    6.449170]     ok 89 corten_arena_test_exit_multi_segment
[    6.463246]     ok 90 corten_arena_test_vma_free_reuse
[    6.475583]     ok 91 corten_arena_test_inv_mv3
[    6.486206]     ok 92 corten_arena_test_fork_vma_free
[    6.496917]     ok 93 corten_arena_test_vma_free_shrink_pick
[    6.504771]     ok 94 corten_arena_test_carrier_shrink_pick
[    6.514474]     ok 95 corten_arena_test_auto_validate
[    6.523616] BUG: non-zero pgtables_bytes on freeing mm: 8192
[    6.536250]     ok 96 corten_arena_test_carrier_vma
[    6.543100]     ok 97 corten_arena_test_fork_punch_novma
[    6.551270] BUG: non-zero pgtables_bytes on freeing mm: 8192
[    6.570704]     ok 98 corten_arena_test_fork_redeclare_content
[    6.575403]     ok 99 corten_arena_test_region_record
[    6.583186]     ok 100 corten_arena_test_region_iter
[    6.593625] BUG: non-zero pgtables_bytes on freeing mm: 8192
[    6.600346]     ok 101 corten_arena_test_region_park
[    6.605476]     ok 102 corten_arena_test_region_fork
[    6.616186]     ok 103 corten_arena_test_mprotect_route
[    6.624965]     ok 104 corten_arena_test_protect_flags_kernel_gate
[    6.633760]     ok 105 corten_arena_test_madvise_route
[    6.642293] BUG: non-zero pgtables_bytes on freeing mm: 8192
[    6.678964]     ok 106 corten_arena_test_mremap_route
[    6.685327]     ok 107 corten_arena_test_fork_faithful
[    6.697344]     ok 108 corten_arena_test_fork_unwind
[    6.707005]     ok 109 corten_arena_test_fork_multipiece
[    6.717989]     ok 110 corten_arena_test_fork_perm
[    6.730172]     ok 111 corten_arena_test_inv7_shared_ro
[    6.737453]     ok 112 corten_arena_test_inv7_swapped
[    6.746128] get_swap_device: Bad swap file entry 400000000000077
[    6.754008] BUG: Bad rss-counter state mm:0000000049cb792a type:MM_SWAPENTS val:-1 Comm:kunit_try_catch Pid:543
[    6.763496]     ok 113 corten_arena_test_shrink_registry_count
[    6.766228]     ok 114 corten_arena_test_shrink_aging_two_pass
[    6.776895]     ok 115 corten_arena_test_shrink_rotation
[    6.784406] get_swap_device: Bad swap file entry 400000000000077
[    6.797391] get_swap_device: Bad swap file entry 400000000000077
[    6.802256]     ok 116 corten_arena_test_fork_swapped
[    6.808003] BUG: Bad rss-counter state mm:000000001a7dfc21 type:MM_SWAPENTS val:-1 Comm:corten_arena_op Pid:552
[    6.827719]     ok 117 corten_arena_test_fork_f2_gate
[   17.298177] ------------[ cut here ]------------
[   17.310193] corten: arena [800000,1000000) drain timed out: leaked transaction reference, leaking the descriptor
[   17.318838] WARNING: CPU: 5 PID: 554 at mm/corten_arena.c:1246 corten_arena_drain+0x6f/0x80
[   17.325861] Modules linked in:
[   17.329453] CPU: 5 UID: 0 PID: 554 Comm: kunit_try_catch Tainted: G        W        N  6.18.32-g87220166a815-dirty #338 PREEMPT(voluntary) 
[   17.344492] Tainted: [W]=WARN, [N]=TEST
[   17.349449] Hardware name: QEMU Standard PC (i440FX + PIIX, 1996), BIOS 1.15.0-1 04/01/2014
[   17.360328] RIP: 0010:corten_arena_drain+0x6f/0x80
[   17.366987] Code: c4 08 31 c0 5b c3 cc cc cc cc 88 44 24 07 c6 05 5b 76 d3 01 01 90 48 8b 53 08 48 8b 33 48 c7 c7 70 11 0b b3 e8 62 c5 cf ff 90 <0f> 0b 90 90 0f b6 44 24 07 eb b4 66 0f 1f 44 00 00 90 90 90 90 90
[   17.390499] RSP: 0000:ffffa3b781227d28 EFLAGS: 00010282
[   17.396799] RAX: 0000000000000000 RBX: ffff9718c3912e00 RCX: 00000000ffffdfff
[   17.404976] RDX: 0000000000000000 RSI: 00000000ffffffea RDI: 0000000000000001
[   17.411901] RBP: ffff9718c2575220 R08: ffffffffb353e6c8 R09: 00000000ffffdfff
[   17.420355] R10: ffffffffb345e6e0 R11: ffffffffb350e6e0 R12: ffff9718c2575218
[   17.429751] R13: ffff9718c2557500 R14: ffff9718c2575278 R15: ffff9718c3912e00
[   17.439321] FS:  0000000000000000(0000) GS:ffff971989c99000(0000) knlGS:0000000000000000
[   17.448525] CS:  0010 DS: 0000 ES: 0000 CR0: 0000000080050033
[   17.452864] CR2: 0000000000000000 CR3: 000000000463a002 CR4: 0000000000770ef0
[   17.459011] PKRU: 55555554
[   17.462727] Call Trace:
[   17.464077]  <TASK>
[   17.466055]  corten_arena_fork_begin+0x10a/0x1f0
[   17.468088]  corten_arena_test_fork_begin+0x59/0x140
[   17.472364]  corten_arena_test_fork_drain_leak+0x18a/0x800
[   17.477254]  ? psi_task_switch+0x107/0x290
[   17.480200]  ? finish_task_switch.isra.0+0x76/0x250
[   17.484269]  ? __pfx_kunit_generic_run_threadfn_adapter+0x10/0x10
[   17.490202]  kunit_try_run_case+0x6f/0x150
[   17.493117]  ? __pfx_kunit_generic_run_threadfn_adapter+0x10/0x10
[   17.496022]  kunit_generic_run_threadfn_adapter+0x1c/0x40
[   17.501540]  kthread+0xff/0x1f0
[   17.504221]  ? __pfx_kthread+0x10/0x10
[   17.508611]  ? __pfx_kthread+0x10/0x10
[   17.512542]  ret_from_fork+0x144/0x160
[   17.517495]  ? __pfx_kthread+0x10/0x10
[   17.522339]  ret_from_fork_asm+0x1a/0x30
[   17.527835]  </TASK>
[   17.531002] ---[ end trace 0000000000000000 ]---
[   17.540241]     # corten_arena_test_fork_drain_leak: Test should be marked slow (runtime: 10.711153278s)
[   17.541585]     ok 118 corten_arena_test_fork_drain_leak
[   17.557411]     ok 119 corten_arena_test_unshare_pin
[   17.563676]     ok 120 corten_arena_test_fork_reuse_exclusive
[   17.573445]     ok 121 corten_arena_test_gup_state1_uncommitted
[   17.581807]     ok 122 corten_arena_test_gup_state2_committed_rw
[   17.592266]     ok 123 corten_arena_test_gup_state3_fork_cow
[   17.597696] BUG: non-zero pgtables_bytes on freeing mm: 8192
[   17.608714]     ok 124 corten_arena_test_gup_state3b_downgrade_restore
[   17.612814]     ok 125 corten_arena_test_gup_state4_pin_zap
[   17.623658]     ok 126 corten_arena_test_concurrent
[   17.634018]     ok 127 corten_arena_test_concurrent_window
[   17.639267]     ok 128 corten_arena_test_obs_ledger
[   17.645257]     ok 129 corten_arena_test_drain_timeout_stat
[   17.648931]     ok 130 corten_arena_test_novma_rmap
[   17.658362]     ok 131 corten_arena_test_brk_delegation
[   17.668972]     ok 132 corten_arena_test_brk_region_route
[   17.682718]     ok 133 corten_arena_test_brk_region_exit
[   17.690555] ------------[ cut here ]------------
[   17.703927] corten: whitelist violated: 1 window vma(s) unclassified as shadow/implant
[   17.713516] WARNING: CPU: 7 PID: 605 at mm/corten_arena.c:14319 corten_whitelist_scan+0x358/0x370
[   17.724271] Modules linked in:
[   17.728235] CPU: 7 UID: 0 PID: 605 Comm: kunit_try_catch Tainted: G        W        N  6.18.32-g87220166a815-dirty #338 PREEMPT(voluntary) 
[   17.744749] Tainted: [W]=WARN, [N]=TEST
[   17.750768] Hardware name: QEMU Standard PC (i440FX + PIIX, 1996), BIOS 1.15.0-1 04/01/2014
[   17.763176] RIP: 0010:corten_whitelist_scan+0x358/0x370
[   17.770347] Code: f0 48 01 05 4a 3a 7b 02 80 3d fd 79 d3 01 00 75 86 c6 05 f4 79 d3 01 01 90 8b 74 24 04 48 c7 c7 f8 10 0b b3 e8 09 c9 cf ff 90 <0f> 0b 90 90 e9 64 ff ff ff e8 6a 59 f8 00 66 2e 0f 1f 84 00 00 00
[   17.797897] RSP: 0000:ffffa3b7813bfcd8 EFLAGS: 00010286
[   17.804804] RAX: 0000000000000000 RBX: 0000000000000000 RCX: 00000000ffffdfff
[   17.812914] RDX: 0000000000000000 RSI: 00000000ffffffea RDI: 0000000000000001
[   17.824148] RBP: ffff9718c25c1380 R08: ffffffffb353e6c8 R09: 00000000ffffdfff
[   17.834346] R10: ffffffffb345e6e0 R11: ffffffffb350e6e0 R12: 0000000000000007
[   17.844542] R13: 0000000000000001 R14: ffff9718c25aab00 R15: 0000000000000000
[   17.854011] FS:  0000000000000000(0000) GS:ffff971989d19000(0000) knlGS:0000000000000000
[   17.864986] CS:  0010 DS: 0000 ES: 0000 CR0: 0000000080050033
[   17.872978] CR2: 0000000000000000 CR3: 00000000045f5001 CR4: 0000000000770ef0
[   17.882609] PKRU: 55555554
[   17.887150] Call Trace:
[   17.888489]  <TASK>
[   17.891128]  corten_audit_whitelist_walk+0x5d/0x80
[   17.897192]  corten_arena_test_whitelist_audit+0x523/0xf10
[   17.904036]  ? __pfx_kunit_generic_run_threadfn_adapter+0x10/0x10
[   17.913822]  kunit_try_run_case+0x6f/0x150
[   17.919033]  ? __pfx_kunit_generic_run_threadfn_adapter+0x10/0x10
[   17.927648]  kunit_generic_run_threadfn_adapter+0x1c/0x40
[   17.933729]  kthread+0xff/0x1f0
[   17.938701]  ? __pfx_kthread+0x10/0x10
[   17.942118]  ? __pfx_kthread+0x10/0x10
[   17.944893]  ret_from_fork+0x144/0x160
[   17.949781]  ? __pfx_kthread+0x10/0x10
[   17.954006]  ret_from_fork_asm+0x1a/0x30
[   17.958179]  </TASK>
[   17.960977] ---[ end trace 0000000000000000 ]---
[   17.971025]     ok 134 corten_arena_test_whitelist_audit
[   17.971035] # corten_arena: pass:131 fail:3 skip:0 total:134
[   17.979304] # Totals: pass:131 fail:3 skip:0 total:134
[   17.986606] not ok 1 corten_arena
[   18.006280] check access for rdinit=/init failed: -2, ignoring
[   18.011898] md: Waiting for all devices to be available before autodetect
[   18.017091] md: If you don't use raid, use raid=noautodetect
[   18.020238] md: Autodetecting RAID arrays.
[   18.022575] md: autorun ...
[   18.024643] md: ... autorun DONE.
[   18.030738] /dev/root: Can't open blockdev
[   18.034912] VFS: Cannot open root device "" or unknown-block(0,0): error -6
[   18.039555] Please append a correct "root=" boot option; here are the available partitions:
[   18.043702] 0b00         1048575 sr0 
[   18.043708]  driver: sr
[   18.047540] List of all bdev filesystems:
[   18.050222]  ext3
[   18.050224]  ext2
[   18.050879]  ext4
[   18.051952]  vfat
[   18.052435]  msdos
[   18.054502]  iso9660
[   18.057632]  f2fs
[   18.058349]  erofs
[   18.060778] 
[   18.063239] Kernel panic - not syncing: VFS: Unable to mount root fs on unknown-block(0,0)
[   18.068806] CPU: 3 UID: 0 PID: 1 Comm: swapper/0 Tainted: G        W        N  6.18.32-g87220166a815-dirty #338 PREEMPT(voluntary) 
[   18.077720] Tainted: [W]=WARN, [N]=TEST
[   18.081239] Hardware name: QEMU Standard PC (i440FX + PIIX, 1996), BIOS 1.15.0-1 04/01/2014
[   18.085678] Call Trace:
[   18.086998]  <TASK>
[   18.087803]  vpanic+0x34f/0x360
[   18.090992]  panic+0x56/0x60
[   18.092827]  mount_root_generic+0x1ff/0x320
[   18.097821]  prepare_namespace+0x63/0x270
[   18.099571]  kernel_init_freeable+0x29f/0x2f0
[   18.103795]  ? __pfx_kernel_init+0x10/0x10
[   18.107983]  kernel_init+0x15/0x1c0
[   18.109208]  ret_from_fork+0x144/0x160
[   18.110742]  ? __pfx_kernel_init+0x10/0x10
[   18.113859]  ret_from_fork_asm+0x1a/0x30
[   18.116618]  </TASK>
[   18.124561] Kernel Offset: 0x30400000 from 0xffffffff81000000 (relocation range: 0xffffffff80000000-0xffffffffbfffffff)
