qemu-system-x86_64: warning: host doesn't support requested feature: CPUID.80000001H:ECX.svm [bit 2]
qemu-system-x86_64: warning: host doesn't support requested feature: CPUID.80000001H:ECX.svm [bit 2]
qemu-system-x86_64: warning: host doesn't support requested feature: CPUID.80000001H:ECX.svm [bit 2]
qemu-system-x86_64: warning: host doesn't support requested feature: CPUID.80000001H:ECX.svm [bit 2]
c[?7l[2J[0mSeaBIOS (version 1.15.0-1)


iPXE (https://ipxe.org) 00:03.0 CA00 PCI2.10 PnP PMM+7FF8B310+7FECB310 CA00
Press Ctrl-B to configure iPXE (PCI 00:03.0)...                                                                               


Booting from ROM...
c[?7l[2J[    0.000000] Linux version 6.18.32-g1284a235f751-dirty (ppw@vm) (gcc (Ubuntu 11.4.0-1ubuntu1~22.04.3) 11.4.0, GNU ld (GNU Binutils for Ubuntu) 2.38) #17 SMP PREEMPT_DYNAMIC Mon Sep 14 00:51:50 CST 2026
[    0.000000] Command line: console=ttyS0 panic=-1 kunit.filter_glob=corten
[    0.000000] x86/CPU: Model not found in latest microcode list
[    0.000000] BIOS-provided physical RAM map:
[    0.000000] BIOS-e820: [mem 0x0000000000000000-0x000000000009fbff] usable
[    0.000000] BIOS-e820: [mem 0x000000000009fc00-0x000000000009ffff] reserved
[    0.000000] BIOS-e820: [mem 0x00000000000f0000-0x00000000000fffff] reserved
[    0.000000] BIOS-e820: [mem 0x0000000000100000-0x000000007ffdffff] usable
[    0.000000] BIOS-e820: [mem 0x000000007ffe0000-0x000000007fffffff] reserved
[    0.000000] BIOS-e820: [mem 0x00000000feffc000-0x00000000feffffff] reserved
[    0.000000] BIOS-e820: [mem 0x00000000fffc0000-0x00000000ffffffff] reserved
[    0.000000] NX (Execute Disable) protection: active
[    0.000000] APIC: Static calls initialized
[    0.000000] SMBIOS 2.8 present.
[    0.000000] DMI: QEMU Standard PC (i440FX + PIIX, 1996), BIOS 1.15.0-1 04/01/2014
[    0.000000] DMI: Memory slots populated: 1/1
[    0.000000] Hypervisor detected: KVM
[    0.000000] last_pfn = 0x7ffe0 max_arch_pfn = 0x400000000
[    0.000000] kvm-clock: Using msrs 4b564d01 and 4b564d00
[    0.000005] kvm-clock: using sched offset of 1936473487 cycles
[    0.000029] clocksource: kvm-clock: mask: 0xffffffffffffffff max_cycles: 0x1cd42e4dffb, max_idle_ns: 881590591483 ns
[    0.000072] tsc: Detected 2419.200 MHz processor
[    0.003026] last_pfn = 0x7ffe0 max_arch_pfn = 0x400000000
[    0.003620] MTRR map: 4 entries (3 fixed + 1 variable; max 19), built from 8 variable MTRRs
[    0.003705] x86/PAT: Configuration [0-7]: WB  WC  UC- UC  WB  WP  UC- WT  
[    0.020409] found SMP MP-table at [mem 0x000f5ba0-0x000f5baf]
[    0.021360] ACPI: Early table checksum verification disabled
[    0.021582] ACPI: RSDP 0x00000000000F59E0 000014 (v00 BOCHS )
[    0.021720] ACPI: RSDT 0x000000007FFE1A1C 000034 (v01 BOCHS  BXPC     00000001 BXPC 00000001)
[    0.021816] ACPI: FACP 0x000000007FFE18B8 000074 (v01 BOCHS  BXPC     00000001 BXPC 00000001)
[    0.021930] ACPI: DSDT 0x000000007FFE0040 001878 (v01 BOCHS  BXPC     00000001 BXPC 00000001)
[    0.021938] ACPI: FACS 0x000000007FFE0000 000040
[    0.021943] ACPI: APIC 0x000000007FFE192C 000090 (v01 BOCHS  BXPC     00000001 BXPC 00000001)
[    0.021949] ACPI: HPET 0x000000007FFE19BC 000038 (v01 BOCHS  BXPC     00000001 BXPC 00000001)
[    0.021955] ACPI: WAET 0x000000007FFE19F4 000028 (v01 BOCHS  BXPC     00000001 BXPC 00000001)
[    0.021959] ACPI: Reserving FACP table memory at [mem 0x7ffe18b8-0x7ffe192b]
[    0.021963] ACPI: Reserving DSDT table memory at [mem 0x7ffe0040-0x7ffe18b7]
[    0.021966] ACPI: Reserving FACS table memory at [mem 0x7ffe0000-0x7ffe003f]
[    0.021967] ACPI: Reserving APIC table memory at [mem 0x7ffe192c-0x7ffe19bb]
[    0.021969] ACPI: Reserving HPET table memory at [mem 0x7ffe19bc-0x7ffe19f3]
[    0.021970] ACPI: Reserving WAET table memory at [mem 0x7ffe19f4-0x7ffe1a1b]
[    0.025152] No NUMA configuration found
[    0.025492] Faking a node at [mem 0x0000000000000000-0x000000007ffdffff]
[    0.025505] NODE_DATA(0) allocated [mem 0x7ffdc140-0x7ffdffff]
[    0.026784] Zone ranges:
[    0.026786]   DMA      [mem 0x0000000000001000-0x0000000000ffffff]
[    0.026791]   DMA32    [mem 0x0000000001000000-0x000000007ffdffff]
[    0.026795]   Normal   empty
[    0.026797] Movable zone start for each node
[    0.026799] Early memory node ranges
[    0.026800]   node   0: [mem 0x0000000000001000-0x000000000009efff]
[    0.026824]   node   0: [mem 0x0000000000100000-0x000000007ffdffff]
[    0.026828] Initmem setup node 0 [mem 0x0000000000001000-0x000000007ffdffff]
[    0.027827] On node 0, zone DMA: 1 pages in unavailable ranges
[    0.029015] On node 0, zone DMA: 97 pages in unavailable ranges
[    0.197048] On node 0, zone DMA32: 32 pages in unavailable ranges
[    0.199475] ACPI: PM-Timer IO Port: 0x608
[    0.199507] ACPI: LAPIC_NMI (acpi_id[0xff] dfl dfl lint[0x1])
[    0.201367] IOAPIC[0]: apic_id 0, version 17, address 0xfec00000, GSI 0-23
[    0.201380] ACPI: INT_SRC_OVR (bus 0 bus_irq 0 global_irq 2 dfl dfl)
[    0.201385] ACPI: INT_SRC_OVR (bus 0 bus_irq 5 global_irq 5 high level)
[    0.201388] ACPI: INT_SRC_OVR (bus 0 bus_irq 9 global_irq 9 high level)
[    0.201455] ACPI: INT_SRC_OVR (bus 0 bus_irq 10 global_irq 10 high level)
[    0.201459] ACPI: INT_SRC_OVR (bus 0 bus_irq 11 global_irq 11 high level)
[    0.201468] ACPI: Using ACPI (MADT) for SMP configuration information
[    0.201471] ACPI: HPET id: 0x8086a201 base: 0xfed00000
[    0.201493] CPU topo: Max. logical packages:   1
[    0.201495] CPU topo: Max. logical dies:       1
[    0.201496] CPU topo: Max. dies per package:   1
[    0.201506] CPU topo: Max. threads per core:   1
[    0.201657] CPU topo: Num. cores per package:     4
[    0.201660] CPU topo: Num. threads per package:   4
[    0.201661] CPU topo: Allowing 4 present CPUs plus 0 hotplug CPUs
[    0.201776] kvm-guest: APIC: eoi() replaced with kvm_guest_apic_eoi_write()
[    0.204273] PM: hibernation: Registered nosave memory: [mem 0x00000000-0x00000fff]
[    0.204283] PM: hibernation: Registered nosave memory: [mem 0x0009f000-0x000fffff]
[    0.204288] [mem 0x80000000-0xfeffbfff] available for PCI devices
[    0.204313] Booting paravirtualized kernel on KVM
[    0.204337] clocksource: refined-jiffies: mask: 0xffffffff max_cycles: 0xffffffff, max_idle_ns: 1910969940391419 ns
[    0.224075] setup_percpu: NR_CPUS:64 nr_cpumask_bits:4 nr_cpu_ids:4 nr_node_ids:1
[    0.235671] percpu: Embedded 52 pages/cpu s174808 r8192 d29992 u524288
[    0.236024] Kernel command line: console=ttyS0 panic=-1 kunit.filter_glob=corten
[    0.236138] printk: log buffer data + meta data: 262144 + 917504 = 1179648 bytes
[    0.245653] Dentry cache hash table entries: 262144 (order: 9, 2097152 bytes, linear)
[    0.264042] Inode-cache hash table entries: 131072 (order: 8, 1048576 bytes, linear)
[    0.265914] Fallback order for Node 0: 0 
[    0.265917] Built 1 zonelists, mobility grouping on.  Total pages: 524158
[    0.265919] Policy zone: DMA32
[    0.265921] mem auto-init: stack:off, heap alloc:off, heap free:off
[    0.275905] SLUB: HWalign=64, Order=0-3, MinObjects=0, CPUs=4, Nodes=1
[    0.276267] Kernel/User page tables isolation: enabled
[    0.286716] Dynamic Preempt: voluntary
[    0.288797] rcu: Preemptible hierarchical RCU implementation.
[    0.288800] rcu: 	RCU event tracing is enabled.
[    0.288800] rcu: 	RCU restricting CPUs from NR_CPUS=64 to nr_cpu_ids=4.
[    0.288802] 	Trampoline variant of Tasks RCU enabled.
[    0.288802] 	Tracing variant of Tasks RCU enabled.
[    0.288803] rcu: RCU calculated value of scheduler-enlistment delay is 100 jiffies.
[    0.288804] rcu: Adjusting geometry for rcu_fanout_leaf=16, nr_cpu_ids=4
[    0.288835] RCU Tasks: Setting shift to 2 and lim to 1 rcu_task_cb_adjust=1 rcu_task_cpu_ids=4.
[    0.288837] RCU Tasks Trace: Setting shift to 2 and lim to 1 rcu_task_cb_adjust=1 rcu_task_cpu_ids=4.
[    0.302058] NR_IRQS: 4352, nr_irqs: 456, preallocated irqs: 16
[    0.303246] rcu: srcu_init: Setting srcu_struct sizes based on contention.
[    0.376318] Console: colour VGA+ 80x25
[    0.376834] printk: legacy console [ttyS0] enabled
[    0.975701] ACPI: Core revision 20250807
[    0.980463] clocksource: hpet: mask: 0xffffffff max_cycles: 0xffffffff, max_idle_ns: 19112604467 ns
[    0.992886] APIC: Switch to symmetric I/O mode setup
[    1.006992] x2apic enabled
[    1.014139] APIC: Switched APIC routing to: physical x2apic
[    1.034884] ..TIMER: vector=0x30 apic1=0 pin1=2 apic2=-1 pin2=-1
[    1.042263] clocksource: tsc-early: mask: 0xffffffffffffffff max_cycles: 0x22df1149949, max_idle_ns: 440795312789 ns
[    1.050526] Calibrating delay loop (skipped) preset value.. 4838.40 BogoMIPS (lpj=2419200)
[    1.055521] Last level iTLB entries: 4KB 0, 2MB 0, 4MB 0
[    1.055534] Last level dTLB entries: 4KB 0, 2MB 0, 4MB 0, 1GB 0
[    1.056662] mitigations: Enabled attack vectors: user_kernel, user_user, SMT mitigations: auto
[    1.057582] Speculative Store Bypass: Vulnerable
[    1.058525] Spectre V2 : Mitigation: Retpolines
[    1.059541] ITS: Mitigation: Aligned branch/return thunks
[    1.060537] MDS: Vulnerable: Clear CPU buffers attempted, no microcode
[    1.061527] Spectre V1 : Mitigation: usercopy/swapgs barriers and __user pointer sanitization
[    1.063526] Spectre V2 : Spectre v2 / SpectreRSB: Filling RSB on context switch and VMEXIT
[    1.064532] active return thunk: its_return_thunk
[    1.066692] x86/fpu: x87 FPU will use FXSAVE
[    1.170574] Freeing SMP alternatives memory: 56K
[    1.171546] pid_max: default: 32768 minimum: 301
[    1.172586] LSM: initializing lsm=capability,selinux
[    1.173539] SELinux:  Initializing.
[    1.175704] Mount-cache hash table entries: 4096 (order: 3, 32768 bytes, linear)
[    1.176651] Mountpoint-cache hash table entries: 4096 (order: 3, 32768 bytes, linear)
[    1.263333] smpboot: CPU0: Intel QEMU Virtual CPU version 2.5+ (family: 0xf, model: 0x6b, stepping: 0x1)
[    1.265705] Performance Events: unsupported Netburst CPU model 107 no PMU driver, software events only.
[    1.268324] signal: max sigframe size: 1440
[    1.269649] rcu: Hierarchical SRCU implementation.
[    1.270524] rcu: 	Max phase no-delay instances is 400.
[    1.273186] Timer migration: 1 hierarchy levels; 8 children per group; 1 crossnode level
[    1.282770] smp: Bringing up secondary CPUs ...
[    1.286440] smpboot: x86: Booting SMP configuration:
[    1.286544] .... node  #0, CPUs:      #1 #2 #3
[    1.309712] smp: Brought up 1 node, 4 CPUs
[    1.311535] smpboot: Total of 4 processors activated (19353.60 BogoMIPS)
[    1.315003] Memory: 2011108K/2096632K available (18919K kernel code, 2960K rwdata, 7980K rodata, 3040K init, 2292K bss, 80412K reserved, 0K cma-reserved)
[    1.317616] devtmpfs: initialized
[    1.323580] clocksource: jiffies: mask: 0xffffffff max_cycles: 0xffffffff, max_idle_ns: 1911260446275000 ns
[    1.324557] posixtimers hash table entries: 2048 (order: 3, 32768 bytes, linear)
[    1.327051] futex hash table entries: 1024 (65536 bytes on 1 NUMA nodes, total 64 KiB, linear).
[    1.329521] PM: RTC time: 16:54:16, date: 2026-09-13
[    1.332652] NET: Registered PF_NETLINK/PF_ROUTE protocol family
[    1.334813] audit: initializing netlink subsys (disabled)
[    1.336525] audit: type=2000 audit(1789318455.946:1): state=initialized audit_enabled=0 res=1
[    1.336686] thermal_sys: Registered thermal governor 'step_wise'
[    1.338563] cpuidle: using governor menu
[    1.344521] PCI: Using configuration type 1 for base access
[    1.344769] kprobes: kprobe jump-optimization is enabled. All kprobes are optimized if possible.
[    1.350527] HugeTLB: registered 2.00 MiB page size, pre-allocated 0 pages
[    1.356528] HugeTLB: 28 KiB vmemmap can be freed for a 2.00 MiB page
[    1.362776] ACPI: Added _OSI(Module Device)
[    1.364655] ACPI: Added _OSI(Processor Device)
[    1.368533] ACPI: Added _OSI(Processor Aggregator Device)
[    1.376381] ACPI: 1 ACPI AML tables successfully acquired and loaded
[    1.401930] ACPI: Interpreter enabled
[    1.403569] ACPI: PM: (supports S0 S3 S4 S5)
[    1.404542] ACPI: Using IOAPIC for interrupt routing
[    1.405580] PCI: Using host bridge windows from ACPI; if necessary, use "pci=nocrs" and report a bug
[    1.406525] PCI: Using E820 reservations for host bridge windows
[    1.408860] ACPI: Enabled 2 GPEs in block 00 to 0F
[    1.418891] ACPI: PCI Root Bridge [PCI0] (domain 0000 [bus 00-ff])
[    1.419530] acpi PNP0A03:00: _OSC: OS supports [ASPM ClockPM Segments MSI HPX-Type3]
[    1.420541] acpi PNP0A03:00: _OSC: not requesting OS control; OS requires [ExtendedConfig ASPM ClockPM MSI]
[    1.421548] acpi PNP0A03:00: fail to add MMCONFIG information, can't access extended configuration space under this bridge
[    1.423451] PCI host bridge to bus 0000:00
[    1.423529] pci_bus 0000:00: root bus resource [io  0x0000-0x0cf7 window]
[    1.424526] pci_bus 0000:00: root bus resource [io  0x0d00-0xffff window]
[    1.425525] pci_bus 0000:00: root bus resource [mem 0x000a0000-0x000bffff window]
[    1.426526] pci_bus 0000:00: root bus resource [mem 0x80000000-0xfebfffff window]
[    1.427527] pci_bus 0000:00: root bus resource [mem 0x100000000-0x17fffffff window]
[    1.428597] pci_bus 0000:00: root bus resource [bus 00-ff]
[    1.429830] pci 0000:00:00.0: [8086:1237] type 00 class 0x060000 conventional PCI endpoint
[    1.436521] pci 0000:00:01.0: [8086:7000] type 00 class 0x060100 conventional PCI endpoint
[    1.442131] pci 0000:00:01.1: [8086:7010] type 00 class 0x010180 conventional PCI endpoint
[    1.445521] pci 0000:00:01.1: BAR 4 [io  0xc040-0xc04f]
[    1.445856] pci 0000:00:01.1: BAR 0 [io  0x01f0-0x01f7]: legacy IDE quirk
[    1.446532] pci 0000:00:01.1: BAR 1 [io  0x03f6]: legacy IDE quirk
[    1.447539] pci 0000:00:01.1: BAR 2 [io  0x0170-0x0177]: legacy IDE quirk
[    1.448537] pci 0000:00:01.1: BAR 3 [io  0x0376]: legacy IDE quirk
[    1.451202] pci 0000:00:01.3: [8086:7113] type 00 class 0x068000 conventional PCI endpoint
[    1.454521] pci 0000:00:01.3: quirk: [io  0x0600-0x063f] claimed by PIIX4 ACPI
[    1.454631] pci 0000:00:01.3: quirk: [io  0x0700-0x070f] claimed by PIIX4 SMB
[    1.457803] pci 0000:00:02.0: [1234:1111] type 00 class 0x030000 conventional PCI endpoint
[    1.467147] pci 0000:00:02.0: BAR 0 [mem 0xfd000000-0xfdffffff pref]
[    1.469685] pci 0000:00:02.0: BAR 2 [mem 0xfebb0000-0xfebb0fff]
[    1.470775] pci 0000:00:02.0: ROM [mem 0xfeba0000-0xfebaffff pref]
[    1.475984] pci 0000:00:02.0: Video device with shadowed ROM at [mem 0x000c0000-0x000dffff]
[    1.492748] pci 0000:00:03.0: [8086:100e] type 00 class 0x020000 conventional PCI endpoint
[    1.496613] pci 0000:00:03.0: BAR 0 [mem 0xfeb80000-0xfeb9ffff]
[    1.498622] pci 0000:00:03.0: BAR 1 [io  0xc000-0xc03f]
[    1.500828] pci 0000:00:03.0: ROM [mem 0xfeb00000-0xfeb7ffff pref]
[    1.520610] ACPI: PCI: Interrupt link LNKA configured for IRQ 10
[    1.521678] ACPI: PCI: Interrupt link LNKB configured for IRQ 10
[    1.523856] ACPI: PCI: Interrupt link LNKC configured for IRQ 11
[    1.525853] ACPI: PCI: Interrupt link LNKD configured for IRQ 11
[    1.527642] ACPI: PCI: Interrupt link LNKS configured for IRQ 9
[    1.538554] iommu: Default domain type: Translated
[    1.539533] iommu: DMA domain TLB invalidation policy: lazy mode
[    1.547205] SCSI subsystem initialized
[    1.553129] ACPI: bus type USB registered
[    1.555026] usbcore: registered new interface driver usbfs
[    1.558311] usbcore: registered new interface driver hub
[    1.559620] usbcore: registered new device driver usb
[    1.561646] pps_core: LinuxPPS API ver. 1 registered
[    1.562528] pps_core: Software ver. 5.3.6 - Copyright 2005-2007 Rodolfo Giometti <giometti@linux.it>
[    1.563558] PTP clock support registered
[    1.568689] Advanced Linux Sound Architecture Driver Initialized.
[    1.576693] NetLabel: Initializing
[    1.577532] NetLabel:  domain hash size = 128
[    1.579531] NetLabel:  protocols = UNLABELED CIPSOv4 CALIPSO
[    1.581700] NetLabel:  unlabeled traffic allowed by default
[    1.585749] PCI: Using ACPI for IRQ routing
[    1.587833] pci 0000:00:02.0: vgaarb: setting as boot VGA device
[    1.588521] pci 0000:00:02.0: vgaarb: bridge control possible
[    1.588521] pci 0000:00:02.0: vgaarb: VGA device added: decodes=io+mem,owns=io+mem,locks=none
[    1.588527] vgaarb: loaded
[    1.591922] hpet: 3 channels of 0 reserved for per-cpu timers
[    1.593827] hpet0: at MMIO 0xfed00000, IRQs 2, 8, 0
[    1.594533] hpet0: 3 comparators, 64-bit 100.000000 MHz counter
[    1.602562] clocksource: Switched to clocksource kvm-clock
[    1.615083] VFS: Disk quotas dquot_6.6.0
[    1.619118] VFS: Dquot-cache hash table entries: 512 (order 0, 4096 bytes)
[    1.624838] pnp: PnP ACPI init
[    1.630266] pnp: PnP ACPI: found 6 devices
[    1.702498] clocksource: acpi_pm: mask: 0xffffff max_cycles: 0xffffff, max_idle_ns: 2085701024 ns
[    1.711582] NET: Registered PF_INET protocol family
[    1.719106] IP idents hash table entries: 32768 (order: 6, 262144 bytes, linear)
[    1.729942] tcp_listen_portaddr_hash hash table entries: 1024 (order: 2, 16384 bytes, linear)
[    1.737581] Table-perturb hash table entries: 65536 (order: 6, 262144 bytes, linear)
[    1.744180] TCP established hash table entries: 16384 (order: 5, 131072 bytes, linear)
[    1.753506] TCP bind hash table entries: 16384 (order: 7, 524288 bytes, linear)
[    1.763968] TCP: Hash tables configured (established 16384 bind 16384)
[    1.771865] UDP hash table entries: 1024 (order: 4, 65536 bytes, linear)
[    1.777634] UDP-Lite hash table entries: 1024 (order: 4, 65536 bytes, linear)
[    1.786156] NET: Registered PF_UNIX/PF_LOCAL protocol family
[    1.795849] RPC: Registered named UNIX socket transport module.
[    1.803783] RPC: Registered udp transport module.
[    1.809461] RPC: Registered tcp transport module.
[    1.814349] RPC: Registered tcp-with-tls transport module.
[    1.818420] RPC: Registered tcp NFSv4.1 backchannel transport module.
[    1.827814] pci_bus 0000:00: resource 4 [io  0x0000-0x0cf7 window]
[    1.834634] pci_bus 0000:00: resource 5 [io  0x0d00-0xffff window]
[    1.838827] pci_bus 0000:00: resource 6 [mem 0x000a0000-0x000bffff window]
[    1.845185] pci_bus 0000:00: resource 7 [mem 0x80000000-0xfebfffff window]
[    1.850467] pci_bus 0000:00: resource 8 [mem 0x100000000-0x17fffffff window]
[    1.856990] pci 0000:00:01.0: PIIX3: Enabling Passive Release
[    1.862476] pci 0000:00:00.0: Limiting direct PCI/PCI transfers
[    1.868071] PCI: CLS 0 bytes, default 64
[    1.872007] clocksource: tsc: mask: 0xffffffffffffffff max_cycles: 0x22df1149949, max_idle_ns: 440795312789 ns
[    1.888080] Initialise system trusted keyrings
[    1.894170] workingset: timestamp_bits=40 max_order=19 bucket_order=0
[    1.901792] NFS: Registering the id_resolver key type
[    1.906099] Key type id_resolver registered
[    1.909737] Key type id_legacy registered
[    1.914397] 9p: Installing v9fs 9p2000 file system support
[    1.971386] Key type asymmetric registered
[    1.975863] Asymmetric key parser 'x509' registered
[    1.980707] Block layer SCSI generic (bsg) driver version 0.4 loaded (major 251)
[    1.985494] io scheduler mq-deadline registered
[    1.987395] io scheduler kyber registered
[    1.993996] input: Power Button as /devices/LNXSYSTM:00/LNXPWRBN:00/input/input0
[    2.006934] ACPI: button: Power Button [PWRF]
[    2.015155] Serial: 8250/16550 driver, 4 ports, IRQ sharing enabled
[    2.023976] 00:04: ttyS0 at I/O 0x3f8 (irq = 4, base_baud = 115200) is a 16550A
[    2.049768] Non-volatile memory driver v1.3
[    2.053006] Linux agpgart interface v0.103
[    2.102199] ACPI: bus type drm_connector registered
[    2.144171] loop: module loaded
[    2.148655] zram: Added device: zram0
[    2.161756] scsi host0: ata_piix
[    2.168530] scsi host1: ata_piix
[    2.173589] ata1: PATA max MWDMA2 cmd 0x1f0 ctl 0x3f6 bmdma 0xc040 irq 14 lpm-pol 0
[    2.180259] ata2: PATA max MWDMA2 cmd 0x170 ctl 0x376 bmdma 0xc048 irq 15 lpm-pol 0
[    2.187472] e100: Intel(R) PRO/100 Network Driver
[    2.192980] e100: Copyright(c) 1999-2006 Intel Corporation
[    2.196822] e1000: Intel(R) PRO/1000 Network Driver
[    2.201870] e1000: Copyright (c) 1999-2006 Intel Corporation.
[    2.248256] ACPI: \_SB_.LNKC: Enabled at IRQ 11
[    2.349536] ata2: found unknown device (class 0)
[    2.355413] ata2.00: ATAPI: QEMU DVD-ROM, 2.5+, max UDMA/100
[    2.369571] scsi 1:0:0:0: CD-ROM            QEMU     QEMU DVD-ROM     2.5+ PQ: 0 ANSI: 5
[    2.417874] sr 1:0:0:0: [sr0] scsi3-mmc drive: 4x/4x cd/rw xa/form2 tray
[    2.427268] cdrom: Uniform CD-ROM driver Revision: 3.20
[    2.450023] sr 1:0:0:0: Attached scsi generic sg0 type 5
[    3.395179] e1000 0000:00:03.0 eth0: (PCI:33MHz:32-bit) 52:54:00:12:34:56
[    3.401488] e1000 0000:00:03.0 eth0: Intel(R) PRO/1000 Network Connection
[    3.407649] e1000e: Intel(R) PRO/1000 Network Driver
[    3.412959] e1000e: Copyright(c) 1999 - 2015 Intel Corporation.
[    3.419857] sky2: driver version 1.30
[    3.426000] usbcore: registered new interface driver usblp
[    3.431772] usbcore: registered new interface driver usb-storage
[    3.435077] i8042: PNP: PS/2 Controller [PNP0303:KBD,PNP0f13:MOU] at 0x60,0x64 irq 1,12
[    3.450646] serio: i8042 KBD port at 0x60,0x64 irq 1
[    3.455828] serio: i8042 AUX port at 0x60,0x64 irq 12
[    3.462953] rtc_cmos 00:05: RTC can wake from S4
[    3.474384] input: AT Translated Set 2 keyboard as /devices/platform/i8042/serio0/input/input1
[    3.476010] rtc_cmos 00:05: registered as rtc0
[    3.485321] rtc_cmos 00:05: alarms up to one day, y3k, 242 bytes nvram, hpet irqs
[    3.494773] device-mapper: ioctl: 4.50.0-ioctl (2025-04-28) initialised: dm-devel@lists.linux.dev
[    3.505667] intel_pstate: CPU model not supported
[    3.515765] hid: raw HID events driver (C) Jiri Kosina
[    3.524121] usbcore: registered new interface driver usbhid
[    3.529040] usbhid: USB HID core driver
[    3.540967] Initializing XFRM netlink socket
[    3.544845] NET: Registered PF_INET6 protocol family
[    3.557662] Segment Routing with IPv6
[    3.559689] In-situ OAM (IOAM) with IPv6
[    3.564586] sit: IPv6, IPv4 and MPLS over IPv4 tunneling driver
[    3.570002] NET: Registered PF_PACKET protocol family
[    3.575912] 9pnet: Installing 9P2000 support
[    3.579624] Key type dns_resolver registered
[    3.586695] IPI shorthand broadcast: enabled
[    3.596887] sched_clock: Marking stable (2863210951, 733234332)->(4258624345, -662179062)
[    3.605984] registered taskstats version 1
[    3.609558] Loading compiled-in X.509 certificates
[    3.622576] Demotion targets for Node 0: null
[    3.628252] PM:   Magic number: 10:583:944
[    3.631016] tty tty1: hash matches
[    3.632891] netconsole: network logging started
[    3.634327] cfg80211: Loading compiled-in X.509 certificates for regulatory database
[    3.640751] kworker/u16:1 (69) used greatest stack depth: 14272 bytes left
[    3.644190] Loaded X.509 cert 'sforshee: 00b28ddf47aef9cea7'
[    3.652003] Loaded X.509 cert 'wens: 61c038651aabdcf94bd0ac7ff06c7248db18c600'
[    3.658593] ALSA device list:
[    3.659904] faux_driver regulatory: Direct firmware load for regulatory.db failed with error -2
[    3.661859]   No soundcards found.
[    3.662252] KTAP version 1
[    3.670072] cfg80211: failed to load regulatory.db
[    3.673632] 1..1
[    3.683849]     KTAP version 1
[    3.687159]     # Subtest: corten
[    3.690297]     # module: corten_test
[    3.690300]     1..25
[    3.698747]     ok 1 corten_test_layout
[    3.702152]     ok 2 corten_test_ptdesc_get_put
[    3.709911]     ok 3 corten_test_meta_roundtrip
[    3.717562]     ok 4 corten_test_meta_reinit_cleared
[    3.723323]     ok 5 corten_test_covering_level
[    3.729800]     ok 6 corten_test_covering_base_index
[    3.735884]     ok 7 corten_test_txn_covering
[    3.742578]     ok 8 corten_test_txn_hole
[    3.746578]     ok 9 corten_test_txn_stale_eagain
[    3.752053]     ok 10 corten_test_lock_range_args
[    3.758903]     ok 11 corten_test_txn_state_machine
[    3.767516] kunit_try_catch (96) used greatest stack depth: 13960 bytes left
[    3.768561]     ok 12 corten_test_txn_atomic_validate
[    3.784034]     ok 13 corten_test_txn_real_glue
[    3.850188]     ok 14 corten_test_txn_mutex_overlap
[    3.890252]     ok 15 corten_test_txn_mutex_disjoint
[    3.895208]     ok 16 corten_test_fail_alloc
[    3.909315]     ok 17 corten_test_txn_hole_fill
[    3.923964]     ok 18 corten_test_txn_hole_race
[    3.992496] input: ImExPS/2 Generic Explorer Mouse as /devices/platform/i8042/serio1/input/input3
[   24.132944]     # corten_test_txn_uninstall_interlock: EXPECTATION FAILED at mm/corten_test.c:1718
[   24.132944]     Expected atomic_read(&c->a_locked) == 1, but
[   24.132944]         atomic_read(&c->a_locked) == 0 (0x0)
[   24.150611]     # corten_test_txn_uninstall_interlock: EXPECTATION FAILED at mm/corten_test.c:1719
[   24.150611]     Expected atomic_read(&c->violations) == 0, but
[   24.150611]         atomic_read(&c->violations) == 1 (0x1)
[   24.168421]     # corten_test_txn_uninstall_interlock: EXPECTATION FAILED at mm/corten_test.c:1728
[   24.168421]     Expected atomic_read(&c->a_err) == 0, but
[   24.168421]         atomic_read(&c->a_err) == 1 (0x1)
[   24.182515]     # corten_test_txn_uninstall_interlock: EXPECTATION FAILED at mm/corten_test.c:1729
[   24.182515]     Expected atomic_read(&c->violations) == 0, but
[   24.182515]         atomic_read(&c->violations) == 1 (0x1)
[   24.199227]     # corten_test_txn_uninstall_interlock: Test should be marked slow (runtime: 20.270270068s)
[   24.201528]     not ok 19 corten_test_txn_uninstall_interlock
[   24.213255]     ok 20 corten_test_uninstall_bh_ctx
[   24.216933] ------------[ cut here ]------------
[   24.225353] WARNING: CPU: 0 PID: 123 at mm/corten.c:829 corten_txn_begin+0x191/0x4b0
[   24.236909] Modules linked in:
[   24.240952] CPU: 0 UID: 0 PID: 123 Comm: kunit_try_catch Tainted: G                 N  6.18.32-g1284a235f751-dirty #17 PREEMPT(voluntary) 
[   24.263922] Tainted: [N]=TEST
[   24.268275] Hardware name: QEMU Standard PC (i440FX + PIIX, 1996), BIOS 1.15.0-1 04/01/2014
[   24.273508] RIP: 0010:corten_txn_begin+0x191/0x4b0
[   24.276535] Code: 02 00 00 4c 89 ff 48 89 04 24 e8 8a 15 d8 00 4c 89 ff e8 92 17 d8 00 48 8b 04 24 41 0f b6 4f 25 38 48 25 0f 87 65 ff ff ff 90 <0f> 0b 90 41 80 7e 48 04 0f 86 61 ff ff ff 90 0f 0b 90 48 89 c7 e8
[   24.291724] RSP: 0000:ffffb618004c7da0 EFLAGS: 00010246
[   24.298360] RAX: ffff92b2030ca180 RBX: 0000000000000fff RCX: 0000000000000002
[   24.304450] RDX: 0000000000000003 RSI: 000000000000003e RDI: ffff92b20309c000
[   24.310043] RBP: 0000000000000000 R08: ffff92b2011cda00 R09: ffffb618004c7e00
[   24.315671] R10: ffffb618004c7d58 R11: ffffe5ba400c3380 R12: ffffffff8a232010
[   24.322101] R13: ffff92b2011cda00 R14: ffffb618004c7e00 R15: ffff92b2030ca1c0
[   24.328658] FS:  0000000000000000(0000) GS:ffff92b2f2677000(0000) knlGS:0000000000000000
[   24.337596] CS:  0010 DS: 0000 ES: 0000 CR0: 0000000080050033
[   24.343343] CR2: ffff92b21b801000 CR3: 000000001aa30000 CR4: 00000000000006f0
[   24.349522] Call Trace:
[   24.351869]  <TASK>
[   24.354462]  ? __pfx_kunit_generic_run_threadfn_adapter+0x10/0x10
[   24.358779]  corten_test_txn_path_overflow+0xb5/0x2a0
[   24.363709]  ? psi_task_switch+0x107/0x290
[   24.368305]  kunit_try_run_case+0x6f/0x150
[   24.372126]  ? __pfx_kunit_generic_run_threadfn_adapter+0x10/0x10
[   24.374418]  kunit_generic_run_threadfn_adapter+0x1c/0x40
[   24.376048]  kthread+0xff/0x1f0
[   24.379447]  ? __pfx_kthread+0x10/0x10
[   24.383137]  ? __pfx_kthread+0x10/0x10
[   24.387548]  ret_from_fork+0x144/0x160
[   24.390430]  ? __pfx_kthread+0x10/0x10
[   24.393698]  ret_from_fork_asm+0x1a/0x30
[   24.398690]  </TASK>
[   24.401444] ---[ end trace 0000000000000000 ]---
[   24.405495] ------------[ cut here ]------------
[   24.410086] WARNING: CPU: 0 PID: 123 at mm/corten.c:776 corten_txn_begin+0x1a0/0x4b0
[   24.416007] Modules linked in:
[   24.420134] CPU: 0 UID: 0 PID: 123 Comm: kunit_try_catch Tainted: G        W        N  6.18.32-g1284a235f751-dirty #17 PREEMPT(voluntary) 
[   24.432406] Tainted: [W]=WARN, [N]=TEST
[   24.434584] Hardware name: QEMU Standard PC (i440FX + PIIX, 1996), BIOS 1.15.0-1 04/01/2014
[   24.441385] RIP: 0010:corten_txn_begin+0x1a0/0x4b0
[   24.445185] Code: 4c 89 ff e8 92 17 d8 00 48 8b 04 24 41 0f b6 4f 25 38 48 25 0f 87 65 ff ff ff 90 0f 0b 90 41 80 7e 48 04 0f 86 61 ff ff ff 90 <0f> 0b 90 48 89 c7 e8 a5 f6 ff ff 41 0f b6 46 48 84 c0 74 28 83 e8
[   24.463942] RSP: 0000:ffffb618004c7da0 EFLAGS: 00010202
[   24.467687] RAX: ffff92b2030ca2c0 RBX: 0000000000000fff RCX: 0000000000000002
[   24.476085] RDX: 0000000000000003 RSI: 000000000000000e RDI: ffff92b20309c000
[   24.483292] RBP: 0000000000000000 R08: ffff92b2011cda00 R09: ffffb618004c7e00
[   24.487165] R10: ffffb618004c7d58 R11: ffffe5ba400c3380 R12: ffffffff8a232010
[   24.493209] R13: ffff92b2011cda00 R14: ffffb618004c7e00 R15: ffff92b2030ca0c0
[   24.497413] FS:  0000000000000000(0000) GS:ffff92b2f2677000(0000) knlGS:0000000000000000
[   24.504083] CS:  0010 DS: 0000 ES: 0000 CR0: 0000000080050033
[   24.508791] CR2: ffff92b21b801000 CR3: 000000001aa30000 CR4: 00000000000006f0
[   24.518512] Call Trace:
[   24.521657]  <TASK>
[   24.523637]  ? __pfx_kunit_generic_run_threadfn_adapter+0x10/0x10
[   24.530400]  corten_test_txn_path_overflow+0xb5/0x2a0
[   24.536712]  ? psi_task_switch+0x107/0x290
[   24.539508]  kunit_try_run_case+0x6f/0x150
[   24.543177]  ? __pfx_kunit_generic_run_threadfn_adapter+0x10/0x10
[   24.552308]  kunit_generic_run_threadfn_adapter+0x1c/0x40
[   24.558498]  kthread+0xff/0x1f0
[   24.561534]  ? __pfx_kthread+0x10/0x10
[   24.565505]  ? __pfx_kthread+0x10/0x10
[   24.569037]  ret_from_fork+0x144/0x160
[   24.573292]  ? __pfx_kthread+0x10/0x10
[   24.576479]  ret_from_fork_asm+0x1a/0x30
[   24.580498]  </TASK>
[   24.583045] ---[ end trace 0000000000000000 ]---
[   24.588147] kunit_try_catch (123) used greatest stack depth: 13520 bytes left
[   24.589422]     ok 21 corten_test_txn_path_overflow
[   24.598092]     ok 22 corten_test_txn_child_err
[   24.604936]     ok 23 corten_test_real_huge_leaf
[   24.612214]     ok 24 corten_test_full_window_atomic
[   24.619654]     ok 25 corten_test_debugfs_content
[   24.620924] # corten: pass:24 fail:1 skip:0 total:25
[   24.625059] # Totals: pass:24 fail:1 skip:0 total:25
[   24.628832] not ok 1 corten
[   24.642868] check access for rdinit=/init failed: -2, ignoring
[   24.647280] md: Waiting for all devices to be available before autodetect
[   24.651694] md: If you don't use raid, use raid=noautodetect
[   24.655163] md: Autodetecting RAID arrays.
[   24.657823] md: autorun ...
[   24.659541] md: ... autorun DONE.
[   24.663648] /dev/root: Can't open blockdev
[   24.667872] VFS: Cannot open root device "" or unknown-block(0,0): error -6
[   24.673400] Please append a correct "root=" boot option; here are the available partitions:
[   24.679538] 0b00         1048575 sr0 
[   24.679546]  driver: sr
[   24.683786] List of all bdev filesystems:
[   24.686343]  ext3
[   24.686347]  ext2
[   24.687781]  ext4
[   24.689175]  vfat
[   24.691781]  msdos
[   24.693372]  iso9660
[   24.695355] 
[   24.697981] Kernel panic - not syncing: VFS: Unable to mount root fs on unknown-block(0,0)
[   24.704775] CPU: 2 UID: 0 PID: 1 Comm: swapper/0 Tainted: G        W        N  6.18.32-g1284a235f751-dirty #17 PREEMPT(voluntary) 
[   24.714019] Tainted: [W]=WARN, [N]=TEST
[   24.718565] Hardware name: QEMU Standard PC (i440FX + PIIX, 1996), BIOS 1.15.0-1 04/01/2014
[   24.726214] Call Trace:
[   24.726796]  <TASK>
[   24.727305]  vpanic+0x34f/0x360
[   24.731736]  panic+0x56/0x60
[   24.732357]  mount_root_generic+0x1ff/0x320
[   24.734918]  prepare_namespace+0x63/0x270
[   24.737287]  kernel_init_freeable+0x29f/0x2f0
[   24.739280]  ? __pfx_kernel_init+0x10/0x10
[   24.742297]  kernel_init+0x15/0x1c0
[   24.744650]  ret_from_fork+0x144/0x160
[   24.747702]  ? __pfx_kernel_init+0x10/0x10
[   24.750596]  ret_from_fork_asm+0x1a/0x30
[   24.754644]  </TASK>
[   24.760093] Kernel Offset: 0x7e00000 from 0xffffffff81000000 (relocation range: 0xffffffff80000000-0xffffffffbfffffff)
