qemu-system-x86_64: warning: host doesn't support requested feature: CPUID.80000001H:ECX.svm [bit 2]
qemu-system-x86_64: warning: host doesn't support requested feature: CPUID.80000001H:ECX.svm [bit 2]
qemu-system-x86_64: warning: host doesn't support requested feature: CPUID.80000001H:ECX.svm [bit 2]
qemu-system-x86_64: warning: host doesn't support requested feature: CPUID.80000001H:ECX.svm [bit 2]
c[?7l[2J[0mSeaBIOS (version 1.15.0-1)


iPXE (https://ipxe.org) 00:03.0 CA00 PCI2.10 PnP PMM+7FF8B310+7FECB310 CA00
Press Ctrl-B to configure iPXE (PCI 00:03.0)...                                                                               


Booting from ROM...
c[?7l[2J[    0.000000] Linux version 6.18.32-g1284a235f751-dirty (ppw@vm) (gcc (Ubuntu 11.4.0-1ubuntu1~22.04.3) 11.4.0, GNU ld (GNU Binutils for Ubuntu) 2.38) #17 SMP PREEMPT_DYNAMIC Mon Sep 14 00:51:50 CST 2026
[    0.000000] Command line: console=ttyS0 panic=-1 kunit.filter_glob=corten
[    0.000000] x86/CPU: Model not found in latest microcode list
[    0.000000] BIOS-provided physical RAM map:
[    0.000000] BIOS-e820: [mem 0x0000000000000000-0x000000000009fbff] usable
[    0.000000] BIOS-e820: [mem 0x000000000009fc00-0x000000000009ffff] reserved
[    0.000000] BIOS-e820: [mem 0x00000000000f0000-0x00000000000fffff] reserved
[    0.000000] BIOS-e820: [mem 0x0000000000100000-0x000000007ffdffff] usable
[    0.000000] BIOS-e820: [mem 0x000000007ffe0000-0x000000007fffffff] reserved
[    0.000000] BIOS-e820: [mem 0x00000000feffc000-0x00000000feffffff] reserved
[    0.000000] BIOS-e820: [mem 0x00000000fffc0000-0x00000000ffffffff] reserved
[    0.000000] NX (Execute Disable) protection: active
[    0.000000] APIC: Static calls initialized
[    0.000000] SMBIOS 2.8 present.
[    0.000000] DMI: QEMU Standard PC (i440FX + PIIX, 1996), BIOS 1.15.0-1 04/01/2014
[    0.000000] DMI: Memory slots populated: 1/1
[    0.000000] Hypervisor detected: KVM
[    0.000000] last_pfn = 0x7ffe0 max_arch_pfn = 0x400000000
[    0.000000] kvm-clock: Using msrs 4b564d01 and 4b564d00
[    0.000004] kvm-clock: using sched offset of 2052177234 cycles
[    0.000028] clocksource: kvm-clock: mask: 0xffffffffffffffff max_cycles: 0x1cd42e4dffb, max_idle_ns: 881590591483 ns
[    0.000075] tsc: Detected 2419.200 MHz processor
[    0.003132] last_pfn = 0x7ffe0 max_arch_pfn = 0x400000000
[    0.003812] MTRR map: 4 entries (3 fixed + 1 variable; max 19), built from 8 variable MTRRs
[    0.003868] x86/PAT: Configuration [0-7]: WB  WC  UC- UC  WB  WP  UC- WT  
[    0.020943] found SMP MP-table at [mem 0x000f5ba0-0x000f5baf]
[    0.023342] ACPI: Early table checksum verification disabled
[    0.023512] ACPI: RSDP 0x00000000000F59E0 000014 (v00 BOCHS )
[    0.023651] ACPI: RSDT 0x000000007FFE1A1C 000034 (v01 BOCHS  BXPC     00000001 BXPC 00000001)
[    0.023791] ACPI: FACP 0x000000007FFE18B8 000074 (v01 BOCHS  BXPC     00000001 BXPC 00000001)
[    0.023910] ACPI: DSDT 0x000000007FFE0040 001878 (v01 BOCHS  BXPC     00000001 BXPC 00000001)
[    0.023918] ACPI: FACS 0x000000007FFE0000 000040
[    0.023924] ACPI: APIC 0x000000007FFE192C 000090 (v01 BOCHS  BXPC     00000001 BXPC 00000001)
[    0.023931] ACPI: HPET 0x000000007FFE19BC 000038 (v01 BOCHS  BXPC     00000001 BXPC 00000001)
[    0.023936] ACPI: WAET 0x000000007FFE19F4 000028 (v01 BOCHS  BXPC     00000001 BXPC 00000001)
[    0.023941] ACPI: Reserving FACP table memory at [mem 0x7ffe18b8-0x7ffe192b]
[    0.023946] ACPI: Reserving DSDT table memory at [mem 0x7ffe0040-0x7ffe18b7]
[    0.023949] ACPI: Reserving FACS table memory at [mem 0x7ffe0000-0x7ffe003f]
[    0.023951] ACPI: Reserving APIC table memory at [mem 0x7ffe192c-0x7ffe19bb]
[    0.023952] ACPI: Reserving HPET table memory at [mem 0x7ffe19bc-0x7ffe19f3]
[    0.023954] ACPI: Reserving WAET table memory at [mem 0x7ffe19f4-0x7ffe1a1b]
[    0.030386] No NUMA configuration found
[    0.030390] Faking a node at [mem 0x0000000000000000-0x000000007ffdffff]
[    0.030395] NODE_DATA(0) allocated [mem 0x7ffdc140-0x7ffdffff]
[    0.031681] Zone ranges:
[    0.031722]   DMA      [mem 0x0000000000001000-0x0000000000ffffff]
[    0.031725]   DMA32    [mem 0x0000000001000000-0x000000007ffdffff]
[    0.031727]   Normal   empty
[    0.031728] Movable zone start for each node
[    0.031729] Early memory node ranges
[    0.031729]   node   0: [mem 0x0000000000001000-0x000000000009efff]
[    0.031828]   node   0: [mem 0x0000000000100000-0x000000007ffdffff]
[    0.031830] Initmem setup node 0 [mem 0x0000000000001000-0x000000007ffdffff]
[    0.032553] On node 0, zone DMA: 1 pages in unavailable ranges
[    0.033815] On node 0, zone DMA: 97 pages in unavailable ranges
[    0.203091] On node 0, zone DMA32: 32 pages in unavailable ranges
[    0.205882] ACPI: PM-Timer IO Port: 0x608
[    0.205911] ACPI: LAPIC_NMI (acpi_id[0xff] dfl dfl lint[0x1])
[    0.207924] IOAPIC[0]: apic_id 0, version 17, address 0xfec00000, GSI 0-23
[    0.207937] ACPI: INT_SRC_OVR (bus 0 bus_irq 0 global_irq 2 dfl dfl)
[    0.207942] ACPI: INT_SRC_OVR (bus 0 bus_irq 5 global_irq 5 high level)
[    0.207945] ACPI: INT_SRC_OVR (bus 0 bus_irq 9 global_irq 9 high level)
[    0.207972] ACPI: INT_SRC_OVR (bus 0 bus_irq 10 global_irq 10 high level)
[    0.207976] ACPI: INT_SRC_OVR (bus 0 bus_irq 11 global_irq 11 high level)
[    0.207985] ACPI: Using ACPI (MADT) for SMP configuration information
[    0.207987] ACPI: HPET id: 0x8086a201 base: 0xfed00000
[    0.208005] CPU topo: Max. logical packages:   1
[    0.208007] CPU topo: Max. logical dies:       1
[    0.208008] CPU topo: Max. dies per package:   1
[    0.208018] CPU topo: Max. threads per core:   1
[    0.208041] CPU topo: Num. cores per package:     4
[    0.208043] CPU topo: Num. threads per package:   4
[    0.208044] CPU topo: Allowing 4 present CPUs plus 0 hotplug CPUs
[    0.208154] kvm-guest: APIC: eoi() replaced with kvm_guest_apic_eoi_write()
[    0.210077] PM: hibernation: Registered nosave memory: [mem 0x00000000-0x00000fff]
[    0.210088] PM: hibernation: Registered nosave memory: [mem 0x0009f000-0x000fffff]
[    0.210093] [mem 0x80000000-0xfeffbfff] available for PCI devices
[    0.210117] Booting paravirtualized kernel on KVM
[    0.210142] clocksource: refined-jiffies: mask: 0xffffffff max_cycles: 0xffffffff, max_idle_ns: 1910969940391419 ns
[    0.228280] setup_percpu: NR_CPUS:64 nr_cpumask_bits:4 nr_cpu_ids:4 nr_node_ids:1
[    0.238241] percpu: Embedded 52 pages/cpu s174808 r8192 d29992 u524288
[    0.238357] Kernel command line: console=ttyS0 panic=-1 kunit.filter_glob=corten
[    0.238452] printk: log buffer data + meta data: 262144 + 917504 = 1179648 bytes
[    0.246545] Dentry cache hash table entries: 262144 (order: 9, 2097152 bytes, linear)
[    0.265808] Inode-cache hash table entries: 131072 (order: 8, 1048576 bytes, linear)
[    0.266279] Fallback order for Node 0: 0 
[    0.266288] Built 1 zonelists, mobility grouping on.  Total pages: 524158
[    0.266292] Policy zone: DMA32
[    0.266296] mem auto-init: stack:off, heap alloc:off, heap free:off
[    0.276826] SLUB: HWalign=64, Order=0-3, MinObjects=0, CPUs=4, Nodes=1
[    0.277222] Kernel/User page tables isolation: enabled
[    0.288160] Dynamic Preempt: voluntary
[    0.289657] rcu: Preemptible hierarchical RCU implementation.
[    0.289661] rcu: 	RCU event tracing is enabled.
[    0.289663] rcu: 	RCU restricting CPUs from NR_CPUS=64 to nr_cpu_ids=4.
[    0.289668] 	Trampoline variant of Tasks RCU enabled.
[    0.289669] 	Tracing variant of Tasks RCU enabled.
[    0.289671] rcu: RCU calculated value of scheduler-enlistment delay is 100 jiffies.
[    0.289673] rcu: Adjusting geometry for rcu_fanout_leaf=16, nr_cpu_ids=4
[    0.289835] RCU Tasks: Setting shift to 2 and lim to 1 rcu_task_cb_adjust=1 rcu_task_cpu_ids=4.
[    0.289841] RCU Tasks Trace: Setting shift to 2 and lim to 1 rcu_task_cb_adjust=1 rcu_task_cpu_ids=4.
[    0.303291] NR_IRQS: 4352, nr_irqs: 456, preallocated irqs: 16
[    0.304492] rcu: srcu_init: Setting srcu_struct sizes based on contention.
[    0.378962] Console: colour VGA+ 80x25
[    0.379424] printk: legacy console [ttyS0] enabled
[    0.954006] ACPI: Core revision 20250807
[    0.959519] clocksource: hpet: mask: 0xffffffff max_cycles: 0xffffffff, max_idle_ns: 19112604467 ns
[    0.964591] APIC: Switch to symmetric I/O mode setup
[    0.971955] x2apic enabled
[    0.979674] APIC: Switched APIC routing to: physical x2apic
[    1.004277] ..TIMER: vector=0x30 apic1=0 pin1=2 apic2=-1 pin2=-1
[    1.010726] clocksource: tsc-early: mask: 0xffffffffffffffff max_cycles: 0x22df1149949, max_idle_ns: 440795312789 ns
[    1.019473] Calibrating delay loop (skipped) preset value.. 4838.40 BogoMIPS (lpj=2419200)
[    1.023792] Last level iTLB entries: 4KB 0, 2MB 0, 4MB 0
[    1.024472] Last level dTLB entries: 4KB 0, 2MB 0, 4MB 0, 1GB 0
[    1.025594] mitigations: Enabled attack vectors: user_kernel, user_user, SMT mitigations: auto
[    1.026620] Speculative Store Bypass: Vulnerable
[    1.027479] Spectre V2 : Mitigation: Retpolines
[    1.028482] ITS: Mitigation: Aligned branch/return thunks
[    1.029472] MDS: Vulnerable: Clear CPU buffers attempted, no microcode
[    1.030476] Spectre V1 : Mitigation: usercopy/swapgs barriers and __user pointer sanitization
[    1.031476] Spectre V2 : Spectre v2 / SpectreRSB: Filling RSB on context switch and VMEXIT
[    1.032477] active return thunk: its_return_thunk
[    1.033575] x86/fpu: x87 FPU will use FXSAVE
[    1.125742] Freeing SMP alternatives memory: 56K
[    1.126480] pid_max: default: 32768 minimum: 301
[    1.127502] LSM: initializing lsm=capability,selinux
[    1.128109] SELinux:  Initializing.
[    1.129150] Mount-cache hash table entries: 4096 (order: 3, 32768 bytes, linear)
[    1.129547] Mountpoint-cache hash table entries: 4096 (order: 3, 32768 bytes, linear)
[    1.202463] smpboot: CPU0: Intel QEMU Virtual CPU version 2.5+ (family: 0xf, model: 0x6b, stepping: 0x1)
[    1.205927] Performance Events: unsupported Netburst CPU model 107 no PMU driver, software events only.
[    1.207533] signal: max sigframe size: 1440
[    1.208720] rcu: Hierarchical SRCU implementation.
[    1.209487] rcu: 	Max phase no-delay instances is 400.
[    1.212167] Timer migration: 1 hierarchy levels; 8 children per group; 1 crossnode level
[    1.224836] smp: Bringing up secondary CPUs ...
[    1.227522] smpboot: x86: Booting SMP configuration:
[    1.228480] .... node  #0, CPUs:      #1 #2 #3
[    1.253651] smp: Brought up 1 node, 4 CPUs
[    1.255479] smpboot: Total of 4 processors activated (19353.60 BogoMIPS)
[    1.259741] Memory: 2011108K/2096632K available (18919K kernel code, 2960K rwdata, 7980K rodata, 3040K init, 2292K bss, 80412K reserved, 0K cma-reserved)
[    1.264878] devtmpfs: initialized
[    1.271608] clocksource: jiffies: mask: 0xffffffff max_cycles: 0xffffffff, max_idle_ns: 1911260446275000 ns
[    1.272500] posixtimers hash table entries: 2048 (order: 3, 32768 bytes, linear)
[    1.274614] futex hash table entries: 1024 (65536 bytes on 1 NUMA nodes, total 64 KiB, linear).
[    1.277340] PM: RTC time: 16:53:52, date: 2026-09-13
[    1.279799] NET: Registered PF_NETLINK/PF_ROUTE protocol family
[    1.280995] audit: initializing netlink subsys (disabled)
[    1.283503] audit: type=2000 audit(1789318432.354:1): state=initialized audit_enabled=0 res=1
[    1.284032] thermal_sys: Registered thermal governor 'step_wise'
[    1.285472] cpuidle: using governor menu
[    1.290246] PCI: Using configuration type 1 for base access
[    1.292759] kprobes: kprobe jump-optimization is enabled. All kprobes are optimized if possible.
[    1.299089] HugeTLB: registered 2.00 MiB page size, pre-allocated 0 pages
[    1.302472] HugeTLB: 28 KiB vmemmap can be freed for a 2.00 MiB page
[    1.310758] ACPI: Added _OSI(Module Device)
[    1.315477] ACPI: Added _OSI(Processor Device)
[    1.320473] ACPI: Added _OSI(Processor Aggregator Device)
[    1.327407] ACPI: 1 ACPI AML tables successfully acquired and loaded
[    1.350655] ACPI: Interpreter enabled
[    1.352516] ACPI: PM: (supports S0 S3 S4 S5)
[    1.353471] ACPI: Using IOAPIC for interrupt routing
[    1.354510] PCI: Using host bridge windows from ACPI; if necessary, use "pci=nocrs" and report a bug
[    1.355471] PCI: Using E820 reservations for host bridge windows
[    1.356589] ACPI: Enabled 2 GPEs in block 00 to 0F
[    1.367567] ACPI: PCI Root Bridge [PCI0] (domain 0000 [bus 00-ff])
[    1.368493] acpi PNP0A03:00: _OSC: OS supports [ASPM ClockPM Segments MSI HPX-Type3]
[    1.369482] acpi PNP0A03:00: _OSC: not requesting OS control; OS requires [ExtendedConfig ASPM ClockPM MSI]
[    1.370516] acpi PNP0A03:00: fail to add MMCONFIG information, can't access extended configuration space under this bridge
[    1.371825] PCI host bridge to bus 0000:00
[    1.372487] pci_bus 0000:00: root bus resource [io  0x0000-0x0cf7 window]
[    1.373466] pci_bus 0000:00: root bus resource [io  0x0d00-0xffff window]
[    1.374469] pci_bus 0000:00: root bus resource [mem 0x000a0000-0x000bffff window]
[    1.375476] pci_bus 0000:00: root bus resource [mem 0x80000000-0xfebfffff window]
[    1.376480] pci_bus 0000:00: root bus resource [mem 0x100000000-0x17fffffff window]
[    1.377559] pci_bus 0000:00: root bus resource [bus 00-ff]
[    1.378563] pci 0000:00:00.0: [8086:1237] type 00 class 0x060000 conventional PCI endpoint
[    1.385463] pci 0000:00:01.0: [8086:7000] type 00 class 0x060100 conventional PCI endpoint
[    1.388819] pci 0000:00:01.1: [8086:7010] type 00 class 0x010180 conventional PCI endpoint
[    1.391795] pci 0000:00:01.1: BAR 4 [io  0xc040-0xc04f]
[    1.392790] pci 0000:00:01.1: BAR 0 [io  0x01f0-0x01f7]: legacy IDE quirk
[    1.393475] pci 0000:00:01.1: BAR 1 [io  0x03f6]: legacy IDE quirk
[    1.394480] pci 0000:00:01.1: BAR 2 [io  0x0170-0x0177]: legacy IDE quirk
[    1.395481] pci 0000:00:01.1: BAR 3 [io  0x0376]: legacy IDE quirk
[    1.398746] pci 0000:00:01.3: [8086:7113] type 00 class 0x068000 conventional PCI endpoint
[    1.403148] pci 0000:00:01.3: quirk: [io  0x0600-0x063f] claimed by PIIX4 ACPI
[    1.403552] pci 0000:00:01.3: quirk: [io  0x0700-0x070f] claimed by PIIX4 SMB
[    1.406463] pci 0000:00:02.0: [1234:1111] type 00 class 0x030000 conventional PCI endpoint
[    1.419170] pci 0000:00:02.0: BAR 0 [mem 0xfd000000-0xfdffffff pref]
[    1.420516] pci 0000:00:02.0: BAR 2 [mem 0xfebb0000-0xfebb0fff]
[    1.421541] pci 0000:00:02.0: ROM [mem 0xfeba0000-0xfebaffff pref]
[    1.428561] pci 0000:00:02.0: Video device with shadowed ROM at [mem 0x000c0000-0x000dffff]
[    1.449164] pci 0000:00:03.0: [8086:100e] type 00 class 0x020000 conventional PCI endpoint
[    1.453561] pci 0000:00:03.0: BAR 0 [mem 0xfeb80000-0xfeb9ffff]
[    1.454490] pci 0000:00:03.0: BAR 1 [io  0xc000-0xc03f]
[    1.455789] pci 0000:00:03.0: ROM [mem 0xfeb00000-0xfeb7ffff pref]
[    1.470810] ACPI: PCI: Interrupt link LNKA configured for IRQ 10
[    1.472024] ACPI: PCI: Interrupt link LNKB configured for IRQ 10
[    1.473556] ACPI: PCI: Interrupt link LNKC configured for IRQ 11
[    1.474981] ACPI: PCI: Interrupt link LNKD configured for IRQ 11
[    1.476521] ACPI: PCI: Interrupt link LNKS configured for IRQ 9
[    1.485972] iommu: Default domain type: Translated
[    1.486472] iommu: DMA domain TLB invalidation policy: lazy mode
[    1.492880] SCSI subsystem initialized
[    1.500032] ACPI: bus type USB registered
[    1.501628] usbcore: registered new interface driver usbfs
[    1.502552] usbcore: registered new interface driver hub
[    1.504543] usbcore: registered new device driver usb
[    1.507200] pps_core: LinuxPPS API ver. 1 registered
[    1.507474] pps_core: Software ver. 5.3.6 - Copyright 2005-2007 Rodolfo Giometti <giometti@linux.it>
[    1.508497] PTP clock support registered
[    1.513546] Advanced Linux Sound Architecture Driver Initialized.
[    1.523592] NetLabel: Initializing
[    1.524473] NetLabel:  domain hash size = 128
[    1.525468] NetLabel:  protocols = UNLABELED CIPSOv4 CALIPSO
[    1.528519] NetLabel:  unlabeled traffic allowed by default
[    1.533523] PCI: Using ACPI for IRQ routing
[    1.536788] pci 0000:00:02.0: vgaarb: setting as boot VGA device
[    1.537463] pci 0000:00:02.0: vgaarb: bridge control possible
[    1.537463] pci 0000:00:02.0: vgaarb: VGA device added: decodes=io+mem,owns=io+mem,locks=none
[    1.537471] vgaarb: loaded
[    1.539469] hpet: 3 channels of 0 reserved for per-cpu timers
[    1.540558] hpet0: at MMIO 0xfed00000, IRQs 2, 8, 0
[    1.541466] hpet0: 3 comparators, 64-bit 100.000000 MHz counter
[    1.548576] clocksource: Switched to clocksource kvm-clock
[    1.555594] VFS: Disk quotas dquot_6.6.0
[    1.560148] VFS: Dquot-cache hash table entries: 512 (order 0, 4096 bytes)
[    1.572504] pnp: PnP ACPI init
[    1.577484] pnp: PnP ACPI: found 6 devices
[    1.638264] clocksource: acpi_pm: mask: 0xffffff max_cycles: 0xffffff, max_idle_ns: 2085701024 ns
[    1.645573] NET: Registered PF_INET protocol family
[    1.652287] IP idents hash table entries: 32768 (order: 6, 262144 bytes, linear)
[    1.664295] tcp_listen_portaddr_hash hash table entries: 1024 (order: 2, 16384 bytes, linear)
[    1.671300] Table-perturb hash table entries: 65536 (order: 6, 262144 bytes, linear)
[    1.679099] TCP established hash table entries: 16384 (order: 5, 131072 bytes, linear)
[    1.687750] TCP bind hash table entries: 16384 (order: 7, 524288 bytes, linear)
[    1.698302] TCP: Hash tables configured (established 16384 bind 16384)
[    1.703243] UDP hash table entries: 1024 (order: 4, 65536 bytes, linear)
[    1.710628] UDP-Lite hash table entries: 1024 (order: 4, 65536 bytes, linear)
[    1.718653] NET: Registered PF_UNIX/PF_LOCAL protocol family
[    1.728308] RPC: Registered named UNIX socket transport module.
[    1.734059] RPC: Registered udp transport module.
[    1.736192] RPC: Registered tcp transport module.
[    1.740273] RPC: Registered tcp-with-tls transport module.
[    1.745312] RPC: Registered tcp NFSv4.1 backchannel transport module.
[    1.753734] pci_bus 0000:00: resource 4 [io  0x0000-0x0cf7 window]
[    1.758303] pci_bus 0000:00: resource 5 [io  0x0d00-0xffff window]
[    1.764218] pci_bus 0000:00: resource 6 [mem 0x000a0000-0x000bffff window]
[    1.769780] pci_bus 0000:00: resource 7 [mem 0x80000000-0xfebfffff window]
[    1.775763] pci_bus 0000:00: resource 8 [mem 0x100000000-0x17fffffff window]
[    1.782293] pci 0000:00:01.0: PIIX3: Enabling Passive Release
[    1.787297] pci 0000:00:00.0: Limiting direct PCI/PCI transfers
[    1.793637] PCI: CLS 0 bytes, default 64
[    1.799059] clocksource: tsc: mask: 0xffffffffffffffff max_cycles: 0x22df1149949, max_idle_ns: 440795312789 ns
[    1.819168] Initialise system trusted keyrings
[    1.825432] workingset: timestamp_bits=40 max_order=19 bucket_order=0
[    1.834684] NFS: Registering the id_resolver key type
[    1.840304] Key type id_resolver registered
[    1.844605] Key type id_legacy registered
[    1.850577] 9p: Installing v9fs 9p2000 file system support
[    1.895333] Key type asymmetric registered
[    1.899108] Asymmetric key parser 'x509' registered
[    1.905538] Block layer SCSI generic (bsg) driver version 0.4 loaded (major 251)
[    1.912389] io scheduler mq-deadline registered
[    1.915730] io scheduler kyber registered
[    1.921912] input: Power Button as /devices/LNXSYSTM:00/LNXPWRBN:00/input/input0
[    1.929395] ACPI: button: Power Button [PWRF]
[    1.941871] Serial: 8250/16550 driver, 4 ports, IRQ sharing enabled
[    1.947827] 00:04: ttyS0 at I/O 0x3f8 (irq = 4, base_baud = 115200) is a 16550A
[    1.967808] Non-volatile memory driver v1.3
[    1.968882] Linux agpgart interface v0.103
[    2.003301] ACPI: bus type drm_connector registered
[    2.045428] loop: module loaded
[    2.051827] zram: Added device: zram0
[    2.060106] scsi host0: ata_piix
[    2.067272] scsi host1: ata_piix
[    2.071818] ata1: PATA max MWDMA2 cmd 0x1f0 ctl 0x3f6 bmdma 0xc040 irq 14 lpm-pol 0
[    2.078600] ata2: PATA max MWDMA2 cmd 0x170 ctl 0x376 bmdma 0xc048 irq 15 lpm-pol 0
[    2.087725] e100: Intel(R) PRO/100 Network Driver
[    2.091706] e100: Copyright(c) 1999-2006 Intel Corporation
[    2.096434] e1000: Intel(R) PRO/1000 Network Driver
[    2.101022] e1000: Copyright (c) 1999-2006 Intel Corporation.
[    2.146684] ACPI: \_SB_.LNKC: Enabled at IRQ 11
[    2.251609] ata2: found unknown device (class 0)
[    2.258288] ata2.00: ATAPI: QEMU DVD-ROM, 2.5+, max UDMA/100
[    2.287395] scsi 1:0:0:0: CD-ROM            QEMU     QEMU DVD-ROM     2.5+ PQ: 0 ANSI: 5
[    2.339236] sr 1:0:0:0: [sr0] scsi3-mmc drive: 4x/4x cd/rw xa/form2 tray
[    2.347067] cdrom: Uniform CD-ROM driver Revision: 3.20
[    2.376728] sr 1:0:0:0: Attached scsi generic sg0 type 5
[    3.308045] e1000 0000:00:03.0 eth0: (PCI:33MHz:32-bit) 52:54:00:12:34:56
[    3.315070] e1000 0000:00:03.0 eth0: Intel(R) PRO/1000 Network Connection
[    3.322301] e1000e: Intel(R) PRO/1000 Network Driver
[    3.327803] e1000e: Copyright(c) 1999 - 2015 Intel Corporation.
[    3.334811] sky2: driver version 1.30
[    3.341908] usbcore: registered new interface driver usblp
[    3.348226] usbcore: registered new interface driver usb-storage
[    3.354620] i8042: PNP: PS/2 Controller [PNP0303:KBD,PNP0f13:MOU] at 0x60,0x64 irq 1,12
[    3.370626] serio: i8042 KBD port at 0x60,0x64 irq 1
[    3.375191] serio: i8042 AUX port at 0x60,0x64 irq 12
[    3.383094] rtc_cmos 00:05: RTC can wake from S4
[    3.395351] input: AT Translated Set 2 keyboard as /devices/platform/i8042/serio0/input/input1
[    3.397565] rtc_cmos 00:05: registered as rtc0
[    3.405119] rtc_cmos 00:05: alarms up to one day, y3k, 242 bytes nvram, hpet irqs
[    3.417229] device-mapper: ioctl: 4.50.0-ioctl (2025-04-28) initialised: dm-devel@lists.linux.dev
[    3.435686] intel_pstate: CPU model not supported
[    3.443624] hid: raw HID events driver (C) Jiri Kosina
[    3.447873] usbcore: registered new interface driver usbhid
[    3.459309] usbhid: USB HID core driver
[    3.475075] Initializing XFRM netlink socket
[    3.481632] NET: Registered PF_INET6 protocol family
[    3.493539] Segment Routing with IPv6
[    3.497231] In-situ OAM (IOAM) with IPv6
[    3.502277] sit: IPv6, IPv4 and MPLS over IPv4 tunneling driver
[    3.508924] NET: Registered PF_PACKET protocol family
[    3.514418] 9pnet: Installing 9P2000 support
[    3.518243] Key type dns_resolver registered
[    3.528697] IPI shorthand broadcast: enabled
[    3.545717] sched_clock: Marking stable (2839082483, 705913954)->(4179396344, -634399907)
[    3.559342] registered taskstats version 1
[    3.578799] Loading compiled-in X.509 certificates
[    3.586246] Demotion targets for Node 0: null
[    3.589712] PM:   Magic number: 10:33:894
[    3.592006] netconsole: network logging started
[    3.593463] cfg80211: Loading compiled-in X.509 certificates for regulatory database
[    3.598085] kworker/u16:1 (70) used greatest stack depth: 14272 bytes left
[    3.599875] Loaded X.509 cert 'sforshee: 00b28ddf47aef9cea7'
[    3.608472] Loaded X.509 cert 'wens: 61c038651aabdcf94bd0ac7ff06c7248db18c600'
[    3.616181] faux_driver regulatory: Direct firmware load for regulatory.db failed with error -2
[    3.620601] ALSA device list:
[    3.623650] cfg80211: failed to load regulatory.db
[    3.626467]   No soundcards found.
[    3.626725] KTAP version 1
[    3.636652] 1..1
[    3.640668]     KTAP version 1
[    3.643922]     # Subtest: corten
[    3.646429]     # module: corten_test
[    3.646431]     1..25
[    3.652457]     ok 1 corten_test_layout
[    3.655951]     ok 2 corten_test_ptdesc_get_put
[    3.661405]     ok 3 corten_test_meta_roundtrip
[    3.664586]     ok 4 corten_test_meta_reinit_cleared
[    3.671639]     ok 5 corten_test_covering_level
[    3.684796]     ok 6 corten_test_covering_base_index
[    3.693575]     ok 7 corten_test_txn_covering
[    3.698679]     ok 8 corten_test_txn_hole
[    3.707624]     ok 9 corten_test_txn_stale_eagain
[    3.713259]     ok 10 corten_test_lock_range_args
[    3.719355]     ok 11 corten_test_txn_state_machine
[    3.725662]     ok 12 corten_test_txn_atomic_validate
[    3.734692]     ok 13 corten_test_txn_real_glue
[    3.795349]     ok 14 corten_test_txn_mutex_overlap
[    3.828285]     ok 15 corten_test_txn_mutex_disjoint
[    3.835570]     ok 16 corten_test_fail_alloc
[    3.842525] kunit_try_catch (111) used greatest stack depth: 14112 bytes left
[    3.843846]     ok 17 corten_test_txn_hole_fill
[    3.858436]     ok 18 corten_test_txn_hole_race
[    4.098844]     ok 19 corten_test_txn_uninstall_interlock
[    4.102883]     ok 20 corten_test_uninstall_bh_ctx
[    4.105716] input: ImExPS/2 Generic Explorer Mouse as /devices/platform/i8042/serio1/input/input3
[    4.106124] ------------[ cut here ]------------
[    4.115850] WARNING: CPU: 0 PID: 123 at mm/corten.c:829 corten_txn_begin+0x191/0x4b0
[    4.124826] Modules linked in:
[    4.127061] CPU: 0 UID: 0 PID: 123 Comm: kunit_try_catch Tainted: G                 N  6.18.32-g1284a235f751-dirty #17 PREEMPT(voluntary) 
[    4.137923] Tainted: [N]=TEST
[    4.140813] Hardware name: QEMU Standard PC (i440FX + PIIX, 1996), BIOS 1.15.0-1 04/01/2014
[    4.146631] RIP: 0010:corten_txn_begin+0x191/0x4b0
[    4.152217] Code: 02 00 00 4c 89 ff 48 89 04 24 e8 8a 15 d8 00 4c 89 ff e8 92 17 d8 00 48 8b 04 24 41 0f b6 4f 25 38 48 25 0f 87 65 ff ff ff 90 <0f> 0b 90 41 80 7e 48 04 0f 86 61 ff ff ff 90 0f 0b 90 48 89 c7 e8
[    4.169404] RSP: 0000:ffff9ee3c04bfda0 EFLAGS: 00010246
[    4.174705] RAX: ffff9090013e3fc0 RBX: 0000000000000fff RCX: 0000000000000002
[    4.181587] RDX: 0000000000000003 RSI: 000000000000002b RDI: ffff909002e7d000
[    4.187913] RBP: 0000000000000000 R08: ffff9090011e2400 R09: ffff9ee3c04bfe00
[    4.192174] R10: ffff9ee3c04bfd58 R11: fffff292c00bb6c0 R12: ffffffff91232010
[    4.200073] R13: ffff9090011e2400 R14: ffff9ee3c04bfe00 R15: ffff9090013e3f80
[    4.207954] FS:  0000000000000000(0000) GS:ffff9090eb677000(0000) knlGS:0000000000000000
[    4.217611] CS:  0010 DS: 0000 ES: 0000 CR0: 0000000080050033
[    4.223121] CR2: ffff909070c01000 CR3: 000000006fe30000 CR4: 00000000000006f0
[    4.229890] Call Trace:
[    4.232284]  <TASK>
[    4.235213]  ? __pfx_kunit_generic_run_threadfn_adapter+0x10/0x10
[    4.244513]  corten_test_txn_path_overflow+0xb5/0x2a0
[    4.249761]  ? psi_task_switch+0x107/0x290
[    4.255368]  kunit_try_run_case+0x6f/0x150
[    4.263045]  ? __pfx_kunit_generic_run_threadfn_adapter+0x10/0x10
[    4.270222]  kunit_generic_run_threadfn_adapter+0x1c/0x40
[    4.277472]  kthread+0xff/0x1f0
[    4.282345]  ? __pfx_kthread+0x10/0x10
[    4.285956]  ? __pfx_kthread+0x10/0x10
[    4.296268]  ret_from_fork+0x144/0x160
[    4.299573]  ? __pfx_kthread+0x10/0x10
[    4.302489]  ret_from_fork_asm+0x1a/0x30
[    4.306602]  </TASK>
[    4.309992] ---[ end trace 0000000000000000 ]---
[    4.314834] ------------[ cut here ]------------
[    4.318279] WARNING: CPU: 0 PID: 123 at mm/corten.c:776 corten_txn_begin+0x1a0/0x4b0
[    4.326262] Modules linked in:
[    4.329545] CPU: 0 UID: 0 PID: 123 Comm: kunit_try_catch Tainted: G        W        N  6.18.32-g1284a235f751-dirty #17 PREEMPT(voluntary) 
[    4.337166] Tainted: [W]=WARN, [N]=TEST
[    4.340421] Hardware name: QEMU Standard PC (i440FX + PIIX, 1996), BIOS 1.15.0-1 04/01/2014
[    4.346553] RIP: 0010:corten_txn_begin+0x1a0/0x4b0
[    4.350381] Code: 4c 89 ff e8 92 17 d8 00 48 8b 04 24 41 0f b6 4f 25 38 48 25 0f 87 65 ff ff ff 90 0f 0b 90 41 80 7e 48 04 0f 86 61 ff ff ff 90 <0f> 0b 90 48 89 c7 e8 a5 f6 ff ff 41 0f b6 46 48 84 c0 74 28 83 e8
[    4.367969] RSP: 0000:ffff9ee3c04bfda0 EFLAGS: 00010202
[    4.373373] RAX: ffff909002eda040 RBX: 0000000000000fff RCX: 0000000000000002
[    4.379795] RDX: 0000000000000003 RSI: 000000000000001b RDI: ffff909002e7d000
[    4.384823] RBP: 0000000000000000 R08: ffff9090011e2400 R09: ffff9ee3c04bfe00
[    4.390359] R10: ffff9ee3c04bfd58 R11: fffff292c00bb6c0 R12: ffffffff91232010
[    4.395455] R13: ffff9090011e2400 R14: ffff9ee3c04bfe00 R15: ffff909002eda000
[    4.401627] FS:  0000000000000000(0000) GS:ffff9090eb677000(0000) knlGS:0000000000000000
[    4.410120] CS:  0010 DS: 0000 ES: 0000 CR0: 0000000080050033
[    4.416015] CR2: ffff909070c01000 CR3: 000000006fe30000 CR4: 00000000000006f0
[    4.423188] Call Trace:
[    4.424385]  <TASK>
[    4.425099]  ? __pfx_kunit_generic_run_threadfn_adapter+0x10/0x10
[    4.430996]  corten_test_txn_path_overflow+0xb5/0x2a0
[    4.434930]  ? psi_task_switch+0x107/0x290
[    4.437239]  kunit_try_run_case+0x6f/0x150
[    4.440919]  ? __pfx_kunit_generic_run_threadfn_adapter+0x10/0x10
[    4.445437]  kunit_generic_run_threadfn_adapter+0x1c/0x40
[    4.452560]  kthread+0xff/0x1f0
[    4.456901]  ? __pfx_kthread+0x10/0x10
[    4.462819]  ? __pfx_kthread+0x10/0x10
[    4.468976]  ret_from_fork+0x144/0x160
[    4.473615]  ? __pfx_kthread+0x10/0x10
[    4.480438]  ret_from_fork_asm+0x1a/0x30
[    4.484809]  </TASK>
[    4.487432] ---[ end trace 0000000000000000 ]---
[    4.493806] kunit_try_catch (123) used greatest stack depth: 13520 bytes left
[    4.495549]     ok 21 corten_test_txn_path_overflow
[    4.502870]     ok 22 corten_test_txn_child_err
[    4.509624]     ok 23 corten_test_real_huge_leaf
[    4.515797]     ok 24 corten_test_full_window_atomic
[    4.522147]     ok 25 corten_test_debugfs_content
[    4.527539] # corten: pass:25 fail:0 skip:0 total:25
[    4.531849] # Totals: pass:25 fail:0 skip:0 total:25
[    4.537158] ok 1 corten
[    4.551703] check access for rdinit=/init failed: -2, ignoring
[    4.554108] md: Waiting for all devices to be available before autodetect
[    4.558058] md: If you don't use raid, use raid=noautodetect
[    4.563817] md: Autodetecting RAID arrays.
[    4.566942] md: autorun ...
[    4.569147] md: ... autorun DONE.
[    4.574632] /dev/root: Can't open blockdev
[    4.580199] VFS: Cannot open root device "" or unknown-block(0,0): error -6
[    4.585614] Please append a correct "root=" boot option; here are the available partitions:
[    4.592133] 0b00         1048575 sr0 
[    4.592141]  driver: sr
[    4.597554] List of all bdev filesystems:
[    4.601758]  ext3
[    4.601760]  ext2
[    4.602656]  ext4
[    4.605349]  vfat
[    4.607122]  msdos
[    4.607513]  iso9660
[    4.608350] 
[    4.610688] Kernel panic - not syncing: VFS: Unable to mount root fs on unknown-block(0,0)
[    4.612270] CPU: 1 UID: 0 PID: 1 Comm: swapper/0 Tainted: G        W        N  6.18.32-g1284a235f751-dirty #17 PREEMPT(voluntary) 
[    4.618773] Tainted: [W]=WARN, [N]=TEST
[    4.620932] Hardware name: QEMU Standard PC (i440FX + PIIX, 1996), BIOS 1.15.0-1 04/01/2014
[    4.624323] Call Trace:
[    4.624821]  <TASK>
[    4.625299]  vpanic+0x34f/0x360
[    4.628092]  panic+0x56/0x60
[    4.630136]  mount_root_generic+0x1ff/0x320
[    4.632819]  prepare_namespace+0x63/0x270
[    4.635429]  kernel_init_freeable+0x29f/0x2f0
[    4.638169]  ? __pfx_kernel_init+0x10/0x10
[    4.641762]  kernel_init+0x15/0x1c0
[    4.642843]  ret_from_fork+0x144/0x160
[    4.645086]  ? __pfx_kernel_init+0x10/0x10
[    4.647065]  ret_from_fork_asm+0x1a/0x30
[    4.648276]  </TASK>
[    4.653193] Kernel Offset: 0xee00000 from 0xffffffff81000000 (relocation range: 0xffffffff80000000-0xffffffffbfffffff)
