qemu-system-x86_64: warning: host doesn't support requested feature: CPUID.80000001H:ECX.svm [bit 2]
qemu-system-x86_64: warning: host doesn't support requested feature: CPUID.80000001H:ECX.svm [bit 2]
qemu-system-x86_64: warning: host doesn't support requested feature: CPUID.80000001H:ECX.svm [bit 2]
qemu-system-x86_64: warning: host doesn't support requested feature: CPUID.80000001H:ECX.svm [bit 2]
c[?7l[2J[0mSeaBIOS (version 1.15.0-1)


iPXE (https://ipxe.org) 00:03.0 CA00 PCI2.10 PnP PMM+7FF8B310+7FECB310 CA00
Press Ctrl-B to configure iPXE (PCI 00:03.0)...                                                                               


Booting from ROM...
c[?7l[2J[    0.000000] Linux version 6.18.32-g1284a235f751-dirty (ppw@vm) (gcc (Ubuntu 11.4.0-1ubuntu1~22.04.3) 11.4.0, GNU ld (GNU Binutils for Ubuntu) 2.38) #17 SMP PREEMPT_DYNAMIC Mon Sep 14 00:51:50 CST 2026
[    0.000000] Command line: console=ttyS0 panic=-1 kunit.filter_glob=corten
[    0.000000] x86/CPU: Model not found in latest microcode list
[    0.000000] BIOS-provided physical RAM map:
[    0.000000] BIOS-e820: [mem 0x0000000000000000-0x000000000009fbff] usable
[    0.000000] BIOS-e820: [mem 0x000000000009fc00-0x000000000009ffff] reserved
[    0.000000] BIOS-e820: [mem 0x00000000000f0000-0x00000000000fffff] reserved
[    0.000000] BIOS-e820: [mem 0x0000000000100000-0x000000007ffdffff] usable
[    0.000000] BIOS-e820: [mem 0x000000007ffe0000-0x000000007fffffff] reserved
[    0.000000] BIOS-e820: [mem 0x00000000feffc000-0x00000000feffffff] reserved
[    0.000000] BIOS-e820: [mem 0x00000000fffc0000-0x00000000ffffffff] reserved
[    0.000000] NX (Execute Disable) protection: active
[    0.000000] APIC: Static calls initialized
[    0.000000] SMBIOS 2.8 present.
[    0.000000] DMI: QEMU Standard PC (i440FX + PIIX, 1996), BIOS 1.15.0-1 04/01/2014
[    0.000000] DMI: Memory slots populated: 1/1
[    0.000000] Hypervisor detected: KVM
[    0.000000] last_pfn = 0x7ffe0 max_arch_pfn = 0x400000000
[    0.000000] kvm-clock: Using msrs 4b564d01 and 4b564d00
[    0.000001] kvm-clock: using sched offset of 1895923070 cycles
[    0.000010] clocksource: kvm-clock: mask: 0xffffffffffffffff max_cycles: 0x1cd42e4dffb, max_idle_ns: 881590591483 ns
[    0.000025] tsc: Detected 2419.200 MHz processor
[    0.002814] last_pfn = 0x7ffe0 max_arch_pfn = 0x400000000
[    0.003397] MTRR map: 4 entries (3 fixed + 1 variable; max 19), built from 8 variable MTRRs
[    0.003481] x86/PAT: Configuration [0-7]: WB  WC  UC- UC  WB  WP  UC- WT  
[    0.020858] found SMP MP-table at [mem 0x000f5ba0-0x000f5baf]
[    0.021820] ACPI: Early table checksum verification disabled
[    0.021991] ACPI: RSDP 0x00000000000F59E0 000014 (v00 BOCHS )
[    0.022164] ACPI: RSDT 0x000000007FFE1A1C 000034 (v01 BOCHS  BXPC     00000001 BXPC 00000001)
[    0.022268] ACPI: FACP 0x000000007FFE18B8 000074 (v01 BOCHS  BXPC     00000001 BXPC 00000001)
[    0.022386] ACPI: DSDT 0x000000007FFE0040 001878 (v01 BOCHS  BXPC     00000001 BXPC 00000001)
[    0.022394] ACPI: FACS 0x000000007FFE0000 000040
[    0.022400] ACPI: APIC 0x000000007FFE192C 000090 (v01 BOCHS  BXPC     00000001 BXPC 00000001)
[    0.022406] ACPI: HPET 0x000000007FFE19BC 000038 (v01 BOCHS  BXPC     00000001 BXPC 00000001)
[    0.022412] ACPI: WAET 0x000000007FFE19F4 000028 (v01 BOCHS  BXPC     00000001 BXPC 00000001)
[    0.022417] ACPI: Reserving FACP table memory at [mem 0x7ffe18b8-0x7ffe192b]
[    0.022421] ACPI: Reserving DSDT table memory at [mem 0x7ffe0040-0x7ffe18b7]
[    0.022423] ACPI: Reserving FACS table memory at [mem 0x7ffe0000-0x7ffe003f]
[    0.022425] ACPI: Reserving APIC table memory at [mem 0x7ffe192c-0x7ffe19bb]
[    0.022426] ACPI: Reserving HPET table memory at [mem 0x7ffe19bc-0x7ffe19f3]
[    0.022428] ACPI: Reserving WAET table memory at [mem 0x7ffe19f4-0x7ffe1a1b]
[    0.027224] No NUMA configuration found
[    0.027226] Faking a node at [mem 0x0000000000000000-0x000000007ffdffff]
[    0.027231] NODE_DATA(0) allocated [mem 0x7ffdc140-0x7ffdffff]
[    0.028080] Zone ranges:
[    0.028083]   DMA      [mem 0x0000000000001000-0x0000000000ffffff]
[    0.028089]   DMA32    [mem 0x0000000001000000-0x000000007ffdffff]
[    0.028092]   Normal   empty
[    0.028095] Movable zone start for each node
[    0.028096] Early memory node ranges
[    0.028098]   node   0: [mem 0x0000000000001000-0x000000000009efff]
[    0.028164]   node   0: [mem 0x0000000000100000-0x000000007ffdffff]
[    0.028169] Initmem setup node 0 [mem 0x0000000000001000-0x000000007ffdffff]
[    0.029011] On node 0, zone DMA: 1 pages in unavailable ranges
[    0.030548] On node 0, zone DMA: 97 pages in unavailable ranges
[    0.192777] On node 0, zone DMA32: 32 pages in unavailable ranges
[    0.195754] ACPI: PM-Timer IO Port: 0x608
[    0.195851] ACPI: LAPIC_NMI (acpi_id[0xff] dfl dfl lint[0x1])
[    0.198298] IOAPIC[0]: apic_id 0, version 17, address 0xfec00000, GSI 0-23
[    0.198327] ACPI: INT_SRC_OVR (bus 0 bus_irq 0 global_irq 2 dfl dfl)
[    0.198329] ACPI: INT_SRC_OVR (bus 0 bus_irq 5 global_irq 5 high level)
[    0.198330] ACPI: INT_SRC_OVR (bus 0 bus_irq 9 global_irq 9 high level)
[    0.198340] ACPI: INT_SRC_OVR (bus 0 bus_irq 10 global_irq 10 high level)
[    0.198341] ACPI: INT_SRC_OVR (bus 0 bus_irq 11 global_irq 11 high level)
[    0.198344] ACPI: Using ACPI (MADT) for SMP configuration information
[    0.198344] ACPI: HPET id: 0x8086a201 base: 0xfed00000
[    0.198364] CPU topo: Max. logical packages:   1
[    0.198365] CPU topo: Max. logical dies:       1
[    0.198365] CPU topo: Max. dies per package:   1
[    0.198368] CPU topo: Max. threads per core:   1
[    0.198376] CPU topo: Num. cores per package:     4
[    0.198376] CPU topo: Num. threads per package:   4
[    0.198377] CPU topo: Allowing 4 present CPUs plus 0 hotplug CPUs
[    0.198437] kvm-guest: APIC: eoi() replaced with kvm_guest_apic_eoi_write()
[    0.200184] PM: hibernation: Registered nosave memory: [mem 0x00000000-0x00000fff]
[    0.200191] PM: hibernation: Registered nosave memory: [mem 0x0009f000-0x000fffff]
[    0.200195] [mem 0x80000000-0xfeffbfff] available for PCI devices
[    0.200389] Booting paravirtualized kernel on KVM
[    0.200419] clocksource: refined-jiffies: mask: 0xffffffff max_cycles: 0xffffffff, max_idle_ns: 1910969940391419 ns
[    0.219421] setup_percpu: NR_CPUS:64 nr_cpumask_bits:4 nr_cpu_ids:4 nr_node_ids:1
[    0.228407] percpu: Embedded 52 pages/cpu s174808 r8192 d29992 u524288
[    0.228715] Kernel command line: console=ttyS0 panic=-1 kunit.filter_glob=corten
[    0.228813] printk: log buffer data + meta data: 262144 + 917504 = 1179648 bytes
[    0.239047] Dentry cache hash table entries: 262144 (order: 9, 2097152 bytes, linear)
[    0.258550] Inode-cache hash table entries: 131072 (order: 8, 1048576 bytes, linear)
[    0.258964] Fallback order for Node 0: 0 
[    0.258967] Built 1 zonelists, mobility grouping on.  Total pages: 524158
[    0.258969] Policy zone: DMA32
[    0.258983] mem auto-init: stack:off, heap alloc:off, heap free:off
[    0.269353] SLUB: HWalign=64, Order=0-3, MinObjects=0, CPUs=4, Nodes=1
[    0.269593] Kernel/User page tables isolation: enabled
[    0.280645] Dynamic Preempt: voluntary
[    0.282012] rcu: Preemptible hierarchical RCU implementation.
[    0.282015] rcu: 	RCU event tracing is enabled.
[    0.282017] rcu: 	RCU restricting CPUs from NR_CPUS=64 to nr_cpu_ids=4.
[    0.282021] 	Trampoline variant of Tasks RCU enabled.
[    0.282022] 	Tracing variant of Tasks RCU enabled.
[    0.282023] rcu: RCU calculated value of scheduler-enlistment delay is 100 jiffies.
[    0.282026] rcu: Adjusting geometry for rcu_fanout_leaf=16, nr_cpu_ids=4
[    0.282122] RCU Tasks: Setting shift to 2 and lim to 1 rcu_task_cb_adjust=1 rcu_task_cpu_ids=4.
[    0.282127] RCU Tasks Trace: Setting shift to 2 and lim to 1 rcu_task_cb_adjust=1 rcu_task_cpu_ids=4.
[    0.293351] NR_IRQS: 4352, nr_irqs: 456, preallocated irqs: 16
[    0.294393] rcu: srcu_init: Setting srcu_struct sizes based on contention.
[    0.366451] Console: colour VGA+ 80x25
[    0.366973] printk: legacy console [ttyS0] enabled
[    0.918177] ACPI: Core revision 20250807
[    0.923528] clocksource: hpet: mask: 0xffffffff max_cycles: 0xffffffff, max_idle_ns: 19112604467 ns
[    0.931077] APIC: Switch to symmetric I/O mode setup
[    0.939493] x2apic enabled
[    0.945644] APIC: Switched APIC routing to: physical x2apic
[    0.966579] ..TIMER: vector=0x30 apic1=0 pin1=2 apic2=-1 pin2=-1
[    0.975240] clocksource: tsc-early: mask: 0xffffffffffffffff max_cycles: 0x22df1149949, max_idle_ns: 440795312789 ns
[    0.984315] Calibrating delay loop (skipped) preset value.. 4838.40 BogoMIPS (lpj=2419200)
[    0.991068] Last level iTLB entries: 4KB 0, 2MB 0, 4MB 0
[    0.991322] Last level dTLB entries: 4KB 0, 2MB 0, 4MB 0, 1GB 0
[    0.992455] mitigations: Enabled attack vectors: user_kernel, user_user, SMT mitigations: auto
[    0.993398] Speculative Store Bypass: Vulnerable
[    0.994333] Spectre V2 : Mitigation: Retpolines
[    0.995320] ITS: Mitigation: Aligned branch/return thunks
[    0.996309] MDS: Vulnerable: Clear CPU buffers attempted, no microcode
[    0.998310] Spectre V1 : Mitigation: usercopy/swapgs barriers and __user pointer sanitization
[    0.999325] Spectre V2 : Spectre v2 / SpectreRSB: Filling RSB on context switch and VMEXIT
[    1.001316] active return thunk: its_return_thunk
[    1.002496] x86/fpu: x87 FPU will use FXSAVE
[    1.081123] Freeing SMP alternatives memory: 56K
[    1.081322] pid_max: default: 32768 minimum: 301
[    1.082456] LSM: initializing lsm=capability,selinux
[    1.083396] SELinux:  Initializing.
[    1.085695] Mount-cache hash table entries: 4096 (order: 3, 32768 bytes, linear)
[    1.086370] Mountpoint-cache hash table entries: 4096 (order: 3, 32768 bytes, linear)
[    1.173305] smpboot: CPU0: Intel QEMU Virtual CPU version 2.5+ (family: 0xf, model: 0x6b, stepping: 0x1)
[    1.175455] Performance Events: unsupported Netburst CPU model 107 no PMU driver, software events only.
[    1.178457] signal: max sigframe size: 1440
[    1.179473] rcu: Hierarchical SRCU implementation.
[    1.180311] rcu: 	Max phase no-delay instances is 400.
[    1.182458] Timer migration: 1 hierarchy levels; 8 children per group; 1 crossnode level
[    1.197170] smp: Bringing up secondary CPUs ...
[    1.198888] smpboot: x86: Booting SMP configuration:
[    1.199312] .... node  #0, CPUs:      #1 #2 #3
[    1.217938] smp: Brought up 1 node, 4 CPUs
[    1.219322] smpboot: Total of 4 processors activated (19353.60 BogoMIPS)
[    1.223748] Memory: 2011104K/2096632K available (18919K kernel code, 2960K rwdata, 7980K rodata, 3040K init, 2292K bss, 80416K reserved, 0K cma-reserved)
[    1.227324] devtmpfs: initialized
[    1.237315] clocksource: jiffies: mask: 0xffffffff max_cycles: 0xffffffff, max_idle_ns: 1911260446275000 ns
[    1.238346] posixtimers hash table entries: 2048 (order: 3, 32768 bytes, linear)
[    1.240434] futex hash table entries: 1024 (65536 bytes on 1 NUMA nodes, total 64 KiB, linear).
[    1.242309] PM: RTC time: 16:54:05, date: 2026-09-13
[    1.246918] NET: Registered PF_NETLINK/PF_ROUTE protocol family
[    1.248357] audit: initializing netlink subsys (disabled)
[    1.252450] thermal_sys: Registered thermal governor 'step_wise'
[    1.252358] audit: type=2000 audit(1789318444.873:1): state=initialized audit_enabled=0 res=1
[    1.263336] cpuidle: using governor menu
[    1.266096] PCI: Using configuration type 1 for base access
[    1.268468] kprobes: kprobe jump-optimization is enabled. All kprobes are optimized if possible.
[    1.279077] HugeTLB: registered 2.00 MiB page size, pre-allocated 0 pages
[    1.279309] HugeTLB: 28 KiB vmemmap can be freed for a 2.00 MiB page
[    1.282918] ACPI: Added _OSI(Module Device)
[    1.283309] ACPI: Added _OSI(Processor Device)
[    1.284309] ACPI: Added _OSI(Processor Aggregator Device)
[    1.289005] ACPI: 1 ACPI AML tables successfully acquired and loaded
[    1.301553] ACPI: Interpreter enabled
[    1.302341] ACPI: PM: (supports S0 S3 S4 S5)
[    1.303311] ACPI: Using IOAPIC for interrupt routing
[    1.304368] PCI: Using host bridge windows from ACPI; if necessary, use "pci=nocrs" and report a bug
[    1.306308] PCI: Using E820 reservations for host bridge windows
[    1.307668] ACPI: Enabled 2 GPEs in block 00 to 0F
[    1.315415] ACPI: PCI Root Bridge [PCI0] (domain 0000 [bus 00-ff])
[    1.316334] acpi PNP0A03:00: _OSC: OS supports [ASPM ClockPM Segments MSI HPX-Type3]
[    1.317319] acpi PNP0A03:00: _OSC: not requesting OS control; OS requires [ExtendedConfig ASPM ClockPM MSI]
[    1.318350] acpi PNP0A03:00: fail to add MMCONFIG information, can't access extended configuration space under this bridge
[    1.319477] PCI host bridge to bus 0000:00
[    1.320350] pci_bus 0000:00: root bus resource [io  0x0000-0x0cf7 window]
[    1.321311] pci_bus 0000:00: root bus resource [io  0x0d00-0xffff window]
[    1.322324] pci_bus 0000:00: root bus resource [mem 0x000a0000-0x000bffff window]
[    1.323327] pci_bus 0000:00: root bus resource [mem 0x80000000-0xfebfffff window]
[    1.324317] pci_bus 0000:00: root bus resource [mem 0x100000000-0x17fffffff window]
[    1.325325] pci_bus 0000:00: root bus resource [bus 00-ff]
[    1.326635] pci 0000:00:00.0: [8086:1237] type 00 class 0x060000 conventional PCI endpoint
[    1.331848] pci 0000:00:01.0: [8086:7000] type 00 class 0x060100 conventional PCI endpoint
[    1.335037] pci 0000:00:01.1: [8086:7010] type 00 class 0x010180 conventional PCI endpoint
[    1.339622] pci 0000:00:01.1: BAR 4 [io  0xc040-0xc04f]
[    1.340399] pci 0000:00:01.1: BAR 0 [io  0x01f0-0x01f7]: legacy IDE quirk
[    1.341310] pci 0000:00:01.1: BAR 1 [io  0x03f6]: legacy IDE quirk
[    1.342313] pci 0000:00:01.1: BAR 2 [io  0x0170-0x0177]: legacy IDE quirk
[    1.343310] pci 0000:00:01.1: BAR 3 [io  0x0376]: legacy IDE quirk
[    1.346863] pci 0000:00:01.3: [8086:7113] type 00 class 0x068000 conventional PCI endpoint
[    1.350163] pci 0000:00:01.3: quirk: [io  0x0600-0x063f] claimed by PIIX4 ACPI
[    1.350333] pci 0000:00:01.3: quirk: [io  0x0700-0x070f] claimed by PIIX4 SMB
[    1.353005] pci 0000:00:02.0: [1234:1111] type 00 class 0x030000 conventional PCI endpoint
[    1.361816] pci 0000:00:02.0: BAR 0 [mem 0xfd000000-0xfdffffff pref]
[    1.363460] pci 0000:00:02.0: BAR 2 [mem 0xfebb0000-0xfebb0fff]
[    1.364574] pci 0000:00:02.0: ROM [mem 0xfeba0000-0xfebaffff pref]
[    1.372518] pci 0000:00:02.0: Video device with shadowed ROM at [mem 0x000c0000-0x000dffff]
[    1.389315] pci 0000:00:03.0: [8086:100e] type 00 class 0x020000 conventional PCI endpoint
[    1.394444] pci 0000:00:03.0: BAR 0 [mem 0xfeb80000-0xfeb9ffff]
[    1.395407] pci 0000:00:03.0: BAR 1 [io  0xc000-0xc03f]
[    1.397431] pci 0000:00:03.0: ROM [mem 0xfeb00000-0xfeb7ffff pref]
[    1.412683] ACPI: PCI: Interrupt link LNKA configured for IRQ 10
[    1.414000] ACPI: PCI: Interrupt link LNKB configured for IRQ 10
[    1.415594] ACPI: PCI: Interrupt link LNKC configured for IRQ 11
[    1.417386] ACPI: PCI: Interrupt link LNKD configured for IRQ 11
[    1.418950] ACPI: PCI: Interrupt link LNKS configured for IRQ 9
[    1.429333] iommu: Default domain type: Translated
[    1.430308] iommu: DMA domain TLB invalidation policy: lazy mode
[    1.442592] SCSI subsystem initialized
[    1.449683] ACPI: bus type USB registered
[    1.451507] usbcore: registered new interface driver usbfs
[    1.453718] usbcore: registered new interface driver hub
[    1.454353] usbcore: registered new device driver usb
[    1.457447] pps_core: LinuxPPS API ver. 1 registered
[    1.458314] pps_core: Software ver. 5.3.6 - Copyright 2005-2007 Rodolfo Giometti <giometti@linux.it>
[    1.459349] PTP clock support registered
[    1.463738] Advanced Linux Sound Architecture Driver Initialized.
[    1.472309] NetLabel: Initializing
[    1.473307] NetLabel:  domain hash size = 128
[    1.474308] NetLabel:  protocols = UNLABELED CIPSOv4 CALIPSO
[    1.476558] NetLabel:  unlabeled traffic allowed by default
[    1.479644] PCI: Using ACPI for IRQ routing
[    1.482368] pci 0000:00:02.0: vgaarb: setting as boot VGA device
[    1.483096] pci 0000:00:02.0: vgaarb: bridge control possible
[    1.483305] pci 0000:00:02.0: vgaarb: VGA device added: decodes=io+mem,owns=io+mem,locks=none
[    1.483315] vgaarb: loaded
[    1.488084] hpet: 3 channels of 0 reserved for per-cpu timers
[    1.488979] hpet0: at MMIO 0xfed00000, IRQs 2, 8, 0
[    1.489316] hpet0: 3 comparators, 64-bit 100.000000 MHz counter
[    1.495305] clocksource: Switched to clocksource kvm-clock
[    1.506182] VFS: Disk quotas dquot_6.6.0
[    1.510713] VFS: Dquot-cache hash table entries: 512 (order 0, 4096 bytes)
[    1.518567] pnp: PnP ACPI init
[    1.523977] pnp: PnP ACPI: found 6 devices
[    1.600378] clocksource: acpi_pm: mask: 0xffffff max_cycles: 0xffffff, max_idle_ns: 2085701024 ns
[    1.606581] NET: Registered PF_INET protocol family
[    1.611496] IP idents hash table entries: 32768 (order: 6, 262144 bytes, linear)
[    1.621912] tcp_listen_portaddr_hash hash table entries: 1024 (order: 2, 16384 bytes, linear)
[    1.628787] Table-perturb hash table entries: 65536 (order: 6, 262144 bytes, linear)
[    1.634191] TCP established hash table entries: 16384 (order: 5, 131072 bytes, linear)
[    1.639615] TCP bind hash table entries: 16384 (order: 7, 524288 bytes, linear)
[    1.648698] TCP: Hash tables configured (established 16384 bind 16384)
[    1.656235] UDP hash table entries: 1024 (order: 4, 65536 bytes, linear)
[    1.663144] UDP-Lite hash table entries: 1024 (order: 4, 65536 bytes, linear)
[    1.671608] NET: Registered PF_UNIX/PF_LOCAL protocol family
[    1.681608] RPC: Registered named UNIX socket transport module.
[    1.685137] RPC: Registered udp transport module.
[    1.690723] RPC: Registered tcp transport module.
[    1.695309] RPC: Registered tcp-with-tls transport module.
[    1.700588] RPC: Registered tcp NFSv4.1 backchannel transport module.
[    1.705144] pci_bus 0000:00: resource 4 [io  0x0000-0x0cf7 window]
[    1.710926] pci_bus 0000:00: resource 5 [io  0x0d00-0xffff window]
[    1.716403] pci_bus 0000:00: resource 6 [mem 0x000a0000-0x000bffff window]
[    1.723055] pci_bus 0000:00: resource 7 [mem 0x80000000-0xfebfffff window]
[    1.729457] pci_bus 0000:00: resource 8 [mem 0x100000000-0x17fffffff window]
[    1.736048] pci 0000:00:01.0: PIIX3: Enabling Passive Release
[    1.740218] pci 0000:00:00.0: Limiting direct PCI/PCI transfers
[    1.746455] PCI: CLS 0 bytes, default 64
[    1.752222] clocksource: tsc: mask: 0xffffffffffffffff max_cycles: 0x22df1149949, max_idle_ns: 440795312789 ns
[    1.770721] Initialise system trusted keyrings
[    1.776762] workingset: timestamp_bits=40 max_order=19 bucket_order=0
[    1.784641] NFS: Registering the id_resolver key type
[    1.789019] Key type id_resolver registered
[    1.792292] Key type id_legacy registered
[    1.796252] 9p: Installing v9fs 9p2000 file system support
[    1.831837] Key type asymmetric registered
[    1.836467] Asymmetric key parser 'x509' registered
[    1.842323] Block layer SCSI generic (bsg) driver version 0.4 loaded (major 251)
[    1.848742] io scheduler mq-deadline registered
[    1.852847] io scheduler kyber registered
[    1.858624] input: Power Button as /devices/LNXSYSTM:00/LNXPWRBN:00/input/input0
[    1.867434] ACPI: button: Power Button [PWRF]
[    1.880872] Serial: 8250/16550 driver, 4 ports, IRQ sharing enabled
[    1.891094] 00:04: ttyS0 at I/O 0x3f8 (irq = 4, base_baud = 115200) is a 16550A
[    1.906581] Non-volatile memory driver v1.3
[    1.911055] Linux agpgart interface v0.103
[    1.949287] ACPI: bus type drm_connector registered
[    1.988508] loop: module loaded
[    1.994128] zram: Added device: zram0
[    2.006412] scsi host0: ata_piix
[    2.012117] scsi host1: ata_piix
[    2.015821] ata1: PATA max MWDMA2 cmd 0x1f0 ctl 0x3f6 bmdma 0xc040 irq 14 lpm-pol 0
[    2.023180] ata2: PATA max MWDMA2 cmd 0x170 ctl 0x376 bmdma 0xc048 irq 15 lpm-pol 0
[    2.032510] e100: Intel(R) PRO/100 Network Driver
[    2.037860] e100: Copyright(c) 1999-2006 Intel Corporation
[    2.043663] e1000: Intel(R) PRO/1000 Network Driver
[    2.048901] e1000: Copyright (c) 1999-2006 Intel Corporation.
[    2.103899] ACPI: \_SB_.LNKC: Enabled at IRQ 11
[    2.192575] ata2: found unknown device (class 0)
[    2.200207] ata2.00: ATAPI: QEMU DVD-ROM, 2.5+, max UDMA/100
[    2.213712] scsi 1:0:0:0: CD-ROM            QEMU     QEMU DVD-ROM     2.5+ PQ: 0 ANSI: 5
[    2.258585] sr 1:0:0:0: [sr0] scsi3-mmc drive: 4x/4x cd/rw xa/form2 tray
[    2.264080] cdrom: Uniform CD-ROM driver Revision: 3.20
[    2.281820] sr 1:0:0:0: Attached scsi generic sg0 type 5
[    3.233877] e1000 0000:00:03.0 eth0: (PCI:33MHz:32-bit) 52:54:00:12:34:56
[    3.241459] e1000 0000:00:03.0 eth0: Intel(R) PRO/1000 Network Connection
[    3.247830] e1000e: Intel(R) PRO/1000 Network Driver
[    3.253241] e1000e: Copyright(c) 1999 - 2015 Intel Corporation.
[    3.258100] sky2: driver version 1.30
[    3.264694] usbcore: registered new interface driver usblp
[    3.270641] usbcore: registered new interface driver usb-storage
[    3.277525] i8042: PNP: PS/2 Controller [PNP0303:KBD,PNP0f13:MOU] at 0x60,0x64 irq 1,12
[    3.289102] serio: i8042 KBD port at 0x60,0x64 irq 1
[    3.289736] serio: i8042 AUX port at 0x60,0x64 irq 12
[    3.296155] rtc_cmos 00:05: RTC can wake from S4
[    3.296352] input: AT Translated Set 2 keyboard as /devices/platform/i8042/serio0/input/input1
[    3.307566] rtc_cmos 00:05: registered as rtc0
[    3.309114] rtc_cmos 00:05: alarms up to one day, y3k, 242 bytes nvram, hpet irqs
[    3.312884] device-mapper: ioctl: 4.50.0-ioctl (2025-04-28) initialised: dm-devel@lists.linux.dev
[    3.317931] intel_pstate: CPU model not supported
[    3.321045] hid: raw HID events driver (C) Jiri Kosina
[    3.327003] usbcore: registered new interface driver usbhid
[    3.335203] usbhid: USB HID core driver
[    3.350832] Initializing XFRM netlink socket
[    3.355819] NET: Registered PF_INET6 protocol family
[    3.367136] Segment Routing with IPv6
[    3.369528] In-situ OAM (IOAM) with IPv6
[    3.374093] sit: IPv6, IPv4 and MPLS over IPv4 tunneling driver
[    3.379698] NET: Registered PF_PACKET protocol family
[    3.384729] 9pnet: Installing 9P2000 support
[    3.389650] Key type dns_resolver registered
[    3.396875] IPI shorthand broadcast: enabled
[    3.406571] sched_clock: Marking stable (2725090084, 680865864)->(4112837947, -706881999)
[    3.415110] registered taskstats version 1
[    3.418759] Loading compiled-in X.509 certificates
[    3.428785] Demotion targets for Node 0: null
[    3.437464] PM:   Magic number: 10:583:944
[    3.440859] tty tty1: hash matches
[    3.443584] netconsole: network logging started
[    3.449810] cfg80211: Loading compiled-in X.509 certificates for regulatory database
[    3.461235] kworker/u16:1 (69) used greatest stack depth: 14272 bytes left
[    3.468213] Loaded X.509 cert 'sforshee: 00b28ddf47aef9cea7'
[    3.473820] Loaded X.509 cert 'wens: 61c038651aabdcf94bd0ac7ff06c7248db18c600'
[    3.479243] ALSA device list:
[    3.480276]   No soundcards found.
[    3.484839] faux_driver regulatory: Direct firmware load for regulatory.db failed with error -2
[    3.485400] KTAP version 1
[    3.494076] cfg80211: failed to load regulatory.db
[    3.495504] 1..1
[    3.501752]     KTAP version 1
[    3.504721]     # Subtest: corten
[    3.505986]     # module: corten_test
[    3.505989]     1..25
[    3.516790]     ok 1 corten_test_layout
[    3.520991]     ok 2 corten_test_ptdesc_get_put
[    3.523591]     ok 3 corten_test_meta_roundtrip
[    3.530111]     ok 4 corten_test_meta_reinit_cleared
[    3.537507]     ok 5 corten_test_covering_level
[    3.544651]     ok 6 corten_test_covering_base_index
[    3.553278]     ok 7 corten_test_txn_covering
[    3.560690]     ok 8 corten_test_txn_hole
[    3.568508]     ok 9 corten_test_txn_stale_eagain
[    3.571630]     ok 10 corten_test_lock_range_args
[    3.577390]     ok 11 corten_test_txn_state_machine
[    3.587909]     ok 12 corten_test_txn_atomic_validate
[    3.596237]     ok 13 corten_test_txn_real_glue
[    3.649529]     ok 14 corten_test_txn_mutex_overlap
[    3.680875]     ok 15 corten_test_txn_mutex_disjoint
[    3.688238]     ok 16 corten_test_fail_alloc
[    3.696753]     ok 17 corten_test_txn_hole_fill
[    3.707184]     ok 18 corten_test_txn_hole_race
[    3.964171]     ok 19 corten_test_txn_uninstall_interlock
[    3.975548]     ok 20 corten_test_uninstall_bh_ctx
[    3.977475] input: ImExPS/2 Generic Explorer Mouse as /devices/platform/i8042/serio1/input/input3
[    3.982076] ------------[ cut here ]------------
[    3.999607] WARNING: CPU: 0 PID: 123 at mm/corten.c:829 corten_txn_begin+0x191/0x4b0
[    4.009368] Modules linked in:
[    4.012706] CPU: 0 UID: 0 PID: 123 Comm: kunit_try_catch Tainted: G                 N  6.18.32-g1284a235f751-dirty #17 PREEMPT(voluntary) 
[    4.023031] Tainted: [N]=TEST
[    4.026599] Hardware name: QEMU Standard PC (i440FX + PIIX, 1996), BIOS 1.15.0-1 04/01/2014
[    4.035185] RIP: 0010:corten_txn_begin+0x191/0x4b0
[    4.040061] Code: 02 00 00 4c 89 ff 48 89 04 24 e8 8a 15 d8 00 4c 89 ff e8 92 17 d8 00 48 8b 04 24 41 0f b6 4f 25 38 48 25 0f 87 65 ff ff ff 90 <0f> 0b 90 41 80 7e 48 04 0f 86 61 ff ff ff 90 0f 0b 90 48 89 c7 e8
[    4.061310] RSP: 0000:ffffb0c9004e7da0 EFLAGS: 00010246
[    4.065211] RAX: ffff91d0c240be40 RBX: 0000000000000fff RCX: 0000000000000002
[    4.084263] RDX: 0000000000000003 RSI: 000000000000001b RDI: ffff91d0c2d7f000
[    4.091759] RBP: 0000000000000000 R08: ffff91d0c11eae00 R09: ffffb0c9004e7e00
[    4.098149] R10: ffffb0c9004e7d58 R11: fffff7b2c00b78c0 R12: ffffffffb9832010
[    4.105587] R13: ffff91d0c11eae00 R14: ffffb0c9004e7e00 R15: ffff91d0c240be00
[    4.112439] FS:  0000000000000000(0000) GS:ffff91d183077000(0000) knlGS:0000000000000000
[    4.120691] CS:  0010 DS: 0000 ES: 0000 CR0: 0000000080050033
[    4.127172] CR2: ffff91d121a01000 CR3: 0000000060c30000 CR4: 00000000000006f0
[    4.134063] Call Trace:
[    4.138590]  <TASK>
[    4.140558]  ? __pfx_kunit_generic_run_threadfn_adapter+0x10/0x10
[    4.147280]  corten_test_txn_path_overflow+0xb5/0x2a0
[    4.151975]  ? psi_task_switch+0x107/0x290
[    4.155803]  kunit_try_run_case+0x6f/0x150
[    4.160800]  ? __pfx_kunit_generic_run_threadfn_adapter+0x10/0x10
[    4.170067]  kunit_generic_run_threadfn_adapter+0x1c/0x40
[    4.176191]  kthread+0xff/0x1f0
[    4.178552]  ? __pfx_kthread+0x10/0x10
[    4.182868]  ? __pfx_kthread+0x10/0x10
[    4.186416]  ret_from_fork+0x144/0x160
[    4.188171]  ? __pfx_kthread+0x10/0x10
[    4.193056]  ret_from_fork_asm+0x1a/0x30
[    4.198488]  </TASK>
[    4.200123] ---[ end trace 0000000000000000 ]---
[    4.204824] ------------[ cut here ]------------
[    4.210535] WARNING: CPU: 0 PID: 123 at mm/corten.c:776 corten_txn_begin+0x1a0/0x4b0
[    4.216993] Modules linked in:
[    4.221154] CPU: 0 UID: 0 PID: 123 Comm: kunit_try_catch Tainted: G        W        N  6.18.32-g1284a235f751-dirty #17 PREEMPT(voluntary) 
[    4.235721] Tainted: [W]=WARN, [N]=TEST
[    4.239013] Hardware name: QEMU Standard PC (i440FX + PIIX, 1996), BIOS 1.15.0-1 04/01/2014
[    4.248951] RIP: 0010:corten_txn_begin+0x1a0/0x4b0
[    4.255483] Code: 4c 89 ff e8 92 17 d8 00 48 8b 04 24 41 0f b6 4f 25 38 48 25 0f 87 65 ff ff ff 90 0f 0b 90 41 80 7e 48 04 0f 86 61 ff ff ff 90 <0f> 0b 90 48 89 c7 e8 a5 f6 ff ff 41 0f b6 46 48 84 c0 74 28 83 e8
[    4.273940] RSP: 0000:ffffb0c9004e7da0 EFLAGS: 00010202
[    4.278980] RAX: ffff91d0c240bf40 RBX: 0000000000000fff RCX: 0000000000000002
[    4.284626] RDX: 0000000000000003 RSI: 0000000000000023 RDI: ffff91d0c2d7f000
[    4.291295] RBP: 0000000000000000 R08: ffff91d0c11eae00 R09: ffffb0c9004e7e00
[    4.298435] R10: ffffb0c9004e7d58 R11: fffff7b2c00b78c0 R12: ffffffffb9832010
[    4.303165] R13: ffff91d0c11eae00 R14: ffffb0c9004e7e00 R15: ffff91d0c240bf00
[    4.311087] FS:  0000000000000000(0000) GS:ffff91d183077000(0000) knlGS:0000000000000000
[    4.320153] CS:  0010 DS: 0000 ES: 0000 CR0: 0000000080050033
[    4.324620] CR2: ffff91d121a01000 CR3: 0000000060c30000 CR4: 00000000000006f0
[    4.331092] Call Trace:
[    4.333598]  <TASK>
[    4.335263]  ? __pfx_kunit_generic_run_threadfn_adapter+0x10/0x10
[    4.336808]  corten_test_txn_path_overflow+0xb5/0x2a0
[    4.339568]  ? psi_task_switch+0x107/0x290
[    4.341081]  kunit_try_run_case+0x6f/0x150
[    4.344163]  ? __pfx_kunit_generic_run_threadfn_adapter+0x10/0x10
[    4.350817]  kunit_generic_run_threadfn_adapter+0x1c/0x40
[    4.357448]  kthread+0xff/0x1f0
[    4.358997]  ? __pfx_kthread+0x10/0x10
[    4.362191]  ? __pfx_kthread+0x10/0x10
[    4.365694]  ret_from_fork+0x144/0x160
[    4.369703]  ? __pfx_kthread+0x10/0x10
[    4.372204]  ret_from_fork_asm+0x1a/0x30
[    4.376198]  </TASK>
[    4.378852] ---[ end trace 0000000000000000 ]---
[    4.383715] kunit_try_catch (123) used greatest stack depth: 13520 bytes left
[    4.386060]     ok 21 corten_test_txn_path_overflow
[    4.395164]     ok 22 corten_test_txn_child_err
[    4.405788]     ok 23 corten_test_real_huge_leaf
[    4.414843]     ok 24 corten_test_full_window_atomic
[    4.423128]     ok 25 corten_test_debugfs_content
[    4.429770] # corten: pass:25 fail:0 skip:0 total:25
[    4.433880] # Totals: pass:25 fail:0 skip:0 total:25
[    4.437296] ok 1 corten
[    4.460982] check access for rdinit=/init failed: -2, ignoring
[    4.462370] md: Waiting for all devices to be available before autodetect
[    4.465380] md: If you don't use raid, use raid=noautodetect
[    4.469096] md: Autodetecting RAID arrays.
[    4.471699] md: autorun ...
[    4.474651] md: ... autorun DONE.
[    4.483983] /dev/root: Can't open blockdev
[    4.488061] VFS: Cannot open root device "" or unknown-block(0,0): error -6
[    4.493138] Please append a correct "root=" boot option; here are the available partitions:
[    4.498781] 0b00         1048575 sr0 
[    4.498861]  driver: sr
[    4.504640] List of all bdev filesystems:
[    4.507306]  ext3
[    4.507308]  ext2
[    4.508129]  ext4
[    4.510221]  vfat
[    4.512266]  msdos
[    4.515557]  iso9660
[    4.517362] 
[    4.520192] Kernel panic - not syncing: VFS: Unable to mount root fs on unknown-block(0,0)
[    4.525249] CPU: 1 UID: 0 PID: 1 Comm: swapper/0 Tainted: G        W        N  6.18.32-g1284a235f751-dirty #17 PREEMPT(voluntary) 
[    4.532996] Tainted: [W]=WARN, [N]=TEST
[    4.535246] Hardware name: QEMU Standard PC (i440FX + PIIX, 1996), BIOS 1.15.0-1 04/01/2014
[    4.539343] Call Trace:
[    4.541209]  <TASK>
[    4.541627]  vpanic+0x34f/0x360
[    4.544456]  panic+0x56/0x60
[    4.546118]  mount_root_generic+0x1ff/0x320
[    4.550975]  prepare_namespace+0x63/0x270
[    4.552325]  kernel_init_freeable+0x29f/0x2f0
[    4.554999]  ? __pfx_kernel_init+0x10/0x10
[    4.558154]  kernel_init+0x15/0x1c0
[    4.560442]  ret_from_fork+0x144/0x160
[    4.562038]  ? __pfx_kernel_init+0x10/0x10
[    4.564003]  ret_from_fork_asm+0x1a/0x30
[    4.567422]  </TASK>
[    4.572919] Kernel Offset: 0x37400000 from 0xffffffff81000000 (relocation range: 0xffffffff80000000-0xffffffffbfffffff)
