  SYNC    include/config/auto.conf.cmd
  HOSTCC  scripts/basic/fixdep
  DESCEND objtool
  INSTALL libsubcmd_headers
  CC      arch/x86/kernel/asm-offsets.s
  CC      kernel/sched/rq-offsets.s
  CALL    scripts/checksyscalls.sh
  CC      certs/system_keyring.o
  CC      arch/x86/boot/startup/gdt_idt.o
  CC      init/main.o
  CC      fs/open.o
  CC      kernel/fork.o
  CC      mm/filemap.o
  CC      arch/x86/boot/startup/map_kernel.o
  AR      certs/built-in.a
  CC      ipc/compat.o
  OBJCOPY arch/x86/boot/startup/gdt_idt.pi.o
  OBJCOPY arch/x86/boot/startup/map_kernel.pi.o
  AR      arch/x86/boot/startup/built-in.a
  CC      arch/x86/entry/syscall_64.o
  CC      ipc/util.o
  CC      init/do_mounts.o
  CC      fs/read_write.o
  CC      arch/x86/entry/vdso/vma.o
  CC      ipc/msgutil.o
  CC      kernel/exec_domain.o
  CC      arch/x86/entry/vdso/extable.o
  CC      init/do_mounts_initrd.o
  CC      ipc/msg.o
  CC      mm/mempool.o
  CC      kernel/panic.o
  CC      fs/file_table.o
  CC      init/initramfs.o
  CC      arch/x86/entry/vdso/vclock_gettime.o
  CC      mm/oom_kill.o
  CC      arch/x86/entry/vdso/vgetrandom.o
  CC      kernel/cpu.o
  CC      ipc/sem.o
  CC      fs/super.o
  CC      init/init_task.o
  CC      arch/x86/entry/vdso/vdso32/vclock_gettime.o
  CC      arch/x86/entry/vdso/vdso32-setup.o
  CC      init/version.o
  CC      mm/fadvise.o
  CC      fs/char_dev.o
  VDSO    arch/x86/entry/vdso/vdso64.so.dbg
  VDSO    arch/x86/entry/vdso/vdso32.so.dbg
  AR      init/built-in.a
  OBJCOPY arch/x86/entry/vdso/vdso64.so
  OBJCOPY arch/x86/entry/vdso/vdso32.so
  VDSO2C  arch/x86/entry/vdso/vdso-image-64.c
  VDSO2C  arch/x86/entry/vdso/vdso-image-32.c
  CC      arch/x86/entry/vdso/vdso-image-64.o
  CC      arch/x86/entry/vsyscall/vsyscall_64.o
  CC      ipc/shm.o
  CC      kernel/exit.o
  CC      arch/x86/entry/vdso/vdso-image-32.o
  AR      arch/x86/entry/vdso/built-in.a
  CC      kernel/softirq.o
  CC      mm/maccess.o
  CC      fs/stat.o
  AR      arch/x86/entry/vsyscall/built-in.a
  CC      arch/x86/entry/syscall_32.o
  CC      ipc/syscall.o
  CC      mm/page-writeback.o
  CC      arch/x86/events/core.o
  CC      kernel/resource.o
  CC      fs/exec.o
  AR      arch/x86/entry/built-in.a
  CC      fs/pipe.o
  CC      ipc/ipc_sysctl.o
  CC      ipc/mqueue.o
  CC      kernel/sysctl.o
  CC      mm/folio-compat.o
  CC      arch/x86/events/probe.o
  CC      fs/namei.o
  CC      fs/fcntl.o
  CC      arch/x86/events/utils.o
  CC      mm/readahead.o
  CC      kernel/capability.o
  CC      ipc/namespace.o
  CC      arch/x86/events/rapl.o
  CC      fs/ioctl.o
  CC      ipc/mq_sysctl.o
  CC      kernel/ptrace.o
  CC      mm/swap.o
  AR      ipc/built-in.a
  CC      security/keys/gc.o
  CC      arch/x86/events/amd/core.o
  CC      security/keys/key.o
  CC      kernel/user.o
  CC      fs/readdir.o
  CC      security/keys/keyring.o
  CC      mm/truncate.o
  CC      arch/x86/events/amd/lbr.o
  CC      crypto/api.o
  CC      kernel/signal.o
  CC      fs/select.o
  CC      security/keys/keyctl.o
  CC      arch/x86/events/amd/ibs.o
  CC      crypto/cipher.o
  CC      mm/vmscan.o
  CC      crypto/algapi.o
  CC      security/keys/permission.o
  CC      arch/x86/events/amd/uncore.o
  CC      fs/dcache.o
  CC      security/keys/process_keys.o
  CC      kernel/sys.o
  CC      crypto/scatterwalk.o
  CC      arch/x86/events/amd/iommu.o
  CC      crypto/proc.o
  CC      security/keys/request_key.o
  CC      fs/inode.o
  AR      arch/x86/events/amd/built-in.a
  CC      arch/x86/events/msr.o
  CC      crypto/aead.o
  CC      security/keys/request_key_auth.o
  CC      kernel/umh.o
  CC      arch/x86/events/intel/core.o
  CC      crypto/geniv.o
  CC      security/keys/user_defined.o
  CC      mm/shrinker.o
  CC      kernel/workqueue.o
  CC      fs/attr.o
  CC      security/keys/compat.o
  CC      crypto/lskcipher.o
  CC      mm/shmem.o
  CC      fs/bad_inode.o
  CC      security/keys/proc.o
  CC      crypto/skcipher.o
  CC      fs/file.o
  CC      security/keys/sysctl.o
  CC      security/keys/keyctl_pkey.o
  CC      crypto/seqiv.o
  CC      arch/x86/events/intel/bts.o
  CC      kernel/pid.o
  AR      security/keys/built-in.a
  CC      security/commoncap.o
  CC      fs/filesystems.o
  CC      crypto/echainiv.o
  CC      mm/util.o
  CC      arch/x86/events/intel/ds.o
  CC      crypto/ahash.o
  CC      fs/namespace.o
  CC      kernel/task_work.o
  CC      security/lsm_syscalls.o
  CC      mm/mmzone.o
  CC      crypto/shash.o
  CC      kernel/extable.o
  CC      mm/vmstat.o
  CC      security/min_addr.o
  CC      arch/x86/events/intel/knc.o
  CC      security/security.o
  CC      kernel/params.o
  CC      crypto/akcipher.o
  CC      arch/x86/events/intel/lbr.o
  CC      mm/backing-dev.o
  CC      fs/seq_file.o
  CC      crypto/sig.o
  CC      kernel/kthread.o
  CC      arch/x86/events/intel/p4.o
  CC      crypto/kpp.o
  CC      fs/xattr.o
  CC      mm/mm_init.o
  CC      kernel/nsproxy.o
  CC      crypto/rsa.o
  CC      arch/x86/events/intel/p6.o
  CC      security/selinux/avc.o
  CC      fs/libfs.o
  CC      kernel/nstree.o
  CC      crypto/rsa_helper.o
  CC      mm/percpu.o
  CC      arch/x86/events/intel/pt.o
  CC      crypto/rsa-pkcs1pad.o
  CC      kernel/nscommon.o
  CC      security/selinux/hooks.o
  CC      crypto/rsassa-pkcs1.o
  CC      fs/fs-writeback.o
  CC      kernel/notifier.o
  CC      arch/x86/events/intel/uncore.o
  CC      crypto/acompress.o
  CC      kernel/ksysfs.o
  CC      mm/slab_common.o
  CC      kernel/cred.o
  CC      crypto/scompress.o
  CC      arch/x86/events/intel/uncore_nhmex.o
  CC      kernel/reboot.o
  CC      crypto/algboss.o
  CC      fs/pnode.o
  CC      arch/x86/events/intel/uncore_snb.o
  CC      security/selinux/selinuxfs.o
  CC      mm/compaction.o
  CC      fs/splice.o
  CC      kernel/async.o
  CC      crypto/testmgr.o
  CC      arch/x86/events/intel/uncore_snbep.o
  CC      kernel/smpboot.o
  CC      crypto/cmac.o
  CC      security/selinux/netlink.o
  CC      crypto/hmac.o
  CC      kernel/ucount.o
  CC      fs/sync.o
  CC      kernel/regset.o
  CC      mm/show_mem.o
  CC      security/selinux/nlmsgtab.o
  CC      crypto/md5.o
  CC      kernel/ksyms_common.o
  CC      arch/x86/events/intel/uncore_discovery.o
  CC      fs/utimes.o
  CC      crypto/sha256.o
  CC      mm/interval_tree.o
  CC      kernel/groups.o
  CC      security/selinux/netif.o
  CC      arch/x86/events/intel/cstate.o
  CC      crypto/sha512.o
  CC      fs/d_path.o
  CC      mm/list_lru.o
  CC      kernel/sched/core.o
  CC      crypto/sha3_generic.o
  CC      security/selinux/netnode.o
  AR      arch/x86/events/intel/built-in.a
  CC      arch/x86/events/zhaoxin/core.o
  CC      fs/stack.o
  CC      mm/workingset.o
  CC      fs/fs_struct.o
  CC      crypto/ecb.o
  AR      arch/x86/events/zhaoxin/built-in.a
  AR      arch/x86/events/built-in.a
  CC      arch/x86/realmode/init.o
  CC      security/selinux/netport.o
  CC      crypto/cbc.o
  CC      fs/statfs.o
  CC      mm/debug.o
  AR      arch/x86/realmode/built-in.a
  CC      crypto/ctr.o
  CC      arch/x86/kernel/head64.o
  CC      fs/fs_pin.o
  CC      security/selinux/status.o
  CC      mm/gup.o
  CC      crypto/gcm.o
  CC      arch/x86/kernel/ebda.o
  CC      fs/nsfs.o
  CC      arch/x86/kernel/platform-quirks.o
  CC      security/selinux/ss/ebitmap.o
  CC      crypto/ccm.o
  CC      fs/fs_types.o
  CC      arch/x86/kernel/process_64.o
  CC      kernel/sched/fair.o
  CC      fs/fs_context.o
  CC      mm/mmap_lock.o
  CC      crypto/aes_generic.o
  CC      security/selinux/ss/hashtab.o
  CC      arch/x86/kernel/signal.o
  CC      security/selinux/ss/sidtab.o
  CC      fs/fs_parser.o
  CC      crypto/authenc.o
  CC      mm/vma_init.o
  CC      arch/x86/kernel/signal_64.o
  CC      fs/fsopen.o
  CC      security/selinux/ss/avtab.o
  CC      mm/pgsize_migration.o
  CC      crypto/authencesn.o
  CC      arch/x86/kernel/traps.o
  CC      fs/init.o
  CC      mm/page_size_compat.o
  CC      crypto/lzo.o
  CC      security/selinux/ss/policydb.o
  CC      arch/x86/kernel/idt.o
  CC      fs/kernel_read_file.o
  CC      kernel/sched/build_policy.o
  CC      mm/vma_readahead_boundary.o
  CC      crypto/lzo-rle.o
  CC      mm/highmem.o
  CC      arch/x86/kernel/irq.o
  CC      crypto/lz4.o
  CC      fs/mnt_idmapping.o
  CC      mm/memory.o
  CC      crypto/rng.o
  CC      fs/remap_range.o
  CC      security/selinux/ss/services.o
  CC      crypto/drbg.o
  CC      arch/x86/kernel/irq_64.o
  CC      fs/pidfs.o
  CC      arch/x86/kernel/dumpstack_64.o
  CC      crypto/jitterentropy-kcapi.o
  CC      fs/file_attr.o
  CC      arch/x86/kernel/time.o
  CC      kernel/sched/build_utility.o
  CC      crypto/ghash-generic.o
  CC      security/selinux/ss/conditional.o
  CC      arch/x86/kernel/ioport.o
  CC      crypto/asymmetric_keys/asymmetric_type.o
  CC      fs/buffer.o
  CC      arch/x86/kernel/dumpstack.o
  CC      security/selinux/ss/mls.o
  CC      mm/mincore.o
  CC      crypto/asymmetric_keys/restrict.o
  CC      arch/x86/kernel/nmi.o
  CC      crypto/asymmetric_keys/signature.o
  CC      mm/mlock.o
  CC      security/selinux/ss/context.o
  CC      crypto/asymmetric_keys/public_key.o
  CC      fs/mpage.o
  CC      arch/x86/kernel/ldt.o
  CC      crypto/asymmetric_keys/x509_cert_parser.o
  CC      security/selinux/netlabel.o
  CC      fs/proc_namespace.o
  CC      mm/mmap.o
  CC      crypto/asymmetric_keys/x509_public_key.o
  CC      arch/x86/kernel/setup.o
  AR      kernel/sched/built-in.a
  CC      kernel/locking/mutex.o
  CC      crypto/asymmetric_keys/pkcs7_parser.o
  CC      fs/direct-io.o
  AR      security/selinux/built-in.a
  CC      security/lsm_audit.o
  CC      arch/x86/kernel/x86_init.o
  CC      crypto/asymmetric_keys/pkcs7_trust.o
  CC      mm/mmu_gather.o
  CC      crypto/asymmetric_keys/pkcs7_verify.o
  CC      fs/notify/fsnotify.o
  CC      kernel/locking/semaphore.o
  CC      arch/x86/kernel/i8259.o
  CC      security/device_cgroup.o
  AR      crypto/asymmetric_keys/built-in.a
  CC      mm/mprotect.o
  AR      crypto/built-in.a
  CC      block/bdev.o
  CC      kernel/locking/rwsem.o
  CC      fs/notify/notification.o
  CC      arch/x86/kernel/irqinit.o
  CC      security/integrity/iint.o
  CC      fs/notify/group.o
  CC      kernel/locking/percpu-rwsem.o
  CC      arch/x86/kernel/jump_label.o
  CC      block/fops.o
  CC      mm/mremap.o
  CC      security/integrity/integrity_audit.o
  CC      fs/notify/mark.o
  CC      arch/x86/kernel/irq_work.o
  CC      kernel/locking/qspinlock.o
  CC      block/bio.o
  AR      security/integrity/built-in.a
  AR      security/built-in.a
  CC      block/elevator.o
  CC      fs/notify/fdinfo.o
  CC      kernel/locking/rtmutex_api.o
  CC      mm/msync.o
  CC      arch/x86/kernel/probe_roms.o
  CC      fs/notify/dnotify/dnotify.o
  CC      fs/eventpoll.o
  CC      arch/x86/kernel/sys_ia32.o
  CC      mm/page_vma_mapped.o
  CC      kernel/locking/qrwlock.o
  CC      block/blk-core.o
  AR      fs/notify/dnotify/built-in.a
  CC      fs/notify/inotify/inotify_fsnotify.o
  AR      kernel/locking/built-in.a
  CC      kernel/power/qos.o
  CC      arch/x86/kernel/signal_32.o
  CC      mm/pagewalk.o
  CC      fs/notify/inotify/inotify_user.o
  CC      arch/x86/kernel/sys_x86_64.o
  CC      arch/x86/mm/init.o
  CC      kernel/power/main.o
  CC      mm/pgtable-generic.o
  CC      block/blk-sysfs.o
  AR      fs/notify/inotify/built-in.a
  AR      fs/notify/built-in.a
  CC      fs/anon_inodes.o
  CC      arch/x86/kernel/espfix_64.o
  CC      kernel/power/console.o
  CC      arch/x86/mm/init_64.o
  CC      mm/rmap.o
  CC      fs/signalfd.o
  CC      block/blk-flush.o
  CC      arch/x86/kernel/ksysfs.o
  CC      kernel/power/process.o
  CC      fs/timerfd.o
  CC      block/blk-settings.o
  CC      arch/x86/kernel/bootflag.o
  CC      arch/x86/mm/fault.o
  CC      kernel/power/suspend.o
  CC      mm/vmalloc.o
  CC      arch/x86/kernel/e820.o
  CC      fs/eventfd.o
  CC      block/blk-ioc.o
  CC      arch/x86/mm/ioremap.o
  CC      kernel/power/hibernate.o
  CC      block/blk-map.o
  CC      fs/aio.o
  CC      arch/x86/kernel/pci-dma.o
  CC      arch/x86/mm/extable.o
  CC      block/blk-merge.o
  CC      arch/x86/kernel/quirks.o
  CC      kernel/power/snapshot.o
  CC      arch/x86/kernel/kdebugfs.o
  CC      fs/locks.o
  CC      arch/x86/mm/mmap.o
  CC      mm/vma.o
  CC      block/blk-timeout.o
  CC      arch/x86/kernel/alternative.o
  CC      arch/x86/mm/pgtable.o
  CC      kernel/power/swap.o
  CC      block/blk-lib.o
  CC      arch/x86/mm/physaddr.o
  CC      fs/binfmt_misc.o
  CC      block/blk-mq.o
  CC      mm/vma_exec.o
  CC      arch/x86/kernel/i8253.o
  CC      kernel/power/user.o
  CC      arch/x86/mm/tlb.o
  CC      arch/x86/kernel/hw_breakpoint.o
  CC      mm/process_vm_access.o
  CC      fs/binfmt_script.o
  CC      kernel/power/wakeup_reason.o
  CC      arch/x86/mm/cpu_entry_area.o
  CC      fs/binfmt_elf.o
  CC      arch/x86/kernel/tsc.o
  CC      mm/mseal.o
  AR      kernel/power/built-in.a
  CC      kernel/printk/printk.o
  CC      arch/x86/mm/maccess.o
  CC      arch/x86/mm/pgprot.o
  CC      mm/page_alloc.o
  CC      arch/x86/kernel/tsc_msr.o
  CC      fs/compat_binfmt_elf.o
  CC      block/blk-mq-tag.o
  CC      arch/x86/mm/pat/set_memory.o
  CC      arch/x86/kernel/io_delay.o
  CC      arch/x86/kernel/rtc.o
  CC      kernel/printk/printk_safe.o
  CC      block/blk-mq-dma.o
  CC      fs/mbcache.o
  CC      kernel/printk/nbcon.o
  CC      arch/x86/kernel/static_call.o
  CC      arch/x86/mm/pat/memtype.o
  CC      block/blk-stat.o
  CC      fs/posix_acl.o
  CC      arch/x86/kernel/process.o
  CC      kernel/printk/printk_ringbuffer.o
  CC      block/blk-mq-sysfs.o
  CC      arch/x86/mm/pat/memtype_interval.o
  CC      kernel/printk/sysctl.o
  CC      mm/page_frag_cache.o
  AR      arch/x86/mm/pat/built-in.a
  CC      arch/x86/mm/hugetlbpage.o
  CC      fs/nfs_common/nfsacl.o
  CC      block/blk-mq-cpumap.o
  AR      kernel/printk/built-in.a
  CC      kernel/irq/irqdesc.o
  CC      arch/x86/kernel/fpu/init.o
  CC      arch/x86/mm/dump_pagetables.o
  CC      arch/x86/kernel/fpu/core.o
  CC      fs/nfs_common/grace.o
  CC      mm/init-mm.o
  CC      block/blk-mq-sched.o
  CC      kernel/irq/handle.o
  CC      mm/memblock.o
  CC      arch/x86/mm/numa.o
  CC      fs/nfs_common/common.o
  CC      block/ioctl.o
  CC      arch/x86/kernel/fpu/regset.o
  CC      kernel/irq/manage.o
  AR      fs/nfs_common/built-in.a
  CC      fs/coredump.o
  CC      arch/x86/mm/amdtopology.o
  CC      arch/x86/kernel/fpu/signal.o
  CC      block/genhd.o
  CC      mm/slub.o
  CC      arch/x86/mm/srat.o
  CC      kernel/irq/spurious.o
  CC      arch/x86/kernel/fpu/xstate.o
  CC      arch/x86/mm/pkeys.o
  CC      fs/drop_caches.o
  CC      kernel/irq/resend.o
  CC      block/ioprio.o
  CC      arch/x86/mm/kaslr.o
  CC      fs/fhandle.o
  AR      arch/x86/kernel/fpu/built-in.a
  CC      arch/x86/kernel/ptrace.o
  CC      kernel/irq/chip.o
  CC      block/badblocks.o
  CC      arch/x86/mm/pti.o
  CC      fs/iomap/trace.o
  CC      arch/x86/kernel/tls.o
  CC      kernel/irq/dummychip.o
  AR      arch/x86/mm/built-in.a
  CC      kernel/irq/devres.o
  CC      block/partitions/core.o
  CC      block/partitions/msdos.o
  CC      kernel/irq/kexec.o
  CC      arch/x86/kernel/step.o
  CC      fs/iomap/iter.o
  CC      kernel/irq/autoprobe.o
  CC      fs/iomap/buffered-io.o
  CC      block/partitions/efi.o
  CC      arch/x86/kernel/i8237.o
  CC      mm/madvise.o
  CC      block/blk-rq-qos.o
  CC      kernel/irq/irqdomain.o
  CC      arch/x86/kernel/stacktrace.o
  AR      block/partitions/built-in.a
  CC      mm/page_io.o
  CC      block/disk-events.o
  CC      arch/x86/kernel/cpu/cacheinfo.o
  CC      kernel/irq/proc.o
  CC      fs/iomap/direct-io.o
  CC      block/blk-ia-ranges.o
  CC      arch/x86/kernel/cpu/scattered.o
  CC      mm/swap_state.o
  CC      mm/swapfile.o
  CC      kernel/irq/migration.o
  CC      arch/x86/kernel/cpu/topology_common.o
  CC      block/early-lookup.o
  CC      fs/iomap/ioend.o
  CC      kernel/irq/cpuhotplug.o
  CC      arch/x86/kernel/cpu/topology_ext.o
  CC      block/bsg.o
  CC      kernel/irq/pm.o
  CC      fs/iomap/fiemap.o
  CC      arch/x86/kernel/cpu/topology_amd.o
  CC      kernel/irq/msi.o
  CC      block/blk-cgroup.o
  CC      fs/iomap/seek.o
  CC      block/blk-ioprio.o
  CC      mm/dmapool.o
  CC      arch/x86/kernel/cpu/common.o
  CC      fs/iomap/swapfile.o
  CC      block/blk-iolatency.o
  CC      kernel/irq/affinity.o
  CC      mm/hugetlb.o
  CC      mm/hugetlb_vmemmap.o
  AR      fs/iomap/built-in.a
  CC      fs/quota/dquot.o
  CC      kernel/irq/matrix.o
  CC      arch/x86/kernel/cpu/match.o
  CC      block/blk-iocost.o
  CC      io_uring/io_uring.o
  CC      arch/x86/kernel/cpu/bugs.o
  AR      kernel/irq/built-in.a
  CC      kernel/rcu/update.o
  CC      fs/quota/quota_v2.o
  CC      fs/quota/quota_tree.o
  CC      block/mq-deadline.o
  CC      arch/x86/kernel/cpu/aperfmperf.o
  CC      mm/mempolicy.o
  CC      fs/quota/quota.o
  CC      arch/x86/kernel/cpu/cpuid-deps.o
  CC      kernel/rcu/srcutree.o
  CC      block/kyber-iosched.o
  CC      arch/x86/kernel/cpu/cpuid_0x2_table.o
  CC      io_uring/opdef.o
  CC      fs/quota/kqid.o
  CC      arch/x86/kernel/cpu/umwait.o
  CC      kernel/rcu/tree.o
  CC      fs/quota/netlink.o
  CC      mm/sparse.o
  CC      block/blk-mq-debugfs.o
  CC      io_uring/kbuf.o
  CC      arch/x86/kernel/cpu/topology.o
  AR      fs/quota/built-in.a
  CC      block/blk-pm.o
  CC      fs/proc/task_mmu.o
  CC      mm/sparse-vmemmap.o
  CC      io_uring/rsrc.o
  CC      arch/x86/kernel/cpu/proc.o
  CC      block/holder.o
  CC      arch/x86/kernel/cpu/feat_ctl.o
  CC      mm/mmu_notifier.o
  AR      block/built-in.a
  CC      arch/x86/kernel/cpu/intel.o
  CC      kernel/rcu/rcu_segcblist.o
  CC      io_uring/notif.o
  CC      mm/migrate.o
  CC      fs/proc/inode.o
  CC      arch/x86/kernel/cpu/tsx.o
  CC      mm/memory-tiers.o
  AR      kernel/rcu/built-in.a
  CC      kernel/dma/mapping.o
  CC      io_uring/tctx.o
  CC      arch/x86/kernel/cpu/intel_epb.o
  CC      fs/proc/root.o
  CC      fs/proc/base.o
  CC      arch/x86/kernel/cpu/amd.o
  CC      io_uring/filetable.o
  CC      kernel/dma/direct.o
  CC      mm/memcontrol.o
  CC      arch/x86/kernel/cpu/amd_cache_disable.o
  CC      mm/vmpressure.o
  CC      io_uring/rw.o
  CC      kernel/dma/ops_helpers.o
  CC      fs/proc/generic.o
  CC      arch/x86/kernel/cpu/hygon.o
  CC      kernel/dma/swiotlb.o
  CC      lib/argv_split.o
  CC      io_uring/poll.o
  CC      lib/bug.o
  CC      arch/x86/kernel/cpu/centaur.o
  CC      fs/proc/array.o
  CC      arch/x86/kernel/cpu/zhaoxin.o
  CC      lib/buildid.o
  CC      kernel/dma/remap.o
  CC      fs/proc/fd.o
  CC      mm/swap_cgroup.o
  CC      arch/x86/kernel/cpu/mce/core.o
  CC      lib/cpumask.o
  AR      kernel/dma/built-in.a
  CC      kernel/entry/common.o
  CC      io_uring/eventfd.o
  CC      mm/hugetlb_cgroup.o
  CC      lib/decompress_bunzip2.o
  CC      fs/proc/proc_tty.o
  CC      io_uring/uring_cmd.o
  CC      kernel/entry/syscall-common.o
  CC      lib/decompress_inflate.o
  CC      fs/proc/cmdline.o
  CC      arch/x86/kernel/cpu/mce/severity.o
  CC      mm/zsmalloc.o
  CC      io_uring/openclose.o
  CC      lib/decompress_unlz4.o
  CC      kernel/entry/syscall_user_dispatch.o
  CC      fs/proc/consoles.o
  CC      lib/decompress_unlzma.o
  CC      arch/x86/kernel/cpu/mce/genpool.o
  AR      kernel/entry/built-in.a
  CC      fs/proc/cpuinfo.o
  CC      kernel/unwind/user.o
  CC      io_uring/sqpoll.o
  CC      mm/early_ioremap.o
  CC      kernel/unwind/deferred.o
  CC      arch/x86/kernel/cpu/mce/intel.o
  CC      lib/decompress_unlzo.o
  CC      fs/proc/devices.o
  CC      mm/numa.o
  AR      kernel/unwind/built-in.a
  CC      kernel/module/main.o
  CC      lib/decompress_unxz.o
  CC      fs/proc/interrupts.o
  CC      arch/x86/kernel/cpu/mce/amd.o
  CC      io_uring/xattr.o
  CC      mm/numa_memblks.o
  CC      lib/decompress_unzstd.o
  CC      fs/proc/loadavg.o
  CC      lib/dump_stack.o
  CC      fs/proc/meminfo.o
  CC      mm/balloon_compaction.o
  CC      io_uring/nop.o
  CC      arch/x86/kernel/cpu/mce/threshold.o
  CC      lib/extable.o
  CC      kernel/module/strict_rwx.o
  CC      io_uring/fs.o
  CC      fs/proc/stat.o
  CC      mm/secretmem.o
  CC      lib/flex_proportions.o
  AR      arch/x86/kernel/cpu/mce/built-in.a
  CC      arch/x86/kernel/cpu/mtrr/mtrr.o
  CC      kernel/module/kmod.o
  CC      fs/proc/uptime.o
  CC      lib/idr.o
  CC      io_uring/splice.o
  CC      mm/memfd.o
  CC      fs/proc/util.o
  CC      arch/x86/kernel/cpu/mtrr/if.o
  CC      lib/is_single_threaded.o
  CC      kernel/module/tree_lookup.o
  CC      io_uring/sync.o
  CC      lib/kobject.o
  CC      fs/proc/version.o
  CC      arch/x86/kernel/cpu/mtrr/generic.o
  CC      mm/ptdump.o
  CC      kernel/module/kallsyms.o
  CC      lib/kobject_uevent.o
  CC      fs/proc/softirqs.o
  CC      io_uring/msg_ring.o
  CC      mm/page_reporting.o
  CC      kernel/module/procfs.o
  CC      arch/x86/kernel/cpu/mtrr/cleanup.o
  CC      fs/proc/namespaces.o
  CC      io_uring/advise.o
  CC      lib/logic_pio.o
  CC      kernel/module/sysfs.o
  AR      arch/x86/kernel/cpu/mtrr/built-in.a
  CC      arch/x86/kernel/cpu/microcode/core.o
  CC      mm/execmem.o
  CC      fs/proc/self.o
  CC      lib/maple_tree.o
  AR      kernel/module/built-in.a
  CC      kernel/kcmp.o
  CC      io_uring/statx.o
  CC      fs/proc/thread_self.o
  CC      arch/x86/kernel/cpu/microcode/intel.o
  CC      mm/pt_reclaim.o
  CC      io_uring/timeout.o
  CC      fs/proc/proc_sysctl.o
  CC      kernel/freezer.o
  CC      arch/x86/kernel/cpu/microcode/amd.o
  CC      mm/corten.o
  CC      kernel/profile.o
  CC      io_uring/cancel.o
  AR      arch/x86/kernel/cpu/microcode/built-in.a
  CC      arch/x86/kernel/cpu/perfctr-watchdog.o
  CC      mm/corten_test.o
  CC      fs/proc/proc_net.o
  CC      kernel/stacktrace.o
  CC      io_uring/waitid.o
  CC      arch/x86/kernel/cpu/vmware.o
  CC      fs/proc/kcore.o
  CC      kernel/time/time.o
  CC      io_uring/register.o
  CC      arch/x86/kernel/cpu/hypervisor.o
  CC      lib/memcat_p.o
  CC      mm/corten_arena.o
  CC      arch/x86/kernel/cpu/mshyperv.o
  CC      lib/nmi_backtrace.o
  CC      fs/proc/vmcore.o
  CC      kernel/time/timer.o
  CC      lib/objpool.o
  CC      arch/x86/kernel/cpu/debugfs.o
  CC      fs/proc/kmsg.o
  CC      io_uring/truncate.o
  CC      lib/radix-tree.o
  CC      mm/corten_arena_test.o
  CC      fs/proc/page.o
  CC      arch/x86/kernel/cpu/bus_lock.o
  CC      kernel/time/hrtimer.o
  CC      io_uring/memmap.o
  CC      lib/seq_buf.o
  AR      fs/proc/built-in.a
  CC      fs/kernfs/mount.o
  CC      mm/corten_fault_test.o
  AR      arch/x86/kernel/cpu/built-in.a
  CC      arch/x86/kernel/acpi/boot.o
  CC      io_uring/alloc_cache.o
  CC      lib/sys_info.o
  CC      kernel/time/sleep_timeout.o
  CC      fs/kernfs/inode.o
  CC      io_uring/query.o
  CC      lib/vsprintf.o
  AR      mm/built-in.a
  CC      kernel/time/timekeeping.o
  CC      kernel/time/ntp.o
  CC      arch/x86/kernel/acpi/sleep.o
  CC      fs/kernfs/dir.o
  CC      io_uring/io-wq.o
  CC      kernel/time/clocksource.o
  CC      arch/x86/kernel/acpi/cppc.o
  CC      arch/x86/lib/copy_mc.o
  CC      arch/x86/kernel/acpi/madt_wakeup.o
  CC      fs/kernfs/file.o
  CC      arch/x86/lib/cpu.o
  CC      io_uring/futex.o
  CC      kernel/time/jiffies.o
  CC      lib/win_minmax.o
  CC      arch/x86/kernel/acpi/cstate.o
  CC      arch/x86/lib/csum-wrappers_64.o
  CC      kernel/time/timer_list.o
  CC      io_uring/epoll.o
  CC      fs/kernfs/symlink.o
  CC      arch/x86/lib/insn-eval.o
  CC      lib/xarray.o
  AR      arch/x86/kernel/acpi/built-in.a
  CC      arch/x86/kernel/reboot.o
  CC      kernel/time/timeconv.o
  CC      io_uring/napi.o
  AR      fs/kernfs/built-in.a
  CC      fs/sysfs/file.o
  CC      arch/x86/lib/usercopy.o
  CC      kernel/time/alarmtimer.o
  CC      arch/x86/kernel/msr.o
  CC      arch/x86/lib/usercopy_64.o
  CC      lib/parser.o
  CC      fs/sysfs/dir.o
  CC      lib/random32.o
  CC      arch/x86/lib/msr.o
  CC      io_uring/net.o
  CC      arch/x86/kernel/cpuid.o
  CC      fs/sysfs/symlink.o
  CC      lib/bust_spinlocks.o
  CC      kernel/time/posix-timers.o
  CC      arch/x86/kernel/early-quirks.o
  CC      lib/kasprintf.o
  CC      fs/sysfs/mount.o
  CC      arch/x86/lib/iomem.o
  CC      lib/bitmap.o
  AR      arch/x86/lib/lib.a
  AR      arch/x86/lib/built-in.a
  CC      kernel/time/posix-cpu-timers.o
  CC      arch/x86/kernel/smp.o
  CC      arch/x86/platform/efi/memmap.o
  CC      fs/sysfs/group.o
  CC      io_uring/cmd_net.o
  CC      lib/scatterlist.o
  AR      fs/sysfs/built-in.a
  CC      arch/x86/platform/efi/quirks.o
  CC      fs/devpts/inode.o
  CC      kernel/time/posix-clock.o
  CC      arch/x86/kernel/smpboot.o
  CC      io_uring/fdinfo.o
  CC      lib/iov_iter.o
  AR      fs/devpts/built-in.a
  CC      fs/netfs/buffered_read.o
  CC      arch/x86/platform/efi/efi.o
  CC      kernel/time/itimer.o
  AR      io_uring/built-in.a
  CC      drivers/irqchip/irq-msi-lib.o
  CC      arch/x86/kernel/tsc_sync.o
  AR      drivers/irqchip/built-in.a
  CC      drivers/leds/led-core.o
  CC      fs/netfs/buffered_write.o
  CC      arch/x86/platform/efi/efi_64.o
  CC      kernel/time/clockevents.o
  CC      arch/x86/kernel/setup_percpu.o
  CC      drivers/leds/led-class.o
  CC      lib/bsearch.o
  CC      arch/x86/kernel/mpparse.o
  CC      kernel/time/tick-common.o
  CC      fs/netfs/direct_read.o
  CC      arch/x86/platform/efi/runtime-map.o
  CC      drivers/leds/led-triggers.o
  CC      lib/kfifo.o
  CC      arch/x86/kernel/apic/apic.o
  CC      fs/netfs/direct_write.o
  CC      kernel/time/tick-broadcast.o
  AR      arch/x86/platform/efi/built-in.a
  AR      drivers/leds/built-in.a
  CC      arch/x86/platform/intel/iosf_mbi.o
  CC      drivers/pci/access.o
  CC      lib/percpu-refcount.o
  CC      kernel/time/tick-broadcast-hrtimer.o
  AR      arch/x86/platform/intel/built-in.a
  CC      fs/netfs/iterator.o
  AR      arch/x86/platform/built-in.a
  CC      arch/x86/kernel/apic/apic_common.o
  CC      lib/rhashtable.o
  CC      drivers/pci/bus.o
  CC      drivers/pci/probe.o
  CC      kernel/time/tick-oneshot.o
  CC      arch/x86/kernel/apic/apic_noop.o
  CC      fs/netfs/locking.o
  CC      drivers/video/aperture.o
  CC      lib/once.o
  CC      kernel/time/tick-sched.o
  CC      arch/x86/kernel/apic/ipi.o
  CC      fs/netfs/main.o
  CC      lib/usercopy.o
  CC      drivers/video/screen_info_pci.o
  CC      arch/x86/kernel/apic/vector.o
  CC      lib/bucket_locks.o
  CC      drivers/pci/host-bridge.o
  CC      kernel/time/timer_migration.o
  CC      drivers/video/cmdline.o
  CC      lib/generic-radix-tree.o
  CC      drivers/pci/remove.o
  CC      fs/netfs/misc.o
  CC      lib/bitmap-str.o
  CC      drivers/video/nomodeset.o
  CC      arch/x86/kernel/apic/init.o
  CC      drivers/pci/pci.o
  CC      kernel/time/vsyscall.o
  CC      lib/string_helpers.o
  CC      drivers/video/hdmi.o
  CC      arch/x86/kernel/apic/hw_nmi.o
  CC      kernel/time/timekeeping_debug.o
  CC      fs/netfs/objects.o
  CC      lib/kstrtox.o
  CC      arch/x86/kernel/apic/io_apic.o
  CC      drivers/video/console/dummycon.o
  CC      kernel/time/namespace.o
  CC      fs/netfs/read_collect.o
  CC      lib/kunit/test.o
  CC      drivers/video/console/vgacon.o
  AR      kernel/time/built-in.a
  CC      kernel/futex/core.o
  CC      drivers/pci/pci-driver.o
  CC      lib/kunit/resource.o
  CC      fs/netfs/read_pgpriv2.o
  CC      arch/x86/kernel/apic/msi.o
  AR      drivers/video/console/built-in.a
  CC      drivers/video/backlight/backlight.o
  CC      lib/kunit/user_alloc.o
  CC      kernel/futex/syscalls.o
  CC      fs/netfs/read_retry.o
  CC      arch/x86/kernel/apic/x2apic_phys.o
  CC      drivers/pci/search.o
  AR      drivers/video/backlight/built-in.a
  CC      lib/kunit/static_stub.o
  AR      drivers/video/built-in.a
  CC      lib/kunit/string-stream.o
  CC      arch/x86/kernel/apic/x2apic_cluster.o
  CC      kernel/futex/pi.o
  CC      drivers/pci/rom.o
  CC      fs/netfs/read_single.o
  CC      lib/kunit/assert.o
  CC      lib/kunit/try-catch.o
  CC      arch/x86/kernel/apic/apic_flat_64.o
  CC      kernel/futex/requeue.o
  CC      drivers/pci/setup-res.o
  CC      kernel/futex/waitwake.o
  CC      lib/kunit/executor.o
  CC      fs/netfs/rolling_buffer.o
  CC      arch/x86/kernel/apic/probe_64.o
  CC      drivers/pci/irq.o
  CC      fs/ext4/balloc.o
  CC      lib/kunit/attributes.o
  AR      kernel/futex/built-in.a
  CC      kernel/dma.o
  CC      fs/netfs/write_collect.o
  AR      arch/x86/kernel/apic/built-in.a
  CC      arch/x86/kernel/trace.o
  CC      drivers/pci/vpd.o
  CC      kernel/smp.o
  CC      lib/kunit/device.o
  CC      arch/x86/kernel/rethook.o
  CC      fs/netfs/write_issue.o
  CC      fs/ext4/bitmap.o
  CC      lib/kunit/platform.o
  CC      drivers/pci/setup-bus.o
  CC      arch/x86/kernel/vmcore_info_64.o
  CC      kernel/uid16.o
  AR      lib/kunit/built-in.a
  CC      lib/math/rational.o
  CC      fs/ext4/block_validity.o
  CC      arch/x86/kernel/machine_kexec_64.o
  CC      fs/netfs/write_retry.o
  AR      lib/math/built-in.a
  CC      lib/crc/crc16.o
  CC      kernel/kallsyms.o
  CC      drivers/pci/vc.o
  CC      fs/ext4/dir.o
  CC      arch/x86/kernel/crash_dump_64.o
  AR      fs/netfs/built-in.a
  CC      lib/crc/crc-ccitt.o
  CC      lib/crypto/hash_info.o
  CC      drivers/pci/mmap.o
  CC      arch/x86/kernel/crash.o
  CC      lib/crc/crc32-main.o
  CC      lib/crypto/memneq.o
  CC      fs/ext4/ext4_jbd2.o
  CC      kernel/acct.o
  CC      drivers/pci/devres.o
  CC      lib/crypto/utils.o
  AR      lib/crc/built-in.a
  CC      arch/x86/kernel/kprobes/core.o
  CC      fs/jbd2/transaction.o
  CC      kernel/vmcore_info.o
  CC      lib/crypto/aes.o
  CC      drivers/pci/msi/pcidev_msi.o
  CC      fs/ext4/extents.o
  CC      arch/x86/kernel/kprobes/opt.o
  CC      kernel/elfcorehdr.o
  CC      drivers/pci/msi/api.o
  CC      lib/crypto/arc4.o
  CC      fs/jbd2/commit.o
  CC      kernel/crash_reserve.o
  CC      lib/crypto/gf128mul.o
  AR      arch/x86/kernel/kprobes/built-in.a
  CC      arch/x86/kernel/module.o
  CC      drivers/pci/msi/msi.o
  CC      kernel/kexec_core.o
  CC      fs/jbd2/recovery.o
  CC      lib/crypto/blake2s.o
  CC      arch/x86/kernel/early_printk.o
  CC      drivers/pci/msi/irqdomain.o
  CC      arch/x86/kernel/hpet.o
  CC      lib/crypto/md5.o
  CC      fs/jbd2/checkpoint.o
  CC      kernel/crash_core.o
  CC      fs/ext4/extents_status.o
  AR      drivers/pci/msi/built-in.a
  CC      drivers/pci/pcie/portdrv.o
  CC      lib/crypto/sha1.o
  CC      kernel/kexec.o
  CC      fs/jbd2/revoke.o
  CC      arch/x86/kernel/amd_nb.o
  CC      drivers/pci/pcie/rcec.o
  CC      lib/crypto/sha256.o
  CC      fs/ext4/file.o
  CC      kernel/compat.o
  CC      arch/x86/kernel/amd_node.o
  CC      fs/jbd2/journal.o
  CC      drivers/pci/pcie/bwctrl.o
  CC      lib/crypto/sha512.o
  CC      arch/x86/kernel/kvm.o
  CC      drivers/pci/pcie/aspm.o
  CC      kernel/cgroup/cgroup.o
  CC      fs/ext4/fsmap.o
  CC      lib/crypto/mpi/generic_mpih-lshift.o
  CC      drivers/pci/pcie/pme.o
  CC      lib/crypto/mpi/generic_mpih-mul1.o
  CC      arch/x86/kernel/kvmclock.o
  AR      fs/jbd2/built-in.a
  CC      lib/crypto/mpi/generic_mpih-mul2.o
  CC      fs/ext4/fsync.o
  CC      lib/crypto/mpi/generic_mpih-mul3.o
  AR      drivers/pci/pcie/built-in.a
  CC      arch/x86/kernel/paravirt.o
  CC      drivers/pci/proc.o
  CC      arch/x86/kernel/pvclock.o
  CC      lib/crypto/mpi/generic_mpih-rshift.o
  CC      fs/ext4/hash.o
  CC      lib/vdso/datastore.o
  CC      arch/x86/kernel/pcspeaker.o
  CC      drivers/pci/pci-sysfs.o
  CC      lib/crypto/mpi/generic_mpih-sub1.o
  AR      lib/vdso/built-in.a
  CC      lib/iomap.o
  CC      fs/ext4/ialloc.o
  CC      arch/x86/kernel/check.o
  CC      lib/crypto/mpi/generic_mpih-add1.o
  CC      kernel/cgroup/rstat.o
  CC      arch/x86/kernel/uprobes.o
  CC      kernel/cgroup/namespace.o
  CC      drivers/pci/slot.o
  CC      lib/crypto/mpi/mpicoder.o
  CC      drivers/pci/pci-acpi.o
  CC      kernel/cgroup/cgroup-v1.o
  CC      kernel/cgroup/freezer.o
  CC      lib/crypto/mpi/mpi-add.o
  CC      fs/ext4/indirect.o
  CC      arch/x86/kernel/perf_regs.o
  CC      lib/crypto/mpi/mpi-bit.o
  CC      drivers/pci/iomap.o
  CC      kernel/cgroup/legacy_freezer.o
  CC      arch/x86/kernel/itmt.o
  CC      arch/x86/kernel/umip.o
  CC      lib/crypto/mpi/mpi-cmp.o
  CC      drivers/pci/quirks.o
  CC      fs/ext4/inline.o
  CC      kernel/cgroup/pids.o
  CC      kernel/utsname.o
  CC      lib/crypto/mpi/mpi-sub-ui.o
  CC      arch/x86/kernel/unwind_orc.o
  CC      kernel/cgroup/rdma.o
  CC      lib/devres.o
  CC      lib/crypto/mpi/mpi-div.o
  CC      arch/x86/kernel/callthunks.o
  CC      fs/ext4/inode.o
  CC      kernel/cgroup/cpuset.o
  CC      kernel/cgroup/misc.o
  CC      lib/crypto/mpi/mpi-mod.o
  CC      drivers/pci/hotplug/pci_hotplug_core.o
  CC      arch/x86/kernel/cet.o
  CC      kernel/pid_namespace.o
  CC      lib/crypto/mpi/mpi-mul.o
  CC      drivers/pci/hotplug/acpi_pcihp.o
  CC      arch/x86/kernel/audit_64.o
  CC      lib/crypto/mpi/mpih-cmp.o
  CC      sound/sound_core.o
  CC      kernel/cgroup/debug.o
  AR      drivers/pci/hotplug/built-in.a
  CC      drivers/pci/ats.o
  CC      arch/x86/kernel/mmconf-fam10h_64.o
  CC      lib/crypto/mpi/mpih-div.o
  CC      sound/core/sound.o
  AR      kernel/cgroup/built-in.a
  UPD     kernel/config_data
  CC      kernel/stop_machine.o
  CC      drivers/pci/pci-label.o
  CC      arch/x86/kernel/vsmp_64.o
  CC      lib/crypto/mpi/mpih-mul.o
  CC      sound/core/init.o
  CC      drivers/pci/vgaarb.o
  CC      fs/ext4/ioctl.o
  AR      arch/x86/kernel/built-in.a
  AR      arch/x86/built-in.a
  CC      kernel/audit.o
  CC      sound/core/memory.o
  CC      lib/crypto/mpi/mpi-pow.o
  CC      drivers/acpi/tables.o
  CC      sound/core/control.o
  CC      lib/crypto/mpi/mpiutil.o
  AR      drivers/pci/built-in.a
  CC      drivers/pnp/core.o
  AR      lib/crypto/mpi/built-in.a
  AR      lib/crypto/built-in.a
  CC      lib/assoc_array.o
  CC      fs/ext4/mballoc.o
  CC      drivers/acpi/osi.o
  CC      drivers/pnp/card.o
  CC      kernel/auditfilter.o
  CC      sound/core/misc.o
  CC      lib/bitrev.o
  CC      drivers/acpi/osl.o
  CC      drivers/pnp/driver.o
  CC      sound/core/device.o
  CC      lib/xxhash.o
  CC      drivers/pnp/resource.o
  CC      kernel/auditsc.o
  CC      drivers/acpi/utils.o
  CC      sound/core/info.o
  CC      lib/genalloc.o
  CC      drivers/pnp/manager.o
  CC      sound/core/isadma.o
  CC      drivers/acpi/reboot.o
  CC      lib/zlib_inflate/infutil.o
  CC      kernel/audit_watch.o
  CC      lib/zlib_inflate/inflate_syms.o
  CC      drivers/pnp/support.o
  CC      fs/ext4/migrate.o
  CC      sound/core/vmaster.o
  CC      drivers/acpi/nvs.o
  AR      lib/zlib_inflate/built-in.a
  CC      lib/zlib_deflate/deflate.o
  CC      drivers/pnp/interface.o
  CC      kernel/audit_fsnotify.o
  CC      sound/core/ctljack.o
  CC      drivers/acpi/wakeup.o
  CC      fs/ext4/mmp.o
  CC      drivers/pnp/quirks.o
  CC      lib/zlib_deflate/deflate_syms.o
  CC      sound/core/jack.o
  CC      drivers/acpi/sleep.o
  CC      kernel/audit_tree.o
  CC      fs/ext4/move_extent.o
  AR      lib/zlib_deflate/built-in.a
  CC      lib/lzo/lzo1x_compress.o
  CC      drivers/pnp/system.o
  CC      sound/core/hwdep.o
  CC      drivers/acpi/device_sysfs.o
  CC      lib/lzo/lzo1x_compress_safe.o
  CC      drivers/pnp/pnpacpi/core.o
  CC      fs/ext4/namei.o
  CC      kernel/kprobes.o
  CC      sound/core/timer.o
  CC      lib/lzo/lzo1x_decompress_safe.o
  CC      drivers/pnp/pnpacpi/rsparser.o
  CC      drivers/acpi/device_pm.o
  AR      lib/lzo/built-in.a
  CC      lib/lz4/lz4_compress.o
  AR      drivers/pnp/pnpacpi/built-in.a
  AR      drivers/pnp/built-in.a
  CC      lib/lz4/lz4_decompress.o
  CC      sound/core/hrtimer.o
  CC      kernel/seccomp.o
  CC      drivers/acpi/proc.o
  CC      sound/core/pcm.o
  CC      fs/ext4/page-io.o
  CC      drivers/acpi/bus.o
  CC      kernel/relay.o
  AR      lib/lz4/built-in.a
  CC      lib/zstd/zstd_decompress_module.o
  CC      sound/core/pcm_native.o
  CC      fs/ramfs/inode.o
  CC      fs/ext4/readpage.o
  CC      drivers/acpi/glue.o
  CC      lib/zstd/zstd_common_module.o
  CC      kernel/delayacct.o
  CC      fs/ramfs/file-mmu.o
  AR      lib/zstd/built-in.a
  CC      lib/xz/xz_dec_syms.o
  CC      kernel/taskstats.o
  CC      drivers/acpi/scan.o
  CC      fs/ext4/resize.o
  AR      fs/ramfs/built-in.a
  CC      lib/xz/xz_dec_stream.o
  CC      lib/xz/xz_dec_lzma2.o
  CC      net/devres.o
  CC      sound/core/pcm_lib.o
  CC      kernel/tsacct.o
  CC      lib/xz/xz_dec_bcj.o
  CC      drivers/acpi/mipi-disco-img.o
  AR      lib/xz/built-in.a
  CC      lib/percpu_counter.o
  CC      kernel/tracepoint.o
  CC      fs/ext4/super.o
  CC      net/socket.o
  CC      drivers/acpi/resource.o
  CC      lib/syscall.o
  CC      sound/core/pcm_misc.o
  CC      kernel/trace/trace_clock.o
  CC      lib/nlattr.o
  CC      drivers/acpi/acpi_processor.o
  CC      kernel/trace/ring_buffer.o
  CC      sound/core/pcm_memory.o
  CC      sound/core/memalloc.o
  CC      drivers/acpi/processor_core.o
  CC      lib/cpu_rmap.o
  CC      net/core/sock.o
  CC      lib/dynamic_queue_limits.o
  CC      drivers/acpi/processor_pdc.o
  CC      sound/core/pcm_timer.o
  CC      drivers/acpi/ec.o
  CC      sound/core/seq_device.o
  CC      lib/glob.o
  CC      kernel/trace/trace.o
  CC      lib/dim/dim.o
  CC      sound/core/seq/seq.o
  CC      drivers/acpi/dock.o
  CC      lib/dim/net_dim.o
  CC      sound/core/seq/seq_lock.o
  CC      net/core/request_sock.o
  CC      drivers/acpi/pci_root.o
  CC      sound/core/seq/seq_clientmgr.o
  CC      lib/dim/rdma_dim.o
  CC      net/core/skbuff.o
  CC      fs/ext4/symlink.o
  CC      drivers/acpi/pci_link.o
  AR      lib/dim/built-in.a
  CC      lib/strncpy_from_user.o
  CC      sound/core/seq/seq_memory.o
  CC      fs/ext4/sysfs.o
  CC      lib/strnlen_user.o
  CC      drivers/acpi/pci_irq.o
  CC      kernel/trace/trace_output.o
  CC      sound/core/seq/seq_queue.o
  CC      lib/net_utils.o
  CC      fs/ext4/xattr.o
  CC      drivers/acpi/acpi_apd.o
  CC      lib/sg_pool.o
  CC      sound/core/seq/seq_fifo.o
  CC      drivers/acpi/acpi_platform.o
  CC      kernel/trace/trace_seq.o
  CC      lib/stackdepot.o
  CC      sound/core/seq/seq_prioq.o
  CC      kernel/trace/trace_stat.o
  CC      drivers/acpi/acpi_pnp.o
  CC      fs/ext4/xattr_hurd.o
  CC      lib/asn1_decoder.o
  CC      sound/core/seq/seq_timer.o
  CC      drivers/acpi/power.o
  CC      kernel/trace/trace_printk.o
  CC      fs/ext4/xattr_trusted.o
  CC      net/core/datagram.o
  CC      lib/fonts/fonts.o
  CC      sound/core/seq/seq_system.o
  CC      fs/ext4/xattr_user.o
  CC      drivers/acpi/event.o
  CC      lib/fonts/font_8x16.o
  CC      kernel/trace/pid_list.o
  CC      sound/core/seq/seq_ports.o
  AR      lib/fonts/built-in.a
  CC      lib/oid_registry.o
  CC      fs/ext4/fast_commit.o
  CC      net/core/stream.o
  CC      drivers/acpi/evged.o
  CC      kernel/trace/trace_sched_switch.o
  CC      sound/core/seq/seq_info.o
  CC      lib/ucs2_string.o
  CC      drivers/acpi/sysfs.o
  CC      sound/core/seq/seq_dummy.o
  CC      lib/sbitmap.o
  CC      net/core/scm.o
  CC      kernel/trace/trace_nop.o
  AR      sound/core/seq/built-in.a
  AR      sound/core/built-in.a
  CC      fs/ext4/orphan.o
  CC      drivers/acpi/property.o
  CC      lib/group_cpus.o
  CC      sound/hda/core/hda_bus_type.o
  CC      kernel/trace/blktrace.o
  CC      net/core/gen_stats.o
  CC      fs/ext4/acl.o
  CC      lib/fw_table.o
  CC      sound/hda/core/bus.o
  CC      drivers/acpi/debugfs.o
  AR      lib/lib.a
  AR      lib/built-in.a
  CC      net/core/gen_estimator.o
  CC      net/core/net_namespace.o
  CC      drivers/acpi/acpi_lpat.o
  CC      fs/ext4/xattr_security.o
  CC      sound/hda/core/device.o
  CC      kernel/trace/trace_events.o
  CC      drivers/acpi/acpi_lpit.o
  AR      fs/ext4/built-in.a
  CC      fs/hugetlbfs/inode.o
  CC      sound/hda/core/sysfs.o
  CC      kernel/irq_work.o
  CC      drivers/acpi/prmt.o
  CC      net/core/secure_seq.o
  CC      fs/fat/cache.o
  CC      sound/hda/core/regmap.o
  CC      kernel/trace/trace_export.o
  CC      drivers/acpi/acpi_pcc.o
  AR      fs/hugetlbfs/built-in.a
  CC      sound/hda/common/bind.o
  CC      sound/hda/core/controller.o
  CC      fs/fat/dir.o
  CC      net/core/flow_dissector.o
  CC      kernel/trace/trace_event_perf.o
  CC      drivers/acpi/acpi_mrrm.o
  CC      sound/hda/common/codec.o
  CC      sound/hda/core/stream.o
  CC      kernel/trace/trace_events_filter.o
  CC      fs/fat/fatent.o
  CC      drivers/acpi/acpica/dsargs.o
  CC      drivers/acpi/acpica/dscontrol.o
  CC      net/core/sysctl_net_core.o
  CC      sound/hda/core/array.o
  CC      drivers/acpi/acpica/dsdebug.o
  CC      sound/hda/common/jack.o
  CC      fs/fat/file.o
  CC      drivers/acpi/acpica/dsfield.o
  CC      kernel/trace/trace_events_trigger.o
  CC      sound/hda/core/hdmi_chmap.o
  CC      drivers/acpi/acpica/dsinit.o
  CC      net/core/dev.o
  CC      sound/hda/common/auto_parser.o
  CC      fs/fat/inode.o
  CC      drivers/acpi/acpica/dsmethod.o
  CC      sound/hda/core/trace.o
  CC      kernel/trace/trace_eprobe.o
  CC      drivers/acpi/acpica/dsmthdat.o
  CC      sound/hda/common/sysfs.o
  CC      drivers/acpi/acpica/dsobject.o
  CC      sound/hda/core/component.o
  CC      fs/fat/misc.o
  CC      drivers/acpi/acpica/dsopcode.o
  CC      sound/hda/common/controller.o
  CC      kernel/trace/trace_kprobe.o
  CC      sound/hda/core/i915.o
  CC      drivers/acpi/acpica/dspkginit.o
  CC      fs/fat/nfs.o
  CC      drivers/acpi/acpica/dsutils.o
  CC      sound/hda/core/intel-dsp-config.o
  CC      drivers/acpi/acpica/dswexec.o
  CC      fs/fat/namei_vfat.o
  CC      sound/hda/common/proc.o
  CC      drivers/acpi/acpica/dswload.o
  CC      sound/hda/core/intel-nhlt.o
  CC      kernel/trace/error_report-traces.o
  CC      drivers/acpi/acpica/dswload2.o
  CC      sound/hda/common/hwdep.o
  CC      fs/fat/namei_msdos.o
  CC      sound/hda/core/intel-sdw-acpi.o
  CC      drivers/acpi/acpica/dswscope.o
  CC      kernel/trace/power-traces.o
  CC      drivers/acpi/acpica/dswstate.o
  AR      sound/hda/common/built-in.a
  CC      drivers/acpi/acpica/evevent.o
  AR      sound/hda/core/built-in.a
  CC      sound/hda/controllers/intel.o
  AR      fs/fat/built-in.a
  CC      fs/isofs/namei.o
  CC      drivers/acpi/acpica/evgpe.o
  CC      kernel/trace/rpm-traces.o
  CC      kernel/trace/trace_dynevent.o
  CC      drivers/acpi/acpica/evgpeblk.o
  CC      net/core/dev_api.o
  CC      fs/isofs/inode.o
  CC      drivers/acpi/acpica/evgpeinit.o
  CC      kernel/trace/trace_probe.o
  AR      sound/hda/controllers/built-in.a
  AR      sound/hda/built-in.a
  CC      sound/last.o
  CC      kernel/trace/trace_uprobe.o
  CC      drivers/acpi/acpica/evgpeutil.o
  CC      net/core/dev_addr_lists.o
  CC      fs/isofs/dir.o
  CC      drivers/acpi/acpica/evglock.o
  AR      sound/built-in.a
  CC      drivers/acpi/ac.o
  CC      drivers/acpi/acpica/evhandler.o
  CC      drivers/acpi/button.o
  CC      fs/isofs/util.o
  CC      kernel/trace/rethook.o
  CC      drivers/acpi/acpica/evmisc.o
  CC      net/core/dst.o
  CC      drivers/acpi/acpica/evregion.o
  CC      drivers/acpi/fan_core.o
  CC      fs/isofs/rock.o
  AR      kernel/trace/built-in.a
  CC      kernel/bpf/core.o
  CC      fs/nfs/client.o
  CC      drivers/acpi/acpica/evrgnini.o
  CC      drivers/acpi/acpica/evsci.o
  CC      drivers/acpi/acpica/evxface.o
  CC      fs/isofs/export.o
  CC      net/core/netevent.o
  CC      drivers/acpi/fan_attr.o
  CC      drivers/acpi/acpica/evxfevnt.o
  CC      fs/isofs/joliet.o
  CC      net/core/neighbour.o
  CC      fs/nfs/dir.o
  CC      drivers/acpi/acpica/evxfgpe.o
  CC      drivers/acpi/acpica/evxfregn.o
  CC      fs/isofs/compress.o
  CC      drivers/acpi/acpica/exconcat.o
  CC      fs/nfs/file.o
  AR      kernel/bpf/built-in.a
  CC      kernel/static_call.o
  CC      drivers/acpi/acpica/exconfig.o
  CC      kernel/static_call_inline.o
  AR      fs/isofs/built-in.a
  CC      drivers/acpi/acpica/exconvrt.o
  CC      kernel/events/core.o
  CC      drivers/acpi/acpica/excreate.o
  CC      kernel/events/ring_buffer.o
  CC      drivers/acpi/acpica/exdebug.o
  CC      kernel/padata.o
  CC      net/core/rtnetlink.o
  CC      fs/nfs/getroot.o
  CC      drivers/acpi/acpica/exdump.o
  CC      kernel/events/callchain.o
  CC      drivers/acpi/acpica/exfield.o
  CC      drivers/acpi/acpica/exfldio.o
  CC      fs/exportfs/expfs.o
  CC      fs/nfs/inode.o
  CC      drivers/acpi/acpica/exmisc.o
  CC      fs/lockd/clntlock.o
  AR      fs/exportfs/built-in.a
  CC      drivers/acpi/acpica/exmutex.o
  CC      kernel/jump_label.o
  CC      drivers/acpi/acpica/exnames.o
  CC      fs/lockd/clntproc.o
  CC      drivers/acpi/acpica/exoparg1.o
  CC      fs/lockd/clntxdr.o
  CC      drivers/acpi/acpica/exoparg2.o
  CC      fs/nfs/super.o
  CC      net/core/utils.o
  CC      drivers/acpi/acpica/exoparg3.o
  CC      fs/lockd/host.o
  CC      fs/lockd/svc.o
  CC      drivers/acpi/acpica/exoparg6.o
  CC      drivers/acpi/acpica/exprep.o
  CC      kernel/events/hw_breakpoint.o
  CC      net/core/link_watch.o
  CC      drivers/acpi/acpica/exregion.o
  CC      fs/nfs/io.o
  CC      fs/lockd/svclock.o
  CC      fs/lockd/svcshare.o
  CC      drivers/acpi/acpica/exresnte.o
  CC      kernel/events/uprobes.o
  CC      net/core/filter.o
  CC      drivers/acpi/acpica/exresolv.o
  CC      fs/nfs/direct.o
  CC      drivers/acpi/acpica/exresop.o
  CC      fs/lockd/svcproc.o
  CC      fs/lockd/svcsubs.o
  CC      drivers/acpi/acpica/exserial.o
  CC      drivers/acpi/acpica/exstore.o
  AR      kernel/events/built-in.a
  CC      kernel/context_tracking.o
  CC      drivers/acpi/acpica/exstoren.o
  CC      drivers/dma/dmaengine.o
  CC      fs/nfs/pagelist.o
  CC      fs/lockd/mon.o
  CC      drivers/acpi/acpica/exstorob.o
  CC      kernel/iomem.o
  CC      drivers/acpi/acpica/exsystem.o
  CC      drivers/dma/virt-dma.o
  CC      drivers/acpi/acpica/extrace.o
  CC      kernel/rseq.o
  CC      fs/lockd/trace.o
  CC      drivers/acpi/acpica/exutils.o
  CC      drivers/dma/acpi-dma.o
  CC      fs/nfs/read.o
  CC      drivers/acpi/acpica/hwacpi.o
  GZIP    kernel/config_data.gz
  CC      kernel/configs.o
  CC      drivers/acpi/acpica/hwesleep.o
  CC      fs/lockd/xdr.o
  CC      drivers/dma/dw/core.o
  CC      drivers/acpi/acpica/hwgpe.o
  AR      kernel/built-in.a
  CC      drivers/acpi/fan_hwmon.o
  CC      drivers/acpi/acpica/hwregs.o
  CC      fs/nfs/symlink.o
  CC      drivers/dma/hsu/hsu.o
  CC      net/core/sock_diag.o
  CC      fs/lockd/netlink.o
  CC      drivers/dma/dw/dw.o
  CC      drivers/acpi/acpica/hwsleep.o
  CC      drivers/acpi/acpica/hwvalid.o
  AR      drivers/dma/hsu/built-in.a
  CC      fs/lockd/clnt4xdr.o
  CC      drivers/dma/dw/idma32.o
  CC      fs/nfs/unlink.o
  CC      drivers/acpi/acpi_video.o
  CC      drivers/acpi/acpica/hwxface.o
  CC      net/core/dev_ioctl.o
  CC      drivers/acpi/acpica/hwxfsleep.o
  CC      drivers/dma/dw/acpi.o
  CC      drivers/acpi/acpica/hwpci.o
  CC      fs/lockd/xdr4.o
  CC      fs/lockd/svc4proc.o
  CC      drivers/acpi/acpica/nsaccess.o
  AR      drivers/dma/dw/built-in.a
  AR      drivers/dma/built-in.a
  CC      fs/nfs/write.o
  CC      drivers/virtio/virtio.o
  CC      net/core/tso.o
  CC      drivers/acpi/acpica/nsalloc.o
  CC      drivers/acpi/acpica/nsarguments.o
  CC      fs/lockd/procfs.o
  CC      drivers/virtio/virtio_ring.o
  CC      net/core/sock_reuseport.o
  CC      drivers/acpi/acpica/nsconvert.o
  CC      drivers/virtio/virtio_anchor.o
  AR      fs/lockd/built-in.a
  CC      drivers/acpi/video_detect.o
  CC      drivers/acpi/acpica/nsdump.o
  CC      drivers/acpi/acpica/nseval.o
  CC      fs/nfs/namespace.o
  CC      drivers/virtio/virtio_pci_modern_dev.o
  CC      drivers/acpi/acpica/nsinit.o
  CC      net/core/fib_notifier.o
  CC      drivers/virtio/virtio_pci_legacy_dev.o
  CC      drivers/tty/tty_io.o
  CC      drivers/acpi/acpica/nsload.o
  CC      drivers/tty/n_tty.o
  CC      drivers/virtio/virtio_pci_modern.o
  CC      drivers/acpi/acpica/nsnames.o
  CC      fs/nfs/mount_clnt.o
  CC      net/core/xdp.o
  CC      drivers/acpi/acpica/nsobject.o
  CC      drivers/acpi/acpica/nsparse.o
  CC      drivers/virtio/virtio_pci_common.o
  CC      drivers/virtio/virtio_pci_legacy.o
  CC      drivers/tty/tty_ioctl.o
  CC      fs/nfs/nfstrace.o
  CC      drivers/acpi/acpica/nspredef.o
  CC      net/core/flow_offload.o
  CC      drivers/acpi/acpica/nsprepkg.o
  CC      drivers/virtio/virtio_pci_admin_legacy_io.o
  CC      net/core/gro.o
  CC      drivers/tty/tty_ldisc.o
  CC      drivers/acpi/acpica/nsrepair.o
  CC      drivers/virtio/virtio_balloon.o
  CC      drivers/acpi/acpica/nsrepair2.o
  CC      drivers/tty/tty_buffer.o
  CC      drivers/tty/tty_port.o
  CC      drivers/acpi/acpica/nssearch.o
  CC      net/core/netdev-genl.o
  CC      drivers/acpi/processor_driver.o
  CC      drivers/virtio/virtio_input.o
  CC      drivers/acpi/acpica/nsutils.o
  CC      drivers/tty/tty_mutex.o
  CC      drivers/acpi/acpica/nswalk.o
  CC      drivers/virtio/virtio_dma_buf.o
  CC      drivers/tty/tty_ldsem.o
  CC      drivers/char/mem.o
  CC      drivers/acpi/acpica/nsxfeval.o
  CC      fs/nfs/export.o
  AR      drivers/virtio/built-in.a
  CC      drivers/iommu/amd/iommu.o
  CC      drivers/tty/tty_baudrate.o
  CC      drivers/acpi/acpica/nsxfname.o
  CC      net/core/netdev-genl-gen.o
  CC      drivers/char/random.o
  CC      drivers/acpi/acpica/nsxfobj.o
  CC      drivers/tty/tty_jobctrl.o
  CC      drivers/acpi/acpica/psargs.o
  CC      net/core/gso.o
  CC      fs/nfs/sysfs.o
  CC      drivers/acpi/acpica/psloop.o
  CC      drivers/tty/n_null.o
  CC      drivers/iommu/amd/init.o
  CC      drivers/char/misc.o
  CC      drivers/acpi/acpica/psobject.o
  CC      net/core/net-sysfs.o
  CC      drivers/tty/pty.o
  CC      fs/nfs/fs_context.o
  CC      drivers/acpi/acpica/psopcode.o
  CC      drivers/char/virtio_console.o
  CC      drivers/acpi/acpica/psopinfo.o
  CC      drivers/tty/tty_audit.o
  CC      drivers/acpi/acpica/psparse.o
  CC      drivers/iommu/amd/quirks.o
  CC      drivers/acpi/acpica/psscope.o
  CC      drivers/tty/sysrq.o
  CC      drivers/char/hpet.o
  CC      net/core/hotdata.o
  CC      drivers/acpi/acpica/pstree.o
  CC      fs/nfs/nfsroot.o
  CC      drivers/iommu/amd/io_pgtable.o
  CC      drivers/acpi/acpica/psutils.o
  CC      drivers/acpi/acpica/pswalk.o
  CC      drivers/tty/vt/vt_ioctl.o
  CC      drivers/char/nvram.o
  CC      net/core/netdev_rx_queue.o
  CC      drivers/iommu/amd/io_pgtable_v2.o
  CC      drivers/acpi/acpica/psxface.o
  CC      fs/nfs/sysctl.o
  CC      drivers/acpi/acpica/rsaddr.o
  CC      drivers/char/hw_random/core.o
  CC      drivers/tty/vt/vc_screen.o
  CC      drivers/iommu/amd/ppr.o
  CC      drivers/acpi/acpica/rscalc.o
  CC      net/core/netdev_queues.o
  CC      fs/nfs/nfs3super.o
  CC      drivers/acpi/acpica/rscreate.o
  CC      drivers/char/hw_random/via-rng.o
  CC      drivers/tty/vt/selection.o
  CC      drivers/iommu/amd/pasid.o
  CC      drivers/acpi/acpica/rsdumpinfo.o
  CC      net/core/net-procfs.o
  AR      drivers/char/hw_random/built-in.a
  CC      drivers/char/agp/backend.o
  CC      drivers/acpi/acpica/rsinfo.o
  CC      fs/nfs/nfs3client.o
  CC      drivers/tty/vt/keyboard.o
  AR      drivers/iommu/amd/built-in.a
  CC      drivers/iommu/intel/iommu.o
  CC      drivers/acpi/acpica/rsio.o
  CC      drivers/char/agp/generic.o
  CC      drivers/acpi/acpica/rsirq.o
  CC      net/core/netpoll.o
  CC      drivers/acpi/acpica/rslist.o
  CC      fs/nfs/nfs3proc.o
  CC      drivers/acpi/acpica/rsmemory.o
  CC      drivers/tty/vt/vt.o
  CC      drivers/char/agp/isoch.o
  CC      drivers/acpi/acpica/rsmisc.o
  CC      drivers/acpi/acpica/rsserial.o
  CC      net/core/fib_rules.o
  CC      fs/nfs/nfs3xdr.o
  CC      drivers/char/agp/amd64-agp.o
  CC      drivers/acpi/acpica/rsutils.o
  CC      drivers/iommu/intel/pasid.o
  CC      drivers/acpi/acpica/rsxface.o
  CC      drivers/char/agp/intel-agp.o
  CC      drivers/tty/vt/consolemap.o
  CC      drivers/acpi/acpica/tbdata.o
  CC      net/core/net-traces.o
  CC      drivers/iommu/intel/nested.o
  CC      drivers/acpi/acpica/tbfadt.o
  CC      drivers/char/agp/intel-gtt.o
  CC      fs/nfs/nfs3acl.o
  AR      drivers/tty/vt/built-in.a
  CC      drivers/tty/hvc/hvc_console.o
  CC      drivers/acpi/acpica/tbfind.o
  CC      drivers/acpi/acpica/tbinstal.o
  CC      drivers/iommu/intel/cache.o
  AR      drivers/char/agp/built-in.a
  AR      drivers/char/built-in.a
  CC      drivers/tty/serial/serial_core.o
  CC      drivers/acpi/acpica/tbprint.o
  AR      drivers/tty/hvc/built-in.a
  CC      drivers/iommu/iommu.o
  CC      fs/nfs/nfs4proc.o
  CC      drivers/acpi/acpica/tbutils.o
  CC      drivers/acpi/acpica/tbxface.o
  CC      drivers/iommu/intel/prq.o
  CC      drivers/acpi/acpica/tbxfload.o
  CC      drivers/iommu/iommu-pages.o
  CC      drivers/acpi/acpica/tbxfroot.o
  CC      drivers/tty/serial/serial_base_bus.o
  CC      drivers/iommu/intel/dmar.o
  CC      drivers/acpi/acpica/utaddress.o
  CC      net/core/selftests.o
  CC      drivers/acpi/acpica/utalloc.o
  CC      net/compat.o
  CC      drivers/tty/serial/serial_ctrl.o
  CC      drivers/acpi/acpica/utascii.o
  CC      drivers/acpi/acpica/utbuffer.o
  CC      drivers/tty/serial/serial_port.o
  CC      drivers/acpi/acpica/utcksum.o
  CC      net/core/ptp_classifier.o
  CC      fs/nfs/nfs4xdr.o
  CC      net/ethernet/eth.o
  CC      drivers/iommu/intel/trace.o
  CC      drivers/acpi/acpica/utcopy.o
  CC      drivers/tty/serial/earlycon.o
  CC      drivers/acpi/acpica/utexcep.o
  CC      net/core/netprio_cgroup.o
  CC      drivers/tty/serial/8250/8250_core.o
  CC      drivers/acpi/acpica/utdebug.o
  CC      drivers/iommu/intel/perfmon.o
  AR      net/ethernet/built-in.a
  CC      drivers/tty/serial/8250/8250_platform.o
  CC      drivers/acpi/acpica/utdecode.o
  CC      drivers/acpi/acpica/utdelete.o
  CC      drivers/tty/serial/8250/8250_pnp.o
  CC      net/core/netclassid_cgroup.o
  CC      drivers/tty/serial/8250/8250_port.o
  CC      drivers/acpi/acpica/uterror.o
  CC      fs/nfs/nfs4state.o
  AR      drivers/iommu/intel/built-in.a
  CC      drivers/iommu/iommu-traces.o
  CC      drivers/tty/serial/8250/8250_dma.o
  CC      drivers/acpi/acpica/uteval.o
  CC      net/core/dst_cache.o
  CC      drivers/acpi/acpica/utglobal.o
  CC      fs/nls/nls_base.o
  CC      drivers/acpi/acpica/uthex.o
  CC      drivers/iommu/iommu-sysfs.o
  CC      drivers/tty/serial/8250/8250_dwlib.o
  CC      drivers/acpi/acpica/utids.o
  CC      net/core/gro_cells.o
  CC      fs/nls/nls_cp437.o
  CC      drivers/iommu/dma-iommu.o
  CC      drivers/acpi/acpica/utinit.o
  CC      fs/nfs/nfs4renewd.o
  CC      drivers/tty/serial/8250/8250_pcilib.o
  CC      fs/nls/nls_ascii.o
  CC      drivers/acpi/acpica/utlock.o
  CC      drivers/acpi/acpica/utmath.o
  CC      net/core/failover.o
  CC      fs/nls/nls_iso8859-1.o
  CC      drivers/tty/serial/8250/8250_rsa.o
  CC      drivers/acpi/acpica/utmisc.o
  CC      fs/nfs/nfs4super.o
  CC      drivers/iommu/io-pgtable.o
  CC      fs/nls/nls_utf8.o
  CC      drivers/acpi/acpica/utmutex.o
  CC      drivers/tty/serial/8250/8250_early.o
  AR      net/core/built-in.a
  CC      net/sched/sch_generic.o
  CC      drivers/acpi/acpica/utnonansi.o
  CC      drivers/iommu/iova.o
  AR      fs/nls/built-in.a
  CC      drivers/acpi/processor_thermal.o
  CC      drivers/tty/serial/8250/8250_exar.o
  CC      drivers/acpi/acpica/utobject.o
  CC      fs/nfs/nfs4file.o
  CC      drivers/acpi/acpica/utosi.o
  CC      net/netlink/af_netlink.o
  CC      drivers/iommu/iommu-sva.o
  CC      drivers/acpi/acpica/utownerid.o
  CC      drivers/tty/serial/8250/8250_lpss.o
  CC      drivers/iommu/io-pgfault.o
  CC      net/sched/sch_mq.o
  CC      drivers/acpi/acpica/utpredef.o
  CC      fs/nfs/delegation.o
  CC      drivers/acpi/acpica/utresdecode.o
  CC      drivers/tty/serial/8250/8250_mid.o
  CC      drivers/acpi/acpica/utresrc.o
  AR      drivers/iommu/built-in.a
  CC      net/sched/sch_frag.o
  CC      drivers/acpi/acpica/utstate.o
  CC      net/sched/sch_api.o
  CC      drivers/tty/serial/8250/8250_pci.o
  CC      net/netlink/genetlink.o
  CC      drivers/acpi/acpica/utstring.o
  CC      drivers/acpi/acpica/utstrsuppt.o
  CC      fs/nfs/nfs4idmap.o
  CC      net/sched/sch_blackhole.o
  CC      drivers/acpi/acpica/utstrtoul64.o
  CC      drivers/tty/serial/8250/8250_pericom.o
  CC      drivers/acpi/acpica/utxface.o
  CC      drivers/acpi/acpica/utxfinit.o
  CC      net/netlink/policy.o
  CC      net/sched/cls_api.o
  CC      arch/x86/pci/i386.o
  CC      drivers/acpi/acpica/utxferror.o
  CC      fs/nfs/callback.o
  AR      drivers/tty/serial/8250/built-in.a
  AR      drivers/tty/serial/built-in.a
  AR      drivers/tty/built-in.a
  CC      drivers/acpi/processor_idle.o
  CC      drivers/acpi/acpica/utxfmutex.o
  AR      net/netlink/built-in.a
  CC      net/sched/act_api.o
  CC      arch/x86/pci/init.o
  AR      drivers/acpi/acpica/built-in.a
  CC      drivers/acpi/processor_throttling.o
  CC      fs/nfs/callback_xdr.o
  CC      arch/x86/pci/mmconfig_64.o
  CC      fs/autofs/init.o
  CC      drivers/acpi/processor_perflib.o
  CC      fs/autofs/inode.o
  CC      arch/x86/pci/direct.o
  CC      fs/autofs/root.o
  CC      net/sched/sch_fifo.o
  CC      drivers/acpi/container.o
  CC      fs/nfs/callback_proc.o
  CC      arch/x86/pci/mmconfig-shared.o
  CC      arch/x86/pci/fixup.o
  CC      fs/autofs/symlink.o
  CC      drivers/acpi/thermal_lib.o
  CC      net/sched/cls_cgroup.o
  CC      fs/autofs/waitq.o
  CC      fs/9p/vfs_super.o
  CC      arch/x86/pci/acpi.o
  CC      fs/nfs/nfs4namespace.o
  CC      drivers/acpi/thermal.o
  CC      net/sched/ematch.o
  CC      fs/9p/vfs_inode.o
  CC      fs/autofs/expire.o
  CC      arch/x86/pci/legacy.o
  CC      drivers/acpi/nhlt.o
  CC      fs/nfs/nfs4getroot.o
  CC      arch/x86/pci/irq.o
  AR      net/sched/built-in.a
  CC      fs/autofs/dev-ioctl.o
  CC      drivers/acpi/numa/srat.o
  CC      net/ethtool/ioctl.o
  CC      fs/9p/vfs_inode_dotl.o
  CC      fs/nfs/nfs4client.o
  AR      drivers/acpi/numa/built-in.a
  CC      drivers/acpi/acpi_memhotplug.o
  AR      fs/autofs/built-in.a
  CC      fs/9p/vfs_addr.o
  CC      arch/x86/pci/common.o
  CC      drivers/gpu/drm/drm_atomic.o
  CC      drivers/acpi/ioapic.o
  CC      fs/9p/vfs_file.o
  CC      arch/x86/pci/early.o
  CC      fs/nfs/nfs4session.o
  CC      drivers/acpi/battery.o
  CC      arch/x86/pci/bus_numa.o
  CC      net/ethtool/common.o
  CC      fs/9p/vfs_dir.o
  CC      drivers/gpu/drm/drm_atomic_uapi.o
  CC      arch/x86/pci/amd_bus.o
  CC      fs/nfs/dns_resolve.o
  CC      drivers/acpi/bgrt.o
  CC      fs/9p/vfs_dentry.o
  CC      net/ethtool/netlink.o
  CC      drivers/gpu/drm/drm_auth.o
  AR      arch/x86/pci/built-in.a
  CC      drivers/acpi/cppc_acpi.o
  CC      drivers/gpu/drm/drm_blend.o
  CC      fs/9p/v9fs.o
  CC      fs/nfs/nfs4trace.o
  CC      drivers/gpu/drm/drm_bridge.o
  CC      fs/9p/fid.o
  CC      net/netfilter/core.o
  CC      drivers/acpi/spcr.o
  CC      net/ethtool/bitset.o
  CC      fs/9p/xattr.o
  CC      drivers/gpu/drm/drm_cache.o
  CC      drivers/acpi/x86/apple.o
  CC      net/netfilter/nf_log.o
  CC      fs/9p/acl.o
  CC      net/ethtool/strset.o
  CC      drivers/gpu/drm/drm_color_mgmt.o
  CC      drivers/acpi/x86/cmos_rtc.o
  CC      fs/nfs/nfs4sysctl.o
  AR      fs/9p/built-in.a
  CC      drivers/gpu/drm/drm_colorop.o
  CC      drivers/acpi/x86/lpss.o
  CC      drivers/acpi/x86/s2idle.o
  CC      net/netfilter/nf_queue.o
  CC      net/ethtool/linkinfo.o
  CC      drivers/gpu/drm/drm_connector.o
  CC      net/netfilter/nf_sockopt.o
  AR      fs/nfs/built-in.a
  CC      drivers/acpi/x86/utils.o
  CC      fs/debugfs/inode.o
  CC      net/ethtool/linkmodes.o
  CC      fs/debugfs/file.o
  CC      drivers/acpi/x86/blacklist.o
  CC      net/netfilter/utils.o
  CC      drivers/gpu/drm/drm_crtc.o
  CC      drivers/gpu/drm/drm_displayid.o
  CC      net/ethtool/rss.o
  AR      drivers/acpi/x86/built-in.a
  AR      drivers/acpi/built-in.a
  CC      drivers/gpu/drm/drm_drv.o
  AR      fs/debugfs/built-in.a
  CC      net/netfilter/nfnetlink.o
  CC      fs/tracefs/inode.o
  CC      drivers/gpu/drm/drm_dumb_buffers.o
  CC      net/netfilter/nfnetlink_log.o
  CC      net/netfilter/nf_conntrack_core.o
  CC      fs/tracefs/event_inode.o
  CC      drivers/gpu/drm/drm_edid.o
  CC      net/ethtool/linkstate.o
  CC      net/netfilter/nf_conntrack_standalone.o
  CC      net/netfilter/nf_conntrack_expect.o
  AR      fs/tracefs/built-in.a
  CC [M]  fs/efivarfs/inode.o
  CC      net/ethtool/debug.o
  CC      net/netfilter/nf_conntrack_helper.o
  CC [M]  fs/efivarfs/file.o
  CC      net/netfilter/nf_conntrack_proto.o
  CC      net/ethtool/wol.o
  CC      net/netfilter/nf_conntrack_proto_generic.o
  CC [M]  fs/efivarfs/super.o
  CC      drivers/gpu/drm/drm_encoder.o
  CC      net/netfilter/nf_conntrack_proto_tcp.o
  CC      net/ethtool/features.o
  CC [M]  fs/efivarfs/vars.o
  CC      drivers/gpu/drm/drm_file.o
  CC      net/netfilter/nf_conntrack_proto_udp.o
  CC      net/netfilter/nf_conntrack_proto_icmp.o
  LD [M]  fs/efivarfs/efivarfs.o
  AR      fs/built-in.a
  CC      net/ethtool/privflags.o
  CC      net/netfilter/nf_conntrack_extend.o
  CC      net/ipv4/route.o
  CC      drivers/gpu/drm/drm_fourcc.o
  CC      net/netfilter/nf_conntrack_acct.o
  CC      net/netfilter/nf_conntrack_seqadj.o
  CC      drivers/gpu/drm/drm_framebuffer.o
  CC      net/ethtool/rings.o
  CC      net/netfilter/nf_conntrack_proto_icmpv6.o
  CC      net/netfilter/nf_conntrack_netlink.o
  CC      drivers/gpu/drm/drm_gem.o
  CC      net/ipv4/inetpeer.o
  CC      net/ethtool/channels.o
  CC      net/netfilter/nf_conntrack_ftp.o
  CC      net/ipv4/protocol.o
  CC      net/ipv4/ip_input.o
  CC      drivers/gpu/drm/drm_ioctl.o
  CC      net/ethtool/coalesce.o
  CC      net/netfilter/nf_conntrack_irc.o
  CC      net/ipv4/ip_fragment.o
  CC      drivers/gpu/drm/drm_lease.o
  CC      net/netfilter/nf_conntrack_sip.o
  CC      net/ethtool/pause.o
  CC      net/ipv4/ip_forward.o
  CC      net/netfilter/nf_nat_core.o
  CC      drivers/gpu/drm/drm_managed.o
  CC      arch/x86/power/cpu.o
  CC      net/ethtool/eee.o
  CC      drivers/gpu/drm/drm_mm.o
  CC      net/ipv4/ip_options.o
  CC      arch/x86/power/hibernate_64.o
  CC      net/xfrm/xfrm_policy.o
  CC      net/netfilter/nf_nat_proto.o
  CC      net/ethtool/tsinfo.o
  CC      drivers/gpu/drm/drm_mode_config.o
  CC      arch/x86/power/hibernate.o
  CC      net/ipv4/ip_output.o
  CC      drivers/gpu/drm/drm_mode_object.o
  AR      arch/x86/power/built-in.a
  CC      net/netfilter/nf_nat_helper.o
  CC      net/ethtool/cabletest.o
  CC      net/ethtool/tunnels.o
  CC      drivers/gpu/drm/drm_modes.o
  CC      net/netfilter/nf_nat_masquerade.o
  CC      net/netfilter/nf_nat_ftp.o
  CC      net/xfrm/xfrm_state.o
  CC      net/ethtool/fec.o
  CC      net/ipv4/ip_sockglue.o
  CC      drivers/gpu/drm/drm_modeset_lock.o
  CC      net/netfilter/nf_nat_irc.o
  CC      net/netfilter/nf_nat_sip.o
  CC      net/ethtool/eeprom.o
  CC      drivers/gpu/drm/drm_plane.o
  CC      net/ipv4/inet_hashtables.o
  CC      net/netfilter/x_tables.o
  CC      net/ethtool/stats.o
  CC      drivers/connector/cn_queue.o
  CC      drivers/gpu/drm/drm_prime.o
  CC      net/xfrm/xfrm_hash.o
  CC      net/xfrm/xfrm_input.o
  CC      net/ethtool/phc_vclocks.o
  CC      drivers/connector/connector.o
  CC      drivers/gpu/drm/drm_print.o
  CC      net/netfilter/xt_tcpudp.o
  CC      net/ipv4/inet_timewait_sock.o
  CC      drivers/gpu/drm/drm_property.o
  CC      net/ethtool/mm.o
  CC      drivers/connector/cn_proc.o
  CC      net/xfrm/xfrm_output.o
  CC      net/netfilter/xt_CONNSECMARK.o
  CC      net/ipv4/inet_connection_sock.o
  CC      drivers/gpu/drm/drm_rect.o
  CC      net/ethtool/module.o
  AR      drivers/connector/built-in.a
  CC      net/unix/af_unix.o
  CC      drivers/gpu/drm/drm_syncobj.o
  CC      net/netfilter/xt_NFLOG.o
  CC      net/xfrm/xfrm_sysctl.o
  CC      net/ethtool/cmis_fw_update.o
  CC      net/netfilter/xt_SECMARK.o
  CC      net/ipv4/tcp.o
  CC      drivers/gpu/drm/drm_sysfs.o
  CC      net/xfrm/xfrm_replay.o
  CC      net/ethtool/cmis_cdb.o
  CC      net/unix/garbage.o
  CC      net/netfilter/xt_TCPMSS.o
  CC      drivers/gpu/drm/drm_trace_points.o
  CC      net/xfrm/xfrm_device.o
  CC      net/ethtool/pse-pd.o
  CC      net/unix/sysctl_net_unix.o
  CC      drivers/gpu/drm/drm_vblank.o
  CC      net/netfilter/xt_conntrack.o
  CC      net/xfrm/xfrm_nat_keepalive.o
  CC      net/ethtool/plca.o
  AR      net/unix/built-in.a
  CC      arch/x86/video/video-common.o
  CC      net/ipv4/tcp_input.o
  CC      net/netfilter/xt_policy.o
  CC      drivers/gpu/drm/drm_vblank_work.o
  AR      arch/x86/video/built-in.a
  CC      net/xfrm/xfrm_algo.o
  CC      net/netfilter/xt_state.o
  CC      net/ethtool/phy.o
  CC      drivers/gpu/drm/drm_vma_manager.o
  CC      drivers/gpu/drm/drm_writeback.o
  CC      net/ipv4/tcp_output.o
  CC      net/xfrm/xfrm_user.o
  CC      net/ethtool/tsconfig.o
  CC [M]  net/netfilter/nf_log_syslog.o
  CC      drivers/gpu/drm/drm_ioc32.o
  CC      drivers/gpu/drm/drm_panel.o
  AR      net/ethtool/built-in.a
  CC [M]  net/netfilter/xt_mark.o
  CC [M]  net/netfilter/xt_LOG.o
  CC [M]  net/netfilter/xt_MASQUERADE.o
  CC      drivers/gpu/drm/drm_pci.o
  AR      net/xfrm/built-in.a
  CC [M]  net/netfilter/xt_addrtype.o
  CC      drivers/base/component.o
  CC      drivers/gpu/drm/drm_debugfs.o
  CC      net/ipv4/tcp_timer.o
  CC      drivers/base/core.o
  CC      drivers/block/loop.o
  CC      drivers/base/bus.o
  CC      drivers/gpu/drm/drm_debugfs_crc.o
  AR      net/netfilter/built-in.a
  CC      drivers/base/dd.o
  CC      drivers/gpu/drm/drm_panel_orientation_quirks.o
  CC      net/ipv4/tcp_ipv4.o
  CC      drivers/block/virtio_blk.o
  CC      drivers/block/zram/zcomp.o
  CC      drivers/block/zram/zram_drv.o
  CC      drivers/gpu/drm/drm_buddy.o
  CC      drivers/block/zram/backend_lzorle.o
  CC      drivers/base/syscore.o
  CC      drivers/block/zram/backend_lzo.o
  CC      drivers/block/zram/backend_lz4.o
  CC      drivers/gpu/drm/drm_gem_shmem_helper.o
  CC      drivers/misc/eeprom/eeprom_93cx6.o
  CC      drivers/misc/mei/init.o
  AR      drivers/block/zram/built-in.a
  CC      drivers/base/driver.o
  AR      drivers/block/built-in.a
  CC      drivers/gpu/drm/drm_atomic_helper.o
  AR      drivers/misc/eeprom/built-in.a
  CC      net/ipv6/af_inet6.o
  CC      drivers/misc/mei/hbm.o
  CC      drivers/base/class.o
  CC      net/ipv4/tcp_minisocks.o
  CC      drivers/gpu/drm/drm_atomic_state_helper.o
  CC      drivers/base/platform.o
  CC      drivers/misc/mei/interrupt.o
  CC      net/ipv4/tcp_cong.o
  CC      drivers/gpu/drm/drm_bridge_helper.o
  CC      net/ipv6/anycast.o
  CC      net/ipv4/tcp_metrics.o
  CC      drivers/misc/mei/client.o
  CC      drivers/gpu/drm/drm_crtc_helper.o
  CC      drivers/base/cpu.o
  CC      net/ipv4/tcp_fastopen.o
  CC      net/ipv6/ip6_output.o
  CC      drivers/base/firmware.o
  CC      drivers/gpu/drm/drm_damage_helper.o
  CC      drivers/misc/mei/main.o
  CC      drivers/misc/mei/dma-ring.o
  CC      drivers/base/init.o
  CC      drivers/gpu/drm/drm_flip_work.o
  CC      drivers/misc/mei/bus.o
  CC      net/ipv4/tcp_rate.o
  CC      drivers/base/map.o
  CC      drivers/misc/mei/bus-fixup.o
  CC      drivers/gpu/drm/drm_format_helper.o
  CC      drivers/base/devres.o
  CC      net/packet/af_packet.o
  CC      drivers/misc/mei/debugfs.o
  CC      net/ipv6/ip6_input.o
  CC      net/ipv4/tcp_recovery.o
  CC      drivers/gpu/drm/drm_gem_atomic_helper.o
  CC      drivers/misc/mei/mei-trace.o
  CC      drivers/base/attribute_container.o
  CC      drivers/gpu/drm/drm_gem_framebuffer_helper.o
  CC      drivers/base/transport_class.o
  CC      drivers/misc/mei/pci-me.o
  CC      net/ipv4/tcp_ulp.o
  CC      net/ipv6/addrconf.o
  CC      drivers/gpu/drm/drm_kms_helper_common.o
  CC      drivers/base/topology.o
  CC      drivers/misc/mei/hw-me.o
  AR      net/packet/built-in.a
  CC      drivers/gpu/drm/drm_modeset_helper.o
  CC      drivers/base/container.o
  CC      net/ipv4/tcp_offload.o
  CC      net/sunrpc/clnt.o
  CC      drivers/base/property.o
  CC      drivers/gpu/drm/drm_plane_helper.o
  AR      drivers/misc/mei/built-in.a
  AR      drivers/misc/built-in.a
  CC      net/wireless/core.o
  CC      drivers/gpu/drm/drm_probe_helper.o
  CC      net/ipv4/tcp_plb.o
  CC      drivers/base/cacheinfo.o
  CC      drivers/gpu/drm/drm_self_refresh_helper.o
  CC      net/ipv6/addrlabel.o
  CC      net/sunrpc/xprt.o
  CC      drivers/base/swnode.o
  CC      net/ipv4/datagram.o
  CC      drivers/gpu/drm/drm_simple_kms_helper.o
  CC      net/wireless/sysfs.o
  CC      drivers/gpu/drm/bridge/panel.o
  CC      net/ipv6/route.o
  CC      drivers/base/faux.o
  CC      net/ipv4/raw.o
  CC      drivers/base/auxiliary.o
  CC      drivers/gpu/drm/drm_mipi_dsi.o
  CC      net/sunrpc/socklib.o
  CC      net/wireless/radiotap.o
  CC      drivers/base/devtmpfs.o
  CC      net/ipv4/udp.o
  CC      drivers/gpu/drm/display/drm_display_helper_mod.o
  CC      net/wireless/util.o
  CC      net/sunrpc/xprtsock.o
  CC      drivers/base/power/sysfs.o
  CC      drivers/gpu/drm/display/drm_dp_dual_mode_helper.o
  CC      drivers/base/power/generic_ops.o
  CC      drivers/gpu/drm/display/drm_dp_helper.o
  CC      net/ipv6/ip6_fib.o
  CC      drivers/base/power/common.o
  CC      net/sunrpc/sched.o
  CC      drivers/base/power/qos.o
  CC      net/wireless/reg.o
  CC      net/ipv4/udplite.o
  CC      drivers/gpu/drm/display/drm_dp_mst_topology.o
  CC      net/ipv6/ipv6_sockglue.o
  CC      drivers/base/power/runtime.o
  CC      net/ipv4/udp_offload.o
  CC      drivers/base/power/wakeirq.o
  CC      net/ipv6/ndisc.o
  CC      net/wireless/scan.o
  CC      drivers/base/power/main.o
  CC      net/ipv4/arp.o
  CC      drivers/gpu/drm/display/drm_dsc_helper.o
  CC      drivers/gpu/drm/display/drm_hdcp_helper.o
  CC      drivers/base/power/wakeup.o
  CC      net/ipv6/udp.o
  CC      net/ipv4/icmp.o
  CC      net/sunrpc/auth.o
  CC      drivers/gpu/drm/display/drm_hdmi_helper.o
  CC      net/wireless/nl80211.o
  CC      drivers/gpu/drm/display/drm_scdc_helper.o
  CC      drivers/base/power/wakeup_stats.o
  CC      drivers/base/power/trace.o
  CC      net/ipv4/devinet.o
  AR      drivers/gpu/drm/display/built-in.a
  CC      net/sunrpc/auth_null.o
  CC      drivers/gpu/drm/ttm/ttm_tt.o
  CC      net/ipv6/udplite.o
  AR      drivers/base/power/built-in.a
  CC      drivers/base/firmware_loader/main.o
  CC      drivers/gpu/drm/ttm/ttm_bo.o
  CC      net/sunrpc/auth_tls.o
  CC      net/ipv6/raw.o
  CC      drivers/base/firmware_loader/builtin/main.o
  CC      net/ipv4/af_inet.o
  CC      drivers/gpu/drm/ttm/ttm_bo_util.o
  CC      net/sunrpc/auth_unix.o
  AR      drivers/base/firmware_loader/builtin/built-in.a
  AR      drivers/base/firmware_loader/built-in.a
  CC      drivers/base/node.o
  CC      drivers/gpu/drm/ttm/ttm_bo_vm.o
  CC      drivers/base/module.o
  CC      net/sunrpc/svc.o
  CC      net/ipv6/icmp.o
  CC      drivers/base/auxiliary_sysfs.o
  CC      net/ipv4/igmp.o
  CC      drivers/gpu/drm/ttm/ttm_module.o
  CC      drivers/base/regmap/regmap.o
  CC      drivers/gpu/drm/ttm/ttm_execbuf_util.o
  CC      net/ipv6/mcast.o
  CC      net/sunrpc/svcsock.o
  CC      drivers/gpu/drm/ttm/ttm_range_manager.o
  CC      drivers/gpu/drm/ttm/ttm_resource.o
  CC      net/ipv4/fib_frontend.o
  CC      drivers/base/regmap/regcache.o
  CC      drivers/gpu/drm/ttm/ttm_pool.o
  CC      net/sunrpc/svcauth.o
  CC      net/ipv6/reassembly.o
  CC      drivers/base/regmap/regcache-rbtree.o
  CC      net/ipv4/fib_semantics.o
  CC      drivers/gpu/drm/ttm/ttm_device.o
  CC      drivers/base/regmap/regcache-flat.o
  CC      net/ipv6/tcp_ipv6.o
  CC      net/sunrpc/svcauth_unix.o
  CC      drivers/gpu/drm/ttm/ttm_sys_manager.o
  CC      drivers/base/regmap/regcache-maple.o
  CC      drivers/gpu/drm/ttm/ttm_backup.o
  CC      drivers/base/regmap/regmap-debugfs.o
  CC      net/ipv4/fib_trie.o
  CC      net/wireless/mlme.o
  CC      drivers/gpu/drm/ttm/ttm_agp_backend.o
  CC      net/sunrpc/addr.o
  AR      drivers/base/regmap/built-in.a
  CC      drivers/base/platform-msi.o
  CC      net/ipv6/ping.o
  AR      drivers/gpu/drm/ttm/built-in.a
  CC      drivers/base/physical_location.o
  CC      net/sunrpc/rpcb_clnt.o
  CC      drivers/base/trace.o
  CC      net/ipv4/fib_notifier.o
  CC      drivers/gpu/drm/i915/i915_driver.o
  CC      net/ipv6/exthdrs.o
  CC      net/wireless/ibss.o
  AR      drivers/base/built-in.a
  CC      net/ipv6/datagram.o
  CC      net/sunrpc/timer.o
  CC      net/ipv4/inet_fragment.o
  CC      drivers/gpu/drm/i915/i915_drm_client.o
  CC      net/ipv4/ping.o
  CC      net/wireless/sme.o
  CC      net/sunrpc/xdr.o
  CC      net/ipv6/ip6_flowlabel.o
  CC      drivers/gpu/drm/i915/i915_getparam.o
  CC      drivers/gpu/drm/i915/i915_ioctl.o
  CC      net/ipv4/ip_tunnel_core.o
  CC      net/ipv6/inet6_connection_sock.o
  CC      net/wireless/chan.o
  CC      drivers/gpu/drm/i915/i915_irq.o
  CC      net/wireless/ethtool.o
  CC      net/sunrpc/sunrpc_syms.o
  CC      net/ipv4/gre_offload.o
  CC      net/ipv6/udp_offload.o
  CC      drivers/gpu/drm/i915/i915_mitigations.o
  CC      net/sunrpc/cache.o
  CC      net/ipv6/seg6.o
  CC      net/wireless/mesh.o
  CC      net/ipv4/metrics.o
  CC      drivers/gpu/drm/i915/i915_module.o
  CC      drivers/gpu/drm/i915/i915_params.o
  CC      net/ipv6/fib6_notifier.o
  CC      net/sunrpc/rpc_pipe.o
  CC      drivers/gpu/drm/i915/i915_pci.o
  CC      net/ipv4/netlink.o
  CC      net/wireless/ap.o
  CC      drivers/dma-buf/dma-buf.o
  CC      net/ipv6/rpl.o
  CC      drivers/gpu/drm/i915/i915_scatterlist.o
  CC      net/ipv4/nexthop.o
  CC      net/sunrpc/sysfs.o
  CC      net/ipv6/ioam6.o
  CC      drivers/dma-buf/dma-fence.o
  CC      net/wireless/trace.o
  CC      drivers/gpu/drm/i915/i915_switcheroo.o
Terminated
Terminated
Terminated
Terminated
Terminated
make[4]: *** [scripts/Makefile.build:291: net/wireless/trace.o] Terminated
make[3]: *** [scripts/Makefile.build:552: net/wireless] Terminated
make[4]: *** [scripts/Makefile.build:291: net/ipv6/ioam6.o] Terminated
make[4]: *** [scripts/Makefile.build:291: drivers/dma-buf/dma-fence.o] Terminated
make[4]: *** [scripts/Makefile.build:291: net/ipv4/nexthop.o] Terminated
make[4]: *** [scripts/Makefile.build:291: net/sunrpc/sysfs.o] Terminated
make[3]: *** [scripts/Makefile.build:552: drivers/dma-buf] Terminated
make[3]: *** [scripts/Makefile.build:552: net/sunrpc] Terminated
make[3]: *** [scripts/Makefile.build:552: net/ipv6] Terminated
make[3]: *** [scripts/Makefile.build:552: net/ipv4] Terminated
make[2]: *** [scripts/Makefile.build:552: net] Terminated
make[1]: *** [/home/ppw/linux-6.18-m3b46/Makefile:2080: .] Terminated
make: *** [Makefile:266: __sub-make] Terminated
make[6]: *** [scripts/Makefile.build:291: drivers/gpu/drm/i915/i915_switcheroo.o] Terminated
make[5]: *** [scripts/Makefile.build:552: drivers/gpu/drm/i915] Terminated
make[4]: *** [scripts/Makefile.build:552: drivers/gpu/drm] Terminated
make[3]: *** [scripts/Makefile.build:552: drivers/gpu] Terminated
