qemu-system-x86_64: warning: host doesn't support requested feature: CPUID.80000001H:ECX.svm [bit 2]
qemu-system-x86_64: warning: host doesn't support requested feature: CPUID.80000001H:ECX.svm [bit 2]
c[?7l[2J[0mSeaBIOS (version 1.15.0-1)


iPXE (https://ipxe.org) 00:03.0 CA00 PCI2.10 PnP PMM+7FF8B310+7FECB310 CA00
Press Ctrl-B to configure iPXE (PCI 00:03.0)...                                                                               


Booting from ROM...
c[?7l[2J[    0.000000] Linux version 6.18.32-ge911b31adb9c-dirty (ppw@vm) (gcc (Ubuntu 11.4.0-1ubuntu1~22.04.3) 11.4.0, GNU ld (GNU Binutils for Ubuntu) 2.38) #15 SMP PREEMPT_DYNAMIC Mon Sep 14 06:49:43 CST 2026
[    0.000000] Command line: console=ttyS0 panic=-1 kunit.filter_glob=corten*
[    0.000000] x86/CPU: Model not found in latest microcode list
[    0.000000] BIOS-provided physical RAM map:
[    0.000000] BIOS-e820: [mem 0x0000000000000000-0x000000000009fbff] usable
[    0.000000] BIOS-e820: [mem 0x000000000009fc00-0x000000000009ffff] reserved
[    0.000000] BIOS-e820: [mem 0x00000000000f0000-0x00000000000fffff] reserved
[    0.000000] BIOS-e820: [mem 0x0000000000100000-0x000000007ffdffff] usable
[    0.000000] BIOS-e820: [mem 0x000000007ffe0000-0x000000007fffffff] reserved
[    0.000000] BIOS-e820: [mem 0x00000000feffc000-0x00000000feffffff] reserved
[    0.000000] BIOS-e820: [mem 0x00000000fffc0000-0x00000000ffffffff] reserved
[    0.000000] NX (Execute Disable) protection: active
[    0.000000] APIC: Static calls initialized
[    0.000000] SMBIOS 2.8 present.
[    0.000000] DMI: QEMU Standard PC (i440FX + PIIX, 1996), BIOS 1.15.0-1 04/01/2014
[    0.000000] DMI: Memory slots populated: 1/1
[    0.000000] Hypervisor detected: KVM
[    0.000000] last_pfn = 0x7ffe0 max_arch_pfn = 0x400000000
[    0.000000] kvm-clock: Using msrs 4b564d01 and 4b564d00
[    0.000004] kvm-clock: using sched offset of 1884981778 cycles
[    0.000029] clocksource: kvm-clock: mask: 0xffffffffffffffff max_cycles: 0x1cd42e4dffb, max_idle_ns: 881590591483 ns
[    0.000072] tsc: Detected 2419.200 MHz processor
[    0.004226] last_pfn = 0x7ffe0 max_arch_pfn = 0x400000000
[    0.005119] MTRR map: 4 entries (3 fixed + 1 variable; max 19), built from 8 variable MTRRs
[    0.005220] x86/PAT: Configuration [0-7]: WB  WC  UC- UC  WB  WP  UC- WT  
[    0.024743] found SMP MP-table at [mem 0x000f5ba0-0x000f5baf]
[    0.025560] ACPI: Early table checksum verification disabled
[    0.025749] ACPI: RSDP 0x00000000000F59E0 000014 (v00 BOCHS )
[    0.025871] ACPI: RSDT 0x000000007FFE1960 000034 (v01 BOCHS  BXPC     00000001 BXPC 00000001)
[    0.025966] ACPI: FACP 0x000000007FFE180C 000074 (v01 BOCHS  BXPC     00000001 BXPC 00000001)
[    0.026097] ACPI: DSDT 0x000000007FFE0040 0017CC (v01 BOCHS  BXPC     00000001 BXPC 00000001)
[    0.026125] ACPI: FACS 0x000000007FFE0000 000040
[    0.026131] ACPI: APIC 0x000000007FFE1880 000080 (v01 BOCHS  BXPC     00000001 BXPC 00000001)
[    0.026137] ACPI: HPET 0x000000007FFE1900 000038 (v01 BOCHS  BXPC     00000001 BXPC 00000001)
[    0.026143] ACPI: WAET 0x000000007FFE1938 000028 (v01 BOCHS  BXPC     00000001 BXPC 00000001)
[    0.026148] ACPI: Reserving FACP table memory at [mem 0x7ffe180c-0x7ffe187f]
[    0.026152] ACPI: Reserving DSDT table memory at [mem 0x7ffe0040-0x7ffe180b]
[    0.026154] ACPI: Reserving FACS table memory at [mem 0x7ffe0000-0x7ffe003f]
[    0.026155] ACPI: Reserving APIC table memory at [mem 0x7ffe1880-0x7ffe18ff]
[    0.026157] ACPI: Reserving HPET table memory at [mem 0x7ffe1900-0x7ffe1937]
[    0.026158] ACPI: Reserving WAET table memory at [mem 0x7ffe1938-0x7ffe195f]
[    0.029252] No NUMA configuration found
[    0.029259] Faking a node at [mem 0x0000000000000000-0x000000007ffdffff]
[    0.029269] NODE_DATA(0) allocated [mem 0x7ffdc140-0x7ffdffff]
[    0.030950] Zone ranges:
[    0.030956]   DMA      [mem 0x0000000000001000-0x0000000000ffffff]
[    0.030962]   DMA32    [mem 0x0000000001000000-0x000000007ffdffff]
[    0.030969]   Normal   empty
[    0.030971] Movable zone start for each node
[    0.030973] Early memory node ranges
[    0.030974]   node   0: [mem 0x0000000000001000-0x000000000009efff]
[    0.030978]   node   0: [mem 0x0000000000100000-0x000000007ffdffff]
[    0.030982] Initmem setup node 0 [mem 0x0000000000001000-0x000000007ffdffff]
[    0.031742] On node 0, zone DMA: 1 pages in unavailable ranges
[    0.032121] On node 0, zone DMA: 97 pages in unavailable ranges
[    0.194994] On node 0, zone DMA32: 32 pages in unavailable ranges
[    0.198116] ACPI: PM-Timer IO Port: 0x608
[    0.198206] ACPI: LAPIC_NMI (acpi_id[0xff] dfl dfl lint[0x1])
[    0.199453] IOAPIC[0]: apic_id 0, version 17, address 0xfec00000, GSI 0-23
[    0.199465] ACPI: INT_SRC_OVR (bus 0 bus_irq 0 global_irq 2 dfl dfl)
[    0.199469] ACPI: INT_SRC_OVR (bus 0 bus_irq 5 global_irq 5 high level)
[    0.199472] ACPI: INT_SRC_OVR (bus 0 bus_irq 9 global_irq 9 high level)
[    0.199537] ACPI: INT_SRC_OVR (bus 0 bus_irq 10 global_irq 10 high level)
[    0.199541] ACPI: INT_SRC_OVR (bus 0 bus_irq 11 global_irq 11 high level)
[    0.199550] ACPI: Using ACPI (MADT) for SMP configuration information
[    0.199553] ACPI: HPET id: 0x8086a201 base: 0xfed00000
[    0.199573] CPU topo: Max. logical packages:   1
[    0.199575] CPU topo: Max. logical dies:       1
[    0.199576] CPU topo: Max. dies per package:   1
[    0.199586] CPU topo: Max. threads per core:   1
[    0.199611] CPU topo: Num. cores per package:     2
[    0.199613] CPU topo: Num. threads per package:   2
[    0.199614] CPU topo: Allowing 2 present CPUs plus 0 hotplug CPUs
[    0.200082] kvm-guest: APIC: eoi() replaced with kvm_guest_apic_eoi_write()
[    0.201851] PM: hibernation: Registered nosave memory: [mem 0x00000000-0x00000fff]
[    0.201863] PM: hibernation: Registered nosave memory: [mem 0x0009f000-0x000fffff]
[    0.201868] [mem 0x80000000-0xfeffbfff] available for PCI devices
[    0.201872] Booting paravirtualized kernel on KVM
[    0.201897] clocksource: refined-jiffies: mask: 0xffffffff max_cycles: 0xffffffff, max_idle_ns: 1910969940391419 ns
[    0.220179] setup_percpu: NR_CPUS:64 nr_cpumask_bits:2 nr_cpu_ids:2 nr_node_ids:1
[    0.231829] percpu: Embedded 52 pages/cpu s174808 r8192 d29992 u1048576
[    0.232191] Kernel command line: console=ttyS0 panic=-1 kunit.filter_glob=corten*
[    0.232355] printk: log buffer data + meta data: 262144 + 917504 = 1179648 bytes
[    0.242588] Dentry cache hash table entries: 262144 (order: 9, 2097152 bytes, linear)
[    0.261417] Inode-cache hash table entries: 131072 (order: 8, 1048576 bytes, linear)
[    0.262640] Fallback order for Node 0: 0 
[    0.262649] Built 1 zonelists, mobility grouping on.  Total pages: 524158
[    0.262652] Policy zone: DMA32
[    0.262658] mem auto-init: stack:off, heap alloc:off, heap free:off
[    0.275196] SLUB: HWalign=64, Order=0-3, MinObjects=0, CPUs=2, Nodes=1
[    0.275618] Kernel/User page tables isolation: enabled
[    0.288157] Dynamic Preempt: voluntary
[    0.289254] rcu: Preemptible hierarchical RCU implementation.
[    0.289257] rcu: 	RCU event tracing is enabled.
[    0.289258] rcu: 	RCU restricting CPUs from NR_CPUS=64 to nr_cpu_ids=2.
[    0.289264] 	Trampoline variant of Tasks RCU enabled.
[    0.289265] 	Tracing variant of Tasks RCU enabled.
[    0.289266] rcu: RCU calculated value of scheduler-enlistment delay is 100 jiffies.
[    0.289268] rcu: Adjusting geometry for rcu_fanout_leaf=16, nr_cpu_ids=2
[    0.289334] RCU Tasks: Setting shift to 1 and lim to 1 rcu_task_cb_adjust=1 rcu_task_cpu_ids=2.
[    0.289339] RCU Tasks Trace: Setting shift to 1 and lim to 1 rcu_task_cb_adjust=1 rcu_task_cpu_ids=2.
[    0.302942] NR_IRQS: 4352, nr_irqs: 440, preallocated irqs: 16
[    0.304342] rcu: srcu_init: Setting srcu_struct sizes based on contention.
[    0.383117] Console: colour VGA+ 80x25
[    0.383640] printk: legacy console [ttyS0] enabled
[    0.996424] ACPI: Core revision 20250807
[    1.005328] clocksource: hpet: mask: 0xffffffff max_cycles: 0xffffffff, max_idle_ns: 19112604467 ns
[    1.020761] APIC: Switch to symmetric I/O mode setup
[    1.035702] x2apic enabled
[    1.046881] APIC: Switched APIC routing to: physical x2apic
[    1.073545] ..TIMER: vector=0x30 apic1=0 pin1=2 apic2=-1 pin2=-1
[    1.080663] clocksource: tsc-early: mask: 0xffffffffffffffff max_cycles: 0x22df1149949, max_idle_ns: 440795312789 ns
[    1.086565] Calibrating delay loop (skipped) preset value.. 4838.40 BogoMIPS (lpj=2419200)
[    1.090033] Last level iTLB entries: 4KB 0, 2MB 0, 4MB 0
[    1.090565] Last level dTLB entries: 4KB 0, 2MB 0, 4MB 0, 1GB 0
[    1.091704] mitigations: Enabled attack vectors: user_kernel, user_user, SMT mitigations: auto
[    1.093619] Speculative Store Bypass: Vulnerable
[    1.094558] Spectre V2 : Mitigation: Retpolines
[    1.095561] ITS: Mitigation: Aligned branch/return thunks
[    1.096562] MDS: Vulnerable: Clear CPU buffers attempted, no microcode
[    1.098561] Spectre V1 : Mitigation: usercopy/swapgs barriers and __user pointer sanitization
[    1.099558] Spectre V2 : Spectre v2 / SpectreRSB: Filling RSB on context switch and VMEXIT
[    1.100561] active return thunk: its_return_thunk
[    1.101674] x86/fpu: x87 FPU will use FXSAVE
[    1.183839] Freeing SMP alternatives memory: 56K
[    1.184577] pid_max: default: 32768 minimum: 301
[    1.185741] LSM: initializing lsm=capability,selinux
[    1.187605] SELinux:  Initializing.
[    1.189134] Mount-cache hash table entries: 4096 (order: 3, 32768 bytes, linear)
[    1.189613] Mountpoint-cache hash table entries: 4096 (order: 3, 32768 bytes, linear)
[    1.268471] smpboot: CPU0: Intel QEMU Virtual CPU version 2.5+ (family: 0xf, model: 0x6b, stepping: 0x1)
[    1.271376] Performance Events: unsupported Netburst CPU model 107 no PMU driver, software events only.
[    1.273315] signal: max sigframe size: 1440
[    1.273640] rcu: Hierarchical SRCU implementation.
[    1.274566] rcu: 	Max phase no-delay instances is 400.
[    1.276615] Timer migration: 1 hierarchy levels; 8 children per group; 1 crossnode level
[    1.290755] smp: Bringing up secondary CPUs ...
[    1.292861] smpboot: x86: Booting SMP configuration:
[    1.293569] .... node  #0, CPUs:      #1
[    1.304606] smp: Brought up 1 node, 2 CPUs
[    1.306563] smpboot: Total of 2 processors activated (9676.80 BogoMIPS)
[    1.311399] Memory: 2012552K/2096632K available (18963K kernel code, 2963K rwdata, 8012K rodata, 3044K init, 2276K bss, 79984K reserved, 0K cma-reserved)
[    1.315562] devtmpfs: initialized
[    1.320582] clocksource: jiffies: mask: 0xffffffff max_cycles: 0xffffffff, max_idle_ns: 1911260446275000 ns
[    1.323590] posixtimers hash table entries: 1024 (order: 2, 16384 bytes, linear)
[    1.326825] futex hash table entries: 512 (32768 bytes on 1 NUMA nodes, total 32 KiB, linear).
[    1.334384] PM: RTC time: 22:50:46, date: 2026-09-13
[    1.341710] NET: Registered PF_NETLINK/PF_ROUTE protocol family
[    1.345097] audit: initializing netlink subsys (disabled)
[    1.356561] audit: type=2000 audit(1789339846.129:1): state=initialized audit_enabled=0 res=1
[    1.356561] thermal_sys: Registered thermal governor 'step_wise'
[    1.359573] cpuidle: using governor menu
[    1.368858] PCI: Using configuration type 1 for base access
[    1.373650] kprobes: kprobe jump-optimization is enabled. All kprobes are optimized if possible.
[    1.381777] HugeTLB: registered 2.00 MiB page size, pre-allocated 0 pages
[    1.386555] HugeTLB: 28 KiB vmemmap can be freed for a 2.00 MiB page
[    1.397336] ACPI: Added _OSI(Module Device)
[    1.399560] ACPI: Added _OSI(Processor Device)
[    1.401564] ACPI: Added _OSI(Processor Aggregator Device)
[    1.408574] ACPI: 1 ACPI AML tables successfully acquired and loaded
[    1.417025] ACPI: Interpreter enabled
[    1.419603] ACPI: PM: (supports S0 S3 S4 S5)
[    1.420556] ACPI: Using IOAPIC for interrupt routing
[    1.426609] PCI: Using host bridge windows from ACPI; if necessary, use "pci=nocrs" and report a bug
[    1.429555] PCI: Using E820 reservations for host bridge windows
[    1.430659] ACPI: Enabled 2 GPEs in block 00 to 0F
[    1.435425] ACPI: PCI Root Bridge [PCI0] (domain 0000 [bus 00-ff])
[    1.439560] acpi PNP0A03:00: _OSC: OS supports [ASPM ClockPM Segments MSI HPX-Type3]
[    1.441556] acpi PNP0A03:00: _OSC: not requesting OS control; OS requires [ExtendedConfig ASPM ClockPM MSI]
[    1.446570] acpi PNP0A03:00: fail to add MMCONFIG information, can't access extended configuration space under this bridge
[    1.456017] PCI host bridge to bus 0000:00
[    1.457564] pci_bus 0000:00: root bus resource [io  0x0000-0x0cf7 window]
[    1.460563] pci_bus 0000:00: root bus resource [io  0x0d00-0xffff window]
[    1.462564] pci_bus 0000:00: root bus resource [mem 0x000a0000-0x000bffff window]
[    1.466573] pci_bus 0000:00: root bus resource [mem 0x80000000-0xfebfffff window]
[    1.470558] pci_bus 0000:00: root bus resource [mem 0x100000000-0x17fffffff window]
[    1.475647] pci_bus 0000:00: root bus resource [bus 00-ff]
[    1.477656] pci 0000:00:00.0: [8086:1237] type 00 class 0x060000 conventional PCI endpoint
[    1.482981] pci 0000:00:01.0: [8086:7000] type 00 class 0x060100 conventional PCI endpoint
[    1.485742] pci 0000:00:01.1: [8086:7010] type 00 class 0x010180 conventional PCI endpoint
[    1.487552] pci 0000:00:01.1: BAR 4 [io  0xc040-0xc04f]
[    1.488643] pci 0000:00:01.1: BAR 0 [io  0x01f0-0x01f7]: legacy IDE quirk
[    1.489554] pci 0000:00:01.1: BAR 1 [io  0x03f6]: legacy IDE quirk
[    1.490552] pci 0000:00:01.1: BAR 2 [io  0x0170-0x0177]: legacy IDE quirk
[    1.492563] pci 0000:00:01.1: BAR 3 [io  0x0376]: legacy IDE quirk
[    1.497355] pci 0000:00:01.3: [8086:7113] type 00 class 0x068000 conventional PCI endpoint
[    1.502562] pci 0000:00:01.3: quirk: [io  0x0600-0x063f] claimed by PIIX4 ACPI
[    1.507582] pci 0000:00:01.3: quirk: [io  0x0700-0x070f] claimed by PIIX4 SMB
[    1.511552] pci 0000:00:02.0: [1234:1111] type 00 class 0x030000 conventional PCI endpoint
[    1.530077] pci 0000:00:02.0: BAR 0 [mem 0xfd000000-0xfdffffff pref]
[    1.536707] pci 0000:00:02.0: BAR 2 [mem 0xfebb0000-0xfebb0fff]
[    1.538696] pci 0000:00:02.0: ROM [mem 0xfeba0000-0xfebaffff pref]
[    1.548874] pci 0000:00:02.0: Video device with shadowed ROM at [mem 0x000c0000-0x000dffff]
[    1.575035] pci 0000:00:03.0: [8086:100e] type 00 class 0x020000 conventional PCI endpoint
[    1.588552] pci 0000:00:03.0: BAR 0 [mem 0xfeb80000-0xfeb9ffff]
[    1.594649] pci 0000:00:03.0: BAR 1 [io  0xc000-0xc03f]
[    1.597680] pci 0000:00:03.0: ROM [mem 0xfeb00000-0xfeb7ffff pref]
[    1.621028] ACPI: PCI: Interrupt link LNKA configured for IRQ 10
[    1.627627] ACPI: PCI: Interrupt link LNKB configured for IRQ 10
[    1.633099] ACPI: PCI: Interrupt link LNKC configured for IRQ 11
[    1.638864] ACPI: PCI: Interrupt link LNKD configured for IRQ 11
[    1.646872] ACPI: PCI: Interrupt link LNKS configured for IRQ 9
[    1.660843] iommu: Default domain type: Translated
[    1.662560] iommu: DMA domain TLB invalidation policy: lazy mode
[    1.669820] SCSI subsystem initialized
[    1.676302] ACPI: bus type USB registered
[    1.679746] usbcore: registered new interface driver usbfs
[    1.683753] usbcore: registered new interface driver hub
[    1.686719] usbcore: registered new device driver usb
[    1.688652] pps_core: LinuxPPS API ver. 1 registered
[    1.690556] pps_core: Software ver. 5.3.6 - Copyright 2005-2007 Rodolfo Giometti <giometti@linux.it>
[    1.697587] PTP clock support registered
[    1.703641] Advanced Linux Sound Architecture Driver Initialized.
[    1.713904] NetLabel: Initializing
[    1.716554] NetLabel:  domain hash size = 128
[    1.719563] NetLabel:  protocols = UNLABELED CIPSOv4 CALIPSO
[    1.727203] NetLabel:  unlabeled traffic allowed by default
[    1.731332] PCI: Using ACPI for IRQ routing
[    1.737091] pci 0000:00:02.0: vgaarb: setting as boot VGA device
[    1.737552] pci 0000:00:02.0: vgaarb: bridge control possible
[    1.737552] pci 0000:00:02.0: vgaarb: VGA device added: decodes=io+mem,owns=io+mem,locks=none
[    1.751563] vgaarb: loaded
[    1.755819] hpet: 3 channels of 0 reserved for per-cpu timers
[    1.761747] hpet0: at MMIO 0xfed00000, IRQs 2, 8, 0
[    1.765559] hpet0: 3 comparators, 64-bit 100.000000 MHz counter
[    1.777709] clocksource: Switched to clocksource kvm-clock
[    1.792889] VFS: Disk quotas dquot_6.6.0
[    1.795564] VFS: Dquot-cache hash table entries: 512 (order 0, 4096 bytes)
[    1.803292] pnp: PnP ACPI init
[    1.808826] pnp: PnP ACPI: found 6 devices
[    1.896014] clocksource: acpi_pm: mask: 0xffffff max_cycles: 0xffffff, max_idle_ns: 2085701024 ns
[    1.905945] NET: Registered PF_INET protocol family
[    1.913773] IP idents hash table entries: 32768 (order: 6, 262144 bytes, linear)
[    1.923671] tcp_listen_portaddr_hash hash table entries: 1024 (order: 2, 16384 bytes, linear)
[    1.931964] Table-perturb hash table entries: 65536 (order: 6, 262144 bytes, linear)
[    1.938303] TCP established hash table entries: 16384 (order: 5, 131072 bytes, linear)
[    1.945886] TCP bind hash table entries: 16384 (order: 7, 524288 bytes, linear)
[    1.956377] TCP: Hash tables configured (established 16384 bind 16384)
[    1.960720] UDP hash table entries: 1024 (order: 4, 65536 bytes, linear)
[    1.967373] UDP-Lite hash table entries: 1024 (order: 4, 65536 bytes, linear)
[    1.974660] NET: Registered PF_UNIX/PF_LOCAL protocol family
[    1.983991] RPC: Registered named UNIX socket transport module.
[    1.990140] RPC: Registered udp transport module.
[    1.994506] RPC: Registered tcp transport module.
[    1.999696] RPC: Registered tcp-with-tls transport module.
[    2.005483] RPC: Registered tcp NFSv4.1 backchannel transport module.
[    2.015565] pci_bus 0000:00: resource 4 [io  0x0000-0x0cf7 window]
[    2.021666] pci_bus 0000:00: resource 5 [io  0x0d00-0xffff window]
[    2.030596] pci_bus 0000:00: resource 6 [mem 0x000a0000-0x000bffff window]
[    2.037829] pci_bus 0000:00: resource 7 [mem 0x80000000-0xfebfffff window]
[    2.043795] pci_bus 0000:00: resource 8 [mem 0x100000000-0x17fffffff window]
[    2.051189] pci 0000:00:01.0: PIIX3: Enabling Passive Release
[    2.055396] pci 0000:00:00.0: Limiting direct PCI/PCI transfers
[    2.060799] PCI: CLS 0 bytes, default 64
[    2.064526] clocksource: tsc: mask: 0xffffffffffffffff max_cycles: 0x22df1149949, max_idle_ns: 440795312789 ns
[    2.081803] Initialise system trusted keyrings
[    2.088380] workingset: timestamp_bits=40 max_order=19 bucket_order=0
[    2.098785] NFS: Registering the id_resolver key type
[    2.105359] Key type id_resolver registered
[    2.109877] Key type id_legacy registered
[    2.115368] 9p: Installing v9fs 9p2000 file system support
[    2.156496] Key type asymmetric registered
[    2.160244] Asymmetric key parser 'x509' registered
[    2.166423] Block layer SCSI generic (bsg) driver version 0.4 loaded (major 251)
[    2.172870] io scheduler mq-deadline registered
[    2.178170] io scheduler kyber registered
[    2.183926] input: Power Button as /devices/LNXSYSTM:00/LNXPWRBN:00/input/input0
[    2.194566] ACPI: button: Power Button [PWRF]
[    2.203306] Serial: 8250/16550 driver, 4 ports, IRQ sharing enabled
[    2.212132] 00:04: ttyS0 at I/O 0x3f8 (irq = 4, base_baud = 115200) is a 16550A
[    2.229768] Non-volatile memory driver v1.3
[    2.234786] Linux agpgart interface v0.103
[    2.260135] ACPI: bus type drm_connector registered
[    2.295803] loop: module loaded
[    2.300835] zram: Added device: zram0
[    2.314278] scsi host0: ata_piix
[    2.320316] scsi host1: ata_piix
[    2.322481] ata1: PATA max MWDMA2 cmd 0x1f0 ctl 0x3f6 bmdma 0xc040 irq 14 lpm-pol 0
[    2.332076] ata2: PATA max MWDMA2 cmd 0x170 ctl 0x376 bmdma 0xc048 irq 15 lpm-pol 0
[    2.341229] e100: Intel(R) PRO/100 Network Driver
[    2.347694] e100: Copyright(c) 1999-2006 Intel Corporation
[    2.352713] e1000: Intel(R) PRO/1000 Network Driver
[    2.355703] e1000: Copyright (c) 1999-2006 Intel Corporation.
[    2.393555] ACPI: \_SB_.LNKC: Enabled at IRQ 11
[    2.498842] ata2: found unknown device (class 0)
[    2.506429] ata2.00: ATAPI: QEMU DVD-ROM, 2.5+, max UDMA/100
[    2.518555] scsi 1:0:0:0: CD-ROM            QEMU     QEMU DVD-ROM     2.5+ PQ: 0 ANSI: 5
[    2.597581] sr 1:0:0:0: [sr0] scsi3-mmc drive: 4x/4x cd/rw xa/form2 tray
[    2.603834] cdrom: Uniform CD-ROM driver Revision: 3.20
[    2.620924] sr 1:0:0:0: Attached scsi generic sg0 type 5
[    3.472400] e1000 0000:00:03.0 eth0: (PCI:33MHz:32-bit) 52:54:00:12:34:56
[    3.481407] e1000 0000:00:03.0 eth0: Intel(R) PRO/1000 Network Connection
[    3.488519] e1000e: Intel(R) PRO/1000 Network Driver
[    3.493507] e1000e: Copyright(c) 1999 - 2015 Intel Corporation.
[    3.499726] sky2: driver version 1.30
[    3.506353] usbcore: registered new interface driver usblp
[    3.513501] usbcore: registered new interface driver usb-storage
[    3.520954] i8042: PNP: PS/2 Controller [PNP0303:KBD,PNP0f13:MOU] at 0x60,0x64 irq 1,12
[    3.534913] serio: i8042 KBD port at 0x60,0x64 irq 1
[    3.539723] serio: i8042 AUX port at 0x60,0x64 irq 12
[    3.546478] rtc_cmos 00:05: RTC can wake from S4
[    3.557107] input: AT Translated Set 2 keyboard as /devices/platform/i8042/serio0/input/input1
[    3.567720] rtc_cmos 00:05: registered as rtc0
[    3.573853] rtc_cmos 00:05: alarms up to one day, y3k, 242 bytes nvram, hpet irqs
[    3.582508] device-mapper: ioctl: 4.50.0-ioctl (2025-04-28) initialised: dm-devel@lists.linux.dev
[    3.594571] intel_pstate: CPU model not supported
[    3.599927] hid: raw HID events driver (C) Jiri Kosina
[    3.606829] usbcore: registered new interface driver usbhid
[    3.612566] usbhid: USB HID core driver
[    3.625513] Initializing XFRM netlink socket
[    3.628561] NET: Registered PF_INET6 protocol family
[    3.637659] Segment Routing with IPv6
[    3.641635] In-situ OAM (IOAM) with IPv6
[    3.646467] sit: IPv6, IPv4 and MPLS over IPv4 tunneling driver
[    3.652430] NET: Registered PF_PACKET protocol family
[    3.657462] 9pnet: Installing 9P2000 support
[    3.660321] Key type dns_resolver registered
[    3.665972] IPI shorthand broadcast: enabled
[    3.679357] sched_clock: Marking stable (2911024779, 768154614)->(4101642791, -422463398)
[    3.689411] registered taskstats version 1
[    3.693065] Loading compiled-in X.509 certificates
[    3.708034] Demotion targets for Node 0: null
[    3.716042] PM:   Magic number: 10:119:856
[    3.720983] netconsole: network logging started
[    3.725870] cfg80211: Loading compiled-in X.509 certificates for regulatory database
[    3.733672] kworker/u8:1 (57) used greatest stack depth: 14272 bytes left
[    3.738571] Loaded X.509 cert 'sforshee: 00b28ddf47aef9cea7'
[    3.743231] Loaded X.509 cert 'wens: 61c038651aabdcf94bd0ac7ff06c7248db18c600'
[    3.748753] faux_driver regulatory: Direct firmware load for regulatory.db failed with error -2
[    3.750837] ALSA device list:
[    3.757636] cfg80211: failed to load regulatory.db
[    3.759673]   No soundcards found.
[    3.767562] KTAP version 1
[    3.771137] 1..3
[    3.773807]     KTAP version 1
[    3.779347]     # Subtest: corten
[    3.783347]     # module: corten_test
[    3.783350]     1..25
[    3.795056]     ok 1 corten_test_layout
[    3.796930]     ok 2 corten_test_ptdesc_get_put
[    3.802773]     ok 3 corten_test_meta_roundtrip
[    3.809602]     ok 4 corten_test_meta_reinit_cleared
[    3.816845]     ok 5 corten_test_covering_level
[    3.823448]     ok 6 corten_test_covering_base_index
[    3.832559]     ok 7 corten_test_txn_covering
[    3.846031]     ok 8 corten_test_txn_hole
[    3.853398]     ok 9 corten_test_txn_stale_eagain
[    3.858783]     ok 10 corten_test_lock_range_args
[    3.862905]     ok 11 corten_test_txn_state_machine
[    3.867667]     ok 12 corten_test_txn_atomic_validate
[    3.872588]     ok 13 corten_test_txn_real_glue
[    3.877542]     ok 14 corten_test_txn_mutex_overlap # SKIP need 3 online CPUs for worker placement
[    3.880026]     ok 15 corten_test_txn_mutex_disjoint # SKIP need 3 online CPUs for worker placement
[    3.892200]     ok 16 corten_test_fail_alloc
[    3.908488]     ok 17 corten_test_txn_hole_fill
[    3.915476]     ok 18 corten_test_txn_hole_race # SKIP need 3 online CPUs for worker placement
[    3.924089]     ok 19 corten_test_txn_uninstall_interlock # SKIP need 3 online CPUs for worker placement
[    3.940486]     ok 20 corten_test_uninstall_bh_ctx
[    3.952834] ------------[ cut here ]------------
[    3.964080] WARNING: CPU: 0 PID: 100 at mm/corten.c:829 corten_txn_begin+0x191/0x4b0
[    3.974277] Modules linked in:
[    3.977404] CPU: 0 UID: 0 PID: 100 Comm: kunit_try_catch Tainted: G                 N  6.18.32-ge911b31adb9c-dirty #15 PREEMPT(voluntary) 
[    3.988568] Tainted: [N]=TEST
[    3.995018] Hardware name: QEMU Standard PC (i440FX + PIIX, 1996), BIOS 1.15.0-1 04/01/2014
[    4.004687] RIP: 0010:corten_txn_begin+0x191/0x4b0
[    4.007966] Code: 02 00 00 4c 89 ff 48 89 04 24 e8 5a ba d8 00 4c 89 ff e8 62 bc d8 00 48 8b 04 24 41 0f b6 4f 25 38 48 25 0f 87 65 ff ff ff 90 <0f> 0b 90 41 80 7e 48 04 0f 86 61 ff ff ff 90 0f 0b 90 48 89 c7 e8
[    4.024184] RSP: 0000:ffffa38540457da0 EFLAGS: 00010246
[    4.029937] RAX: ffff992dc19c7b80 RBX: 0000000000000fff RCX: 0000000000000002
[    4.037007] RDX: 0000000000000003 RSI: 0000000000000011 RDI: ffff992dc26cb000
[    4.042883] RBP: 0000000000000000 R08: ffff992dc121aa00 R09: ffffa38540457e00
[    4.050305] R10: ffffa38540457d58 R11: ffffd59f4008a600 R12: ffffffff88c32010
[    4.058544] R13: ffff992dc121aa00 R14: ffffa38540457e00 R15: ffff992dc19c7b40
[    4.065409] FS:  0000000000000000(0000) GS:ffff992eb3c73000(0000) knlGS:0000000000000000
[    4.073328] CS:  0010 DS: 0000 ES: 0000 CR0: 0000000080050033
[    4.079010] CR2: ffff992e17001000 CR3: 0000000056230000 CR4: 00000000000006f0
[    4.086666] Call Trace:
[    4.089975]  <TASK>
[    4.092298]  ? __pfx_kunit_generic_run_threadfn_adapter+0x10/0x10
[    4.098838]  corten_test_txn_path_overflow+0xb5/0x2a0
[    4.103758]  ? psi_task_switch+0x159/0x290
[    4.108933]  kunit_try_run_case+0x6f/0x150
[    4.113117]  ? __pfx_kunit_generic_run_threadfn_adapter+0x10/0x10
[    4.119474]  kunit_generic_run_threadfn_adapter+0x1c/0x40
[    4.125886]  kthread+0xff/0x1f0
[    4.129118]  ? __pfx_kthread+0x10/0x10
[    4.132866]  ? __pfx_kthread+0x10/0x10
[    4.136775]  ret_from_fork+0x144/0x160
[    4.139528]  ? __pfx_kthread+0x10/0x10
[    4.143016]  ret_from_fork_asm+0x1a/0x30
[    4.145661]  </TASK>
[    4.146471] ---[ end trace 0000000000000000 ]---
[    4.148942] ------------[ cut here ]------------
[    4.153615] WARNING: CPU: 0 PID: 100 at mm/corten.c:776 corten_txn_begin+0x1a0/0x4b0
[    4.161305] Modules linked in:
[    4.164148] CPU: 0 UID: 0 PID: 100 Comm: kunit_try_catch Tainted: G        W        N  6.18.32-ge911b31adb9c-dirty #15 PREEMPT(voluntary) 
[    4.175804] Tainted: [W]=WARN, [N]=TEST
[    4.179439] Hardware name: QEMU Standard PC (i440FX + PIIX, 1996), BIOS 1.15.0-1 04/01/2014
[    4.186357] RIP: 0010:corten_txn_begin+0x1a0/0x4b0
[    4.190184] Code: 4c 89 ff e8 62 bc d8 00 48 8b 04 24 41 0f b6 4f 25 38 48 25 0f 87 65 ff ff ff 90 0f 0b 90 41 80 7e 48 04 0f 86 61 ff ff ff 90 <0f> 0b 90 48 89 c7 e8 a5 f6 ff ff 41 0f b6 46 48 84 c0 74 28 83 e8
[    4.202609] RSP: 0000:ffffa38540457da0 EFLAGS: 00010202
[    4.206357] RAX: ffff992dc19c7c80 RBX: 0000000000000fff RCX: 0000000000000002
[    4.210314] RDX: 0000000000000003 RSI: 0000000000000018 RDI: ffff992dc26cb000
[    4.217137] RBP: 0000000000000000 R08: ffff992dc121aa00 R09: ffffa38540457e00
[    4.223513] R10: ffffa38540457d58 R11: ffffd59f4008a600 R12: ffffffff88c32010
[    4.228931] R13: ffff992dc121aa00 R14: ffffa38540457e00 R15: ffff992dc19c7c40
[    4.234999] FS:  0000000000000000(0000) GS:ffff992eb3c73000(0000) knlGS:0000000000000000
[    4.244669] CS:  0010 DS: 0000 ES: 0000 CR0: 0000000080050033
[    4.251247] CR2: ffff992e17001000 CR3: 0000000056230000 CR4: 00000000000006f0
[    4.256405] Call Trace:
[    4.259506]  <TASK>
[    4.261927]  ? __pfx_kunit_generic_run_threadfn_adapter+0x10/0x10
[    4.267808]  corten_test_txn_path_overflow+0xb5/0x2a0
[    4.271009]  ? psi_task_switch+0x159/0x290
[    4.275771]  kunit_try_run_case+0x6f/0x150
[    4.279841]  ? __pfx_kunit_generic_run_threadfn_adapter+0x10/0x10
[    4.286921]  kunit_generic_run_threadfn_adapter+0x1c/0x40
[    4.292947]  kthread+0xff/0x1f0
[    4.296601]  ? __pfx_kthread+0x10/0x10
[    4.300904]  ? __pfx_kthread+0x10/0x10
[    4.305362]  ret_from_fork+0x144/0x160
[    4.310366]  ? __pfx_kthread+0x10/0x10
[    4.315053]  ret_from_fork_asm+0x1a/0x30
[    4.319139]  </TASK>
[    4.321251] ---[ end trace 0000000000000000 ]---
[    4.326261] kunit_try_catch (100) used greatest stack depth: 13520 bytes left
[    4.336694]     ok 21 corten_test_txn_path_overflow
[    4.336950]     ok 22 corten_test_txn_child_err
[    4.341461] input: ImExPS/2 Generic Explorer Mouse as /devices/platform/i8042/serio1/input/input3
[    4.344414]     ok 23 corten_test_real_huge_leaf
[    4.359767]     ok 24 corten_test_full_window_atomic
[    4.365807]     ok 25 corten_test_debugfs_content
[    4.367120] # corten: pass:21 fail:0 skip:4 total:25
[    4.371329] # Totals: pass:21 fail:0 skip:4 total:25
[    4.375826] ok 1 corten
[    4.380525]     KTAP version 1
[    4.382759]     # Subtest: corten_arena
[    4.385313]     # module: corten_arena_test
[    4.385318]     1..8
[    4.394115]     ok 1 corten_arena_test_declare_reject
[    4.408403]     ok 2 corten_arena_test_declare_reject_flags
[    4.440237]     ok 3 corten_arena_test_declare_query
[    4.474509]     ok 4 corten_arena_test_release
[    4.494166]     ok 5 corten_arena_test_shadow_vma
[    4.522338]     ok 6 corten_arena_test_exit
[    4.530207]     ok 7 corten_arena_test_prctl
[    4.668849]     ok 8 corten_arena_test_concurrent
[    4.672193] # corten_arena: pass:8 fail:0 skip:0 total:8
[    4.675447] # Totals: pass:8 fail:0 skip:0 total:8
[    4.680396] ok 2 corten_arena
[    4.686444]     KTAP version 1
[    4.688654]     # Subtest: corten_fault
[    4.692278]     # module: corten_fault_test
[    4.692285]     1..10
[    4.701594]     ok 1 corten_fault_test_dispatch
[    4.704338]     ok 2 corten_fault_test_unmap_classify
[    4.709075]     ok 3 corten_fault_test_mmap_classify
[    4.717121] corten PMDALLOC post: pmdp=ffff992dc2291020 pmdnone=0 pmdpresent=1 pmdleaf=0 pmdval=2290067
[    4.727874]     # corten_fault_test_map_anon: EXPECTATION FAILED at mm/corten_fault_test.c:399
[    4.727874]     Expected pte_present(pte) to be true, but is false
[    4.741127] BUG: unable to handle page fault for address: 0000159f3ea48e88
[    4.749850] #PF: supervisor read access in kernel mode
[    4.751201] #PF: error_code(0x0000) - not-present page
[    4.752519] PGD 0 P4D 0 
[    4.753212] Oops: Oops: 0000 [#1] SMP PTI
[    4.754173] CPU: 0 UID: 0 PID: 141 Comm: kunit_try_catch Tainted: G        W        N  6.18.32-ge911b31adb9c-dirty #15 PREEMPT(voluntary) 
[    4.762165] Tainted: [W]=WARN, [N]=TEST
[    4.765293] Hardware name: QEMU Standard PC (i440FX + PIIX, 1996), BIOS 1.15.0-1 04/01/2014
[    4.771628] RIP: 0010:corten_fault_test_map_anon+0x2e2/0x7c0
[    4.775944] Code: 00 02 00 00 0f 85 f3 01 00 00 48 89 d8 83 e0 01 48 83 e8 01 48 31 c3 48 c1 e3 0c 48 c1 eb 18 48 c1 e3 06 48 03 1d de 58 5f 01 <48> 8b 43 08 49 89 dd a8 01 0f 85 8a 03 00 00 0f 1f 44 00 00 49 63
[    4.791203] RSP: 0000:ffffa3854049fdd0 EFLAGS: 00010203
[    4.796016] RAX: ffffffffffffffff RBX: 0000159f3ea48e80 RCX: ffffa3854049fdd8
[    4.802662] RDX: 00000000000206c0 RSI: ffffffff89fb9b40 RDI: ffff992dc2697ba0
[    4.807916] RBP: ffffa38540013a88 R08: ffff992dc19c7680 R09: 00000000ffffdfff
[    4.814034] R10: ffffffff8945e6e0 R11: ffffffff8950e6e0 R12: ffff992dc19382a0
[    4.819752] R13: 0000000000000042 R14: ffffffff87fd5680 R15: ffffa38540013ac8
[    4.824859] FS:  0000000000000000(0000) GS:ffff992eb3c73000(0000) knlGS:0000000000000000
[    4.831575] CS:  0010 DS: 0000 ES: 0000 CR0: 0000000080050033
[    4.836046] CR2: 0000159f3ea48e88 CR3: 0000000056230000 CR4: 00000000000006f0
[    4.842958] Call Trace:
[    4.843753]  <TASK>
[    4.844569]  ? finish_task_switch.isra.0+0x76/0x250
[    4.847875]  kunit_try_run_case+0x6f/0x150
[    4.849841]  ? __pfx_kunit_generic_run_threadfn_adapter+0x10/0x10
[    4.855069]  kunit_generic_run_threadfn_adapter+0x1c/0x40
[    4.858121]  kthread+0xff/0x1f0
[    4.859264]  ? __pfx_kthread+0x10/0x10
[    4.861850]  ? __pfx_kthread+0x10/0x10
[    4.865459]  ret_from_fork+0x144/0x160
[    4.868265]  ? __pfx_kthread+0x10/0x10
[    4.871356]  ret_from_fork_asm+0x1a/0x30
[    4.874079]  </TASK>
[    4.876145] Modules linked in:
[    4.878958] CR2: 0000159f3ea48e88
[    4.882588] ---[ end trace 0000000000000000 ]---
[    4.885912] RIP: 0010:corten_fault_test_map_anon+0x2e2/0x7c0
[    4.889047] Code: 00 02 00 00 0f 85 f3 01 00 00 48 89 d8 83 e0 01 48 83 e8 01 48 31 c3 48 c1 e3 0c 48 c1 eb 18 48 c1 e3 06 48 03 1d de 58 5f 01 <48> 8b 43 08 49 89 dd a8 01 0f 85 8a 03 00 00 0f 1f 44 00 00 49 63
[    4.905327] RSP: 0000:ffffa3854049fdd0 EFLAGS: 00010203
[    4.909929] RAX: ffffffffffffffff RBX: 0000159f3ea48e80 RCX: ffffa3854049fdd8
[    4.915434] RDX: 00000000000206c0 RSI: ffffffff89fb9b40 RDI: ffff992dc2697ba0
[    4.921928] RBP: ffffa38540013a88 R08: ffff992dc19c7680 R09: 00000000ffffdfff
[    4.927437] R10: ffffffff8945e6e0 R11: ffffffff8950e6e0 R12: ffff992dc19382a0
[    4.932994] R13: 0000000000000042 R14: ffffffff87fd5680 R15: ffffa38540013ac8
[    4.939747] FS:  0000000000000000(0000) GS:ffff992eb3c73000(0000) knlGS:0000000000000000
[    4.945971] CS:  0010 DS: 0000 ES: 0000 CR0: 0000000080050033
[    4.951203] CR2: 0000159f3ea48e88 CR3: 0000000056230000 CR4: 00000000000006f0
[    4.957456] note: kunit_try_catch[141] exited with irqs disabled
[    4.961857] kunit_try_catch (141) used greatest stack depth: 13456 bytes left
[    4.961942]     # corten_fault_test_map_anon: try faulted: last line seen mm/corten_fault_test.c:401
[    4.975074]     # corten_fault_test_map_anon: internal error occurred preventing test case from running: -4
[    4.994504] get_swap_device: Bad swap file entry 3ffffffd491c6
[    5.001066] get_swap_device: Bad swap file entry 3ffffffd491d7
[    5.006188] BUG: Bad rss-counter state mm:(____ptrval____) type:MM_ANONPAGES val:1 Comm:kunit_try_catch Pid:142
[    5.016955] BUG: Bad rss-counter state mm:(____ptrval____) type:MM_SWAPENTS val:-2 Comm:kunit_try_catch Pid:142
[    5.026927]     not ok 4 corten_fault_test_map_anon
[    5.028116] corten PMDALLOC post: pmdp=ffff992dc22a6020 pmdnone=0 pmdpresent=1 pmdleaf=0 pmdval=22a7067
[    5.041979] corten PMDALLOC post: pmdp=ffff992dc22a6020 pmdnone=0 pmdpresent=1 pmdleaf=0 pmdval=22a7067
[    5.051936]     # corten_fault_test_zero_page: EXPECTATION FAILED at mm/corten_fault_test.c:425
[    5.051936]     Expected corten_arena_handle_mm_fault(t->vma, addr, 0, ((void *)0)) == 0, but
[    5.051936]         corten_arena_handle_mm_fault(t->vma, addr, 0, ((void *)0)) == 1050624 (0x100800)
[    5.084202]     # corten_fault_test_zero_page: EXPECTATION FAILED at mm/corten_fault_test.c:432
[    5.084202]     Expected pte_present(pte) to be true, but is false
[    5.103286]     # corten_fault_test_zero_page: EXPECTATION FAILED at mm/corten_fault_test.c:434
[    5.103286]     Expected pte_pfn(pte) == my_zero_pfn(addr), but
[    5.103286]         pte_pfn(pte) == 1099511271992 (0xfffffa9238)
[    5.103286]         my_zero_pfn(addr) == 355783 (0x56dc7)
[    5.103620] corten PMDALLOC post: pmdp=ffff992dc22a6020 pmdnone=0 pmdpresent=1 pmdleaf=0 pmdval=22a7067
[    5.145850] corten PMDALLOC post: pmdp=ffff992dc22a6020 pmdnone=0 pmdpresent=1 pmdleaf=0 pmdval=22a7067
[    5.154046]     # corten_fault_test_zero_page: EXPECTATION FAILED at mm/corten_fault_test.c:444
[    5.154046]     Expected ft_write_fault(t, addr) == 0, but
[    5.154046]         ft_write_fault(t, addr) == 1050624 (0x100800)
[    5.170219]     # corten_fault_test_zero_page: EXPECTATION FAILED at mm/corten_fault_test.c:450
[    5.170219]     Expected pte_present(pte) to be true, but is false
[    5.182774]     # corten_fault_test_zero_page: EXPECTATION FAILED at mm/corten_fault_test.c:451
[    5.182774]     Expected pte_write(pte) to be true, but is false
[    5.192866]     # corten_fault_test_zero_page: EXPECTATION FAILED at mm/corten_fault_test.c:452
[    5.192866]     Expected pte_special(pte) to be false, but is true
[    5.206106]     # corten_fault_test_zero_page: EXPECTATION FAILED at mm/corten_fault_test.c:454
[    5.206106]     Expected get_mm_counter_sum(t->mm, MM_ANONPAGES) == 1, but
[    5.206106]         get_mm_counter_sum(t->mm, MM_ANONPAGES) == 0 (0x0)
[    5.222847]     # corten_fault_test_zero_page: EXPECTATION FAILED at mm/corten_fault_test.c:457
[    5.222847]     Expected m.state == CORTEN_MAPPED, but
[    5.222847]         m.state == 2 (0x2)
[    5.222847]         CORTEN_MAPPED == 1 (0x1)
[    5.231262] get_swap_device: Bad swap file entry 3ffffffd491c6
[    5.253526] BUG: Bad rss-counter state mm:(____ptrval____) type:MM_SWAPENTS val:-1 Comm:kunit_try_catch Pid:144
[    5.262915]     not ok 5 corten_fault_test_zero_page
[    5.264397] corten PMDALLOC post: pmdp=ffff992dc2299020 pmdnone=0 pmdpresent=1 pmdleaf=0 pmdval=229a067
[    5.274006] corten PMDALLOC post: pmdp=ffff992dc2299020 pmdnone=0 pmdpresent=1 pmdleaf=0 pmdval=229a067
[    5.281564] corten PMDALLOC post: pmdp=ffff992dc2299020 pmdnone=0 pmdpresent=1 pmdleaf=0 pmdval=229a067
[    5.287793] corten PMDALLOC post: pmdp=ffff992dc2299020 pmdnone=0 pmdpresent=1 pmdleaf=0 pmdval=229a067
[    5.309661] get_swap_device: Bad swap file entry 3ffffffd491c6
[    5.313140] get_swap_device: Bad swap file entry 3ffffffd491c6
[    5.323640] BUG: Bad rss-counter state mm:(____ptrval____) type:MM_SWAPENTS val:-2 Comm:kunit_try_catch Pid:146
[    5.339466]     ok 6 corten_fault_test_sigsegv
[    5.340616] corten PMDALLOC post: pmdp=ffff992dc22a5020 pmdnone=0 pmdpresent=1 pmdleaf=0 pmdval=22a6067
[    5.365050] corten PMDALLOC post: pmdp=ffff992dc22a5020 pmdnone=0 pmdpresent=1 pmdleaf=0 pmdval=22a6067
[    5.374710] ------------[ cut here ]------------
[    5.379896] WARNING: CPU: 1 PID: 147 at mm/corten_arena.c:1228 corten_arena_fault_once.part.0+0x714/0x750
[    5.388214] Modules linked in:
[    5.392031] CPU: 1 UID: 0 PID: 147 Comm: kunit_try_catch Tainted: G      D W        N  6.18.32-ge911b31adb9c-dirty #15 PREEMPT(voluntary) 
[    5.401324] Tainted: [D]=DIE, [W]=WARN, [N]=TEST
[    5.403805] Hardware name: QEMU Standard PC (i440FX + PIIX, 1996), BIOS 1.15.0-1 04/01/2014
[    5.408392] RIP: 0010:corten_arena_fault_once.part.0+0x714/0x750
[    5.412757] Code: ff ff 90 0f 0b 90 48 8d 7c 24 10 41 bc 05 00 00 00 e8 f0 4a ff ff e9 59 f9 ff ff 48 8b 3c 24 e8 52 f9 d7 00 e8 bd 30 e4 ff 90 <0f> 0b 90 e9 45 fa ff ff 48 8d 7c 24 10 41 bc 01 00 00 00 e8 c4 4a
[    5.424645] RSP: 0000:ffffa3854044fd10 EFLAGS: 00010246
[    5.429230] RAX: 0000000000000000 RBX: ffffa3854044fdb8 RCX: 00000000022a6067
[    5.435677] RDX: 0000000000000000 RSI: 000ffffffffff000 RDI: ffff992dc26cf000
[    5.441371] RBP: ffff992dc228fe00 R08: 000ffffffffff000 R09: fff0000000000fff
[    5.447771] R10: ffffffff8945e6e0 R11: ffffffff8950e6e0 R12: ffff992dc22a6020
[    5.461189] R13: 0000000000804000 R14: ffffa3854044fdb8 R15: ffff992dc228fe00
[    5.468748] FS:  0000000000000000(0000) GS:ffff992eb3d73000(0000) knlGS:0000000000000000
[    5.477859] CS:  0010 DS: 0000 ES: 0000 CR0: 0000000080050033
[    5.481459] CR2: 0000000000000000 CR3: 0000000056230000 CR4: 00000000000006f0
[    5.485859] Call Trace:
[    5.487260]  <TASK>
[    5.489380]  ? corten_arena_fill_upper+0x1f9/0x2d0
[    5.493332]  corten_arena_handle_mm_fault+0x168/0x2b0
[    5.500529]  ? __pfx_kunit_generic_run_threadfn_adapter+0x10/0x10
[    5.503088]  corten_fault_test_restore+0x16e/0x460
[    5.504662]  kunit_try_run_case+0x6f/0x150
[    5.505826]  ? __pfx_kunit_generic_run_threadfn_adapter+0x10/0x10
[    5.510467]  kunit_generic_run_threadfn_adapter+0x1c/0x40
[    5.517326]  kthread+0xff/0x1f0
[    5.520809]  ? __pfx_kthread+0x10/0x10
[    5.527988]  ? __pfx_kthread+0x10/0x10
[    5.529485]  ret_from_fork+0x144/0x160
[    5.533638]  ? __pfx_kthread+0x10/0x10
[    5.536901]  ret_from_fork_asm+0x1a/0x30
[    5.541005]  </TASK>
[    5.542760] ---[ end trace 0000000000000000 ]---
[    5.545139]     # corten_fault_test_restore: EXPECTATION FAILED at mm/corten_fault_test.c:518
[    5.545139]     Expected ft_write_fault(t, addr) == 0, but
[    5.545139]         ft_write_fault(t, addr) == 1050624 (0x100800)
[    5.566733]     # corten_fault_test_restore: EXPECTATION FAILED at mm/corten_fault_test.c:524
[    5.566733]     Expected pte_present(pte) to be true, but is false
[    5.581902]     # corten_fault_test_restore: EXPECTATION FAILED at mm/corten_fault_test.c:525
[    5.581902]     Expected pte_write(pte) to be true, but is false
[    5.596899] kunit_try_catch (147) used greatest stack depth: 13376 bytes left
[    5.609766] get_swap_device: Bad swap file entry 3ffffffd491c6
[    5.615576] get_swap_device: Bad swap file entry 1ffffffd47f77
[    5.620742] BUG: Bad rss-counter state mm:(____ptrval____) type:MM_ANONPAGES val:1 Comm:kunit_try_catch Pid:148
[    5.629750] BUG: Bad rss-counter state mm:(____ptrval____) type:MM_SWAPENTS val:-2 Comm:kunit_try_catch Pid:148
[    5.639454]     not ok 7 corten_fault_test_restore
[    5.641928] corten PMDALLOC post: pmdp=ffff992dc2287020 pmdnone=0 pmdpresent=1 pmdleaf=0 pmdval=2286067
[    5.655708] corten PMDALLOC post: pmdp=ffff992dc2287020 pmdnone=0 pmdpresent=1 pmdleaf=0 pmdval=2286067
[    5.664472] corten PMDALLOC post: pmdp=ffff992dc2287020 pmdnone=0 pmdpresent=1 pmdleaf=0 pmdval=2286067
[    5.671266] corten PMDALLOC post: pmdp=ffff992dc2287020 pmdnone=0 pmdpresent=1 pmdleaf=0 pmdval=2286067
[    5.679387] corten PMDALLOC post: pmdp=ffff992dc2287020 pmdnone=0 pmdpresent=1 pmdleaf=0 pmdval=2286067
[    5.687995] corten PMDALLOC post: pmdp=ffff992dc2287020 pmdnone=0 pmdpresent=1 pmdleaf=0 pmdval=2286067
[    5.696608] corten PMDALLOC post: pmdp=ffff992dc2287020 pmdnone=0 pmdpresent=1 pmdleaf=0 pmdval=2286067
[    5.706479] corten PMDALLOC post: pmdp=ffff992dc2287020 pmdnone=0 pmdpresent=1 pmdleaf=0 pmdval=2286067
[    5.715059] corten PMDALLOC post: pmdp=ffff992dc2287020 pmdnone=0 pmdpresent=1 pmdleaf=0 pmdval=2286067
[    5.723484] corten PMDALLOC post: pmdp=ffff992dc2287020 pmdnone=0 pmdpresent=1 pmdleaf=0 pmdval=2286067
[    5.732196] corten PMDALLOC post: pmdp=ffff992dc2287020 pmdnone=0 pmdpresent=1 pmdleaf=0 pmdval=2286067
[    5.740297] corten PMDALLOC post: pmdp=ffff992dc2287020 pmdnone=0 pmdpresent=1 pmdleaf=0 pmdval=2286067
[    5.749442] corten PMDALLOC post: pmdp=ffff992dc2287020 pmdnone=0 pmdpresent=1 pmdleaf=0 pmdval=2286067
[    5.758073] corten PMDALLOC post: pmdp=ffff992dc2287020 pmdnone=0 pmdpresent=1 pmdleaf=0 pmdval=2286067
[    5.764146] corten PMDALLOC post: pmdp=ffff992dc2287020 pmdnone=0 pmdpresent=1 pmdleaf=0 pmdval=2286067
[    5.774586] corten PMDALLOC post: pmdp=ffff992dc2287020 pmdnone=0 pmdpresent=1 pmdleaf=0 pmdval=2286067
[    5.777767] corten PMDALLOC post: pmdp=ffff992dc2287020 pmdnone=0 pmdpresent=1 pmdleaf=0 pmdval=2286067
[    5.781759] corten PMDALLOC post: pmdp=ffff992dc2287020 pmdnone=0 pmdpresent=1 pmdleaf=0 pmdval=2286067
[    5.788209] corten PMDALLOC post: pmdp=ffff992dc2287020 pmdnone=0 pmdpresent=1 pmdleaf=0 pmdval=2286067
[    5.795940] corten PMDALLOC post: pmdp=ffff992dc2287020 pmdnone=0 pmdpresent=1 pmdleaf=0 pmdval=2286067
[    5.801763] corten PMDALLOC post: pmdp=ffff992dc2287020 pmdnone=0 pmdpresent=1 pmdleaf=0 pmdval=2286067
[    5.808342] corten PMDALLOC post: pmdp=ffff992dc2287020 pmdnone=0 pmdpresent=1 pmdleaf=0 pmdval=2286067
[    5.812011] corten PMDALLOC post: pmdp=ffff992dc2287020 pmdnone=0 pmdpresent=1 pmdleaf=0 pmdval=2286067
[    5.818612] corten PMDALLOC post: pmdp=ffff992dc2287020 pmdnone=0 pmdpresent=1 pmdleaf=0 pmdval=2286067
[    5.825276] corten PMDALLOC post: pmdp=ffff992dc2287020 pmdnone=0 pmdpresent=1 pmdleaf=0 pmdval=2286067
[    5.834209] corten PMDALLOC post: pmdp=ffff992dc2287020 pmdnone=0 pmdpresent=1 pmdleaf=0 pmdval=2286067
[    5.843628] corten PMDALLOC post: pmdp=ffff992dc2287020 pmdnone=0 pmdpresent=1 pmdleaf=0 pmdval=2286067
[    5.851061] corten PMDALLOC post: pmdp=ffff992dc2287020 pmdnone=0 pmdpresent=1 pmdleaf=0 pmdval=2286067
[    5.861035] corten PMDALLOC post: pmdp=ffff992dc2287020 pmdnone=0 pmdpresent=1 pmdleaf=0 pmdval=2286067
[    5.869773] corten PMDALLOC post: pmdp=ffff992dc2287020 pmdnone=0 pmdpresent=1 pmdleaf=0 pmdval=2286067
[    5.876872] corten PMDALLOC post: pmdp=ffff992dc2287020 pmdnone=0 pmdpresent=1 pmdleaf=0 pmdval=2286067
[    5.883856] corten PMDALLOC post: pmdp=ffff992dc2287020 pmdnone=0 pmdpresent=1 pmdleaf=0 pmdval=2286067
[    5.893278] corten PMDALLOC post: pmdp=ffff992dc2287020 pmdnone=0 pmdpresent=1 pmdleaf=0 pmdval=2286067
[    5.902596] corten PMDALLOC post: pmdp=ffff992dc2287020 pmdnone=0 pmdpresent=1 pmdleaf=0 pmdval=2286067
[    5.909847] corten PMDALLOC post: pmdp=ffff992dc2287020 pmdnone=0 pmdpresent=1 pmdleaf=0 pmdval=2286067
[    5.915909] corten PMDALLOC post: pmdp=ffff992dc2287020 pmdnone=0 pmdpresent=1 pmdleaf=0 pmdval=2286067
[    5.923928] corten PMDALLOC post: pmdp=ffff992dc2287020 pmdnone=0 pmdpresent=1 pmdleaf=0 pmdval=2286067
[    5.932779] corten PMDALLOC post: pmdp=ffff992dc2287020 pmdnone=0 pmdpresent=1 pmdleaf=0 pmdval=2286067
[    5.941998] corten PMDALLOC post: pmdp=ffff992dc2287020 pmdnone=0 pmdpresent=1 pmdleaf=0 pmdval=2286067
[    5.949198] corten PMDALLOC post: pmdp=ffff992dc2287020 pmdnone=0 pmdpresent=1 pmdleaf=0 pmdval=2286067
[    5.957541] corten PMDALLOC post: pmdp=ffff992dc2287020 pmdnone=0 pmdpresent=1 pmdleaf=0 pmdval=2286067
[    5.966167] corten PMDALLOC post: pmdp=ffff992dc2287020 pmdnone=0 pmdpresent=1 pmdleaf=0 pmdval=2286067
[    5.974089] corten PMDALLOC post: pmdp=ffff992dc2287020 pmdnone=0 pmdpresent=1 pmdleaf=0 pmdval=2286067
[    5.983001] corten PMDALLOC post: pmdp=ffff992dc2287020 pmdnone=0 pmdpresent=1 pmdleaf=0 pmdval=2286067
[    5.992886] corten PMDALLOC post: pmdp=ffff992dc2287020 pmdnone=0 pmdpresent=1 pmdleaf=0 pmdval=2286067
[    6.001134] corten PMDALLOC post: pmdp=ffff992dc2287020 pmdnone=0 pmdpresent=1 pmdleaf=0 pmdval=2286067
[    6.010292] corten PMDALLOC post: pmdp=ffff992dc2287020 pmdnone=0 pmdpresent=1 pmdleaf=0 pmdval=2286067
[    6.019195] corten PMDALLOC post: pmdp=ffff992dc2287020 pmdnone=0 pmdpresent=1 pmdleaf=0 pmdval=2286067
[    6.026767] corten PMDALLOC post: pmdp=ffff992dc2287020 pmdnone=0 pmdpresent=1 pmdleaf=0 pmdval=2286067
[    6.034534] corten PMDALLOC post: pmdp=ffff992dc2287020 pmdnone=0 pmdpresent=1 pmdleaf=0 pmdval=2286067
[    6.044981] corten PMDALLOC post: pmdp=ffff992dc2287020 pmdnone=0 pmdpresent=1 pmdleaf=0 pmdval=2286067
[    6.052767] corten PMDALLOC post: pmdp=ffff992dc2287020 pmdnone=0 pmdpresent=1 pmdleaf=0 pmdval=2286067
[    6.061544] corten PMDALLOC post: pmdp=ffff992dc2287020 pmdnone=0 pmdpresent=1 pmdleaf=0 pmdval=2286067
[    6.070071] corten PMDALLOC post: pmdp=ffff992dc2287020 pmdnone=0 pmdpresent=1 pmdleaf=0 pmdval=2286067
[    6.078908] corten PMDALLOC post: pmdp=ffff992dc2287020 pmdnone=0 pmdpresent=1 pmdleaf=0 pmdval=2286067
[    6.086093] corten PMDALLOC post: pmdp=ffff992dc2287020 pmdnone=0 pmdpresent=1 pmdleaf=0 pmdval=2286067
[    6.093947] corten PMDALLOC post: pmdp=ffff992dc2287020 pmdnone=0 pmdpresent=1 pmdleaf=0 pmdval=2286067
[    6.100800] corten PMDALLOC post: pmdp=ffff992dc2287020 pmdnone=0 pmdpresent=1 pmdleaf=0 pmdval=2286067
[    6.110001] corten PMDALLOC post: pmdp=ffff992dc2287020 pmdnone=0 pmdpresent=1 pmdleaf=0 pmdval=2286067
[    6.119634] corten PMDALLOC post: pmdp=ffff992dc2287020 pmdnone=0 pmdpresent=1 pmdleaf=0 pmdval=2286067
[    6.128343] corten PMDALLOC post: pmdp=ffff992dc2287020 pmdnone=0 pmdpresent=1 pmdleaf=0 pmdval=2286067
[    6.136354] corten PMDALLOC post: pmdp=ffff992dc2287020 pmdnone=0 pmdpresent=1 pmdleaf=0 pmdval=2286067
[    6.143568] corten PMDALLOC post: pmdp=ffff992dc2287020 pmdnone=0 pmdpresent=1 pmdleaf=0 pmdval=2286067
[    6.151561] corten PMDALLOC post: pmdp=ffff992dc2287020 pmdnone=0 pmdpresent=1 pmdleaf=0 pmdval=2286067
[    6.160332] corten PMDALLOC post: pmdp=ffff992dc2287020 pmdnone=0 pmdpresent=1 pmdleaf=0 pmdval=2286067
[    6.167566] corten PMDALLOC post: pmdp=ffff992dc2287020 pmdnone=0 pmdpresent=1 pmdleaf=0 pmdval=2286067
[    6.174841] corten PMDALLOC post: pmdp=ffff992dc2287020 pmdnone=0 pmdpresent=1 pmdleaf=0 pmdval=2286067
[    6.181794] corten PMDALLOC post: pmdp=ffff992dc2287020 pmdnone=0 pmdpresent=1 pmdleaf=0 pmdval=2286067
[    6.190103] corten PMDALLOC post: pmdp=ffff992dc2287020 pmdnone=0 pmdpresent=1 pmdleaf=0 pmdval=2286067
[    6.197337] corten PMDALLOC post: pmdp=ffff992dc2287020 pmdnone=0 pmdpresent=1 pmdleaf=0 pmdval=2286067
[    6.206189] corten PMDALLOC post: pmdp=ffff992dc2287020 pmdnone=0 pmdpresent=1 pmdleaf=0 pmdval=2286067
[    6.213082] corten PMDALLOC post: pmdp=ffff992dc2287020 pmdnone=0 pmdpresent=1 pmdleaf=0 pmdval=2286067
[    6.221955] corten PMDALLOC post: pmdp=ffff992dc2287020 pmdnone=0 pmdpresent=1 pmdleaf=0 pmdval=2286067
[    6.230681] corten PMDALLOC post: pmdp=ffff992dc2287020 pmdnone=0 pmdpresent=1 pmdleaf=0 pmdval=2286067
[    6.238620] corten PMDALLOC post: pmdp=ffff992dc2287020 pmdnone=0 pmdpresent=1 pmdleaf=0 pmdval=2286067
[    6.245542] corten PMDALLOC post: pmdp=ffff992dc2287020 pmdnone=0 pmdpresent=1 pmdleaf=0 pmdval=2286067
[    6.257019] corten PMDALLOC post: pmdp=ffff992dc2287020 pmdnone=0 pmdpresent=1 pmdleaf=0 pmdval=2286067
[    6.265785] corten PMDALLOC post: pmdp=ffff992dc2287020 pmdnone=0 pmdpresent=1 pmdleaf=0 pmdval=2286067
[    6.274701] corten PMDALLOC post: pmdp=ffff992dc2287020 pmdnone=0 pmdpresent=1 pmdleaf=0 pmdval=2286067
[    6.282911] corten PMDALLOC post: pmdp=ffff992dc2287020 pmdnone=0 pmdpresent=1 pmdleaf=0 pmdval=2286067
[    6.289003] corten PMDALLOC post: pmdp=ffff992dc2287020 pmdnone=0 pmdpresent=1 pmdleaf=0 pmdval=2286067
[    6.296886] corten PMDALLOC post: pmdp=ffff992dc2287020 pmdnone=0 pmdpresent=1 pmdleaf=0 pmdval=2286067
[    6.304957] corten PMDALLOC post: pmdp=ffff992dc2287020 pmdnone=0 pmdpresent=1 pmdleaf=0 pmdval=2286067
[    6.314265] corten PMDALLOC post: pmdp=ffff992dc2287020 pmdnone=0 pmdpresent=1 pmdleaf=0 pmdval=2286067
[    6.323646] corten PMDALLOC post: pmdp=ffff992dc2287020 pmdnone=0 pmdpresent=1 pmdleaf=0 pmdval=2286067
[    6.331637] corten PMDALLOC post: pmdp=ffff992dc2287020 pmdnone=0 pmdpresent=1 pmdleaf=0 pmdval=2286067
[    6.340629] corten PMDALLOC post: pmdp=ffff992dc2287020 pmdnone=0 pmdpresent=1 pmdleaf=0 pmdval=2286067
[    6.349153] corten PMDALLOC post: pmdp=ffff992dc2287020 pmdnone=0 pmdpresent=1 pmdleaf=0 pmdval=2286067
[    6.357290] corten PMDALLOC post: pmdp=ffff992dc2287020 pmdnone=0 pmdpresent=1 pmdleaf=0 pmdval=2286067
[    6.364939] corten PMDALLOC post: pmdp=ffff992dc2287020 pmdnone=0 pmdpresent=1 pmdleaf=0 pmdval=2286067
[    6.370518] corten PMDALLOC post: pmdp=ffff992dc2287020 pmdnone=0 pmdpresent=1 pmdleaf=0 pmdval=2286067
[    6.377237] corten PMDALLOC post: pmdp=ffff992dc2287020 pmdnone=0 pmdpresent=1 pmdleaf=0 pmdval=2286067
[    6.384803] corten PMDALLOC post: pmdp=ffff992dc2287020 pmdnone=0 pmdpresent=1 pmdleaf=0 pmdval=2286067
[    6.392623] corten PMDALLOC post: pmdp=ffff992dc2287020 pmdnone=0 pmdpresent=1 pmdleaf=0 pmdval=2286067
[    6.401538] corten PMDALLOC post: pmdp=ffff992dc2287020 pmdnone=0 pmdpresent=1 pmdleaf=0 pmdval=2286067
[    6.409536] corten PMDALLOC post: pmdp=ffff992dc2287020 pmdnone=0 pmdpresent=1 pmdleaf=0 pmdval=2286067
[    6.418979] corten PMDALLOC post: pmdp=ffff992dc2287020 pmdnone=0 pmdpresent=1 pmdleaf=0 pmdval=2286067
[    6.428707] corten PMDALLOC post: pmdp=ffff992dc2287020 pmdnone=0 pmdpresent=1 pmdleaf=0 pmdval=2286067
[    6.437358] corten PMDALLOC post: pmdp=ffff992dc2287020 pmdnone=0 pmdpresent=1 pmdleaf=0 pmdval=2286067
[    6.446731] corten PMDALLOC post: pmdp=ffff992dc2287020 pmdnone=0 pmdpresent=1 pmdleaf=0 pmdval=2286067
[    6.455578] corten PMDALLOC post: pmdp=ffff992dc2287020 pmdnone=0 pmdpresent=1 pmdleaf=0 pmdval=2286067
[    6.464777] corten PMDALLOC post: pmdp=ffff992dc2287020 pmdnone=0 pmdpresent=1 pmdleaf=0 pmdval=2286067
[    6.472669] corten PMDALLOC post: pmdp=ffff992dc2287020 pmdnone=0 pmdpresent=1 pmdleaf=0 pmdval=2286067
[    6.481137] corten PMDALLOC post: pmdp=ffff992dc2287020 pmdnone=0 pmdpresent=1 pmdleaf=0 pmdval=2286067
[    6.488748] corten PMDALLOC post: pmdp=ffff992dc2287020 pmdnone=0 pmdpresent=1 pmdleaf=0 pmdval=2286067
[    6.496477] corten PMDALLOC post: pmdp=ffff992dc2287020 pmdnone=0 pmdpresent=1 pmdleaf=0 pmdval=2286067
[    6.504139] corten PMDALLOC post: pmdp=ffff992dc2287020 pmdnone=0 pmdpresent=1 pmdleaf=0 pmdval=2286067
[    6.511089] corten PMDALLOC post: pmdp=ffff992dc2287020 pmdnone=0 pmdpresent=1 pmdleaf=0 pmdval=2286067
[    6.520715] corten PMDALLOC post: pmdp=ffff992dc2287020 pmdnone=0 pmdpresent=1 pmdleaf=0 pmdval=2286067
[    6.526541] corten PMDALLOC post: pmdp=ffff992dc2287020 pmdnone=0 pmdpresent=1 pmdleaf=0 pmdval=2286067
[    6.531644] corten PMDALLOC post: pmdp=ffff992dc2287020 pmdnone=0 pmdpresent=1 pmdleaf=0 pmdval=2286067
[    6.539117] corten PMDALLOC post: pmdp=ffff992dc2287020 pmdnone=0 pmdpresent=1 pmdleaf=0 pmdval=2286067
[    6.546360] corten PMDALLOC post: pmdp=ffff992dc2287020 pmdnone=0 pmdpresent=1 pmdleaf=0 pmdval=2286067
[    6.551482] corten PMDALLOC post: pmdp=ffff992dc2287020 pmdnone=0 pmdpresent=1 pmdleaf=0 pmdval=2286067
[    6.559915] corten PMDALLOC post: pmdp=ffff992dc2287020 pmdnone=0 pmdpresent=1 pmdleaf=0 pmdval=2286067
[    6.568107] corten PMDALLOC post: pmdp=ffff992dc2287020 pmdnone=0 pmdpresent=1 pmdleaf=0 pmdval=2286067
[    6.575430] corten PMDALLOC post: pmdp=ffff992dc2287020 pmdnone=0 pmdpresent=1 pmdleaf=0 pmdval=2286067
[    6.585067] corten PMDALLOC post: pmdp=ffff992dc2287020 pmdnone=0 pmdpresent=1 pmdleaf=0 pmdval=2286067
[    6.592225] corten PMDALLOC post: pmdp=ffff992dc2287020 pmdnone=0 pmdpresent=1 pmdleaf=0 pmdval=2286067
[    6.599915] corten PMDALLOC post: pmdp=ffff992dc2287020 pmdnone=0 pmdpresent=1 pmdleaf=0 pmdval=2286067
[    6.609373] corten PMDALLOC post: pmdp=ffff992dc2287020 pmdnone=0 pmdpresent=1 pmdleaf=0 pmdval=2286067
[    6.616647] corten PMDALLOC post: pmdp=ffff992dc2287020 pmdnone=0 pmdpresent=1 pmdleaf=0 pmdval=2286067
[    6.624791] corten PMDALLOC post: pmdp=ffff992dc2287020 pmdnone=0 pmdpresent=1 pmdleaf=0 pmdval=2286067
[    6.632452] corten PMDALLOC post: pmdp=ffff992dc2287020 pmdnone=0 pmdpresent=1 pmdleaf=0 pmdval=2286067
[    6.639935] corten PMDALLOC post: pmdp=ffff992dc2287020 pmdnone=0 pmdpresent=1 pmdleaf=0 pmdval=2286067
[    6.648257] corten PMDALLOC post: pmdp=ffff992dc2287020 pmdnone=0 pmdpresent=1 pmdleaf=0 pmdval=2286067
[    6.656075] corten PMDALLOC post: pmdp=ffff992dc2287020 pmdnone=0 pmdpresent=1 pmdleaf=0 pmdval=2286067
[    6.662464] corten PMDALLOC post: pmdp=ffff992dc2287020 pmdnone=0 pmdpresent=1 pmdleaf=0 pmdval=2286067
[    6.670015] corten PMDALLOC post: pmdp=ffff992dc2287020 pmdnone=0 pmdpresent=1 pmdleaf=0 pmdval=2286067
[    6.677424] corten PMDALLOC post: pmdp=ffff992dc2287020 pmdnone=0 pmdpresent=1 pmdleaf=0 pmdval=2286067
[    6.687022] corten PMDALLOC post: pmdp=ffff992dc2287020 pmdnone=0 pmdpresent=1 pmdleaf=0 pmdval=2286067
[    6.691645] corten PMDALLOC post: pmdp=ffff992dc2287020 pmdnone=0 pmdpresent=1 pmdleaf=0 pmdval=2286067
[    6.697102] corten PMDALLOC post: pmdp=ffff992dc2287020 pmdnone=0 pmdpresent=1 pmdleaf=0 pmdval=2286067
[    6.705569] corten PMDALLOC post: pmdp=ffff992dc2287020 pmdnone=0 pmdpresent=1 pmdleaf=0 pmdval=2286067
[    6.712354] corten PMDALLOC post: pmdp=ffff992dc2287020 pmdnone=0 pmdpresent=1 pmdleaf=0 pmdval=2286067
[    6.721542] corten PMDALLOC post: pmdp=ffff992dc2287020 pmdnone=0 pmdpresent=1 pmdleaf=0 pmdval=2286067
[    6.730367] corten PMDALLOC post: pmdp=ffff992dc2287020 pmdnone=0 pmdpresent=1 pmdleaf=0 pmdval=2286067
[    6.739798] corten PMDALLOC post: pmdp=ffff992dc2287020 pmdnone=0 pmdpresent=1 pmdleaf=0 pmdval=2286067
[    6.751919] corten PMDALLOC post: pmdp=ffff992dc2287020 pmdnone=0 pmdpresent=1 pmdleaf=0 pmdval=2286067
[    6.755347] corten PMDALLOC post: pmdp=ffff992dc2287020 pmdnone=0 pmdpresent=1 pmdleaf=0 pmdval=2286067
[    6.763965] corten PMDALLOC post: pmdp=ffff992dc2287020 pmdnone=0 pmdpresent=1 pmdleaf=0 pmdval=2286067
[    6.770130] corten PMDALLOC post: pmdp=ffff992dc2287020 pmdnone=0 pmdpresent=1 pmdleaf=0 pmdval=2286067
[    6.777788] corten PMDALLOC post: pmdp=ffff992dc2287020 pmdnone=0 pmdpresent=1 pmdleaf=0 pmdval=2286067
[    6.784760] corten PMDALLOC post: pmdp=ffff992dc2287020 pmdnone=0 pmdpresent=1 pmdleaf=0 pmdval=2286067
[    6.791467] corten PMDALLOC post: pmdp=ffff992dc2287020 pmdnone=0 pmdpresent=1 pmdleaf=0 pmdval=2286067
[    6.798967] corten PMDALLOC post: pmdp=ffff992dc2287020 pmdnone=0 pmdpresent=1 pmdleaf=0 pmdval=2286067
[    6.801487] corten PMDALLOC post: pmdp=ffff992dc2287020 pmdnone=0 pmdpresent=1 pmdleaf=0 pmdval=2286067
[    6.803980] corten PMDALLOC post: pmdp=ffff992dc2287020 pmdnone=0 pmdpresent=1 pmdleaf=0 pmdval=2286067
[    6.811158] corten PMDALLOC post: pmdp=ffff992dc2287020 pmdnone=0 pmdpresent=1 pmdleaf=0 pmdval=2286067
[    6.821747] corten PMDALLOC post: pmdp=ffff992dc2287020 pmdnone=0 pmdpresent=1 pmdleaf=0 pmdval=2286067
[    6.829894] corten PMDALLOC post: pmdp=ffff992dc2287020 pmdnone=0 pmdpresent=1 pmdleaf=0 pmdval=2286067
[    6.836352] corten PMDALLOC post: pmdp=ffff992dc2287020 pmdnone=0 pmdpresent=1 pmdleaf=0 pmdval=2286067
[    6.844567] corten PMDALLOC post: pmdp=ffff992dc2287020 pmdnone=0 pmdpresent=1 pmdleaf=0 pmdval=2286067
[    6.854838] corten PMDALLOC post: pmdp=ffff992dc2287020 pmdnone=0 pmdpresent=1 pmdleaf=0 pmdval=2286067
[    6.862529] corten PMDALLOC post: pmdp=ffff992dc2287020 pmdnone=0 pmdpresent=1 pmdleaf=0 pmdval=2286067
[    6.870144] corten PMDALLOC post: pmdp=ffff992dc2287020 pmdnone=0 pmdpresent=1 pmdleaf=0 pmdval=2286067
[    6.878113] corten PMDALLOC post: pmdp=ffff992dc2287020 pmdnone=0 pmdpresent=1 pmdleaf=0 pmdval=2286067
[    6.885732] corten PMDALLOC post: pmdp=ffff992dc2287020 pmdnone=0 pmdpresent=1 pmdleaf=0 pmdval=2286067
[    6.892938] corten PMDALLOC post: pmdp=ffff992dc2287020 pmdnone=0 pmdpresent=1 pmdleaf=0 pmdval=2286067
[    6.901961] corten PMDALLOC post: pmdp=ffff992dc2287020 pmdnone=0 pmdpresent=1 pmdleaf=0 pmdval=2286067
[    6.909811] corten PMDALLOC post: pmdp=ffff992dc2287020 pmdnone=0 pmdpresent=1 pmdleaf=0 pmdval=2286067
[    6.918816] corten PMDALLOC post: pmdp=ffff992dc2287020 pmdnone=0 pmdpresent=1 pmdleaf=0 pmdval=2286067
[    6.928094] corten PMDALLOC post: pmdp=ffff992dc2287020 pmdnone=0 pmdpresent=1 pmdleaf=0 pmdval=2286067
[    6.935487] corten PMDALLOC post: pmdp=ffff992dc2287020 pmdnone=0 pmdpresent=1 pmdleaf=0 pmdval=2286067
[    6.943018] corten PMDALLOC post: pmdp=ffff992dc2287020 pmdnone=0 pmdpresent=1 pmdleaf=0 pmdval=2286067
[    6.951874] corten PMDALLOC post: pmdp=ffff992dc2287020 pmdnone=0 pmdpresent=1 pmdleaf=0 pmdval=2286067
[    6.957909] corten PMDALLOC post: pmdp=ffff992dc2287020 pmdnone=0 pmdpresent=1 pmdleaf=0 pmdval=2286067
[    6.964949] corten PMDALLOC post: pmdp=ffff992dc2287020 pmdnone=0 pmdpresent=1 pmdleaf=0 pmdval=2286067
[    6.971990] corten PMDALLOC post: pmdp=ffff992dc2287020 pmdnone=0 pmdpresent=1 pmdleaf=0 pmdval=2286067
[    6.981148] corten PMDALLOC post: pmdp=ffff992dc2287020 pmdnone=0 pmdpresent=1 pmdleaf=0 pmdval=2286067
[    6.988929] corten PMDALLOC post: pmdp=ffff992dc2287020 pmdnone=0 pmdpresent=1 pmdleaf=0 pmdval=2286067
[    6.996950] corten PMDALLOC post: pmdp=ffff992dc2287020 pmdnone=0 pmdpresent=1 pmdleaf=0 pmdval=2286067
[    7.003408] corten PMDALLOC post: pmdp=ffff992dc2287020 pmdnone=0 pmdpresent=1 pmdleaf=0 pmdval=2286067
[    7.010164] corten PMDALLOC post: pmdp=ffff992dc2287020 pmdnone=0 pmdpresent=1 pmdleaf=0 pmdval=2286067
[    7.016659] corten PMDALLOC post: pmdp=ffff992dc2287020 pmdnone=0 pmdpresent=1 pmdleaf=0 pmdval=2286067
[    7.025334] corten PMDALLOC post: pmdp=ffff992dc2287020 pmdnone=0 pmdpresent=1 pmdleaf=0 pmdval=2286067
[    7.034436] corten PMDALLOC post: pmdp=ffff992dc2287020 pmdnone=0 pmdpresent=1 pmdleaf=0 pmdval=2286067
[    7.041605] corten PMDALLOC post: pmdp=ffff992dc2287020 pmdnone=0 pmdpresent=1 pmdleaf=0 pmdval=2286067
[    7.048905] corten PMDALLOC post: pmdp=ffff992dc2287020 pmdnone=0 pmdpresent=1 pmdleaf=0 pmdval=2286067
[    7.058079] corten PMDALLOC post: pmdp=ffff992dc2287020 pmdnone=0 pmdpresent=1 pmdleaf=0 pmdval=2286067
[    7.063607] corten PMDALLOC post: pmdp=ffff992dc2287020 pmdnone=0 pmdpresent=1 pmdleaf=0 pmdval=2286067
[    7.067995] corten PMDALLOC post: pmdp=ffff992dc2287020 pmdnone=0 pmdpresent=1 pmdleaf=0 pmdval=2286067
[    7.072366] corten PMDALLOC post: pmdp=ffff992dc2287020 pmdnone=0 pmdpresent=1 pmdleaf=0 pmdval=2286067
[    7.080036] corten PMDALLOC post: pmdp=ffff992dc2287020 pmdnone=0 pmdpresent=1 pmdleaf=0 pmdval=2286067
[    7.088676] corten PMDALLOC post: pmdp=ffff992dc2287020 pmdnone=0 pmdpresent=1 pmdleaf=0 pmdval=2286067
[    7.096067] corten PMDALLOC post: pmdp=ffff992dc2287020 pmdnone=0 pmdpresent=1 pmdleaf=0 pmdval=2286067
[    7.103551] corten PMDALLOC post: pmdp=ffff992dc2287020 pmdnone=0 pmdpresent=1 pmdleaf=0 pmdval=2286067
[    7.109540] corten PMDALLOC post: pmdp=ffff992dc2287020 pmdnone=0 pmdpresent=1 pmdleaf=0 pmdval=2286067
[    7.115004] corten PMDALLOC post: pmdp=ffff992dc2287020 pmdnone=0 pmdpresent=1 pmdleaf=0 pmdval=2286067
[    7.123337] corten PMDALLOC post: pmdp=ffff992dc2287020 pmdnone=0 pmdpresent=1 pmdleaf=0 pmdval=2286067
[    7.130822] corten PMDALLOC post: pmdp=ffff992dc2287020 pmdnone=0 pmdpresent=1 pmdleaf=0 pmdval=2286067
[    7.140320] corten PMDALLOC post: pmdp=ffff992dc2287020 pmdnone=0 pmdpresent=1 pmdleaf=0 pmdval=2286067
[    7.149041] corten PMDALLOC post: pmdp=ffff992dc2287020 pmdnone=0 pmdpresent=1 pmdleaf=0 pmdval=2286067
[    7.157146] corten PMDALLOC post: pmdp=ffff992dc2287020 pmdnone=0 pmdpresent=1 pmdleaf=0 pmdval=2286067
[    7.166571] corten PMDALLOC post: pmdp=ffff992dc2287020 pmdnone=0 pmdpresent=1 pmdleaf=0 pmdval=2286067
[    7.171787] corten PMDALLOC post: pmdp=ffff992dc2287020 pmdnone=0 pmdpresent=1 pmdleaf=0 pmdval=2286067
[    7.178813] corten PMDALLOC post: pmdp=ffff992dc2287020 pmdnone=0 pmdpresent=1 pmdleaf=0 pmdval=2286067
[    7.186560] corten PMDALLOC post: pmdp=ffff992dc2287020 pmdnone=0 pmdpresent=1 pmdleaf=0 pmdval=2286067
[    7.193904] corten PMDALLOC post: pmdp=ffff992dc2287020 pmdnone=0 pmdpresent=1 pmdleaf=0 pmdval=2286067
[    7.200848] corten PMDALLOC post: pmdp=ffff992dc2287020 pmdnone=0 pmdpresent=1 pmdleaf=0 pmdval=2286067
[    7.210359] corten PMDALLOC post: pmdp=ffff992dc2287020 pmdnone=0 pmdpresent=1 pmdleaf=0 pmdval=2286067
[    7.217371] corten PMDALLOC post: pmdp=ffff992dc2287020 pmdnone=0 pmdpresent=1 pmdleaf=0 pmdval=2286067
[    7.226504] corten PMDALLOC post: pmdp=ffff992dc2287020 pmdnone=0 pmdpresent=1 pmdleaf=0 pmdval=2286067
[    7.234351] corten PMDALLOC post: pmdp=ffff992dc2287020 pmdnone=0 pmdpresent=1 pmdleaf=0 pmdval=2286067
[    7.247083] corten PMDALLOC post: pmdp=ffff992dc2287020 pmdnone=0 pmdpresent=1 pmdleaf=0 pmdval=2286067
[    7.253073] corten PMDALLOC post: pmdp=ffff992dc2287020 pmdnone=0 pmdpresent=1 pmdleaf=0 pmdval=2286067
[    7.260986] corten PMDALLOC post: pmdp=ffff992dc2287020 pmdnone=0 pmdpresent=1 pmdleaf=0 pmdval=2286067
[    7.267750] corten PMDALLOC post: pmdp=ffff992dc2287020 pmdnone=0 pmdpresent=1 pmdleaf=0 pmdval=2286067
[    7.277251] corten PMDALLOC post: pmdp=ffff992dc2287020 pmdnone=0 pmdpresent=1 pmdleaf=0 pmdval=2286067
[    7.285587] corten PMDALLOC post: pmdp=ffff992dc2287020 pmdnone=0 pmdpresent=1 pmdleaf=0 pmdval=2286067
[    7.292500] corten PMDALLOC post: pmdp=ffff992dc2287020 pmdnone=0 pmdpresent=1 pmdleaf=0 pmdval=2286067
[    7.301641] corten PMDALLOC post: pmdp=ffff992dc2287020 pmdnone=0 pmdpresent=1 pmdleaf=0 pmdval=2286067
[    7.309611] corten PMDALLOC post: pmdp=ffff992dc2287020 pmdnone=0 pmdpresent=1 pmdleaf=0 pmdval=2286067
[    7.316497] corten PMDALLOC post: pmdp=ffff992dc2287020 pmdnone=0 pmdpresent=1 pmdleaf=0 pmdval=2286067
[    7.324803] corten PMDALLOC post: pmdp=ffff992dc2287020 pmdnone=0 pmdpresent=1 pmdleaf=0 pmdval=2286067
[    7.332416] corten PMDALLOC post: pmdp=ffff992dc2287020 pmdnone=0 pmdpresent=1 pmdleaf=0 pmdval=2286067
[    7.340742] corten PMDALLOC post: pmdp=ffff992dc2287020 pmdnone=0 pmdpresent=1 pmdleaf=0 pmdval=2286067
[    7.349655] corten PMDALLOC post: pmdp=ffff992dc2287020 pmdnone=0 pmdpresent=1 pmdleaf=0 pmdval=2286067
[    7.358114] corten PMDALLOC post: pmdp=ffff992dc2287020 pmdnone=0 pmdpresent=1 pmdleaf=0 pmdval=2286067
[    7.366513] corten PMDALLOC post: pmdp=ffff992dc2287020 pmdnone=0 pmdpresent=1 pmdleaf=0 pmdval=2286067
[    7.375466] corten PMDALLOC post: pmdp=ffff992dc2287020 pmdnone=0 pmdpresent=1 pmdleaf=0 pmdval=2286067
[    7.384068] corten PMDALLOC post: pmdp=ffff992dc2287020 pmdnone=0 pmdpresent=1 pmdleaf=0 pmdval=2286067
[    7.392895] corten PMDALLOC post: pmdp=ffff992dc2287020 pmdnone=0 pmdpresent=1 pmdleaf=0 pmdval=2286067
[    7.400853] corten PMDALLOC post: pmdp=ffff992dc2287020 pmdnone=0 pmdpresent=1 pmdleaf=0 pmdval=2286067
[    7.407740] corten PMDALLOC post: pmdp=ffff992dc2287020 pmdnone=0 pmdpresent=1 pmdleaf=0 pmdval=2286067
[    7.415974] corten PMDALLOC post: pmdp=ffff992dc2287020 pmdnone=0 pmdpresent=1 pmdleaf=0 pmdval=2286067
[    7.420644] corten PMDALLOC post: pmdp=ffff992dc2287020 pmdnone=0 pmdpresent=1 pmdleaf=0 pmdval=2286067
[    7.428895] corten PMDALLOC post: pmdp=ffff992dc2287020 pmdnone=0 pmdpresent=1 pmdleaf=0 pmdval=2286067
[    7.437397] corten PMDALLOC post: pmdp=ffff992dc2287020 pmdnone=0 pmdpresent=1 pmdleaf=0 pmdval=2286067
[    7.445140] corten PMDALLOC post: pmdp=ffff992dc2287020 pmdnone=0 pmdpresent=1 pmdleaf=0 pmdval=2286067
[    7.454029] corten PMDALLOC post: pmdp=ffff992dc2287020 pmdnone=0 pmdpresent=1 pmdleaf=0 pmdval=2286067
[    7.462239] corten PMDALLOC post: pmdp=ffff992dc2287020 pmdnone=0 pmdpresent=1 pmdleaf=0 pmdval=2286067
[    7.470967] corten PMDALLOC post: pmdp=ffff992dc2287020 pmdnone=0 pmdpresent=1 pmdleaf=0 pmdval=2286067
[    7.479049] corten PMDALLOC post: pmdp=ffff992dc2287020 pmdnone=0 pmdpresent=1 pmdleaf=0 pmdval=2286067
[    7.486495] corten PMDALLOC post: pmdp=ffff992dc2287020 pmdnone=0 pmdpresent=1 pmdleaf=0 pmdval=2286067
[    7.494339] corten PMDALLOC post: pmdp=ffff992dc2287020 pmdnone=0 pmdpresent=1 pmdleaf=0 pmdval=2286067
[    7.503175] corten PMDALLOC post: pmdp=ffff992dc2287020 pmdnone=0 pmdpresent=1 pmdleaf=0 pmdval=2286067
[    7.509673] corten PMDALLOC post: pmdp=ffff992dc2287020 pmdnone=0 pmdpresent=1 pmdleaf=0 pmdval=2286067
[    7.516886] corten PMDALLOC post: pmdp=ffff992dc2287020 pmdnone=0 pmdpresent=1 pmdleaf=0 pmdval=2286067
[    7.524512] corten PMDALLOC post: pmdp=ffff992dc2287020 pmdnone=0 pmdpresent=1 pmdleaf=0 pmdval=2286067
[    7.530237] corten PMDALLOC post: pmdp=ffff992dc2287020 pmdnone=0 pmdpresent=1 pmdleaf=0 pmdval=2286067
[    7.540353] corten PMDALLOC post: pmdp=ffff992dc2287020 pmdnone=0 pmdpresent=1 pmdleaf=0 pmdval=2286067
[    7.546231] corten PMDALLOC post: pmdp=ffff992dc2287020 pmdnone=0 pmdpresent=1 pmdleaf=0 pmdval=2286067
[    7.554626] corten PMDALLOC post: pmdp=ffff992dc2287020 pmdnone=0 pmdpresent=1 pmdleaf=0 pmdval=2286067
[    7.559106] corten PMDALLOC post: pmdp=ffff992dc2287020 pmdnone=0 pmdpresent=1 pmdleaf=0 pmdval=2286067
[    7.561636] corten PMDALLOC post: pmdp=ffff992dc2287020 pmdnone=0 pmdpresent=1 pmdleaf=0 pmdval=2286067
[    7.569722] corten PMDALLOC post: pmdp=ffff992dc2287020 pmdnone=0 pmdpresent=1 pmdleaf=0 pmdval=2286067
[    7.575414] corten PMDALLOC post: pmdp=ffff992dc2287020 pmdnone=0 pmdpresent=1 pmdleaf=0 pmdval=2286067
[    7.583139] corten PMDALLOC post: pmdp=ffff992dc2287020 pmdnone=0 pmdpresent=1 pmdleaf=0 pmdval=2286067
[    7.590648] corten PMDALLOC post: pmdp=ffff992dc2287020 pmdnone=0 pmdpresent=1 pmdleaf=0 pmdval=2286067
[    7.597572] corten PMDALLOC post: pmdp=ffff992dc2287020 pmdnone=0 pmdpresent=1 pmdleaf=0 pmdval=2286067
[    7.605134] corten PMDALLOC post: pmdp=ffff992dc2287020 pmdnone=0 pmdpresent=1 pmdleaf=0 pmdval=2286067
[    7.611330] corten PMDALLOC post: pmdp=ffff992dc2287020 pmdnone=0 pmdpresent=1 pmdleaf=0 pmdval=2286067
[    7.616006] corten PMDALLOC post: pmdp=ffff992dc2287020 pmdnone=0 pmdpresent=1 pmdleaf=0 pmdval=2286067
[    7.623235] corten PMDALLOC post: pmdp=ffff992dc2287020 pmdnone=0 pmdpresent=1 pmdleaf=0 pmdval=2286067
[    7.631984] corten PMDALLOC post: pmdp=ffff992dc2287020 pmdnone=0 pmdpresent=1 pmdleaf=0 pmdval=2286067
[    7.637875] corten PMDALLOC post: pmdp=ffff992dc2287020 pmdnone=0 pmdpresent=1 pmdleaf=0 pmdval=2286067
[    7.646194] corten PMDALLOC post: pmdp=ffff992dc2287020 pmdnone=0 pmdpresent=1 pmdleaf=0 pmdval=2286067
[    7.654414] corten PMDALLOC post: pmdp=ffff992dc2287020 pmdnone=0 pmdpresent=1 pmdleaf=0 pmdval=2286067
[    7.660829] corten PMDALLOC post: pmdp=ffff992dc2287020 pmdnone=0 pmdpresent=1 pmdleaf=0 pmdval=2286067
[    7.668321] corten PMDALLOC post: pmdp=ffff992dc2287020 pmdnone=0 pmdpresent=1 pmdleaf=0 pmdval=2286067
[    7.675386] corten PMDALLOC post: pmdp=ffff992dc2287020 pmdnone=0 pmdpresent=1 pmdleaf=0 pmdval=2286067
[    7.682380] corten PMDALLOC post: pmdp=ffff992dc2287020 pmdnone=0 pmdpresent=1 pmdleaf=0 pmdval=2286067
[    7.690356] corten PMDALLOC post: pmdp=ffff992dc2287020 pmdnone=0 pmdpresent=1 pmdleaf=0 pmdval=2286067
[    7.696973] corten PMDALLOC post: pmdp=ffff992dc2287020 pmdnone=0 pmdpresent=1 pmdleaf=0 pmdval=2286067
[    7.705217] corten PMDALLOC post: pmdp=ffff992dc2287020 pmdnone=0 pmdpresent=1 pmdleaf=0 pmdval=2286067
[    7.713220] corten PMDALLOC post: pmdp=ffff992dc2287020 pmdnone=0 pmdpresent=1 pmdleaf=0 pmdval=2286067
[    7.720013] corten PMDALLOC post: pmdp=ffff992dc2287020 pmdnone=0 pmdpresent=1 pmdleaf=0 pmdval=2286067
[    7.726020] corten PMDALLOC post: pmdp=ffff992dc2287020 pmdnone=0 pmdpresent=1 pmdleaf=0 pmdval=2286067
[    7.733293] corten PMDALLOC post: pmdp=ffff992dc2287020 pmdnone=0 pmdpresent=1 pmdleaf=0 pmdval=2286067
[    7.742868] corten PMDALLOC post: pmdp=ffff992dc2287020 pmdnone=0 pmdpresent=1 pmdleaf=0 pmdval=2286067
[    7.749656] corten PMDALLOC post: pmdp=ffff992dc2287020 pmdnone=0 pmdpresent=1 pmdleaf=0 pmdval=2286067
[    7.758648] corten PMDALLOC post: pmdp=ffff992dc2287020 pmdnone=0 pmdpresent=1 pmdleaf=0 pmdval=2286067
[    7.765273] corten PMDALLOC post: pmdp=ffff992dc2287020 pmdnone=0 pmdpresent=1 pmdleaf=0 pmdval=2286067
[    7.773292] corten PMDALLOC post: pmdp=ffff992dc2287020 pmdnone=0 pmdpresent=1 pmdleaf=0 pmdval=2286067
[    7.781469] corten PMDALLOC post: pmdp=ffff992dc2287020 pmdnone=0 pmdpresent=1 pmdleaf=0 pmdval=2286067
[    7.789776] corten PMDALLOC post: pmdp=ffff992dc2287020 pmdnone=0 pmdpresent=1 pmdleaf=0 pmdval=2286067
[    7.795857] corten PMDALLOC post: pmdp=ffff992dc2287020 pmdnone=0 pmdpresent=1 pmdleaf=0 pmdval=2286067
[    7.803806] corten PMDALLOC post: pmdp=ffff992dc2287020 pmdnone=0 pmdpresent=1 pmdleaf=0 pmdval=2286067
[    7.812427] corten PMDALLOC post: pmdp=ffff992dc2287020 pmdnone=0 pmdpresent=1 pmdleaf=0 pmdval=2286067
[    7.822848] corten PMDALLOC post: pmdp=ffff992dc2287020 pmdnone=0 pmdpresent=1 pmdleaf=0 pmdval=2286067
[    7.827177] corten PMDALLOC post: pmdp=ffff992dc2287020 pmdnone=0 pmdpresent=1 pmdleaf=0 pmdval=2286067
[    7.831436] corten PMDALLOC post: pmdp=ffff992dc2287020 pmdnone=0 pmdpresent=1 pmdleaf=0 pmdval=2286067
[    7.836187] corten PMDALLOC post: pmdp=ffff992dc2287020 pmdnone=0 pmdpresent=1 pmdleaf=0 pmdval=2286067
[    7.844986] corten PMDALLOC post: pmdp=ffff992dc2287020 pmdnone=0 pmdpresent=1 pmdleaf=0 pmdval=2286067
[    7.851746] corten PMDALLOC post: pmdp=ffff992dc2287020 pmdnone=0 pmdpresent=1 pmdleaf=0 pmdval=2286067
[    7.859179] corten PMDALLOC post: pmdp=ffff992dc2287020 pmdnone=0 pmdpresent=1 pmdleaf=0 pmdval=2286067
[    7.866921] corten PMDALLOC post: pmdp=ffff992dc2287020 pmdnone=0 pmdpresent=1 pmdleaf=0 pmdval=2286067
[    7.873672] corten PMDALLOC post: pmdp=ffff992dc2287020 pmdnone=0 pmdpresent=1 pmdleaf=0 pmdval=2286067
[    7.881646] corten PMDALLOC post: pmdp=ffff992dc2287020 pmdnone=0 pmdpresent=1 pmdleaf=0 pmdval=2286067
[    7.890824] corten PMDALLOC post: pmdp=ffff992dc2287020 pmdnone=0 pmdpresent=1 pmdleaf=0 pmdval=2286067
[    7.899109] corten PMDALLOC post: pmdp=ffff992dc2287020 pmdnone=0 pmdpresent=1 pmdleaf=0 pmdval=2286067
[    7.907794] corten PMDALLOC post: pmdp=ffff992dc2287020 pmdnone=0 pmdpresent=1 pmdleaf=0 pmdval=2286067
[    7.915929] corten PMDALLOC post: pmdp=ffff992dc2287020 pmdnone=0 pmdpresent=1 pmdleaf=0 pmdval=2286067
[    7.921736] corten PMDALLOC post: pmdp=ffff992dc2287020 pmdnone=0 pmdpresent=1 pmdleaf=0 pmdval=2286067
[    7.931084] corten PMDALLOC post: pmdp=ffff992dc2287020 pmdnone=0 pmdpresent=1 pmdleaf=0 pmdval=2286067
[    7.937267] corten PMDALLOC post: pmdp=ffff992dc2287020 pmdnone=0 pmdpresent=1 pmdleaf=0 pmdval=2286067
[    7.946136] corten PMDALLOC post: pmdp=ffff992dc2287020 pmdnone=0 pmdpresent=1 pmdleaf=0 pmdval=2286067
[    7.953033] corten PMDALLOC post: pmdp=ffff992dc2287020 pmdnone=0 pmdpresent=1 pmdleaf=0 pmdval=2286067
[    7.961357] corten PMDALLOC post: pmdp=ffff992dc2287020 pmdnone=0 pmdpresent=1 pmdleaf=0 pmdval=2286067
[    7.968895] corten PMDALLOC post: pmdp=ffff992dc2287020 pmdnone=0 pmdpresent=1 pmdleaf=0 pmdval=2286067
[    7.975014] corten PMDALLOC post: pmdp=ffff992dc2287020 pmdnone=0 pmdpresent=1 pmdleaf=0 pmdval=2286067
[    7.983269] corten PMDALLOC post: pmdp=ffff992dc2287020 pmdnone=0 pmdpresent=1 pmdleaf=0 pmdval=2286067
[    7.991557] corten PMDALLOC post: pmdp=ffff992dc2287020 pmdnone=0 pmdpresent=1 pmdleaf=0 pmdval=2286067
[    7.997504] corten PMDALLOC post: pmdp=ffff992dc2287020 pmdnone=0 pmdpresent=1 pmdleaf=0 pmdval=2286067
[    8.006611] corten PMDALLOC post: pmdp=ffff992dc2287020 pmdnone=0 pmdpresent=1 pmdleaf=0 pmdval=2286067
[    8.015139] corten PMDALLOC post: pmdp=ffff992dc2287020 pmdnone=0 pmdpresent=1 pmdleaf=0 pmdval=2286067
[    8.023850] corten PMDALLOC post: pmdp=ffff992dc2287020 pmdnone=0 pmdpresent=1 pmdleaf=0 pmdval=2286067
[    8.030478] corten PMDALLOC post: pmdp=ffff992dc2287020 pmdnone=0 pmdpresent=1 pmdleaf=0 pmdval=2286067
[    8.038528] corten PMDALLOC post: pmdp=ffff992dc2287020 pmdnone=0 pmdpresent=1 pmdleaf=0 pmdval=2286067
[    8.046153] corten PMDALLOC post: pmdp=ffff992dc2287020 pmdnone=0 pmdpresent=1 pmdleaf=0 pmdval=2286067
[    8.054130] corten PMDALLOC post: pmdp=ffff992dc2287020 pmdnone=0 pmdpresent=1 pmdleaf=0 pmdval=2286067
[    8.061934] corten PMDALLOC post: pmdp=ffff992dc2287020 pmdnone=0 pmdpresent=1 pmdleaf=0 pmdval=2286067
[    8.070182] corten PMDALLOC post: pmdp=ffff992dc2287020 pmdnone=0 pmdpresent=1 pmdleaf=0 pmdval=2286067
[    8.078209] corten PMDALLOC post: pmdp=ffff992dc2287020 pmdnone=0 pmdpresent=1 pmdleaf=0 pmdval=2286067
[    8.087963] corten PMDALLOC post: pmdp=ffff992dc2287020 pmdnone=0 pmdpresent=1 pmdleaf=0 pmdval=2286067
[    8.095520] corten PMDALLOC post: pmdp=ffff992dc2287020 pmdnone=0 pmdpresent=1 pmdleaf=0 pmdval=2286067
[    8.103341] corten PMDALLOC post: pmdp=ffff992dc2287020 pmdnone=0 pmdpresent=1 pmdleaf=0 pmdval=2286067
[    8.110662] corten PMDALLOC post: pmdp=ffff992dc2287020 pmdnone=0 pmdpresent=1 pmdleaf=0 pmdval=2286067
[    8.116561] corten PMDALLOC post: pmdp=ffff992dc2287020 pmdnone=0 pmdpresent=1 pmdleaf=0 pmdval=2286067
[    8.123262] corten PMDALLOC post: pmdp=ffff992dc2287020 pmdnone=0 pmdpresent=1 pmdleaf=0 pmdval=2286067
[    8.132071] corten PMDALLOC post: pmdp=ffff992dc2287020 pmdnone=0 pmdpresent=1 pmdleaf=0 pmdval=2286067
[    8.140494] corten PMDALLOC post: pmdp=ffff992dc2287020 pmdnone=0 pmdpresent=1 pmdleaf=0 pmdval=2286067
[    8.149210] corten PMDALLOC post: pmdp=ffff992dc2287020 pmdnone=0 pmdpresent=1 pmdleaf=0 pmdval=2286067
[    8.157374] corten PMDALLOC post: pmdp=ffff992dc2287020 pmdnone=0 pmdpresent=1 pmdleaf=0 pmdval=2286067
[    8.165388] corten PMDALLOC post: pmdp=ffff992dc2287020 pmdnone=0 pmdpresent=1 pmdleaf=0 pmdval=2286067
[    8.173507] corten PMDALLOC post: pmdp=ffff992dc2287020 pmdnone=0 pmdpresent=1 pmdleaf=0 pmdval=2286067
[    8.181649] corten PMDALLOC post: pmdp=ffff992dc2287020 pmdnone=0 pmdpresent=1 pmdleaf=0 pmdval=2286067
[    8.190452] corten PMDALLOC post: pmdp=ffff992dc2287020 pmdnone=0 pmdpresent=1 pmdleaf=0 pmdval=2286067
[    8.195855] corten PMDALLOC post: pmdp=ffff992dc2287020 pmdnone=0 pmdpresent=1 pmdleaf=0 pmdval=2286067
[    8.203765] corten PMDALLOC post: pmdp=ffff992dc2287020 pmdnone=0 pmdpresent=1 pmdleaf=0 pmdval=2286067
[    8.211229] corten PMDALLOC post: pmdp=ffff992dc2287020 pmdnone=0 pmdpresent=1 pmdleaf=0 pmdval=2286067
[    8.220206] corten PMDALLOC post: pmdp=ffff992dc2287020 pmdnone=0 pmdpresent=1 pmdleaf=0 pmdval=2286067
[    8.228095] corten PMDALLOC post: pmdp=ffff992dc2287020 pmdnone=0 pmdpresent=1 pmdleaf=0 pmdval=2286067
[    8.239360] corten PMDALLOC post: pmdp=ffff992dc2287020 pmdnone=0 pmdpresent=1 pmdleaf=0 pmdval=2286067
[    8.247254] corten PMDALLOC post: pmdp=ffff992dc2287020 pmdnone=0 pmdpresent=1 pmdleaf=0 pmdval=2286067
[    8.254932] corten PMDALLOC post: pmdp=ffff992dc2287020 pmdnone=0 pmdpresent=1 pmdleaf=0 pmdval=2286067
[    8.263124] corten PMDALLOC post: pmdp=ffff992dc2287020 pmdnone=0 pmdpresent=1 pmdleaf=0 pmdval=2286067
[    8.269543] corten PMDALLOC post: pmdp=ffff992dc2287020 pmdnone=0 pmdpresent=1 pmdleaf=0 pmdval=2286067
[    8.276474] corten PMDALLOC post: pmdp=ffff992dc2287020 pmdnone=0 pmdpresent=1 pmdleaf=0 pmdval=2286067
[    8.285410] corten PMDALLOC post: pmdp=ffff992dc2287020 pmdnone=0 pmdpresent=1 pmdleaf=0 pmdval=2286067
[    8.289844] corten PMDALLOC post: pmdp=ffff992dc2287020 pmdnone=0 pmdpresent=1 pmdleaf=0 pmdval=2286067
[    8.296060] corten PMDALLOC post: pmdp=ffff992dc2287020 pmdnone=0 pmdpresent=1 pmdleaf=0 pmdval=2286067
[    8.303220] corten PMDALLOC post: pmdp=ffff992dc2287020 pmdnone=0 pmdpresent=1 pmdleaf=0 pmdval=2286067
[    8.312190] corten PMDALLOC post: pmdp=ffff992dc2287020 pmdnone=0 pmdpresent=1 pmdleaf=0 pmdval=2286067
[    8.318304] corten PMDALLOC post: pmdp=ffff992dc2287020 pmdnone=0 pmdpresent=1 pmdleaf=0 pmdval=2286067
[    8.327210] corten PMDALLOC post: pmdp=ffff992dc2287020 pmdnone=0 pmdpresent=1 pmdleaf=0 pmdval=2286067
[    8.337526] corten PMDALLOC post: pmdp=ffff992dc2287020 pmdnone=0 pmdpresent=1 pmdleaf=0 pmdval=2286067
[    8.346305] corten PMDALLOC post: pmdp=ffff992dc2287020 pmdnone=0 pmdpresent=1 pmdleaf=0 pmdval=2286067
[    8.355548] corten PMDALLOC post: pmdp=ffff992dc2287020 pmdnone=0 pmdpresent=1 pmdleaf=0 pmdval=2286067
[    8.365227] corten PMDALLOC post: pmdp=ffff992dc2287020 pmdnone=0 pmdpresent=1 pmdleaf=0 pmdval=2286067
[    8.374352] corten PMDALLOC post: pmdp=ffff992dc2287020 pmdnone=0 pmdpresent=1 pmdleaf=0 pmdval=2286067
[    8.382126] corten PMDALLOC post: pmdp=ffff992dc2287020 pmdnone=0 pmdpresent=1 pmdleaf=0 pmdval=2286067
[    8.389299] corten PMDALLOC post: pmdp=ffff992dc2287020 pmdnone=0 pmdpresent=1 pmdleaf=0 pmdval=2286067
[    8.397965] corten PMDALLOC post: pmdp=ffff992dc2287020 pmdnone=0 pmdpresent=1 pmdleaf=0 pmdval=2286067
[    8.406168] corten PMDALLOC post: pmdp=ffff992dc2287020 pmdnone=0 pmdpresent=1 pmdleaf=0 pmdval=2286067
[    8.412986] corten PMDALLOC post: pmdp=ffff992dc2287020 pmdnone=0 pmdpresent=1 pmdleaf=0 pmdval=2286067
[    8.422206] corten PMDALLOC post: pmdp=ffff992dc2287020 pmdnone=0 pmdpresent=1 pmdleaf=0 pmdval=2286067
[    8.427160] corten PMDALLOC post: pmdp=ffff992dc2287020 pmdnone=0 pmdpresent=1 pmdleaf=0 pmdval=2286067
[    8.435570] corten PMDALLOC post: pmdp=ffff992dc2287020 pmdnone=0 pmdpresent=1 pmdleaf=0 pmdval=2286067
[    8.442525] corten PMDALLOC post: pmdp=ffff992dc2287020 pmdnone=0 pmdpresent=1 pmdleaf=0 pmdval=2286067
[    8.454869] corten PMDALLOC post: pmdp=ffff992dc2287020 pmdnone=0 pmdpresent=1 pmdleaf=0 pmdval=2286067
[    8.464381] corten PMDALLOC post: pmdp=ffff992dc2287020 pmdnone=0 pmdpresent=1 pmdleaf=0 pmdval=2286067
[    8.471670] corten PMDALLOC post: pmdp=ffff992dc2287020 pmdnone=0 pmdpresent=1 pmdleaf=0 pmdval=2286067
[    8.479203] corten PMDALLOC post: pmdp=ffff992dc2287020 pmdnone=0 pmdpresent=1 pmdleaf=0 pmdval=2286067
[    8.489487] corten PMDALLOC post: pmdp=ffff992dc2287020 pmdnone=0 pmdpresent=1 pmdleaf=0 pmdval=2286067
[    8.497788] corten PMDALLOC post: pmdp=ffff992dc2287020 pmdnone=0 pmdpresent=1 pmdleaf=0 pmdval=2286067
[    8.505311] corten PMDALLOC post: pmdp=ffff992dc2287020 pmdnone=0 pmdpresent=1 pmdleaf=0 pmdval=2286067
[    8.512935] corten PMDALLOC post: pmdp=ffff992dc2287020 pmdnone=0 pmdpresent=1 pmdleaf=0 pmdval=2286067
[    8.521794] corten PMDALLOC post: pmdp=ffff992dc2287020 pmdnone=0 pmdpresent=1 pmdleaf=0 pmdval=2286067
[    8.527534] corten PMDALLOC post: pmdp=ffff992dc2287020 pmdnone=0 pmdpresent=1 pmdleaf=0 pmdval=2286067
[    8.535495] corten PMDALLOC post: pmdp=ffff992dc2287020 pmdnone=0 pmdpresent=1 pmdleaf=0 pmdval=2286067
[    8.544423] corten PMDALLOC post: pmdp=ffff992dc2287020 pmdnone=0 pmdpresent=1 pmdleaf=0 pmdval=2286067
[    8.551226] corten PMDALLOC post: pmdp=ffff992dc2287020 pmdnone=0 pmdpresent=1 pmdleaf=0 pmdval=2286067
[    8.560077] corten PMDALLOC post: pmdp=ffff992dc2287020 pmdnone=0 pmdpresent=1 pmdleaf=0 pmdval=2286067
[    8.565984] corten PMDALLOC post: pmdp=ffff992dc2287020 pmdnone=0 pmdpresent=1 pmdleaf=0 pmdval=2286067
[    8.572918] corten PMDALLOC post: pmdp=ffff992dc2287020 pmdnone=0 pmdpresent=1 pmdleaf=0 pmdval=2286067
[    8.580632] corten PMDALLOC post: pmdp=ffff992dc2287020 pmdnone=0 pmdpresent=1 pmdleaf=0 pmdval=2286067
[    8.586325] corten PMDALLOC post: pmdp=ffff992dc2287020 pmdnone=0 pmdpresent=1 pmdleaf=0 pmdval=2286067
[    8.589110] corten PMDALLOC post: pmdp=ffff992dc2287020 pmdnone=0 pmdpresent=1 pmdleaf=0 pmdval=2286067
[    8.596240] corten PMDALLOC post: pmdp=ffff992dc2287020 pmdnone=0 pmdpresent=1 pmdleaf=0 pmdval=2286067
[    8.599672] corten PMDALLOC post: pmdp=ffff992dc2287020 pmdnone=0 pmdpresent=1 pmdleaf=0 pmdval=2286067
[    8.605133] corten PMDALLOC post: pmdp=ffff992dc2287020 pmdnone=0 pmdpresent=1 pmdleaf=0 pmdval=2286067
[    8.611315] corten PMDALLOC post: pmdp=ffff992dc2287020 pmdnone=0 pmdpresent=1 pmdleaf=0 pmdval=2286067
[    8.615664] corten PMDALLOC post: pmdp=ffff992dc2287020 pmdnone=0 pmdpresent=1 pmdleaf=0 pmdval=2286067
[    8.623725] corten PMDALLOC post: pmdp=ffff992dc2287020 pmdnone=0 pmdpresent=1 pmdleaf=0 pmdval=2286067
[    8.632970] corten PMDALLOC post: pmdp=ffff992dc2287020 pmdnone=0 pmdpresent=1 pmdleaf=0 pmdval=2286067
[    8.642563] corten PMDALLOC post: pmdp=ffff992dc2287020 pmdnone=0 pmdpresent=1 pmdleaf=0 pmdval=2286067
[    8.651618] corten PMDALLOC post: pmdp=ffff992dc2287020 pmdnone=0 pmdpresent=1 pmdleaf=0 pmdval=2286067
[    8.660210] corten PMDALLOC post: pmdp=ffff992dc2287020 pmdnone=0 pmdpresent=1 pmdleaf=0 pmdval=2286067
[    8.672266] corten PMDALLOC post: pmdp=ffff992dc2287020 pmdnone=0 pmdpresent=1 pmdleaf=0 pmdval=2286067
[    8.680897] corten PMDALLOC post: pmdp=ffff992dc2287020 pmdnone=0 pmdpresent=1 pmdleaf=0 pmdval=2286067
[    8.689023] corten PMDALLOC post: pmdp=ffff992dc2287020 pmdnone=0 pmdpresent=1 pmdleaf=0 pmdval=2286067
[    8.699440] corten PMDALLOC post: pmdp=ffff992dc2287020 pmdnone=0 pmdpresent=1 pmdleaf=0 pmdval=2286067
[    8.709642] corten PMDALLOC post: pmdp=ffff992dc2287020 pmdnone=0 pmdpresent=1 pmdleaf=0 pmdval=2286067
[    8.719895] corten PMDALLOC post: pmdp=ffff992dc2287020 pmdnone=0 pmdpresent=1 pmdleaf=0 pmdval=2286067
[    8.732058] corten PMDALLOC post: pmdp=ffff992dc2287020 pmdnone=0 pmdpresent=1 pmdleaf=0 pmdval=2286067
[    8.741737] corten PMDALLOC post: pmdp=ffff992dc2287020 pmdnone=0 pmdpresent=1 pmdleaf=0 pmdval=2286067
[    8.750095] corten PMDALLOC post: pmdp=ffff992dc2287020 pmdnone=0 pmdpresent=1 pmdleaf=0 pmdval=2286067
[    8.764560] corten PMDALLOC post: pmdp=ffff992dc2287020 pmdnone=0 pmdpresent=1 pmdleaf=0 pmdval=2286067
[    8.775970] corten PMDALLOC post: pmdp=ffff992dc2287020 pmdnone=0 pmdpresent=1 pmdleaf=0 pmdval=2286067
[    8.783873] corten PMDALLOC post: pmdp=ffff992dc2287020 pmdnone=0 pmdpresent=1 pmdleaf=0 pmdval=2286067
[    8.796014]     # corten_fault_test_fill_upper_race: EXPECTATION FAILED at mm/corten_fault_test.c:609
[    8.796014]     Expected ft_write_fault(t, (4UL * ((1UL) << 21)) + ((1UL) << 12)) == 0, but
[    8.796014]         ft_write_fault(t, (4UL * ((1UL) << 21)) + ((1UL) << 12)) == 1050624 (0x100800)
[    8.827920]     # corten_fault_test_fill_upper_race: Test should be marked slow (runtime: 3.187729783s)
[    8.836390] get_swap_device: Bad swap file entry 3ffffffd491c6
[    8.851279] BUG: Bad rss-counter state mm:(____ptrval____) type:MM_SWAPENTS val:-1 Comm:kunit_try_catch Pid:152
[    8.857444]     not ok 8 corten_fault_test_fill_upper_race
[    8.859485] corten PMDALLOC post: pmdp=ffff992dc2284020 pmdnone=0 pmdpresent=1 pmdleaf=0 pmdval=22a5067
[    8.869918] corten PMDALLOC post: pmdp=ffff992dc2284020 pmdnone=0 pmdpresent=1 pmdleaf=0 pmdval=22a5067
[    8.875289] corten PMDALLOC post: pmdp=ffff992dc2284020 pmdnone=0 pmdpresent=1 pmdleaf=0 pmdval=22a5067
[    8.882198] corten PMDALLOC post: pmdp=ffff992dc2284020 pmdnone=0 pmdpresent=1 pmdleaf=0 pmdval=22a5067
[    8.889798] corten PMDALLOC post: pmdp=ffff992dc2284020 pmdnone=0 pmdpresent=1 pmdleaf=0 pmdval=22a5067
[    8.898297] corten PMDALLOC post: pmdp=ffff992dc2284020 pmdnone=0 pmdpresent=1 pmdleaf=0 pmdval=22a5067
[    8.906844] corten PMDALLOC post: pmdp=ffff992dc2284020 pmdnone=0 pmdpresent=1 pmdleaf=0 pmdval=22a5067
[    8.914635] corten PMDALLOC post: pmdp=ffff992dc2284020 pmdnone=0 pmdpresent=1 pmdleaf=0 pmdval=22a5067
[    8.921856] corten PMDALLOC post: pmdp=ffff992dc2284020 pmdnone=0 pmdpresent=1 pmdleaf=0 pmdval=22a5067
[    8.930070] corten PMDALLOC post: pmdp=ffff992dc2284020 pmdnone=0 pmdpresent=1 pmdleaf=0 pmdval=22a5067
[    8.937144] corten PMDALLOC post: pmdp=ffff992dc2284020 pmdnone=0 pmdpresent=1 pmdleaf=0 pmdval=22a5067
[    8.945834] corten PMDALLOC post: pmdp=ffff992dc2284020 pmdnone=0 pmdpresent=1 pmdleaf=0 pmdval=22a5067
[    8.953390] corten PMDALLOC post: pmdp=ffff992dc2284020 pmdnone=0 pmdpresent=1 pmdleaf=0 pmdval=22a5067
[    8.960161] corten PMDALLOC post: pmdp=ffff992dc2284020 pmdnone=0 pmdpresent=1 pmdleaf=0 pmdval=22a5067
[    8.968167] corten PMDALLOC post: pmdp=ffff992dc2284020 pmdnone=0 pmdpresent=1 pmdleaf=0 pmdval=22a5067
[    8.976076] corten PMDALLOC post: pmdp=ffff992dc2284020 pmdnone=0 pmdpresent=1 pmdleaf=0 pmdval=22a5067
[    8.983960] corten PMDALLOC post: pmdp=ffff992dc2284020 pmdnone=0 pmdpresent=1 pmdleaf=0 pmdval=22a5067
[    8.991978] corten PMDALLOC post: pmdp=ffff992dc2284020 pmdnone=0 pmdpresent=1 pmdleaf=0 pmdval=22a5067
[    9.001857]     # corten_fault_test_map_race: EXPECTATION FAILED at mm/corten_fault_test.c:673
[    9.001857]     Expected atomic_read(&r->ret_bad) == 0, but
[    9.001857]         atomic_read(&r->ret_bad) == 9 (0x9)
[    9.017353]     # corten_fault_test_map_race: EXPECTATION FAILED at mm/corten_fault_test.c:674
[    9.017353]     Expected get_mm_counter_sum(t->mm, MM_ANONPAGES) == 8, but
[    9.017353]         get_mm_counter_sum(t->mm, MM_ANONPAGES) == 7 (0x7)
[    9.035557]     # corten_fault_test_map_race: EXPECTATION FAILED at mm/corten_fault_test.c:680
[    9.035557]     Expected m.state == CORTEN_MAPPED, but
[    9.035557]         m.state == 2 (0x2)
[    9.035557]         CORTEN_MAPPED == 1 (0x1)
[    9.041762] get_swap_device: Bad swap file entry 3ffffffc0099f
[    9.060743] get_swap_device: Bad swap file entry 3ffffffd491c6
[    9.065749] get_swap_device: Bad swap file entry 3ffffffd47f6f
[    9.070877] get_swap_device: Bad swap file entry 3ffffffd491df
[    9.075343] get_swap_device: Bad swap file entry 3ffffffd491e7
[    9.080685] get_swap_device: Bad swap file entry 3ffffffd491ef
[    9.085297] get_swap_device: Bad swap file entry 3ffffffd491f7
[    9.090782] get_swap_device: Bad swap file entry 3ffffffd491ff
[    9.094201] BUG: Bad rss-counter state mm:(____ptrval____) type:MM_ANONPAGES val:7 Comm:kunit_try_catch Pid:156
[    9.107037] BUG: Bad rss-counter state mm:(____ptrval____) type:MM_SWAPENTS val:-8 Comm:kunit_try_catch Pid:156
[    9.119135]     not ok 9 corten_fault_test_map_race
[    9.119673] corten PMDALLOC post: pmdp=ffff992dc228d020 pmdnone=0 pmdpresent=1 pmdleaf=0 pmdval=2272067
[    9.129182]     # corten_fault_test_chunk_unmap: EXPECTATION FAILED at mm/corten_fault_test.c:703
[    9.129182]     Expected pte_present(pte) to be true, but is false
[    9.135903]     # corten_fault_test_chunk_unmap: EXPECTATION FAILED at mm/corten_fault_test.c:725
[    9.135903]     Expected get_mm_counter_sum(t->mm, MM_ANONPAGES) == 0, but
[    9.135903]         get_mm_counter_sum(t->mm, MM_ANONPAGES) == 1 (0x1)
[    9.153901] get_swap_device: Bad swap file entry 3ffffffd491c6
[    9.158789] BUG: Bad rss-counter state mm:(____ptrval____) type:MM_ANONPAGES val:1 Comm:kunit_try_catch Pid:158
[    9.168104] BUG: Bad rss-counter state mm:(____ptrval____) type:MM_SWAPENTS val:-1 Comm:kunit_try_catch Pid:158
[    9.178037]     not ok 10 corten_fault_test_chunk_unmap
[    9.178045] # corten_fault: pass:4 fail:6 skip:0 total:10
[    9.182548] # Totals: pass:4 fail:6 skip:0 total:10
[    9.187674] not ok 3 corten_fault
[    9.200405] check access for rdinit=/init failed: -2, ignoring
[    9.204294] md: Waiting for all devices to be available before autodetect
[    9.208169] md: If you don't use raid, use raid=noautodetect
[    9.211685] md: Autodetecting RAID arrays.
[    9.214145] md: autorun ...
[    9.216068] md: ... autorun DONE.
[    9.221762] /dev/root: Can't open blockdev
[    9.224358] VFS: Cannot open root device "" or unknown-block(0,0): error -6
[    9.229714] Please append a correct "root=" boot option; here are the available partitions:
[    9.235152] 0b00         1048575 sr0 
[    9.235218]  driver: sr
[    9.242713] List of all bdev filesystems:
[    9.245712]  ext3
[    9.245717]  ext2
[    9.248544]  ext4
[    9.250874]  vfat
[    9.253688]  msdos
[    9.256210]  iso9660
[    9.257508] 
[    9.261142] Kernel panic - not syncing: VFS: Unable to mount root fs on unknown-block(0,0)
[    9.273655] Kernel Offset: 0x6800000 from 0xffffffff81000000 (relocation range: 0xffffffff80000000-0xffffffffbfffffff)
