make: Entering directory '/home/ppw/tools/syzkaller'
Makefile:31: run command via tools/syz-env for best compatibility, see:
Makefile:32: https://github.com/google/syzkaller/blob/master/docs/contributing.md#using-syz-env
go list -f '{{.Stale}}' -ldflags="-s -w -X github.com/google/syzkaller/prog.GitRevision=70a60e12a1aa155e837bf0ad723487d72b1d2916 -X github.com/google/syzkaller/prog.gitRevisionDate=20260911-140827"  ./sys/syz-sysgen | grep -q false || go install -ldflags="-s -w -X github.com/google/syzkaller/prog.GitRevision=70a60e12a1aa155e837bf0ad723487d72b1d2916 -X github.com/google/syzkaller/prog.gitRevisionDate=20260911-140827"  ./sys/syz-sysgen
make .descriptions
Makefile:31: run command via tools/syz-env for best compatibility, see:
Makefile:32: https://github.com/google/syzkaller/blob/master/docs/contributing.md#using-syz-env
make[1]: '.descriptions' is up to date.
GOOS=linux GOARCH=amd64 go build -ldflags="-s -w -X github.com/google/syzkaller/prog.GitRevision=70a60e12a1aa155e837bf0ad723487d72b1d2916 -X github.com/google/syzkaller/prog.gitRevisionDate=20260911-140827"  -o ./bin/syz-manager github.com/google/syzkaller/syz-manager
GOOS=linux GOARCH=amd64 go build -ldflags="-s -w -X github.com/google/syzkaller/prog.GitRevision=70a60e12a1aa155e837bf0ad723487d72b1d2916 -X github.com/google/syzkaller/prog.gitRevisionDate=20260911-140827"  -o ./bin/syz-repro github.com/google/syzkaller/tools/syz-repro
GOOS=linux GOARCH=amd64 go build -ldflags="-s -w -X github.com/google/syzkaller/prog.GitRevision=70a60e12a1aa155e837bf0ad723487d72b1d2916 -X github.com/google/syzkaller/prog.gitRevisionDate=20260911-140827"  -o ./bin/syz-mutate github.com/google/syzkaller/tools/syz-mutate
GOOS=linux GOARCH=amd64 go build -ldflags="-s -w -X github.com/google/syzkaller/prog.GitRevision=70a60e12a1aa155e837bf0ad723487d72b1d2916 -X github.com/google/syzkaller/prog.gitRevisionDate=20260911-140827"  -o ./bin/syz-prog2c github.com/google/syzkaller/tools/syz-prog2c
GOOS=linux GOARCH=amd64 go build -ldflags="-s -w -X github.com/google/syzkaller/prog.GitRevision=70a60e12a1aa155e837bf0ad723487d72b1d2916 -X github.com/google/syzkaller/prog.gitRevisionDate=20260911-140827"  -o ./bin/syz-db github.com/google/syzkaller/tools/syz-db
GOOS=linux GOARCH=amd64 go build -ldflags="-s -w -X github.com/google/syzkaller/prog.GitRevision=70a60e12a1aa155e837bf0ad723487d72b1d2916 -X github.com/google/syzkaller/prog.gitRevisionDate=20260911-140827"  -o ./bin/syz-upgrade github.com/google/syzkaller/tools/syz-upgrade
GOOS=linux GOARCH=amd64 go build -ldflags="-s -w -X github.com/google/syzkaller/prog.GitRevision=70a60e12a1aa155e837bf0ad723487d72b1d2916 -X github.com/google/syzkaller/prog.gitRevisionDate=20260911-140827"  -o ./bin/linux_amd64/syz-execprog github.com/google/syzkaller/tools/syz-execprog
mkdir -p ./bin/linux_amd64
g++ -o ./bin/linux_amd64/syz-executor executor/executor.cc \
	-m64 -O2 -pthread -Wall -Werror -Wparentheses -Wunused-const-variable -Wframe-larger-than=16384 -Wno-stringop-overflow -Wno-array-bounds -Wno-format-overflow -Wno-unused-but-set-variable -Wno-unused-command-line-argument -static-pie -std=c++17 -I. -Iexecutor/_include   -DGOOS_linux=1 -DGOARCH_amd64=1 \
	-DHOSTGOOS_linux=1 -DGIT_REVISION=\"70a60e12a1aa155e837bf0ad723487d72b1d2916\"
/usr/bin/ld: /tmp/cchrxhWO.o: in function `Connection::Connect(char const*, char const*)':
executor.cc:(.text._ZN10Connection7ConnectEPKcS1_[_ZN10Connection7ConnectEPKcS1_]+0x114): warning: Using 'gethostbyname' in statically linked applications requires at runtime the shared libraries from the glibc version used for linking
./tools/check-syzos.sh 2>/dev/null
make: Leaving directory '/home/ppw/tools/syzkaller'
