[    0.000000] Linux version 6.18.32-gb9541335a554 (ppw@vm) (gcc (Ubuntu 11.4.0-
1ubuntu1~22.04.3) 11.4.0, GNU ld (GNU Binutils for Ubuntu) 2.38) #93 SMP PREEMPT
_DYNAMIC Mon Sep 21 05:56:00 CST 2026
[    0.000000] Command line: console=ttyS0 root=/dev/vda rw net.ifnames=0 system
d.mask=sys-kernel-config.mount corten=on mitigations=off kunit.enable=0 log_buf_
len=64M fsck.mode=force fsck.repair=yes
[    0.000000] BIOS-provided physical RAM map:
[    0.000000] BIOS-e820: [mem 0x0000000000000000-0x000000000009fbff] usable
[    0.000000] BIOS-e820: [mem 0x000000000009fc00-0x000000000009ffff] reserved
[    0.000000] BIOS-e820: [mem 0x00000000000f0000-0x00000000000fffff] reserved
[    0.000000] BIOS-e820: [mem 0x0000000000100000-0x00000000bffdcfff] usable
[    0.000000] BIOS-e820: [mem 0x00000000bffdd000-0x00000000bfffffff] reserved
[    0.000000] BIOS-e820: [mem 0x00000000feffc000-0x00000000feffffff] reserved
[    0.000000] BIOS-e820: [mem 0x00000000fffc0000-0x00000000ffffffff] reserved
[    0.000000] BIOS-e820: [mem 0x0000000100000000-0x000000013fffffff] usable
[    0.000000] NX (Execute Disable) protection: active
[    0.000000] APIC: Static calls initialized
[    0.000000] SMBIOS 2.8 present.
[    0.000000] DMI: QEMU Standard PC (i440FX + PIIX, 1996), BIOS 1.15.0-1 04/01/
2014
[    0.000000] DMI: Memory slots populated: 1/1
[    0.000000] Hypervisor detected: KVM
[    0.000000] last_pfn = 0xbffdd max_arch_pfn = 0x400000000
[    0.000000] kvm-clock: Using msrs 4b564d01 and 4b564d00
[    0.000005] kvm-clock: using sched offset of 1937547214 cycles
[    0.000010] clocksource: kvm-clock: mask: 0xffffffffffffffff max_cycles: 0x1c
d42e4dffb, max_idle_ns: 881590591483 ns
[    0.000136] tsc: Detected 2419.196 MHz processor
[    0.003976] last_pfn = 0x140000 max_arch_pfn = 0x400000000
[    0.004616] MTRR map: 4 entries (3 fixed + 1 variable; max 19), built from 8
variable MTRRs
[    0.004624] x86/PAT: Configuration [0-7]: WB  WC  UC- UC  WB  WP  UC- WT
[    0.005119] last_pfn = 0xbffdd max_arch_pfn = 0x400000000
[    0.020136] found SMP MP-table at [mem 0x000f5b90-0x000f5b9f]
[    0.020442] Using GB pages for direct mapping
[    1.655092] printk: log buffer data + meta data: 67108864 + 234881024 = 30198
9888 bytes
[    1.655099] printk: early log buf free: 260024(99%)
[    1.655336] ACPI: Early table checksum verification disabled
[    1.655510] ACPI: RSDP 0x00000000000F59B0 000014 (v00 BOCHS )
[    1.655663] ACPI: RSDT 0x00000000BFFE1BA3 000034 (v01 BOCHS  BXPC     0000000
1 BXPC 00000001)
[    1.655745] ACPI: FACP 0x00000000BFFE1A1F 000074 (v01 BOCHS  BXPC     0000000
1 BXPC 00000001)
[    1.655860] ACPI: DSDT 0x00000000BFFE0040 0019DF (v01 BOCHS  BXPC     0000000
1 BXPC 00000001)
[    1.655886] ACPI: FACS 0x00000000BFFE0000 000040
[    1.655892] ACPI: APIC 0x00000000BFFE1A93 0000B0 (v01 BOCHS  BXPC     0000000
1 BXPC 00000001)
[    1.655898] ACPI: HPET 0x00000000BFFE1B43 000038 (v01 BOCHS  BXPC     0000000
1 BXPC 00000001)
[    1.655903] ACPI: WAET 0x00000000BFFE1B7B 000028 (v01 BOCHS  BXPC     0000000
1 BXPC 00000001)
[    1.655908] ACPI: Reserving FACP table memory at [mem 0xbffe1a1f-0xbffe1a92]
[    1.655912] ACPI: Reserving DSDT table memory at [mem 0xbffe0040-0xbffe1a1e]
[    1.655915] ACPI: Reserving FACS table memory at [mem 0xbffe0000-0xbffe003f]
[    1.655917] ACPI: Reserving APIC table memory at [mem 0xbffe1a93-0xbffe1b42]
[    1.655918] ACPI: Reserving HPET table memory at [mem 0xbffe1b43-0xbffe1b7a]
[    1.655920] ACPI: Reserving WAET table memory at [mem 0xbffe1b7b-0xbffe1ba2]
[    1.659668] No NUMA configuration found
[    1.659672] Faking a node at [mem 0x0000000000000000-0x000000013fffffff]
[    1.659682] NODE_DATA(0) allocated [mem 0x12dffa140-0x12dffdfff]
[    1.660176] Zone ranges:
[    1.660178]   DMA      [mem 0x0000000000001000-0x0000000000ffffff]
[    1.660183]   DMA32    [mem 0x0000000001000000-0x00000000ffffffff]
[    1.660187]   Normal   [mem 0x0000000100000000-0x000000013fffffff]
[    1.660189] Movable zone start for each node
[    1.660191] Early memory node ranges
[    1.660192]   node   0: [mem 0x0000000000001000-0x000000000009efff]
[    1.660196]   node   0: [mem 0x0000000000100000-0x00000000bffdcfff]
[    1.660199]   node   0: [mem 0x0000000100000000-0x000000013fffffff]
[    1.660202] Initmem setup node 0 [mem 0x0000000000001000-0x000000013fffffff]
[    1.661221] On node 0, zone DMA: 1 pages in unavailable ranges
[    1.662708] On node 0, zone DMA: 97 pages in unavailable ranges
[    2.006359] On node 0, zone Normal: 35 pages in unavailable ranges
[    2.010148] ACPI: PM-Timer IO Port: 0x608
[    2.010242] ACPI: LAPIC_NMI (acpi_id[0xff] dfl dfl lint[0x1])
[    2.012171] IOAPIC[0]: apic_id 0, version 17, address 0xfec00000, GSI 0-23
[    2.012184] ACPI: INT_SRC_OVR (bus 0 bus_irq 0 global_irq 2 dfl dfl)
[    2.012189] ACPI: INT_SRC_OVR (bus 0 bus_irq 5 global_irq 5 high level)
[    2.012192] ACPI: INT_SRC_OVR (bus 0 bus_irq 9 global_irq 9 high level)
[    2.012220] ACPI: INT_SRC_OVR (bus 0 bus_irq 10 global_irq 10 high level)
[    2.012224] ACPI: INT_SRC_OVR (bus 0 bus_irq 11 global_irq 11 high level)
[    2.012233] ACPI: Using ACPI (MADT) for SMP configuration information
[    2.012235] ACPI: HPET id: 0x8086a201 base: 0xfed00000
[    2.012242] TSC deadline timer available
[    2.012246] CPU topo: Max. logical packages:   1
[    2.012246] CPU topo: Max. logical dies:       1
[    2.012247] CPU topo: Max. dies per package:   1
[    2.012250] CPU topo: Max. threads per core:   1
[    2.012258] CPU topo: Num. cores per package:     8
[    2.012258] CPU topo: Num. threads per package:   8
[    2.012258] CPU topo: Allowing 8 present CPUs plus 0 hotplug CPUs
[    2.012295] kvm-guest: APIC: eoi() replaced with kvm_guest_apic_eoi_write()
[    2.012359] kvm-guest: KVM setup pv remote TLB flush
[    2.012415] kvm-guest: setup PV sched yield
[    2.012695] PM: hibernation: Registered nosave memory: [mem 0x00000000-0x0000
0fff]
[    2.012700] PM: hibernation: Registered nosave memory: [mem 0x0009f000-0x000f
ffff]
[    2.012703] PM: hibernation: Registered nosave memory: [mem 0xbffdd000-0xffff
ffff]
[    2.012707] [mem 0xc0000000-0xfeffbfff] available for PCI devices
[    2.012710] Booting paravirtualized kernel on KVM
[    2.012751] clocksource: refined-jiffies: mask: 0xffffffff max_cycles: 0xffff
ffff, max_idle_ns: 1910969940391419 ns
[    2.035660] setup_percpu: NR_CPUS:64 nr_cpumask_bits:8 nr_cpu_ids:8 nr_node_i
ds:1
[    2.045548] percpu: Embedded 54 pages/cpu s182680 r8192 d30312 u262144
[    2.045932] Kernel command line: console=ttyS0 root=/dev/vda rw net.ifnames=0
 systemd.mask=sys-kernel-config.mount corten=on mitigations=off kunit.enable=0 l
og_buf_len=64M fsck.mode=force fsck.repair=yes
[    2.046674] corten: requested on, activating at initcall time
[    2.046835] random: crng init done
[    2.066121] Dentry cache hash table entries: 524288 (order: 10, 4194304 bytes
, linear)
[    2.073282] Inode-cache hash table entries: 262144 (order: 9, 2097152 bytes,
linear)
[    2.074638] software IO TLB: area num 8.
[    2.478782] Fallback order for Node 0: 0
[    2.478825] Built 1 zonelists, mobility grouping on.  Total pages: 1048443
[    2.478829] Policy zone: Normal
[    2.478833] mem auto-init: stack:off, heap alloc:off, heap free:off
[    2.502227] SLUB: HWalign=64, Order=0-3, MinObjects=0, CPUs=8, Nodes=1
[    2.519774] Dynamic Preempt: voluntary
[    2.521220] rcu: Preemptible hierarchical RCU implementation.
[    2.521223] rcu:     RCU event tracing is enabled.
[    2.521225] rcu:     RCU restricting CPUs from NR_CPUS=64 to nr_cpu_ids=8.
[    2.521234]  Trampoline variant of Tasks RCU enabled.
[    2.521235]  Tracing variant of Tasks RCU enabled.
[    2.521237] rcu: RCU calculated value of scheduler-enlistment delay is 100 ji
ffies.
[    2.521239] rcu: Adjusting geometry for rcu_fanout_leaf=16, nr_cpu_ids=8
[    2.521283] RCU Tasks: Setting shift to 3 and lim to 1 rcu_task_cb_adjust=1 r
cu_task_cpu_ids=8.
[    2.521285] RCU Tasks Trace: Setting shift to 3 and lim to 1 rcu_task_cb_adju
st=1 rcu_task_cpu_ids=8.
[    2.539419] NR_IRQS: 4352, nr_irqs: 488, preallocated irqs: 16
[    2.540865] rcu: srcu_init: Setting srcu_struct sizes based on contention.
[    2.629071] Console: colour VGA+ 80x25
[    2.629417] printk: legacy console [ttyS0] enabled
[    3.676122] ACPI: Core revision 20250807
[    3.680360] clocksource: hpet: mask: 0xffffffff max_cycles: 0xffffffff, max_i
dle_ns: 19112604467 ns
[    3.690386] APIC: Switch to symmetric I/O mode setup
[    3.706588] x2apic enabled
[    3.714720] APIC: Switched APIC routing to: physical x2apic
[    3.721743] kvm-guest: APIC: send_IPI_mask() replaced with kvm_send_ipi_mask(
)
[    3.734696] kvm-guest: APIC: send_IPI_mask_allbutself() replaced with kvm_sen
d_ipi_mask_allbutself()
[    3.746437] kvm-guest: setup PV IPIs
[    3.776599] ..TIMER: vector=0x30 apic1=0 pin1=2 apic2=-1 pin2=-1
[    3.791226] clocksource: tsc-early: mask: 0xffffffffffffffff max_cycles: 0x22
df0d21928, max_idle_ns: 440795225288 ns
[    3.809709] Calibrating delay loop (skipped) preset value.. 4838.39 BogoMIPS
(lpj=2419196)
[    3.815905] x86/cpu: User Mode Instruction Prevention (UMIP) activated
[    3.818007] Last level iTLB entries: 4KB 0, 2MB 0, 4MB 0
[    3.819716] Last level dTLB entries: 4KB 0, 2MB 0, 4MB 0, 1GB 0
[    3.820876] mitigations: Enabled attack vectors: SMT mitigations: off
[    3.821791] Speculative Store Bypass: Vulnerable
[    3.822733] Spectre V2 : Vulnerable
[    3.823732] ITS: Vulnerable
[    3.824720] Spectre V1 : Vulnerable: __user pointer sanitization and usercopy
 barriers only; no swapgs barriers
[    3.827181] x86/fpu: Supporting XSAVE feature 0x001: 'x87 floating point regi
sters'
[    3.828714] x86/fpu: Supporting XSAVE feature 0x002: 'SSE registers'
[    3.829709] x86/fpu: Supporting XSAVE feature 0x004: 'AVX registers'
[    3.830714] x86/fpu: Supporting XSAVE feature 0x200: 'Protection Keys User re
gisters'
[    3.831707] x86/fpu: xstate_offset[2]:  576, xstate_sizes[2]:  256
[    3.832716] x86/fpu: xstate_offset[9]:  832, xstate_sizes[9]:    8
[    3.833712] x86/fpu: Enabled xstate features 0x207, context size is 840 bytes
, using 'compacted' format.
[    3.931152] Freeing SMP alternatives memory: 64K
[    3.931712] pid_max: default: 32768 minimum: 301
[    3.932933] LSM: initializing lsm=capability,selinux
[    3.933754] SELinux:  Initializing.
[    3.935195] Mount-cache hash table entries: 8192 (order: 4, 65536 bytes, line
ar)
[    3.935986] Mountpoint-cache hash table entries: 8192 (order: 4, 65536 bytes,
 linear)
[    3.942701] smpboot: CPU0: 13th Gen Intel(R) Core(TM) i9-13900HX (family: 0x6
, model: 0xb7, stepping: 0x1)
[    3.943290] Performance Events: Alderlake Hybrid events, core PMU driver.
[    3.946752] core: CPUID marked event: 'cpu cycles' unavailable
[    3.947771] core: CPUID marked event: 'instructions' unavailable
[    3.948763] core: CPUID marked event: 'bus cycles' unavailable
[    3.949745] core: CPUID marked event: 'cache references' unavailable
[    3.950743] core: CPUID marked event: 'cache misses' unavailable
[    3.951762] core: CPUID marked event: 'branch instructions' unavailable
[    3.952758] core: CPUID marked event: 'branch misses' unavailable
[    3.954487] core: The event 0x100 is not supported as a normal event.
[    3.954753] core: The event 0x300 is not supported as a normal event.
[    3.955753] core: The event 0x400 is not supported as a normal event.
[    3.956718] core: The event 0x8000 is not supported as a normal event.
[    3.957763] core: The event 0x8100 is not supported as a normal event.
[    3.958756] core: The event 0x8200 is not supported as a normal event.
[    3.959746] core: The event 0x8300 is not supported as a normal event.
[    3.960743] core: The event 0x8400 is not supported as a normal event.
[    3.961759] core: The event 0x8500 is not supported as a normal event.
[    3.962755] core: The event 0x8600 is not supported as a normal event.
[    3.963758] core: The event 0x8700 is not supported as a normal event.
[    3.965372] core: cpu_core PMU driver:
[    3.965728] ... version:                   1
[    3.966757] ... bit width:                 48
[    3.967725] ... generic counters:          6
[    3.968790] ... generic bitmap:            000000000000003f
[    3.969758] ... fixed-purpose counters:    0
[    3.970783] ... fixed-purpose bitmap:      0000000000000000
[    3.971724] ... value mask:                0000ffffffffffff
[    3.972757] ... max period:                000000007fffffff
[    3.973797] ... global_ctrl mask:          000100000000003f
[    3.975419] signal: max sigframe size: 3632
[    3.975882] rcu: Hierarchical SRCU implementation.
[    3.976777] rcu:     Max phase no-delay instances is 400.
[    3.978290] Timer migration: 1 hierarchy levels; 8 children per group; 1 cros
snode level
[    3.980064] corten: page descriptors enabled
[    3.981488] smp: Bringing up secondary CPUs ...
[    3.982249] smpboot: x86: Booting SMP configuration:
[    3.982768] .... node  #0, CPUs:      #1 #2 #3 #4 #5 #6 #7
[    4.040701] smp: Brought up 1 node, 8 CPUs
[    4.041720] smpboot: Total of 8 processors activated (38707.13 BogoMIPS)
[    4.048909] Memory: 3706260K/4193772K available (21390K kernel code, 3198K rw
data, 8936K rodata, 3256K init, 1208K bss, 482500K reserved, 0K cma-reserved)
[    4.051749] devtmpfs: initialized
[    4.055895] clocksource: jiffies: mask: 0xffffffff max_cycles: 0xffffffff, ma
x_idle_ns: 1911260446275000 ns
[    4.056726] posixtimers hash table entries: 4096 (order: 4, 65536 bytes, line
ar)
[    4.058203] futex hash table entries: 2048 (131072 bytes on 1 NUMA nodes, tot
al 128 KiB, linear).
[    4.059743] PM: RTC time: 22:01:42, date: 2026-09-20
[    4.073798] NET: Registered PF_NETLINK/PF_ROUTE protocol family
[    4.075299] audit: initializing netlink subsys (disabled)
[    4.077761] audit: type=2000 audit(1789941701.511:1): state=initialized audit
_enabled=0 res=1
[    4.078951] thermal_sys: Registered thermal governor 'step_wise'
[    4.080014] cpuidle: using governor menu
[    4.084211] PCI: Using configuration type 1 for base access
[    4.085914] kprobes: kprobe jump-optimization is enabled. All kprobes are opt
imized if possible.
[    4.090098] HugeTLB: registered 2.00 MiB page size, pre-allocated 0 pages
[    4.090756] HugeTLB: 28 KiB vmemmap can be freed for a 2.00 MiB page
[    4.148197] ACPI: Added _OSI(Module Device)
[    4.148744] ACPI: Added _OSI(Processor Device)
[    4.149718] ACPI: Added _OSI(Processor Aggregator Device)
[    4.152822] ACPI: 1 ACPI AML tables successfully acquired and loaded
[    4.164228] ACPI: Interpreter enabled
[    4.164792] ACPI: PM: (supports S0 S3 S4 S5)
[    4.165791] ACPI: Using IOAPIC for interrupt routing
[    4.166770] PCI: Using host bridge windows from ACPI; if necessary, use "pci=
nocrs" and report a bug
[    4.167720] PCI: Using E820 reservations for host bridge windows
[    4.169177] ACPI: Enabled 2 GPEs in block 00 to 0F
[    4.179959] ACPI: PCI Root Bridge [PCI0] (domain 0000 [bus 00-ff])
[    4.180765] acpi PNP0A03:00: _OSC: OS supports [ASPM ClockPM Segments MSI HPX
-Type3]
[    4.181756] acpi PNP0A03:00: _OSC: not requesting OS control; OS requires [Ex
tendedConfig ASPM ClockPM MSI]
[    4.182733] acpi PNP0A03:00: fail to add MMCONFIG information, can't access e
xtended configuration space under this bridge
[    4.184310] PCI host bridge to bus 0000:00
[    4.184768] pci_bus 0000:00: root bus resource [io  0x0000-0x0cf7 window]
[    4.185754] pci_bus 0000:00: root bus resource [io  0x0d00-0xffff window]
[    4.186754] pci_bus 0000:00: root bus resource [mem 0x000a0000-0x000bffff win
dow]
[    4.187718] pci_bus 0000:00: root bus resource [mem 0xc0000000-0xfebfffff win
dow]
[    4.188757] pci_bus 0000:00: root bus resource [mem 0x140000000-0x1bfffffff w
indow]
[    4.189762] pci_bus 0000:00: root bus resource [bus 00-ff]
[    4.191054] pci 0000:00:00.0: [8086:1237] type 00 class 0x060000 conventional
 PCI endpoint
[    4.195669] pci 0000:00:01.0: [8086:7000] type 00 class 0x060100 conventional
 PCI endpoint
[    4.200462] pci 0000:00:01.1: [8086:7010] type 00 class 0x010180 conventional
 PCI endpoint
[    4.204146] pci 0000:00:01.1: BAR 4 [io  0xc0e0-0xc0ef]
[    4.205142] pci 0000:00:01.1: BAR 0 [io  0x01f0-0x01f7]: legacy IDE quirk
[    4.205717] pci 0000:00:01.1: BAR 1 [io  0x03f6]: legacy IDE quirk
[    4.206757] pci 0000:00:01.1: BAR 2 [io  0x0170-0x0177]: legacy IDE quirk
[    4.207768] pci 0000:00:01.1: BAR 3 [io  0x0376]: legacy IDE quirk
[    4.209718] pci 0000:00:01.3: [8086:7113] type 00 class 0x068000 conventional
 PCI endpoint
[    4.213546] pci 0000:00:01.3: quirk: [io  0x0600-0x063f] claimed by PIIX4 ACP
I
[    4.213861] pci 0000:00:01.3: quirk: [io  0x0700-0x070f] claimed by PIIX4 SMB
[    4.215442] pci 0000:00:02.0: [1234:1111] type 00 class 0x030000 conventional
 PCI endpoint
[    4.222893] pci 0000:00:02.0: BAR 0 [mem 0xfd000000-0xfdffffff pref]
[    4.224983] pci 0000:00:02.0: BAR 2 [mem 0xfeb90000-0xfeb90fff]
[    4.226135] pci 0000:00:02.0: ROM [mem 0xfeb80000-0xfeb8ffff pref]
[    4.232348] pci 0000:00:02.0: Video device with shadowed ROM at [mem 0x000c00
00-0x000dffff]
[    4.260800] pci 0000:00:03.0: [1af4:1000] type 00 class 0x020000 conventional
 PCI endpoint
[    4.265913] pci 0000:00:03.0: BAR 0 [io  0xc0c0-0xc0df]
[    4.267275] pci 0000:00:03.0: BAR 1 [mem 0xfeb91000-0xfeb91fff]
[    4.268021] pci 0000:00:03.0: BAR 4 [mem 0xfe000000-0xfe003fff 64bit pref]
[    4.268889] pci 0000:00:03.0: ROM [mem 0xfeb00000-0xfeb7ffff pref]
[    4.277508] pci 0000:00:04.0: [1af4:1009] type 00 class 0x000200 conventional
 PCI endpoint
[    4.282021] pci 0000:00:04.0: BAR 0 [io  0xc080-0xc0bf]
[    4.282764] pci 0000:00:04.0: BAR 1 [mem 0xfeb92000-0xfeb92fff]
[    4.283832] pci 0000:00:04.0: BAR 4 [mem 0xfe004000-0xfe007fff 64bit pref]
[    4.291328] pci 0000:00:05.0: [1af4:1001] type 00 class 0x010000 conventional
 PCI endpoint
[    4.293859] pci 0000:00:05.0: BAR 0 [io  0xc000-0xc07f]
[    4.295481] pci 0000:00:05.0: BAR 1 [mem 0xfeb93000-0xfeb93fff]
[    4.295821] pci 0000:00:05.0: BAR 4 [mem 0xfe008000-0xfe00bfff 64bit pref]
[    4.321580] ACPI: PCI: Interrupt link LNKA configured for IRQ 10
[    4.322439] ACPI: PCI: Interrupt link LNKB configured for IRQ 10
[    4.323496] ACPI: PCI: Interrupt link LNKC configured for IRQ 11
[    4.324701] ACPI: PCI: Interrupt link LNKD configured for IRQ 11
[    4.325252] ACPI: PCI: Interrupt link LNKS configured for IRQ 9
[    4.337743] iommu: Default domain type: Translated
[    4.338761] iommu: DMA domain TLB invalidation policy: lazy mode
[    4.356690] SCSI subsystem initialized
[    4.364041] ACPI: bus type USB registered
[    4.365485] usbcore: registered new interface driver usbfs
[    4.365841] usbcore: registered new interface driver hub
[    4.366818] usbcore: registered new device driver usb
[    4.367841] pps_core: LinuxPPS API ver. 1 registered
[    4.368754] pps_core: Software ver. 5.3.6 - Copyright 2005-2007 Rodolfo Giome
tti <giometti@linux.it>
[    4.369824] PTP clock support registered
[    4.373846] Advanced Linux Sound Architecture Driver Initialized.
[    4.387380] NetLabel: Initializing
[    4.387750] NetLabel:  domain hash size = 128
[    4.388747] NetLabel:  protocols = UNLABELED CIPSOv4 CALIPSO
[    4.390415] NetLabel:  unlabeled traffic allowed by default
[    4.394081] PCI: Using ACPI for IRQ routing
[    4.396998] pci 0000:00:02.0: vgaarb: setting as boot VGA device
[    4.397701] pci 0000:00:02.0: vgaarb: bridge control possible
[    4.397701] pci 0000:00:02.0: vgaarb: VGA device added: decodes=io+mem,owns=i
o+mem,locks=none
[    4.397755] vgaarb: loaded
[    4.403400] hpet0: at MMIO 0xfed00000, IRQs 2, 8, 0
[    4.403746] hpet0: 3 comparators, 64-bit 100.000000 MHz counter
[    4.412499] clocksource: Switched to clocksource kvm-clock
[    4.439166] VFS: Disk quotas dquot_6.6.0
[    4.446547] VFS: Dquot-cache hash table entries: 512 (order 0, 4096 bytes)
[    4.465460] pnp: PnP ACPI init
[    4.473756] pnp: PnP ACPI: found 6 devices
[    4.591966] clocksource: acpi_pm: mask: 0xffffff max_cycles: 0xffffff, max_id
le_ns: 2085701024 ns
[    4.612099] NET: Registered PF_INET protocol family
[    4.621717] IP idents hash table entries: 65536 (order: 7, 524288 bytes, line
ar)
[    4.637246] tcp_listen_portaddr_hash hash table entries: 2048 (order: 3, 3276
8 bytes, linear)
[    4.648982] Table-perturb hash table entries: 65536 (order: 6, 262144 bytes,
linear)
[    4.661177] TCP established hash table entries: 32768 (order: 6, 262144 bytes
, linear)
[    4.676607] TCP bind hash table entries: 32768 (order: 8, 1048576 bytes, line
ar)
[    4.701245] TCP: Hash tables configured (established 32768 bind 32768)
[    4.713449] UDP hash table entries: 2048 (order: 5, 131072 bytes, linear)
[    4.728084] UDP-Lite hash table entries: 2048 (order: 5, 131072 bytes, linear
)
[    4.748015] NET: Registered PF_UNIX/PF_LOCAL protocol family
[    4.764043] RPC: Registered named UNIX socket transport module.
[    4.775381] RPC: Registered udp transport module.
[    4.791694] RPC: Registered tcp transport module.
[    4.798418] RPC: Registered tcp-with-tls transport module.
[    4.810694] RPC: Registered tcp NFSv4.1 backchannel transport module.
[    4.815352] kwatchdog (76) used greatest stack depth: 15144 bytes left
[    4.825717] pci_bus 0000:00: resource 4 [io  0x0000-0x0cf7 window]
[    4.844098] pci_bus 0000:00: resource 5 [io  0x0d00-0xffff window]
[    4.853934] pci_bus 0000:00: resource 6 [mem 0x000a0000-0x000bffff window]
[    4.865432] pci_bus 0000:00: resource 7 [mem 0xc0000000-0xfebfffff window]
[    4.877056] pci_bus 0000:00: resource 8 [mem 0x140000000-0x1bfffffff window]
[    4.891493] pci 0000:00:01.0: PIIX3: Enabling Passive Release
[    4.907048] pci 0000:00:00.0: quirk_passive_release+0x0/0xa0 took 15880 usecs
[    4.917189] pci 0000:00:00.0: Limiting direct PCI/PCI transfers
[    4.926832] PCI: CLS 0 bytes, default 64
[    4.930746] PCI-DMA: Using software bounce buffering for IO (SWIOTLB)
[    4.942329] software IO TLB: mapped [mem 0x00000000bbfdd000-0x00000000bffdd00
0] (64MB)
[    4.957409] RAPL PMU: API unit is 2^-32 Joules, 0 fixed counters, 10737418240
 ms ovfl timer
[    4.970662] clocksource: tsc: mask: 0xffffffffffffffff max_cycles: 0x22df0d21
928, max_idle_ns: 440795225288 ns
[    5.023658] Initialise system trusted keyrings
[    5.035312] workingset: timestamp_bits=40 max_order=20 bucket_order=0
[    5.047676] NFS: Registering the id_resolver key type
[    5.053714] Key type id_resolver registered
[    5.058074] Key type id_legacy registered
[    5.065106] 9p: Installing v9fs 9p2000 file system support
[    5.134805] Key type asymmetric registered
[    5.140096] Asymmetric key parser 'x509' registered
[    5.147564] Block layer SCSI generic (bsg) driver version 0.4 loaded (major 2
51)
[    5.162390] io scheduler mq-deadline registered
[    5.171133] io scheduler kyber registered
[    5.185998] input: Power Button as /devices/LNXSYSTM:00/LNXPWRBN:00/input/inp
ut0
[    5.200638] ACPI: button: Power Button [PWRF]
[    5.261300] ACPI: \_SB_.LNKC: Enabled at IRQ 11
[    5.315749] ACPI: \_SB_.LNKD: Enabled at IRQ 10
[    5.364722] ACPI: \_SB_.LNKA: Enabled at IRQ 10
[    5.385311] Serial: 8250/16550 driver, 4 ports, IRQ sharing enabled
[    5.398086] 00:04: ttyS0 at I/O 0x3f8 (irq = 4, base_baud = 115200) is a 1655
0A
[    5.415724] Non-volatile memory driver v1.3
[    5.423583] Linux agpgart interface v0.103
[    5.494124] ACPI: bus type drm_connector registered
[    5.545036] loop: module loaded
[    5.551295] virtio_blk virtio2: 8/0/0 default/read/poll queues
[    5.600743] virtio_blk virtio2: [vda] 20971520 512-byte logical blocks (10.7
GB/10.0 GiB)
[    5.622512] zram: Added device: zram0
[    5.637502] scsi host0: ata_piix
[    5.645330] scsi host1: ata_piix
[    5.652607] ata1: PATA max MWDMA2 cmd 0x1f0 ctl 0x3f6 bmdma 0xc0e0 irq 14 lpm
-pol 0
[    5.688164] ata2: PATA max MWDMA2 cmd 0x170 ctl 0x376 bmdma 0xc0e8 irq 15 lpm
-pol 0
[    5.714528] tun: Universal TUN/TAP device driver, 1.6
[    5.747196] e100: Intel(R) PRO/100 Network Driver
[    5.755905] e100: Copyright(c) 1999-2006 Intel Corporation
[    5.762551] e1000: Intel(R) PRO/1000 Network Driver
[    5.767632] e1000: Copyright (c) 1999-2006 Intel Corporation.
[    5.778879] e1000e: Intel(R) PRO/1000 Network Driver
[    5.794823] e1000e: Copyright(c) 1999 - 2015 Intel Corporation.
[    5.812830] sky2: driver version 1.30
[    5.822218] usbcore: registered new interface driver usblp
[    5.831635] usbcore: registered new interface driver usb-storage
[    5.840356] i8042: PNP: PS/2 Controller [PNP0303:KBD,PNP0f13:MOU] at 0x60,0x6
4 irq 1,12
[    5.863037] serio: i8042 KBD port at 0x60,0x64 irq 1
[    5.872139] serio: i8042 AUX port at 0x60,0x64 irq 12
[    5.884198] ata2: found unknown device (class 0)
[    5.885961] rtc_cmos 00:05: RTC can wake from S4
[    5.895779] input: AT Translated Set 2 keyboard as /devices/platform/i8042/se
rio0/input/input1
[    5.912336] ata2.00: ATAPI: QEMU DVD-ROM, 2.5+, max UDMA/100
[    5.920487] rtc_cmos 00:05: registered as rtc0
[    5.922674] rtc_cmos 00:05: alarms up to one day, y3k, 242 bytes nvram, hpet
irqs
[    5.926347] device-mapper: ioctl: 4.50.0-ioctl (2025-04-28) initialised: dm-d
evel@lists.linux.dev
[    5.955068] scsi 1:0:0:0: CD-ROM            QEMU     QEMU DVD-ROM     2.5+ PQ
: 0 ANSI: 5
[    5.957517] intel_pstate: CPU model not supported
[    5.994529] hid: raw HID events driver (C) Jiri Kosina
[    6.007626] usbcore: registered new interface driver usbhid
[    6.015283] usbhid: USB HID core driver
[    6.044850] sr 1:0:0:0: [sr0] scsi3-mmc drive: 4x/4x cd/rw xa/form2 tray
[    6.045479] xt_time: kernel timezone is -0000
[    6.052012] cdrom: Uniform CD-ROM driver Revision: 3.20
[    6.073229] Initializing XFRM netlink socket
[    6.081760] NET: Registered PF_INET6 protocol family
[    6.102198] Segment Routing with IPv6
[    6.106405] sr 1:0:0:0: Attached scsi generic sg0 type 5
[    6.110102] In-situ OAM (IOAM) with IPv6
[    6.125861] sit: IPv6, IPv4 and MPLS over IPv4 tunneling driver
[    6.137793] NET: Registered PF_PACKET protocol family
[    6.143437] NET: Registered PF_KEY protocol family
[    6.147969] 9pnet: Installing 9P2000 support
[    6.165508] Key type dns_resolver registered
[    6.175569] NET: Registered PF_VSOCK protocol family
[    6.191682] IPI shorthand broadcast: enabled
[    6.213254] sched_clock: Marking stable (4959102863, 1253788270)->(8038604198
, -1825713065)
[    6.226580] registered taskstats version 1
[    6.232400] Loading compiled-in X.509 certificates
[    6.247115] Demotion targets for Node 0: null
[    6.258441] Key type .fscrypt registered
[    6.264621] Key type fscrypt-provisioning registered
[    6.276653] PM:   Magic number: 10:817:47
[    6.283939] netconsole: network logging started
[    6.292834] cfg80211: Loading compiled-in X.509 certificates for regulatory d
atabase
[    6.313693] kworker/u32:1 (98) used greatest stack depth: 14272 bytes left
[    6.322282] Loaded X.509 cert 'sforshee: 00b28ddf47aef9cea7'
[    6.327505] kworker/u32:1 (99) used greatest stack depth: 13936 bytes left
[    6.362037] Loaded X.509 cert 'wens: 61c038651aabdcf94bd0ac7ff06c7248db18c600
'
[    6.389778] faux_driver regulatory: Direct firmware load for regulatory.db fa
iled with error -2
[    6.390763] ALSA device list:
[    6.411997] cfg80211: failed to load regulatory.db
[    6.417181]   No soundcards found.
[    6.434334] kunit: disabled
[    6.443738] check access for rdinit=/init failed: -2, ignoring
[    6.575381] input: ImExPS/2 Generic Explorer Mouse as /devices/platform/i8042
/serio1/input/input3
[    6.592026] md: Waiting for all devices to be available before autodetect
[    6.602360] md: If you don't use raid, use raid=noautodetect
[    6.608428] md: Autodetecting RAID arrays.
[    6.613237] md: autorun ...
[    6.616171] md: ... autorun DONE.
[    6.680971] EXT4-fs (vda): recovery complete
[    6.690822] EXT4-fs (vda): mounted filesystem 56b1695a-8891-40bd-bc42-c7c8a70
fe76d r/w with ordered data mode. Quota mode: none.
[    6.707498] VFS: Mounted root (ext4 filesystem) on device 253:0.
[    6.718682] devtmpfs: mounted
[    6.745641] Freeing unused kernel image (initmem) memory: 3256K
[    6.757281] Write protecting the kernel read-only data: 32768k
[    6.804110] Freeing unused kernel image (text/rodata gap) memory: 1136K
[    6.823289] Freeing unused kernel image (rodata/data gap) memory: 1304K
[    6.882146] x86/mm: Checked W+X mappings: passed, no W+X pages found.
[    6.895936] Run /sbin/init as init process
[    7.221926] SELinux:  Permission firmware_load in class system not defined in
 policy.
[    7.230136] SELinux:  Permission kexec_image_load in class system not defined
 in policy.
[    7.235421] SELinux:  Permission kexec_initramfs_load in class system not def
ined in policy.
[    7.244534] SELinux:  Permission policy_load in class system not defined in p
olicy.
[    7.251857] SELinux:  Permission x509_certificate_load in class system not de
fined in policy.
[    7.262338] SELinux:  Permission watch_mountns in class file not defined in p
olicy.
[    7.268221] SELinux:  Permission watch_mountns in class dir not defined in po
licy.
[    7.276230] SELinux:  Permission watch_mountns in class lnk_file not defined
in policy.
[    7.288390] SELinux:  Permission watch_mountns in class chr_file not defined
in policy.
[    7.296090] SELinux:  Permission watch_mountns in class blk_file not defined
in policy.
[    7.305886] SELinux:  Permission watch_mountns in class sock_file not defined
 in policy.
[    7.312841] SELinux:  Permission watch_mountns in class fifo_file not defined
 in policy.
[    7.321400] SELinux:  Permission watch_mountns in class anon_inode not define
d in policy.
[    7.330204] SELinux:  Permission allowed in class io_uring not defined in pol
icy.
[    7.337906] SELinux:  Class memfd_file not defined in policy.
[    7.343188] SELinux: the above unknown classes and permissions will be allowe
d
[    7.383602] SELinux:  policy capability network_peer_controls=1
[    7.392077] SELinux:  policy capability open_perms=1
[    7.397823] SELinux:  policy capability extended_socket_class=1
[    7.403382] SELinux:  policy capability always_check_network=0
[    7.411402] SELinux:  policy capability cgroup_seclabel=1
[    7.418454] SELinux:  policy capability nnp_nosuid_transition=1
[    7.426003] SELinux:  policy capability genfs_seclabel_symlinks=0
[    7.436362] SELinux:  policy capability ioctl_skip_cloexec=0
[    7.441237] SELinux:  policy capability userspace_initial_context=0
[    7.448295] SELinux:  policy capability netlink_xperm=0
[    7.454612] SELinux:  policy capability netif_wildcard=0
[    7.461208] SELinux:  policy capability genfs_seclabel_wildcard=0
[    7.468752] SELinux:  policy capability functionfs_seclabel=0
[    7.473805] SELinux:  policy capability memfd_class=0
[    7.486391] audit: type=1403 audit(1789941704.918:2): auid=4294967295 ses=429
4967295 lsm=selinux res=1
[    7.489573] systemd[1]: Successfully loaded SELinux policy in 356.599ms.
[    7.685661] modprobe (107) used greatest stack depth: 12752 bytes left
[    7.703520] systemd[1]: Relabeled /dev/, /dev/shm/, /run/ in 16.131ms.
[    7.743338] systemd[1]: systemd 257.13-1~deb13u1 running in system mode (+PAM
 +AUDIT +SELINUX +APPARMOR +IMA +IPE +SMACK +SECCOMP +GCRYPT -GNUTLS +OPENSSL +A
CL +BLKID +CURL +ELFUTILS +FIDO2 +IDN2 -IDN +IPTC +KMOD +LIBCRYPTSETUP +LIBCRYPT
SETUP_PLUGINS +LIBFDISK +PCRE2 +PWQUALITY +P11KIT +QRENCODE +TPM2 +BZIP2 +LZ4 +X
Z +ZLIB +ZSTD +BPF_FRAMEWORK +BTF -XKBCOMMON -UTMP +SYSVINIT +LIBARCHIVE)
[    7.781089] systemd[1]: Detected virtualization kvm.
[    7.788522] systemd[1]: Detected architecture x86-64.

Welcome to Debian GNU/Linux 13 (trixie)!

[    7.808601] systemd[1]: Hostname set to <syzkaller>.
[    8.061611] systemd[1]: bpf-restrict-fs: BPF LSM hook not enabled in the kern
el, BPF LSM not supported.
[    8.129795] systemd-hiberna (117) used greatest stack depth: 12408 bytes left
[    8.159784] systemd-ssh-generator[120]: Failed to query local AF_VSOCK CID: C
annot assign requested address
[    8.201765] (sd-exec-[111]: /usr/lib/systemd/system-generators/systemd-ssh-ge
nerator failed with exit status 1.
[    8.645050] systemd[1]: Queued start job for default target graphical.target.
[    8.678542] systemd[1]: Created slice system-getty.slice - Slice /system/gett
y.
[  OK  ] Created slice system-getty.slice - Slice /system/getty.
[    8.704562] systemd[1]: Created slice system-modprobe.slice - Slice /system/m
odprobe.
[  OK  ] Created slice system-modprobe.slice - Slice /system/modprobe.
[    8.725852] systemd[1]: Created slice system-serial\x2dgetty.slice - Slice /s
ystem/serial-getty.
[  OK  ] Created slice system-serial\x2dget…slice - Slice /system/serial-getty.
[    8.751655] systemd[1]: Created slice user.slice - User and Session Slice.
[  OK  ] Created slice user.slice - User and Session Slice.
[    8.767091] systemd[1]: Started systemd-ask-password-console.path - Dispatch
Password Requests to Console Directory Watch.
[  OK  ] Started systemd-ask-password-conso…equests to Console Directory Watch.
[    8.795160] systemd[1]: Started systemd-ask-password-wall.path - Forward Pass
word Requests to Wall Directory Watch.
[  OK  ] Started systemd-ask-password-wall.…d Requests to Wall Directory Watch.
[    8.829536] systemd[1]: Set up automount proc-sys-fs-binfmt_misc.automount -
Arbitrary Executable File Formats File System Automount Point.
[  OK  ] Set up automount proc-sys-fs-binfm…ormats File System Automount Point.
[    8.853994] systemd[1]: Expecting device dev-ttyS0.device - /dev/ttyS0...
         Expecting device dev-ttyS0.device - /dev/ttyS0...
[    8.865770] systemd[1]: Reached target paths.target - Path Units.
[  OK  ] Reached target paths.target - Path Units.
[    8.884531] systemd[1]: Reached target remote-fs.target - Remote File Systems
.
[  OK  ] Reached target remote-fs.target - Remote File Systems.
[    8.908417] systemd[1]: Reached target slices.target - Slice Units.
[  OK  ] Reached target slices.target - Slice Units.
[    8.925807] systemd[1]: Reached target swap.target - Swaps.
[  OK  ] Reached target swap.target - Swaps.
[    8.948693] systemd[1]: Listening on systemd-creds.socket - Credential Encryp
tion/Decryption.
[  OK  ] Listening on systemd-creds.socket - Credential Encryption/Decryption.
[    8.968870] systemd[1]: Listening on systemd-initctl.socket - initctl Compati
bility Named Pipe.
[  OK  ] Listening on systemd-initctl.socke…- initctl Compatibility Named Pipe.
[    9.002358] systemd[1]: Listening on systemd-journald-dev-log.socket - Journa
l Socket (/dev/log).
[  OK  ] Listening on systemd-journald-dev-…socket - Journal Socket (/dev/log).
[    9.027958] systemd[1]: Listening on systemd-journald.socket - Journal Socket
s.
[  OK  ] Listening on systemd-journald.socket - Journal Sockets.
[    9.047023] systemd[1]: systemd-pcrextend.socket - TPM PCR Measurements skipp
ed, unmet condition check ConditionSecurity=measured-uki
[    9.063550] systemd[1]: systemd-pcrlock.socket - Make TPM PCR Policy skipped,
 unmet condition check ConditionSecurity=measured-uki
[    9.078004] systemd[1]: Listening on systemd-sysext.socket - System Extension
 Image Management.
[  OK  ] Listening on systemd-sysext.socket… System Extension Image Management.
[    9.104318] systemd[1]: Listening on systemd-udevd-control.socket - udev Cont
rol Socket.
[  OK  ] Listening on systemd-udevd-control.socket - udev Control Socket.
[    9.128486] systemd[1]: Listening on systemd-udevd-kernel.socket - udev Kerne
l Socket.
[  OK  ] Listening on systemd-udevd-kernel.socket - udev Kernel Socket.
[    9.151581] systemd[1]: Mounting dev-hugepages.mount - Huge Pages File System
...
         Mounting dev-hugepages.mount - Huge Pages File System...
[    9.180481] systemd[1]: Mounting dev-mqueue.mount - POSIX Message Queue File
System...
         Mounting dev-mqueue.mount - POSIX Message Queue File System...
[    9.209569] systemd[1]: Mounting proc-sys-fs-binfmt_misc.mount - /proc/sys/fs
/binfmt_misc...
         Mounting proc-sys-fs-binfmt_misc.mount - /proc/sys/fs/binfmt_misc...
[    9.229481] systemd[1]: Mounting sys-kernel-debug.mount - /sys/kernel/debug..
.
         Mounting sys-kernel-debug.mount - /sys/kernel/debug...
[    9.250398] systemd[1]: Mounting sys-kernel-tracing.mount - Kernel Trace File
 System...
         Mounting sys-kernel-tracing.mount - Kernel Trace File System...
[    9.275540] systemd[1]: Mounting tmp.mount - Temporary Directory /tmp...
         Mounting tmp.mount - Temporary Directory /tmp...
[    9.290824] systemd[1]: kmod-static-nodes.service - Create List of Static Dev
ice Nodes skipped, unmet condition check ConditionFileNotEmpty=/lib/modules/6.18
.32-gb9541335a554/modules.devname
[    9.317350] systemd[1]: Starting modprobe@drm.service - Load Kernel Module dr
m...
         Starting modprobe@drm.service - Load Kernel Module drm...
[    9.345003] systemd[1]: Starting modprobe@efi_pstore.service - Load Kernel Mo
dule efi_pstore...
         Starting modprobe@efi_pstore.servi… - Load Kernel Module efi_pstore...
[    9.364928] systemd[1]: Starting modprobe@fuse.service - Load Kernel Module f
use...
         Starting modprobe@fuse.service - Load Kernel Module fuse...
[    9.384950] systemd[1]: systemd-hibernate-clear.service - Clear Stale Hiberna
te Storage Info skipped, unmet condition check ConditionPathExists=/sys/firmware
/efi/efivars/HibernateLocation-8cf2644b-4b0b-428f-9387-6d876050dc67
[    9.415954] systemd[1]: systemd-hwdb-update.service - Rebuild Hardware Databa
se skipped, unmet condition check ConditionNeedsUpdate=/etc
[    9.445898] systemd[1]: Starting systemd-journald.service - Journal Service..
.
         Starting systemd-journald.service - Journal Service...
[    9.476229] systemd[1]: Starting systemd-modules-load.service - Load Kernel M
odules...
[    9.483262] systemd[1]: systemd-pcrmachine.service - TPM PCR Machine ID Measu
rement skipped, unmet condition check ConditionSecurity=measured-uki
         Starting systemd-modules-load.[    9.500573] systemd[1]: Starting syste
md-random-seed.service - Load/Save OS Random Seed...
service - Load Kernel Modules...
         Starting systemd-random-seed.service - Load/Save OS Random Seed...
[    9.539313] systemd[1]: Starting systemd-tmpfiles-setup-dev-early.service - C
reate Static Device Nodes in /dev gracefully...
         Starting systemd-tmpfiles-setup-de… Device Nodes in /dev gracefully...
[    9.567769] systemd[1]: systemd-tpm2-setup-early.service - Early TPM SRK Setu
p skipped, unmet condition check ConditionSecurity=measured-uki
[    9.584598] systemd[1]: systemd-tpm2-setup.service - TPM SRK Setup skipped, u
nmet condition check ConditionSecurity=measured-uki
[    9.599217] systemd[1]: Starting systemd-udev-load-credentials.service - Load
 udev Rules from Credentials...
         Starting systemd-udev-load-credent…Load udev Rules from Credentials...
[    9.624041] systemd[1]: Starting systemd-udev-trigger.service - Coldplug All
udev Devices...
         Starting systemd-udev-trigger.service - Coldplug All udev Devices...
[    9.640244] systemd[1]: Mounted dev-hugepages.mount - Huge Pages File System.
[  OK  ] Mounted dev-hugepages.mount - Huge Pages File System.
[    9.661608] systemd[1]: Mounted dev-mqueue.mount - POSIX Message Queue File S
ystem.
[  OK  ] Mounted dev-mqueue.mount - POSIX Message Queue File System.
[    9.686472] systemd[1]: Mounted proc-sys-fs-binfmt_misc.mount - /proc/sys/fs/
binfmt_misc.
[  OK  ] Mounted proc-sys-fs-binfmt_misc.mount - /proc/sys/fs/binfmt_misc.
[    9.715922] systemd[1]: Mounted sys-kernel-debug.mount - /sys/kernel/debug.
[  OK  ] Mounted sys-kernel-debug.mount - /sys/kernel/debug.
[    9.739640] systemd[1]: Mounted sys-kernel-tracing.mount - Kernel Trace File
System.
[    9.749535] systemd-journald[138]: Collecting audit messages is disabled.
[  OK  ] Mounted sys-kernel-tracing.mount - Kernel Trace File System.
[    9.772514] systemd[1]: Mounted tmp.mount - Temporary Directory /tmp.
[  OK  ] Mounted tmp.mount - Temporary Directory /tmp.
[    9.793709] systemd[1]: modprobe@drm.service: Deactivated successfully.
[    9.805368] systemd[1]: Finished modprobe@drm.service - Load Kernel Module dr
m.
[  OK  ] Finished modprobe@drm.service - Load Kernel Module drm.
[    9.827299] systemd[1]: modprobe@efi_pstore.service: Deactivated successfully
.
[    9.837057] systemd[1]: Finished modprobe@efi_pstore.service - Load Kernel Mo
dule efi_pstore.
[  OK  ] Finished modprobe@efi_pstore.service - Load Kernel Module efi_pstore.
[    9.859631] systemd[1]: modprobe@fuse.service: Deactivated successfully.
[    9.868741] systemd[1]: Finished modprobe@fuse.service - Load Kernel Module f
use.
[  OK  ] Finished modprobe@fuse.service - Load Kernel Module fuse.
[    9.888201] systemd[1]: Started systemd-journald.service - Journal Service.
[  OK  ] Started systemd-journald.service - Journal Service.
[  OK  ] Finished systemd-modules-load.service - Load Kernel Modules.
[  OK  ] Finished systemd-random-seed.service - Load/Save OS Random Seed.
[  OK  ] Finished systemd-tmpfiles-setup-de…ic Device Nodes in /dev gracefully.
[  OK  ] Finished systemd-udev-load-credent…- Load udev Rules from Credentials.
[  OK  ] Finished systemd-udev-trigger.service - Coldplug All udev Devices.
         Starting ifupdown-pre.service - He…synchronize boot up for ifupdown...
         Starting systemd-binfmt.service - Set Up Additional Binary Formats...
         Starting systemd-journal-flush.ser…sh Journal to Persistent Storage...
         Starting systemd-sysctl.service - Apply Kernel Variables...
         Startin[   10.130986] systemd-journald[138]: Received client request to
 flush runtime journal.
g systemd-tmpfiles-setup-de…eate Static Device Nodes in /dev...
[  OK  ] Finished systemd-binfmt.service - Set Up Additional Binary Formats.
[   10.184366] systemd-journald[138]: File /var/log/journal/1c821f12757d4c338ffd
b020ee1ae6e0/system.journal corrupted or uncleanly shut down, renaming and repla
cing.
[  OK  ] Finished systemd-sysctl.service - Apply Kernel Variables.
[  OK  ] Finished systemd-tmpfiles-setup-de…Create Static Device Nodes in /dev.
[  OK  ] Reached target local-fs-pre.target…Preparation for Local File Systems.
         Starting systemd-udevd.service - R…ager for Device Events and Files...
[  OK  ] Finished systemd-journal-flush.ser…lush Journal to Persistent Storage.
         Starting systemd-tmpfiles-setup.se…ate System Files and Directories...
[  OK  ] Started systemd-udevd.service - Ru…anager for Device Events and Files.
[  OK  ] Found device dev-ttyS0.device - /dev/ttyS0.
[  OK  ] Finished systemd-tmpfiles-setup.se…reate System Files and Directories.
[  OK  ] Reached target sysinit.target - System Initialization.
[  OK  ] Started apt-daily.timer - Daily apt download activities.
[  OK  ] Started apt-daily-upgrade.timer - …y apt upgrade and clean activities.
[  OK  ] Started dpkg-db-backup.timer - Daily dpkg database backup timer.
[  OK  ] Started e2scrub_all.timer - Period…Metadata Check for All Filesystems.
[  OK  ] Started fstrim.timer - Discard unused filesystem blocks once a week.
[  OK  ] Started logrotate.timer - Daily rotation of log files.
[  OK  ] Started phpsessionclean.timer - Clean PHP session files every 30 mins.
[  OK  ] Started systemd-tmpfiles-clean.tim…y Cleanup of Temporary Directories.
[  OK  ] Reached target timers.target - Timer Units.
[  OK  ] Listening on dbus.socket - D-Bus System Message Bus Socket.
[  OK  ] Listening on sshd-unix-local.socke…temd-ssh-generator, AF_UNIX Local).
[  OK  ] Listening on systemd-hostnamed.socket - Hostname Service Socket.
[  OK  ] Reached target sockets.target - Socket Units.
[  OK  ] Reached target basic.target - Basic System.
[  OK  ] Started cron.service - Regular background program processing daemon.
         Starting dbus.service - D-Bus System Message Bus...
         Starting e2scrub_reap.service - Re…ne ext4 Metadata Check Snapshots...
         Starting systemd-logind.service - User Login Management...
[  OK  ] Finished ifupdown-pre.service - He…o synchronize boot up for ifupdown.
[  OK  ] Listening on systemd-rfkill.socket…ll Switch Status /dev/rfkill Watch.
         Starting networking.service - Raise network interfaces...
[  OK  ] Started dbus.service - D-Bus System Message Bus.
[  OK  ] Finished e2scrub_reap.service - Re…line ext4 Metadata Check Snapshots.
[  OK  ] Started systemd-logind.service - User Login Management.
[  OK  ] Finished networking.service - Raise network interfaces.
[  OK  ] Reached target network.target - Network.
[  OK  ] Reached target network-online.target - Network is Online.
         Starting nginx.service - A high pe…erver and a reverse proxy server...
         Starting redis-server.service - Advanced key-value store...
         Starting ssh.service - OpenBSD Secure Shell server...
         Starting systemd-user-sessions.service - Permit User Sessions...
[  OK  ] Finished systemd-user-sessions.service - Permit User Sessions.
[  OK  ] Started nginx.service - A high per… server and a reverse proxy server.
[  OK  ] Started getty@tty1.service - Getty on tty1.
[  OK  ] Started serial-getty@ttyS0.service - Serial Getty on ttyS0.
[  OK  ] Reached target getty.target - Login Prompts.
[FAILED] Failed to start redis-server.service - Advanced key-value store.
See 'systemctl status redis-server.service' for details.
[  OK  ] Started ssh.service - OpenBSD Secure Shell server.
[  OK  ] Reached target multi-user.target - Multi-User System.
[  OK  ] Reached target graphical.target - Graphical Interface.

Debian GNU/Linux 13 syzkaller ttyS0

syzkaller login: [   46.373486] audit: type=1107 audit(1789941743.805:3): pid=1
uid=0 auid=4294967295 ses=4294967295 subj=system_u:system_r:kernel_t:s0 msg='avc
:  denied  { start } for auid=n/a uid=0 gid=0 path="/usr/lib/systemd/system/user
-runtime-dir@.service" cmdline="/usr/lib/systemd/systemd-logind" function="bus_u
nit_method_start_generic" scontext=system_u:system_r:kernel_t:s0 tcontext=system
_u:object_r:unlabeled_t:s0 tclass=service permissive=1 exe="/usr/lib/systemd/sys
temd" sauid=0 hostname=? addr=? terminal=?'
[   57.373435] audit: type=1107 audit(1789941754.805:4): pid=1 uid=0 auid=429496
7295 ses=4294967295 subj=system_u:system_r:kernel_t:s0 msg='avc:  denied  { stop
 } for auid=n/a uid=0 gid=0 path="/usr/lib/systemd/system/user-runtime-dir@.serv
ice" cmdline="/usr/lib/systemd/systemd-logind" function="bus_unit_method_start_g
eneric" scontext=system_u:system_r:kernel_t:s0 tcontext=system_u:object_r:unlabe
led_t:s0 tclass=service permissive=1 exe="/usr/lib/systemd/systemd" sauid=0 host
name=? addr=? terminal=?'
[   57.422678] audit: type=1107 audit(1789941754.815:5): pid=1 uid=0 auid=429496
7295 ses=4294967295 subj=system_u:system_r:kernel_t:s0 msg='avc:  denied  { stat
us } for auid=n/a uid=0 gid=0 path="/usr/lib/systemd/system/user-runtime-dir@.se
rvice" cmdline="/usr/lib/systemd/systemd-logind" function="mac_selinux_filter" s
context=system_u:system_r:kernel_t:s0 tcontext=system_u:object_r:unlabeled_t:s0
tclass=service permissive=1 exe="/usr/lib/systemd/systemd" sauid=0 hostname=? ad
dr=? terminal=?'
[   67.020094] zram0: detected capacity change from 0 to 4194304
[   67.080668] Adding 2097148k swap on /dev/zram0.  Priority:100 extents:1 acros
s:2097148k SS
[  301.186352] mmbench_dyn (789) used greatest stack depth: 12248 bytes left
[  301.191607] mmbench_dyn (796) used greatest stack depth: 12144 bytes left
[  301.198722] mmbench_dyn (795) used greatest stack depth: 11936 bytes left
[  301.206931] mmbench_dyn (790) used greatest stack depth: 11904 bytes left
[  336.561995] rcu: INFO: rcu_preempt self-detected stall on CPU
[  336.567224] rcu:     5-...!: (78 GPs behind) idle=b684/0/0x1 softirq=3869/386
9 fqs=0
[  336.571750] rcu:     (t=31125 jiffies g=12333 q=563 ncpus=8)
[  336.580032] rcu: rcu_preempt kthread timer wakeup didn't happen for 31122 jif
fies! g12333 f0x0 RCU_GP_WAIT_FQS(5) ->state=0x402
[  336.594818] rcu:     Possible timer handling issue on cpu=7 timer-softirq=845
[  336.604836] rcu: rcu_preempt kthread starved for 31125 jiffies! g12333 f0x0 R
CU_GP_WAIT_FQS(5) ->state=0x402 ->cpu=7
[  336.617014] rcu:     Unless rcu_preempt kthread gets sufficient CPU time, OOM
 is now expected behavior.
[  336.627606] rcu: RCU grace-period kthread stack dump:
[  336.633677] task:rcu_preempt     state:I stack:14928 pid:15    tgid:15    ppi
d:2      task_flags:0x208040 flags:0x00080000
[  336.646181] Call Trace:
[  336.649925]  <TASK>
[  336.651939]  __schedule+0x4e5/0xcc0
[  336.658510]  ? __pfx_rcu_gp_kthread+0x10/0x10
[  336.664670]  schedule+0x22/0xd0
[  336.667896]  schedule_timeout+0x71/0x100
[  336.672132]  ? __pfx_process_timeout+0x10/0x10
[  336.676785]  rcu_gp_fqs_loop+0x11f/0x640
[  336.682671]  rcu_gp_kthread+0x19c/0x240
[  336.686875]  kthread+0xff/0x1f0
[  336.691821]  ? __pfx_kthread+0x10/0x10
[  336.696648]  ? __pfx_kthread+0x10/0x10
[  336.700345]  ret_from_fork+0x144/0x160
[  336.704335]  ? __pfx_kthread+0x10/0x10
[  336.710214]  ret_from_fork_asm+0x1a/0x30
[  336.714231]  </TASK>
[  336.716739] rcu: Stack dump where RCU GP kthread last ran:
[  400.163311] clocksource: Long readout interval, skipping watchdog check: cs_n
sec: 94848103112 wd_nsec: 94848045065
[  336.726519] Sending NMI from CPU 5 to CPUs 7:
[  400.163982] NMI backtrace for cpu 7
[  400.164124] CPU: 7 UID: 0 PID: 0 Comm: swapper/7 Not tainted 6.18.32-gb954133
5a554 #93 PREEMPT(voluntary)
[  400.164132] Hardware name: QEMU Standard PC (i440FX + PIIX, 1996), BIOS 1.15.
0-1 04/01/2014
[  400.164153] RIP: 0010:irq_work_tick+0x13/0x60
[  400.164283] Code: 1f 84 00 00 00 00 00 90 90 90 90 90 90 90 90 90 90 90 90 90
 90 90 90 0f 1f 40 d6 65 48 8b 3d ac ec 89 02 48 8b 87 c8 93 0b b0 <4c> 8d 87 c8
 93 0b b0 48 85 c0 74 0c 48 8b 05 5a 62 f0 01 f6 c4 02
[  400.164285] RSP: 0018:ffff9d3d40210ef0 EFLAGS: 00000006
[  400.164299] RAX: 0000000000000000 RBX: ffff9a9e29dd8800 RCX: 000000000000302d
[  400.164307] RDX: 0000000000000000 RSI: ffffffffaf15b708 RDI: ffff9a9e79d2c000
[  400.164307] RBP: 0000000000000000 R08: 0000000000000000 R09: 0000000000000001
[  400.164308] R10: 000000000000302d R11: ffff9d3d40210ff8 R12: 0000005ce0e07e14
[  400.164309] R13: ffff9a9e29ddbfc0 R14: 0000000000000006 R15: ffff9a9e29ddc598
[  400.164359] FS:  0000000000000000(0000) GS:ffff9a9e79d2c000(0000) knlGS:00000
00000000000
[  400.164364] CS:  0010 DS: 0000 ES: 0000 CR0: 0000000080050033
[  400.164365] CR2: 000055ac0d68f2c8 CR3: 000000010fa61006 CR4: 0000000000770ef0
[  400.164390] PKRU: 55555554
[  400.164391] Call Trace:
[  400.164508]  <IRQ>
[  400.164523]  update_process_times+0x8f/0xc0
[  400.164799]  tick_nohz_handler+0x86/0x120
[  400.164903]  ? __pfx_tick_nohz_handler+0x10/0x10
[  400.164909]  __hrtimer_run_queues+0x11f/0x260
[  400.164917]  hrtimer_interrupt+0x103/0x250
[  400.164953]  __sysvec_apic_timer_interrupt+0x50/0x110
[  400.165165]  sysvec_apic_timer_interrupt+0x6a/0x80
[  400.165436]  </IRQ>
[  400.165438]  <TASK>
[  400.165440]  asm_sysvec_apic_timer_interrupt+0x1a/0x20
[  400.165553] RIP: 0010:pv_native_safe_halt+0xf/0x20
[  400.165562] Code: 0b 91 00 c3 cc cc cc cc 0f 1f 00 90 90 90 90 90 90 90 90 90
 90 90 90 90 90 90 90 f3 0f 1e fa eb 07 0f 00 2d 35 bf 13 00 fb f4 <c3> cc cc cc
 cc 66 2e 0f 1f 84 00 00 00 00 00 66 90 90 90 90 90 90
[  400.165565] RSP: 0018:ffff9d3d400d3ed8 EFLAGS: 00000216
[  400.165569] RAX: ffff9a9e79d2c000 RBX: 0000000000000000 RCX: 00000000000006e0
[  400.165572] RDX: 0000000000000007 RSI: ffffffffaf1b5574 RDI: 000000000009e9dc
[  400.165574] RBP: ffff9a9e002ab540 R08: 000000000009e9dc R09: 0000000000000001
[  400.165576] R10: 0000000000000001 R11: 0000000000000000 R12: 0000000000000007
[  400.165578] R13: 0000000000000000 R14: 0000000000000000 R15: 0000000000000000
[  400.165751]  ? ct_kernel_exit.constprop.0+0x6c/0xe0
[  400.165761]  default_idle+0x9/0x10
[  400.165795]  default_idle_call+0x31/0xf0
[  400.165800]  do_idle+0x248/0x290
[  400.165969]  cpu_startup_entry+0x24/0x30
[  400.165975]  start_secondary+0xf3/0x100
[  400.165979]  common_startup_64+0x13e/0x148
[  400.166089]  </TASK>
[  400.166093] INFO: NMI handler (nmi_cpu_backtrace_handler) took too long to ru
n: 2.120 msecs
[  400.166958] Sending NMI from CPU 5 to CPUs 3:
[  400.167445] NMI backtrace for cpu 3
[  400.168079] CPU: 3 UID: 0 PID: 0 Comm: swapper/3 Not tainted 6.18.32-gb954133
5a554 #93 PREEMPT(voluntary)
[  400.168087] Hardware name: QEMU Standard PC (i440FX + PIIX, 1996), BIOS 1.15.
0-1 04/01/2014
[  400.168090] RIP: 0010:io_serial_out+0x16/0x20
[  400.168322] Code: 0f 1f 40 00 90 90 90 90 90 90 90 90 90 90 90 90 90 90 90 90
 f3 0f 1e fa 0f b6 8f c1 00 00 00 89 d0 0f b7 57 08 d3 e6 01 f2 ee <c3> cc cc cc
 cc 0f 1f 44 00 00 90 90 90 90 90 90 90 90 90 90 90 90
[  400.168365] RSP: 0018:ffff9d3d40160c90 EFLAGS: 00000002
[  400.168370] RAX: 000000000000006f RBX: 0000000000000010 RCX: 0000000000000000
[  400.168373] RDX: 00000000000003f8 RSI: 0000000000000000 RDI: ffffffffb0154a20
[  400.168376] RBP: ffffffffb00eae3e R08: 4c203a656372756f R09: 6461657220676e6f
[  400.168378] R10: 00000000736b636f R11: 00000000636f6c63 R12: 0000000000000000
[  400.168381] R13: ffffffffb00eae96 R14: 000000000000000e R15: ffffffffb0154a20
[  400.168466] FS:  0000000000000000(0000) GS:ffff9a9e79c2c000(0000) knlGS:00000
00000000000
[  400.168484] CS:  0010 DS: 0000 ES: 0000 CR0: 0000000080050033
[  400.168488] CR2: 00007fe25434b2c0 CR3: 0000000040830003 CR4: 0000000000770ef0
[  400.168544] PKRU: 55555554
[  400.168546] Call Trace:
[  400.168647]  <IRQ>
[  400.168650]  serial8250_console_write+0x427/0x5a0
[  400.168905]  console_flush_all+0x253/0x3f0
[  400.169101]  console_unlock+0x59/0x110
[  400.169109]  vprintk_emit+0x228/0x280
[  400.169141]  _printk+0x56/0x70
[  400.169171]  clocksource_watchdog+0x5b0/0x5e0
[  400.169258]  ? __pfx_clocksource_watchdog+0x10/0x10
[  400.169267]  ? __pfx_clocksource_watchdog+0x10/0x10
[  400.169272]  call_timer_fn+0x24/0x120
[  400.169278]  __run_timers+0x1c7/0x270
[  400.169283]  ? __pfx_tick_nohz_handler+0x10/0x10
[  400.169287]  ? __hrtimer_run_queues+0x12b/0x260
[  400.169293]  ? kvm_clock_get_cycles+0x18/0x30
[  400.169325]  run_timer_softirq+0x37/0xd0
[  400.169331]  handle_softirqs+0xbc/0x290
[  400.169483]  irq_exit_rcu+0x90/0xb0
[  400.169490]  sysvec_apic_timer_interrupt+0x6f/0x80
[  400.169530]  </IRQ>
[  400.169532]  <TASK>
[  400.169565]  asm_sysvec_apic_timer_interrupt+0x1a/0x20
[  400.169571] RIP: 0010:pv_native_safe_halt+0xf/0x20
[  400.169579] Code: 0b 91 00 c3 cc cc cc cc 0f 1f 00 90 90 90 90 90 90 90 90 90
 90 90 90 90 90 90 90 f3 0f 1e fa eb 07 0f 00 2d 35 bf 13 00 fb f4 <c3> cc cc cc
 cc 66 2e 0f 1f 84 00 00 00 00 00 66 90 90 90 90 90 90
[  400.169582] RSP: 0018:ffff9d3d400b3ed8 EFLAGS: 00000216
[  400.169586] RAX: ffff9a9e79c2c000 RBX: 0000000000000001 RCX: 0000000000000000
[  400.169589] RDX: 0000000000000003 RSI: ffffffffaf1b5574 RDI: 00000000000a073c
[  400.169591] RBP: ffff9a9e0029ea80 R08: 00000000000a073c R09: 0000000000000001
[  400.169593] R10: 0000000000000001 R11: 0000000000000000 R12: 0000000000000003
[  400.169595] R13: 0000000000000000 R14: 0000000000000000 R15: 0000000000000000
[  400.169601]  ? ct_kernel_exit.constprop.0+0x6c/0xe0
[  400.169607]  default_idle+0x9/0x10
[  400.169611]  default_idle_call+0x31/0xf0
[  400.169614]  do_idle+0x248/0x290
[  400.169618]  cpu_startup_entry+0x24/0x30
[  400.169622]  start_secondary+0xf3/0x100
[  400.169625]  common_startup_64+0x13e/0x148
[  400.169633]  </TASK>
[  400.169635] INFO: NMI handler (nmi_cpu_backtrace_handler) took too long to ru
n: 2.193 msecs
[  400.170015] CPU: 5 UID: 0 PID: 0 Comm: swapper/5 Not tainted 6.18.32-gb954133
5a554 #93 PREEMPT(voluntary)
[  400.170025] Hardware name: QEMU Standard PC (i440FX + PIIX, 1996), BIOS 1.15.
0-1 04/01/2014
[  400.170080] RIP: 0010:pv_native_safe_halt+0xf/0x20
[  400.170097] Code: 0b 91 00 c3 cc cc cc cc 0f 1f 00 90 90 90 90 90 90 90 90 90
 90 90 90 90 90 90 90 f3 0f 1e fa eb 07 0f 00 2d 35 bf 13 00 fb f4 <c3> cc cc cc
 cc 66 2e 0f 1f 84 00 00 00 00 00 66 90 90 90 90 90 90
[  400.170101] RSP: 0018:ffff9d3d400c3ed8 EFLAGS: 00000216
[  400.170106] RAX: ffff9a9e79cac000 RBX: 0000000000000000 RCX: 00000000000006e0
[  400.170109] RDX: 0000000000000005 RSI: ffffffffaf1b5574 RDI: 00000000000bb67c
[  400.170112] RBP: ffff9a9e002a91c0 R08: 00000000000bb67c R09: 0000000000000001
[  400.170114] R10: 0000000000000001 R11: 0000000000000000 R12: 0000000000000005
[  400.170117] R13: 0000000000000000 R14: 0000000000000000 R15: 0000000000000000
[  400.170196] FS:  0000000000000000(0000) GS:ffff9a9e79cac000(0000) knlGS:00000
00000000000
[  400.170215] CS:  0010 DS: 0000 ES: 0000 CR0: 0000000080050033
[  400.170218] CR2: 00007fb4a713fd58 CR3: 00000001090cf002 CR4: 0000000000770ef0
[  400.170317] PKRU: 55555554
[  400.170320] Call Trace:
[  400.170325]  <TASK>
[  400.170327]  default_idle+0x9/0x10
[  400.170333]  default_idle_call+0x31/0xf0
[  400.170337]  do_idle+0x248/0x290
[  400.170382]  cpu_startup_entry+0x24/0x30
[  400.170434]  start_secondary+0xf3/0x100
[  400.170440]  common_startup_64+0x13e/0x148
[  400.170449]  </TASK>
[  407.429578] mmbench_dyn (948) used greatest stack depth: 11408 bytes left
[  722.448981] audit: type=1400 audit(1789942419.881:6): avc:  denied  { execmem
 } for  pid=3024 comm="java" scontext=system_u:system_r:kernel_t:s0 tcontext=sys
tem_u:system_r:kernel_t:s0 tclass=process permissive=1
[  911.712854] mmbench_dyn (16050) used greatest stack depth: 11376 bytes left
[ 2664.296447] hrtimer: interrupt took 2623105 ns

