[    0.000000] Linux version 6.18.32-g4ca6ef1048f0-dirty (ppw@vm) (gcc (Ubuntu 11.4.0-1ubuntu1~22.04.3) 11.4.0, GNU ld (GNU Binutils for Ubuntu) 2.38) #2 SMP PREEMPT_DYNAMIC Mon Sep 21 23:24:25 CST 2026
[    0.000000] Command line: console=ttyS0 panic=-1 kunit.filter_glob=corten* log_buf_len=16M corten=on
[    0.000000] BIOS-provided physical RAM map:
[    0.000000] BIOS-e820: [mem 0x0000000000000000-0x000000000009fbff] usable
[    0.000000] BIOS-e820: [mem 0x000000000009fc00-0x000000000009ffff] reserved
[    0.000000] BIOS-e820: [mem 0x00000000000f0000-0x00000000000fffff] reserved
[    0.000000] BIOS-e820: [mem 0x0000000000100000-0x000000007ffdffff] usable
[    0.000000] BIOS-e820: [mem 0x000000007ffe0000-0x000000007fffffff] reserved
[    0.000000] BIOS-e820: [mem 0x00000000feffc000-0x00000000feffffff] reserved
[    0.000000] BIOS-e820: [mem 0x00000000fffc0000-0x00000000ffffffff] reserved
[    0.000000] NX (Execute Disable) protection: active
[    0.000000] APIC: Static calls initialized
[    0.000000] SMBIOS 2.8 present.
[    0.000000] DMI: QEMU Standard PC (i440FX + PIIX, 1996), BIOS 1.15.0-1 04/01/2014
[    0.000000] DMI: Memory slots populated: 1/1
[    0.000000] Hypervisor detected: KVM
[    0.000000] last_pfn = 0x7ffe0 max_arch_pfn = 0x400000000
[    0.000000] kvm-clock: Using msrs 4b564d01 and 4b564d00
[    0.000005] kvm-clock: using sched offset of 1794186555 cycles
[    0.000010] clocksource: kvm-clock: mask: 0xffffffffffffffff max_cycles: 0x1cd42e4dffb, max_idle_ns: 881590591483 ns
[    0.000094] tsc: Detected 2419.196 MHz processor
[    0.004210] last_pfn = 0x7ffe0 max_arch_pfn = 0x400000000
[    0.004983] MTRR map: 4 entries (3 fixed + 1 variable; max 19), built from 8 variable MTRRs
[    0.005011] x86/PAT: Configuration [0-7]: WB  WC  UC- UC  WB  WP  UC- WT  
[    0.018232] found SMP MP-table at [mem 0x000f5ba0-0x000f5baf]
[    0.018428] Using GB pages for direct mapping
[    0.530232] printk: log buffer data + meta data: 16777216 + 58720256 = 75497472 bytes
[    0.530239] printk: early log buf free: 260240(99%)
[    0.530354] ACPI: Early table checksum verification disabled
[    0.530514] ACPI: RSDP 0x00000000000F59E0 000014 (v00 BOCHS )
[    0.530855] ACPI: RSDT 0x000000007FFE1A1C 000034 (v01 BOCHS  BXPC     00000001 BXPC 00000001)
[    0.530965] ACPI: FACP 0x000000007FFE18B8 000074 (v01 BOCHS  BXPC     00000001 BXPC 00000001)
[    0.531006] ACPI: DSDT 0x000000007FFE0040 001878 (v01 BOCHS  BXPC     00000001 BXPC 00000001)
[    0.531014] ACPI: FACS 0x000000007FFE0000 000040
[    0.531017] ACPI: APIC 0x000000007FFE192C 000090 (v01 BOCHS  BXPC     00000001 BXPC 00000001)
[    0.531018] ACPI: HPET 0x000000007FFE19BC 000038 (v01 BOCHS  BXPC     00000001 BXPC 00000001)
[    0.531020] ACPI: WAET 0x000000007FFE19F4 000028 (v01 BOCHS  BXPC     00000001 BXPC 00000001)
[    0.531021] ACPI: Reserving FACP table memory at [mem 0x7ffe18b8-0x7ffe192b]
[    0.531023] ACPI: Reserving DSDT table memory at [mem 0x7ffe0040-0x7ffe18b7]
[    0.531024] ACPI: Reserving FACS table memory at [mem 0x7ffe0000-0x7ffe003f]
[    0.531025] ACPI: Reserving APIC table memory at [mem 0x7ffe192c-0x7ffe19bb]
[    0.531025] ACPI: Reserving HPET table memory at [mem 0x7ffe19bc-0x7ffe19f3]
[    0.531026] ACPI: Reserving WAET table memory at [mem 0x7ffe19f4-0x7ffe1a1b]
[    0.532748] No NUMA configuration found
[    0.532752] Faking a node at [mem 0x0000000000000000-0x000000007ffdffff]
[    0.532761] NODE_DATA(0) allocated [mem 0x7b7dc140-0x7b7dffff]
[    0.533286] Zone ranges:
[    0.533288]   DMA      [mem 0x0000000000001000-0x0000000000ffffff]
[    0.533293]   DMA32    [mem 0x0000000001000000-0x000000007ffdffff]
[    0.533297]   Normal   empty
[    0.533299] Movable zone start for each node
[    0.533300] Early memory node ranges
[    0.533301]   node   0: [mem 0x0000000000001000-0x000000000009efff]
[    0.533305]   node   0: [mem 0x0000000000100000-0x000000007ffdffff]
[    0.533308] Initmem setup node 0 [mem 0x0000000000001000-0x000000007ffdffff]
[    0.534235] On node 0, zone DMA: 1 pages in unavailable ranges
[    0.535464] On node 0, zone DMA: 97 pages in unavailable ranges
[    0.708192] On node 0, zone DMA32: 32 pages in unavailable ranges
[    0.711295] ACPI: PM-Timer IO Port: 0x608
[    0.711388] ACPI: LAPIC_NMI (acpi_id[0xff] dfl dfl lint[0x1])
[    0.712511] IOAPIC[0]: apic_id 0, version 17, address 0xfec00000, GSI 0-23
[    0.712532] ACPI: INT_SRC_OVR (bus 0 bus_irq 0 global_irq 2 dfl dfl)
[    0.712539] ACPI: INT_SRC_OVR (bus 0 bus_irq 5 global_irq 5 high level)
[    0.712542] ACPI: INT_SRC_OVR (bus 0 bus_irq 9 global_irq 9 high level)
[    0.712577] ACPI: INT_SRC_OVR (bus 0 bus_irq 10 global_irq 10 high level)
[    0.712580] ACPI: INT_SRC_OVR (bus 0 bus_irq 11 global_irq 11 high level)
[    0.712590] ACPI: Using ACPI (MADT) for SMP configuration information
[    0.712593] ACPI: HPET id: 0x8086a201 base: 0xfed00000
[    0.712605] TSC deadline timer available
[    0.712617] CPU topo: Max. logical packages:   1
[    0.712619] CPU topo: Max. logical dies:       1
[    0.712620] CPU topo: Max. dies per package:   1
[    0.712630] CPU topo: Max. threads per core:   1
[    0.712701] CPU topo: Num. cores per package:     4
[    0.712704] CPU topo: Num. threads per package:   4
[    0.712705] CPU topo: Allowing 4 present CPUs plus 0 hotplug CPUs
[    0.712815] kvm-guest: APIC: eoi() replaced with kvm_guest_apic_eoi_write()
[    0.712955] kvm-guest: KVM setup pv remote TLB flush
[    0.713013] kvm-guest: setup PV sched yield
[    0.713540] PM: hibernation: Registered nosave memory: [mem 0x00000000-0x00000fff]
[    0.713546] PM: hibernation: Registered nosave memory: [mem 0x0009f000-0x000fffff]
[    0.713550] [mem 0x80000000-0xfeffbfff] available for PCI devices
[    0.713553] Booting paravirtualized kernel on KVM
[    0.713594] clocksource: refined-jiffies: mask: 0xffffffff max_cycles: 0xffffffff, max_idle_ns: 1910969940391419 ns
[    0.732945] setup_percpu: NR_CPUS:64 nr_cpumask_bits:4 nr_cpu_ids:4 nr_node_ids:1
[    0.738888] percpu: Embedded 54 pages/cpu s182680 r8192 d30312 u524288
[    0.739097] Kernel command line: console=ttyS0 panic=-1 kunit.filter_glob=corten* log_buf_len=16M corten=on
[    0.740025] corten: requested on, activating at initcall time
[    0.740093] random: crng init done
[    0.750852] Dentry cache hash table entries: 262144 (order: 9, 2097152 bytes, linear)
[    0.755708] Inode-cache hash table entries: 131072 (order: 8, 1048576 bytes, linear)
[    0.756047] Fallback order for Node 0: 0 
[    0.756056] Built 1 zonelists, mobility grouping on.  Total pages: 524158
[    0.756057] Policy zone: DMA32
[    0.756059] mem auto-init: stack:off, heap alloc:off, heap free:off
[    0.764447] SLUB: HWalign=64, Order=0-3, MinObjects=0, CPUs=4, Nodes=1
[    0.779482] Dynamic Preempt: voluntary
[    0.780983] rcu: Preemptible hierarchical RCU implementation.
[    0.780985] rcu: 	RCU event tracing is enabled.
[    0.780986] rcu: 	RCU restricting CPUs from NR_CPUS=64 to nr_cpu_ids=4.
[    0.780989] 	Trampoline variant of Tasks RCU enabled.
[    0.780990] 	Tracing variant of Tasks RCU enabled.
[    0.780990] rcu: RCU calculated value of scheduler-enlistment delay is 100 jiffies.
[    0.780992] rcu: Adjusting geometry for rcu_fanout_leaf=16, nr_cpu_ids=4
[    0.781045] RCU Tasks: Setting shift to 2 and lim to 1 rcu_task_cb_adjust=1 rcu_task_cpu_ids=4.
[    0.781048] RCU Tasks Trace: Setting shift to 2 and lim to 1 rcu_task_cb_adjust=1 rcu_task_cpu_ids=4.
[    0.794786] NR_IRQS: 4352, nr_irqs: 456, preallocated irqs: 16
[    0.796057] rcu: srcu_init: Setting srcu_struct sizes based on contention.
[    0.872110] Console: colour VGA+ 80x25
[    0.872330] printk: legacy console [ttyS0] enabled
[    1.452496] ACPI: Core revision 20250807
[    1.456278] clocksource: hpet: mask: 0xffffffff max_cycles: 0xffffffff, max_idle_ns: 19112604467 ns
[    1.467125] APIC: Switch to symmetric I/O mode setup
[    1.476902] x2apic enabled
[    1.485168] APIC: Switched APIC routing to: physical x2apic
[    1.489367] kvm-guest: APIC: send_IPI_mask() replaced with kvm_send_ipi_mask()
[    1.494920] kvm-guest: APIC: send_IPI_mask_allbutself() replaced with kvm_send_ipi_mask_allbutself()
[    1.503422] kvm-guest: setup PV IPIs
[    1.526474] ..TIMER: vector=0x30 apic1=0 pin1=2 apic2=-1 pin2=-1
[    1.533298] clocksource: tsc-early: mask: 0xffffffffffffffff max_cycles: 0x22df0d21928, max_idle_ns: 440795225288 ns
[    1.543821] Calibrating delay loop (skipped) preset value.. 4838.39 BogoMIPS (lpj=2419196)
[    1.548818] x86/cpu: User Mode Instruction Prevention (UMIP) activated
[    1.550812] Last level iTLB entries: 4KB 0, 2MB 0, 4MB 0
[    1.550812] Last level dTLB entries: 4KB 0, 2MB 0, 4MB 0, 1GB 0
[    1.550812] mitigations: Enabled attack vectors: user_kernel, user_user, SMT mitigations: auto
[    1.550954] Speculative Store Bypass: Mitigation: Speculative Store Bypass disabled via prctl
[    1.551812] Spectre V2 : Mitigation: Enhanced / Automatic IBRS
[    1.551822] ITS: Mitigation: Aligned branch/return thunks
[    1.552812] Spectre V1 : Mitigation: usercopy/swapgs barriers and __user pointer sanitization
[    1.552832] Spectre V2 : Spectre v2 / PBRSB-eIBRS: Retire a single CALL on VMEXIT
[    1.553812] Spectre V2 : mitigation: Enabling conditional Indirect Branch Prediction Barrier
[    1.553812] active return thunk: its_return_thunk
[    1.553812] x86/fpu: Supporting XSAVE feature 0x001: 'x87 floating point registers'
[    1.553827] x86/fpu: Supporting XSAVE feature 0x002: 'SSE registers'
[    1.554821] x86/fpu: Supporting XSAVE feature 0x004: 'AVX registers'
[    1.555820] x86/fpu: Supporting XSAVE feature 0x200: 'Protection Keys User registers'
[    1.556812] x86/fpu: xstate_offset[2]:  576, xstate_sizes[2]:  256
[    1.556828] x86/fpu: xstate_offset[9]:  832, xstate_sizes[9]:    8
[    1.557812] x86/fpu: Enabled xstate features 0x207, context size is 840 bytes, using 'compacted' format.
[    1.571812] Freeing SMP alternatives memory: 64K
[    1.571833] pid_max: default: 32768 minimum: 301
[    1.572855] LSM: initializing lsm=capability,selinux
[    1.573812] SELinux:  Initializing.
[    1.573812] Mount-cache hash table entries: 4096 (order: 3, 32768 bytes, linear)
[    1.573962] Mountpoint-cache hash table entries: 4096 (order: 3, 32768 bytes, linear)
[    1.574812] smpboot: CPU0: 13th Gen Intel(R) Core(TM) i9-13900HX (family: 0x6, model: 0xb7, stepping: 0x1)
[    1.576374] Performance Events: Alderlake Hybrid events, core PMU driver.
[    1.577868] core: CPUID marked event: 'cpu cycles' unavailable
[    1.578858] core: CPUID marked event: 'instructions' unavailable
[    1.579866] core: CPUID marked event: 'bus cycles' unavailable
[    1.580857] core: CPUID marked event: 'cache references' unavailable
[    1.581866] core: CPUID marked event: 'cache misses' unavailable
[    1.582898] core: CPUID marked event: 'branch instructions' unavailable
[    1.583834] core: CPUID marked event: 'branch misses' unavailable
[    1.585531] core: The event 0x100 is not supported as a normal event.
[    1.585868] core: The event 0x300 is not supported as a normal event.
[    1.586833] core: The event 0x400 is not supported as a normal event.
[    1.587869] core: The event 0x8000 is not supported as a normal event.
[    1.588833] core: The event 0x8100 is not supported as a normal event.
[    1.589837] core: The event 0x8200 is not supported as a normal event.
[    1.590866] core: The event 0x8300 is not supported as a normal event.
[    1.591836] core: The event 0x8400 is not supported as a normal event.
[    1.592870] core: The event 0x8500 is not supported as a normal event.
[    1.593863] core: The event 0x8600 is not supported as a normal event.
[    1.594838] core: The event 0x8700 is not supported as a normal event.
[    1.596329] core: cpu_core PMU driver: 
[    1.596866] ... version:                   1
[    1.597831] ... bit width:                 48
[    1.598827] ... generic counters:          6
[    1.599833] ... generic bitmap:            000000000000003f
[    1.600865] ... fixed-purpose counters:    0
[    1.601854] ... fixed-purpose bitmap:      0000000000000000
[    1.602866] ... value mask:                0000ffffffffffff
[    1.603833] ... max period:                000000007fffffff
[    1.604839] ... global_ctrl mask:          000100000000003f
[    1.606203] signal: max sigframe size: 3632
[    1.607178] rcu: Hierarchical SRCU implementation.
[    1.607831] rcu: 	Max phase no-delay instances is 400.
[    1.609208] Timer migration: 1 hierarchy levels; 8 children per group; 1 crossnode level
[    1.613660] corten: page descriptors enabled
[    1.614678] smp: Bringing up secondary CPUs ...
[    1.616897] smpboot: x86: Booting SMP configuration:
[    1.617876] .... node  #0, CPUs:      #1 #2 #3
[    1.630259] smp: Brought up 1 node, 4 CPUs
[    1.631858] smpboot: Total of 4 processors activated (19353.56 BogoMIPS)
[    1.634873] Memory: 1931176K/2096632K available (21398K kernel code, 3198K rwdata, 8936K rodata, 3256K init, 1208K bss, 158268K reserved, 0K cma-reserved)
[    1.637827] devtmpfs: initialized
[    1.640001] clocksource: jiffies: mask: 0xffffffff max_cycles: 0xffffffff, max_idle_ns: 1911260446275000 ns
[    1.640856] posixtimers hash table entries: 2048 (order: 3, 32768 bytes, linear)
[    1.642032] futex hash table entries: 1024 (65536 bytes on 1 NUMA nodes, total 64 KiB, linear).
[    1.643812] PM: RTC time: 15:29:04, date: 2026-09-21
[    1.657216] NET: Registered PF_NETLINK/PF_ROUTE protocol family
[    1.658294] audit: initializing netlink subsys (disabled)
[    1.659864] audit: type=2000 audit(1790004544.620:1): state=initialized audit_enabled=0 res=1
[    1.660577] thermal_sys: Registered thermal governor 'step_wise'
[    1.660989] cpuidle: using governor menu
[    1.664812] PCI: Using configuration type 1 for base access
[    1.665879] kprobes: kprobe jump-optimization is enabled. All kprobes are optimized if possible.
[    1.668873] HugeTLB: registered 2.00 MiB page size, pre-allocated 0 pages
[    1.669869] HugeTLB: 28 KiB vmemmap can be freed for a 2.00 MiB page
[    1.693399] ACPI: Added _OSI(Module Device)
[    1.693862] ACPI: Added _OSI(Processor Device)
[    1.694866] ACPI: Added _OSI(Processor Aggregator Device)
[    1.697882] ACPI: 1 ACPI AML tables successfully acquired and loaded
[    1.704267] ACPI: Interpreter enabled
[    1.704994] ACPI: PM: (supports S0 S3 S4 S5)
[    1.705873] ACPI: Using IOAPIC for interrupt routing
[    1.707042] PCI: Using host bridge windows from ACPI; if necessary, use "pci=nocrs" and report a bug
[    1.707963] PCI: Using E820 reservations for host bridge windows
[    1.709249] ACPI: Enabled 2 GPEs in block 00 to 0F
[    1.719200] ACPI: PCI Root Bridge [PCI0] (domain 0000 [bus 00-ff])
[    1.719877] acpi PNP0A03:00: _OSC: OS supports [ASPM ClockPM Segments MSI HPX-Type3]
[    1.720867] acpi PNP0A03:00: _OSC: not requesting OS control; OS requires [ExtendedConfig ASPM ClockPM MSI]
[    1.721886] acpi PNP0A03:00: fail to add MMCONFIG information, can't access extended configuration space under this bridge
[    1.723342] PCI host bridge to bus 0000:00
[    1.723874] pci_bus 0000:00: root bus resource [io  0x0000-0x0cf7 window]
[    1.724865] pci_bus 0000:00: root bus resource [io  0x0d00-0xffff window]
[    1.725837] pci_bus 0000:00: root bus resource [mem 0x000a0000-0x000bffff window]
[    1.726873] pci_bus 0000:00: root bus resource [mem 0x80000000-0xfebfffff window]
[    1.727940] pci_bus 0000:00: root bus resource [mem 0x100000000-0x17fffffff window]
[    1.728842] pci_bus 0000:00: root bus resource [bus 00-ff]
[    1.730230] pci 0000:00:00.0: [8086:1237] type 00 class 0x060000 conventional PCI endpoint
[    1.736114] pci 0000:00:01.0: [8086:7000] type 00 class 0x060100 conventional PCI endpoint
[    1.739671] pci 0000:00:01.1: [8086:7010] type 00 class 0x010180 conventional PCI endpoint
[    1.742812] pci 0000:00:01.1: BAR 4 [io  0xc040-0xc04f]
[    1.743251] pci 0000:00:01.1: BAR 0 [io  0x01f0-0x01f7]: legacy IDE quirk
[    1.743870] pci 0000:00:01.1: BAR 1 [io  0x03f6]: legacy IDE quirk
[    1.745009] pci 0000:00:01.1: BAR 2 [io  0x0170-0x0177]: legacy IDE quirk
[    1.745866] pci 0000:00:01.1: BAR 3 [io  0x0376]: legacy IDE quirk
[    1.748034] pci 0000:00:01.3: [8086:7113] type 00 class 0x068000 conventional PCI endpoint
[    1.751812] pci 0000:00:01.3: quirk: [io  0x0600-0x063f] claimed by PIIX4 ACPI
[    1.751984] pci 0000:00:01.3: quirk: [io  0x0700-0x070f] claimed by PIIX4 SMB
[    1.754130] pci 0000:00:02.0: [1234:1111] type 00 class 0x030000 conventional PCI endpoint
[    1.760228] pci 0000:00:02.0: BAR 0 [mem 0xfd000000-0xfdffffff pref]
[    1.762038] pci 0000:00:02.0: BAR 2 [mem 0xfebb0000-0xfebb0fff]
[    1.762983] pci 0000:00:02.0: ROM [mem 0xfeba0000-0xfebaffff pref]
[    1.768493] pci 0000:00:02.0: Video device with shadowed ROM at [mem 0x000c0000-0x000dffff]
[    1.783394] pci 0000:00:03.0: [8086:100e] type 00 class 0x020000 conventional PCI endpoint
[    1.786812] pci 0000:00:03.0: BAR 0 [mem 0xfeb80000-0xfeb9ffff]
[    1.786957] pci 0000:00:03.0: BAR 1 [io  0xc000-0xc03f]
[    1.788591] pci 0000:00:03.0: ROM [mem 0xfeb00000-0xfeb7ffff pref]
[    1.800759] ACPI: PCI: Interrupt link LNKA configured for IRQ 10
[    1.801550] ACPI: PCI: Interrupt link LNKB configured for IRQ 10
[    1.802723] ACPI: PCI: Interrupt link LNKC configured for IRQ 11
[    1.803037] ACPI: PCI: Interrupt link LNKD configured for IRQ 11
[    1.804318] ACPI: PCI: Interrupt link LNKS configured for IRQ 9
[    1.813866] iommu: Default domain type: Translated
[    1.814865] iommu: DMA domain TLB invalidation policy: lazy mode
[    1.824310] SCSI subsystem initialized
[    1.827726] ACPI: bus type USB registered
[    1.828532] usbcore: registered new interface driver usbfs
[    1.829098] usbcore: registered new interface driver hub
[    1.829880] usbcore: registered new device driver usb
[    1.831113] pps_core: LinuxPPS API ver. 1 registered
[    1.831864] pps_core: Software ver. 5.3.6 - Copyright 2005-2007 Rodolfo Giometti <giometti@linux.it>
[    1.832980] PTP clock support registered
[    1.835223] Advanced Linux Sound Architecture Driver Initialized.
[    1.844327] NetLabel: Initializing
[    1.844834] NetLabel:  domain hash size = 128
[    1.845860] NetLabel:  protocols = UNLABELED CIPSOv4 CALIPSO
[    1.847414] NetLabel:  unlabeled traffic allowed by default
[    1.849409] PCI: Using ACPI for IRQ routing
[    1.851224] pci 0000:00:02.0: vgaarb: setting as boot VGA device
[    1.851812] pci 0000:00:02.0: vgaarb: bridge control possible
[    1.851812] pci 0000:00:02.0: vgaarb: VGA device added: decodes=io+mem,owns=io+mem,locks=none
[    1.851835] vgaarb: loaded
[    1.855364] hpet0: at MMIO 0xfed00000, IRQs 2, 8, 0
[    1.855860] hpet0: 3 comparators, 64-bit 100.000000 MHz counter
[    1.859491] clocksource: Switched to clocksource kvm-clock
[    1.870973] VFS: Disk quotas dquot_6.6.0
[    1.875696] VFS: Dquot-cache hash table entries: 512 (order 0, 4096 bytes)
[    1.890214] pnp: PnP ACPI init
[    1.897511] pnp: PnP ACPI: found 6 devices
[    1.958109] clocksource: acpi_pm: mask: 0xffffff max_cycles: 0xffffff, max_idle_ns: 2085701024 ns
[    1.968136] NET: Registered PF_INET protocol family
[    1.978023] IP idents hash table entries: 32768 (order: 6, 262144 bytes, linear)
[    1.991270] tcp_listen_portaddr_hash hash table entries: 1024 (order: 2, 16384 bytes, linear)
[    1.999633] Table-perturb hash table entries: 65536 (order: 6, 262144 bytes, linear)
[    2.007448] TCP established hash table entries: 16384 (order: 5, 131072 bytes, linear)
[    2.016708] TCP bind hash table entries: 16384 (order: 7, 524288 bytes, linear)
[    2.026341] TCP: Hash tables configured (established 16384 bind 16384)
[    2.033211] UDP hash table entries: 1024 (order: 4, 65536 bytes, linear)
[    2.041361] UDP-Lite hash table entries: 1024 (order: 4, 65536 bytes, linear)
[    2.047183] NET: Registered PF_UNIX/PF_LOCAL protocol family
[    2.059500] RPC: Registered named UNIX socket transport module.
[    2.066967] RPC: Registered udp transport module.
[    2.070912] RPC: Registered tcp transport module.
[    2.075196] RPC: Registered tcp-with-tls transport module.
[    2.082287] RPC: Registered tcp NFSv4.1 backchannel transport module.
[    2.093352] pci_bus 0000:00: resource 4 [io  0x0000-0x0cf7 window]
[    2.100265] pci_bus 0000:00: resource 5 [io  0x0d00-0xffff window]
[    2.107515] pci_bus 0000:00: resource 6 [mem 0x000a0000-0x000bffff window]
[    2.114919] pci_bus 0000:00: resource 7 [mem 0x80000000-0xfebfffff window]
[    2.121339] pci_bus 0000:00: resource 8 [mem 0x100000000-0x17fffffff window]
[    2.129501] pci 0000:00:01.0: PIIX3: Enabling Passive Release
[    2.135191] pci 0000:00:00.0: Limiting direct PCI/PCI transfers
[    2.141707] PCI: CLS 0 bytes, default 64
[    2.146453] RAPL PMU: API unit is 2^-32 Joules, 0 fixed counters, 10737418240 ms ovfl timer
[    2.156673] clocksource: tsc: mask: 0xffffffffffffffff max_cycles: 0x22df0d21928, max_idle_ns: 440795225288 ns
[    2.184191] Initialise system trusted keyrings
[    2.191131] workingset: timestamp_bits=40 max_order=19 bucket_order=0
[    2.203503] NFS: Registering the id_resolver key type
[    2.210145] Key type id_resolver registered
[    2.215197] Key type id_legacy registered
[    2.221322] 9p: Installing v9fs 9p2000 file system support
[    2.273068] Key type asymmetric registered
[    2.278056] Asymmetric key parser 'x509' registered
[    2.284605] Block layer SCSI generic (bsg) driver version 0.4 loaded (major 251)
[    2.294854] io scheduler mq-deadline registered
[    2.300445] io scheduler kyber registered
[    2.308484] input: Power Button as /devices/LNXSYSTM:00/LNXPWRBN:00/input/input0
[    2.317379] ACPI: button: Power Button [PWRF]
[    2.328661] Serial: 8250/16550 driver, 4 ports, IRQ sharing enabled
[    2.337454] 00:04: ttyS0 at I/O 0x3f8 (irq = 4, base_baud = 115200) is a 16550A
[    2.351583] Non-volatile memory driver v1.3
[    2.356391] Linux agpgart interface v0.103
[    2.396126] ACPI: bus type drm_connector registered
[    2.441803] loop: module loaded
[    2.446212] zram: Added device: zram0
[    2.463092] scsi host0: ata_piix
[    2.468639] scsi host1: ata_piix
[    2.473246] ata1: PATA max MWDMA2 cmd 0x1f0 ctl 0x3f6 bmdma 0xc040 irq 14 lpm-pol 0
[    2.480061] ata2: PATA max MWDMA2 cmd 0x170 ctl 0x376 bmdma 0xc048 irq 15 lpm-pol 0
[    2.491415] tun: Universal TUN/TAP device driver, 1.6
[    2.498446] e100: Intel(R) PRO/100 Network Driver
[    2.504358] e100: Copyright(c) 1999-2006 Intel Corporation
[    2.510635] e1000: Intel(R) PRO/1000 Network Driver
[    2.517323] e1000: Copyright (c) 1999-2006 Intel Corporation.
[    2.562257] ACPI: \_SB_.LNKC: Enabled at IRQ 11
[    2.647674] ata2: found unknown device (class 0)
[    2.659857] ata2.00: ATAPI: QEMU DVD-ROM, 2.5+, max UDMA/100
[    2.675796] scsi 1:0:0:0: CD-ROM            QEMU     QEMU DVD-ROM     2.5+ PQ: 0 ANSI: 5
[    2.767136] sr 1:0:0:0: [sr0] scsi3-mmc drive: 4x/4x cd/rw xa/form2 tray
[    2.775302] cdrom: Uniform CD-ROM driver Revision: 3.20
[    2.817776] sr 1:0:0:0: Attached scsi generic sg0 type 5
[    3.814627] e1000 0000:00:03.0 eth0: (PCI:33MHz:32-bit) 52:54:00:12:34:56
[    3.823688] e1000 0000:00:03.0 eth0: Intel(R) PRO/1000 Network Connection
[    3.830757] e1000e: Intel(R) PRO/1000 Network Driver
[    3.835584] e1000e: Copyright(c) 1999 - 2015 Intel Corporation.
[    3.841592] sky2: driver version 1.30
[    3.848024] usbcore: registered new interface driver usblp
[    3.852373] usbcore: registered new interface driver usb-storage
[    3.860912] i8042: PNP: PS/2 Controller [PNP0303:KBD,PNP0f13:MOU] at 0x60,0x64 irq 1,12
[    3.880330] serio: i8042 KBD port at 0x60,0x64 irq 1
[    3.886842] serio: i8042 AUX port at 0x60,0x64 irq 12
[    3.895204] rtc_cmos 00:05: RTC can wake from S4
[    3.906407] input: AT Translated Set 2 keyboard as /devices/platform/i8042/serio0/input/input1
[    3.910638] rtc_cmos 00:05: registered as rtc0
[    3.924868] rtc_cmos 00:05: alarms up to one day, y3k, 242 bytes nvram, hpet irqs
[    3.936710] device-mapper: ioctl: 4.50.0-ioctl (2025-04-28) initialised: dm-devel@lists.linux.dev
[    3.950944] intel_pstate: CPU model not supported
[    3.956295] hid: raw HID events driver (C) Jiri Kosina
[    3.965353] usbcore: registered new interface driver usbhid
[    3.971427] usbhid: USB HID core driver
[    3.998420] xt_time: kernel timezone is -0000
[    4.007216] Initializing XFRM netlink socket
[    4.012432] NET: Registered PF_INET6 protocol family
[    4.024859] Segment Routing with IPv6
[    4.027275] In-situ OAM (IOAM) with IPv6
[    4.031011] sit: IPv6, IPv4 and MPLS over IPv4 tunneling driver
[    4.037136] NET: Registered PF_PACKET protocol family
[    4.041468] NET: Registered PF_KEY protocol family
[    4.046189] 9pnet: Installing 9P2000 support
[    4.050310] Key type dns_resolver registered
[    4.055504] NET: Registered PF_VSOCK protocol family
[    4.070113] IPI shorthand broadcast: enabled
[    4.090313] sched_clock: Marking stable (3346183331, 743712299)->(5150008379, -1060112749)
[    4.103075] registered taskstats version 1
[    4.109202] Loading compiled-in X.509 certificates
[    4.122990] Demotion targets for Node 0: null
[    4.128507] Key type .fscrypt registered
[    4.133284] Key type fscrypt-provisioning registered
[    4.142890] PM:   Magic number: 10:115:488
[    4.148661] netconsole: network logging started
[    4.154716] cfg80211: Loading compiled-in X.509 certificates for regulatory database
[    4.172586] kworker/u16:1 (73) used greatest stack depth: 14272 bytes left
[    4.190958] Loaded X.509 cert 'sforshee: 00b28ddf47aef9cea7'
[    4.200337] Loaded X.509 cert 'wens: 61c038651aabdcf94bd0ac7ff06c7248db18c600'
[    4.208440] ALSA device list:
[    4.212544] faux_driver regulatory: Direct firmware load for regulatory.db failed with error -2
[    4.218101]   No soundcards found.
[    4.220963] cfg80211: failed to load regulatory.db
[    4.224426] KTAP version 1
[    4.232887] 1..3
[    4.237687]     KTAP version 1
[    4.242071]     # Subtest: corten
[    4.246274]     # module: corten_test
[    4.246282]     1..25
[    4.255199]     ok 1 corten_test_layout # SKIP corten=on boot
[    4.259639]     ok 2 corten_test_ptdesc_get_put
[    4.269395]     ok 3 corten_test_meta_roundtrip
[    4.277600]     ok 4 corten_test_meta_reinit_cleared
[    4.285342]     ok 5 corten_test_covering_level
[    4.296380]     ok 6 corten_test_covering_base_index
[    4.304562] kunit_try_catch (89) used greatest stack depth: 14256 bytes left
[    4.306420]     ok 7 corten_test_txn_covering
[    4.324751]     ok 8 corten_test_txn_hole
[    4.335093]     ok 9 corten_test_txn_stale_eagain
[    4.345359]     ok 10 corten_test_lock_range_args
[    4.355541]     ok 11 corten_test_txn_state_machine
[    4.365261]     ok 12 corten_test_txn_atomic_validate
[    4.374977]     ok 13 corten_test_txn_real_glue
[    4.433156]     ok 14 corten_test_txn_mutex_overlap
[    4.467253]     ok 15 corten_test_txn_mutex_disjoint
[    4.477699]     ok 16 corten_test_fail_alloc
[    4.483689] input: ImExPS/2 Generic Explorer Mouse as /devices/platform/i8042/serio1/input/input3
[    4.487082]     ok 17 corten_test_txn_hole_fill
[    4.502907]     ok 18 corten_test_txn_hole_race
[    4.783272]     ok 19 corten_test_txn_uninstall_interlock
[    4.790692]     ok 20 corten_test_uninstall_bh_ctx
[    4.797780] ------------[ cut here ]------------
[    4.803807] WARNING: CPU: 0 PID: 125 at mm/corten.c:865 corten_txn_begin+0x191/0x4b0
[    4.810383] Modules linked in:
[    4.812810] CPU: 0 UID: 0 PID: 125 Comm: kunit_try_catch Tainted: G                 N  6.18.32-g4ca6ef1048f0-dirty #2 PREEMPT(voluntary) 
[    4.821541] Tainted: [N]=TEST
[    4.824659] Hardware name: QEMU Standard PC (i440FX + PIIX, 1996), BIOS 1.15.0-1 04/01/2014
[    4.832284] RIP: 0010:corten_txn_begin+0x191/0x4b0
[    4.838010] Code: 02 00 00 4c 89 ff 48 89 04 24 e8 fa d4 f4 00 4c 89 ff e8 02 d7 f4 00 48 8b 04 24 41 0f b6 4f 25 38 48 25 0f 87 65 ff ff ff 90 <0f> 0b 90 41 80 7e 48 04 0f 86 61 ff ff ff 90 0f 0b 90 48 89 c7 e8
[    4.854772] RSP: 0000:ffff9346c04efda0 EFLAGS: 00010246
[    4.860881] RAX: ffff8facc2559780 RBX: 0000000000000fff RCX: 0000000000000002
[    4.868336] RDX: 0000000000000003 RSI: 000000000000000f RDI: ffff8facc366d8c0
[    4.876201] RBP: 0000000000000000 R08: ffff8facc1800c00 R09: ffff9346c04efe00
[    4.880792] R10: ffff9346c04efd58 R11: 0000000000000000 R12: ffffffffb263e510
[    4.887411] R13: ffff8facc1800c00 R14: ffff9346c04efe00 R15: ffff8facc2559f60
[    4.893844] FS:  0000000000000000(0000) GS:ffff8fad8576c000(0000) knlGS:0000000000000000
[    4.903061] CS:  0010 DS: 0000 ES: 0000 CR0: 0000000080050033
[    4.908383] CR2: ffff8faccf801000 CR3: 000000000ea30001 CR4: 0000000000770ef0
[    4.916280] PKRU: 55555554
[    4.918847] Call Trace:
[    4.922321]  <TASK>
[    4.923681]  ? __pfx_kunit_generic_run_threadfn_adapter+0x10/0x10
[    4.930234]  corten_test_txn_path_overflow+0xb5/0x2a0
[    4.935549]  ? psi_task_switch+0x107/0x290
[    4.939996]  kunit_try_run_case+0x6f/0x150
[    4.944380]  ? __pfx_kunit_generic_run_threadfn_adapter+0x10/0x10
[    4.949758]  kunit_generic_run_threadfn_adapter+0x1c/0x40
[    4.954769]  kthread+0xff/0x1f0
[    4.958977]  ? __pfx_kthread+0x10/0x10
[    4.963447]  ? __pfx_kthread+0x10/0x10
[    4.968100]  ret_from_fork+0x144/0x160
[    4.972395]  ? __pfx_kthread+0x10/0x10
[    4.976548]  ret_from_fork_asm+0x1a/0x30
[    4.981382]  </TASK>
[    4.984034] ---[ end trace 0000000000000000 ]---
[    4.988107] ------------[ cut here ]------------
[    4.992535] WARNING: CPU: 0 PID: 125 at mm/corten.c:812 corten_txn_begin+0x1a0/0x4b0
[    4.997715] Modules linked in:
[    5.000641] CPU: 0 UID: 0 PID: 125 Comm: kunit_try_catch Tainted: G        W        N  6.18.32-g4ca6ef1048f0-dirty #2 PREEMPT(voluntary) 
[    5.011620] Tainted: [W]=WARN, [N]=TEST
[    5.016049] Hardware name: QEMU Standard PC (i440FX + PIIX, 1996), BIOS 1.15.0-1 04/01/2014
[    5.063587] RIP: 0010:corten_txn_begin+0x1a0/0x4b0
[    5.092269] Code: 4c 89 ff e8 02 d7 f4 00 48 8b 04 24 41 0f b6 4f 25 38 48 25 0f 87 65 ff ff ff 90 0f 0b 90 41 80 7e 48 04 0f 86 61 ff ff ff 90 <0f> 0b 90 48 89 c7 e8 c5 f5 ff ff 41 0f b6 46 48 84 c0 74 28 83 e8
[    5.114329] RSP: 0000:ffff9346c04efda0 EFLAGS: 00010202
[    5.117386] RAX: ffff8facc2559180 RBX: 0000000000000fff RCX: 0000000000000002
[    5.123991] RDX: 0000000000000003 RSI: 0000000000000035 RDI: ffff8facc366d8c0
[    5.131025] RBP: 0000000000000000 R08: ffff8facc1800c00 R09: ffff9346c04efe00
[    5.139490] R10: ffff9346c04efd58 R11: 0000000000000000 R12: ffffffffb263e510
[    5.149957] R13: ffff8facc1800c00 R14: ffff9346c04efe00 R15: ffff8facc25594e0
[    5.157622] FS:  0000000000000000(0000) GS:ffff8fad8576c000(0000) knlGS:0000000000000000
[    5.168917] CS:  0010 DS: 0000 ES: 0000 CR0: 0000000080050033
[    5.176193] CR2: ffff8faccf801000 CR3: 000000000ea30001 CR4: 0000000000770ef0
[    5.183664] PKRU: 55555554
[    5.186813] Call Trace:
[    5.188619]  <TASK>
[    5.191197]  ? __pfx_kunit_generic_run_threadfn_adapter+0x10/0x10
[    5.198181]  corten_test_txn_path_overflow+0xb5/0x2a0
[    5.203957]  ? psi_task_switch+0x107/0x290
[    5.207990]  kunit_try_run_case+0x6f/0x150
[    5.212251]  ? __pfx_kunit_generic_run_threadfn_adapter+0x10/0x10
[    5.217268]  kunit_generic_run_threadfn_adapter+0x1c/0x40
[    5.222840]  kthread+0xff/0x1f0
[    5.225621]  ? __pfx_kthread+0x10/0x10
[    5.229132]  ? __pfx_kthread+0x10/0x10
[    5.233410]  ret_from_fork+0x144/0x160
[    5.238484]  ? __pfx_kthread+0x10/0x10
[    5.242654]  ret_from_fork_asm+0x1a/0x30
[    5.246873]  </TASK>
[    5.250441] ---[ end trace 0000000000000000 ]---
[    5.257525] kunit_try_catch (125) used greatest stack depth: 13520 bytes left
[    5.259106]     ok 21 corten_test_txn_path_overflow
[    5.270027]     ok 22 corten_test_txn_child_err
[    5.279397]     ok 23 corten_test_real_huge_leaf
[    5.289065]     ok 24 corten_test_full_window_atomic
[    5.301088]     ok 25 corten_test_debugfs_content
[    5.307163] # corten: pass:24 fail:0 skip:1 total:25
[    5.312818] # Totals: pass:24 fail:0 skip:1 total:25
[    5.318340] ok 1 corten
[    5.326983]     KTAP version 1
[    5.330854]     # Subtest: corten_arena
[    5.335373]     # module: corten_arena_test
[    5.335379]     1..52
[    5.349604]     ok 1 corten_arena_test_declare_reject
[    5.358643]     ok 2 corten_arena_test_declare_reject_flags
[    5.378122]     ok 3 corten_arena_test_declare_query
[    5.393766]     ok 4 corten_arena_test_range_overlaps
[    5.414751]     ok 5 corten_arena_test_release
[    5.430965]     ok 6 corten_arena_test_ref_born_atomic
[    5.439427]     ok 7 corten_arena_test_release_classify
[    5.451246]     ok 8 corten_arena_test_shadow_vma
[    5.462219]     ok 9 corten_arena_test_exit
[    5.470675]     ok 10 corten_arena_test_prctl
[    5.481703]     ok 11 corten_arena_test_mode
[    5.490179]     ok 12 corten_arena_test_auto_classify
[    5.497277]     ok 13 corten_arena_test_auto_place
[    5.508731]     ok 14 corten_arena_test_auto_route
[    5.532707]     ok 15 corten_arena_test_auto_attach_release
[    5.544250]     ok 16 corten_arena_test_mag_recycle
[    5.554310]     ok 17 corten_arena_test_mag_marker
[    5.568778]     ok 18 corten_arena_test_pool_reuse
[    5.604509] corten_arena_op (209) used greatest stack depth: 12880 bytes left
[    5.611255]     ok 19 corten_arena_test_pool_limit
[    5.624653]     ok 20 corten_arena_test_pool_mode_exit
[    5.637556]     ok 21 corten_arena_test_pool_fork
[    5.646720]     ok 22 corten_arena_test_region_record
[    5.655542]     ok 23 corten_arena_test_region_iter
[    5.667753]     ok 24 corten_arena_test_region_park
[    5.678333]     ok 25 corten_arena_test_region_fork
[    5.685947]     ok 26 corten_arena_test_mprotect_route
[    5.697281]     ok 27 corten_arena_test_protect_flags_kernel_gate
[    5.707246]     ok 28 corten_arena_test_madvise_route
[    5.754516]     ok 29 corten_arena_test_mremap_route
[    5.768462]     ok 30 corten_arena_test_fork_faithful
[    5.779017]     ok 31 corten_arena_test_fork_unwind
[    5.784417]     ok 32 corten_arena_test_fork_multipiece
[    5.794996]     ok 33 corten_arena_test_fork_perm
[    5.804613]     ok 34 corten_arena_test_inv7_shared_ro
[    5.814404]     ok 35 corten_arena_test_inv7_swapped
[    5.823500] get_swap_device: Bad swap file entry 400000000000077
[    5.835012] BUG: Bad rss-counter state mm:00000000a12e449e type:MM_SWAPENTS val:-1 Comm:kunit_try_catch Pid:260
[    5.844888]     ok 36 corten_arena_test_shrink_registry_count
[    5.847226]     ok 37 corten_arena_test_shrink_aging_two_pass
[    5.860660]     ok 38 corten_arena_test_shrink_rotation
[    5.870505] get_swap_device: Bad swap file entry 400000000000077
[    5.887183] get_swap_device: Bad swap file entry 400000000000077
[    5.890715]     ok 39 corten_arena_test_fork_swapped
[    5.895597]     ok 40 corten_arena_test_fork_f2_gate
[   16.356326] ------------[ cut here ]------------
[   16.363610] corten: arena [800000,1000000) drain timed out: leaked transaction reference, leaking the descriptor
[   16.374133] WARNING: CPU: 0 PID: 271 at mm/corten_arena.c:496 corten_arena_drain+0x6f/0x80
[   16.382682] Modules linked in:
[   16.386137] CPU: 0 UID: 0 PID: 271 Comm: kunit_try_catch Tainted: G        W        N  6.18.32-g4ca6ef1048f0-dirty #2 PREEMPT(voluntary) 
[   16.406481] Tainted: [W]=WARN, [N]=TEST
[   16.412897] Hardware name: QEMU Standard PC (i440FX + PIIX, 1996), BIOS 1.15.0-1 04/01/2014
[   16.430958] RIP: 0010:corten_arena_drain+0x6f/0x80
[   16.436901] Code: c4 08 31 c0 5b c3 cc cc cc cc 88 44 24 07 c6 05 41 73 d3 01 01 90 48 8b 53 08 48 8b 33 48 c7 c7 d0 92 c8 b2 e8 42 db cf ff 90 <0f> 0b 90 90 0f b6 44 24 07 eb b4 66 0f 1f 44 00 00 90 90 90 90 90
[   16.462606] RSP: 0000:ffff9346c084fd40 EFLAGS: 00010282
[   16.468782] RAX: 0000000000000000 RBX: ffff8facc1f25100 RCX: 00000000fff7ffff
[   16.477003] RDX: 0000000000000000 RSI: 00000000ffffffea RDI: 0000000000000001
[   16.485652] RBP: ffff8facc1f25400 R08: ffff8fad3efdffe8 R09: 00000000fff7ffff
[   16.494242] R10: ffff8fad3b7e0000 R11: ffff8fad3e3e0000 R12: ffff8facc1f25418
[   16.502552] R13: ffff8facc1059a00 R14: ffff8facc1f25478 R15: ffff8facc1f25100
[   16.510953] FS:  0000000000000000(0000) GS:ffff8fad8576c000(0000) knlGS:0000000000000000
[   16.520515] CS:  0010 DS: 0000 ES: 0000 CR0: 0000000080050033
[   16.527159] CR2: ffff8faccf801000 CR3: 0000000002ee2004 CR4: 0000000000770ef0
[   16.534703] PKRU: 55555554
[   16.537504] Call Trace:
[   16.540677]  <TASK>
[   16.543404]  corten_arena_fork_begin+0x119/0x1c0
[   16.549964]  corten_arena_test_fork_begin+0x59/0x140
[   16.555251]  corten_arena_test_fork_drain_leak+0x18a/0x800
[   16.561898]  ? psi_task_switch+0x107/0x290
[   16.566605]  ? finish_task_switch.isra.0+0x76/0x250
[   16.572397]  ? __pfx_kunit_generic_run_threadfn_adapter+0x10/0x10
[   16.579119]  kunit_try_run_case+0x6f/0x150
[   16.583762]  ? __pfx_kunit_generic_run_threadfn_adapter+0x10/0x10
[   16.590699]  kunit_generic_run_threadfn_adapter+0x1c/0x40
[   16.596101]  kthread+0xff/0x1f0
[   16.600088]  ? __pfx_kthread+0x10/0x10
[   16.605785]  ? __pfx_kthread+0x10/0x10
[   16.609100]  ret_from_fork+0x144/0x160
[   16.614250]  ? __pfx_kthread+0x10/0x10
[   16.618820]  ret_from_fork_asm+0x1a/0x30
[   16.623390]  </TASK>
[   16.626384] ---[ end trace 0000000000000000 ]---
[   16.636415]     # corten_arena_test_fork_drain_leak: Test should be marked slow (runtime: 10.736388553s)
[   16.637729]     ok 41 corten_arena_test_fork_drain_leak
[   16.649774] BUG: Bad rss-counter state mm:00000000a12e449e type:MM_SWAPENTS val:-1 Comm:corten_arena_op Pid:276
[   16.668703]     ok 42 corten_arena_test_unshare_pin
[   16.678076]     ok 43 corten_arena_test_fork_reuse_exclusive
[   16.688469]     ok 44 corten_arena_test_gup_state1_uncommitted
[   16.697992]     ok 45 corten_arena_test_gup_state2_committed_rw
[   16.706571]     ok 46 corten_arena_test_gup_state3_fork_cow
[   16.716497]     ok 47 corten_arena_test_gup_state3b_downgrade_restore
[   16.723227]     ok 48 corten_arena_test_gup_state4_pin_zap
[   16.737429]     ok 49 corten_arena_test_concurrent
[   16.749713]     ok 50 corten_arena_test_concurrent_window
[   16.764440]     ok 51 corten_arena_test_obs_ledger
[   16.775541]     ok 52 corten_arena_test_drain_timeout_stat
[   16.780946] # corten_arena: pass:52 fail:0 skip:0 total:52
[   16.787917] # Totals: pass:52 fail:0 skip:0 total:52
[   16.792525] ok 2 corten_arena
[   16.799942]     KTAP version 1
[   16.802983]     # Subtest: corten_fault
[   16.806984]     # module: corten_fault_test
[   16.806991]     1..32
[   16.817139]     ok 1 corten_fault_test_dispatch
[   16.820746]     ok 2 corten_fault_test_fig8_cow
[   16.827169]     ok 3 corten_fault_test_unmap_classify
[   16.834632]     ok 4 corten_fault_test_mmap_classify
[   16.842305]     ok 5 corten_fault_test_punch_classify
[   16.846427]     ok 6 corten_fault_test_map_anon
[   16.853971]     ok 7 corten_fault_test_zero_page
[   16.862027]     ok 8 corten_fault_test_sigsegv
[   16.867790]     ok 9 corten_fault_test_fresh_fault
[   16.915454]     ok 10 corten_fault_test_churn_repro
[   16.926607]     ok 11 corten_fault_test_untracked_drift
[   16.934496]     ok 12 corten_fault_test_restore
[   16.943109]     ok 13 corten_fault_test_cow_reuse
[   16.953504]     ok 14 corten_fault_test_cow_copy
[   16.960070] ------------[ cut here ]------------
[   16.971033] WARNING: CPU: 3 PID: 334 at ./include/linux/rwsem.h:88 corten_fault_test_foll_force+0x808/0xc50
[   16.981085] Modules linked in:
[   16.984883] CPU: 3 UID: 0 PID: 334 Comm: kunit_try_catch Tainted: G        W        N  6.18.32-g4ca6ef1048f0-dirty #2 PREEMPT(voluntary) 
[   16.998523] Tainted: [W]=WARN, [N]=TEST
[   17.002919] Hardware name: QEMU Standard PC (i440FX + PIIX, 1996), BIOS 1.15.0-1 04/01/2014
[   17.012285] RIP: 0010:corten_fault_test_foll_force+0x808/0xc50
[   17.019494] Code: 0f 00 00 0f 85 18 fe ff ff 49 8b 04 24 a8 40 0f 84 0c fe ff ff 49 8b 44 24 48 48 8d 50 ff a8 01 49 0f 44 d4 e9 f8 fd ff ff 90 <0f> 0b 90 e9 64 f8 ff ff 48 98 45 31 c9 49 c7 c0 50 55 94 b1 48 89
[   17.038602] RSP: 0000:ffff9346c09afd80 EFLAGS: 00010246
[   17.044372] RAX: ffff8facc3c15480 RBX: ffff8facc1d73d60 RCX: 0000000000000000
[   17.052864] RDX: 0000000000000000 RSI: 000000000000003c RDI: ffff8facc37a11c0
[   17.060125] RBP: ffff9346c0013a88 R08: 0000000000001000 R09: 0000000000000000
[   17.068867] R10: ffff9346c09afc98 R11: 0000000000000000 R12: ffff8facc1ef7b00
[   17.076873] R13: ffff8facc36483f0 R14: ffffffffb1945930 R15: ffff9346c0013ac8
[   17.085517] FS:  0000000000000000(0000) GS:ffff8fad858ec000(0000) knlGS:0000000000000000
[   17.094134] CS:  0010 DS: 0000 ES: 0000 CR0: 0000000080050033
[   17.100273] CR2: 0000000000000000 CR3: 000000000ea30002 CR4: 0000000000770ef0
[   17.109578] PKRU: 55555554
[   17.112441] Call Trace:
[   17.115422]  <TASK>
[   17.118217]  ? psi_group_change+0x116/0x300
[   17.122717]  ? psi_task_switch+0x107/0x290
[   17.127081]  ? finish_task_switch.isra.0+0x76/0x250
[   17.132816]  kunit_try_run_case+0x6f/0x150
[   17.137202]  ? __pfx_kunit_generic_run_threadfn_adapter+0x10/0x10
[   17.143831]  kunit_generic_run_threadfn_adapter+0x1c/0x40
[   17.150202]  kthread+0xff/0x1f0
[   17.154664]  ? __pfx_kthread+0x10/0x10
[   17.159508]  ? __pfx_kthread+0x10/0x10
[   17.164586]  ret_from_fork+0x144/0x160
[   17.169214]  ? __pfx_kthread+0x10/0x10
[   17.173918]  ret_from_fork_asm+0x1a/0x30
[   17.179228]  </TASK>
[   17.182686] ---[ end trace 0000000000000000 ]---
[   17.189633] ------------[ cut here ]------------
[   17.195122] WARNING: CPU: 0 PID: 334 at ./include/linux/rwsem.h:88 corten_fault_test_foll_force+0xb62/0xc50
[   17.204076] Modules linked in:
[   17.207492] CPU: 0 UID: 0 PID: 334 Comm: kunit_try_catch Tainted: G        W        N  6.18.32-g4ca6ef1048f0-dirty #2 PREEMPT(voluntary) 
[   17.218832] Tainted: [W]=WARN, [N]=TEST
[   17.222758] Hardware name: QEMU Standard PC (i440FX + PIIX, 1996), BIOS 1.15.0-1 04/01/2014
[   17.231154] RIP: 0010:corten_fault_test_foll_force+0xb62/0xc50
[   17.233124] Code: c7 c6 60 92 64 b2 48 89 ef 48 89 44 24 08 48 c7 04 24 70 92 64 b2 48 c7 44 24 10 40 00 00 00 e8 44 c7 36 00 e9 44 fb ff ff 90 <0f> 0b 90 e9 ed fa ff ff 48 98 45 31 c9 49 c7 c0 50 55 94 b1 48 89
[   17.248527] RSP: 0000:ffff9346c09afd80 EFLAGS: 00010246
[   17.253710] RAX: ffff8facc3c15480 RBX: ffff8facc1d73d60 RCX: ffff8fad39430340
[   17.260208] RDX: 0000000000000000 RSI: 0000000000000001 RDI: ffff8facc37a11c0
[   17.269139] RBP: ffff9346c0013a88 R08: 0000000000000000 R09: 00000000000001d1
[   17.275937] R10: ffff8fad3942fac0 R11: 0000000000000000 R12: ffff8facc1ef7b00
[   17.283578] R13: 0000000000000000 R14: ffffffffb1945930 R15: ffff9346c0013ac8
[   17.292114] FS:  0000000000000000(0000) GS:ffff8fad8576c000(0000) knlGS:0000000000000000
[   17.302005] CS:  0010 DS: 0000 ES: 0000 CR0: 0000000080050033
[   17.308357] CR2: ffff8faccf801000 CR3: 0000000002ec7001 CR4: 0000000000770ef0
[   17.316342] PKRU: 55555554
[   17.319825] Call Trace:
[   17.322990]  <TASK>
[   17.329253]  ? finish_task_switch.isra.0+0x76/0x250
[   17.331421]  kunit_try_run_case+0x6f/0x150
[   17.335925]  ? __pfx_kunit_generic_run_threadfn_adapter+0x10/0x10
[   17.340953]  kunit_generic_run_threadfn_adapter+0x1c/0x40
[   17.346344]  kthread+0xff/0x1f0
[   17.350038]  ? __pfx_kthread+0x10/0x10
[   17.354033]  ? __pfx_kthread+0x10/0x10
[   17.357951]  ret_from_fork+0x144/0x160
[   17.362388]  ? __pfx_kthread+0x10/0x10
[   17.366570]  ret_from_fork_asm+0x1a/0x30
[   17.370646]  </TASK>
[   17.372423] ---[ end trace 0000000000000000 ]---
[   17.379929]     ok 15 corten_fault_test_foll_force
[   17.401074]     ok 16 corten_fault_test_cow_race
[   17.409709]     ok 17 corten_fault_test_mprotect_pte
[   17.417253]     ok 18 corten_fault_test_mprotect_fresh
[   17.437565]     ok 19 corten_fault_test_zap_keep_perm
[   17.447592]     ok 20 corten_fault_test_zap_keep_perm_downgrade
[   17.457074]     ok 21 corten_fault_test_untracked_rearm
[   17.475118]     ok 22 corten_fault_test_fill_upper_race
[   17.489808]     ok 23 corten_fault_test_map_race
[   17.498072]     ok 24 corten_fault_test_chunk_unmap
[   17.506845]     ok 25 corten_fault_test_punch_hole
[   17.519297]     ok 26 corten_fault_test_punch_head
[   17.528617]     ok 27 corten_fault_test_rmap_guard
[   17.539366]     ok 28 corten_fault_test_reap_skip
[   17.545428]     ok 29 corten_fault_test_swap_encode
[   17.555225]     ok 30 corten_fault_test_swap_roundtrip # SKIP swap round-trip requires a swap area
[   17.560285]     ok 31 corten_fault_test_swap_zap_free # SKIP swap zap test requires a swap area
[   17.574764]     ok 32 corten_fault_test_swap_mprotect_pending
[   17.585222] # corten_fault: pass:30 fail:0 skip:2 total:32
[   17.592113] # Totals: pass:30 fail:0 skip:2 total:32
[   17.596774] ok 3 corten_fault
[   17.610314] check access for rdinit=/init failed: -2, ignoring
[   17.614591] md: Waiting for all devices to be available before autodetect
[   17.618633] md: If you don't use raid, use raid=noautodetect
[   17.621184] md: Autodetecting RAID arrays.
[   17.624309] md: autorun ...
[   17.625156] md: ... autorun DONE.
[   17.628853] /dev/root: Can't open blockdev
[   17.630252] VFS: Cannot open root device "" or unknown-block(0,0): error -6
[   17.634778] Please append a correct "root=" boot option; here are the available partitions:
[   17.639685] 0b00         1048575 sr0 
[   17.639693]  driver: sr
[   17.644243] List of all bdev filesystems:
[   17.646655]  ext3
[   17.646658]  ext2
[   17.647960]  ext4
[   17.649666]  vfat
[   17.651023]  msdos
[   17.652629]  iso9660
[   17.654069]  f2fs
[   17.655799]  erofs
[   17.657329] 
[   17.660232] Kernel panic - not syncing: VFS: Unable to mount root fs on unknown-block(0,0)
[   17.664275] CPU: 0 UID: 0 PID: 1 Comm: swapper/0 Tainted: G        W        N  6.18.32-g4ca6ef1048f0-dirty #2 PREEMPT(voluntary) 
[   17.672017] Tainted: [W]=WARN, [N]=TEST
[   17.674813] Hardware name: QEMU Standard PC (i440FX + PIIX, 1996), BIOS 1.15.0-1 04/01/2014
[   17.679216] Call Trace:
[   17.680385]  <TASK>
[   17.682111]  vpanic+0x34f/0x360
[   17.684474]  panic+0x56/0x60
[   17.686584]  mount_root_generic+0x1ff/0x320
[   17.688905]  prepare_namespace+0x63/0x270
[   17.691369]  kernel_init_freeable+0x29f/0x2f0
[   17.693804]  ? __pfx_kernel_init+0x10/0x10
[   17.695627]  kernel_init+0x15/0x1c0
[   17.696532]  ret_from_fork+0x144/0x160
[   17.697779]  ? __pfx_kernel_init+0x10/0x10
[   17.700176]  ret_from_fork_asm+0x1a/0x30
[   17.703456]  </TASK>
[   17.710773] Kernel Offset: 0x30000000 from 0xffffffff81000000 (relocation range: 0xffffffff80000000-0xffffffffbfffffff)
