qemu-system-x86_64: warning: host doesn't support requested feature: CPUID.80000001H:ECX.svm [bit 2]
qemu-system-x86_64: warning: host doesn't support requested feature: CPUID.80000001H:ECX.svm [bit 2]
qemu-system-x86_64: warning: host doesn't support requested feature: CPUID.80000001H:ECX.svm [bit 2]
qemu-system-x86_64: warning: host doesn't support requested feature: CPUID.80000001H:ECX.svm [bit 2]
c[?7l[2J[0mSeaBIOS (version 1.15.0-1)


iPXE (https://ipxe.org) 00:03.0 CA00 PCI2.10 PnP PMM+7FF8B310+7FECB310 CA00
Press Ctrl-B to configure iPXE (PCI 00:03.0)...                                                                               


Booting from ROM...
c[?7l[2J[    0.000000] Linux version 6.18.32-g0c47a0515a8a-dirty (ppw@vm) (gcc (Ubuntu 11.4.0-1ubuntu1~22.04.3) 11.4.0, GNU ld (GNU Binutils for Ubuntu) 2.38) #138 SMP PREEMPT_DYNAMIC Thu Sep 24 03:40:16 CST 2026
[    0.000000] Command line: console=ttyS0 panic=-1 kunit.filter_glob=corten*
[    0.000000] x86/CPU: Model not found in latest microcode list
[    0.000000] BIOS-provided physical RAM map:
[    0.000000] BIOS-e820: [mem 0x0000000000000000-0x000000000009fbff] usable
[    0.000000] BIOS-e820: [mem 0x000000000009fc00-0x000000000009ffff] reserved
[    0.000000] BIOS-e820: [mem 0x00000000000f0000-0x00000000000fffff] reserved
[    0.000000] BIOS-e820: [mem 0x0000000000100000-0x000000007ffdffff] usable
[    0.000000] BIOS-e820: [mem 0x000000007ffe0000-0x000000007fffffff] reserved
[    0.000000] BIOS-e820: [mem 0x00000000feffc000-0x00000000feffffff] reserved
[    0.000000] BIOS-e820: [mem 0x00000000fffc0000-0x00000000ffffffff] reserved
[    0.000000] NX (Execute Disable) protection: active
[    0.000000] APIC: Static calls initialized
[    0.000000] SMBIOS 2.8 present.
[    0.000000] DMI: QEMU Standard PC (i440FX + PIIX, 1996), BIOS 1.15.0-1 04/01/2014
[    0.000000] DMI: Memory slots populated: 1/1
[    0.000000] Hypervisor detected: KVM
[    0.000000] last_pfn = 0x7ffe0 max_arch_pfn = 0x400000000
[    0.000000] kvm-clock: Using msrs 4b564d01 and 4b564d00
[    0.000007] kvm-clock: using sched offset of 2054785249 cycles
[    0.000012] clocksource: kvm-clock: mask: 0xffffffffffffffff max_cycles: 0x1cd42e4dffb, max_idle_ns: 881590591483 ns
[    0.000109] tsc: Detected 2419.196 MHz processor
[    0.005092] last_pfn = 0x7ffe0 max_arch_pfn = 0x400000000
[    0.005907] MTRR map: 4 entries (3 fixed + 1 variable; max 19), built from 8 variable MTRRs
[    0.005934] x86/PAT: Configuration [0-7]: WB  WC  UC- UC  WB  WP  UC- WT  
[    0.018653] found SMP MP-table at [mem 0x000f5ba0-0x000f5baf]
[    0.019537] ACPI: Early table checksum verification disabled
[    0.019582] ACPI: RSDP 0x00000000000F59E0 000014 (v00 BOCHS )
[    0.019686] ACPI: RSDT 0x000000007FFE1A1C 000034 (v01 BOCHS  BXPC     00000001 BXPC 00000001)
[    0.019864] ACPI: FACP 0x000000007FFE18B8 000074 (v01 BOCHS  BXPC     00000001 BXPC 00000001)
[    0.028907] ACPI: DSDT 0x000000007FFE0040 001878 (v01 BOCHS  BXPC     00000001 BXPC 00000001)
[    0.028913] ACPI: FACS 0x000000007FFE0000 000040
[    0.028916] ACPI: APIC 0x000000007FFE192C 000090 (v01 BOCHS  BXPC     00000001 BXPC 00000001)
[    0.028918] ACPI: HPET 0x000000007FFE19BC 000038 (v01 BOCHS  BXPC     00000001 BXPC 00000001)
[    0.028920] ACPI: WAET 0x000000007FFE19F4 000028 (v01 BOCHS  BXPC     00000001 BXPC 00000001)
[    0.028921] ACPI: Reserving FACP table memory at [mem 0x7ffe18b8-0x7ffe192b]
[    0.028923] ACPI: Reserving DSDT table memory at [mem 0x7ffe0040-0x7ffe18b7]
[    0.028924] ACPI: Reserving FACS table memory at [mem 0x7ffe0000-0x7ffe003f]
[    0.028924] ACPI: Reserving APIC table memory at [mem 0x7ffe192c-0x7ffe19bb]
[    0.028925] ACPI: Reserving HPET table memory at [mem 0x7ffe19bc-0x7ffe19f3]
[    0.028925] ACPI: Reserving WAET table memory at [mem 0x7ffe19f4-0x7ffe1a1b]
[    0.030097] No NUMA configuration found
[    0.030101] Faking a node at [mem 0x0000000000000000-0x000000007ffdffff]
[    0.030110] NODE_DATA(0) allocated [mem 0x7ffdc140-0x7ffdffff]
[    0.031844] Zone ranges:
[    0.031845]   DMA      [mem 0x0000000000001000-0x0000000000ffffff]
[    0.031847]   DMA32    [mem 0x0000000001000000-0x000000007ffdffff]
[    0.031848]   Normal   empty
[    0.031849] Movable zone start for each node
[    0.031850] Early memory node ranges
[    0.031850]   node   0: [mem 0x0000000000001000-0x000000000009efff]
[    0.031851]   node   0: [mem 0x0000000000100000-0x000000007ffdffff]
[    0.031853] Initmem setup node 0 [mem 0x0000000000001000-0x000000007ffdffff]
[    0.032270] On node 0, zone DMA: 1 pages in unavailable ranges
[    0.032997] On node 0, zone DMA: 97 pages in unavailable ranges
[    0.217862] On node 0, zone DMA32: 32 pages in unavailable ranges
[    0.220943] ACPI: PM-Timer IO Port: 0x608
[    0.221042] ACPI: LAPIC_NMI (acpi_id[0xff] dfl dfl lint[0x1])
[    0.222125] IOAPIC[0]: apic_id 0, version 17, address 0xfec00000, GSI 0-23
[    0.222139] ACPI: INT_SRC_OVR (bus 0 bus_irq 0 global_irq 2 dfl dfl)
[    0.222143] ACPI: INT_SRC_OVR (bus 0 bus_irq 5 global_irq 5 high level)
[    0.222146] ACPI: INT_SRC_OVR (bus 0 bus_irq 9 global_irq 9 high level)
[    0.222179] ACPI: INT_SRC_OVR (bus 0 bus_irq 10 global_irq 10 high level)
[    0.222182] ACPI: INT_SRC_OVR (bus 0 bus_irq 11 global_irq 11 high level)
[    0.222191] ACPI: Using ACPI (MADT) for SMP configuration information
[    0.222194] ACPI: HPET id: 0x8086a201 base: 0xfed00000
[    0.222215] CPU topo: Max. logical packages:   1
[    0.222217] CPU topo: Max. logical dies:       1
[    0.222218] CPU topo: Max. dies per package:   1
[    0.222228] CPU topo: Max. threads per core:   1
[    0.222255] CPU topo: Num. cores per package:     4
[    0.222257] CPU topo: Num. threads per package:   4
[    0.222258] CPU topo: Allowing 4 present CPUs plus 0 hotplug CPUs
[    0.222380] kvm-guest: APIC: eoi() replaced with kvm_guest_apic_eoi_write()
[    0.223002] PM: hibernation: Registered nosave memory: [mem 0x00000000-0x00000fff]
[    0.223007] PM: hibernation: Registered nosave memory: [mem 0x0009f000-0x000fffff]
[    0.223012] [mem 0x80000000-0xfeffbfff] available for PCI devices
[    0.223016] Booting paravirtualized kernel on KVM
[    0.223060] clocksource: refined-jiffies: mask: 0xffffffff max_cycles: 0xffffffff, max_idle_ns: 1910969940391419 ns
[    0.251055] setup_percpu: NR_CPUS:64 nr_cpumask_bits:4 nr_cpu_ids:4 nr_node_ids:1
[    0.266757] percpu: Embedded 54 pages/cpu s182680 r8192 d30312 u524288
[    0.267149] Kernel command line: console=ttyS0 panic=-1 kunit.filter_glob=corten*
[    0.268262] printk: log buffer data + meta data: 262144 + 917504 = 1179648 bytes
[    0.293532] Dentry cache hash table entries: 262144 (order: 9, 2097152 bytes, linear)
[    0.316239] Inode-cache hash table entries: 131072 (order: 8, 1048576 bytes, linear)
[    0.317950] Fallback order for Node 0: 0 
[    0.317980] Built 1 zonelists, mobility grouping on.  Total pages: 524158
[    0.317984] Policy zone: DMA32
[    0.317988] mem auto-init: stack:off, heap alloc:off, heap free:off
[    0.332107] SLUB: HWalign=64, Order=0-3, MinObjects=0, CPUs=4, Nodes=1
[    0.332475] Kernel/User page tables isolation: enabled
[    0.354615] Dynamic Preempt: voluntary
[    0.356310] rcu: Preemptible hierarchical RCU implementation.
[    0.356312] rcu: 	RCU event tracing is enabled.
[    0.356312] rcu: 	RCU restricting CPUs from NR_CPUS=64 to nr_cpu_ids=4.
[    0.356314] 	Trampoline variant of Tasks RCU enabled.
[    0.356314] 	Tracing variant of Tasks RCU enabled.
[    0.356315] rcu: RCU calculated value of scheduler-enlistment delay is 100 jiffies.
[    0.356316] rcu: Adjusting geometry for rcu_fanout_leaf=16, nr_cpu_ids=4
[    0.356348] RCU Tasks: Setting shift to 2 and lim to 1 rcu_task_cb_adjust=1 rcu_task_cpu_ids=4.
[    0.356350] RCU Tasks Trace: Setting shift to 2 and lim to 1 rcu_task_cb_adjust=1 rcu_task_cpu_ids=4.
[    0.371813] NR_IRQS: 4352, nr_irqs: 456, preallocated irqs: 16
[    0.375398] rcu: srcu_init: Setting srcu_struct sizes based on contention.
[    0.455835] Console: colour VGA+ 80x25
[    0.456498] printk: legacy console [ttyS0] enabled
[    1.048937] ACPI: Core revision 20250807
[    1.054608] clocksource: hpet: mask: 0xffffffff max_cycles: 0xffffffff, max_idle_ns: 19112604467 ns
[    1.059515] APIC: Switch to symmetric I/O mode setup
[    1.063726] x2apic enabled
[    1.066391] APIC: Switched APIC routing to: physical x2apic
[    1.078719] ..TIMER: vector=0x30 apic1=0 pin1=2 apic2=-1 pin2=-1
[    1.082284] clocksource: tsc-early: mask: 0xffffffffffffffff max_cycles: 0x22df0d21928, max_idle_ns: 440795225288 ns
[    1.086305] Calibrating delay loop (skipped) preset value.. 4838.39 BogoMIPS (lpj=2419196)
[    1.089295] Last level iTLB entries: 4KB 0, 2MB 0, 4MB 0
[    1.089295] Last level dTLB entries: 4KB 0, 2MB 0, 4MB 0, 1GB 0
[    1.089295] mitigations: Enabled attack vectors: user_kernel, user_user, SMT mitigations: auto
[    1.089349] Speculative Store Bypass: Vulnerable
[    1.090295] Spectre V2 : Mitigation: Retpolines
[    1.090295] ITS: Mitigation: Aligned branch/return thunks
[    1.090305] MDS: Vulnerable: Clear CPU buffers attempted, no microcode
[    1.091295] Spectre V1 : Mitigation: usercopy/swapgs barriers and __user pointer sanitization
[    1.091301] Spectre V2 : Spectre v2 / SpectreRSB: Filling RSB on context switch and VMEXIT
[    1.092309] active return thunk: its_return_thunk
[    1.093461] x86/fpu: x87 FPU will use FXSAVE
[    1.138295] Freeing SMP alternatives memory: 64K
[    1.138334] pid_max: default: 32768 minimum: 301
[    1.139353] LSM: initializing lsm=capability,selinux
[    1.140368] SELinux:  Initializing.
[    1.141760] Mount-cache hash table entries: 4096 (order: 3, 32768 bytes, linear)
[    1.142444] Mountpoint-cache hash table entries: 4096 (order: 3, 32768 bytes, linear)
[    1.166295] smpboot: CPU0: Intel QEMU Virtual CPU version 2.5+ (family: 0xf, model: 0x6b, stepping: 0x1)
[    1.168456] Performance Events: unsupported Netburst CPU model 107 no PMU driver, software events only.
[    1.170684] signal: max sigframe size: 1440
[    1.172883] rcu: Hierarchical SRCU implementation.
[    1.173304] rcu: 	Max phase no-delay instances is 400.
[    1.177980] Timer migration: 1 hierarchy levels; 8 children per group; 1 crossnode level
[    1.198646] smp: Bringing up secondary CPUs ...
[    1.201324] smpboot: x86: Booting SMP configuration:
[    1.202307] .... node  #0, CPUs:      #1 #2 #3
[    1.223799] smp: Brought up 1 node, 4 CPUs
[    1.225303] smpboot: Total of 4 processors activated (19353.56 BogoMIPS)
[    1.231592] Memory: 2006932K/2096632K available (21594K kernel code, 3202K rwdata, 9068K rodata, 3276K init, 1160K bss, 84536K reserved, 0K cma-reserved)
[    1.237311] devtmpfs: initialized
[    1.242424] clocksource: jiffies: mask: 0xffffffff max_cycles: 0xffffffff, max_idle_ns: 1911260446275000 ns
[    1.243316] posixtimers hash table entries: 2048 (order: 3, 32768 bytes, linear)
[    1.247430] futex hash table entries: 1024 (65536 bytes on 1 NUMA nodes, total 64 KiB, linear).
[    1.250303] PM: RTC time: 19:42:26, date: 2026-09-23
[    1.269250] NET: Registered PF_NETLINK/PF_ROUTE protocol family
[    1.270772] audit: initializing netlink subsys (disabled)
[    1.273317] audit: type=2000 audit(1790192546.236:1): state=initialized audit_enabled=0 res=1
[    1.274413] thermal_sys: Registered thermal governor 'step_wise'
[    1.277310] cpuidle: using governor menu
[    1.285306] PCI: Using configuration type 1 for base access
[    1.289952] kprobes: kprobe jump-optimization is enabled. All kprobes are optimized if possible.
[    1.296408] HugeTLB: registered 2.00 MiB page size, pre-allocated 0 pages
[    1.300305] HugeTLB: 28 KiB vmemmap can be freed for a 2.00 MiB page
[    1.305087] ACPI: Added _OSI(Module Device)
[    1.305304] ACPI: Added _OSI(Processor Device)
[    1.307305] ACPI: Added _OSI(Processor Aggregator Device)
[    1.312324] ACPI: 1 ACPI AML tables successfully acquired and loaded
[    1.328385] ACPI: Interpreter enabled
[    1.329307] ACPI: PM: (supports S0 S3 S4 S5)
[    1.330308] ACPI: Using IOAPIC for interrupt routing
[    1.332302] PCI: Using host bridge windows from ACPI; if necessary, use "pci=nocrs" and report a bug
[    1.333298] PCI: Using E820 reservations for host bridge windows
[    1.334398] ACPI: Enabled 2 GPEs in block 00 to 0F
[    1.341432] ACPI: PCI Root Bridge [PCI0] (domain 0000 [bus 00-ff])
[    1.342325] acpi PNP0A03:00: _OSC: OS supports [ASPM ClockPM Segments MSI HPX-Type3]
[    1.343307] acpi PNP0A03:00: _OSC: not requesting OS control; OS requires [ExtendedConfig ASPM ClockPM MSI]
[    1.344318] acpi PNP0A03:00: fail to add MMCONFIG information, can't access extended configuration space under this bridge
[    1.346562] PCI host bridge to bus 0000:00
[    1.347338] pci_bus 0000:00: root bus resource [io  0x0000-0x0cf7 window]
[    1.348309] pci_bus 0000:00: root bus resource [io  0x0d00-0xffff window]
[    1.349300] pci_bus 0000:00: root bus resource [mem 0x000a0000-0x000bffff window]
[    1.350309] pci_bus 0000:00: root bus resource [mem 0x80000000-0xfebfffff window]
[    1.351310] pci_bus 0000:00: root bus resource [mem 0x100000000-0x17fffffff window]
[    1.352311] pci_bus 0000:00: root bus resource [bus 00-ff]
[    1.355309] pci 0000:00:00.0: [8086:1237] type 00 class 0x060000 conventional PCI endpoint
[    1.362295] pci 0000:00:01.0: [8086:7000] type 00 class 0x060100 conventional PCI endpoint
[    1.367439] pci 0000:00:01.1: [8086:7010] type 00 class 0x010180 conventional PCI endpoint
[    1.370389] pci 0000:00:01.1: BAR 4 [io  0xc040-0xc04f]
[    1.371394] pci 0000:00:01.1: BAR 0 [io  0x01f0-0x01f7]: legacy IDE quirk
[    1.372301] pci 0000:00:01.1: BAR 1 [io  0x03f6]: legacy IDE quirk
[    1.373299] pci 0000:00:01.1: BAR 2 [io  0x0170-0x0177]: legacy IDE quirk
[    1.374309] pci 0000:00:01.1: BAR 3 [io  0x0376]: legacy IDE quirk
[    1.375652] pci 0000:00:01.3: [8086:7113] type 00 class 0x068000 conventional PCI endpoint
[    1.381136] pci 0000:00:01.3: quirk: [io  0x0600-0x063f] claimed by PIIX4 ACPI
[    1.381399] pci 0000:00:01.3: quirk: [io  0x0700-0x070f] claimed by PIIX4 SMB
[    1.384960] pci 0000:00:02.0: [1234:1111] type 00 class 0x030000 conventional PCI endpoint
[    1.393691] pci 0000:00:02.0: BAR 0 [mem 0xfd000000-0xfdffffff pref]
[    1.394339] pci 0000:00:02.0: BAR 2 [mem 0xfebb0000-0xfebb0fff]
[    1.395579] pci 0000:00:02.0: ROM [mem 0xfeba0000-0xfebaffff pref]
[    1.405225] pci 0000:00:02.0: Video device with shadowed ROM at [mem 0x000c0000-0x000dffff]
[    1.427835] pci 0000:00:03.0: [8086:100e] type 00 class 0x020000 conventional PCI endpoint
[    1.431393] pci 0000:00:03.0: BAR 0 [mem 0xfeb80000-0xfeb9ffff]
[    1.432393] pci 0000:00:03.0: BAR 1 [io  0xc000-0xc03f]
[    1.434627] pci 0000:00:03.0: ROM [mem 0xfeb00000-0xfeb7ffff pref]
[    1.456736] ACPI: PCI: Interrupt link LNKA configured for IRQ 10
[    1.461387] ACPI: PCI: Interrupt link LNKB configured for IRQ 10
[    1.465555] ACPI: PCI: Interrupt link LNKC configured for IRQ 11
[    1.467590] ACPI: PCI: Interrupt link LNKD configured for IRQ 11
[    1.468737] ACPI: PCI: Interrupt link LNKS configured for IRQ 9
[    1.482131] iommu: Default domain type: Translated
[    1.482306] iommu: DMA domain TLB invalidation policy: lazy mode
[    1.497067] SCSI subsystem initialized
[    1.504303] ACPI: bus type USB registered
[    1.506762] usbcore: registered new interface driver usbfs
[    1.508491] usbcore: registered new interface driver hub
[    1.509337] usbcore: registered new device driver usb
[    1.510378] pps_core: LinuxPPS API ver. 1 registered
[    1.511306] pps_core: Software ver. 5.3.6 - Copyright 2005-2007 Rodolfo Giometti <giometti@linux.it>
[    1.513329] PTP clock support registered
[    1.517573] Advanced Linux Sound Architecture Driver Initialized.
[    1.527455] NetLabel: Initializing
[    1.528298] NetLabel:  domain hash size = 128
[    1.530308] NetLabel:  protocols = UNLABELED CIPSOv4 CALIPSO
[    1.532734] NetLabel:  unlabeled traffic allowed by default
[    1.540137] PCI: Using ACPI for IRQ routing
[    1.546686] pci 0000:00:02.0: vgaarb: setting as boot VGA device
[    1.547295] pci 0000:00:02.0: vgaarb: bridge control possible
[    1.547295] pci 0000:00:02.0: vgaarb: VGA device added: decodes=io+mem,owns=io+mem,locks=none
[    1.547310] vgaarb: loaded
[    1.554029] hpet: 3 channels of 0 reserved for per-cpu timers
[    1.555383] hpet0: at MMIO 0xfed00000, IRQs 2, 8, 0
[    1.556872] hpet0: 3 comparators, 64-bit 100.000000 MHz counter
[    1.571044] clocksource: Switched to clocksource kvm-clock
[    1.588490] VFS: Disk quotas dquot_6.6.0
[    1.590083] VFS: Dquot-cache hash table entries: 512 (order 0, 4096 bytes)
[    1.600977] pnp: PnP ACPI init
[    1.604918] pnp: PnP ACPI: found 6 devices
[    1.682177] clocksource: acpi_pm: mask: 0xffffff max_cycles: 0xffffff, max_idle_ns: 2085701024 ns
[    1.692455] NET: Registered PF_INET protocol family
[    1.702202] IP idents hash table entries: 32768 (order: 6, 262144 bytes, linear)
[    1.714238] tcp_listen_portaddr_hash hash table entries: 1024 (order: 2, 16384 bytes, linear)
[    1.727185] Table-perturb hash table entries: 65536 (order: 6, 262144 bytes, linear)
[    1.740998] TCP established hash table entries: 16384 (order: 5, 131072 bytes, linear)
[    1.751328] TCP bind hash table entries: 16384 (order: 7, 524288 bytes, linear)
[    1.761508] TCP: Hash tables configured (established 16384 bind 16384)
[    1.768680] UDP hash table entries: 1024 (order: 4, 65536 bytes, linear)
[    1.774577] UDP-Lite hash table entries: 1024 (order: 4, 65536 bytes, linear)
[    1.782641] NET: Registered PF_UNIX/PF_LOCAL protocol family
[    1.789428] RPC: Registered named UNIX socket transport module.
[    1.793087] RPC: Registered udp transport module.
[    1.798177] RPC: Registered tcp transport module.
[    1.800959] RPC: Registered tcp-with-tls transport module.
[    1.806082] RPC: Registered tcp NFSv4.1 backchannel transport module.
[    1.816214] pci_bus 0000:00: resource 4 [io  0x0000-0x0cf7 window]
[    1.821178] pci_bus 0000:00: resource 5 [io  0x0d00-0xffff window]
[    1.826451] pci_bus 0000:00: resource 6 [mem 0x000a0000-0x000bffff window]
[    1.832699] pci_bus 0000:00: resource 7 [mem 0x80000000-0xfebfffff window]
[    1.840131] pci_bus 0000:00: resource 8 [mem 0x100000000-0x17fffffff window]
[    1.846562] pci 0000:00:01.0: PIIX3: Enabling Passive Release
[    1.851150] pci 0000:00:00.0: Limiting direct PCI/PCI transfers
[    1.857223] PCI: CLS 0 bytes, default 64
[    1.863021] clocksource: tsc: mask: 0xffffffffffffffff max_cycles: 0x22df0d21928, max_idle_ns: 440795225288 ns
[    1.890185] Initialise system trusted keyrings
[    1.894445] workingset: timestamp_bits=40 max_order=19 bucket_order=0
[    1.902794] NFS: Registering the id_resolver key type
[    1.907371] Key type id_resolver registered
[    1.909210] Key type id_legacy registered
[    1.912447] 9p: Installing v9fs 9p2000 file system support
[    1.954144] Key type asymmetric registered
[    1.958824] Asymmetric key parser 'x509' registered
[    1.964320] Block layer SCSI generic (bsg) driver version 0.4 loaded (major 251)
[    1.971482] io scheduler mq-deadline registered
[    1.976169] io scheduler kyber registered
[    1.988460] input: Power Button as /devices/LNXSYSTM:00/LNXPWRBN:00/input/input0
[    1.997244] ACPI: button: Power Button [PWRF]
[    2.008015] Serial: 8250/16550 driver, 4 ports, IRQ sharing enabled
[    2.015346] 00:04: ttyS0 at I/O 0x3f8 (irq = 4, base_baud = 115200) is a 16550A
[    2.029522] Non-volatile memory driver v1.3
[    2.033496] Linux agpgart interface v0.103
[    2.085528] ACPI: bus type drm_connector registered
[    2.139118] loop: module loaded
[    2.140596] zram: Added device: zram0
[    2.149377] scsi host0: ata_piix
[    2.152546] scsi host1: ata_piix
[    2.154249] ata1: PATA max MWDMA2 cmd 0x1f0 ctl 0x3f6 bmdma 0xc040 irq 14 lpm-pol 0
[    2.160214] ata2: PATA max MWDMA2 cmd 0x170 ctl 0x376 bmdma 0xc048 irq 15 lpm-pol 0
[    2.169389] tun: Universal TUN/TAP device driver, 1.6
[    2.173724] e100: Intel(R) PRO/100 Network Driver
[    2.177486] e100: Copyright(c) 1999-2006 Intel Corporation
[    2.179244] e1000: Intel(R) PRO/1000 Network Driver
[    2.182781] e1000: Copyright (c) 1999-2006 Intel Corporation.
[    2.239836] ACPI: \_SB_.LNKC: Enabled at IRQ 11
[    2.327452] ata2: found unknown device (class 0)
[    2.335445] ata2.00: ATAPI: QEMU DVD-ROM, 2.5+, max UDMA/100
[    2.350507] scsi 1:0:0:0: CD-ROM            QEMU     QEMU DVD-ROM     2.5+ PQ: 0 ANSI: 5
[    2.408826] sr 1:0:0:0: [sr0] scsi3-mmc drive: 4x/4x cd/rw xa/form2 tray
[    2.414534] cdrom: Uniform CD-ROM driver Revision: 3.20
[    2.442686] sr 1:0:0:0: Attached scsi generic sg0 type 5
[    3.315464] e1000 0000:00:03.0 eth0: (PCI:33MHz:32-bit) 52:54:00:12:34:56
[    3.322117] e1000 0000:00:03.0 eth0: Intel(R) PRO/1000 Network Connection
[    3.329485] e1000e: Intel(R) PRO/1000 Network Driver
[    3.333327] e1000e: Copyright(c) 1999 - 2015 Intel Corporation.
[    3.337645] sky2: driver version 1.30
[    3.344767] usbcore: registered new interface driver usblp
[    3.350804] usbcore: registered new interface driver usb-storage
[    3.357597] i8042: PNP: PS/2 Controller [PNP0303:KBD,PNP0f13:MOU] at 0x60,0x64 irq 1,12
[    3.371839] serio: i8042 KBD port at 0x60,0x64 irq 1
[    3.376401] serio: i8042 AUX port at 0x60,0x64 irq 12
[    3.384517] input: AT Translated Set 2 keyboard as /devices/platform/i8042/serio0/input/input1
[    3.392550] rtc_cmos 00:05: RTC can wake from S4
[    3.406254] rtc_cmos 00:05: registered as rtc0
[    3.412641] rtc_cmos 00:05: alarms up to one day, y3k, 242 bytes nvram, hpet irqs
[    3.427936] device-mapper: ioctl: 4.50.0-ioctl (2025-04-28) initialised: dm-devel@lists.linux.dev
[    3.447176] intel_pstate: CPU model not supported
[    3.454356] hid: raw HID events driver (C) Jiri Kosina
[    3.462968] usbcore: registered new interface driver usbhid
[    3.469011] usbhid: USB HID core driver
[    3.480350] xt_time: kernel timezone is -0000
[    3.486255] Initializing XFRM netlink socket
[    3.489063] NET: Registered PF_INET6 protocol family
[    3.498768] Segment Routing with IPv6
[    3.502859] In-situ OAM (IOAM) with IPv6
[    3.507143] sit: IPv6, IPv4 and MPLS over IPv4 tunneling driver
[    3.511313] NET: Registered PF_PACKET protocol family
[    3.515888] NET: Registered PF_KEY protocol family
[    3.520672] 9pnet: Installing 9P2000 support
[    3.524171] Key type dns_resolver registered
[    3.528549] NET: Registered PF_VSOCK protocol family
[    3.539899] IPI shorthand broadcast: enabled
[    3.559327] sched_clock: Marking stable (2850109487, 708837048)->(4517553420, -958606885)
[    3.573756] registered taskstats version 1
[    3.579358] Loading compiled-in X.509 certificates
[    3.590974] Demotion targets for Node 0: null
[    3.595155] Key type .fscrypt registered
[    3.599358] Key type fscrypt-provisioning registered
[    3.606291] PM:   Magic number: 10:448:749
[    3.611196] tty ttyS0: hash matches
[    3.614670] netconsole: network logging started
[    3.620762] cfg80211: Loading compiled-in X.509 certificates for regulatory database
[    3.633550] kworker/u16:0 (72) used greatest stack depth: 14272 bytes left
[    3.637625] Loaded X.509 cert 'sforshee: 00b28ddf47aef9cea7'
[    3.650208] Loaded X.509 cert 'wens: 61c038651aabdcf94bd0ac7ff06c7248db18c600'
[    3.658308] faux_driver regulatory: Direct firmware load for regulatory.db failed with error -2
[    3.658450] ALSA device list:
[    3.662900] cfg80211: failed to load regulatory.db
[    3.663646]   No soundcards found.
[    3.670239] KTAP version 1
[    3.672976] 1..3
[    3.677317]     KTAP version 1
[    3.678657]     # Subtest: corten
[    3.682459]     # module: corten_test
[    3.682467]     1..25
[    3.693856]     ok 1 corten_test_layout
[    3.697833]     ok 2 corten_test_ptdesc_get_put
[    3.707763]     ok 3 corten_test_meta_roundtrip
[    3.715332]     ok 4 corten_test_meta_reinit_cleared
[    3.724845]     ok 5 corten_test_covering_level
[    3.734280]     ok 6 corten_test_covering_base_index
[    3.744316]     ok 7 corten_test_txn_covering
[    3.754233]     ok 8 corten_test_txn_hole
[    3.757863]     ok 9 corten_test_txn_stale_eagain
[    3.763812]     ok 10 corten_test_lock_range_args
[    3.770838]     ok 11 corten_test_txn_state_machine
[    3.780849]     ok 12 corten_test_txn_atomic_validate
[    3.788605]     ok 13 corten_test_txn_real_glue
[    3.927859]     ok 14 corten_test_txn_mutex_overlap
[    3.939172] input: ImExPS/2 Generic Explorer Mouse as /devices/platform/i8042/serio1/input/input3
[    3.963680] kunit_try_catch (106) used greatest stack depth: 14224 bytes left
[    3.966583]     ok 15 corten_test_txn_mutex_disjoint
[    3.972572]     ok 16 corten_test_fail_alloc
[    3.978072]     ok 17 corten_test_txn_hole_fill
[    3.983283]     ok 18 corten_test_txn_hole_race
[    4.204947]     ok 19 corten_test_txn_uninstall_interlock
[    4.211246]     ok 20 corten_test_uninstall_bh_ctx
[    4.216479] ------------[ cut here ]------------
[    4.223746] WARNING: CPU: 2 PID: 124 at mm/corten.c:865 corten_txn_begin+0x191/0x4b0
[    4.231676] Modules linked in:
[    4.234984] CPU: 2 UID: 0 PID: 124 Comm: kunit_try_catch Tainted: G                 N  6.18.32-g0c47a0515a8a-dirty #138 PREEMPT(voluntary) 
[    4.246144] Tainted: [N]=TEST
[    4.248815] Hardware name: QEMU Standard PC (i440FX + PIIX, 1996), BIOS 1.15.0-1 04/01/2014
[    4.255733] RIP: 0010:corten_txn_begin+0x191/0x4b0
[    4.260445] Code: 02 00 00 4c 89 ff 48 89 04 24 e8 aa db f7 00 4c 89 ff e8 b2 dd f7 00 48 8b 04 24 41 0f b6 4f 25 38 48 25 0f 87 65 ff ff ff 90 <0f> 0b 90 41 80 7e 48 04 0f 86 61 ff ff ff 90 0f 0b 90 48 89 c7 e8
[    4.274592] RSP: 0000:ffffa2a9804f7da0 EFLAGS: 00010246
[    4.277419] RAX: ffff998f831e66c0 RBX: 0000000000000fff RCX: 0000000000000002
[    4.282517] RDX: 0000000000000003 RSI: 0000000000000010 RDI: ffff998f83234100
[    4.287715] RBP: 0000000000000000 R08: ffff998f81c50c00 R09: ffffa2a9804f7e00
[    4.292661] R10: ffffa2a9804f7d58 R11: 0000000000000000 R12: ffffffffa563e990
[    4.298496] R13: ffff998f81c50c00 R14: ffffa2a9804f7e00 R15: ffff998f831e6660
[    4.304633] FS:  0000000000000000(0000) GS:ffff999057060000(0000) knlGS:0000000000000000
[    4.311448] CS:  0010 DS: 0000 ES: 0000 CR0: 0000000080050033
[    4.316127] CR2: 0000000000000000 CR3: 0000000015230000 CR4: 00000000000006f0
[    4.324120] Call Trace:
[    4.326773]  <TASK>
[    4.329555]  ? __pfx_kunit_generic_run_threadfn_adapter+0x10/0x10
[    4.335206]  corten_test_txn_path_overflow+0xb5/0x2a0
[    4.339245]  ? psi_task_switch+0x107/0x290
[    4.343186]  kunit_try_run_case+0x6f/0x150
[    4.347193]  ? __pfx_kunit_generic_run_threadfn_adapter+0x10/0x10
[    4.353378]  kunit_generic_run_threadfn_adapter+0x1c/0x40
[    4.358122]  kthread+0xff/0x1f0
[    4.361346]  ? __pfx_kthread+0x10/0x10
[    4.365811]  ? __pfx_kthread+0x10/0x10
[    4.369087]  ret_from_fork+0x144/0x160
[    4.370608]  ? __pfx_kthread+0x10/0x10
[    4.372600]  ret_from_fork_asm+0x1a/0x30
[    4.376626]  </TASK>
[    4.377725] ---[ end trace 0000000000000000 ]---
[    4.382259] ------------[ cut here ]------------
[    4.385329] WARNING: CPU: 2 PID: 124 at mm/corten.c:812 corten_txn_begin+0x1a0/0x4b0
[    4.393040] Modules linked in:
[    4.395772] CPU: 2 UID: 0 PID: 124 Comm: kunit_try_catch Tainted: G        W        N  6.18.32-g0c47a0515a8a-dirty #138 PREEMPT(voluntary) 
[    4.407675] Tainted: [W]=WARN, [N]=TEST
[    4.411275] Hardware name: QEMU Standard PC (i440FX + PIIX, 1996), BIOS 1.15.0-1 04/01/2014
[    4.416535] RIP: 0010:corten_txn_begin+0x1a0/0x4b0
[    4.420762] Code: 4c 89 ff e8 b2 dd f7 00 48 8b 04 24 41 0f b6 4f 25 38 48 25 0f 87 65 ff ff ff 90 0f 0b 90 41 80 7e 48 04 0f 86 61 ff ff ff 90 <0f> 0b 90 48 89 c7 e8 c5 f5 ff ff 41 0f b6 46 48 84 c0 74 28 83 e8
[    4.435915] RSP: 0000:ffffa2a9804f7da0 EFLAGS: 00010202
[    4.439387] RAX: ffff998f831e6840 RBX: 0000000000000fff RCX: 0000000000000002
[    4.445222] RDX: 0000000000000003 RSI: 000000000000003b RDI: ffff998f83234100
[    4.451677] RBP: 0000000000000000 R08: ffff998f81c50c00 R09: ffffa2a9804f7e00
[    4.458509] R10: ffffa2a9804f7d58 R11: 0000000000000000 R12: ffffffffa563e990
[    4.464313] R13: ffff998f81c50c00 R14: ffffa2a9804f7e00 R15: ffff998f831e67e0
[    4.471015] FS:  0000000000000000(0000) GS:ffff999057060000(0000) knlGS:0000000000000000
[    4.479213] CS:  0010 DS: 0000 ES: 0000 CR0: 0000000080050033
[    4.481000] CR2: 0000000000000000 CR3: 0000000015230000 CR4: 00000000000006f0
[    4.487270] Call Trace:
[    4.488478]  <TASK>
[    4.489493]  ? __pfx_kunit_generic_run_threadfn_adapter+0x10/0x10
[    4.495341]  corten_test_txn_path_overflow+0xb5/0x2a0
[    4.500239]  ? psi_task_switch+0x107/0x290
[    4.504323]  kunit_try_run_case+0x6f/0x150
[    4.508715]  ? __pfx_kunit_generic_run_threadfn_adapter+0x10/0x10
[    4.513833]  kunit_generic_run_threadfn_adapter+0x1c/0x40
[    4.519008]  kthread+0xff/0x1f0
[    4.522877]  ? __pfx_kthread+0x10/0x10
[    4.526540]  ? __pfx_kthread+0x10/0x10
[    4.530227]  ret_from_fork+0x144/0x160
[    4.533997]  ? __pfx_kthread+0x10/0x10
[    4.537812]  ret_from_fork_asm+0x1a/0x30
[    4.541552]  </TASK>
[    4.543418] ---[ end trace 0000000000000000 ]---
[    4.548710] kunit_try_catch (124) used greatest stack depth: 13520 bytes left
[    4.550420]     ok 21 corten_test_txn_path_overflow
[    4.562115]     ok 22 corten_test_txn_child_err
[    4.567599]     ok 23 corten_test_real_huge_leaf
[    4.574564]     ok 24 corten_test_full_window_atomic
[    4.581384]     ok 25 corten_test_debugfs_content
[    4.586311] # corten: pass:25 fail:0 skip:0 total:25
[    4.587993] # Totals: pass:25 fail:0 skip:0 total:25
[    4.590557] ok 1 corten
[    4.596565]     KTAP version 1
[    4.599303]     # Subtest: corten_arena
[    4.603153]     # module: corten_arena_test
[    4.603159]     1..102
[    4.615969]     ok 1 corten_arena_test_declare_reject
[    4.621381]     ok 2 corten_arena_test_declare_reject_flags
[    4.632525]     ok 3 corten_arena_test_declare_query
[    4.640327]     ok 4 corten_arena_test_range_overlaps # SKIP overlap gate requires corten=on
[    4.656099]     ok 5 corten_arena_test_release
[    4.669856]     ok 6 corten_arena_test_ref_born_atomic
[    4.677018]     ok 7 corten_arena_test_release_classify
[    4.686033]     ok 8 corten_arena_test_shadow_vma
[    4.695740]     ok 9 corten_arena_test_exit
[    4.702964]     ok 10 corten_arena_test_prctl
[    4.710783]     ok 11 corten_arena_test_mode
[    4.718070]     ok 12 corten_arena_test_auto_classify
[    4.727564]     ok 13 corten_arena_test_auto_classify_file
[    4.734249]     ok 14 corten_arena_test_auto_place
[    4.744617]     ok 15 corten_arena_test_auto_route # SKIP auto-mmap route requires corten=on
[    4.747555]     ok 16 corten_arena_test_auto_attach_release # SKIP munmap routing requires corten=on
[    4.759617]     ok 17 corten_arena_test_file_lifecycle # SKIP FILE lifecycle requires corten=on
[    4.777431]     ok 18 corten_arena_test_truncate_route # SKIP H7 gate requires corten=on
[    4.790295]     ok 19 corten_arena_test_registry_inval # SKIP W1.b registry requires corten=on
[    4.804050]     ok 20 corten_arena_test_file_read # SKIP FILE read arm requires corten=on
[    4.816366]     ok 21 corten_arena_test_file_cow # SKIP FILE COW arm requires corten=on
[    4.825148]     ok 22 corten_arena_test_file_rmap_shared # SKIP FILE rmap anchor requires corten=on
[    4.834803]     ok 23 corten_arena_test_file_fork_mirror # SKIP FILE fork mirror requires corten=on
[    4.847182]     ok 24 corten_arena_test_file_fork_cow # SKIP FILE fork COW requires corten=on
[    4.855452]     ok 25 corten_arena_test_file_fork_pinned # SKIP FILE fork pinned copy requires corten=on
[    4.868854]     ok 26 corten_arena_test_file_hugetlb_route # SKIP hugetlb route gate requires corten=on
[    4.872475]     ok 27 corten_arena_test_mag_recycle # SKIP auto-mmap route requires corten=on
[    4.883533]     ok 28 corten_arena_test_mag_marker # SKIP auto-mmap route requires corten=on
[    4.894200]     ok 29 corten_arena_test_pool_reuse # SKIP pool routing requires corten=on
[    4.904981]     ok 30 corten_arena_test_pool_limit # SKIP pool routing requires corten=on
[    4.920702]     ok 31 corten_arena_test_pool_mode_exit # SKIP pool routing requires corten=on
[    4.938518]     ok 32 corten_arena_test_pool_fork # SKIP pool routing requires corten=on
[    4.950782]     ok 33 corten_arena_test_noreplace_parked # SKIP placement guards require corten=on
[    4.964651]     ok 34 corten_arena_test_noreplace_active # SKIP placement guards require corten=on
[    4.977603]     ok 35 corten_arena_test_mapfixed_over_parked # SKIP placement guards require corten=on
[    4.990363]     ok 36 corten_arena_test_occupied_incl_idle # SKIP placement guards require corten=on
[    4.999105]     ok 37 corten_arena_test_p4_eject # SKIP placement guards require corten=on
[    5.006369]     ok 38 corten_arena_test_hint_fence # SKIP placement guards require corten=on
[    5.009954]     ok 39 corten_arena_test_j1_hooks # SKIP J1 hooks require corten=on
[    5.024066]     ok 40 corten_arena_test_j1_self_exempt # SKIP J1 exemption requires corten=on
[    5.031166]     ok 41 corten_arena_test_uffd_window_reject # SKIP uffd short-circuit requires corten=on
[    5.042247]     ok 42 corten_arena_test_j1_implant_exempt # SKIP J1 implant exemption requires corten=on
[    5.053438]     ok 43 corten_arena_test_fault_window_shorts # SKIP fault short-circuit requires corten=on
[    5.069831]     ok 44 corten_arena_test_inv_mv2_clean # SKIP J2 walker requires corten=on
[    5.075131]     ok 45 corten_arena_test_inv_mv2_inject # SKIP J2 injection requires corten=on
[    5.087023]     ok 46 corten_arena_test_inv_mv2_stale # SKIP J2 stale class requires corten=on
[    5.099479]     ok 47 corten_arena_test_inv_mv2_implant_fork # SKIP J2 implant fork requires corten=on
[    5.113352]     ok 48 corten_arena_test_j2_triggers # SKIP J2 triggers require corten=on
[    5.125490]     ok 49 corten_arena_test_msync_window_segments # SKIP msync terminals require corten=on
[    5.136774]     ok 50 corten_arena_test_mincore_route # SKIP mincore terminal requires corten=on
[    5.149337]     ok 51 corten_arena_test_madvise_parked_terminal # SKIP madvise terminal requires corten=on
[    5.160488]     ok 52 corten_arena_test_move_pages_window # SKIP move_pages terminal requires corten=on
[    5.167728]     ok 53 corten_arena_test_mvc_row_stream # SKIP row stream requires corten=on
[    5.174951]     ok 54 corten_arena_test_mvc_merge_first_row # SKIP row stream requires corten=on
[    5.213670]     ok 55 corten_arena_test_mvc_gup_probe # SKIP gup probe requires corten=on
[    5.238700]     ok 56 corten_arena_test_mvc_smaps_pagemap # SKIP smaps/pagemap aggregation requires corten=on
[    5.242871]     ok 57 corten_arena_test_exit_lifecycle # SKIP lifecycle ledger requires corten=on
[    5.248656]     ok 58 corten_arena_test_exit_punchfork # SKIP punchfork exit ledger requires corten=on
[    5.251865]     ok 59 corten_arena_test_exit_multi_segment # SKIP multi-segment exit requires corten=on
[    5.256398]     ok 60 corten_arena_test_vma_free_reuse # SKIP VMA-free reuse requires corten=on
[    5.260211]     ok 61 corten_arena_test_inv_mv3 # SKIP INV-MV3 requires corten=on
[    5.263809]     ok 62 corten_arena_test_fork_vma_free # SKIP VMA-free fork requires corten=on
[    5.271372]     ok 63 corten_arena_test_vma_free_shrink_pick # SKIP shrinker bodies require corten=on
[    5.285566]     ok 64 corten_arena_test_carrier_shrink_pick # SKIP shrinker bodies require corten=on
[    5.295851]     ok 65 corten_arena_test_auto_validate
[    5.305389]     ok 66 corten_arena_test_carrier_vma # SKIP carrier lifecycle requires corten=on
[    5.311792]     ok 67 corten_arena_test_fork_punch_novma # SKIP fork mirror requires corten=on
[    5.322487]     ok 68 corten_arena_test_fork_redeclare_content # SKIP fork mirror requires corten=on
[    5.334633]     ok 69 corten_arena_test_region_record
[    5.344481]     ok 70 corten_arena_test_region_iter
[    5.352700]     ok 71 corten_arena_test_region_park # SKIP park routing requires corten=on
[    5.360846]     ok 72 corten_arena_test_region_fork
[    5.368493]     ok 73 corten_arena_test_mprotect_route # SKIP mprotect route requires corten=on
[    5.375388]     ok 74 corten_arena_test_protect_flags_kernel_gate # SKIP mprotect route requires corten=on
[    5.386812]     ok 75 corten_arena_test_madvise_route # SKIP madvise route requires corten=on
[    5.399634]     ok 76 corten_arena_test_mremap_route # SKIP mremap route requires corten=on
[    5.410074]     ok 77 corten_arena_test_fork_faithful # SKIP metadata mirror requires corten=on
[    5.424330]     ok 78 corten_arena_test_fork_unwind
[    5.440686]     ok 79 corten_arena_test_fork_multipiece
[    5.448435]     ok 80 corten_arena_test_fork_perm # SKIP mprotect route requires corten=on
[    5.456764]     ok 81 corten_arena_test_inv7_shared_ro # SKIP metadata mirror requires corten=on
[    5.466830]     ok 82 corten_arena_test_inv7_swapped # SKIP metadata mirror requires corten=on
[    5.477809]     ok 83 corten_arena_test_shrink_registry_count # SKIP shrinker bodies require corten=on
[    5.488992]     ok 84 corten_arena_test_shrink_aging_two_pass # SKIP shrinker bodies require corten=on
[    5.500359]     ok 85 corten_arena_test_shrink_rotation # SKIP shrinker bodies require corten=on
[    5.511182]     ok 86 corten_arena_test_fork_swapped # SKIP fork mirror requires corten=on
[    5.524738]     ok 87 corten_arena_test_fork_f2_gate # SKIP metadata mirror requires corten=on
[    5.535978]     ok 88 corten_arena_test_fork_drain_leak # SKIP metadata mirror requires corten=on
[    5.546838]     ok 89 corten_arena_test_unshare_pin # SKIP metadata mirror requires corten=on
[    5.555091]     ok 90 corten_arena_test_fork_reuse_exclusive # SKIP metadata mirror requires corten=on
[    5.567904]     ok 91 corten_arena_test_gup_state1_uncommitted # SKIP metadata mirror requires corten=on
[    5.580666]     ok 92 corten_arena_test_gup_state2_committed_rw # SKIP metadata mirror requires corten=on
[    5.594634]     ok 93 corten_arena_test_gup_state3_fork_cow # SKIP metadata mirror requires corten=on
[    5.608149]     ok 94 corten_arena_test_gup_state3b_downgrade_restore # SKIP metadata mirror requires corten=on
[    5.616761]     ok 95 corten_arena_test_gup_state4_pin_zap # SKIP metadata mirror requires corten=on
[    5.632843]     ok 96 corten_arena_test_concurrent
[    5.651014]     ok 97 corten_arena_test_concurrent_window
[    5.660668]     ok 98 corten_arena_test_obs_ledger
[    5.667519]     ok 99 corten_arena_test_drain_timeout_stat
[    5.675446]     ok 100 corten_arena_test_novma_rmap
[    5.685150]     ok 101 corten_arena_test_brk_delegation # SKIP brk ledger requires corten=on
[    5.693613]     ok 102 corten_arena_test_whitelist_audit # SKIP whitelist audit requires corten=on
[    5.701384] # corten_arena: pass:24 fail:0 skip:78 total:102
[    5.708294] # Totals: pass:24 fail:0 skip:78 total:102
[    5.714744] ok 2 corten_arena
[    5.722459]     KTAP version 1
[    5.725306]     # Subtest: corten_fault
[    5.729142]     # module: corten_fault_test
[    5.729149]     1..33
[    5.739079]     ok 1 corten_fault_test_dispatch
[    5.742547]     ok 2 corten_fault_test_fig8_cow
[    5.749687]     ok 3 corten_fault_test_unmap_classify
[    5.757127]     ok 4 corten_fault_test_mmap_classify
[    5.763076]     ok 5 corten_fault_test_file_may_matrix
[    5.767600]     ok 6 corten_fault_test_punch_classify
[    5.778586]     ok 7 corten_fault_test_map_anon # SKIP real fault chain requires corten=on
[    5.789126]     ok 8 corten_fault_test_zero_page # SKIP real fault chain requires corten=on
[    5.798102]     ok 9 corten_fault_test_sigsegv # SKIP real fault chain requires corten=on
[    5.809683]     ok 10 corten_fault_test_fresh_fault # SKIP real fault chain requires corten=on
[    5.824051]     ok 11 corten_fault_test_churn_repro # SKIP real fault chain requires corten=on
[    5.834269]     ok 12 corten_fault_test_untracked_drift # SKIP real fault chain requires corten=on
[    5.845120]     ok 13 corten_fault_test_restore # SKIP real fault chain requires corten=on
[    5.855837]     ok 14 corten_fault_test_cow_reuse # SKIP real fault chain requires corten=on
[    5.860213]     ok 15 corten_fault_test_cow_copy # SKIP real fault chain requires corten=on
[    5.869244]     ok 16 corten_fault_test_foll_force # SKIP real fault chain requires corten=on
[    5.881063]     ok 17 corten_fault_test_cow_race # SKIP real fault chain requires corten=on
[    5.890437]     ok 18 corten_fault_test_mprotect_pte # SKIP real fault chain requires corten=on
[    5.894460]     ok 19 corten_fault_test_mprotect_fresh # SKIP real fault chain requires corten=on
[    5.905401]     ok 20 corten_fault_test_zap_keep_perm # SKIP real fault chain requires corten=on
[    5.915361]     ok 21 corten_fault_test_zap_keep_perm_downgrade # SKIP real fault chain requires corten=on
[    5.928167]     ok 22 corten_fault_test_untracked_rearm # SKIP real fault chain requires corten=on
[    5.938538]     ok 23 corten_fault_test_fill_upper_race # SKIP real fault chain requires corten=on
[    5.949448]     ok 24 corten_fault_test_map_race # SKIP real fault chain requires corten=on
[    5.955773]     ok 25 corten_fault_test_chunk_unmap # SKIP real fault chain requires corten=on
[    5.962446]     ok 26 corten_fault_test_punch_hole # SKIP real fault chain requires corten=on
[    5.969349]     ok 27 corten_fault_test_punch_head # SKIP real fault chain requires corten=on
[    5.979666]     ok 28 corten_fault_test_rmap_guard # SKIP reclaim guard requires corten=on
[    5.988877]     ok 29 corten_fault_test_reap_skip # SKIP reap skip requires corten=on
[    5.998062]     ok 30 corten_fault_test_swap_encode
[    6.007450]     ok 31 corten_fault_test_swap_roundtrip # SKIP swap transaction requires corten=on
[    6.014290]     ok 32 corten_fault_test_swap_zap_free # SKIP swap transaction requires corten=on
[    6.018823]     ok 33 corten_fault_test_swap_mprotect_pending # SKIP real fault chain requires corten=on
[    6.020957] # corten_fault: pass:7 fail:0 skip:26 total:33
[    6.025022] # Totals: pass:7 fail:0 skip:26 total:33
[    6.031083] ok 3 corten_fault
[    6.045805] check access for rdinit=/init failed: -2, ignoring
[    6.049558] md: Waiting for all devices to be available before autodetect
[    6.052339] md: If you don't use raid, use raid=noautodetect
[    6.055798] md: Autodetecting RAID arrays.
[    6.058576] md: autorun ...
[    6.060765] md: ... autorun DONE.
[    6.064610] /dev/root: Can't open blockdev
[    6.067356] VFS: Cannot open root device "" or unknown-block(0,0): error -6
[    6.071372] Please append a correct "root=" boot option; here are the available partitions:
[    6.076133] 0b00         1048575 sr0 
[    6.076136]  driver: sr
[    6.078313] List of all bdev filesystems:
[    6.080684]  ext3
[    6.080685]  ext2
[    6.081862]  ext4
[    6.083211]  vfat
[    6.084466]  msdos
[    6.086151]  iso9660
[    6.087182]  f2fs
[    6.087536]  erofs
[    6.088495] 
[    6.090761] Kernel panic - not syncing: VFS: Unable to mount root fs on unknown-block(0,0)
[    6.094660] CPU: 2 UID: 0 PID: 1 Comm: swapper/0 Tainted: G        W        N  6.18.32-g0c47a0515a8a-dirty #138 PREEMPT(voluntary) 
[    6.101680] Tainted: [W]=WARN, [N]=TEST
[    6.103496] Hardware name: QEMU Standard PC (i440FX + PIIX, 1996), BIOS 1.15.0-1 04/01/2014
[    6.107767] Call Trace:
[    6.118937]  <TASK>
[    6.120441]  vpanic+0x34f/0x360
[    6.122761]  panic+0x56/0x60
[    6.124378]  mount_root_generic+0x1ff/0x320
[    6.127380]  prepare_namespace+0x63/0x270
[    6.129366]  kernel_init_freeable+0x29f/0x2f0
[    6.131788]  ? __pfx_kernel_init+0x10/0x10
[    6.135355]  kernel_init+0x15/0x1c0
[    6.137609]  ret_from_fork+0x144/0x160
[    6.139725]  ? __pfx_kernel_init+0x10/0x10
[    6.141627]  ret_from_fork_asm+0x1a/0x30
[    6.143941]  </TASK>
[    6.148452] Kernel Offset: 0x23000000 from 0xffffffff81000000 (relocation range: 0xffffffff80000000-0xffffffffbfffffff)
