qemu-system-x86_64: warning: host doesn't support requested feature: CPUID.80000001H:ECX.svm [bit 2]
qemu-system-x86_64: warning: host doesn't support requested feature: CPUID.80000001H:ECX.svm [bit 2]
c[?7l[2J[0mSeaBIOS (version 1.15.0-1)


iPXE (https://ipxe.org) 00:03.0 CA00 PCI2.10 PnP PMM+7FF8B310+7FECB310 CA00
Press Ctrl-B to configure iPXE (PCI 00:03.0)...                                                                               


Booting from ROM...
c[?7l[2J[    0.000000] Linux version 6.18.32-gae236ee077ac-dirty (ppw@vm) (gcc (Ubuntu 11.4.0-1ubuntu1~22.04.3) 11.4.0, GNU ld (GNU Binutils for Ubuntu) 2.38) #17 SMP PREEMPT_DYNAMIC Thu Sep 17 06:46:40 CST 2026
[    0.000000] Command line: console=ttyS0 panic=-1 corten=on kunit.filter_glob=corten*
[    0.000000] x86/CPU: Model not found in latest microcode list
[    0.000000] BIOS-provided physical RAM map:
[    0.000000] BIOS-e820: [mem 0x0000000000000000-0x000000000009fbff] usable
[    0.000000] BIOS-e820: [mem 0x000000000009fc00-0x000000000009ffff] reserved
[    0.000000] BIOS-e820: [mem 0x00000000000f0000-0x00000000000fffff] reserved
[    0.000000] BIOS-e820: [mem 0x0000000000100000-0x000000007ffdffff] usable
[    0.000000] BIOS-e820: [mem 0x000000007ffe0000-0x000000007fffffff] reserved
[    0.000000] BIOS-e820: [mem 0x00000000feffc000-0x00000000feffffff] reserved
[    0.000000] BIOS-e820: [mem 0x00000000fffc0000-0x00000000ffffffff] reserved
[    0.000000] NX (Execute Disable) protection: active
[    0.000000] APIC: Static calls initialized
[    0.000000] SMBIOS 2.8 present.
[    0.000000] DMI: QEMU Standard PC (i440FX + PIIX, 1996), BIOS 1.15.0-1 04/01/2014
[    0.000000] DMI: Memory slots populated: 1/1
[    0.000000] Hypervisor detected: KVM
[    0.000000] last_pfn = 0x7ffe0 max_arch_pfn = 0x400000000
[    0.000000] kvm-clock: Using msrs 4b564d01 and 4b564d00
[    0.000006] kvm-clock: using sched offset of 1941712075 cycles
[    0.000031] clocksource: kvm-clock: mask: 0xffffffffffffffff max_cycles: 0x1cd42e4dffb, max_idle_ns: 881590591483 ns
[    0.000075] tsc: Detected 2419.196 MHz processor
[    0.003507] last_pfn = 0x7ffe0 max_arch_pfn = 0x400000000
[    0.004124] MTRR map: 4 entries (3 fixed + 1 variable; max 19), built from 8 variable MTRRs
[    0.004170] x86/PAT: Configuration [0-7]: WB  WC  UC- UC  WB  WP  UC- WT  
[    0.019115] found SMP MP-table at [mem 0x000f5ba0-0x000f5baf]
[    0.019798] ACPI: Early table checksum verification disabled
[    0.020015] ACPI: RSDP 0x00000000000F59E0 000014 (v00 BOCHS )
[    0.020147] ACPI: RSDT 0x000000007FFE1960 000034 (v01 BOCHS  BXPC     00000001 BXPC 00000001)
[    0.020331] ACPI: FACP 0x000000007FFE180C 000074 (v01 BOCHS  BXPC     00000001 BXPC 00000001)
[    0.020416] ACPI: DSDT 0x000000007FFE0040 0017CC (v01 BOCHS  BXPC     00000001 BXPC 00000001)
[    0.020423] ACPI: FACS 0x000000007FFE0000 000040
[    0.020425] ACPI: APIC 0x000000007FFE1880 000080 (v01 BOCHS  BXPC     00000001 BXPC 00000001)
[    0.020427] ACPI: HPET 0x000000007FFE1900 000038 (v01 BOCHS  BXPC     00000001 BXPC 00000001)
[    0.020429] ACPI: WAET 0x000000007FFE1938 000028 (v01 BOCHS  BXPC     00000001 BXPC 00000001)
[    0.020431] ACPI: Reserving FACP table memory at [mem 0x7ffe180c-0x7ffe187f]
[    0.020432] ACPI: Reserving DSDT table memory at [mem 0x7ffe0040-0x7ffe180b]
[    0.020433] ACPI: Reserving FACS table memory at [mem 0x7ffe0000-0x7ffe003f]
[    0.020433] ACPI: Reserving APIC table memory at [mem 0x7ffe1880-0x7ffe18ff]
[    0.020434] ACPI: Reserving HPET table memory at [mem 0x7ffe1900-0x7ffe1937]
[    0.020434] ACPI: Reserving WAET table memory at [mem 0x7ffe1938-0x7ffe195f]
[    0.021485] No NUMA configuration found
[    0.021489] Faking a node at [mem 0x0000000000000000-0x000000007ffdffff]
[    0.021500] NODE_DATA(0) allocated [mem 0x7ffdc140-0x7ffdffff]
[    0.022717] Zone ranges:
[    0.022719]   DMA      [mem 0x0000000000001000-0x0000000000ffffff]
[    0.022724]   DMA32    [mem 0x0000000001000000-0x000000007ffdffff]
[    0.022727]   Normal   empty
[    0.022729] Movable zone start for each node
[    0.022731] Early memory node ranges
[    0.022732]   node   0: [mem 0x0000000000001000-0x000000000009efff]
[    0.022757]   node   0: [mem 0x0000000000100000-0x000000007ffdffff]
[    0.022761] Initmem setup node 0 [mem 0x0000000000001000-0x000000007ffdffff]
[    0.023782] On node 0, zone DMA: 1 pages in unavailable ranges
[    0.025101] On node 0, zone DMA: 97 pages in unavailable ranges
[    0.227926] On node 0, zone DMA32: 32 pages in unavailable ranges
[    0.232778] ACPI: PM-Timer IO Port: 0x608
[    0.233345] ACPI: LAPIC_NMI (acpi_id[0xff] dfl dfl lint[0x1])
[    0.235426] IOAPIC[0]: apic_id 0, version 17, address 0xfec00000, GSI 0-23
[    0.235439] ACPI: INT_SRC_OVR (bus 0 bus_irq 0 global_irq 2 dfl dfl)
[    0.235442] ACPI: INT_SRC_OVR (bus 0 bus_irq 5 global_irq 5 high level)
[    0.235444] ACPI: INT_SRC_OVR (bus 0 bus_irq 9 global_irq 9 high level)
[    0.235466] ACPI: INT_SRC_OVR (bus 0 bus_irq 10 global_irq 10 high level)
[    0.235468] ACPI: INT_SRC_OVR (bus 0 bus_irq 11 global_irq 11 high level)
[    0.235475] ACPI: Using ACPI (MADT) for SMP configuration information
[    0.235476] ACPI: HPET id: 0x8086a201 base: 0xfed00000
[    0.235491] CPU topo: Max. logical packages:   1
[    0.235493] CPU topo: Max. logical dies:       1
[    0.235493] CPU topo: Max. dies per package:   1
[    0.235500] CPU topo: Max. threads per core:   1
[    0.235517] CPU topo: Num. cores per package:     2
[    0.235519] CPU topo: Num. threads per package:   2
[    0.235519] CPU topo: Allowing 2 present CPUs plus 0 hotplug CPUs
[    0.235602] kvm-guest: APIC: eoi() replaced with kvm_guest_apic_eoi_write()
[    0.237825] PM: hibernation: Registered nosave memory: [mem 0x00000000-0x00000fff]
[    0.237831] PM: hibernation: Registered nosave memory: [mem 0x0009f000-0x000fffff]
[    0.237836] [mem 0x80000000-0xfeffbfff] available for PCI devices
[    0.237839] Booting paravirtualized kernel on KVM
[    0.237863] clocksource: refined-jiffies: mask: 0xffffffff max_cycles: 0xffffffff, max_idle_ns: 1910969940391419 ns
[    0.261544] setup_percpu: NR_CPUS:64 nr_cpumask_bits:2 nr_cpu_ids:2 nr_node_ids:1
[    0.273584] percpu: Embedded 52 pages/cpu s174808 r8192 d29992 u1048576
[    0.273899] Kernel command line: console=ttyS0 panic=-1 corten=on kunit.filter_glob=corten*
[    0.274019] corten: requested on, activating at initcall time
[    0.274032] printk: log buffer data + meta data: 262144 + 917504 = 1179648 bytes
[    0.283797] Dentry cache hash table entries: 262144 (order: 9, 2097152 bytes, linear)
[    0.303062] Inode-cache hash table entries: 131072 (order: 8, 1048576 bytes, linear)
[    0.304065] Fallback order for Node 0: 0 
[    0.304073] Built 1 zonelists, mobility grouping on.  Total pages: 524158
[    0.304077] Policy zone: DMA32
[    0.304081] mem auto-init: stack:off, heap alloc:off, heap free:off
[    0.317077] SLUB: HWalign=64, Order=0-3, MinObjects=0, CPUs=2, Nodes=1
[    0.317442] Kernel/User page tables isolation: enabled
[    0.327572] Dynamic Preempt: voluntary
[    0.328998] rcu: Preemptible hierarchical RCU implementation.
[    0.329002] rcu: 	RCU event tracing is enabled.
[    0.329003] rcu: 	RCU restricting CPUs from NR_CPUS=64 to nr_cpu_ids=2.
[    0.329008] 	Trampoline variant of Tasks RCU enabled.
[    0.329009] 	Tracing variant of Tasks RCU enabled.
[    0.329010] rcu: RCU calculated value of scheduler-enlistment delay is 100 jiffies.
[    0.329012] rcu: Adjusting geometry for rcu_fanout_leaf=16, nr_cpu_ids=2
[    0.329073] RCU Tasks: Setting shift to 1 and lim to 1 rcu_task_cb_adjust=1 rcu_task_cpu_ids=2.
[    0.329078] RCU Tasks Trace: Setting shift to 1 and lim to 1 rcu_task_cb_adjust=1 rcu_task_cpu_ids=2.
[    0.342515] NR_IRQS: 4352, nr_irqs: 440, preallocated irqs: 16
[    0.345120] rcu: srcu_init: Setting srcu_struct sizes based on contention.
[    0.421730] Console: colour VGA+ 80x25
[    0.421972] printk: legacy console [ttyS0] enabled
[    1.095526] ACPI: Core revision 20250807
[    1.101959] clocksource: hpet: mask: 0xffffffff max_cycles: 0xffffffff, max_idle_ns: 19112604467 ns
[    1.114308] APIC: Switch to symmetric I/O mode setup
[    1.124752] x2apic enabled
[    1.134707] APIC: Switched APIC routing to: physical x2apic
[    1.163344] ..TIMER: vector=0x30 apic1=0 pin1=2 apic2=-1 pin2=-1
[    1.171992] clocksource: tsc-early: mask: 0xffffffffffffffff max_cycles: 0x22df0d21928, max_idle_ns: 440795225288 ns
[    1.181525] Calibrating delay loop (skipped) preset value.. 4838.39 BogoMIPS (lpj=2419196)
[    1.186512] Last level iTLB entries: 4KB 0, 2MB 0, 4MB 0
[    1.186523] Last level dTLB entries: 4KB 0, 2MB 0, 4MB 0, 1GB 0
[    1.187625] mitigations: Enabled attack vectors: user_kernel, user_user, SMT mitigations: auto
[    1.188638] Speculative Store Bypass: Vulnerable
[    1.189517] Spectre V2 : Mitigation: Retpolines
[    1.190524] ITS: Mitigation: Aligned branch/return thunks
[    1.191525] MDS: Vulnerable: Clear CPU buffers attempted, no microcode
[    1.192523] Spectre V1 : Mitigation: usercopy/swapgs barriers and __user pointer sanitization
[    1.193525] Spectre V2 : Spectre v2 / SpectreRSB: Filling RSB on context switch and VMEXIT
[    1.194533] active return thunk: its_return_thunk
[    1.195624] x86/fpu: x87 FPU will use FXSAVE
[    1.293134] Freeing SMP alternatives memory: 56K
[    1.294538] pid_max: default: 32768 minimum: 301
[    1.295696] LSM: initializing lsm=capability,selinux
[    1.296866] SELinux:  Initializing.
[    1.299913] Mount-cache hash table entries: 4096 (order: 3, 32768 bytes, linear)
[    1.300661] Mountpoint-cache hash table entries: 4096 (order: 3, 32768 bytes, linear)
[    1.399115] smpboot: CPU0: Intel QEMU Virtual CPU version 2.5+ (family: 0xf, model: 0x6b, stepping: 0x1)
[    1.401625] Performance Events: unsupported Netburst CPU model 107 no PMU driver, software events only.
[    1.404299] signal: max sigframe size: 1440
[    1.404693] rcu: Hierarchical SRCU implementation.
[    1.405518] rcu: 	Max phase no-delay instances is 400.
[    1.407619] Timer migration: 1 hierarchy levels; 8 children per group; 1 crossnode level
[    1.418372] corten: page descriptors enabled
[    1.418979] smp: Bringing up secondary CPUs ...
[    1.420882] smpboot: x86: Booting SMP configuration:
[    1.421518] .... node  #0, CPUs:      #1
[    1.430705] smp: Brought up 1 node, 2 CPUs
[    1.432524] smpboot: Total of 2 processors activated (9676.78 BogoMIPS)
[    1.436623] Memory: 2012556K/2096632K available (19011K kernel code, 2965K rwdata, 8048K rodata, 3048K init, 2264K bss, 79980K reserved, 0K cma-reserved)
[    1.439536] devtmpfs: initialized
[    1.446854] clocksource: jiffies: mask: 0xffffffff max_cycles: 0xffffffff, max_idle_ns: 1911260446275000 ns
[    1.447546] posixtimers hash table entries: 1024 (order: 2, 16384 bytes, linear)
[    1.449765] futex hash table entries: 512 (32768 bytes on 1 NUMA nodes, total 32 KiB, linear).
[    1.453255] PM: RTC time: 22:49:32, date: 2026-09-16
[    1.455572] NET: Registered PF_NETLINK/PF_ROUTE protocol family
[    1.457887] audit: initializing netlink subsys (disabled)
[    1.460559] audit: type=2000 audit(1789598972.036:1): state=initialized audit_enabled=0 res=1
[    1.461322] thermal_sys: Registered thermal governor 'step_wise'
[    1.462570] cpuidle: using governor menu
[    1.470178] PCI: Using configuration type 1 for base access
[    1.476709] kprobes: kprobe jump-optimization is enabled. All kprobes are optimized if possible.
[    1.488721] HugeTLB: registered 2.00 MiB page size, pre-allocated 0 pages
[    1.491521] HugeTLB: 28 KiB vmemmap can be freed for a 2.00 MiB page
[    1.495712] ACPI: Added _OSI(Module Device)
[    1.496521] ACPI: Added _OSI(Processor Device)
[    1.498519] ACPI: Added _OSI(Processor Aggregator Device)
[    1.504774] ACPI: 1 ACPI AML tables successfully acquired and loaded
[    1.512866] ACPI: Interpreter enabled
[    1.515559] ACPI: PM: (supports S0 S3 S4 S5)
[    1.517519] ACPI: Using IOAPIC for interrupt routing
[    1.520587] PCI: Using host bridge windows from ACPI; if necessary, use "pci=nocrs" and report a bug
[    1.525524] PCI: Using E820 reservations for host bridge windows
[    1.528591] ACPI: Enabled 2 GPEs in block 00 to 0F
[    1.537362] ACPI: PCI Root Bridge [PCI0] (domain 0000 [bus 00-ff])
[    1.540542] acpi PNP0A03:00: _OSC: OS supports [ASPM ClockPM Segments MSI HPX-Type3]
[    1.546526] acpi PNP0A03:00: _OSC: not requesting OS control; OS requires [ExtendedConfig ASPM ClockPM MSI]
[    1.553558] acpi PNP0A03:00: fail to add MMCONFIG information, can't access extended configuration space under this bridge
[    1.558590] PCI host bridge to bus 0000:00
[    1.560533] pci_bus 0000:00: root bus resource [io  0x0000-0x0cf7 window]
[    1.565519] pci_bus 0000:00: root bus resource [io  0x0d00-0xffff window]
[    1.569518] pci_bus 0000:00: root bus resource [mem 0x000a0000-0x000bffff window]
[    1.572517] pci_bus 0000:00: root bus resource [mem 0x80000000-0xfebfffff window]
[    1.575527] pci_bus 0000:00: root bus resource [mem 0x100000000-0x17fffffff window]
[    1.580526] pci_bus 0000:00: root bus resource [bus 00-ff]
[    1.581736] pci 0000:00:00.0: [8086:1237] type 00 class 0x060000 conventional PCI endpoint
[    1.587843] pci 0000:00:01.0: [8086:7000] type 00 class 0x060100 conventional PCI endpoint
[    1.594200] pci 0000:00:01.1: [8086:7010] type 00 class 0x010180 conventional PCI endpoint
[    1.602512] pci 0000:00:01.1: BAR 4 [io  0xc040-0xc04f]
[    1.605617] pci 0000:00:01.1: BAR 0 [io  0x01f0-0x01f7]: legacy IDE quirk
[    1.609528] pci 0000:00:01.1: BAR 1 [io  0x03f6]: legacy IDE quirk
[    1.613519] pci 0000:00:01.1: BAR 2 [io  0x0170-0x0177]: legacy IDE quirk
[    1.617521] pci 0000:00:01.1: BAR 3 [io  0x0376]: legacy IDE quirk
[    1.622985] pci 0000:00:01.3: [8086:7113] type 00 class 0x068000 conventional PCI endpoint
[    1.630618] pci 0000:00:01.3: quirk: [io  0x0600-0x063f] claimed by PIIX4 ACPI
[    1.633607] pci 0000:00:01.3: quirk: [io  0x0700-0x070f] claimed by PIIX4 SMB
[    1.641130] pci 0000:00:02.0: [1234:1111] type 00 class 0x030000 conventional PCI endpoint
[    1.665834] pci 0000:00:02.0: BAR 0 [mem 0xfd000000-0xfdffffff pref]
[    1.670544] pci 0000:00:02.0: BAR 2 [mem 0xfebb0000-0xfebb0fff]
[    1.673783] pci 0000:00:02.0: ROM [mem 0xfeba0000-0xfebaffff pref]
[    1.684479] pci 0000:00:02.0: Video device with shadowed ROM at [mem 0x000c0000-0x000dffff]
[    1.701213] pci 0000:00:03.0: [8086:100e] type 00 class 0x020000 conventional PCI endpoint
[    1.710609] pci 0000:00:03.0: BAR 0 [mem 0xfeb80000-0xfeb9ffff]
[    1.713615] pci 0000:00:03.0: BAR 1 [io  0xc000-0xc03f]
[    1.718839] pci 0000:00:03.0: ROM [mem 0xfeb00000-0xfeb7ffff pref]
[    1.736592] ACPI: PCI: Interrupt link LNKA configured for IRQ 10
[    1.741050] ACPI: PCI: Interrupt link LNKB configured for IRQ 10
[    1.746786] ACPI: PCI: Interrupt link LNKC configured for IRQ 11
[    1.752289] ACPI: PCI: Interrupt link LNKD configured for IRQ 11
[    1.758561] ACPI: PCI: Interrupt link LNKS configured for IRQ 9
[    1.770762] iommu: Default domain type: Translated
[    1.774520] iommu: DMA domain TLB invalidation policy: lazy mode
[    1.784802] SCSI subsystem initialized
[    1.794270] ACPI: bus type USB registered
[    1.800189] usbcore: registered new interface driver usbfs
[    1.806656] usbcore: registered new interface driver hub
[    1.816929] usbcore: registered new device driver usb
[    1.821787] pps_core: LinuxPPS API ver. 1 registered
[    1.827522] pps_core: Software ver. 5.3.6 - Copyright 2005-2007 Rodolfo Giometti <giometti@linux.it>
[    1.835521] PTP clock support registered
[    1.841238] Advanced Linux Sound Architecture Driver Initialized.
[    1.853874] NetLabel: Initializing
[    1.857528] NetLabel:  domain hash size = 128
[    1.860516] NetLabel:  protocols = UNLABELED CIPSOv4 CALIPSO
[    1.866370] NetLabel:  unlabeled traffic allowed by default
[    1.877660] PCI: Using ACPI for IRQ routing
[    1.882676] pci 0000:00:02.0: vgaarb: setting as boot VGA device
[    1.883512] pci 0000:00:02.0: vgaarb: bridge control possible
[    1.883512] pci 0000:00:02.0: vgaarb: VGA device added: decodes=io+mem,owns=io+mem,locks=none
[    1.891517] vgaarb: loaded
[    1.894101] hpet: 3 channels of 0 reserved for per-cpu timers
[    1.900826] hpet0: at MMIO 0xfed00000, IRQs 2, 8, 0
[    1.905522] hpet0: 3 comparators, 64-bit 100.000000 MHz counter
[    1.913670] clocksource: Switched to clocksource kvm-clock
[    1.925140] VFS: Disk quotas dquot_6.6.0
[    1.930110] VFS: Dquot-cache hash table entries: 512 (order 0, 4096 bytes)
[    1.942755] pnp: PnP ACPI init
[    1.949902] pnp: PnP ACPI: found 6 devices
[    2.029567] clocksource: acpi_pm: mask: 0xffffff max_cycles: 0xffffff, max_idle_ns: 2085701024 ns
[    2.043520] NET: Registered PF_INET protocol family
[    2.051538] IP idents hash table entries: 32768 (order: 6, 262144 bytes, linear)
[    2.064119] tcp_listen_portaddr_hash hash table entries: 1024 (order: 2, 16384 bytes, linear)
[    2.070953] Table-perturb hash table entries: 65536 (order: 6, 262144 bytes, linear)
[    2.080014] TCP established hash table entries: 16384 (order: 5, 131072 bytes, linear)
[    2.090342] TCP bind hash table entries: 16384 (order: 7, 524288 bytes, linear)
[    2.100304] TCP: Hash tables configured (established 16384 bind 16384)
[    2.108786] UDP hash table entries: 1024 (order: 4, 65536 bytes, linear)
[    2.116733] UDP-Lite hash table entries: 1024 (order: 4, 65536 bytes, linear)
[    2.123303] NET: Registered PF_UNIX/PF_LOCAL protocol family
[    2.134608] RPC: Registered named UNIX socket transport module.
[    2.141607] RPC: Registered udp transport module.
[    2.144927] RPC: Registered tcp transport module.
[    2.149044] RPC: Registered tcp-with-tls transport module.
[    2.154246] RPC: Registered tcp NFSv4.1 backchannel transport module.
[    2.164061] pci_bus 0000:00: resource 4 [io  0x0000-0x0cf7 window]
[    2.170251] pci_bus 0000:00: resource 5 [io  0x0d00-0xffff window]
[    2.176121] pci_bus 0000:00: resource 6 [mem 0x000a0000-0x000bffff window]
[    2.183135] pci_bus 0000:00: resource 7 [mem 0x80000000-0xfebfffff window]
[    2.189378] pci_bus 0000:00: resource 8 [mem 0x100000000-0x17fffffff window]
[    2.190975] kwatchdog (44) used greatest stack depth: 15496 bytes left
[    2.196458] pci 0000:00:01.0: PIIX3: Enabling Passive Release
[    2.208314] pci 0000:00:00.0: quirk_passive_release+0x0/0xa0 took 11672 usecs
[    2.215816] pci 0000:00:00.0: Limiting direct PCI/PCI transfers
[    2.222332] PCI: CLS 0 bytes, default 64
[    2.228334] clocksource: tsc: mask: 0xffffffffffffffff max_cycles: 0x22df0d21928, max_idle_ns: 440795225288 ns
[    2.248665] Initialise system trusted keyrings
[    2.255538] workingset: timestamp_bits=40 max_order=19 bucket_order=0
[    2.269680] NFS: Registering the id_resolver key type
[    2.274519] Key type id_resolver registered
[    2.277553] Key type id_legacy registered
[    2.283036] 9p: Installing v9fs 9p2000 file system support
[    2.327961] Key type asymmetric registered
[    2.332287] Asymmetric key parser 'x509' registered
[    2.337170] Block layer SCSI generic (bsg) driver version 0.4 loaded (major 251)
[    2.344342] io scheduler mq-deadline registered
[    2.348716] io scheduler kyber registered
[    2.353608] input: Power Button as /devices/LNXSYSTM:00/LNXPWRBN:00/input/input0
[    2.362768] ACPI: button: Power Button [PWRF]
[    2.373405] Serial: 8250/16550 driver, 4 ports, IRQ sharing enabled
[    2.381193] 00:04: ttyS0 at I/O 0x3f8 (irq = 4, base_baud = 115200) is a 16550A
[    2.395583] Non-volatile memory driver v1.3
[    2.399551] Linux agpgart interface v0.103
[    2.423110] ACPI: bus type drm_connector registered
[    2.463050] loop: module loaded
[    2.468715] zram: Added device: zram0
[    2.483906] scsi host0: ata_piix
[    2.490130] scsi host1: ata_piix
[    2.495148] ata1: PATA max MWDMA2 cmd 0x1f0 ctl 0x3f6 bmdma 0xc040 irq 14 lpm-pol 0
[    2.503362] ata2: PATA max MWDMA2 cmd 0x170 ctl 0x376 bmdma 0xc048 irq 15 lpm-pol 0
[    2.513367] e100: Intel(R) PRO/100 Network Driver
[    2.519668] e100: Copyright(c) 1999-2006 Intel Corporation
[    2.523951] e1000: Intel(R) PRO/1000 Network Driver
[    2.529360] e1000: Copyright (c) 1999-2006 Intel Corporation.
[    2.578368] ACPI: \_SB_.LNKC: Enabled at IRQ 11
[    2.670135] ata2: found unknown device (class 0)
[    2.680901] ata2.00: ATAPI: QEMU DVD-ROM, 2.5+, max UDMA/100
[    2.696102] scsi 1:0:0:0: CD-ROM            QEMU     QEMU DVD-ROM     2.5+ PQ: 0 ANSI: 5
[    2.729586] sr 1:0:0:0: [sr0] scsi3-mmc drive: 4x/4x cd/rw xa/form2 tray
[    2.736559] cdrom: Uniform CD-ROM driver Revision: 3.20
[    2.755364] sr 1:0:0:0: Attached scsi generic sg0 type 5
[    3.665113] e1000 0000:00:03.0 eth0: (PCI:33MHz:32-bit) 52:54:00:12:34:56
[    3.672930] e1000 0000:00:03.0 eth0: Intel(R) PRO/1000 Network Connection
[    3.679175] e1000e: Intel(R) PRO/1000 Network Driver
[    3.684557] e1000e: Copyright(c) 1999 - 2015 Intel Corporation.
[    3.690238] sky2: driver version 1.30
[    3.696338] usbcore: registered new interface driver usblp
[    3.701903] usbcore: registered new interface driver usb-storage
[    3.707600] i8042: PNP: PS/2 Controller [PNP0303:KBD,PNP0f13:MOU] at 0x60,0x64 irq 1,12
[    3.721169] serio: i8042 KBD port at 0x60,0x64 irq 1
[    3.725516] serio: i8042 AUX port at 0x60,0x64 irq 12
[    3.732984] rtc_cmos 00:05: RTC can wake from S4
[    3.745128] input: AT Translated Set 2 keyboard as /devices/platform/i8042/serio0/input/input1
[    3.745650] rtc_cmos 00:05: registered as rtc0
[    3.758927] rtc_cmos 00:05: alarms up to one day, y3k, 242 bytes nvram, hpet irqs
[    3.769183] device-mapper: ioctl: 4.50.0-ioctl (2025-04-28) initialised: dm-devel@lists.linux.dev
[    3.779863] intel_pstate: CPU model not supported
[    3.786483] hid: raw HID events driver (C) Jiri Kosina
[    3.794504] usbcore: registered new interface driver usbhid
[    3.800057] usbhid: USB HID core driver
[    3.812983] Initializing XFRM netlink socket
[    3.818793] NET: Registered PF_INET6 protocol family
[    3.824961] Segment Routing with IPv6
[    3.825497] In-situ OAM (IOAM) with IPv6
[    3.826032] sit: IPv6, IPv4 and MPLS over IPv4 tunneling driver
[    3.828918] NET: Registered PF_PACKET protocol family
[    3.834102] 9pnet: Installing 9P2000 support
[    3.837473] Key type dns_resolver registered
[    3.845013] IPI shorthand broadcast: enabled
[    3.858152] sched_clock: Marking stable (3031195211, 826344074)->(4322728536, -465189251)
[    3.865121] registered taskstats version 1
[    3.869127] Loading compiled-in X.509 certificates
[    3.880843] Demotion targets for Node 0: null
[    3.884998] PM:   Magic number: 10:344:856
[    3.889296] netconsole: network logging started
[    3.895594] cfg80211: Loading compiled-in X.509 certificates for regulatory database
[    3.905120] kworker/u8:1 (57) used greatest stack depth: 14272 bytes left
[    3.914049] Loaded X.509 cert 'sforshee: 00b28ddf47aef9cea7'
[    3.920509] Loaded X.509 cert 'wens: 61c038651aabdcf94bd0ac7ff06c7248db18c600'
[    3.926021] ALSA device list:
[    3.928295] faux_driver regulatory: Direct firmware load for regulatory.db failed with error -2
[    3.928956]   No soundcards found.
[    3.930464] cfg80211: failed to load regulatory.db
[    3.934764] KTAP version 1
[    3.941764] 1..3
[    3.944845]     KTAP version 1
[    3.948313]     # Subtest: corten
[    3.950713]     # module: corten_test
[    3.950716]     1..25
[    3.957838]     ok 1 corten_test_layout # SKIP corten=on boot
[    3.958891]     ok 2 corten_test_ptdesc_get_put
[    3.965985]     ok 3 corten_test_meta_roundtrip
[    3.970864]     ok 4 corten_test_meta_reinit_cleared
[    3.978944]     ok 5 corten_test_covering_level
[    3.984440]     ok 6 corten_test_covering_base_index
[    3.991010]     ok 7 corten_test_txn_covering
[    3.997157]     ok 8 corten_test_txn_hole
[    4.004928]     ok 9 corten_test_txn_stale_eagain
[    4.009739]     ok 10 corten_test_lock_range_args
[    4.016773]     ok 11 corten_test_txn_state_machine
[    4.022955]     ok 12 corten_test_txn_atomic_validate
[    4.033276]     ok 13 corten_test_txn_real_glue
[    4.038726]     ok 14 corten_test_txn_mutex_overlap # SKIP need 3 online CPUs for worker placement
[    4.043920]     ok 15 corten_test_txn_mutex_disjoint # SKIP need 3 online CPUs for worker placement
[    4.052567]     ok 16 corten_test_fail_alloc
[    4.059490]     ok 17 corten_test_txn_hole_fill
[    4.065397]     ok 18 corten_test_txn_hole_race # SKIP need 3 online CPUs for worker placement
[    4.069956]     ok 19 corten_test_txn_uninstall_interlock # SKIP need 3 online CPUs for worker placement
[    4.078561]     ok 20 corten_test_uninstall_bh_ctx
[    4.089601] ------------[ cut here ]------------
[    4.098705] WARNING: CPU: 1 PID: 101 at mm/corten.c:864 corten_txn_begin+0x191/0x4b0
[    4.105822] Modules linked in:
[    4.109538] CPU: 1 UID: 0 PID: 101 Comm: kunit_try_catch Tainted: G                 N  6.18.32-gae236ee077ac-dirty #17 PREEMPT(voluntary) 
[    4.121240] Tainted: [N]=TEST
[    4.124058] Hardware name: QEMU Standard PC (i440FX + PIIX, 1996), BIOS 1.15.0-1 04/01/2014
[    4.131524] RIP: 0010:corten_txn_begin+0x191/0x4b0
[    4.136523] Code: 02 00 00 4c 89 ff 48 89 04 24 e8 1a 76 d9 00 4c 89 ff e8 22 78 d9 00 48 8b 04 24 41 0f b6 4f 25 38 48 25 0f 87 65 ff ff ff 90 <0f> 0b 90 41 80 7e 48 04 0f 86 61 ff ff ff 90 0f 0b 90 48 89 c7 e8
[    4.152983] RSP: 0000:ffffbb694043fda0 EFLAGS: 00010246
[    4.158235] RAX: ffff98f102289f00 RBX: 0000000000000fff RCX: 0000000000000002
[    4.165057] RDX: 0000000000000003 RSI: 0000000000000017 RDI: ffff98f10251d000
[    4.172766] RBP: 0000000000000000 R08: ffff98f10243ac00 R09: ffffbb694043fe00
[    4.177155] R10: ffffbb694043fd58 R11: fffff5620008dac0 R12: ffffffff9ce32270
[    4.181681] R13: ffff98f10243ac00 R14: ffffbb694043fe00 R15: ffff98f102289ec0
[    4.188869] FS:  0000000000000000(0000) GS:ffff98f1dfb70000(0000) knlGS:0000000000000000
[    4.196287] CS:  0010 DS: 0000 ES: 0000 CR0: 0000000080050033
[    4.198755] CR2: 0000000000000000 CR3: 0000000016230000 CR4: 00000000000006f0
[    4.207870] Call Trace:
[    4.210789]  <TASK>
[    4.213646]  ? __pfx_kunit_generic_run_threadfn_adapter+0x10/0x10
[    4.221701]  corten_test_txn_path_overflow+0xb5/0x2a0
[    4.226194] input: ImExPS/2 Generic Explorer Mouse as /devices/platform/i8042/serio1/input/input3
[    4.228688]  ? psi_task_switch+0x159/0x290
[    4.237406]  kunit_try_run_case+0x6f/0x150
[    4.240271]  ? __pfx_kunit_generic_run_threadfn_adapter+0x10/0x10
[    4.246455]  kunit_generic_run_threadfn_adapter+0x1c/0x40
[    4.251757]  kthread+0xff/0x1f0
[    4.255318]  ? __pfx_kthread+0x10/0x10
[    4.257262]  ? __pfx_kthread+0x10/0x10
[    4.260743]  ret_from_fork+0x144/0x160
[    4.263649]  ? __pfx_kthread+0x10/0x10
[    4.267326]  ret_from_fork_asm+0x1a/0x30
[    4.271369]  </TASK>
[    4.273619] ---[ end trace 0000000000000000 ]---
[    4.279173] ------------[ cut here ]------------
[    4.281881] WARNING: CPU: 1 PID: 101 at mm/corten.c:811 corten_txn_begin+0x1a0/0x4b0
[    4.287776] Modules linked in:
[    4.292078] CPU: 1 UID: 0 PID: 101 Comm: kunit_try_catch Tainted: G        W        N  6.18.32-gae236ee077ac-dirty #17 PREEMPT(voluntary) 
[    4.302422] Tainted: [W]=WARN, [N]=TEST
[    4.306675] Hardware name: QEMU Standard PC (i440FX + PIIX, 1996), BIOS 1.15.0-1 04/01/2014
[    4.314130] RIP: 0010:corten_txn_begin+0x1a0/0x4b0
[    4.318636] Code: 4c 89 ff e8 22 78 d9 00 48 8b 04 24 41 0f b6 4f 25 38 48 25 0f 87 65 ff ff ff 90 0f 0b 90 41 80 7e 48 04 0f 86 61 ff ff ff 90 <0f> 0b 90 48 89 c7 e8 c5 f5 ff ff 41 0f b6 46 48 84 c0 74 28 83 e8
[    4.332218] RSP: 0000:ffffbb694043fda0 EFLAGS: 00010202
[    4.335762] RAX: ffff98f102289e40 RBX: 0000000000000fff RCX: 0000000000000002
[    4.341982] RDX: 0000000000000003 RSI: 000000000000002b RDI: ffff98f10251d000
[    4.347920] RBP: 0000000000000000 R08: ffff98f10243ac00 R09: ffffbb694043fe00
[    4.354620] R10: ffffbb694043fd58 R11: fffff5620008dac0 R12: ffffffff9ce32270
[    4.361094] R13: ffff98f10243ac00 R14: ffffbb694043fe00 R15: ffff98f102289fc0
[    4.368658] FS:  0000000000000000(0000) GS:ffff98f1dfb70000(0000) knlGS:0000000000000000
[    4.380924] CS:  0010 DS: 0000 ES: 0000 CR0: 0000000080050033
[    4.387341] CR2: 0000000000000000 CR3: 0000000016230000 CR4: 00000000000006f0
[    4.396954] Call Trace:
[    4.399494]  <TASK>
[    4.401119]  ? __pfx_kunit_generic_run_threadfn_adapter+0x10/0x10
[    4.407973]  corten_test_txn_path_overflow+0xb5/0x2a0
[    4.412704]  ? psi_task_switch+0x159/0x290
[    4.416803]  kunit_try_run_case+0x6f/0x150
[    4.421521]  ? __pfx_kunit_generic_run_threadfn_adapter+0x10/0x10
[    4.425264]  kunit_generic_run_threadfn_adapter+0x1c/0x40
[    4.430598]  kthread+0xff/0x1f0
[    4.433204]  ? __pfx_kthread+0x10/0x10
[    4.436272]  ? __pfx_kthread+0x10/0x10
[    4.438657]  ret_from_fork+0x144/0x160
[    4.441679]  ? __pfx_kthread+0x10/0x10
[    4.444902]  ret_from_fork_asm+0x1a/0x30
[    4.446054]  </TASK>
[    4.447483] ---[ end trace 0000000000000000 ]---
[    4.451284] kunit_try_catch (101) used greatest stack depth: 13520 bytes left
[    4.451456]     ok 21 corten_test_txn_path_overflow
[    4.459874]     ok 22 corten_test_txn_child_err
[    4.465157]     ok 23 corten_test_real_huge_leaf
[    4.472095]     ok 24 corten_test_full_window_atomic
[    4.480038]     ok 25 corten_test_debugfs_content
[    4.484761] # corten: pass:20 fail:0 skip:5 total:25
[    4.490251] # Totals: pass:20 fail:0 skip:5 total:25
[    4.494903] ok 1 corten
[    4.501958]     KTAP version 1
[    4.504033]     # Subtest: corten_arena
[    4.508088]     # module: corten_arena_test
[    4.508090]     1..22
[    4.518714]     ok 1 corten_arena_test_declare_reject
[    4.538496]     ok 2 corten_arena_test_declare_reject_flags
[    4.565922]     ok 3 corten_arena_test_declare_query
[    4.585789]     ok 4 corten_arena_test_range_overlaps
[    4.636553]     ok 5 corten_arena_test_release
[    4.644249]     ok 6 corten_arena_test_release_classify
[    4.664580]     ok 7 corten_arena_test_shadow_vma
[    4.696170]     ok 8 corten_arena_test_exit
[    4.703928]     ok 9 corten_arena_test_prctl
[    4.721981]     ok 10 corten_arena_test_mode
[    4.729359]     ok 11 corten_arena_test_auto_classify
[    4.737757]     ok 12 corten_arena_test_auto_place
[    4.754915]     ok 13 corten_arena_test_auto_route
[    4.787346]     ok 14 corten_arena_test_auto_attach_release
[    4.803725]     ok 15 corten_arena_test_mprotect_route
[    4.820891]     ok 16 corten_arena_test_madvise_route
[    4.898085]     ok 17 corten_arena_test_mremap_route
[    4.920332] ------------[ cut here ]------------
[    4.930086] WARNING: CPU: 0 PID: 159 at ./include/linux/rwsem.h:88 corten_arena_fork_demote+0x2ef/0x310
[    4.938503] Modules linked in:
[    4.941441] CPU: 0 UID: 0 PID: 159 Comm: kunit_try_catch Tainted: G        W        N  6.18.32-gae236ee077ac-dirty #17 PREEMPT(voluntary) 
[    4.946646] Tainted: [W]=WARN, [N]=TEST
[    4.948424] Hardware name: QEMU Standard PC (i440FX + PIIX, 1996), BIOS 1.15.0-1 04/01/2014
[    4.954485] RIP: 0010:corten_arena_fork_demote+0x2ef/0x310
[    4.956570] Code: 3a 2a 02 75 2d 8b 44 24 0c 48 83 ec 80 5b 5d 41 5c 41 5d 41 5e 41 5f e9 bf c3 d8 00 c7 44 24 0c a1 ff ff ff e9 85 fe ff ff 90 <0f> 0b 90 e9 5e fd ff ff e8 c4 e5 d7 00 83 7c 24 0c 00 74 8e e9 6b
[    4.974932] RSP: 0000:ffffbb694044fd70 EFLAGS: 00010246
[    4.981701] RAX: 0000000000000000 RBX: ffffbb6940013a88 RCX: ffff98f1010631d0
[    4.989016] RDX: ffff98f101063220 RSI: ffff98f102529380 RDI: ffff98f101062d80
[    4.997432] RBP: ffffbb6940013a88 R08: ffff98f101063220 R09: 0000000000000000
[    5.003668] R10: ffffdb693fd00b30 R11: ffffbb6940035000 R12: ffff98f101325180
[    5.011826] R13: ffff98f101062d80 R14: ffff98f102529a00 R15: ffffbb6940013ac8
[    5.021150] FS:  0000000000000000(0000) GS:ffff98f1dfa70000(0000) knlGS:0000000000000000
[    5.031729] CS:  0010 DS: 0000 ES: 0000 CR0: 0000000080050033
[    5.037001] CR2: 0000100000000000 CR3: 0000000016230000 CR4: 00000000000006f0
[    5.045128] Call Trace:
[    5.048614]  <TASK>
[    5.051588]  ? __percpu_counter_init_many+0xc8/0x100
[    5.058347]  corten_arena_test_fork_demote+0x2f5/0x9d0
[    5.065280]  ? __pfx_kunit_generic_run_threadfn_adapter+0x10/0x10
[    5.073033]  kunit_try_run_case+0x6f/0x150
[    5.077715]  ? __pfx_kunit_generic_run_threadfn_adapter+0x10/0x10
[    5.083947]  kunit_generic_run_threadfn_adapter+0x1c/0x40
[    5.089086]  kthread+0xff/0x1f0
[    5.093051]  ? __pfx_kthread+0x10/0x10
[    5.096926]  ? __pfx_kthread+0x10/0x10
[    5.101265]  ret_from_fork+0x144/0x160
[    5.106758]  ? __pfx_kthread+0x10/0x10
[    5.110261]  ret_from_fork_asm+0x1a/0x30
[    5.113923]  </TASK>
[    5.115941] ---[ end trace 0000000000000000 ]---
[    5.121040] ------------[ cut here ]------------
[    5.125559] WARNING: CPU: 0 PID: 159 at ./include/linux/rwsem.h:88 corten_arena_fork_demote+0x2ef/0x310
[    5.134332] Modules linked in:
[    5.137080] CPU: 0 UID: 0 PID: 159 Comm: kunit_try_catch Tainted: G        W        N  6.18.32-gae236ee077ac-dirty #17 PREEMPT(voluntary) 
[    5.149428] Tainted: [W]=WARN, [N]=TEST
[    5.153244] Hardware name: QEMU Standard PC (i440FX + PIIX, 1996), BIOS 1.15.0-1 04/01/2014
[    5.159864] RIP: 0010:corten_arena_fork_demote+0x2ef/0x310
[    5.165998] Code: 3a 2a 02 75 2d 8b 44 24 0c 48 83 ec 80 5b 5d 41 5c 41 5d 41 5e 41 5f e9 bf c3 d8 00 c7 44 24 0c a1 ff ff ff e9 85 fe ff ff 90 <0f> 0b 90 e9 5e fd ff ff e8 c4 e5 d7 00 83 7c 24 0c 00 74 8e e9 6b
[    5.183360] RSP: 0000:ffffbb694044fd70 EFLAGS: 00010246
[    5.187966] RAX: 0000000000000000 RBX: ffffbb6940013a88 RCX: 0000000000000070
[    5.195966] RDX: 0000000000000000 RSI: ffff98f101063400 RDI: ffff98f101062d80
[    5.203163] RBP: ffffbb6940013a88 R08: 0000000000000001 R09: 0000000000000000
[    5.211149] R10: ffffdb693fd00b60 R11: 00000000000002f4 R12: ffff98f1012e51e0
[    5.218239] R13: ffff98f101062d80 R14: ffff98f102529a00 R15: ffff98f101063400
[    5.225410] FS:  0000000000000000(0000) GS:ffff98f1dfa70000(0000) knlGS:0000000000000000
[    5.233843] CS:  0010 DS: 0000 ES: 0000 CR0: 0000000080050033
[    5.240373] CR2: 0000100000000000 CR3: 0000000016230000 CR4: 00000000000006f0
[    5.245848] Call Trace:
[    5.248401]  <TASK>
[    5.250374]  ? mutex_lock+0xd/0x30
[    5.254745]  corten_arena_test_fork_demote+0x396/0x9d0
[    5.261064]  ? __pfx_kunit_generic_run_threadfn_adapter+0x10/0x10
[    5.266329]  kunit_try_run_case+0x6f/0x150
[    5.270877]  ? __pfx_kunit_generic_run_threadfn_adapter+0x10/0x10
[    5.281219]  kunit_generic_run_threadfn_adapter+0x1c/0x40
[    5.288699]  kthread+0xff/0x1f0
[    5.291309]  ? __pfx_kthread+0x10/0x10
[    5.295393]  ? __pfx_kthread+0x10/0x10
[    5.299181]  ret_from_fork+0x144/0x160
[    5.305344]  ? __pfx_kthread+0x10/0x10
[    5.309373]  ret_from_fork_asm+0x1a/0x30
[    5.313302]  </TASK>
[    5.315700] ---[ end trace 0000000000000000 ]---
[    5.321037] kunit_try_catch (159) used greatest stack depth: 13472 bytes left
[    5.321295]     ok 18 corten_arena_test_fork_demote
[    5.506077]     ok 19 corten_arena_test_concurrent
[    5.633693]     ok 20 corten_arena_test_concurrent_window
[    5.648019]     ok 21 corten_arena_test_obs_ledger
[    5.655734]     ok 22 corten_arena_test_drain_timeout_stat
[    5.660554] # corten_arena: pass:22 fail:0 skip:0 total:22
[    5.667756] # Totals: pass:22 fail:0 skip:0 total:22
[    5.673665] ok 2 corten_arena
[    5.681793]     KTAP version 1
[    5.684486]     # Subtest: corten_fault
[    5.689069]     # module: corten_fault_test
[    5.689076]     1..16
[    5.702178]     ok 1 corten_fault_test_dispatch
[    5.708563]     ok 2 corten_fault_test_unmap_classify
[    5.714124]     ok 3 corten_fault_test_mmap_classify
[    5.736300]     ok 4 corten_fault_test_map_anon
[    5.753558]     ok 5 corten_fault_test_zero_page
[    5.771479]     ok 6 corten_fault_test_sigsegv
[    5.786082]     ok 7 corten_fault_test_fresh_fault
[    5.857837]     ok 8 corten_fault_test_churn_repro
[    5.884043]     ok 9 corten_fault_test_untracked_drift
[    5.899756]     ok 10 corten_fault_test_restore
[    5.918687]     ok 11 corten_fault_test_mprotect_pte
[    5.936841]     ok 12 corten_fault_test_mprotect_fresh
[    5.953167]     ok 13 corten_fault_test_untracked_rearm
[    5.974921]     ok 14 corten_fault_test_fill_upper_race
[    5.988606]     ok 15 corten_fault_test_map_race
[    6.007407]     ok 16 corten_fault_test_chunk_unmap
[    6.013021] # corten_fault: pass:16 fail:0 skip:0 total:16
[    6.019764] # Totals: pass:16 fail:0 skip:0 total:16
[    6.024834] ok 3 corten_fault
[    6.043630] check access for rdinit=/init failed: -2, ignoring
[    6.049896] md: Waiting for all devices to be available before autodetect
[    6.054325] md: If you don't use raid, use raid=noautodetect
[    6.065113] md: Autodetecting RAID arrays.
[    6.068438] md: autorun ...
[    6.072101] md: ... autorun DONE.
[    6.079106] /dev/root: Can't open blockdev
[    6.081817] VFS: Cannot open root device "" or unknown-block(0,0): error -6
[    6.085888] Please append a correct "root=" boot option; here are the available partitions:
[    6.090541] 0b00         1048575 sr0 
[    6.090546]  driver: sr
[    6.094356] List of all bdev filesystems:
[    6.096649]  ext3
[    6.096651]  ext2
[    6.097767]  ext4
[    6.099081]  vfat
[    6.100379]  msdos
[    6.101513]  iso9660
[    6.102843] 
[    6.105259] Kernel panic - not syncing: VFS: Unable to mount root fs on unknown-block(0,0)
[    6.109752] CPU: 0 UID: 0 PID: 1 Comm: swapper/0 Tainted: G        W        N  6.18.32-gae236ee077ac-dirty #17 PREEMPT(voluntary) 
[    6.115952] Tainted: [W]=WARN, [N]=TEST
[    6.118145] Hardware name: QEMU Standard PC (i440FX + PIIX, 1996), BIOS 1.15.0-1 04/01/2014
[    6.120029] Call Trace:
[    6.120796]  <TASK>
[    6.122031]  vpanic+0x34f/0x360
[    6.124317]  panic+0x56/0x60
[    6.125847]  mount_root_generic+0x1ff/0x320
[    6.128654]  prepare_namespace+0x63/0x270
[    6.130747]  kernel_init_freeable+0x29f/0x2f0
[    6.133214]  ? __pfx_kernel_init+0x10/0x10
[    6.135502]  kernel_init+0x15/0x1c0
[    6.137824]  ret_from_fork+0x144/0x160
[    6.139985]  ? __pfx_kernel_init+0x10/0x10
[    6.142163]  ret_from_fork_asm+0x1a/0x30
[    6.144421]  </TASK>
[    6.149150] Kernel Offset: 0x1aa00000 from 0xffffffff81000000 (relocation range: 0xffffffff80000000-0xffffffffbfffffff)
