qemu-system-x86_64: warning: host doesn't support requested feature: CPUID.80000001H:ECX.svm [bit 2]
qemu-system-x86_64: warning: host doesn't support requested feature: CPUID.80000001H:ECX.svm [bit 2]
qemu-system-x86_64: warning: host doesn't support requested feature: CPUID.80000001H:ECX.svm [bit 2]
qemu-system-x86_64: warning: host doesn't support requested feature: CPUID.80000001H:ECX.svm [bit 2]
c[?7l[2J[0mSeaBIOS (version 1.15.0-1)


iPXE (https://ipxe.org) 00:03.0 CA00 PCI2.10 PnP PMM+7FF8B310+7FECB310 CA00
Press Ctrl-B to configure iPXE (PCI 00:03.0)...                                                                               


Booting from ROM...
c[?7l[2J[    0.000000] Linux version 6.18.32-g025756094542-dirty (ppw@vm) (gcc (Ubuntu 11.4.0-1ubuntu1~22.04.3) 11.4.0, GNU ld (GNU Binutils for Ubuntu) 2.38) #10 SMP PREEMPT_DYNAMIC Fri Sep 18 16:39:28 CST 2026
[    0.000000] Command line: console=ttyS0 panic=-1 corten=on kunit.filter_glob=corten*
[    0.000000] x86/CPU: Model not found in latest microcode list
[    0.000000] BIOS-provided physical RAM map:
[    0.000000] BIOS-e820: [mem 0x0000000000000000-0x000000000009fbff] usable
[    0.000000] BIOS-e820: [mem 0x000000000009fc00-0x000000000009ffff] reserved
[    0.000000] BIOS-e820: [mem 0x00000000000f0000-0x00000000000fffff] reserved
[    0.000000] BIOS-e820: [mem 0x0000000000100000-0x000000007ffdffff] usable
[    0.000000] BIOS-e820: [mem 0x000000007ffe0000-0x000000007fffffff] reserved
[    0.000000] BIOS-e820: [mem 0x00000000feffc000-0x00000000feffffff] reserved
[    0.000000] BIOS-e820: [mem 0x00000000fffc0000-0x00000000ffffffff] reserved
[    0.000000] NX (Execute Disable) protection: active
[    0.000000] APIC: Static calls initialized
[    0.000000] SMBIOS 2.8 present.
[    0.000000] DMI: QEMU Standard PC (i440FX + PIIX, 1996), BIOS 1.15.0-1 04/01/2014
[    0.000000] DMI: Memory slots populated: 1/1
[    0.000000] Hypervisor detected: KVM
[    0.000000] last_pfn = 0x7ffe0 max_arch_pfn = 0x400000000
[    0.000000] kvm-clock: Using msrs 4b564d01 and 4b564d00
[    0.000005] kvm-clock: using sched offset of 5347452688 cycles
[    0.000009] clocksource: kvm-clock: mask: 0xffffffffffffffff max_cycles: 0x1cd42e4dffb, max_idle_ns: 881590591483 ns
[    0.000021] tsc: Detected 2419.196 MHz processor
[    0.004682] last_pfn = 0x7ffe0 max_arch_pfn = 0x400000000
[    0.005310] MTRR map: 4 entries (3 fixed + 1 variable; max 19), built from 8 variable MTRRs
[    0.005334] x86/PAT: Configuration [0-7]: WB  WC  UC- UC  WB  WP  UC- WT  
[    0.018991] found SMP MP-table at [mem 0x000f5ba0-0x000f5baf]
[    0.019593] ACPI: Early table checksum verification disabled
[    0.019602] ACPI: RSDP 0x00000000000F59E0 000014 (v00 BOCHS )
[    0.019798] ACPI: RSDT 0x000000007FFE1A1C 000034 (v01 BOCHS  BXPC     00000001 BXPC 00000001)
[    0.019813] ACPI: FACP 0x000000007FFE18B8 000074 (v01 BOCHS  BXPC     00000001 BXPC 00000001)
[    0.019923] ACPI: DSDT 0x000000007FFE0040 001878 (v01 BOCHS  BXPC     00000001 BXPC 00000001)
[    0.019932] ACPI: FACS 0x000000007FFE0000 000040
[    0.019937] ACPI: APIC 0x000000007FFE192C 000090 (v01 BOCHS  BXPC     00000001 BXPC 00000001)
[    0.019944] ACPI: HPET 0x000000007FFE19BC 000038 (v01 BOCHS  BXPC     00000001 BXPC 00000001)
[    0.019950] ACPI: WAET 0x000000007FFE19F4 000028 (v01 BOCHS  BXPC     00000001 BXPC 00000001)
[    0.019954] ACPI: Reserving FACP table memory at [mem 0x7ffe18b8-0x7ffe192b]
[    0.019958] ACPI: Reserving DSDT table memory at [mem 0x7ffe0040-0x7ffe18b7]
[    0.019960] ACPI: Reserving FACS table memory at [mem 0x7ffe0000-0x7ffe003f]
[    0.019962] ACPI: Reserving APIC table memory at [mem 0x7ffe192c-0x7ffe19bb]
[    0.019964] ACPI: Reserving HPET table memory at [mem 0x7ffe19bc-0x7ffe19f3]
[    0.019965] ACPI: Reserving WAET table memory at [mem 0x7ffe19f4-0x7ffe1a1b]
[    0.023012] No NUMA configuration found
[    0.023021] Faking a node at [mem 0x0000000000000000-0x000000007ffdffff]
[    0.023038] NODE_DATA(0) allocated [mem 0x7ffdbe40-0x7ffdffff]
[    0.024686] Zone ranges:
[    0.024688]   DMA      [mem 0x0000000000001000-0x0000000000ffffff]
[    0.024694]   DMA32    [mem 0x0000000001000000-0x000000007ffdffff]
[    0.024697]   Normal   empty
[    0.024699] Movable zone start for each node
[    0.024701] Early memory node ranges
[    0.024702]   node   0: [mem 0x0000000000001000-0x000000000009efff]
[    0.024705]   node   0: [mem 0x0000000000100000-0x000000007ffdffff]
[    0.024709] Initmem setup node 0 [mem 0x0000000000001000-0x000000007ffdffff]
[    0.026709] On node 0, zone DMA: 1 pages in unavailable ranges
[    0.034558] On node 0, zone DMA: 97 pages in unavailable ranges
[    1.652190] On node 0, zone DMA32: 32 pages in unavailable ranges
[    1.661013] ACPI: PM-Timer IO Port: 0x608
[    1.661188] ACPI: LAPIC_NMI (acpi_id[0xff] dfl dfl lint[0x1])
[    1.667688] IOAPIC[0]: apic_id 0, version 17, address 0xfec00000, GSI 0-23
[    1.667715] ACPI: INT_SRC_OVR (bus 0 bus_irq 0 global_irq 2 dfl dfl)
[    1.667742] ACPI: INT_SRC_OVR (bus 0 bus_irq 5 global_irq 5 high level)
[    1.667743] ACPI: INT_SRC_OVR (bus 0 bus_irq 9 global_irq 9 high level)
[    1.667744] ACPI: INT_SRC_OVR (bus 0 bus_irq 10 global_irq 10 high level)
[    1.667745] ACPI: INT_SRC_OVR (bus 0 bus_irq 11 global_irq 11 high level)
[    1.667768] ACPI: Using ACPI (MADT) for SMP configuration information
[    1.667769] ACPI: HPET id: 0x8086a201 base: 0xfed00000
[    1.667892] CPU topo: Max. logical packages:   1
[    1.667894] CPU topo: Max. logical dies:       1
[    1.667895] CPU topo: Max. dies per package:   1
[    1.667897] CPU topo: Max. threads per core:   1
[    1.667898] CPU topo: Num. cores per package:     4
[    1.667899] CPU topo: Num. threads per package:   4
[    1.667899] CPU topo: Allowing 4 present CPUs plus 0 hotplug CPUs
[    1.670253] kvm-guest: APIC: eoi() replaced with kvm_guest_apic_eoi_write()
[    1.671312] PM: hibernation: Registered nosave memory: [mem 0x00000000-0x00000fff]
[    1.671318] PM: hibernation: Registered nosave memory: [mem 0x0009f000-0x000fffff]
[    1.671325] [mem 0x80000000-0xfeffbfff] available for PCI devices
[    1.671511] Booting paravirtualized kernel on KVM
[    1.672443] clocksource: refined-jiffies: mask: 0xffffffff max_cycles: 0xffffffff, max_idle_ns: 1910969940391419 ns
[    1.699723] setup_percpu: NR_CPUS:64 nr_cpumask_bits:4 nr_cpu_ids:4 nr_node_ids:1
[    1.799959] percpu: Embedded 54 pages/cpu s184080 r8192 d28912 u524288
[    1.801697] Kernel command line: console=ttyS0 panic=-1 corten=on kunit.filter_glob=corten*
[    1.811697] corten: requested on, activating at initcall time
[    1.811993] printk: log buffer data + meta data: 262144 + 917504 = 1179648 bytes
[    1.938839] Dentry cache hash table entries: 262144 (order: 9, 2097152 bytes, linear)
[    1.990994] Inode-cache hash table entries: 131072 (order: 8, 1048576 bytes, linear)
[    1.996776] Fallback order for Node 0: 0 
[    1.996859] Built 1 zonelists, mobility grouping on.  Total pages: 524158
[    1.996864] Policy zone: DMA32
[    1.996873] mem auto-init: stack:off, heap alloc:off, heap free:off
[    2.027088] SLUB: HWalign=64, Order=0-3, MinObjects=0, CPUs=4, Nodes=1
[    2.030952] Kernel/User page tables isolation: enabled
[    2.078108] Dynamic Preempt: voluntary
[    2.087804] Running RCU self tests
[    2.087810] Running RCU synchronous self tests
[    2.087813] rcu: Preemptible hierarchical RCU implementation.
[    2.087814] rcu: 	RCU event tracing is enabled.
[    2.087815] rcu: 	RCU lockdep checking is enabled.
[    2.087816] rcu: 	RCU restricting CPUs from NR_CPUS=64 to nr_cpu_ids=4.
[    2.087821] 	Trampoline variant of Tasks RCU enabled.
[    2.087822] 	Tracing variant of Tasks RCU enabled.
[    2.087824] rcu: RCU calculated value of scheduler-enlistment delay is 100 jiffies.
[    2.087826] rcu: Adjusting geometry for rcu_fanout_leaf=16, nr_cpu_ids=4
[    2.089023] Running RCU synchronous self tests
[    2.089034] RCU Tasks: Setting shift to 2 and lim to 1 rcu_task_cb_adjust=1 rcu_task_cpu_ids=4.
[    2.089041] RCU Tasks Trace: Setting shift to 2 and lim to 1 rcu_task_cb_adjust=1 rcu_task_cpu_ids=4.
[    2.125313] NR_IRQS: 4352, nr_irqs: 456, preallocated irqs: 16
[    2.129654] rcu: srcu_init: Setting srcu_struct sizes based on contention.
[    2.218561] Console: colour VGA+ 80x25
[    2.219309] printk: legacy console [ttyS0] enabled
[    2.947115] Lock dependency validator: Copyright (c) 2006 Red Hat, Inc., Ingo Molnar
[    2.956270] ... MAX_LOCKDEP_SUBCLASSES:  8
[    2.962735] ... MAX_LOCK_DEPTH:          48
[    2.968566] ... MAX_LOCKDEP_KEYS:        8192
[    2.975910] ... CLASSHASH_SIZE:          4096
[    2.979290] ... MAX_LOCKDEP_ENTRIES:     32768
[    2.982588] ... MAX_LOCKDEP_CHAINS:      65536
[    2.984677] ... CHAINHASH_SIZE:          32768
[    2.988098]  memory used by lock dependency info: 6429 kB
[    2.994998]  memory used for stack traces: 4224 kB
[    2.998851]  per task-struct memory footprint: 1920 bytes
[    3.007761] ACPI: Core revision 20250807
[    3.015547] clocksource: hpet: mask: 0xffffffff max_cycles: 0xffffffff, max_idle_ns: 19112604467 ns
[    3.032013] APIC: Switch to symmetric I/O mode setup
[    3.047777] x2apic enabled
[    3.059187] APIC: Switched APIC routing to: physical x2apic
[    3.097186] ..TIMER: vector=0x30 apic1=0 pin1=2 apic2=-1 pin2=-1
[    3.104108] clocksource: tsc-early: mask: 0xffffffffffffffff max_cycles: 0x22df0d21928, max_idle_ns: 440795225288 ns
[    3.117087] Calibrating delay loop (skipped) preset value.. 4838.39 BogoMIPS (lpj=2419196)
[    3.121050] Last level iTLB entries: 4KB 0, 2MB 0, 4MB 0
[    3.121067] Last level dTLB entries: 4KB 0, 2MB 0, 4MB 0, 1GB 0
[    3.122097] mitigations: Enabled attack vectors: user_kernel, user_user, SMT mitigations: auto
[    3.123074] Speculative Store Bypass: Vulnerable
[    3.124079] Spectre V2 : Mitigation: Retpolines
[    3.125060] ITS: Mitigation: Aligned branch/return thunks
[    3.126065] MDS: Vulnerable: Clear CPU buffers attempted, no microcode
[    3.127068] Spectre V1 : Mitigation: usercopy/swapgs barriers and __user pointer sanitization
[    3.128081] Spectre V2 : Spectre v2 / SpectreRSB: Filling RSB on context switch and VMEXIT
[    3.129072] active return thunk: its_return_thunk
[    3.130321] x86/fpu: x87 FPU will use FXSAVE
[    3.254065] Freeing SMP alternatives memory: 52K
[    3.256278] pid_max: default: 32768 minimum: 301
[    3.259580] LSM: initializing lsm=capability,selinux
[    3.260885] SELinux:  Initializing.
[    3.266665] Mount-cache hash table entries: 4096 (order: 3, 32768 bytes, linear)
[    3.267528] Mountpoint-cache hash table entries: 4096 (order: 3, 32768 bytes, linear)
[    3.302321] Running RCU synchronous self tests
[    3.303073] Running RCU synchronous self tests
[    3.390050] smpboot: CPU0: Intel QEMU Virtual CPU version 2.5+ (family: 0xf, model: 0x6b, stepping: 0x1)
[    3.406545] Performance Events: unsupported Netburst CPU model 107 no PMU driver, software events only.
[    3.408755] signal: max sigframe size: 1440
[    3.410314] rcu: Hierarchical SRCU implementation.
[    3.411076] rcu: 	Max phase no-delay instances is 400.
[    3.419168] Timer migration: 1 hierarchy levels; 8 children per group; 1 crossnode level
[    3.429616] corten: page descriptors enabled
[    3.435383] smp: Bringing up secondary CPUs ...
[    3.445698] smpboot: x86: Booting SMP configuration:
[    3.446065] .... node  #0, CPUs:      #1 #2 #3
[    3.482808] smp: Brought up 1 node, 4 CPUs
[    3.484071] smpboot: Total of 4 processors activated (19353.56 BogoMIPS)
[    3.489553] Memory: 1997020K/2096632K available (20646K kernel code, 3259K rwdata, 8316K rodata, 3328K init, 11616K bss, 94788K reserved, 0K cma-reserved)
[    3.499620] devtmpfs: initialized
[    3.523445] Running RCU synchronous self tests
[    3.524214] Running RCU synchronous self tests
[    3.532058] Running RCU Tasks wait API self tests
[    3.536062] Running RCU Tasks Trace wait API self tests
[    3.551296] clocksource: jiffies: mask: 0xffffffff max_cycles: 0xffffffff, max_idle_ns: 1911260446275000 ns
[    3.553146] posixtimers hash table entries: 2048 (order: 6, 147456 bytes, linear)
[    3.568247] futex hash table entries: 1024 (131072 bytes on 1 NUMA nodes, total 128 KiB, linear).
[    3.572093] Callback from call_rcu_tasks_trace() invoked.
[    3.574864] PM: RTC time: 08:44:11, date: 2026-09-18
[    3.584192] NET: Registered PF_NETLINK/PF_ROUTE protocol family
[    3.590485] audit: initializing netlink subsys (disabled)
[    3.597100] audit: type=2000 audit(1789721050.692:1): state=initialized audit_enabled=0 res=1
[    3.600425] thermal_sys: Registered thermal governor 'step_wise'
[    3.601386] cpuidle: using governor menu
[    3.607050] PCI: Using configuration type 1 for base access
[    3.609597] kprobes: kprobe jump-optimization is enabled. All kprobes are optimized if possible.
[    3.622050] HugeTLB: registered 2.00 MiB page size, pre-allocated 0 pages
[    3.627064] HugeTLB: 28 KiB vmemmap can be freed for a 2.00 MiB page
[    3.653616] ACPI: Added _OSI(Module Device)
[    3.654072] ACPI: Added _OSI(Processor Device)
[    3.657072] ACPI: Added _OSI(Processor Aggregator Device)
[    3.673247] ACPI: 1 ACPI AML tables successfully acquired and loaded
[    3.706675] ACPI: Interpreter enabled
[    3.708103] ACPI: PM: (supports S0 S3 S4 S5)
[    3.709098] ACPI: Using IOAPIC for interrupt routing
[    3.712078] PCI: Using host bridge windows from ACPI; if necessary, use "pci=nocrs" and report a bug
[    3.713055] PCI: Using E820 reservations for host bridge windows
[    3.716612] ACPI: Enabled 2 GPEs in block 00 to 0F
[    3.769260] ACPI: PCI Root Bridge [PCI0] (domain 0000 [bus 00-ff])
[    3.770091] acpi PNP0A03:00: _OSC: OS supports [ASPM ClockPM Segments MSI HPX-Type3]
[    3.771072] acpi PNP0A03:00: _OSC: not requesting OS control; OS requires [ExtendedConfig ASPM ClockPM MSI]
[    3.773103] acpi PNP0A03:00: fail to add MMCONFIG information, can't access extended configuration space under this bridge
[    3.776216] PCI host bridge to bus 0000:00
[    3.778113] pci_bus 0000:00: root bus resource [io  0x0000-0x0cf7 window]
[    3.779065] pci_bus 0000:00: root bus resource [io  0x0d00-0xffff window]
[    3.780075] pci_bus 0000:00: root bus resource [mem 0x000a0000-0x000bffff window]
[    3.782060] pci_bus 0000:00: root bus resource [mem 0x80000000-0xfebfffff window]
[    3.783057] pci_bus 0000:00: root bus resource [mem 0x100000000-0x17fffffff window]
[    3.784062] pci_bus 0000:00: root bus resource [bus 00-ff]
[    3.786284] pci 0000:00:00.0: [8086:1237] type 00 class 0x060000 conventional PCI endpoint
[    3.793379] pci 0000:00:01.0: [8086:7000] type 00 class 0x060100 conventional PCI endpoint
[    3.798969] pci 0000:00:01.1: [8086:7010] type 00 class 0x010180 conventional PCI endpoint
[    3.804378] pci 0000:00:01.1: BAR 4 [io  0xc040-0xc04f]
[    3.805174] pci 0000:00:01.1: BAR 0 [io  0x01f0-0x01f7]: legacy IDE quirk
[    3.806070] pci 0000:00:01.1: BAR 1 [io  0x03f6]: legacy IDE quirk
[    3.807077] pci 0000:00:01.1: BAR 2 [io  0x0170-0x0177]: legacy IDE quirk
[    3.808080] pci 0000:00:01.1: BAR 3 [io  0x0376]: legacy IDE quirk
[    3.811460] pci 0000:00:01.3: [8086:7113] type 00 class 0x068000 conventional PCI endpoint
[    3.815050] pci 0000:00:01.3: quirk: [io  0x0600-0x063f] claimed by PIIX4 ACPI
[    3.815234] pci 0000:00:01.3: quirk: [io  0x0700-0x070f] claimed by PIIX4 SMB
[    3.818752] pci 0000:00:02.0: [1234:1111] type 00 class 0x030000 conventional PCI endpoint
[    3.834266] pci 0000:00:02.0: BAR 0 [mem 0xfd000000-0xfdffffff pref]
[    3.836123] pci 0000:00:02.0: BAR 2 [mem 0xfebb0000-0xfebb0fff]
[    3.837338] pci 0000:00:02.0: ROM [mem 0xfeba0000-0xfebaffff pref]
[    3.849250] pci 0000:00:02.0: Video device with shadowed ROM at [mem 0x000c0000-0x000dffff]
[    3.907470] pci 0000:00:03.0: [8086:100e] type 00 class 0x020000 conventional PCI endpoint
[    3.912058] pci 0000:00:03.0: BAR 0 [mem 0xfeb80000-0xfeb9ffff]
[    3.913139] pci 0000:00:03.0: BAR 1 [io  0xc000-0xc03f]
[    3.915383] pci 0000:00:03.0: ROM [mem 0xfeb00000-0xfeb7ffff pref]
[    3.942758] ACPI: PCI: Interrupt link LNKA configured for IRQ 10
[    3.944335] ACPI: PCI: Interrupt link LNKB configured for IRQ 10
[    3.946384] ACPI: PCI: Interrupt link LNKC configured for IRQ 11
[    3.949081] ACPI: PCI: Interrupt link LNKD configured for IRQ 11
[    3.951202] ACPI: PCI: Interrupt link LNKS configured for IRQ 9
[    3.961286] Callback from call_rcu_tasks() invoked.
[    3.992057] iommu: Default domain type: Translated
[    3.993067] iommu: DMA domain TLB invalidation policy: lazy mode
[    4.028706] SCSI subsystem initialized
[    4.046505] ACPI: bus type USB registered
[    4.048589] usbcore: registered new interface driver usbfs
[    4.049142] usbcore: registered new interface driver hub
[    4.050107] usbcore: registered new device driver usb
[    4.053091] pps_core: LinuxPPS API ver. 1 registered
[    4.054074] pps_core: Software ver. 5.3.6 - Copyright 2005-2007 Rodolfo Giometti <giometti@linux.it>
[    4.055105] PTP clock support registered
[    4.064398] Advanced Linux Sound Architecture Driver Initialized.
[    4.102067] NetLabel: Initializing
[    4.103066] NetLabel:  domain hash size = 128
[    4.105054] NetLabel:  protocols = UNLABELED CIPSOv4 CALIPSO
[    4.107178] NetLabel:  unlabeled traffic allowed by default
[    4.121400] PCI: Using ACPI for IRQ routing
[    4.125282] pci 0000:00:02.0: vgaarb: setting as boot VGA device
[    4.126050] pci 0000:00:02.0: vgaarb: bridge control possible
[    4.126050] pci 0000:00:02.0: vgaarb: VGA device added: decodes=io+mem,owns=io+mem,locks=none
[    4.126064] vgaarb: loaded
[    4.138070] hpet: 3 channels of 0 reserved for per-cpu timers
[    4.140062] hpet0: at MMIO 0xfed00000, IRQs 2, 8, 0
[    4.141063] hpet0: 3 comparators, 64-bit 100.000000 MHz counter
[    4.154254] clocksource: Switched to clocksource kvm-clock
[    4.258020] VFS: Disk quotas dquot_6.6.0
[    4.263235] VFS: Dquot-cache hash table entries: 512 (order 0, 4096 bytes)
[    4.296817] pnp: PnP ACPI init
[    4.306580] pnp: PnP ACPI: found 6 devices
[    4.473986] clocksource: acpi_pm: mask: 0xffffff max_cycles: 0xffffff, max_idle_ns: 2085701024 ns
[    4.487027] NET: Registered PF_INET protocol family
[    4.518220] IP idents hash table entries: 32768 (order: 6, 262144 bytes, linear)
[    4.619665] tcp_listen_portaddr_hash hash table entries: 1024 (order: 5, 73728 bytes, linear)
[    4.637427] Table-perturb hash table entries: 65536 (order: 6, 262144 bytes, linear)
[    4.641876] kwatchdog (53) used greatest stack depth: 14776 bytes left
[    4.644482] TCP established hash table entries: 16384 (order: 5, 131072 bytes, linear)
[    4.655193] TCP bind hash table entries: 16384 (order: 10, 2359296 bytes, linear)
[    4.813170] TCP: Hash tables configured (established 16384 bind 16384)
[    4.846179] UDP hash table entries: 1024 (order: 6, 262144 bytes, linear)
[    4.869657] UDP-Lite hash table entries: 1024 (order: 6, 262144 bytes, linear)
[    4.901973] NET: Registered PF_UNIX/PF_LOCAL protocol family
[    4.966182] RPC: Registered named UNIX socket transport module.
[    4.973454] RPC: Registered udp transport module.
[    4.978893] RPC: Registered tcp transport module.
[    4.982846] RPC: Registered tcp-with-tls transport module.
[    4.986074] RPC: Registered tcp NFSv4.1 backchannel transport module.
[    5.001854] pci_bus 0000:00: resource 4 [io  0x0000-0x0cf7 window]
[    5.005182] pci_bus 0000:00: resource 5 [io  0x0d00-0xffff window]
[    5.012134] pci_bus 0000:00: resource 6 [mem 0x000a0000-0x000bffff window]
[    5.020157] pci_bus 0000:00: resource 7 [mem 0x80000000-0xfebfffff window]
[    5.029694] pci_bus 0000:00: resource 8 [mem 0x100000000-0x17fffffff window]
[    5.040148] pci 0000:00:01.0: PIIX3: Enabling Passive Release
[    5.043943] pci 0000:00:00.0: Limiting direct PCI/PCI transfers
[    5.047678] PCI: CLS 0 bytes, default 64
[    5.054265] clocksource: tsc: mask: 0xffffffffffffffff max_cycles: 0x22df0d21928, max_idle_ns: 440795225288 ns
[    5.146633] Initialise system trusted keyrings
[    5.158791] workingset: timestamp_bits=40 max_order=19 bucket_order=0
[    5.200943] NFS: Registering the id_resolver key type
[    5.208455] Key type id_resolver registered
[    5.213625] Key type id_legacy registered
[    5.221129] 9p: Installing v9fs 9p2000 file system support
[    5.301044] Key type asymmetric registered
[    5.305653] Asymmetric key parser 'x509' registered
[    5.314010] Block layer SCSI generic (bsg) driver version 0.4 loaded (major 251)
[    5.322070] io scheduler mq-deadline registered
[    5.325623] io scheduler kyber registered
[    5.336442] input: Power Button as /devices/LNXSYSTM:00/LNXPWRBN:00/input/input0
[    5.344770] ACPI: button: Power Button [PWRF]
[    5.361763] Serial: 8250/16550 driver, 4 ports, IRQ sharing enabled
[    5.380518] 00:04: ttyS0 at I/O 0x3f8 (irq = 4, base_baud = 115200) is a 16550A
[    5.408614] Non-volatile memory driver v1.3
[    5.413019] Linux agpgart interface v0.103
[    5.718026] ACPI: bus type drm_connector registered
[    5.946782] loop: module loaded
[    5.952530] zram: Added device: zram0
[    5.976101] scsi host0: ata_piix
[    6.014995] scsi host1: ata_piix
[    6.019470] ata1: PATA max MWDMA2 cmd 0x1f0 ctl 0x3f6 bmdma 0xc040 irq 14 lpm-pol 0
[    6.027424] ata2: PATA max MWDMA2 cmd 0x170 ctl 0x376 bmdma 0xc048 irq 15 lpm-pol 0
[    6.045853] e100: Intel(R) PRO/100 Network Driver
[    6.050607] e100: Copyright(c) 1999-2006 Intel Corporation
[    6.059286] e1000: Intel(R) PRO/1000 Network Driver
[    6.066660] e1000: Copyright (c) 1999-2006 Intel Corporation.
[    6.199025] ata2: found unknown device (class 0)
[    6.210823] ata2.00: ATAPI: QEMU DVD-ROM, 2.5+, max UDMA/100
[    6.247437] scsi 1:0:0:0: CD-ROM            QEMU     QEMU DVD-ROM     2.5+ PQ: 0 ANSI: 5
[    6.313556] sr 1:0:0:0: [sr0] scsi3-mmc drive: 4x/4x cd/rw xa/form2 tray
[    6.320613] cdrom: Uniform CD-ROM driver Revision: 3.20
[    6.337990] ACPI: \_SB_.LNKC: Enabled at IRQ 11
[    6.370266] sr 1:0:0:0: Attached scsi generic sg0 type 5
[    7.504870] e1000 0000:00:03.0 eth0: (PCI:33MHz:32-bit) 52:54:00:12:34:56
[    7.511978] e1000 0000:00:03.0 eth0: Intel(R) PRO/1000 Network Connection
[    7.519018] e1000e: Intel(R) PRO/1000 Network Driver
[    7.523831] e1000e: Copyright(c) 1999 - 2015 Intel Corporation.
[    7.530286] sky2: driver version 1.30
[    7.545067] usbcore: registered new interface driver usblp
[    7.552128] usbcore: registered new interface driver usb-storage
[    7.563292] i8042: PNP: PS/2 Controller [PNP0303:KBD,PNP0f13:MOU] at 0x60,0x64 irq 1,12
[    7.591815] serio: i8042 KBD port at 0x60,0x64 irq 1
[    7.598043] serio: i8042 AUX port at 0x60,0x64 irq 12
[    7.622989] rtc_cmos 00:05: RTC can wake from S4
[    7.635039] input: AT Translated Set 2 keyboard as /devices/platform/i8042/serio0/input/input1
[    7.646154] rtc_cmos 00:05: registered as rtc0
[    7.654304] rtc_cmos 00:05: alarms up to one day, y3k, 242 bytes nvram, hpet irqs
[    7.669279] device-mapper: ioctl: 4.50.0-ioctl (2025-04-28) initialised: dm-devel@lists.linux.dev
[    7.690118] intel_pstate: CPU model not supported
[    7.696118] hid: raw HID events driver (C) Jiri Kosina
[    7.717233] usbcore: registered new interface driver usbhid
[    7.726770] usbhid: USB HID core driver
[    7.820697] Initializing XFRM netlink socket
[    7.828940] NET: Registered PF_INET6 protocol family
[    7.867740] Segment Routing with IPv6
[    7.873105] In-situ OAM (IOAM) with IPv6
[    7.880619] sit: IPv6, IPv4 and MPLS over IPv4 tunneling driver
[    7.893836] NET: Registered PF_PACKET protocol family
[    7.903324] 9pnet: Installing 9P2000 support
[    7.910075] Key type dns_resolver registered
[    7.934166] IPI shorthand broadcast: enabled
[    8.078075] sched_clock: Marking stable (7106228345, 971245227)->(9145814849, -1068341277)
[    8.093942] registered taskstats version 1
[    8.098963] Loading compiled-in X.509 certificates
[    8.202689] input: ImExPS/2 Generic Explorer Mouse as /devices/platform/i8042/serio1/input/input3
[    8.235035] Demotion targets for Node 0: null
[    8.245282] PM:   Magic number: 10:901:725
[    8.250032] block loop5: hash matches
[    8.255441] netconsole: network logging started
[    8.263647] cfg80211: Loading compiled-in X.509 certificates for regulatory database
[    8.291147] kworker/u16:1 (72) used greatest stack depth: 12952 bytes left
[    8.306191] Loaded X.509 cert 'sforshee: 00b28ddf47aef9cea7'
[    8.314685] Loaded X.509 cert 'wens: 61c038651aabdcf94bd0ac7ff06c7248db18c600'
[    8.324887] ALSA device list:
[    8.327989]   No soundcards found.
[    8.329286] faux_driver regulatory: Direct firmware load for regulatory.db failed with error -2
[    8.331898] KTAP version 1
[    8.340979] cfg80211: failed to load regulatory.db
[    8.343215] 1..3
[    8.352258]     KTAP version 1
[    8.355410]     # Subtest: corten
[    8.359081]     # module: corten_test
[    8.359091]     1..25
[    8.371944]     ok 1 corten_test_layout # SKIP corten=on boot
[    8.380953]     ok 2 corten_test_ptdesc_get_put
[    8.392646]     ok 3 corten_test_meta_roundtrip
[    8.402581]     ok 4 corten_test_meta_reinit_cleared
[    8.409960]     ok 5 corten_test_covering_level
[    8.418693]     ok 6 corten_test_covering_base_index
[    8.429044]     ok 7 corten_test_txn_covering
[    8.439583]     ok 8 corten_test_txn_hole
[    8.449401]     ok 9 corten_test_txn_stale_eagain
[    8.458857]     ok 10 corten_test_lock_range_args
[    8.474735]     ok 11 corten_test_txn_state_machine
[    8.489017]     ok 12 corten_test_txn_atomic_validate
[    8.505279]     ok 13 corten_test_txn_real_glue
[    8.606808]     ok 14 corten_test_txn_mutex_overlap
[    8.663230]     ok 15 corten_test_txn_mutex_disjoint
[    8.679077]     ok 16 corten_test_fail_alloc
[    8.691866]     ok 17 corten_test_txn_hole_fill
[    8.696571]     ok 18 corten_test_txn_hole_race
[    8.930548]     ok 19 corten_test_txn_uninstall_interlock
[    8.941047]     ok 20 corten_test_uninstall_bh_ctx
[    8.951913] ------------[ cut here ]------------
[    8.963376] WARNING: CPU: 3 PID: 124 at mm/corten.c:864 corten_txn_begin+0x191/0x4b0
[    8.972365] Modules linked in:
[    8.976134] CPU: 3 UID: 0 PID: 124 Comm: kunit_try_catch Tainted: G                 N  6.18.32-g025756094542-dirty #10 PREEMPT(voluntary) 
[    8.992271] Tainted: [N]=TEST
[    8.995211] Hardware name: QEMU Standard PC (i440FX + PIIX, 1996), BIOS 1.15.0-1 04/01/2014
[    9.003396] RIP: 0010:corten_txn_begin+0x191/0x4b0
[    9.008625] Code: 02 00 00 4c 89 ff 48 89 04 24 e8 fa 86 ec 00 4c 89 ff e8 f2 80 ec 00 48 8b 04 24 41 0f b6 4f 5d 38 48 5d 0f 87 65 ff ff ff 90 <0f> 0b 90 41 80 7e 48 04 0f 86 61 ff ff ff 90 0f 0b 90 48 89 c7 e8
[    9.029798] RSP: 0000:ffffad85003cfda0 EFLAGS: 00010246
[    9.036487] RAX: ffff8d9443485a80 RBX: 0000000000000fff RCX: 0000000000000002
[    9.042642] RDX: 0000000000000001 RSI: ffffffffa17613a0 RDI: ffff8d9441d35a80
[    9.047697] RBP: 0000000000000000 R08: 0000000000000001 R09: 0000000000000000
[    9.054713] R10: 0000000000000050 R11: 0000000000000000 R12: ffffffffa0c327b0
[    9.061892] R13: ffff8d9441a25200 R14: ffffad85003cfe00 R15: ffff8d9443485a00
[    9.069457] FS:  0000000000000000(0000) GS:ffff8d951bb14000(0000) knlGS:0000000000000000
[    9.077617] CS:  0010 DS: 0000 ES: 0000 CR0: 0000000080050033
[    9.082532] CR2: 0000000000000000 CR3: 000000006084c000 CR4: 00000000000006f0
[    9.088893] Call Trace:
[    9.091167]  <TASK>
[    9.093403]  ? __pfx_kunit_generic_run_threadfn_adapter+0x10/0x10
[    9.099730]  corten_test_txn_path_overflow+0xb5/0x2a0
[    9.104131]  ? kunit_try_run_case+0x63/0x150
[    9.108014]  kunit_try_run_case+0x6f/0x150
[    9.111479]  ? __pfx_kunit_generic_run_threadfn_adapter+0x10/0x10
[    9.115840]  kunit_generic_run_threadfn_adapter+0x1c/0x40
[    9.120421]  kthread+0x102/0x200
[    9.123484]  ? __pfx_kthread+0x10/0x10
[    9.127724]  ret_from_fork+0x1ed/0x240
[    9.132686]  ? __pfx_kthread+0x10/0x10
[    9.136972]  ret_from_fork_asm+0x1a/0x30
[    9.142544]  </TASK>
[    9.145169] irq event stamp: 390
[    9.150471] hardirqs last  enabled at (400): [<ffffffff9f93af6d>] __up_console_sem+0x4d/0x60
[    9.164299] hardirqs last disabled at (409): [<ffffffff9f93af52>] __up_console_sem+0x32/0x60
[    9.176572] softirqs last  enabled at (46): [<ffffffff9fb5b29c>] corten_ptdesc_install+0x11c/0x170
[    9.194989] softirqs last disabled at (48): [<ffffffff9fb5b798>] corten_txn_begin+0x78/0x4b0
[    9.204161] ---[ end trace 0000000000000000 ]---
[    9.216169] ------------[ cut here ]------------
[    9.221236] WARNING: CPU: 3 PID: 124 at mm/corten.c:811 corten_txn_begin+0x1a0/0x4b0
[    9.232972] Modules linked in:
[    9.239288] CPU: 3 UID: 0 PID: 124 Comm: kunit_try_catch Tainted: G        W        N  6.18.32-g025756094542-dirty #10 PREEMPT(voluntary) 
[    9.257139] Tainted: [W]=WARN, [N]=TEST
[    9.262342] Hardware name: QEMU Standard PC (i440FX + PIIX, 1996), BIOS 1.15.0-1 04/01/2014
[    9.273060] RIP: 0010:corten_txn_begin+0x1a0/0x4b0
[    9.278449] Code: 4c 89 ff e8 f2 80 ec 00 48 8b 04 24 41 0f b6 4f 5d 38 48 5d 0f 87 65 ff ff ff 90 0f 0b 90 41 80 7e 48 04 0f 86 61 ff ff ff 90 <0f> 0b 90 48 89 c7 e8 95 f5 ff ff 41 0f b6 46 48 84 c0 74 28 83 e8
[    9.299541] RSP: 0000:ffffad85003cfda0 EFLAGS: 00010202
[    9.306072] RAX: ffff8d9443485c80 RBX: 0000000000000fff RCX: 0000000000000002
[    9.312189] RDX: 0000000000000005 RSI: ffffffffa17613a0 RDI: ffff8d9441d35b20
[    9.320692] RBP: 0000000000000000 R08: 0000000000000001 R09: 0000000000000000
[    9.327768] R10: 00000000000000f0 R11: 0000000000000000 R12: ffffffffa0c327b0
[    9.336653] R13: ffff8d9441a25200 R14: ffffad85003cfe00 R15: ffff8d9443485c00
[    9.344805] FS:  0000000000000000(0000) GS:ffff8d951bb14000(0000) knlGS:0000000000000000
[    9.351736] CS:  0010 DS: 0000 ES: 0000 CR0: 0000000080050033
[    9.356907] CR2: 0000000000000000 CR3: 000000006084c000 CR4: 00000000000006f0
[    9.362632] Call Trace:
[    9.366156]  <TASK>
[    9.368858]  ? __pfx_kunit_generic_run_threadfn_adapter+0x10/0x10
[    9.372235]  corten_test_txn_path_overflow+0xb5/0x2a0
[    9.377845]  ? kunit_try_run_case+0x63/0x150
[    9.381984]  kunit_try_run_case+0x6f/0x150
[    9.387073]  ? __pfx_kunit_generic_run_threadfn_adapter+0x10/0x10
[    9.394104]  kunit_generic_run_threadfn_adapter+0x1c/0x40
[    9.401594]  kthread+0x102/0x200
[    9.404667]  ? __pfx_kthread+0x10/0x10
[    9.408289]  ret_from_fork+0x1ed/0x240
[    9.411781]  ? __pfx_kthread+0x10/0x10
[    9.415320]  ret_from_fork_asm+0x1a/0x30
[    9.421243]  </TASK>
[    9.423335] irq event stamp: 772
[    9.426427] hardirqs last  enabled at (782): [<ffffffff9f93af6d>] __up_console_sem+0x4d/0x60
[    9.434714] hardirqs last disabled at (791): [<ffffffff9f93af52>] __up_console_sem+0x32/0x60
[    9.442627] softirqs last  enabled at (46): [<ffffffff9fb5b29c>] corten_ptdesc_install+0x11c/0x170
[    9.456130] softirqs last disabled at (48): [<ffffffff9fb5b798>] corten_txn_begin+0x78/0x4b0
[    9.466524] ---[ end trace 0000000000000000 ]---
[    9.473746]     ok 21 corten_test_txn_path_overflow
[    9.476953]     ok 22 corten_test_txn_child_err
[    9.488661]     ok 23 corten_test_real_huge_leaf
[    9.498178]     ok 24 corten_test_full_window_atomic
[    9.507151]     ok 25 corten_test_debugfs_content
[    9.511962] # corten: pass:24 fail:0 skip:1 total:25
[    9.518281] # Totals: pass:24 fail:0 skip:1 total:25
[    9.524016] ok 1 corten
[    9.531385]     KTAP version 1
[    9.534607]     # Subtest: corten_arena
[    9.539320]     # module: corten_arena_test
[    9.539330]     1..26
[    9.556254]     ok 1 corten_arena_test_declare_reject
[    9.566879]     ok 2 corten_arena_test_declare_reject_flags
[    9.579058]     ok 3 corten_arena_test_declare_query
[    9.592155]     ok 4 corten_arena_test_range_overlaps
[    9.631007]     ok 5 corten_arena_test_release
[    9.652439]     ok 6 corten_arena_test_ref_born_atomic
[    9.670042]     ok 7 corten_arena_test_release_classify
[    9.687346]     ok 8 corten_arena_test_shadow_vma
[    9.709096]     ok 9 corten_arena_test_exit
[    9.713177]     ok 10 corten_arena_test_prctl
[    9.718244]     ok 11 corten_arena_test_mode
[    9.722966]     ok 12 corten_arena_test_auto_classify
[    9.728163]     ok 13 corten_arena_test_auto_place
[    9.746656]     ok 14 corten_arena_test_auto_route
[    9.776959]     ok 15 corten_arena_test_auto_attach_release
[    9.793955]     ok 16 corten_arena_test_mprotect_route
[    9.815925]     ok 17 corten_arena_test_madvise_route
[   10.142800]     ok 18 corten_arena_test_mremap_route
[   10.151246] 
[   10.157895] =============================
[   10.162973] WARNING: suspicious RCU usage
[   10.167294] 6.18.32-g025756094542-dirty #10 Tainted: G        W        N 
[   10.174360] -----------------------------
[   10.177503] lib/maple_tree.c:780 suspicious rcu_dereference_check() usage!
[   10.186527] 
[   10.186527] other info that might help us debug this:
[   10.186527] 
[   10.194968] 
[   10.194968] rcu_scheduler_active = 2, debug_locks = 1
[   10.201334] 2 locks held by kunit_try_catch/185:
[   10.206109]  #0: ffff8d94434f9770 (&mm->mmap_lock){++++}-{4:4}, at: corten_arena_test_fork_faithful+0x9fb/0x2140
[   10.217184]  #1: ffff8d94423f9bc0 (&state->ctl_lock){+.+.}-{4:4}, at: corten_arena_fork_commit+0xd9/0x5c0
[   10.228153] 
[   10.228153] stack backtrace:
[   10.232439] CPU: 3 UID: 0 PID: 185 Comm: kunit_try_catch Tainted: G        W        N  6.18.32-g025756094542-dirty #10 PREEMPT(voluntary) 
[   10.232451] Tainted: [W]=WARN, [N]=TEST
[   10.232453] Hardware name: QEMU Standard PC (i440FX + PIIX, 1996), BIOS 1.15.0-1 04/01/2014
[   10.232456] Call Trace:
[   10.232755]  <TASK>
[   10.232762]  dump_stack_lvl+0x83/0xa0
[   10.233418]  lockdep_rcu_suspicious+0x148/0x1b0
[   10.233988]  mas_walk+0x192/0x1f0
[   10.234079]  mas_find+0x4d/0x170
[   10.234087]  corten_arena_fork_commit+0x1a6/0x5c0
[   10.234102]  ? lock_acquire+0xbd/0x2d0
[   10.234205]  corten_arena_test_fork_faithful+0xa14/0x2140
[   10.234220]  ? find_held_lock+0x2b/0x80
[   10.234237]  ? __pfx_kunit_generic_run_threadfn_adapter+0x10/0x10
[   10.234244]  kunit_try_run_case+0x6f/0x150
[   10.234260]  ? __pfx_kunit_generic_run_threadfn_adapter+0x10/0x10
[   10.234265]  kunit_generic_run_threadfn_adapter+0x1c/0x40
[   10.234271]  kthread+0x102/0x200
[   10.234280]  ? __pfx_kthread+0x10/0x10
[   10.234290]  ret_from_fork+0x1ed/0x240
[   10.234298]  ? __pfx_kthread+0x10/0x10
[   10.234305]  ret_from_fork_asm+0x1a/0x30
[   10.234329]  </TASK>
[   10.368225] 
[   10.369776] =============================
[   10.375012] WARNING: suspicious RCU usage
[   10.380041] 6.18.32-g025756094542-dirty #10 Tainted: G        W        N 
[   10.385920] -----------------------------
[   10.390365] lib/maple_tree.c:736 suspicious rcu_dereference_check() usage!
[   10.398498] 
[   10.398498] other info that might help us debug this:
[   10.398498] 
[   10.407961] 
[   10.407961] rcu_scheduler_active = 2, debug_locks = 1
[   10.415834] 2 locks held by kunit_try_catch/185:
[   10.420417]  #0: ffff8d94434f9770 (&mm->mmap_lock){++++}-{4:4}, at: corten_arena_test_fork_faithful+0x9fb/0x2140
[   10.428832]  #1: ffff8d94423f9bc0 (&state->ctl_lock){+.+.}-{4:4}, at: corten_arena_fork_commit+0xd9/0x5c0
[   10.438282] 
[   10.438282] stack backtrace:
[   10.444117] CPU: 3 UID: 0 PID: 185 Comm: kunit_try_catch Tainted: G        W        N  6.18.32-g025756094542-dirty #10 PREEMPT(voluntary) 
[   10.444130] Tainted: [W]=WARN, [N]=TEST
[   10.444132] Hardware name: QEMU Standard PC (i440FX + PIIX, 1996), BIOS 1.15.0-1 04/01/2014
[   10.444135] Call Trace:
[   10.444142]  <TASK>
[   10.445247]  dump_stack_lvl+0x83/0xa0
[   10.445270]  lockdep_rcu_suspicious+0x148/0x1b0
[   10.445286]  mtree_range_walk+0x2b5/0x350
[   10.445303]  mas_walk+0x112/0x1f0
[   10.445311]  mas_find+0x4d/0x170
[   10.445319]  corten_arena_fork_commit+0x1a6/0x5c0
[   10.445332]  ? lock_acquire+0xbd/0x2d0
[   10.445355]  corten_arena_test_fork_faithful+0xa14/0x2140
[   10.445445]  ? find_held_lock+0x2b/0x80
[   10.445477]  ? __pfx_kunit_generic_run_threadfn_adapter+0x10/0x10
[   10.445487]  kunit_try_run_case+0x6f/0x150
[   10.445504]  ? __pfx_kunit_generic_run_threadfn_adapter+0x10/0x10
[   10.445510]  kunit_generic_run_threadfn_adapter+0x1c/0x40
[   10.445516]  kthread+0x102/0x200
[   10.445526]  ? __pfx_kthread+0x10/0x10
[   10.445536]  ret_from_fork+0x1ed/0x240
[   10.445545]  ? __pfx_kthread+0x10/0x10
[   10.445552]  ret_from_fork_asm+0x1a/0x30
[   10.445582]  </TASK>
[   10.548330] 
[   10.550381] ============================================
[   10.555138] WARNING: possible recursive locking detected
[   10.560259] 6.18.32-g025756094542-dirty #10 Tainted: G        W        N 
[   10.569374] --------------------------------------------
[   10.574489] kunit_try_catch/185 is trying to acquire lock:
[   10.579877] ffff8d94423f95c0 (&state->ctl_lock){+.+.}-{4:4}, at: corten_arena_fork_commit+0x32d/0x5c0
[   10.588197] 
[   10.588197] but task is already holding lock:
[   10.593998] ffff8d94423f9bc0 (&state->ctl_lock){+.+.}-{4:4}, at: corten_arena_fork_commit+0xd9/0x5c0
[   10.603968] 
[   10.603968] other info that might help us debug this:
[   10.611241]  Possible unsafe locking scenario:
[   10.611241] 
[   10.619426]        CPU0
[   10.623894]        ----
[   10.626805]   lock(&state->ctl_lock);
[   10.629022]   lock(&state->ctl_lock);
[   10.632771] 
[   10.632771]  *** DEADLOCK ***
[   10.632771] 
[   10.639889]  May be due to missing lock nesting notation
[   10.639889] 
[   10.650815] 2 locks held by kunit_try_catch/185:
[   10.657934]  #0: ffff8d94434f9770 (&mm->mmap_lock){++++}-{4:4}, at: corten_arena_test_fork_faithful+0x9fb/0x2140
[   10.677805]  #1: ffff8d94423f9bc0 (&state->ctl_lock){+.+.}-{4:4}, at: corten_arena_fork_commit+0xd9/0x5c0
[   10.694891] 
[   10.694891] stack backtrace:
[   10.702215] CPU: 3 UID: 0 PID: 185 Comm: kunit_try_catch Tainted: G        W        N  6.18.32-g025756094542-dirty #10 PREEMPT(voluntary) 
[   10.702220] Tainted: [W]=WARN, [N]=TEST
[   10.702221] Hardware name: QEMU Standard PC (i440FX + PIIX, 1996), BIOS 1.15.0-1 04/01/2014
[   10.702289] Call Trace:
[   10.702291]  <TASK>
[   10.702293]  dump_stack_lvl+0x68/0xa0
[   10.702300]  print_deadlock_bug+0x1ec/0x250
[   10.702304]  __lock_acquire+0x1072/0x18d0
[   10.702307]  lock_acquire+0xbd/0x2d0
[   10.702310]  ? corten_arena_fork_commit+0x32d/0x5c0
[   10.702313]  ? find_held_lock+0x2b/0x80
[   10.702315]  __mutex_lock+0xa6/0x900
[   10.702957]  ? corten_arena_fork_commit+0x32d/0x5c0
[   10.702963]  ? corten_arena_fork_commit+0x32d/0x5c0
[   10.702966]  ? __kmalloc_cache_noprof+0x215/0x600
[   10.703349]  ? __pfx_corten_arena_active_release+0x10/0x10
[   10.703937]  ? corten_arena_fork_commit+0x32d/0x5c0
[   10.703943]  corten_arena_fork_commit+0x32d/0x5c0
[   10.703956]  corten_arena_test_fork_faithful+0xa14/0x2140
[   10.703965]  ? find_held_lock+0x2b/0x80
[   10.703974]  ? __pfx_kunit_generic_run_threadfn_adapter+0x10/0x10
[   10.703980]  kunit_try_run_case+0x6f/0x150
[   10.703989]  ? __pfx_kunit_generic_run_threadfn_adapter+0x10/0x10
[   10.703993]  kunit_generic_run_threadfn_adapter+0x1c/0x40
[   10.703997]  kthread+0x102/0x200
[   10.704005]  ? __pfx_kthread+0x10/0x10
[   10.704011]  ret_from_fork+0x1ed/0x240
[   10.704019]  ? __pfx_kthread+0x10/0x10
[   10.704024]  ret_from_fork_asm+0x1a/0x30
[   10.704035]  </TASK>
[   10.908824]     ok 19 corten_arena_test_fork_faithful
[   10.918765]     ok 20 corten_arena_test_fork_unwind
[   10.938951]     ok 21 corten_arena_test_fork_multipiece
[   10.956010]     ok 22 corten_arena_test_fork_perm
[   10.973696]     ok 23 corten_arena_test_concurrent
[   10.996492]     ok 24 corten_arena_test_concurrent_window
[   11.006226]     ok 25 corten_arena_test_obs_ledger
[   11.016716]     ok 26 corten_arena_test_drain_timeout_stat
[   11.030093] # corten_arena: pass:26 fail:0 skip:0 total:26
[   11.043671] # Totals: pass:26 fail:0 skip:0 total:26
[   11.052705] ok 2 corten_arena
[   11.071007]     KTAP version 1
[   11.073949]     # Subtest: corten_fault
[   11.079412]     # module: corten_fault_test
[   11.079421]     1..24
[   11.091924]     ok 1 corten_fault_test_dispatch
[   11.093442]     ok 2 corten_fault_test_unmap_classify
[   11.104212]     ok 3 corten_fault_test_mmap_classify
[   11.120692]     ok 4 corten_fault_test_punch_classify
[   11.133097]     ok 5 corten_fault_test_map_anon
[   11.142452]     ok 6 corten_fault_test_zero_page
[   11.153777]     ok 7 corten_fault_test_sigsegv
[   11.171546]     ok 8 corten_fault_test_fresh_fault
[   11.349846]     ok 9 corten_fault_test_churn_repro
[   11.360212]     ok 10 corten_fault_test_untracked_drift
[   11.370093]     ok 11 corten_fault_test_restore
[   11.383287]     ok 12 corten_fault_test_cow_reuse
[   11.396989]     ok 13 corten_fault_test_cow_copy
[   11.416075]     ok 14 corten_fault_test_cow_race
[   11.425758]     ok 15 corten_fault_test_mprotect_pte
[   11.434542]     ok 16 corten_fault_test_mprotect_fresh
[   11.445255]     ok 17 corten_fault_test_zap_keep_perm
[   11.457065]     ok 18 corten_fault_test_zap_keep_perm_downgrade
[   11.471097]     ok 19 corten_fault_test_untracked_rearm
[   11.490161]     ok 20 corten_fault_test_fill_upper_race
[   11.502463]     ok 21 corten_fault_test_map_race
[   11.511748]     ok 22 corten_fault_test_chunk_unmap
[   11.536214]     ok 23 corten_fault_test_punch_hole
[   11.558019]     ok 24 corten_fault_test_punch_head
[   11.564449] # corten_fault: pass:24 fail:0 skip:0 total:24
[   11.570041] # Totals: pass:24 fail:0 skip:0 total:24
[   11.576229] ok 3 corten_fault
[   11.597084] check access for rdinit=/init failed: -2, ignoring
[   11.605169] md: Waiting for all devices to be available before autodetect
[   11.611153] md: If you don't use raid, use raid=noautodetect
[   11.615760] md: Autodetecting RAID arrays.
[   11.619007] md: autorun ...
[   11.621674] md: ... autorun DONE.
[   11.628122] /dev/root: Can't open blockdev
[   11.631400] VFS: Cannot open root device "" or unknown-block(0,0): error -6
[   11.636519] Please append a correct "root=" boot option; here are the available partitions:
[   11.642960] 0b00         1048575 sr0 
[   11.642968]  driver: sr
[   11.646903] List of all bdev filesystems:
[   11.650503]  ext3
[   11.650508]  ext2
[   11.652256]  ext4
[   11.654450]  vfat
[   11.655723]  msdos
[   11.657109]  iso9660
[   11.658669] 
[   11.661587] Kernel panic - not syncing: VFS: Unable to mount root fs on unknown-block(0,0)
[   11.665754] CPU: 1 UID: 0 PID: 1 Comm: swapper/0 Tainted: G        W        N  6.18.32-g025756094542-dirty #10 PREEMPT(voluntary) 
[   11.673361] Tainted: [W]=WARN, [N]=TEST
[   11.676116] Hardware name: QEMU Standard PC (i440FX + PIIX, 1996), BIOS 1.15.0-1 04/01/2014
[   11.680244] Call Trace:
[   11.681779]  <TASK>
[   11.683709]  vpanic+0x328/0x370
[   11.685869]  panic+0x56/0x60
[   11.687575]  mount_root_generic+0x1ff/0x320
[   11.691130]  prepare_namespace+0x63/0x270
[   11.694570]  kernel_init_freeable+0x3c3/0x410
[   11.697138]  ? __pfx_kernel_init+0x10/0x10
[   11.699934]  kernel_init+0x15/0x1c0
[   11.703147]  ret_from_fork+0x1ed/0x240
[   11.706719]  ? __pfx_kernel_init+0x10/0x10
[   11.709534]  ret_from_fork_asm+0x1a/0x30
[   11.711945]  </TASK>
[   11.716899] Kernel Offset: 0x1e600000 from 0xffffffff81000000 (relocation range: 0xffffffff80000000-0xffffffffbfffffff)
