[    0.000000] Linux version 6.18.32-g9eb5379ce4e0-dirty (ppw@vm) (gcc (Ubuntu 11.4.0-1ubuntu1~22.04.3) 11.4.0, GNU ld (GNU Binutils for Ubuntu) 2.38) #136 SMP PREEMPT_DYNAMIC Thu Oct  8 20:07:38 CST 2026
[    0.000000] Command line: console=ttyS0 root=/dev/vda rw net.ifnames=0 systemd.mask=sys-kernel-config.mount mitigations=off kunit.enable=0 log_buf_len=16M corten=on corten_mode_default=on
[    0.000000] BIOS-provided physical RAM map:
[    0.000000] BIOS-e820: [mem 0x0000000000000000-0x000000000009fbff] usable
[    0.000000] BIOS-e820: [mem 0x000000000009fc00-0x000000000009ffff] reserved
[    0.000000] BIOS-e820: [mem 0x00000000000f0000-0x00000000000fffff] reserved
[    0.000000] BIOS-e820: [mem 0x0000000000100000-0x00000000bffdcfff] usable
[    0.000000] BIOS-e820: [mem 0x00000000bffdd000-0x00000000bfffffff] reserved
[    0.000000] BIOS-e820: [mem 0x00000000feffc000-0x00000000feffffff] reserved
[    0.000000] BIOS-e820: [mem 0x00000000fffc0000-0x00000000ffffffff] reserved
[    0.000000] BIOS-e820: [mem 0x0000000100000000-0x000000013fffffff] usable
[    0.000000] NX (Execute Disable) protection: active
[    0.000000] APIC: Static calls initialized
[    0.000000] SMBIOS 2.8 present.
[    0.000000] DMI: QEMU Standard PC (i440FX + PIIX, 1996), BIOS 1.15.0-1 04/01/2014
[    0.000000] DMI: Memory slots populated: 1/1
[    0.000000] Hypervisor detected: KVM
[    0.000000] last_pfn = 0xbffdd max_arch_pfn = 0x400000000
[    0.000000] kvm-clock: Using msrs 4b564d01 and 4b564d00
[    0.000001] kvm-clock: using sched offset of 2494148916 cycles
[    0.000003] clocksource: kvm-clock: mask: 0xffffffffffffffff max_cycles: 0x1cd42e4dffb, max_idle_ns: 881590591483 ns
[    0.000027] tsc: Detected 2419.198 MHz processor
[    0.002944] last_pfn = 0x140000 max_arch_pfn = 0x400000000
[    0.004051] MTRR map: 4 entries (3 fixed + 1 variable; max 19), built from 8 variable MTRRs
[    0.004083] x86/PAT: Configuration [0-7]: WB  WC  UC- UC  WB  WP  UC- WT  
[    0.005000] last_pfn = 0xbffdd max_arch_pfn = 0x400000000
[    0.022924] found SMP MP-table at [mem 0x000f5b90-0x000f5b9f]
[    0.023723] Using GB pages for direct mapping
[    0.412564] printk: log buffer data + meta data: 16777216 + 58720256 = 75497472 bytes
[    0.412572] printk: early log buf free: 260024(99%)
[    0.412774] ACPI: Early table checksum verification disabled
[    0.412987] ACPI: RSDP 0x00000000000F59B0 000014 (v00 BOCHS )
[    0.413143] ACPI: RSDT 0x00000000BFFE1B9C 000034 (v01 BOCHS  BXPC     00000001 BXPC 00000001)
[    0.413257] ACPI: FACP 0x00000000BFFE1A18 000074 (v01 BOCHS  BXPC     00000001 BXPC 00000001)
[    0.413397] ACPI: DSDT 0x00000000BFFE0040 0019D8 (v01 BOCHS  BXPC     00000001 BXPC 00000001)
[    0.413406] ACPI: FACS 0x00000000BFFE0000 000040
[    0.413411] ACPI: APIC 0x00000000BFFE1A8C 0000B0 (v01 BOCHS  BXPC     00000001 BXPC 00000001)
[    0.413417] ACPI: HPET 0x00000000BFFE1B3C 000038 (v01 BOCHS  BXPC     00000001 BXPC 00000001)
[    0.413423] ACPI: WAET 0x00000000BFFE1B74 000028 (v01 BOCHS  BXPC     00000001 BXPC 00000001)
[    0.413428] ACPI: Reserving FACP table memory at [mem 0xbffe1a18-0xbffe1a8b]
[    0.413433] ACPI: Reserving DSDT table memory at [mem 0xbffe0040-0xbffe1a17]
[    0.413435] ACPI: Reserving FACS table memory at [mem 0xbffe0000-0xbffe003f]
[    0.413437] ACPI: Reserving APIC table memory at [mem 0xbffe1a8c-0xbffe1b3b]
[    0.413439] ACPI: Reserving HPET table memory at [mem 0xbffe1b3c-0xbffe1b73]
[    0.413440] ACPI: Reserving WAET table memory at [mem 0xbffe1b74-0xbffe1b9b]
[    0.423039] No NUMA configuration found
[    0.423046] Faking a node at [mem 0x0000000000000000-0x000000013fffffff]
[    0.423058] NODE_DATA(0) allocated [mem 0x13b7fa140-0x13b7fdfff]
[    0.423610] Zone ranges:
[    0.423613]   DMA      [mem 0x0000000000001000-0x0000000000ffffff]
[    0.423618]   DMA32    [mem 0x0000000001000000-0x00000000ffffffff]
[    0.423622]   Normal   [mem 0x0000000100000000-0x000000013fffffff]
[    0.423625] Movable zone start for each node
[    0.423626] Early memory node ranges
[    0.423627]   node   0: [mem 0x0000000000001000-0x000000000009efff]
[    0.423652]   node   0: [mem 0x0000000000100000-0x00000000bffdcfff]
[    0.423656]   node   0: [mem 0x0000000100000000-0x000000013fffffff]
[    0.423659] Initmem setup node 0 [mem 0x0000000000001000-0x000000013fffffff]
[    0.424905] On node 0, zone DMA: 1 pages in unavailable ranges
[    0.426056] On node 0, zone DMA: 97 pages in unavailable ranges
[    0.754191] On node 0, zone Normal: 35 pages in unavailable ranges
[    0.758904] ACPI: PM-Timer IO Port: 0x608
[    0.759001] ACPI: LAPIC_NMI (acpi_id[0xff] dfl dfl lint[0x1])
[    0.764223] IOAPIC[0]: apic_id 0, version 17, address 0xfec00000, GSI 0-23
[    0.764253] ACPI: INT_SRC_OVR (bus 0 bus_irq 0 global_irq 2 dfl dfl)
[    0.764259] ACPI: INT_SRC_OVR (bus 0 bus_irq 5 global_irq 5 high level)
[    0.764262] ACPI: INT_SRC_OVR (bus 0 bus_irq 9 global_irq 9 high level)
[    0.764295] ACPI: INT_SRC_OVR (bus 0 bus_irq 10 global_irq 10 high level)
[    0.764298] ACPI: INT_SRC_OVR (bus 0 bus_irq 11 global_irq 11 high level)
[    0.764308] ACPI: Using ACPI (MADT) for SMP configuration information
[    0.764311] ACPI: HPET id: 0x8086a201 base: 0xfed00000
[    0.764323] TSC deadline timer available
[    0.764334] CPU topo: Max. logical packages:   1
[    0.764336] CPU topo: Max. logical dies:       1
[    0.764337] CPU topo: Max. dies per package:   1
[    0.764347] CPU topo: Max. threads per core:   1
[    0.764430] CPU topo: Num. cores per package:     8
[    0.764433] CPU topo: Num. threads per package:   8
[    0.764434] CPU topo: Allowing 8 present CPUs plus 0 hotplug CPUs
[    0.764549] kvm-guest: APIC: eoi() replaced with kvm_guest_apic_eoi_write()
[    0.764689] kvm-guest: KVM setup pv remote TLB flush
[    0.764744] kvm-guest: setup PV sched yield
[    0.768622] PM: hibernation: Registered nosave memory: [mem 0x00000000-0x00000fff]
[    0.768631] PM: hibernation: Registered nosave memory: [mem 0x0009f000-0x000fffff]
[    0.768633] PM: hibernation: Registered nosave memory: [mem 0xbffdd000-0xffffffff]
[    0.768636] [mem 0xc0000000-0xfeffbfff] available for PCI devices
[    0.768638] Booting paravirtualized kernel on KVM
[    0.768696] clocksource: refined-jiffies: mask: 0xffffffff max_cycles: 0xffffffff, max_idle_ns: 1910969940391419 ns
[    0.791398] setup_percpu: NR_CPUS:64 nr_cpumask_bits:8 nr_cpu_ids:8 nr_node_ids:1
[    0.802134] percpu: Embedded 54 pages/cpu s182680 r8192 d30312 u262144
[    0.802472] Kernel command line: console=ttyS0 root=/dev/vda rw net.ifnames=0 systemd.mask=sys-kernel-config.mount mitigations=off kunit.enable=0 log_buf_len=16M corten=on corten_mode_default=on
[    0.804497] corten: requested on, activating at initcall time
[    0.804510] corten: execve default entry enabled
[    0.804611] random: crng init done
[    0.830054] Dentry cache hash table entries: 524288 (order: 10, 4194304 bytes, linear)
[    0.841481] Inode-cache hash table entries: 262144 (order: 9, 2097152 bytes, linear)
[    0.842764] software IO TLB: area num 8.
[    1.229213] Fallback order for Node 0: 0 
[    1.229257] Built 1 zonelists, mobility grouping on.  Total pages: 1048443
[    1.229262] Policy zone: Normal
[    1.229267] mem auto-init: stack:off, heap alloc:off, heap free:off
[    1.249688] SLUB: HWalign=64, Order=0-3, MinObjects=0, CPUs=8, Nodes=1
[    1.265567] Dynamic Preempt: voluntary
[    1.267023] rcu: Preemptible hierarchical RCU implementation.
[    1.267027] rcu: 	RCU event tracing is enabled.
[    1.267028] rcu: 	RCU restricting CPUs from NR_CPUS=64 to nr_cpu_ids=8.
[    1.267033] 	Trampoline variant of Tasks RCU enabled.
[    1.267035] 	Tracing variant of Tasks RCU enabled.
[    1.267036] rcu: RCU calculated value of scheduler-enlistment delay is 100 jiffies.
[    1.267038] rcu: Adjusting geometry for rcu_fanout_leaf=16, nr_cpu_ids=8
[    1.267131] RCU Tasks: Setting shift to 3 and lim to 1 rcu_task_cb_adjust=1 rcu_task_cpu_ids=8.
[    1.267137] RCU Tasks Trace: Setting shift to 3 and lim to 1 rcu_task_cb_adjust=1 rcu_task_cpu_ids=8.
[    1.282807] NR_IRQS: 4352, nr_irqs: 488, preallocated irqs: 16
[    1.284678] rcu: srcu_init: Setting srcu_struct sizes based on contention.
[    1.373624] Console: colour VGA+ 80x25
[    1.374083] printk: legacy console [ttyS0] enabled
[    2.171806] ACPI: Core revision 20250807
[    2.175914] clocksource: hpet: mask: 0xffffffff max_cycles: 0xffffffff, max_idle_ns: 19112604467 ns
[    2.186781] APIC: Switch to symmetric I/O mode setup
[    2.199513] x2apic enabled
[    2.212207] APIC: Switched APIC routing to: physical x2apic
[    2.219570] kvm-guest: APIC: send_IPI_mask() replaced with kvm_send_ipi_mask()
[    2.228048] kvm-guest: APIC: send_IPI_mask_allbutself() replaced with kvm_send_ipi_mask_allbutself()
[    2.237234] kvm-guest: setup PV IPIs
[    2.262066] ..TIMER: vector=0x30 apic1=0 pin1=2 apic2=-1 pin2=-1
[    2.267329] clocksource: tsc-early: mask: 0xffffffffffffffff max_cycles: 0x22df0f35937, max_idle_ns: 440795269039 ns
[    2.279898] Calibrating delay loop (skipped) preset value.. 4838.39 BogoMIPS (lpj=2419198)
[    2.282891] x86/cpu: User Mode Instruction Prevention (UMIP) activated
[    2.285570] Last level iTLB entries: 4KB 0, 2MB 0, 4MB 0
[    2.286890] Last level dTLB entries: 4KB 0, 2MB 0, 4MB 0, 1GB 0
[    2.288074] mitigations: Enabled attack vectors: SMT mitigations: off
[    2.289909] Speculative Store Bypass: Vulnerable
[    2.290902] Spectre V2 : Vulnerable
[    2.291900] ITS: Vulnerable
[    2.292899] Spectre V1 : Vulnerable: __user pointer sanitization and usercopy barriers only; no swapgs barriers
[    2.295028] x86/fpu: Supporting XSAVE feature 0x001: 'x87 floating point registers'
[    2.296894] x86/fpu: Supporting XSAVE feature 0x002: 'SSE registers'
[    2.297898] x86/fpu: Supporting XSAVE feature 0x004: 'AVX registers'
[    2.298900] x86/fpu: Supporting XSAVE feature 0x200: 'Protection Keys User registers'
[    2.300890] x86/fpu: xstate_offset[2]:  576, xstate_sizes[2]:  256
[    2.301889] x86/fpu: xstate_offset[9]:  832, xstate_sizes[9]:    8
[    2.302890] x86/fpu: Enabled xstate features 0x207, context size is 840 bytes, using 'compacted' format.
[    2.391886] Freeing SMP alternatives memory: 64K
[    2.391909] pid_max: default: 32768 minimum: 301
[    2.393050] LSM: initializing lsm=capability,selinux
[    2.394007] SELinux:  Initializing.
[    2.396118] Mount-cache hash table entries: 8192 (order: 4, 65536 bytes, linear)
[    2.397077] Mountpoint-cache hash table entries: 8192 (order: 4, 65536 bytes, linear)
[    2.400394] smpboot: CPU0: 13th Gen Intel(R) Core(TM) i9-13900HX (family: 0x6, model: 0xb7, stepping: 0x1)
[    2.402886] Performance Events: Alderlake Hybrid events, core PMU driver.
[    2.405912] core: CPUID marked event: 'cpu cycles' unavailable
[    2.406913] core: CPUID marked event: 'instructions' unavailable
[    2.407955] core: CPUID marked event: 'bus cycles' unavailable
[    2.408945] core: CPUID marked event: 'cache references' unavailable
[    2.409929] core: CPUID marked event: 'cache misses' unavailable
[    2.410925] core: CPUID marked event: 'branch instructions' unavailable
[    2.411926] core: CPUID marked event: 'branch misses' unavailable
[    2.413398] core: The event 0x100 is not supported as a normal event.
[    2.413932] core: The event 0x300 is not supported as a normal event.
[    2.414946] core: The event 0x400 is not supported as a normal event.
[    2.415943] core: The event 0x8000 is not supported as a normal event.
[    2.416938] core: The event 0x8100 is not supported as a normal event.
[    2.418105] core: The event 0x8200 is not supported as a normal event.
[    2.418939] core: The event 0x8300 is not supported as a normal event.
[    2.419932] core: The event 0x8400 is not supported as a normal event.
[    2.420948] core: The event 0x8500 is not supported as a normal event.
[    2.421937] core: The event 0x8600 is not supported as a normal event.
[    2.422941] core: The event 0x8700 is not supported as a normal event.
[    2.424462] core: cpu_core PMU driver: 
[    2.424926] ... version:                   1
[    2.425945] ... bit width:                 48
[    2.426931] ... generic counters:          6
[    2.427975] ... generic bitmap:            000000000000003f
[    2.428938] ... fixed-purpose counters:    0
[    2.429940] ... fixed-purpose bitmap:      0000000000000000
[    2.430939] ... value mask:                0000ffffffffffff
[    2.431937] ... max period:                000000007fffffff
[    2.432906] ... global_ctrl mask:          000100000000003f
[    2.434873] signal: max sigframe size: 3632
[    2.435255] rcu: Hierarchical SRCU implementation.
[    2.435940] rcu: 	Max phase no-delay instances is 400.
[    2.437483] Timer migration: 1 hierarchy levels; 8 children per group; 1 crossnode level
[    2.439886] corten: page descriptors enabled
[    2.440961] smp: Bringing up secondary CPUs ...
[    2.442886] smpboot: x86: Booting SMP configuration:
[    2.442950] .... node  #0, CPUs:      #1 #2 #3 #4 #5 #6 #7
[    2.494334] smp: Brought up 1 node, 8 CPUs
[    2.495935] smpboot: Total of 8 processors activated (38707.16 BogoMIPS)
[    2.498400] Memory: 3926876K/4193772K available (21770K kernel code, 3206K rwdata, 9220K rodata, 3292K init, 1120K bss, 261312K reserved, 0K cma-reserved)
[    2.501985] devtmpfs: initialized
[    2.506211] clocksource: jiffies: mask: 0xffffffff max_cycles: 0xffffffff, max_idle_ns: 1911260446275000 ns
[    2.506951] posixtimers hash table entries: 4096 (order: 4, 65536 bytes, linear)
[    2.509029] futex hash table entries: 2048 (131072 bytes on 1 NUMA nodes, total 128 KiB, linear).
[    2.510886] PM: RTC time: 12:09:05, date: 2026-10-08
[    2.528093] NET: Registered PF_NETLINK/PF_ROUTE protocol family
[    2.529403] audit: initializing netlink subsys (disabled)
[    2.531065] audit: type=2000 audit(1791461344.439:1): state=initialized audit_enabled=0 res=1
[    2.531564] thermal_sys: Registered thermal governor 'step_wise'
[    2.532087] cpuidle: using governor menu
[    2.537622] PCI: Using configuration type 1 for base access
[    2.539370] kprobes: kprobe jump-optimization is enabled. All kprobes are optimized if possible.
[    2.543940] HugeTLB: registered 2.00 MiB page size, pre-allocated 0 pages
[    2.544936] HugeTLB: 28 KiB vmemmap can be freed for a 2.00 MiB page
[    2.593475] ACPI: Added _OSI(Module Device)
[    2.594035] ACPI: Added _OSI(Processor Device)
[    2.594942] ACPI: Added _OSI(Processor Aggregator Device)
[    2.598050] ACPI: 1 ACPI AML tables successfully acquired and loaded
[    2.611955] ACPI: Interpreter enabled
[    2.613085] ACPI: PM: (supports S0 S3 S4 S5)
[    2.613901] ACPI: Using IOAPIC for interrupt routing
[    2.615003] PCI: Using host bridge windows from ACPI; if necessary, use "pci=nocrs" and report a bug
[    2.616064] PCI: Using E820 reservations for host bridge windows
[    2.617395] ACPI: Enabled 2 GPEs in block 00 to 0F
[    2.630622] ACPI: PCI Root Bridge [PCI0] (domain 0000 [bus 00-ff])
[    2.630909] acpi PNP0A03:00: _OSC: OS supports [ASPM ClockPM Segments MSI HPX-Type3]
[    2.631937] acpi PNP0A03:00: _OSC: not requesting OS control; OS requires [ExtendedConfig ASPM ClockPM MSI]
[    2.632985] acpi PNP0A03:00: fail to add MMCONFIG information, can't access extended configuration space under this bridge
[    2.634323] PCI host bridge to bus 0000:00
[    2.634968] pci_bus 0000:00: root bus resource [io  0x0000-0x0cf7 window]
[    2.635938] pci_bus 0000:00: root bus resource [io  0x0d00-0xffff window]
[    2.636938] pci_bus 0000:00: root bus resource [mem 0x000a0000-0x000bffff window]
[    2.637943] pci_bus 0000:00: root bus resource [mem 0xc0000000-0xfebfffff window]
[    2.638939] pci_bus 0000:00: root bus resource [mem 0x140000000-0x1bfffffff window]
[    2.639943] pci_bus 0000:00: root bus resource [bus 00-ff]
[    2.641301] pci 0000:00:00.0: [8086:1237] type 00 class 0x060000 conventional PCI endpoint
[    2.647864] pci 0000:00:01.0: [8086:7000] type 00 class 0x060100 conventional PCI endpoint
[    2.652886] pci 0000:00:01.1: [8086:7010] type 00 class 0x010180 conventional PCI endpoint
[    2.657342] pci 0000:00:01.1: BAR 4 [io  0xc0a0-0xc0af]
[    2.658324] pci 0000:00:01.1: BAR 0 [io  0x01f0-0x01f7]: legacy IDE quirk
[    2.658937] pci 0000:00:01.1: BAR 1 [io  0x03f6]: legacy IDE quirk
[    2.659943] pci 0000:00:01.1: BAR 2 [io  0x0170-0x0177]: legacy IDE quirk
[    2.660939] pci 0000:00:01.1: BAR 3 [io  0x0376]: legacy IDE quirk
[    2.663430] pci 0000:00:01.3: [8086:7113] type 00 class 0x068000 conventional PCI endpoint
[    2.667886] pci 0000:00:01.3: quirk: [io  0x0600-0x063f] claimed by PIIX4 ACPI
[    2.667977] pci 0000:00:01.3: quirk: [io  0x0700-0x070f] claimed by PIIX4 SMB
[    2.671111] pci 0000:00:02.0: [1234:1111] type 00 class 0x030000 conventional PCI endpoint
[    2.678321] pci 0000:00:02.0: BAR 0 [mem 0xfd000000-0xfdffffff pref]
[    2.680102] pci 0000:00:02.0: BAR 2 [mem 0xfeb90000-0xfeb90fff]
[    2.681426] pci 0000:00:02.0: ROM [mem 0xfeb80000-0xfeb8ffff pref]
[    2.686598] pci 0000:00:02.0: Video device with shadowed ROM at [mem 0x000c0000-0x000dffff]
[    2.705637] pci 0000:00:03.0: [1af4:1000] type 00 class 0x020000 conventional PCI endpoint
[    2.710165] pci 0000:00:03.0: BAR 0 [io  0xc080-0xc09f]
[    2.711275] pci 0000:00:03.0: BAR 1 [mem 0xfeb91000-0xfeb91fff]
[    2.712245] pci 0000:00:03.0: BAR 4 [mem 0xfe000000-0xfe003fff 64bit pref]
[    2.713039] pci 0000:00:03.0: ROM [mem 0xfeb00000-0xfeb7ffff pref]
[    2.720886] pci 0000:00:04.0: [1af4:1001] type 00 class 0x010000 conventional PCI endpoint
[    2.725041] pci 0000:00:04.0: BAR 0 [io  0xc000-0xc07f]
[    2.726035] pci 0000:00:04.0: BAR 1 [mem 0xfeb92000-0xfeb92fff]
[    2.727260] pci 0000:00:04.0: BAR 4 [mem 0xfe004000-0xfe007fff 64bit pref]
[    2.770162] ACPI: PCI: Interrupt link LNKA configured for IRQ 10
[    2.771886] ACPI: PCI: Interrupt link LNKB configured for IRQ 10
[    2.772886] ACPI: PCI: Interrupt link LNKC configured for IRQ 11
[    2.774197] ACPI: PCI: Interrupt link LNKD configured for IRQ 11
[    2.775451] ACPI: PCI: Interrupt link LNKS configured for IRQ 9
[    2.793078] iommu: Default domain type: Translated
[    2.793936] iommu: DMA domain TLB invalidation policy: lazy mode
[    2.811983] SCSI subsystem initialized
[    2.822405] ACPI: bus type USB registered
[    2.823998] usbcore: registered new interface driver usbfs
[    2.825223] usbcore: registered new interface driver hub
[    2.826224] usbcore: registered new device driver usb
[    2.827605] pps_core: LinuxPPS API ver. 1 registered
[    2.827922] pps_core: Software ver. 5.3.6 - Copyright 2005-2007 Rodolfo Giometti <giometti@linux.it>
[    2.828952] PTP clock support registered
[    2.833120] Advanced Linux Sound Architecture Driver Initialized.
[    2.845736] NetLabel: Initializing
[    2.845940] NetLabel:  domain hash size = 128
[    2.847385] NetLabel:  protocols = UNLABELED CIPSOv4 CALIPSO
[    2.848836] NetLabel:  unlabeled traffic allowed by default
[    2.851176] PCI: Using ACPI for IRQ routing
[    2.854070] pci 0000:00:02.0: vgaarb: setting as boot VGA device
[    2.854886] pci 0000:00:02.0: vgaarb: bridge control possible
[    2.854886] pci 0000:00:02.0: vgaarb: VGA device added: decodes=io+mem,owns=io+mem,locks=none
[    2.854942] vgaarb: loaded
[    2.859886] hpet0: at MMIO 0xfed00000, IRQs 2, 8, 0
[    2.860905] hpet0: 3 comparators, 64-bit 100.000000 MHz counter
[    2.865840] clocksource: Switched to clocksource kvm-clock
[    2.886357] VFS: Disk quotas dquot_6.6.0
[    2.892469] VFS: Dquot-cache hash table entries: 512 (order 0, 4096 bytes)
[    2.905980] pnp: PnP ACPI init
[    2.913198] pnp: PnP ACPI: found 6 devices
[    2.986118] clocksource: acpi_pm: mask: 0xffffff max_cycles: 0xffffff, max_idle_ns: 2085701024 ns
[    3.000828] NET: Registered PF_INET protocol family
[    3.010375] IP idents hash table entries: 65536 (order: 7, 524288 bytes, linear)
[    3.023329] tcp_listen_portaddr_hash hash table entries: 2048 (order: 3, 32768 bytes, linear)
[    3.033662] Table-perturb hash table entries: 65536 (order: 6, 262144 bytes, linear)
[    3.042315] TCP established hash table entries: 32768 (order: 6, 262144 bytes, linear)
[    3.052212] TCP bind hash table entries: 32768 (order: 8, 1048576 bytes, linear)
[    3.066040] TCP: Hash tables configured (established 32768 bind 32768)
[    3.074315] UDP hash table entries: 2048 (order: 5, 131072 bytes, linear)
[    3.081866] UDP-Lite hash table entries: 2048 (order: 5, 131072 bytes, linear)
[    3.091770] NET: Registered PF_UNIX/PF_LOCAL protocol family
[    3.103823] RPC: Registered named UNIX socket transport module.
[    3.110578] RPC: Registered udp transport module.
[    3.115901] RPC: Registered tcp transport module.
[    3.121729] RPC: Registered tcp-with-tls transport module.
[    3.127601] RPC: Registered tcp NFSv4.1 backchannel transport module.
[    3.136814] pci_bus 0000:00: resource 4 [io  0x0000-0x0cf7 window]
[    3.142261] pci_bus 0000:00: resource 5 [io  0x0d00-0xffff window]
[    3.147613] pci_bus 0000:00: resource 6 [mem 0x000a0000-0x000bffff window]
[    3.155295] pci_bus 0000:00: resource 7 [mem 0xc0000000-0xfebfffff window]
[    3.161046] pci_bus 0000:00: resource 8 [mem 0x140000000-0x1bfffffff window]
[    3.163594] pci 0000:00:01.0: PIIX3: Enabling Passive Release
[    3.169165] pci 0000:00:00.0: Limiting direct PCI/PCI transfers
[    3.176371] PCI: CLS 0 bytes, default 64
[    3.182867] PCI-DMA: Using software bounce buffering for IO (SWIOTLB)
[    3.190710] software IO TLB: mapped [mem 0x00000000b7800000-0x00000000bb800000] (64MB)
[    3.205320] RAPL PMU: API unit is 2^-32 Joules, 0 fixed counters, 10737418240 ms ovfl timer
[    3.216765] clocksource: tsc: mask: 0xffffffffffffffff max_cycles: 0x22df0f35937, max_idle_ns: 440795269039 ns
[    3.263379] Initialise system trusted keyrings
[    3.271488] workingset: timestamp_bits=40 max_order=20 bucket_order=0
[    3.286996] NFS: Registering the id_resolver key type
[    3.295027] Key type id_resolver registered
[    3.300574] Key type id_legacy registered
[    3.310898] 9p: Installing v9fs 9p2000 file system support
[    3.374433] Key type asymmetric registered
[    3.379394] Asymmetric key parser 'x509' registered
[    3.385819] Block layer SCSI generic (bsg) driver version 0.4 loaded (major 251)
[    3.395856] io scheduler mq-deadline registered
[    3.401040] io scheduler kyber registered
[    3.412753] input: Power Button as /devices/LNXSYSTM:00/LNXPWRBN:00/input/input0
[    3.423133] ACPI: button: Power Button [PWRF]
[    3.478785] ACPI: \_SB_.LNKC: Enabled at IRQ 11
[    3.540724] ACPI: \_SB_.LNKD: Enabled at IRQ 10
[    3.555621] Serial: 8250/16550 driver, 4 ports, IRQ sharing enabled
[    3.564070] 00:04: ttyS0 at I/O 0x3f8 (irq = 4, base_baud = 115200) is a 16550A
[    3.580954] Non-volatile memory driver v1.3
[    3.586556] Linux agpgart interface v0.103
[    3.646399] ACPI: bus type drm_connector registered
[    3.705637] loop: module loaded
[    3.712089] virtio_blk virtio1: 8/0/0 default/read/poll queues
[    3.758535] virtio_blk virtio1: [vda] 20971520 512-byte logical blocks (10.7 GB/10.0 GiB)
[    3.781995] zram: Added device: zram0
[    3.800351] scsi host0: ata_piix
[    3.809433] scsi host1: ata_piix
[    3.813678] ata1: PATA max MWDMA2 cmd 0x1f0 ctl 0x3f6 bmdma 0xc0a0 irq 14 lpm-pol 0
[    3.820816] ata2: PATA max MWDMA2 cmd 0x170 ctl 0x376 bmdma 0xc0a8 irq 15 lpm-pol 0
[    3.832662] tun: Universal TUN/TAP device driver, 1.6
[    3.865961] e100: Intel(R) PRO/100 Network Driver
[    3.871710] e100: Copyright(c) 1999-2006 Intel Corporation
[    3.878858] e1000: Intel(R) PRO/1000 Network Driver
[    3.884350] e1000: Copyright (c) 1999-2006 Intel Corporation.
[    3.892320] e1000e: Intel(R) PRO/1000 Network Driver
[    3.897409] e1000e: Copyright(c) 1999 - 2015 Intel Corporation.
[    3.905077] sky2: driver version 1.30
[    3.913793] usbcore: registered new interface driver usblp
[    3.920414] usbcore: registered new interface driver usb-storage
[    3.929235] i8042: PNP: PS/2 Controller [PNP0303:KBD,PNP0f13:MOU] at 0x60,0x64 irq 1,12
[    3.951051] serio: i8042 KBD port at 0x60,0x64 irq 1
[    3.958868] serio: i8042 AUX port at 0x60,0x64 irq 12
[    3.971653] rtc_cmos 00:05: RTC can wake from S4
[    3.988587] input: AT Translated Set 2 keyboard as /devices/platform/i8042/serio0/input/input1
[    3.995758] rtc_cmos 00:05: registered as rtc0
[    3.998321] ata2: found unknown device (class 0)
[    4.006760] ata2.00: ATAPI: QEMU DVD-ROM, 2.5+, max UDMA/100
[    4.011549] rtc_cmos 00:05: alarms up to one day, y3k, 242 bytes nvram, hpet irqs
[    4.033608] scsi 1:0:0:0: CD-ROM            QEMU     QEMU DVD-ROM     2.5+ PQ: 0 ANSI: 5
[    4.041633] device-mapper: ioctl: 4.50.0-ioctl (2025-04-28) initialised: dm-devel@lists.linux.dev
[    4.071506] intel_pstate: CPU model not supported
[    4.080797] hid: raw HID events driver (C) Jiri Kosina
[    4.096302] usbcore: registered new interface driver usbhid
[    4.109514] usbhid: USB HID core driver
[    4.140050] xt_time: kernel timezone is -0000
[    4.151006] Initializing XFRM netlink socket
[    4.158886] NET: Registered PF_INET6 protocol family
[    4.170592] sr 1:0:0:0: [sr0] scsi3-mmc drive: 4x/4x cd/rw xa/form2 tray
[    4.177882] Segment Routing with IPv6
[    4.180324] cdrom: Uniform CD-ROM driver Revision: 3.20
[    4.185855] In-situ OAM (IOAM) with IPv6
[    4.202569] sit: IPv6, IPv4 and MPLS over IPv4 tunneling driver
[    4.211150] NET: Registered PF_PACKET protocol family
[    4.218717] NET: Registered PF_KEY protocol family
[    4.226325] 9pnet: Installing 9P2000 support
[    4.233928] Key type dns_resolver registered
[    4.244163] NET: Registered PF_VSOCK protocol family
[    4.257448] sr 1:0:0:0: Attached scsi generic sg0 type 5
[    4.275525] IPI shorthand broadcast: enabled
[    4.301833] sched_clock: Marking stable (3320195239, 981174773)->(5704679749, -1403309737)
[    4.329664] registered taskstats version 1
[    4.338355] Loading compiled-in X.509 certificates
[    4.355676] Demotion targets for Node 0: null
[    4.363635] Key type .fscrypt registered
[    4.371100] Key type fscrypt-provisioning registered
[    4.384508] PM:   Magic number: 14:513:177
[    4.391972] PM:   hash matches drivers/base/power/main.c:1118
[    4.401728] acpi device:0d: hash matches
[    4.410430] netconsole: network logging started
[    4.419089] cfg80211: Loading compiled-in X.509 certificates for regulatory database
[    4.437992] kworker/u32:1 (98) used greatest stack depth: 13936 bytes left
[    4.447950] Loaded X.509 cert 'sforshee: 00b28ddf47aef9cea7'
[    4.462436] Loaded X.509 cert 'wens: 61c038651aabdcf94bd0ac7ff06c7248db18c600'
[    4.474923] ALSA device list:
[    4.474930] faux_driver regulatory: Direct firmware load for regulatory.db failed with error -2
[    4.479786]   No soundcards found.
[    4.480004] kunit: disabled
[    4.493603] cfg80211: failed to load regulatory.db
[    4.515718] check access for rdinit=/init failed: -2, ignoring
[    4.668918] input: ImExPS/2 Generic Explorer Mouse as /devices/platform/i8042/serio1/input/input3
[    4.677982] md: Waiting for all devices to be available before autodetect
[    4.684037] md: If you don't use raid, use raid=noautodetect
[    4.688391] md: Autodetecting RAID arrays.
[    4.691246] md: autorun ...
[    4.693360] md: ... autorun DONE.
[    4.838303] EXT4-fs (vda): recovery complete
[    4.846803] EXT4-fs (vda): mounted filesystem 56b1695a-8891-40bd-bc42-c7c8a70fe76d r/w with ordered data mode. Quota mode: none.
[    4.855547] VFS: Mounted root (ext4 filesystem) on device 253:0.
[    4.864729] devtmpfs: mounted
[    4.889904] Freeing unused kernel image (initmem) memory: 3292K
[    4.895963] Write protecting the kernel read-only data: 32768k
[    4.924754] Freeing unused kernel image (text/rodata gap) memory: 756K
[    4.941782] Freeing unused kernel image (rodata/data gap) memory: 1020K
[    4.978004] x86/mm: Checked W+X mappings: passed, no W+X pages found.
[    4.982291] Run /sbin/init as init process
[    5.017380] corten-dbg: auto PLACE ret=0 handed=100000000000
[    5.022933] corten-dbg: late stage OK entry=5588271bc8d0 interp_load=100000000000
[    5.064525] corten-dbg: auto PLACE ret=0 handed=100000200000
[    5.086814] corten-dbg: C1 PTE content in [fffffef9000,ffffff70000) first=ffffff03000
[    5.091827] corten-dbg: file_attach FAIL ret=-16 addr=fffffef9000 len=77000
/sbin/init: error while loading [    5.104175] Kernel panic - not syncing: Attempted to kill init! exitcode=0x00007f00
shar[ e d   l5i.b1r0a9r3i8e8s] CPU: 1 UID: 0 PID: 1 Comm: init Not tainted 6.18.32-g9eb5379ce4e0-dirty #136 PREEMPT(voluntary) 
[    5.116985] Hardware name: QEMU Standard PC (i440FX + PIIX, 1996), BIOS 1.15.0-1 04/01/2014
[    5.122836] Call Trace:
: libsystemd-core-2[ 57 . s o5:. 1f2a5i2l0e2d]  <TASK>
 to map segment [    5.127909]  vpanic+0x34f/0x360
[    5.131517]  panic+0x56/0x60
from[    s ha5r.e1d3 4o0b4j7e]  ? sched_mm_cid_before_execve+0xbc/0xe0
[    5.138084]  do_exit+0x991/0xb60
[    5.140747]  do_group_exit+0x2b/0x80
c[t  
  5.143241]  __x64_sys_exit_group+0x13/0x20
[    5.146792]  x64_sys_call+0x18c5/0x18d0
[    5.149655]  do_syscall_64+0xa4/0x2f0
[    5.152387]  entry_SYSCALL_64_after_hwframe+0x77/0x7f
[    5.154843] RIP: 0033:0x100000023255
[    5.156994] Code: 00 b8 ca 00 00 00 0f 05 c3 66 2e 0f 1f 84 00 00 00 00 00 66 90 ba e7 00 00 00 eb 0a 66 0f 1f 84 00 00 00 00 00 f4 89 d0 0f 05 <48> 3d 00 f0 ff ff 76 f3 f7 d8 89 05 3b 43 01 00 eb e9 66 0f 1f 84
[    5.164978] RSP: 002b:00007ffe016c9338 EFLAGS: 00000202 ORIG_RAX: 00000000000000e7
[    5.168681] RAX: ffffffffffffffda RBX: 000010000002c518 RCX: 0000100000023255
[    5.171360] RDX: 00000000000000e7 RSI: 00007ffe016c8a00 RDI: 000000000000007f
[    5.174908] RBP: 0000100000200df9 R08: 00000000ffffffff R09: 0000000000000000
[    5.176566] R10: ffffffffffffffff R11: 0000000000000202 R12: 0000000000000000
[    5.180078] R13: 0000000000000001 R14: 0000100000200e10 R15: 0000000000000000
[    5.184807]  </TASK>
[    5.194976] Kernel Offset: 0x1a800000 from 0xffffffff81000000 (relocation range: 0xffffffff80000000-0xffffffffbfffffff)
[    5.204119] ---[ end Kernel panic - not syncing: Attempted to kill init! exitcode=0x00007f00 ]---
