[    0.000000] Linux version 6.18.32-gd3896019cf20-dirty (ppw@vm) (gcc (Ubuntu 11.4.0-1ubuntu1~22.04.3) 11.4.0, GNU ld (GNU Binutils for Ubuntu) 2.38) #134 SMP PREEMPT_DYNAMIC Thu Oct  8 19:53:39 CST 2026
[    0.000000] Command line: console=ttyS0 root=/dev/vda rw net.ifnames=0 systemd.mask=sys-kernel-config.mount mitigations=off kunit.enable=0 log_buf_len=16M corten=on corten_mode_default=on
[    0.000000] BIOS-provided physical RAM map:
[    0.000000] BIOS-e820: [mem 0x0000000000000000-0x000000000009fbff] usable
[    0.000000] BIOS-e820: [mem 0x000000000009fc00-0x000000000009ffff] reserved
[    0.000000] BIOS-e820: [mem 0x00000000000f0000-0x00000000000fffff] reserved
[    0.000000] BIOS-e820: [mem 0x0000000000100000-0x00000000bffdcfff] usable
[    0.000000] BIOS-e820: [mem 0x00000000bffdd000-0x00000000bfffffff] reserved
[    0.000000] BIOS-e820: [mem 0x00000000feffc000-0x00000000feffffff] reserved
[    0.000000] BIOS-e820: [mem 0x00000000fffc0000-0x00000000ffffffff] reserved
[    0.000000] BIOS-e820: [mem 0x0000000100000000-0x000000013fffffff] usable
[    0.000000] NX (Execute Disable) protection: active
[    0.000000] APIC: Static calls initialized
[    0.000000] SMBIOS 2.8 present.
[    0.000000] DMI: QEMU Standard PC (i440FX + PIIX, 1996), BIOS 1.15.0-1 04/01/2014
[    0.000000] DMI: Memory slots populated: 1/1
[    0.000000] Hypervisor detected: KVM
[    0.000000] last_pfn = 0xbffdd max_arch_pfn = 0x400000000
[    0.000000] kvm-clock: Using msrs 4b564d01 and 4b564d00
[    0.000005] kvm-clock: using sched offset of 2607203236 cycles
[    0.000011] clocksource: kvm-clock: mask: 0xffffffffffffffff max_cycles: 0x1cd42e4dffb, max_idle_ns: 881590591483 ns
[    0.000100] tsc: Detected 2419.198 MHz processor
[    0.004067] last_pfn = 0x140000 max_arch_pfn = 0x400000000
[    0.004752] MTRR map: 4 entries (3 fixed + 1 variable; max 19), built from 8 variable MTRRs
[    0.004779] x86/PAT: Configuration [0-7]: WB  WC  UC- UC  WB  WP  UC- WT  
[    0.005557] last_pfn = 0xbffdd max_arch_pfn = 0x400000000
[    0.022258] found SMP MP-table at [mem 0x000f5b90-0x000f5b9f]
[    0.022499] Using GB pages for direct mapping
[    0.414592] printk: log buffer data + meta data: 16777216 + 58720256 = 75497472 bytes
[    0.414599] printk: early log buf free: 260024(99%)
[    0.414846] ACPI: Early table checksum verification disabled
[    0.415030] ACPI: RSDP 0x00000000000F59B0 000014 (v00 BOCHS )
[    0.415461] ACPI: RSDT 0x00000000BFFE1B9C 000034 (v01 BOCHS  BXPC     00000001 BXPC 00000001)
[    0.415611] ACPI: FACP 0x00000000BFFE1A18 000074 (v01 BOCHS  BXPC     00000001 BXPC 00000001)
[    0.415874] ACPI: DSDT 0x00000000BFFE0040 0019D8 (v01 BOCHS  BXPC     00000001 BXPC 00000001)
[    0.415933] ACPI: FACS 0x00000000BFFE0000 000040
[    0.415939] ACPI: APIC 0x00000000BFFE1A8C 0000B0 (v01 BOCHS  BXPC     00000001 BXPC 00000001)
[    0.415945] ACPI: HPET 0x00000000BFFE1B3C 000038 (v01 BOCHS  BXPC     00000001 BXPC 00000001)
[    0.415951] ACPI: WAET 0x00000000BFFE1B74 000028 (v01 BOCHS  BXPC     00000001 BXPC 00000001)
[    0.415955] ACPI: Reserving FACP table memory at [mem 0xbffe1a18-0xbffe1a8b]
[    0.415960] ACPI: Reserving DSDT table memory at [mem 0xbffe0040-0xbffe1a17]
[    0.415963] ACPI: Reserving FACS table memory at [mem 0xbffe0000-0xbffe003f]
[    0.415964] ACPI: Reserving APIC table memory at [mem 0xbffe1a8c-0xbffe1b3b]
[    0.415966] ACPI: Reserving HPET table memory at [mem 0xbffe1b3c-0xbffe1b73]
[    0.415967] ACPI: Reserving WAET table memory at [mem 0xbffe1b74-0xbffe1b9b]
[    0.422573] No NUMA configuration found
[    0.422580] Faking a node at [mem 0x0000000000000000-0x000000013fffffff]
[    0.422592] NODE_DATA(0) allocated [mem 0x13b7fa140-0x13b7fdfff]
[    0.423123] Zone ranges:
[    0.423125]   DMA      [mem 0x0000000000001000-0x0000000000ffffff]
[    0.423130]   DMA32    [mem 0x0000000001000000-0x00000000ffffffff]
[    0.423134]   Normal   [mem 0x0000000100000000-0x000000013fffffff]
[    0.423137] Movable zone start for each node
[    0.423138] Early memory node ranges
[    0.423139]   node   0: [mem 0x0000000000001000-0x000000000009efff]
[    0.423163]   node   0: [mem 0x0000000000100000-0x00000000bffdcfff]
[    0.423167]   node   0: [mem 0x0000000100000000-0x000000013fffffff]
[    0.423170] Initmem setup node 0 [mem 0x0000000000001000-0x000000013fffffff]
[    0.424460] On node 0, zone DMA: 1 pages in unavailable ranges
[    0.425660] On node 0, zone DMA: 97 pages in unavailable ranges
[    0.792632] On node 0, zone Normal: 35 pages in unavailable ranges
[    0.795987] ACPI: PM-Timer IO Port: 0x608
[    0.796080] ACPI: LAPIC_NMI (acpi_id[0xff] dfl dfl lint[0x1])
[    0.797607] IOAPIC[0]: apic_id 0, version 17, address 0xfec00000, GSI 0-23
[    0.797618] ACPI: INT_SRC_OVR (bus 0 bus_irq 0 global_irq 2 dfl dfl)
[    0.797623] ACPI: INT_SRC_OVR (bus 0 bus_irq 5 global_irq 5 high level)
[    0.797626] ACPI: INT_SRC_OVR (bus 0 bus_irq 9 global_irq 9 high level)
[    0.797653] ACPI: INT_SRC_OVR (bus 0 bus_irq 10 global_irq 10 high level)
[    0.797656] ACPI: INT_SRC_OVR (bus 0 bus_irq 11 global_irq 11 high level)
[    0.797665] ACPI: Using ACPI (MADT) for SMP configuration information
[    0.797667] ACPI: HPET id: 0x8086a201 base: 0xfed00000
[    0.797678] TSC deadline timer available
[    0.797689] CPU topo: Max. logical packages:   1
[    0.797691] CPU topo: Max. logical dies:       1
[    0.797692] CPU topo: Max. dies per package:   1
[    0.797701] CPU topo: Max. threads per core:   1
[    0.797725] CPU topo: Num. cores per package:     8
[    0.797727] CPU topo: Num. threads per package:   8
[    0.797728] CPU topo: Allowing 8 present CPUs plus 0 hotplug CPUs
[    0.797876] kvm-guest: APIC: eoi() replaced with kvm_guest_apic_eoi_write()
[    0.798067] kvm-guest: KVM setup pv remote TLB flush
[    0.798123] kvm-guest: setup PV sched yield
[    0.798945] PM: hibernation: Registered nosave memory: [mem 0x00000000-0x00000fff]
[    0.798951] PM: hibernation: Registered nosave memory: [mem 0x0009f000-0x000fffff]
[    0.798954] PM: hibernation: Registered nosave memory: [mem 0xbffdd000-0xffffffff]
[    0.798958] [mem 0xc0000000-0xfeffbfff] available for PCI devices
[    0.798962] Booting paravirtualized kernel on KVM
[    0.799001] clocksource: refined-jiffies: mask: 0xffffffff max_cycles: 0xffffffff, max_idle_ns: 1910969940391419 ns
[    0.823882] setup_percpu: NR_CPUS:64 nr_cpumask_bits:8 nr_cpu_ids:8 nr_node_ids:1
[    0.833583] percpu: Embedded 54 pages/cpu s182680 r8192 d30312 u262144
[    0.833819] Kernel command line: console=ttyS0 root=/dev/vda rw net.ifnames=0 systemd.mask=sys-kernel-config.mount mitigations=off kunit.enable=0 log_buf_len=16M corten=on corten_mode_default=on
[    0.837527] corten: requested on, activating at initcall time
[    0.837547] corten: execve default entry enabled
[    0.838175] random: crng init done
[    0.857425] Dentry cache hash table entries: 524288 (order: 10, 4194304 bytes, linear)
[    0.866735] Inode-cache hash table entries: 262144 (order: 9, 2097152 bytes, linear)
[    0.868096] software IO TLB: area num 8.
[    1.354051] Fallback order for Node 0: 0 
[    1.354099] Built 1 zonelists, mobility grouping on.  Total pages: 1048443
[    1.354104] Policy zone: Normal
[    1.354110] mem auto-init: stack:off, heap alloc:off, heap free:off
[    1.377087] SLUB: HWalign=64, Order=0-3, MinObjects=0, CPUs=8, Nodes=1
[    1.392995] Dynamic Preempt: voluntary
[    1.394453] rcu: Preemptible hierarchical RCU implementation.
[    1.394457] rcu: 	RCU event tracing is enabled.
[    1.394458] rcu: 	RCU restricting CPUs from NR_CPUS=64 to nr_cpu_ids=8.
[    1.394463] 	Trampoline variant of Tasks RCU enabled.
[    1.394464] 	Tracing variant of Tasks RCU enabled.
[    1.394465] rcu: RCU calculated value of scheduler-enlistment delay is 100 jiffies.
[    1.394467] rcu: Adjusting geometry for rcu_fanout_leaf=16, nr_cpu_ids=8
[    1.394559] RCU Tasks: Setting shift to 3 and lim to 1 rcu_task_cb_adjust=1 rcu_task_cpu_ids=8.
[    1.394564] RCU Tasks Trace: Setting shift to 3 and lim to 1 rcu_task_cb_adjust=1 rcu_task_cpu_ids=8.
[    1.410916] NR_IRQS: 4352, nr_irqs: 488, preallocated irqs: 16
[    1.413153] rcu: srcu_init: Setting srcu_struct sizes based on contention.
[    1.531295] Console: colour VGA+ 80x25
[    1.531749] printk: legacy console [ttyS0] enabled
[    2.263302] ACPI: Core revision 20250807
[    2.269250] clocksource: hpet: mask: 0xffffffff max_cycles: 0xffffffff, max_idle_ns: 19112604467 ns
[    2.279265] APIC: Switch to symmetric I/O mode setup
[    2.290787] x2apic enabled
[    2.300166] APIC: Switched APIC routing to: physical x2apic
[    2.306863] kvm-guest: APIC: send_IPI_mask() replaced with kvm_send_ipi_mask()
[    2.314885] kvm-guest: APIC: send_IPI_mask_allbutself() replaced with kvm_send_ipi_mask_allbutself()
[    2.325185] kvm-guest: setup PV IPIs
[    2.352389] ..TIMER: vector=0x30 apic1=0 pin1=2 apic2=-1 pin2=-1
[    2.359513] clocksource: tsc-early: mask: 0xffffffffffffffff max_cycles: 0x22df0f35937, max_idle_ns: 440795269039 ns
[    2.372074] Calibrating delay loop (skipped) preset value.. 4838.39 BogoMIPS (lpj=2419198)
[    2.375058] x86/cpu: User Mode Instruction Prevention (UMIP) activated
[    2.376058] Last level iTLB entries: 4KB 0, 2MB 0, 4MB 0
[    2.376079] Last level dTLB entries: 4KB 0, 2MB 0, 4MB 0, 1GB 0
[    2.379430] mitigations: Enabled attack vectors: SMT mitigations: off
[    2.380223] Speculative Store Bypass: Vulnerable
[    2.381072] Spectre V2 : Vulnerable
[    2.382071] ITS: Vulnerable
[    2.383069] Spectre V1 : Vulnerable: __user pointer sanitization and usercopy barriers only; no swapgs barriers
[    2.384328] x86/fpu: Supporting XSAVE feature 0x001: 'x87 floating point registers'
[    2.385070] x86/fpu: Supporting XSAVE feature 0x002: 'SSE registers'
[    2.386071] x86/fpu: Supporting XSAVE feature 0x004: 'AVX registers'
[    2.388075] x86/fpu: Supporting XSAVE feature 0x200: 'Protection Keys User registers'
[    2.389063] x86/fpu: xstate_offset[2]:  576, xstate_sizes[2]:  256
[    2.390067] x86/fpu: xstate_offset[9]:  832, xstate_sizes[9]:    8
[    2.391072] x86/fpu: Enabled xstate features 0x207, context size is 840 bytes, using 'compacted' format.
[    2.485058] Freeing SMP alternatives memory: 64K
[    2.485080] pid_max: default: 32768 minimum: 301
[    2.486304] LSM: initializing lsm=capability,selinux
[    2.487118] SELinux:  Initializing.
[    2.490058] Mount-cache hash table entries: 8192 (order: 4, 65536 bytes, linear)
[    2.490254] Mountpoint-cache hash table entries: 8192 (order: 4, 65536 bytes, linear)
[    2.495058] smpboot: CPU0: 13th Gen Intel(R) Core(TM) i9-13900HX (family: 0x6, model: 0xb7, stepping: 0x1)
[    2.496514] Performance Events: Alderlake Hybrid events, core PMU driver.
[    2.498116] core: CPUID marked event: 'cpu cycles' unavailable
[    2.499113] core: CPUID marked event: 'instructions' unavailable
[    2.500325] core: CPUID marked event: 'bus cycles' unavailable
[    2.501120] core: CPUID marked event: 'cache references' unavailable
[    2.502101] core: CPUID marked event: 'cache misses' unavailable
[    2.503258] core: CPUID marked event: 'branch instructions' unavailable
[    2.504112] core: CPUID marked event: 'branch misses' unavailable
[    2.505751] core: The event 0x100 is not supported as a normal event.
[    2.506076] core: The event 0x300 is not supported as a normal event.
[    2.507101] core: The event 0x400 is not supported as a normal event.
[    2.508102] core: The event 0x8000 is not supported as a normal event.
[    2.509100] core: The event 0x8100 is not supported as a normal event.
[    2.510120] core: The event 0x8200 is not supported as a normal event.
[    2.511126] core: The event 0x8300 is not supported as a normal event.
[    2.512102] core: The event 0x8400 is not supported as a normal event.
[    2.513213] core: The event 0x8500 is not supported as a normal event.
[    2.514116] core: The event 0x8600 is not supported as a normal event.
[    2.515126] core: The event 0x8700 is not supported as a normal event.
[    2.517171] core: cpu_core PMU driver: 
[    2.518099] ... version:                   1
[    2.519098] ... bit width:                 48
[    2.520098] ... generic counters:          6
[    2.521114] ... generic bitmap:            000000000000003f
[    2.522107] ... fixed-purpose counters:    0
[    2.523114] ... fixed-purpose bitmap:      0000000000000000
[    2.524104] ... value mask:                0000ffffffffffff
[    2.525118] ... max period:                000000007fffffff
[    2.526117] ... global_ctrl mask:          000100000000003f
[    2.528274] signal: max sigframe size: 3632
[    2.529301] rcu: Hierarchical SRCU implementation.
[    2.530109] rcu: 	Max phase no-delay instances is 400.
[    2.532320] Timer migration: 1 hierarchy levels; 8 children per group; 1 crossnode level
[    2.536444] corten: page descriptors enabled
[    2.538269] smp: Bringing up secondary CPUs ...
[    2.540660] smpboot: x86: Booting SMP configuration:
[    2.541119] .... node  #0, CPUs:      #1 #2 #3 #4 #5 #6 #7
[    2.597699] smp: Brought up 1 node, 8 CPUs
[    2.599075] smpboot: Total of 8 processors activated (38707.16 BogoMIPS)
[    2.604679] Memory: 3926876K/4193772K available (21770K kernel code, 3206K rwdata, 9220K rodata, 3292K init, 1120K bss, 261312K reserved, 0K cma-reserved)
[    2.606112] devtmpfs: initialized
[    2.610104] clocksource: jiffies: mask: 0xffffffff max_cycles: 0xffffffff, max_idle_ns: 1911260446275000 ns
[    2.611130] posixtimers hash table entries: 4096 (order: 4, 65536 bytes, linear)
[    2.612507] futex hash table entries: 2048 (131072 bytes on 1 NUMA nodes, total 128 KiB, linear).
[    2.613660] PM: RTC time: 11:54:53, date: 2026-10-08
[    2.628755] NET: Registered PF_NETLINK/PF_ROUTE protocol family
[    2.630606] audit: initializing netlink subsys (disabled)
[    2.632257] audit: type=2000 audit(1791460492.721:1): state=initialized audit_enabled=0 res=1
[    2.632748] thermal_sys: Registered thermal governor 'step_wise'
[    2.633261] cpuidle: using governor menu
[    2.638936] PCI: Using configuration type 1 for base access
[    2.640465] kprobes: kprobe jump-optimization is enabled. All kprobes are optimized if possible.
[    2.652297] HugeTLB: registered 2.00 MiB page size, pre-allocated 0 pages
[    2.653106] HugeTLB: 28 KiB vmemmap can be freed for a 2.00 MiB page
[    2.726876] ACPI: Added _OSI(Module Device)
[    2.727109] ACPI: Added _OSI(Processor Device)
[    2.728111] ACPI: Added _OSI(Processor Aggregator Device)
[    2.731439] ACPI: 1 ACPI AML tables successfully acquired and loaded
[    2.739457] ACPI: Interpreter enabled
[    2.740138] ACPI: PM: (supports S0 S3 S4 S5)
[    2.741186] ACPI: Using IOAPIC for interrupt routing
[    2.742114] PCI: Using host bridge windows from ACPI; if necessary, use "pci=nocrs" and report a bug
[    2.743106] PCI: Using E820 reservations for host bridge windows
[    2.744497] ACPI: Enabled 2 GPEs in block 00 to 0F
[    2.758177] ACPI: PCI Root Bridge [PCI0] (domain 0000 [bus 00-ff])
[    2.759120] acpi PNP0A03:00: _OSC: OS supports [ASPM ClockPM Segments MSI HPX-Type3]
[    2.760074] acpi PNP0A03:00: _OSC: not requesting OS control; OS requires [ExtendedConfig ASPM ClockPM MSI]
[    2.761390] acpi PNP0A03:00: fail to add MMCONFIG information, can't access extended configuration space under this bridge
[    2.762481] PCI host bridge to bus 0000:00
[    2.763077] pci_bus 0000:00: root bus resource [io  0x0000-0x0cf7 window]
[    2.764073] pci_bus 0000:00: root bus resource [io  0x0d00-0xffff window]
[    2.765626] pci_bus 0000:00: root bus resource [mem 0x000a0000-0x000bffff window]
[    2.766105] pci_bus 0000:00: root bus resource [mem 0xc0000000-0xfebfffff window]
[    2.767075] pci_bus 0000:00: root bus resource [mem 0x140000000-0x1bfffffff window]
[    2.768121] pci_bus 0000:00: root bus resource [bus 00-ff]
[    2.769472] pci 0000:00:00.0: [8086:1237] type 00 class 0x060000 conventional PCI endpoint
[    2.776265] pci 0000:00:01.0: [8086:7000] type 00 class 0x060100 conventional PCI endpoint
[    2.780763] pci 0000:00:01.1: [8086:7010] type 00 class 0x010180 conventional PCI endpoint
[    2.784624] pci 0000:00:01.1: BAR 4 [io  0xc0a0-0xc0af]
[    2.785758] pci 0000:00:01.1: BAR 0 [io  0x01f0-0x01f7]: legacy IDE quirk
[    2.786109] pci 0000:00:01.1: BAR 1 [io  0x03f6]: legacy IDE quirk
[    2.787107] pci 0000:00:01.1: BAR 2 [io  0x0170-0x0177]: legacy IDE quirk
[    2.788115] pci 0000:00:01.1: BAR 3 [io  0x0376]: legacy IDE quirk
[    2.790424] pci 0000:00:01.3: [8086:7113] type 00 class 0x068000 conventional PCI endpoint
[    2.793884] pci 0000:00:01.3: quirk: [io  0x0600-0x063f] claimed by PIIX4 ACPI
[    2.794099] pci 0000:00:01.3: quirk: [io  0x0700-0x070f] claimed by PIIX4 SMB
[    2.797058] pci 0000:00:02.0: [1234:1111] type 00 class 0x030000 conventional PCI endpoint
[    2.803720] pci 0000:00:02.0: BAR 0 [mem 0xfd000000-0xfdffffff pref]
[    2.805280] pci 0000:00:02.0: BAR 2 [mem 0xfeb90000-0xfeb90fff]
[    2.806426] pci 0000:00:02.0: ROM [mem 0xfeb80000-0xfeb8ffff pref]
[    2.811660] pci 0000:00:02.0: Video device with shadowed ROM at [mem 0x000c0000-0x000dffff]
[    2.827212] pci 0000:00:03.0: [1af4:1000] type 00 class 0x020000 conventional PCI endpoint
[    2.831209] pci 0000:00:03.0: BAR 0 [io  0xc080-0xc09f]
[    2.832197] pci 0000:00:03.0: BAR 1 [mem 0xfeb91000-0xfeb91fff]
[    2.833742] pci 0000:00:03.0: BAR 4 [mem 0xfe000000-0xfe003fff 64bit pref]
[    2.834205] pci 0000:00:03.0: ROM [mem 0xfeb00000-0xfeb7ffff pref]
[    2.842058] pci 0000:00:04.0: [1af4:1001] type 00 class 0x010000 conventional PCI endpoint
[    2.845213] pci 0000:00:04.0: BAR 0 [io  0xc000-0xc07f]
[    2.846202] pci 0000:00:04.0: BAR 1 [mem 0xfeb92000-0xfeb92fff]
[    2.847206] pci 0000:00:04.0: BAR 4 [mem 0xfe004000-0xfe007fff 64bit pref]
[    2.868058] ACPI: PCI: Interrupt link LNKA configured for IRQ 10
[    2.869942] ACPI: PCI: Interrupt link LNKB configured for IRQ 10
[    2.870714] ACPI: PCI: Interrupt link LNKC configured for IRQ 11
[    2.871873] ACPI: PCI: Interrupt link LNKD configured for IRQ 11
[    2.872956] ACPI: PCI: Interrupt link LNKS configured for IRQ 9
[    2.892773] iommu: Default domain type: Translated
[    2.893109] iommu: DMA domain TLB invalidation policy: lazy mode
[    2.907354] SCSI subsystem initialized
[    2.913613] ACPI: bus type USB registered
[    2.914273] usbcore: registered new interface driver usbfs
[    2.915402] usbcore: registered new interface driver hub
[    2.916311] usbcore: registered new device driver usb
[    2.917415] pps_core: LinuxPPS API ver. 1 registered
[    2.918099] pps_core: Software ver. 5.3.6 - Copyright 2005-2007 Rodolfo Giometti <giometti@linux.it>
[    2.919104] PTP clock support registered
[    2.923508] Advanced Linux Sound Architecture Driver Initialized.
[    2.936900] NetLabel: Initializing
[    2.937111] NetLabel:  domain hash size = 128
[    2.938106] NetLabel:  protocols = UNLABELED CIPSOv4 CALIPSO
[    2.939794] NetLabel:  unlabeled traffic allowed by default
[    2.944752] PCI: Using ACPI for IRQ routing
[    2.948383] pci 0000:00:02.0: vgaarb: setting as boot VGA device
[    2.949058] pci 0000:00:02.0: vgaarb: bridge control possible
[    2.949058] pci 0000:00:02.0: vgaarb: VGA device added: decodes=io+mem,owns=io+mem,locks=none
[    2.949377] vgaarb: loaded
[    2.953845] hpet0: at MMIO 0xfed00000, IRQs 2, 8, 0
[    2.954214] hpet0: 3 comparators, 64-bit 100.000000 MHz counter
[    2.962535] clocksource: Switched to clocksource kvm-clock
[    2.983363] VFS: Disk quotas dquot_6.6.0
[    2.988711] VFS: Dquot-cache hash table entries: 512 (order 0, 4096 bytes)
[    3.001004] pnp: PnP ACPI init
[    3.006191] pnp: PnP ACPI: found 6 devices
[    3.079384] clocksource: acpi_pm: mask: 0xffffff max_cycles: 0xffffff, max_idle_ns: 2085701024 ns
[    3.090786] NET: Registered PF_INET protocol family
[    3.099945] IP idents hash table entries: 65536 (order: 7, 524288 bytes, linear)
[    3.116538] tcp_listen_portaddr_hash hash table entries: 2048 (order: 3, 32768 bytes, linear)
[    3.126592] Table-perturb hash table entries: 65536 (order: 6, 262144 bytes, linear)
[    3.135624] TCP established hash table entries: 32768 (order: 6, 262144 bytes, linear)
[    3.147735] TCP bind hash table entries: 32768 (order: 8, 1048576 bytes, linear)
[    3.163268] TCP: Hash tables configured (established 32768 bind 32768)
[    3.173410] UDP hash table entries: 2048 (order: 5, 131072 bytes, linear)
[    3.183595] UDP-Lite hash table entries: 2048 (order: 5, 131072 bytes, linear)
[    3.195553] NET: Registered PF_UNIX/PF_LOCAL protocol family
[    3.209960] RPC: Registered named UNIX socket transport module.
[    3.218905] RPC: Registered udp transport module.
[    3.224251] RPC: Registered tcp transport module.
[    3.230956] RPC: Registered tcp-with-tls transport module.
[    3.237395] RPC: Registered tcp NFSv4.1 backchannel transport module.
[    3.251443] pci_bus 0000:00: resource 4 [io  0x0000-0x0cf7 window]
[    3.261843] pci_bus 0000:00: resource 5 [io  0x0d00-0xffff window]
[    3.272678] pci_bus 0000:00: resource 6 [mem 0x000a0000-0x000bffff window]
[    3.282088] pci_bus 0000:00: resource 7 [mem 0xc0000000-0xfebfffff window]
[    3.290454] pci_bus 0000:00: resource 8 [mem 0x140000000-0x1bfffffff window]
[    3.298970] pci 0000:00:01.0: PIIX3: Enabling Passive Release
[    3.308045] pci 0000:00:00.0: Limiting direct PCI/PCI transfers
[    3.317833] PCI: CLS 0 bytes, default 64
[    3.325462] PCI-DMA: Using software bounce buffering for IO (SWIOTLB)
[    3.334612] software IO TLB: mapped [mem 0x00000000bbfdd000-0x00000000bffdd000] (64MB)
[    3.345565] RAPL PMU: API unit is 2^-32 Joules, 0 fixed counters, 10737418240 ms ovfl timer
[    3.358151] clocksource: tsc: mask: 0xffffffffffffffff max_cycles: 0x22df0f35937, max_idle_ns: 440795269039 ns
[    3.409760] Initialise system trusted keyrings
[    3.417076] workingset: timestamp_bits=40 max_order=20 bucket_order=0
[    3.430293] NFS: Registering the id_resolver key type
[    3.436735] Key type id_resolver registered
[    3.441831] Key type id_legacy registered
[    3.447611] 9p: Installing v9fs 9p2000 file system support
[    3.522505] Key type asymmetric registered
[    3.528266] Asymmetric key parser 'x509' registered
[    3.536261] Block layer SCSI generic (bsg) driver version 0.4 loaded (major 251)
[    3.546815] io scheduler mq-deadline registered
[    3.552276] io scheduler kyber registered
[    3.564698] input: Power Button as /devices/LNXSYSTM:00/LNXPWRBN:00/input/input0
[    3.578639] ACPI: button: Power Button [PWRF]
[    3.651195] ACPI: \_SB_.LNKC: Enabled at IRQ 11
[    3.730046] ACPI: \_SB_.LNKD: Enabled at IRQ 10
[    3.752409] Serial: 8250/16550 driver, 4 ports, IRQ sharing enabled
[    3.765551] 00:04: ttyS0 at I/O 0x3f8 (irq = 4, base_baud = 115200) is a 16550A
[    3.791390] Non-volatile memory driver v1.3
[    3.798395] Linux agpgart interface v0.103
[    3.868460] ACPI: bus type drm_connector registered
[    3.932726] loop: module loaded
[    3.940634] virtio_blk virtio1: 8/0/0 default/read/poll queues
[    4.001707] virtio_blk virtio1: [vda] 20971520 512-byte logical blocks (10.7 GB/10.0 GiB)
[    4.024140] zram: Added device: zram0
[    4.042803] scsi host0: ata_piix
[    4.055175] scsi host1: ata_piix
[    4.061932] ata1: PATA max MWDMA2 cmd 0x1f0 ctl 0x3f6 bmdma 0xc0a0 irq 14 lpm-pol 0
[    4.080499] ata2: PATA max MWDMA2 cmd 0x170 ctl 0x376 bmdma 0xc0a8 irq 15 lpm-pol 0
[    4.095349] tun: Universal TUN/TAP device driver, 1.6
[    4.134129] e100: Intel(R) PRO/100 Network Driver
[    4.141179] e100: Copyright(c) 1999-2006 Intel Corporation
[    4.156621] e1000: Intel(R) PRO/1000 Network Driver
[    4.165761] e1000: Copyright (c) 1999-2006 Intel Corporation.
[    4.178433] e1000e: Intel(R) PRO/1000 Network Driver
[    4.184596] e1000e: Copyright(c) 1999 - 2015 Intel Corporation.
[    4.194370] sky2: driver version 1.30
[    4.202240] usbcore: registered new interface driver usblp
[    4.210545] usbcore: registered new interface driver usb-storage
[    4.219492] i8042: PNP: PS/2 Controller [PNP0303:KBD,PNP0f13:MOU] at 0x60,0x64 irq 1,12
[    4.241652] serio: i8042 KBD port at 0x60,0x64 irq 1
[    4.249073] serio: i8042 AUX port at 0x60,0x64 irq 12
[    4.260763] rtc_cmos 00:05: RTC can wake from S4
[    4.270443] input: AT Translated Set 2 keyboard as /devices/platform/i8042/serio0/input/input1
[    4.270849] ata2: found unknown device (class 0)
[    4.282656] rtc_cmos 00:05: registered as rtc0
[    4.285252] rtc_cmos 00:05: alarms up to one day, y3k, 242 bytes nvram, hpet irqs
[    4.300116] ata2.00: ATAPI: QEMU DVD-ROM, 2.5+, max UDMA/100
[    4.315406] device-mapper: ioctl: 4.50.0-ioctl (2025-04-28) initialised: dm-devel@lists.linux.dev
[    4.335739] scsi 1:0:0:0: CD-ROM            QEMU     QEMU DVD-ROM     2.5+ PQ: 0 ANSI: 5
[    4.340353] intel_pstate: CPU model not supported
[    4.360432] hid: raw HID events driver (C) Jiri Kosina
[    4.372603] usbcore: registered new interface driver usbhid
[    4.381415] usbhid: USB HID core driver
[    4.410603] xt_time: kernel timezone is -0000
[    4.420960] sr 1:0:0:0: [sr0] scsi3-mmc drive: 4x/4x cd/rw xa/form2 tray
[    4.423458] Initializing XFRM netlink socket
[    4.430267] cdrom: Uniform CD-ROM driver Revision: 3.20
[    4.444608] NET: Registered PF_INET6 protocol family
[    4.460401] Segment Routing with IPv6
[    4.460594] sr 1:0:0:0: Attached scsi generic sg0 type 5
[    4.465802] In-situ OAM (IOAM) with IPv6
[    4.478607] sit: IPv6, IPv4 and MPLS over IPv4 tunneling driver
[    4.487572] NET: Registered PF_PACKET protocol family
[    4.493497] NET: Registered PF_KEY protocol family
[    4.499558] 9pnet: Installing 9P2000 support
[    4.505567] Key type dns_resolver registered
[    4.512769] NET: Registered PF_VSOCK protocol family
[    4.534698] IPI shorthand broadcast: enabled
[    4.554691] sched_clock: Marking stable (3609071485, 944832904)->(5938684356, -1384779967)
[    4.570337] registered taskstats version 1
[    4.576840] Loading compiled-in X.509 certificates
[    4.596448] Demotion targets for Node 0: null
[    4.603725] Key type .fscrypt registered
[    4.609855] Key type fscrypt-provisioning registered
[    4.621226] PM:   Magic number: 14:681:933
[    4.627938] netconsole: network logging started
[    4.636225] cfg80211: Loading compiled-in X.509 certificates for regulatory database
[    4.652347] kworker/u32:1 (98) used greatest stack depth: 14272 bytes left
[    4.660020] Loaded X.509 cert 'sforshee: 00b28ddf47aef9cea7'
[    4.675424] Loaded X.509 cert 'wens: 61c038651aabdcf94bd0ac7ff06c7248db18c600'
[    4.690290] ALSA device list:
[    4.693408] faux_driver regulatory: Direct firmware load for regulatory.db failed with error -2
[    4.694832]   No soundcards found.
[    4.707022] cfg80211: failed to load regulatory.db
[    4.711951] kunit: disabled
[    4.725717] check access for rdinit=/init failed: -2, ignoring
[    4.851237] input: ImExPS/2 Generic Explorer Mouse as /devices/platform/i8042/serio1/input/input3
[    4.859898] md: Waiting for all devices to be available before autodetect
[    4.865145] md: If you don't use raid, use raid=noautodetect
[    4.869394] md: Autodetecting RAID arrays.
[    4.872435] md: autorun ...
[    4.874586] md: ... autorun DONE.
[    5.004542] EXT4-fs (vda): recovery complete
[    5.013677] EXT4-fs (vda): mounted filesystem 56b1695a-8891-40bd-bc42-c7c8a70fe76d r/w with ordered data mode. Quota mode: none.
[    5.020790] VFS: Mounted root (ext4 filesystem) on device 253:0.
[    5.028848] devtmpfs: mounted
[    5.081520] Freeing unused kernel image (initmem) memory: 3292K
[    5.087239] Write protecting the kernel read-only data: 32768k
[    5.115984] Freeing unused kernel image (text/rodata gap) memory: 756K
[    5.130671] Freeing unused kernel image (rodata/data gap) memory: 1020K
[    5.171627] x86/mm: Checked W+X mappings: passed, no W+X pages found.
[    5.177261] Run /sbin/init as init process
[    5.216266] corten-dbg: auto PLACE ret=0 handed=100000000000
[    5.223448] corten-dbg: late stage OK entry=55d0c7fa98d0 interp_load=100000000000
[    5.272743] corten-dbg: auto PLACE ret=0 handed=100000200000
[    5.296419] corten-dbg: file_attach FAIL ret=-16 addr=fffffef9000 len=77000
[    5.306696] Kernel panic - not syncing: Attempted to kill init! exitcode=0x00007f00
/sbin/in[i t :   err5o.313285] CPU: 0 UID: 0 PID: 1 Comm: init Not tainted 6.18.32-gd3896019cf20-dirty #134 PREEMPT(voluntary) 
[    5.320790] Hardware name: QEMU Standard PC (i440FX + PIIX, 1996), BIOS 1.15.0-1 04/01/2014
[    5.326906] Call Trace:
r while [l o a d in5g. 329504]  <TASK>
shared librarie[s    5.332313]  vpanic+0x34f/0x360
[    5.335779]  panic+0x56/0x60
[    5.338183]  ? sched_mm_cid_before_execve+0xbc/0xe0
: libs[y s t e m5d.-3c4o1r625]  do_exit+0x991/0xb60
[    5.345479]  do_group_exit+0x2b/0x80
[    5.348671]  __x64_sys_exit_group+0x13/0x20
e-257[. s o :  fa5i.l3e5d2045]  x64_sys_call+0x18c5/0x18d0
 to m[a p   s e5g.m3e5n6t5 84]  do_syscall_64+0xa4/0x2f0
from [s h a r e5d. 3o6b0j4e79]  entry_SYSCALL_64_after_hwframe+0x77/0x7f
ct
[    5.364759] RIP: 0033:0x100000023255
[    5.368145] Code: 00 b8 ca 00 00 00 0f 05 c3 66 2e 0f 1f 84 00 00 00 00 00 66 90 ba e7 00 00 00 eb 0a 66 0f 1f 84 00 00 00 00 00 f4 89 d0 0f 05 <48> 3d 00 f0 ff ff 76 f3 f7 d8 89 05 3b 43 01 00 eb e9 66 0f 1f 84
[    5.382035] RSP: 002b:00007ffdfa7dc658 EFLAGS: 00000206 ORIG_RAX: 00000000000000e7
[    5.387798] RAX: ffffffffffffffda RBX: 000010000002c518 RCX: 0000100000023255
[    5.393072] RDX: 00000000000000e7 RSI: 00007ffdfa7dbd20 RDI: 000000000000007f
[    5.398752] RBP: 0000100000200df9 R08: 00000000ffffffff R09: 0000000000000000
[    5.404498] R10: ffffffffffffffff R11: 0000000000000206 R12: 0000000000000000
[    5.410761] R13: 0000000000000001 R14: 0000100000200e10 R15: 0000000000000000
[    5.416276]  </TASK>
[    5.426914] Kernel Offset: 0x31800000 from 0xffffffff81000000 (relocation range: 0xffffffff80000000-0xffffffffbfffffff)
[    5.438211] ---[ end Kernel panic - not syncing: Attempted to kill init! exitcode=0x00007f00 ]---
