[    0.000000] Linux version 6.18.32-g909bccf49fb5-dirty (ppw@vm) (gcc (Ubuntu 11.4.0-1ubuntu1~22.04.3) 11.4.0, GNU ld (GNU Binutils for Ubuntu) 2.38) #126 SMP PREEMPT_DYNAMIC Thu Oct  8 17:20:12 CST 2026
[    0.000000] Command line: console=ttyS0 root=/dev/vda rw net.ifnames=0 systemd.mask=sys-kernel-config.mount mitigations=off kunit.enable=0 log_buf_len=16M corten=on corten_mode_default=on
[    0.000000] BIOS-provided physical RAM map:
[    0.000000] BIOS-e820: [mem 0x0000000000000000-0x000000000009fbff] usable
[    0.000000] BIOS-e820: [mem 0x000000000009fc00-0x000000000009ffff] reserved
[    0.000000] BIOS-e820: [mem 0x00000000000f0000-0x00000000000fffff] reserved
[    0.000000] BIOS-e820: [mem 0x0000000000100000-0x00000000bffdcfff] usable
[    0.000000] BIOS-e820: [mem 0x00000000bffdd000-0x00000000bfffffff] reserved
[    0.000000] BIOS-e820: [mem 0x00000000feffc000-0x00000000feffffff] reserved
[    0.000000] BIOS-e820: [mem 0x00000000fffc0000-0x00000000ffffffff] reserved
[    0.000000] BIOS-e820: [mem 0x0000000100000000-0x000000013fffffff] usable
[    0.000000] NX (Execute Disable) protection: active
[    0.000000] APIC: Static calls initialized
[    0.000000] SMBIOS 2.8 present.
[    0.000000] DMI: QEMU Standard PC (i440FX + PIIX, 1996), BIOS 1.15.0-1 04/01/2014
[    0.000000] DMI: Memory slots populated: 1/1
[    0.000000] Hypervisor detected: KVM
[    0.000000] last_pfn = 0xbffdd max_arch_pfn = 0x400000000
[    0.000000] kvm-clock: Using msrs 4b564d01 and 4b564d00
[    0.000003] kvm-clock: using sched offset of 4932785461 cycles
[    0.000008] clocksource: kvm-clock: mask: 0xffffffffffffffff max_cycles: 0x1cd42e4dffb, max_idle_ns: 881590591483 ns
[    0.000015] tsc: Detected 2419.198 MHz processor
[    0.003963] last_pfn = 0x140000 max_arch_pfn = 0x400000000
[    0.004333] MTRR map: 4 entries (3 fixed + 1 variable; max 19), built from 8 variable MTRRs
[    0.004358] x86/PAT: Configuration [0-7]: WB  WC  UC- UC  WB  WP  UC- WT  
[    0.005136] last_pfn = 0xbffdd max_arch_pfn = 0x400000000
[    0.022109] found SMP MP-table at [mem 0x000f5b90-0x000f5b9f]
[    0.022145] Using GB pages for direct mapping
[    2.779515] printk: log buffer data + meta data: 16777216 + 58720256 = 75497472 bytes
[    2.779630] printk: early log buf free: 260024(99%)
[    2.779638] ACPI: Early table checksum verification disabled
[    2.780242] ACPI: RSDP 0x00000000000F59B0 000014 (v00 BOCHS )
[    2.780391] ACPI: RSDT 0x00000000BFFE1B9C 000034 (v01 BOCHS  BXPC     00000001 BXPC 00000001)
[    2.780406] ACPI: FACP 0x00000000BFFE1A18 000074 (v01 BOCHS  BXPC     00000001 BXPC 00000001)
[    2.780512] ACPI: DSDT 0x00000000BFFE0040 0019D8 (v01 BOCHS  BXPC     00000001 BXPC 00000001)
[    2.780521] ACPI: FACS 0x00000000BFFE0000 000040
[    2.780527] ACPI: APIC 0x00000000BFFE1A8C 0000B0 (v01 BOCHS  BXPC     00000001 BXPC 00000001)
[    2.780534] ACPI: HPET 0x00000000BFFE1B3C 000038 (v01 BOCHS  BXPC     00000001 BXPC 00000001)
[    2.780540] ACPI: WAET 0x00000000BFFE1B74 000028 (v01 BOCHS  BXPC     00000001 BXPC 00000001)
[    2.780545] ACPI: Reserving FACP table memory at [mem 0xbffe1a18-0xbffe1a8b]
[    2.780550] ACPI: Reserving DSDT table memory at [mem 0xbffe0040-0xbffe1a17]
[    2.780553] ACPI: Reserving FACS table memory at [mem 0xbffe0000-0xbffe003f]
[    2.780555] ACPI: Reserving APIC table memory at [mem 0xbffe1a8c-0xbffe1b3b]
[    2.780556] ACPI: Reserving HPET table memory at [mem 0xbffe1b3c-0xbffe1b73]
[    2.780558] ACPI: Reserving WAET table memory at [mem 0xbffe1b74-0xbffe1b9b]
[    2.787975] No NUMA configuration found
[    2.787979] Faking a node at [mem 0x0000000000000000-0x000000013fffffff]
[    2.787983] NODE_DATA(0) allocated [mem 0x13b7fa140-0x13b7fdfff]
[    2.789618] Zone ranges:
[    2.789625]   DMA      [mem 0x0000000000001000-0x0000000000ffffff]
[    2.789632]   DMA32    [mem 0x0000000001000000-0x00000000ffffffff]
[    2.789635]   Normal   [mem 0x0000000100000000-0x000000013fffffff]
[    2.789638] Movable zone start for each node
[    2.789640] Early memory node ranges
[    2.789641]   node   0: [mem 0x0000000000001000-0x000000000009efff]
[    2.789645]   node   0: [mem 0x0000000000100000-0x00000000bffdcfff]
[    2.789648]   node   0: [mem 0x0000000100000000-0x000000013fffffff]
[    2.789652] Initmem setup node 0 [mem 0x0000000000001000-0x000000013fffffff]
[    2.794493] On node 0, zone DMA: 1 pages in unavailable ranges
[    2.807906] On node 0, zone DMA: 97 pages in unavailable ranges
[    4.046826] On node 0, zone Normal: 35 pages in unavailable ranges
[    4.050305] ACPI: PM-Timer IO Port: 0x608
[    4.050468] ACPI: LAPIC_NMI (acpi_id[0xff] dfl dfl lint[0x1])
[    4.051707] IOAPIC[0]: apic_id 0, version 17, address 0xfec00000, GSI 0-23
[    4.051711] ACPI: INT_SRC_OVR (bus 0 bus_irq 0 global_irq 2 dfl dfl)
[    4.051713] ACPI: INT_SRC_OVR (bus 0 bus_irq 5 global_irq 5 high level)
[    4.051714] ACPI: INT_SRC_OVR (bus 0 bus_irq 9 global_irq 9 high level)
[    4.051715] ACPI: INT_SRC_OVR (bus 0 bus_irq 10 global_irq 10 high level)
[    4.051716] ACPI: INT_SRC_OVR (bus 0 bus_irq 11 global_irq 11 high level)
[    4.051718] ACPI: Using ACPI (MADT) for SMP configuration information
[    4.051719] ACPI: HPET id: 0x8086a201 base: 0xfed00000
[    4.051724] TSC deadline timer available
[    4.051727] CPU topo: Max. logical packages:   1
[    4.051728] CPU topo: Max. logical dies:       1
[    4.051728] CPU topo: Max. dies per package:   1
[    4.051731] CPU topo: Max. threads per core:   1
[    4.051732] CPU topo: Num. cores per package:     8
[    4.051732] CPU topo: Num. threads per package:   8
[    4.051733] CPU topo: Allowing 8 present CPUs plus 0 hotplug CPUs
[    4.051764] kvm-guest: APIC: eoi() replaced with kvm_guest_apic_eoi_write()
[    4.051794] kvm-guest: KVM setup pv remote TLB flush
[    4.051810] kvm-guest: setup PV sched yield
[    4.051866] PM: hibernation: Registered nosave memory: [mem 0x00000000-0x00000fff]
[    4.051868] PM: hibernation: Registered nosave memory: [mem 0x0009f000-0x000fffff]
[    4.051869] PM: hibernation: Registered nosave memory: [mem 0xbffdd000-0xffffffff]
[    4.051870] [mem 0xc0000000-0xfeffbfff] available for PCI devices
[    4.051871] Booting paravirtualized kernel on KVM
[    4.051873] clocksource: refined-jiffies: mask: 0xffffffff max_cycles: 0xffffffff, max_idle_ns: 1910969940391419 ns
[    4.073835] setup_percpu: NR_CPUS:64 nr_cpumask_bits:8 nr_cpu_ids:8 nr_node_ids:1
[    4.094330] percpu: Embedded 54 pages/cpu s182680 r8192 d30312 u262144
[    4.094522] Kernel command line: console=ttyS0 root=/dev/vda rw net.ifnames=0 systemd.mask=sys-kernel-config.mount mitigations=off kunit.enable=0 log_buf_len=16M corten=on corten_mode_default=on
[    4.094640] corten: requested on, activating at initcall time
[    4.094644] corten: execve default entry enabled
[    4.094764] random: crng init done
[    4.129734] Dentry cache hash table entries: 524288 (order: 10, 4194304 bytes, linear)
[    4.141915] Inode-cache hash table entries: 262144 (order: 9, 2097152 bytes, linear)
[    4.144129] software IO TLB: area num 8.
[    6.129863] Fallback order for Node 0: 0 
[    6.129880] Built 1 zonelists, mobility grouping on.  Total pages: 1048443
[    6.129884] Policy zone: Normal
[    6.129889] mem auto-init: stack:off, heap alloc:off, heap free:off
[    6.164385] SLUB: HWalign=64, Order=0-3, MinObjects=0, CPUs=8, Nodes=1
[    6.177267] Dynamic Preempt: voluntary
[    6.185440] rcu: Preemptible hierarchical RCU implementation.
[    6.185444] rcu: 	RCU event tracing is enabled.
[    6.185445] rcu: 	RCU restricting CPUs from NR_CPUS=64 to nr_cpu_ids=8.
[    6.185451] 	Trampoline variant of Tasks RCU enabled.
[    6.185452] 	Tracing variant of Tasks RCU enabled.
[    6.185454] rcu: RCU calculated value of scheduler-enlistment delay is 100 jiffies.
[    6.185455] rcu: Adjusting geometry for rcu_fanout_leaf=16, nr_cpu_ids=8
[    6.186334] RCU Tasks: Setting shift to 3 and lim to 1 rcu_task_cb_adjust=1 rcu_task_cpu_ids=8.
[    6.186360] RCU Tasks Trace: Setting shift to 3 and lim to 1 rcu_task_cb_adjust=1 rcu_task_cpu_ids=8.
[    6.234288] NR_IRQS: 4352, nr_irqs: 488, preallocated irqs: 16
[    6.238578] rcu: srcu_init: Setting srcu_struct sizes based on contention.
[    6.338093] Console: colour VGA+ 80x25
[    6.338375] printk: legacy console [ttyS0] enabled
[    7.044360] ACPI: Core revision 20250807
[    7.052084] clocksource: hpet: mask: 0xffffffff max_cycles: 0xffffffff, max_idle_ns: 19112604467 ns
[    7.060176] APIC: Switch to symmetric I/O mode setup
[    7.070169] x2apic enabled
[    7.079126] APIC: Switched APIC routing to: physical x2apic
[    7.085526] kvm-guest: APIC: send_IPI_mask() replaced with kvm_send_ipi_mask()
[    7.090597] kvm-guest: APIC: send_IPI_mask_allbutself() replaced with kvm_send_ipi_mask_allbutself()
[    7.099177] kvm-guest: setup PV IPIs
[    7.125024] ..TIMER: vector=0x30 apic1=0 pin1=2 apic2=-1 pin2=-1
[    7.135004] clocksource: tsc-early: mask: 0xffffffffffffffff max_cycles: 0x22df0f35937, max_idle_ns: 440795269039 ns
[    7.148757] Calibrating delay loop (skipped) preset value.. 4838.39 BogoMIPS (lpj=2419198)
[    7.152469] x86/cpu: User Mode Instruction Prevention (UMIP) activated
[    7.154356] Last level iTLB entries: 4KB 0, 2MB 0, 4MB 0
[    7.154483] Last level dTLB entries: 4KB 0, 2MB 0, 4MB 0, 1GB 0
[    7.155610] mitigations: Enabled attack vectors: SMT mitigations: off
[    7.156484] Speculative Store Bypass: Vulnerable
[    7.157474] Spectre V2 : Vulnerable
[    7.158483] ITS: Vulnerable
[    7.159480] Spectre V1 : Vulnerable: __user pointer sanitization and usercopy barriers only; no swapgs barriers
[    7.161837] x86/fpu: Supporting XSAVE feature 0x001: 'x87 floating point registers'
[    7.162488] x86/fpu: Supporting XSAVE feature 0x002: 'SSE registers'
[    7.163486] x86/fpu: Supporting XSAVE feature 0x004: 'AVX registers'
[    7.164486] x86/fpu: Supporting XSAVE feature 0x200: 'Protection Keys User registers'
[    7.165486] x86/fpu: xstate_offset[2]:  576, xstate_sizes[2]:  256
[    7.166478] x86/fpu: xstate_offset[9]:  832, xstate_sizes[9]:    8
[    7.167479] x86/fpu: Enabled xstate features 0x207, context size is 840 bytes, using 'compacted' format.
[    7.206890] Freeing SMP alternatives memory: 64K
[    7.207481] pid_max: default: 32768 minimum: 301
[    7.209536] LSM: initializing lsm=capability,selinux
[    7.210758] SELinux:  Initializing.
[    7.214469] Mount-cache hash table entries: 8192 (order: 4, 65536 bytes, linear)
[    7.214883] Mountpoint-cache hash table entries: 8192 (order: 4, 65536 bytes, linear)
[    7.232469] smpboot: CPU0: 13th Gen Intel(R) Core(TM) i9-13900HX (family: 0x6, model: 0xb7, stepping: 0x1)
[    7.241368] Performance Events: Alderlake Hybrid events, core PMU driver.
[    7.244518] core: CPUID marked event: 'cpu cycles' unavailable
[    7.245513] core: CPUID marked event: 'instructions' unavailable
[    7.246512] core: CPUID marked event: 'bus cycles' unavailable
[    7.247510] core: CPUID marked event: 'cache references' unavailable
[    7.248512] core: CPUID marked event: 'cache misses' unavailable
[    7.249525] core: CPUID marked event: 'branch instructions' unavailable
[    7.250515] core: CPUID marked event: 'branch misses' unavailable
[    7.252416] core: The event 0x100 is not supported as a normal event.
[    7.252513] core: The event 0x300 is not supported as a normal event.
[    7.253517] core: The event 0x400 is not supported as a normal event.
[    7.254520] core: The event 0x8000 is not supported as a normal event.
[    7.255528] core: The event 0x8100 is not supported as a normal event.
[    7.256533] core: The event 0x8200 is not supported as a normal event.
[    7.257521] core: The event 0x8300 is not supported as a normal event.
[    7.258487] core: The event 0x8400 is not supported as a normal event.
[    7.259483] core: The event 0x8500 is not supported as a normal event.
[    7.260514] core: The event 0x8600 is not supported as a normal event.
[    7.261518] core: The event 0x8700 is not supported as a normal event.
[    7.262986] core: cpu_core PMU driver: 
[    7.263510] ... version:                   1
[    7.264515] ... bit width:                 48
[    7.265482] ... generic counters:          6
[    7.266510] ... generic bitmap:            000000000000003f
[    7.267512] ... fixed-purpose counters:    0
[    7.268509] ... fixed-purpose bitmap:      0000000000000000
[    7.269519] ... value mask:                0000ffffffffffff
[    7.270513] ... max period:                000000007fffffff
[    7.271511] ... global_ctrl mask:          000100000000003f
[    7.273423] signal: max sigframe size: 3632
[    7.274469] rcu: Hierarchical SRCU implementation.
[    7.274516] rcu: 	Max phase no-delay instances is 400.
[    7.277469] Timer migration: 1 hierarchy levels; 8 children per group; 1 crossnode level
[    7.281469] corten: page descriptors enabled
[    7.284376] smp: Bringing up secondary CPUs ...
[    7.288469] smpboot: x86: Booting SMP configuration:
[    7.288523] .... node  #0, CPUs:      #1 #2 #3 #4 #5 #6 #7
[    7.349167] smp: Brought up 1 node, 8 CPUs
[    7.350514] smpboot: Total of 8 processors activated (38707.16 BogoMIPS)
[    7.356705] Memory: 3926872K/4193772K available (21770K kernel code, 3206K rwdata, 9220K rodata, 3292K init, 1120K bss, 261312K reserved, 0K cma-reserved)
[    7.358696] devtmpfs: initialized
[    7.364563] clocksource: jiffies: mask: 0xffffffff max_cycles: 0xffffffff, max_idle_ns: 1911260446275000 ns
[    7.365492] posixtimers hash table entries: 4096 (order: 4, 65536 bytes, linear)
[    7.368320] futex hash table entries: 2048 (131072 bytes on 1 NUMA nodes, total 128 KiB, linear).
[    7.370807] PM: RTC time: 09:35:34, date: 2026-10-08
[    7.419666] NET: Registered PF_NETLINK/PF_ROUTE protocol family
[    7.420801] audit: initializing netlink subsys (disabled)
[    7.425893] audit: type=2000 audit(1791452134.348:1): state=initialized audit_enabled=0 res=1
[    7.426532] thermal_sys: Registered thermal governor 'step_wise'
[    7.427703] cpuidle: using governor menu
[    7.432469] PCI: Using configuration type 1 for base access
[    7.436949] kprobes: kprobe jump-optimization is enabled. All kprobes are optimized if possible.
[    7.444007] HugeTLB: registered 2.00 MiB page size, pre-allocated 0 pages
[    7.444520] HugeTLB: 28 KiB vmemmap can be freed for a 2.00 MiB page
[    7.496469] ACPI: Added _OSI(Module Device)
[    7.496525] ACPI: Added _OSI(Processor Device)
[    7.497517] ACPI: Added _OSI(Processor Aggregator Device)
[    7.501734] ACPI: 1 ACPI AML tables successfully acquired and loaded
[    7.513886] ACPI: Interpreter enabled
[    7.514558] ACPI: PM: (supports S0 S3 S4 S5)
[    7.515593] ACPI: Using IOAPIC for interrupt routing
[    7.516567] PCI: Using host bridge windows from ACPI; if necessary, use "pci=nocrs" and report a bug
[    7.517484] PCI: Using E820 reservations for host bridge windows
[    7.518803] ACPI: Enabled 2 GPEs in block 00 to 0F
[    7.536686] ACPI: PCI Root Bridge [PCI0] (domain 0000 [bus 00-ff])
[    7.537545] acpi PNP0A03:00: _OSC: OS supports [ASPM ClockPM Segments MSI HPX-Type3]
[    7.538525] acpi PNP0A03:00: _OSC: not requesting OS control; OS requires [ExtendedConfig ASPM ClockPM MSI]
[    7.539569] acpi PNP0A03:00: fail to add MMCONFIG information, can't access extended configuration space under this bridge
[    7.540687] PCI host bridge to bus 0000:00
[    7.541490] pci_bus 0000:00: root bus resource [io  0x0000-0x0cf7 window]
[    7.542525] pci_bus 0000:00: root bus resource [io  0x0d00-0xffff window]
[    7.543528] pci_bus 0000:00: root bus resource [mem 0x000a0000-0x000bffff window]
[    7.544487] pci_bus 0000:00: root bus resource [mem 0xc0000000-0xfebfffff window]
[    7.545484] pci_bus 0000:00: root bus resource [mem 0x140000000-0x1bfffffff window]
[    7.546524] pci_bus 0000:00: root bus resource [bus 00-ff]
[    7.548151] pci 0000:00:00.0: [8086:1237] type 00 class 0x060000 conventional PCI endpoint
[    7.552469] pci 0000:00:01.0: [8086:7000] type 00 class 0x060100 conventional PCI endpoint
[    7.556062] pci 0000:00:01.1: [8086:7010] type 00 class 0x010180 conventional PCI endpoint
[    7.558909] pci 0000:00:01.1: BAR 4 [io  0xc0a0-0xc0af]
[    7.560036] pci 0000:00:01.1: BAR 0 [io  0x01f0-0x01f7]: legacy IDE quirk
[    7.560534] pci 0000:00:01.1: BAR 1 [io  0x03f6]: legacy IDE quirk
[    7.561529] pci 0000:00:01.1: BAR 2 [io  0x0170-0x0177]: legacy IDE quirk
[    7.562504] pci 0000:00:01.1: BAR 3 [io  0x0376]: legacy IDE quirk
[    7.565178] pci 0000:00:01.3: [8086:7113] type 00 class 0x068000 conventional PCI endpoint
[    7.567765] pci 0000:00:01.3: quirk: [io  0x0600-0x063f] claimed by PIIX4 ACPI
[    7.568603] pci 0000:00:01.3: quirk: [io  0x0700-0x070f] claimed by PIIX4 SMB
[    7.572450] pci 0000:00:02.0: [1234:1111] type 00 class 0x030000 conventional PCI endpoint
[    7.581053] pci 0000:00:02.0: BAR 0 [mem 0xfd000000-0xfdffffff pref]
[    7.583686] pci 0000:00:02.0: BAR 2 [mem 0xfeb90000-0xfeb90fff]
[    7.584820] pci 0000:00:02.0: ROM [mem 0xfeb80000-0xfeb8ffff pref]
[    7.593207] pci 0000:00:02.0: Video device with shadowed ROM at [mem 0x000c0000-0x000dffff]
[    7.627353] pci 0000:00:03.0: [1af4:1000] type 00 class 0x020000 conventional PCI endpoint
[    7.630694] pci 0000:00:03.0: BAR 0 [io  0xc080-0xc09f]
[    7.631523] pci 0000:00:03.0: BAR 1 [mem 0xfeb91000-0xfeb91fff]
[    7.632830] pci 0000:00:03.0: BAR 4 [mem 0xfe000000-0xfe003fff 64bit pref]
[    7.633749] pci 0000:00:03.0: ROM [mem 0xfeb00000-0xfeb7ffff pref]
[    7.638972] pci 0000:00:04.0: [1af4:1001] type 00 class 0x010000 conventional PCI endpoint
[    7.641517] pci 0000:00:04.0: BAR 0 [io  0xc000-0xc07f]
[    7.642601] pci 0000:00:04.0: BAR 1 [mem 0xfeb92000-0xfeb92fff]
[    7.643585] pci 0000:00:04.0: BAR 4 [mem 0xfe004000-0xfe007fff 64bit pref]
[    7.665795] ACPI: PCI: Interrupt link LNKA configured for IRQ 10
[    7.667359] ACPI: PCI: Interrupt link LNKB configured for IRQ 10
[    7.668327] ACPI: PCI: Interrupt link LNKC configured for IRQ 11
[    7.670311] ACPI: PCI: Interrupt link LNKD configured for IRQ 11
[    7.670827] ACPI: PCI: Interrupt link LNKS configured for IRQ 9
[    7.688635] iommu: Default domain type: Translated
[    7.689484] iommu: DMA domain TLB invalidation policy: lazy mode
[    7.704294] SCSI subsystem initialized
[    7.711129] ACPI: bus type USB registered
[    7.712752] usbcore: registered new interface driver usbfs
[    7.714032] usbcore: registered new interface driver hub
[    7.715277] usbcore: registered new device driver usb
[    7.716242] pps_core: LinuxPPS API ver. 1 registered
[    7.716516] pps_core: Software ver. 5.3.6 - Copyright 2005-2007 Rodolfo Giometti <giometti@linux.it>
[    7.717551] PTP clock support registered
[    7.723137] Advanced Linux Sound Architecture Driver Initialized.
[    7.741449] NetLabel: Initializing
[    7.741516] NetLabel:  domain hash size = 128
[    7.742522] NetLabel:  protocols = UNLABELED CIPSOv4 CALIPSO
[    7.745254] NetLabel:  unlabeled traffic allowed by default
[    7.747651] PCI: Using ACPI for IRQ routing
[    7.753050] pci 0000:00:02.0: vgaarb: setting as boot VGA device
[    7.753469] pci 0000:00:02.0: vgaarb: bridge control possible
[    7.753469] pci 0000:00:02.0: vgaarb: VGA device added: decodes=io+mem,owns=io+mem,locks=none
[    7.753526] vgaarb: loaded
[    7.765469] hpet0: at MMIO 0xfed00000, IRQs 2, 8, 0
[    7.766486] hpet0: 3 comparators, 64-bit 100.000000 MHz counter
[    7.773058] clocksource: Switched to clocksource kvm-clock
[    7.821681] VFS: Disk quotas dquot_6.6.0
[    7.828474] VFS: Dquot-cache hash table entries: 512 (order 0, 4096 bytes)
[    7.845224] pnp: PnP ACPI init
[    7.855617] pnp: PnP ACPI: found 6 devices
[    7.946949] clocksource: acpi_pm: mask: 0xffffff max_cycles: 0xffffff, max_idle_ns: 2085701024 ns
[    7.960153] NET: Registered PF_INET protocol family
[    7.976320] IP idents hash table entries: 65536 (order: 7, 524288 bytes, linear)
[    8.005070] tcp_listen_portaddr_hash hash table entries: 2048 (order: 3, 32768 bytes, linear)
[    8.017112] Table-perturb hash table entries: 65536 (order: 6, 262144 bytes, linear)
[    8.028843] TCP established hash table entries: 32768 (order: 6, 262144 bytes, linear)
[    8.039958] TCP bind hash table entries: 32768 (order: 8, 1048576 bytes, linear)
[    8.054304] TCP: Hash tables configured (established 32768 bind 32768)
[    8.063010] UDP hash table entries: 2048 (order: 5, 131072 bytes, linear)
[    8.071781] UDP-Lite hash table entries: 2048 (order: 5, 131072 bytes, linear)
[    8.082716] NET: Registered PF_UNIX/PF_LOCAL protocol family
[    8.100547] RPC: Registered named UNIX socket transport module.
[    8.107299] RPC: Registered udp transport module.
[    8.112814] RPC: Registered tcp transport module.
[    8.118292] RPC: Registered tcp-with-tls transport module.
[    8.124364] RPC: Registered tcp NFSv4.1 backchannel transport module.
[    8.135990] pci_bus 0000:00: resource 4 [io  0x0000-0x0cf7 window]
[    8.143296] pci_bus 0000:00: resource 5 [io  0x0d00-0xffff window]
[    8.154652] pci_bus 0000:00: resource 6 [mem 0x000a0000-0x000bffff window]
[    8.162188] kwatchdog (77) used greatest stack depth: 15144 bytes left
[    8.164298] pci_bus 0000:00: resource 7 [mem 0xc0000000-0xfebfffff window]
[    8.164309] pci_bus 0000:00: resource 8 [mem 0x140000000-0x1bfffffff window]
[    8.165017] pci 0000:00:01.0: PIIX3: Enabling Passive Release
[    8.199848] pci 0000:00:00.0: quirk_passive_release+0x0/0xa0 took 34079 usecs
[    8.214293] pci 0000:00:00.0: Limiting direct PCI/PCI transfers
[    8.220846] PCI: CLS 0 bytes, default 64
[    8.226968] PCI-DMA: Using software bounce buffering for IO (SWIOTLB)
[    8.234294] software IO TLB: mapped [mem 0x00000000bbfdd000-0x00000000bffdd000] (64MB)
[    8.244509] RAPL PMU: API unit is 2^-32 Joules, 0 fixed counters, 10737418240 ms ovfl timer
[    8.256490] clocksource: tsc: mask: 0xffffffffffffffff max_cycles: 0x22df0f35937, max_idle_ns: 440795269039 ns
[    8.320839] Initialise system trusted keyrings
[    8.329627] workingset: timestamp_bits=40 max_order=20 bucket_order=0
[    8.346774] NFS: Registering the id_resolver key type
[    8.351941] Key type id_resolver registered
[    8.356552] Key type id_legacy registered
[    8.363160] 9p: Installing v9fs 9p2000 file system support
[    8.436090] Key type asymmetric registered
[    8.441177] Asymmetric key parser 'x509' registered
[    8.446695] Block layer SCSI generic (bsg) driver version 0.4 loaded (major 251)
[    8.457537] io scheduler mq-deadline registered
[    8.462235] io scheduler kyber registered
[    8.471800] input: Power Button as /devices/LNXSYSTM:00/LNXPWRBN:00/input/input0
[    8.482654] ACPI: button: Power Button [PWRF]
[    8.550939] ACPI: \_SB_.LNKC: Enabled at IRQ 11
[    8.617207] ACPI: \_SB_.LNKD: Enabled at IRQ 10
[    8.634710] Serial: 8250/16550 driver, 4 ports, IRQ sharing enabled
[    8.645072] 00:04: ttyS0 at I/O 0x3f8 (irq = 4, base_baud = 115200) is a 16550A
[    8.672175] Non-volatile memory driver v1.3
[    8.677707] Linux agpgart interface v0.103
[    8.969182] ACPI: bus type drm_connector registered
[    9.054103] loop: module loaded
[    9.060275] virtio_blk virtio1: 8/0/0 default/read/poll queues
[    9.131841] virtio_blk virtio1: [vda] 20971520 512-byte logical blocks (10.7 GB/10.0 GiB)
[    9.158793] zram: Added device: zram0
[    9.184720] scsi host0: ata_piix
[    9.193232] scsi host1: ata_piix
[    9.197222] ata1: PATA max MWDMA2 cmd 0x1f0 ctl 0x3f6 bmdma 0xc0a0 irq 14 lpm-pol 0
[    9.207424] ata2: PATA max MWDMA2 cmd 0x170 ctl 0x376 bmdma 0xc0a8 irq 15 lpm-pol 0
[    9.222552] tun: Universal TUN/TAP device driver, 1.6
[    9.264627] e100: Intel(R) PRO/100 Network Driver
[    9.268501] e100: Copyright(c) 1999-2006 Intel Corporation
[    9.277025] e1000: Intel(R) PRO/1000 Network Driver
[    9.283791] e1000: Copyright (c) 1999-2006 Intel Corporation.
[    9.289800] e1000e: Intel(R) PRO/1000 Network Driver
[    9.295833] e1000e: Copyright(c) 1999 - 2015 Intel Corporation.
[    9.302955] sky2: driver version 1.30
[    9.309338] usbcore: registered new interface driver usblp
[    9.318203] usbcore: registered new interface driver usb-storage
[    9.330233] i8042: PNP: PS/2 Controller [PNP0303:KBD,PNP0f13:MOU] at 0x60,0x64 irq 1,12
[    9.349306] serio: i8042 KBD port at 0x60,0x64 irq 1
[    9.355169] serio: i8042 AUX port at 0x60,0x64 irq 12
[    9.366272] rtc_cmos 00:05: RTC can wake from S4
[    9.369839] input: AT Translated Set 2 keyboard as /devices/platform/i8042/serio0/input/input1
[    9.384360] rtc_cmos 00:05: registered as rtc0
[    9.385160] ata2: found unknown device (class 0)
[    9.391166] rtc_cmos 00:05: alarms up to one day, y3k, 242 bytes nvram, hpet irqs
[    9.402341] ata2.00: ATAPI: QEMU DVD-ROM, 2.5+, max UDMA/100
[    9.411175] device-mapper: ioctl: 4.50.0-ioctl (2025-04-28) initialised: dm-devel@lists.linux.dev
[    9.430196] scsi 1:0:0:0: CD-ROM            QEMU     QEMU DVD-ROM     2.5+ PQ: 0 ANSI: 5
[    9.431257] intel_pstate: CPU model not supported
[    9.447823] hid: raw HID events driver (C) Jiri Kosina
[    9.459192] usbcore: registered new interface driver usbhid
[    9.467384] usbhid: USB HID core driver
[    9.511104] sr 1:0:0:0: [sr0] scsi3-mmc drive: 4x/4x cd/rw xa/form2 tray
[    9.519468] xt_time: kernel timezone is -0000
[    9.519907] cdrom: Uniform CD-ROM driver Revision: 3.20
[    9.533757] Initializing XFRM netlink socket
[    9.540497] NET: Registered PF_INET6 protocol family
[    9.556029] sr 1:0:0:0: Attached scsi generic sg0 type 5
[    9.561137] Segment Routing with IPv6
[    9.567630] In-situ OAM (IOAM) with IPv6
[    9.573241] sit: IPv6, IPv4 and MPLS over IPv4 tunneling driver
[    9.583248] NET: Registered PF_PACKET protocol family
[    9.588016] NET: Registered PF_KEY protocol family
[    9.594157] 9pnet: Installing 9P2000 support
[    9.600158] Key type dns_resolver registered
[    9.606178] NET: Registered PF_VSOCK protocol family
[    9.622325] IPI shorthand broadcast: enabled
[    9.644755] sched_clock: Marking stable (8747149773, 896848479)->(11148111727, -1504113475)
[    9.661400] registered taskstats version 1
[    9.679213] Loading compiled-in X.509 certificates
[    9.696546] Demotion targets for Node 0: null
[    9.702756] Key type .fscrypt registered
[    9.706505] Key type fscrypt-provisioning registered
[    9.714867] PM:   Magic number: 14:607:575
[    9.721953]  workqueue: hash matches
[    9.726040] netconsole: network logging started
[    9.732505] cfg80211: Loading compiled-in X.509 certificates for regulatory database
[    9.751300] kworker/u32:1 (98) used greatest stack depth: 14272 bytes left
[    9.761764] Loaded X.509 cert 'sforshee: 00b28ddf47aef9cea7'
[    9.772463] Loaded X.509 cert 'wens: 61c038651aabdcf94bd0ac7ff06c7248db18c600'
[    9.783710] ALSA device list:
[    9.785831] faux_driver regulatory: Direct firmware load for regulatory.db failed with error -2
[    9.786342]   No soundcards found.
[    9.796219] cfg80211: failed to load regulatory.db
[    9.806214] kunit: disabled
[    9.829042] check access for rdinit=/init failed: -2, ignoring
[    9.984509] input: ImExPS/2 Generic Explorer Mouse as /devices/platform/i8042/serio1/input/input3
[    9.993151] md: Waiting for all devices to be available before autodetect
[   10.000438] md: If you don't use raid, use raid=noautodetect
[   10.007349] md: Autodetecting RAID arrays.
[   10.011635] md: autorun ...
[   10.013725] md: ... autorun DONE.
[   10.164837] EXT4-fs (vda): recovery complete
[   10.171070] EXT4-fs (vda): mounted filesystem 56b1695a-8891-40bd-bc42-c7c8a70fe76d r/w with ordered data mode. Quota mode: none.
[   10.182980] VFS: Mounted root (ext4 filesystem) on device 253:0.
[   10.189802] devtmpfs: mounted
[   10.285466] Freeing unused kernel image (initmem) memory: 3292K
[   10.292193] Write protecting the kernel read-only data: 32768k
[   10.328609] Freeing unused kernel image (text/rodata gap) memory: 756K
[   10.345450] Freeing unused kernel image (rodata/data gap) memory: 1020K
[   10.383126] x86/mm: Checked W+X mappings: passed, no W+X pages found.
[   10.386106] Run /sbin/init as init process
[   10.474338] init[1]: segfault at fffffffc020 ip 000010000001f360 sp 00007fff2e18b6c0 error 4 likely on CPU 5 (core 5, socket 0)
[   10.482860] Code: 01 31 c9 ba 01 00 00 00 48 8b bd 78 fd ff ff 48 89 fe e8 53 cf fe ff 49 89 c6 48 85 c0 0f 84 c4 13 00 00 48 8b 0d 30 6a 01 00 <48> 8b 41 20 0f b7 71 38 48 01 c8 66 41 89 b6 f0 02 00 00 49 89 86
[   10.496331] Kernel panic - not syncing: Attempted to kill init! exitcode=0x0000000b
[   10.502845] CPU: 5 UID: 0 PID: 1 Comm: init Not tainted 6.18.32-g909bccf49fb5-dirty #126 PREEMPT(voluntary) 
[   10.510215] Hardware name: QEMU Standard PC (i440FX + PIIX, 1996), BIOS 1.15.0-1 04/01/2014
[   10.515368] Call Trace:
[   10.520121]  <TASK>
[   10.522840]  vpanic+0x34f/0x360
[   10.529103]  panic+0x56/0x60
[   10.532034]  ? sched_mm_cid_before_execve+0xbc/0xe0
[   10.537824]  do_exit+0x991/0xb60
[   10.541664]  do_group_exit+0x2b/0x80
[   10.544404]  get_signal+0x975/0x980
[   10.548058]  arch_do_signal_or_restart+0x28/0x200
[   10.551801]  ? do_user_addr_fault+0x341/0x830
[   10.555199]  irqentry_exit_to_user_mode+0x13c/0x1a0
[   10.561920]  asm_exc_page_fault+0x26/0x30
[   10.565029] RIP: 0033:0x10000001f360
[   10.567604] Code: 01 31 c9 ba 01 00 00 00 48 8b bd 78 fd ff ff 48 89 fe e8 53 cf fe ff 49 89 c6 48 85 c0 0f 84 c4 13 00 00 48 8b 0d 30 6a 01 00 <48> 8b 41 20 0f b7 71 38 48 01 c8 66 41 89 b6 f0 02 00 00 49 89 86
[   10.578234] RSP: 002b:00007fff2e18b6c0 EFLAGS: 00010206
[   10.580918] RAX: 0000100000200000 RBX: 0000000000000030 RCX: 00000fffffffc000
[   10.584196] RDX: 00001000000378e8 RSI: 00001000002003a8 RDI: 00001000002002f8
[   10.587187] RBP: 00007fff2e18b960 R08: 00001000002005b8 R09: 0000000000000000
[   10.591205] R10: 0000000000000022 R11: 0000000000000246 R12: 0000100000037580
[   10.595558] R13: 00001000000375f0 R14: 0000100000200000 R15: 0000000000000001
[   10.598044]  </TASK>
[   10.615733] Kernel Offset: 0x22200000 from 0xffffffff81000000 (relocation range: 0xffffffff80000000-0xffffffffbfffffff)
[   10.624970] ---[ end Kernel panic - not syncing: Attempted to kill init! exitcode=0x0000000b ]---
