[    0.000000] Linux version 6.18.32-g909bccf49fb5-dirty (ppw@vm) (gcc (Ubuntu 11.4.0-1ubuntu1~22.04.3) 11.4.0, GNU ld (GNU Binutils for Ubuntu) 2.38) #126 SMP PREEMPT_DYNAMIC Thu Oct  8 17:20:12 CST 2026
[    0.000000] Command line: console=ttyS0 panic=-1 corten=on kunit.filter_glob=corten*
[    0.000000] BIOS-provided physical RAM map:
[    0.000000] BIOS-e820: [mem 0x0000000000000000-0x000000000009fbff] usable
[    0.000000] BIOS-e820: [mem 0x000000000009fc00-0x000000000009ffff] reserved
[    0.000000] BIOS-e820: [mem 0x00000000000f0000-0x00000000000fffff] reserved
[    0.000000] BIOS-e820: [mem 0x0000000000100000-0x00000000bffdcfff] usable
[    0.000000] BIOS-e820: [mem 0x00000000bffdd000-0x00000000bfffffff] reserved
[    0.000000] BIOS-e820: [mem 0x00000000feffc000-0x00000000feffffff] reserved
[    0.000000] BIOS-e820: [mem 0x00000000fffc0000-0x00000000ffffffff] reserved
[    0.000000] BIOS-e820: [mem 0x0000000100000000-0x000000013fffffff] usable
[    0.000000] NX (Execute Disable) protection: active
[    0.000000] APIC: Static calls initialized
[    0.000000] SMBIOS 2.8 present.
[    0.000000] DMI: QEMU Standard PC (i440FX + PIIX, 1996), BIOS 1.15.0-1 04/01/2014
[    0.000000] DMI: Memory slots populated: 1/1
[    0.000000] Hypervisor detected: KVM
[    0.000000] last_pfn = 0xbffdd max_arch_pfn = 0x400000000
[    0.000000] kvm-clock: Using msrs 4b564d01 and 4b564d00
[    0.000005] kvm-clock: using sched offset of 2662513117 cycles
[    0.000010] clocksource: kvm-clock: mask: 0xffffffffffffffff max_cycles: 0x1cd42e4dffb, max_idle_ns: 881590591483 ns
[    0.000098] tsc: Detected 2419.198 MHz processor
[    0.002411] last_pfn = 0x140000 max_arch_pfn = 0x400000000
[    0.002595] MTRR map: 4 entries (3 fixed + 1 variable; max 19), built from 8 variable MTRRs
[    0.002603] x86/PAT: Configuration [0-7]: WB  WC  UC- UC  WB  WP  UC- WT  
[    0.002818] last_pfn = 0xbffdd max_arch_pfn = 0x400000000
[    0.023407] found SMP MP-table at [mem 0x000f5b90-0x000f5b9f]
[    0.024536] Using GB pages for direct mapping
[    0.032581] ACPI: Early table checksum verification disabled
[    0.032726] ACPI: RSDP 0x00000000000F59B0 000014 (v00 BOCHS )
[    0.032861] ACPI: RSDT 0x00000000BFFE1B9C 000034 (v01 BOCHS  BXPC     00000001 BXPC 00000001)
[    0.032976] ACPI: FACP 0x00000000BFFE1A18 000074 (v01 BOCHS  BXPC     00000001 BXPC 00000001)
[    0.033099] ACPI: DSDT 0x00000000BFFE0040 0019D8 (v01 BOCHS  BXPC     00000001 BXPC 00000001)
[    0.033128] ACPI: FACS 0x00000000BFFE0000 000040
[    0.033135] ACPI: APIC 0x00000000BFFE1A8C 0000B0 (v01 BOCHS  BXPC     00000001 BXPC 00000001)
[    0.033142] ACPI: HPET 0x00000000BFFE1B3C 000038 (v01 BOCHS  BXPC     00000001 BXPC 00000001)
[    0.033148] ACPI: WAET 0x00000000BFFE1B74 000028 (v01 BOCHS  BXPC     00000001 BXPC 00000001)
[    0.033153] ACPI: Reserving FACP table memory at [mem 0xbffe1a18-0xbffe1a8b]
[    0.033158] ACPI: Reserving DSDT table memory at [mem 0xbffe0040-0xbffe1a17]
[    0.033160] ACPI: Reserving FACS table memory at [mem 0xbffe0000-0xbffe003f]
[    0.033162] ACPI: Reserving APIC table memory at [mem 0xbffe1a8c-0xbffe1b3b]
[    0.033164] ACPI: Reserving HPET table memory at [mem 0xbffe1b3c-0xbffe1b73]
[    0.033166] ACPI: Reserving WAET table memory at [mem 0xbffe1b74-0xbffe1b9b]
[    0.037958] No NUMA configuration found
[    0.037967] Faking a node at [mem 0x0000000000000000-0x000000013fffffff]
[    0.037979] NODE_DATA(0) allocated [mem 0x13fffa140-0x13fffdfff]
[    0.038615] Zone ranges:
[    0.038617]   DMA      [mem 0x0000000000001000-0x0000000000ffffff]
[    0.038619]   DMA32    [mem 0x0000000001000000-0x00000000ffffffff]
[    0.038621]   Normal   [mem 0x0000000100000000-0x000000013fffffff]
[    0.038622] Movable zone start for each node
[    0.038622] Early memory node ranges
[    0.038623]   node   0: [mem 0x0000000000001000-0x000000000009efff]
[    0.038631]   node   0: [mem 0x0000000000100000-0x00000000bffdcfff]
[    0.038633]   node   0: [mem 0x0000000100000000-0x000000013fffffff]
[    0.038634] Initmem setup node 0 [mem 0x0000000000001000-0x000000013fffffff]
[    0.039108] On node 0, zone DMA: 1 pages in unavailable ranges
[    0.039584] On node 0, zone DMA: 97 pages in unavailable ranges
[    0.494648] On node 0, zone Normal: 35 pages in unavailable ranges
[    0.498534] ACPI: PM-Timer IO Port: 0x608
[    0.498634] ACPI: LAPIC_NMI (acpi_id[0xff] dfl dfl lint[0x1])
[    0.503353] IOAPIC[0]: apic_id 0, version 17, address 0xfec00000, GSI 0-23
[    0.503377] ACPI: INT_SRC_OVR (bus 0 bus_irq 0 global_irq 2 dfl dfl)
[    0.503383] ACPI: INT_SRC_OVR (bus 0 bus_irq 5 global_irq 5 high level)
[    0.503386] ACPI: INT_SRC_OVR (bus 0 bus_irq 9 global_irq 9 high level)
[    0.503417] ACPI: INT_SRC_OVR (bus 0 bus_irq 10 global_irq 10 high level)
[    0.503421] ACPI: INT_SRC_OVR (bus 0 bus_irq 11 global_irq 11 high level)
[    0.503427] ACPI: Using ACPI (MADT) for SMP configuration information
[    0.503428] ACPI: HPET id: 0x8086a201 base: 0xfed00000
[    0.503433] TSC deadline timer available
[    0.503437] CPU topo: Max. logical packages:   1
[    0.503438] CPU topo: Max. logical dies:       1
[    0.503438] CPU topo: Max. dies per package:   1
[    0.503441] CPU topo: Max. threads per core:   1
[    0.503449] CPU topo: Num. cores per package:     8
[    0.503450] CPU topo: Num. threads per package:   8
[    0.503450] CPU topo: Allowing 8 present CPUs plus 0 hotplug CPUs
[    0.503486] kvm-guest: APIC: eoi() replaced with kvm_guest_apic_eoi_write()
[    0.503531] kvm-guest: KVM setup pv remote TLB flush
[    0.503584] kvm-guest: setup PV sched yield
[    0.509998] PM: hibernation: Registered nosave memory: [mem 0x00000000-0x00000fff]
[    0.510007] PM: hibernation: Registered nosave memory: [mem 0x0009f000-0x000fffff]
[    0.510010] PM: hibernation: Registered nosave memory: [mem 0xbffdd000-0xffffffff]
[    0.510015] [mem 0xc0000000-0xfeffbfff] available for PCI devices
[    0.510019] Booting paravirtualized kernel on KVM
[    0.510064] clocksource: refined-jiffies: mask: 0xffffffff max_cycles: 0xffffffff, max_idle_ns: 1910969940391419 ns
[    0.534410] setup_percpu: NR_CPUS:64 nr_cpumask_bits:8 nr_cpu_ids:8 nr_node_ids:1
[    0.549569] percpu: Embedded 54 pages/cpu s182680 r8192 d30312 u262144
[    0.551638] Kernel command line: console=ttyS0 panic=-1 corten=on kunit.filter_glob=corten*
[    0.554765] corten: requested on, activating at initcall time
[    0.554865] random: crng init done
[    0.554868] printk: log buffer data + meta data: 262144 + 917504 = 1179648 bytes
[    0.585544] Dentry cache hash table entries: 524288 (order: 10, 4194304 bytes, linear)
[    0.601224] Inode-cache hash table entries: 262144 (order: 9, 2097152 bytes, linear)
[    0.601917] software IO TLB: area num 8.
[    1.229482] Fallback order for Node 0: 0 
[    1.229522] Built 1 zonelists, mobility grouping on.  Total pages: 1048443
[    1.229527] Policy zone: Normal
[    1.229532] mem auto-init: stack:off, heap alloc:off, heap free:off
[    1.254615] SLUB: HWalign=64, Order=0-3, MinObjects=0, CPUs=8, Nodes=1
[    1.275850] Dynamic Preempt: voluntary
[    1.276617] rcu: Preemptible hierarchical RCU implementation.
[    1.276622] rcu: 	RCU event tracing is enabled.
[    1.276624] rcu: 	RCU restricting CPUs from NR_CPUS=64 to nr_cpu_ids=8.
[    1.276630] 	Trampoline variant of Tasks RCU enabled.
[    1.276631] 	Tracing variant of Tasks RCU enabled.
[    1.276632] rcu: RCU calculated value of scheduler-enlistment delay is 100 jiffies.
[    1.276635] rcu: Adjusting geometry for rcu_fanout_leaf=16, nr_cpu_ids=8
[    1.276742] RCU Tasks: Setting shift to 3 and lim to 1 rcu_task_cb_adjust=1 rcu_task_cpu_ids=8.
[    1.276749] RCU Tasks Trace: Setting shift to 3 and lim to 1 rcu_task_cb_adjust=1 rcu_task_cpu_ids=8.
[    1.294561] NR_IRQS: 4352, nr_irqs: 488, preallocated irqs: 16
[    1.296141] rcu: srcu_init: Setting srcu_struct sizes based on contention.
[    1.377694] Console: colour VGA+ 80x25
[    1.378294] printk: legacy console [ttyS0] enabled
[    2.163949] ACPI: Core revision 20250807
[    2.168752] clocksource: hpet: mask: 0xffffffff max_cycles: 0xffffffff, max_idle_ns: 19112604467 ns
[    2.178791] APIC: Switch to symmetric I/O mode setup
[    2.191049] x2apic enabled
[    2.201634] APIC: Switched APIC routing to: physical x2apic
[    2.210514] kvm-guest: APIC: send_IPI_mask() replaced with kvm_send_ipi_mask()
[    2.219312] kvm-guest: APIC: send_IPI_mask_allbutself() replaced with kvm_send_ipi_mask_allbutself()
[    2.229802] kvm-guest: setup PV IPIs
[    2.252835] ..TIMER: vector=0x30 apic1=0 pin1=2 apic2=-1 pin2=-1
[    2.258397] clocksource: tsc-early: mask: 0xffffffffffffffff max_cycles: 0x22df0f35937, max_idle_ns: 440795269039 ns
[    2.271940] Calibrating delay loop (skipped) preset value.. 4838.39 BogoMIPS (lpj=2419198)
[    2.275608] x86/cpu: User Mode Instruction Prevention (UMIP) activated
[    2.282246] Last level iTLB entries: 4KB 0, 2MB 0, 4MB 0
[    2.282943] Last level dTLB entries: 4KB 0, 2MB 0, 4MB 0, 1GB 0
[    2.284123] mitigations: Enabled attack vectors: user_kernel, user_user, SMT mitigations: auto
[    2.285027] Speculative Store Bypass: Mitigation: Speculative Store Bypass disabled via prctl
[    2.285948] Spectre V2 : Mitigation: Enhanced / Automatic IBRS
[    2.286934] ITS: Mitigation: Aligned branch/return thunks
[    2.287940] Spectre V1 : Mitigation: usercopy/swapgs barriers and __user pointer sanitization
[    2.288989] Spectre V2 : Spectre v2 / PBRSB-eIBRS: Retire a single CALL on VMEXIT
[    2.289952] Spectre V2 : mitigation: Enabling conditional Indirect Branch Prediction Barrier
[    2.290950] active return thunk: its_return_thunk
[    2.292444] x86/fpu: Supporting XSAVE feature 0x001: 'x87 floating point registers'
[    2.292946] x86/fpu: Supporting XSAVE feature 0x002: 'SSE registers'
[    2.293945] x86/fpu: Supporting XSAVE feature 0x004: 'AVX registers'
[    2.294942] x86/fpu: Supporting XSAVE feature 0x200: 'Protection Keys User registers'
[    2.295937] x86/fpu: xstate_offset[2]:  576, xstate_sizes[2]:  256
[    2.296936] x86/fpu: xstate_offset[9]:  832, xstate_sizes[9]:    8
[    2.297945] x86/fpu: Enabled xstate features 0x207, context size is 840 bytes, using 'compacted' format.
[    2.446253] Freeing SMP alternatives memory: 64K
[    2.446953] pid_max: default: 32768 minimum: 301
[    2.448186] LSM: initializing lsm=capability,selinux
[    2.449001] SELinux:  Initializing.
[    2.451315] Mount-cache hash table entries: 8192 (order: 4, 65536 bytes, linear)
[    2.452446] Mountpoint-cache hash table entries: 8192 (order: 4, 65536 bytes, linear)
[    2.458926] smpboot: CPU0: 13th Gen Intel(R) Core(TM) i9-13900HX (family: 0x6, model: 0xb7, stepping: 0x1)
[    2.461187] Performance Events: Alderlake Hybrid events, core PMU driver.
[    2.462982] core: CPUID marked event: 'cpu cycles' unavailable
[    2.463982] core: CPUID marked event: 'instructions' unavailable
[    2.464989] core: CPUID marked event: 'bus cycles' unavailable
[    2.465992] core: CPUID marked event: 'cache references' unavailable
[    2.466955] core: CPUID marked event: 'cache misses' unavailable
[    2.467947] core: CPUID marked event: 'branch instructions' unavailable
[    2.468990] core: CPUID marked event: 'branch misses' unavailable
[    2.470679] core: The event 0x100 is not supported as a normal event.
[    2.470988] core: The event 0x300 is not supported as a normal event.
[    2.471979] core: The event 0x400 is not supported as a normal event.
[    2.472983] core: The event 0x8000 is not supported as a normal event.
[    2.473977] core: The event 0x8100 is not supported as a normal event.
[    2.474989] core: The event 0x8200 is not supported as a normal event.
[    2.475987] core: The event 0x8300 is not supported as a normal event.
[    2.476988] core: The event 0x8400 is not supported as a normal event.
[    2.477986] core: The event 0x8500 is not supported as a normal event.
[    2.478947] core: The event 0x8600 is not supported as a normal event.
[    2.479989] core: The event 0x8700 is not supported as a normal event.
[    2.482095] core: cpu_core PMU driver: 
[    2.482948] ... version:                   1
[    2.483987] ... bit width:                 48
[    2.484992] ... generic counters:          6
[    2.486026] ... generic bitmap:            000000000000003f
[    2.486989] ... fixed-purpose counters:    0
[    2.487986] ... fixed-purpose bitmap:      0000000000000000
[    2.488991] ... value mask:                0000ffffffffffff
[    2.489990] ... max period:                000000007fffffff
[    2.490987] ... global_ctrl mask:          000100000000003f
[    2.493239] signal: max sigframe size: 3632
[    2.495240] rcu: Hierarchical SRCU implementation.
[    2.495945] rcu: 	Max phase no-delay instances is 400.
[    2.497867] Timer migration: 1 hierarchy levels; 8 children per group; 1 crossnode level
[    2.504926] corten: page descriptors enabled
[    2.506323] smp: Bringing up secondary CPUs ...
[    2.508906] smpboot: x86: Booting SMP configuration:
[    2.509002] .... node  #0, CPUs:      #1 #2 #3 #4 #5 #6 #7
[    2.565460] smp: Brought up 1 node, 8 CPUs
[    2.567819] smpboot: Total of 8 processors activated (38707.16 BogoMIPS)
[    2.576713] Memory: 3998304K/4193772K available (21770K kernel code, 3206K rwdata, 9220K rodata, 3292K init, 1120K bss, 187584K reserved, 0K cma-reserved)
[    2.579970] devtmpfs: initialized
[    2.588679] clocksource: jiffies: mask: 0xffffffff max_cycles: 0xffffffff, max_idle_ns: 1911260446275000 ns
[    2.588997] posixtimers hash table entries: 4096 (order: 4, 65536 bytes, linear)
[    2.592123] futex hash table entries: 2048 (131072 bytes on 1 NUMA nodes, total 128 KiB, linear).
[    2.593926] PM: RTC time: 09:21:39, date: 2026-10-08
[    2.609358] NET: Registered PF_NETLINK/PF_ROUTE protocol family
[    2.611031] audit: initializing netlink subsys (disabled)
[    2.614385] audit: type=2000 audit(1791451297.464:1): state=initialized audit_enabled=0 res=1
[    2.614804] thermal_sys: Registered thermal governor 'step_wise'
[    2.615945] cpuidle: using governor menu
[    2.621901] PCI: Using configuration type 1 for base access
[    2.623014] kprobes: kprobe jump-optimization is enabled. All kprobes are optimized if possible.
[    2.630985] HugeTLB: registered 2.00 MiB page size, pre-allocated 0 pages
[    2.631979] HugeTLB: 28 KiB vmemmap can be freed for a 2.00 MiB page
[    2.733765] ACPI: Added _OSI(Module Device)
[    2.733983] ACPI: Added _OSI(Processor Device)
[    2.735744] ACPI: Added _OSI(Processor Aggregator Device)
[    2.739762] ACPI: 1 ACPI AML tables successfully acquired and loaded
[    2.750396] ACPI: Interpreter enabled
[    2.752193] ACPI: PM: (supports S0 S3 S4 S5)
[    2.754944] ACPI: Using IOAPIC for interrupt routing
[    2.759976] PCI: Using host bridge windows from ACPI; if necessary, use "pci=nocrs" and report a bug
[    2.768978] PCI: Using E820 reservations for host bridge windows
[    2.773926] ACPI: Enabled 2 GPEs in block 00 to 0F
[    2.784217] ACPI: PCI Root Bridge [PCI0] (domain 0000 [bus 00-ff])
[    2.790998] acpi PNP0A03:00: _OSC: OS supports [ASPM ClockPM Segments MSI HPX-Type3]
[    2.793948] acpi PNP0A03:00: _OSC: not requesting OS control; OS requires [ExtendedConfig ASPM ClockPM MSI]
[    2.799966] acpi PNP0A03:00: fail to add MMCONFIG information, can't access extended configuration space under this bridge
[    2.807926] PCI host bridge to bus 0000:00
[    2.811007] pci_bus 0000:00: root bus resource [io  0x0000-0x0cf7 window]
[    2.817987] pci_bus 0000:00: root bus resource [io  0x0d00-0xffff window]
[    2.820995] pci_bus 0000:00: root bus resource [mem 0x000a0000-0x000bffff window]
[    2.824982] pci_bus 0000:00: root bus resource [mem 0xc0000000-0xfebfffff window]
[    2.829950] pci_bus 0000:00: root bus resource [mem 0x140000000-0x1bfffffff window]
[    2.838698] pci_bus 0000:00: root bus resource [bus 00-ff]
[    2.844444] pci 0000:00:00.0: [8086:1237] type 00 class 0x060000 conventional PCI endpoint
[    2.854767] pci 0000:00:01.0: [8086:7000] type 00 class 0x060100 conventional PCI endpoint
[    2.862707] pci 0000:00:01.1: [8086:7010] type 00 class 0x010180 conventional PCI endpoint
[    2.866072] pci 0000:00:01.1: BAR 4 [io  0xc0c0-0xc0cf]
[    2.869984] pci 0000:00:01.1: BAR 0 [io  0x01f0-0x01f7]: legacy IDE quirk
[    2.872985] pci 0000:00:01.1: BAR 1 [io  0x03f6]: legacy IDE quirk
[    2.875999] pci 0000:00:01.1: BAR 2 [io  0x0170-0x0177]: legacy IDE quirk
[    2.878984] pci 0000:00:01.1: BAR 3 [io  0x0376]: legacy IDE quirk
[    2.883606] pci 0000:00:01.3: [8086:7113] type 00 class 0x068000 conventional PCI endpoint
[    2.890099] pci 0000:00:01.3: quirk: [io  0x0600-0x063f] claimed by PIIX4 ACPI
[    2.896072] pci 0000:00:01.3: quirk: [io  0x0700-0x070f] claimed by PIIX4 SMB
[    2.901792] pci 0000:00:02.0: [1234:1111] type 00 class 0x030000 conventional PCI endpoint
[    2.923573] pci 0000:00:02.0: BAR 0 [mem 0xfd000000-0xfdffffff pref]
[    2.930237] pci 0000:00:02.0: BAR 2 [mem 0xfebb0000-0xfebb0fff]
[    2.934301] pci 0000:00:02.0: ROM [mem 0xfeba0000-0xfebaffff pref]
[    2.940918] pci 0000:00:02.0: Video device with shadowed ROM at [mem 0x000c0000-0x000dffff]
[    2.961757] pci 0000:00:03.0: [8086:100e] type 00 class 0x020000 conventional PCI endpoint
[    2.972068] pci 0000:00:03.0: BAR 0 [mem 0xfeb80000-0xfeb9ffff]
[    2.977100] pci 0000:00:03.0: BAR 1 [io  0xc080-0xc0bf]
[    2.981369] pci 0000:00:03.0: ROM [mem 0xfeb00000-0xfeb7ffff pref]
[    2.988926] pci 0000:00:04.0: [1af4:1001] type 00 class 0x010000 conventional PCI endpoint
[    3.002106] pci 0000:00:04.0: BAR 0 [io  0xc000-0xc07f]
[    3.006080] pci 0000:00:04.0: BAR 1 [mem 0xfebb1000-0xfebb1fff]
[    3.012342] pci 0000:00:04.0: BAR 4 [mem 0xfe000000-0xfe003fff 64bit pref]
[    3.037079] ACPI: PCI: Interrupt link LNKA configured for IRQ 10
[    3.042661] ACPI: PCI: Interrupt link LNKB configured for IRQ 10
[    3.048715] ACPI: PCI: Interrupt link LNKC configured for IRQ 11
[    3.054741] ACPI: PCI: Interrupt link LNKD configured for IRQ 11
[    3.060509] ACPI: PCI: Interrupt link LNKS configured for IRQ 9
[    3.076975] iommu: Default domain type: Translated
[    3.083034] iommu: DMA domain TLB invalidation policy: lazy mode
[    3.101926] SCSI subsystem initialized
[    3.107157] ACPI: bus type USB registered
[    3.108025] usbcore: registered new interface driver usbfs
[    3.111269] usbcore: registered new interface driver hub
[    3.115008] usbcore: registered new device driver usb
[    3.119453] pps_core: LinuxPPS API ver. 1 registered
[    3.121977] pps_core: Software ver. 5.3.6 - Copyright 2005-2007 Rodolfo Giometti <giometti@linux.it>
[    3.129000] PTP clock support registered
[    3.134876] Advanced Linux Sound Architecture Driver Initialized.
[    3.147758] NetLabel: Initializing
[    3.147977] NetLabel:  domain hash size = 128
[    3.150981] NetLabel:  protocols = UNLABELED CIPSOv4 CALIPSO
[    3.156886] NetLabel:  unlabeled traffic allowed by default
[    3.165158] PCI: Using ACPI for IRQ routing
[    3.172021] pci 0000:00:02.0: vgaarb: setting as boot VGA device
[    3.172926] pci 0000:00:02.0: vgaarb: bridge control possible
[    3.172926] pci 0000:00:02.0: vgaarb: VGA device added: decodes=io+mem,owns=io+mem,locks=none
[    3.178982] vgaarb: loaded
[    3.181328] hpet0: at MMIO 0xfed00000, IRQs 2, 8, 0
[    3.184972] hpet0: 3 comparators, 64-bit 100.000000 MHz counter
[    3.191425] clocksource: Switched to clocksource kvm-clock
[    3.215214] VFS: Disk quotas dquot_6.6.0
[    3.220060] VFS: Dquot-cache hash table entries: 512 (order 0, 4096 bytes)
[    3.234134] pnp: PnP ACPI init
[    3.240828] pnp: PnP ACPI: found 6 devices
[    3.279698] kwatchdog (72) used greatest stack depth: 15640 bytes left
[    3.337472] clocksource: acpi_pm: mask: 0xffffff max_cycles: 0xffffff, max_idle_ns: 2085701024 ns
[    3.346887] NET: Registered PF_INET protocol family
[    3.356116] IP idents hash table entries: 65536 (order: 7, 524288 bytes, linear)
[    3.373434] tcp_listen_portaddr_hash hash table entries: 2048 (order: 3, 32768 bytes, linear)
[    3.383496] Table-perturb hash table entries: 65536 (order: 6, 262144 bytes, linear)
[    3.392979] TCP established hash table entries: 32768 (order: 6, 262144 bytes, linear)
[    3.404579] TCP bind hash table entries: 32768 (order: 8, 1048576 bytes, linear)
[    3.420847] TCP: Hash tables configured (established 32768 bind 32768)
[    3.429297] UDP hash table entries: 2048 (order: 5, 131072 bytes, linear)
[    3.436118] UDP-Lite hash table entries: 2048 (order: 5, 131072 bytes, linear)
[    3.446963] NET: Registered PF_UNIX/PF_LOCAL protocol family
[    3.460914] RPC: Registered named UNIX socket transport module.
[    3.468633] RPC: Registered udp transport module.
[    3.474203] RPC: Registered tcp transport module.
[    3.479687] RPC: Registered tcp-with-tls transport module.
[    3.486040] RPC: Registered tcp NFSv4.1 backchannel transport module.
[    3.514176] pci_bus 0000:00: resource 4 [io  0x0000-0x0cf7 window]
[    3.523706] pci_bus 0000:00: resource 5 [io  0x0d00-0xffff window]
[    3.530983] pci_bus 0000:00: resource 6 [mem 0x000a0000-0x000bffff window]
[    3.538606] pci_bus 0000:00: resource 7 [mem 0xc0000000-0xfebfffff window]
[    3.546251] pci_bus 0000:00: resource 8 [mem 0x140000000-0x1bfffffff window]
[    3.554986] pci 0000:00:01.0: PIIX3: Enabling Passive Release
[    3.562418] pci 0000:00:00.0: Limiting direct PCI/PCI transfers
[    3.570149] PCI: CLS 0 bytes, default 64
[    3.576713] PCI-DMA: Using software bounce buffering for IO (SWIOTLB)
[    3.585570] software IO TLB: mapped [mem 0x00000000bbfdd000-0x00000000bffdd000] (64MB)
[    3.596264] RAPL PMU: API unit is 2^-32 Joules, 0 fixed counters, 10737418240 ms ovfl timer
[    3.606582] clocksource: tsc: mask: 0xffffffffffffffff max_cycles: 0x22df0f35937, max_idle_ns: 440795269039 ns
[    3.686450] Initialise system trusted keyrings
[    3.695719] workingset: timestamp_bits=40 max_order=20 bucket_order=0
[    3.707229] NFS: Registering the id_resolver key type
[    3.713986] Key type id_resolver registered
[    3.719124] Key type id_legacy registered
[    3.726509] 9p: Installing v9fs 9p2000 file system support
[    3.790584] Key type asymmetric registered
[    3.795611] Asymmetric key parser 'x509' registered
[    3.802038] Block layer SCSI generic (bsg) driver version 0.4 loaded (major 251)
[    3.811641] io scheduler mq-deadline registered
[    3.816981] io scheduler kyber registered
[    3.833480] input: Power Button as /devices/LNXSYSTM:00/LNXPWRBN:00/input/input0
[    3.845729] ACPI: button: Power Button [PWRF]
[    3.911143] ACPI: \_SB_.LNKD: Enabled at IRQ 11
[    3.931554] Serial: 8250/16550 driver, 4 ports, IRQ sharing enabled
[    3.942152] 00:04: ttyS0 at I/O 0x3f8 (irq = 4, base_baud = 115200) is a 16550A
[    3.964511] Non-volatile memory driver v1.3
[    3.970199] Linux agpgart interface v0.103
[    4.167879] ACPI: bus type drm_connector registered
[    4.419342] loop: module loaded
[    4.427425] virtio_blk virtio0: 8/0/0 default/read/poll queues
[    4.480358] virtio_blk virtio0: [vda] 20971520 512-byte logical blocks (10.7 GB/10.0 GiB)
[    4.506933] zram: Added device: zram0
[    4.530089] scsi host0: ata_piix
[    4.536249] scsi host1: ata_piix
[    4.540594] ata1: PATA max MWDMA2 cmd 0x1f0 ctl 0x3f6 bmdma 0xc0c0 irq 14 lpm-pol 0
[    4.549245] ata2: PATA max MWDMA2 cmd 0x170 ctl 0x376 bmdma 0xc0c8 irq 15 lpm-pol 0
[    4.563312] tun: Universal TUN/TAP device driver, 1.6
[    4.569160] e100: Intel(R) PRO/100 Network Driver
[    4.577041] e100: Copyright(c) 1999-2006 Intel Corporation
[    4.584091] e1000: Intel(R) PRO/1000 Network Driver
[    4.591766] e1000: Copyright (c) 1999-2006 Intel Corporation.
[    4.653458] ACPI: \_SB_.LNKC: Enabled at IRQ 10
[    4.721305] ata2: found unknown device (class 0)
[    4.738735] ata2.00: ATAPI: QEMU DVD-ROM, 2.5+, max UDMA/100
[    4.762161] scsi 1:0:0:0: CD-ROM            QEMU     QEMU DVD-ROM     2.5+ PQ: 0 ANSI: 5
[    4.837706] sr 1:0:0:0: [sr0] scsi3-mmc drive: 4x/4x cd/rw xa/form2 tray
[    4.847423] cdrom: Uniform CD-ROM driver Revision: 3.20
[    4.890110] sr 1:0:0:0: Attached scsi generic sg0 type 5
[    5.962411] e1000 0000:00:03.0 eth0: (PCI:33MHz:32-bit) 52:54:00:12:34:56
[    5.970407] e1000 0000:00:03.0 eth0: Intel(R) PRO/1000 Network Connection
[    5.978732] e1000e: Intel(R) PRO/1000 Network Driver
[    5.984905] e1000e: Copyright(c) 1999 - 2015 Intel Corporation.
[    5.992027] sky2: driver version 1.30
[    5.999690] usbcore: registered new interface driver usblp
[    6.005801] usbcore: registered new interface driver usb-storage
[    6.014963] i8042: PNP: PS/2 Controller [PNP0303:KBD,PNP0f13:MOU] at 0x60,0x64 irq 1,12
[    6.033795] serio: i8042 KBD port at 0x60,0x64 irq 1
[    6.040169] serio: i8042 AUX port at 0x60,0x64 irq 12
[    6.052245] input: AT Translated Set 2 keyboard as /devices/platform/i8042/serio0/input/input1
[    6.063414] rtc_cmos 00:05: RTC can wake from S4
[    6.082009] rtc_cmos 00:05: registered as rtc0
[    6.092350] rtc_cmos 00:05: alarms up to one day, y3k, 242 bytes nvram, hpet irqs
[    6.112707] device-mapper: ioctl: 4.50.0-ioctl (2025-04-28) initialised: dm-devel@lists.linux.dev
[    6.136308] intel_pstate: CPU model not supported
[    6.145550] hid: raw HID events driver (C) Jiri Kosina
[    6.158977] usbcore: registered new interface driver usbhid
[    6.166954] usbhid: USB HID core driver
[    6.195038] xt_time: kernel timezone is -0000
[    6.200898] Initializing XFRM netlink socket
[    6.206383] NET: Registered PF_INET6 protocol family
[    6.223465] Segment Routing with IPv6
[    6.230140] In-situ OAM (IOAM) with IPv6
[    6.238417] sit: IPv6, IPv4 and MPLS over IPv4 tunneling driver
[    6.248909] NET: Registered PF_PACKET protocol family
[    6.258919] NET: Registered PF_KEY protocol family
[    6.265984] 9pnet: Installing 9P2000 support
[    6.270718] Key type dns_resolver registered
[    6.276339] NET: Registered PF_VSOCK protocol family
[    6.306317] IPI shorthand broadcast: enabled
[    6.333585] sched_clock: Marking stable (5369351270, 963741298)->(7863815811, -1530723243)
[    6.353980] registered taskstats version 1
[    6.359736] Loading compiled-in X.509 certificates
[    6.377457] Demotion targets for Node 0: null
[    6.384949] Key type .fscrypt registered
[    6.394414] Key type fscrypt-provisioning registered
[    6.410957] PM:   Magic number: 14:401:373
[    6.415999] vc vcsa1: hash matches
[    6.420770] netconsole: network logging started
[    6.426607] cfg80211: Loading compiled-in X.509 certificates for regulatory database
[    6.442660] kworker/u32:2 (98) used greatest stack depth: 14896 bytes left
[    6.451366] kworker/u32:2 (99) used greatest stack depth: 13936 bytes left
[    6.455602] Loaded X.509 cert 'sforshee: 00b28ddf47aef9cea7'
[    6.468651] Loaded X.509 cert 'wens: 61c038651aabdcf94bd0ac7ff06c7248db18c600'
[    6.483715] faux_driver regulatory: Direct firmware load for regulatory.db failed with error -2
[    6.485211] ALSA device list:
[    6.495686] cfg80211: failed to load regulatory.db
[    6.507627]   No soundcards found.
[    6.514163] KTAP version 1
[    6.517909] 1..3
[    6.526193]     KTAP version 1
[    6.530546]     # Subtest: corten
[    6.535322]     # module: corten_test
[    6.535330]     1..28
[    6.555865]     ok 1 corten_test_layout # SKIP corten=on boot
[    6.560395]     ok 2 corten_test_ptdesc_get_put
[    6.575758]     ok 3 corten_test_meta_roundtrip
[    6.587116]     ok 4 corten_test_meta_reinit_cleared
[    6.593398]     ok 5 corten_test_covering_level
[    6.604103]     ok 6 corten_test_covering_base_index
[    6.615504]     ok 7 corten_test_txn_covering
[    6.628297]     ok 8 corten_test_txn_hole
[    6.637474]     ok 9 corten_test_txn_stale_eagain
[    6.647968] input: ImExPS/2 Generic Explorer Mouse as /devices/platform/i8042/serio1/input/input3
[    6.649058]     ok 10 corten_test_lock_range_args
[    6.668164]     ok 11 corten_test_txn_state_machine
[    6.680165]     ok 12 corten_test_txn_atomic_validate
[    6.691753]     ok 13 corten_test_txn_real_glue
[    6.700463]     ok 14 corten_test_txn_candidate_churn
[    6.791910]     ok 15 corten_test_txn_mutex_overlap
[    6.854173]     ok 16 corten_test_txn_mutex_disjoint
[    6.866490]     ok 17 corten_test_fail_alloc
[    6.876700]     ok 18 corten_test_txn_hole_fill
[    6.894389]     ok 19 corten_test_txn_hole_race
[    7.143714]     ok 20 corten_test_txn_uninstall_interlock
[    7.157178]     ok 21 corten_test_uninstall_bh_ctx
[    7.166204] ------------[ cut here ]------------
[    7.172928] WARNING: CPU: 5 PID: 155 at mm/corten.c:932 corten_txn_begin+0x1a9/0x4c0
[    7.179314] Modules linked in:
[    7.183052] CPU: 5 UID: 0 PID: 155 Comm: kunit_try_catch Tainted: G                 N  6.18.32-g909bccf49fb5-dirty #126 PREEMPT(voluntary) 
[    7.191048] Tainted: [N]=TEST
[    7.193451] Hardware name: QEMU Standard PC (i440FX + PIIX, 1996), BIOS 1.15.0-1 04/01/2014
[    7.209395] RIP: 0010:corten_txn_begin+0x1a9/0x4c0
[    7.215861] Code: 02 00 00 4c 89 ff 48 89 04 24 e8 22 98 fa 00 4c 89 ff e8 2a 9a fa 00 48 8b 04 24 0f b6 50 25 41 3a 57 25 0f 87 51 ff ff ff 90 <0f> 0b 90 41 80 7e 48 04 0f 86 4d ff ff ff 90 0f 0b 90 48 89 c7 e8
[    7.232671] RSP: 0000:ffff9419c05d7da0 EFLAGS: 00010246
[    7.238834] RAX: ffff913b00fee300 RBX: 0000000000000000 RCX: 0000000000000003
[    7.249315] RDX: 0000000000000002 RSI: 0000000000000005 RDI: ffff913b01d291c0
[    7.260063] RBP: 0000000000000fff R08: ffff913b03118200 R09: ffff9419c05d7e00
[    7.272230] R10: ffff9419c05d7d58 R11: 0000000000000100 R12: ffffffff82e3f220
[    7.285925] R13: ffff913b03118200 R14: ffff9419c05d7e00 R15: ffff913b00fee2a0
[    7.296371] FS:  0000000000000000(0000) GS:ffff913bb7896000(0000) knlGS:0000000000000000
[    7.308944] CS:  0010 DS: 0000 ES: 0000 CR0: 0000000080050033
[    7.314890] CR2: 0000000000000000 CR3: 00000000b2e30001 CR4: 0000000000770ef0
[    7.324614] PKRU: 55555554
[    7.330476] Call Trace:
[    7.334411]  <TASK>
[    7.339267]  ? __pfx_kunit_generic_run_threadfn_adapter+0x10/0x10
[    7.350282]  corten_test_txn_path_overflow+0xb5/0x2a0
[    7.357476]  ? psi_task_switch+0x107/0x290
[    7.363357]  kunit_try_run_case+0x6f/0x150
[    7.370993]  ? __pfx_kunit_generic_run_threadfn_adapter+0x10/0x10
[    7.381934]  kunit_generic_run_threadfn_adapter+0x1c/0x40
[    7.390998]  kthread+0xff/0x1f0
[    7.397627]  ? __pfx_kthread+0x10/0x10
[    7.401858]  ? __pfx_kthread+0x10/0x10
[    7.408079]  ret_from_fork+0x144/0x160
[    7.412910]  ? __pfx_kthread+0x10/0x10
[    7.415533]  ret_from_fork_asm+0x1a/0x30
[    7.422098]  </TASK>
[    7.426680] ---[ end trace 0000000000000000 ]---
[    7.435225] ------------[ cut here ]------------
[    7.442272] WARNING: CPU: 5 PID: 155 at mm/corten.c:824 corten_txn_begin+0x1b8/0x4c0
[    7.452986] Modules linked in:
[    7.456800] CPU: 5 UID: 0 PID: 155 Comm: kunit_try_catch Tainted: G        W        N  6.18.32-g909bccf49fb5-dirty #126 PREEMPT(voluntary) 
[    7.476032] Tainted: [W]=WARN, [N]=TEST
[    7.481656] Hardware name: QEMU Standard PC (i440FX + PIIX, 1996), BIOS 1.15.0-1 04/01/2014
[    7.494946] RIP: 0010:corten_txn_begin+0x1b8/0x4c0
[    7.499537] Code: 4c 89 ff e8 2a 9a fa 00 48 8b 04 24 0f b6 50 25 41 3a 57 25 0f 87 51 ff ff ff 90 0f 0b 90 41 80 7e 48 04 0f 86 4d ff ff ff 90 <0f> 0b 90 48 89 c7 e8 6d f5 ff ff 41 0f b6 46 48 84 c0 74 28 83 e8
[    7.529099] RSP: 0000:ffff9419c05d7da0 EFLAGS: 00010202
[    7.534664] RAX: ffff913b00fee480 RBX: 0000000000000000 RCX: 0000000000000003
[    7.546529] RDX: 0000000000000002 RSI: 0000000000000010 RDI: ffff913b01d291c0
[    7.558887] RBP: 0000000000000fff R08: ffff913b03118200 R09: ffff9419c05d7e00
[    7.565872] R10: ffff9419c05d7d58 R11: 0000000000000100 R12: ffffffff82e3f220
[    7.576416] R13: ffff913b03118200 R14: ffff9419c05d7e00 R15: ffff913b00fee420
[    7.584730] FS:  0000000000000000(0000) GS:ffff913bb7896000(0000) knlGS:0000000000000000
[    7.595367] CS:  0010 DS: 0000 ES: 0000 CR0: 0000000080050033
[    7.602189] CR2: 0000000000000000 CR3: 00000000b2e30001 CR4: 0000000000770ef0
[    7.610217] PKRU: 55555554
[    7.613435] Call Trace:
[    7.616618]  <TASK>
[    7.619234]  ? __pfx_kunit_generic_run_threadfn_adapter+0x10/0x10
[    7.626491]  corten_test_txn_path_overflow+0xb5/0x2a0
[    7.636660]  ? psi_task_switch+0x107/0x290
[    7.640853]  kunit_try_run_case+0x6f/0x150
[    7.646518]  ? __pfx_kunit_generic_run_threadfn_adapter+0x10/0x10
[    7.656437]  kunit_generic_run_threadfn_adapter+0x1c/0x40
[    7.664305]  kthread+0xff/0x1f0
[    7.668098]  ? __pfx_kthread+0x10/0x10
[    7.672577]  ? __pfx_kthread+0x10/0x10
[    7.676843]  ret_from_fork+0x144/0x160
[    7.681082]  ? __pfx_kthread+0x10/0x10
[    7.685182]  ret_from_fork_asm+0x1a/0x30
[    7.687620]  </TASK>
[    7.691835] ---[ end trace 0000000000000000 ]---
[    7.697412] kunit_try_catch (155) used greatest stack depth: 13520 bytes left
[    7.698616]     ok 22 corten_test_txn_path_overflow
[    7.717556]     ok 23 corten_test_txn_child_err
[    7.732035]     ok 24 corten_test_real_huge_leaf
[    7.745677]     ok 25 corten_test_full_window_atomic
[    7.759396]     ok 26 corten_test_unmap_dirty_clamp
[    7.769734]     ok 27 corten_test_unmap_dirty_empty
[    7.781706]     ok 28 corten_test_debugfs_content
[    7.788264] # corten: pass:27 fail:0 skip:1 total:28
[    7.793979] # Totals: pass:27 fail:0 skip:1 total:28
[    7.800057] ok 1 corten
[    7.809937]     KTAP version 1
[    7.813643]     # Subtest: corten_arena
[    7.816688]     # module: corten_arena_test
[    7.816695]     1..149
[    7.838586]     ok 1 corten_arena_test_sweep_anon_resident
[    7.852987]     ok 2 corten_arena_test_sweep_file_resident
[    7.907644]     ok 3 corten_arena_test_sweep_skip_taxonomy
[    7.918736]     ok 4 corten_arena_test_sweep_skip_special_mapping
[    7.929738]     ok 5 corten_arena_test_sweep_skip_brk
[    7.946215]     ok 6 corten_arena_test_sweep_empty_anon
[    7.959512]     ok 7 corten_arena_test_sweep_zero_page
[    7.973117]     ok 8 corten_arena_test_sweep_fork_flags
[    7.990220]     ok 9 corten_arena_test_sweep_fork_mirror
[    8.011686]     ok 10 corten_arena_test_sweep_file_exit
[    8.024898]     ok 11 corten_arena_test_sweep_mixed_frame_exit
[    8.044121]     ok 12 corten_arena_test_sweep_exit_refusal
[    8.061395]     ok 13 corten_arena_test_w7_frame_share_adopt
[    8.080862]     ok 14 corten_arena_test_w7_frame_share_fork
[    8.097396]     ok 15 corten_arena_test_w7_frame_share_exit
[    8.114633]     # corten_arena_test_w7_frame_share_punch: ASSERTION FAILED at mm/corten_arena_test.c:15234
[    8.114633]     Expected corten_arena_test_run_op_full(test, &o) == 0, but
[    8.114633]         corten_arena_test_run_op_full(test, &o) == -2 (0xfffffffffffffffe)
[    8.158229]     not ok 16 corten_arena_test_w7_frame_share_punch
[    8.179201]     ok 17 corten_arena_test_pr0_bss_adopt
[    8.210523]     ok 18 corten_arena_test_pr0_bss_degrade
[    8.223233]     ok 19 corten_arena_test_pr0_shared_punch_whitelist
[    8.234414]     ok 20 corten_arena_test_exec_default_off
[    8.255029]     ok 21 corten_arena_test_exec_default_enter
[    8.267405]     ok 22 corten_arena_test_exec_interp_route
[    8.277919]     ok 23 corten_arena_test_exec_interp_multiseg
[    8.288021]     ok 24 corten_arena_test_declare_reject
[    8.299925]     ok 25 corten_arena_test_declare_reject_flags
[    8.312500]     ok 26 corten_arena_test_declare_query
[    8.324518]     ok 27 corten_arena_test_range_overlaps
[    8.335433] BUG: non-zero pgtables_bytes on freeing mm: 12288
[    8.350051]     ok 28 corten_arena_test_release
[    8.356514]     ok 29 corten_arena_test_ref_born_atomic
[    8.360627]     ok 30 corten_arena_test_release_classify
[    8.373808]     ok 31 corten_arena_test_shadow_vma
[    8.389507]     ok 32 corten_arena_test_exit
[    8.401064]     ok 33 corten_arena_test_prctl
[    8.413856]     ok 34 corten_arena_test_mode
[    8.423330]     ok 35 corten_arena_test_auto_classify
[    8.432488]     ok 36 corten_arena_test_auto_classify_file
[    8.436460]     ok 37 corten_arena_test_auto_place
[    8.451697]     ok 38 corten_arena_test_auto_route
[    8.476167]     ok 39 corten_arena_test_auto_attach_release
[    8.503415]     ok 40 corten_arena_test_file_lifecycle
[    8.513721] ------------[ cut here ]------------
[    8.529184] corten: VM_CORTEN vma reached zap_page_range_single()
[    8.537406] WARNING: CPU: 5 PID: 296 at mm/corten_arena.c:2065 corten_zap_single_guard+0x39/0x50
[    8.547180] Modules linked in:
[    8.551046] CPU: 5 UID: 0 PID: 296 Comm: kunit_try_catch Tainted: G        W        N  6.18.32-g909bccf49fb5-dirty #126 PREEMPT(voluntary) 
[    8.568104] Tainted: [W]=WARN, [N]=TEST
[    8.574813] Hardware name: QEMU Standard PC (i440FX + PIIX, 1996), BIOS 1.15.0-1 04/01/2014
[    8.586579] RIP: 0010:corten_zap_single_guard+0x39/0x50
[    8.595198] Code: 05 54 b0 7a 02 0f b6 05 66 c3 d2 01 84 c0 74 05 c3 cc cc cc cc c6 05 56 c3 d2 01 01 90 48 c7 c7 c8 67 4b 83 e8 28 0d cf ff 90 <0f> 0b 90 90 b8 01 00 00 00 e9 09 42 f9 00 66 0f 1f 84 00 00 00 00
[    8.620948] RSP: 0000:ffff9419c0a2fd60 EFLAGS: 00010282
[    8.626895] RAX: 0000000000000000 RBX: 0000000000000003 RCX: 00000000ffffdfff
[    8.633331] RDX: 0000000000000000 RSI: 00000000ffffffea RDI: 0000000000000001
[    8.641409] RBP: ffff913b015d9800 R08: ffffffff8393e6c8 R09: 00000000ffffdfff
[    8.649928] R10: ffffffff8385e6e0 R11: ffffffff8390e6e0 R12: 0000000001801000
[    8.657812] R13: 0000000000001000 R14: 0000000000000000 R15: ffff913b015d9800
[    8.666529] FS:  0000000000000000(0000) GS:ffff913bb7896000(0000) knlGS:0000000000000000
[    8.675696] CS:  0010 DS: 0000 ES: 0000 CR0: 0000000080050033
[    8.681948] CR2: 0000000000000000 CR3: 00000000b2e30003 CR4: 0000000000770ef0
[    8.687953] PKRU: 55555554
[    8.690033] Call Trace:
[    8.693173]  <TASK>
[    8.695726]  zap_page_range_single+0x1c/0x50
[    8.698598]  corten_arena_test_truncate_route+0xd8e/0x1dc0
[    8.705158]  ? sched_clock_cpu+0xf/0x190
[    8.712093]  ? sched_clock+0x10/0x30
[    8.717291]  ? __pfx_kunit_generic_run_threadfn_adapter+0x10/0x10
[    8.727444]  kunit_try_run_case+0x6f/0x150
[    8.732222]  ? __pfx_kunit_generic_run_threadfn_adapter+0x10/0x10
[    8.741547]  kunit_generic_run_threadfn_adapter+0x1c/0x40
[    8.747534]  kthread+0xff/0x1f0
[    8.749121]  ? __pfx_kthread+0x10/0x10
[    8.756281]  ? __pfx_kthread+0x10/0x10
[    8.763255]  ret_from_fork+0x144/0x160
[    8.766398]  ? __pfx_kthread+0x10/0x10
[    8.773459]  ret_from_fork_asm+0x1a/0x30
[    8.781632]  </TASK>
[    8.784085] ---[ end trace 0000000000000000 ]---
[    8.789646] ------------[ cut here ]------------
[    8.796425] corten: VM_CORTEN vma in a mapping i_mmap walk (stale node)
[    8.803916] WARNING: CPU: 5 PID: 296 at mm/corten_arena.c:2036 corten_arena_imap_stale_guard+0x39/0x50
[    8.818831] Modules linked in:
[    8.822004] CPU: 5 UID: 0 PID: 296 Comm: kunit_try_catch Tainted: G        W        N  6.18.32-g909bccf49fb5-dirty #126 PREEMPT(voluntary) 
[    8.837001] Tainted: [W]=WARN, [N]=TEST
[    8.844190] Hardware name: QEMU Standard PC (i440FX + PIIX, 1996), BIOS 1.15.0-1 04/01/2014
[    8.856285] RIP: 0010:corten_arena_imap_stale_guard+0x39/0x50
[    8.868897] Code: 05 ac b0 7a 02 0f b6 05 c7 c3 d2 01 84 c0 74 05 e9 8c 42 f9 00 c6 05 b7 c3 d2 01 01 90 48 c7 c7 88 67 4b 83 e8 88 0d cf ff 90 <0f> 0b 90 90 b8 01 00 00 00 c3 cc cc cc cc 66 0f 1f 84 00 00 00 00
[    8.893570] RSP: 0000:ffff9419c0a2fd88 EFLAGS: 00010282
[    8.900455] RAX: 0000000000000000 RBX: 0000000000000003 RCX: 00000000ffffdfff
[    8.907205] RDX: 0000000000000000 RSI: 00000000ffffffea RDI: 0000000000000001
[    8.915339] RBP: ffff913b015bb400 R08: ffffffff8393e6c8 R09: 00000000ffffdfff
[    8.923661] R10: ffffffff8385e6e0 R11: ffffffff8390e6e0 R12: ffff913b0159e300
[    8.935952] R13: ffff913b015b0ee8 R14: ffff9419c0013a88 R15: ffff913b015d9800
[    8.944612] FS:  0000000000000000(0000) GS:ffff913bb7896000(0000) knlGS:0000000000000000
[    8.954118] CS:  0010 DS: 0000 ES: 0000 CR0: 0000000080050033
[    8.962886] CR2: 0000000000000000 CR3: 00000000b2e30003 CR4: 0000000000770ef0
[    8.970851] PKRU: 55555554
[    8.975249] Call Trace:
[    8.979558]  <TASK>
[    8.984493]  corten_arena_test_truncate_route+0xecc/0x1dc0
[    8.997225]  ? sched_clock_cpu+0xf/0x190
[    9.005789]  ? sched_clock+0x10/0x30
[    9.009996]  ? __pfx_kunit_generic_run_threadfn_adapter+0x10/0x10
[    9.027173]  kunit_try_run_case+0x6f/0x150
[    9.032635]  ? __pfx_kunit_generic_run_threadfn_adapter+0x10/0x10
[    9.044138]  kunit_generic_run_threadfn_adapter+0x1c/0x40
[    9.053703]  kthread+0xff/0x1f0
[    9.058690]  ? __pfx_kthread+0x10/0x10
[    9.063741]  ? __pfx_kthread+0x10/0x10
[    9.068185]  ret_from_fork+0x144/0x160
[    9.074912]  ? __pfx_kthread+0x10/0x10
[    9.081139]  ret_from_fork_asm+0x1a/0x30
[    9.085131]  </TASK>
[    9.090462] ---[ end trace 0000000000000000 ]---
[    9.099254] kunit_try_catch (296) used greatest stack depth: 13456 bytes left
[    9.107675]     ok 41 corten_arena_test_truncate_route
[    9.135921]     ok 42 corten_arena_test_registry_inval
[    9.161826]     ok 43 corten_arena_test_file_read
[    9.176870]     ok 44 corten_arena_test_file_cow
[    9.195605]     ok 45 corten_arena_test_file_rmap_shared
[    9.221919]     ok 46 corten_arena_test_ttu_file_route
[    9.250352]     ok 47 corten_arena_test_ttu_declines
[    9.274282]     ok 48 corten_arena_test_file_fork_mirror
[    9.307432]     ok 49 corten_arena_test_file_fork_cow
[    9.332988]     ok 50 corten_arena_test_file_fork_pinned
[    9.356888]     ok 51 corten_arena_test_file_hugetlb_route
[    9.375336]     ok 52 corten_arena_test_mag_recycle
[    9.390570]     ok 53 corten_arena_test_mag_marker
[    9.409736]     ok 54 corten_arena_test_pool_reuse
[    9.496965]     ok 55 corten_arena_test_pool_limit
[    9.515391]     ok 56 corten_arena_test_pool_mode_exit
[    9.538731]     ok 57 corten_arena_test_pool_fork
[    9.557934]     ok 58 corten_arena_test_noreplace_parked
[    9.570205]     ok 59 corten_arena_test_noreplace_active
[    9.590324]     ok 60 corten_arena_test_mapfixed_over_parked
[    9.623096]     ok 61 corten_arena_test_explicit_anon_region
[    9.656501]     ok 62 corten_arena_test_explicit_file_region
[    9.696415]     ok 63 corten_arena_test_occupied_incl_idle
[    9.712498] ------------[ cut here ]------------
[    9.732286] corten: foreign vma in parked window 800000-1000000
[    9.741982] WARNING: CPU: 5 PID: 409 at mm/corten_arena.c:13002 corten_arena_pool_reactivate+0x15b/0x170
[    9.758550] Modules linked in:
[    9.761795] CPU: 5 UID: 0 PID: 409 Comm: kunit_try_catch Tainted: G        W        N  6.18.32-g909bccf49fb5-dirty #126 PREEMPT(voluntary) 
[    9.779850] Tainted: [W]=WARN, [N]=TEST
[    9.785209] Hardware name: QEMU Standard PC (i440FX + PIIX, 1996), BIOS 1.15.0-1 04/01/2014
[    9.798091] RIP: 0010:corten_arena_pool_reactivate+0x15b/0x170
[    9.810106] Code: ff ff ff eb c6 b8 f4 ff ff ff eb bf c6 05 67 d0 d2 01 01 90 49 8b 54 24 08 49 8b 34 24 48 c7 c7 58 67 4b 83 e8 36 1a cf ff 90 <0f> 0b 90 90 eb b3 66 66 2e 0f 1f 84 00 00 00 00 00 0f 1f 40 00 90
[    9.843307] RSP: 0000:ffff9419c0db7d50 EFLAGS: 00010286
[    9.856991] RAX: 0000000000000000 RBX: 000000000000000b RCX: 00000000ffffdfff
[    9.865862] RDX: 0000000000000000 RSI: 00000000ffffffea RDI: 0000000000000001
[    9.874920] RBP: 0000000000200073 R08: ffffffff8393e6c8 R09: 00000000ffffdfff
[    9.887501] R10: ffffffff8385e6e0 R11: ffffffff8390e6e0 R12: ffff913b0311d000
[    9.901867] R13: ffff913b0311da00 R14: ffff913b015bdb00 R15: 0000000000000800
[    9.912713] FS:  0000000000000000(0000) GS:ffff913bb7896000(0000) knlGS:0000000000000000
[    9.927350] CS:  0010 DS: 0000 ES: 0000 CR0: 0000000080050033
[    9.937992] CR2: 0000000000000000 CR3: 00000000b2e30004 CR4: 0000000000770ef0
[    9.946677] PKRU: 55555554
[    9.952239] Call Trace:
[    9.956320]  <TASK>
[    9.960056]  corten_arena_auto_mmap_route+0x477/0x4c0
[    9.967949]  ? __pfx_kunit_generic_run_threadfn_adapter+0x10/0x10
[    9.983065]  corten_arena_test_p4_eject+0x1f6/0x6d0
[    9.998515]  ? __pfx_kunit_generic_run_threadfn_adapter+0x10/0x10
[   10.007633]  kunit_try_run_case+0x6f/0x150
[   10.016214]  ? __pfx_kunit_generic_run_threadfn_adapter+0x10/0x10
[   10.030541]  kunit_generic_run_threadfn_adapter+0x1c/0x40
[   10.043416]  kthread+0xff/0x1f0
[   10.047273]  ? __pfx_kthread+0x10/0x10
[   10.058484]  ? __pfx_kthread+0x10/0x10
[   10.069752]  ret_from_fork+0x144/0x160
[   10.083360]  ? __pfx_kthread+0x10/0x10
[   10.096316]  ret_from_fork_asm+0x1a/0x30
[   10.102234]  </TASK>
[   10.105924] ---[ end trace 0000000000000000 ]---
[   10.123650] BUG: non-zero pgtables_bytes on freeing mm: 12288
[   10.133991] kunit_try_catch (409) used greatest stack depth: 13440 bytes left
[   10.141525]     ok 64 corten_arena_test_p4_eject
[   10.164671]     ok 65 corten_arena_test_hint_fence
[   10.182404]     ok 66 corten_arena_test_j1_hooks
[   10.204842]     ok 67 corten_arena_test_j1_self_exempt
[   10.220926]     ok 68 corten_arena_test_uffd_window_reject
[   10.240598]     ok 69 corten_arena_test_j1_implant_exempt
[   10.260174]     ok 70 corten_arena_test_fault_window_shorts
[   10.276466]     ok 71 corten_arena_test_inv_mv2_clean
[   10.282958] ------------[ cut here ]------------
[   10.297008] corten: INV-MV2 violated: 1 window vma(s) outside the implant registry (first at 100000200000)
[   10.312652] WARNING: CPU: 1 PID: 440 at mm/corten_arena.c:14905 corten_audit_j2_scan+0x1e9/0x200
[   10.328219] Modules linked in:
[   10.335014] CPU: 1 UID: 0 PID: 440 Comm: kunit_try_catch Tainted: G        W        N  6.18.32-g909bccf49fb5-dirty #126 PREEMPT(voluntary) 
[   10.354285] Tainted: [W]=WARN, [N]=TEST
[   10.359270] Hardware name: QEMU Standard PC (i440FX + PIIX, 1996), BIOS 1.15.0-1 04/01/2014
[   10.373559] RIP: 0010:corten_audit_j2_scan+0x1e9/0x200
[   10.377624] Code: 5b 5d 41 5c 41 5d 41 5e 41 5f e9 42 e1 f9 00 c6 05 65 62 d3 01 01 90 48 c7 c7 08 65 4b 83 4c 89 e2 44 89 ee e8 38 ac cf ff 90 <0f> 0b 90 90 eb ad e8 9c fc f8 00 66 66 2e 0f 1f 84 00 00 00 00 00
[   10.396553] RSP: 0000:ffff9419c0e9fd58 EFLAGS: 00010282
[   10.404702] RAX: 0000000000000000 RBX: ffff913b037ce1c0 RCX: 00000000ffffdfff
[   10.412210] RDX: 0000000000000000 RSI: 00000000ffffffea RDI: 0000000000000001
[   10.420521] RBP: 00003fffffffffff R08: ffffffff8393e6c8 R09: 00000000ffffdfff
[   10.428722] R10: ffffffff8385e6e0 R11: ffffffff8390e6e0 R12: 0000100000200000
[   10.436931] R13: 0000000000000001 R14: 0000000000000000 R15: 0000000000000000
[   10.447361] FS:  0000000000000000(0000) GS:ffff913bb7796000(0000) knlGS:0000000000000000
[   10.463509] CS:  0010 DS: 0000 ES: 0000 CR0: 0000000080050033
[   10.471256] CR2: 0000000000000000 CR3: 00000000b2e30004 CR4: 0000000000770ef0
[   10.481617] PKRU: 55555554
[   10.485137] Call Trace:
[   10.488247]  <TASK>
[   10.491057]  ? vma_link+0x11f/0x1d0
[   10.495923]  corten_audit_j2_walk+0x55/0x70
[   10.502596]  corten_arena_test_inv_mv2_inject+0x121/0x740
[   10.511625]  ? finish_task_switch.isra.0+0x76/0x250
[   10.518538]  ? __pfx_kunit_generic_run_threadfn_adapter+0x10/0x10
[   10.527995]  kunit_try_run_case+0x6f/0x150
[   10.532779]  ? __pfx_kunit_generic_run_threadfn_adapter+0x10/0x10
[   10.540073]  kunit_generic_run_threadfn_adapter+0x1c/0x40
[   10.548636]  kthread+0xff/0x1f0
[   10.552926]  ? __pfx_kthread+0x10/0x10
[   10.558375]  ? __pfx_kthread+0x10/0x10
[   10.563489]  ret_from_fork+0x144/0x160
[   10.569497]  ? __pfx_kthread+0x10/0x10
[   10.575288]  ret_from_fork_asm+0x1a/0x30
[   10.581665]  </TASK>
[   10.585528] ---[ end trace 0000000000000000 ]---
[   10.603331]     ok 72 corten_arena_test_inv_mv2_inject
[   10.611212]     ok 73 corten_arena_test_inv_mv2_stale
[   10.626135]     ok 74 corten_arena_test_inv_mv2_implant_fork
[   10.651251]     ok 75 corten_arena_test_msync_window_segments
[   10.658092] get_swap_device: Bad swap file entry 400000000000077
[   10.670502] get_swap_device: Bad swap file entry 400000000000077
[   10.689421]     ok 76 corten_arena_test_mincore_route
[   10.696957]     ok 77 corten_arena_test_madvise_parked_terminal
[   10.718680]     ok 78 corten_arena_test_move_pages_window
[   10.746713]     ok 79 corten_arena_test_mvc_row_stream
[   10.765355]     ok 80 corten_arena_test_mvc_merge_first_row
[   10.777012]     # corten_arena_test_mvc_gup_probe: EXPECTATION FAILED at mm/corten_arena_test.c:11609
[   10.777012]     Expected corten_gup_window(mm, a + 8 * ((1UL) << 21), 0, ((void *)0)) == -14, but
[   10.777012]         corten_gup_window(mm, a + 8 * ((1UL) << 21), 0, ((void *)0)) == 1 (0x1)
[   10.796858]     # corten_arena_test_mvc_gup_probe: EXPECTATION FAILED at mm/corten_arena_test.c:11619
[   10.796858]     Expected corten_gup_window(mm, a, 0, ((void *)0)) == -14, but
[   10.796858]         corten_gup_window(mm, a, 0, ((void *)0)) == 1 (0x1)
[   10.823669]     # corten_arena_test_mvc_gup_probe: EXPECTATION FAILED at mm/corten_arena_test.c:11632
[   10.823669]     Expected corten_arena_test_gup_probe_rejects() == rejects + 2, but
[   10.823669]         corten_arena_test_gup_probe_rejects() == 0 (0x0)
[   10.823669]         rejects + 2 == 2 (0x2)
[   21.173142] ------------[ cut here ]------------
[   21.210460] corten: arena [100000000000,100000200000) drain timed out: leaked transaction reference, leaking the descriptor
[   21.224208] WARNING: CPU: 1 PID: 479 at mm/corten_arena.c:1319 corten_arena_drain+0x6f/0x80
[   21.234854] Modules linked in:
[   21.238859] CPU: 1 UID: 0 PID: 479 Comm: corten_arena_op Tainted: G        W        N  6.18.32-g909bccf49fb5-dirty #126 PREEMPT(voluntary) 
[   21.253678] Tainted: [W]=WARN, [N]=TEST
[   21.258550] Hardware name: QEMU Standard PC (i440FX + PIIX, 1996), BIOS 1.15.0-1 04/01/2014
[   21.268131] RIP: 0010:corten_arena_drain+0x6f/0x80
[   21.274847] Code: c4 08 31 c0 5b c3 cc cc cc cc 88 44 24 07 c6 05 0a 60 d3 01 01 90 48 8b 53 08 48 8b 33 48 c7 c7 60 65 4b 83 e8 d2 a9 cf ff 90 <0f> 0b 90 90 0f b6 44 24 07 eb b4 66 0f 1f 44 00 00 90 90 90 90 90
[   21.298888] RSP: 0000:ffff9419c0fd7ca0 EFLAGS: 00010282
[   21.304920] RAX: 0000000000000000 RBX: ffff913b02ef8e00 RCX: 00000000ffffdfff
[   21.313475] RDX: 0000000000000000 RSI: 00000000ffffffea RDI: 0000000000000001
[   21.322028] RBP: ffff913b03835480 R08: ffffffff8393e6c8 R09: 00000000ffffdfff
[   21.330589] R10: ffffffff8385e6e0 R11: ffffffff8390e6e0 R12: 0000000000800000
[   21.339106] R13: ffff913b02ef8c00 R14: ffff913b02ef8e00 R15: ffff913b02934600
[   21.347748] FS:  0000000000000000(0000) GS:ffff913bb7796000(0000) knlGS:0000000000000000
[   21.357535] CS:  0010 DS: 0000 ES: 0000 CR0: 0000000080050033
[   21.364266] CR2: 0000000000000000 CR3: 0000000103068002 CR4: 0000000000770ef0
[   21.373614] PKRU: 55555554
[   21.376904] Call Trace:
[   21.379894]  <TASK>
[   21.382670]  corten_arena_release_arena_locked+0xf1/0x450
[   21.388947]  ? update_load_avg+0x6f/0x3c0
[   21.393890]  ? psi_group_change+0x116/0x300
[   21.398688]  ? xas_load+0xd/0xb0
[   21.403088]  ? xa_load+0x73/0xb0
[   21.407554]  corten_arena_release_locked+0x4e/0x80
[   21.413262]  ? __pfx_corten_arena_test_op_thread+0x10/0x10
[   21.419156]  corten_arena_mode_exit+0x1e6/0x290
[   21.424137]  ? __pfx_corten_arena_test_op_thread+0x10/0x10
[   21.431005]  corten_arena_test_op_mode_exit+0x10/0x20
[   21.436865]  corten_arena_test_op_thread+0x1c/0x40
[   21.442209]  kthread+0xff/0x1f0
[   21.444420]  ? __pfx_kthread+0x10/0x10
[   21.448927]  ? __pfx_kthread+0x10/0x10
[   21.453326]  ret_from_fork+0x144/0x160
[   21.457724]  ? __pfx_kthread+0x10/0x10
[   21.462277]  ret_from_fork_asm+0x1a/0x30
[   21.467007]  </TASK>
[   21.469841] ---[ end trace 0000000000000000 ]---
[   21.477920] corten_arena_op (479) used greatest stack depth: 13264 bytes left
[   21.478044]     # corten_arena_test_mvc_gup_probe: Test should be marked slow (runtime: 10.701851265s)
[   31.928291]     not ok 81 corten_arena_test_mvc_gup_probe
[   42.167840]     # corten_arena_test_w3_futex_gup_shapes: Test should be marked slow (runtime: 10.224009797s)
[   52.412662]     ok 82 corten_arena_test_w3_futex_gup_shapes
[   62.646333]     # corten_arena_test_w3_gup_chunk_promoted_perm: Test should be marked slow (runtime: 10.213586762s)
