[    0.000000] Linux version 6.18.32-ga1e04f7885cc-dirty (ppw@vm) (gcc (Ubuntu 11.4.0-1ubuntu1~22.04.3) 11.4.0, GNU ld (GNU Binutils for Ubuntu) 2.38) #143 SMP PREEMPT_DYNAMIC Fri Oct  9 00:45:53 CST 2026
[    0.000000] Command line: console=ttyS0 root=/dev/vda rw net.ifnames=0 systemd.mask=sys-kernel-config.mount mitigations=off kunit.enable=0 log_buf_len=16M corten=on corten_mode_default=on
[    0.000000] BIOS-provided physical RAM map:
[    0.000000] BIOS-e820: [mem 0x0000000000000000-0x000000000009fbff] usable
[    0.000000] BIOS-e820: [mem 0x000000000009fc00-0x000000000009ffff] reserved
[    0.000000] BIOS-e820: [mem 0x00000000000f0000-0x00000000000fffff] reserved
[    0.000000] BIOS-e820: [mem 0x0000000000100000-0x00000000bffdcfff] usable
[    0.000000] BIOS-e820: [mem 0x00000000bffdd000-0x00000000bfffffff] reserved
[    0.000000] BIOS-e820: [mem 0x00000000feffc000-0x00000000feffffff] reserved
[    0.000000] BIOS-e820: [mem 0x00000000fffc0000-0x00000000ffffffff] reserved
[    0.000000] BIOS-e820: [mem 0x0000000100000000-0x000000013fffffff] usable
[    0.000000] NX (Execute Disable) protection: active
[    0.000000] APIC: Static calls initialized
[    0.000000] SMBIOS 2.8 present.
[    0.000000] DMI: QEMU Standard PC (i440FX + PIIX, 1996), BIOS 1.15.0-1 04/01/2014
[    0.000000] DMI: Memory slots populated: 1/1
[    0.000000] Hypervisor detected: KVM
[    0.000000] last_pfn = 0xbffdd max_arch_pfn = 0x400000000
[    0.000000] kvm-clock: Using msrs 4b564d01 and 4b564d00
[    0.000005] kvm-clock: using sched offset of 2361694343 cycles
[    0.000011] clocksource: kvm-clock: mask: 0xffffffffffffffff max_cycles: 0x1cd42e4dffb, max_idle_ns: 881590591483 ns
[    0.000091] tsc: Detected 2419.198 MHz processor
[    0.003470] last_pfn = 0x140000 max_arch_pfn = 0x400000000
[    0.004080] MTRR map: 4 entries (3 fixed + 1 variable; max 19), built from 8 variable MTRRs
[    0.004106] x86/PAT: Configuration [0-7]: WB  WC  UC- UC  WB  WP  UC- WT  
[    0.005072] last_pfn = 0xbffdd max_arch_pfn = 0x400000000
[    0.022945] found SMP MP-table at [mem 0x000f5b90-0x000f5b9f]
[    0.023396] Using GB pages for direct mapping
[    0.486226] printk: log buffer data + meta data: 16777216 + 58720256 = 75497472 bytes
[    0.486233] printk: early log buf free: 260024(99%)
[    0.486425] ACPI: Early table checksum verification disabled
[    0.486593] ACPI: RSDP 0x00000000000F59B0 000014 (v00 BOCHS )
[    0.486756] ACPI: RSDT 0x00000000BFFE1B9C 000034 (v01 BOCHS  BXPC     00000001 BXPC 00000001)
[    0.486884] ACPI: FACP 0x00000000BFFE1A18 000074 (v01 BOCHS  BXPC     00000001 BXPC 00000001)
[    0.486983] ACPI: DSDT 0x00000000BFFE0040 0019D8 (v01 BOCHS  BXPC     00000001 BXPC 00000001)
[    0.486991] ACPI: FACS 0x00000000BFFE0000 000040
[    0.486997] ACPI: APIC 0x00000000BFFE1A8C 0000B0 (v01 BOCHS  BXPC     00000001 BXPC 00000001)
[    0.487003] ACPI: HPET 0x00000000BFFE1B3C 000038 (v01 BOCHS  BXPC     00000001 BXPC 00000001)
[    0.487009] ACPI: WAET 0x00000000BFFE1B74 000028 (v01 BOCHS  BXPC     00000001 BXPC 00000001)
[    0.487059] ACPI: Reserving FACP table memory at [mem 0xbffe1a18-0xbffe1a8b]
[    0.487064] ACPI: Reserving DSDT table memory at [mem 0xbffe0040-0xbffe1a17]
[    0.487066] ACPI: Reserving FACS table memory at [mem 0xbffe0000-0xbffe003f]
[    0.487068] ACPI: Reserving APIC table memory at [mem 0xbffe1a8c-0xbffe1b3b]
[    0.487070] ACPI: Reserving HPET table memory at [mem 0xbffe1b3c-0xbffe1b73]
[    0.487071] ACPI: Reserving WAET table memory at [mem 0xbffe1b74-0xbffe1b9b]
[    0.494060] No NUMA configuration found
[    0.494066] Faking a node at [mem 0x0000000000000000-0x000000013fffffff]
[    0.494075] NODE_DATA(0) allocated [mem 0x13b7fc140-0x13b7fffff]
[    0.496345] Zone ranges:
[    0.496349]   DMA      [mem 0x0000000000001000-0x0000000000ffffff]
[    0.496354]   DMA32    [mem 0x0000000001000000-0x00000000ffffffff]
[    0.496358]   Normal   [mem 0x0000000100000000-0x000000013fffffff]
[    0.496360] Movable zone start for each node
[    0.496362] Early memory node ranges
[    0.496363]   node   0: [mem 0x0000000000001000-0x000000000009efff]
[    0.496386]   node   0: [mem 0x0000000000100000-0x00000000bffdcfff]
[    0.496390]   node   0: [mem 0x0000000100000000-0x000000013fffffff]
[    0.496393] Initmem setup node 0 [mem 0x0000000000001000-0x000000013fffffff]
[    0.497879] On node 0, zone DMA: 1 pages in unavailable ranges
[    0.498770] On node 0, zone DMA: 97 pages in unavailable ranges
[    0.917791] On node 0, zone Normal: 35 pages in unavailable ranges
[    0.921405] ACPI: PM-Timer IO Port: 0x608
[    0.921499] ACPI: LAPIC_NMI (acpi_id[0xff] dfl dfl lint[0x1])
[    0.922802] IOAPIC[0]: apic_id 0, version 17, address 0xfec00000, GSI 0-23
[    0.922815] ACPI: INT_SRC_OVR (bus 0 bus_irq 0 global_irq 2 dfl dfl)
[    0.922819] ACPI: INT_SRC_OVR (bus 0 bus_irq 5 global_irq 5 high level)
[    0.922822] ACPI: INT_SRC_OVR (bus 0 bus_irq 9 global_irq 9 high level)
[    0.922849] ACPI: INT_SRC_OVR (bus 0 bus_irq 10 global_irq 10 high level)
[    0.922852] ACPI: INT_SRC_OVR (bus 0 bus_irq 11 global_irq 11 high level)
[    0.922861] ACPI: Using ACPI (MADT) for SMP configuration information
[    0.922864] ACPI: HPET id: 0x8086a201 base: 0xfed00000
[    0.922874] TSC deadline timer available
[    0.922886] CPU topo: Max. logical packages:   1
[    0.922888] CPU topo: Max. logical dies:       1
[    0.922889] CPU topo: Max. dies per package:   1
[    0.922898] CPU topo: Max. threads per core:   1
[    0.922921] CPU topo: Num. cores per package:     8
[    0.922923] CPU topo: Num. threads per package:   8
[    0.922924] CPU topo: Allowing 8 present CPUs plus 0 hotplug CPUs
[    0.923036] kvm-guest: APIC: eoi() replaced with kvm_guest_apic_eoi_write()
[    0.923177] kvm-guest: KVM setup pv remote TLB flush
[    0.923221] kvm-guest: setup PV sched yield
[    0.923891] PM: hibernation: Registered nosave memory: [mem 0x00000000-0x00000fff]
[    0.923897] PM: hibernation: Registered nosave memory: [mem 0x0009f000-0x000fffff]
[    0.923900] PM: hibernation: Registered nosave memory: [mem 0xbffdd000-0xffffffff]
[    0.923904] [mem 0xc0000000-0xfeffbfff] available for PCI devices
[    0.923907] Booting paravirtualized kernel on KVM
[    0.923930] clocksource: refined-jiffies: mask: 0xffffffff max_cycles: 0xffffffff, max_idle_ns: 1910969940391419 ns
[    0.945304] setup_percpu: NR_CPUS:64 nr_cpumask_bits:8 nr_cpu_ids:8 nr_node_ids:1
[    0.958418] percpu: Embedded 54 pages/cpu s182680 r8192 d30312 u262144
[    0.958729] Kernel command line: console=ttyS0 root=/dev/vda rw net.ifnames=0 systemd.mask=sys-kernel-config.mount mitigations=off kunit.enable=0 log_buf_len=16M corten=on corten_mode_default=on
[    0.959887] corten: requested on, activating at initcall time
[    0.959901] corten: execve default entry enabled
[    0.959958] random: crng init done
[    0.984935] Dentry cache hash table entries: 524288 (order: 10, 4194304 bytes, linear)
[    0.996389] Inode-cache hash table entries: 262144 (order: 9, 2097152 bytes, linear)
[    0.997763] software IO TLB: area num 8.
[    1.499811] Fallback order for Node 0: 0 
[    1.499851] Built 1 zonelists, mobility grouping on.  Total pages: 1048443
[    1.499855] Policy zone: Normal
[    1.499859] mem auto-init: stack:off, heap alloc:off, heap free:off
[    1.525575] SLUB: HWalign=64, Order=0-3, MinObjects=0, CPUs=8, Nodes=1
[    1.545937] Dynamic Preempt: voluntary
[    1.549653] rcu: Preemptible hierarchical RCU implementation.
[    1.549656] rcu: 	RCU event tracing is enabled.
[    1.549657] rcu: 	RCU restricting CPUs from NR_CPUS=64 to nr_cpu_ids=8.
[    1.549659] 	Trampoline variant of Tasks RCU enabled.
[    1.549659] 	Tracing variant of Tasks RCU enabled.
[    1.549660] rcu: RCU calculated value of scheduler-enlistment delay is 100 jiffies.
[    1.549661] rcu: Adjusting geometry for rcu_fanout_leaf=16, nr_cpu_ids=8
[    1.549691] RCU Tasks: Setting shift to 3 and lim to 1 rcu_task_cb_adjust=1 rcu_task_cpu_ids=8.
[    1.549693] RCU Tasks Trace: Setting shift to 3 and lim to 1 rcu_task_cb_adjust=1 rcu_task_cpu_ids=8.
[    1.561762] NR_IRQS: 4352, nr_irqs: 488, preallocated irqs: 16
[    1.563171] rcu: srcu_init: Setting srcu_struct sizes based on contention.
[    1.642304] Console: colour VGA+ 80x25
[    1.642778] printk: legacy console [ttyS0] enabled
[    2.343083] ACPI: Core revision 20250807
[    2.349198] clocksource: hpet: mask: 0xffffffff max_cycles: 0xffffffff, max_idle_ns: 19112604467 ns
[    2.360258] APIC: Switch to symmetric I/O mode setup
[    2.371051] x2apic enabled
[    2.381816] APIC: Switched APIC routing to: physical x2apic
[    2.388610] kvm-guest: APIC: send_IPI_mask() replaced with kvm_send_ipi_mask()
[    2.399323] kvm-guest: APIC: send_IPI_mask_allbutself() replaced with kvm_send_ipi_mask_allbutself()
[    2.409651] kvm-guest: setup PV IPIs
[    2.438361] ..TIMER: vector=0x30 apic1=0 pin1=2 apic2=-1 pin2=-1
[    2.446860] clocksource: tsc-early: mask: 0xffffffffffffffff max_cycles: 0x22df0f35937, max_idle_ns: 440795269039 ns
[    2.458354] Calibrating delay loop (skipped) preset value.. 4838.39 BogoMIPS (lpj=2419198)
[    2.462781] x86/cpu: User Mode Instruction Prevention (UMIP) activated
[    2.465238] Last level iTLB entries: 4KB 0, 2MB 0, 4MB 0
[    2.465353] Last level dTLB entries: 4KB 0, 2MB 0, 4MB 0, 1GB 0
[    2.466579] mitigations: Enabled attack vectors: SMT mitigations: off
[    2.467416] Speculative Store Bypass: Vulnerable
[    2.468353] Spectre V2 : Vulnerable
[    2.469346] ITS: Vulnerable
[    2.470347] Spectre V1 : Vulnerable: __user pointer sanitization and usercopy barriers only; no swapgs barriers
[    2.471791] x86/fpu: Supporting XSAVE feature 0x001: 'x87 floating point registers'
[    2.472346] x86/fpu: Supporting XSAVE feature 0x002: 'SSE registers'
[    2.473351] x86/fpu: Supporting XSAVE feature 0x004: 'AVX registers'
[    2.474355] x86/fpu: Supporting XSAVE feature 0x200: 'Protection Keys User registers'
[    2.475353] x86/fpu: xstate_offset[2]:  576, xstate_sizes[2]:  256
[    2.476349] x86/fpu: xstate_offset[9]:  832, xstate_sizes[9]:    8
[    2.477353] x86/fpu: Enabled xstate features 0x207, context size is 840 bytes, using 'compacted' format.
[    2.573889] Freeing SMP alternatives memory: 64K
[    2.574355] pid_max: default: 32768 minimum: 301
[    2.576568] LSM: initializing lsm=capability,selinux
[    2.577402] SELinux:  Initializing.
[    2.579564] Mount-cache hash table entries: 8192 (order: 4, 65536 bytes, linear)
[    2.580562] Mountpoint-cache hash table entries: 8192 (order: 4, 65536 bytes, linear)
[    2.586809] smpboot: CPU0: 13th Gen Intel(R) Core(TM) i9-13900HX (family: 0x6, model: 0xb7, stepping: 0x1)
[    2.589633] Performance Events: Alderlake Hybrid events, core PMU driver.
[    2.592360] core: CPUID marked event: 'cpu cycles' unavailable
[    2.593363] core: CPUID marked event: 'instructions' unavailable
[    2.594545] core: CPUID marked event: 'bus cycles' unavailable
[    2.595392] core: CPUID marked event: 'cache references' unavailable
[    2.596397] core: CPUID marked event: 'cache misses' unavailable
[    2.597391] core: CPUID marked event: 'branch instructions' unavailable
[    2.598387] core: CPUID marked event: 'branch misses' unavailable
[    2.600205] core: The event 0x100 is not supported as a normal event.
[    2.600399] core: The event 0x300 is not supported as a normal event.
[    2.601400] core: The event 0x400 is not supported as a normal event.
[    2.602402] core: The event 0x8000 is not supported as a normal event.
[    2.603429] core: The event 0x8100 is not supported as a normal event.
[    2.604444] core: The event 0x8200 is not supported as a normal event.
[    2.605383] core: The event 0x8300 is not supported as a normal event.
[    2.606382] core: The event 0x8400 is not supported as a normal event.
[    2.607401] core: The event 0x8500 is not supported as a normal event.
[    2.608392] core: The event 0x8600 is not supported as a normal event.
[    2.609383] core: The event 0x8700 is not supported as a normal event.
[    2.611095] core: cpu_core PMU driver: 
[    2.611396] ... version:                   1
[    2.612382] ... bit width:                 48
[    2.613392] ... generic counters:          6
[    2.614403] ... generic bitmap:            000000000000003f
[    2.615385] ... fixed-purpose counters:    0
[    2.616393] ... fixed-purpose bitmap:      0000000000000000
[    2.617390] ... value mask:                0000ffffffffffff
[    2.618393] ... max period:                000000007fffffff
[    2.619399] ... global_ctrl mask:          000100000000003f
[    2.621656] signal: max sigframe size: 3632
[    2.622613] rcu: Hierarchical SRCU implementation.
[    2.623395] rcu: 	Max phase no-delay instances is 400.
[    2.625156] Timer migration: 1 hierarchy levels; 8 children per group; 1 crossnode level
[    2.626838] corten: page descriptors enabled
[    2.629255] smp: Bringing up secondary CPUs ...
[    2.631316] smpboot: x86: Booting SMP configuration:
[    2.631406] .... node  #0, CPUs:      #1 #2 #3 #4 #5 #6 #7
[    2.682970] smp: Brought up 1 node, 8 CPUs
[    2.684391] smpboot: Total of 8 processors activated (38707.16 BogoMIPS)
[    2.690832] Memory: 3926624K/4193772K available (21770K kernel code, 3206K rwdata, 9220K rodata, 3292K init, 1120K bss, 261308K reserved, 0K cma-reserved)
[    2.692390] devtmpfs: initialized
[    2.697377] clocksource: jiffies: mask: 0xffffffff max_cycles: 0xffffffff, max_idle_ns: 1911260446275000 ns
[    2.705042] posixtimers hash table entries: 4096 (order: 4, 65536 bytes, linear)
[    2.714705] futex hash table entries: 2048 (131072 bytes on 1 NUMA nodes, total 128 KiB, linear).
[    2.725387] PM: RTC time: 16:47:10, date: 2026-10-08
[    2.741587] NET: Registered PF_NETLINK/PF_ROUTE protocol family
[    2.751868] audit: initializing netlink subsys (disabled)
[    2.760377] audit: type=2000 audit(1791478030.089:1): state=initialized audit_enabled=0 res=1
[    2.760342] thermal_sys: Registered thermal governor 'step_wise'
[    2.767356] cpuidle: using governor menu
[    2.780169] PCI: Using configuration type 1 for base access
[    2.788585] kprobes: kprobe jump-optimization is enabled. All kprobes are optimized if possible.
[    2.803482] HugeTLB: registered 2.00 MiB page size, pre-allocated 0 pages
[    2.810392] HugeTLB: 28 KiB vmemmap can be freed for a 2.00 MiB page
[    2.856640] ACPI: Added _OSI(Module Device)
[    2.860357] ACPI: Added _OSI(Processor Device)
[    2.864387] ACPI: Added _OSI(Processor Aggregator Device)
[    2.870342] ACPI: 1 ACPI AML tables successfully acquired and loaded
[    2.887513] ACPI: Interpreter enabled
[    2.889531] ACPI: PM: (supports S0 S3 S4 S5)
[    2.892393] ACPI: Using IOAPIC for interrupt routing
[    2.896928] PCI: Using host bridge windows from ACPI; if necessary, use "pci=nocrs" and report a bug
[    2.903393] PCI: Using E820 reservations for host bridge windows
[    2.908508] ACPI: Enabled 2 GPEs in block 00 to 0F
[    2.926274] ACPI: PCI Root Bridge [PCI0] (domain 0000 [bus 00-ff])
[    2.934408] acpi PNP0A03:00: _OSC: OS supports [ASPM ClockPM Segments MSI HPX-Type3]
[    2.941360] acpi PNP0A03:00: _OSC: not requesting OS control; OS requires [ExtendedConfig ASPM ClockPM MSI]
[    2.951645] acpi PNP0A03:00: fail to add MMCONFIG information, can't access extended configuration space under this bridge
[    2.967700] PCI host bridge to bus 0000:00
[    2.973412] pci_bus 0000:00: root bus resource [io  0x0000-0x0cf7 window]
[    2.979631] pci_bus 0000:00: root bus resource [io  0x0d00-0xffff window]
[    2.984406] pci_bus 0000:00: root bus resource [mem 0x000a0000-0x000bffff window]
[    2.991388] pci_bus 0000:00: root bus resource [mem 0xc0000000-0xfebfffff window]
[    2.999357] pci_bus 0000:00: root bus resource [mem 0x140000000-0x1bfffffff window]
[    3.005391] pci_bus 0000:00: root bus resource [bus 00-ff]
[    3.012766] pci 0000:00:00.0: [8086:1237] type 00 class 0x060000 conventional PCI endpoint
[    3.029357] pci 0000:00:01.0: [8086:7000] type 00 class 0x060100 conventional PCI endpoint
[    3.037172] pci 0000:00:01.1: [8086:7010] type 00 class 0x010180 conventional PCI endpoint
[    3.044342] pci 0000:00:01.1: BAR 4 [io  0xc0a0-0xc0af]
[    3.048954] pci 0000:00:01.1: BAR 0 [io  0x01f0-0x01f7]: legacy IDE quirk
[    3.053402] pci 0000:00:01.1: BAR 1 [io  0x03f6]: legacy IDE quirk
[    3.056403] pci 0000:00:01.1: BAR 2 [io  0x0170-0x0177]: legacy IDE quirk
[    3.060396] pci 0000:00:01.1: BAR 3 [io  0x0376]: legacy IDE quirk
[    3.069459] pci 0000:00:01.3: [8086:7113] type 00 class 0x068000 conventional PCI endpoint
[    3.076857] pci 0000:00:01.3: quirk: [io  0x0600-0x063f] claimed by PIIX4 ACPI
[    3.080475] pci 0000:00:01.3: quirk: [io  0x0700-0x070f] claimed by PIIX4 SMB
[    3.083754] pci 0000:00:02.0: [1234:1111] type 00 class 0x030000 conventional PCI endpoint
[    3.101893] pci 0000:00:02.0: BAR 0 [mem 0xfd000000-0xfdffffff pref]
[    3.108533] pci 0000:00:02.0: BAR 2 [mem 0xfeb90000-0xfeb90fff]
[    3.114745] pci 0000:00:02.0: ROM [mem 0xfeb80000-0xfeb8ffff pref]
[    3.126009] pci 0000:00:02.0: Video device with shadowed ROM at [mem 0x000c0000-0x000dffff]
[    3.138399] pci 0000:00:02.0: pci_fixup_video+0x0/0x110 took 12695 usecs
[    3.170416] pci 0000:00:03.0: [1af4:1000] type 00 class 0x020000 conventional PCI endpoint
[    3.187547] pci 0000:00:03.0: BAR 0 [io  0xc080-0xc09f]
[    3.193478] pci 0000:00:03.0: BAR 1 [mem 0xfeb91000-0xfeb91fff]
[    3.200129] pci 0000:00:03.0: BAR 4 [mem 0xfe000000-0xfe003fff 64bit pref]
[    3.206667] pci 0000:00:03.0: ROM [mem 0xfeb00000-0xfeb7ffff pref]
[    3.223884] pci 0000:00:04.0: [1af4:1001] type 00 class 0x010000 conventional PCI endpoint
[    3.246570] pci 0000:00:04.0: BAR 0 [io  0xc000-0xc07f]
[    3.253540] pci 0000:00:04.0: BAR 1 [mem 0xfeb92000-0xfeb92fff]
[    3.259646] pci 0000:00:04.0: BAR 4 [mem 0xfe004000-0xfe007fff 64bit pref]
[    3.299806] ACPI: PCI: Interrupt link LNKA configured for IRQ 10
[    3.309305] ACPI: PCI: Interrupt link LNKB configured for IRQ 10
[    3.318149] ACPI: PCI: Interrupt link LNKC configured for IRQ 11
[    3.326342] ACPI: PCI: Interrupt link LNKD configured for IRQ 11
[    3.333027] ACPI: PCI: Interrupt link LNKS configured for IRQ 9
[    3.354133] iommu: Default domain type: Translated
[    3.360394] iommu: DMA domain TLB invalidation policy: lazy mode
[    3.384711] SCSI subsystem initialized
[    3.392116] ACPI: bus type USB registered
[    3.395165] usbcore: registered new interface driver usbfs
[    3.398586] usbcore: registered new interface driver hub
[    3.403413] usbcore: registered new device driver usb
[    3.407743] pps_core: LinuxPPS API ver. 1 registered
[    3.416391] pps_core: Software ver. 5.3.6 - Copyright 2005-2007 Rodolfo Giometti <giometti@linux.it>
[    3.436418] PTP clock support registered
[    3.446038] Advanced Linux Sound Architecture Driver Initialized.
[    3.466103] NetLabel: Initializing
[    3.468388] NetLabel:  domain hash size = 128
[    3.473375] NetLabel:  protocols = UNLABELED CIPSOv4 CALIPSO
[    3.478680] NetLabel:  unlabeled traffic allowed by default
[    3.485495] PCI: Using ACPI for IRQ routing
[    3.489638] pci 0000:00:02.0: vgaarb: setting as boot VGA device
[    3.490342] pci 0000:00:02.0: vgaarb: bridge control possible
[    3.490342] pci 0000:00:02.0: vgaarb: VGA device added: decodes=io+mem,owns=io+mem,locks=none
[    3.513400] vgaarb: loaded
[    3.520565] hpet0: at MMIO 0xfed00000, IRQs 2, 8, 0
[    3.525392] hpet0: 3 comparators, 64-bit 100.000000 MHz counter
[    3.538342] clocksource: Switched to clocksource kvm-clock
[    3.556598] VFS: Disk quotas dquot_6.6.0
[    3.562683] VFS: Dquot-cache hash table entries: 512 (order 0, 4096 bytes)
[    3.574920] pnp: PnP ACPI init
[    3.582918] pnp: PnP ACPI: found 6 devices
[    3.653519] clocksource: acpi_pm: mask: 0xffffff max_cycles: 0xffffff, max_idle_ns: 2085701024 ns
[    3.662505] NET: Registered PF_INET protocol family
[    3.671913] IP idents hash table entries: 65536 (order: 7, 524288 bytes, linear)
[    3.686978] tcp_listen_portaddr_hash hash table entries: 2048 (order: 3, 32768 bytes, linear)
[    3.697450] Table-perturb hash table entries: 65536 (order: 6, 262144 bytes, linear)
[    3.706514] TCP established hash table entries: 32768 (order: 6, 262144 bytes, linear)
[    3.717956] TCP bind hash table entries: 32768 (order: 8, 1048576 bytes, linear)
[    3.733386] TCP: Hash tables configured (established 32768 bind 32768)
[    3.744941] UDP hash table entries: 2048 (order: 5, 131072 bytes, linear)
[    3.754514] UDP-Lite hash table entries: 2048 (order: 5, 131072 bytes, linear)
[    3.766390] NET: Registered PF_UNIX/PF_LOCAL protocol family
[    3.776443] RPC: Registered named UNIX socket transport module.
[    3.785348] RPC: Registered udp transport module.
[    3.793277] RPC: Registered tcp transport module.
[    3.799672] RPC: Registered tcp-with-tls transport module.
[    3.806332] RPC: Registered tcp NFSv4.1 backchannel transport module.
[    3.818830] pci_bus 0000:00: resource 4 [io  0x0000-0x0cf7 window]
[    3.826407] pci_bus 0000:00: resource 5 [io  0x0d00-0xffff window]
[    3.835604] pci_bus 0000:00: resource 6 [mem 0x000a0000-0x000bffff window]
[    3.844959] pci_bus 0000:00: resource 7 [mem 0xc0000000-0xfebfffff window]
[    3.854002] pci_bus 0000:00: resource 8 [mem 0x140000000-0x1bfffffff window]
[    3.863401] pci 0000:00:01.0: PIIX3: Enabling Passive Release
[    3.872295] pci 0000:00:00.0: Limiting direct PCI/PCI transfers
[    3.878831] PCI: CLS 0 bytes, default 64
[    3.884762] PCI-DMA: Using software bounce buffering for IO (SWIOTLB)
[    3.893267] software IO TLB: mapped [mem 0x00000000bbfdd000-0x00000000bffdd000] (64MB)
[    3.903230] RAPL PMU: API unit is 2^-32 Joules, 0 fixed counters, 10737418240 ms ovfl timer
[    3.913137] clocksource: tsc: mask: 0xffffffffffffffff max_cycles: 0x22df0f35937, max_idle_ns: 440795269039 ns
[    3.965011] Initialise system trusted keyrings
[    3.972622] workingset: timestamp_bits=40 max_order=20 bucket_order=0
[    3.985418] NFS: Registering the id_resolver key type
[    3.992612] Key type id_resolver registered
[    3.998918] Key type id_legacy registered
[    4.005573] 9p: Installing v9fs 9p2000 file system support
[    4.058198] Key type asymmetric registered
[    4.062754] Asymmetric key parser 'x509' registered
[    4.068194] Block layer SCSI generic (bsg) driver version 0.4 loaded (major 251)
[    4.077508] io scheduler mq-deadline registered
[    4.082489] io scheduler kyber registered
[    4.092776] input: Power Button as /devices/LNXSYSTM:00/LNXPWRBN:00/input/input0
[    4.101118] ACPI: button: Power Button [PWRF]
[    4.155090] ACPI: \_SB_.LNKC: Enabled at IRQ 11
[    4.211845] ACPI: \_SB_.LNKD: Enabled at IRQ 10
[    4.228489] Serial: 8250/16550 driver, 4 ports, IRQ sharing enabled
[    4.238919] 00:04: ttyS0 at I/O 0x3f8 (irq = 4, base_baud = 115200) is a 16550A
[    4.255782] Non-volatile memory driver v1.3
[    4.261862] Linux agpgart interface v0.103
[    4.345481] ACPI: bus type drm_connector registered
[    4.394392] loop: module loaded
[    4.400450] virtio_blk virtio1: 8/0/0 default/read/poll queues
[    4.448580] virtio_blk virtio1: [vda] 20971520 512-byte logical blocks (10.7 GB/10.0 GiB)
[    4.475301] zram: Added device: zram0
[    4.492554] scsi host0: ata_piix
[    4.501346] scsi host1: ata_piix
[    4.505857] ata1: PATA max MWDMA2 cmd 0x1f0 ctl 0x3f6 bmdma 0xc0a0 irq 14 lpm-pol 0
[    4.514575] ata2: PATA max MWDMA2 cmd 0x170 ctl 0x376 bmdma 0xc0a8 irq 15 lpm-pol 0
[    4.526573] tun: Universal TUN/TAP device driver, 1.6
[    4.564550] e100: Intel(R) PRO/100 Network Driver
[    4.570618] e100: Copyright(c) 1999-2006 Intel Corporation
[    4.577455] e1000: Intel(R) PRO/1000 Network Driver
[    4.584120] e1000: Copyright (c) 1999-2006 Intel Corporation.
[    4.591272] e1000e: Intel(R) PRO/1000 Network Driver
[    4.596955] e1000e: Copyright(c) 1999 - 2015 Intel Corporation.
[    4.605012] sky2: driver version 1.30
[    4.611945] usbcore: registered new interface driver usblp
[    4.618234] usbcore: registered new interface driver usb-storage
[    4.625451] i8042: PNP: PS/2 Controller [PNP0303:KBD,PNP0f13:MOU] at 0x60,0x64 irq 1,12
[    4.644129] serio: i8042 KBD port at 0x60,0x64 irq 1
[    4.650265] serio: i8042 AUX port at 0x60,0x64 irq 12
[    4.658711] rtc_cmos 00:05: RTC can wake from S4
[    4.670430] input: AT Translated Set 2 keyboard as /devices/platform/i8042/serio0/input/input1
[    4.675540] rtc_cmos 00:05: registered as rtc0
[    4.687596] rtc_cmos 00:05: alarms up to one day, y3k, 242 bytes nvram, hpet irqs
[    4.687866] ata2: found unknown device (class 0)
[    4.698863] device-mapper: ioctl: 4.50.0-ioctl (2025-04-28) initialised: dm-devel@lists.linux.dev
[    4.711301] ata2.00: ATAPI: QEMU DVD-ROM, 2.5+, max UDMA/100
[    4.716576] intel_pstate: CPU model not supported
[    4.729922] hid: raw HID events driver (C) Jiri Kosina
[    4.742178] scsi 1:0:0:0: CD-ROM            QEMU     QEMU DVD-ROM     2.5+ PQ: 0 ANSI: 5
[    4.742486] usbcore: registered new interface driver usbhid
[    4.768789] usbhid: USB HID core driver
[    4.791954] xt_time: kernel timezone is -0000
[    4.800341] Initializing XFRM netlink socket
[    4.807463] NET: Registered PF_INET6 protocol family
[    4.824859] Segment Routing with IPv6
[    4.828501] sr 1:0:0:0: [sr0] scsi3-mmc drive: 4x/4x cd/rw xa/form2 tray
[    4.830482] In-situ OAM (IOAM) with IPv6
[    4.837507] cdrom: Uniform CD-ROM driver Revision: 3.20
[    4.843290] sit: IPv6, IPv4 and MPLS over IPv4 tunneling driver
[    4.860819] NET: Registered PF_PACKET protocol family
[    4.868396] NET: Registered PF_KEY protocol family
[    4.875853] 9pnet: Installing 9P2000 support
[    4.882423] Key type dns_resolver registered
[    4.888842] NET: Registered PF_VSOCK protocol family
[    4.897352] sr 1:0:0:0: Attached scsi generic sg0 type 5
[    4.912682] IPI shorthand broadcast: enabled
[    4.935146] sched_clock: Marking stable (4051115808, 883030832)->(5920743658, -986597018)
[    4.954408] registered taskstats version 1
[    4.961413] Loading compiled-in X.509 certificates
[    4.979033] Demotion targets for Node 0: null
[    4.985303] Key type .fscrypt registered
[    4.990048] Key type fscrypt-provisioning registered
[    4.998610] PM:   Magic number: 14:558:792
[    5.008025] netconsole: network logging started
[    5.015012] cfg80211: Loading compiled-in X.509 certificates for regulatory database
[    5.028680] kworker/u32:1 (97) used greatest stack depth: 13936 bytes left
[    5.034816] Loaded X.509 cert 'sforshee: 00b28ddf47aef9cea7'
[    5.050246] Loaded X.509 cert 'wens: 61c038651aabdcf94bd0ac7ff06c7248db18c600'
[    5.058937] ALSA device list:
[    5.059429] faux_driver regulatory: Direct firmware load for regulatory.db failed with error -2
[    5.061630]   No soundcards found.
[    5.073792] cfg80211: failed to load regulatory.db
[    5.078245] kunit: disabled
[    5.094278] check access for rdinit=/init failed: -2, ignoring
[    5.237888] input: ImExPS/2 Generic Explorer Mouse as /devices/platform/i8042/serio1/input/input3
[    5.246911] md: Waiting for all devices to be available before autodetect
[    5.252334] md: If you don't use raid, use raid=noautodetect
[    5.256934] md: Autodetecting RAID arrays.
[    5.259886] md: autorun ...
[    5.261999] md: ... autorun DONE.
[    5.359637] EXT4-fs (vda): recovery complete
[    5.366567] EXT4-fs (vda): mounted filesystem 56b1695a-8891-40bd-bc42-c7c8a70fe76d r/w with ordered data mode. Quota mode: none.
[    5.374667] VFS: Mounted root (ext4 filesystem) on device 253:0.
[    5.386884] devtmpfs: mounted
[    5.408776] Freeing unused kernel image (initmem) memory: 3292K
[    5.413266] Write protecting the kernel read-only data: 32768k
[    5.439074] Freeing unused kernel image (text/rodata gap) memory: 756K
[    5.453995] Freeing unused kernel image (rodata/data gap) memory: 1020K
[    5.474749] x86/mm: Checked W+X mappings: passed, no W+X pages found.
[    5.479640] Run /sbin/init as init process
[    5.516283] corten-dbg: auto PLACE ret=0 handed=100000000000
[    5.521870] corten-dbg: late stage OK entry=559ba26168d0 interp_load=100000000000
[    5.564892] corten-dbg: auto PLACE ret=0 handed=100000200000
[    5.615762] corten-dbg: auto PLACE ret=0 handed=100000400000
[    5.633619] corten-dbg: C1 present pte at 7f666022f000 val=800000010eaec025
[    5.639190] corten-dbg: C1 PTE content in [7f666022f000,7f666024f000) first=7f666022f000
[    5.645271] corten-dbg: C1 refuse ret=-16 addr=7f666022f000 len=20000 -- REGIONS:
[    6.011134] corten-dbg:  f100000000000 r0 [100000000000,100000001000) p9 c1
[    6.015923] corten-dbg:  f100000000000 r1 [100000001000,100000029000) pd c1
[    6.021636] corten-dbg:  f100000000000 r2 [100000029000,100000034000) p9 c1
[    6.026272] corten-dbg:  f100000000000 r3 [100000034000,100000037000) pb c1
[    6.031000] corten-dbg:  f100000000000 r4 [100000037000,100000038000) pb c0
[    6.036748] corten-dbg:  f100000200000 [100000200000,100000400000) pb c0
[    6.039629] corten-dbg:  f100000400000 [100000400000,100000600000) p9 c1
[    7.477727] corten-dbg:  f559ba2600000 r0 [559ba260a000,559ba2612000) p9 c1
[    7.482260] corten-dbg:  f559ba2600000 r1 [559ba2612000,559ba2620000) pd c1
[    7.484205] corten-dbg:  f559ba2600000 r2 [559ba2620000,559ba2629000) p9 c1
[    7.488829] corten-dbg:  f559ba2600000 r3 [559ba2629000,559ba262c000) pb c1
[    8.456601] corten-dbg:  f7f6660200000 r0 [7f6660260000,7f6660269000) pd c1
[    8.461284] corten-dbg:  f7f6660200000 r1 [7f6660269000,7f6660270000) p9 c1
[    8.466452] corten-dbg:  f7f6660200000 r2 [7f6660270000,7f6660272000) pb c1
[    8.471340] corten-dbg:  f7f6660200000 r3 [7f66602fd000,7f6660585000) pd c1
[    8.476306] corten-dbg:  f7f6660400000 r0 [7f66602fd000,7f6660585000) pd c1
[    8.481020] corten-dbg:  f7f6660400000 r1 [7f6660585000,7f6660681000) p9 c1
[    8.485575] corten-dbg:  f7f6660600000 r0 [7f6660585000,7f6660681000) p9 c1
[    8.487957] corten-dbg:  f7f6660600000 r1 [7f6660681000,7f66606b2000) pb c1
[    8.492099] corten-dbg:  f7f6660600000 r2 [7f66606b2000,7f66606b3000) pb c0
[    8.496598] corten-dbg:  f7f6660600000 r3 [7f6660702000,7f6660820000) pd c1
[    8.501294] corten-dbg:  f7f6660800000 r0 [7f6660702000,7f6660820000) pd c1
[    8.505978] corten-dbg:  f7f6660800000 r1 [7f6660820000,7f6660897000) p9 c1
[    8.511141] corten-dbg:  f7f6660800000 r2 [7f6660897000,7f666090b000) pb c1
[    8.530209] corten-dbg: file_attach FAIL ret=-16 addr=7f666022f000 len=20000
/sbin/init: error while loading shared libraries: libselinux.so.[    8.548012] Kernel panic - not syncing: Attempted to kill init! exitcode=0x00007f00
1: fai[l e d   t8.5o map52685] CPU: 1 UID: 0 PID: 1 Comm: init Not tainted 6.18.32-ga1e04f7885cc-dirty #143 PREEMPT(voluntary) 
[    8.561240] Hardware name: QEMU Standard PC (i440FX + PIIX, 1996), BIOS 1.15.0-1 04/01/2014
[    8.568146] Call Trace:
 segment[  f r o m8 .s5h70744]  <TASK>
ared ob[ ject
   8.572652]  vpanic+0x34f/0x360
[    8.575744]  panic+0x56/0x60
[    8.578208]  ? sched_mm_cid_before_execve+0xbc/0xe0
[    8.581722]  do_exit+0x991/0xb60
[    8.584420]  do_group_exit+0x2b/0x80
[    8.586801]  __x64_sys_exit_group+0x13/0x20
[    8.590209]  x64_sys_call+0x18c5/0x18d0
[    8.593148]  do_syscall_64+0xa4/0x2f0
[    8.596594]  entry_SYSCALL_64_after_hwframe+0x77/0x7f
[    8.600074] RIP: 0033:0x100000023255
[    8.602788] Code: 00 b8 ca 00 00 00 0f 05 c3 66 2e 0f 1f 84 00 00 00 00 00 66 90 ba e7 00 00 00 eb 0a 66 0f 1f 84 00 00 00 00 00 f4 89 d0 0f 05 <48> 3d 00 f0 ff ff 76 f3 f7 d8 89 05 3b 43 01 00 eb e9 66 0f 1f 84
[    8.615550] RSP: 002b:00007ffdaf4b7898 EFLAGS: 00000202 ORIG_RAX: 00000000000000e7
[    8.620670] RAX: ffffffffffffffda RBX: 000010000002c518 RCX: 0000100000023255
[    8.625627] RDX: 00000000000000e7 RSI: 00007ffdaf4b6f60 RDI: 000000000000007f
[    8.631355] RBP: 0000100000201e29 R08: 00000000ffffffff R09: 0000000000000000
[    8.636168] R10: ffffffffffffffff R11: 0000000000000202 R12: 0000000000000000
[    8.640584] R13: 0000000000000004 R14: 0000100000201e40 R15: 0000000000000000
[    8.645303]  </TASK>
[    8.658644] Kernel Offset: 0x17000000 from 0xffffffff81000000 (relocation range: 0xffffffff80000000-0xffffffffbfffffff)
[    8.666268] ---[ end Kernel panic - not syncing: Attempted to kill init! exitcode=0x00007f00 ]---
