23183 execve("/mnt/cortenmm/bench/mmbench/mmbench", ["/mnt/cortenmm/bench/mmbench/mmbench", "mmap", "low", "8", "1", "20260970"], 0x7fff85b4db48 /* 30 vars */) = 0
23183 arch_prctl(0x3001 /* ARCH_??? */, 0x7ffe8a3ef220) = -1 EINVAL (Invalid argument)
23183 brk(NULL)                         = 0x260ed000
23183 brk(0x260eddc0)                   = 0x260eddc0
23183 arch_prctl(ARCH_SET_FS, 0x260ed3c0) = 0
23183 set_tid_address(0x260ed690)       = 23183
23183 set_robust_list(0x260ed6a0, 24)   = 0
23183 rseq(0x260edd60, 0x20, 0, 0x53053053) = 0
23183 uname({sysname="Linux", nodename="syzkaller", ...}) = 0
23183 prlimit64(0, RLIMIT_STACK, NULL, {rlim_cur=8192*1024, rlim_max=RLIM64_INFINITY}) = 0
23183 readlink("/proc/self/exe", "/mnt/cortenmm/bench/mmbench/mmbench", 4096) = 35
23183 getrandom("\xfa\x48\xcf\x2f\xef\x0d\x08\x7a", 8, GRND_NONBLOCK) = 8
23183 brk(0x2610edc0)                   = 0x2610edc0
23183 brk(0x2610f000)                   = 0x2610f000
23183 mprotect(0x4f6000, 16384, PROT_READ) = 0
23183 prlimit64(0, RLIMIT_AS, NULL, {rlim_cur=RLIM64_INFINITY, rlim_max=RLIM64_INFINITY}) = 0
23183 rt_sigaction(SIGRT_1, {sa_handler=0x497070, sa_mask=[], sa_flags=SA_RESTORER|SA_ONSTACK|SA_RESTART|SA_SIGINFO, sa_restorer=0x47db20}, NULL, 8) = 0
23183 rt_sigprocmask(SIG_UNBLOCK, [RTMIN RT_1], NULL, 8) = 0
23183 mmap(NULL, 8392704, PROT_NONE, MAP_PRIVATE|MAP_ANONYMOUS|MAP_STACK, -1, 0) = 0x7ffbd6d02000
23183 mprotect(0x7ffbd6d03000, 8388608, PROT_READ|PROT_WRITE) = 0
23183 rt_sigprocmask(SIG_BLOCK, ~[], [], 8) = 0
23183 clone3({flags=CLONE_VM|CLONE_FS|CLONE_FILES|CLONE_SIGHAND|CLONE_THREAD|CLONE_SYSVSEM|CLONE_SETTLS|CLONE_PARENT_SETTID|CLONE_CHILD_CLEARTID, child_tid=0x7ffbd7502910, parent_tid=0x7ffbd7502910, exit_signal=0, stack=0x7ffbd6d02000, stack_size=0x800280, tls=0x7ffbd7502640} => {parent_tid=[23186]}, 88) = 23186
23186 rseq(0x7ffbd7502fe0, 0x20, 0, 0x53053053 <unfinished ...>
23183 rt_sigprocmask(SIG_SETMASK, [],  <unfinished ...>
23186 <... rseq resumed>)               = 0
23183 <... rt_sigprocmask resumed>NULL, 8) = 0
23186 set_robust_list(0x7ffbd7502920, 24 <unfinished ...>
23183 mmap(NULL, 8392704, PROT_NONE, MAP_PRIVATE|MAP_ANONYMOUS|MAP_STACK, -1, 0 <unfinished ...>
23186 <... set_robust_list resumed>)    = 0
23183 <... mmap resumed>)               = 0x7ffbd6501000
23186 rt_sigprocmask(SIG_SETMASK, [],  <unfinished ...>
23183 mprotect(0x7ffbd6502000, 8388608, PROT_READ|PROT_WRITE <unfinished ...>
23186 <... rt_sigprocmask resumed>NULL, 8) = 0
23183 <... mprotect resumed>)           = 0
23186 futex(0x7ffe8a3ee9c4, FUTEX_WAIT_PRIVATE, 0, NULL <unfinished ...>
23183 rt_sigprocmask(SIG_BLOCK, ~[], [], 8) = 0
23183 clone3({flags=CLONE_VM|CLONE_FS|CLONE_FILES|CLONE_SIGHAND|CLONE_THREAD|CLONE_SYSVSEM|CLONE_SETTLS|CLONE_PARENT_SETTID|CLONE_CHILD_CLEARTID, child_tid=0x7ffbd6d01910, parent_tid=0x7ffbd6d01910, exit_signal=0, stack=0x7ffbd6501000, stack_size=0x800280, tls=0x7ffbd6d01640} => {parent_tid=[23187]}, 88) = 23187
23187 rseq(0x7ffbd6d01fe0, 0x20, 0, 0x53053053 <unfinished ...>
23183 rt_sigprocmask(SIG_SETMASK, [], NULL, 8) = 0
23187 <... rseq resumed>)               = 0
23183 mmap(NULL, 8392704, PROT_NONE, MAP_PRIVATE|MAP_ANONYMOUS|MAP_STACK, -1, 0 <unfinished ...>
23187 set_robust_list(0x7ffbd6d01920, 24 <unfinished ...>
23183 <... mmap resumed>)               = 0x7ffbd5d00000
23187 <... set_robust_list resumed>)    = 0
23183 mprotect(0x7ffbd5d01000, 8388608, PROT_READ|PROT_WRITE <unfinished ...>
23187 rt_sigprocmask(SIG_SETMASK, [],  <unfinished ...>
23183 <... mprotect resumed>)           = 0
23187 <... rt_sigprocmask resumed>NULL, 8) = 0
23183 rt_sigprocmask(SIG_BLOCK, ~[],  <unfinished ...>
23187 futex(0x7ffe8a3ee9c4, FUTEX_WAIT_PRIVATE, 0, NULL <unfinished ...>
23183 <... rt_sigprocmask resumed>[], 8) = 0
23183 clone3({flags=CLONE_VM|CLONE_FS|CLONE_FILES|CLONE_SIGHAND|CLONE_THREAD|CLONE_SYSVSEM|CLONE_SETTLS|CLONE_PARENT_SETTID|CLONE_CHILD_CLEARTID, child_tid=0x7ffbd6500910, parent_tid=0x7ffbd6500910, exit_signal=0, stack=0x7ffbd5d00000, stack_size=0x800280, tls=0x7ffbd6500640} => {parent_tid=[23188]}, 88) = 23188
23188 rseq(0x7ffbd6500fe0, 0x20, 0, 0x53053053 <unfinished ...>
23183 rt_sigprocmask(SIG_SETMASK, [],  <unfinished ...>
23188 <... rseq resumed>)               = 0
23183 <... rt_sigprocmask resumed>NULL, 8) = 0
23188 set_robust_list(0x7ffbd6500920, 24 <unfinished ...>
23183 mmap(NULL, 8392704, PROT_NONE, MAP_PRIVATE|MAP_ANONYMOUS|MAP_STACK, -1, 0 <unfinished ...>
23188 <... set_robust_list resumed>)    = 0
23183 <... mmap resumed>)               = 0x7ffbd54ff000
23188 rt_sigprocmask(SIG_SETMASK, [],  <unfinished ...>
23183 mprotect(0x7ffbd5500000, 8388608, PROT_READ|PROT_WRITE <unfinished ...>
23188 <... rt_sigprocmask resumed>NULL, 8) = 0
23183 <... mprotect resumed>)           = 0
23188 futex(0x7ffe8a3ee9c4, FUTEX_WAIT_PRIVATE, 0, NULL <unfinished ...>
23183 rt_sigprocmask(SIG_BLOCK, ~[], [], 8) = 0
23183 clone3({flags=CLONE_VM|CLONE_FS|CLONE_FILES|CLONE_SIGHAND|CLONE_THREAD|CLONE_SYSVSEM|CLONE_SETTLS|CLONE_PARENT_SETTID|CLONE_CHILD_CLEARTID, child_tid=0x7ffbd5cff910, parent_tid=0x7ffbd5cff910, exit_signal=0, stack=0x7ffbd54ff000, stack_size=0x800280, tls=0x7ffbd5cff640} => {parent_tid=[23189]}, 88) = 23189
23183 rt_sigprocmask(SIG_SETMASK, [],  <unfinished ...>
23189 rseq(0x7ffbd5cfffe0, 0x20, 0, 0x53053053 <unfinished ...>
23183 <... rt_sigprocmask resumed>NULL, 8) = 0
23189 <... rseq resumed>)               = 0
23183 mmap(NULL, 8392704, PROT_NONE, MAP_PRIVATE|MAP_ANONYMOUS|MAP_STACK, -1, 0 <unfinished ...>
23189 set_robust_list(0x7ffbd5cff920, 24 <unfinished ...>
23183 <... mmap resumed>)               = 0x7ffbd4cfe000
23189 <... set_robust_list resumed>)    = 0
23183 mprotect(0x7ffbd4cff000, 8388608, PROT_READ|PROT_WRITE <unfinished ...>
23189 rt_sigprocmask(SIG_SETMASK, [],  <unfinished ...>
23183 <... mprotect resumed>)           = 0
23189 <... rt_sigprocmask resumed>NULL, 8) = 0
23183 rt_sigprocmask(SIG_BLOCK, ~[],  <unfinished ...>
23189 futex(0x7ffe8a3ee9c4, FUTEX_WAIT_PRIVATE, 0, NULL <unfinished ...>
23183 <... rt_sigprocmask resumed>[], 8) = 0
23183 clone3({flags=CLONE_VM|CLONE_FS|CLONE_FILES|CLONE_SIGHAND|CLONE_THREAD|CLONE_SYSVSEM|CLONE_SETTLS|CLONE_PARENT_SETTID|CLONE_CHILD_CLEARTID, child_tid=0x7ffbd54fe910, parent_tid=0x7ffbd54fe910, exit_signal=0, stack=0x7ffbd4cfe000, stack_size=0x800280, tls=0x7ffbd54fe640} => {parent_tid=[23190]}, 88) = 23190
23190 rseq(0x7ffbd54fefe0, 0x20, 0, 0x53053053 <unfinished ...>
23183 rt_sigprocmask(SIG_SETMASK, [],  <unfinished ...>
23190 <... rseq resumed>)               = 0
23183 <... rt_sigprocmask resumed>NULL, 8) = 0
23190 set_robust_list(0x7ffbd54fe920, 24 <unfinished ...>
23183 mmap(NULL, 8392704, PROT_NONE, MAP_PRIVATE|MAP_ANONYMOUS|MAP_STACK, -1, 0 <unfinished ...>
23190 <... set_robust_list resumed>)    = 0
23183 <... mmap resumed>)               = 0x7ffbd44fd000
23190 rt_sigprocmask(SIG_SETMASK, [],  <unfinished ...>
23183 mprotect(0x7ffbd44fe000, 8388608, PROT_READ|PROT_WRITE <unfinished ...>
23190 <... rt_sigprocmask resumed>NULL, 8) = 0
23183 <... mprotect resumed>)           = 0
23190 futex(0x7ffe8a3ee9c4, FUTEX_WAIT_PRIVATE, 0, NULL <unfinished ...>
23183 rt_sigprocmask(SIG_BLOCK, ~[], [], 8) = 0
23183 clone3({flags=CLONE_VM|CLONE_FS|CLONE_FILES|CLONE_SIGHAND|CLONE_THREAD|CLONE_SYSVSEM|CLONE_SETTLS|CLONE_PARENT_SETTID|CLONE_CHILD_CLEARTID, child_tid=0x7ffbd4cfd910, parent_tid=0x7ffbd4cfd910, exit_signal=0, stack=0x7ffbd44fd000, stack_size=0x800280, tls=0x7ffbd4cfd640} => {parent_tid=[23191]}, 88) = 23191
23183 rt_sigprocmask(SIG_SETMASK, [],  <unfinished ...>
23191 rseq(0x7ffbd4cfdfe0, 0x20, 0, 0x53053053 <unfinished ...>
23183 <... rt_sigprocmask resumed>NULL, 8) = 0
23191 <... rseq resumed>)               = 0
23183 mmap(NULL, 8392704, PROT_NONE, MAP_PRIVATE|MAP_ANONYMOUS|MAP_STACK, -1, 0 <unfinished ...>
23191 set_robust_list(0x7ffbd4cfd920, 24 <unfinished ...>
23183 <... mmap resumed>)               = 0x7ffbd3cfc000
23191 <... set_robust_list resumed>)    = 0
23183 mprotect(0x7ffbd3cfd000, 8388608, PROT_READ|PROT_WRITE <unfinished ...>
23191 rt_sigprocmask(SIG_SETMASK, [],  <unfinished ...>
23183 <... mprotect resumed>)           = 0
23191 <... rt_sigprocmask resumed>NULL, 8) = 0
23183 rt_sigprocmask(SIG_BLOCK, ~[],  <unfinished ...>
23191 futex(0x7ffe8a3ee9c4, FUTEX_WAIT_PRIVATE, 0, NULL <unfinished ...>
23183 <... rt_sigprocmask resumed>[], 8) = 0
23183 clone3({flags=CLONE_VM|CLONE_FS|CLONE_FILES|CLONE_SIGHAND|CLONE_THREAD|CLONE_SYSVSEM|CLONE_SETTLS|CLONE_PARENT_SETTID|CLONE_CHILD_CLEARTID, child_tid=0x7ffbd44fc910, parent_tid=0x7ffbd44fc910, exit_signal=0, stack=0x7ffbd3cfc000, stack_size=0x800280, tls=0x7ffbd44fc640} => {parent_tid=[23194]}, 88) = 23194
23194 rseq(0x7ffbd44fcfe0, 0x20, 0, 0x53053053 <unfinished ...>
23183 rt_sigprocmask(SIG_SETMASK, [],  <unfinished ...>
23194 <... rseq resumed>)               = 0
23183 <... rt_sigprocmask resumed>NULL, 8) = 0
23194 set_robust_list(0x7ffbd44fc920, 24 <unfinished ...>
23183 mmap(NULL, 8392704, PROT_NONE, MAP_PRIVATE|MAP_ANONYMOUS|MAP_STACK, -1, 0 <unfinished ...>
23194 <... set_robust_list resumed>)    = 0
23183 <... mmap resumed>)               = 0x7ffbd34fb000
23194 rt_sigprocmask(SIG_SETMASK, [],  <unfinished ...>
23183 mprotect(0x7ffbd34fc000, 8388608, PROT_READ|PROT_WRITE <unfinished ...>
23194 <... rt_sigprocmask resumed>NULL, 8) = 0
23183 <... mprotect resumed>)           = 0
23194 futex(0x7ffe8a3ee9c4, FUTEX_WAIT_PRIVATE, 0, NULL <unfinished ...>
23183 rt_sigprocmask(SIG_BLOCK, ~[], [], 8) = 0
23183 clone3({flags=CLONE_VM|CLONE_FS|CLONE_FILES|CLONE_SIGHAND|CLONE_THREAD|CLONE_SYSVSEM|CLONE_SETTLS|CLONE_PARENT_SETTID|CLONE_CHILD_CLEARTID, child_tid=0x7ffbd3cfb910, parent_tid=0x7ffbd3cfb910, exit_signal=0, stack=0x7ffbd34fb000, stack_size=0x800280, tls=0x7ffbd3cfb640} => {parent_tid=[23195]}, 88) = 23195
23195 rseq(0x7ffbd3cfbfe0, 0x20, 0, 0x53053053 <unfinished ...>
23183 rt_sigprocmask(SIG_SETMASK, [],  <unfinished ...>
23195 <... rseq resumed>)               = 0
23183 <... rt_sigprocmask resumed>NULL, 8) = 0
23195 set_robust_list(0x7ffbd3cfb920, 24 <unfinished ...>
23183 futex(0x7ffe8a3ee9c4, FUTEX_WAIT_PRIVATE, 0, NULL <unfinished ...>
23195 <... set_robust_list resumed>)    = 0
23195 rt_sigprocmask(SIG_SETMASK, [], NULL, 8) = 0
23195 futex(0x7ffe8a3ee9c4, FUTEX_WAKE_PRIVATE, 2147483647) = 8
23188 <... futex resumed>)              = 0
23187 <... futex resumed>)              = 0
23183 <... futex resumed>)              = 0
23195 mmap(NULL, 16384, PROT_READ|PROT_WRITE, MAP_PRIVATE|MAP_ANONYMOUS|MAP_NORESERVE, -1, 0 <unfinished ...>
23194 <... futex resumed>)              = 0
23191 <... futex resumed>)              = 0
23190 <... futex resumed>)              = 0
23189 <... futex resumed>)              = 0
23188 mmap(NULL, 16384, PROT_READ|PROT_WRITE, MAP_PRIVATE|MAP_ANONYMOUS|MAP_NORESERVE, -1, 0 <unfinished ...>
23186 <... futex resumed>)              = 0
23183 futex(0x7ffe8a3ee9e4, FUTEX_WAIT_PRIVATE, 0, NULL <unfinished ...>
23195 <... mmap resumed>)               = 0x7ffbd34f7000
23194 mmap(NULL, 16384, PROT_READ|PROT_WRITE, MAP_PRIVATE|MAP_ANONYMOUS|MAP_NORESERVE, -1, 0 <unfinished ...>
23191 mmap(NULL, 16384, PROT_READ|PROT_WRITE, MAP_PRIVATE|MAP_ANONYMOUS|MAP_NORESERVE, -1, 0 <unfinished ...>
23190 mmap(NULL, 16384, PROT_READ|PROT_WRITE, MAP_PRIVATE|MAP_ANONYMOUS|MAP_NORESERVE, -1, 0 <unfinished ...>
23189 mmap(NULL, 16384, PROT_READ|PROT_WRITE, MAP_PRIVATE|MAP_ANONYMOUS|MAP_NORESERVE, -1, 0 <unfinished ...>
23188 <... mmap resumed>)               = 0x7ffbd34f3000
23187 mmap(NULL, 16384, PROT_READ|PROT_WRITE, MAP_PRIVATE|MAP_ANONYMOUS|MAP_NORESERVE, -1, 0 <unfinished ...>
23195 munmap(0x7ffbd34f7000, 16384 <unfinished ...>
23194 <... mmap resumed>)               = 0x7ffbd34ef000
23191 <... mmap resumed>)               = 0x7ffbd34eb000
23190 <... mmap resumed>)               = 0x7ffbd34e7000
23189 <... mmap resumed>)               = 0x7ffbd34e3000
23188 munmap(0x7ffbd34f3000, 16384 <unfinished ...>
23186 mmap(NULL, 16384, PROT_READ|PROT_WRITE, MAP_PRIVATE|MAP_ANONYMOUS|MAP_NORESERVE, -1, 0 <unfinished ...>
23195 <... munmap resumed>)             = 0
23194 munmap(0x7ffbd34ef000, 16384 <unfinished ...>
23191 munmap(0x7ffbd34eb000, 16384 <unfinished ...>
23190 munmap(0x7ffbd34e7000, 16384 <unfinished ...>
23189 munmap(0x7ffbd34e3000, 16384 <unfinished ...>
23188 <... munmap resumed>)             = 0
23187 <... mmap resumed>)               = 0x7ffbd34df000
23195 mmap(NULL, 16384, PROT_READ|PROT_WRITE, MAP_PRIVATE|MAP_ANONYMOUS|MAP_NORESERVE, -1, 0 <unfinished ...>
23194 <... munmap resumed>)             = 0
23191 <... munmap resumed>)             = 0
23190 <... munmap resumed>)             = 0
23189 <... munmap resumed>)             = 0
23188 mmap(NULL, 16384, PROT_READ|PROT_WRITE, MAP_PRIVATE|MAP_ANONYMOUS|MAP_NORESERVE, -1, 0 <unfinished ...>
23186 <... mmap resumed>)               = 0x7ffbd34f7000
23195 <... mmap resumed>)               = 0x7ffbd34f3000
23194 mmap(NULL, 16384, PROT_READ|PROT_WRITE, MAP_PRIVATE|MAP_ANONYMOUS|MAP_NORESERVE, -1, 0 <unfinished ...>
23191 mmap(NULL, 16384, PROT_READ|PROT_WRITE, MAP_PRIVATE|MAP_ANONYMOUS|MAP_NORESERVE, -1, 0 <unfinished ...>
23190 mmap(NULL, 16384, PROT_READ|PROT_WRITE, MAP_PRIVATE|MAP_ANONYMOUS|MAP_NORESERVE, -1, 0 <unfinished ...>
23189 mmap(NULL, 16384, PROT_READ|PROT_WRITE, MAP_PRIVATE|MAP_ANONYMOUS|MAP_NORESERVE, -1, 0 <unfinished ...>
23188 <... mmap resumed>)               = 0x7ffbd34ef000
23187 munmap(0x7ffbd34df000, 16384 <unfinished ...>
23195 munmap(0x7ffbd34f3000, 16384 <unfinished ...>
23194 <... mmap resumed>)               = 0x7ffbd34eb000
23191 <... mmap resumed>)               = 0x7ffbd34e7000
23190 <... mmap resumed>)               = 0x7ffbd34e3000
23189 <... mmap resumed>)               = 0x7ffbd34db000
23188 munmap(0x7ffbd34ef000, 16384 <unfinished ...>
23186 munmap(0x7ffbd34f7000, 16384 <unfinished ...>
23195 <... munmap resumed>)             = 0
23194 munmap(0x7ffbd34eb000, 16384 <unfinished ...>
23191 munmap(0x7ffbd34e7000, 16384 <unfinished ...>
23190 munmap(0x7ffbd34e3000, 16384 <unfinished ...>
23189 munmap(0x7ffbd34db000, 16384 <unfinished ...>
23188 <... munmap resumed>)             = 0
23187 <... munmap resumed>)             = 0
23195 mmap(NULL, 16384, PROT_READ|PROT_WRITE, MAP_PRIVATE|MAP_ANONYMOUS|MAP_NORESERVE, -1, 0 <unfinished ...>
23194 <... munmap resumed>)             = 0
23191 <... munmap resumed>)             = 0
23190 <... munmap resumed>)             = 0
23189 <... munmap resumed>)             = 0
23188 mmap(NULL, 16384, PROT_READ|PROT_WRITE, MAP_PRIVATE|MAP_ANONYMOUS|MAP_NORESERVE, -1, 0 <unfinished ...>
23186 <... munmap resumed>)             = 0
23195 <... mmap resumed>)               = 0x7ffbd34f7000
23194 mmap(NULL, 16384, PROT_READ|PROT_WRITE, MAP_PRIVATE|MAP_ANONYMOUS|MAP_NORESERVE, -1, 0 <unfinished ...>
23191 mmap(NULL, 16384, PROT_READ|PROT_WRITE, MAP_PRIVATE|MAP_ANONYMOUS|MAP_NORESERVE, -1, 0 <unfinished ...>
23190 mmap(NULL, 16384, PROT_READ|PROT_WRITE, MAP_PRIVATE|MAP_ANONYMOUS|MAP_NORESERVE, -1, 0 <unfinished ...>
23189 mmap(NULL, 16384, PROT_READ|PROT_WRITE, MAP_PRIVATE|MAP_ANONYMOUS|MAP_NORESERVE, -1, 0 <unfinished ...>
23188 <... mmap resumed>)               = 0x7ffbd34f3000
23187 mmap(NULL, 16384, PROT_READ|PROT_WRITE, MAP_PRIVATE|MAP_ANONYMOUS|MAP_NORESERVE, -1, 0 <unfinished ...>
23195 munmap(0x7ffbd34f7000, 16384 <unfinished ...>
23194 <... mmap resumed>)               = 0x7ffbd34ef000
23191 <... mmap resumed>)               = 0x7ffbd34eb000
23190 <... mmap resumed>)               = 0x7ffbd34e7000
23189 <... mmap resumed>)               = 0x7ffbd34e3000
23188 munmap(0x7ffbd34f3000, 16384 <unfinished ...>
23186 mmap(NULL, 16384, PROT_READ|PROT_WRITE, MAP_PRIVATE|MAP_ANONYMOUS|MAP_NORESERVE, -1, 0 <unfinished ...>
23195 <... munmap resumed>)             = 0
23194 munmap(0x7ffbd34ef000, 16384 <unfinished ...>
23191 munmap(0x7ffbd34eb000, 16384 <unfinished ...>
23190 munmap(0x7ffbd34e7000, 16384 <unfinished ...>
23189 munmap(0x7ffbd34e3000, 16384 <unfinished ...>
23188 <... munmap resumed>)             = 0
23187 <... mmap resumed>)               = 0x7ffbd34df000
23195 mmap(NULL, 16384, PROT_READ|PROT_WRITE, MAP_PRIVATE|MAP_ANONYMOUS|MAP_NORESERVE, -1, 0 <unfinished ...>
23194 <... munmap resumed>)             = 0
23191 <... munmap resumed>)             = 0
23190 <... munmap resumed>)             = 0
23189 <... munmap resumed>)             = 0
23188 mmap(NULL, 16384, PROT_READ|PROT_WRITE, MAP_PRIVATE|MAP_ANONYMOUS|MAP_NORESERVE, -1, 0 <unfinished ...>
23186 <... mmap resumed>)               = 0x7ffbd34f7000
23195 <... mmap resumed>)               = 0x7ffbd34f3000
23194 mmap(NULL, 16384, PROT_READ|PROT_WRITE, MAP_PRIVATE|MAP_ANONYMOUS|MAP_NORESERVE, -1, 0 <unfinished ...>
23191 mmap(NULL, 16384, PROT_READ|PROT_WRITE, MAP_PRIVATE|MAP_ANONYMOUS|MAP_NORESERVE, -1, 0 <unfinished ...>
23190 mmap(NULL, 16384, PROT_READ|PROT_WRITE, MAP_PRIVATE|MAP_ANONYMOUS|MAP_NORESERVE, -1, 0 <unfinished ...>
23189 mmap(NULL, 16384, PROT_READ|PROT_WRITE, MAP_PRIVATE|MAP_ANONYMOUS|MAP_NORESERVE, -1, 0 <unfinished ...>
23188 <... mmap resumed>)               = 0x7ffbd34ef000
23187 munmap(0x7ffbd34df000, 16384 <unfinished ...>
23195 munmap(0x7ffbd34f3000, 16384 <unfinished ...>
23194 <... mmap resumed>)               = 0x7ffbd34eb000
23191 <... mmap resumed>)               = 0x7ffbd34e7000
23190 <... mmap resumed>)               = 0x7ffbd34e3000
23189 <... mmap resumed>)               = 0x7ffbd34db000
23188 munmap(0x7ffbd34ef000, 16384 <unfinished ...>
23186 munmap(0x7ffbd34f7000, 16384 <unfinished ...>
23195 <... munmap resumed>)             = 0
23194 munmap(0x7ffbd34eb000, 16384 <unfinished ...>
23191 munmap(0x7ffbd34e7000, 16384 <unfinished ...>
23190 munmap(0x7ffbd34e3000, 16384 <unfinished ...>
23189 munmap(0x7ffbd34db000, 16384 <unfinished ...>
23188 <... munmap resumed>)             = 0
23187 <... munmap resumed>)             = 0
23186 <... munmap resumed>)             = 0
23195 mmap(NULL, 16384, PROT_READ|PROT_WRITE, MAP_PRIVATE|MAP_ANONYMOUS|MAP_NORESERVE, -1, 0 <unfinished ...>
23194 <... munmap resumed>)             = 0
23191 <... munmap resumed>)             = 0
23190 <... munmap resumed>)             = 0
23189 <... munmap resumed>)             = 0
23188 mmap(NULL, 16384, PROT_READ|PROT_WRITE, MAP_PRIVATE|MAP_ANONYMOUS|MAP_NORESERVE, -1, 0 <unfinished ...>
23187 mmap(NULL, 16384, PROT_READ|PROT_WRITE, MAP_PRIVATE|MAP_ANONYMOUS|MAP_NORESERVE, -1, 0 <unfinished ...>
23195 <... mmap resumed>)               = 0x7ffbd34f7000
23194 mmap(NULL, 16384, PROT_READ|PROT_WRITE, MAP_PRIVATE|MAP_ANONYMOUS|MAP_NORESERVE, -1, 0 <unfinished ...>
23191 mmap(NULL, 16384, PROT_READ|PROT_WRITE, MAP_PRIVATE|MAP_ANONYMOUS|MAP_NORESERVE, -1, 0 <unfinished ...>
23190 mmap(NULL, 16384, PROT_READ|PROT_WRITE, MAP_PRIVATE|MAP_ANONYMOUS|MAP_NORESERVE, -1, 0 <unfinished ...>
23189 mmap(NULL, 16384, PROT_READ|PROT_WRITE, MAP_PRIVATE|MAP_ANONYMOUS|MAP_NORESERVE, -1, 0 <unfinished ...>
23188 <... mmap resumed>)               = 0x7ffbd34f3000
23186 mmap(NULL, 16384, PROT_READ|PROT_WRITE, MAP_PRIVATE|MAP_ANONYMOUS|MAP_NORESERVE, -1, 0 <unfinished ...>
23195 munmap(0x7ffbd34f7000, 16384 <unfinished ...>
23194 <... mmap resumed>)               = 0x7ffbd34eb000
23191 <... mmap resumed>)               = 0x7ffbd34e7000
23190 <... mmap resumed>)               = 0x7ffbd34e3000
23189 <... mmap resumed>)               = 0x7ffbd34df000
23188 munmap(0x7ffbd34f3000, 16384 <unfinished ...>
23187 <... mmap resumed>)               = 0x7ffbd34ef000
23195 <... munmap resumed>)             = 0
23194 munmap(0x7ffbd34eb000, 16384 <unfinished ...>
23191 munmap(0x7ffbd34e7000, 16384 <unfinished ...>
23190 munmap(0x7ffbd34e3000, 16384 <unfinished ...>
23189 munmap(0x7ffbd34df000, 16384 <unfinished ...>
23188 <... munmap resumed>)             = 0
23187 munmap(0x7ffbd34ef000, 16384 <unfinished ...>
23186 <... mmap resumed>)               = 0x7ffbd34db000
23195 mmap(NULL, 16384, PROT_READ|PROT_WRITE, MAP_PRIVATE|MAP_ANONYMOUS|MAP_NORESERVE, -1, 0 <unfinished ...>
23194 <... munmap resumed>)             = 0
23191 <... munmap resumed>)             = 0
23190 <... munmap resumed>)             = 0
23189 <... munmap resumed>)             = 0
23188 mmap(NULL, 16384, PROT_READ|PROT_WRITE, MAP_PRIVATE|MAP_ANONYMOUS|MAP_NORESERVE, -1, 0 <unfinished ...>
23187 <... munmap resumed>)             = 0
23195 <... mmap resumed>)               = 0x7ffbd34f7000
23194 mmap(NULL, 16384, PROT_READ|PROT_WRITE, MAP_PRIVATE|MAP_ANONYMOUS|MAP_NORESERVE, -1, 0 <unfinished ...>
23191 mmap(NULL, 16384, PROT_READ|PROT_WRITE, MAP_PRIVATE|MAP_ANONYMOUS|MAP_NORESERVE, -1, 0 <unfinished ...>
23190 mmap(NULL, 16384, PROT_READ|PROT_WRITE, MAP_PRIVATE|MAP_ANONYMOUS|MAP_NORESERVE, -1, 0 <unfinished ...>
23189 mmap(NULL, 16384, PROT_READ|PROT_WRITE, MAP_PRIVATE|MAP_ANONYMOUS|MAP_NORESERVE, -1, 0 <unfinished ...>
23188 <... mmap resumed>)               = 0x7ffbd34f3000
23186 munmap(0x7ffbd34db000, 16384 <unfinished ...>
23195 munmap(0x7ffbd34f7000, 16384 <unfinished ...>
23194 <... mmap resumed>)               = 0x7ffbd34ef000
23191 <... mmap resumed>)               = 0x7ffbd34eb000
23190 <... mmap resumed>)               = 0x7ffbd34e7000
23189 <... mmap resumed>)               = 0x7ffbd34e3000
23188 munmap(0x7ffbd34f3000, 16384 <unfinished ...>
23187 mmap(NULL, 16384, PROT_READ|PROT_WRITE, MAP_PRIVATE|MAP_ANONYMOUS|MAP_NORESERVE, -1, 0 <unfinished ...>
23195 <... munmap resumed>)             = 0
23194 munmap(0x7ffbd34ef000, 16384 <unfinished ...>
23191 munmap(0x7ffbd34eb000, 16384 <unfinished ...>
23190 munmap(0x7ffbd34e7000, 16384 <unfinished ...>
23189 munmap(0x7ffbd34e3000, 16384 <unfinished ...>
23188 <... munmap resumed>)             = 0
23186 <... munmap resumed>)             = 0
23195 mmap(NULL, 16384, PROT_READ|PROT_WRITE, MAP_PRIVATE|MAP_ANONYMOUS|MAP_NORESERVE, -1, 0 <unfinished ...>
23194 <... munmap resumed>)             = 0
23191 <... munmap resumed>)             = 0
23190 <... munmap resumed>)             = 0
23189 <... munmap resumed>)             = 0
23188 mmap(NULL, 16384, PROT_READ|PROT_WRITE, MAP_PRIVATE|MAP_ANONYMOUS|MAP_NORESERVE, -1, 0 <unfinished ...>
23187 <... mmap resumed>)               = 0x7ffbd34f7000
23195 <... mmap resumed>)               = 0x7ffbd34f3000
23194 mmap(NULL, 16384, PROT_READ|PROT_WRITE, MAP_PRIVATE|MAP_ANONYMOUS|MAP_NORESERVE, -1, 0 <unfinished ...>
23191 mmap(NULL, 16384, PROT_READ|PROT_WRITE, MAP_PRIVATE|MAP_ANONYMOUS|MAP_NORESERVE, -1, 0 <unfinished ...>
23190 mmap(NULL, 16384, PROT_READ|PROT_WRITE, MAP_PRIVATE|MAP_ANONYMOUS|MAP_NORESERVE, -1, 0 <unfinished ...>
23189 mmap(NULL, 16384, PROT_READ|PROT_WRITE, MAP_PRIVATE|MAP_ANONYMOUS|MAP_NORESERVE, -1, 0 <unfinished ...>
23188 <... mmap resumed>)               = 0x7ffbd34ef000
23186 mmap(NULL, 16384, PROT_READ|PROT_WRITE, MAP_PRIVATE|MAP_ANONYMOUS|MAP_NORESERVE, -1, 0 <unfinished ...>
23195 munmap(0x7ffbd34f3000, 16384 <unfinished ...>
23194 <... mmap resumed>)               = 0x7ffbd34eb000
23191 <... mmap resumed>)               = 0x7ffbd34e7000
23190 <... mmap resumed>)               = 0x7ffbd34e3000
23189 <... mmap resumed>)               = 0x7ffbd34df000
23188 munmap(0x7ffbd34ef000, 16384 <unfinished ...>
23187 munmap(0x7ffbd34f7000, 16384 <unfinished ...>
23195 <... munmap resumed>)             = 0
23194 munmap(0x7ffbd34eb000, 16384 <unfinished ...>
23191 munmap(0x7ffbd34e7000, 16384 <unfinished ...>
23190 munmap(0x7ffbd34e3000, 16384 <unfinished ...>
23189 munmap(0x7ffbd34df000, 16384 <unfinished ...>
23188 <... munmap resumed>)             = 0
23186 <... mmap resumed>)               = 0x7ffbd34db000
23195 mmap(NULL, 16384, PROT_READ|PROT_WRITE, MAP_PRIVATE|MAP_ANONYMOUS|MAP_NORESERVE, -1, 0 <unfinished ...>
23194 <... munmap resumed>)             = 0
23191 <... munmap resumed>)             = 0
23190 <... munmap resumed>)             = 0
23189 <... munmap resumed>)             = 0
23188 mmap(NULL, 16384, PROT_READ|PROT_WRITE, MAP_PRIVATE|MAP_ANONYMOUS|MAP_NORESERVE, -1, 0 <unfinished ...>
23187 <... munmap resumed>)             = 0
23195 <... mmap resumed>)               = 0x7ffbd34f7000
23194 mmap(NULL, 16384, PROT_READ|PROT_WRITE, MAP_PRIVATE|MAP_ANONYMOUS|MAP_NORESERVE, -1, 0 <unfinished ...>
23191 mmap(NULL, 16384, PROT_READ|PROT_WRITE, MAP_PRIVATE|MAP_ANONYMOUS|MAP_NORESERVE, -1, 0 <unfinished ...>
23190 mmap(NULL, 16384, PROT_READ|PROT_WRITE, MAP_PRIVATE|MAP_ANONYMOUS|MAP_NORESERVE, -1, 0 <unfinished ...>
23189 mmap(NULL, 16384, PROT_READ|PROT_WRITE, MAP_PRIVATE|MAP_ANONYMOUS|MAP_NORESERVE, -1, 0 <unfinished ...>
23188 <... mmap resumed>)               = 0x7ffbd34f3000
23186 munmap(0x7ffbd34db000, 16384 <unfinished ...>
23195 munmap(0x7ffbd34f7000, 16384 <unfinished ...>
23194 <... mmap resumed>)               = 0x7ffbd34ef000
23191 <... mmap resumed>)               = 0x7ffbd34eb000
23190 <... mmap resumed>)               = 0x7ffbd34e7000
23189 <... mmap resumed>)               = 0x7ffbd34e3000
23188 munmap(0x7ffbd34f3000, 16384 <unfinished ...>
23187 mmap(NULL, 16384, PROT_READ|PROT_WRITE, MAP_PRIVATE|MAP_ANONYMOUS|MAP_NORESERVE, -1, 0 <unfinished ...>
23195 <... munmap resumed>)             = 0
23194 munmap(0x7ffbd34ef000, 16384 <unfinished ...>
23191 munmap(0x7ffbd34eb000, 16384 <unfinished ...>
23190 munmap(0x7ffbd34e7000, 16384 <unfinished ...>
23189 munmap(0x7ffbd34e3000, 16384 <unfinished ...>
23188 <... munmap resumed>)             = 0
23186 <... munmap resumed>)             = 0
23195 mmap(NULL, 16384, PROT_READ|PROT_WRITE, MAP_PRIVATE|MAP_ANONYMOUS|MAP_NORESERVE, -1, 0 <unfinished ...>
23194 <... munmap resumed>)             = 0
23191 <... munmap resumed>)             = 0
23190 <... munmap resumed>)             = 0
23189 <... munmap resumed>)             = 0
23188 mmap(NULL, 16384, PROT_READ|PROT_WRITE, MAP_PRIVATE|MAP_ANONYMOUS|MAP_NORESERVE, -1, 0 <unfinished ...>
23187 <... mmap resumed>)               = 0x7ffbd34f7000
23195 <... mmap resumed>)               = 0x7ffbd34f3000
23194 mmap(NULL, 16384, PROT_READ|PROT_WRITE, MAP_PRIVATE|MAP_ANONYMOUS|MAP_NORESERVE, -1, 0 <unfinished ...>
23191 mmap(NULL, 16384, PROT_READ|PROT_WRITE, MAP_PRIVATE|MAP_ANONYMOUS|MAP_NORESERVE, -1, 0 <unfinished ...>
23190 mmap(NULL, 16384, PROT_READ|PROT_WRITE, MAP_PRIVATE|MAP_ANONYMOUS|MAP_NORESERVE, -1, 0 <unfinished ...>
23189 mmap(NULL, 16384, PROT_READ|PROT_WRITE, MAP_PRIVATE|MAP_ANONYMOUS|MAP_NORESERVE, -1, 0 <unfinished ...>
23188 <... mmap resumed>)               = 0x7ffbd34ef000
23186 mmap(NULL, 16384, PROT_READ|PROT_WRITE, MAP_PRIVATE|MAP_ANONYMOUS|MAP_NORESERVE, -1, 0 <unfinished ...>
23195 munmap(0x7ffbd34f3000, 16384 <unfinished ...>
23194 <... mmap resumed>)               = 0x7ffbd34eb000
23191 <... mmap resumed>)               = 0x7ffbd34e7000
23190 <... mmap resumed>)               = 0x7ffbd34e3000
23189 <... mmap resumed>)               = 0x7ffbd34df000
23188 munmap(0x7ffbd34ef000, 16384 <unfinished ...>
23187 munmap(0x7ffbd34f7000, 16384 <unfinished ...>
23195 <... munmap resumed>)             = 0
23194 munmap(0x7ffbd34eb000, 16384 <unfinished ...>
23191 munmap(0x7ffbd34e7000, 16384 <unfinished ...>
23190 munmap(0x7ffbd34e3000, 16384 <unfinished ...>
23189 munmap(0x7ffbd34df000, 16384 <unfinished ...>
23188 <... munmap resumed>)             = 0
23186 <... mmap resumed>)               = 0x7ffbd34db000
23195 mmap(NULL, 16384, PROT_READ|PROT_WRITE, MAP_PRIVATE|MAP_ANONYMOUS|MAP_NORESERVE, -1, 0 <unfinished ...>
23194 <... munmap resumed>)             = 0
23191 <... munmap resumed>)             = 0
23190 <... munmap resumed>)             = 0
23189 <... munmap resumed>)             = 0
23188 mmap(NULL, 16384, PROT_READ|PROT_WRITE, MAP_PRIVATE|MAP_ANONYMOUS|MAP_NORESERVE, -1, 0 <unfinished ...>
23187 <... munmap resumed>)             = 0
23195 <... mmap resumed>)               = 0x7ffbd34f7000
23194 mmap(NULL, 16384, PROT_READ|PROT_WRITE, MAP_PRIVATE|MAP_ANONYMOUS|MAP_NORESERVE, -1, 0 <unfinished ...>
23191 mmap(NULL, 16384, PROT_READ|PROT_WRITE, MAP_PRIVATE|MAP_ANONYMOUS|MAP_NORESERVE, -1, 0 <unfinished ...>
23190 mmap(NULL, 16384, PROT_READ|PROT_WRITE, MAP_PRIVATE|MAP_ANONYMOUS|MAP_NORESERVE, -1, 0 <unfinished ...>
23189 mmap(NULL, 16384, PROT_READ|PROT_WRITE, MAP_PRIVATE|MAP_ANONYMOUS|MAP_NORESERVE, -1, 0 <unfinished ...>
23188 <... mmap resumed>)               = 0x7ffbd34f3000
23186 munmap(0x7ffbd34db000, 16384 <unfinished ...>
23195 munmap(0x7ffbd34f7000, 16384 <unfinished ...>
23194 <... mmap resumed>)               = 0x7ffbd34ef000
23191 <... mmap resumed>)               = 0x7ffbd34eb000
23190 <... mmap resumed>)               = 0x7ffbd34e7000
23189 <... mmap resumed>)               = 0x7ffbd34e3000
23188 munmap(0x7ffbd34f3000, 16384 <unfinished ...>
23187 mmap(NULL, 16384, PROT_READ|PROT_WRITE, MAP_PRIVATE|MAP_ANONYMOUS|MAP_NORESERVE, -1, 0 <unfinished ...>
23195 <... munmap resumed>)             = 0
23194 munmap(0x7ffbd34ef000, 16384 <unfinished ...>
23191 munmap(0x7ffbd34eb000, 16384 <unfinished ...>
23190 munmap(0x7ffbd34e7000, 16384 <unfinished ...>
23189 munmap(0x7ffbd34e3000, 16384 <unfinished ...>
23188 <... munmap resumed>)             = 0
23186 <... munmap resumed>)             = 0
23195 mmap(NULL, 16384, PROT_READ|PROT_WRITE, MAP_PRIVATE|MAP_ANONYMOUS|MAP_NORESERVE, -1, 0 <unfinished ...>
23194 <... munmap resumed>)             = 0
23191 <... munmap resumed>)             = 0
23190 <... munmap resumed>)             = 0
23189 <... munmap resumed>)             = 0
23188 mmap(NULL, 16384, PROT_READ|PROT_WRITE, MAP_PRIVATE|MAP_ANONYMOUS|MAP_NORESERVE, -1, 0 <unfinished ...>
23187 <... mmap resumed>)               = 0x7ffbd34f7000
23195 <... mmap resumed>)               = 0x7ffbd34f3000
23194 mmap(NULL, 16384, PROT_READ|PROT_WRITE, MAP_PRIVATE|MAP_ANONYMOUS|MAP_NORESERVE, -1, 0 <unfinished ...>
23191 mmap(NULL, 16384, PROT_READ|PROT_WRITE, MAP_PRIVATE|MAP_ANONYMOUS|MAP_NORESERVE, -1, 0 <unfinished ...>
23190 mmap(NULL, 16384, PROT_READ|PROT_WRITE, MAP_PRIVATE|MAP_ANONYMOUS|MAP_NORESERVE, -1, 0 <unfinished ...>
23189 mmap(NULL, 16384, PROT_READ|PROT_WRITE, MAP_PRIVATE|MAP_ANONYMOUS|MAP_NORESERVE, -1, 0 <unfinished ...>
23188 <... mmap resumed>)               = 0x7ffbd34ef000
23186 mmap(NULL, 16384, PROT_READ|PROT_WRITE, MAP_PRIVATE|MAP_ANONYMOUS|MAP_NORESERVE, -1, 0 <unfinished ...>
23195 munmap(0x7ffbd34f3000, 16384 <unfinished ...>
23194 <... mmap resumed>)               = 0x7ffbd34eb000
23191 <... mmap resumed>)               = 0x7ffbd34e7000
23190 <... mmap resumed>)               = 0x7ffbd34e3000
23189 <... mmap resumed>)               = 0x7ffbd34df000
23188 munmap(0x7ffbd34ef000, 16384 <unfinished ...>
23187 munmap(0x7ffbd34f7000, 16384 <unfinished ...>
23195 <... munmap resumed>)             = 0
23194 munmap(0x7ffbd34eb000, 16384 <unfinished ...>
23191 munmap(0x7ffbd34e7000, 16384 <unfinished ...>
23190 munmap(0x7ffbd34e3000, 16384 <unfinished ...>
23189 munmap(0x7ffbd34df000, 16384 <unfinished ...>
23188 <... munmap resumed>)             = 0
23186 <... mmap resumed>)               = 0x7ffbd34db000
23195 mmap(NULL, 16384, PROT_READ|PROT_WRITE, MAP_PRIVATE|MAP_ANONYMOUS|MAP_NORESERVE, -1, 0 <unfinished ...>
23194 <... munmap resumed>)             = 0
23191 <... munmap resumed>)             = 0
23190 <... munmap resumed>)             = 0
23189 <... munmap resumed>)             = 0
23188 mmap(NULL, 16384, PROT_READ|PROT_WRITE, MAP_PRIVATE|MAP_ANONYMOUS|MAP_NORESERVE, -1, 0 <unfinished ...>
23187 <... munmap resumed>)             = 0
23195 <... mmap resumed>)               = 0x7ffbd34f7000
23194 mmap(NULL, 16384, PROT_READ|PROT_WRITE, MAP_PRIVATE|MAP_ANONYMOUS|MAP_NORESERVE, -1, 0 <unfinished ...>
23191 mmap(NULL, 16384, PROT_READ|PROT_WRITE, MAP_PRIVATE|MAP_ANONYMOUS|MAP_NORESERVE, -1, 0 <unfinished ...>
23190 mmap(NULL, 16384, PROT_READ|PROT_WRITE, MAP_PRIVATE|MAP_ANONYMOUS|MAP_NORESERVE, -1, 0 <unfinished ...>
23189 mmap(NULL, 16384, PROT_READ|PROT_WRITE, MAP_PRIVATE|MAP_ANONYMOUS|MAP_NORESERVE, -1, 0 <unfinished ...>
23188 <... mmap resumed>)               = 0x7ffbd34f3000
23186 munmap(0x7ffbd34db000, 16384 <unfinished ...>
23195 munmap(0x7ffbd34f7000, 16384 <unfinished ...>
23194 <... mmap resumed>)               = 0x7ffbd34ef000
23191 <... mmap resumed>)               = 0x7ffbd34eb000
23190 <... mmap resumed>)               = 0x7ffbd34e7000
23189 <... mmap resumed>)               = 0x7ffbd34e3000
23188 munmap(0x7ffbd34f3000, 16384 <unfinished ...>
23187 mmap(NULL, 16384, PROT_READ|PROT_WRITE, MAP_PRIVATE|MAP_ANONYMOUS|MAP_NORESERVE, -1, 0 <unfinished ...>
23195 <... munmap resumed>)             = 0
23194 munmap(0x7ffbd34ef000, 16384 <unfinished ...>
23191 munmap(0x7ffbd34eb000, 16384 <unfinished ...>
23190 munmap(0x7ffbd34e7000, 16384 <unfinished ...>
23189 munmap(0x7ffbd34e3000, 16384 <unfinished ...>
23188 <... munmap resumed>)             = 0
23186 <... munmap resumed>)             = 0
23195 mmap(NULL, 16384, PROT_READ|PROT_WRITE, MAP_PRIVATE|MAP_ANONYMOUS|MAP_NORESERVE, -1, 0 <unfinished ...>
23194 <... munmap resumed>)             = 0
23191 <... munmap resumed>)             = 0
23190 <... munmap resumed>)             = 0
23189 <... munmap resumed>)             = 0
23188 mmap(NULL, 16384, PROT_READ|PROT_WRITE, MAP_PRIVATE|MAP_ANONYMOUS|MAP_NORESERVE, -1, 0 <unfinished ...>
23187 <... mmap resumed>)               = 0x7ffbd34f7000
23195 <... mmap resumed>)               = 0x7ffbd34f3000
23194 mmap(NULL, 16384, PROT_READ|PROT_WRITE, MAP_PRIVATE|MAP_ANONYMOUS|MAP_NORESERVE, -1, 0 <unfinished ...>
23191 mmap(NULL, 16384, PROT_READ|PROT_WRITE, MAP_PRIVATE|MAP_ANONYMOUS|MAP_NORESERVE, -1, 0 <unfinished ...>
23190 mmap(NULL, 16384, PROT_READ|PROT_WRITE, MAP_PRIVATE|MAP_ANONYMOUS|MAP_NORESERVE, -1, 0 <unfinished ...>
23189 mmap(NULL, 16384, PROT_READ|PROT_WRITE, MAP_PRIVATE|MAP_ANONYMOUS|MAP_NORESERVE, -1, 0 <unfinished ...>
23188 <... mmap resumed>)               = 0x7ffbd34ef000
23186 mmap(NULL, 16384, PROT_READ|PROT_WRITE, MAP_PRIVATE|MAP_ANONYMOUS|MAP_NORESERVE, -1, 0 <unfinished ...>
23195 munmap(0x7ffbd34f3000, 16384 <unfinished ...>
23194 <... mmap resumed>)               = 0x7ffbd34eb000
23191 <... mmap resumed>)               = 0x7ffbd34e7000
23190 <... mmap resumed>)               = 0x7ffbd34e3000
23189 <... mmap resumed>)               = 0x7ffbd34df000
23188 munmap(0x7ffbd34ef000, 16384 <unfinished ...>
23187 munmap(0x7ffbd34f7000, 16384 <unfinished ...>
23195 <... munmap resumed>)             = 0
23194 munmap(0x7ffbd34eb000, 16384 <unfinished ...>
23191 munmap(0x7ffbd34e7000, 16384 <unfinished ...>
23190 munmap(0x7ffbd34e3000, 16384 <unfinished ...>
23189 munmap(0x7ffbd34df000, 16384 <unfinished ...>
23188 <... munmap resumed>)             = 0
23186 <... mmap resumed>)               = 0x7ffbd34db000
23195 mmap(NULL, 16384, PROT_READ|PROT_WRITE, MAP_PRIVATE|MAP_ANONYMOUS|MAP_NORESERVE, -1, 0 <unfinished ...>
23194 <... munmap resumed>)             = 0
23191 <... munmap resumed>)             = 0
23190 <... munmap resumed>)             = 0
23189 <... munmap resumed>)             = 0
23188 mmap(NULL, 16384, PROT_READ|PROT_WRITE, MAP_PRIVATE|MAP_ANONYMOUS|MAP_NORESERVE, -1, 0 <unfinished ...>
23187 <... munmap resumed>)             = 0
23195 <... mmap resumed>)               = 0x7ffbd34f7000
23194 mmap(NULL, 16384, PROT_READ|PROT_WRITE, MAP_PRIVATE|MAP_ANONYMOUS|MAP_NORESERVE, -1, 0 <unfinished ...>
23191 mmap(NULL, 16384, PROT_READ|PROT_WRITE, MAP_PRIVATE|MAP_ANONYMOUS|MAP_NORESERVE, -1, 0 <unfinished ...>
23190 mmap(NULL, 16384, PROT_READ|PROT_WRITE, MAP_PRIVATE|MAP_ANONYMOUS|MAP_NORESERVE, -1, 0 <unfinished ...>
23189 mmap(NULL, 16384, PROT_READ|PROT_WRITE, MAP_PRIVATE|MAP_ANONYMOUS|MAP_NORESERVE, -1, 0 <unfinished ...>
23188 <... mmap resumed>)               = 0x7ffbd34f3000
23187 mmap(NULL, 16384, PROT_READ|PROT_WRITE, MAP_PRIVATE|MAP_ANONYMOUS|MAP_NORESERVE, -1, 0 <unfinished ...>
23186 munmap(0x7ffbd34db000, 16384 <unfinished ...>
23195 munmap(0x7ffbd34f7000, 16384 <unfinished ...>
23194 <... mmap resumed>)               = 0x7ffbd34ef000
23191 <... mmap resumed>)               = 0x7ffbd34eb000
23190 <... mmap resumed>)               = 0x7ffbd34e7000
23189 <... mmap resumed>)               = 0x7ffbd34e3000
23188 munmap(0x7ffbd34f3000, 16384 <unfinished ...>
23187 <... mmap resumed>)               = 0x7ffbd34df000
23195 <... munmap resumed>)             = 0
23194 munmap(0x7ffbd34ef000, 16384 <unfinished ...>
23191 munmap(0x7ffbd34eb000, 16384 <unfinished ...>
23190 munmap(0x7ffbd34e7000, 16384 <unfinished ...>
23189 munmap(0x7ffbd34e3000, 16384 <unfinished ...>
23188 <... munmap resumed>)             = 0
23186 <... munmap resumed>)             = 0
23195 mmap(NULL, 16384, PROT_READ|PROT_WRITE, MAP_PRIVATE|MAP_ANONYMOUS|MAP_NORESERVE, -1, 0 <unfinished ...>
23194 <... munmap resumed>)             = 0
23191 <... munmap resumed>)             = 0
23190 <... munmap resumed>)             = 0
23189 <... munmap resumed>)             = 0
23188 mmap(NULL, 16384, PROT_READ|PROT_WRITE, MAP_PRIVATE|MAP_ANONYMOUS|MAP_NORESERVE, -1, 0 <unfinished ...>
23187 munmap(0x7ffbd34df000, 16384 <unfinished ...>
23195 <... mmap resumed>)               = 0x7ffbd34f7000
23194 mmap(NULL, 16384, PROT_READ|PROT_WRITE, MAP_PRIVATE|MAP_ANONYMOUS|MAP_NORESERVE, -1, 0 <unfinished ...>
23191 mmap(NULL, 16384, PROT_READ|PROT_WRITE, MAP_PRIVATE|MAP_ANONYMOUS|MAP_NORESERVE, -1, 0 <unfinished ...>
23190 mmap(NULL, 16384, PROT_READ|PROT_WRITE, MAP_PRIVATE|MAP_ANONYMOUS|MAP_NORESERVE, -1, 0 <unfinished ...>
23189 mmap(NULL, 16384, PROT_READ|PROT_WRITE, MAP_PRIVATE|MAP_ANONYMOUS|MAP_NORESERVE, -1, 0 <unfinished ...>
23188 <... mmap resumed>)               = 0x7ffbd34f3000
23186 mmap(NULL, 16384, PROT_READ|PROT_WRITE, MAP_PRIVATE|MAP_ANONYMOUS|MAP_NORESERVE, -1, 0 <unfinished ...>
23195 munmap(0x7ffbd34f7000, 16384 <unfinished ...>
23194 <... mmap resumed>)               = 0x7ffbd34ef000
23191 <... mmap resumed>)               = 0x7ffbd34eb000
23190 <... mmap resumed>)               = 0x7ffbd34e7000
23189 <... mmap resumed>)               = 0x7ffbd34e3000
23188 munmap(0x7ffbd34f3000, 16384 <unfinished ...>
23187 <... munmap resumed>)             = 0
23195 <... munmap resumed>)             = 0
23194 munmap(0x7ffbd34ef000, 16384 <unfinished ...>
23191 munmap(0x7ffbd34eb000, 16384 <unfinished ...>
23190 munmap(0x7ffbd34e7000, 16384 <unfinished ...>
23189 munmap(0x7ffbd34e3000, 16384 <unfinished ...>
23188 <... munmap resumed>)             = 0
23186 <... mmap resumed>)               = 0x7ffbd34df000
23195 mmap(NULL, 16384, PROT_READ|PROT_WRITE, MAP_PRIVATE|MAP_ANONYMOUS|MAP_NORESERVE, -1, 0 <unfinished ...>
23194 <... munmap resumed>)             = 0
23191 <... munmap resumed>)             = 0
23190 <... munmap resumed>)             = 0
23189 <... munmap resumed>)             = 0
23188 mmap(NULL, 16384, PROT_READ|PROT_WRITE, MAP_PRIVATE|MAP_ANONYMOUS|MAP_NORESERVE, -1, 0 <unfinished ...>
23187 mmap(NULL, 16384, PROT_READ|PROT_WRITE, MAP_PRIVATE|MAP_ANONYMOUS|MAP_NORESERVE, -1, 0 <unfinished ...>
23195 <... mmap resumed>)               = 0x7ffbd34f7000
23194 mmap(NULL, 16384, PROT_READ|PROT_WRITE, MAP_PRIVATE|MAP_ANONYMOUS|MAP_NORESERVE, -1, 0 <unfinished ...>
23191 mmap(NULL, 16384, PROT_READ|PROT_WRITE, MAP_PRIVATE|MAP_ANONYMOUS|MAP_NORESERVE, -1, 0 <unfinished ...>
23190 mmap(NULL, 16384, PROT_READ|PROT_WRITE, MAP_PRIVATE|MAP_ANONYMOUS|MAP_NORESERVE, -1, 0 <unfinished ...>
23189 mmap(NULL, 16384, PROT_READ|PROT_WRITE, MAP_PRIVATE|MAP_ANONYMOUS|MAP_NORESERVE, -1, 0 <unfinished ...>
23188 <... mmap resumed>)               = 0x7ffbd34f3000
23186 munmap(0x7ffbd34df000, 16384 <unfinished ...>
23195 munmap(0x7ffbd34f7000, 16384 <unfinished ...>
23194 <... mmap resumed>)               = 0x7ffbd34eb000
23191 <... mmap resumed>)               = 0x7ffbd34e7000
23190 <... mmap resumed>)               = 0x7ffbd34e3000
23189 <... mmap resumed>)               = 0x7ffbd34db000
23188 munmap(0x7ffbd34f3000, 16384 <unfinished ...>
23187 <... mmap resumed>)               = 0x7ffbd34ef000
23195 <... munmap resumed>)             = 0
23194 munmap(0x7ffbd34eb000, 16384 <unfinished ...>
23191 munmap(0x7ffbd34e7000, 16384 <unfinished ...>
23190 munmap(0x7ffbd34e3000, 16384 <unfinished ...>
23189 munmap(0x7ffbd34db000, 16384 <unfinished ...>
23188 <... munmap resumed>)             = 0
23186 <... munmap resumed>)             = 0
23195 mmap(NULL, 16384, PROT_READ|PROT_WRITE, MAP_PRIVATE|MAP_ANONYMOUS|MAP_NORESERVE, -1, 0 <unfinished ...>
23194 <... munmap resumed>)             = 0
23191 <... munmap resumed>)             = 0
23190 <... munmap resumed>)             = 0
23189 <... munmap resumed>)             = 0
23188 mmap(NULL, 16384, PROT_READ|PROT_WRITE, MAP_PRIVATE|MAP_ANONYMOUS|MAP_NORESERVE, -1, 0 <unfinished ...>
23187 munmap(0x7ffbd34ef000, 16384 <unfinished ...>
23195 <... mmap resumed>)               = 0x7ffbd34f7000
23194 mmap(NULL, 16384, PROT_READ|PROT_WRITE, MAP_PRIVATE|MAP_ANONYMOUS|MAP_NORESERVE, -1, 0 <unfinished ...>
23191 mmap(NULL, 16384, PROT_READ|PROT_WRITE, MAP_PRIVATE|MAP_ANONYMOUS|MAP_NORESERVE, -1, 0 <unfinished ...>
23190 mmap(NULL, 16384, PROT_READ|PROT_WRITE, MAP_PRIVATE|MAP_ANONYMOUS|MAP_NORESERVE, -1, 0 <unfinished ...>
23189 mmap(NULL, 16384, PROT_READ|PROT_WRITE, MAP_PRIVATE|MAP_ANONYMOUS|MAP_NORESERVE, -1, 0 <unfinished ...>
23188 <... mmap resumed>)               = 0x7ffbd34f3000
23186 mmap(NULL, 16384, PROT_READ|PROT_WRITE, MAP_PRIVATE|MAP_ANONYMOUS|MAP_NORESERVE, -1, 0 <unfinished ...>
23195 munmap(0x7ffbd34f7000, 16384 <unfinished ...>
23194 <... mmap resumed>)               = 0x7ffbd34ef000
23191 <... mmap resumed>)               = 0x7ffbd34eb000
23190 <... mmap resumed>)               = 0x7ffbd34e7000
23189 <... mmap resumed>)               = 0x7ffbd34e3000
23188 munmap(0x7ffbd34f3000, 16384 <unfinished ...>
23187 <... munmap resumed>)             = 0
23195 <... munmap resumed>)             = 0
23194 munmap(0x7ffbd34ef000, 16384 <unfinished ...>
23191 munmap(0x7ffbd34eb000, 16384 <unfinished ...>
23190 munmap(0x7ffbd34e7000, 16384 <unfinished ...>
23189 munmap(0x7ffbd34e3000, 16384 <unfinished ...>
23188 <... munmap resumed>)             = 0
23186 <... mmap resumed>)               = 0x7ffbd34df000
23195 mmap(NULL, 16384, PROT_READ|PROT_WRITE, MAP_PRIVATE|MAP_ANONYMOUS|MAP_NORESERVE, -1, 0 <unfinished ...>
23194 <... munmap resumed>)             = 0
23191 <... munmap resumed>)             = 0
23190 <... munmap resumed>)             = 0
23189 <... munmap resumed>)             = 0
23188 mmap(NULL, 16384, PROT_READ|PROT_WRITE, MAP_PRIVATE|MAP_ANONYMOUS|MAP_NORESERVE, -1, 0 <unfinished ...>
23187 mmap(NULL, 16384, PROT_READ|PROT_WRITE, MAP_PRIVATE|MAP_ANONYMOUS|MAP_NORESERVE, -1, 0 <unfinished ...>
23195 <... mmap resumed>)               = 0x7ffbd34f7000
23194 mmap(NULL, 16384, PROT_READ|PROT_WRITE, MAP_PRIVATE|MAP_ANONYMOUS|MAP_NORESERVE, -1, 0 <unfinished ...>
23191 mmap(NULL, 16384, PROT_READ|PROT_WRITE, MAP_PRIVATE|MAP_ANONYMOUS|MAP_NORESERVE, -1, 0 <unfinished ...>
23190 mmap(NULL, 16384, PROT_READ|PROT_WRITE, MAP_PRIVATE|MAP_ANONYMOUS|MAP_NORESERVE, -1, 0 <unfinished ...>
23189 mmap(NULL, 16384, PROT_READ|PROT_WRITE, MAP_PRIVATE|MAP_ANONYMOUS|MAP_NORESERVE, -1, 0 <unfinished ...>
23188 <... mmap resumed>)               = 0x7ffbd34f3000
23186 munmap(0x7ffbd34df000, 16384 <unfinished ...>
23195 munmap(0x7ffbd34f7000, 16384 <unfinished ...>
23194 <... mmap resumed>)               = 0x7ffbd34eb000
23191 <... mmap resumed>)               = 0x7ffbd34e7000
23190 <... mmap resumed>)               = 0x7ffbd34e3000
23189 <... mmap resumed>)               = 0x7ffbd34db000
23188 munmap(0x7ffbd34f3000, 16384 <unfinished ...>
23187 <... mmap resumed>)               = 0x7ffbd34ef000
23195 <... munmap resumed>)             = 0
23194 munmap(0x7ffbd34eb000, 16384 <unfinished ...>
23191 munmap(0x7ffbd34e7000, 16384 <unfinished ...>
23190 munmap(0x7ffbd34e3000, 16384 <unfinished ...>
23189 munmap(0x7ffbd34db000, 16384 <unfinished ...>
23188 <... munmap resumed>)             = 0
23186 <... munmap resumed>)             = 0
23195 mmap(NULL, 16384, PROT_READ|PROT_WRITE, MAP_PRIVATE|MAP_ANONYMOUS|MAP_NORESERVE, -1, 0 <unfinished ...>
23194 <... munmap resumed>)             = 0
23191 <... munmap resumed>)             = 0
23190 <... munmap resumed>)             = 0
23189 <... munmap resumed>)             = 0
23188 mmap(NULL, 16384, PROT_READ|PROT_WRITE, MAP_PRIVATE|MAP_ANONYMOUS|MAP_NORESERVE, -1, 0 <unfinished ...>
23187 munmap(0x7ffbd34ef000, 16384 <unfinished ...>
23195 <... mmap resumed>)               = 0x7ffbd34f7000
23194 mmap(NULL, 16384, PROT_READ|PROT_WRITE, MAP_PRIVATE|MAP_ANONYMOUS|MAP_NORESERVE, -1, 0 <unfinished ...>
23191 mmap(NULL, 16384, PROT_READ|PROT_WRITE, MAP_PRIVATE|MAP_ANONYMOUS|MAP_NORESERVE, -1, 0 <unfinished ...>
23190 mmap(NULL, 16384, PROT_READ|PROT_WRITE, MAP_PRIVATE|MAP_ANONYMOUS|MAP_NORESERVE, -1, 0 <unfinished ...>
23189 mmap(NULL, 16384, PROT_READ|PROT_WRITE, MAP_PRIVATE|MAP_ANONYMOUS|MAP_NORESERVE, -1, 0 <unfinished ...>
23188 <... mmap resumed>)               = 0x7ffbd34f3000
23186 mmap(NULL, 16384, PROT_READ|PROT_WRITE, MAP_PRIVATE|MAP_ANONYMOUS|MAP_NORESERVE, -1, 0 <unfinished ...>
23195 munmap(0x7ffbd34f7000, 16384 <unfinished ...>
23194 <... mmap resumed>)               = 0x7ffbd34ef000
23191 <... mmap resumed>)               = 0x7ffbd34eb000
23190 <... mmap resumed>)               = 0x7ffbd34e7000
23189 <... mmap resumed>)               = 0x7ffbd34e3000
23188 munmap(0x7ffbd34f3000, 16384 <unfinished ...>
23187 <... munmap resumed>)             = 0
23195 <... munmap resumed>)             = 0
23194 munmap(0x7ffbd34ef000, 16384 <unfinished ...>
23191 munmap(0x7ffbd34eb000, 16384 <unfinished ...>
23190 munmap(0x7ffbd34e7000, 16384 <unfinished ...>
23189 munmap(0x7ffbd34e3000, 16384 <unfinished ...>
23188 <... munmap resumed>)             = 0
23186 <... mmap resumed>)               = 0x7ffbd34df000
23195 mmap(NULL, 16384, PROT_READ|PROT_WRITE, MAP_PRIVATE|MAP_ANONYMOUS|MAP_NORESERVE, -1, 0 <unfinished ...>
23194 <... munmap resumed>)             = 0
23191 <... munmap resumed>)             = 0
23190 <... munmap resumed>)             = 0
23189 <... munmap resumed>)             = 0
23188 mmap(NULL, 16384, PROT_READ|PROT_WRITE, MAP_PRIVATE|MAP_ANONYMOUS|MAP_NORESERVE, -1, 0 <unfinished ...>
23187 mmap(NULL, 16384, PROT_READ|PROT_WRITE, MAP_PRIVATE|MAP_ANONYMOUS|MAP_NORESERVE, -1, 0 <unfinished ...>
23195 <... mmap resumed>)               = 0x7ffbd34f7000
23194 mmap(NULL, 16384, PROT_READ|PROT_WRITE, MAP_PRIVATE|MAP_ANONYMOUS|MAP_NORESERVE, -1, 0 <unfinished ...>
23191 mmap(NULL, 16384, PROT_READ|PROT_WRITE, MAP_PRIVATE|MAP_ANONYMOUS|MAP_NORESERVE, -1, 0 <unfinished ...>
23190 mmap(NULL, 16384, PROT_READ|PROT_WRITE, MAP_PRIVATE|MAP_ANONYMOUS|MAP_NORESERVE, -1, 0 <unfinished ...>
23189 mmap(NULL, 16384, PROT_READ|PROT_WRITE, MAP_PRIVATE|MAP_ANONYMOUS|MAP_NORESERVE, -1, 0 <unfinished ...>
23188 <... mmap resumed>)               = 0x7ffbd34f3000
23186 munmap(0x7ffbd34df000, 16384 <unfinished ...>
23195 munmap(0x7ffbd34f7000, 16384 <unfinished ...>
23194 <... mmap resumed>)               = 0x7ffbd34eb000
23191 <... mmap resumed>)               = 0x7ffbd34e7000
23190 <... mmap resumed>)               = 0x7ffbd34e3000
23189 <... mmap resumed>)               = 0x7ffbd34db000
23188 munmap(0x7ffbd34f3000, 16384 <unfinished ...>
23187 <... mmap resumed>)               = 0x7ffbd34ef000
23195 <... munmap resumed>)             = 0
23194 munmap(0x7ffbd34eb000, 16384 <unfinished ...>
23191 munmap(0x7ffbd34e7000, 16384 <unfinished ...>
23190 munmap(0x7ffbd34e3000, 16384 <unfinished ...>
23189 munmap(0x7ffbd34db000, 16384 <unfinished ...>
23188 <... munmap resumed>)             = 0
23186 <... munmap resumed>)             = 0
23195 mmap(NULL, 16384, PROT_READ|PROT_WRITE, MAP_PRIVATE|MAP_ANONYMOUS|MAP_NORESERVE, -1, 0 <unfinished ...>
23194 <... munmap resumed>)             = 0
23191 <... munmap resumed>)             = 0
23190 <... munmap resumed>)             = 0
23189 <... munmap resumed>)             = 0
23188 mmap(NULL, 16384, PROT_READ|PROT_WRITE, MAP_PRIVATE|MAP_ANONYMOUS|MAP_NORESERVE, -1, 0 <unfinished ...>
23187 munmap(0x7ffbd34ef000, 16384 <unfinished ...>
23195 <... mmap resumed>)               = 0x7ffbd34f7000
23194 mmap(NULL, 16384, PROT_READ|PROT_WRITE, MAP_PRIVATE|MAP_ANONYMOUS|MAP_NORESERVE, -1, 0 <unfinished ...>
23191 mmap(NULL, 16384, PROT_READ|PROT_WRITE, MAP_PRIVATE|MAP_ANONYMOUS|MAP_NORESERVE, -1, 0 <unfinished ...>
23190 mmap(NULL, 16384, PROT_READ|PROT_WRITE, MAP_PRIVATE|MAP_ANONYMOUS|MAP_NORESERVE, -1, 0 <unfinished ...>
23189 mmap(NULL, 16384, PROT_READ|PROT_WRITE, MAP_PRIVATE|MAP_ANONYMOUS|MAP_NORESERVE, -1, 0 <unfinished ...>
23188 <... mmap resumed>)               = 0x7ffbd34f3000
23186 mmap(NULL, 16384, PROT_READ|PROT_WRITE, MAP_PRIVATE|MAP_ANONYMOUS|MAP_NORESERVE, -1, 0 <unfinished ...>
23195 munmap(0x7ffbd34f7000, 16384 <unfinished ...>
23194 <... mmap resumed>)               = 0x7ffbd34ef000
23191 <... mmap resumed>)               = 0x7ffbd34eb000
23190 <... mmap resumed>)               = 0x7ffbd34e7000
23189 <... mmap resumed>)               = 0x7ffbd34e3000
23188 munmap(0x7ffbd34f3000, 16384 <unfinished ...>
23187 <... munmap resumed>)             = 0
23195 <... munmap resumed>)             = 0
23194 munmap(0x7ffbd34ef000, 16384 <unfinished ...>
23191 munmap(0x7ffbd34eb000, 16384 <unfinished ...>
23190 munmap(0x7ffbd34e7000, 16384 <unfinished ...>
23189 munmap(0x7ffbd34e3000, 16384 <unfinished ...>
23188 <... munmap resumed>)             = 0
23186 <... mmap resumed>)               = 0x7ffbd34df000
23195 futex(0x7ffe8a3ee9e4, FUTEX_WAIT_PRIVATE, 0, NULL <unfinished ...>
23194 <... munmap resumed>)             = 0
23191 <... munmap resumed>)             = 0
23190 <... munmap resumed>)             = 0
23189 <... munmap resumed>)             = 0
23188 futex(0x7ffe8a3ee9e4, FUTEX_WAIT_PRIVATE, 0, NULL <unfinished ...>
23187 futex(0x7ffe8a3ee9e4, FUTEX_WAIT_PRIVATE, 0, NULL <unfinished ...>
23194 futex(0x7ffe8a3ee9e4, FUTEX_WAIT_PRIVATE, 0, NULL <unfinished ...>
23191 futex(0x7ffe8a3ee9e4, FUTEX_WAIT_PRIVATE, 0, NULL <unfinished ...>
23190 futex(0x7ffe8a3ee9e4, FUTEX_WAIT_PRIVATE, 0, NULL <unfinished ...>
23189 futex(0x7ffe8a3ee9e4, FUTEX_WAIT_PRIVATE, 0, NULL <unfinished ...>
23186 munmap(0x7ffbd34df000, 16384)     = 0
23186 futex(0x7ffe8a3ee9e4, FUTEX_WAKE_PRIVATE, 2147483647 <unfinished ...>
23183 <... futex resumed>)              = 0
23188 <... futex resumed>)              = 0
23183 futex(0x7ffbd7502910, FUTEX_WAIT_BITSET|FUTEX_CLOCK_REALTIME, 23186, NULL, FUTEX_BITSET_MATCH_ANY <unfinished ...>
23195 <... futex resumed>)              = 0
23194 <... futex resumed>)              = 0
23191 <... futex resumed>)              = 0
23190 <... futex resumed>)              = 0
23189 <... futex resumed>)              = 0
23187 <... futex resumed>)              = 0
23186 <... futex resumed>)              = 8
23195 rt_sigprocmask(SIG_BLOCK, ~[RT_1],  <unfinished ...>
23194 rt_sigprocmask(SIG_BLOCK, ~[RT_1],  <unfinished ...>
23191 rt_sigprocmask(SIG_BLOCK, ~[RT_1],  <unfinished ...>
23190 rt_sigprocmask(SIG_BLOCK, ~[RT_1],  <unfinished ...>
23189 rt_sigprocmask(SIG_BLOCK, ~[RT_1],  <unfinished ...>
23188 rt_sigprocmask(SIG_BLOCK, ~[RT_1],  <unfinished ...>
23187 rt_sigprocmask(SIG_BLOCK, ~[RT_1],  <unfinished ...>
23195 <... rt_sigprocmask resumed>NULL, 8) = 0
23194 <... rt_sigprocmask resumed>NULL, 8) = 0
23191 <... rt_sigprocmask resumed>NULL, 8) = 0
23190 <... rt_sigprocmask resumed>NULL, 8) = 0
23189 <... rt_sigprocmask resumed>NULL, 8) = 0
23188 <... rt_sigprocmask resumed>NULL, 8) = 0
23187 <... rt_sigprocmask resumed>NULL, 8) = 0
23186 rt_sigprocmask(SIG_BLOCK, ~[RT_1],  <unfinished ...>
23195 madvise(0x7ffbd34fb000, 8372224, MADV_DONTNEED <unfinished ...>
23194 madvise(0x7ffbd3cfc000, 8372224, MADV_DONTNEED <unfinished ...>
23191 madvise(0x7ffbd44fd000, 8372224, MADV_DONTNEED <unfinished ...>
23190 madvise(0x7ffbd4cfe000, 8372224, MADV_DONTNEED <unfinished ...>
23189 madvise(0x7ffbd54ff000, 8372224, MADV_DONTNEED <unfinished ...>
23188 madvise(0x7ffbd5d00000, 8372224, MADV_DONTNEED <unfinished ...>
23187 madvise(0x7ffbd6501000, 8372224, MADV_DONTNEED <unfinished ...>
23195 <... madvise resumed>)            = 0
23194 <... madvise resumed>)            = 0
23191 <... madvise resumed>)            = 0
23190 <... madvise resumed>)            = 0
23189 <... madvise resumed>)            = 0
23188 <... madvise resumed>)            = 0
23186 <... rt_sigprocmask resumed>NULL, 8) = 0
23195 exit(0 <unfinished ...>
23194 exit(0 <unfinished ...>
23191 exit(0 <unfinished ...>
23190 exit(0 <unfinished ...>
23189 exit(0 <unfinished ...>
23188 exit(0 <unfinished ...>
23187 <... madvise resumed>)            = 0
23195 <... exit resumed>)               = ?
23194 <... exit resumed>)               = ?
23191 <... exit resumed>)               = ?
23190 <... exit resumed>)               = ?
23189 <... exit resumed>)               = ?
23188 <... exit resumed>)               = ?
23186 madvise(0x7ffbd6d02000, 8372224, MADV_DONTNEED <unfinished ...>
23187 exit(0 <unfinished ...>
23186 <... madvise resumed>)            = 0
23187 <... exit resumed>)               = ?
23186 exit(0)                           = ?
23183 <... futex resumed>)              = 0
23183 munmap(0x7ffbd6d02000, 8392704)   = 0
23183 munmap(0x7ffbd6501000, 8392704)   = 0
23183 munmap(0x7ffbd5d00000, 8392704)   = 0
23183 munmap(0x7ffbd54ff000, 8392704)   = 0
23183 openat(AT_FDCWD, "/proc/self/statm", O_RDONLY) = 3
23183 newfstatat(3, "", {st_mode=S_IFREG|0444, st_size=0, ...}, AT_EMPTY_PATH) = 0
23183 read(3, "8548 101 83 199 0 8267 0\n", 1024) = 25
23183 write(2, "mmbench: peak RSS ~0 MB\n", 24) = 24
23183 close(3)                          = 0
23183 uname({sysname="Linux", nodename="syzkaller", ...}) = 0
23183 uname({sysname="Linux", nodename="syzkaller", ...}) = 0
23183 newfstatat(1, "", {st_mode=S_IFCHR|0666, st_rdev=makedev(0x1, 0x3), ...}, AT_EMPTY_PATH) = 0
23183 ioctl(1, TCGETS, 0x7ffe8a3ee0e0)  = -1 ENOTTY (Inappropriate ioctl for device)
23183 write(1, "{\"bench\":\"mmap\",\"contention\":\"low\",\"threads\":8,\"ops\":148,\"elapsed_s\":1.048,\"ops_per_us\":1.82058e"..., 186) = 186
23183 exit_group(0)                     = ?
