24752 execve("/mnt/cortenmm/bench/mmbench/mmbench", ["/mnt/cortenmm/bench/mmbench/mmbench", "mmap-pf", "low", "4", "1", "20261951"], 0x7ffdc0a40728 /* 30 vars */) = 0
24752 arch_prctl(0x3001 /* ARCH_??? */, 0x7ffd7c70ec00) = -1 EINVAL (Invalid argument)
24752 brk(NULL)                         = 0x3095d000
24752 brk(0x3095ddc0)                   = 0x3095ddc0
24752 arch_prctl(ARCH_SET_FS, 0x3095d3c0) = 0
24752 set_tid_address(0x3095d690)       = 24752
24752 set_robust_list(0x3095d6a0, 24)   = 0
24752 rseq(0x3095dd60, 0x20, 0, 0x53053053) = 0
24752 uname({sysname="Linux", nodename="syzkaller", ...}) = 0
24752 prlimit64(0, RLIMIT_STACK, NULL, {rlim_cur=8192*1024, rlim_max=RLIM64_INFINITY}) = 0
24752 readlink("/proc/self/exe", "/mnt/cortenmm/bench/mmbench/mmbench", 4096) = 35
24752 getrandom("\x5f\xa6\x43\x39\x31\x8d\x76\x22", 8, GRND_NONBLOCK) = 8
24752 brk(0x3097edc0)                   = 0x3097edc0
24752 brk(0x3097f000)                   = 0x3097f000
24752 mprotect(0x4f6000, 16384, PROT_READ) = 0
24752 prlimit64(0, RLIMIT_AS, NULL, {rlim_cur=RLIM64_INFINITY, rlim_max=RLIM64_INFINITY}) = 0
24752 rt_sigaction(SIGRT_1, {sa_handler=0x497070, sa_mask=[], sa_flags=SA_RESTORER|SA_ONSTACK|SA_RESTART|SA_SIGINFO, sa_restorer=0x47db20}, NULL, 8) = 0
24752 rt_sigprocmask(SIG_UNBLOCK, [RTMIN RT_1], NULL, 8) = 0
24752 mmap(NULL, 8392704, PROT_NONE, MAP_PRIVATE|MAP_ANONYMOUS|MAP_STACK, -1, 0) = 0x7f0564f03000
24752 mprotect(0x7f0564f04000, 8388608, PROT_READ|PROT_WRITE) = 0
24752 rt_sigprocmask(SIG_BLOCK, ~[], [], 8) = 0
24752 clone3({flags=CLONE_VM|CLONE_FS|CLONE_FILES|CLONE_SIGHAND|CLONE_THREAD|CLONE_SYSVSEM|CLONE_SETTLS|CLONE_PARENT_SETTID|CLONE_CHILD_CLEARTID, child_tid=0x7f0565703910, parent_tid=0x7f0565703910, exit_signal=0, stack=0x7f0564f03000, stack_size=0x800280, tls=0x7f0565703640} <unfinished ...>
24755 rseq(0x7f0565703fe0, 0x20, 0, 0x53053053 <unfinished ...>
24752 <... clone3 resumed> => {parent_tid=[24755]}, 88) = 24755
24755 <... rseq resumed>)               = 0
24752 rt_sigprocmask(SIG_SETMASK, [],  <unfinished ...>
24755 set_robust_list(0x7f0565703920, 24 <unfinished ...>
24752 <... rt_sigprocmask resumed>NULL, 8) = 0
24755 <... set_robust_list resumed>)    = 0
24752 mmap(NULL, 8392704, PROT_NONE, MAP_PRIVATE|MAP_ANONYMOUS|MAP_STACK, -1, 0 <unfinished ...>
24755 rt_sigprocmask(SIG_SETMASK, [],  <unfinished ...>
24752 <... mmap resumed>)               = 0x7f0564702000
24755 <... rt_sigprocmask resumed>NULL, 8) = 0
24752 mprotect(0x7f0564703000, 8388608, PROT_READ|PROT_WRITE <unfinished ...>
24755 futex(0x7ffd7c70e3a4, FUTEX_WAIT_PRIVATE, 0, NULL <unfinished ...>
24752 <... mprotect resumed>)           = 0
24752 rt_sigprocmask(SIG_BLOCK, ~[], [], 8) = 0
24752 clone3({flags=CLONE_VM|CLONE_FS|CLONE_FILES|CLONE_SIGHAND|CLONE_THREAD|CLONE_SYSVSEM|CLONE_SETTLS|CLONE_PARENT_SETTID|CLONE_CHILD_CLEARTID, child_tid=0x7f0564f02910, parent_tid=0x7f0564f02910, exit_signal=0, stack=0x7f0564702000, stack_size=0x800280, tls=0x7f0564f02640} => {parent_tid=[24756]}, 88) = 24756
24756 rseq(0x7f0564f02fe0, 0x20, 0, 0x53053053 <unfinished ...>
24752 rt_sigprocmask(SIG_SETMASK, [],  <unfinished ...>
24756 <... rseq resumed>)               = 0
24752 <... rt_sigprocmask resumed>NULL, 8) = 0
24756 set_robust_list(0x7f0564f02920, 24 <unfinished ...>
24752 mmap(NULL, 8392704, PROT_NONE, MAP_PRIVATE|MAP_ANONYMOUS|MAP_STACK, -1, 0 <unfinished ...>
24756 <... set_robust_list resumed>)    = 0
24752 <... mmap resumed>)               = 0x7f0563f01000
24756 rt_sigprocmask(SIG_SETMASK, [],  <unfinished ...>
24752 mprotect(0x7f0563f02000, 8388608, PROT_READ|PROT_WRITE <unfinished ...>
24756 <... rt_sigprocmask resumed>NULL, 8) = 0
24752 <... mprotect resumed>)           = 0
24756 futex(0x7ffd7c70e3a4, FUTEX_WAIT_PRIVATE, 0, NULL <unfinished ...>
24752 rt_sigprocmask(SIG_BLOCK, ~[], [], 8) = 0
24752 clone3({flags=CLONE_VM|CLONE_FS|CLONE_FILES|CLONE_SIGHAND|CLONE_THREAD|CLONE_SYSVSEM|CLONE_SETTLS|CLONE_PARENT_SETTID|CLONE_CHILD_CLEARTID, child_tid=0x7f0564701910, parent_tid=0x7f0564701910, exit_signal=0, stack=0x7f0563f01000, stack_size=0x800280, tls=0x7f0564701640} => {parent_tid=[24757]}, 88) = 24757
24757 rseq(0x7f0564701fe0, 0x20, 0, 0x53053053 <unfinished ...>
24752 rt_sigprocmask(SIG_SETMASK, [],  <unfinished ...>
24757 <... rseq resumed>)               = 0
24752 <... rt_sigprocmask resumed>NULL, 8) = 0
24757 set_robust_list(0x7f0564701920, 24 <unfinished ...>
24752 mmap(NULL, 8392704, PROT_NONE, MAP_PRIVATE|MAP_ANONYMOUS|MAP_STACK, -1, 0 <unfinished ...>
24757 <... set_robust_list resumed>)    = 0
24752 <... mmap resumed>)               = 0x7f0563700000
24757 rt_sigprocmask(SIG_SETMASK, [],  <unfinished ...>
24752 mprotect(0x7f0563701000, 8388608, PROT_READ|PROT_WRITE <unfinished ...>
24757 <... rt_sigprocmask resumed>NULL, 8) = 0
24752 <... mprotect resumed>)           = 0
24757 futex(0x7ffd7c70e3a4, FUTEX_WAIT_PRIVATE, 0, NULL <unfinished ...>
24752 rt_sigprocmask(SIG_BLOCK, ~[], [], 8) = 0
24752 clone3({flags=CLONE_VM|CLONE_FS|CLONE_FILES|CLONE_SIGHAND|CLONE_THREAD|CLONE_SYSVSEM|CLONE_SETTLS|CLONE_PARENT_SETTID|CLONE_CHILD_CLEARTID, child_tid=0x7f0563f00910, parent_tid=0x7f0563f00910, exit_signal=0, stack=0x7f0563700000, stack_size=0x800280, tls=0x7f0563f00640} => {parent_tid=[24758]}, 88) = 24758
24758 rseq(0x7f0563f00fe0, 0x20, 0, 0x53053053 <unfinished ...>
24752 rt_sigprocmask(SIG_SETMASK, [],  <unfinished ...>
24758 <... rseq resumed>)               = 0
24752 <... rt_sigprocmask resumed>NULL, 8) = 0
24758 set_robust_list(0x7f0563f00920, 24 <unfinished ...>
24752 futex(0x7ffd7c70e3a4, FUTEX_WAIT_PRIVATE, 0, NULL <unfinished ...>
24758 <... set_robust_list resumed>)    = 0
24758 rt_sigprocmask(SIG_SETMASK, [], NULL, 8) = 0
24758 futex(0x7ffd7c70e3a4, FUTEX_WAKE_PRIVATE, 2147483647) = 4
24757 <... futex resumed>)              = 0
24756 <... futex resumed>)              = 0
24755 <... futex resumed>)              = 0
24752 <... futex resumed>)              = 0
24758 mmap(NULL, 16384, PROT_READ|PROT_WRITE, MAP_PRIVATE|MAP_ANONYMOUS|MAP_NORESERVE, -1, 0 <unfinished ...>
24757 mmap(NULL, 16384, PROT_READ|PROT_WRITE, MAP_PRIVATE|MAP_ANONYMOUS|MAP_NORESERVE, -1, 0 <unfinished ...>
24756 mmap(NULL, 16384, PROT_READ|PROT_WRITE, MAP_PRIVATE|MAP_ANONYMOUS|MAP_NORESERVE, -1, 0 <unfinished ...>
24752 futex(0x7ffd7c70e3c4, FUTEX_WAIT_PRIVATE, 0, NULL <unfinished ...>
24758 <... mmap resumed>)               = 0x7f05636fc000
24757 <... mmap resumed>)               = 0x7f05636f8000
24755 mmap(NULL, 16384, PROT_READ|PROT_WRITE, MAP_PRIVATE|MAP_ANONYMOUS|MAP_NORESERVE, -1, 0 <unfinished ...>
24758 munmap(0x7f05636fc000, 16384 <unfinished ...>
24757 munmap(0x7f05636f8000, 16384 <unfinished ...>
24756 <... mmap resumed>)               = 0x7f05636f4000
24758 <... munmap resumed>)             = 0
24757 <... munmap resumed>)             = 0
24755 <... mmap resumed>)               = 0x7f05636f0000
24758 mmap(NULL, 16384, PROT_READ|PROT_WRITE, MAP_PRIVATE|MAP_ANONYMOUS|MAP_NORESERVE, -1, 0 <unfinished ...>
24757 mmap(NULL, 16384, PROT_READ|PROT_WRITE, MAP_PRIVATE|MAP_ANONYMOUS|MAP_NORESERVE, -1, 0 <unfinished ...>
24756 munmap(0x7f05636f4000, 16384 <unfinished ...>
24758 <... mmap resumed>)               = 0x7f05636fc000
24757 <... mmap resumed>)               = 0x7f05636f8000
24755 munmap(0x7f05636f0000, 16384 <unfinished ...>
24758 munmap(0x7f05636fc000, 16384 <unfinished ...>
24757 munmap(0x7f05636f8000, 16384 <unfinished ...>
24756 <... munmap resumed>)             = 0
24758 <... munmap resumed>)             = 0
24757 <... munmap resumed>)             = 0
24755 <... munmap resumed>)             = 0
24758 mmap(NULL, 16384, PROT_READ|PROT_WRITE, MAP_PRIVATE|MAP_ANONYMOUS|MAP_NORESERVE, -1, 0 <unfinished ...>
24757 mmap(NULL, 16384, PROT_READ|PROT_WRITE, MAP_PRIVATE|MAP_ANONYMOUS|MAP_NORESERVE, -1, 0 <unfinished ...>
24756 mmap(NULL, 16384, PROT_READ|PROT_WRITE, MAP_PRIVATE|MAP_ANONYMOUS|MAP_NORESERVE, -1, 0 <unfinished ...>
24758 <... mmap resumed>)               = 0x7f05636fc000
24757 <... mmap resumed>)               = 0x7f05636f8000
24755 mmap(NULL, 16384, PROT_READ|PROT_WRITE, MAP_PRIVATE|MAP_ANONYMOUS|MAP_NORESERVE, -1, 0 <unfinished ...>
24758 munmap(0x7f05636fc000, 16384 <unfinished ...>
24757 munmap(0x7f05636f8000, 16384 <unfinished ...>
24756 <... mmap resumed>)               = 0x7f05636f4000
24758 <... munmap resumed>)             = 0
24757 <... munmap resumed>)             = 0
24755 <... mmap resumed>)               = 0x7f05636f0000
24758 mmap(NULL, 16384, PROT_READ|PROT_WRITE, MAP_PRIVATE|MAP_ANONYMOUS|MAP_NORESERVE, -1, 0 <unfinished ...>
24757 mmap(NULL, 16384, PROT_READ|PROT_WRITE, MAP_PRIVATE|MAP_ANONYMOUS|MAP_NORESERVE, -1, 0 <unfinished ...>
24756 munmap(0x7f05636f4000, 16384 <unfinished ...>
24758 <... mmap resumed>)               = 0x7f05636fc000
24757 <... mmap resumed>)               = 0x7f05636f8000
24755 munmap(0x7f05636f0000, 16384 <unfinished ...>
24758 munmap(0x7f05636fc000, 16384 <unfinished ...>
24757 munmap(0x7f05636f8000, 16384 <unfinished ...>
24756 <... munmap resumed>)             = 0
24758 <... munmap resumed>)             = 0
24757 <... munmap resumed>)             = 0
24755 <... munmap resumed>)             = 0
24758 mmap(NULL, 16384, PROT_READ|PROT_WRITE, MAP_PRIVATE|MAP_ANONYMOUS|MAP_NORESERVE, -1, 0 <unfinished ...>
24757 mmap(NULL, 16384, PROT_READ|PROT_WRITE, MAP_PRIVATE|MAP_ANONYMOUS|MAP_NORESERVE, -1, 0 <unfinished ...>
24756 mmap(NULL, 16384, PROT_READ|PROT_WRITE, MAP_PRIVATE|MAP_ANONYMOUS|MAP_NORESERVE, -1, 0 <unfinished ...>
24758 <... mmap resumed>)               = 0x7f05636fc000
24757 <... mmap resumed>)               = 0x7f05636f8000
24756 <... mmap resumed>)               = 0x7f05636f4000
24755 mmap(NULL, 16384, PROT_READ|PROT_WRITE, MAP_PRIVATE|MAP_ANONYMOUS|MAP_NORESERVE, -1, 0 <unfinished ...>
24758 munmap(0x7f05636fc000, 16384 <unfinished ...>
24757 munmap(0x7f05636f8000, 16384 <unfinished ...>
24756 munmap(0x7f05636f4000, 16384 <unfinished ...>
24758 <... munmap resumed>)             = 0
24757 <... munmap resumed>)             = 0
24755 <... mmap resumed>)               = 0x7f05636f0000
24758 mmap(NULL, 16384, PROT_READ|PROT_WRITE, MAP_PRIVATE|MAP_ANONYMOUS|MAP_NORESERVE, -1, 0 <unfinished ...>
24757 mmap(NULL, 16384, PROT_READ|PROT_WRITE, MAP_PRIVATE|MAP_ANONYMOUS|MAP_NORESERVE, -1, 0 <unfinished ...>
24756 <... munmap resumed>)             = 0
24758 <... mmap resumed>)               = 0x7f05636fc000
24757 <... mmap resumed>)               = 0x7f05636f8000
24755 munmap(0x7f05636f0000, 16384 <unfinished ...>
24758 munmap(0x7f05636fc000, 16384 <unfinished ...>
24757 munmap(0x7f05636f8000, 16384 <unfinished ...>
24756 mmap(NULL, 16384, PROT_READ|PROT_WRITE, MAP_PRIVATE|MAP_ANONYMOUS|MAP_NORESERVE, -1, 0 <unfinished ...>
24758 <... munmap resumed>)             = 0
24757 <... munmap resumed>)             = 0
24755 <... munmap resumed>)             = 0
24758 mmap(NULL, 16384, PROT_READ|PROT_WRITE, MAP_PRIVATE|MAP_ANONYMOUS|MAP_NORESERVE, -1, 0 <unfinished ...>
24757 mmap(NULL, 16384, PROT_READ|PROT_WRITE, MAP_PRIVATE|MAP_ANONYMOUS|MAP_NORESERVE, -1, 0 <unfinished ...>
24756 <... mmap resumed>)               = 0x7f05636fc000
24758 <... mmap resumed>)               = 0x7f05636f8000
24757 <... mmap resumed>)               = 0x7f05636f4000
24755 mmap(NULL, 16384, PROT_READ|PROT_WRITE, MAP_PRIVATE|MAP_ANONYMOUS|MAP_NORESERVE, -1, 0 <unfinished ...>
24758 munmap(0x7f05636f8000, 16384 <unfinished ...>
24757 munmap(0x7f05636f4000, 16384 <unfinished ...>
24756 munmap(0x7f05636fc000, 16384 <unfinished ...>
24758 <... munmap resumed>)             = 0
24757 <... munmap resumed>)             = 0
24755 <... mmap resumed>)               = 0x7f05636f0000
24758 mmap(NULL, 16384, PROT_READ|PROT_WRITE, MAP_PRIVATE|MAP_ANONYMOUS|MAP_NORESERVE, -1, 0 <unfinished ...>
24757 mmap(NULL, 16384, PROT_READ|PROT_WRITE, MAP_PRIVATE|MAP_ANONYMOUS|MAP_NORESERVE, -1, 0 <unfinished ...>
24756 <... munmap resumed>)             = 0
24758 <... mmap resumed>)               = 0x7f05636fc000
24757 <... mmap resumed>)               = 0x7f05636f8000
24755 munmap(0x7f05636f0000, 16384 <unfinished ...>
24758 munmap(0x7f05636fc000, 16384 <unfinished ...>
24757 munmap(0x7f05636f8000, 16384 <unfinished ...>
24756 mmap(NULL, 16384, PROT_READ|PROT_WRITE, MAP_PRIVATE|MAP_ANONYMOUS|MAP_NORESERVE, -1, 0 <unfinished ...>
24758 <... munmap resumed>)             = 0
24757 <... munmap resumed>)             = 0
24755 <... munmap resumed>)             = 0
24758 mmap(NULL, 16384, PROT_READ|PROT_WRITE, MAP_PRIVATE|MAP_ANONYMOUS|MAP_NORESERVE, -1, 0 <unfinished ...>
24757 mmap(NULL, 16384, PROT_READ|PROT_WRITE, MAP_PRIVATE|MAP_ANONYMOUS|MAP_NORESERVE, -1, 0 <unfinished ...>
24756 <... mmap resumed>)               = 0x7f05636fc000
24758 <... mmap resumed>)               = 0x7f05636f8000
24757 <... mmap resumed>)               = 0x7f05636f4000
24755 mmap(NULL, 16384, PROT_READ|PROT_WRITE, MAP_PRIVATE|MAP_ANONYMOUS|MAP_NORESERVE, -1, 0 <unfinished ...>
24758 munmap(0x7f05636f8000, 16384 <unfinished ...>
24757 munmap(0x7f05636f4000, 16384 <unfinished ...>
24756 munmap(0x7f05636fc000, 16384 <unfinished ...>
24758 <... munmap resumed>)             = 0
24757 <... munmap resumed>)             = 0
24755 <... mmap resumed>)               = 0x7f05636f0000
24758 mmap(NULL, 16384, PROT_READ|PROT_WRITE, MAP_PRIVATE|MAP_ANONYMOUS|MAP_NORESERVE, -1, 0 <unfinished ...>
24757 mmap(NULL, 16384, PROT_READ|PROT_WRITE, MAP_PRIVATE|MAP_ANONYMOUS|MAP_NORESERVE, -1, 0 <unfinished ...>
24756 <... munmap resumed>)             = 0
24758 <... mmap resumed>)               = 0x7f05636fc000
24757 <... mmap resumed>)               = 0x7f05636f8000
24755 munmap(0x7f05636f0000, 16384 <unfinished ...>
24758 munmap(0x7f05636fc000, 16384 <unfinished ...>
24757 munmap(0x7f05636f8000, 16384 <unfinished ...>
24756 mmap(NULL, 16384, PROT_READ|PROT_WRITE, MAP_PRIVATE|MAP_ANONYMOUS|MAP_NORESERVE, -1, 0 <unfinished ...>
24758 <... munmap resumed>)             = 0
24757 <... munmap resumed>)             = 0
24755 <... munmap resumed>)             = 0
24758 mmap(NULL, 16384, PROT_READ|PROT_WRITE, MAP_PRIVATE|MAP_ANONYMOUS|MAP_NORESERVE, -1, 0 <unfinished ...>
24757 mmap(NULL, 16384, PROT_READ|PROT_WRITE, MAP_PRIVATE|MAP_ANONYMOUS|MAP_NORESERVE, -1, 0 <unfinished ...>
24756 <... mmap resumed>)               = 0x7f05636fc000
24758 <... mmap resumed>)               = 0x7f05636f8000
24757 <... mmap resumed>)               = 0x7f05636f4000
24755 mmap(NULL, 16384, PROT_READ|PROT_WRITE, MAP_PRIVATE|MAP_ANONYMOUS|MAP_NORESERVE, -1, 0 <unfinished ...>
24758 munmap(0x7f05636f8000, 16384 <unfinished ...>
24757 munmap(0x7f05636f4000, 16384 <unfinished ...>
24756 munmap(0x7f05636fc000, 16384 <unfinished ...>
24758 <... munmap resumed>)             = 0
24757 <... munmap resumed>)             = 0
24755 <... mmap resumed>)               = 0x7f05636f0000
24758 mmap(NULL, 16384, PROT_READ|PROT_WRITE, MAP_PRIVATE|MAP_ANONYMOUS|MAP_NORESERVE, -1, 0 <unfinished ...>
24757 mmap(NULL, 16384, PROT_READ|PROT_WRITE, MAP_PRIVATE|MAP_ANONYMOUS|MAP_NORESERVE, -1, 0 <unfinished ...>
24756 <... munmap resumed>)             = 0
24758 <... mmap resumed>)               = 0x7f05636fc000
24757 <... mmap resumed>)               = 0x7f05636f8000
24755 munmap(0x7f05636f0000, 16384 <unfinished ...>
24758 munmap(0x7f05636fc000, 16384 <unfinished ...>
24757 munmap(0x7f05636f8000, 16384 <unfinished ...>
24756 mmap(NULL, 16384, PROT_READ|PROT_WRITE, MAP_PRIVATE|MAP_ANONYMOUS|MAP_NORESERVE, -1, 0 <unfinished ...>
24758 <... munmap resumed>)             = 0
24757 <... munmap resumed>)             = 0
24755 <... munmap resumed>)             = 0
24758 mmap(NULL, 16384, PROT_READ|PROT_WRITE, MAP_PRIVATE|MAP_ANONYMOUS|MAP_NORESERVE, -1, 0 <unfinished ...>
24757 mmap(NULL, 16384, PROT_READ|PROT_WRITE, MAP_PRIVATE|MAP_ANONYMOUS|MAP_NORESERVE, -1, 0 <unfinished ...>
24756 <... mmap resumed>)               = 0x7f05636fc000
24758 <... mmap resumed>)               = 0x7f05636f8000
24757 <... mmap resumed>)               = 0x7f05636f4000
24755 mmap(NULL, 16384, PROT_READ|PROT_WRITE, MAP_PRIVATE|MAP_ANONYMOUS|MAP_NORESERVE, -1, 0 <unfinished ...>
24758 munmap(0x7f05636f8000, 16384 <unfinished ...>
24757 munmap(0x7f05636f4000, 16384 <unfinished ...>
24756 munmap(0x7f05636fc000, 16384 <unfinished ...>
24758 <... munmap resumed>)             = 0
24757 <... munmap resumed>)             = 0
24755 <... mmap resumed>)               = 0x7f05636f0000
24758 mmap(NULL, 16384, PROT_READ|PROT_WRITE, MAP_PRIVATE|MAP_ANONYMOUS|MAP_NORESERVE, -1, 0 <unfinished ...>
24757 mmap(NULL, 16384, PROT_READ|PROT_WRITE, MAP_PRIVATE|MAP_ANONYMOUS|MAP_NORESERVE, -1, 0 <unfinished ...>
24756 <... munmap resumed>)             = 0
24758 <... mmap resumed>)               = 0x7f05636fc000
24757 <... mmap resumed>)               = 0x7f05636f8000
24755 munmap(0x7f05636f0000, 16384 <unfinished ...>
24758 munmap(0x7f05636fc000, 16384 <unfinished ...>
24757 munmap(0x7f05636f8000, 16384 <unfinished ...>
24756 mmap(NULL, 16384, PROT_READ|PROT_WRITE, MAP_PRIVATE|MAP_ANONYMOUS|MAP_NORESERVE, -1, 0 <unfinished ...>
24758 <... munmap resumed>)             = 0
24757 <... munmap resumed>)             = 0
24755 <... munmap resumed>)             = 0
24758 mmap(NULL, 16384, PROT_READ|PROT_WRITE, MAP_PRIVATE|MAP_ANONYMOUS|MAP_NORESERVE, -1, 0 <unfinished ...>
24757 mmap(NULL, 16384, PROT_READ|PROT_WRITE, MAP_PRIVATE|MAP_ANONYMOUS|MAP_NORESERVE, -1, 0 <unfinished ...>
24756 <... mmap resumed>)               = 0x7f05636fc000
24758 <... mmap resumed>)               = 0x7f05636f8000
24757 <... mmap resumed>)               = 0x7f05636f4000
24755 mmap(NULL, 16384, PROT_READ|PROT_WRITE, MAP_PRIVATE|MAP_ANONYMOUS|MAP_NORESERVE, -1, 0 <unfinished ...>
24758 munmap(0x7f05636f8000, 16384 <unfinished ...>
24757 munmap(0x7f05636f4000, 16384 <unfinished ...>
24756 munmap(0x7f05636fc000, 16384 <unfinished ...>
24758 <... munmap resumed>)             = 0
24757 <... munmap resumed>)             = 0
24755 <... mmap resumed>)               = 0x7f05636f0000
24758 mmap(NULL, 16384, PROT_READ|PROT_WRITE, MAP_PRIVATE|MAP_ANONYMOUS|MAP_NORESERVE, -1, 0 <unfinished ...>
24757 mmap(NULL, 16384, PROT_READ|PROT_WRITE, MAP_PRIVATE|MAP_ANONYMOUS|MAP_NORESERVE, -1, 0 <unfinished ...>
24756 <... munmap resumed>)             = 0
24758 <... mmap resumed>)               = 0x7f05636fc000
24757 <... mmap resumed>)               = 0x7f05636f8000
24755 munmap(0x7f05636f0000, 16384 <unfinished ...>
24758 munmap(0x7f05636fc000, 16384 <unfinished ...>
24757 munmap(0x7f05636f8000, 16384 <unfinished ...>
24756 mmap(NULL, 16384, PROT_READ|PROT_WRITE, MAP_PRIVATE|MAP_ANONYMOUS|MAP_NORESERVE, -1, 0 <unfinished ...>
24758 <... munmap resumed>)             = 0
24757 <... munmap resumed>)             = 0
24755 <... munmap resumed>)             = 0
24758 mmap(NULL, 16384, PROT_READ|PROT_WRITE, MAP_PRIVATE|MAP_ANONYMOUS|MAP_NORESERVE, -1, 0 <unfinished ...>
24757 mmap(NULL, 16384, PROT_READ|PROT_WRITE, MAP_PRIVATE|MAP_ANONYMOUS|MAP_NORESERVE, -1, 0 <unfinished ...>
24756 <... mmap resumed>)               = 0x7f05636fc000
24758 <... mmap resumed>)               = 0x7f05636f8000
24757 <... mmap resumed>)               = 0x7f05636f4000
24755 mmap(NULL, 16384, PROT_READ|PROT_WRITE, MAP_PRIVATE|MAP_ANONYMOUS|MAP_NORESERVE, -1, 0 <unfinished ...>
24758 munmap(0x7f05636f8000, 16384 <unfinished ...>
24757 munmap(0x7f05636f4000, 16384 <unfinished ...>
24756 munmap(0x7f05636fc000, 16384 <unfinished ...>
24758 <... munmap resumed>)             = 0
24757 <... munmap resumed>)             = 0
24755 <... mmap resumed>)               = 0x7f05636f0000
24758 mmap(NULL, 16384, PROT_READ|PROT_WRITE, MAP_PRIVATE|MAP_ANONYMOUS|MAP_NORESERVE, -1, 0 <unfinished ...>
24757 mmap(NULL, 16384, PROT_READ|PROT_WRITE, MAP_PRIVATE|MAP_ANONYMOUS|MAP_NORESERVE, -1, 0 <unfinished ...>
24756 <... munmap resumed>)             = 0
24758 <... mmap resumed>)               = 0x7f05636fc000
24757 <... mmap resumed>)               = 0x7f05636f8000
24755 munmap(0x7f05636f0000, 16384 <unfinished ...>
24758 munmap(0x7f05636fc000, 16384 <unfinished ...>
24757 munmap(0x7f05636f8000, 16384 <unfinished ...>
24756 mmap(NULL, 16384, PROT_READ|PROT_WRITE, MAP_PRIVATE|MAP_ANONYMOUS|MAP_NORESERVE, -1, 0 <unfinished ...>
24758 <... munmap resumed>)             = 0
24757 <... munmap resumed>)             = 0
24755 <... munmap resumed>)             = 0
24758 mmap(NULL, 16384, PROT_READ|PROT_WRITE, MAP_PRIVATE|MAP_ANONYMOUS|MAP_NORESERVE, -1, 0 <unfinished ...>
24757 mmap(NULL, 16384, PROT_READ|PROT_WRITE, MAP_PRIVATE|MAP_ANONYMOUS|MAP_NORESERVE, -1, 0 <unfinished ...>
24756 <... mmap resumed>)               = 0x7f05636fc000
24758 <... mmap resumed>)               = 0x7f05636f8000
24757 <... mmap resumed>)               = 0x7f05636f4000
24755 mmap(NULL, 16384, PROT_READ|PROT_WRITE, MAP_PRIVATE|MAP_ANONYMOUS|MAP_NORESERVE, -1, 0 <unfinished ...>
24758 munmap(0x7f05636f8000, 16384 <unfinished ...>
24757 munmap(0x7f05636f4000, 16384 <unfinished ...>
24756 munmap(0x7f05636fc000, 16384 <unfinished ...>
24755 <... mmap resumed>)               = 0x7f05636f0000
24758 <... munmap resumed>)             = 0
24757 <... munmap resumed>)             = 0
24756 <... munmap resumed>)             = 0
24758 mmap(NULL, 16384, PROT_READ|PROT_WRITE, MAP_PRIVATE|MAP_ANONYMOUS|MAP_NORESERVE, -1, 0 <unfinished ...>
24757 mmap(NULL, 16384, PROT_READ|PROT_WRITE, MAP_PRIVATE|MAP_ANONYMOUS|MAP_NORESERVE, -1, 0 <unfinished ...>
24755 munmap(0x7f05636f0000, 16384 <unfinished ...>
24758 <... mmap resumed>)               = 0x7f05636fc000
24757 <... mmap resumed>)               = 0x7f05636f8000
24756 mmap(NULL, 16384, PROT_READ|PROT_WRITE, MAP_PRIVATE|MAP_ANONYMOUS|MAP_NORESERVE, -1, 0 <unfinished ...>
24758 munmap(0x7f05636fc000, 16384 <unfinished ...>
24757 munmap(0x7f05636f8000, 16384 <unfinished ...>
24755 <... munmap resumed>)             = 0
24758 <... munmap resumed>)             = 0
24757 <... munmap resumed>)             = 0
24756 <... mmap resumed>)               = 0x7f05636f4000
24758 mmap(NULL, 16384, PROT_READ|PROT_WRITE, MAP_PRIVATE|MAP_ANONYMOUS|MAP_NORESERVE, -1, 0 <unfinished ...>
24757 mmap(NULL, 16384, PROT_READ|PROT_WRITE, MAP_PRIVATE|MAP_ANONYMOUS|MAP_NORESERVE, -1, 0 <unfinished ...>
24755 mmap(NULL, 16384, PROT_READ|PROT_WRITE, MAP_PRIVATE|MAP_ANONYMOUS|MAP_NORESERVE, -1, 0 <unfinished ...>
24758 <... mmap resumed>)               = 0x7f05636fc000
24757 <... mmap resumed>)               = 0x7f05636f8000
24756 munmap(0x7f05636f4000, 16384 <unfinished ...>
24758 munmap(0x7f05636fc000, 16384 <unfinished ...>
24757 munmap(0x7f05636f8000, 16384 <unfinished ...>
24755 <... mmap resumed>)               = 0x7f05636f0000
24758 <... munmap resumed>)             = 0
24757 <... munmap resumed>)             = 0
24756 <... munmap resumed>)             = 0
24758 mmap(NULL, 16384, PROT_READ|PROT_WRITE, MAP_PRIVATE|MAP_ANONYMOUS|MAP_NORESERVE, -1, 0 <unfinished ...>
24757 mmap(NULL, 16384, PROT_READ|PROT_WRITE, MAP_PRIVATE|MAP_ANONYMOUS|MAP_NORESERVE, -1, 0 <unfinished ...>
24755 munmap(0x7f05636f0000, 16384 <unfinished ...>
24758 <... mmap resumed>)               = 0x7f05636fc000
24757 <... mmap resumed>)               = 0x7f05636f8000
24756 mmap(NULL, 16384, PROT_READ|PROT_WRITE, MAP_PRIVATE|MAP_ANONYMOUS|MAP_NORESERVE, -1, 0 <unfinished ...>
24758 munmap(0x7f05636fc000, 16384 <unfinished ...>
24757 munmap(0x7f05636f8000, 16384 <unfinished ...>
24755 <... munmap resumed>)             = 0
24758 <... munmap resumed>)             = 0
24757 <... munmap resumed>)             = 0
24756 <... mmap resumed>)               = 0x7f05636f4000
24758 mmap(NULL, 16384, PROT_READ|PROT_WRITE, MAP_PRIVATE|MAP_ANONYMOUS|MAP_NORESERVE, -1, 0 <unfinished ...>
24757 mmap(NULL, 16384, PROT_READ|PROT_WRITE, MAP_PRIVATE|MAP_ANONYMOUS|MAP_NORESERVE, -1, 0 <unfinished ...>
24755 mmap(NULL, 16384, PROT_READ|PROT_WRITE, MAP_PRIVATE|MAP_ANONYMOUS|MAP_NORESERVE, -1, 0 <unfinished ...>
24758 <... mmap resumed>)               = 0x7f05636fc000
24757 <... mmap resumed>)               = 0x7f05636f8000
24756 munmap(0x7f05636f4000, 16384 <unfinished ...>
24758 munmap(0x7f05636fc000, 16384 <unfinished ...>
24757 munmap(0x7f05636f8000, 16384 <unfinished ...>
24755 <... mmap resumed>)               = 0x7f05636f0000
24758 <... munmap resumed>)             = 0
24757 <... munmap resumed>)             = 0
24756 <... munmap resumed>)             = 0
24758 mmap(NULL, 16384, PROT_READ|PROT_WRITE, MAP_PRIVATE|MAP_ANONYMOUS|MAP_NORESERVE, -1, 0 <unfinished ...>
24757 mmap(NULL, 16384, PROT_READ|PROT_WRITE, MAP_PRIVATE|MAP_ANONYMOUS|MAP_NORESERVE, -1, 0 <unfinished ...>
24755 munmap(0x7f05636f0000, 16384 <unfinished ...>
24758 <... mmap resumed>)               = 0x7f05636fc000
24757 <... mmap resumed>)               = 0x7f05636f8000
24756 mmap(NULL, 16384, PROT_READ|PROT_WRITE, MAP_PRIVATE|MAP_ANONYMOUS|MAP_NORESERVE, -1, 0 <unfinished ...>
24758 munmap(0x7f05636fc000, 16384 <unfinished ...>
24757 munmap(0x7f05636f8000, 16384 <unfinished ...>
24755 <... munmap resumed>)             = 0
24758 <... munmap resumed>)             = 0
24757 <... munmap resumed>)             = 0
24756 <... mmap resumed>)               = 0x7f05636f4000
24758 mmap(NULL, 16384, PROT_READ|PROT_WRITE, MAP_PRIVATE|MAP_ANONYMOUS|MAP_NORESERVE, -1, 0 <unfinished ...>
24757 mmap(NULL, 16384, PROT_READ|PROT_WRITE, MAP_PRIVATE|MAP_ANONYMOUS|MAP_NORESERVE, -1, 0 <unfinished ...>
24755 mmap(NULL, 16384, PROT_READ|PROT_WRITE, MAP_PRIVATE|MAP_ANONYMOUS|MAP_NORESERVE, -1, 0 <unfinished ...>
24758 <... mmap resumed>)               = 0x7f05636fc000
24757 <... mmap resumed>)               = 0x7f05636f8000
24756 munmap(0x7f05636f4000, 16384 <unfinished ...>
24758 munmap(0x7f05636fc000, 16384 <unfinished ...>
24757 munmap(0x7f05636f8000, 16384 <unfinished ...>
24755 <... mmap resumed>)               = 0x7f05636f0000
24758 <... munmap resumed>)             = 0
24757 <... munmap resumed>)             = 0
24756 <... munmap resumed>)             = 0
24758 mmap(NULL, 16384, PROT_READ|PROT_WRITE, MAP_PRIVATE|MAP_ANONYMOUS|MAP_NORESERVE, -1, 0 <unfinished ...>
24757 mmap(NULL, 16384, PROT_READ|PROT_WRITE, MAP_PRIVATE|MAP_ANONYMOUS|MAP_NORESERVE, -1, 0 <unfinished ...>
24755 munmap(0x7f05636f0000, 16384 <unfinished ...>
24758 <... mmap resumed>)               = 0x7f05636fc000
24757 <... mmap resumed>)               = 0x7f05636f8000
24756 mmap(NULL, 16384, PROT_READ|PROT_WRITE, MAP_PRIVATE|MAP_ANONYMOUS|MAP_NORESERVE, -1, 0 <unfinished ...>
24758 munmap(0x7f05636fc000, 16384 <unfinished ...>
24757 munmap(0x7f05636f8000, 16384 <unfinished ...>
24755 <... munmap resumed>)             = 0
24758 <... munmap resumed>)             = 0
24757 <... munmap resumed>)             = 0
24756 <... mmap resumed>)               = 0x7f05636f4000
24758 mmap(NULL, 16384, PROT_READ|PROT_WRITE, MAP_PRIVATE|MAP_ANONYMOUS|MAP_NORESERVE, -1, 0 <unfinished ...>
24757 mmap(NULL, 16384, PROT_READ|PROT_WRITE, MAP_PRIVATE|MAP_ANONYMOUS|MAP_NORESERVE, -1, 0 <unfinished ...>
24755 mmap(NULL, 16384, PROT_READ|PROT_WRITE, MAP_PRIVATE|MAP_ANONYMOUS|MAP_NORESERVE, -1, 0 <unfinished ...>
24758 <... mmap resumed>)               = 0x7f05636fc000
24757 <... mmap resumed>)               = 0x7f05636f8000
24756 munmap(0x7f05636f4000, 16384 <unfinished ...>
24758 munmap(0x7f05636fc000, 16384 <unfinished ...>
24757 munmap(0x7f05636f8000, 16384 <unfinished ...>
24755 <... mmap resumed>)               = 0x7f05636f0000
24758 <... munmap resumed>)             = 0
24757 <... munmap resumed>)             = 0
24756 <... munmap resumed>)             = 0
24758 mmap(NULL, 16384, PROT_READ|PROT_WRITE, MAP_PRIVATE|MAP_ANONYMOUS|MAP_NORESERVE, -1, 0 <unfinished ...>
24757 mmap(NULL, 16384, PROT_READ|PROT_WRITE, MAP_PRIVATE|MAP_ANONYMOUS|MAP_NORESERVE, -1, 0 <unfinished ...>
24755 munmap(0x7f05636f0000, 16384 <unfinished ...>
24758 <... mmap resumed>)               = 0x7f05636fc000
24757 <... mmap resumed>)               = 0x7f05636f8000
24756 mmap(NULL, 16384, PROT_READ|PROT_WRITE, MAP_PRIVATE|MAP_ANONYMOUS|MAP_NORESERVE, -1, 0 <unfinished ...>
24758 munmap(0x7f05636fc000, 16384 <unfinished ...>
24757 munmap(0x7f05636f8000, 16384 <unfinished ...>
24755 <... munmap resumed>)             = 0
24758 <... munmap resumed>)             = 0
24757 <... munmap resumed>)             = 0
24756 <... mmap resumed>)               = 0x7f05636f4000
24758 mmap(NULL, 16384, PROT_READ|PROT_WRITE, MAP_PRIVATE|MAP_ANONYMOUS|MAP_NORESERVE, -1, 0 <unfinished ...>
24757 mmap(NULL, 16384, PROT_READ|PROT_WRITE, MAP_PRIVATE|MAP_ANONYMOUS|MAP_NORESERVE, -1, 0 <unfinished ...>
24755 mmap(NULL, 16384, PROT_READ|PROT_WRITE, MAP_PRIVATE|MAP_ANONYMOUS|MAP_NORESERVE, -1, 0 <unfinished ...>
24758 <... mmap resumed>)               = 0x7f05636fc000
24757 <... mmap resumed>)               = 0x7f05636f8000
24756 munmap(0x7f05636f4000, 16384 <unfinished ...>
24758 munmap(0x7f05636fc000, 16384 <unfinished ...>
24757 munmap(0x7f05636f8000, 16384 <unfinished ...>
24755 <... mmap resumed>)               = 0x7f05636f0000
24758 <... munmap resumed>)             = 0
24757 <... munmap resumed>)             = 0
24756 <... munmap resumed>)             = 0
24758 mmap(NULL, 16384, PROT_READ|PROT_WRITE, MAP_PRIVATE|MAP_ANONYMOUS|MAP_NORESERVE, -1, 0 <unfinished ...>
24757 mmap(NULL, 16384, PROT_READ|PROT_WRITE, MAP_PRIVATE|MAP_ANONYMOUS|MAP_NORESERVE, -1, 0 <unfinished ...>
24755 munmap(0x7f05636f0000, 16384 <unfinished ...>
24758 <... mmap resumed>)               = 0x7f05636fc000
24757 <... mmap resumed>)               = 0x7f05636f8000
24756 mmap(NULL, 16384, PROT_READ|PROT_WRITE, MAP_PRIVATE|MAP_ANONYMOUS|MAP_NORESERVE, -1, 0 <unfinished ...>
24758 munmap(0x7f05636fc000, 16384 <unfinished ...>
24757 munmap(0x7f05636f8000, 16384 <unfinished ...>
24755 <... munmap resumed>)             = 0
24758 <... munmap resumed>)             = 0
24757 <... munmap resumed>)             = 0
24756 <... mmap resumed>)               = 0x7f05636f4000
24758 mmap(NULL, 16384, PROT_READ|PROT_WRITE, MAP_PRIVATE|MAP_ANONYMOUS|MAP_NORESERVE, -1, 0 <unfinished ...>
24757 mmap(NULL, 16384, PROT_READ|PROT_WRITE, MAP_PRIVATE|MAP_ANONYMOUS|MAP_NORESERVE, -1, 0 <unfinished ...>
24755 mmap(NULL, 16384, PROT_READ|PROT_WRITE, MAP_PRIVATE|MAP_ANONYMOUS|MAP_NORESERVE, -1, 0 <unfinished ...>
24758 <... mmap resumed>)               = 0x7f05636fc000
24757 <... mmap resumed>)               = 0x7f05636f8000
24756 munmap(0x7f05636f4000, 16384 <unfinished ...>
24758 munmap(0x7f05636fc000, 16384 <unfinished ...>
24757 munmap(0x7f05636f8000, 16384 <unfinished ...>
24755 <... mmap resumed>)               = 0x7f05636f0000
24758 <... munmap resumed>)             = 0
24757 <... munmap resumed>)             = 0
24756 <... munmap resumed>)             = 0
24758 mmap(NULL, 16384, PROT_READ|PROT_WRITE, MAP_PRIVATE|MAP_ANONYMOUS|MAP_NORESERVE, -1, 0 <unfinished ...>
24757 mmap(NULL, 16384, PROT_READ|PROT_WRITE, MAP_PRIVATE|MAP_ANONYMOUS|MAP_NORESERVE, -1, 0 <unfinished ...>
24755 munmap(0x7f05636f0000, 16384 <unfinished ...>
24758 <... mmap resumed>)               = 0x7f05636fc000
24757 <... mmap resumed>)               = 0x7f05636f8000
24756 mmap(NULL, 16384, PROT_READ|PROT_WRITE, MAP_PRIVATE|MAP_ANONYMOUS|MAP_NORESERVE, -1, 0 <unfinished ...>
24758 munmap(0x7f05636fc000, 16384 <unfinished ...>
24757 munmap(0x7f05636f8000, 16384 <unfinished ...>
24755 <... munmap resumed>)             = 0
24758 <... munmap resumed>)             = 0
24757 <... munmap resumed>)             = 0
24756 <... mmap resumed>)               = 0x7f05636f4000
24758 mmap(NULL, 16384, PROT_READ|PROT_WRITE, MAP_PRIVATE|MAP_ANONYMOUS|MAP_NORESERVE, -1, 0 <unfinished ...>
24757 mmap(NULL, 16384, PROT_READ|PROT_WRITE, MAP_PRIVATE|MAP_ANONYMOUS|MAP_NORESERVE, -1, 0 <unfinished ...>
24755 mmap(NULL, 16384, PROT_READ|PROT_WRITE, MAP_PRIVATE|MAP_ANONYMOUS|MAP_NORESERVE, -1, 0 <unfinished ...>
24758 <... mmap resumed>)               = 0x7f05636fc000
24757 <... mmap resumed>)               = 0x7f05636f8000
24756 munmap(0x7f05636f4000, 16384 <unfinished ...>
24758 munmap(0x7f05636fc000, 16384 <unfinished ...>
24757 munmap(0x7f05636f8000, 16384 <unfinished ...>
24755 <... mmap resumed>)               = 0x7f05636f0000
24758 <... munmap resumed>)             = 0
24757 <... munmap resumed>)             = 0
24756 <... munmap resumed>)             = 0
24758 mmap(NULL, 16384, PROT_READ|PROT_WRITE, MAP_PRIVATE|MAP_ANONYMOUS|MAP_NORESERVE, -1, 0 <unfinished ...>
24757 mmap(NULL, 16384, PROT_READ|PROT_WRITE, MAP_PRIVATE|MAP_ANONYMOUS|MAP_NORESERVE, -1, 0 <unfinished ...>
24755 munmap(0x7f05636f0000, 16384 <unfinished ...>
24758 <... mmap resumed>)               = 0x7f05636fc000
24757 <... mmap resumed>)               = 0x7f05636f8000
24756 mmap(NULL, 16384, PROT_READ|PROT_WRITE, MAP_PRIVATE|MAP_ANONYMOUS|MAP_NORESERVE, -1, 0 <unfinished ...>
24758 munmap(0x7f05636fc000, 16384 <unfinished ...>
24757 munmap(0x7f05636f8000, 16384 <unfinished ...>
24755 <... munmap resumed>)             = 0
24758 <... munmap resumed>)             = 0
24757 <... munmap resumed>)             = 0
24756 <... mmap resumed>)               = 0x7f05636f4000
24758 mmap(NULL, 16384, PROT_READ|PROT_WRITE, MAP_PRIVATE|MAP_ANONYMOUS|MAP_NORESERVE, -1, 0 <unfinished ...>
24757 mmap(NULL, 16384, PROT_READ|PROT_WRITE, MAP_PRIVATE|MAP_ANONYMOUS|MAP_NORESERVE, -1, 0 <unfinished ...>
24755 mmap(NULL, 16384, PROT_READ|PROT_WRITE, MAP_PRIVATE|MAP_ANONYMOUS|MAP_NORESERVE, -1, 0 <unfinished ...>
24758 <... mmap resumed>)               = 0x7f05636fc000
24757 <... mmap resumed>)               = 0x7f05636f8000
24756 munmap(0x7f05636f4000, 16384 <unfinished ...>
24758 munmap(0x7f05636fc000, 16384 <unfinished ...>
24757 munmap(0x7f05636f8000, 16384 <unfinished ...>
24755 <... mmap resumed>)               = 0x7f05636f0000
24758 <... munmap resumed>)             = 0
24757 <... munmap resumed>)             = 0
24756 <... munmap resumed>)             = 0
24758 mmap(NULL, 16384, PROT_READ|PROT_WRITE, MAP_PRIVATE|MAP_ANONYMOUS|MAP_NORESERVE, -1, 0 <unfinished ...>
24757 mmap(NULL, 16384, PROT_READ|PROT_WRITE, MAP_PRIVATE|MAP_ANONYMOUS|MAP_NORESERVE, -1, 0 <unfinished ...>
24755 munmap(0x7f05636f0000, 16384 <unfinished ...>
24758 <... mmap resumed>)               = 0x7f05636fc000
24757 <... mmap resumed>)               = 0x7f05636f8000
24756 mmap(NULL, 16384, PROT_READ|PROT_WRITE, MAP_PRIVATE|MAP_ANONYMOUS|MAP_NORESERVE, -1, 0 <unfinished ...>
24758 munmap(0x7f05636fc000, 16384 <unfinished ...>
24757 munmap(0x7f05636f8000, 16384 <unfinished ...>
24755 <... munmap resumed>)             = 0
24758 <... munmap resumed>)             = 0
24757 <... munmap resumed>)             = 0
24756 <... mmap resumed>)               = 0x7f05636f4000
24758 mmap(NULL, 16384, PROT_READ|PROT_WRITE, MAP_PRIVATE|MAP_ANONYMOUS|MAP_NORESERVE, -1, 0 <unfinished ...>
24757 mmap(NULL, 16384, PROT_READ|PROT_WRITE, MAP_PRIVATE|MAP_ANONYMOUS|MAP_NORESERVE, -1, 0 <unfinished ...>
24755 mmap(NULL, 16384, PROT_READ|PROT_WRITE, MAP_PRIVATE|MAP_ANONYMOUS|MAP_NORESERVE, -1, 0 <unfinished ...>
24758 <... mmap resumed>)               = 0x7f05636fc000
24757 <... mmap resumed>)               = 0x7f05636f8000
24756 munmap(0x7f05636f4000, 16384 <unfinished ...>
24758 munmap(0x7f05636fc000, 16384 <unfinished ...>
24757 munmap(0x7f05636f8000, 16384 <unfinished ...>
24755 <... mmap resumed>)               = 0x7f05636f0000
24758 <... munmap resumed>)             = 0
24757 <... munmap resumed>)             = 0
24756 <... munmap resumed>)             = 0
24758 mmap(NULL, 16384, PROT_READ|PROT_WRITE, MAP_PRIVATE|MAP_ANONYMOUS|MAP_NORESERVE, -1, 0 <unfinished ...>
24757 mmap(NULL, 16384, PROT_READ|PROT_WRITE, MAP_PRIVATE|MAP_ANONYMOUS|MAP_NORESERVE, -1, 0 <unfinished ...>
24755 munmap(0x7f05636f0000, 16384 <unfinished ...>
24758 <... mmap resumed>)               = 0x7f05636fc000
24757 <... mmap resumed>)               = 0x7f05636f8000
24756 mmap(NULL, 16384, PROT_READ|PROT_WRITE, MAP_PRIVATE|MAP_ANONYMOUS|MAP_NORESERVE, -1, 0 <unfinished ...>
24758 munmap(0x7f05636fc000, 16384 <unfinished ...>
24757 munmap(0x7f05636f8000, 16384 <unfinished ...>
24755 <... munmap resumed>)             = 0
24758 <... munmap resumed>)             = 0
24757 <... munmap resumed>)             = 0
24756 <... mmap resumed>)               = 0x7f05636f4000
24758 mmap(NULL, 16384, PROT_READ|PROT_WRITE, MAP_PRIVATE|MAP_ANONYMOUS|MAP_NORESERVE, -1, 0 <unfinished ...>
24757 mmap(NULL, 16384, PROT_READ|PROT_WRITE, MAP_PRIVATE|MAP_ANONYMOUS|MAP_NORESERVE, -1, 0 <unfinished ...>
24755 mmap(NULL, 16384, PROT_READ|PROT_WRITE, MAP_PRIVATE|MAP_ANONYMOUS|MAP_NORESERVE, -1, 0 <unfinished ...>
24758 <... mmap resumed>)               = 0x7f05636fc000
24757 <... mmap resumed>)               = 0x7f05636f8000
24756 munmap(0x7f05636f4000, 16384 <unfinished ...>
24758 munmap(0x7f05636fc000, 16384 <unfinished ...>
24757 munmap(0x7f05636f8000, 16384 <unfinished ...>
24755 <... mmap resumed>)               = 0x7f05636f0000
24758 <... munmap resumed>)             = 0
24757 <... munmap resumed>)             = 0
24756 <... munmap resumed>)             = 0
24758 mmap(NULL, 16384, PROT_READ|PROT_WRITE, MAP_PRIVATE|MAP_ANONYMOUS|MAP_NORESERVE, -1, 0 <unfinished ...>
24757 mmap(NULL, 16384, PROT_READ|PROT_WRITE, MAP_PRIVATE|MAP_ANONYMOUS|MAP_NORESERVE, -1, 0 <unfinished ...>
24755 munmap(0x7f05636f0000, 16384 <unfinished ...>
24758 <... mmap resumed>)               = 0x7f05636fc000
24757 <... mmap resumed>)               = 0x7f05636f8000
24756 mmap(NULL, 16384, PROT_READ|PROT_WRITE, MAP_PRIVATE|MAP_ANONYMOUS|MAP_NORESERVE, -1, 0 <unfinished ...>
24758 munmap(0x7f05636fc000, 16384 <unfinished ...>
24757 munmap(0x7f05636f8000, 16384 <unfinished ...>
24755 <... munmap resumed>)             = 0
24758 <... munmap resumed>)             = 0
24757 <... munmap resumed>)             = 0
24756 <... mmap resumed>)               = 0x7f05636f4000
24758 mmap(NULL, 16384, PROT_READ|PROT_WRITE, MAP_PRIVATE|MAP_ANONYMOUS|MAP_NORESERVE, -1, 0 <unfinished ...>
24757 mmap(NULL, 16384, PROT_READ|PROT_WRITE, MAP_PRIVATE|MAP_ANONYMOUS|MAP_NORESERVE, -1, 0 <unfinished ...>
24755 mmap(NULL, 16384, PROT_READ|PROT_WRITE, MAP_PRIVATE|MAP_ANONYMOUS|MAP_NORESERVE, -1, 0 <unfinished ...>
24758 <... mmap resumed>)               = 0x7f05636fc000
24757 <... mmap resumed>)               = 0x7f05636f8000
24756 munmap(0x7f05636f4000, 16384 <unfinished ...>
24758 munmap(0x7f05636fc000, 16384 <unfinished ...>
24757 munmap(0x7f05636f8000, 16384 <unfinished ...>
24755 <... mmap resumed>)               = 0x7f05636f0000
24758 <... munmap resumed>)             = 0
24757 <... munmap resumed>)             = 0
24756 <... munmap resumed>)             = 0
24758 mmap(NULL, 16384, PROT_READ|PROT_WRITE, MAP_PRIVATE|MAP_ANONYMOUS|MAP_NORESERVE, -1, 0 <unfinished ...>
24757 mmap(NULL, 16384, PROT_READ|PROT_WRITE, MAP_PRIVATE|MAP_ANONYMOUS|MAP_NORESERVE, -1, 0 <unfinished ...>
24755 munmap(0x7f05636f0000, 16384 <unfinished ...>
24758 <... mmap resumed>)               = 0x7f05636fc000
24757 <... mmap resumed>)               = 0x7f05636f8000
24756 mmap(NULL, 16384, PROT_READ|PROT_WRITE, MAP_PRIVATE|MAP_ANONYMOUS|MAP_NORESERVE, -1, 0 <unfinished ...>
24758 munmap(0x7f05636fc000, 16384 <unfinished ...>
24757 munmap(0x7f05636f8000, 16384 <unfinished ...>
24755 <... munmap resumed>)             = 0
24758 <... munmap resumed>)             = 0
24757 <... munmap resumed>)             = 0
24756 <... mmap resumed>)               = 0x7f05636f4000
24758 mmap(NULL, 16384, PROT_READ|PROT_WRITE, MAP_PRIVATE|MAP_ANONYMOUS|MAP_NORESERVE, -1, 0 <unfinished ...>
24757 mmap(NULL, 16384, PROT_READ|PROT_WRITE, MAP_PRIVATE|MAP_ANONYMOUS|MAP_NORESERVE, -1, 0 <unfinished ...>
24755 mmap(NULL, 16384, PROT_READ|PROT_WRITE, MAP_PRIVATE|MAP_ANONYMOUS|MAP_NORESERVE, -1, 0 <unfinished ...>
24758 <... mmap resumed>)               = 0x7f05636fc000
24757 <... mmap resumed>)               = 0x7f05636f8000
24756 munmap(0x7f05636f4000, 16384 <unfinished ...>
24758 munmap(0x7f05636fc000, 16384 <unfinished ...>
24757 munmap(0x7f05636f8000, 16384 <unfinished ...>
24755 <... mmap resumed>)               = 0x7f05636f0000
24758 <... munmap resumed>)             = 0
24757 <... munmap resumed>)             = 0
24756 <... munmap resumed>)             = 0
24758 mmap(NULL, 16384, PROT_READ|PROT_WRITE, MAP_PRIVATE|MAP_ANONYMOUS|MAP_NORESERVE, -1, 0 <unfinished ...>
24757 mmap(NULL, 16384, PROT_READ|PROT_WRITE, MAP_PRIVATE|MAP_ANONYMOUS|MAP_NORESERVE, -1, 0 <unfinished ...>
24755 munmap(0x7f05636f0000, 16384 <unfinished ...>
24758 <... mmap resumed>)               = 0x7f05636fc000
24757 <... mmap resumed>)               = 0x7f05636f8000
24756 mmap(NULL, 16384, PROT_READ|PROT_WRITE, MAP_PRIVATE|MAP_ANONYMOUS|MAP_NORESERVE, -1, 0 <unfinished ...>
24758 munmap(0x7f05636fc000, 16384 <unfinished ...>
24757 munmap(0x7f05636f8000, 16384 <unfinished ...>
24755 <... munmap resumed>)             = 0
24758 <... munmap resumed>)             = 0
24757 <... munmap resumed>)             = 0
24756 <... mmap resumed>)               = 0x7f05636f4000
24758 mmap(NULL, 16384, PROT_READ|PROT_WRITE, MAP_PRIVATE|MAP_ANONYMOUS|MAP_NORESERVE, -1, 0 <unfinished ...>
24757 mmap(NULL, 16384, PROT_READ|PROT_WRITE, MAP_PRIVATE|MAP_ANONYMOUS|MAP_NORESERVE, -1, 0 <unfinished ...>
24755 mmap(NULL, 16384, PROT_READ|PROT_WRITE, MAP_PRIVATE|MAP_ANONYMOUS|MAP_NORESERVE, -1, 0 <unfinished ...>
24758 <... mmap resumed>)               = 0x7f05636fc000
24757 <... mmap resumed>)               = 0x7f05636f8000
24756 munmap(0x7f05636f4000, 16384 <unfinished ...>
24758 munmap(0x7f05636fc000, 16384 <unfinished ...>
24757 munmap(0x7f05636f8000, 16384 <unfinished ...>
24755 <... mmap resumed>)               = 0x7f05636f0000
24758 <... munmap resumed>)             = 0
24757 <... munmap resumed>)             = 0
24756 <... munmap resumed>)             = 0
24758 mmap(NULL, 16384, PROT_READ|PROT_WRITE, MAP_PRIVATE|MAP_ANONYMOUS|MAP_NORESERVE, -1, 0 <unfinished ...>
24757 mmap(NULL, 16384, PROT_READ|PROT_WRITE, MAP_PRIVATE|MAP_ANONYMOUS|MAP_NORESERVE, -1, 0 <unfinished ...>
24755 munmap(0x7f05636f0000, 16384 <unfinished ...>
24758 <... mmap resumed>)               = 0x7f05636fc000
24757 <... mmap resumed>)               = 0x7f05636f8000
24756 mmap(NULL, 16384, PROT_READ|PROT_WRITE, MAP_PRIVATE|MAP_ANONYMOUS|MAP_NORESERVE, -1, 0 <unfinished ...>
24758 munmap(0x7f05636fc000, 16384 <unfinished ...>
24757 munmap(0x7f05636f8000, 16384 <unfinished ...>
24755 <... munmap resumed>)             = 0
24758 <... munmap resumed>)             = 0
24757 <... munmap resumed>)             = 0
24756 <... mmap resumed>)               = 0x7f05636f4000
24758 mmap(NULL, 16384, PROT_READ|PROT_WRITE, MAP_PRIVATE|MAP_ANONYMOUS|MAP_NORESERVE, -1, 0 <unfinished ...>
24757 mmap(NULL, 16384, PROT_READ|PROT_WRITE, MAP_PRIVATE|MAP_ANONYMOUS|MAP_NORESERVE, -1, 0 <unfinished ...>
24755 mmap(NULL, 16384, PROT_READ|PROT_WRITE, MAP_PRIVATE|MAP_ANONYMOUS|MAP_NORESERVE, -1, 0 <unfinished ...>
24758 <... mmap resumed>)               = 0x7f05636fc000
24757 <... mmap resumed>)               = 0x7f05636f8000
24756 munmap(0x7f05636f4000, 16384 <unfinished ...>
24758 munmap(0x7f05636fc000, 16384 <unfinished ...>
24757 munmap(0x7f05636f8000, 16384 <unfinished ...>
24755 <... mmap resumed>)               = 0x7f05636f0000
24758 <... munmap resumed>)             = 0
24757 <... munmap resumed>)             = 0
24756 <... munmap resumed>)             = 0
24758 mmap(NULL, 16384, PROT_READ|PROT_WRITE, MAP_PRIVATE|MAP_ANONYMOUS|MAP_NORESERVE, -1, 0 <unfinished ...>
24757 mmap(NULL, 16384, PROT_READ|PROT_WRITE, MAP_PRIVATE|MAP_ANONYMOUS|MAP_NORESERVE, -1, 0 <unfinished ...>
24755 munmap(0x7f05636f0000, 16384 <unfinished ...>
24758 <... mmap resumed>)               = 0x7f05636fc000
24757 <... mmap resumed>)               = 0x7f05636f8000
24756 mmap(NULL, 16384, PROT_READ|PROT_WRITE, MAP_PRIVATE|MAP_ANONYMOUS|MAP_NORESERVE, -1, 0 <unfinished ...>
24758 munmap(0x7f05636fc000, 16384 <unfinished ...>
24757 munmap(0x7f05636f8000, 16384 <unfinished ...>
24755 <... munmap resumed>)             = 0
24758 <... munmap resumed>)             = 0
24757 <... munmap resumed>)             = 0
24756 <... mmap resumed>)               = 0x7f05636f4000
24758 mmap(NULL, 16384, PROT_READ|PROT_WRITE, MAP_PRIVATE|MAP_ANONYMOUS|MAP_NORESERVE, -1, 0 <unfinished ...>
24757 mmap(NULL, 16384, PROT_READ|PROT_WRITE, MAP_PRIVATE|MAP_ANONYMOUS|MAP_NORESERVE, -1, 0 <unfinished ...>
24755 mmap(NULL, 16384, PROT_READ|PROT_WRITE, MAP_PRIVATE|MAP_ANONYMOUS|MAP_NORESERVE, -1, 0 <unfinished ...>
24758 <... mmap resumed>)               = 0x7f05636fc000
24757 <... mmap resumed>)               = 0x7f05636f8000
24756 munmap(0x7f05636f4000, 16384 <unfinished ...>
24758 munmap(0x7f05636fc000, 16384 <unfinished ...>
24757 munmap(0x7f05636f8000, 16384 <unfinished ...>
24755 <... mmap resumed>)               = 0x7f05636f0000
24758 <... munmap resumed>)             = 0
24757 <... munmap resumed>)             = 0
24756 <... munmap resumed>)             = 0
24758 mmap(NULL, 16384, PROT_READ|PROT_WRITE, MAP_PRIVATE|MAP_ANONYMOUS|MAP_NORESERVE, -1, 0 <unfinished ...>
24757 mmap(NULL, 16384, PROT_READ|PROT_WRITE, MAP_PRIVATE|MAP_ANONYMOUS|MAP_NORESERVE, -1, 0 <unfinished ...>
24755 munmap(0x7f05636f0000, 16384 <unfinished ...>
24758 <... mmap resumed>)               = 0x7f05636fc000
24757 <... mmap resumed>)               = 0x7f05636f8000
24756 mmap(NULL, 16384, PROT_READ|PROT_WRITE, MAP_PRIVATE|MAP_ANONYMOUS|MAP_NORESERVE, -1, 0 <unfinished ...>
24758 munmap(0x7f05636fc000, 16384 <unfinished ...>
24757 munmap(0x7f05636f8000, 16384 <unfinished ...>
24755 <... munmap resumed>)             = 0
24758 <... munmap resumed>)             = 0
24757 <... munmap resumed>)             = 0
24756 <... mmap resumed>)               = 0x7f05636f4000
24758 mmap(NULL, 16384, PROT_READ|PROT_WRITE, MAP_PRIVATE|MAP_ANONYMOUS|MAP_NORESERVE, -1, 0 <unfinished ...>
24757 mmap(NULL, 16384, PROT_READ|PROT_WRITE, MAP_PRIVATE|MAP_ANONYMOUS|MAP_NORESERVE, -1, 0 <unfinished ...>
24755 mmap(NULL, 16384, PROT_READ|PROT_WRITE, MAP_PRIVATE|MAP_ANONYMOUS|MAP_NORESERVE, -1, 0 <unfinished ...>
24758 <... mmap resumed>)               = 0x7f05636fc000
24757 <... mmap resumed>)               = 0x7f05636f8000
24756 munmap(0x7f05636f4000, 16384 <unfinished ...>
24758 munmap(0x7f05636fc000, 16384 <unfinished ...>
24757 munmap(0x7f05636f8000, 16384 <unfinished ...>
24755 <... mmap resumed>)               = 0x7f05636f0000
24758 <... munmap resumed>)             = 0
24757 <... munmap resumed>)             = 0
24756 <... munmap resumed>)             = 0
24758 futex(0x7ffd7c70e3c4, FUTEX_WAIT_PRIVATE, 0, NULL <unfinished ...>
24757 futex(0x7ffd7c70e3c4, FUTEX_WAIT_PRIVATE, 0, NULL <unfinished ...>
24755 munmap(0x7f05636f0000, 16384 <unfinished ...>
24756 futex(0x7ffd7c70e3c4, FUTEX_WAIT_PRIVATE, 0, NULL <unfinished ...>
24755 <... munmap resumed>)             = 0
24755 futex(0x7ffd7c70e3c4, FUTEX_WAKE_PRIVATE, 2147483647 <unfinished ...>
24752 <... futex resumed>)              = 0
24758 <... futex resumed>)              = 0
24757 <... futex resumed>)              = 0
24756 <... futex resumed>)              = 0
24755 <... futex resumed>)              = 4
24752 futex(0x7f0565703910, FUTEX_WAIT_BITSET|FUTEX_CLOCK_REALTIME, 24755, NULL, FUTEX_BITSET_MATCH_ANY <unfinished ...>
24758 rt_sigprocmask(SIG_BLOCK, ~[RT_1],  <unfinished ...>
24757 rt_sigprocmask(SIG_BLOCK, ~[RT_1],  <unfinished ...>
24756 rt_sigprocmask(SIG_BLOCK, ~[RT_1],  <unfinished ...>
24758 <... rt_sigprocmask resumed>NULL, 8) = 0
24757 <... rt_sigprocmask resumed>NULL, 8) = 0
24755 rt_sigprocmask(SIG_BLOCK, ~[RT_1],  <unfinished ...>
24758 madvise(0x7f0563700000, 8372224, MADV_DONTNEED <unfinished ...>
24757 madvise(0x7f0563f01000, 8372224, MADV_DONTNEED <unfinished ...>
24756 <... rt_sigprocmask resumed>NULL, 8) = 0
24758 <... madvise resumed>)            = 0
24757 <... madvise resumed>)            = 0
24755 <... rt_sigprocmask resumed>NULL, 8) = 0
24758 exit(0 <unfinished ...>
24757 exit(0 <unfinished ...>
24756 madvise(0x7f0564702000, 8372224, MADV_DONTNEED <unfinished ...>
24758 <... exit resumed>)               = ?
24757 <... exit resumed>)               = ?
24755 madvise(0x7f0564f03000, 8372224, MADV_DONTNEED <unfinished ...>
24756 <... madvise resumed>)            = 0
24755 <... madvise resumed>)            = 0
24756 exit(0 <unfinished ...>
24755 exit(0 <unfinished ...>
24756 <... exit resumed>)               = ?
24755 <... exit resumed>)               = ?
24752 <... futex resumed>)              = 0
24752 openat(AT_FDCWD, "/proc/self/statm", O_RDONLY) = 3
24752 newfstatat(3, "", {st_mode=S_IFREG|0444, st_size=0, ...}, AT_EMPTY_PATH) = 0
24752 read(3, "8548 99 82 199 0 8267 0\n", 1024) = 24
24752 write(2, "mmbench: peak RSS ~0 MB\n", 24) = 24
24752 close(3)                          = 0
24752 uname({sysname="Linux", nodename="syzkaller", ...}) = 0
24752 uname({sysname="Linux", nodename="syzkaller", ...}) = 0
24752 newfstatat(1, "", {st_mode=S_IFCHR|0666, st_rdev=makedev(0x1, 0x3), ...}, AT_EMPTY_PATH) = 0
24752 ioctl(1, TCGETS, 0x7ffd7c70dac0)  = -1 ENOTTY (Inappropriate ioctl for device)
24752 write(1, "{\"bench\":\"mmap-pf\",\"contention\":\"low\",\"threads\":4,\"ops\":154,\"elapsed_s\":1.011,\"ops_per_us\":3.826"..., 189) = 189
24752 exit_group(0)                     = ?
