28265 execve("/mnt/cortenmm/bench/mmbench/mmbench", ["/mnt/cortenmm/bench/mmbench/mmbench", "unmap-virt", "low", "4", "1", "20263969"], 0x7ffdb9d980a8 /* 30 vars */) = 0
28265 arch_prctl(0x3001 /* ARCH_??? */, 0x7ffef41cfb40) = -1 EINVAL (Invalid argument)
28265 brk(NULL)                         = 0x1c727000
28265 brk(0x1c727dc0)                   = 0x1c727dc0
28265 arch_prctl(ARCH_SET_FS, 0x1c7273c0) = 0
28265 set_tid_address(0x1c727690)       = 28265
28265 set_robust_list(0x1c7276a0, 24)   = 0
28265 rseq(0x1c727d60, 0x20, 0, 0x53053053) = 0
28265 uname({sysname="Linux", nodename="syzkaller", ...}) = 0
28265 prlimit64(0, RLIMIT_STACK, NULL, {rlim_cur=8192*1024, rlim_max=RLIM64_INFINITY}) = 0
28265 readlink("/proc/self/exe", "/mnt/cortenmm/bench/mmbench/mmbench", 4096) = 35
28265 getrandom("\x57\x73\x03\x79\xe7\x8c\x6f\x8c", 8, GRND_NONBLOCK) = 8
28265 brk(0x1c748dc0)                   = 0x1c748dc0
28265 brk(0x1c749000)                   = 0x1c749000
28265 mprotect(0x4f6000, 16384, PROT_READ) = 0
28265 write(2, "mmbench: bench=unmap-virt contention=low threads=4 arena=160 MB (per thread)\n", 77) = 77
28265 prlimit64(0, RLIMIT_AS, NULL, {rlim_cur=RLIM64_INFINITY, rlim_max=RLIM64_INFINITY}) = 0
28265 rt_sigaction(SIGRT_1, {sa_handler=0x497070, sa_mask=[], sa_flags=SA_RESTORER|SA_ONSTACK|SA_RESTART|SA_SIGINFO, sa_restorer=0x47db20}, NULL, 8) = 0
28265 rt_sigprocmask(SIG_UNBLOCK, [RTMIN RT_1], NULL, 8) = 0
28265 mmap(NULL, 8392704, PROT_NONE, MAP_PRIVATE|MAP_ANONYMOUS|MAP_STACK, -1, 0) = 0x7f2952b51000
28265 mprotect(0x7f2952b52000, 8388608, PROT_READ|PROT_WRITE) = 0
28265 rt_sigprocmask(SIG_BLOCK, ~[], [], 8) = 0
28265 clone3({flags=CLONE_VM|CLONE_FS|CLONE_FILES|CLONE_SIGHAND|CLONE_THREAD|CLONE_SYSVSEM|CLONE_SETTLS|CLONE_PARENT_SETTID|CLONE_CHILD_CLEARTID, child_tid=0x7f2953351910, parent_tid=0x7f2953351910, exit_signal=0, stack=0x7f2952b51000, stack_size=0x800280, tls=0x7f2953351640} => {parent_tid=[28269]}, 88) = 28269
28269 rseq(0x7f2953351fe0, 0x20, 0, 0x53053053 <unfinished ...>
28265 rt_sigprocmask(SIG_SETMASK, [],  <unfinished ...>
28269 <... rseq resumed>)               = 0
28265 <... rt_sigprocmask resumed>NULL, 8) = 0
28269 set_robust_list(0x7f2953351920, 24 <unfinished ...>
28265 mmap(NULL, 8392704, PROT_NONE, MAP_PRIVATE|MAP_ANONYMOUS|MAP_STACK, -1, 0 <unfinished ...>
28269 <... set_robust_list resumed>)    = 0
28265 <... mmap resumed>)               = 0x7f2952350000
28269 rt_sigprocmask(SIG_SETMASK, [],  <unfinished ...>
28265 mprotect(0x7f2952351000, 8388608, PROT_READ|PROT_WRITE <unfinished ...>
28269 <... rt_sigprocmask resumed>NULL, 8) = 0
28265 <... mprotect resumed>)           = 0
28265 rt_sigprocmask(SIG_BLOCK, ~[],  <unfinished ...>
28269 mmap(NULL, 134217728, PROT_NONE, MAP_PRIVATE|MAP_ANONYMOUS|MAP_NORESERVE, -1, 0 <unfinished ...>
28265 <... rt_sigprocmask resumed>[], 8) = 0
28269 <... mmap resumed>)               = 0x7f294a350000
28265 clone3({flags=CLONE_VM|CLONE_FS|CLONE_FILES|CLONE_SIGHAND|CLONE_THREAD|CLONE_SYSVSEM|CLONE_SETTLS|CLONE_PARENT_SETTID|CLONE_CHILD_CLEARTID, child_tid=0x7f2952b50910, parent_tid=0x7f2952b50910, exit_signal=0, stack=0x7f2952350000, stack_size=0x800280, tls=0x7f2952b50640} <unfinished ...>
28269 munmap(0x7f294a350000, 30081024 <unfinished ...>
28265 <... clone3 resumed> => {parent_tid=[28271]}, 88) = 28271
28271 rseq(0x7f2952b50fe0, 0x20, 0, 0x53053053 <unfinished ...>
28269 <... munmap resumed>)             = 0
28265 rt_sigprocmask(SIG_SETMASK, [],  <unfinished ...>
28271 <... rseq resumed>)               = 0
28265 <... rt_sigprocmask resumed>NULL, 8) = 0
28269 munmap(0x7f2950000000, 37027840 <unfinished ...>
28265 mmap(NULL, 8392704, PROT_NONE, MAP_PRIVATE|MAP_ANONYMOUS|MAP_STACK, -1, 0 <unfinished ...>
28271 set_robust_list(0x7f2952b50920, 24 <unfinished ...>
28265 <... mmap resumed>)               = 0x7f2951b4f000
28269 <... munmap resumed>)             = 0
28265 mprotect(0x7f2951b50000, 8388608, PROT_READ|PROT_WRITE <unfinished ...>
28271 <... set_robust_list resumed>)    = 0
28265 <... mprotect resumed>)           = 0
28269 mprotect(0x7f294c000000, 135168, PROT_READ|PROT_WRITE <unfinished ...>
28265 rt_sigprocmask(SIG_BLOCK, ~[],  <unfinished ...>
28271 rt_sigprocmask(SIG_SETMASK, [],  <unfinished ...>
28265 <... rt_sigprocmask resumed>[], 8) = 0
28269 <... mprotect resumed>)           = 0
28265 clone3({flags=CLONE_VM|CLONE_FS|CLONE_FILES|CLONE_SIGHAND|CLONE_THREAD|CLONE_SYSVSEM|CLONE_SETTLS|CLONE_PARENT_SETTID|CLONE_CHILD_CLEARTID, child_tid=0x7f295234f910, parent_tid=0x7f295234f910, exit_signal=0, stack=0x7f2951b4f000, stack_size=0x800280, tls=0x7f295234f640} <unfinished ...>
28271 <... rt_sigprocmask resumed>NULL, 8) = 0
28269 mmap(NULL, 167772160, PROT_READ|PROT_WRITE, MAP_PRIVATE|MAP_ANONYMOUS|MAP_NORESERVE, -1, 0 <unfinished ...>
28265 <... clone3 resumed> => {parent_tid=[28272]}, 88) = 28272
28272 rseq(0x7f295234ffe0, 0x20, 0, 0x53053053 <unfinished ...>
28271 mmap(NULL, 134217728, PROT_NONE, MAP_PRIVATE|MAP_ANONYMOUS|MAP_NORESERVE, -1, 0 <unfinished ...>
28265 rt_sigprocmask(SIG_SETMASK, [],  <unfinished ...>
28272 <... rseq resumed>)               = 0
28269 <... mmap resumed>)               = 0x7f2942000000
28265 <... rt_sigprocmask resumed>NULL, 8) = 0
28272 set_robust_list(0x7f295234f920, 24 <unfinished ...>
28271 <... mmap resumed>)               = 0x7f293a000000
28265 mmap(NULL, 8392704, PROT_NONE, MAP_PRIVATE|MAP_ANONYMOUS|MAP_STACK, -1, 0 <unfinished ...>
28272 <... set_robust_list resumed>)    = 0
28269 futex(0x7ffef41cf2e4, FUTEX_WAIT_PRIVATE, 0, NULL <unfinished ...>
28265 <... mmap resumed>)               = 0x7f295134e000
28272 rt_sigprocmask(SIG_SETMASK, [],  <unfinished ...>
28271 munmap(0x7f293a000000, 33554432 <unfinished ...>
28265 mprotect(0x7f295134f000, 8388608, PROT_READ|PROT_WRITE <unfinished ...>
28272 <... rt_sigprocmask resumed>NULL, 8) = 0
28265 <... mprotect resumed>)           = 0
28271 <... munmap resumed>)             = 0
28265 rt_sigprocmask(SIG_BLOCK, ~[],  <unfinished ...>
28272 mmap(NULL, 134217728, PROT_NONE, MAP_PRIVATE|MAP_ANONYMOUS|MAP_NORESERVE, -1, 0 <unfinished ...>
28265 <... rt_sigprocmask resumed>[], 8) = 0
28271 munmap(0x7f2940000000, 33554432 <unfinished ...>
28265 clone3({flags=CLONE_VM|CLONE_FS|CLONE_FILES|CLONE_SIGHAND|CLONE_THREAD|CLONE_SYSVSEM|CLONE_SETTLS|CLONE_PARENT_SETTID|CLONE_CHILD_CLEARTID, child_tid=0x7f2951b4e910, parent_tid=0x7f2951b4e910, exit_signal=0, stack=0x7f295134e000, stack_size=0x800280, tls=0x7f2951b4e640} <unfinished ...>
28272 <... mmap resumed>)               = 0x7f2934000000
28271 <... munmap resumed>)             = 0
28265 <... clone3 resumed> => {parent_tid=[28273]}, 88) = 28273
28273 rseq(0x7f2951b4efe0, 0x20, 0, 0x53053053 <unfinished ...>
28272 munmap(0x7f2938000000, 67108864 <unfinished ...>
28265 rt_sigprocmask(SIG_SETMASK, [],  <unfinished ...>
28273 <... rseq resumed>)               = 0
28271 mprotect(0x7f293c000000, 135168, PROT_READ|PROT_WRITE <unfinished ...>
28265 <... rt_sigprocmask resumed>NULL, 8) = 0
28273 set_robust_list(0x7f2951b4e920, 24 <unfinished ...>
28272 <... munmap resumed>)             = 0
28265 futex(0x7ffef41cf2e4, FUTEX_WAIT_PRIVATE, 0, NULL <unfinished ...>
28273 <... set_robust_list resumed>)    = 0
28271 <... mprotect resumed>)           = 0
28273 rt_sigprocmask(SIG_SETMASK, [],  <unfinished ...>
28272 mprotect(0x7f2934000000, 135168, PROT_READ|PROT_WRITE <unfinished ...>
28273 <... rt_sigprocmask resumed>NULL, 8) = 0
28271 mmap(NULL, 167772160, PROT_READ|PROT_WRITE, MAP_PRIVATE|MAP_ANONYMOUS|MAP_NORESERVE, -1, 0 <unfinished ...>
28273 mmap(0x7f2938000000, 67108864, PROT_NONE, MAP_PRIVATE|MAP_ANONYMOUS|MAP_NORESERVE, -1, 0 <unfinished ...>
28272 <... mprotect resumed>)           = 0
28273 <... mmap resumed>)               = 0x7f2938000000
28271 <... mmap resumed>)               = 0x7f292a000000
28273 mprotect(0x7f2938000000, 135168, PROT_READ|PROT_WRITE <unfinished ...>
28272 mmap(NULL, 167772160, PROT_READ|PROT_WRITE, MAP_PRIVATE|MAP_ANONYMOUS|MAP_NORESERVE, -1, 0 <unfinished ...>
28273 <... mprotect resumed>)           = 0
28271 futex(0x7ffef41cf2e4, FUTEX_WAIT_PRIVATE, 0, NULL <unfinished ...>
28273 mmap(NULL, 167772160, PROT_READ|PROT_WRITE, MAP_PRIVATE|MAP_ANONYMOUS|MAP_NORESERVE, -1, 0 <unfinished ...>
28272 <... mmap resumed>)               = 0x7f2920000000
28273 <... mmap resumed>)               = 0x7f2916000000
28272 futex(0x7ffef41cf2e4, FUTEX_WAIT_PRIVATE, 0, NULL <unfinished ...>
28273 futex(0x7ffef41cf2e4, FUTEX_WAKE_PRIVATE, 2147483647 <unfinished ...>
28272 <... futex resumed>)              = -1 EAGAIN (Resource temporarily unavailable)
28265 <... futex resumed>)              = 0
28273 <... futex resumed>)              = 3
28271 <... futex resumed>)              = 0
28269 <... futex resumed>)              = 0
28265 futex(0x7ffef41cf304, FUTEX_WAIT_PRIVATE, 0, NULL <unfinished ...>
28273 munmap(0x7f291c014000, 16384 <unfinished ...>
28272 munmap(0x7f2923410000, 16384 <unfinished ...>
28271 munmap(0x7f292a7a4000, 16384 <unfinished ...>
28273 <... munmap resumed>)             = 0
28272 <... munmap resumed>)             = 0
28269 munmap(0x7f2946528000, 16384 <unfinished ...>
28273 mmap(0x7f291c014000, 16384, PROT_READ|PROT_WRITE, MAP_PRIVATE|MAP_FIXED|MAP_ANONYMOUS|MAP_NORESERVE, -1, 0 <unfinished ...>
28272 mmap(0x7f2923410000, 16384, PROT_READ|PROT_WRITE, MAP_PRIVATE|MAP_FIXED|MAP_ANONYMOUS|MAP_NORESERVE, -1, 0 <unfinished ...>
28271 <... munmap resumed>)             = 0
28273 <... mmap resumed>)               = 0x7f291c014000
28272 <... mmap resumed>)               = 0x7f2923410000
28269 <... munmap resumed>)             = 0
28273 munmap(0x7f291d300000, 16384 <unfinished ...>
28272 munmap(0x7f292386c000, 16384 <unfinished ...>
28271 mmap(0x7f292a7a4000, 16384, PROT_READ|PROT_WRITE, MAP_PRIVATE|MAP_FIXED|MAP_ANONYMOUS|MAP_NORESERVE, -1, 0 <unfinished ...>
28273 <... munmap resumed>)             = 0
28272 <... munmap resumed>)             = 0
28269 mmap(0x7f2946528000, 16384, PROT_READ|PROT_WRITE, MAP_PRIVATE|MAP_FIXED|MAP_ANONYMOUS|MAP_NORESERVE, -1, 0 <unfinished ...>
28273 mmap(0x7f291d300000, 16384, PROT_READ|PROT_WRITE, MAP_PRIVATE|MAP_FIXED|MAP_ANONYMOUS|MAP_NORESERVE, -1, 0 <unfinished ...>
28272 mmap(0x7f292386c000, 16384, PROT_READ|PROT_WRITE, MAP_PRIVATE|MAP_FIXED|MAP_ANONYMOUS|MAP_NORESERVE, -1, 0 <unfinished ...>
28271 <... mmap resumed>)               = 0x7f292a7a4000
28273 <... mmap resumed>)               = 0x7f291d300000
28272 <... mmap resumed>)               = 0x7f292386c000
28269 <... mmap resumed>)               = 0x7f2946528000
28273 munmap(0x7f291a750000, 16384 <unfinished ...>
28272 munmap(0x7f2923a38000, 16384 <unfinished ...>
28271 munmap(0x7f29313b8000, 16384 <unfinished ...>
28273 <... munmap resumed>)             = 0
28272 <... munmap resumed>)             = 0
28269 munmap(0x7f29460b8000, 16384 <unfinished ...>
28273 mmap(0x7f291a750000, 16384, PROT_READ|PROT_WRITE, MAP_PRIVATE|MAP_FIXED|MAP_ANONYMOUS|MAP_NORESERVE, -1, 0 <unfinished ...>
28272 mmap(0x7f2923a38000, 16384, PROT_READ|PROT_WRITE, MAP_PRIVATE|MAP_FIXED|MAP_ANONYMOUS|MAP_NORESERVE, -1, 0 <unfinished ...>
28271 <... munmap resumed>)             = 0
28273 <... mmap resumed>)               = 0x7f291a750000
28272 <... mmap resumed>)               = 0x7f2923a38000
28271 mmap(0x7f29313b8000, 16384, PROT_READ|PROT_WRITE, MAP_PRIVATE|MAP_FIXED|MAP_ANONYMOUS|MAP_NORESERVE, -1, 0 <unfinished ...>
28269 <... munmap resumed>)             = 0
28273 munmap(0x7f291c7a0000, 16384 <unfinished ...>
28272 munmap(0x7f29287d8000, 16384 <unfinished ...>
28271 <... mmap resumed>)               = 0x7f29313b8000
28273 <... munmap resumed>)             = 0
28272 <... munmap resumed>)             = 0
28271 munmap(0x7f2933e94000, 16384 <unfinished ...>
28269 mmap(0x7f29460b8000, 16384, PROT_READ|PROT_WRITE, MAP_PRIVATE|MAP_FIXED|MAP_ANONYMOUS|MAP_NORESERVE, -1, 0 <unfinished ...>
28273 mmap(0x7f291c7a0000, 16384, PROT_READ|PROT_WRITE, MAP_PRIVATE|MAP_FIXED|MAP_ANONYMOUS|MAP_NORESERVE, -1, 0 <unfinished ...>
28272 mmap(0x7f29287d8000, 16384, PROT_READ|PROT_WRITE, MAP_PRIVATE|MAP_FIXED|MAP_ANONYMOUS|MAP_NORESERVE, -1, 0 <unfinished ...>
28271 <... munmap resumed>)             = 0
28273 <... mmap resumed>)               = 0x7f291c7a0000
28272 <... mmap resumed>)               = 0x7f29287d8000
28269 <... mmap resumed>)               = 0x7f29460b8000
28273 munmap(0x7f2916de0000, 16384 <unfinished ...>
28272 munmap(0x7f2926ebc000, 16384 <unfinished ...>
28271 mmap(0x7f2933e94000, 16384, PROT_READ|PROT_WRITE, MAP_PRIVATE|MAP_FIXED|MAP_ANONYMOUS|MAP_NORESERVE, -1, 0 <unfinished ...>
28273 <... munmap resumed>)             = 0
28272 <... munmap resumed>)             = 0
28269 munmap(0x7f294ab40000, 16384 <unfinished ...>
28273 mmap(0x7f2916de0000, 16384, PROT_READ|PROT_WRITE, MAP_PRIVATE|MAP_FIXED|MAP_ANONYMOUS|MAP_NORESERVE, -1, 0 <unfinished ...>
28272 mmap(0x7f2926ebc000, 16384, PROT_READ|PROT_WRITE, MAP_PRIVATE|MAP_FIXED|MAP_ANONYMOUS|MAP_NORESERVE, -1, 0 <unfinished ...>
28271 <... mmap resumed>)               = 0x7f2933e94000
28273 <... mmap resumed>)               = 0x7f2916de0000
28272 <... mmap resumed>)               = 0x7f2926ebc000
28269 <... munmap resumed>)             = 0
28273 munmap(0x7f2917b50000, 16384 <unfinished ...>
28272 munmap(0x7f29218c8000, 16384 <unfinished ...>
28271 munmap(0x7f292e1b8000, 16384 <unfinished ...>
28273 <... munmap resumed>)             = 0
28272 <... munmap resumed>)             = 0
28269 mmap(0x7f294ab40000, 16384, PROT_READ|PROT_WRITE, MAP_PRIVATE|MAP_FIXED|MAP_ANONYMOUS|MAP_NORESERVE, -1, 0 <unfinished ...>
28273 mmap(0x7f2917b50000, 16384, PROT_READ|PROT_WRITE, MAP_PRIVATE|MAP_FIXED|MAP_ANONYMOUS|MAP_NORESERVE, -1, 0 <unfinished ...>
28272 mmap(0x7f29218c8000, 16384, PROT_READ|PROT_WRITE, MAP_PRIVATE|MAP_FIXED|MAP_ANONYMOUS|MAP_NORESERVE, -1, 0 <unfinished ...>
28271 <... munmap resumed>)             = 0
28273 <... mmap resumed>)               = 0x7f2917b50000
28272 <... mmap resumed>)               = 0x7f29218c8000
28269 <... mmap resumed>)               = 0x7f294ab40000
28273 munmap(0x7f291f4c8000, 16384 <unfinished ...>
28272 munmap(0x7f2926e9c000, 16384 <unfinished ...>
28271 mmap(0x7f292e1b8000, 16384, PROT_READ|PROT_WRITE, MAP_PRIVATE|MAP_FIXED|MAP_ANONYMOUS|MAP_NORESERVE, -1, 0 <unfinished ...>
28273 <... munmap resumed>)             = 0
28272 <... munmap resumed>)             = 0
28269 munmap(0x7f294868c000, 16384 <unfinished ...>
28273 mmap(0x7f291f4c8000, 16384, PROT_READ|PROT_WRITE, MAP_PRIVATE|MAP_FIXED|MAP_ANONYMOUS|MAP_NORESERVE, -1, 0 <unfinished ...>
28272 mmap(0x7f2926e9c000, 16384, PROT_READ|PROT_WRITE, MAP_PRIVATE|MAP_FIXED|MAP_ANONYMOUS|MAP_NORESERVE, -1, 0 <unfinished ...>
28271 <... mmap resumed>)               = 0x7f292e1b8000
28273 <... mmap resumed>)               = 0x7f291f4c8000
28272 <... mmap resumed>)               = 0x7f2926e9c000
28269 <... munmap resumed>)             = 0
28273 munmap(0x7f291f86c000, 16384 <unfinished ...>
28272 munmap(0x7f292734c000, 16384 <unfinished ...>
28271 munmap(0x7f292b6e8000, 16384 <unfinished ...>
28273 <... munmap resumed>)             = 0
28272 <... munmap resumed>)             = 0
28269 mmap(0x7f294868c000, 16384, PROT_READ|PROT_WRITE, MAP_PRIVATE|MAP_FIXED|MAP_ANONYMOUS|MAP_NORESERVE, -1, 0 <unfinished ...>
28273 mmap(0x7f291f86c000, 16384, PROT_READ|PROT_WRITE, MAP_PRIVATE|MAP_FIXED|MAP_ANONYMOUS|MAP_NORESERVE, -1, 0 <unfinished ...>
28272 mmap(0x7f292734c000, 16384, PROT_READ|PROT_WRITE, MAP_PRIVATE|MAP_FIXED|MAP_ANONYMOUS|MAP_NORESERVE, -1, 0 <unfinished ...>
28271 <... munmap resumed>)             = 0
28273 <... mmap resumed>)               = 0x7f291f86c000
28272 <... mmap resumed>)               = 0x7f292734c000
28269 <... mmap resumed>)               = 0x7f294868c000
28273 munmap(0x7f2919570000, 16384 <unfinished ...>
28272 munmap(0x7f2922a94000, 16384 <unfinished ...>
28271 mmap(0x7f292b6e8000, 16384, PROT_READ|PROT_WRITE, MAP_PRIVATE|MAP_FIXED|MAP_ANONYMOUS|MAP_NORESERVE, -1, 0 <unfinished ...>
28273 <... munmap resumed>)             = 0
28272 <... munmap resumed>)             = 0
28269 munmap(0x7f2946838000, 16384 <unfinished ...>
28273 mmap(0x7f2919570000, 16384, PROT_READ|PROT_WRITE, MAP_PRIVATE|MAP_FIXED|MAP_ANONYMOUS|MAP_NORESERVE, -1, 0 <unfinished ...>
28272 mmap(0x7f2922a94000, 16384, PROT_READ|PROT_WRITE, MAP_PRIVATE|MAP_FIXED|MAP_ANONYMOUS|MAP_NORESERVE, -1, 0 <unfinished ...>
28271 <... mmap resumed>)               = 0x7f292b6e8000
28273 <... mmap resumed>)               = 0x7f2919570000
28272 <... mmap resumed>)               = 0x7f2922a94000
28269 <... munmap resumed>)             = 0
28273 munmap(0x7f291a438000, 16384 <unfinished ...>
28272 munmap(0x7f2927248000, 16384 <unfinished ...>
28271 munmap(0x7f292b978000, 16384 <unfinished ...>
28273 <... munmap resumed>)             = 0
28272 <... munmap resumed>)             = 0
28269 mmap(0x7f2946838000, 16384, PROT_READ|PROT_WRITE, MAP_PRIVATE|MAP_FIXED|MAP_ANONYMOUS|MAP_NORESERVE, -1, 0 <unfinished ...>
28273 mmap(0x7f291a438000, 16384, PROT_READ|PROT_WRITE, MAP_PRIVATE|MAP_FIXED|MAP_ANONYMOUS|MAP_NORESERVE, -1, 0 <unfinished ...>
28272 mmap(0x7f2927248000, 16384, PROT_READ|PROT_WRITE, MAP_PRIVATE|MAP_FIXED|MAP_ANONYMOUS|MAP_NORESERVE, -1, 0 <unfinished ...>
28271 <... munmap resumed>)             = 0
28273 <... mmap resumed>)               = 0x7f291a438000
28272 <... mmap resumed>)               = 0x7f2927248000
28269 <... mmap resumed>)               = 0x7f2946838000
28273 munmap(0x7f291e990000, 16384 <unfinished ...>
28272 munmap(0x7f2924ea4000, 16384 <unfinished ...>
28271 mmap(0x7f292b978000, 16384, PROT_READ|PROT_WRITE, MAP_PRIVATE|MAP_FIXED|MAP_ANONYMOUS|MAP_NORESERVE, -1, 0 <unfinished ...>
28273 <... munmap resumed>)             = 0
28272 <... munmap resumed>)             = 0
28269 munmap(0x7f2946858000, 16384 <unfinished ...>
28273 mmap(0x7f291e990000, 16384, PROT_READ|PROT_WRITE, MAP_PRIVATE|MAP_FIXED|MAP_ANONYMOUS|MAP_NORESERVE, -1, 0 <unfinished ...>
28272 mmap(0x7f2924ea4000, 16384, PROT_READ|PROT_WRITE, MAP_PRIVATE|MAP_FIXED|MAP_ANONYMOUS|MAP_NORESERVE, -1, 0 <unfinished ...>
28271 <... mmap resumed>)               = 0x7f292b978000
28273 <... mmap resumed>)               = 0x7f291e990000
28272 <... mmap resumed>)               = 0x7f2924ea4000
28269 <... munmap resumed>)             = 0
28273 munmap(0x7f291fc94000, 16384 <unfinished ...>
28272 munmap(0x7f2923718000, 16384 <unfinished ...>
28271 munmap(0x7f292b044000, 16384 <unfinished ...>
28273 <... munmap resumed>)             = 0
28272 <... munmap resumed>)             = 0
28269 mmap(0x7f2946858000, 16384, PROT_READ|PROT_WRITE, MAP_PRIVATE|MAP_FIXED|MAP_ANONYMOUS|MAP_NORESERVE, -1, 0 <unfinished ...>
28273 mmap(0x7f291fc94000, 16384, PROT_READ|PROT_WRITE, MAP_PRIVATE|MAP_FIXED|MAP_ANONYMOUS|MAP_NORESERVE, -1, 0 <unfinished ...>
28272 mmap(0x7f2923718000, 16384, PROT_READ|PROT_WRITE, MAP_PRIVATE|MAP_FIXED|MAP_ANONYMOUS|MAP_NORESERVE, -1, 0 <unfinished ...>
28271 <... munmap resumed>)             = 0
28269 <... mmap resumed>)               = 0x7f2946858000
28273 <... mmap resumed>)               = 0x7f291fc94000
28272 <... mmap resumed>)               = 0x7f2923718000
28271 mmap(0x7f292b044000, 16384, PROT_READ|PROT_WRITE, MAP_PRIVATE|MAP_FIXED|MAP_ANONYMOUS|MAP_NORESERVE, -1, 0 <unfinished ...>
28273 munmap(0x7f291faec000, 16384 <unfinished ...>
28272 munmap(0x7f2920bbc000, 16384 <unfinished ...>
28269 munmap(0x7f2942f14000, 16384 <unfinished ...>
28273 <... munmap resumed>)             = 0
28272 <... munmap resumed>)             = 0
28271 <... mmap resumed>)               = 0x7f292b044000
28273 mmap(0x7f291faec000, 16384, PROT_READ|PROT_WRITE, MAP_PRIVATE|MAP_FIXED|MAP_ANONYMOUS|MAP_NORESERVE, -1, 0 <unfinished ...>
28272 mmap(0x7f2920bbc000, 16384, PROT_READ|PROT_WRITE, MAP_PRIVATE|MAP_FIXED|MAP_ANONYMOUS|MAP_NORESERVE, -1, 0 <unfinished ...>
28269 <... munmap resumed>)             = 0
28273 <... mmap resumed>)               = 0x7f291faec000
28272 <... mmap resumed>)               = 0x7f2920bbc000
28271 munmap(0x7f292aef8000, 16384 <unfinished ...>
28273 munmap(0x7f291b740000, 16384 <unfinished ...>
28272 munmap(0x7f29285c0000, 16384 <unfinished ...>
28269 mmap(0x7f2942f14000, 16384, PROT_READ|PROT_WRITE, MAP_PRIVATE|MAP_FIXED|MAP_ANONYMOUS|MAP_NORESERVE, -1, 0 <unfinished ...>
28273 <... munmap resumed>)             = 0
28272 <... munmap resumed>)             = 0
28271 <... munmap resumed>)             = 0
28269 <... mmap resumed>)               = 0x7f2942f14000
28273 mmap(0x7f291b740000, 16384, PROT_READ|PROT_WRITE, MAP_PRIVATE|MAP_FIXED|MAP_ANONYMOUS|MAP_NORESERVE, -1, 0 <unfinished ...>
28272 mmap(0x7f29285c0000, 16384, PROT_READ|PROT_WRITE, MAP_PRIVATE|MAP_FIXED|MAP_ANONYMOUS|MAP_NORESERVE, -1, 0 <unfinished ...>
28271 mmap(0x7f292aef8000, 16384, PROT_READ|PROT_WRITE, MAP_PRIVATE|MAP_FIXED|MAP_ANONYMOUS|MAP_NORESERVE, -1, 0 <unfinished ...>
28273 <... mmap resumed>)               = 0x7f291b740000
28272 <... mmap resumed>)               = 0x7f29285c0000
28269 munmap(0x7f2947b24000, 16384 <unfinished ...>
28273 munmap(0x7f2919c78000, 16384 <unfinished ...>
28272 munmap(0x7f29225a8000, 16384 <unfinished ...>
28271 <... mmap resumed>)               = 0x7f292aef8000
28273 <... munmap resumed>)             = 0
28272 <... munmap resumed>)             = 0
28269 <... munmap resumed>)             = 0
28273 mmap(0x7f2919c78000, 16384, PROT_READ|PROT_WRITE, MAP_PRIVATE|MAP_FIXED|MAP_ANONYMOUS|MAP_NORESERVE, -1, 0 <unfinished ...>
28272 mmap(0x7f29225a8000, 16384, PROT_READ|PROT_WRITE, MAP_PRIVATE|MAP_FIXED|MAP_ANONYMOUS|MAP_NORESERVE, -1, 0 <unfinished ...>
28271 munmap(0x7f292e0d0000, 16384 <unfinished ...>
28273 <... mmap resumed>)               = 0x7f2919c78000
28272 <... mmap resumed>)               = 0x7f29225a8000
28269 mmap(0x7f2947b24000, 16384, PROT_READ|PROT_WRITE, MAP_PRIVATE|MAP_FIXED|MAP_ANONYMOUS|MAP_NORESERVE, -1, 0 <unfinished ...>
28273 munmap(0x7f29189c4000, 16384 <unfinished ...>
28272 munmap(0x7f29257f8000, 16384 <unfinished ...>
28271 <... munmap resumed>)             = 0
28273 <... munmap resumed>)             = 0
28272 <... munmap resumed>)             = 0
28269 <... mmap resumed>)               = 0x7f2947b24000
28273 mmap(0x7f29189c4000, 16384, PROT_READ|PROT_WRITE, MAP_PRIVATE|MAP_FIXED|MAP_ANONYMOUS|MAP_NORESERVE, -1, 0 <unfinished ...>
28272 mmap(0x7f29257f8000, 16384, PROT_READ|PROT_WRITE, MAP_PRIVATE|MAP_FIXED|MAP_ANONYMOUS|MAP_NORESERVE, -1, 0 <unfinished ...>
28271 mmap(0x7f292e0d0000, 16384, PROT_READ|PROT_WRITE, MAP_PRIVATE|MAP_FIXED|MAP_ANONYMOUS|MAP_NORESERVE, -1, 0 <unfinished ...>
28273 <... mmap resumed>)               = 0x7f29189c4000
28272 <... mmap resumed>)               = 0x7f29257f8000
28269 munmap(0x7f2948254000, 16384 <unfinished ...>
28273 munmap(0x7f291a268000, 16384 <unfinished ...>
28272 munmap(0x7f2928ea0000, 16384 <unfinished ...>
28271 <... mmap resumed>)               = 0x7f292e0d0000
28273 <... munmap resumed>)             = 0
28272 <... munmap resumed>)             = 0
28269 <... munmap resumed>)             = 0
28273 mmap(0x7f291a268000, 16384, PROT_READ|PROT_WRITE, MAP_PRIVATE|MAP_FIXED|MAP_ANONYMOUS|MAP_NORESERVE, -1, 0 <unfinished ...>
28272 mmap(0x7f2928ea0000, 16384, PROT_READ|PROT_WRITE, MAP_PRIVATE|MAP_FIXED|MAP_ANONYMOUS|MAP_NORESERVE, -1, 0 <unfinished ...>
28271 munmap(0x7f292ada8000, 16384 <unfinished ...>
28273 <... mmap resumed>)               = 0x7f291a268000
28272 <... mmap resumed>)               = 0x7f2928ea0000
28271 <... munmap resumed>)             = 0
28269 mmap(0x7f2948254000, 16384, PROT_READ|PROT_WRITE, MAP_PRIVATE|MAP_FIXED|MAP_ANONYMOUS|MAP_NORESERVE, -1, 0 <unfinished ...>
28273 munmap(0x7f291b26c000, 16384 <unfinished ...>
28272 munmap(0x7f2929a4c000, 16384 <unfinished ...>
28271 mmap(0x7f292ada8000, 16384, PROT_READ|PROT_WRITE, MAP_PRIVATE|MAP_FIXED|MAP_ANONYMOUS|MAP_NORESERVE, -1, 0 <unfinished ...>
28273 <... munmap resumed>)             = 0
28272 <... munmap resumed>)             = 0
28269 <... mmap resumed>)               = 0x7f2948254000
28273 mmap(0x7f291b26c000, 16384, PROT_READ|PROT_WRITE, MAP_PRIVATE|MAP_FIXED|MAP_ANONYMOUS|MAP_NORESERVE, -1, 0 <unfinished ...>
28272 mmap(0x7f2929a4c000, 16384, PROT_READ|PROT_WRITE, MAP_PRIVATE|MAP_FIXED|MAP_ANONYMOUS|MAP_NORESERVE, -1, 0 <unfinished ...>
28271 <... mmap resumed>)               = 0x7f292ada8000
28273 <... mmap resumed>)               = 0x7f291b26c000
28272 <... mmap resumed>)               = 0x7f2929a4c000
28271 munmap(0x7f292d380000, 16384 <unfinished ...>
28269 munmap(0x7f29499c4000, 16384 <unfinished ...>
28273 munmap(0x7f29166d8000, 16384 <unfinished ...>
28272 munmap(0x7f2920ea0000, 16384 <unfinished ...>
28271 <... munmap resumed>)             = 0
28273 <... munmap resumed>)             = 0
28272 <... munmap resumed>)             = 0
28269 <... munmap resumed>)             = 0
28273 mmap(0x7f29166d8000, 16384, PROT_READ|PROT_WRITE, MAP_PRIVATE|MAP_FIXED|MAP_ANONYMOUS|MAP_NORESERVE, -1, 0 <unfinished ...>
28272 mmap(0x7f2920ea0000, 16384, PROT_READ|PROT_WRITE, MAP_PRIVATE|MAP_FIXED|MAP_ANONYMOUS|MAP_NORESERVE, -1, 0 <unfinished ...>
28271 mmap(0x7f292d380000, 16384, PROT_READ|PROT_WRITE, MAP_PRIVATE|MAP_FIXED|MAP_ANONYMOUS|MAP_NORESERVE, -1, 0 <unfinished ...>
28273 <... mmap resumed>)               = 0x7f29166d8000
28272 <... mmap resumed>)               = 0x7f2920ea0000
28269 mmap(0x7f29499c4000, 16384, PROT_READ|PROT_WRITE, MAP_PRIVATE|MAP_FIXED|MAP_ANONYMOUS|MAP_NORESERVE, -1, 0 <unfinished ...>
28273 munmap(0x7f291f4f8000, 16384 <unfinished ...>
28272 munmap(0x7f2927e00000, 16384 <unfinished ...>
28271 <... mmap resumed>)               = 0x7f292d380000
28273 <... munmap resumed>)             = 0
28272 <... munmap resumed>)             = 0
28269 <... mmap resumed>)               = 0x7f29499c4000
28273 mmap(0x7f291f4f8000, 16384, PROT_READ|PROT_WRITE, MAP_PRIVATE|MAP_FIXED|MAP_ANONYMOUS|MAP_NORESERVE, -1, 0 <unfinished ...>
28272 mmap(0x7f2927e00000, 16384, PROT_READ|PROT_WRITE, MAP_PRIVATE|MAP_FIXED|MAP_ANONYMOUS|MAP_NORESERVE, -1, 0 <unfinished ...>
28271 munmap(0x7f2933ab0000, 16384 <unfinished ...>
28273 <... mmap resumed>)               = 0x7f291f4f8000
28272 <... mmap resumed>)               = 0x7f2927e00000
28269 munmap(0x7f294400c000, 16384 <unfinished ...>
28273 munmap(0x7f2919250000, 16384 <unfinished ...>
28272 munmap(0x7f2922e24000, 16384 <unfinished ...>
28271 <... munmap resumed>)             = 0
28273 <... munmap resumed>)             = 0
28272 <... munmap resumed>)             = 0
28269 <... munmap resumed>)             = 0
28273 mmap(0x7f2919250000, 16384, PROT_READ|PROT_WRITE, MAP_PRIVATE|MAP_FIXED|MAP_ANONYMOUS|MAP_NORESERVE, -1, 0 <unfinished ...>
28272 mmap(0x7f2922e24000, 16384, PROT_READ|PROT_WRITE, MAP_PRIVATE|MAP_FIXED|MAP_ANONYMOUS|MAP_NORESERVE, -1, 0 <unfinished ...>
28271 mmap(0x7f2933ab0000, 16384, PROT_READ|PROT_WRITE, MAP_PRIVATE|MAP_FIXED|MAP_ANONYMOUS|MAP_NORESERVE, -1, 0 <unfinished ...>
28273 <... mmap resumed>)               = 0x7f2919250000
28272 <... mmap resumed>)               = 0x7f2922e24000
28269 mmap(0x7f294400c000, 16384, PROT_READ|PROT_WRITE, MAP_PRIVATE|MAP_FIXED|MAP_ANONYMOUS|MAP_NORESERVE, -1, 0 <unfinished ...>
28273 munmap(0x7f291efa8000, 16384 <unfinished ...>
28272 munmap(0x7f2924174000, 16384 <unfinished ...>
28271 <... mmap resumed>)               = 0x7f2933ab0000
28273 <... munmap resumed>)             = 0
28272 <... munmap resumed>)             = 0
28269 <... mmap resumed>)               = 0x7f294400c000
28273 mmap(0x7f291efa8000, 16384, PROT_READ|PROT_WRITE, MAP_PRIVATE|MAP_FIXED|MAP_ANONYMOUS|MAP_NORESERVE, -1, 0 <unfinished ...>
28272 mmap(0x7f2924174000, 16384, PROT_READ|PROT_WRITE, MAP_PRIVATE|MAP_FIXED|MAP_ANONYMOUS|MAP_NORESERVE, -1, 0 <unfinished ...>
28271 munmap(0x7f292e4a0000, 16384 <unfinished ...>
28273 <... mmap resumed>)               = 0x7f291efa8000
28272 <... mmap resumed>)               = 0x7f2924174000
28269 munmap(0x7f29494b0000, 16384 <unfinished ...>
28273 munmap(0x7f2919b78000, 16384 <unfinished ...>
28272 munmap(0x7f2928a50000, 16384 <unfinished ...>
28271 <... munmap resumed>)             = 0
28273 <... munmap resumed>)             = 0
28272 <... munmap resumed>)             = 0
28269 <... munmap resumed>)             = 0
28273 mmap(0x7f2919b78000, 16384, PROT_READ|PROT_WRITE, MAP_PRIVATE|MAP_FIXED|MAP_ANONYMOUS|MAP_NORESERVE, -1, 0 <unfinished ...>
28272 mmap(0x7f2928a50000, 16384, PROT_READ|PROT_WRITE, MAP_PRIVATE|MAP_FIXED|MAP_ANONYMOUS|MAP_NORESERVE, -1, 0 <unfinished ...>
28271 mmap(0x7f292e4a0000, 16384, PROT_READ|PROT_WRITE, MAP_PRIVATE|MAP_FIXED|MAP_ANONYMOUS|MAP_NORESERVE, -1, 0 <unfinished ...>
28273 <... mmap resumed>)               = 0x7f2919b78000
28272 <... mmap resumed>)               = 0x7f2928a50000
28269 mmap(0x7f29494b0000, 16384, PROT_READ|PROT_WRITE, MAP_PRIVATE|MAP_FIXED|MAP_ANONYMOUS|MAP_NORESERVE, -1, 0 <unfinished ...>
28273 munmap(0x7f2916304000, 16384 <unfinished ...>
28272 munmap(0x7f2927e6c000, 16384 <unfinished ...>
28271 <... mmap resumed>)               = 0x7f292e4a0000
28273 <... munmap resumed>)             = 0
28272 <... munmap resumed>)             = 0
28269 <... mmap resumed>)               = 0x7f29494b0000
28273 mmap(0x7f2916304000, 16384, PROT_READ|PROT_WRITE, MAP_PRIVATE|MAP_FIXED|MAP_ANONYMOUS|MAP_NORESERVE, -1, 0 <unfinished ...>
28272 mmap(0x7f2927e6c000, 16384, PROT_READ|PROT_WRITE, MAP_PRIVATE|MAP_FIXED|MAP_ANONYMOUS|MAP_NORESERVE, -1, 0 <unfinished ...>
28271 munmap(0x7f292ca94000, 16384 <unfinished ...>
28273 <... mmap resumed>)               = 0x7f2916304000
28272 <... mmap resumed>)               = 0x7f2927e6c000
28269 munmap(0x7f2948ef0000, 16384 <unfinished ...>
28273 munmap(0x7f291d93c000, 16384 <unfinished ...>
28272 munmap(0x7f29228f0000, 16384 <unfinished ...>
28271 <... munmap resumed>)             = 0
28273 <... munmap resumed>)             = 0
28272 <... munmap resumed>)             = 0
28269 <... munmap resumed>)             = 0
28273 mmap(0x7f291d93c000, 16384, PROT_READ|PROT_WRITE, MAP_PRIVATE|MAP_FIXED|MAP_ANONYMOUS|MAP_NORESERVE, -1, 0 <unfinished ...>
28272 mmap(0x7f29228f0000, 16384, PROT_READ|PROT_WRITE, MAP_PRIVATE|MAP_FIXED|MAP_ANONYMOUS|MAP_NORESERVE, -1, 0 <unfinished ...>
28271 mmap(0x7f292ca94000, 16384, PROT_READ|PROT_WRITE, MAP_PRIVATE|MAP_FIXED|MAP_ANONYMOUS|MAP_NORESERVE, -1, 0 <unfinished ...>
28273 <... mmap resumed>)               = 0x7f291d93c000
28272 <... mmap resumed>)               = 0x7f29228f0000
28269 mmap(0x7f2948ef0000, 16384, PROT_READ|PROT_WRITE, MAP_PRIVATE|MAP_FIXED|MAP_ANONYMOUS|MAP_NORESERVE, -1, 0 <unfinished ...>
28273 munmap(0x7f291cac4000, 16384 <unfinished ...>
28272 munmap(0x7f29225a8000, 16384 <unfinished ...>
28271 <... mmap resumed>)               = 0x7f292ca94000
28273 <... munmap resumed>)             = 0
28272 <... munmap resumed>)             = 0
28269 <... mmap resumed>)               = 0x7f2948ef0000
28273 mmap(0x7f291cac4000, 16384, PROT_READ|PROT_WRITE, MAP_PRIVATE|MAP_FIXED|MAP_ANONYMOUS|MAP_NORESERVE, -1, 0 <unfinished ...>
28272 mmap(0x7f29225a8000, 16384, PROT_READ|PROT_WRITE, MAP_PRIVATE|MAP_FIXED|MAP_ANONYMOUS|MAP_NORESERVE, -1, 0 <unfinished ...>
28271 munmap(0x7f292de24000, 16384 <unfinished ...>
28273 <... mmap resumed>)               = 0x7f291cac4000
28272 <... mmap resumed>)               = 0x7f29225a8000
28269 munmap(0x7f2943cdc000, 16384 <unfinished ...>
28273 munmap(0x7f2916bc8000, 16384 <unfinished ...>
28272 munmap(0x7f2927fb4000, 16384 <unfinished ...>
28271 <... munmap resumed>)             = 0
28273 <... munmap resumed>)             = 0
28272 <... munmap resumed>)             = 0
28269 <... munmap resumed>)             = 0
28273 mmap(0x7f2916bc8000, 16384, PROT_READ|PROT_WRITE, MAP_PRIVATE|MAP_FIXED|MAP_ANONYMOUS|MAP_NORESERVE, -1, 0 <unfinished ...>
28272 mmap(0x7f2927fb4000, 16384, PROT_READ|PROT_WRITE, MAP_PRIVATE|MAP_FIXED|MAP_ANONYMOUS|MAP_NORESERVE, -1, 0 <unfinished ...>
28271 mmap(0x7f292de24000, 16384, PROT_READ|PROT_WRITE, MAP_PRIVATE|MAP_FIXED|MAP_ANONYMOUS|MAP_NORESERVE, -1, 0 <unfinished ...>
28273 <... mmap resumed>)               = 0x7f2916bc8000
28272 <... mmap resumed>)               = 0x7f2927fb4000
28269 mmap(0x7f2943cdc000, 16384, PROT_READ|PROT_WRITE, MAP_PRIVATE|MAP_FIXED|MAP_ANONYMOUS|MAP_NORESERVE, -1, 0 <unfinished ...>
28273 munmap(0x7f29173b8000, 16384 <unfinished ...>
28272 munmap(0x7f2927ab4000, 16384 <unfinished ...>
28271 <... mmap resumed>)               = 0x7f292de24000
28273 <... munmap resumed>)             = 0
28272 <... munmap resumed>)             = 0
28269 <... mmap resumed>)               = 0x7f2943cdc000
28273 mmap(0x7f29173b8000, 16384, PROT_READ|PROT_WRITE, MAP_PRIVATE|MAP_FIXED|MAP_ANONYMOUS|MAP_NORESERVE, -1, 0 <unfinished ...>
28272 mmap(0x7f2927ab4000, 16384, PROT_READ|PROT_WRITE, MAP_PRIVATE|MAP_FIXED|MAP_ANONYMOUS|MAP_NORESERVE, -1, 0 <unfinished ...>
28271 munmap(0x7f292f9b8000, 16384 <unfinished ...>
28273 <... mmap resumed>)               = 0x7f29173b8000
28272 <... mmap resumed>)               = 0x7f2927ab4000
28269 munmap(0x7f294602c000, 16384 <unfinished ...>
28273 munmap(0x7f291e118000, 16384 <unfinished ...>
28272 munmap(0x7f2926ffc000, 16384 <unfinished ...>
28271 <... munmap resumed>)             = 0
28273 <... munmap resumed>)             = 0
28272 <... munmap resumed>)             = 0
28269 <... munmap resumed>)             = 0
28273 mmap(0x7f291e118000, 16384, PROT_READ|PROT_WRITE, MAP_PRIVATE|MAP_FIXED|MAP_ANONYMOUS|MAP_NORESERVE, -1, 0 <unfinished ...>
28272 mmap(0x7f2926ffc000, 16384, PROT_READ|PROT_WRITE, MAP_PRIVATE|MAP_FIXED|MAP_ANONYMOUS|MAP_NORESERVE, -1, 0 <unfinished ...>
28271 mmap(0x7f292f9b8000, 16384, PROT_READ|PROT_WRITE, MAP_PRIVATE|MAP_FIXED|MAP_ANONYMOUS|MAP_NORESERVE, -1, 0 <unfinished ...>
28273 <... mmap resumed>)               = 0x7f291e118000
28272 <... mmap resumed>)               = 0x7f2926ffc000
28269 mmap(0x7f294602c000, 16384, PROT_READ|PROT_WRITE, MAP_PRIVATE|MAP_FIXED|MAP_ANONYMOUS|MAP_NORESERVE, -1, 0 <unfinished ...>
28273 munmap(0x7f291ffa8000, 16384 <unfinished ...>
28272 munmap(0x7f2929da4000, 16384 <unfinished ...>
28271 <... mmap resumed>)               = 0x7f292f9b8000
28273 <... munmap resumed>)             = 0
28272 <... munmap resumed>)             = 0
28269 <... mmap resumed>)               = 0x7f294602c000
28273 mmap(0x7f291ffa8000, 16384, PROT_READ|PROT_WRITE, MAP_PRIVATE|MAP_FIXED|MAP_ANONYMOUS|MAP_NORESERVE, -1, 0 <unfinished ...>
28272 mmap(0x7f2929da4000, 16384, PROT_READ|PROT_WRITE, MAP_PRIVATE|MAP_FIXED|MAP_ANONYMOUS|MAP_NORESERVE, -1, 0 <unfinished ...>
28271 munmap(0x7f292b068000, 16384 <unfinished ...>
28273 <... mmap resumed>)               = 0x7f291ffa8000
28272 <... mmap resumed>)               = 0x7f2929da4000
28269 munmap(0x7f2949e74000, 16384 <unfinished ...>
28273 munmap(0x7f29186d8000, 16384 <unfinished ...>
28272 munmap(0x7f2926dd0000, 16384 <unfinished ...>
28271 <... munmap resumed>)             = 0
28273 <... munmap resumed>)             = 0
28272 <... munmap resumed>)             = 0
28269 <... munmap resumed>)             = 0
28273 mmap(0x7f29186d8000, 16384, PROT_READ|PROT_WRITE, MAP_PRIVATE|MAP_FIXED|MAP_ANONYMOUS|MAP_NORESERVE, -1, 0 <unfinished ...>
28272 mmap(0x7f2926dd0000, 16384, PROT_READ|PROT_WRITE, MAP_PRIVATE|MAP_FIXED|MAP_ANONYMOUS|MAP_NORESERVE, -1, 0 <unfinished ...>
28271 mmap(0x7f292b068000, 16384, PROT_READ|PROT_WRITE, MAP_PRIVATE|MAP_FIXED|MAP_ANONYMOUS|MAP_NORESERVE, -1, 0 <unfinished ...>
28273 <... mmap resumed>)               = 0x7f29186d8000
28272 <... mmap resumed>)               = 0x7f2926dd0000
28269 mmap(0x7f2949e74000, 16384, PROT_READ|PROT_WRITE, MAP_PRIVATE|MAP_FIXED|MAP_ANONYMOUS|MAP_NORESERVE, -1, 0 <unfinished ...>
28273 munmap(0x7f291fee8000, 16384 <unfinished ...>
28272 munmap(0x7f2927398000, 16384 <unfinished ...>
28271 <... mmap resumed>)               = 0x7f292b068000
28273 <... munmap resumed>)             = 0
28272 <... munmap resumed>)             = 0
28269 <... mmap resumed>)               = 0x7f2949e74000
28273 mmap(0x7f291fee8000, 16384, PROT_READ|PROT_WRITE, MAP_PRIVATE|MAP_FIXED|MAP_ANONYMOUS|MAP_NORESERVE, -1, 0 <unfinished ...>
28272 mmap(0x7f2927398000, 16384, PROT_READ|PROT_WRITE, MAP_PRIVATE|MAP_FIXED|MAP_ANONYMOUS|MAP_NORESERVE, -1, 0 <unfinished ...>
28271 munmap(0x7f2931398000, 16384 <unfinished ...>
28273 <... mmap resumed>)               = 0x7f291fee8000
28272 <... mmap resumed>)               = 0x7f2927398000
28269 munmap(0x7f2947284000, 16384 <unfinished ...>
28273 munmap(0x7f29189f4000, 16384 <unfinished ...>
28272 munmap(0x7f29254b0000, 16384 <unfinished ...>
28271 <... munmap resumed>)             = 0
28273 <... munmap resumed>)             = 0
28272 <... munmap resumed>)             = 0
28269 <... munmap resumed>)             = 0
28273 mmap(0x7f29189f4000, 16384, PROT_READ|PROT_WRITE, MAP_PRIVATE|MAP_FIXED|MAP_ANONYMOUS|MAP_NORESERVE, -1, 0 <unfinished ...>
28272 mmap(0x7f29254b0000, 16384, PROT_READ|PROT_WRITE, MAP_PRIVATE|MAP_FIXED|MAP_ANONYMOUS|MAP_NORESERVE, -1, 0 <unfinished ...>
28271 mmap(0x7f2931398000, 16384, PROT_READ|PROT_WRITE, MAP_PRIVATE|MAP_FIXED|MAP_ANONYMOUS|MAP_NORESERVE, -1, 0 <unfinished ...>
28273 <... mmap resumed>)               = 0x7f29189f4000
28272 <... mmap resumed>)               = 0x7f29254b0000
28269 mmap(0x7f2947284000, 16384, PROT_READ|PROT_WRITE, MAP_PRIVATE|MAP_FIXED|MAP_ANONYMOUS|MAP_NORESERVE, -1, 0 <unfinished ...>
28273 munmap(0x7f291d5b8000, 16384 <unfinished ...>
28272 munmap(0x7f2922c84000, 16384 <unfinished ...>
28271 <... mmap resumed>)               = 0x7f2931398000
28273 <... munmap resumed>)             = 0
28272 <... munmap resumed>)             = 0
28271 munmap(0x7f292d734000, 16384 <unfinished ...>
28269 <... mmap resumed>)               = 0x7f2947284000
28273 mmap(0x7f291d5b8000, 16384, PROT_READ|PROT_WRITE, MAP_PRIVATE|MAP_FIXED|MAP_ANONYMOUS|MAP_NORESERVE, -1, 0 <unfinished ...>
28272 mmap(0x7f2922c84000, 16384, PROT_READ|PROT_WRITE, MAP_PRIVATE|MAP_FIXED|MAP_ANONYMOUS|MAP_NORESERVE, -1, 0 <unfinished ...>
28271 <... munmap resumed>)             = 0
28273 <... mmap resumed>)               = 0x7f291d5b8000
28272 <... mmap resumed>)               = 0x7f2922c84000
28269 munmap(0x7f29495fc000, 16384 <unfinished ...>
28273 munmap(0x7f291e124000, 16384 <unfinished ...>
28272 munmap(0x7f2928ee4000, 16384 <unfinished ...>
28271 mmap(0x7f292d734000, 16384, PROT_READ|PROT_WRITE, MAP_PRIVATE|MAP_FIXED|MAP_ANONYMOUS|MAP_NORESERVE, -1, 0 <unfinished ...>
28273 <... munmap resumed>)             = 0
28272 <... munmap resumed>)             = 0
28269 <... munmap resumed>)             = 0
28273 mmap(0x7f291e124000, 16384, PROT_READ|PROT_WRITE, MAP_PRIVATE|MAP_FIXED|MAP_ANONYMOUS|MAP_NORESERVE, -1, 0 <unfinished ...>
28272 mmap(0x7f2928ee4000, 16384, PROT_READ|PROT_WRITE, MAP_PRIVATE|MAP_FIXED|MAP_ANONYMOUS|MAP_NORESERVE, -1, 0 <unfinished ...>
28271 <... mmap resumed>)               = 0x7f292d734000
28273 <... mmap resumed>)               = 0x7f291e124000
28272 <... mmap resumed>)               = 0x7f2928ee4000
28269 mmap(0x7f29495fc000, 16384, PROT_READ|PROT_WRITE, MAP_PRIVATE|MAP_FIXED|MAP_ANONYMOUS|MAP_NORESERVE, -1, 0 <unfinished ...>
28273 munmap(0x7f2919a00000, 16384 <unfinished ...>
28272 munmap(0x7f29261a4000, 16384 <unfinished ...>
28271 munmap(0x7f292d004000, 16384 <unfinished ...>
28273 <... munmap resumed>)             = 0
28272 <... munmap resumed>)             = 0
28269 <... mmap resumed>)               = 0x7f29495fc000
28273 mmap(0x7f2919a00000, 16384, PROT_READ|PROT_WRITE, MAP_PRIVATE|MAP_FIXED|MAP_ANONYMOUS|MAP_NORESERVE, -1, 0 <unfinished ...>
28272 mmap(0x7f29261a4000, 16384, PROT_READ|PROT_WRITE, MAP_PRIVATE|MAP_FIXED|MAP_ANONYMOUS|MAP_NORESERVE, -1, 0 <unfinished ...>
28271 <... munmap resumed>)             = 0
28273 <... mmap resumed>)               = 0x7f2919a00000
28272 <... mmap resumed>)               = 0x7f29261a4000
28269 munmap(0x7f294a6d0000, 16384 <unfinished ...>
28273 munmap(0x7f2919108000, 16384 <unfinished ...>
28272 munmap(0x7f2923930000, 16384 <unfinished ...>
28271 mmap(0x7f292d004000, 16384, PROT_READ|PROT_WRITE, MAP_PRIVATE|MAP_FIXED|MAP_ANONYMOUS|MAP_NORESERVE, -1, 0 <unfinished ...>
28273 <... munmap resumed>)             = 0
28272 <... munmap resumed>)             = 0
28269 <... munmap resumed>)             = 0
28273 mmap(0x7f2919108000, 16384, PROT_READ|PROT_WRITE, MAP_PRIVATE|MAP_FIXED|MAP_ANONYMOUS|MAP_NORESERVE, -1, 0 <unfinished ...>
28272 mmap(0x7f2923930000, 16384, PROT_READ|PROT_WRITE, MAP_PRIVATE|MAP_FIXED|MAP_ANONYMOUS|MAP_NORESERVE, -1, 0 <unfinished ...>
28271 <... mmap resumed>)               = 0x7f292d004000
28273 <... mmap resumed>)               = 0x7f2919108000
28272 <... mmap resumed>)               = 0x7f2923930000
28269 mmap(0x7f294a6d0000, 16384, PROT_READ|PROT_WRITE, MAP_PRIVATE|MAP_FIXED|MAP_ANONYMOUS|MAP_NORESERVE, -1, 0 <unfinished ...>
28273 munmap(0x7f291acc4000, 16384 <unfinished ...>
28272 munmap(0x7f2921960000, 16384 <unfinished ...>
28271 munmap(0x7f292a61c000, 16384 <unfinished ...>
28273 <... munmap resumed>)             = 0
28272 <... munmap resumed>)             = 0
28269 <... mmap resumed>)               = 0x7f294a6d0000
28273 mmap(0x7f291acc4000, 16384, PROT_READ|PROT_WRITE, MAP_PRIVATE|MAP_FIXED|MAP_ANONYMOUS|MAP_NORESERVE, -1, 0 <unfinished ...>
28272 mmap(0x7f2921960000, 16384, PROT_READ|PROT_WRITE, MAP_PRIVATE|MAP_FIXED|MAP_ANONYMOUS|MAP_NORESERVE, -1, 0 <unfinished ...>
28271 <... munmap resumed>)             = 0
28273 <... mmap resumed>)               = 0x7f291acc4000
28272 <... mmap resumed>)               = 0x7f2921960000
28269 munmap(0x7f29420ac000, 16384 <unfinished ...>
28273 munmap(0x7f2917d38000, 16384 <unfinished ...>
28272 munmap(0x7f2928ea4000, 16384 <unfinished ...>
28271 mmap(0x7f292a61c000, 16384, PROT_READ|PROT_WRITE, MAP_PRIVATE|MAP_FIXED|MAP_ANONYMOUS|MAP_NORESERVE, -1, 0 <unfinished ...>
28273 <... munmap resumed>)             = 0
28272 <... munmap resumed>)             = 0
28269 <... munmap resumed>)             = 0
28273 mmap(0x7f2917d38000, 16384, PROT_READ|PROT_WRITE, MAP_PRIVATE|MAP_FIXED|MAP_ANONYMOUS|MAP_NORESERVE, -1, 0 <unfinished ...>
28272 mmap(0x7f2928ea4000, 16384, PROT_READ|PROT_WRITE, MAP_PRIVATE|MAP_FIXED|MAP_ANONYMOUS|MAP_NORESERVE, -1, 0 <unfinished ...>
28271 <... mmap resumed>)               = 0x7f292a61c000
28273 <... mmap resumed>)               = 0x7f2917d38000
28272 <... mmap resumed>)               = 0x7f2928ea4000
28269 mmap(0x7f29420ac000, 16384, PROT_READ|PROT_WRITE, MAP_PRIVATE|MAP_FIXED|MAP_ANONYMOUS|MAP_NORESERVE, -1, 0 <unfinished ...>
28273 munmap(0x7f291c9e4000, 16384 <unfinished ...>
28272 munmap(0x7f2925ad4000, 16384 <unfinished ...>
28271 munmap(0x7f292c4fc000, 16384 <unfinished ...>
28273 <... munmap resumed>)             = 0
28272 <... munmap resumed>)             = 0
28269 <... mmap resumed>)               = 0x7f29420ac000
28273 mmap(0x7f291c9e4000, 16384, PROT_READ|PROT_WRITE, MAP_PRIVATE|MAP_FIXED|MAP_ANONYMOUS|MAP_NORESERVE, -1, 0 <unfinished ...>
28272 mmap(0x7f2925ad4000, 16384, PROT_READ|PROT_WRITE, MAP_PRIVATE|MAP_FIXED|MAP_ANONYMOUS|MAP_NORESERVE, -1, 0 <unfinished ...>
28271 <... munmap resumed>)             = 0
28269 munmap(0x7f2945bb0000, 16384 <unfinished ...>
28273 <... mmap resumed>)               = 0x7f291c9e4000
28272 <... mmap resumed>)               = 0x7f2925ad4000
28271 mmap(0x7f292c4fc000, 16384, PROT_READ|PROT_WRITE, MAP_PRIVATE|MAP_FIXED|MAP_ANONYMOUS|MAP_NORESERVE, -1, 0 <unfinished ...>
28269 <... munmap resumed>)             = 0
28273 munmap(0x7f291c6f0000, 16384 <unfinished ...>
28272 munmap(0x7f29206d4000, 16384 <unfinished ...>
28271 <... mmap resumed>)               = 0x7f292c4fc000
28273 <... munmap resumed>)             = 0
28272 <... munmap resumed>)             = 0
28269 mmap(0x7f2945bb0000, 16384, PROT_READ|PROT_WRITE, MAP_PRIVATE|MAP_FIXED|MAP_ANONYMOUS|MAP_NORESERVE, -1, 0 <unfinished ...>
28273 mmap(0x7f291c6f0000, 16384, PROT_READ|PROT_WRITE, MAP_PRIVATE|MAP_FIXED|MAP_ANONYMOUS|MAP_NORESERVE, -1, 0 <unfinished ...>
28272 mmap(0x7f29206d4000, 16384, PROT_READ|PROT_WRITE, MAP_PRIVATE|MAP_FIXED|MAP_ANONYMOUS|MAP_NORESERVE, -1, 0 <unfinished ...>
28271 munmap(0x7f2930408000, 16384 <unfinished ...>
28273 <... mmap resumed>)               = 0x7f291c6f0000
28272 <... mmap resumed>)               = 0x7f29206d4000
28269 <... mmap resumed>)               = 0x7f2945bb0000
28273 munmap(0x7f2918c28000, 16384 <unfinished ...>
28272 munmap(0x7f2923fd4000, 16384 <unfinished ...>
28271 <... munmap resumed>)             = 0
28273 <... munmap resumed>)             = 0
28272 <... munmap resumed>)             = 0
28269 munmap(0x7f2945fe0000, 16384 <unfinished ...>
28273 mmap(0x7f2918c28000, 16384, PROT_READ|PROT_WRITE, MAP_PRIVATE|MAP_FIXED|MAP_ANONYMOUS|MAP_NORESERVE, -1, 0 <unfinished ...>
28272 mmap(0x7f2923fd4000, 16384, PROT_READ|PROT_WRITE, MAP_PRIVATE|MAP_FIXED|MAP_ANONYMOUS|MAP_NORESERVE, -1, 0 <unfinished ...>
28271 mmap(0x7f2930408000, 16384, PROT_READ|PROT_WRITE, MAP_PRIVATE|MAP_FIXED|MAP_ANONYMOUS|MAP_NORESERVE, -1, 0 <unfinished ...>
28273 <... mmap resumed>)               = 0x7f2918c28000
28272 <... mmap resumed>)               = 0x7f2923fd4000
28269 <... munmap resumed>)             = 0
28273 munmap(0x7f291b6b4000, 16384 <unfinished ...>
28272 munmap(0x7f2921c50000, 16384 <unfinished ...>
28271 <... mmap resumed>)               = 0x7f2930408000
28273 <... munmap resumed>)             = 0
28272 <... munmap resumed>)             = 0
28269 mmap(0x7f2945fe0000, 16384, PROT_READ|PROT_WRITE, MAP_PRIVATE|MAP_FIXED|MAP_ANONYMOUS|MAP_NORESERVE, -1, 0 <unfinished ...>
28273 mmap(0x7f291b6b4000, 16384, PROT_READ|PROT_WRITE, MAP_PRIVATE|MAP_FIXED|MAP_ANONYMOUS|MAP_NORESERVE, -1, 0 <unfinished ...>
28272 mmap(0x7f2921c50000, 16384, PROT_READ|PROT_WRITE, MAP_PRIVATE|MAP_FIXED|MAP_ANONYMOUS|MAP_NORESERVE, -1, 0 <unfinished ...>
28271 munmap(0x7f292c944000, 16384 <unfinished ...>
28273 <... mmap resumed>)               = 0x7f291b6b4000
28272 <... mmap resumed>)               = 0x7f2921c50000
28269 <... mmap resumed>)               = 0x7f2945fe0000
28273 munmap(0x7f29189f0000, 16384 <unfinished ...>
28272 munmap(0x7f29255ac000, 16384 <unfinished ...>
28271 <... munmap resumed>)             = 0
28273 <... munmap resumed>)             = 0
28272 <... munmap resumed>)             = 0
28269 munmap(0x7f294b9c8000, 16384 <unfinished ...>
28273 mmap(0x7f29189f0000, 16384, PROT_READ|PROT_WRITE, MAP_PRIVATE|MAP_FIXED|MAP_ANONYMOUS|MAP_NORESERVE, -1, 0 <unfinished ...>
28272 mmap(0x7f29255ac000, 16384, PROT_READ|PROT_WRITE, MAP_PRIVATE|MAP_FIXED|MAP_ANONYMOUS|MAP_NORESERVE, -1, 0 <unfinished ...>
28271 mmap(0x7f292c944000, 16384, PROT_READ|PROT_WRITE, MAP_PRIVATE|MAP_FIXED|MAP_ANONYMOUS|MAP_NORESERVE, -1, 0 <unfinished ...>
28273 <... mmap resumed>)               = 0x7f29189f0000
28272 <... mmap resumed>)               = 0x7f29255ac000
28269 <... munmap resumed>)             = 0
28273 munmap(0x7f291e528000, 16384 <unfinished ...>
28272 munmap(0x7f29256ec000, 16384 <unfinished ...>
28271 <... mmap resumed>)               = 0x7f292c944000
28269 mmap(0x7f294b9c8000, 16384, PROT_READ|PROT_WRITE, MAP_PRIVATE|MAP_FIXED|MAP_ANONYMOUS|MAP_NORESERVE, -1, 0 <unfinished ...>
28273 <... munmap resumed>)             = 0
28272 <... munmap resumed>)             = 0
28271 munmap(0x7f292e6d0000, 16384 <unfinished ...>
28273 mmap(0x7f291e528000, 16384, PROT_READ|PROT_WRITE, MAP_PRIVATE|MAP_FIXED|MAP_ANONYMOUS|MAP_NORESERVE, -1, 0 <unfinished ...>
28272 mmap(0x7f29256ec000, 16384, PROT_READ|PROT_WRITE, MAP_PRIVATE|MAP_FIXED|MAP_ANONYMOUS|MAP_NORESERVE, -1, 0 <unfinished ...>
28269 <... mmap resumed>)               = 0x7f294b9c8000
28273 <... mmap resumed>)               = 0x7f291e528000
28272 <... mmap resumed>)               = 0x7f29256ec000
28271 <... munmap resumed>)             = 0
28273 futex(0x7ffef41cf304, FUTEX_WAIT_PRIVATE, 0, NULL <unfinished ...>
28272 futex(0x7ffef41cf304, FUTEX_WAIT_PRIVATE, 0, NULL <unfinished ...>
28269 futex(0x7ffef41cf304, FUTEX_WAIT_PRIVATE, 0, NULL <unfinished ...>
28271 mmap(0x7f292e6d0000, 16384, PROT_READ|PROT_WRITE, MAP_PRIVATE|MAP_FIXED|MAP_ANONYMOUS|MAP_NORESERVE, -1, 0) = 0x7f292e6d0000
28271 futex(0x7ffef41cf304, FUTEX_WAKE_PRIVATE, 2147483647 <unfinished ...>
28265 <... futex resumed>)              = 0
28273 <... futex resumed>)              = 0
28271 <... futex resumed>)              = 4
28269 <... futex resumed>)              = 0
28265 futex(0x7f2953351910, FUTEX_WAIT_BITSET|FUTEX_CLOCK_REALTIME, 28269, NULL, FUTEX_BITSET_MATCH_ANY <unfinished ...>
28273 rt_sigprocmask(SIG_BLOCK, ~[RT_1],  <unfinished ...>
28272 <... futex resumed>)              = 0
28271 rt_sigprocmask(SIG_BLOCK, ~[RT_1],  <unfinished ...>
28273 <... rt_sigprocmask resumed>NULL, 8) = 0
28272 rt_sigprocmask(SIG_BLOCK, ~[RT_1],  <unfinished ...>
28271 <... rt_sigprocmask resumed>NULL, 8) = 0
28269 rt_sigprocmask(SIG_BLOCK, ~[RT_1],  <unfinished ...>
28273 madvise(0x7f295134e000, 8372224, MADV_DONTNEED <unfinished ...>
28272 <... rt_sigprocmask resumed>NULL, 8) = 0
28271 madvise(0x7f2952350000, 8372224, MADV_DONTNEED <unfinished ...>
28273 <... madvise resumed>)            = 0
28272 madvise(0x7f2951b4f000, 8372224, MADV_DONTNEED <unfinished ...>
28269 <... rt_sigprocmask resumed>NULL, 8) = 0
28273 exit(0 <unfinished ...>
28272 <... madvise resumed>)            = 0
28271 <... madvise resumed>)            = 0
28273 <... exit resumed>)               = ?
28272 exit(0 <unfinished ...>
28269 madvise(0x7f2952b51000, 8372224, MADV_DONTNEED <unfinished ...>
28272 <... exit resumed>)               = ?
28271 exit(0 <unfinished ...>
28269 <... madvise resumed>)            = 0
28271 <... exit resumed>)               = ?
28269 exit(0)                           = ?
28265 <... futex resumed>)              = 0
28265 openat(AT_FDCWD, "/proc/self/statm", O_RDONLY) = 3
28265 newfstatat(3, "", {st_mode=S_IFREG|0444, st_size=0, ...}, AT_EMPTY_PATH) = 0
28265 read(3, "237924 124 89 199 0 172239 0\n", 1024) = 29
28265 write(2, "mmbench: peak RSS ~0 MB\n", 24) = 24
28265 close(3)                          = 0
28265 uname({sysname="Linux", nodename="syzkaller", ...}) = 0
28265 uname({sysname="Linux", nodename="syzkaller", ...}) = 0
28265 newfstatat(1, "", {st_mode=S_IFCHR|0666, st_rdev=makedev(0x1, 0x3), ...}, AT_EMPTY_PATH) = 0
28265 ioctl(1, TCGETS, 0x7ffef41cea00)  = -1 ENOTTY (Inappropriate ioctl for device)
28265 write(1, "{\"bench\":\"unmap-virt\",\"contention\":\"low\",\"threads\":4,\"ops\":138,\"elapsed_s\":1.038,\"ops_per_us\":6."..., 193) = 193
28265 exit_group(0)                     = ?
