29527 execve("/mnt/cortenmm/bench/mmbench/mmbench", ["/mnt/cortenmm/bench/mmbench/mmbench", "unmap-virt", "high", "16", "1", "20264150"], 0x7ffd97aae358 /* 28 vars */) = 0
29527 arch_prctl(0x3001 /* ARCH_??? */, 0x7ffd16ac01e0) = -1 EINVAL (Invalid argument)
29527 brk(NULL)                         = 0x26399000
29527 brk(0x26399dc0)                   = 0x26399dc0
29527 arch_prctl(ARCH_SET_FS, 0x263993c0) = 0
29527 set_tid_address(0x26399690)       = 29527
29527 set_robust_list(0x263996a0, 24)   = 0
29527 rseq(0x26399d60, 0x20, 0, 0x53053053) = 0
29527 uname({sysname="Linux", nodename="syzkaller", ...}) = 0
29527 prlimit64(0, RLIMIT_STACK, NULL, {rlim_cur=8192*1024, rlim_max=RLIM64_INFINITY}) = 0
29527 readlink("/proc/self/exe", "/mnt/cortenmm/bench/mmbench/mmbench", 4096) = 35
29527 getrandom("\xaf\xb4\x33\x0b\x43\x44\x31\x13", 8, GRND_NONBLOCK) = 8
29527 brk(0x263badc0)                   = 0x263badc0
29527 brk(0x263bb000)                   = 0x263bb000
29527 mprotect(0x4f6000, 16384, PROT_READ) = 0
29527 write(2, "mmbench: bench=unmap-virt contention=high threads=16 arena=1024 MB (shared)\n", 76) = 76
29527 prlimit64(0, RLIMIT_AS, NULL, {rlim_cur=RLIM64_INFINITY, rlim_max=RLIM64_INFINITY}) = 0
29527 mmap(NULL, 1073741824, PROT_READ|PROT_WRITE, MAP_PRIVATE|MAP_ANONYMOUS|MAP_NORESERVE, -1, 0) = 0x7fcad63e0000
29527 write(2, "mmbench: shared arena 1024 MB, 65536 chunks, bitmap 65536 B\n", 60) = 60
29527 rt_sigaction(SIGRT_1, {sa_handler=0x497070, sa_mask=[], sa_flags=SA_RESTORER|SA_ONSTACK|SA_RESTART|SA_SIGINFO, sa_restorer=0x47db20}, NULL, 8) = 0
29527 rt_sigprocmask(SIG_UNBLOCK, [RTMIN RT_1], NULL, 8) = 0
29527 mmap(NULL, 8392704, PROT_NONE, MAP_PRIVATE|MAP_ANONYMOUS|MAP_STACK, -1, 0) = 0x7fcad5bdf000
29527 mprotect(0x7fcad5be0000, 8388608, PROT_READ|PROT_WRITE) = 0
29527 rt_sigprocmask(SIG_BLOCK, ~[], [], 8) = 0
29527 clone3({flags=CLONE_VM|CLONE_FS|CLONE_FILES|CLONE_SIGHAND|CLONE_THREAD|CLONE_SYSVSEM|CLONE_SETTLS|CLONE_PARENT_SETTID|CLONE_CHILD_CLEARTID, child_tid=0x7fcad63df910, parent_tid=0x7fcad63df910, exit_signal=0, stack=0x7fcad5bdf000, stack_size=0x800280, tls=0x7fcad63df640} => {parent_tid=[29530]}, 88) = 29530
29530 rseq(0x7fcad63dffe0, 0x20, 0, 0x53053053 <unfinished ...>
29527 rt_sigprocmask(SIG_SETMASK, [],  <unfinished ...>
29530 <... rseq resumed>)               = 0
29527 <... rt_sigprocmask resumed>NULL, 8) = 0
29530 set_robust_list(0x7fcad63df920, 24 <unfinished ...>
29527 mmap(NULL, 8392704, PROT_NONE, MAP_PRIVATE|MAP_ANONYMOUS|MAP_STACK, -1, 0 <unfinished ...>
29530 <... set_robust_list resumed>)    = 0
29527 <... mmap resumed>)               = 0x7fcad53de000
29530 rt_sigprocmask(SIG_SETMASK, [],  <unfinished ...>
29527 mprotect(0x7fcad53df000, 8388608, PROT_READ|PROT_WRITE <unfinished ...>
29530 <... rt_sigprocmask resumed>NULL, 8) = 0
29527 <... mprotect resumed>)           = 0
29527 rt_sigprocmask(SIG_BLOCK, ~[],  <unfinished ...>
29530 futex(0x7ffd16abf984, FUTEX_WAIT_PRIVATE, 0, NULL <unfinished ...>
29527 <... rt_sigprocmask resumed>[], 8) = 0
29527 clone3({flags=CLONE_VM|CLONE_FS|CLONE_FILES|CLONE_SIGHAND|CLONE_THREAD|CLONE_SYSVSEM|CLONE_SETTLS|CLONE_PARENT_SETTID|CLONE_CHILD_CLEARTID, child_tid=0x7fcad5bde910, parent_tid=0x7fcad5bde910, exit_signal=0, stack=0x7fcad53de000, stack_size=0x800280, tls=0x7fcad5bde640} => {parent_tid=[29531]}, 88) = 29531
29531 rseq(0x7fcad5bdefe0, 0x20, 0, 0x53053053 <unfinished ...>
29527 rt_sigprocmask(SIG_SETMASK, [],  <unfinished ...>
29531 <... rseq resumed>)               = 0
29527 <... rt_sigprocmask resumed>NULL, 8) = 0
29531 set_robust_list(0x7fcad5bde920, 24 <unfinished ...>
29527 mmap(NULL, 8392704, PROT_NONE, MAP_PRIVATE|MAP_ANONYMOUS|MAP_STACK, -1, 0 <unfinished ...>
29531 <... set_robust_list resumed>)    = 0
29527 <... mmap resumed>)               = 0x7fcad4bdd000
29531 rt_sigprocmask(SIG_SETMASK, [],  <unfinished ...>
29527 mprotect(0x7fcad4bde000, 8388608, PROT_READ|PROT_WRITE <unfinished ...>
29531 <... rt_sigprocmask resumed>NULL, 8) = 0
29527 <... mprotect resumed>)           = 0
29531 futex(0x7ffd16abf984, FUTEX_WAIT_PRIVATE, 0, NULL <unfinished ...>
29527 rt_sigprocmask(SIG_BLOCK, ~[], [], 8) = 0
29527 clone3({flags=CLONE_VM|CLONE_FS|CLONE_FILES|CLONE_SIGHAND|CLONE_THREAD|CLONE_SYSVSEM|CLONE_SETTLS|CLONE_PARENT_SETTID|CLONE_CHILD_CLEARTID, child_tid=0x7fcad53dd910, parent_tid=0x7fcad53dd910, exit_signal=0, stack=0x7fcad4bdd000, stack_size=0x800280, tls=0x7fcad53dd640} => {parent_tid=[29532]}, 88) = 29532
29532 rseq(0x7fcad53ddfe0, 0x20, 0, 0x53053053 <unfinished ...>
29527 rt_sigprocmask(SIG_SETMASK, [],  <unfinished ...>
29532 <... rseq resumed>)               = 0
29527 <... rt_sigprocmask resumed>NULL, 8) = 0
29532 set_robust_list(0x7fcad53dd920, 24 <unfinished ...>
29527 mmap(NULL, 8392704, PROT_NONE, MAP_PRIVATE|MAP_ANONYMOUS|MAP_STACK, -1, 0 <unfinished ...>
29532 <... set_robust_list resumed>)    = 0
29527 <... mmap resumed>)               = 0x7fcad43dc000
29527 mprotect(0x7fcad43dd000, 8388608, PROT_READ|PROT_WRITE <unfinished ...>
29532 rt_sigprocmask(SIG_SETMASK, [],  <unfinished ...>
29527 <... mprotect resumed>)           = 0
29532 <... rt_sigprocmask resumed>NULL, 8) = 0
29527 rt_sigprocmask(SIG_BLOCK, ~[],  <unfinished ...>
29532 futex(0x7ffd16abf984, FUTEX_WAIT_PRIVATE, 0, NULL <unfinished ...>
29527 <... rt_sigprocmask resumed>[], 8) = 0
29527 clone3({flags=CLONE_VM|CLONE_FS|CLONE_FILES|CLONE_SIGHAND|CLONE_THREAD|CLONE_SYSVSEM|CLONE_SETTLS|CLONE_PARENT_SETTID|CLONE_CHILD_CLEARTID, child_tid=0x7fcad4bdc910, parent_tid=0x7fcad4bdc910, exit_signal=0, stack=0x7fcad43dc000, stack_size=0x800280, tls=0x7fcad4bdc640} => {parent_tid=[29535]}, 88) = 29535
29535 rseq(0x7fcad4bdcfe0, 0x20, 0, 0x53053053 <unfinished ...>
29527 rt_sigprocmask(SIG_SETMASK, [],  <unfinished ...>
29535 <... rseq resumed>)               = 0
29527 <... rt_sigprocmask resumed>NULL, 8) = 0
29535 set_robust_list(0x7fcad4bdc920, 24 <unfinished ...>
29527 mmap(NULL, 8392704, PROT_NONE, MAP_PRIVATE|MAP_ANONYMOUS|MAP_STACK, -1, 0 <unfinished ...>
29535 <... set_robust_list resumed>)    = 0
29527 <... mmap resumed>)               = 0x7fcad3bdb000
29535 rt_sigprocmask(SIG_SETMASK, [],  <unfinished ...>
29527 mprotect(0x7fcad3bdc000, 8388608, PROT_READ|PROT_WRITE <unfinished ...>
29535 <... rt_sigprocmask resumed>NULL, 8) = 0
29527 <... mprotect resumed>)           = 0
29535 futex(0x7ffd16abf984, FUTEX_WAIT_PRIVATE, 0, NULL <unfinished ...>
29527 rt_sigprocmask(SIG_BLOCK, ~[], [], 8) = 0
29527 clone3({flags=CLONE_VM|CLONE_FS|CLONE_FILES|CLONE_SIGHAND|CLONE_THREAD|CLONE_SYSVSEM|CLONE_SETTLS|CLONE_PARENT_SETTID|CLONE_CHILD_CLEARTID, child_tid=0x7fcad43db910, parent_tid=0x7fcad43db910, exit_signal=0, stack=0x7fcad3bdb000, stack_size=0x800280, tls=0x7fcad43db640} => {parent_tid=[29536]}, 88) = 29536
29536 rseq(0x7fcad43dbfe0, 0x20, 0, 0x53053053 <unfinished ...>
29527 rt_sigprocmask(SIG_SETMASK, [],  <unfinished ...>
29536 <... rseq resumed>)               = 0
29527 <... rt_sigprocmask resumed>NULL, 8) = 0
29536 set_robust_list(0x7fcad43db920, 24) = 0
29527 mmap(NULL, 8392704, PROT_NONE, MAP_PRIVATE|MAP_ANONYMOUS|MAP_STACK, -1, 0 <unfinished ...>
29536 rt_sigprocmask(SIG_SETMASK, [],  <unfinished ...>
29527 <... mmap resumed>)               = 0x7fcad33da000
29536 <... rt_sigprocmask resumed>NULL, 8) = 0
29527 mprotect(0x7fcad33db000, 8388608, PROT_READ|PROT_WRITE <unfinished ...>
29536 futex(0x7ffd16abf984, FUTEX_WAIT_PRIVATE, 0, NULL <unfinished ...>
29527 <... mprotect resumed>)           = 0
29527 rt_sigprocmask(SIG_BLOCK, ~[], [], 8) = 0
29527 clone3({flags=CLONE_VM|CLONE_FS|CLONE_FILES|CLONE_SIGHAND|CLONE_THREAD|CLONE_SYSVSEM|CLONE_SETTLS|CLONE_PARENT_SETTID|CLONE_CHILD_CLEARTID, child_tid=0x7fcad3bda910, parent_tid=0x7fcad3bda910, exit_signal=0, stack=0x7fcad33da000, stack_size=0x800280, tls=0x7fcad3bda640} => {parent_tid=[29537]}, 88) = 29537
29527 rt_sigprocmask(SIG_SETMASK, [],  <unfinished ...>
29537 rseq(0x7fcad3bdafe0, 0x20, 0, 0x53053053 <unfinished ...>
29527 <... rt_sigprocmask resumed>NULL, 8) = 0
29537 <... rseq resumed>)               = 0
29527 mmap(NULL, 8392704, PROT_NONE, MAP_PRIVATE|MAP_ANONYMOUS|MAP_STACK, -1, 0 <unfinished ...>
29537 set_robust_list(0x7fcad3bda920, 24 <unfinished ...>
29527 <... mmap resumed>)               = 0x7fcad2bd9000
29537 <... set_robust_list resumed>)    = 0
29527 mprotect(0x7fcad2bda000, 8388608, PROT_READ|PROT_WRITE <unfinished ...>
29537 rt_sigprocmask(SIG_SETMASK, [],  <unfinished ...>
29527 <... mprotect resumed>)           = 0
29537 <... rt_sigprocmask resumed>NULL, 8) = 0
29527 rt_sigprocmask(SIG_BLOCK, ~[],  <unfinished ...>
29537 futex(0x7ffd16abf984, FUTEX_WAIT_PRIVATE, 0, NULL <unfinished ...>
29527 <... rt_sigprocmask resumed>[], 8) = 0
29527 clone3({flags=CLONE_VM|CLONE_FS|CLONE_FILES|CLONE_SIGHAND|CLONE_THREAD|CLONE_SYSVSEM|CLONE_SETTLS|CLONE_PARENT_SETTID|CLONE_CHILD_CLEARTID, child_tid=0x7fcad33d9910, parent_tid=0x7fcad33d9910, exit_signal=0, stack=0x7fcad2bd9000, stack_size=0x800280, tls=0x7fcad33d9640} => {parent_tid=[29538]}, 88) = 29538
29527 rt_sigprocmask(SIG_SETMASK, [],  <unfinished ...>
29538 rseq(0x7fcad33d9fe0, 0x20, 0, 0x53053053 <unfinished ...>
29527 <... rt_sigprocmask resumed>NULL, 8) = 0
29538 <... rseq resumed>)               = 0
29527 mmap(NULL, 8392704, PROT_NONE, MAP_PRIVATE|MAP_ANONYMOUS|MAP_STACK, -1, 0 <unfinished ...>
29538 set_robust_list(0x7fcad33d9920, 24 <unfinished ...>
29527 <... mmap resumed>)               = 0x7fcad23d8000
29538 <... set_robust_list resumed>)    = 0
29527 mprotect(0x7fcad23d9000, 8388608, PROT_READ|PROT_WRITE <unfinished ...>
29538 rt_sigprocmask(SIG_SETMASK, [],  <unfinished ...>
29527 <... mprotect resumed>)           = 0
29538 <... rt_sigprocmask resumed>NULL, 8) = 0
29527 rt_sigprocmask(SIG_BLOCK, ~[],  <unfinished ...>
29538 futex(0x7ffd16abf984, FUTEX_WAIT_PRIVATE, 0, NULL <unfinished ...>
29527 <... rt_sigprocmask resumed>[], 8) = 0
29527 clone3({flags=CLONE_VM|CLONE_FS|CLONE_FILES|CLONE_SIGHAND|CLONE_THREAD|CLONE_SYSVSEM|CLONE_SETTLS|CLONE_PARENT_SETTID|CLONE_CHILD_CLEARTID, child_tid=0x7fcad2bd8910, parent_tid=0x7fcad2bd8910, exit_signal=0, stack=0x7fcad23d8000, stack_size=0x800280, tls=0x7fcad2bd8640} => {parent_tid=[29539]}, 88) = 29539
29539 rseq(0x7fcad2bd8fe0, 0x20, 0, 0x53053053 <unfinished ...>
29527 rt_sigprocmask(SIG_SETMASK, [],  <unfinished ...>
29539 <... rseq resumed>)               = 0
29527 <... rt_sigprocmask resumed>NULL, 8) = 0
29539 set_robust_list(0x7fcad2bd8920, 24 <unfinished ...>
29527 mmap(NULL, 8392704, PROT_NONE, MAP_PRIVATE|MAP_ANONYMOUS|MAP_STACK, -1, 0 <unfinished ...>
29539 <... set_robust_list resumed>)    = 0
29527 <... mmap resumed>)               = 0x7fcad1bd7000
29527 mprotect(0x7fcad1bd8000, 8388608, PROT_READ|PROT_WRITE <unfinished ...>
29539 rt_sigprocmask(SIG_SETMASK, [],  <unfinished ...>
29527 <... mprotect resumed>)           = 0
29539 <... rt_sigprocmask resumed>NULL, 8) = 0
29527 rt_sigprocmask(SIG_BLOCK, ~[], [], 8) = 0
29539 futex(0x7ffd16abf984, FUTEX_WAIT_PRIVATE, 0, NULL <unfinished ...>
29527 clone3({flags=CLONE_VM|CLONE_FS|CLONE_FILES|CLONE_SIGHAND|CLONE_THREAD|CLONE_SYSVSEM|CLONE_SETTLS|CLONE_PARENT_SETTID|CLONE_CHILD_CLEARTID, child_tid=0x7fcad23d7910, parent_tid=0x7fcad23d7910, exit_signal=0, stack=0x7fcad1bd7000, stack_size=0x800280, tls=0x7fcad23d7640} => {parent_tid=[29542]}, 88) = 29542
29542 rseq(0x7fcad23d7fe0, 0x20, 0, 0x53053053 <unfinished ...>
29527 rt_sigprocmask(SIG_SETMASK, [],  <unfinished ...>
29542 <... rseq resumed>)               = 0
29527 <... rt_sigprocmask resumed>NULL, 8) = 0
29542 set_robust_list(0x7fcad23d7920, 24 <unfinished ...>
29527 mmap(NULL, 8392704, PROT_NONE, MAP_PRIVATE|MAP_ANONYMOUS|MAP_STACK, -1, 0 <unfinished ...>
29542 <... set_robust_list resumed>)    = 0
29527 <... mmap resumed>)               = 0x7fcad13d6000
29542 rt_sigprocmask(SIG_SETMASK, [],  <unfinished ...>
29527 mprotect(0x7fcad13d7000, 8388608, PROT_READ|PROT_WRITE <unfinished ...>
29542 <... rt_sigprocmask resumed>NULL, 8) = 0
29527 <... mprotect resumed>)           = 0
29542 futex(0x7ffd16abf984, FUTEX_WAIT_PRIVATE, 0, NULL <unfinished ...>
29527 rt_sigprocmask(SIG_BLOCK, ~[], [], 8) = 0
29527 clone3({flags=CLONE_VM|CLONE_FS|CLONE_FILES|CLONE_SIGHAND|CLONE_THREAD|CLONE_SYSVSEM|CLONE_SETTLS|CLONE_PARENT_SETTID|CLONE_CHILD_CLEARTID, child_tid=0x7fcad1bd6910, parent_tid=0x7fcad1bd6910, exit_signal=0, stack=0x7fcad13d6000, stack_size=0x800280, tls=0x7fcad1bd6640} => {parent_tid=[29543]}, 88) = 29543
29543 rseq(0x7fcad1bd6fe0, 0x20, 0, 0x53053053 <unfinished ...>
29527 rt_sigprocmask(SIG_SETMASK, [],  <unfinished ...>
29543 <... rseq resumed>)               = 0
29527 <... rt_sigprocmask resumed>NULL, 8) = 0
29527 mmap(NULL, 8392704, PROT_NONE, MAP_PRIVATE|MAP_ANONYMOUS|MAP_STACK, -1, 0 <unfinished ...>
29543 set_robust_list(0x7fcad1bd6920, 24 <unfinished ...>
29527 <... mmap resumed>)               = 0x7fcad0bd5000
29543 <... set_robust_list resumed>)    = 0
29527 mprotect(0x7fcad0bd6000, 8388608, PROT_READ|PROT_WRITE <unfinished ...>
29543 rt_sigprocmask(SIG_SETMASK, [],  <unfinished ...>
29527 <... mprotect resumed>)           = 0
29543 <... rt_sigprocmask resumed>NULL, 8) = 0
29527 rt_sigprocmask(SIG_BLOCK, ~[],  <unfinished ...>
29543 futex(0x7ffd16abf984, FUTEX_WAIT_PRIVATE, 0, NULL <unfinished ...>
29527 <... rt_sigprocmask resumed>[], 8) = 0
29527 clone3({flags=CLONE_VM|CLONE_FS|CLONE_FILES|CLONE_SIGHAND|CLONE_THREAD|CLONE_SYSVSEM|CLONE_SETTLS|CLONE_PARENT_SETTID|CLONE_CHILD_CLEARTID, child_tid=0x7fcad13d5910, parent_tid=0x7fcad13d5910, exit_signal=0, stack=0x7fcad0bd5000, stack_size=0x800280, tls=0x7fcad13d5640} <unfinished ...>
29544 rseq(0x7fcad13d5fe0, 0x20, 0, 0x53053053 <unfinished ...>
29527 <... clone3 resumed> => {parent_tid=[29544]}, 88) = 29544
29544 <... rseq resumed>)               = 0
29527 rt_sigprocmask(SIG_SETMASK, [],  <unfinished ...>
29544 set_robust_list(0x7fcad13d5920, 24 <unfinished ...>
29527 <... rt_sigprocmask resumed>NULL, 8) = 0
29544 <... set_robust_list resumed>)    = 0
29527 mmap(NULL, 8392704, PROT_NONE, MAP_PRIVATE|MAP_ANONYMOUS|MAP_STACK, -1, 0 <unfinished ...>
29544 rt_sigprocmask(SIG_SETMASK, [],  <unfinished ...>
29527 <... mmap resumed>)               = 0x7fcad03d4000
29527 mprotect(0x7fcad03d5000, 8388608, PROT_READ|PROT_WRITE <unfinished ...>
29544 <... rt_sigprocmask resumed>NULL, 8) = 0
29527 <... mprotect resumed>)           = 0
29544 futex(0x7ffd16abf984, FUTEX_WAIT_PRIVATE, 0, NULL <unfinished ...>
29527 rt_sigprocmask(SIG_BLOCK, ~[], [], 8) = 0
29527 clone3({flags=CLONE_VM|CLONE_FS|CLONE_FILES|CLONE_SIGHAND|CLONE_THREAD|CLONE_SYSVSEM|CLONE_SETTLS|CLONE_PARENT_SETTID|CLONE_CHILD_CLEARTID, child_tid=0x7fcad0bd4910, parent_tid=0x7fcad0bd4910, exit_signal=0, stack=0x7fcad03d4000, stack_size=0x800280, tls=0x7fcad0bd4640} => {parent_tid=[29545]}, 88) = 29545
29545 rseq(0x7fcad0bd4fe0, 0x20, 0, 0x53053053 <unfinished ...>
29527 rt_sigprocmask(SIG_SETMASK, [],  <unfinished ...>
29545 <... rseq resumed>)               = 0
29527 <... rt_sigprocmask resumed>NULL, 8) = 0
29527 mmap(NULL, 8392704, PROT_NONE, MAP_PRIVATE|MAP_ANONYMOUS|MAP_STACK, -1, 0 <unfinished ...>
29545 set_robust_list(0x7fcad0bd4920, 24 <unfinished ...>
29527 <... mmap resumed>)               = 0x7fcacfbd3000
29545 <... set_robust_list resumed>)    = 0
29527 mprotect(0x7fcacfbd4000, 8388608, PROT_READ|PROT_WRITE <unfinished ...>
29545 rt_sigprocmask(SIG_SETMASK, [],  <unfinished ...>
29527 <... mprotect resumed>)           = 0
29545 <... rt_sigprocmask resumed>NULL, 8) = 0
29527 rt_sigprocmask(SIG_BLOCK, ~[],  <unfinished ...>
29545 futex(0x7ffd16abf984, FUTEX_WAIT_PRIVATE, 0, NULL <unfinished ...>
29527 <... rt_sigprocmask resumed>[], 8) = 0
29527 clone3({flags=CLONE_VM|CLONE_FS|CLONE_FILES|CLONE_SIGHAND|CLONE_THREAD|CLONE_SYSVSEM|CLONE_SETTLS|CLONE_PARENT_SETTID|CLONE_CHILD_CLEARTID, child_tid=0x7fcad03d3910, parent_tid=0x7fcad03d3910, exit_signal=0, stack=0x7fcacfbd3000, stack_size=0x800280, tls=0x7fcad03d3640} => {parent_tid=[29546]}, 88) = 29546
29546 rseq(0x7fcad03d3fe0, 0x20, 0, 0x53053053 <unfinished ...>
29527 rt_sigprocmask(SIG_SETMASK, [], NULL, 8) = 0
29546 <... rseq resumed>)               = 0
29527 mmap(NULL, 8392704, PROT_NONE, MAP_PRIVATE|MAP_ANONYMOUS|MAP_STACK, -1, 0 <unfinished ...>
29546 set_robust_list(0x7fcad03d3920, 24 <unfinished ...>
29527 <... mmap resumed>)               = 0x7fcacf3d2000
29546 <... set_robust_list resumed>)    = 0
29527 mprotect(0x7fcacf3d3000, 8388608, PROT_READ|PROT_WRITE <unfinished ...>
29546 rt_sigprocmask(SIG_SETMASK, [],  <unfinished ...>
29527 <... mprotect resumed>)           = 0
29527 rt_sigprocmask(SIG_BLOCK, ~[],  <unfinished ...>
29546 <... rt_sigprocmask resumed>NULL, 8) = 0
29527 <... rt_sigprocmask resumed>[], 8) = 0
29546 futex(0x7ffd16abf984, FUTEX_WAIT_PRIVATE, 0, NULL <unfinished ...>
29527 clone3({flags=CLONE_VM|CLONE_FS|CLONE_FILES|CLONE_SIGHAND|CLONE_THREAD|CLONE_SYSVSEM|CLONE_SETTLS|CLONE_PARENT_SETTID|CLONE_CHILD_CLEARTID, child_tid=0x7fcacfbd2910, parent_tid=0x7fcacfbd2910, exit_signal=0, stack=0x7fcacf3d2000, stack_size=0x800280, tls=0x7fcacfbd2640} => {parent_tid=[29547]}, 88) = 29547
29527 rt_sigprocmask(SIG_SETMASK, [],  <unfinished ...>
29547 rseq(0x7fcacfbd2fe0, 0x20, 0, 0x53053053 <unfinished ...>
29527 <... rt_sigprocmask resumed>NULL, 8) = 0
29547 <... rseq resumed>)               = 0
29527 mmap(NULL, 8392704, PROT_NONE, MAP_PRIVATE|MAP_ANONYMOUS|MAP_STACK, -1, 0 <unfinished ...>
29547 set_robust_list(0x7fcacfbd2920, 24 <unfinished ...>
29527 <... mmap resumed>)               = 0x7fcacebd1000
29547 <... set_robust_list resumed>)    = 0
29527 mprotect(0x7fcacebd2000, 8388608, PROT_READ|PROT_WRITE <unfinished ...>
29547 rt_sigprocmask(SIG_SETMASK, [],  <unfinished ...>
29527 <... mprotect resumed>)           = 0
29547 <... rt_sigprocmask resumed>NULL, 8) = 0
29527 rt_sigprocmask(SIG_BLOCK, ~[],  <unfinished ...>
29547 futex(0x7ffd16abf984, FUTEX_WAIT_PRIVATE, 0, NULL <unfinished ...>
29527 <... rt_sigprocmask resumed>[], 8) = 0
29527 clone3({flags=CLONE_VM|CLONE_FS|CLONE_FILES|CLONE_SIGHAND|CLONE_THREAD|CLONE_SYSVSEM|CLONE_SETTLS|CLONE_PARENT_SETTID|CLONE_CHILD_CLEARTID, child_tid=0x7fcacf3d1910, parent_tid=0x7fcacf3d1910, exit_signal=0, stack=0x7fcacebd1000, stack_size=0x800280, tls=0x7fcacf3d1640} => {parent_tid=[29550]}, 88) = 29550
29527 rt_sigprocmask(SIG_SETMASK, [],  <unfinished ...>
29550 rseq(0x7fcacf3d1fe0, 0x20, 0, 0x53053053 <unfinished ...>
29527 <... rt_sigprocmask resumed>NULL, 8) = 0
29550 <... rseq resumed>)               = 0
29527 mmap(NULL, 8392704, PROT_NONE, MAP_PRIVATE|MAP_ANONYMOUS|MAP_STACK, -1, 0 <unfinished ...>
29550 set_robust_list(0x7fcacf3d1920, 24 <unfinished ...>
29527 <... mmap resumed>)               = 0x7fcace3d0000
29550 <... set_robust_list resumed>)    = 0
29527 mprotect(0x7fcace3d1000, 8388608, PROT_READ|PROT_WRITE <unfinished ...>
29550 rt_sigprocmask(SIG_SETMASK, [],  <unfinished ...>
29527 <... mprotect resumed>)           = 0
29550 <... rt_sigprocmask resumed>NULL, 8) = 0
29527 rt_sigprocmask(SIG_BLOCK, ~[],  <unfinished ...>
29550 futex(0x7ffd16abf984, FUTEX_WAIT_PRIVATE, 0, NULL <unfinished ...>
29527 <... rt_sigprocmask resumed>[], 8) = 0
29527 clone3({flags=CLONE_VM|CLONE_FS|CLONE_FILES|CLONE_SIGHAND|CLONE_THREAD|CLONE_SYSVSEM|CLONE_SETTLS|CLONE_PARENT_SETTID|CLONE_CHILD_CLEARTID, child_tid=0x7fcacebd0910, parent_tid=0x7fcacebd0910, exit_signal=0, stack=0x7fcace3d0000, stack_size=0x800280, tls=0x7fcacebd0640} => {parent_tid=[29551]}, 88) = 29551
29551 rseq(0x7fcacebd0fe0, 0x20, 0, 0x53053053 <unfinished ...>
29527 rt_sigprocmask(SIG_SETMASK, [],  <unfinished ...>
29551 <... rseq resumed>)               = 0
29527 <... rt_sigprocmask resumed>NULL, 8) = 0
29551 set_robust_list(0x7fcacebd0920, 24 <unfinished ...>
29527 futex(0x7ffd16abf984, FUTEX_WAIT_PRIVATE, 0, NULL <unfinished ...>
29551 <... set_robust_list resumed>)    = 0
29551 rt_sigprocmask(SIG_SETMASK, [], NULL, 8) = 0
29551 futex(0x7ffd16abf984, FUTEX_WAKE_PRIVATE, 2147483647) = 16
29550 <... futex resumed>)              = 0
29547 <... futex resumed>)              = 0
29546 <... futex resumed>)              = 0
29545 <... futex resumed>)              = 0
29544 <... futex resumed>)              = 0
29543 <... futex resumed>)              = 0
29539 <... futex resumed>)              = 0
29538 <... futex resumed>)              = 0
29537 <... futex resumed>)              = 0
29536 <... futex resumed>)              = 0
29532 <... futex resumed>)              = 0
29530 <... futex resumed>)              = 0
29527 <... futex resumed>)              = 0
29551 munmap(0x7fcaf3678000, 16384 <unfinished ...>
29550 munmap(0x7fcaff5ec000, 16384 <unfinished ...>
29547 munmap(0x7fcb0e1fc000, 16384 <unfinished ...>
29546 munmap(0x7fcadd8b8000, 16384 <unfinished ...>
29545 munmap(0x7fcadde18000, 16384 <unfinished ...>
29544 munmap(0x7fcb0af00000, 16384 <unfinished ...>
29543 munmap(0x7fcaf5238000, 16384 <unfinished ...>
29542 <... futex resumed>)              = 0
29539 munmap(0x7fcb03200000, 16384 <unfinished ...>
29538 munmap(0x7fcaf248c000, 16384 <unfinished ...>
29537 munmap(0x7fcaf6438000, 16384 <unfinished ...>
29536 munmap(0x7fcaeb040000, 16384 <unfinished ...>
29535 <... futex resumed>)              = 0
29532 munmap(0x7fcaf1e48000, 16384 <unfinished ...>
29531 <... futex resumed>)              = 0
29527 futex(0x7ffd16abf9a4, FUTEX_WAIT_PRIVATE, 0, NULL <unfinished ...>
29551 <... munmap resumed>)             = 0
29550 <... munmap resumed>)             = 0
29547 <... munmap resumed>)             = 0
29546 <... munmap resumed>)             = 0
29545 <... munmap resumed>)             = 0
29544 <... munmap resumed>)             = 0
29543 <... munmap resumed>)             = 0
29542 munmap(0x7fcb08608000, 16384 <unfinished ...>
29539 <... munmap resumed>)             = 0
29538 <... munmap resumed>)             = 0
29537 <... munmap resumed>)             = 0
29536 <... munmap resumed>)             = 0
29535 munmap(0x7fcb0bdac000, 16384 <unfinished ...>
29532 <... munmap resumed>)             = 0
29530 munmap(0x7fcb03f44000, 16384 <unfinished ...>
29551 mmap(0x7fcaf3678000, 16384, PROT_READ|PROT_WRITE, MAP_PRIVATE|MAP_FIXED|MAP_ANONYMOUS|MAP_NORESERVE, -1, 0 <unfinished ...>
29550 mmap(0x7fcaff5ec000, 16384, PROT_READ|PROT_WRITE, MAP_PRIVATE|MAP_FIXED|MAP_ANONYMOUS|MAP_NORESERVE, -1, 0 <unfinished ...>
29547 mmap(0x7fcb0e1fc000, 16384, PROT_READ|PROT_WRITE, MAP_PRIVATE|MAP_FIXED|MAP_ANONYMOUS|MAP_NORESERVE, -1, 0 <unfinished ...>
29546 mmap(0x7fcadd8b8000, 16384, PROT_READ|PROT_WRITE, MAP_PRIVATE|MAP_FIXED|MAP_ANONYMOUS|MAP_NORESERVE, -1, 0 <unfinished ...>
29545 mmap(0x7fcadde18000, 16384, PROT_READ|PROT_WRITE, MAP_PRIVATE|MAP_FIXED|MAP_ANONYMOUS|MAP_NORESERVE, -1, 0 <unfinished ...>
29544 mmap(0x7fcb0af00000, 16384, PROT_READ|PROT_WRITE, MAP_PRIVATE|MAP_FIXED|MAP_ANONYMOUS|MAP_NORESERVE, -1, 0 <unfinished ...>
29543 mmap(0x7fcaf5238000, 16384, PROT_READ|PROT_WRITE, MAP_PRIVATE|MAP_FIXED|MAP_ANONYMOUS|MAP_NORESERVE, -1, 0 <unfinished ...>
29542 <... munmap resumed>)             = 0
29539 mmap(0x7fcb03200000, 16384, PROT_READ|PROT_WRITE, MAP_PRIVATE|MAP_FIXED|MAP_ANONYMOUS|MAP_NORESERVE, -1, 0 <unfinished ...>
29538 mmap(0x7fcaf248c000, 16384, PROT_READ|PROT_WRITE, MAP_PRIVATE|MAP_FIXED|MAP_ANONYMOUS|MAP_NORESERVE, -1, 0 <unfinished ...>
29537 mmap(0x7fcaf6438000, 16384, PROT_READ|PROT_WRITE, MAP_PRIVATE|MAP_FIXED|MAP_ANONYMOUS|MAP_NORESERVE, -1, 0 <unfinished ...>
29536 mmap(0x7fcaeb040000, 16384, PROT_READ|PROT_WRITE, MAP_PRIVATE|MAP_FIXED|MAP_ANONYMOUS|MAP_NORESERVE, -1, 0 <unfinished ...>
29535 <... munmap resumed>)             = 0
29532 mmap(0x7fcaf1e48000, 16384, PROT_READ|PROT_WRITE, MAP_PRIVATE|MAP_FIXED|MAP_ANONYMOUS|MAP_NORESERVE, -1, 0 <unfinished ...>
29531 munmap(0x7fcae9178000, 16384 <unfinished ...>
29551 <... mmap resumed>)               = 0x7fcaf3678000
29550 <... mmap resumed>)               = 0x7fcaff5ec000
29547 <... mmap resumed>)               = 0x7fcb0e1fc000
29546 <... mmap resumed>)               = 0x7fcadd8b8000
29545 <... mmap resumed>)               = 0x7fcadde18000
29544 <... mmap resumed>)               = 0x7fcb0af00000
29543 <... mmap resumed>)               = 0x7fcaf5238000
29542 mmap(0x7fcb08608000, 16384, PROT_READ|PROT_WRITE, MAP_PRIVATE|MAP_FIXED|MAP_ANONYMOUS|MAP_NORESERVE, -1, 0 <unfinished ...>
29539 <... mmap resumed>)               = 0x7fcb03200000
29538 <... mmap resumed>)               = 0x7fcaf248c000
29537 <... mmap resumed>)               = 0x7fcaf6438000
29536 <... mmap resumed>)               = 0x7fcaeb040000
29535 mmap(0x7fcb0bdac000, 16384, PROT_READ|PROT_WRITE, MAP_PRIVATE|MAP_FIXED|MAP_ANONYMOUS|MAP_NORESERVE, -1, 0 <unfinished ...>
29532 <... mmap resumed>)               = 0x7fcaf1e48000
29530 <... munmap resumed>)             = 0
29551 munmap(0x7fcb09164000, 16384 <unfinished ...>
29550 munmap(0x7fcafe160000, 16384 <unfinished ...>
29547 munmap(0x7fcae6e0c000, 16384 <unfinished ...>
29546 munmap(0x7fcb12250000, 16384 <unfinished ...>
29545 munmap(0x7fcb12288000, 16384 <unfinished ...>
29544 munmap(0x7fcaf9a10000, 16384 <unfinished ...>
29543 munmap(0x7fcaf1838000, 16384 <unfinished ...>
29542 <... mmap resumed>)               = 0x7fcb08608000
29539 munmap(0x7fcb06a3c000, 16384 <unfinished ...>
29538 munmap(0x7fcaea8e0000, 16384 <unfinished ...>
29537 munmap(0x7fcb11020000, 16384 <unfinished ...>
29536 munmap(0x7fcad8a14000, 16384 <unfinished ...>
29535 <... mmap resumed>)               = 0x7fcb0bdac000
29532 munmap(0x7fcad9940000, 16384 <unfinished ...>
29531 <... munmap resumed>)             = 0
29551 <... munmap resumed>)             = 0
29550 <... munmap resumed>)             = 0
29547 <... munmap resumed>)             = 0
29546 <... munmap resumed>)             = 0
29545 <... munmap resumed>)             = 0
29544 <... munmap resumed>)             = 0
29543 <... munmap resumed>)             = 0
29542 munmap(0x7fcb0a1f4000, 16384 <unfinished ...>
29539 <... munmap resumed>)             = 0
29538 <... munmap resumed>)             = 0
29537 <... munmap resumed>)             = 0
29536 <... munmap resumed>)             = 0
29535 munmap(0x7fcafa3ec000, 16384 <unfinished ...>
29532 <... munmap resumed>)             = 0
29530 mmap(0x7fcb03f44000, 16384, PROT_READ|PROT_WRITE, MAP_PRIVATE|MAP_FIXED|MAP_ANONYMOUS|MAP_NORESERVE, -1, 0 <unfinished ...>
29551 mmap(0x7fcb09164000, 16384, PROT_READ|PROT_WRITE, MAP_PRIVATE|MAP_FIXED|MAP_ANONYMOUS|MAP_NORESERVE, -1, 0 <unfinished ...>
29550 mmap(0x7fcafe160000, 16384, PROT_READ|PROT_WRITE, MAP_PRIVATE|MAP_FIXED|MAP_ANONYMOUS|MAP_NORESERVE, -1, 0 <unfinished ...>
29547 mmap(0x7fcae6e0c000, 16384, PROT_READ|PROT_WRITE, MAP_PRIVATE|MAP_FIXED|MAP_ANONYMOUS|MAP_NORESERVE, -1, 0 <unfinished ...>
29546 mmap(0x7fcb12250000, 16384, PROT_READ|PROT_WRITE, MAP_PRIVATE|MAP_FIXED|MAP_ANONYMOUS|MAP_NORESERVE, -1, 0 <unfinished ...>
29545 mmap(0x7fcb12288000, 16384, PROT_READ|PROT_WRITE, MAP_PRIVATE|MAP_FIXED|MAP_ANONYMOUS|MAP_NORESERVE, -1, 0 <unfinished ...>
29544 mmap(0x7fcaf9a10000, 16384, PROT_READ|PROT_WRITE, MAP_PRIVATE|MAP_FIXED|MAP_ANONYMOUS|MAP_NORESERVE, -1, 0 <unfinished ...>
29543 mmap(0x7fcaf1838000, 16384, PROT_READ|PROT_WRITE, MAP_PRIVATE|MAP_FIXED|MAP_ANONYMOUS|MAP_NORESERVE, -1, 0 <unfinished ...>
29542 <... munmap resumed>)             = 0
29539 mmap(0x7fcb06a3c000, 16384, PROT_READ|PROT_WRITE, MAP_PRIVATE|MAP_FIXED|MAP_ANONYMOUS|MAP_NORESERVE, -1, 0 <unfinished ...>
29538 mmap(0x7fcaea8e0000, 16384, PROT_READ|PROT_WRITE, MAP_PRIVATE|MAP_FIXED|MAP_ANONYMOUS|MAP_NORESERVE, -1, 0 <unfinished ...>
29537 mmap(0x7fcb11020000, 16384, PROT_READ|PROT_WRITE, MAP_PRIVATE|MAP_FIXED|MAP_ANONYMOUS|MAP_NORESERVE, -1, 0 <unfinished ...>
29536 mmap(0x7fcad8a14000, 16384, PROT_READ|PROT_WRITE, MAP_PRIVATE|MAP_FIXED|MAP_ANONYMOUS|MAP_NORESERVE, -1, 0 <unfinished ...>
29535 <... munmap resumed>)             = 0
29532 mmap(0x7fcad9940000, 16384, PROT_READ|PROT_WRITE, MAP_PRIVATE|MAP_FIXED|MAP_ANONYMOUS|MAP_NORESERVE, -1, 0 <unfinished ...>
29531 mmap(0x7fcae9178000, 16384, PROT_READ|PROT_WRITE, MAP_PRIVATE|MAP_FIXED|MAP_ANONYMOUS|MAP_NORESERVE, -1, 0 <unfinished ...>
29551 <... mmap resumed>)               = 0x7fcb09164000
29550 <... mmap resumed>)               = 0x7fcafe160000
29547 <... mmap resumed>)               = 0x7fcae6e0c000
29546 <... mmap resumed>)               = 0x7fcb12250000
29545 <... mmap resumed>)               = 0x7fcb12288000
29544 <... mmap resumed>)               = 0x7fcaf9a10000
29543 <... mmap resumed>)               = 0x7fcaf1838000
29542 mmap(0x7fcb0a1f4000, 16384, PROT_READ|PROT_WRITE, MAP_PRIVATE|MAP_FIXED|MAP_ANONYMOUS|MAP_NORESERVE, -1, 0 <unfinished ...>
29539 <... mmap resumed>)               = 0x7fcb06a3c000
29538 <... mmap resumed>)               = 0x7fcaea8e0000
29537 <... mmap resumed>)               = 0x7fcb11020000
29536 <... mmap resumed>)               = 0x7fcad8a14000
29535 mmap(0x7fcafa3ec000, 16384, PROT_READ|PROT_WRITE, MAP_PRIVATE|MAP_FIXED|MAP_ANONYMOUS|MAP_NORESERVE, -1, 0 <unfinished ...>
29532 <... mmap resumed>)               = 0x7fcad9940000
29530 <... mmap resumed>)               = 0x7fcb03f44000
29551 munmap(0x7fcb09fac000, 16384 <unfinished ...>
29550 munmap(0x7fcb03164000, 16384 <unfinished ...>
29547 munmap(0x7fcb0cb8c000, 16384 <unfinished ...>
29546 munmap(0x7fcafe2f4000, 16384 <unfinished ...>
29545 munmap(0x7fcaeef2c000, 16384 <unfinished ...>
29544 munmap(0x7fcaec740000, 16384 <unfinished ...>
29543 munmap(0x7fcaf9944000, 16384 <unfinished ...>
29542 <... mmap resumed>)               = 0x7fcb0a1f4000
29539 munmap(0x7fcaee0a0000, 16384 <unfinished ...>
29538 munmap(0x7fcad81fc000, 16384 <unfinished ...>
29537 munmap(0x7fcb0c150000, 16384 <unfinished ...>
29536 munmap(0x7fcb07490000, 16384 <unfinished ...>
29535 <... mmap resumed>)               = 0x7fcafa3ec000
29532 munmap(0x7fcaf9954000, 16384 <unfinished ...>
29531 <... mmap resumed>)               = 0x7fcae9178000
29551 <... munmap resumed>)             = 0
29550 <... munmap resumed>)             = 0
29547 <... munmap resumed>)             = 0
29546 <... munmap resumed>)             = 0
29545 <... munmap resumed>)             = 0
29544 <... munmap resumed>)             = 0
29543 <... munmap resumed>)             = 0
29542 munmap(0x7fcaf2928000, 16384 <unfinished ...>
29539 <... munmap resumed>)             = 0
29538 <... munmap resumed>)             = 0
29537 <... munmap resumed>)             = 0
29536 <... munmap resumed>)             = 0
29535 munmap(0x7fcaf7fd4000, 16384 <unfinished ...>
29532 <... munmap resumed>)             = 0
29530 munmap(0x7fcae8d2c000, 16384 <unfinished ...>
29551 mmap(0x7fcb09fac000, 16384, PROT_READ|PROT_WRITE, MAP_PRIVATE|MAP_FIXED|MAP_ANONYMOUS|MAP_NORESERVE, -1, 0 <unfinished ...>
29550 mmap(0x7fcb03164000, 16384, PROT_READ|PROT_WRITE, MAP_PRIVATE|MAP_FIXED|MAP_ANONYMOUS|MAP_NORESERVE, -1, 0 <unfinished ...>
29547 mmap(0x7fcb0cb8c000, 16384, PROT_READ|PROT_WRITE, MAP_PRIVATE|MAP_FIXED|MAP_ANONYMOUS|MAP_NORESERVE, -1, 0 <unfinished ...>
29546 mmap(0x7fcafe2f4000, 16384, PROT_READ|PROT_WRITE, MAP_PRIVATE|MAP_FIXED|MAP_ANONYMOUS|MAP_NORESERVE, -1, 0 <unfinished ...>
29545 mmap(0x7fcaeef2c000, 16384, PROT_READ|PROT_WRITE, MAP_PRIVATE|MAP_FIXED|MAP_ANONYMOUS|MAP_NORESERVE, -1, 0 <unfinished ...>
29544 mmap(0x7fcaec740000, 16384, PROT_READ|PROT_WRITE, MAP_PRIVATE|MAP_FIXED|MAP_ANONYMOUS|MAP_NORESERVE, -1, 0 <unfinished ...>
29543 mmap(0x7fcaf9944000, 16384, PROT_READ|PROT_WRITE, MAP_PRIVATE|MAP_FIXED|MAP_ANONYMOUS|MAP_NORESERVE, -1, 0 <unfinished ...>
29542 <... munmap resumed>)             = 0
29539 mmap(0x7fcaee0a0000, 16384, PROT_READ|PROT_WRITE, MAP_PRIVATE|MAP_FIXED|MAP_ANONYMOUS|MAP_NORESERVE, -1, 0 <unfinished ...>
29538 mmap(0x7fcad81fc000, 16384, PROT_READ|PROT_WRITE, MAP_PRIVATE|MAP_FIXED|MAP_ANONYMOUS|MAP_NORESERVE, -1, 0 <unfinished ...>
29537 mmap(0x7fcb0c150000, 16384, PROT_READ|PROT_WRITE, MAP_PRIVATE|MAP_FIXED|MAP_ANONYMOUS|MAP_NORESERVE, -1, 0 <unfinished ...>
29536 mmap(0x7fcb07490000, 16384, PROT_READ|PROT_WRITE, MAP_PRIVATE|MAP_FIXED|MAP_ANONYMOUS|MAP_NORESERVE, -1, 0 <unfinished ...>
29535 <... munmap resumed>)             = 0
29532 mmap(0x7fcaf9954000, 16384, PROT_READ|PROT_WRITE, MAP_PRIVATE|MAP_FIXED|MAP_ANONYMOUS|MAP_NORESERVE, -1, 0 <unfinished ...>
29531 munmap(0x7fcb0369c000, 16384 <unfinished ...>
29551 <... mmap resumed>)               = 0x7fcb09fac000
29550 <... mmap resumed>)               = 0x7fcb03164000
29547 <... mmap resumed>)               = 0x7fcb0cb8c000
29546 <... mmap resumed>)               = 0x7fcafe2f4000
29545 <... mmap resumed>)               = 0x7fcaeef2c000
29544 <... mmap resumed>)               = 0x7fcaec740000
29543 <... mmap resumed>)               = 0x7fcaf9944000
29542 mmap(0x7fcaf2928000, 16384, PROT_READ|PROT_WRITE, MAP_PRIVATE|MAP_FIXED|MAP_ANONYMOUS|MAP_NORESERVE, -1, 0 <unfinished ...>
29539 <... mmap resumed>)               = 0x7fcaee0a0000
29538 <... mmap resumed>)               = 0x7fcad81fc000
29537 <... mmap resumed>)               = 0x7fcb0c150000
29536 <... mmap resumed>)               = 0x7fcb07490000
29535 mmap(0x7fcaf7fd4000, 16384, PROT_READ|PROT_WRITE, MAP_PRIVATE|MAP_FIXED|MAP_ANONYMOUS|MAP_NORESERVE, -1, 0 <unfinished ...>
29532 <... mmap resumed>)               = 0x7fcaf9954000
29530 <... munmap resumed>)             = 0
29551 munmap(0x7fcaf4f04000, 16384 <unfinished ...>
29550 munmap(0x7fcb03c4c000, 16384 <unfinished ...>
29547 munmap(0x7fcae83ec000, 16384 <unfinished ...>
29546 munmap(0x7fcb1330c000, 16384 <unfinished ...>
29545 munmap(0x7fcaf0a78000, 16384 <unfinished ...>
29544 munmap(0x7fcaddbe0000, 16384 <unfinished ...>
29543 munmap(0x7fcb0cbf8000, 16384 <unfinished ...>
29542 <... mmap resumed>)               = 0x7fcaf2928000
29539 munmap(0x7fcada00c000, 16384 <unfinished ...>
29538 munmap(0x7fcae5320000, 16384 <unfinished ...>
29537 munmap(0x7fcafc4c0000, 16384 <unfinished ...>
29536 munmap(0x7fcaee4c4000, 16384 <unfinished ...>
29535 <... mmap resumed>)               = 0x7fcaf7fd4000
29532 munmap(0x7fcb0bd34000, 16384 <unfinished ...>
29531 <... munmap resumed>)             = 0
29551 <... munmap resumed>)             = 0
29550 <... munmap resumed>)             = 0
29547 <... munmap resumed>)             = 0
29546 <... munmap resumed>)             = 0
29545 <... munmap resumed>)             = 0
29544 <... munmap resumed>)             = 0
29543 <... munmap resumed>)             = 0
29542 munmap(0x7fcae1e5c000, 16384 <unfinished ...>
29539 <... munmap resumed>)             = 0
29538 <... munmap resumed>)             = 0
29537 <... munmap resumed>)             = 0
29536 <... munmap resumed>)             = 0
29535 munmap(0x7fcb0c67c000, 16384 <unfinished ...>
29532 <... munmap resumed>)             = 0
29530 mmap(0x7fcae8d2c000, 16384, PROT_READ|PROT_WRITE, MAP_PRIVATE|MAP_FIXED|MAP_ANONYMOUS|MAP_NORESERVE, -1, 0 <unfinished ...>
29551 mmap(0x7fcaf4f04000, 16384, PROT_READ|PROT_WRITE, MAP_PRIVATE|MAP_FIXED|MAP_ANONYMOUS|MAP_NORESERVE, -1, 0 <unfinished ...>
29550 mmap(0x7fcb03c4c000, 16384, PROT_READ|PROT_WRITE, MAP_PRIVATE|MAP_FIXED|MAP_ANONYMOUS|MAP_NORESERVE, -1, 0 <unfinished ...>
29547 mmap(0x7fcae83ec000, 16384, PROT_READ|PROT_WRITE, MAP_PRIVATE|MAP_FIXED|MAP_ANONYMOUS|MAP_NORESERVE, -1, 0 <unfinished ...>
29546 mmap(0x7fcb1330c000, 16384, PROT_READ|PROT_WRITE, MAP_PRIVATE|MAP_FIXED|MAP_ANONYMOUS|MAP_NORESERVE, -1, 0 <unfinished ...>
29545 mmap(0x7fcaf0a78000, 16384, PROT_READ|PROT_WRITE, MAP_PRIVATE|MAP_FIXED|MAP_ANONYMOUS|MAP_NORESERVE, -1, 0 <unfinished ...>
29544 mmap(0x7fcaddbe0000, 16384, PROT_READ|PROT_WRITE, MAP_PRIVATE|MAP_FIXED|MAP_ANONYMOUS|MAP_NORESERVE, -1, 0 <unfinished ...>
29543 mmap(0x7fcb0cbf8000, 16384, PROT_READ|PROT_WRITE, MAP_PRIVATE|MAP_FIXED|MAP_ANONYMOUS|MAP_NORESERVE, -1, 0 <unfinished ...>
29542 <... munmap resumed>)             = 0
29539 mmap(0x7fcada00c000, 16384, PROT_READ|PROT_WRITE, MAP_PRIVATE|MAP_FIXED|MAP_ANONYMOUS|MAP_NORESERVE, -1, 0 <unfinished ...>
29538 mmap(0x7fcae5320000, 16384, PROT_READ|PROT_WRITE, MAP_PRIVATE|MAP_FIXED|MAP_ANONYMOUS|MAP_NORESERVE, -1, 0 <unfinished ...>
29537 mmap(0x7fcafc4c0000, 16384, PROT_READ|PROT_WRITE, MAP_PRIVATE|MAP_FIXED|MAP_ANONYMOUS|MAP_NORESERVE, -1, 0 <unfinished ...>
29536 mmap(0x7fcaee4c4000, 16384, PROT_READ|PROT_WRITE, MAP_PRIVATE|MAP_FIXED|MAP_ANONYMOUS|MAP_NORESERVE, -1, 0 <unfinished ...>
29535 <... munmap resumed>)             = 0
29532 mmap(0x7fcb0bd34000, 16384, PROT_READ|PROT_WRITE, MAP_PRIVATE|MAP_FIXED|MAP_ANONYMOUS|MAP_NORESERVE, -1, 0 <unfinished ...>
29531 mmap(0x7fcb0369c000, 16384, PROT_READ|PROT_WRITE, MAP_PRIVATE|MAP_FIXED|MAP_ANONYMOUS|MAP_NORESERVE, -1, 0 <unfinished ...>
29551 <... mmap resumed>)               = 0x7fcaf4f04000
29550 <... mmap resumed>)               = 0x7fcb03c4c000
29547 <... mmap resumed>)               = 0x7fcae83ec000
29546 <... mmap resumed>)               = 0x7fcb1330c000
29545 <... mmap resumed>)               = 0x7fcaf0a78000
29544 <... mmap resumed>)               = 0x7fcaddbe0000
29543 <... mmap resumed>)               = 0x7fcb0cbf8000
29542 mmap(0x7fcae1e5c000, 16384, PROT_READ|PROT_WRITE, MAP_PRIVATE|MAP_FIXED|MAP_ANONYMOUS|MAP_NORESERVE, -1, 0 <unfinished ...>
29539 <... mmap resumed>)               = 0x7fcada00c000
29538 <... mmap resumed>)               = 0x7fcae5320000
29537 <... mmap resumed>)               = 0x7fcafc4c0000
29536 <... mmap resumed>)               = 0x7fcaee4c4000
29535 mmap(0x7fcb0c67c000, 16384, PROT_READ|PROT_WRITE, MAP_PRIVATE|MAP_FIXED|MAP_ANONYMOUS|MAP_NORESERVE, -1, 0 <unfinished ...>
29532 <... mmap resumed>)               = 0x7fcb0bd34000
29531 <... mmap resumed>)               = 0x7fcb0369c000
29530 <... mmap resumed>)               = 0x7fcae8d2c000
29551 munmap(0x7fcaf7d20000, 16384 <unfinished ...>
29550 munmap(0x7fcaf0c54000, 16384 <unfinished ...>
29547 munmap(0x7fcaf279c000, 16384 <unfinished ...>
29546 munmap(0x7fcaf1ebc000, 16384 <unfinished ...>
29545 munmap(0x7fcb0681c000, 16384 <unfinished ...>
29544 munmap(0x7fcadb0fc000, 16384 <unfinished ...>
29543 munmap(0x7fcb01354000, 16384 <unfinished ...>
29542 <... mmap resumed>)               = 0x7fcae1e5c000
29539 munmap(0x7fcad93f4000, 16384 <unfinished ...>
29538 munmap(0x7fcb018dc000, 16384 <unfinished ...>
29537 munmap(0x7fcb0dc48000, 16384 <unfinished ...>
29536 munmap(0x7fcae4f04000, 16384 <unfinished ...>
29535 <... mmap resumed>)               = 0x7fcb0c67c000
29532 munmap(0x7fcb02688000, 16384 <unfinished ...>
29531 munmap(0x7fcb0a320000, 16384 <unfinished ...>
29530 munmap(0x7fcae86e0000, 16384 <unfinished ...>
29551 <... munmap resumed>)             = 0
29550 <... munmap resumed>)             = 0
29547 <... munmap resumed>)             = 0
29546 <... munmap resumed>)             = 0
29545 <... munmap resumed>)             = 0
29544 <... munmap resumed>)             = 0
29543 <... munmap resumed>)             = 0
29542 munmap(0x7fcb161b4000, 16384 <unfinished ...>
29539 <... munmap resumed>)             = 0
29538 <... munmap resumed>)             = 0
29537 <... munmap resumed>)             = 0
29536 <... munmap resumed>)             = 0
29535 munmap(0x7fcad899c000, 16384 <unfinished ...>
29532 <... munmap resumed>)             = 0
29531 <... munmap resumed>)             = 0
29551 mmap(0x7fcaf7d20000, 16384, PROT_READ|PROT_WRITE, MAP_PRIVATE|MAP_FIXED|MAP_ANONYMOUS|MAP_NORESERVE, -1, 0 <unfinished ...>
29550 mmap(0x7fcaf0c54000, 16384, PROT_READ|PROT_WRITE, MAP_PRIVATE|MAP_FIXED|MAP_ANONYMOUS|MAP_NORESERVE, -1, 0 <unfinished ...>
29547 mmap(0x7fcaf279c000, 16384, PROT_READ|PROT_WRITE, MAP_PRIVATE|MAP_FIXED|MAP_ANONYMOUS|MAP_NORESERVE, -1, 0 <unfinished ...>
29546 mmap(0x7fcaf1ebc000, 16384, PROT_READ|PROT_WRITE, MAP_PRIVATE|MAP_FIXED|MAP_ANONYMOUS|MAP_NORESERVE, -1, 0 <unfinished ...>
29545 mmap(0x7fcb0681c000, 16384, PROT_READ|PROT_WRITE, MAP_PRIVATE|MAP_FIXED|MAP_ANONYMOUS|MAP_NORESERVE, -1, 0 <unfinished ...>
29544 mmap(0x7fcadb0fc000, 16384, PROT_READ|PROT_WRITE, MAP_PRIVATE|MAP_FIXED|MAP_ANONYMOUS|MAP_NORESERVE, -1, 0 <unfinished ...>
29543 mmap(0x7fcb01354000, 16384, PROT_READ|PROT_WRITE, MAP_PRIVATE|MAP_FIXED|MAP_ANONYMOUS|MAP_NORESERVE, -1, 0 <unfinished ...>
29542 <... munmap resumed>)             = 0
29539 mmap(0x7fcad93f4000, 16384, PROT_READ|PROT_WRITE, MAP_PRIVATE|MAP_FIXED|MAP_ANONYMOUS|MAP_NORESERVE, -1, 0 <unfinished ...>
29538 mmap(0x7fcb018dc000, 16384, PROT_READ|PROT_WRITE, MAP_PRIVATE|MAP_FIXED|MAP_ANONYMOUS|MAP_NORESERVE, -1, 0 <unfinished ...>
29537 mmap(0x7fcb0dc48000, 16384, PROT_READ|PROT_WRITE, MAP_PRIVATE|MAP_FIXED|MAP_ANONYMOUS|MAP_NORESERVE, -1, 0 <unfinished ...>
29536 mmap(0x7fcae4f04000, 16384, PROT_READ|PROT_WRITE, MAP_PRIVATE|MAP_FIXED|MAP_ANONYMOUS|MAP_NORESERVE, -1, 0 <unfinished ...>
29535 <... munmap resumed>)             = 0
29532 mmap(0x7fcb02688000, 16384, PROT_READ|PROT_WRITE, MAP_PRIVATE|MAP_FIXED|MAP_ANONYMOUS|MAP_NORESERVE, -1, 0 <unfinished ...>
29530 <... munmap resumed>)             = 0
29551 <... mmap resumed>)               = 0x7fcaf7d20000
29550 <... mmap resumed>)               = 0x7fcaf0c54000
29547 <... mmap resumed>)               = 0x7fcaf279c000
29546 <... mmap resumed>)               = 0x7fcaf1ebc000
29545 <... mmap resumed>)               = 0x7fcb0681c000
29544 <... mmap resumed>)               = 0x7fcadb0fc000
29543 <... mmap resumed>)               = 0x7fcb01354000
29542 mmap(0x7fcb161b4000, 16384, PROT_READ|PROT_WRITE, MAP_PRIVATE|MAP_FIXED|MAP_ANONYMOUS|MAP_NORESERVE, -1, 0 <unfinished ...>
29539 <... mmap resumed>)               = 0x7fcad93f4000
29538 <... mmap resumed>)               = 0x7fcb018dc000
29537 <... mmap resumed>)               = 0x7fcb0dc48000
29536 <... mmap resumed>)               = 0x7fcae4f04000
29535 mmap(0x7fcad899c000, 16384, PROT_READ|PROT_WRITE, MAP_PRIVATE|MAP_FIXED|MAP_ANONYMOUS|MAP_NORESERVE, -1, 0 <unfinished ...>
29532 <... mmap resumed>)               = 0x7fcb02688000
29531 mmap(0x7fcb0a320000, 16384, PROT_READ|PROT_WRITE, MAP_PRIVATE|MAP_FIXED|MAP_ANONYMOUS|MAP_NORESERVE, -1, 0 <unfinished ...>
29551 munmap(0x7fcae25f4000, 16384 <unfinished ...>
29550 munmap(0x7fcaf81d8000, 16384 <unfinished ...>
29547 munmap(0x7fcae096c000, 16384 <unfinished ...>
29546 munmap(0x7fcb099d4000, 16384 <unfinished ...>
29545 munmap(0x7fcade55c000, 16384 <unfinished ...>
29544 munmap(0x7fcb0a198000, 16384 <unfinished ...>
29543 munmap(0x7fcaf8cac000, 16384 <unfinished ...>
29542 <... mmap resumed>)               = 0x7fcb161b4000
29539 munmap(0x7fcb0ae40000, 16384 <unfinished ...>
29538 munmap(0x7fcae408c000, 16384 <unfinished ...>
29537 munmap(0x7fcb065ec000, 16384 <unfinished ...>
29536 munmap(0x7fcb1115c000, 16384 <unfinished ...>
29535 <... mmap resumed>)               = 0x7fcad899c000
29532 munmap(0x7fcb1135c000, 16384 <unfinished ...>
29530 mmap(0x7fcae86e0000, 16384, PROT_READ|PROT_WRITE, MAP_PRIVATE|MAP_FIXED|MAP_ANONYMOUS|MAP_NORESERVE, -1, 0 <unfinished ...>
29551 <... munmap resumed>)             = 0
29550 <... munmap resumed>)             = 0
29547 <... munmap resumed>)             = 0
29546 <... munmap resumed>)             = 0
29545 <... munmap resumed>)             = 0
29544 <... munmap resumed>)             = 0
29543 <... munmap resumed>)             = 0
29542 munmap(0x7fcaf8e08000, 16384 <unfinished ...>
29539 <... munmap resumed>)             = 0
29538 <... munmap resumed>)             = 0
29537 <... munmap resumed>)             = 0
29536 <... munmap resumed>)             = 0
29535 munmap(0x7fcaec7ec000, 16384 <unfinished ...>
29532 <... munmap resumed>)             = 0
29531 <... mmap resumed>)               = 0x7fcb0a320000
29551 mmap(0x7fcae25f4000, 16384, PROT_READ|PROT_WRITE, MAP_PRIVATE|MAP_FIXED|MAP_ANONYMOUS|MAP_NORESERVE, -1, 0 <unfinished ...>
29550 mmap(0x7fcaf81d8000, 16384, PROT_READ|PROT_WRITE, MAP_PRIVATE|MAP_FIXED|MAP_ANONYMOUS|MAP_NORESERVE, -1, 0 <unfinished ...>
29547 mmap(0x7fcae096c000, 16384, PROT_READ|PROT_WRITE, MAP_PRIVATE|MAP_FIXED|MAP_ANONYMOUS|MAP_NORESERVE, -1, 0 <unfinished ...>
29546 mmap(0x7fcb099d4000, 16384, PROT_READ|PROT_WRITE, MAP_PRIVATE|MAP_FIXED|MAP_ANONYMOUS|MAP_NORESERVE, -1, 0 <unfinished ...>
29545 mmap(0x7fcade55c000, 16384, PROT_READ|PROT_WRITE, MAP_PRIVATE|MAP_FIXED|MAP_ANONYMOUS|MAP_NORESERVE, -1, 0 <unfinished ...>
29544 mmap(0x7fcb0a198000, 16384, PROT_READ|PROT_WRITE, MAP_PRIVATE|MAP_FIXED|MAP_ANONYMOUS|MAP_NORESERVE, -1, 0 <unfinished ...>
29543 mmap(0x7fcaf8cac000, 16384, PROT_READ|PROT_WRITE, MAP_PRIVATE|MAP_FIXED|MAP_ANONYMOUS|MAP_NORESERVE, -1, 0 <unfinished ...>
29542 <... munmap resumed>)             = 0
29539 mmap(0x7fcb0ae40000, 16384, PROT_READ|PROT_WRITE, MAP_PRIVATE|MAP_FIXED|MAP_ANONYMOUS|MAP_NORESERVE, -1, 0 <unfinished ...>
29538 mmap(0x7fcae408c000, 16384, PROT_READ|PROT_WRITE, MAP_PRIVATE|MAP_FIXED|MAP_ANONYMOUS|MAP_NORESERVE, -1, 0 <unfinished ...>
29537 mmap(0x7fcb065ec000, 16384, PROT_READ|PROT_WRITE, MAP_PRIVATE|MAP_FIXED|MAP_ANONYMOUS|MAP_NORESERVE, -1, 0 <unfinished ...>
29536 mmap(0x7fcb1115c000, 16384, PROT_READ|PROT_WRITE, MAP_PRIVATE|MAP_FIXED|MAP_ANONYMOUS|MAP_NORESERVE, -1, 0 <unfinished ...>
29535 <... munmap resumed>)             = 0
29532 mmap(0x7fcb1135c000, 16384, PROT_READ|PROT_WRITE, MAP_PRIVATE|MAP_FIXED|MAP_ANONYMOUS|MAP_NORESERVE, -1, 0 <unfinished ...>
29530 <... mmap resumed>)               = 0x7fcae86e0000
29551 <... mmap resumed>)               = 0x7fcae25f4000
29550 <... mmap resumed>)               = 0x7fcaf81d8000
29547 <... mmap resumed>)               = 0x7fcae096c000
29546 <... mmap resumed>)               = 0x7fcb099d4000
29545 <... mmap resumed>)               = 0x7fcade55c000
29544 <... mmap resumed>)               = 0x7fcb0a198000
29543 <... mmap resumed>)               = 0x7fcaf8cac000
29542 mmap(0x7fcaf8e08000, 16384, PROT_READ|PROT_WRITE, MAP_PRIVATE|MAP_FIXED|MAP_ANONYMOUS|MAP_NORESERVE, -1, 0 <unfinished ...>
29539 <... mmap resumed>)               = 0x7fcb0ae40000
29538 <... mmap resumed>)               = 0x7fcae408c000
29537 <... mmap resumed>)               = 0x7fcb065ec000
29536 <... mmap resumed>)               = 0x7fcb1115c000
29535 mmap(0x7fcaec7ec000, 16384, PROT_READ|PROT_WRITE, MAP_PRIVATE|MAP_FIXED|MAP_ANONYMOUS|MAP_NORESERVE, -1, 0 <unfinished ...>
29532 <... mmap resumed>)               = 0x7fcb1135c000
29531 munmap(0x7fcadc8d0000, 16384 <unfinished ...>
29551 munmap(0x7fcae2cbc000, 16384 <unfinished ...>
29550 munmap(0x7fcb07bc0000, 16384 <unfinished ...>
29547 munmap(0x7fcb04f40000, 16384 <unfinished ...>
29546 munmap(0x7fcadabe4000, 16384 <unfinished ...>
29545 munmap(0x7fcadc57c000, 16384 <unfinished ...>
29544 munmap(0x7fcaeae04000, 16384 <unfinished ...>
29543 munmap(0x7fcad84f0000, 16384 <unfinished ...>
29542 <... mmap resumed>)               = 0x7fcaf8e08000
29539 munmap(0x7fcaf9ecc000, 16384 <unfinished ...>
29538 munmap(0x7fcada408000, 16384 <unfinished ...>
29537 munmap(0x7fcae71dc000, 16384 <unfinished ...>
29536 munmap(0x7fcb14c4c000, 16384 <unfinished ...>
29535 <... mmap resumed>)               = 0x7fcaec7ec000
29532 munmap(0x7fcae5e34000, 16384 <unfinished ...>
29530 munmap(0x7fcaf5b18000, 16384 <unfinished ...>
29551 <... munmap resumed>)             = 0
29550 <... munmap resumed>)             = 0
29547 <... munmap resumed>)             = 0
29546 <... munmap resumed>)             = 0
29545 <... munmap resumed>)             = 0
29544 <... munmap resumed>)             = 0
29543 <... munmap resumed>)             = 0
29542 munmap(0x7fcaf2f34000, 16384 <unfinished ...>
29539 <... munmap resumed>)             = 0
29538 <... munmap resumed>)             = 0
29537 <... munmap resumed>)             = 0
29536 <... munmap resumed>)             = 0
29535 munmap(0x7fcadc600000, 16384 <unfinished ...>
29532 <... munmap resumed>)             = 0
29531 <... munmap resumed>)             = 0
29551 mmap(0x7fcae2cbc000, 16384, PROT_READ|PROT_WRITE, MAP_PRIVATE|MAP_FIXED|MAP_ANONYMOUS|MAP_NORESERVE, -1, 0 <unfinished ...>
29550 mmap(0x7fcb07bc0000, 16384, PROT_READ|PROT_WRITE, MAP_PRIVATE|MAP_FIXED|MAP_ANONYMOUS|MAP_NORESERVE, -1, 0 <unfinished ...>
29547 mmap(0x7fcb04f40000, 16384, PROT_READ|PROT_WRITE, MAP_PRIVATE|MAP_FIXED|MAP_ANONYMOUS|MAP_NORESERVE, -1, 0 <unfinished ...>
29546 mmap(0x7fcadabe4000, 16384, PROT_READ|PROT_WRITE, MAP_PRIVATE|MAP_FIXED|MAP_ANONYMOUS|MAP_NORESERVE, -1, 0 <unfinished ...>
29545 mmap(0x7fcadc57c000, 16384, PROT_READ|PROT_WRITE, MAP_PRIVATE|MAP_FIXED|MAP_ANONYMOUS|MAP_NORESERVE, -1, 0 <unfinished ...>
29544 mmap(0x7fcaeae04000, 16384, PROT_READ|PROT_WRITE, MAP_PRIVATE|MAP_FIXED|MAP_ANONYMOUS|MAP_NORESERVE, -1, 0 <unfinished ...>
29543 mmap(0x7fcad84f0000, 16384, PROT_READ|PROT_WRITE, MAP_PRIVATE|MAP_FIXED|MAP_ANONYMOUS|MAP_NORESERVE, -1, 0 <unfinished ...>
29542 <... munmap resumed>)             = 0
29539 mmap(0x7fcaf9ecc000, 16384, PROT_READ|PROT_WRITE, MAP_PRIVATE|MAP_FIXED|MAP_ANONYMOUS|MAP_NORESERVE, -1, 0 <unfinished ...>
29538 mmap(0x7fcada408000, 16384, PROT_READ|PROT_WRITE, MAP_PRIVATE|MAP_FIXED|MAP_ANONYMOUS|MAP_NORESERVE, -1, 0 <unfinished ...>
29537 mmap(0x7fcae71dc000, 16384, PROT_READ|PROT_WRITE, MAP_PRIVATE|MAP_FIXED|MAP_ANONYMOUS|MAP_NORESERVE, -1, 0 <unfinished ...>
29536 mmap(0x7fcb14c4c000, 16384, PROT_READ|PROT_WRITE, MAP_PRIVATE|MAP_FIXED|MAP_ANONYMOUS|MAP_NORESERVE, -1, 0 <unfinished ...>
29535 <... munmap resumed>)             = 0
29532 mmap(0x7fcae5e34000, 16384, PROT_READ|PROT_WRITE, MAP_PRIVATE|MAP_FIXED|MAP_ANONYMOUS|MAP_NORESERVE, -1, 0 <unfinished ...>
29530 <... munmap resumed>)             = 0
29551 <... mmap resumed>)               = 0x7fcae2cbc000
29550 <... mmap resumed>)               = 0x7fcb07bc0000
29547 <... mmap resumed>)               = 0x7fcb04f40000
29546 <... mmap resumed>)               = 0x7fcadabe4000
29545 <... mmap resumed>)               = 0x7fcadc57c000
29544 <... mmap resumed>)               = 0x7fcaeae04000
29543 <... mmap resumed>)               = 0x7fcad84f0000
29542 mmap(0x7fcaf2f34000, 16384, PROT_READ|PROT_WRITE, MAP_PRIVATE|MAP_FIXED|MAP_ANONYMOUS|MAP_NORESERVE, -1, 0 <unfinished ...>
29539 <... mmap resumed>)               = 0x7fcaf9ecc000
29538 <... mmap resumed>)               = 0x7fcada408000
29537 <... mmap resumed>)               = 0x7fcae71dc000
29536 <... mmap resumed>)               = 0x7fcb14c4c000
29535 mmap(0x7fcadc600000, 16384, PROT_READ|PROT_WRITE, MAP_PRIVATE|MAP_FIXED|MAP_ANONYMOUS|MAP_NORESERVE, -1, 0 <unfinished ...>
29532 <... mmap resumed>)               = 0x7fcae5e34000
29531 mmap(0x7fcadc8d0000, 16384, PROT_READ|PROT_WRITE, MAP_PRIVATE|MAP_FIXED|MAP_ANONYMOUS|MAP_NORESERVE, -1, 0 <unfinished ...>
29551 munmap(0x7fcad70e4000, 16384 <unfinished ...>
29550 munmap(0x7fcb122ec000, 16384 <unfinished ...>
29547 munmap(0x7fcad86f8000, 16384 <unfinished ...>
29546 munmap(0x7fcad88f0000, 16384 <unfinished ...>
29545 munmap(0x7fcb0f198000, 16384 <unfinished ...>
29544 munmap(0x7fcb10cf0000, 16384 <unfinished ...>
29543 munmap(0x7fcb06434000, 16384 <unfinished ...>
29542 <... mmap resumed>)               = 0x7fcaf2f34000
29539 munmap(0x7fcb09440000, 16384 <unfinished ...>
29538 munmap(0x7fcad7f88000, 16384 <unfinished ...>
29537 munmap(0x7fcaf602c000, 16384 <unfinished ...>
29536 munmap(0x7fcb06110000, 16384 <unfinished ...>
29535 <... mmap resumed>)               = 0x7fcadc600000
29532 munmap(0x7fcafb3b8000, 16384 <unfinished ...>
29530 mmap(0x7fcaf5b18000, 16384, PROT_READ|PROT_WRITE, MAP_PRIVATE|MAP_FIXED|MAP_ANONYMOUS|MAP_NORESERVE, -1, 0 <unfinished ...>
29551 <... munmap resumed>)             = 0
29550 <... munmap resumed>)             = 0
29547 <... munmap resumed>)             = 0
29546 <... munmap resumed>)             = 0
29545 <... munmap resumed>)             = 0
29544 <... munmap resumed>)             = 0
29543 <... munmap resumed>)             = 0
29542 munmap(0x7fcb054b8000, 16384 <unfinished ...>
29539 <... munmap resumed>)             = 0
29538 <... munmap resumed>)             = 0
29537 <... munmap resumed>)             = 0
29536 <... munmap resumed>)             = 0
29535 munmap(0x7fcb0bbe8000, 16384 <unfinished ...>
29532 <... munmap resumed>)             = 0
29531 <... mmap resumed>)               = 0x7fcadc8d0000
29551 mmap(0x7fcad70e4000, 16384, PROT_READ|PROT_WRITE, MAP_PRIVATE|MAP_FIXED|MAP_ANONYMOUS|MAP_NORESERVE, -1, 0 <unfinished ...>
29550 mmap(0x7fcb122ec000, 16384, PROT_READ|PROT_WRITE, MAP_PRIVATE|MAP_FIXED|MAP_ANONYMOUS|MAP_NORESERVE, -1, 0 <unfinished ...>
29547 mmap(0x7fcad86f8000, 16384, PROT_READ|PROT_WRITE, MAP_PRIVATE|MAP_FIXED|MAP_ANONYMOUS|MAP_NORESERVE, -1, 0 <unfinished ...>
29546 mmap(0x7fcad88f0000, 16384, PROT_READ|PROT_WRITE, MAP_PRIVATE|MAP_FIXED|MAP_ANONYMOUS|MAP_NORESERVE, -1, 0 <unfinished ...>
29545 mmap(0x7fcb0f198000, 16384, PROT_READ|PROT_WRITE, MAP_PRIVATE|MAP_FIXED|MAP_ANONYMOUS|MAP_NORESERVE, -1, 0 <unfinished ...>
29544 mmap(0x7fcb10cf0000, 16384, PROT_READ|PROT_WRITE, MAP_PRIVATE|MAP_FIXED|MAP_ANONYMOUS|MAP_NORESERVE, -1, 0 <unfinished ...>
29543 mmap(0x7fcb06434000, 16384, PROT_READ|PROT_WRITE, MAP_PRIVATE|MAP_FIXED|MAP_ANONYMOUS|MAP_NORESERVE, -1, 0 <unfinished ...>
29542 <... munmap resumed>)             = 0
29539 mmap(0x7fcb09440000, 16384, PROT_READ|PROT_WRITE, MAP_PRIVATE|MAP_FIXED|MAP_ANONYMOUS|MAP_NORESERVE, -1, 0 <unfinished ...>
29538 mmap(0x7fcad7f88000, 16384, PROT_READ|PROT_WRITE, MAP_PRIVATE|MAP_FIXED|MAP_ANONYMOUS|MAP_NORESERVE, -1, 0 <unfinished ...>
29537 mmap(0x7fcaf602c000, 16384, PROT_READ|PROT_WRITE, MAP_PRIVATE|MAP_FIXED|MAP_ANONYMOUS|MAP_NORESERVE, -1, 0 <unfinished ...>
29536 mmap(0x7fcb06110000, 16384, PROT_READ|PROT_WRITE, MAP_PRIVATE|MAP_FIXED|MAP_ANONYMOUS|MAP_NORESERVE, -1, 0 <unfinished ...>
29535 <... munmap resumed>)             = 0
29532 mmap(0x7fcafb3b8000, 16384, PROT_READ|PROT_WRITE, MAP_PRIVATE|MAP_FIXED|MAP_ANONYMOUS|MAP_NORESERVE, -1, 0 <unfinished ...>
29530 <... mmap resumed>)               = 0x7fcaf5b18000
29551 <... mmap resumed>)               = 0x7fcad70e4000
29550 <... mmap resumed>)               = 0x7fcb122ec000
29547 <... mmap resumed>)               = 0x7fcad86f8000
29546 <... mmap resumed>)               = 0x7fcad88f0000
29545 <... mmap resumed>)               = 0x7fcb0f198000
29544 <... mmap resumed>)               = 0x7fcb10cf0000
29543 <... mmap resumed>)               = 0x7fcb06434000
29542 mmap(0x7fcb054b8000, 16384, PROT_READ|PROT_WRITE, MAP_PRIVATE|MAP_FIXED|MAP_ANONYMOUS|MAP_NORESERVE, -1, 0 <unfinished ...>
29539 <... mmap resumed>)               = 0x7fcb09440000
29538 <... mmap resumed>)               = 0x7fcad7f88000
29537 <... mmap resumed>)               = 0x7fcaf602c000
29536 <... mmap resumed>)               = 0x7fcb06110000
29535 mmap(0x7fcb0bbe8000, 16384, PROT_READ|PROT_WRITE, MAP_PRIVATE|MAP_FIXED|MAP_ANONYMOUS|MAP_NORESERVE, -1, 0 <unfinished ...>
29532 <... mmap resumed>)               = 0x7fcafb3b8000
29531 munmap(0x7fcaf81c0000, 16384 <unfinished ...>
29551 munmap(0x7fcad6e5c000, 16384 <unfinished ...>
29550 munmap(0x7fcb14a48000, 16384 <unfinished ...>
29547 munmap(0x7fcada1f8000, 16384 <unfinished ...>
29546 munmap(0x7fcb09b54000, 16384 <unfinished ...>
29545 munmap(0x7fcaf1ce0000, 16384 <unfinished ...>
29544 munmap(0x7fcaf99dc000, 16384 <unfinished ...>
29543 munmap(0x7fcb01650000, 16384 <unfinished ...>
29542 <... mmap resumed>)               = 0x7fcb054b8000
29539 munmap(0x7fcae38c8000, 16384 <unfinished ...>
29538 munmap(0x7fcadb298000, 16384 <unfinished ...>
29537 munmap(0x7fcaf6154000, 16384 <unfinished ...>
29536 munmap(0x7fcaf2fac000, 16384 <unfinished ...>
29535 <... mmap resumed>)               = 0x7fcb0bbe8000
29532 munmap(0x7fcb149e4000, 16384 <unfinished ...>
29530 munmap(0x7fcaeac00000, 16384 <unfinished ...>
29551 <... munmap resumed>)             = 0
29550 <... munmap resumed>)             = 0
29547 <... munmap resumed>)             = 0
29546 <... munmap resumed>)             = 0
29545 <... munmap resumed>)             = 0
29544 <... munmap resumed>)             = 0
29543 <... munmap resumed>)             = 0
29542 munmap(0x7fcb06b9c000, 16384 <unfinished ...>
29539 <... munmap resumed>)             = 0
29538 <... munmap resumed>)             = 0
29537 <... munmap resumed>)             = 0
29536 <... munmap resumed>)             = 0
29535 munmap(0x7fcb11e08000, 16384 <unfinished ...>
29532 <... munmap resumed>)             = 0
29531 <... munmap resumed>)             = 0
29551 mmap(0x7fcad6e5c000, 16384, PROT_READ|PROT_WRITE, MAP_PRIVATE|MAP_FIXED|MAP_ANONYMOUS|MAP_NORESERVE, -1, 0 <unfinished ...>
29550 mmap(0x7fcb14a48000, 16384, PROT_READ|PROT_WRITE, MAP_PRIVATE|MAP_FIXED|MAP_ANONYMOUS|MAP_NORESERVE, -1, 0 <unfinished ...>
29547 mmap(0x7fcada1f8000, 16384, PROT_READ|PROT_WRITE, MAP_PRIVATE|MAP_FIXED|MAP_ANONYMOUS|MAP_NORESERVE, -1, 0 <unfinished ...>
29546 mmap(0x7fcb09b54000, 16384, PROT_READ|PROT_WRITE, MAP_PRIVATE|MAP_FIXED|MAP_ANONYMOUS|MAP_NORESERVE, -1, 0 <unfinished ...>
29545 mmap(0x7fcaf1ce0000, 16384, PROT_READ|PROT_WRITE, MAP_PRIVATE|MAP_FIXED|MAP_ANONYMOUS|MAP_NORESERVE, -1, 0 <unfinished ...>
29544 mmap(0x7fcaf99dc000, 16384, PROT_READ|PROT_WRITE, MAP_PRIVATE|MAP_FIXED|MAP_ANONYMOUS|MAP_NORESERVE, -1, 0 <unfinished ...>
29543 mmap(0x7fcb01650000, 16384, PROT_READ|PROT_WRITE, MAP_PRIVATE|MAP_FIXED|MAP_ANONYMOUS|MAP_NORESERVE, -1, 0 <unfinished ...>
29542 <... munmap resumed>)             = 0
29539 mmap(0x7fcae38c8000, 16384, PROT_READ|PROT_WRITE, MAP_PRIVATE|MAP_FIXED|MAP_ANONYMOUS|MAP_NORESERVE, -1, 0 <unfinished ...>
29538 mmap(0x7fcadb298000, 16384, PROT_READ|PROT_WRITE, MAP_PRIVATE|MAP_FIXED|MAP_ANONYMOUS|MAP_NORESERVE, -1, 0 <unfinished ...>
29537 mmap(0x7fcaf6154000, 16384, PROT_READ|PROT_WRITE, MAP_PRIVATE|MAP_FIXED|MAP_ANONYMOUS|MAP_NORESERVE, -1, 0 <unfinished ...>
29536 mmap(0x7fcaf2fac000, 16384, PROT_READ|PROT_WRITE, MAP_PRIVATE|MAP_FIXED|MAP_ANONYMOUS|MAP_NORESERVE, -1, 0 <unfinished ...>
29535 <... munmap resumed>)             = 0
29532 mmap(0x7fcb149e4000, 16384, PROT_READ|PROT_WRITE, MAP_PRIVATE|MAP_FIXED|MAP_ANONYMOUS|MAP_NORESERVE, -1, 0 <unfinished ...>
29530 <... munmap resumed>)             = 0
29551 <... mmap resumed>)               = 0x7fcad6e5c000
29550 <... mmap resumed>)               = 0x7fcb14a48000
29547 <... mmap resumed>)               = 0x7fcada1f8000
29546 <... mmap resumed>)               = 0x7fcb09b54000
29545 <... mmap resumed>)               = 0x7fcaf1ce0000
29544 <... mmap resumed>)               = 0x7fcaf99dc000
29543 <... mmap resumed>)               = 0x7fcb01650000
29542 mmap(0x7fcb06b9c000, 16384, PROT_READ|PROT_WRITE, MAP_PRIVATE|MAP_FIXED|MAP_ANONYMOUS|MAP_NORESERVE, -1, 0 <unfinished ...>
29539 <... mmap resumed>)               = 0x7fcae38c8000
29538 <... mmap resumed>)               = 0x7fcadb298000
29537 <... mmap resumed>)               = 0x7fcaf6154000
29536 <... mmap resumed>)               = 0x7fcaf2fac000
29535 mmap(0x7fcb11e08000, 16384, PROT_READ|PROT_WRITE, MAP_PRIVATE|MAP_FIXED|MAP_ANONYMOUS|MAP_NORESERVE, -1, 0 <unfinished ...>
29532 <... mmap resumed>)               = 0x7fcb149e4000
29531 mmap(0x7fcaf81c0000, 16384, PROT_READ|PROT_WRITE, MAP_PRIVATE|MAP_FIXED|MAP_ANONYMOUS|MAP_NORESERVE, -1, 0 <unfinished ...>
29530 mmap(0x7fcaeac00000, 16384, PROT_READ|PROT_WRITE, MAP_PRIVATE|MAP_FIXED|MAP_ANONYMOUS|MAP_NORESERVE, -1, 0 <unfinished ...>
29551 futex(0x7ffd16abf9a4, FUTEX_WAIT_PRIVATE, 0, NULL <unfinished ...>
29550 futex(0x7ffd16abf9a4, FUTEX_WAIT_PRIVATE, 0, NULL <unfinished ...>
29547 futex(0x7ffd16abf9a4, FUTEX_WAIT_PRIVATE, 0, NULL <unfinished ...>
29546 futex(0x7ffd16abf9a4, FUTEX_WAIT_PRIVATE, 0, NULL <unfinished ...>
29545 futex(0x7ffd16abf9a4, FUTEX_WAIT_PRIVATE, 0, NULL <unfinished ...>
29544 munmap(0x7fcae52b4000, 16384 <unfinished ...>
29543 munmap(0x7fcae72d0000, 16384 <unfinished ...>
29542 <... mmap resumed>)               = 0x7fcb06b9c000
29539 futex(0x7ffd16abf9a4, FUTEX_WAIT_PRIVATE, 0, NULL <unfinished ...>
29538 munmap(0x7fcaef8d4000, 16384 <unfinished ...>
29537 munmap(0x7fcb04d74000, 16384 <unfinished ...>
29536 munmap(0x7fcad6edc000, 16384 <unfinished ...>
29535 <... mmap resumed>)               = 0x7fcb11e08000
29532 munmap(0x7fcaee860000, 16384 <unfinished ...>
29531 <... mmap resumed>)               = 0x7fcaf81c0000
29544 <... munmap resumed>)             = 0
29543 <... munmap resumed>)             = 0
29542 munmap(0x7fcaf38e8000, 16384 <unfinished ...>
29538 <... munmap resumed>)             = 0
29537 <... munmap resumed>)             = 0
29536 <... munmap resumed>)             = 0
29535 munmap(0x7fcad7a34000, 16384 <unfinished ...>
29532 <... munmap resumed>)             = 0
29530 <... mmap resumed>)               = 0x7fcaeac00000
29544 mmap(0x7fcae52b4000, 16384, PROT_READ|PROT_WRITE, MAP_PRIVATE|MAP_FIXED|MAP_ANONYMOUS|MAP_NORESERVE, -1, 0 <unfinished ...>
29543 mmap(0x7fcae72d0000, 16384, PROT_READ|PROT_WRITE, MAP_PRIVATE|MAP_FIXED|MAP_ANONYMOUS|MAP_NORESERVE, -1, 0 <unfinished ...>
29542 <... munmap resumed>)             = 0
29538 mmap(0x7fcaef8d4000, 16384, PROT_READ|PROT_WRITE, MAP_PRIVATE|MAP_FIXED|MAP_ANONYMOUS|MAP_NORESERVE, -1, 0 <unfinished ...>
29537 mmap(0x7fcb04d74000, 16384, PROT_READ|PROT_WRITE, MAP_PRIVATE|MAP_FIXED|MAP_ANONYMOUS|MAP_NORESERVE, -1, 0 <unfinished ...>
29536 mmap(0x7fcad6edc000, 16384, PROT_READ|PROT_WRITE, MAP_PRIVATE|MAP_FIXED|MAP_ANONYMOUS|MAP_NORESERVE, -1, 0 <unfinished ...>
29535 <... munmap resumed>)             = 0
29532 mmap(0x7fcaee860000, 16384, PROT_READ|PROT_WRITE, MAP_PRIVATE|MAP_FIXED|MAP_ANONYMOUS|MAP_NORESERVE, -1, 0 <unfinished ...>
29531 munmap(0x7fcaed784000, 16384 <unfinished ...>
29544 <... mmap resumed>)               = 0x7fcae52b4000
29543 <... mmap resumed>)               = 0x7fcae72d0000
29542 mmap(0x7fcaf38e8000, 16384, PROT_READ|PROT_WRITE, MAP_PRIVATE|MAP_FIXED|MAP_ANONYMOUS|MAP_NORESERVE, -1, 0 <unfinished ...>
29538 <... mmap resumed>)               = 0x7fcaef8d4000
29537 <... mmap resumed>)               = 0x7fcb04d74000
29536 <... mmap resumed>)               = 0x7fcad6edc000
29535 mmap(0x7fcad7a34000, 16384, PROT_READ|PROT_WRITE, MAP_PRIVATE|MAP_FIXED|MAP_ANONYMOUS|MAP_NORESERVE, -1, 0 <unfinished ...>
29532 <... mmap resumed>)               = 0x7fcaee860000
29530 futex(0x7ffd16abf9a4, FUTEX_WAIT_PRIVATE, 0, NULL <unfinished ...>
29544 futex(0x7ffd16abf9a4, FUTEX_WAIT_PRIVATE, 0, NULL <unfinished ...>
29543 futex(0x7ffd16abf9a4, FUTEX_WAIT_PRIVATE, 0, NULL <unfinished ...>
29542 <... mmap resumed>)               = 0x7fcaf38e8000
29538 futex(0x7ffd16abf9a4, FUTEX_WAIT_PRIVATE, 0, NULL <unfinished ...>
29537 futex(0x7ffd16abf9a4, FUTEX_WAIT_PRIVATE, 0, NULL <unfinished ...>
29536 futex(0x7ffd16abf9a4, FUTEX_WAIT_PRIVATE, 0, NULL <unfinished ...>
29535 <... mmap resumed>)               = 0x7fcad7a34000
29532 futex(0x7ffd16abf9a4, FUTEX_WAIT_PRIVATE, 0, NULL <unfinished ...>
29531 <... munmap resumed>)             = 0
29542 futex(0x7ffd16abf9a4, FUTEX_WAIT_PRIVATE, 0, NULL <unfinished ...>
29535 futex(0x7ffd16abf9a4, FUTEX_WAIT_PRIVATE, 0, NULL <unfinished ...>
29531 mmap(0x7fcaed784000, 16384, PROT_READ|PROT_WRITE, MAP_PRIVATE|MAP_FIXED|MAP_ANONYMOUS|MAP_NORESERVE, -1, 0) = 0x7fcaed784000
29531 futex(0x7ffd16abf9a4, FUTEX_WAKE_PRIVATE, 2147483647 <unfinished ...>
29527 <... futex resumed>)              = 0
29551 <... futex resumed>)              = 0
29550 <... futex resumed>)              = 0
29547 <... futex resumed>)              = 0
29546 <... futex resumed>)              = 0
29545 <... futex resumed>)              = 0
29539 <... futex resumed>)              = 0
29530 <... futex resumed>)              = 0
29527 futex(0x7fcad63df910, FUTEX_WAIT_BITSET|FUTEX_CLOCK_REALTIME, 29530, NULL, FUTEX_BITSET_MATCH_ANY <unfinished ...>
29551 rt_sigprocmask(SIG_BLOCK, ~[RT_1],  <unfinished ...>
29550 rt_sigprocmask(SIG_BLOCK, ~[RT_1],  <unfinished ...>
29547 rt_sigprocmask(SIG_BLOCK, ~[RT_1],  <unfinished ...>
29546 rt_sigprocmask(SIG_BLOCK, ~[RT_1],  <unfinished ...>
29545 rt_sigprocmask(SIG_BLOCK, ~[RT_1],  <unfinished ...>
29544 <... futex resumed>)              = 0
29543 <... futex resumed>)              = 0
29542 <... futex resumed>)              = 0
29539 rt_sigprocmask(SIG_BLOCK, ~[RT_1],  <unfinished ...>
29538 <... futex resumed>)              = 0
29537 <... futex resumed>)              = 0
29536 <... futex resumed>)              = 0
29535 <... futex resumed>)              = 0
29532 <... futex resumed>)              = 0
29531 <... futex resumed>)              = 16
29551 <... rt_sigprocmask resumed>NULL, 8) = 0
29550 <... rt_sigprocmask resumed>NULL, 8) = 0
29547 <... rt_sigprocmask resumed>NULL, 8) = 0
29546 <... rt_sigprocmask resumed>NULL, 8) = 0
29545 <... rt_sigprocmask resumed>NULL, 8) = 0
29544 rt_sigprocmask(SIG_BLOCK, ~[RT_1],  <unfinished ...>
29543 rt_sigprocmask(SIG_BLOCK, ~[RT_1],  <unfinished ...>
29542 rt_sigprocmask(SIG_BLOCK, ~[RT_1],  <unfinished ...>
29539 <... rt_sigprocmask resumed>NULL, 8) = 0
29538 rt_sigprocmask(SIG_BLOCK, ~[RT_1],  <unfinished ...>
29537 rt_sigprocmask(SIG_BLOCK, ~[RT_1],  <unfinished ...>
29536 rt_sigprocmask(SIG_BLOCK, ~[RT_1],  <unfinished ...>
29535 rt_sigprocmask(SIG_BLOCK, ~[RT_1],  <unfinished ...>
29532 rt_sigprocmask(SIG_BLOCK, ~[RT_1],  <unfinished ...>
29530 rt_sigprocmask(SIG_BLOCK, ~[RT_1],  <unfinished ...>
29551 madvise(0x7fcace3d0000, 8372224, MADV_DONTNEED <unfinished ...>
29550 madvise(0x7fcacebd1000, 8372224, MADV_DONTNEED <unfinished ...>
29547 madvise(0x7fcacf3d2000, 8372224, MADV_DONTNEED <unfinished ...>
29546 madvise(0x7fcacfbd3000, 8372224, MADV_DONTNEED <unfinished ...>
29545 madvise(0x7fcad03d4000, 8372224, MADV_DONTNEED <unfinished ...>
29544 <... rt_sigprocmask resumed>NULL, 8) = 0
29543 <... rt_sigprocmask resumed>NULL, 8) = 0
29542 <... rt_sigprocmask resumed>NULL, 8) = 0
29539 madvise(0x7fcad23d8000, 8372224, MADV_DONTNEED <unfinished ...>
29538 <... rt_sigprocmask resumed>NULL, 8) = 0
29537 <... rt_sigprocmask resumed>NULL, 8) = 0
29536 <... rt_sigprocmask resumed>NULL, 8) = 0
29535 <... rt_sigprocmask resumed>NULL, 8) = 0
29532 <... rt_sigprocmask resumed>NULL, 8) = 0
29531 rt_sigprocmask(SIG_BLOCK, ~[RT_1],  <unfinished ...>
29551 <... madvise resumed>)            = 0
29550 <... madvise resumed>)            = 0
29547 <... madvise resumed>)            = 0
29546 <... madvise resumed>)            = 0
29545 <... madvise resumed>)            = 0
29544 madvise(0x7fcad0bd5000, 8372224, MADV_DONTNEED <unfinished ...>
29543 madvise(0x7fcad13d6000, 8372224, MADV_DONTNEED <unfinished ...>
29542 madvise(0x7fcad1bd7000, 8372224, MADV_DONTNEED <unfinished ...>
29539 <... madvise resumed>)            = 0
29538 madvise(0x7fcad2bd9000, 8372224, MADV_DONTNEED <unfinished ...>
29537 madvise(0x7fcad33da000, 8372224, MADV_DONTNEED <unfinished ...>
29536 madvise(0x7fcad3bdb000, 8372224, MADV_DONTNEED <unfinished ...>
29535 madvise(0x7fcad43dc000, 8372224, MADV_DONTNEED <unfinished ...>
29532 madvise(0x7fcad4bdd000, 8372224, MADV_DONTNEED <unfinished ...>
29530 <... rt_sigprocmask resumed>NULL, 8) = 0
29551 exit(0 <unfinished ...>
29550 exit(0 <unfinished ...>
29547 exit(0 <unfinished ...>
29546 exit(0 <unfinished ...>
29545 exit(0 <unfinished ...>
29544 <... madvise resumed>)            = 0
29543 <... madvise resumed>)            = 0
29542 <... madvise resumed>)            = 0
29539 exit(0 <unfinished ...>
29538 <... madvise resumed>)            = 0
29537 <... madvise resumed>)            = 0
29536 <... madvise resumed>)            = 0
29535 <... madvise resumed>)            = 0
29532 <... madvise resumed>)            = 0
29531 <... rt_sigprocmask resumed>NULL, 8) = 0
29551 <... exit resumed>)               = ?
29550 <... exit resumed>)               = ?
29547 <... exit resumed>)               = ?
29546 <... exit resumed>)               = ?
29545 <... exit resumed>)               = ?
29544 exit(0 <unfinished ...>
29543 exit(0 <unfinished ...>
29542 exit(0 <unfinished ...>
29539 <... exit resumed>)               = ?
29538 exit(0 <unfinished ...>
29537 exit(0 <unfinished ...>
29536 exit(0 <unfinished ...>
29535 exit(0 <unfinished ...>
29532 exit(0 <unfinished ...>
29530 madvise(0x7fcad5bdf000, 8372224, MADV_DONTNEED <unfinished ...>
29544 <... exit resumed>)               = ?
29543 <... exit resumed>)               = ?
29542 <... exit resumed>)               = ?
29538 <... exit resumed>)               = ?
29537 <... exit resumed>)               = ?
29536 <... exit resumed>)               = ?
29535 <... exit resumed>)               = ?
29532 <... exit resumed>)               = ?
29531 madvise(0x7fcad53de000, 8372224, MADV_DONTNEED <unfinished ...>
29530 <... madvise resumed>)            = 0
29531 <... madvise resumed>)            = 0
29530 exit(0 <unfinished ...>
29531 exit(0 <unfinished ...>
29530 <... exit resumed>)               = ?
29531 <... exit resumed>)               = ?
29527 <... futex resumed>)              = 0
29527 munmap(0x7fcad5bdf000, 8392704)   = 0
29527 munmap(0x7fcad53de000, 8392704)   = 0
29527 munmap(0x7fcad4bdd000, 8392704)   = 0
29527 munmap(0x7fcad43dc000, 8392704)   = 0
29527 munmap(0x7fcad3bdb000, 8392704)   = 0
29527 munmap(0x7fcad33da000, 8392704)   = 0
29527 munmap(0x7fcad2bd9000, 8392704)   = 0
29527 munmap(0x7fcad23d8000, 8392704)   = 0
29527 munmap(0x7fcad1bd7000, 8392704)   = 0
29527 munmap(0x7fcad13d6000, 8392704)   = 0
29527 munmap(0x7fcad0bd5000, 8392704)   = 0
29527 munmap(0x7fcad03d4000, 8392704)   = 0
29527 openat(AT_FDCWD, "/proc/self/statm", O_RDONLY) = 3
29527 newfstatat(3, "", {st_mode=S_IFREG|0444, st_size=0, ...}, AT_EMPTY_PATH) = 0
29527 read(3, "270692 122 87 199 0 270411 0\n", 1024) = 29
29527 write(2, "mmbench: peak RSS ~0 MB\n", 24) = 24
29527 close(3)                          = 0
29527 uname({sysname="Linux", nodename="syzkaller", ...}) = 0
29527 uname({sysname="Linux", nodename="syzkaller", ...}) = 0
29527 newfstatat(1, "", {st_mode=S_IFCHR|0666, st_rdev=makedev(0x1, 0x3), ...}, AT_EMPTY_PATH) = 0
29527 ioctl(1, TCGETS, 0x7ffd16abf0a0)  = -1 ENOTTY (Inappropriate ioctl for device)
29527 write(1, "{\"bench\":\"unmap-virt\",\"contention\":\"high\",\"threads\":16,\"ops\":145,\"elapsed_s\":1.085,\"ops_per_us\":"..., 197) = 197
29527 munmap(0x7fcad63e0000, 1073741824) = 0
29527 exit_group(0)                     = ?
