30594 execve("/mnt/cortenmm/bench/mmbench/mmbench", ["/mnt/cortenmm/bench/mmbench/mmbench", "unmap", "high", "1", "1", "20265054"], 0x7ffea706fa18 /* 28 vars */) = 0
30594 arch_prctl(0x3001 /* ARCH_??? */, 0x7ffec40f30a0) = -1 EINVAL (Invalid argument)
30594 brk(NULL)                         = 0x361db000
30594 brk(0x361dbdc0)                   = 0x361dbdc0
30594 arch_prctl(ARCH_SET_FS, 0x361db3c0) = 0
30594 set_tid_address(0x361db690)       = 30594
30594 set_robust_list(0x361db6a0, 24)   = 0
30594 rseq(0x361dbd60, 0x20, 0, 0x53053053) = 0
30594 uname({sysname="Linux", nodename="syzkaller", ...}) = 0
30594 prlimit64(0, RLIMIT_STACK, NULL, {rlim_cur=8192*1024, rlim_max=RLIM64_INFINITY}) = 0
30594 readlink("/proc/self/exe", "/mnt/cortenmm/bench/mmbench/mmbench", 4096) = 35
30594 getrandom("\x75\xc0\x97\x29\xfb\x27\x48\xb1", 8, GRND_NONBLOCK) = 8
30594 brk(0x361fcdc0)                   = 0x361fcdc0
30594 brk(0x361fd000)                   = 0x361fd000
30594 mprotect(0x4f6000, 16384, PROT_READ) = 0
30594 write(2, "mmbench: arena clamped to 718 MB/thread (requested 1024 MB) to keep VA+RSS <= 1500 MB\n", 86) = 86
30594 write(2, "mmbench: bench=unmap contention=high threads=1 arena=718 MB (shared)\n", 69) = 69
30594 prlimit64(0, RLIMIT_AS, NULL, {rlim_cur=RLIM64_INFINITY, rlim_max=RLIM64_INFINITY}) = 0
30594 mmap(NULL, 752877568, PROT_READ|PROT_WRITE, MAP_PRIVATE|MAP_ANONYMOUS|MAP_NORESERVE, -1, 0) = 0x7efda2c65000
30594 write(2, "mmbench: shared arena 718 MB, 45952 chunks, bitmap 45952 B\n", 59) = 59
30594 rt_sigaction(SIGRT_1, {sa_handler=0x497070, sa_mask=[], sa_flags=SA_RESTORER|SA_ONSTACK|SA_RESTART|SA_SIGINFO, sa_restorer=0x47db20}, NULL, 8) = 0
30594 rt_sigprocmask(SIG_UNBLOCK, [RTMIN RT_1], NULL, 8) = 0
30594 mmap(NULL, 8392704, PROT_NONE, MAP_PRIVATE|MAP_ANONYMOUS|MAP_STACK, -1, 0) = 0x7efda2464000
30594 mprotect(0x7efda2465000, 8388608, PROT_READ|PROT_WRITE) = 0
30594 rt_sigprocmask(SIG_BLOCK, ~[], [], 8) = 0
30594 clone3({flags=CLONE_VM|CLONE_FS|CLONE_FILES|CLONE_SIGHAND|CLONE_THREAD|CLONE_SYSVSEM|CLONE_SETTLS|CLONE_PARENT_SETTID|CLONE_CHILD_CLEARTID, child_tid=0x7efda2c64910, parent_tid=0x7efda2c64910, exit_signal=0, stack=0x7efda2464000, stack_size=0x800280, tls=0x7efda2c64640} => {parent_tid=[30607]}, 88) = 30607
30607 rseq(0x7efda2c64fe0, 0x20, 0, 0x53053053 <unfinished ...>
30594 rt_sigprocmask(SIG_SETMASK, [],  <unfinished ...>
30607 <... rseq resumed>)               = 0
30594 <... rt_sigprocmask resumed>NULL, 8) = 0
30607 set_robust_list(0x7efda2c64920, 24 <unfinished ...>
30594 futex(0x7ffec40f2844, FUTEX_WAIT_PRIVATE, 0, NULL <unfinished ...>
30607 <... set_robust_list resumed>)    = 0
30607 rt_sigprocmask(SIG_SETMASK, [], NULL, 8) = 0
30607 futex(0x7ffec40f2844, FUTEX_WAKE_PRIVATE, 2147483647 <unfinished ...>
30594 <... futex resumed>)              = 0
30607 <... futex resumed>)              = 1
30594 futex(0x7ffec40f2864, FUTEX_WAIT_PRIVATE, 0, NULL <unfinished ...>
30607 munmap(0x7efdbefc9000, 16384)     = 0
30607 mmap(0x7efdbefc9000, 16384, PROT_READ|PROT_WRITE, MAP_PRIVATE|MAP_FIXED|MAP_ANONYMOUS|MAP_NORESERVE, -1, 0) = 0x7efdbefc9000
30607 munmap(0x7efdcadb1000, 16384)     = 0
30607 mmap(0x7efdcadb1000, 16384, PROT_READ|PROT_WRITE, MAP_PRIVATE|MAP_FIXED|MAP_ANONYMOUS|MAP_NORESERVE, -1, 0) = 0x7efdcadb1000
30607 munmap(0x7efda92fd000, 16384)     = 0
30607 mmap(0x7efda92fd000, 16384, PROT_READ|PROT_WRITE, MAP_PRIVATE|MAP_FIXED|MAP_ANONYMOUS|MAP_NORESERVE, -1, 0) = 0x7efda92fd000
30607 munmap(0x7efda637d000, 16384)     = 0
30607 mmap(0x7efda637d000, 16384, PROT_READ|PROT_WRITE, MAP_PRIVATE|MAP_FIXED|MAP_ANONYMOUS|MAP_NORESERVE, -1, 0) = 0x7efda637d000
30607 munmap(0x7efdbc211000, 16384)     = 0
30607 mmap(0x7efdbc211000, 16384, PROT_READ|PROT_WRITE, MAP_PRIVATE|MAP_FIXED|MAP_ANONYMOUS|MAP_NORESERVE, -1, 0) = 0x7efdbc211000
30607 munmap(0x7efdc0a85000, 16384)     = 0
30607 mmap(0x7efdc0a85000, 16384, PROT_READ|PROT_WRITE, MAP_PRIVATE|MAP_FIXED|MAP_ANONYMOUS|MAP_NORESERVE, -1, 0) = 0x7efdc0a85000
30607 munmap(0x7efdb0cb1000, 16384)     = 0
30607 mmap(0x7efdb0cb1000, 16384, PROT_READ|PROT_WRITE, MAP_PRIVATE|MAP_FIXED|MAP_ANONYMOUS|MAP_NORESERVE, -1, 0) = 0x7efdb0cb1000
30607 munmap(0x7efdb73a5000, 16384)     = 0
30607 mmap(0x7efdb73a5000, 16384, PROT_READ|PROT_WRITE, MAP_PRIVATE|MAP_FIXED|MAP_ANONYMOUS|MAP_NORESERVE, -1, 0) = 0x7efdb73a5000
30607 munmap(0x7efda8ea5000, 16384)     = 0
30607 mmap(0x7efda8ea5000, 16384, PROT_READ|PROT_WRITE, MAP_PRIVATE|MAP_FIXED|MAP_ANONYMOUS|MAP_NORESERVE, -1, 0) = 0x7efda8ea5000
30607 munmap(0x7efdbc23d000, 16384)     = 0
30607 mmap(0x7efdbc23d000, 16384, PROT_READ|PROT_WRITE, MAP_PRIVATE|MAP_FIXED|MAP_ANONYMOUS|MAP_NORESERVE, -1, 0) = 0x7efdbc23d000
30607 munmap(0x7efdaae8d000, 16384)     = 0
30607 mmap(0x7efdaae8d000, 16384, PROT_READ|PROT_WRITE, MAP_PRIVATE|MAP_FIXED|MAP_ANONYMOUS|MAP_NORESERVE, -1, 0) = 0x7efdaae8d000
30607 munmap(0x7efdbe15d000, 16384)     = 0
30607 mmap(0x7efdbe15d000, 16384, PROT_READ|PROT_WRITE, MAP_PRIVATE|MAP_FIXED|MAP_ANONYMOUS|MAP_NORESERVE, -1, 0) = 0x7efdbe15d000
30607 munmap(0x7efdada45000, 16384)     = 0
30607 mmap(0x7efdada45000, 16384, PROT_READ|PROT_WRITE, MAP_PRIVATE|MAP_FIXED|MAP_ANONYMOUS|MAP_NORESERVE, -1, 0) = 0x7efdada45000
30607 munmap(0x7efdca88d000, 16384)     = 0
30607 mmap(0x7efdca88d000, 16384, PROT_READ|PROT_WRITE, MAP_PRIVATE|MAP_FIXED|MAP_ANONYMOUS|MAP_NORESERVE, -1, 0) = 0x7efdca88d000
30607 munmap(0x7efdc9761000, 16384)     = 0
30607 mmap(0x7efdc9761000, 16384, PROT_READ|PROT_WRITE, MAP_PRIVATE|MAP_FIXED|MAP_ANONYMOUS|MAP_NORESERVE, -1, 0) = 0x7efdc9761000
30607 munmap(0x7efdc60e5000, 16384)     = 0
30607 mmap(0x7efdc60e5000, 16384, PROT_READ|PROT_WRITE, MAP_PRIVATE|MAP_FIXED|MAP_ANONYMOUS|MAP_NORESERVE, -1, 0) = 0x7efdc60e5000
30607 munmap(0x7efdabfe5000, 16384)     = 0
30607 mmap(0x7efdabfe5000, 16384, PROT_READ|PROT_WRITE, MAP_PRIVATE|MAP_FIXED|MAP_ANONYMOUS|MAP_NORESERVE, -1, 0) = 0x7efdabfe5000
30607 munmap(0x7efdaa839000, 16384)     = 0
30607 mmap(0x7efdaa839000, 16384, PROT_READ|PROT_WRITE, MAP_PRIVATE|MAP_FIXED|MAP_ANONYMOUS|MAP_NORESERVE, -1, 0) = 0x7efdaa839000
30607 munmap(0x7efdb6535000, 16384)     = 0
30607 mmap(0x7efdb6535000, 16384, PROT_READ|PROT_WRITE, MAP_PRIVATE|MAP_FIXED|MAP_ANONYMOUS|MAP_NORESERVE, -1, 0) = 0x7efdb6535000
30607 munmap(0x7efdb9859000, 16384)     = 0
30607 mmap(0x7efdb9859000, 16384, PROT_READ|PROT_WRITE, MAP_PRIVATE|MAP_FIXED|MAP_ANONYMOUS|MAP_NORESERVE, -1, 0) = 0x7efdb9859000
30607 munmap(0x7efdc2759000, 16384)     = 0
30607 mmap(0x7efdc2759000, 16384, PROT_READ|PROT_WRITE, MAP_PRIVATE|MAP_FIXED|MAP_ANONYMOUS|MAP_NORESERVE, -1, 0) = 0x7efdc2759000
30607 munmap(0x7efdb2101000, 16384)     = 0
30607 mmap(0x7efdb2101000, 16384, PROT_READ|PROT_WRITE, MAP_PRIVATE|MAP_FIXED|MAP_ANONYMOUS|MAP_NORESERVE, -1, 0) = 0x7efdb2101000
30607 munmap(0x7efdc9bd1000, 16384)     = 0
30607 mmap(0x7efdc9bd1000, 16384, PROT_READ|PROT_WRITE, MAP_PRIVATE|MAP_FIXED|MAP_ANONYMOUS|MAP_NORESERVE, -1, 0) = 0x7efdc9bd1000
30607 munmap(0x7efdc5455000, 16384)     = 0
30607 mmap(0x7efdc5455000, 16384, PROT_READ|PROT_WRITE, MAP_PRIVATE|MAP_FIXED|MAP_ANONYMOUS|MAP_NORESERVE, -1, 0) = 0x7efdc5455000
30607 munmap(0x7efdbda05000, 16384)     = 0
30607 mmap(0x7efdbda05000, 16384, PROT_READ|PROT_WRITE, MAP_PRIVATE|MAP_FIXED|MAP_ANONYMOUS|MAP_NORESERVE, -1, 0) = 0x7efdbda05000
30607 munmap(0x7efda7755000, 16384)     = 0
30607 mmap(0x7efda7755000, 16384, PROT_READ|PROT_WRITE, MAP_PRIVATE|MAP_FIXED|MAP_ANONYMOUS|MAP_NORESERVE, -1, 0) = 0x7efda7755000
30607 munmap(0x7efda61a9000, 16384)     = 0
30607 mmap(0x7efda61a9000, 16384, PROT_READ|PROT_WRITE, MAP_PRIVATE|MAP_FIXED|MAP_ANONYMOUS|MAP_NORESERVE, -1, 0) = 0x7efda61a9000
30607 munmap(0x7efdc01ed000, 16384)     = 0
30607 mmap(0x7efdc01ed000, 16384, PROT_READ|PROT_WRITE, MAP_PRIVATE|MAP_FIXED|MAP_ANONYMOUS|MAP_NORESERVE, -1, 0) = 0x7efdc01ed000
30607 munmap(0x7efda45d1000, 16384)     = 0
30607 mmap(0x7efda45d1000, 16384, PROT_READ|PROT_WRITE, MAP_PRIVATE|MAP_FIXED|MAP_ANONYMOUS|MAP_NORESERVE, -1, 0) = 0x7efda45d1000
30607 munmap(0x7efdc8655000, 16384)     = 0
30607 mmap(0x7efdc8655000, 16384, PROT_READ|PROT_WRITE, MAP_PRIVATE|MAP_FIXED|MAP_ANONYMOUS|MAP_NORESERVE, -1, 0) = 0x7efdc8655000
30607 munmap(0x7efdc7b21000, 16384)     = 0
30607 mmap(0x7efdc7b21000, 16384, PROT_READ|PROT_WRITE, MAP_PRIVATE|MAP_FIXED|MAP_ANONYMOUS|MAP_NORESERVE, -1, 0) = 0x7efdc7b21000
30607 munmap(0x7efdaeff1000, 16384)     = 0
30607 mmap(0x7efdaeff1000, 16384, PROT_READ|PROT_WRITE, MAP_PRIVATE|MAP_FIXED|MAP_ANONYMOUS|MAP_NORESERVE, -1, 0) = 0x7efdaeff1000
30607 munmap(0x7efdc083d000, 16384)     = 0
30607 mmap(0x7efdc083d000, 16384, PROT_READ|PROT_WRITE, MAP_PRIVATE|MAP_FIXED|MAP_ANONYMOUS|MAP_NORESERVE, -1, 0) = 0x7efdc083d000
30607 munmap(0x7efdb7119000, 16384)     = 0
30607 mmap(0x7efdb7119000, 16384, PROT_READ|PROT_WRITE, MAP_PRIVATE|MAP_FIXED|MAP_ANONYMOUS|MAP_NORESERVE, -1, 0) = 0x7efdb7119000
30607 munmap(0x7efdc4749000, 16384)     = 0
30607 mmap(0x7efdc4749000, 16384, PROT_READ|PROT_WRITE, MAP_PRIVATE|MAP_FIXED|MAP_ANONYMOUS|MAP_NORESERVE, -1, 0) = 0x7efdc4749000
30607 munmap(0x7efdc74a9000, 16384)     = 0
30607 mmap(0x7efdc74a9000, 16384, PROT_READ|PROT_WRITE, MAP_PRIVATE|MAP_FIXED|MAP_ANONYMOUS|MAP_NORESERVE, -1, 0) = 0x7efdc74a9000
30607 munmap(0x7efdae8e9000, 16384)     = 0
30607 mmap(0x7efdae8e9000, 16384, PROT_READ|PROT_WRITE, MAP_PRIVATE|MAP_FIXED|MAP_ANONYMOUS|MAP_NORESERVE, -1, 0) = 0x7efdae8e9000
30607 munmap(0x7efdcad61000, 16384)     = 0
30607 mmap(0x7efdcad61000, 16384, PROT_READ|PROT_WRITE, MAP_PRIVATE|MAP_FIXED|MAP_ANONYMOUS|MAP_NORESERVE, -1, 0) = 0x7efdcad61000
30607 munmap(0x7efdc7559000, 16384)     = 0
30607 mmap(0x7efdc7559000, 16384, PROT_READ|PROT_WRITE, MAP_PRIVATE|MAP_FIXED|MAP_ANONYMOUS|MAP_NORESERVE, -1, 0) = 0x7efdc7559000
30607 munmap(0x7efdb18ed000, 16384)     = 0
30607 mmap(0x7efdb18ed000, 16384, PROT_READ|PROT_WRITE, MAP_PRIVATE|MAP_FIXED|MAP_ANONYMOUS|MAP_NORESERVE, -1, 0) = 0x7efdb18ed000
30607 munmap(0x7efda6d5d000, 16384)     = 0
30607 mmap(0x7efda6d5d000, 16384, PROT_READ|PROT_WRITE, MAP_PRIVATE|MAP_FIXED|MAP_ANONYMOUS|MAP_NORESERVE, -1, 0) = 0x7efda6d5d000
30607 munmap(0x7efdad865000, 16384)     = 0
30607 mmap(0x7efdad865000, 16384, PROT_READ|PROT_WRITE, MAP_PRIVATE|MAP_FIXED|MAP_ANONYMOUS|MAP_NORESERVE, -1, 0) = 0x7efdad865000
30607 munmap(0x7efdaccd1000, 16384)     = 0
30607 mmap(0x7efdaccd1000, 16384, PROT_READ|PROT_WRITE, MAP_PRIVATE|MAP_FIXED|MAP_ANONYMOUS|MAP_NORESERVE, -1, 0) = 0x7efdaccd1000
30607 munmap(0x7efdc6865000, 16384)     = 0
30607 mmap(0x7efdc6865000, 16384, PROT_READ|PROT_WRITE, MAP_PRIVATE|MAP_FIXED|MAP_ANONYMOUS|MAP_NORESERVE, -1, 0) = 0x7efdc6865000
30607 munmap(0x7efdc9fd1000, 16384)     = 0
30607 mmap(0x7efdc9fd1000, 16384, PROT_READ|PROT_WRITE, MAP_PRIVATE|MAP_FIXED|MAP_ANONYMOUS|MAP_NORESERVE, -1, 0) = 0x7efdc9fd1000
30607 munmap(0x7efdc2c61000, 16384)     = 0
30607 mmap(0x7efdc2c61000, 16384, PROT_READ|PROT_WRITE, MAP_PRIVATE|MAP_FIXED|MAP_ANONYMOUS|MAP_NORESERVE, -1, 0) = 0x7efdc2c61000
30607 munmap(0x7efdac7c5000, 16384)     = 0
30607 mmap(0x7efdac7c5000, 16384, PROT_READ|PROT_WRITE, MAP_PRIVATE|MAP_FIXED|MAP_ANONYMOUS|MAP_NORESERVE, -1, 0) = 0x7efdac7c5000
30607 munmap(0x7efdc1cd1000, 16384)     = 0
30607 mmap(0x7efdc1cd1000, 16384, PROT_READ|PROT_WRITE, MAP_PRIVATE|MAP_FIXED|MAP_ANONYMOUS|MAP_NORESERVE, -1, 0) = 0x7efdc1cd1000
30607 munmap(0x7efda7a69000, 16384)     = 0
30607 mmap(0x7efda7a69000, 16384, PROT_READ|PROT_WRITE, MAP_PRIVATE|MAP_FIXED|MAP_ANONYMOUS|MAP_NORESERVE, -1, 0) = 0x7efda7a69000
30607 munmap(0x7efdb980d000, 16384)     = 0
30607 mmap(0x7efdb980d000, 16384, PROT_READ|PROT_WRITE, MAP_PRIVATE|MAP_FIXED|MAP_ANONYMOUS|MAP_NORESERVE, -1, 0) = 0x7efdb980d000
30607 munmap(0x7efda99a1000, 16384)     = 0
30607 mmap(0x7efda99a1000, 16384, PROT_READ|PROT_WRITE, MAP_PRIVATE|MAP_FIXED|MAP_ANONYMOUS|MAP_NORESERVE, -1, 0) = 0x7efda99a1000
30607 munmap(0x7efdb3211000, 16384)     = 0
30607 mmap(0x7efdb3211000, 16384, PROT_READ|PROT_WRITE, MAP_PRIVATE|MAP_FIXED|MAP_ANONYMOUS|MAP_NORESERVE, -1, 0) = 0x7efdb3211000
30607 munmap(0x7efdcd77d000, 16384)     = 0
30607 mmap(0x7efdcd77d000, 16384, PROT_READ|PROT_WRITE, MAP_PRIVATE|MAP_FIXED|MAP_ANONYMOUS|MAP_NORESERVE, -1, 0) = 0x7efdcd77d000
30607 munmap(0x7efdaa9ad000, 16384)     = 0
30607 mmap(0x7efdaa9ad000, 16384, PROT_READ|PROT_WRITE, MAP_PRIVATE|MAP_FIXED|MAP_ANONYMOUS|MAP_NORESERVE, -1, 0) = 0x7efdaa9ad000
30607 munmap(0x7efda5b41000, 16384)     = 0
30607 mmap(0x7efda5b41000, 16384, PROT_READ|PROT_WRITE, MAP_PRIVATE|MAP_FIXED|MAP_ANONYMOUS|MAP_NORESERVE, -1, 0) = 0x7efda5b41000
30607 munmap(0x7efda4919000, 16384)     = 0
30607 mmap(0x7efda4919000, 16384, PROT_READ|PROT_WRITE, MAP_PRIVATE|MAP_FIXED|MAP_ANONYMOUS|MAP_NORESERVE, -1, 0) = 0x7efda4919000
30607 munmap(0x7efdacfe5000, 16384)     = 0
30607 mmap(0x7efdacfe5000, 16384, PROT_READ|PROT_WRITE, MAP_PRIVATE|MAP_FIXED|MAP_ANONYMOUS|MAP_NORESERVE, -1, 0) = 0x7efdacfe5000
30607 munmap(0x7efdc503d000, 16384)     = 0
30607 mmap(0x7efdc503d000, 16384, PROT_READ|PROT_WRITE, MAP_PRIVATE|MAP_FIXED|MAP_ANONYMOUS|MAP_NORESERVE, -1, 0) = 0x7efdc503d000
30607 munmap(0x7efdc49b1000, 16384)     = 0
30607 mmap(0x7efdc49b1000, 16384, PROT_READ|PROT_WRITE, MAP_PRIVATE|MAP_FIXED|MAP_ANONYMOUS|MAP_NORESERVE, -1, 0) = 0x7efdc49b1000
30607 munmap(0x7efdc3569000, 16384)     = 0
30607 mmap(0x7efdc3569000, 16384, PROT_READ|PROT_WRITE, MAP_PRIVATE|MAP_FIXED|MAP_ANONYMOUS|MAP_NORESERVE, -1, 0) = 0x7efdc3569000
30607 munmap(0x7efdb891d000, 16384)     = 0
30607 mmap(0x7efdb891d000, 16384, PROT_READ|PROT_WRITE, MAP_PRIVATE|MAP_FIXED|MAP_ANONYMOUS|MAP_NORESERVE, -1, 0) = 0x7efdb891d000
30607 munmap(0x7efdcf22d000, 16384)     = 0
30607 mmap(0x7efdcf22d000, 16384, PROT_READ|PROT_WRITE, MAP_PRIVATE|MAP_FIXED|MAP_ANONYMOUS|MAP_NORESERVE, -1, 0) = 0x7efdcf22d000
30607 munmap(0x7efdb3481000, 16384)     = 0
30607 mmap(0x7efdb3481000, 16384, PROT_READ|PROT_WRITE, MAP_PRIVATE|MAP_FIXED|MAP_ANONYMOUS|MAP_NORESERVE, -1, 0) = 0x7efdb3481000
30607 munmap(0x7efdc9311000, 16384)     = 0
30607 mmap(0x7efdc9311000, 16384, PROT_READ|PROT_WRITE, MAP_PRIVATE|MAP_FIXED|MAP_ANONYMOUS|MAP_NORESERVE, -1, 0) = 0x7efdc9311000
30607 munmap(0x7efdc39fd000, 16384)     = 0
30607 mmap(0x7efdc39fd000, 16384, PROT_READ|PROT_WRITE, MAP_PRIVATE|MAP_FIXED|MAP_ANONYMOUS|MAP_NORESERVE, -1, 0) = 0x7efdc39fd000
30607 munmap(0x7efda55f9000, 16384)     = 0
30607 mmap(0x7efda55f9000, 16384, PROT_READ|PROT_WRITE, MAP_PRIVATE|MAP_FIXED|MAP_ANONYMOUS|MAP_NORESERVE, -1, 0) = 0x7efda55f9000
30607 munmap(0x7efdae2fd000, 16384)     = 0
30607 mmap(0x7efdae2fd000, 16384, PROT_READ|PROT_WRITE, MAP_PRIVATE|MAP_FIXED|MAP_ANONYMOUS|MAP_NORESERVE, -1, 0) = 0x7efdae2fd000
30607 munmap(0x7efdb8d8d000, 16384)     = 0
30607 mmap(0x7efdb8d8d000, 16384, PROT_READ|PROT_WRITE, MAP_PRIVATE|MAP_FIXED|MAP_ANONYMOUS|MAP_NORESERVE, -1, 0) = 0x7efdb8d8d000
30607 munmap(0x7efdbc479000, 16384)     = 0
30607 mmap(0x7efdbc479000, 16384, PROT_READ|PROT_WRITE, MAP_PRIVATE|MAP_FIXED|MAP_ANONYMOUS|MAP_NORESERVE, -1, 0) = 0x7efdbc479000
30607 munmap(0x7efdb514d000, 16384)     = 0
30607 mmap(0x7efdb514d000, 16384, PROT_READ|PROT_WRITE, MAP_PRIVATE|MAP_FIXED|MAP_ANONYMOUS|MAP_NORESERVE, -1, 0) = 0x7efdb514d000
30607 munmap(0x7efdb1709000, 16384)     = 0
30607 mmap(0x7efdb1709000, 16384, PROT_READ|PROT_WRITE, MAP_PRIVATE|MAP_FIXED|MAP_ANONYMOUS|MAP_NORESERVE, -1, 0) = 0x7efdb1709000
30607 munmap(0x7efdcc4d9000, 16384)     = 0
30607 mmap(0x7efdcc4d9000, 16384, PROT_READ|PROT_WRITE, MAP_PRIVATE|MAP_FIXED|MAP_ANONYMOUS|MAP_NORESERVE, -1, 0) = 0x7efdcc4d9000
30607 munmap(0x7efdbb379000, 16384)     = 0
30607 mmap(0x7efdbb379000, 16384, PROT_READ|PROT_WRITE, MAP_PRIVATE|MAP_FIXED|MAP_ANONYMOUS|MAP_NORESERVE, -1, 0) = 0x7efdbb379000
30607 munmap(0x7efdb0589000, 16384)     = 0
30607 mmap(0x7efdb0589000, 16384, PROT_READ|PROT_WRITE, MAP_PRIVATE|MAP_FIXED|MAP_ANONYMOUS|MAP_NORESERVE, -1, 0) = 0x7efdb0589000
30607 munmap(0x7efda5c19000, 16384)     = 0
30607 mmap(0x7efda5c19000, 16384, PROT_READ|PROT_WRITE, MAP_PRIVATE|MAP_FIXED|MAP_ANONYMOUS|MAP_NORESERVE, -1, 0) = 0x7efda5c19000
30607 munmap(0x7efdcc475000, 16384)     = 0
30607 mmap(0x7efdcc475000, 16384, PROT_READ|PROT_WRITE, MAP_PRIVATE|MAP_FIXED|MAP_ANONYMOUS|MAP_NORESERVE, -1, 0) = 0x7efdcc475000
30607 munmap(0x7efdb45d9000, 16384)     = 0
30607 mmap(0x7efdb45d9000, 16384, PROT_READ|PROT_WRITE, MAP_PRIVATE|MAP_FIXED|MAP_ANONYMOUS|MAP_NORESERVE, -1, 0) = 0x7efdb45d9000
30607 munmap(0x7efdb7799000, 16384)     = 0
30607 mmap(0x7efdb7799000, 16384, PROT_READ|PROT_WRITE, MAP_PRIVATE|MAP_FIXED|MAP_ANONYMOUS|MAP_NORESERVE, -1, 0) = 0x7efdb7799000
30607 munmap(0x7efdb054d000, 16384)     = 0
30607 mmap(0x7efdb054d000, 16384, PROT_READ|PROT_WRITE, MAP_PRIVATE|MAP_FIXED|MAP_ANONYMOUS|MAP_NORESERVE, -1, 0) = 0x7efdb054d000
30607 munmap(0x7efdb36a5000, 16384)     = 0
30607 mmap(0x7efdb36a5000, 16384, PROT_READ|PROT_WRITE, MAP_PRIVATE|MAP_FIXED|MAP_ANONYMOUS|MAP_NORESERVE, -1, 0) = 0x7efdb36a5000
30607 munmap(0x7efdaae25000, 16384)     = 0
30607 mmap(0x7efdaae25000, 16384, PROT_READ|PROT_WRITE, MAP_PRIVATE|MAP_FIXED|MAP_ANONYMOUS|MAP_NORESERVE, -1, 0) = 0x7efdaae25000
30607 munmap(0x7efdbc255000, 16384)     = 0
30607 mmap(0x7efdbc255000, 16384, PROT_READ|PROT_WRITE, MAP_PRIVATE|MAP_FIXED|MAP_ANONYMOUS|MAP_NORESERVE, -1, 0) = 0x7efdbc255000
30607 munmap(0x7efda51dd000, 16384)     = 0
30607 mmap(0x7efda51dd000, 16384, PROT_READ|PROT_WRITE, MAP_PRIVATE|MAP_FIXED|MAP_ANONYMOUS|MAP_NORESERVE, -1, 0) = 0x7efda51dd000
30607 munmap(0x7efdab945000, 16384)     = 0
30607 mmap(0x7efdab945000, 16384, PROT_READ|PROT_WRITE, MAP_PRIVATE|MAP_FIXED|MAP_ANONYMOUS|MAP_NORESERVE, -1, 0) = 0x7efdab945000
30607 munmap(0x7efdac729000, 16384)     = 0
30607 mmap(0x7efdac729000, 16384, PROT_READ|PROT_WRITE, MAP_PRIVATE|MAP_FIXED|MAP_ANONYMOUS|MAP_NORESERVE, -1, 0) = 0x7efdac729000
30607 munmap(0x7efda5435000, 16384)     = 0
30607 mmap(0x7efda5435000, 16384, PROT_READ|PROT_WRITE, MAP_PRIVATE|MAP_FIXED|MAP_ANONYMOUS|MAP_NORESERVE, -1, 0) = 0x7efda5435000
30607 munmap(0x7efdc39e1000, 16384)     = 0
30607 mmap(0x7efdc39e1000, 16384, PROT_READ|PROT_WRITE, MAP_PRIVATE|MAP_FIXED|MAP_ANONYMOUS|MAP_NORESERVE, -1, 0) = 0x7efdc39e1000
30607 munmap(0x7efdcf6d1000, 16384)     = 0
30607 mmap(0x7efdcf6d1000, 16384, PROT_READ|PROT_WRITE, MAP_PRIVATE|MAP_FIXED|MAP_ANONYMOUS|MAP_NORESERVE, -1, 0) = 0x7efdcf6d1000
30607 munmap(0x7efdcf241000, 16384)     = 0
30607 mmap(0x7efdcf241000, 16384, PROT_READ|PROT_WRITE, MAP_PRIVATE|MAP_FIXED|MAP_ANONYMOUS|MAP_NORESERVE, -1, 0) = 0x7efdcf241000
30607 munmap(0x7efdb448d000, 16384)     = 0
30607 mmap(0x7efdb448d000, 16384, PROT_READ|PROT_WRITE, MAP_PRIVATE|MAP_FIXED|MAP_ANONYMOUS|MAP_NORESERVE, -1, 0) = 0x7efdb448d000
30607 munmap(0x7efdc2175000, 16384)     = 0
30607 mmap(0x7efdc2175000, 16384, PROT_READ|PROT_WRITE, MAP_PRIVATE|MAP_FIXED|MAP_ANONYMOUS|MAP_NORESERVE, -1, 0) = 0x7efdc2175000
30607 munmap(0x7efdca809000, 16384)     = 0
30607 mmap(0x7efdca809000, 16384, PROT_READ|PROT_WRITE, MAP_PRIVATE|MAP_FIXED|MAP_ANONYMOUS|MAP_NORESERVE, -1, 0) = 0x7efdca809000
30607 munmap(0x7efdcaf05000, 16384)     = 0
30607 mmap(0x7efdcaf05000, 16384, PROT_READ|PROT_WRITE, MAP_PRIVATE|MAP_FIXED|MAP_ANONYMOUS|MAP_NORESERVE, -1, 0) = 0x7efdcaf05000
30607 munmap(0x7efdb3e35000, 16384)     = 0
30607 mmap(0x7efdb3e35000, 16384, PROT_READ|PROT_WRITE, MAP_PRIVATE|MAP_FIXED|MAP_ANONYMOUS|MAP_NORESERVE, -1, 0) = 0x7efdb3e35000
30607 munmap(0x7efdc8859000, 16384)     = 0
30607 mmap(0x7efdc8859000, 16384, PROT_READ|PROT_WRITE, MAP_PRIVATE|MAP_FIXED|MAP_ANONYMOUS|MAP_NORESERVE, -1, 0) = 0x7efdc8859000
30607 munmap(0x7efdba885000, 16384)     = 0
30607 mmap(0x7efdba885000, 16384, PROT_READ|PROT_WRITE, MAP_PRIVATE|MAP_FIXED|MAP_ANONYMOUS|MAP_NORESERVE, -1, 0) = 0x7efdba885000
30607 munmap(0x7efdcc1ad000, 16384)     = 0
30607 mmap(0x7efdcc1ad000, 16384, PROT_READ|PROT_WRITE, MAP_PRIVATE|MAP_FIXED|MAP_ANONYMOUS|MAP_NORESERVE, -1, 0) = 0x7efdcc1ad000
30607 munmap(0x7efda90d5000, 16384)     = 0
30607 mmap(0x7efda90d5000, 16384, PROT_READ|PROT_WRITE, MAP_PRIVATE|MAP_FIXED|MAP_ANONYMOUS|MAP_NORESERVE, -1, 0) = 0x7efda90d5000
30607 munmap(0x7efdcf15d000, 16384)     = 0
30607 mmap(0x7efdcf15d000, 16384, PROT_READ|PROT_WRITE, MAP_PRIVATE|MAP_FIXED|MAP_ANONYMOUS|MAP_NORESERVE, -1, 0) = 0x7efdcf15d000
30607 munmap(0x7efdb8465000, 16384)     = 0
30607 mmap(0x7efdb8465000, 16384, PROT_READ|PROT_WRITE, MAP_PRIVATE|MAP_FIXED|MAP_ANONYMOUS|MAP_NORESERVE, -1, 0) = 0x7efdb8465000
30607 munmap(0x7efdad77d000, 16384)     = 0
30607 mmap(0x7efdad77d000, 16384, PROT_READ|PROT_WRITE, MAP_PRIVATE|MAP_FIXED|MAP_ANONYMOUS|MAP_NORESERVE, -1, 0) = 0x7efdad77d000
30607 munmap(0x7efda8ae5000, 16384)     = 0
30607 mmap(0x7efda8ae5000, 16384, PROT_READ|PROT_WRITE, MAP_PRIVATE|MAP_FIXED|MAP_ANONYMOUS|MAP_NORESERVE, -1, 0) = 0x7efda8ae5000
30607 munmap(0x7efdbffe1000, 16384)     = 0
30607 mmap(0x7efdbffe1000, 16384, PROT_READ|PROT_WRITE, MAP_PRIVATE|MAP_FIXED|MAP_ANONYMOUS|MAP_NORESERVE, -1, 0) = 0x7efdbffe1000
30607 munmap(0x7efda68c1000, 16384)     = 0
30607 mmap(0x7efda68c1000, 16384, PROT_READ|PROT_WRITE, MAP_PRIVATE|MAP_FIXED|MAP_ANONYMOUS|MAP_NORESERVE, -1, 0) = 0x7efda68c1000
30607 munmap(0x7efdc1611000, 16384)     = 0
30607 mmap(0x7efdc1611000, 16384, PROT_READ|PROT_WRITE, MAP_PRIVATE|MAP_FIXED|MAP_ANONYMOUS|MAP_NORESERVE, -1, 0) = 0x7efdc1611000
30607 munmap(0x7efdbf9f5000, 16384)     = 0
30607 mmap(0x7efdbf9f5000, 16384, PROT_READ|PROT_WRITE, MAP_PRIVATE|MAP_FIXED|MAP_ANONYMOUS|MAP_NORESERVE, -1, 0) = 0x7efdbf9f5000
30607 futex(0x7ffec40f2864, FUTEX_WAKE_PRIVATE, 2147483647) = 1
30594 <... futex resumed>)              = 0
30607 rt_sigprocmask(SIG_BLOCK, ~[RT_1],  <unfinished ...>
30594 futex(0x7efda2c64910, FUTEX_WAIT_BITSET|FUTEX_CLOCK_REALTIME, 30607, NULL, FUTEX_BITSET_MATCH_ANY <unfinished ...>
30607 <... rt_sigprocmask resumed>NULL, 8) = 0
30607 madvise(0x7efda2464000, 8372224, MADV_DONTNEED) = 0
30607 exit(0)                           = ?
30594 <... futex resumed>)              = 0
30594 openat(AT_FDCWD, "/proc/self/statm", O_RDONLY) = 3
30594 newfstatat(3, "", {st_mode=S_IFREG|0444, st_size=0, ...}, AT_EMPTY_PATH) = 0
30594 read(3, "186209 183921 86 199 0 185931 0\n", 1024) = 32
30594 write(2, "mmbench: peak RSS ~718 MB\n", 26) = 26
30594 close(3)                          = 0
30594 uname({sysname="Linux", nodename="syzkaller", ...}) = 0
30594 uname({sysname="Linux", nodename="syzkaller", ...}) = 0
30594 newfstatat(1, "", {st_mode=S_IFCHR|0666, st_rdev=makedev(0x1, 0x3), ...}, AT_EMPTY_PATH) = 0
30594 ioctl(1, TCGETS, 0x7ffec40f1f60)  = -1 ENOTTY (Inappropriate ioctl for device)
30594 write(1, "{\"bench\":\"unmap\",\"contention\":\"high\",\"threads\":1,\"ops\":106,\"elapsed_s\":1.013,\"ops_per_us\":0.0002"..., 190) = 190
30594 munmap(0x7efda2c65000, 752877568) = 0
30594 exit_group(0)                     = ?
