28824 execve("/mnt/cortenmm/bench/mmbench/mmbench", ["/mnt/cortenmm/bench/mmbench/mmbench", "unmap-virt", "high", "1", "1", "20264045"], 0x7fffc4752cd8 /* 28 vars */) = 0
28824 arch_prctl(0x3001 /* ARCH_??? */, 0x7ffd7dd48720) = -1 EINVAL (Invalid argument)
28824 brk(NULL)                         = 0x302ea000
28824 brk(0x302eadc0)                   = 0x302eadc0
28824 arch_prctl(ARCH_SET_FS, 0x302ea3c0) = 0
28824 set_tid_address(0x302ea690)       = 28824
28824 set_robust_list(0x302ea6a0, 24)   = 0
28824 rseq(0x302ead60, 0x20, 0, 0x53053053) = 0
28824 uname({sysname="Linux", nodename="syzkaller", ...}) = 0
28824 prlimit64(0, RLIMIT_STACK, NULL, {rlim_cur=8192*1024, rlim_max=RLIM64_INFINITY}) = 0
28824 readlink("/proc/self/exe", "/mnt/cortenmm/bench/mmbench/mmbench", 4096) = 35
28824 getrandom("\x5d\x76\xae\xcb\xf0\xc8\xf0\xfe", 8, GRND_NONBLOCK) = 8
28824 brk(0x3030bdc0)                   = 0x3030bdc0
28824 brk(0x3030c000)                   = 0x3030c000
28824 mprotect(0x4f6000, 16384, PROT_READ) = 0
28824 write(2, "mmbench: bench=unmap-virt contention=high threads=1 arena=1024 MB (shared)\n", 75) = 75
28824 prlimit64(0, RLIMIT_AS, NULL, {rlim_cur=RLIM64_INFINITY, rlim_max=RLIM64_INFINITY}) = 0
28824 mmap(NULL, 1073741824, PROT_READ|PROT_WRITE, MAP_PRIVATE|MAP_ANONYMOUS|MAP_NORESERVE, -1, 0) = 0x7f48011c6000
28824 write(2, "mmbench: shared arena 1024 MB, 65536 chunks, bitmap 65536 B\n", 60) = 60
28824 rt_sigaction(SIGRT_1, {sa_handler=0x497070, sa_mask=[], sa_flags=SA_RESTORER|SA_ONSTACK|SA_RESTART|SA_SIGINFO, sa_restorer=0x47db20}, NULL, 8) = 0
28824 rt_sigprocmask(SIG_UNBLOCK, [RTMIN RT_1], NULL, 8) = 0
28824 mmap(NULL, 8392704, PROT_NONE, MAP_PRIVATE|MAP_ANONYMOUS|MAP_STACK, -1, 0) = 0x7f48009c5000
28824 mprotect(0x7f48009c6000, 8388608, PROT_READ|PROT_WRITE) = 0
28824 rt_sigprocmask(SIG_BLOCK, ~[], [], 8) = 0
28824 clone3({flags=CLONE_VM|CLONE_FS|CLONE_FILES|CLONE_SIGHAND|CLONE_THREAD|CLONE_SYSVSEM|CLONE_SETTLS|CLONE_PARENT_SETTID|CLONE_CHILD_CLEARTID, child_tid=0x7f48011c5910, parent_tid=0x7f48011c5910, exit_signal=0, stack=0x7f48009c5000, stack_size=0x800280, tls=0x7f48011c5640} => {parent_tid=[28827]}, 88) = 28827
28827 rseq(0x7f48011c5fe0, 0x20, 0, 0x53053053 <unfinished ...>
28824 rt_sigprocmask(SIG_SETMASK, [],  <unfinished ...>
28827 <... rseq resumed>)               = 0
28824 <... rt_sigprocmask resumed>NULL, 8) = 0
28827 set_robust_list(0x7f48011c5920, 24 <unfinished ...>
28824 futex(0x7ffd7dd47ec4, FUTEX_WAIT_PRIVATE, 0, NULL <unfinished ...>
28827 <... set_robust_list resumed>)    = 0
28827 rt_sigprocmask(SIG_SETMASK, [], NULL, 8) = 0
28827 futex(0x7ffd7dd47ec4, FUTEX_WAKE_PRIVATE, 2147483647 <unfinished ...>
28824 <... futex resumed>)              = 0
28827 <... futex resumed>)              = 1
28824 futex(0x7ffd7dd47ee4, FUTEX_WAIT_PRIVATE, 0, NULL <unfinished ...>
28827 munmap(0x7f48214aa000, 16384)     = 0
28827 mmap(0x7f48214aa000, 16384, PROT_READ|PROT_WRITE, MAP_PRIVATE|MAP_FIXED|MAP_ANONYMOUS|MAP_NORESERVE, -1, 0) = 0x7f48214aa000
28827 munmap(0x7f481efd2000, 16384)     = 0
28827 mmap(0x7f481efd2000, 16384, PROT_READ|PROT_WRITE, MAP_PRIVATE|MAP_FIXED|MAP_ANONYMOUS|MAP_NORESERVE, -1, 0) = 0x7f481efd2000
28827 munmap(0x7f4834ef6000, 16384)     = 0
28827 mmap(0x7f4834ef6000, 16384, PROT_READ|PROT_WRITE, MAP_PRIVATE|MAP_FIXED|MAP_ANONYMOUS|MAP_NORESERVE, -1, 0) = 0x7f4834ef6000
28827 munmap(0x7f480f6a6000, 16384)     = 0
28827 mmap(0x7f480f6a6000, 16384, PROT_READ|PROT_WRITE, MAP_PRIVATE|MAP_FIXED|MAP_ANONYMOUS|MAP_NORESERVE, -1, 0) = 0x7f480f6a6000
28827 munmap(0x7f481ee6a000, 16384)     = 0
28827 mmap(0x7f481ee6a000, 16384, PROT_READ|PROT_WRITE, MAP_PRIVATE|MAP_FIXED|MAP_ANONYMOUS|MAP_NORESERVE, -1, 0) = 0x7f481ee6a000
28827 munmap(0x7f4828e62000, 16384)     = 0
28827 mmap(0x7f4828e62000, 16384, PROT_READ|PROT_WRITE, MAP_PRIVATE|MAP_FIXED|MAP_ANONYMOUS|MAP_NORESERVE, -1, 0) = 0x7f4828e62000
28827 munmap(0x7f482f4f2000, 16384)     = 0
28827 mmap(0x7f482f4f2000, 16384, PROT_READ|PROT_WRITE, MAP_PRIVATE|MAP_FIXED|MAP_ANONYMOUS|MAP_NORESERVE, -1, 0) = 0x7f482f4f2000
28827 munmap(0x7f4827952000, 16384)     = 0
28827 mmap(0x7f4827952000, 16384, PROT_READ|PROT_WRITE, MAP_PRIVATE|MAP_FIXED|MAP_ANONYMOUS|MAP_NORESERVE, -1, 0) = 0x7f4827952000
28827 munmap(0x7f481740a000, 16384)     = 0
28827 mmap(0x7f481740a000, 16384, PROT_READ|PROT_WRITE, MAP_PRIVATE|MAP_FIXED|MAP_ANONYMOUS|MAP_NORESERVE, -1, 0) = 0x7f481740a000
28827 munmap(0x7f481c55e000, 16384)     = 0
28827 mmap(0x7f481c55e000, 16384, PROT_READ|PROT_WRITE, MAP_PRIVATE|MAP_FIXED|MAP_ANONYMOUS|MAP_NORESERVE, -1, 0) = 0x7f481c55e000
28827 munmap(0x7f4823336000, 16384)     = 0
28827 mmap(0x7f4823336000, 16384, PROT_READ|PROT_WRITE, MAP_PRIVATE|MAP_FIXED|MAP_ANONYMOUS|MAP_NORESERVE, -1, 0) = 0x7f4823336000
28827 munmap(0x7f481723a000, 16384)     = 0
28827 mmap(0x7f481723a000, 16384, PROT_READ|PROT_WRITE, MAP_PRIVATE|MAP_FIXED|MAP_ANONYMOUS|MAP_NORESERVE, -1, 0) = 0x7f481723a000
28827 munmap(0x7f4837f8a000, 16384)     = 0
28827 mmap(0x7f4837f8a000, 16384, PROT_READ|PROT_WRITE, MAP_PRIVATE|MAP_FIXED|MAP_ANONYMOUS|MAP_NORESERVE, -1, 0) = 0x7f4837f8a000
28827 munmap(0x7f480961e000, 16384)     = 0
28827 mmap(0x7f480961e000, 16384, PROT_READ|PROT_WRITE, MAP_PRIVATE|MAP_FIXED|MAP_ANONYMOUS|MAP_NORESERVE, -1, 0) = 0x7f480961e000
28827 munmap(0x7f482a3ae000, 16384)     = 0
28827 mmap(0x7f482a3ae000, 16384, PROT_READ|PROT_WRITE, MAP_PRIVATE|MAP_FIXED|MAP_ANONYMOUS|MAP_NORESERVE, -1, 0) = 0x7f482a3ae000
28827 munmap(0x7f4823026000, 16384)     = 0
28827 mmap(0x7f4823026000, 16384, PROT_READ|PROT_WRITE, MAP_PRIVATE|MAP_FIXED|MAP_ANONYMOUS|MAP_NORESERVE, -1, 0) = 0x7f4823026000
28827 munmap(0x7f4818392000, 16384)     = 0
28827 mmap(0x7f4818392000, 16384, PROT_READ|PROT_WRITE, MAP_PRIVATE|MAP_FIXED|MAP_ANONYMOUS|MAP_NORESERVE, -1, 0) = 0x7f4818392000
28827 munmap(0x7f480bae6000, 16384)     = 0
28827 mmap(0x7f480bae6000, 16384, PROT_READ|PROT_WRITE, MAP_PRIVATE|MAP_FIXED|MAP_ANONYMOUS|MAP_NORESERVE, -1, 0) = 0x7f480bae6000
28827 munmap(0x7f480642e000, 16384)     = 0
28827 mmap(0x7f480642e000, 16384, PROT_READ|PROT_WRITE, MAP_PRIVATE|MAP_FIXED|MAP_ANONYMOUS|MAP_NORESERVE, -1, 0) = 0x7f480642e000
28827 munmap(0x7f48071e2000, 16384)     = 0
28827 mmap(0x7f48071e2000, 16384, PROT_READ|PROT_WRITE, MAP_PRIVATE|MAP_FIXED|MAP_ANONYMOUS|MAP_NORESERVE, -1, 0) = 0x7f48071e2000
28827 munmap(0x7f480ce6a000, 16384)     = 0
28827 mmap(0x7f480ce6a000, 16384, PROT_READ|PROT_WRITE, MAP_PRIVATE|MAP_FIXED|MAP_ANONYMOUS|MAP_NORESERVE, -1, 0) = 0x7f480ce6a000
28827 munmap(0x7f48112d6000, 16384)     = 0
28827 mmap(0x7f48112d6000, 16384, PROT_READ|PROT_WRITE, MAP_PRIVATE|MAP_FIXED|MAP_ANONYMOUS|MAP_NORESERVE, -1, 0) = 0x7f48112d6000
28827 munmap(0x7f483f7e6000, 16384)     = 0
28827 mmap(0x7f483f7e6000, 16384, PROT_READ|PROT_WRITE, MAP_PRIVATE|MAP_FIXED|MAP_ANONYMOUS|MAP_NORESERVE, -1, 0) = 0x7f483f7e6000
28827 munmap(0x7f483e11a000, 16384)     = 0
28827 mmap(0x7f483e11a000, 16384, PROT_READ|PROT_WRITE, MAP_PRIVATE|MAP_FIXED|MAP_ANONYMOUS|MAP_NORESERVE, -1, 0) = 0x7f483e11a000
28827 munmap(0x7f480bf26000, 16384)     = 0
28827 mmap(0x7f480bf26000, 16384, PROT_READ|PROT_WRITE, MAP_PRIVATE|MAP_FIXED|MAP_ANONYMOUS|MAP_NORESERVE, -1, 0) = 0x7f480bf26000
28827 munmap(0x7f481bcae000, 16384)     = 0
28827 mmap(0x7f481bcae000, 16384, PROT_READ|PROT_WRITE, MAP_PRIVATE|MAP_FIXED|MAP_ANONYMOUS|MAP_NORESERVE, -1, 0) = 0x7f481bcae000
28827 munmap(0x7f48056c2000, 16384)     = 0
28827 mmap(0x7f48056c2000, 16384, PROT_READ|PROT_WRITE, MAP_PRIVATE|MAP_FIXED|MAP_ANONYMOUS|MAP_NORESERVE, -1, 0) = 0x7f48056c2000
28827 munmap(0x7f4803fc2000, 16384)     = 0
28827 mmap(0x7f4803fc2000, 16384, PROT_READ|PROT_WRITE, MAP_PRIVATE|MAP_FIXED|MAP_ANONYMOUS|MAP_NORESERVE, -1, 0) = 0x7f4803fc2000
28827 munmap(0x7f4820fca000, 16384)     = 0
28827 mmap(0x7f4820fca000, 16384, PROT_READ|PROT_WRITE, MAP_PRIVATE|MAP_FIXED|MAP_ANONYMOUS|MAP_NORESERVE, -1, 0) = 0x7f4820fca000
28827 munmap(0x7f482ee2a000, 16384)     = 0
28827 mmap(0x7f482ee2a000, 16384, PROT_READ|PROT_WRITE, MAP_PRIVATE|MAP_FIXED|MAP_ANONYMOUS|MAP_NORESERVE, -1, 0) = 0x7f482ee2a000
28827 munmap(0x7f4802386000, 16384)     = 0
28827 mmap(0x7f4802386000, 16384, PROT_READ|PROT_WRITE, MAP_PRIVATE|MAP_FIXED|MAP_ANONYMOUS|MAP_NORESERVE, -1, 0) = 0x7f4802386000
28827 munmap(0x7f48166be000, 16384)     = 0
28827 mmap(0x7f48166be000, 16384, PROT_READ|PROT_WRITE, MAP_PRIVATE|MAP_FIXED|MAP_ANONYMOUS|MAP_NORESERVE, -1, 0) = 0x7f48166be000
28827 munmap(0x7f4831f9a000, 16384)     = 0
28827 mmap(0x7f4831f9a000, 16384, PROT_READ|PROT_WRITE, MAP_PRIVATE|MAP_FIXED|MAP_ANONYMOUS|MAP_NORESERVE, -1, 0) = 0x7f4831f9a000
28827 munmap(0x7f483326e000, 16384)     = 0
28827 mmap(0x7f483326e000, 16384, PROT_READ|PROT_WRITE, MAP_PRIVATE|MAP_FIXED|MAP_ANONYMOUS|MAP_NORESERVE, -1, 0) = 0x7f483326e000
28827 munmap(0x7f4820412000, 16384)     = 0
28827 mmap(0x7f4820412000, 16384, PROT_READ|PROT_WRITE, MAP_PRIVATE|MAP_FIXED|MAP_ANONYMOUS|MAP_NORESERVE, -1, 0) = 0x7f4820412000
28827 munmap(0x7f482e02a000, 16384)     = 0
28827 mmap(0x7f482e02a000, 16384, PROT_READ|PROT_WRITE, MAP_PRIVATE|MAP_FIXED|MAP_ANONYMOUS|MAP_NORESERVE, -1, 0) = 0x7f482e02a000
28827 munmap(0x7f4802f32000, 16384)     = 0
28827 mmap(0x7f4802f32000, 16384, PROT_READ|PROT_WRITE, MAP_PRIVATE|MAP_FIXED|MAP_ANONYMOUS|MAP_NORESERVE, -1, 0) = 0x7f4802f32000
28827 munmap(0x7f4817a66000, 16384)     = 0
28827 mmap(0x7f4817a66000, 16384, PROT_READ|PROT_WRITE, MAP_PRIVATE|MAP_FIXED|MAP_ANONYMOUS|MAP_NORESERVE, -1, 0) = 0x7f4817a66000
28827 munmap(0x7f483583a000, 16384)     = 0
28827 mmap(0x7f483583a000, 16384, PROT_READ|PROT_WRITE, MAP_PRIVATE|MAP_FIXED|MAP_ANONYMOUS|MAP_NORESERVE, -1, 0) = 0x7f483583a000
28827 munmap(0x7f481a052000, 16384)     = 0
28827 mmap(0x7f481a052000, 16384, PROT_READ|PROT_WRITE, MAP_PRIVATE|MAP_FIXED|MAP_ANONYMOUS|MAP_NORESERVE, -1, 0) = 0x7f481a052000
28827 munmap(0x7f483d22e000, 16384)     = 0
28827 mmap(0x7f483d22e000, 16384, PROT_READ|PROT_WRITE, MAP_PRIVATE|MAP_FIXED|MAP_ANONYMOUS|MAP_NORESERVE, -1, 0) = 0x7f483d22e000
28827 munmap(0x7f481b292000, 16384)     = 0
28827 mmap(0x7f481b292000, 16384, PROT_READ|PROT_WRITE, MAP_PRIVATE|MAP_FIXED|MAP_ANONYMOUS|MAP_NORESERVE, -1, 0) = 0x7f481b292000
28827 munmap(0x7f4833c42000, 16384)     = 0
28827 mmap(0x7f4833c42000, 16384, PROT_READ|PROT_WRITE, MAP_PRIVATE|MAP_FIXED|MAP_ANONYMOUS|MAP_NORESERVE, -1, 0) = 0x7f4833c42000
28827 munmap(0x7f481a01e000, 16384)     = 0
28827 mmap(0x7f481a01e000, 16384, PROT_READ|PROT_WRITE, MAP_PRIVATE|MAP_FIXED|MAP_ANONYMOUS|MAP_NORESERVE, -1, 0) = 0x7f481a01e000
28827 munmap(0x7f48409aa000, 16384)     = 0
28827 mmap(0x7f48409aa000, 16384, PROT_READ|PROT_WRITE, MAP_PRIVATE|MAP_FIXED|MAP_ANONYMOUS|MAP_NORESERVE, -1, 0) = 0x7f48409aa000
28827 munmap(0x7f4834302000, 16384)     = 0
28827 mmap(0x7f4834302000, 16384, PROT_READ|PROT_WRITE, MAP_PRIVATE|MAP_FIXED|MAP_ANONYMOUS|MAP_NORESERVE, -1, 0) = 0x7f4834302000
28827 munmap(0x7f48364ca000, 16384)     = 0
28827 mmap(0x7f48364ca000, 16384, PROT_READ|PROT_WRITE, MAP_PRIVATE|MAP_FIXED|MAP_ANONYMOUS|MAP_NORESERVE, -1, 0) = 0x7f48364ca000
28827 munmap(0x7f48055a6000, 16384)     = 0
28827 mmap(0x7f48055a6000, 16384, PROT_READ|PROT_WRITE, MAP_PRIVATE|MAP_FIXED|MAP_ANONYMOUS|MAP_NORESERVE, -1, 0) = 0x7f48055a6000
28827 munmap(0x7f481b6a6000, 16384)     = 0
28827 mmap(0x7f481b6a6000, 16384, PROT_READ|PROT_WRITE, MAP_PRIVATE|MAP_FIXED|MAP_ANONYMOUS|MAP_NORESERVE, -1, 0) = 0x7f481b6a6000
28827 munmap(0x7f48213ae000, 16384)     = 0
28827 mmap(0x7f48213ae000, 16384, PROT_READ|PROT_WRITE, MAP_PRIVATE|MAP_FIXED|MAP_ANONYMOUS|MAP_NORESERVE, -1, 0) = 0x7f48213ae000
28827 munmap(0x7f483141a000, 16384)     = 0
28827 mmap(0x7f483141a000, 16384, PROT_READ|PROT_WRITE, MAP_PRIVATE|MAP_FIXED|MAP_ANONYMOUS|MAP_NORESERVE, -1, 0) = 0x7f483141a000
28827 munmap(0x7f48172fe000, 16384)     = 0
28827 mmap(0x7f48172fe000, 16384, PROT_READ|PROT_WRITE, MAP_PRIVATE|MAP_FIXED|MAP_ANONYMOUS|MAP_NORESERVE, -1, 0) = 0x7f48172fe000
28827 munmap(0x7f483b8d6000, 16384)     = 0
28827 mmap(0x7f483b8d6000, 16384, PROT_READ|PROT_WRITE, MAP_PRIVATE|MAP_FIXED|MAP_ANONYMOUS|MAP_NORESERVE, -1, 0) = 0x7f483b8d6000
28827 munmap(0x7f482473e000, 16384)     = 0
28827 mmap(0x7f482473e000, 16384, PROT_READ|PROT_WRITE, MAP_PRIVATE|MAP_FIXED|MAP_ANONYMOUS|MAP_NORESERVE, -1, 0) = 0x7f482473e000
28827 munmap(0x7f483769a000, 16384)     = 0
28827 mmap(0x7f483769a000, 16384, PROT_READ|PROT_WRITE, MAP_PRIVATE|MAP_FIXED|MAP_ANONYMOUS|MAP_NORESERVE, -1, 0) = 0x7f483769a000
28827 munmap(0x7f483693a000, 16384)     = 0
28827 mmap(0x7f483693a000, 16384, PROT_READ|PROT_WRITE, MAP_PRIVATE|MAP_FIXED|MAP_ANONYMOUS|MAP_NORESERVE, -1, 0) = 0x7f483693a000
28827 munmap(0x7f48309b6000, 16384)     = 0
28827 mmap(0x7f48309b6000, 16384, PROT_READ|PROT_WRITE, MAP_PRIVATE|MAP_FIXED|MAP_ANONYMOUS|MAP_NORESERVE, -1, 0) = 0x7f48309b6000
28827 munmap(0x7f481d9d2000, 16384)     = 0
28827 mmap(0x7f481d9d2000, 16384, PROT_READ|PROT_WRITE, MAP_PRIVATE|MAP_FIXED|MAP_ANONYMOUS|MAP_NORESERVE, -1, 0) = 0x7f481d9d2000
28827 munmap(0x7f4833a7e000, 16384)     = 0
28827 mmap(0x7f4833a7e000, 16384, PROT_READ|PROT_WRITE, MAP_PRIVATE|MAP_FIXED|MAP_ANONYMOUS|MAP_NORESERVE, -1, 0) = 0x7f4833a7e000
28827 munmap(0x7f4830386000, 16384)     = 0
28827 mmap(0x7f4830386000, 16384, PROT_READ|PROT_WRITE, MAP_PRIVATE|MAP_FIXED|MAP_ANONYMOUS|MAP_NORESERVE, -1, 0) = 0x7f4830386000
28827 munmap(0x7f482a74e000, 16384)     = 0
28827 mmap(0x7f482a74e000, 16384, PROT_READ|PROT_WRITE, MAP_PRIVATE|MAP_FIXED|MAP_ANONYMOUS|MAP_NORESERVE, -1, 0) = 0x7f482a74e000
28827 munmap(0x7f48399de000, 16384)     = 0
28827 mmap(0x7f48399de000, 16384, PROT_READ|PROT_WRITE, MAP_PRIVATE|MAP_FIXED|MAP_ANONYMOUS|MAP_NORESERVE, -1, 0) = 0x7f48399de000
28827 munmap(0x7f4806baa000, 16384)     = 0
28827 mmap(0x7f4806baa000, 16384, PROT_READ|PROT_WRITE, MAP_PRIVATE|MAP_FIXED|MAP_ANONYMOUS|MAP_NORESERVE, -1, 0) = 0x7f4806baa000
28827 munmap(0x7f4829af6000, 16384)     = 0
28827 mmap(0x7f4829af6000, 16384, PROT_READ|PROT_WRITE, MAP_PRIVATE|MAP_FIXED|MAP_ANONYMOUS|MAP_NORESERVE, -1, 0) = 0x7f4829af6000
28827 munmap(0x7f4833e4e000, 16384)     = 0
28827 mmap(0x7f4833e4e000, 16384, PROT_READ|PROT_WRITE, MAP_PRIVATE|MAP_FIXED|MAP_ANONYMOUS|MAP_NORESERVE, -1, 0) = 0x7f4833e4e000
28827 munmap(0x7f482748e000, 16384)     = 0
28827 mmap(0x7f482748e000, 16384, PROT_READ|PROT_WRITE, MAP_PRIVATE|MAP_FIXED|MAP_ANONYMOUS|MAP_NORESERVE, -1, 0) = 0x7f482748e000
28827 munmap(0x7f48311e2000, 16384)     = 0
28827 mmap(0x7f48311e2000, 16384, PROT_READ|PROT_WRITE, MAP_PRIVATE|MAP_FIXED|MAP_ANONYMOUS|MAP_NORESERVE, -1, 0) = 0x7f48311e2000
28827 munmap(0x7f4831306000, 16384)     = 0
28827 mmap(0x7f4831306000, 16384, PROT_READ|PROT_WRITE, MAP_PRIVATE|MAP_FIXED|MAP_ANONYMOUS|MAP_NORESERVE, -1, 0) = 0x7f4831306000
28827 munmap(0x7f483cc9a000, 16384)     = 0
28827 mmap(0x7f483cc9a000, 16384, PROT_READ|PROT_WRITE, MAP_PRIVATE|MAP_FIXED|MAP_ANONYMOUS|MAP_NORESERVE, -1, 0) = 0x7f483cc9a000
28827 munmap(0x7f48111ee000, 16384)     = 0
28827 mmap(0x7f48111ee000, 16384, PROT_READ|PROT_WRITE, MAP_PRIVATE|MAP_FIXED|MAP_ANONYMOUS|MAP_NORESERVE, -1, 0) = 0x7f48111ee000
28827 munmap(0x7f480a48e000, 16384)     = 0
28827 mmap(0x7f480a48e000, 16384, PROT_READ|PROT_WRITE, MAP_PRIVATE|MAP_FIXED|MAP_ANONYMOUS|MAP_NORESERVE, -1, 0) = 0x7f480a48e000
28827 munmap(0x7f48259e6000, 16384)     = 0
28827 mmap(0x7f48259e6000, 16384, PROT_READ|PROT_WRITE, MAP_PRIVATE|MAP_FIXED|MAP_ANONYMOUS|MAP_NORESERVE, -1, 0) = 0x7f48259e6000
28827 munmap(0x7f482e2f6000, 16384)     = 0
28827 mmap(0x7f482e2f6000, 16384, PROT_READ|PROT_WRITE, MAP_PRIVATE|MAP_FIXED|MAP_ANONYMOUS|MAP_NORESERVE, -1, 0) = 0x7f482e2f6000
28827 munmap(0x7f480d4da000, 16384)     = 0
28827 mmap(0x7f480d4da000, 16384, PROT_READ|PROT_WRITE, MAP_PRIVATE|MAP_FIXED|MAP_ANONYMOUS|MAP_NORESERVE, -1, 0) = 0x7f480d4da000
28827 munmap(0x7f481154a000, 16384)     = 0
28827 mmap(0x7f481154a000, 16384, PROT_READ|PROT_WRITE, MAP_PRIVATE|MAP_FIXED|MAP_ANONYMOUS|MAP_NORESERVE, -1, 0) = 0x7f481154a000
28827 munmap(0x7f4804412000, 16384)     = 0
28827 mmap(0x7f4804412000, 16384, PROT_READ|PROT_WRITE, MAP_PRIVATE|MAP_FIXED|MAP_ANONYMOUS|MAP_NORESERVE, -1, 0) = 0x7f4804412000
28827 munmap(0x7f482b7d2000, 16384)     = 0
28827 mmap(0x7f482b7d2000, 16384, PROT_READ|PROT_WRITE, MAP_PRIVATE|MAP_FIXED|MAP_ANONYMOUS|MAP_NORESERVE, -1, 0) = 0x7f482b7d2000
28827 munmap(0x7f4837312000, 16384)     = 0
28827 mmap(0x7f4837312000, 16384, PROT_READ|PROT_WRITE, MAP_PRIVATE|MAP_FIXED|MAP_ANONYMOUS|MAP_NORESERVE, -1, 0) = 0x7f4837312000
28827 munmap(0x7f48338c2000, 16384)     = 0
28827 mmap(0x7f48338c2000, 16384, PROT_READ|PROT_WRITE, MAP_PRIVATE|MAP_FIXED|MAP_ANONYMOUS|MAP_NORESERVE, -1, 0) = 0x7f48338c2000
28827 munmap(0x7f48037f6000, 16384)     = 0
28827 mmap(0x7f48037f6000, 16384, PROT_READ|PROT_WRITE, MAP_PRIVATE|MAP_FIXED|MAP_ANONYMOUS|MAP_NORESERVE, -1, 0) = 0x7f48037f6000
28827 munmap(0x7f481e582000, 16384)     = 0
28827 mmap(0x7f481e582000, 16384, PROT_READ|PROT_WRITE, MAP_PRIVATE|MAP_FIXED|MAP_ANONYMOUS|MAP_NORESERVE, -1, 0) = 0x7f481e582000
28827 munmap(0x7f4830a2e000, 16384)     = 0
28827 mmap(0x7f4830a2e000, 16384, PROT_READ|PROT_WRITE, MAP_PRIVATE|MAP_FIXED|MAP_ANONYMOUS|MAP_NORESERVE, -1, 0) = 0x7f4830a2e000
28827 munmap(0x7f48223f6000, 16384)     = 0
28827 mmap(0x7f48223f6000, 16384, PROT_READ|PROT_WRITE, MAP_PRIVATE|MAP_FIXED|MAP_ANONYMOUS|MAP_NORESERVE, -1, 0) = 0x7f48223f6000
28827 munmap(0x7f481037a000, 16384)     = 0
28827 mmap(0x7f481037a000, 16384, PROT_READ|PROT_WRITE, MAP_PRIVATE|MAP_FIXED|MAP_ANONYMOUS|MAP_NORESERVE, -1, 0) = 0x7f481037a000
28827 munmap(0x7f483cb2a000, 16384)     = 0
28827 mmap(0x7f483cb2a000, 16384, PROT_READ|PROT_WRITE, MAP_PRIVATE|MAP_FIXED|MAP_ANONYMOUS|MAP_NORESERVE, -1, 0) = 0x7f483cb2a000
28827 munmap(0x7f4833862000, 16384)     = 0
28827 mmap(0x7f4833862000, 16384, PROT_READ|PROT_WRITE, MAP_PRIVATE|MAP_FIXED|MAP_ANONYMOUS|MAP_NORESERVE, -1, 0) = 0x7f4833862000
28827 munmap(0x7f480fb6e000, 16384)     = 0
28827 mmap(0x7f480fb6e000, 16384, PROT_READ|PROT_WRITE, MAP_PRIVATE|MAP_FIXED|MAP_ANONYMOUS|MAP_NORESERVE, -1, 0) = 0x7f480fb6e000
28827 munmap(0x7f4834782000, 16384)     = 0
28827 mmap(0x7f4834782000, 16384, PROT_READ|PROT_WRITE, MAP_PRIVATE|MAP_FIXED|MAP_ANONYMOUS|MAP_NORESERVE, -1, 0) = 0x7f4834782000
28827 munmap(0x7f481a0be000, 16384)     = 0
28827 mmap(0x7f481a0be000, 16384, PROT_READ|PROT_WRITE, MAP_PRIVATE|MAP_FIXED|MAP_ANONYMOUS|MAP_NORESERVE, -1, 0) = 0x7f481a0be000
28827 munmap(0x7f4837616000, 16384)     = 0
28827 mmap(0x7f4837616000, 16384, PROT_READ|PROT_WRITE, MAP_PRIVATE|MAP_FIXED|MAP_ANONYMOUS|MAP_NORESERVE, -1, 0) = 0x7f4837616000
28827 munmap(0x7f482ad0e000, 16384)     = 0
28827 mmap(0x7f482ad0e000, 16384, PROT_READ|PROT_WRITE, MAP_PRIVATE|MAP_FIXED|MAP_ANONYMOUS|MAP_NORESERVE, -1, 0) = 0x7f482ad0e000
28827 munmap(0x7f480374e000, 16384)     = 0
28827 mmap(0x7f480374e000, 16384, PROT_READ|PROT_WRITE, MAP_PRIVATE|MAP_FIXED|MAP_ANONYMOUS|MAP_NORESERVE, -1, 0) = 0x7f480374e000
28827 munmap(0x7f4804d62000, 16384)     = 0
28827 mmap(0x7f4804d62000, 16384, PROT_READ|PROT_WRITE, MAP_PRIVATE|MAP_FIXED|MAP_ANONYMOUS|MAP_NORESERVE, -1, 0) = 0x7f4804d62000
28827 munmap(0x7f4822a46000, 16384)     = 0
28827 mmap(0x7f4822a46000, 16384, PROT_READ|PROT_WRITE, MAP_PRIVATE|MAP_FIXED|MAP_ANONYMOUS|MAP_NORESERVE, -1, 0) = 0x7f4822a46000
28827 munmap(0x7f482a1f6000, 16384)     = 0
28827 mmap(0x7f482a1f6000, 16384, PROT_READ|PROT_WRITE, MAP_PRIVATE|MAP_FIXED|MAP_ANONYMOUS|MAP_NORESERVE, -1, 0) = 0x7f482a1f6000
28827 munmap(0x7f481bf72000, 16384)     = 0
28827 mmap(0x7f481bf72000, 16384, PROT_READ|PROT_WRITE, MAP_PRIVATE|MAP_FIXED|MAP_ANONYMOUS|MAP_NORESERVE, -1, 0) = 0x7f481bf72000
28827 munmap(0x7f4815206000, 16384)     = 0
28827 mmap(0x7f4815206000, 16384, PROT_READ|PROT_WRITE, MAP_PRIVATE|MAP_FIXED|MAP_ANONYMOUS|MAP_NORESERVE, -1, 0) = 0x7f4815206000
28827 munmap(0x7f481be62000, 16384)     = 0
28827 mmap(0x7f481be62000, 16384, PROT_READ|PROT_WRITE, MAP_PRIVATE|MAP_FIXED|MAP_ANONYMOUS|MAP_NORESERVE, -1, 0) = 0x7f481be62000
28827 munmap(0x7f480889a000, 16384)     = 0
28827 mmap(0x7f480889a000, 16384, PROT_READ|PROT_WRITE, MAP_PRIVATE|MAP_FIXED|MAP_ANONYMOUS|MAP_NORESERVE, -1, 0) = 0x7f480889a000
28827 munmap(0x7f480123a000, 16384)     = 0
28827 mmap(0x7f480123a000, 16384, PROT_READ|PROT_WRITE, MAP_PRIVATE|MAP_FIXED|MAP_ANONYMOUS|MAP_NORESERVE, -1, 0) = 0x7f480123a000
28827 munmap(0x7f4805a66000, 16384)     = 0
28827 mmap(0x7f4805a66000, 16384, PROT_READ|PROT_WRITE, MAP_PRIVATE|MAP_FIXED|MAP_ANONYMOUS|MAP_NORESERVE, -1, 0) = 0x7f4805a66000
28827 munmap(0x7f48228fa000, 16384)     = 0
28827 mmap(0x7f48228fa000, 16384, PROT_READ|PROT_WRITE, MAP_PRIVATE|MAP_FIXED|MAP_ANONYMOUS|MAP_NORESERVE, -1, 0) = 0x7f48228fa000
28827 munmap(0x7f4812ec6000, 16384)     = 0
28827 mmap(0x7f4812ec6000, 16384, PROT_READ|PROT_WRITE, MAP_PRIVATE|MAP_FIXED|MAP_ANONYMOUS|MAP_NORESERVE, -1, 0) = 0x7f4812ec6000
28827 munmap(0x7f482e75a000, 16384)     = 0
28827 mmap(0x7f482e75a000, 16384, PROT_READ|PROT_WRITE, MAP_PRIVATE|MAP_FIXED|MAP_ANONYMOUS|MAP_NORESERVE, -1, 0) = 0x7f482e75a000
28827 munmap(0x7f4827eb2000, 16384)     = 0
28827 mmap(0x7f4827eb2000, 16384, PROT_READ|PROT_WRITE, MAP_PRIVATE|MAP_FIXED|MAP_ANONYMOUS|MAP_NORESERVE, -1, 0) = 0x7f4827eb2000
28827 munmap(0x7f483df4e000, 16384)     = 0
28827 mmap(0x7f483df4e000, 16384, PROT_READ|PROT_WRITE, MAP_PRIVATE|MAP_FIXED|MAP_ANONYMOUS|MAP_NORESERVE, -1, 0) = 0x7f483df4e000
28827 munmap(0x7f483198e000, 16384)     = 0
28827 mmap(0x7f483198e000, 16384, PROT_READ|PROT_WRITE, MAP_PRIVATE|MAP_FIXED|MAP_ANONYMOUS|MAP_NORESERVE, -1, 0) = 0x7f483198e000
28827 munmap(0x7f48032c6000, 16384)     = 0
28827 mmap(0x7f48032c6000, 16384, PROT_READ|PROT_WRITE, MAP_PRIVATE|MAP_FIXED|MAP_ANONYMOUS|MAP_NORESERVE, -1, 0) = 0x7f48032c6000
28827 munmap(0x7f4839faa000, 16384)     = 0
28827 mmap(0x7f4839faa000, 16384, PROT_READ|PROT_WRITE, MAP_PRIVATE|MAP_FIXED|MAP_ANONYMOUS|MAP_NORESERVE, -1, 0) = 0x7f4839faa000
28827 munmap(0x7f4830c76000, 16384)     = 0
28827 mmap(0x7f4830c76000, 16384, PROT_READ|PROT_WRITE, MAP_PRIVATE|MAP_FIXED|MAP_ANONYMOUS|MAP_NORESERVE, -1, 0) = 0x7f4830c76000
28827 futex(0x7ffd7dd47ee4, FUTEX_WAKE_PRIVATE, 2147483647 <unfinished ...>
28824 <... futex resumed>)              = 0
28827 <... futex resumed>)              = 1
28824 futex(0x7f48011c5910, FUTEX_WAIT_BITSET|FUTEX_CLOCK_REALTIME, 28827, NULL, FUTEX_BITSET_MATCH_ANY <unfinished ...>
28827 rt_sigprocmask(SIG_BLOCK, ~[RT_1], NULL, 8) = 0
28827 madvise(0x7f48009c5000, 8372224, MADV_DONTNEED) = 0
28827 exit(0)                           = ?
28824 <... futex resumed>)              = 0
28824 openat(AT_FDCWD, "/proc/self/statm", O_RDONLY) = 3
28824 newfstatat(3, "", {st_mode=S_IFREG|0444, st_size=0, ...}, AT_EMPTY_PATH) = 0
28824 read(3, "264545 117 86 199 0 264267 0\n", 1024) = 29
28824 write(2, "mmbench: peak RSS ~0 MB\n", 24) = 24
28824 close(3)                          = 0
28824 uname({sysname="Linux", nodename="syzkaller", ...}) = 0
28824 uname({sysname="Linux", nodename="syzkaller", ...}) = 0
28824 newfstatat(1, "", {st_mode=S_IFCHR|0666, st_rdev=makedev(0x1, 0x3), ...}, AT_EMPTY_PATH) = 0
28824 ioctl(1, TCGETS, 0x7ffd7dd475e0)  = -1 ENOTTY (Inappropriate ioctl for device)
28824 write(1, "{\"bench\":\"unmap-virt\",\"contention\":\"high\",\"threads\":1,\"ops\":110,\"elapsed_s\":1.008,\"ops_per_us\":0"..., 196) = 196
28824 munmap(0x7f48011c6000, 1073741824) = 0
28824 exit_group(0)                     = ?
