22687 execve("/mnt/cortenmm/bench/mmbench/mmbench", ["/mnt/cortenmm/bench/mmbench/mmbench", "mmap", "low", "1", "1", "20260921"], 0x7ffe04072158 /* 28 vars */) = 0
22687 arch_prctl(0x3001 /* ARCH_??? */, 0x7fff800c0320) = -1 EINVAL (Invalid argument)
22687 brk(NULL)                         = 0x225e7000
22687 brk(0x225e7dc0)                   = 0x225e7dc0
22687 arch_prctl(ARCH_SET_FS, 0x225e73c0) = 0
22687 set_tid_address(0x225e7690)       = 22687
22687 set_robust_list(0x225e76a0, 24)   = 0
22687 rseq(0x225e7d60, 0x20, 0, 0x53053053) = 0
22687 uname({sysname="Linux", nodename="syzkaller", ...}) = 0
22687 prlimit64(0, RLIMIT_STACK, NULL, {rlim_cur=8192*1024, rlim_max=RLIM64_INFINITY}) = 0
22687 readlink("/proc/self/exe", "/mnt/cortenmm/bench/mmbench/mmbench", 4096) = 35
22687 getrandom("\x3d\xe6\x67\x3f\x5f\x37\x55\xd5", 8, GRND_NONBLOCK) = 8
22687 brk(0x22608dc0)                   = 0x22608dc0
22687 brk(0x22609000)                   = 0x22609000
22687 mprotect(0x4f6000, 16384, PROT_READ) = 0
22687 prlimit64(0, RLIMIT_AS, NULL, {rlim_cur=RLIM64_INFINITY, rlim_max=RLIM64_INFINITY}) = 0
22687 rt_sigaction(SIGRT_1, {sa_handler=0x497070, sa_mask=[], sa_flags=SA_RESTORER|SA_ONSTACK|SA_RESTART|SA_SIGINFO, sa_restorer=0x47db20}, NULL, 8) = 0
22687 rt_sigprocmask(SIG_UNBLOCK, [RTMIN RT_1], NULL, 8) = 0
22687 mmap(NULL, 8392704, PROT_NONE, MAP_PRIVATE|MAP_ANONYMOUS|MAP_STACK, -1, 0) = 0x7fdbcfa82000
22687 mprotect(0x7fdbcfa83000, 8388608, PROT_READ|PROT_WRITE) = 0
22687 rt_sigprocmask(SIG_BLOCK, ~[], [], 8) = 0
22687 clone3({flags=CLONE_VM|CLONE_FS|CLONE_FILES|CLONE_SIGHAND|CLONE_THREAD|CLONE_SYSVSEM|CLONE_SETTLS|CLONE_PARENT_SETTID|CLONE_CHILD_CLEARTID, child_tid=0x7fdbd0282910, parent_tid=0x7fdbd0282910, exit_signal=0, stack=0x7fdbcfa82000, stack_size=0x800280, tls=0x7fdbd0282640} => {parent_tid=[22690]}, 88) = 22690
22690 rseq(0x7fdbd0282fe0, 0x20, 0, 0x53053053 <unfinished ...>
22687 rt_sigprocmask(SIG_SETMASK, [],  <unfinished ...>
22690 <... rseq resumed>)               = 0
22687 <... rt_sigprocmask resumed>NULL, 8) = 0
22690 set_robust_list(0x7fdbd0282920, 24 <unfinished ...>
22687 futex(0x7fff800bfac4, FUTEX_WAIT_PRIVATE, 0, NULL <unfinished ...>
22690 <... set_robust_list resumed>)    = 0
22690 rt_sigprocmask(SIG_SETMASK, [], NULL, 8) = 0
22690 futex(0x7fff800bfac4, FUTEX_WAKE_PRIVATE, 2147483647) = 1
22687 <... futex resumed>)              = 0
22690 mmap(NULL, 16384, PROT_READ|PROT_WRITE, MAP_PRIVATE|MAP_ANONYMOUS|MAP_NORESERVE, -1, 0 <unfinished ...>
22687 futex(0x7fff800bfae4, FUTEX_WAIT_PRIVATE, 0, NULL <unfinished ...>
22690 <... mmap resumed>)               = 0x7fdbcfa7e000
22690 munmap(0x7fdbcfa7e000, 16384)     = 0
22690 mmap(NULL, 16384, PROT_READ|PROT_WRITE, MAP_PRIVATE|MAP_ANONYMOUS|MAP_NORESERVE, -1, 0) = 0x7fdbcfa7e000
22690 munmap(0x7fdbcfa7e000, 16384)     = 0
22690 mmap(NULL, 16384, PROT_READ|PROT_WRITE, MAP_PRIVATE|MAP_ANONYMOUS|MAP_NORESERVE, -1, 0) = 0x7fdbcfa7e000
22690 munmap(0x7fdbcfa7e000, 16384)     = 0
22690 mmap(NULL, 16384, PROT_READ|PROT_WRITE, MAP_PRIVATE|MAP_ANONYMOUS|MAP_NORESERVE, -1, 0) = 0x7fdbcfa7e000
22690 munmap(0x7fdbcfa7e000, 16384)     = 0
22690 mmap(NULL, 16384, PROT_READ|PROT_WRITE, MAP_PRIVATE|MAP_ANONYMOUS|MAP_NORESERVE, -1, 0) = 0x7fdbcfa7e000
22690 munmap(0x7fdbcfa7e000, 16384)     = 0
22690 mmap(NULL, 16384, PROT_READ|PROT_WRITE, MAP_PRIVATE|MAP_ANONYMOUS|MAP_NORESERVE, -1, 0) = 0x7fdbcfa7e000
22690 munmap(0x7fdbcfa7e000, 16384)     = 0
22690 mmap(NULL, 16384, PROT_READ|PROT_WRITE, MAP_PRIVATE|MAP_ANONYMOUS|MAP_NORESERVE, -1, 0) = 0x7fdbcfa7e000
22690 munmap(0x7fdbcfa7e000, 16384)     = 0
22690 mmap(NULL, 16384, PROT_READ|PROT_WRITE, MAP_PRIVATE|MAP_ANONYMOUS|MAP_NORESERVE, -1, 0) = 0x7fdbcfa7e000
22690 munmap(0x7fdbcfa7e000, 16384)     = 0
22690 mmap(NULL, 16384, PROT_READ|PROT_WRITE, MAP_PRIVATE|MAP_ANONYMOUS|MAP_NORESERVE, -1, 0) = 0x7fdbcfa7e000
22690 munmap(0x7fdbcfa7e000, 16384)     = 0
22690 mmap(NULL, 16384, PROT_READ|PROT_WRITE, MAP_PRIVATE|MAP_ANONYMOUS|MAP_NORESERVE, -1, 0) = 0x7fdbcfa7e000
22690 munmap(0x7fdbcfa7e000, 16384)     = 0
22690 mmap(NULL, 16384, PROT_READ|PROT_WRITE, MAP_PRIVATE|MAP_ANONYMOUS|MAP_NORESERVE, -1, 0) = 0x7fdbcfa7e000
22690 munmap(0x7fdbcfa7e000, 16384)     = 0
22690 mmap(NULL, 16384, PROT_READ|PROT_WRITE, MAP_PRIVATE|MAP_ANONYMOUS|MAP_NORESERVE, -1, 0) = 0x7fdbcfa7e000
22690 munmap(0x7fdbcfa7e000, 16384)     = 0
22690 mmap(NULL, 16384, PROT_READ|PROT_WRITE, MAP_PRIVATE|MAP_ANONYMOUS|MAP_NORESERVE, -1, 0) = 0x7fdbcfa7e000
22690 munmap(0x7fdbcfa7e000, 16384)     = 0
22690 mmap(NULL, 16384, PROT_READ|PROT_WRITE, MAP_PRIVATE|MAP_ANONYMOUS|MAP_NORESERVE, -1, 0) = 0x7fdbcfa7e000
22690 munmap(0x7fdbcfa7e000, 16384)     = 0
22690 mmap(NULL, 16384, PROT_READ|PROT_WRITE, MAP_PRIVATE|MAP_ANONYMOUS|MAP_NORESERVE, -1, 0) = 0x7fdbcfa7e000
22690 munmap(0x7fdbcfa7e000, 16384)     = 0
22690 mmap(NULL, 16384, PROT_READ|PROT_WRITE, MAP_PRIVATE|MAP_ANONYMOUS|MAP_NORESERVE, -1, 0) = 0x7fdbcfa7e000
22690 munmap(0x7fdbcfa7e000, 16384)     = 0
22690 mmap(NULL, 16384, PROT_READ|PROT_WRITE, MAP_PRIVATE|MAP_ANONYMOUS|MAP_NORESERVE, -1, 0) = 0x7fdbcfa7e000
22690 munmap(0x7fdbcfa7e000, 16384)     = 0
22690 mmap(NULL, 16384, PROT_READ|PROT_WRITE, MAP_PRIVATE|MAP_ANONYMOUS|MAP_NORESERVE, -1, 0) = 0x7fdbcfa7e000
22690 munmap(0x7fdbcfa7e000, 16384)     = 0
22690 mmap(NULL, 16384, PROT_READ|PROT_WRITE, MAP_PRIVATE|MAP_ANONYMOUS|MAP_NORESERVE, -1, 0) = 0x7fdbcfa7e000
22690 munmap(0x7fdbcfa7e000, 16384)     = 0
22690 mmap(NULL, 16384, PROT_READ|PROT_WRITE, MAP_PRIVATE|MAP_ANONYMOUS|MAP_NORESERVE, -1, 0) = 0x7fdbcfa7e000
22690 munmap(0x7fdbcfa7e000, 16384)     = 0
22690 mmap(NULL, 16384, PROT_READ|PROT_WRITE, MAP_PRIVATE|MAP_ANONYMOUS|MAP_NORESERVE, -1, 0) = 0x7fdbcfa7e000
22690 munmap(0x7fdbcfa7e000, 16384)     = 0
22690 mmap(NULL, 16384, PROT_READ|PROT_WRITE, MAP_PRIVATE|MAP_ANONYMOUS|MAP_NORESERVE, -1, 0) = 0x7fdbcfa7e000
22690 munmap(0x7fdbcfa7e000, 16384)     = 0
22690 mmap(NULL, 16384, PROT_READ|PROT_WRITE, MAP_PRIVATE|MAP_ANONYMOUS|MAP_NORESERVE, -1, 0) = 0x7fdbcfa7e000
22690 munmap(0x7fdbcfa7e000, 16384)     = 0
22690 mmap(NULL, 16384, PROT_READ|PROT_WRITE, MAP_PRIVATE|MAP_ANONYMOUS|MAP_NORESERVE, -1, 0) = 0x7fdbcfa7e000
22690 munmap(0x7fdbcfa7e000, 16384)     = 0
22690 mmap(NULL, 16384, PROT_READ|PROT_WRITE, MAP_PRIVATE|MAP_ANONYMOUS|MAP_NORESERVE, -1, 0) = 0x7fdbcfa7e000
22690 munmap(0x7fdbcfa7e000, 16384)     = 0
22690 mmap(NULL, 16384, PROT_READ|PROT_WRITE, MAP_PRIVATE|MAP_ANONYMOUS|MAP_NORESERVE, -1, 0) = 0x7fdbcfa7e000
22690 munmap(0x7fdbcfa7e000, 16384)     = 0
22690 mmap(NULL, 16384, PROT_READ|PROT_WRITE, MAP_PRIVATE|MAP_ANONYMOUS|MAP_NORESERVE, -1, 0) = 0x7fdbcfa7e000
22690 munmap(0x7fdbcfa7e000, 16384)     = 0
22690 mmap(NULL, 16384, PROT_READ|PROT_WRITE, MAP_PRIVATE|MAP_ANONYMOUS|MAP_NORESERVE, -1, 0) = 0x7fdbcfa7e000
22690 munmap(0x7fdbcfa7e000, 16384)     = 0
22690 mmap(NULL, 16384, PROT_READ|PROT_WRITE, MAP_PRIVATE|MAP_ANONYMOUS|MAP_NORESERVE, -1, 0) = 0x7fdbcfa7e000
22690 munmap(0x7fdbcfa7e000, 16384)     = 0
22690 mmap(NULL, 16384, PROT_READ|PROT_WRITE, MAP_PRIVATE|MAP_ANONYMOUS|MAP_NORESERVE, -1, 0) = 0x7fdbcfa7e000
22690 munmap(0x7fdbcfa7e000, 16384)     = 0
22690 mmap(NULL, 16384, PROT_READ|PROT_WRITE, MAP_PRIVATE|MAP_ANONYMOUS|MAP_NORESERVE, -1, 0) = 0x7fdbcfa7e000
22690 munmap(0x7fdbcfa7e000, 16384)     = 0
22690 mmap(NULL, 16384, PROT_READ|PROT_WRITE, MAP_PRIVATE|MAP_ANONYMOUS|MAP_NORESERVE, -1, 0) = 0x7fdbcfa7e000
22690 munmap(0x7fdbcfa7e000, 16384)     = 0
22690 mmap(NULL, 16384, PROT_READ|PROT_WRITE, MAP_PRIVATE|MAP_ANONYMOUS|MAP_NORESERVE, -1, 0) = 0x7fdbcfa7e000
22690 munmap(0x7fdbcfa7e000, 16384)     = 0
22690 mmap(NULL, 16384, PROT_READ|PROT_WRITE, MAP_PRIVATE|MAP_ANONYMOUS|MAP_NORESERVE, -1, 0) = 0x7fdbcfa7e000
22690 munmap(0x7fdbcfa7e000, 16384)     = 0
22690 mmap(NULL, 16384, PROT_READ|PROT_WRITE, MAP_PRIVATE|MAP_ANONYMOUS|MAP_NORESERVE, -1, 0) = 0x7fdbcfa7e000
22690 munmap(0x7fdbcfa7e000, 16384)     = 0
22690 mmap(NULL, 16384, PROT_READ|PROT_WRITE, MAP_PRIVATE|MAP_ANONYMOUS|MAP_NORESERVE, -1, 0) = 0x7fdbcfa7e000
22690 munmap(0x7fdbcfa7e000, 16384)     = 0
22690 mmap(NULL, 16384, PROT_READ|PROT_WRITE, MAP_PRIVATE|MAP_ANONYMOUS|MAP_NORESERVE, -1, 0) = 0x7fdbcfa7e000
22690 munmap(0x7fdbcfa7e000, 16384)     = 0
22690 mmap(NULL, 16384, PROT_READ|PROT_WRITE, MAP_PRIVATE|MAP_ANONYMOUS|MAP_NORESERVE, -1, 0) = 0x7fdbcfa7e000
22690 munmap(0x7fdbcfa7e000, 16384)     = 0
22690 mmap(NULL, 16384, PROT_READ|PROT_WRITE, MAP_PRIVATE|MAP_ANONYMOUS|MAP_NORESERVE, -1, 0) = 0x7fdbcfa7e000
22690 munmap(0x7fdbcfa7e000, 16384)     = 0
22690 mmap(NULL, 16384, PROT_READ|PROT_WRITE, MAP_PRIVATE|MAP_ANONYMOUS|MAP_NORESERVE, -1, 0) = 0x7fdbcfa7e000
22690 munmap(0x7fdbcfa7e000, 16384)     = 0
22690 mmap(NULL, 16384, PROT_READ|PROT_WRITE, MAP_PRIVATE|MAP_ANONYMOUS|MAP_NORESERVE, -1, 0) = 0x7fdbcfa7e000
22690 munmap(0x7fdbcfa7e000, 16384)     = 0
22690 mmap(NULL, 16384, PROT_READ|PROT_WRITE, MAP_PRIVATE|MAP_ANONYMOUS|MAP_NORESERVE, -1, 0) = 0x7fdbcfa7e000
22690 munmap(0x7fdbcfa7e000, 16384)     = 0
22690 mmap(NULL, 16384, PROT_READ|PROT_WRITE, MAP_PRIVATE|MAP_ANONYMOUS|MAP_NORESERVE, -1, 0) = 0x7fdbcfa7e000
22690 munmap(0x7fdbcfa7e000, 16384)     = 0
22690 mmap(NULL, 16384, PROT_READ|PROT_WRITE, MAP_PRIVATE|MAP_ANONYMOUS|MAP_NORESERVE, -1, 0) = 0x7fdbcfa7e000
22690 munmap(0x7fdbcfa7e000, 16384)     = 0
22690 mmap(NULL, 16384, PROT_READ|PROT_WRITE, MAP_PRIVATE|MAP_ANONYMOUS|MAP_NORESERVE, -1, 0) = 0x7fdbcfa7e000
22690 munmap(0x7fdbcfa7e000, 16384)     = 0
22690 mmap(NULL, 16384, PROT_READ|PROT_WRITE, MAP_PRIVATE|MAP_ANONYMOUS|MAP_NORESERVE, -1, 0) = 0x7fdbcfa7e000
22690 munmap(0x7fdbcfa7e000, 16384)     = 0
22690 mmap(NULL, 16384, PROT_READ|PROT_WRITE, MAP_PRIVATE|MAP_ANONYMOUS|MAP_NORESERVE, -1, 0) = 0x7fdbcfa7e000
22690 munmap(0x7fdbcfa7e000, 16384)     = 0
22690 mmap(NULL, 16384, PROT_READ|PROT_WRITE, MAP_PRIVATE|MAP_ANONYMOUS|MAP_NORESERVE, -1, 0) = 0x7fdbcfa7e000
22690 munmap(0x7fdbcfa7e000, 16384)     = 0
22690 mmap(NULL, 16384, PROT_READ|PROT_WRITE, MAP_PRIVATE|MAP_ANONYMOUS|MAP_NORESERVE, -1, 0) = 0x7fdbcfa7e000
22690 munmap(0x7fdbcfa7e000, 16384)     = 0
22690 mmap(NULL, 16384, PROT_READ|PROT_WRITE, MAP_PRIVATE|MAP_ANONYMOUS|MAP_NORESERVE, -1, 0) = 0x7fdbcfa7e000
22690 munmap(0x7fdbcfa7e000, 16384)     = 0
22690 mmap(NULL, 16384, PROT_READ|PROT_WRITE, MAP_PRIVATE|MAP_ANONYMOUS|MAP_NORESERVE, -1, 0) = 0x7fdbcfa7e000
22690 munmap(0x7fdbcfa7e000, 16384)     = 0
22690 mmap(NULL, 16384, PROT_READ|PROT_WRITE, MAP_PRIVATE|MAP_ANONYMOUS|MAP_NORESERVE, -1, 0) = 0x7fdbcfa7e000
22690 munmap(0x7fdbcfa7e000, 16384)     = 0
22690 mmap(NULL, 16384, PROT_READ|PROT_WRITE, MAP_PRIVATE|MAP_ANONYMOUS|MAP_NORESERVE, -1, 0) = 0x7fdbcfa7e000
22690 munmap(0x7fdbcfa7e000, 16384)     = 0
22690 mmap(NULL, 16384, PROT_READ|PROT_WRITE, MAP_PRIVATE|MAP_ANONYMOUS|MAP_NORESERVE, -1, 0) = 0x7fdbcfa7e000
22690 munmap(0x7fdbcfa7e000, 16384)     = 0
22690 mmap(NULL, 16384, PROT_READ|PROT_WRITE, MAP_PRIVATE|MAP_ANONYMOUS|MAP_NORESERVE, -1, 0) = 0x7fdbcfa7e000
22690 munmap(0x7fdbcfa7e000, 16384)     = 0
22690 mmap(NULL, 16384, PROT_READ|PROT_WRITE, MAP_PRIVATE|MAP_ANONYMOUS|MAP_NORESERVE, -1, 0) = 0x7fdbcfa7e000
22690 munmap(0x7fdbcfa7e000, 16384)     = 0
22690 mmap(NULL, 16384, PROT_READ|PROT_WRITE, MAP_PRIVATE|MAP_ANONYMOUS|MAP_NORESERVE, -1, 0) = 0x7fdbcfa7e000
22690 munmap(0x7fdbcfa7e000, 16384)     = 0
22690 mmap(NULL, 16384, PROT_READ|PROT_WRITE, MAP_PRIVATE|MAP_ANONYMOUS|MAP_NORESERVE, -1, 0) = 0x7fdbcfa7e000
22690 munmap(0x7fdbcfa7e000, 16384)     = 0
22690 mmap(NULL, 16384, PROT_READ|PROT_WRITE, MAP_PRIVATE|MAP_ANONYMOUS|MAP_NORESERVE, -1, 0) = 0x7fdbcfa7e000
22690 munmap(0x7fdbcfa7e000, 16384)     = 0
22690 mmap(NULL, 16384, PROT_READ|PROT_WRITE, MAP_PRIVATE|MAP_ANONYMOUS|MAP_NORESERVE, -1, 0) = 0x7fdbcfa7e000
22690 munmap(0x7fdbcfa7e000, 16384)     = 0
22690 mmap(NULL, 16384, PROT_READ|PROT_WRITE, MAP_PRIVATE|MAP_ANONYMOUS|MAP_NORESERVE, -1, 0) = 0x7fdbcfa7e000
22690 munmap(0x7fdbcfa7e000, 16384)     = 0
22690 mmap(NULL, 16384, PROT_READ|PROT_WRITE, MAP_PRIVATE|MAP_ANONYMOUS|MAP_NORESERVE, -1, 0) = 0x7fdbcfa7e000
22690 munmap(0x7fdbcfa7e000, 16384)     = 0
22690 mmap(NULL, 16384, PROT_READ|PROT_WRITE, MAP_PRIVATE|MAP_ANONYMOUS|MAP_NORESERVE, -1, 0) = 0x7fdbcfa7e000
22690 munmap(0x7fdbcfa7e000, 16384)     = 0
22690 mmap(NULL, 16384, PROT_READ|PROT_WRITE, MAP_PRIVATE|MAP_ANONYMOUS|MAP_NORESERVE, -1, 0) = 0x7fdbcfa7e000
22690 munmap(0x7fdbcfa7e000, 16384)     = 0
22690 mmap(NULL, 16384, PROT_READ|PROT_WRITE, MAP_PRIVATE|MAP_ANONYMOUS|MAP_NORESERVE, -1, 0) = 0x7fdbcfa7e000
22690 munmap(0x7fdbcfa7e000, 16384)     = 0
22690 mmap(NULL, 16384, PROT_READ|PROT_WRITE, MAP_PRIVATE|MAP_ANONYMOUS|MAP_NORESERVE, -1, 0) = 0x7fdbcfa7e000
22690 munmap(0x7fdbcfa7e000, 16384)     = 0
22690 mmap(NULL, 16384, PROT_READ|PROT_WRITE, MAP_PRIVATE|MAP_ANONYMOUS|MAP_NORESERVE, -1, 0) = 0x7fdbcfa7e000
22690 munmap(0x7fdbcfa7e000, 16384)     = 0
22690 mmap(NULL, 16384, PROT_READ|PROT_WRITE, MAP_PRIVATE|MAP_ANONYMOUS|MAP_NORESERVE, -1, 0) = 0x7fdbcfa7e000
22690 munmap(0x7fdbcfa7e000, 16384)     = 0
22690 mmap(NULL, 16384, PROT_READ|PROT_WRITE, MAP_PRIVATE|MAP_ANONYMOUS|MAP_NORESERVE, -1, 0) = 0x7fdbcfa7e000
22690 munmap(0x7fdbcfa7e000, 16384)     = 0
22690 mmap(NULL, 16384, PROT_READ|PROT_WRITE, MAP_PRIVATE|MAP_ANONYMOUS|MAP_NORESERVE, -1, 0) = 0x7fdbcfa7e000
22690 munmap(0x7fdbcfa7e000, 16384)     = 0
22690 mmap(NULL, 16384, PROT_READ|PROT_WRITE, MAP_PRIVATE|MAP_ANONYMOUS|MAP_NORESERVE, -1, 0) = 0x7fdbcfa7e000
22690 munmap(0x7fdbcfa7e000, 16384)     = 0
22690 mmap(NULL, 16384, PROT_READ|PROT_WRITE, MAP_PRIVATE|MAP_ANONYMOUS|MAP_NORESERVE, -1, 0) = 0x7fdbcfa7e000
22690 munmap(0x7fdbcfa7e000, 16384)     = 0
22690 mmap(NULL, 16384, PROT_READ|PROT_WRITE, MAP_PRIVATE|MAP_ANONYMOUS|MAP_NORESERVE, -1, 0) = 0x7fdbcfa7e000
22690 munmap(0x7fdbcfa7e000, 16384)     = 0
22690 mmap(NULL, 16384, PROT_READ|PROT_WRITE, MAP_PRIVATE|MAP_ANONYMOUS|MAP_NORESERVE, -1, 0) = 0x7fdbcfa7e000
22690 munmap(0x7fdbcfa7e000, 16384)     = 0
22690 mmap(NULL, 16384, PROT_READ|PROT_WRITE, MAP_PRIVATE|MAP_ANONYMOUS|MAP_NORESERVE, -1, 0) = 0x7fdbcfa7e000
22690 munmap(0x7fdbcfa7e000, 16384)     = 0
22690 mmap(NULL, 16384, PROT_READ|PROT_WRITE, MAP_PRIVATE|MAP_ANONYMOUS|MAP_NORESERVE, -1, 0) = 0x7fdbcfa7e000
22690 munmap(0x7fdbcfa7e000, 16384)     = 0
22690 mmap(NULL, 16384, PROT_READ|PROT_WRITE, MAP_PRIVATE|MAP_ANONYMOUS|MAP_NORESERVE, -1, 0) = 0x7fdbcfa7e000
22690 munmap(0x7fdbcfa7e000, 16384)     = 0
22690 mmap(NULL, 16384, PROT_READ|PROT_WRITE, MAP_PRIVATE|MAP_ANONYMOUS|MAP_NORESERVE, -1, 0) = 0x7fdbcfa7e000
22690 munmap(0x7fdbcfa7e000, 16384)     = 0
22690 mmap(NULL, 16384, PROT_READ|PROT_WRITE, MAP_PRIVATE|MAP_ANONYMOUS|MAP_NORESERVE, -1, 0) = 0x7fdbcfa7e000
22690 munmap(0x7fdbcfa7e000, 16384)     = 0
22690 mmap(NULL, 16384, PROT_READ|PROT_WRITE, MAP_PRIVATE|MAP_ANONYMOUS|MAP_NORESERVE, -1, 0) = 0x7fdbcfa7e000
22690 munmap(0x7fdbcfa7e000, 16384)     = 0
22690 mmap(NULL, 16384, PROT_READ|PROT_WRITE, MAP_PRIVATE|MAP_ANONYMOUS|MAP_NORESERVE, -1, 0) = 0x7fdbcfa7e000
22690 munmap(0x7fdbcfa7e000, 16384)     = 0
22690 mmap(NULL, 16384, PROT_READ|PROT_WRITE, MAP_PRIVATE|MAP_ANONYMOUS|MAP_NORESERVE, -1, 0) = 0x7fdbcfa7e000
22690 munmap(0x7fdbcfa7e000, 16384)     = 0
22690 mmap(NULL, 16384, PROT_READ|PROT_WRITE, MAP_PRIVATE|MAP_ANONYMOUS|MAP_NORESERVE, -1, 0) = 0x7fdbcfa7e000
22690 munmap(0x7fdbcfa7e000, 16384)     = 0
22690 mmap(NULL, 16384, PROT_READ|PROT_WRITE, MAP_PRIVATE|MAP_ANONYMOUS|MAP_NORESERVE, -1, 0) = 0x7fdbcfa7e000
22690 munmap(0x7fdbcfa7e000, 16384)     = 0
22690 mmap(NULL, 16384, PROT_READ|PROT_WRITE, MAP_PRIVATE|MAP_ANONYMOUS|MAP_NORESERVE, -1, 0) = 0x7fdbcfa7e000
22690 munmap(0x7fdbcfa7e000, 16384)     = 0
22690 mmap(NULL, 16384, PROT_READ|PROT_WRITE, MAP_PRIVATE|MAP_ANONYMOUS|MAP_NORESERVE, -1, 0) = 0x7fdbcfa7e000
22690 munmap(0x7fdbcfa7e000, 16384)     = 0
22690 mmap(NULL, 16384, PROT_READ|PROT_WRITE, MAP_PRIVATE|MAP_ANONYMOUS|MAP_NORESERVE, -1, 0) = 0x7fdbcfa7e000
22690 munmap(0x7fdbcfa7e000, 16384)     = 0
22690 mmap(NULL, 16384, PROT_READ|PROT_WRITE, MAP_PRIVATE|MAP_ANONYMOUS|MAP_NORESERVE, -1, 0) = 0x7fdbcfa7e000
22690 munmap(0x7fdbcfa7e000, 16384)     = 0
22690 mmap(NULL, 16384, PROT_READ|PROT_WRITE, MAP_PRIVATE|MAP_ANONYMOUS|MAP_NORESERVE, -1, 0) = 0x7fdbcfa7e000
22690 munmap(0x7fdbcfa7e000, 16384)     = 0
22690 mmap(NULL, 16384, PROT_READ|PROT_WRITE, MAP_PRIVATE|MAP_ANONYMOUS|MAP_NORESERVE, -1, 0) = 0x7fdbcfa7e000
22690 munmap(0x7fdbcfa7e000, 16384)     = 0
22690 mmap(NULL, 16384, PROT_READ|PROT_WRITE, MAP_PRIVATE|MAP_ANONYMOUS|MAP_NORESERVE, -1, 0) = 0x7fdbcfa7e000
22690 munmap(0x7fdbcfa7e000, 16384)     = 0
22690 mmap(NULL, 16384, PROT_READ|PROT_WRITE, MAP_PRIVATE|MAP_ANONYMOUS|MAP_NORESERVE, -1, 0) = 0x7fdbcfa7e000
22690 munmap(0x7fdbcfa7e000, 16384)     = 0
22690 mmap(NULL, 16384, PROT_READ|PROT_WRITE, MAP_PRIVATE|MAP_ANONYMOUS|MAP_NORESERVE, -1, 0) = 0x7fdbcfa7e000
22690 munmap(0x7fdbcfa7e000, 16384)     = 0
22690 mmap(NULL, 16384, PROT_READ|PROT_WRITE, MAP_PRIVATE|MAP_ANONYMOUS|MAP_NORESERVE, -1, 0) = 0x7fdbcfa7e000
22690 munmap(0x7fdbcfa7e000, 16384)     = 0
22690 mmap(NULL, 16384, PROT_READ|PROT_WRITE, MAP_PRIVATE|MAP_ANONYMOUS|MAP_NORESERVE, -1, 0) = 0x7fdbcfa7e000
22690 munmap(0x7fdbcfa7e000, 16384)     = 0
22690 mmap(NULL, 16384, PROT_READ|PROT_WRITE, MAP_PRIVATE|MAP_ANONYMOUS|MAP_NORESERVE, -1, 0) = 0x7fdbcfa7e000
22690 munmap(0x7fdbcfa7e000, 16384)     = 0
22690 mmap(NULL, 16384, PROT_READ|PROT_WRITE, MAP_PRIVATE|MAP_ANONYMOUS|MAP_NORESERVE, -1, 0) = 0x7fdbcfa7e000
22690 munmap(0x7fdbcfa7e000, 16384)     = 0
22690 mmap(NULL, 16384, PROT_READ|PROT_WRITE, MAP_PRIVATE|MAP_ANONYMOUS|MAP_NORESERVE, -1, 0) = 0x7fdbcfa7e000
22690 munmap(0x7fdbcfa7e000, 16384)     = 0
22690 mmap(NULL, 16384, PROT_READ|PROT_WRITE, MAP_PRIVATE|MAP_ANONYMOUS|MAP_NORESERVE, -1, 0) = 0x7fdbcfa7e000
22690 munmap(0x7fdbcfa7e000, 16384)     = 0
22690 futex(0x7fff800bfae4, FUTEX_WAKE_PRIVATE, 2147483647 <unfinished ...>
22687 <... futex resumed>)              = 0
22690 <... futex resumed>)              = 1
22687 futex(0x7fdbd0282910, FUTEX_WAIT_BITSET|FUTEX_CLOCK_REALTIME, 22690, NULL, FUTEX_BITSET_MATCH_ANY <unfinished ...>
22690 rt_sigprocmask(SIG_BLOCK, ~[RT_1], NULL, 8) = 0
22690 madvise(0x7fdbcfa82000, 8372224, MADV_DONTNEED) = 0
22690 exit(0)                           = ?
22687 <... futex resumed>)              = 0
22687 openat(AT_FDCWD, "/proc/self/statm", O_RDONLY) = 3
22687 newfstatat(3, "", {st_mode=S_IFREG|0444, st_size=0, ...}, AT_EMPTY_PATH) = 0
22687 read(3, "2401 94 81 199 0 2123 0\n", 1024) = 24
22687 write(2, "mmbench: peak RSS ~0 MB\n", 24) = 24
22687 close(3)                          = 0
22687 uname({sysname="Linux", nodename="syzkaller", ...}) = 0
22687 uname({sysname="Linux", nodename="syzkaller", ...}) = 0
22687 newfstatat(1, "", {st_mode=S_IFCHR|0666, st_rdev=makedev(0x1, 0x3), ...}, AT_EMPTY_PATH) = 0
22687 ioctl(1, TCGETS, 0x7fff800bf1e0)  = -1 ENOTTY (Inappropriate ioctl for device)
22687 write(1, "{\"bench\":\"mmap\",\"contention\":\"low\",\"threads\":1,\"ops\":99,\"elapsed_s\":1.007,\"ops_per_us\":9.85749e-"..., 185) = 185
22687 exit_group(0)                     = ?
