25658 execve("/mnt/cortenmm/bench/mmbench/mmbench", ["/mnt/cortenmm/bench/mmbench/mmbench", "mmap-pf", "high", "4", "1", "20262048"], 0x7ffca0feee08 /* 30 vars */) = 0
25658 arch_prctl(0x3001 /* ARCH_??? */, 0x7ffc5fbea570) = -1 EINVAL (Invalid argument)
25658 brk(NULL)                         = 0x186b9000
25658 brk(0x186b9dc0)                   = 0x186b9dc0
25658 arch_prctl(ARCH_SET_FS, 0x186b93c0) = 0
25658 set_tid_address(0x186b9690)       = 25658
25658 set_robust_list(0x186b96a0, 24)   = 0
25658 rseq(0x186b9d60, 0x20, 0, 0x53053053) = 0
25658 uname({sysname="Linux", nodename="syzkaller", ...}) = 0
25658 prlimit64(0, RLIMIT_STACK, NULL, {rlim_cur=8192*1024, rlim_max=RLIM64_INFINITY}) = 0
25658 readlink("/proc/self/exe", "/mnt/cortenmm/bench/mmbench/mmbench", 4096) = 35
25658 getrandom("\xa0\xc6\xdf\xba\xe3\x58\xcc\x2d", 8, GRND_NONBLOCK) = 8
25658 brk(0x186dadc0)                   = 0x186dadc0
25658 brk(0x186db000)                   = 0x186db000
25658 mprotect(0x4f6000, 16384, PROT_READ) = 0
25658 prlimit64(0, RLIMIT_AS, NULL, {rlim_cur=RLIM64_INFINITY, rlim_max=RLIM64_INFINITY}) = 0
25658 rt_sigaction(SIGRT_1, {sa_handler=0x497070, sa_mask=[], sa_flags=SA_RESTORER|SA_ONSTACK|SA_RESTART|SA_SIGINFO, sa_restorer=0x47db20}, NULL, 8) = 0
25658 rt_sigprocmask(SIG_UNBLOCK, [RTMIN RT_1], NULL, 8) = 0
25658 mmap(NULL, 8392704, PROT_NONE, MAP_PRIVATE|MAP_ANONYMOUS|MAP_STACK, -1, 0) = 0x7fb9442db000
25658 mprotect(0x7fb9442dc000, 8388608, PROT_READ|PROT_WRITE) = 0
25658 rt_sigprocmask(SIG_BLOCK, ~[], [], 8) = 0
25658 clone3({flags=CLONE_VM|CLONE_FS|CLONE_FILES|CLONE_SIGHAND|CLONE_THREAD|CLONE_SYSVSEM|CLONE_SETTLS|CLONE_PARENT_SETTID|CLONE_CHILD_CLEARTID, child_tid=0x7fb944adb910, parent_tid=0x7fb944adb910, exit_signal=0, stack=0x7fb9442db000, stack_size=0x800280, tls=0x7fb944adb640} => {parent_tid=[25661]}, 88) = 25661
25661 rseq(0x7fb944adbfe0, 0x20, 0, 0x53053053 <unfinished ...>
25658 rt_sigprocmask(SIG_SETMASK, [],  <unfinished ...>
25661 <... rseq resumed>)               = 0
25658 <... rt_sigprocmask resumed>NULL, 8) = 0
25661 set_robust_list(0x7fb944adb920, 24 <unfinished ...>
25658 mmap(NULL, 8392704, PROT_NONE, MAP_PRIVATE|MAP_ANONYMOUS|MAP_STACK, -1, 0 <unfinished ...>
25661 <... set_robust_list resumed>)    = 0
25658 <... mmap resumed>)               = 0x7fb943ada000
25661 rt_sigprocmask(SIG_SETMASK, [],  <unfinished ...>
25658 mprotect(0x7fb943adb000, 8388608, PROT_READ|PROT_WRITE <unfinished ...>
25661 <... rt_sigprocmask resumed>NULL, 8) = 0
25658 <... mprotect resumed>)           = 0
25661 futex(0x7ffc5fbe9d14, FUTEX_WAIT_PRIVATE, 0, NULL <unfinished ...>
25658 rt_sigprocmask(SIG_BLOCK, ~[], [], 8) = 0
25658 clone3({flags=CLONE_VM|CLONE_FS|CLONE_FILES|CLONE_SIGHAND|CLONE_THREAD|CLONE_SYSVSEM|CLONE_SETTLS|CLONE_PARENT_SETTID|CLONE_CHILD_CLEARTID, child_tid=0x7fb9442da910, parent_tid=0x7fb9442da910, exit_signal=0, stack=0x7fb943ada000, stack_size=0x800280, tls=0x7fb9442da640} => {parent_tid=[25662]}, 88) = 25662
25662 rseq(0x7fb9442dafe0, 0x20, 0, 0x53053053 <unfinished ...>
25658 rt_sigprocmask(SIG_SETMASK, [],  <unfinished ...>
25662 <... rseq resumed>)               = 0
25658 <... rt_sigprocmask resumed>NULL, 8) = 0
25662 set_robust_list(0x7fb9442da920, 24 <unfinished ...>
25658 mmap(NULL, 8392704, PROT_NONE, MAP_PRIVATE|MAP_ANONYMOUS|MAP_STACK, -1, 0 <unfinished ...>
25662 <... set_robust_list resumed>)    = 0
25658 <... mmap resumed>)               = 0x7fb9432d9000
25662 rt_sigprocmask(SIG_SETMASK, [],  <unfinished ...>
25658 mprotect(0x7fb9432da000, 8388608, PROT_READ|PROT_WRITE <unfinished ...>
25662 <... rt_sigprocmask resumed>NULL, 8) = 0
25658 <... mprotect resumed>)           = 0
25662 futex(0x7ffc5fbe9d14, FUTEX_WAIT_PRIVATE, 0, NULL <unfinished ...>
25658 rt_sigprocmask(SIG_BLOCK, ~[], [], 8) = 0
25658 clone3({flags=CLONE_VM|CLONE_FS|CLONE_FILES|CLONE_SIGHAND|CLONE_THREAD|CLONE_SYSVSEM|CLONE_SETTLS|CLONE_PARENT_SETTID|CLONE_CHILD_CLEARTID, child_tid=0x7fb943ad9910, parent_tid=0x7fb943ad9910, exit_signal=0, stack=0x7fb9432d9000, stack_size=0x800280, tls=0x7fb943ad9640} => {parent_tid=[25663]}, 88) = 25663
25663 rseq(0x7fb943ad9fe0, 0x20, 0, 0x53053053 <unfinished ...>
25658 rt_sigprocmask(SIG_SETMASK, [],  <unfinished ...>
25663 <... rseq resumed>)               = 0
25658 <... rt_sigprocmask resumed>NULL, 8) = 0
25663 set_robust_list(0x7fb943ad9920, 24 <unfinished ...>
25658 mmap(NULL, 8392704, PROT_NONE, MAP_PRIVATE|MAP_ANONYMOUS|MAP_STACK, -1, 0 <unfinished ...>
25663 <... set_robust_list resumed>)    = 0
25658 <... mmap resumed>)               = 0x7fb942ad8000
25663 rt_sigprocmask(SIG_SETMASK, [],  <unfinished ...>
25658 mprotect(0x7fb942ad9000, 8388608, PROT_READ|PROT_WRITE <unfinished ...>
25663 <... rt_sigprocmask resumed>NULL, 8) = 0
25658 <... mprotect resumed>)           = 0
25663 futex(0x7ffc5fbe9d14, FUTEX_WAIT_PRIVATE, 0, NULL <unfinished ...>
25658 rt_sigprocmask(SIG_BLOCK, ~[], [], 8) = 0
25658 clone3({flags=CLONE_VM|CLONE_FS|CLONE_FILES|CLONE_SIGHAND|CLONE_THREAD|CLONE_SYSVSEM|CLONE_SETTLS|CLONE_PARENT_SETTID|CLONE_CHILD_CLEARTID, child_tid=0x7fb9432d8910, parent_tid=0x7fb9432d8910, exit_signal=0, stack=0x7fb942ad8000, stack_size=0x800280, tls=0x7fb9432d8640} <unfinished ...>
25664 rseq(0x7fb9432d8fe0, 0x20, 0, 0x53053053 <unfinished ...>
25658 <... clone3 resumed> => {parent_tid=[25664]}, 88) = 25664
25664 <... rseq resumed>)               = 0
25658 rt_sigprocmask(SIG_SETMASK, [], NULL, 8) = 0
25664 set_robust_list(0x7fb9432d8920, 24 <unfinished ...>
25658 futex(0x7ffc5fbe9d14, FUTEX_WAIT_PRIVATE, 0, NULL <unfinished ...>
25664 <... set_robust_list resumed>)    = 0
25664 rt_sigprocmask(SIG_SETMASK, [], NULL, 8) = 0
25664 futex(0x7ffc5fbe9d14, FUTEX_WAKE_PRIVATE, 2147483647 <unfinished ...>
25658 <... futex resumed>)              = 0
25664 <... futex resumed>)              = 4
25662 <... futex resumed>)              = 0
25661 <... futex resumed>)              = 0
25658 futex(0x7ffc5fbe9d34, FUTEX_WAIT_PRIVATE, 0, NULL <unfinished ...>
25664 mmap(NULL, 16384, PROT_READ|PROT_WRITE, MAP_PRIVATE|MAP_ANONYMOUS|MAP_NORESERVE, -1, 0 <unfinished ...>
25663 <... futex resumed>)              = 0
25662 mmap(NULL, 16384, PROT_READ|PROT_WRITE, MAP_PRIVATE|MAP_ANONYMOUS|MAP_NORESERVE, -1, 0 <unfinished ...>
25661 mmap(NULL, 16384, PROT_READ|PROT_WRITE, MAP_PRIVATE|MAP_ANONYMOUS|MAP_NORESERVE, -1, 0 <unfinished ...>
25664 <... mmap resumed>)               = 0x7fb942ad4000
25663 mmap(NULL, 16384, PROT_READ|PROT_WRITE, MAP_PRIVATE|MAP_ANONYMOUS|MAP_NORESERVE, -1, 0 <unfinished ...>
25662 <... mmap resumed>)               = 0x7fb942ad0000
25664 munmap(0x7fb942ad4000, 16384 <unfinished ...>
25663 <... mmap resumed>)               = 0x7fb942ac8000
25661 <... mmap resumed>)               = 0x7fb942acc000
25664 <... munmap resumed>)             = 0
25663 munmap(0x7fb942ac8000, 16384 <unfinished ...>
25662 munmap(0x7fb942ad0000, 16384 <unfinished ...>
25664 mmap(NULL, 16384, PROT_READ|PROT_WRITE, MAP_PRIVATE|MAP_ANONYMOUS|MAP_NORESERVE, -1, 0 <unfinished ...>
25663 <... munmap resumed>)             = 0
25661 munmap(0x7fb942acc000, 16384 <unfinished ...>
25664 <... mmap resumed>)               = 0x7fb942ad4000
25663 mmap(NULL, 16384, PROT_READ|PROT_WRITE, MAP_PRIVATE|MAP_ANONYMOUS|MAP_NORESERVE, -1, 0 <unfinished ...>
25662 <... munmap resumed>)             = 0
25664 munmap(0x7fb942ad4000, 16384 <unfinished ...>
25663 <... mmap resumed>)               = 0x7fb942ad0000
25661 <... munmap resumed>)             = 0
25664 <... munmap resumed>)             = 0
25663 munmap(0x7fb942ad0000, 16384 <unfinished ...>
25662 mmap(NULL, 16384, PROT_READ|PROT_WRITE, MAP_PRIVATE|MAP_ANONYMOUS|MAP_NORESERVE, -1, 0 <unfinished ...>
25664 mmap(NULL, 16384, PROT_READ|PROT_WRITE, MAP_PRIVATE|MAP_ANONYMOUS|MAP_NORESERVE, -1, 0 <unfinished ...>
25663 <... munmap resumed>)             = 0
25661 mmap(NULL, 16384, PROT_READ|PROT_WRITE, MAP_PRIVATE|MAP_ANONYMOUS|MAP_NORESERVE, -1, 0 <unfinished ...>
25664 <... mmap resumed>)               = 0x7fb942ad0000
25663 mmap(NULL, 16384, PROT_READ|PROT_WRITE, MAP_PRIVATE|MAP_ANONYMOUS|MAP_NORESERVE, -1, 0 <unfinished ...>
25662 <... mmap resumed>)               = 0x7fb942ad4000
25664 munmap(0x7fb942ad0000, 16384 <unfinished ...>
25663 <... mmap resumed>)               = 0x7fb942ac8000
25661 <... mmap resumed>)               = 0x7fb942acc000
25664 <... munmap resumed>)             = 0
25663 munmap(0x7fb942ac8000, 16384 <unfinished ...>
25662 munmap(0x7fb942ad4000, 16384 <unfinished ...>
25664 mmap(NULL, 16384, PROT_READ|PROT_WRITE, MAP_PRIVATE|MAP_ANONYMOUS|MAP_NORESERVE, -1, 0 <unfinished ...>
25663 <... munmap resumed>)             = 0
25661 munmap(0x7fb942acc000, 16384 <unfinished ...>
25664 <... mmap resumed>)               = 0x7fb942ad4000
25663 mmap(NULL, 16384, PROT_READ|PROT_WRITE, MAP_PRIVATE|MAP_ANONYMOUS|MAP_NORESERVE, -1, 0 <unfinished ...>
25662 <... munmap resumed>)             = 0
25664 munmap(0x7fb942ad4000, 16384 <unfinished ...>
25663 <... mmap resumed>)               = 0x7fb942ad0000
25661 <... munmap resumed>)             = 0
25664 <... munmap resumed>)             = 0
25663 munmap(0x7fb942ad0000, 16384 <unfinished ...>
25662 mmap(NULL, 16384, PROT_READ|PROT_WRITE, MAP_PRIVATE|MAP_ANONYMOUS|MAP_NORESERVE, -1, 0 <unfinished ...>
25664 mmap(NULL, 16384, PROT_READ|PROT_WRITE, MAP_PRIVATE|MAP_ANONYMOUS|MAP_NORESERVE, -1, 0 <unfinished ...>
25663 <... munmap resumed>)             = 0
25661 mmap(NULL, 16384, PROT_READ|PROT_WRITE, MAP_PRIVATE|MAP_ANONYMOUS|MAP_NORESERVE, -1, 0 <unfinished ...>
25664 <... mmap resumed>)               = 0x7fb942ad0000
25663 mmap(NULL, 16384, PROT_READ|PROT_WRITE, MAP_PRIVATE|MAP_ANONYMOUS|MAP_NORESERVE, -1, 0 <unfinished ...>
25662 <... mmap resumed>)               = 0x7fb942ad4000
25664 munmap(0x7fb942ad0000, 16384 <unfinished ...>
25663 <... mmap resumed>)               = 0x7fb942ac8000
25661 <... mmap resumed>)               = 0x7fb942acc000
25664 <... munmap resumed>)             = 0
25663 munmap(0x7fb942ac8000, 16384 <unfinished ...>
25662 munmap(0x7fb942ad4000, 16384 <unfinished ...>
25664 mmap(NULL, 16384, PROT_READ|PROT_WRITE, MAP_PRIVATE|MAP_ANONYMOUS|MAP_NORESERVE, -1, 0 <unfinished ...>
25663 <... munmap resumed>)             = 0
25661 munmap(0x7fb942acc000, 16384 <unfinished ...>
25664 <... mmap resumed>)               = 0x7fb942ad4000
25663 mmap(NULL, 16384, PROT_READ|PROT_WRITE, MAP_PRIVATE|MAP_ANONYMOUS|MAP_NORESERVE, -1, 0 <unfinished ...>
25662 <... munmap resumed>)             = 0
25664 munmap(0x7fb942ad4000, 16384 <unfinished ...>
25663 <... mmap resumed>)               = 0x7fb942ad0000
25661 <... munmap resumed>)             = 0
25664 <... munmap resumed>)             = 0
25663 munmap(0x7fb942ad0000, 16384 <unfinished ...>
25662 mmap(NULL, 16384, PROT_READ|PROT_WRITE, MAP_PRIVATE|MAP_ANONYMOUS|MAP_NORESERVE, -1, 0 <unfinished ...>
25661 mmap(NULL, 16384, PROT_READ|PROT_WRITE, MAP_PRIVATE|MAP_ANONYMOUS|MAP_NORESERVE, -1, 0 <unfinished ...>
25664 mmap(NULL, 16384, PROT_READ|PROT_WRITE, MAP_PRIVATE|MAP_ANONYMOUS|MAP_NORESERVE, -1, 0 <unfinished ...>
25663 <... munmap resumed>)             = 0
25662 <... mmap resumed>)               = 0x7fb942ad4000
25664 <... mmap resumed>)               = 0x7fb942acc000
25663 mmap(NULL, 16384, PROT_READ|PROT_WRITE, MAP_PRIVATE|MAP_ANONYMOUS|MAP_NORESERVE, -1, 0 <unfinished ...>
25661 <... mmap resumed>)               = 0x7fb942ad0000
25664 munmap(0x7fb942acc000, 16384 <unfinished ...>
25663 <... mmap resumed>)               = 0x7fb942ac8000
25662 munmap(0x7fb942ad4000, 16384 <unfinished ...>
25664 <... munmap resumed>)             = 0
25663 munmap(0x7fb942ac8000, 16384 <unfinished ...>
25661 munmap(0x7fb942ad0000, 16384 <unfinished ...>
25664 mmap(NULL, 16384, PROT_READ|PROT_WRITE, MAP_PRIVATE|MAP_ANONYMOUS|MAP_NORESERVE, -1, 0 <unfinished ...>
25663 <... munmap resumed>)             = 0
25662 <... munmap resumed>)             = 0
25664 <... mmap resumed>)               = 0x7fb942ad4000
25663 mmap(NULL, 16384, PROT_READ|PROT_WRITE, MAP_PRIVATE|MAP_ANONYMOUS|MAP_NORESERVE, -1, 0 <unfinished ...>
25661 <... munmap resumed>)             = 0
25664 munmap(0x7fb942ad4000, 16384 <unfinished ...>
25663 <... mmap resumed>)               = 0x7fb942ad0000
25662 mmap(NULL, 16384, PROT_READ|PROT_WRITE, MAP_PRIVATE|MAP_ANONYMOUS|MAP_NORESERVE, -1, 0 <unfinished ...>
25664 <... munmap resumed>)             = 0
25663 munmap(0x7fb942ad0000, 16384 <unfinished ...>
25661 mmap(NULL, 16384, PROT_READ|PROT_WRITE, MAP_PRIVATE|MAP_ANONYMOUS|MAP_NORESERVE, -1, 0 <unfinished ...>
25664 mmap(NULL, 16384, PROT_READ|PROT_WRITE, MAP_PRIVATE|MAP_ANONYMOUS|MAP_NORESERVE, -1, 0 <unfinished ...>
25663 <... munmap resumed>)             = 0
25662 <... mmap resumed>)               = 0x7fb942ad4000
25664 <... mmap resumed>)               = 0x7fb942acc000
25663 mmap(NULL, 16384, PROT_READ|PROT_WRITE, MAP_PRIVATE|MAP_ANONYMOUS|MAP_NORESERVE, -1, 0 <unfinished ...>
25661 <... mmap resumed>)               = 0x7fb942ad0000
25664 munmap(0x7fb942acc000, 16384 <unfinished ...>
25663 <... mmap resumed>)               = 0x7fb942ac8000
25662 munmap(0x7fb942ad4000, 16384 <unfinished ...>
25664 <... munmap resumed>)             = 0
25663 munmap(0x7fb942ac8000, 16384 <unfinished ...>
25661 munmap(0x7fb942ad0000, 16384 <unfinished ...>
25664 mmap(NULL, 16384, PROT_READ|PROT_WRITE, MAP_PRIVATE|MAP_ANONYMOUS|MAP_NORESERVE, -1, 0 <unfinished ...>
25663 <... munmap resumed>)             = 0
25662 <... munmap resumed>)             = 0
25664 <... mmap resumed>)               = 0x7fb942ad4000
25663 mmap(NULL, 16384, PROT_READ|PROT_WRITE, MAP_PRIVATE|MAP_ANONYMOUS|MAP_NORESERVE, -1, 0 <unfinished ...>
25661 <... munmap resumed>)             = 0
25664 munmap(0x7fb942ad4000, 16384 <unfinished ...>
25663 <... mmap resumed>)               = 0x7fb942ad0000
25662 mmap(NULL, 16384, PROT_READ|PROT_WRITE, MAP_PRIVATE|MAP_ANONYMOUS|MAP_NORESERVE, -1, 0 <unfinished ...>
25661 mmap(NULL, 16384, PROT_READ|PROT_WRITE, MAP_PRIVATE|MAP_ANONYMOUS|MAP_NORESERVE, -1, 0 <unfinished ...>
25664 <... munmap resumed>)             = 0
25663 munmap(0x7fb942ad0000, 16384 <unfinished ...>
25662 <... mmap resumed>)               = 0x7fb942ad4000
25664 mmap(NULL, 16384, PROT_READ|PROT_WRITE, MAP_PRIVATE|MAP_ANONYMOUS|MAP_NORESERVE, -1, 0 <unfinished ...>
25663 <... munmap resumed>)             = 0
25661 <... mmap resumed>)               = 0x7fb942acc000
25664 <... mmap resumed>)               = 0x7fb942ad0000
25663 mmap(NULL, 16384, PROT_READ|PROT_WRITE, MAP_PRIVATE|MAP_ANONYMOUS|MAP_NORESERVE, -1, 0 <unfinished ...>
25662 munmap(0x7fb942ad4000, 16384 <unfinished ...>
25664 munmap(0x7fb942ad0000, 16384 <unfinished ...>
25663 <... mmap resumed>)               = 0x7fb942ac8000
25661 munmap(0x7fb942acc000, 16384 <unfinished ...>
25664 <... munmap resumed>)             = 0
25663 munmap(0x7fb942ac8000, 16384 <unfinished ...>
25662 <... munmap resumed>)             = 0
25664 mmap(NULL, 16384, PROT_READ|PROT_WRITE, MAP_PRIVATE|MAP_ANONYMOUS|MAP_NORESERVE, -1, 0 <unfinished ...>
25663 <... munmap resumed>)             = 0
25661 <... munmap resumed>)             = 0
25664 <... mmap resumed>)               = 0x7fb942ad4000
25663 mmap(NULL, 16384, PROT_READ|PROT_WRITE, MAP_PRIVATE|MAP_ANONYMOUS|MAP_NORESERVE, -1, 0 <unfinished ...>
25662 mmap(NULL, 16384, PROT_READ|PROT_WRITE, MAP_PRIVATE|MAP_ANONYMOUS|MAP_NORESERVE, -1, 0 <unfinished ...>
25664 munmap(0x7fb942ad4000, 16384 <unfinished ...>
25663 <... mmap resumed>)               = 0x7fb942ad0000
25661 mmap(NULL, 16384, PROT_READ|PROT_WRITE, MAP_PRIVATE|MAP_ANONYMOUS|MAP_NORESERVE, -1, 0 <unfinished ...>
25664 <... munmap resumed>)             = 0
25663 munmap(0x7fb942ad0000, 16384 <unfinished ...>
25662 <... mmap resumed>)               = 0x7fb942acc000
25664 mmap(NULL, 16384, PROT_READ|PROT_WRITE, MAP_PRIVATE|MAP_ANONYMOUS|MAP_NORESERVE, -1, 0 <unfinished ...>
25663 <... munmap resumed>)             = 0
25661 <... mmap resumed>)               = 0x7fb942ad4000
25664 <... mmap resumed>)               = 0x7fb942ad0000
25663 mmap(NULL, 16384, PROT_READ|PROT_WRITE, MAP_PRIVATE|MAP_ANONYMOUS|MAP_NORESERVE, -1, 0 <unfinished ...>
25662 munmap(0x7fb942acc000, 16384 <unfinished ...>
25664 munmap(0x7fb942ad0000, 16384 <unfinished ...>
25663 <... mmap resumed>)               = 0x7fb942ac8000
25661 munmap(0x7fb942ad4000, 16384 <unfinished ...>
25664 <... munmap resumed>)             = 0
25663 munmap(0x7fb942ac8000, 16384 <unfinished ...>
25662 <... munmap resumed>)             = 0
25661 <... munmap resumed>)             = 0
25664 mmap(NULL, 16384, PROT_READ|PROT_WRITE, MAP_PRIVATE|MAP_ANONYMOUS|MAP_NORESERVE, -1, 0 <unfinished ...>
25663 <... munmap resumed>)             = 0
25662 mmap(NULL, 16384, PROT_READ|PROT_WRITE, MAP_PRIVATE|MAP_ANONYMOUS|MAP_NORESERVE, -1, 0 <unfinished ...>
25664 <... mmap resumed>)               = 0x7fb942ad4000
25663 mmap(NULL, 16384, PROT_READ|PROT_WRITE, MAP_PRIVATE|MAP_ANONYMOUS|MAP_NORESERVE, -1, 0 <unfinished ...>
25662 <... mmap resumed>)               = 0x7fb942ad0000
25661 mmap(NULL, 16384, PROT_READ|PROT_WRITE, MAP_PRIVATE|MAP_ANONYMOUS|MAP_NORESERVE, -1, 0 <unfinished ...>
25664 munmap(0x7fb942ad4000, 16384 <unfinished ...>
25663 <... mmap resumed>)               = 0x7fb942acc000
25662 munmap(0x7fb942ad0000, 16384 <unfinished ...>
25664 <... munmap resumed>)             = 0
25663 munmap(0x7fb942acc000, 16384 <unfinished ...>
25661 <... mmap resumed>)               = 0x7fb942ac8000
25664 mmap(NULL, 16384, PROT_READ|PROT_WRITE, MAP_PRIVATE|MAP_ANONYMOUS|MAP_NORESERVE, -1, 0 <unfinished ...>
25663 <... munmap resumed>)             = 0
25662 <... munmap resumed>)             = 0
25664 <... mmap resumed>)               = 0x7fb942ad4000
25663 mmap(NULL, 16384, PROT_READ|PROT_WRITE, MAP_PRIVATE|MAP_ANONYMOUS|MAP_NORESERVE, -1, 0 <unfinished ...>
25661 munmap(0x7fb942ac8000, 16384 <unfinished ...>
25664 munmap(0x7fb942ad4000, 16384 <unfinished ...>
25663 <... mmap resumed>)               = 0x7fb942ad0000
25662 mmap(NULL, 16384, PROT_READ|PROT_WRITE, MAP_PRIVATE|MAP_ANONYMOUS|MAP_NORESERVE, -1, 0 <unfinished ...>
25664 <... munmap resumed>)             = 0
25663 munmap(0x7fb942ad0000, 16384 <unfinished ...>
25661 <... munmap resumed>)             = 0
25664 mmap(NULL, 16384, PROT_READ|PROT_WRITE, MAP_PRIVATE|MAP_ANONYMOUS|MAP_NORESERVE, -1, 0 <unfinished ...>
25663 <... munmap resumed>)             = 0
25662 <... mmap resumed>)               = 0x7fb942ad4000
25664 <... mmap resumed>)               = 0x7fb942ad0000
25663 mmap(NULL, 16384, PROT_READ|PROT_WRITE, MAP_PRIVATE|MAP_ANONYMOUS|MAP_NORESERVE, -1, 0 <unfinished ...>
25661 mmap(NULL, 16384, PROT_READ|PROT_WRITE, MAP_PRIVATE|MAP_ANONYMOUS|MAP_NORESERVE, -1, 0 <unfinished ...>
25664 munmap(0x7fb942ad0000, 16384 <unfinished ...>
25663 <... mmap resumed>)               = 0x7fb942acc000
25662 munmap(0x7fb942ad4000, 16384 <unfinished ...>
25664 <... munmap resumed>)             = 0
25663 munmap(0x7fb942acc000, 16384 <unfinished ...>
25661 <... mmap resumed>)               = 0x7fb942ac8000
25664 mmap(NULL, 16384, PROT_READ|PROT_WRITE, MAP_PRIVATE|MAP_ANONYMOUS|MAP_NORESERVE, -1, 0 <unfinished ...>
25663 <... munmap resumed>)             = 0
25662 <... munmap resumed>)             = 0
25661 munmap(0x7fb942ac8000, 16384 <unfinished ...>
25664 <... mmap resumed>)               = 0x7fb942ad4000
25663 mmap(NULL, 16384, PROT_READ|PROT_WRITE, MAP_PRIVATE|MAP_ANONYMOUS|MAP_NORESERVE, -1, 0 <unfinished ...>
25662 mmap(NULL, 16384, PROT_READ|PROT_WRITE, MAP_PRIVATE|MAP_ANONYMOUS|MAP_NORESERVE, -1, 0 <unfinished ...>
25664 munmap(0x7fb942ad4000, 16384 <unfinished ...>
25663 <... mmap resumed>)               = 0x7fb942ad0000
25661 <... munmap resumed>)             = 0
25664 <... munmap resumed>)             = 0
25663 munmap(0x7fb942ad0000, 16384 <unfinished ...>
25662 <... mmap resumed>)               = 0x7fb942acc000
25664 mmap(NULL, 16384, PROT_READ|PROT_WRITE, MAP_PRIVATE|MAP_ANONYMOUS|MAP_NORESERVE, -1, 0 <unfinished ...>
25663 <... munmap resumed>)             = 0
25661 mmap(NULL, 16384, PROT_READ|PROT_WRITE, MAP_PRIVATE|MAP_ANONYMOUS|MAP_NORESERVE, -1, 0 <unfinished ...>
25664 <... mmap resumed>)               = 0x7fb942ad4000
25663 mmap(NULL, 16384, PROT_READ|PROT_WRITE, MAP_PRIVATE|MAP_ANONYMOUS|MAP_NORESERVE, -1, 0 <unfinished ...>
25662 munmap(0x7fb942acc000, 16384 <unfinished ...>
25664 munmap(0x7fb942ad4000, 16384 <unfinished ...>
25663 <... mmap resumed>)               = 0x7fb942ac8000
25661 <... mmap resumed>)               = 0x7fb942ad0000
25664 <... munmap resumed>)             = 0
25663 munmap(0x7fb942ac8000, 16384 <unfinished ...>
25662 <... munmap resumed>)             = 0
25664 mmap(NULL, 16384, PROT_READ|PROT_WRITE, MAP_PRIVATE|MAP_ANONYMOUS|MAP_NORESERVE, -1, 0 <unfinished ...>
25663 <... munmap resumed>)             = 0
25661 munmap(0x7fb942ad0000, 16384 <unfinished ...>
25664 <... mmap resumed>)               = 0x7fb942ad4000
25663 mmap(NULL, 16384, PROT_READ|PROT_WRITE, MAP_PRIVATE|MAP_ANONYMOUS|MAP_NORESERVE, -1, 0 <unfinished ...>
25662 mmap(NULL, 16384, PROT_READ|PROT_WRITE, MAP_PRIVATE|MAP_ANONYMOUS|MAP_NORESERVE, -1, 0 <unfinished ...>
25664 munmap(0x7fb942ad4000, 16384 <unfinished ...>
25663 <... mmap resumed>)               = 0x7fb942ad0000
25661 <... munmap resumed>)             = 0
25664 <... munmap resumed>)             = 0
25663 munmap(0x7fb942ad0000, 16384 <unfinished ...>
25662 <... mmap resumed>)               = 0x7fb942acc000
25664 mmap(NULL, 16384, PROT_READ|PROT_WRITE, MAP_PRIVATE|MAP_ANONYMOUS|MAP_NORESERVE, -1, 0 <unfinished ...>
25663 <... munmap resumed>)             = 0
25661 mmap(NULL, 16384, PROT_READ|PROT_WRITE, MAP_PRIVATE|MAP_ANONYMOUS|MAP_NORESERVE, -1, 0 <unfinished ...>
25664 <... mmap resumed>)               = 0x7fb942ad4000
25663 mmap(NULL, 16384, PROT_READ|PROT_WRITE, MAP_PRIVATE|MAP_ANONYMOUS|MAP_NORESERVE, -1, 0 <unfinished ...>
25662 munmap(0x7fb942acc000, 16384 <unfinished ...>
25664 munmap(0x7fb942ad4000, 16384 <unfinished ...>
25663 <... mmap resumed>)               = 0x7fb942ac8000
25661 <... mmap resumed>)               = 0x7fb942ad0000
25664 <... munmap resumed>)             = 0
25663 munmap(0x7fb942ac8000, 16384 <unfinished ...>
25662 <... munmap resumed>)             = 0
25664 mmap(NULL, 16384, PROT_READ|PROT_WRITE, MAP_PRIVATE|MAP_ANONYMOUS|MAP_NORESERVE, -1, 0 <unfinished ...>
25663 <... munmap resumed>)             = 0
25661 munmap(0x7fb942ad0000, 16384 <unfinished ...>
25664 <... mmap resumed>)               = 0x7fb942ad4000
25663 mmap(NULL, 16384, PROT_READ|PROT_WRITE, MAP_PRIVATE|MAP_ANONYMOUS|MAP_NORESERVE, -1, 0 <unfinished ...>
25662 mmap(NULL, 16384, PROT_READ|PROT_WRITE, MAP_PRIVATE|MAP_ANONYMOUS|MAP_NORESERVE, -1, 0 <unfinished ...>
25664 munmap(0x7fb942ad4000, 16384 <unfinished ...>
25663 <... mmap resumed>)               = 0x7fb942ad0000
25661 <... munmap resumed>)             = 0
25664 <... munmap resumed>)             = 0
25663 munmap(0x7fb942ad0000, 16384 <unfinished ...>
25662 <... mmap resumed>)               = 0x7fb942acc000
25664 mmap(NULL, 16384, PROT_READ|PROT_WRITE, MAP_PRIVATE|MAP_ANONYMOUS|MAP_NORESERVE, -1, 0 <unfinished ...>
25663 <... munmap resumed>)             = 0
25661 mmap(NULL, 16384, PROT_READ|PROT_WRITE, MAP_PRIVATE|MAP_ANONYMOUS|MAP_NORESERVE, -1, 0 <unfinished ...>
25664 <... mmap resumed>)               = 0x7fb942ad4000
25663 mmap(NULL, 16384, PROT_READ|PROT_WRITE, MAP_PRIVATE|MAP_ANONYMOUS|MAP_NORESERVE, -1, 0 <unfinished ...>
25662 munmap(0x7fb942acc000, 16384 <unfinished ...>
25664 munmap(0x7fb942ad4000, 16384 <unfinished ...>
25663 <... mmap resumed>)               = 0x7fb942ac8000
25661 <... mmap resumed>)               = 0x7fb942ad0000
25664 <... munmap resumed>)             = 0
25663 munmap(0x7fb942ac8000, 16384 <unfinished ...>
25662 <... munmap resumed>)             = 0
25664 mmap(NULL, 16384, PROT_READ|PROT_WRITE, MAP_PRIVATE|MAP_ANONYMOUS|MAP_NORESERVE, -1, 0 <unfinished ...>
25663 <... munmap resumed>)             = 0
25661 munmap(0x7fb942ad0000, 16384 <unfinished ...>
25664 <... mmap resumed>)               = 0x7fb942ad4000
25663 mmap(NULL, 16384, PROT_READ|PROT_WRITE, MAP_PRIVATE|MAP_ANONYMOUS|MAP_NORESERVE, -1, 0 <unfinished ...>
25662 mmap(NULL, 16384, PROT_READ|PROT_WRITE, MAP_PRIVATE|MAP_ANONYMOUS|MAP_NORESERVE, -1, 0 <unfinished ...>
25664 munmap(0x7fb942ad4000, 16384 <unfinished ...>
25663 <... mmap resumed>)               = 0x7fb942ad0000
25661 <... munmap resumed>)             = 0
25664 <... munmap resumed>)             = 0
25663 munmap(0x7fb942ad0000, 16384 <unfinished ...>
25662 <... mmap resumed>)               = 0x7fb942acc000
25664 mmap(NULL, 16384, PROT_READ|PROT_WRITE, MAP_PRIVATE|MAP_ANONYMOUS|MAP_NORESERVE, -1, 0 <unfinished ...>
25663 <... munmap resumed>)             = 0
25661 mmap(NULL, 16384, PROT_READ|PROT_WRITE, MAP_PRIVATE|MAP_ANONYMOUS|MAP_NORESERVE, -1, 0 <unfinished ...>
25664 <... mmap resumed>)               = 0x7fb942ad4000
25663 mmap(NULL, 16384, PROT_READ|PROT_WRITE, MAP_PRIVATE|MAP_ANONYMOUS|MAP_NORESERVE, -1, 0 <unfinished ...>
25662 munmap(0x7fb942acc000, 16384 <unfinished ...>
25664 munmap(0x7fb942ad4000, 16384 <unfinished ...>
25663 <... mmap resumed>)               = 0x7fb942ac8000
25661 <... mmap resumed>)               = 0x7fb942ad0000
25664 <... munmap resumed>)             = 0
25663 munmap(0x7fb942ac8000, 16384 <unfinished ...>
25662 <... munmap resumed>)             = 0
25664 mmap(NULL, 16384, PROT_READ|PROT_WRITE, MAP_PRIVATE|MAP_ANONYMOUS|MAP_NORESERVE, -1, 0 <unfinished ...>
25663 <... munmap resumed>)             = 0
25662 mmap(NULL, 16384, PROT_READ|PROT_WRITE, MAP_PRIVATE|MAP_ANONYMOUS|MAP_NORESERVE, -1, 0 <unfinished ...>
25661 munmap(0x7fb942ad0000, 16384 <unfinished ...>
25664 <... mmap resumed>)               = 0x7fb942ad4000
25663 mmap(NULL, 16384, PROT_READ|PROT_WRITE, MAP_PRIVATE|MAP_ANONYMOUS|MAP_NORESERVE, -1, 0 <unfinished ...>
25662 <... mmap resumed>)               = 0x7fb942acc000
25664 munmap(0x7fb942ad4000, 16384 <unfinished ...>
25663 <... mmap resumed>)               = 0x7fb942ad0000
25661 <... munmap resumed>)             = 0
25664 <... munmap resumed>)             = 0
25663 munmap(0x7fb942ad0000, 16384 <unfinished ...>
25662 munmap(0x7fb942acc000, 16384 <unfinished ...>
25664 mmap(NULL, 16384, PROT_READ|PROT_WRITE, MAP_PRIVATE|MAP_ANONYMOUS|MAP_NORESERVE, -1, 0 <unfinished ...>
25663 <... munmap resumed>)             = 0
25661 mmap(NULL, 16384, PROT_READ|PROT_WRITE, MAP_PRIVATE|MAP_ANONYMOUS|MAP_NORESERVE, -1, 0 <unfinished ...>
25664 <... mmap resumed>)               = 0x7fb942ad4000
25663 mmap(NULL, 16384, PROT_READ|PROT_WRITE, MAP_PRIVATE|MAP_ANONYMOUS|MAP_NORESERVE, -1, 0 <unfinished ...>
25662 <... munmap resumed>)             = 0
25664 munmap(0x7fb942ad4000, 16384 <unfinished ...>
25663 <... mmap resumed>)               = 0x7fb942acc000
25661 <... mmap resumed>)               = 0x7fb942ad0000
25664 <... munmap resumed>)             = 0
25663 munmap(0x7fb942acc000, 16384 <unfinished ...>
25662 mmap(NULL, 16384, PROT_READ|PROT_WRITE, MAP_PRIVATE|MAP_ANONYMOUS|MAP_NORESERVE, -1, 0 <unfinished ...>
25664 mmap(NULL, 16384, PROT_READ|PROT_WRITE, MAP_PRIVATE|MAP_ANONYMOUS|MAP_NORESERVE, -1, 0 <unfinished ...>
25663 <... munmap resumed>)             = 0
25661 munmap(0x7fb942ad0000, 16384 <unfinished ...>
25664 <... mmap resumed>)               = 0x7fb942acc000
25663 mmap(NULL, 16384, PROT_READ|PROT_WRITE, MAP_PRIVATE|MAP_ANONYMOUS|MAP_NORESERVE, -1, 0 <unfinished ...>
25662 <... mmap resumed>)               = 0x7fb942ad4000
25664 munmap(0x7fb942acc000, 16384 <unfinished ...>
25663 <... mmap resumed>)               = 0x7fb942ad0000
25661 <... munmap resumed>)             = 0
25664 <... munmap resumed>)             = 0
25663 munmap(0x7fb942ad0000, 16384 <unfinished ...>
25662 munmap(0x7fb942ad4000, 16384 <unfinished ...>
25664 mmap(NULL, 16384, PROT_READ|PROT_WRITE, MAP_PRIVATE|MAP_ANONYMOUS|MAP_NORESERVE, -1, 0 <unfinished ...>
25663 <... munmap resumed>)             = 0
25662 <... munmap resumed>)             = 0
25661 mmap(NULL, 16384, PROT_READ|PROT_WRITE, MAP_PRIVATE|MAP_ANONYMOUS|MAP_NORESERVE, -1, 0 <unfinished ...>
25664 <... mmap resumed>)               = 0x7fb942ad4000
25663 mmap(NULL, 16384, PROT_READ|PROT_WRITE, MAP_PRIVATE|MAP_ANONYMOUS|MAP_NORESERVE, -1, 0 <unfinished ...>
25662 mmap(NULL, 16384, PROT_READ|PROT_WRITE, MAP_PRIVATE|MAP_ANONYMOUS|MAP_NORESERVE, -1, 0 <unfinished ...>
25664 munmap(0x7fb942ad4000, 16384 <unfinished ...>
25663 <... mmap resumed>)               = 0x7fb942acc000
25661 <... mmap resumed>)               = 0x7fb942ad0000
25664 <... munmap resumed>)             = 0
25663 munmap(0x7fb942acc000, 16384 <unfinished ...>
25662 <... mmap resumed>)               = 0x7fb942ac8000
25664 mmap(NULL, 16384, PROT_READ|PROT_WRITE, MAP_PRIVATE|MAP_ANONYMOUS|MAP_NORESERVE, -1, 0 <unfinished ...>
25663 <... munmap resumed>)             = 0
25661 munmap(0x7fb942ad0000, 16384 <unfinished ...>
25664 <... mmap resumed>)               = 0x7fb942ad4000
25663 mmap(NULL, 16384, PROT_READ|PROT_WRITE, MAP_PRIVATE|MAP_ANONYMOUS|MAP_NORESERVE, -1, 0 <unfinished ...>
25662 munmap(0x7fb942ac8000, 16384 <unfinished ...>
25661 <... munmap resumed>)             = 0
25664 munmap(0x7fb942ad4000, 16384 <unfinished ...>
25663 <... mmap resumed>)               = 0x7fb942ad0000
25662 <... munmap resumed>)             = 0
25664 <... munmap resumed>)             = 0
25663 munmap(0x7fb942ad0000, 16384 <unfinished ...>
25661 mmap(NULL, 16384, PROT_READ|PROT_WRITE, MAP_PRIVATE|MAP_ANONYMOUS|MAP_NORESERVE, -1, 0 <unfinished ...>
25664 mmap(NULL, 16384, PROT_READ|PROT_WRITE, MAP_PRIVATE|MAP_ANONYMOUS|MAP_NORESERVE, -1, 0 <unfinished ...>
25663 <... munmap resumed>)             = 0
25662 mmap(NULL, 16384, PROT_READ|PROT_WRITE, MAP_PRIVATE|MAP_ANONYMOUS|MAP_NORESERVE, -1, 0 <unfinished ...>
25664 <... mmap resumed>)               = 0x7fb942ad0000
25663 mmap(NULL, 16384, PROT_READ|PROT_WRITE, MAP_PRIVATE|MAP_ANONYMOUS|MAP_NORESERVE, -1, 0 <unfinished ...>
25662 <... mmap resumed>)               = 0x7fb942acc000
25661 <... mmap resumed>)               = 0x7fb942ad4000
25664 munmap(0x7fb942ad0000, 16384 <unfinished ...>
25663 <... mmap resumed>)               = 0x7fb942ac8000
25662 munmap(0x7fb942acc000, 16384 <unfinished ...>
25664 <... munmap resumed>)             = 0
25663 munmap(0x7fb942ac8000, 16384 <unfinished ...>
25661 munmap(0x7fb942ad4000, 16384 <unfinished ...>
25664 mmap(NULL, 16384, PROT_READ|PROT_WRITE, MAP_PRIVATE|MAP_ANONYMOUS|MAP_NORESERVE, -1, 0 <unfinished ...>
25663 <... munmap resumed>)             = 0
25662 <... munmap resumed>)             = 0
25664 <... mmap resumed>)               = 0x7fb942ad4000
25663 mmap(NULL, 16384, PROT_READ|PROT_WRITE, MAP_PRIVATE|MAP_ANONYMOUS|MAP_NORESERVE, -1, 0 <unfinished ...>
25661 <... munmap resumed>)             = 0
25664 munmap(0x7fb942ad4000, 16384 <unfinished ...>
25663 <... mmap resumed>)               = 0x7fb942ad0000
25662 mmap(NULL, 16384, PROT_READ|PROT_WRITE, MAP_PRIVATE|MAP_ANONYMOUS|MAP_NORESERVE, -1, 0 <unfinished ...>
25664 <... munmap resumed>)             = 0
25663 munmap(0x7fb942ad0000, 16384 <unfinished ...>
25661 mmap(NULL, 16384, PROT_READ|PROT_WRITE, MAP_PRIVATE|MAP_ANONYMOUS|MAP_NORESERVE, -1, 0 <unfinished ...>
25664 mmap(NULL, 16384, PROT_READ|PROT_WRITE, MAP_PRIVATE|MAP_ANONYMOUS|MAP_NORESERVE, -1, 0 <unfinished ...>
25663 <... munmap resumed>)             = 0
25662 <... mmap resumed>)               = 0x7fb942ad4000
25664 <... mmap resumed>)               = 0x7fb942acc000
25663 mmap(NULL, 16384, PROT_READ|PROT_WRITE, MAP_PRIVATE|MAP_ANONYMOUS|MAP_NORESERVE, -1, 0 <unfinished ...>
25661 <... mmap resumed>)               = 0x7fb942ad0000
25664 munmap(0x7fb942acc000, 16384 <unfinished ...>
25663 <... mmap resumed>)               = 0x7fb942ac8000
25662 munmap(0x7fb942ad4000, 16384 <unfinished ...>
25664 <... munmap resumed>)             = 0
25663 munmap(0x7fb942ac8000, 16384 <unfinished ...>
25661 munmap(0x7fb942ad0000, 16384 <unfinished ...>
25664 mmap(NULL, 16384, PROT_READ|PROT_WRITE, MAP_PRIVATE|MAP_ANONYMOUS|MAP_NORESERVE, -1, 0 <unfinished ...>
25663 <... munmap resumed>)             = 0
25662 <... munmap resumed>)             = 0
25664 <... mmap resumed>)               = 0x7fb942ad4000
25663 mmap(NULL, 16384, PROT_READ|PROT_WRITE, MAP_PRIVATE|MAP_ANONYMOUS|MAP_NORESERVE, -1, 0 <unfinished ...>
25661 <... munmap resumed>)             = 0
25664 munmap(0x7fb942ad4000, 16384 <unfinished ...>
25663 <... mmap resumed>)               = 0x7fb942ad0000
25662 mmap(NULL, 16384, PROT_READ|PROT_WRITE, MAP_PRIVATE|MAP_ANONYMOUS|MAP_NORESERVE, -1, 0 <unfinished ...>
25664 <... munmap resumed>)             = 0
25663 munmap(0x7fb942ad0000, 16384 <unfinished ...>
25661 mmap(NULL, 16384, PROT_READ|PROT_WRITE, MAP_PRIVATE|MAP_ANONYMOUS|MAP_NORESERVE, -1, 0 <unfinished ...>
25664 mmap(NULL, 16384, PROT_READ|PROT_WRITE, MAP_PRIVATE|MAP_ANONYMOUS|MAP_NORESERVE, -1, 0 <unfinished ...>
25663 <... munmap resumed>)             = 0
25662 <... mmap resumed>)               = 0x7fb942ad4000
25661 <... mmap resumed>)               = 0x7fb942ad0000
25664 <... mmap resumed>)               = 0x7fb942acc000
25663 mmap(NULL, 16384, PROT_READ|PROT_WRITE, MAP_PRIVATE|MAP_ANONYMOUS|MAP_NORESERVE, -1, 0 <unfinished ...>
25662 munmap(0x7fb942ad4000, 16384 <unfinished ...>
25664 munmap(0x7fb942acc000, 16384 <unfinished ...>
25663 <... mmap resumed>)               = 0x7fb942ac8000
25661 munmap(0x7fb942ad0000, 16384 <unfinished ...>
25664 <... munmap resumed>)             = 0
25663 munmap(0x7fb942ac8000, 16384 <unfinished ...>
25662 <... munmap resumed>)             = 0
25664 mmap(NULL, 16384, PROT_READ|PROT_WRITE, MAP_PRIVATE|MAP_ANONYMOUS|MAP_NORESERVE, -1, 0 <unfinished ...>
25663 <... munmap resumed>)             = 0
25661 <... munmap resumed>)             = 0
25664 <... mmap resumed>)               = 0x7fb942ad4000
25663 mmap(NULL, 16384, PROT_READ|PROT_WRITE, MAP_PRIVATE|MAP_ANONYMOUS|MAP_NORESERVE, -1, 0 <unfinished ...>
25662 mmap(NULL, 16384, PROT_READ|PROT_WRITE, MAP_PRIVATE|MAP_ANONYMOUS|MAP_NORESERVE, -1, 0 <unfinished ...>
25664 munmap(0x7fb942ad4000, 16384 <unfinished ...>
25663 <... mmap resumed>)               = 0x7fb942ad0000
25661 mmap(NULL, 16384, PROT_READ|PROT_WRITE, MAP_PRIVATE|MAP_ANONYMOUS|MAP_NORESERVE, -1, 0 <unfinished ...>
25664 <... munmap resumed>)             = 0
25663 munmap(0x7fb942ad0000, 16384 <unfinished ...>
25662 <... mmap resumed>)               = 0x7fb942acc000
25664 mmap(NULL, 16384, PROT_READ|PROT_WRITE, MAP_PRIVATE|MAP_ANONYMOUS|MAP_NORESERVE, -1, 0 <unfinished ...>
25663 <... munmap resumed>)             = 0
25661 <... mmap resumed>)               = 0x7fb942ad4000
25664 <... mmap resumed>)               = 0x7fb942ad0000
25663 mmap(NULL, 16384, PROT_READ|PROT_WRITE, MAP_PRIVATE|MAP_ANONYMOUS|MAP_NORESERVE, -1, 0 <unfinished ...>
25662 munmap(0x7fb942acc000, 16384 <unfinished ...>
25664 munmap(0x7fb942ad0000, 16384 <unfinished ...>
25663 <... mmap resumed>)               = 0x7fb942ac8000
25661 munmap(0x7fb942ad4000, 16384 <unfinished ...>
25664 <... munmap resumed>)             = 0
25663 munmap(0x7fb942ac8000, 16384 <unfinished ...>
25662 <... munmap resumed>)             = 0
25664 mmap(NULL, 16384, PROT_READ|PROT_WRITE, MAP_PRIVATE|MAP_ANONYMOUS|MAP_NORESERVE, -1, 0 <unfinished ...>
25663 <... munmap resumed>)             = 0
25662 mmap(NULL, 16384, PROT_READ|PROT_WRITE, MAP_PRIVATE|MAP_ANONYMOUS|MAP_NORESERVE, -1, 0 <unfinished ...>
25661 <... munmap resumed>)             = 0
25664 <... mmap resumed>)               = 0x7fb942ad4000
25663 mmap(NULL, 16384, PROT_READ|PROT_WRITE, MAP_PRIVATE|MAP_ANONYMOUS|MAP_NORESERVE, -1, 0 <unfinished ...>
25662 <... mmap resumed>)               = 0x7fb942ad0000
25664 munmap(0x7fb942ad4000, 16384 <unfinished ...>
25663 <... mmap resumed>)               = 0x7fb942acc000
25661 mmap(NULL, 16384, PROT_READ|PROT_WRITE, MAP_PRIVATE|MAP_ANONYMOUS|MAP_NORESERVE, -1, 0 <unfinished ...>
25664 <... munmap resumed>)             = 0
25663 munmap(0x7fb942acc000, 16384 <unfinished ...>
25662 munmap(0x7fb942ad0000, 16384 <unfinished ...>
25664 mmap(NULL, 16384, PROT_READ|PROT_WRITE, MAP_PRIVATE|MAP_ANONYMOUS|MAP_NORESERVE, -1, 0 <unfinished ...>
25663 <... munmap resumed>)             = 0
25661 <... mmap resumed>)               = 0x7fb942ad4000
25664 <... mmap resumed>)               = 0x7fb942ad0000
25663 mmap(NULL, 16384, PROT_READ|PROT_WRITE, MAP_PRIVATE|MAP_ANONYMOUS|MAP_NORESERVE, -1, 0 <unfinished ...>
25662 <... munmap resumed>)             = 0
25664 munmap(0x7fb942ad0000, 16384 <unfinished ...>
25663 <... mmap resumed>)               = 0x7fb942acc000
25661 munmap(0x7fb942ad4000, 16384 <unfinished ...>
25664 <... munmap resumed>)             = 0
25663 munmap(0x7fb942acc000, 16384 <unfinished ...>
25662 mmap(NULL, 16384, PROT_READ|PROT_WRITE, MAP_PRIVATE|MAP_ANONYMOUS|MAP_NORESERVE, -1, 0 <unfinished ...>
25661 <... munmap resumed>)             = 0
25664 mmap(NULL, 16384, PROT_READ|PROT_WRITE, MAP_PRIVATE|MAP_ANONYMOUS|MAP_NORESERVE, -1, 0 <unfinished ...>
25663 <... munmap resumed>)             = 0
25662 <... mmap resumed>)               = 0x7fb942ad4000
25664 <... mmap resumed>)               = 0x7fb942ad0000
25663 mmap(NULL, 16384, PROT_READ|PROT_WRITE, MAP_PRIVATE|MAP_ANONYMOUS|MAP_NORESERVE, -1, 0 <unfinished ...>
25661 mmap(NULL, 16384, PROT_READ|PROT_WRITE, MAP_PRIVATE|MAP_ANONYMOUS|MAP_NORESERVE, -1, 0 <unfinished ...>
25664 munmap(0x7fb942ad0000, 16384 <unfinished ...>
25663 <... mmap resumed>)               = 0x7fb942acc000
25662 munmap(0x7fb942ad4000, 16384 <unfinished ...>
25664 <... munmap resumed>)             = 0
25663 munmap(0x7fb942acc000, 16384 <unfinished ...>
25661 <... mmap resumed>)               = 0x7fb942ac8000
25664 mmap(NULL, 16384, PROT_READ|PROT_WRITE, MAP_PRIVATE|MAP_ANONYMOUS|MAP_NORESERVE, -1, 0 <unfinished ...>
25663 <... munmap resumed>)             = 0
25662 <... munmap resumed>)             = 0
25664 <... mmap resumed>)               = 0x7fb942ad4000
25663 mmap(NULL, 16384, PROT_READ|PROT_WRITE, MAP_PRIVATE|MAP_ANONYMOUS|MAP_NORESERVE, -1, 0 <unfinished ...>
25661 munmap(0x7fb942ac8000, 16384 <unfinished ...>
25664 munmap(0x7fb942ad4000, 16384 <unfinished ...>
25663 <... mmap resumed>)               = 0x7fb942ad0000
25662 mmap(NULL, 16384, PROT_READ|PROT_WRITE, MAP_PRIVATE|MAP_ANONYMOUS|MAP_NORESERVE, -1, 0 <unfinished ...>
25664 <... munmap resumed>)             = 0
25663 munmap(0x7fb942ad0000, 16384 <unfinished ...>
25661 <... munmap resumed>)             = 0
25664 mmap(NULL, 16384, PROT_READ|PROT_WRITE, MAP_PRIVATE|MAP_ANONYMOUS|MAP_NORESERVE, -1, 0 <unfinished ...>
25663 <... munmap resumed>)             = 0
25662 <... mmap resumed>)               = 0x7fb942ad4000
25664 <... mmap resumed>)               = 0x7fb942ad0000
25663 mmap(NULL, 16384, PROT_READ|PROT_WRITE, MAP_PRIVATE|MAP_ANONYMOUS|MAP_NORESERVE, -1, 0 <unfinished ...>
25661 mmap(NULL, 16384, PROT_READ|PROT_WRITE, MAP_PRIVATE|MAP_ANONYMOUS|MAP_NORESERVE, -1, 0 <unfinished ...>
25664 munmap(0x7fb942ad0000, 16384 <unfinished ...>
25663 <... mmap resumed>)               = 0x7fb942acc000
25662 munmap(0x7fb942ad4000, 16384 <unfinished ...>
25664 <... munmap resumed>)             = 0
25663 munmap(0x7fb942acc000, 16384 <unfinished ...>
25661 <... mmap resumed>)               = 0x7fb942ac8000
25664 mmap(NULL, 16384, PROT_READ|PROT_WRITE, MAP_PRIVATE|MAP_ANONYMOUS|MAP_NORESERVE, -1, 0 <unfinished ...>
25663 <... munmap resumed>)             = 0
25662 <... munmap resumed>)             = 0
25664 <... mmap resumed>)               = 0x7fb942ad4000
25663 mmap(NULL, 16384, PROT_READ|PROT_WRITE, MAP_PRIVATE|MAP_ANONYMOUS|MAP_NORESERVE, -1, 0 <unfinished ...>
25661 munmap(0x7fb942ac8000, 16384 <unfinished ...>
25664 munmap(0x7fb942ad4000, 16384 <unfinished ...>
25663 <... mmap resumed>)               = 0x7fb942ad0000
25662 mmap(NULL, 16384, PROT_READ|PROT_WRITE, MAP_PRIVATE|MAP_ANONYMOUS|MAP_NORESERVE, -1, 0 <unfinished ...>
25664 <... munmap resumed>)             = 0
25663 munmap(0x7fb942ad0000, 16384 <unfinished ...>
25661 <... munmap resumed>)             = 0
25664 mmap(NULL, 16384, PROT_READ|PROT_WRITE, MAP_PRIVATE|MAP_ANONYMOUS|MAP_NORESERVE, -1, 0 <unfinished ...>
25663 <... munmap resumed>)             = 0
25662 <... mmap resumed>)               = 0x7fb942ad4000
25664 <... mmap resumed>)               = 0x7fb942ad0000
25663 mmap(NULL, 16384, PROT_READ|PROT_WRITE, MAP_PRIVATE|MAP_ANONYMOUS|MAP_NORESERVE, -1, 0 <unfinished ...>
25661 mmap(NULL, 16384, PROT_READ|PROT_WRITE, MAP_PRIVATE|MAP_ANONYMOUS|MAP_NORESERVE, -1, 0 <unfinished ...>
25664 munmap(0x7fb942ad0000, 16384 <unfinished ...>
25663 <... mmap resumed>)               = 0x7fb942acc000
25662 munmap(0x7fb942ad4000, 16384 <unfinished ...>
25664 <... munmap resumed>)             = 0
25663 munmap(0x7fb942acc000, 16384 <unfinished ...>
25661 <... mmap resumed>)               = 0x7fb942ac8000
25664 mmap(NULL, 16384, PROT_READ|PROT_WRITE, MAP_PRIVATE|MAP_ANONYMOUS|MAP_NORESERVE, -1, 0 <unfinished ...>
25663 <... munmap resumed>)             = 0
25662 <... munmap resumed>)             = 0
25664 <... mmap resumed>)               = 0x7fb942ad4000
25663 mmap(NULL, 16384, PROT_READ|PROT_WRITE, MAP_PRIVATE|MAP_ANONYMOUS|MAP_NORESERVE, -1, 0 <unfinished ...>
25661 munmap(0x7fb942ac8000, 16384 <unfinished ...>
25664 munmap(0x7fb942ad4000, 16384 <unfinished ...>
25663 <... mmap resumed>)               = 0x7fb942ad0000
25662 mmap(NULL, 16384, PROT_READ|PROT_WRITE, MAP_PRIVATE|MAP_ANONYMOUS|MAP_NORESERVE, -1, 0 <unfinished ...>
25664 <... munmap resumed>)             = 0
25663 munmap(0x7fb942ad0000, 16384 <unfinished ...>
25661 <... munmap resumed>)             = 0
25664 mmap(NULL, 16384, PROT_READ|PROT_WRITE, MAP_PRIVATE|MAP_ANONYMOUS|MAP_NORESERVE, -1, 0 <unfinished ...>
25663 <... munmap resumed>)             = 0
25662 <... mmap resumed>)               = 0x7fb942ad4000
25664 <... mmap resumed>)               = 0x7fb942ad0000
25663 mmap(NULL, 16384, PROT_READ|PROT_WRITE, MAP_PRIVATE|MAP_ANONYMOUS|MAP_NORESERVE, -1, 0 <unfinished ...>
25661 mmap(NULL, 16384, PROT_READ|PROT_WRITE, MAP_PRIVATE|MAP_ANONYMOUS|MAP_NORESERVE, -1, 0 <unfinished ...>
25664 munmap(0x7fb942ad0000, 16384 <unfinished ...>
25663 <... mmap resumed>)               = 0x7fb942acc000
25662 munmap(0x7fb942ad4000, 16384 <unfinished ...>
25664 <... munmap resumed>)             = 0
25663 munmap(0x7fb942acc000, 16384 <unfinished ...>
25661 <... mmap resumed>)               = 0x7fb942ac8000
25664 futex(0x7ffc5fbe9d34, FUTEX_WAIT_PRIVATE, 0, NULL <unfinished ...>
25663 <... munmap resumed>)             = 0
25662 <... munmap resumed>)             = 0
25663 futex(0x7ffc5fbe9d34, FUTEX_WAIT_PRIVATE, 0, NULL <unfinished ...>
25661 munmap(0x7fb942ac8000, 16384 <unfinished ...>
25662 futex(0x7ffc5fbe9d34, FUTEX_WAIT_PRIVATE, 0, NULL <unfinished ...>
25661 <... munmap resumed>)             = 0
25661 futex(0x7ffc5fbe9d34, FUTEX_WAKE_PRIVATE, 2147483647 <unfinished ...>
25658 <... futex resumed>)              = 0
25664 <... futex resumed>)              = 0
25663 <... futex resumed>)              = 0
25661 <... futex resumed>)              = 4
25658 futex(0x7fb944adb910, FUTEX_WAIT_BITSET|FUTEX_CLOCK_REALTIME, 25661, NULL, FUTEX_BITSET_MATCH_ANY <unfinished ...>
25664 rt_sigprocmask(SIG_BLOCK, ~[RT_1],  <unfinished ...>
25663 rt_sigprocmask(SIG_BLOCK, ~[RT_1],  <unfinished ...>
25662 <... futex resumed>)              = 0
25664 <... rt_sigprocmask resumed>NULL, 8) = 0
25663 <... rt_sigprocmask resumed>NULL, 8) = 0
25661 rt_sigprocmask(SIG_BLOCK, ~[RT_1],  <unfinished ...>
25664 madvise(0x7fb942ad8000, 8372224, MADV_DONTNEED <unfinished ...>
25663 madvise(0x7fb9432d9000, 8372224, MADV_DONTNEED <unfinished ...>
25662 rt_sigprocmask(SIG_BLOCK, ~[RT_1],  <unfinished ...>
25664 <... madvise resumed>)            = 0
25663 <... madvise resumed>)            = 0
25661 <... rt_sigprocmask resumed>NULL, 8) = 0
25664 exit(0 <unfinished ...>
25663 exit(0 <unfinished ...>
25662 <... rt_sigprocmask resumed>NULL, 8) = 0
25664 <... exit resumed>)               = ?
25663 <... exit resumed>)               = ?
25661 madvise(0x7fb9442db000, 8372224, MADV_DONTNEED <unfinished ...>
25662 madvise(0x7fb943ada000, 8372224, MADV_DONTNEED <unfinished ...>
25661 <... madvise resumed>)            = 0
25662 <... madvise resumed>)            = 0
25661 exit(0 <unfinished ...>
25662 exit(0 <unfinished ...>
25661 <... exit resumed>)               = ?
25662 <... exit resumed>)               = ?
25658 <... futex resumed>)              = 0
25658 openat(AT_FDCWD, "/proc/self/statm", O_RDONLY) = 3
25658 newfstatat(3, "", {st_mode=S_IFREG|0444, st_size=0, ...}, AT_EMPTY_PATH) = 0
25658 read(3, "8548 98 82 199 0 8267 0\n", 1024) = 24
25658 write(2, "mmbench: peak RSS ~0 MB\n", 24) = 24
25658 close(3)                          = 0
25658 uname({sysname="Linux", nodename="syzkaller", ...}) = 0
25658 uname({sysname="Linux", nodename="syzkaller", ...}) = 0
25658 newfstatat(1, "", {st_mode=S_IFCHR|0666, st_rdev=makedev(0x1, 0x3), ...}, AT_EMPTY_PATH) = 0
25658 ioctl(1, TCGETS, 0x7ffc5fbe9430)  = -1 ENOTTY (Inappropriate ioctl for device)
25658 write(1, "{\"bench\":\"mmap-pf\",\"contention\":\"high\",\"threads\":4,\"ops\":139,\"elapsed_s\":1.022,\"ops_per_us\":3.44"..., 190) = 190
25658 exit_group(0)                     = ?
