qemu-system-x86_64: warning: host doesn't support requested feature: CPUID.80000001H:ECX.svm [bit 2]
qemu-system-x86_64: warning: host doesn't support requested feature: CPUID.80000001H:ECX.svm [bit 2]
qemu-system-x86_64: warning: host doesn't support requested feature: CPUID.80000001H:ECX.svm [bit 2]
qemu-system-x86_64: warning: host doesn't support requested feature: CPUID.80000001H:ECX.svm [bit 2]
c[?7l[2J[0mSeaBIOS (version 1.15.0-1)


iPXE (https://ipxe.org) 00:03.0 CA00 PCI2.10 PnP PMM+7FF8B310+7FECB310 CA00
Press Ctrl-B to configure iPXE (PCI 00:03.0)...                                                                               


Booting from ROM...
c[?7l[2J[    0.000000] Linux version 6.18.32-g217a9922a7d3-dirty (ppw@vm) (gcc (Ubuntu 11.4.0-1ubuntu1~22.04.3) 11.4.0, GNU ld (GNU Binutils for Ubuntu) 2.38) #59 SMP PREEMPT_DYNAMIC Tue Sep 22 18:46:28 CST 2026
[    0.000000] Command line: console=ttyS0 panic=-1 corten=on kunit.filter_glob=corten*
[    0.000000] x86/CPU: Model not found in latest microcode list
[    0.000000] BIOS-provided physical RAM map:
[    0.000000] BIOS-e820: [mem 0x0000000000000000-0x000000000009fbff] usable
[    0.000000] BIOS-e820: [mem 0x000000000009fc00-0x000000000009ffff] reserved
[    0.000000] BIOS-e820: [mem 0x00000000000f0000-0x00000000000fffff] reserved
[    0.000000] BIOS-e820: [mem 0x0000000000100000-0x000000007ffdffff] usable
[    0.000000] BIOS-e820: [mem 0x000000007ffe0000-0x000000007fffffff] reserved
[    0.000000] BIOS-e820: [mem 0x00000000feffc000-0x00000000feffffff] reserved
[    0.000000] BIOS-e820: [mem 0x00000000fffc0000-0x00000000ffffffff] reserved
[    0.000000] NX (Execute Disable) protection: active
[    0.000000] APIC: Static calls initialized
[    0.000000] SMBIOS 2.8 present.
[    0.000000] DMI: QEMU Standard PC (i440FX + PIIX, 1996), BIOS 1.15.0-1 04/01/2014
[    0.000000] DMI: Memory slots populated: 1/1
[    0.000000] Hypervisor detected: KVM
[    0.000000] last_pfn = 0x7ffe0 max_arch_pfn = 0x400000000
[    0.000000] kvm-clock: Using msrs 4b564d01 and 4b564d00
[    0.000005] kvm-clock: using sched offset of 2102217945 cycles
[    0.000010] clocksource: kvm-clock: mask: 0xffffffffffffffff max_cycles: 0x1cd42e4dffb, max_idle_ns: 881590591483 ns
[    0.000090] tsc: Detected 2419.196 MHz processor
[    0.003568] last_pfn = 0x7ffe0 max_arch_pfn = 0x400000000
[    0.004199] MTRR map: 4 entries (3 fixed + 1 variable; max 19), built from 8 variable MTRRs
[    0.004225] x86/PAT: Configuration [0-7]: WB  WC  UC- UC  WB  WP  UC- WT  
[    0.020968] found SMP MP-table at [mem 0x000f5ba0-0x000f5baf]
[    0.021196] ACPI: Early table checksum verification disabled
[    0.021242] ACPI: RSDP 0x00000000000F59E0 000014 (v00 BOCHS )
[    0.021282] ACPI: RSDT 0x000000007FFE1A1C 000034 (v01 BOCHS  BXPC     00000001 BXPC 00000001)
[    0.021323] ACPI: FACP 0x000000007FFE18B8 000074 (v01 BOCHS  BXPC     00000001 BXPC 00000001)
[    0.021366] ACPI: DSDT 0x000000007FFE0040 001878 (v01 BOCHS  BXPC     00000001 BXPC 00000001)
[    0.021374] ACPI: FACS 0x000000007FFE0000 000040
[    0.021376] ACPI: APIC 0x000000007FFE192C 000090 (v01 BOCHS  BXPC     00000001 BXPC 00000001)
[    0.021378] ACPI: HPET 0x000000007FFE19BC 000038 (v01 BOCHS  BXPC     00000001 BXPC 00000001)
[    0.021379] ACPI: WAET 0x000000007FFE19F4 000028 (v01 BOCHS  BXPC     00000001 BXPC 00000001)
[    0.021381] ACPI: Reserving FACP table memory at [mem 0x7ffe18b8-0x7ffe192b]
[    0.021382] ACPI: Reserving DSDT table memory at [mem 0x7ffe0040-0x7ffe18b7]
[    0.021383] ACPI: Reserving FACS table memory at [mem 0x7ffe0000-0x7ffe003f]
[    0.021383] ACPI: Reserving APIC table memory at [mem 0x7ffe192c-0x7ffe19bb]
[    0.021384] ACPI: Reserving HPET table memory at [mem 0x7ffe19bc-0x7ffe19f3]
[    0.021384] ACPI: Reserving WAET table memory at [mem 0x7ffe19f4-0x7ffe1a1b]
[    0.024015] No NUMA configuration found
[    0.024020] Faking a node at [mem 0x0000000000000000-0x000000007ffdffff]
[    0.024029] NODE_DATA(0) allocated [mem 0x7ffdc140-0x7ffdffff]
[    0.025216] Zone ranges:
[    0.025218]   DMA      [mem 0x0000000000001000-0x0000000000ffffff]
[    0.025223]   DMA32    [mem 0x0000000001000000-0x000000007ffdffff]
[    0.025227]   Normal   empty
[    0.025229] Movable zone start for each node
[    0.025231] Early memory node ranges
[    0.025232]   node   0: [mem 0x0000000000001000-0x000000000009efff]
[    0.025235]   node   0: [mem 0x0000000000100000-0x000000007ffdffff]
[    0.025239] Initmem setup node 0 [mem 0x0000000000001000-0x000000007ffdffff]
[    0.026158] On node 0, zone DMA: 1 pages in unavailable ranges
[    0.027436] On node 0, zone DMA: 97 pages in unavailable ranges
[    0.215876] On node 0, zone DMA32: 32 pages in unavailable ranges
[    0.219379] ACPI: PM-Timer IO Port: 0x608
[    0.219477] ACPI: LAPIC_NMI (acpi_id[0xff] dfl dfl lint[0x1])
[    0.221310] IOAPIC[0]: apic_id 0, version 17, address 0xfec00000, GSI 0-23
[    0.221324] ACPI: INT_SRC_OVR (bus 0 bus_irq 0 global_irq 2 dfl dfl)
[    0.221329] ACPI: INT_SRC_OVR (bus 0 bus_irq 5 global_irq 5 high level)
[    0.221332] ACPI: INT_SRC_OVR (bus 0 bus_irq 9 global_irq 9 high level)
[    0.221418] ACPI: INT_SRC_OVR (bus 0 bus_irq 10 global_irq 10 high level)
[    0.221423] ACPI: INT_SRC_OVR (bus 0 bus_irq 11 global_irq 11 high level)
[    0.221427] ACPI: Using ACPI (MADT) for SMP configuration information
[    0.221428] ACPI: HPET id: 0x8086a201 base: 0xfed00000
[    0.221436] CPU topo: Max. logical packages:   1
[    0.221436] CPU topo: Max. logical dies:       1
[    0.221437] CPU topo: Max. dies per package:   1
[    0.221440] CPU topo: Max. threads per core:   1
[    0.221458] CPU topo: Num. cores per package:     4
[    0.221460] CPU topo: Num. threads per package:   4
[    0.221462] CPU topo: Allowing 4 present CPUs plus 0 hotplug CPUs
[    0.221580] kvm-guest: APIC: eoi() replaced with kvm_guest_apic_eoi_write()
[    0.222336] PM: hibernation: Registered nosave memory: [mem 0x00000000-0x00000fff]
[    0.222343] PM: hibernation: Registered nosave memory: [mem 0x0009f000-0x000fffff]
[    0.222349] [mem 0x80000000-0xfeffbfff] available for PCI devices
[    0.222352] Booting paravirtualized kernel on KVM
[    0.222460] clocksource: refined-jiffies: mask: 0xffffffff max_cycles: 0xffffffff, max_idle_ns: 1910969940391419 ns
[    0.247080] setup_percpu: NR_CPUS:64 nr_cpumask_bits:4 nr_cpu_ids:4 nr_node_ids:1
[    0.257860] percpu: Embedded 54 pages/cpu s182680 r8192 d30312 u524288
[    0.258181] Kernel command line: console=ttyS0 panic=-1 corten=on kunit.filter_glob=corten*
[    0.258942] corten: requested on, activating at initcall time
[    0.259002] printk: log buffer data + meta data: 262144 + 917504 = 1179648 bytes
[    0.271748] Dentry cache hash table entries: 262144 (order: 9, 2097152 bytes, linear)
[    0.289755] Inode-cache hash table entries: 131072 (order: 8, 1048576 bytes, linear)
[    0.291435] Fallback order for Node 0: 0 
[    0.291470] Built 1 zonelists, mobility grouping on.  Total pages: 524158
[    0.291475] Policy zone: DMA32
[    0.291479] mem auto-init: stack:off, heap alloc:off, heap free:off
[    0.304081] SLUB: HWalign=64, Order=0-3, MinObjects=0, CPUs=4, Nodes=1
[    0.304400] Kernel/User page tables isolation: enabled
[    0.319113] Dynamic Preempt: voluntary
[    0.320245] rcu: Preemptible hierarchical RCU implementation.
[    0.320246] rcu: 	RCU event tracing is enabled.
[    0.320246] rcu: 	RCU restricting CPUs from NR_CPUS=64 to nr_cpu_ids=4.
[    0.320248] 	Trampoline variant of Tasks RCU enabled.
[    0.320248] 	Tracing variant of Tasks RCU enabled.
[    0.320249] rcu: RCU calculated value of scheduler-enlistment delay is 100 jiffies.
[    0.320250] rcu: Adjusting geometry for rcu_fanout_leaf=16, nr_cpu_ids=4
[    0.320299] RCU Tasks: Setting shift to 2 and lim to 1 rcu_task_cb_adjust=1 rcu_task_cpu_ids=4.
[    0.320301] RCU Tasks Trace: Setting shift to 2 and lim to 1 rcu_task_cb_adjust=1 rcu_task_cpu_ids=4.
[    0.328230] NR_IRQS: 4352, nr_irqs: 456, preallocated irqs: 16
[    0.330336] rcu: srcu_init: Setting srcu_struct sizes based on contention.
[    0.401303] Console: colour VGA+ 80x25
[    0.401809] printk: legacy console [ttyS0] enabled
[    1.034478] ACPI: Core revision 20250807
[    1.040295] clocksource: hpet: mask: 0xffffffff max_cycles: 0xffffffff, max_idle_ns: 19112604467 ns
[    1.049775] APIC: Switch to symmetric I/O mode setup
[    1.057784] x2apic enabled
[    1.065817] APIC: Switched APIC routing to: physical x2apic
[    1.091620] ..TIMER: vector=0x30 apic1=0 pin1=2 apic2=-1 pin2=-1
[    1.096349] clocksource: tsc-early: mask: 0xffffffffffffffff max_cycles: 0x22df0d21928, max_idle_ns: 440795225288 ns
[    1.103751] Calibrating delay loop (skipped) preset value.. 4838.39 BogoMIPS (lpj=2419196)
[    1.107737] Last level iTLB entries: 4KB 0, 2MB 0, 4MB 0
[    1.107737] Last level dTLB entries: 4KB 0, 2MB 0, 4MB 0, 1GB 0
[    1.107737] mitigations: Enabled attack vectors: user_kernel, user_user, SMT mitigations: auto
[    1.107851] Speculative Store Bypass: Vulnerable
[    1.108737] Spectre V2 : Mitigation: Retpolines
[    1.108737] ITS: Mitigation: Aligned branch/return thunks
[    1.108747] MDS: Vulnerable: Clear CPU buffers attempted, no microcode
[    1.109737] Spectre V1 : Mitigation: usercopy/swapgs barriers and __user pointer sanitization
[    1.109737] Spectre V2 : Spectre v2 / SpectreRSB: Filling RSB on context switch and VMEXIT
[    1.109756] active return thunk: its_return_thunk
[    1.110737] x86/fpu: x87 FPU will use FXSAVE
[    1.119737] Freeing SMP alternatives memory: 64K
[    1.119737] pid_max: default: 32768 minimum: 301
[    1.119737] LSM: initializing lsm=capability,selinux
[    1.119836] SELinux:  Initializing.
[    1.120737] Mount-cache hash table entries: 4096 (order: 3, 32768 bytes, linear)
[    1.120737] Mountpoint-cache hash table entries: 4096 (order: 3, 32768 bytes, linear)
[    1.130737] smpboot: CPU0: Intel QEMU Virtual CPU version 2.5+ (family: 0xf, model: 0x6b, stepping: 0x1)
[    1.132876] Performance Events: unsupported Netburst CPU model 107 no PMU driver, software events only.
[    1.136635] signal: max sigframe size: 1440
[    1.137936] rcu: Hierarchical SRCU implementation.
[    1.138740] rcu: 	Max phase no-delay instances is 400.
[    1.139994] Timer migration: 1 hierarchy levels; 8 children per group; 1 crossnode level
[    1.149200] corten: page descriptors enabled
[    1.152220] smp: Bringing up secondary CPUs ...
[    1.153984] smpboot: x86: Booting SMP configuration:
[    1.154755] .... node  #0, CPUs:      #1 #2 #3
[    1.166698] smp: Brought up 1 node, 4 CPUs
[    1.168746] smpboot: Total of 4 processors activated (19353.56 BogoMIPS)
[    1.175146] Memory: 2006936K/2096632K available (21442K kernel code, 3199K rwdata, 8972K rodata, 3260K init, 1196K bss, 84532K reserved, 0K cma-reserved)
[    1.179834] devtmpfs: initialized
[    1.187824] clocksource: jiffies: mask: 0xffffffff max_cycles: 0xffffffff, max_idle_ns: 1911260446275000 ns
[    1.188894] posixtimers hash table entries: 2048 (order: 3, 32768 bytes, linear)
[    1.191207] futex hash table entries: 1024 (65536 bytes on 1 NUMA nodes, total 64 KiB, linear).
[    1.193737] PM: RTC time: 10:47:39, date: 2026-09-22
[    1.211162] NET: Registered PF_NETLINK/PF_ROUTE protocol family
[    1.213075] audit: initializing netlink subsys (disabled)
[    1.215825] audit: type=2000 audit(1790074059.275:1): state=initialized audit_enabled=0 res=1
[    1.216438] thermal_sys: Registered thermal governor 'step_wise'
[    1.218742] cpuidle: using governor menu
[    1.223737] PCI: Using configuration type 1 for base access
[    1.225933] kprobes: kprobe jump-optimization is enabled. All kprobes are optimized if possible.
[    1.233342] HugeTLB: registered 2.00 MiB page size, pre-allocated 0 pages
[    1.237749] HugeTLB: 28 KiB vmemmap can be freed for a 2.00 MiB page
[    1.242164] ACPI: Added _OSI(Module Device)
[    1.244747] ACPI: Added _OSI(Processor Device)
[    1.246749] ACPI: Added _OSI(Processor Aggregator Device)
[    1.250790] ACPI: 1 ACPI AML tables successfully acquired and loaded
[    1.262150] ACPI: Interpreter enabled
[    1.266782] ACPI: PM: (supports S0 S3 S4 S5)
[    1.267746] ACPI: Using IOAPIC for interrupt routing
[    1.269743] PCI: Using host bridge windows from ACPI; if necessary, use "pci=nocrs" and report a bug
[    1.275751] PCI: Using E820 reservations for host bridge windows
[    1.278092] ACPI: Enabled 2 GPEs in block 00 to 0F
[    1.289323] ACPI: PCI Root Bridge [PCI0] (domain 0000 [bus 00-ff])
[    1.293751] acpi PNP0A03:00: _OSC: OS supports [ASPM ClockPM Segments MSI HPX-Type3]
[    1.298750] acpi PNP0A03:00: _OSC: not requesting OS control; OS requires [ExtendedConfig ASPM ClockPM MSI]
[    1.304805] acpi PNP0A03:00: fail to add MMCONFIG information, can't access extended configuration space under this bridge
[    1.309753] PCI host bridge to bus 0000:00
[    1.312760] pci_bus 0000:00: root bus resource [io  0x0000-0x0cf7 window]
[    1.313755] pci_bus 0000:00: root bus resource [io  0x0d00-0xffff window]
[    1.316754] pci_bus 0000:00: root bus resource [mem 0x000a0000-0x000bffff window]
[    1.319760] pci_bus 0000:00: root bus resource [mem 0x80000000-0xfebfffff window]
[    1.322757] pci_bus 0000:00: root bus resource [mem 0x100000000-0x17fffffff window]
[    1.325747] pci_bus 0000:00: root bus resource [bus 00-ff]
[    1.330053] pci 0000:00:00.0: [8086:1237] type 00 class 0x060000 conventional PCI endpoint
[    1.336713] pci 0000:00:01.0: [8086:7000] type 00 class 0x060100 conventional PCI endpoint
[    1.343110] pci 0000:00:01.1: [8086:7010] type 00 class 0x010180 conventional PCI endpoint
[    1.347059] pci 0000:00:01.1: BAR 4 [io  0xc040-0xc04f]
[    1.349054] pci 0000:00:01.1: BAR 0 [io  0x01f0-0x01f7]: legacy IDE quirk
[    1.352753] pci 0000:00:01.1: BAR 1 [io  0x03f6]: legacy IDE quirk
[    1.354742] pci 0000:00:01.1: BAR 2 [io  0x0170-0x0177]: legacy IDE quirk
[    1.358741] pci 0000:00:01.1: BAR 3 [io  0x0376]: legacy IDE quirk
[    1.361122] pci 0000:00:01.3: [8086:7113] type 00 class 0x068000 conventional PCI endpoint
[    1.367387] pci 0000:00:01.3: quirk: [io  0x0600-0x063f] claimed by PIIX4 ACPI
[    1.369824] pci 0000:00:01.3: quirk: [io  0x0700-0x070f] claimed by PIIX4 SMB
[    1.374296] pci 0000:00:02.0: [1234:1111] type 00 class 0x030000 conventional PCI endpoint
[    1.390504] pci 0000:00:02.0: BAR 0 [mem 0xfd000000-0xfdffffff pref]
[    1.393908] pci 0000:00:02.0: BAR 2 [mem 0xfebb0000-0xfebb0fff]
[    1.397020] pci 0000:00:02.0: ROM [mem 0xfeba0000-0xfebaffff pref]
[    1.402686] pci 0000:00:02.0: Video device with shadowed ROM at [mem 0x000c0000-0x000dffff]
[    1.424371] pci 0000:00:03.0: [8086:100e] type 00 class 0x020000 conventional PCI endpoint
[    1.434227] pci 0000:00:03.0: BAR 0 [mem 0xfeb80000-0xfeb9ffff]
[    1.436838] pci 0000:00:03.0: BAR 1 [io  0xc000-0xc03f]
[    1.440071] pci 0000:00:03.0: ROM [mem 0xfeb00000-0xfeb7ffff pref]
[    1.456497] ACPI: PCI: Interrupt link LNKA configured for IRQ 10
[    1.459883] ACPI: PCI: Interrupt link LNKB configured for IRQ 10
[    1.463031] ACPI: PCI: Interrupt link LNKC configured for IRQ 11
[    1.467179] ACPI: PCI: Interrupt link LNKD configured for IRQ 11
[    1.468945] ACPI: PCI: Interrupt link LNKS configured for IRQ 9
[    1.479744] iommu: Default domain type: Translated
[    1.484741] iommu: DMA domain TLB invalidation policy: lazy mode
[    1.499569] SCSI subsystem initialized
[    1.508525] ACPI: bus type USB registered
[    1.512994] usbcore: registered new interface driver usbfs
[    1.514826] usbcore: registered new interface driver hub
[    1.519893] usbcore: registered new device driver usb
[    1.523788] pps_core: LinuxPPS API ver. 1 registered
[    1.525747] pps_core: Software ver. 5.3.6 - Copyright 2005-2007 Rodolfo Giometti <giometti@linux.it>
[    1.525813] PTP clock support registered
[    1.527156] Advanced Linux Sound Architecture Driver Initialized.
[    1.530349] NetLabel: Initializing
[    1.530754] NetLabel:  domain hash size = 128
[    1.531750] NetLabel:  protocols = UNLABELED CIPSOv4 CALIPSO
[    1.533118] NetLabel:  unlabeled traffic allowed by default
[    1.538157] PCI: Using ACPI for IRQ routing
[    1.539212] pci 0000:00:02.0: vgaarb: setting as boot VGA device
[    1.539737] pci 0000:00:02.0: vgaarb: bridge control possible
[    1.539737] pci 0000:00:02.0: vgaarb: VGA device added: decodes=io+mem,owns=io+mem,locks=none
[    1.539752] vgaarb: loaded
[    1.541210] hpet: 3 channels of 0 reserved for per-cpu timers
[    1.541210] hpet0: at MMIO 0xfed00000, IRQs 2, 8, 0
[    1.541210] hpet0: 3 comparators, 64-bit 100.000000 MHz counter
[    1.543005] clocksource: Switched to clocksource kvm-clock
[    1.558240] VFS: Disk quotas dquot_6.6.0
[    1.562173] VFS: Dquot-cache hash table entries: 512 (order 0, 4096 bytes)
[    1.574941] pnp: PnP ACPI init
[    1.580788] pnp: PnP ACPI: found 6 devices
[    1.669379] clocksource: acpi_pm: mask: 0xffffff max_cycles: 0xffffff, max_idle_ns: 2085701024 ns
[    1.679116] NET: Registered PF_INET protocol family
[    1.686192] IP idents hash table entries: 32768 (order: 6, 262144 bytes, linear)
[    1.701326] tcp_listen_portaddr_hash hash table entries: 1024 (order: 2, 16384 bytes, linear)
[    1.709642] Table-perturb hash table entries: 65536 (order: 6, 262144 bytes, linear)
[    1.716890] TCP established hash table entries: 16384 (order: 5, 131072 bytes, linear)
[    1.726078] TCP bind hash table entries: 16384 (order: 7, 524288 bytes, linear)
[    1.734556] TCP: Hash tables configured (established 16384 bind 16384)
[    1.742252] UDP hash table entries: 1024 (order: 4, 65536 bytes, linear)
[    1.748336] UDP-Lite hash table entries: 1024 (order: 4, 65536 bytes, linear)
[    1.757759] NET: Registered PF_UNIX/PF_LOCAL protocol family
[    1.769401] RPC: Registered named UNIX socket transport module.
[    1.774222] RPC: Registered udp transport module.
[    1.779314] RPC: Registered tcp transport module.
[    1.785241] RPC: Registered tcp-with-tls transport module.
[    1.792353] RPC: Registered tcp NFSv4.1 backchannel transport module.
[    1.804295] pci_bus 0000:00: resource 4 [io  0x0000-0x0cf7 window]
[    1.810077] pci_bus 0000:00: resource 5 [io  0x0d00-0xffff window]
[    1.816363] pci_bus 0000:00: resource 6 [mem 0x000a0000-0x000bffff window]
[    1.821423] pci_bus 0000:00: resource 7 [mem 0x80000000-0xfebfffff window]
[    1.827442] pci_bus 0000:00: resource 8 [mem 0x100000000-0x17fffffff window]
[    1.834707] pci 0000:00:01.0: PIIX3: Enabling Passive Release
[    1.839829] pci 0000:00:00.0: Limiting direct PCI/PCI transfers
[    1.845691] PCI: CLS 0 bytes, default 64
[    1.851083] clocksource: tsc: mask: 0xffffffffffffffff max_cycles: 0x22df0d21928, max_idle_ns: 440795225288 ns
[    1.875596] Initialise system trusted keyrings
[    1.881815] workingset: timestamp_bits=40 max_order=19 bucket_order=0
[    1.895162] NFS: Registering the id_resolver key type
[    1.902328] Key type id_resolver registered
[    1.906774] Key type id_legacy registered
[    1.913397] 9p: Installing v9fs 9p2000 file system support
[    1.972926] Key type asymmetric registered
[    1.976899] Asymmetric key parser 'x509' registered
[    1.981630] Block layer SCSI generic (bsg) driver version 0.4 loaded (major 251)
[    1.989557] io scheduler mq-deadline registered
[    1.993803] io scheduler kyber registered
[    2.002390] input: Power Button as /devices/LNXSYSTM:00/LNXPWRBN:00/input/input0
[    2.010279] ACPI: button: Power Button [PWRF]
[    2.024137] Serial: 8250/16550 driver, 4 ports, IRQ sharing enabled
[    2.032255] 00:04: ttyS0 at I/O 0x3f8 (irq = 4, base_baud = 115200) is a 16550A
[    2.046514] Non-volatile memory driver v1.3
[    2.049056] Linux agpgart interface v0.103
[    2.072106] ACPI: bus type drm_connector registered
[    2.107546] loop: module loaded
[    2.112278] zram: Added device: zram0
[    2.126086] scsi host0: ata_piix
[    2.133848] scsi host1: ata_piix
[    2.136517] ata1: PATA max MWDMA2 cmd 0x1f0 ctl 0x3f6 bmdma 0xc040 irq 14 lpm-pol 0
[    2.142499] ata2: PATA max MWDMA2 cmd 0x170 ctl 0x376 bmdma 0xc048 irq 15 lpm-pol 0
[    2.156621] tun: Universal TUN/TAP device driver, 1.6
[    2.163724] e100: Intel(R) PRO/100 Network Driver
[    2.169152] e100: Copyright(c) 1999-2006 Intel Corporation
[    2.174694] e1000: Intel(R) PRO/1000 Network Driver
[    2.178450] e1000: Copyright (c) 1999-2006 Intel Corporation.
[    2.224036] ACPI: \_SB_.LNKC: Enabled at IRQ 11
[    2.311179] ata2: found unknown device (class 0)
[    2.317721] ata2.00: ATAPI: QEMU DVD-ROM, 2.5+, max UDMA/100
[    2.331868] scsi 1:0:0:0: CD-ROM            QEMU     QEMU DVD-ROM     2.5+ PQ: 0 ANSI: 5
[    2.427235] sr 1:0:0:0: [sr0] scsi3-mmc drive: 4x/4x cd/rw xa/form2 tray
[    2.433495] cdrom: Uniform CD-ROM driver Revision: 3.20
[    2.477666] sr 1:0:0:0: Attached scsi generic sg0 type 5
[    3.326794] e1000 0000:00:03.0 eth0: (PCI:33MHz:32-bit) 52:54:00:12:34:56
[    3.333955] e1000 0000:00:03.0 eth0: Intel(R) PRO/1000 Network Connection
[    3.340807] e1000e: Intel(R) PRO/1000 Network Driver
[    3.344151] e1000e: Copyright(c) 1999 - 2015 Intel Corporation.
[    3.349856] sky2: driver version 1.30
[    3.358159] usbcore: registered new interface driver usblp
[    3.365074] usbcore: registered new interface driver usb-storage
[    3.371696] i8042: PNP: PS/2 Controller [PNP0303:KBD,PNP0f13:MOU] at 0x60,0x64 irq 1,12
[    3.387451] serio: i8042 KBD port at 0x60,0x64 irq 1
[    3.394666] serio: i8042 AUX port at 0x60,0x64 irq 12
[    3.402126] rtc_cmos 00:05: RTC can wake from S4
[    3.414327] input: AT Translated Set 2 keyboard as /devices/platform/i8042/serio0/input/input1
[    3.426664] rtc_cmos 00:05: registered as rtc0
[    3.432292] rtc_cmos 00:05: alarms up to one day, y3k, 242 bytes nvram, hpet irqs
[    3.449212] device-mapper: ioctl: 4.50.0-ioctl (2025-04-28) initialised: dm-devel@lists.linux.dev
[    3.459943] intel_pstate: CPU model not supported
[    3.469567] hid: raw HID events driver (C) Jiri Kosina
[    3.478118] usbcore: registered new interface driver usbhid
[    3.485482] usbhid: USB HID core driver
[    3.501236] xt_time: kernel timezone is -0000
[    3.508090] Initializing XFRM netlink socket
[    3.512607] NET: Registered PF_INET6 protocol family
[    3.524195] Segment Routing with IPv6
[    3.528049] In-situ OAM (IOAM) with IPv6
[    3.532904] sit: IPv6, IPv4 and MPLS over IPv4 tunneling driver
[    3.539383] NET: Registered PF_PACKET protocol family
[    3.544567] NET: Registered PF_KEY protocol family
[    3.549693] 9pnet: Installing 9P2000 support
[    3.554645] Key type dns_resolver registered
[    3.559710] NET: Registered PF_VSOCK protocol family
[    3.571579] IPI shorthand broadcast: enabled
[    3.593122] sched_clock: Marking stable (2823340587, 769388160)->(4345291444, -752562697)
[    3.606051] registered taskstats version 1
[    3.613613] Loading compiled-in X.509 certificates
[    3.624656] Demotion targets for Node 0: null
[    3.630044] Key type .fscrypt registered
[    3.634086] Key type fscrypt-provisioning registered
[    3.641867] PM:   Magic number: 10:966:780
[    3.647444] netconsole: network logging started
[    3.652583] cfg80211: Loading compiled-in X.509 certificates for regulatory database
[    3.663270] kworker/u16:1 (72) used greatest stack depth: 14272 bytes left
[    3.672088] Loaded X.509 cert 'sforshee: 00b28ddf47aef9cea7'
[    3.677311] Loaded X.509 cert 'wens: 61c038651aabdcf94bd0ac7ff06c7248db18c600'
[    3.683267] ALSA device list:
[    3.685907] faux_driver regulatory: Direct firmware load for regulatory.db failed with error -2
[    3.685917]   No soundcards found.
[    3.695371] cfg80211: failed to load regulatory.db
[    3.699183] KTAP version 1
[    3.706738] 1..3
[    3.714503]     KTAP version 1
[    3.720757]     # Subtest: corten
[    3.724534]     # module: corten_test
[    3.724541]     1..25
[    3.734641]     ok 1 corten_test_layout # SKIP corten=on boot
[    3.738263]     ok 2 corten_test_ptdesc_get_put
[    3.750831]     ok 3 corten_test_meta_roundtrip
[    3.759998]     ok 4 corten_test_meta_reinit_cleared
[    3.772744]     ok 5 corten_test_covering_level
[    3.779918]     ok 6 corten_test_covering_base_index
[    3.787130]     ok 7 corten_test_txn_covering
[    3.797363]     ok 8 corten_test_txn_hole
[    3.805999] kunit_try_catch (92) used greatest stack depth: 14144 bytes left
[    3.808872]     ok 9 corten_test_txn_stale_eagain
[    3.820760]     ok 10 corten_test_lock_range_args
[    3.829617]     ok 11 corten_test_txn_state_machine
[    3.837232]     ok 12 corten_test_txn_atomic_validate
[    3.856175]     ok 13 corten_test_txn_real_glue
[    3.927599]     ok 14 corten_test_txn_mutex_overlap
[    3.977345]     ok 15 corten_test_txn_mutex_disjoint
[    3.989753]     ok 16 corten_test_fail_alloc
[    3.992968] input: ImExPS/2 Generic Explorer Mouse as /devices/platform/i8042/serio1/input/input3
[    3.999582]     ok 17 corten_test_txn_hole_fill
[    4.013350]     ok 18 corten_test_txn_hole_race
[    4.266342]     ok 19 corten_test_txn_uninstall_interlock
[    4.275178]     ok 20 corten_test_uninstall_bh_ctx
[    4.284943] ------------[ cut here ]------------
[    4.294204] WARNING: CPU: 2 PID: 124 at mm/corten.c:865 corten_txn_begin+0x191/0x4b0
[    4.303685] Modules linked in:
[    4.309405] CPU: 2 UID: 0 PID: 124 Comm: kunit_try_catch Tainted: G                 N  6.18.32-g217a9922a7d3-dirty #59 PREEMPT(voluntary) 
[    4.321636] Tainted: [N]=TEST
[    4.324752] Hardware name: QEMU Standard PC (i440FX + PIIX, 1996), BIOS 1.15.0-1 04/01/2014
[    4.331117] RIP: 0010:corten_txn_begin+0x191/0x4b0
[    4.334800] Code: 02 00 00 4c 89 ff 48 89 04 24 e8 6a 82 f5 00 4c 89 ff e8 72 84 f5 00 48 8b 04 24 41 0f b6 4f 25 38 48 25 0f 87 65 ff ff ff 90 <0f> 0b 90 41 80 7e 48 04 0f 86 61 ff ff ff 90 0f 0b 90 48 89 c7 e8
[    4.358068] RSP: 0000:ffffb3750042fda0 EFLAGS: 00010246
[    4.363000] RAX: ffff91ea0307cae0 RBX: 0000000000000fff RCX: 0000000000000002
[    4.369506] RDX: 0000000000000003 RSI: 0000000000000021 RDI: ffff91ea03360000
[    4.377145] RBP: 0000000000000000 R08: ffff91ea01b79800 R09: ffffb3750042fe00
[    4.383774] R10: ffffb3750042fd58 R11: 0000000000000000 R12: ffffffff8d63e510
[    4.391280] R13: ffff91ea01b79800 R14: ffffb3750042fe00 R15: ffff91ea0307ca80
[    4.398165] FS:  0000000000000000(0000) GS:ffff91eaef069000(0000) knlGS:0000000000000000
[    4.406231] CS:  0010 DS: 0000 ES: 0000 CR0: 0000000080050033
[    4.412008] CR2: 0000000000000000 CR3: 000000000e230000 CR4: 00000000000006f0
[    4.418573] Call Trace:
[    4.422791]  <TASK>
[    4.425382]  ? __pfx_kunit_generic_run_threadfn_adapter+0x10/0x10
[    4.431327]  corten_test_txn_path_overflow+0xb5/0x2a0
[    4.436373]  ? psi_task_switch+0x107/0x290
[    4.438398]  kunit_try_run_case+0x6f/0x150
[    4.442542]  ? __pfx_kunit_generic_run_threadfn_adapter+0x10/0x10
[    4.448510]  kunit_generic_run_threadfn_adapter+0x1c/0x40
[    4.453544]  kthread+0xff/0x1f0
[    4.456595]  ? __pfx_kthread+0x10/0x10
[    4.460727]  ? __pfx_kthread+0x10/0x10
[    4.465464]  ret_from_fork+0x144/0x160
[    4.469239]  ? __pfx_kthread+0x10/0x10
[    4.473821]  ret_from_fork_asm+0x1a/0x30
[    4.478594]  </TASK>
[    4.480752] ---[ end trace 0000000000000000 ]---
[    4.487124] ------------[ cut here ]------------
[    4.491273] WARNING: CPU: 2 PID: 124 at mm/corten.c:812 corten_txn_begin+0x1a0/0x4b0
[    4.498802] Modules linked in:
[    4.500810] CPU: 2 UID: 0 PID: 124 Comm: kunit_try_catch Tainted: G        W        N  6.18.32-g217a9922a7d3-dirty #59 PREEMPT(voluntary) 
[    4.511452] Tainted: [W]=WARN, [N]=TEST
[    4.514243] Hardware name: QEMU Standard PC (i440FX + PIIX, 1996), BIOS 1.15.0-1 04/01/2014
[    4.517150] RIP: 0010:corten_txn_begin+0x1a0/0x4b0
[    4.522162] Code: 4c 89 ff e8 72 84 f5 00 48 8b 04 24 41 0f b6 4f 25 38 48 25 0f 87 65 ff ff ff 90 0f 0b 90 41 80 7e 48 04 0f 86 61 ff ff ff 90 <0f> 0b 90 48 89 c7 e8 c5 f5 ff ff 41 0f b6 46 48 84 c0 74 28 83 e8
[    4.537334] RSP: 0000:ffffb3750042fda0 EFLAGS: 00010202
[    4.540890] RAX: ffff91ea0307cc60 RBX: 0000000000000fff RCX: 0000000000000002
[    4.547735] RDX: 0000000000000003 RSI: 0000000000000025 RDI: ffff91ea03360000
[    4.554863] RBP: 0000000000000000 R08: ffff91ea01b79800 R09: ffffb3750042fe00
[    4.562103] R10: ffffb3750042fd58 R11: 0000000000000000 R12: ffffffff8d63e510
[    4.569452] R13: ffff91ea01b79800 R14: ffffb3750042fe00 R15: ffff91ea0307cc00
[    4.576224] FS:  0000000000000000(0000) GS:ffff91eaef069000(0000) knlGS:0000000000000000
[    4.584585] CS:  0010 DS: 0000 ES: 0000 CR0: 0000000080050033
[    4.589883] CR2: 0000000000000000 CR3: 000000000e230000 CR4: 00000000000006f0
[    4.598615] Call Trace:
[    4.600720]  <TASK>
[    4.602801]  ? __pfx_kunit_generic_run_threadfn_adapter+0x10/0x10
[    4.609474]  corten_test_txn_path_overflow+0xb5/0x2a0
[    4.613371]  ? psi_task_switch+0x107/0x290
[    4.615103]  kunit_try_run_case+0x6f/0x150
[    4.616293]  ? __pfx_kunit_generic_run_threadfn_adapter+0x10/0x10
[    4.622022]  kunit_generic_run_threadfn_adapter+0x1c/0x40
[    4.628532]  kthread+0xff/0x1f0
[    4.631408]  ? __pfx_kthread+0x10/0x10
[    4.634853]  ? __pfx_kthread+0x10/0x10
[    4.638079]  ret_from_fork+0x144/0x160
[    4.641308]  ? __pfx_kthread+0x10/0x10
[    4.645109]  ret_from_fork_asm+0x1a/0x30
[    4.648722]  </TASK>
[    4.650512] ---[ end trace 0000000000000000 ]---
[    4.654679] kunit_try_catch (124) used greatest stack depth: 13520 bytes left
[    4.656675]     ok 21 corten_test_txn_path_overflow
[    4.663257]     ok 22 corten_test_txn_child_err
[    4.672047]     ok 23 corten_test_real_huge_leaf
[    4.679776]     ok 24 corten_test_full_window_atomic
[    4.689325]     ok 25 corten_test_debugfs_content
[    4.698167] # corten: pass:24 fail:0 skip:1 total:25
[    4.702532] # Totals: pass:24 fail:0 skip:1 total:25
[    4.707710] ok 1 corten
[    4.715190]     KTAP version 1
[    4.718935]     # Subtest: corten_arena
[    4.722816]     # module: corten_arena_test
[    4.722823]     1..67
[    4.735459]     ok 1 corten_arena_test_declare_reject
[    4.742524]     ok 2 corten_arena_test_declare_reject_flags
[    4.753475]     ok 3 corten_arena_test_declare_query
[    4.766215]     ok 4 corten_arena_test_range_overlaps
[    4.791652]     ok 5 corten_arena_test_release
[    4.802793]     ok 6 corten_arena_test_ref_born_atomic
[    4.813287]     ok 7 corten_arena_test_release_classify
[    4.827402]     ok 8 corten_arena_test_shadow_vma
[    4.840801]     ok 9 corten_arena_test_exit
[    4.848045]     ok 10 corten_arena_test_prctl
[    4.866856]     ok 11 corten_arena_test_mode
[    4.877876]     ok 12 corten_arena_test_auto_classify
[    4.886260]     ok 13 corten_arena_test_auto_place
[    4.897795]     ok 14 corten_arena_test_auto_route
[    4.922235]     ok 15 corten_arena_test_auto_attach_release
[    4.940853]     ok 16 corten_arena_test_mag_recycle
[    4.950748]     ok 17 corten_arena_test_mag_marker
[    4.967824]     ok 18 corten_arena_test_pool_reuse
[    4.979819] BUG: non-zero pgtables_bytes on freeing mm: 16384
[    5.023675]     ok 19 corten_arena_test_pool_limit
[    5.031638]     ok 20 corten_arena_test_pool_mode_exit
[    5.048295]     ok 21 corten_arena_test_pool_fork
[    5.068204]     ok 22 corten_arena_test_noreplace_parked
[    5.079067]     ok 23 corten_arena_test_noreplace_active
[    5.096586]     ok 24 corten_arena_test_mapfixed_over_parked
[    5.112444]     ok 25 corten_arena_test_occupied_incl_idle
[    5.119260] ------------[ cut here ]------------
[    5.128955] corten: foreign vma in parked window 800000-1000000
[    5.134723] WARNING: CPU: 0 PID: 237 at mm/corten_arena.c:7051 corten_arena_pool_reactivate+0x189/0x190
[    5.144228] Modules linked in:
[    5.147445] CPU: 0 UID: 0 PID: 237 Comm: kunit_try_catch Tainted: G        W        N  6.18.32-g217a9922a7d3-dirty #59 PREEMPT(voluntary) 
[    5.156433] Tainted: [W]=WARN, [N]=TEST
[    5.160017] Hardware name: QEMU Standard PC (i440FX + PIIX, 1996), BIOS 1.15.0-1 04/01/2014
[    5.168124] RIP: 0010:corten_arena_pool_reactivate+0x189/0x190
[    5.173259] Code: eb 98 c6 45 51 01 b8 f4 ff ff ff eb 8d c6 05 07 37 d3 01 01 90 48 8b 55 08 48 8b 75 00 48 c7 c7 d0 e3 c8 8d e8 c8 9a cf ff 90 <0f> 0b 90 90 eb ac 90 90 90 90 90 90 90 90 90 90 90 90 90 90 90 90
[    5.190858] RSP: 0000:ffffb37500707d58 EFLAGS: 00010282
[    5.196955] RAX: 0000000000000000 RBX: 000000000000000b RCX: 00000000ffffdfff
[    5.203077] RDX: 0000000000000000 RSI: 00000000ffffffea RDI: 0000000000000001
[    5.208640] RBP: ffff91ea01f02e00 R08: ffffffff8e13e6c8 R09: 00000000ffffdfff
[    5.211559] R10: ffffffff8e05e6e0 R11: ffffffff8e10e6e0 R12: 0000000000200073
[    5.217666] R13: ffff91ea01f02400 R14: 0000000000000800 R15: ffff91ea01064e00
[    5.223950] FS:  0000000000000000(0000) GS:ffff91eaeef69000(0000) knlGS:0000000000000000
[    5.231226] CS:  0010 DS: 0000 ES: 0000 CR0: 0000000080050033
[    5.236552] CR2: ffff91ea0f001000 CR3: 000000000e230000 CR4: 00000000000006f0
[    5.243626] Call Trace:
[    5.246218]  <TASK>
[    5.247918]  corten_arena_auto_mmap_route+0x355/0x3a0
[    5.251595]  ? __pfx_kunit_generic_run_threadfn_adapter+0x10/0x10
[    5.256905]  corten_arena_test_p4_eject+0x1ed/0x6c0
[    5.260560]  ? finish_task_switch.isra.0+0x76/0x250
[    5.265504]  ? __pfx_kunit_generic_run_threadfn_adapter+0x10/0x10
[    5.269724]  kunit_try_run_case+0x6f/0x150
[    5.271747]  ? __pfx_kunit_generic_run_threadfn_adapter+0x10/0x10
[    5.274773]  kunit_generic_run_threadfn_adapter+0x1c/0x40
[    5.278196]  kthread+0xff/0x1f0
[    5.282054]  ? __pfx_kthread+0x10/0x10
[    5.288150]  ? __pfx_kthread+0x10/0x10
[    5.292004]  ret_from_fork+0x144/0x160
[    5.295883]  ? __pfx_kthread+0x10/0x10
[    5.299532]  ret_from_fork_asm+0x1a/0x30
[    5.303116]  </TASK>
[    5.304807] ---[ end trace 0000000000000000 ]---
[    5.312292] kunit_try_catch (237) used greatest stack depth: 13440 bytes left
[    5.318857]     ok 26 corten_arena_test_p4_eject
[    5.331272]     ok 27 corten_arena_test_hint_fence
[    5.346220]     ok 28 corten_arena_test_vma_free_reuse
[    5.355325] BUG: non-zero pgtables_bytes on freeing mm: 16384
[    5.367888]     ok 29 corten_arena_test_inv_mv3
[    5.374869] BUG: non-zero pgtables_bytes on freeing mm: 12288
[    5.395943]     ok 30 corten_arena_test_fork_vma_free
[    5.407698]     ok 31 corten_arena_test_vma_free_shrink_pick
[    5.418235]     ok 32 corten_arena_test_carrier_shrink_pick
[    5.431659]     ok 33 corten_arena_test_auto_validate
[    5.440299] BUG: non-zero pgtables_bytes on freeing mm: 12288
[    5.452250]     ok 34 corten_arena_test_carrier_vma
[    5.460398]     ok 35 corten_arena_test_fork_punch_novma
[    5.468290] BUG: non-zero pgtables_bytes on freeing mm: 12288
[    5.481695] BUG: non-zero pgtables_bytes on freeing mm: 16384
[    5.490294]     ok 36 corten_arena_test_fork_redeclare_content
[    5.494647]     ok 37 corten_arena_test_region_record
[    5.509217]     ok 38 corten_arena_test_region_iter
[    5.521400]     ok 39 corten_arena_test_region_park
[    5.530468]     ok 40 corten_arena_test_region_fork
[    5.542161]     ok 41 corten_arena_test_mprotect_route
[    5.552935]     ok 42 corten_arena_test_protect_flags_kernel_gate
[    5.562906]     ok 43 corten_arena_test_madvise_route
[    5.602736]     ok 44 corten_arena_test_mremap_route
[    5.610262] BUG: non-zero pgtables_bytes on freeing mm: 24576
[    5.620951]     ok 45 corten_arena_test_fork_faithful
[    5.625130] BUG: non-zero pgtables_bytes on freeing mm: 12288
[    5.637075]     ok 46 corten_arena_test_fork_unwind
[    5.642153]     ok 47 corten_arena_test_fork_multipiece
[    5.650215]     ok 48 corten_arena_test_fork_perm
[    5.658077]     ok 49 corten_arena_test_inv7_shared_ro
[    5.666706]     ok 50 corten_arena_test_inv7_swapped
[    5.675897] get_swap_device: Bad swap file entry 400000000000077
[    5.679619] BUG: Bad rss-counter state mm:(____ptrval____) type:MM_SWAPENTS val:-1 Comm:kunit_try_catch Pid:316
[    5.687002]     ok 51 corten_arena_test_shrink_registry_count
[    5.693931]     ok 52 corten_arena_test_shrink_aging_two_pass
[    5.708646]     ok 53 corten_arena_test_shrink_rotation
[    5.718443] get_swap_device: Bad swap file entry 400000000000077
[    5.730104] get_swap_device: Bad swap file entry 400000000000077
[    5.740890]     ok 54 corten_arena_test_fork_swapped
[    5.749951]     ok 55 corten_arena_test_fork_f2_gate
[   15.920517] ------------[ cut here ]------------
[   15.929090] corten: arena [800000,1000000) drain timed out: leaked transaction reference, leaking the descriptor
[   15.939292] WARNING: CPU: 2 PID: 327 at mm/corten_arena.c:566 corten_arena_drain+0x6f/0x80
[   15.949376] Modules linked in:
[   15.952720] CPU: 2 UID: 0 PID: 327 Comm: kunit_try_catch Tainted: G        W        N  6.18.32-g217a9922a7d3-dirty #59 PREEMPT(voluntary) 
[   15.967144] Tainted: [W]=WARN, [N]=TEST
[   15.971756] Hardware name: QEMU Standard PC (i440FX + PIIX, 1996), BIOS 1.15.0-1 04/01/2014
[   15.985090] RIP: 0010:corten_arena_drain+0x6f/0x80
[   15.991506] Code: c4 08 31 c0 5b e9 d1 ed f4 00 88 44 24 07 c6 05 f2 74 d3 01 01 90 48 8b 53 08 48 8b 33 48 c7 c7 70 e3 c8 8d e8 b2 d8 cf ff 90 <0f> 0b 90 90 0f b6 44 24 07 eb b4 66 0f 1f 44 00 00 90 90 90 90 90
[   16.013087] RSP: 0000:ffffb3750091fd40 EFLAGS: 00010282
[   16.019074] RAX: 0000000000000000 RBX: ffff91ea033d6300 RCX: 00000000ffffdfff
[   16.030207] RDX: 0000000000000000 RSI: 00000000ffffffea RDI: 0000000000000001
[   16.038826] RBP: ffff91ea033d6100 R08: ffffffff8e13e6c8 R09: 00000000ffffdfff
[   16.046110] R10: ffffffff8e05e6e0 R11: ffffffff8e10e6e0 R12: ffff91ea033d6118
[   16.054519] R13: ffff91ea0314ba80 R14: ffff91ea033d6178 R15: ffff91ea033d6300
[   16.064098] FS:  0000000000000000(0000) GS:ffff91eaef069000(0000) knlGS:0000000000000000
[   16.073891] CS:  0010 DS: 0000 ES: 0000 CR0: 0000000080050033
[   16.079686] CR2: 0000000000000000 CR3: 000000000e230000 CR4: 00000000000006f0
[   16.087835] Call Trace:
[   16.091051]  <TASK>
[   16.093056]  corten_arena_fork_begin+0x119/0x1c0
[   16.098251]  corten_arena_test_fork_begin+0x59/0x140
[   16.107461]  corten_arena_test_fork_drain_leak+0x18a/0x800
[   16.114400]  ? psi_task_switch+0x107/0x290
[   16.119252]  ? __switch_to_asm+0x39/0x70
[   16.124063]  ? finish_task_switch.isra.0+0x76/0x250
[   16.127970]  ? __pfx_kunit_generic_run_threadfn_adapter+0x10/0x10
[   16.132389]  kunit_try_run_case+0x6f/0x150
[   16.136982]  ? __pfx_kunit_generic_run_threadfn_adapter+0x10/0x10
[   16.142573]  kunit_generic_run_threadfn_adapter+0x1c/0x40
[   16.149052]  kthread+0xff/0x1f0
[   16.152144]  ? __pfx_kthread+0x10/0x10
[   16.155023]  ? __pfx_kthread+0x10/0x10
[   16.158634]  ret_from_fork+0x144/0x160
[   16.162089]  ? __pfx_kthread+0x10/0x10
[   16.165943]  ret_from_fork_asm+0x1a/0x30
[   16.170454]  </TASK>
[   16.172776] ---[ end trace 0000000000000000 ]---
[   16.182603]     # corten_arena_test_fork_drain_leak: Test should be marked slow (runtime: 10.425557814s)
[   16.183067] kunit_try_catch (327) used greatest stack depth: 13424 bytes left
[   16.185338]     ok 56 corten_arena_test_fork_drain_leak
[   16.204293] BUG: Bad rss-counter state mm:(____ptrval____) type:MM_SWAPENTS val:-1 Comm:corten_arena_op Pid:331
[   16.220907]     ok 57 corten_arena_test_unshare_pin
[   16.229801]     ok 58 corten_arena_test_fork_reuse_exclusive
[   16.238869]     ok 59 corten_arena_test_gup_state1_uncommitted
[   16.245595]     ok 60 corten_arena_test_gup_state2_committed_rw
[   16.264817]     ok 61 corten_arena_test_gup_state3_fork_cow
[   16.276062] BUG: non-zero pgtables_bytes on freeing mm: 12288
[   16.295829]     ok 62 corten_arena_test_gup_state3b_downgrade_restore
[   16.307337]     ok 63 corten_arena_test_gup_state4_pin_zap
[   16.338716]     ok 64 corten_arena_test_concurrent
[   16.383025]     ok 65 corten_arena_test_concurrent_window
[   16.403214]     ok 66 corten_arena_test_obs_ledger
[   16.418115]     ok 67 corten_arena_test_drain_timeout_stat
[   16.421355] # corten_arena: pass:67 fail:0 skip:0 total:67
[   16.426971] # Totals: pass:67 fail:0 skip:0 total:67
[   16.431572] ok 2 corten_arena
[   16.438684]     KTAP version 1
[   16.443237]     # Subtest: corten_fault
[   16.446746]     # module: corten_fault_test
[   16.446753]     1..32
[   16.457207]     ok 1 corten_fault_test_dispatch
[   16.468487]     ok 2 corten_fault_test_fig8_cow
[   16.477682]     ok 3 corten_fault_test_unmap_classify
[   16.487323]     ok 4 corten_fault_test_mmap_classify
[   16.507192]     ok 5 corten_fault_test_punch_classify
[   16.517964]     ok 6 corten_fault_test_map_anon
[   16.525877]     ok 7 corten_fault_test_zero_page
[   16.532180]     ok 8 corten_fault_test_sigsegv
[   16.540214]     ok 9 corten_fault_test_fresh_fault
[   16.602793]     ok 10 corten_fault_test_churn_repro
[   16.612321]     ok 11 corten_fault_test_untracked_drift
[   16.622487]     ok 12 corten_fault_test_restore
[   16.631673]     ok 13 corten_fault_test_cow_reuse
[   16.640872]     ok 14 corten_fault_test_cow_copy
[   16.646247] ------------[ cut here ]------------
[   16.652769] WARNING: CPU: 1 PID: 389 at ./include/linux/rwsem.h:88 corten_fault_test_foll_force+0x808/0xc50
[   16.663145] Modules linked in:
[   16.666060] CPU: 1 UID: 0 PID: 389 Comm: kunit_try_catch Tainted: G        W        N  6.18.32-g217a9922a7d3-dirty #59 PREEMPT(voluntary) 
[   16.677275] Tainted: [W]=WARN, [N]=TEST
[   16.681458] Hardware name: QEMU Standard PC (i440FX + PIIX, 1996), BIOS 1.15.0-1 04/01/2014
[   16.689379] RIP: 0010:corten_fault_test_foll_force+0x808/0xc50
[   16.698280] Code: 0f 00 00 0f 85 18 fe ff ff 49 8b 04 24 a8 40 0f 84 0c fe ff ff 49 8b 44 24 48 48 8d 50 ff a8 01 49 0f 44 d4 e9 f8 fd ff ff 90 <0f> 0b 90 e9 64 f8 ff ff 48 98 45 31 c9 49 c7 c0 a0 04 95 8c 48 89
[   16.732228] RSP: 0000:ffffb37500a87d80 EFLAGS: 00010246
[   16.740583] RAX: ffff91ea0336db00 RBX: ffff91ea02a3de40 RCX: 0000000000000000
[   16.746552] RDX: 0000000000000000 RSI: 000000000000001c RDI: ffff91ea01d2b0c0
[   16.753693] RBP: ffffb37500013a88 R08: 0000000000001000 R09: 0000000000000000
[   16.759900] R10: ffffb37500a87c98 R11: 0000000000000000 R12: ffff91ea02b7ff00
[   16.763911] R13: ffff91ea0115a3f0 R14: ffffffff8c950880 R15: ffffb37500013ac8
[   16.767916] FS:  0000000000000000(0000) GS:ffff91eaeefe9000(0000) knlGS:0000000000000000
[   16.772219] CS:  0010 DS: 0000 ES: 0000 CR0: 0000000080050033
[   16.775429] CR2: 0000000000000000 CR3: 000000000e230000 CR4: 00000000000006f0
[   16.780909] Call Trace:
[   16.786755]  <TASK>
[   16.788926]  ? psi_group_change+0x116/0x300
[   16.794340]  ? psi_task_switch+0x107/0x290
[   16.797942]  ? __switch_to_asm+0x39/0x70
[   16.802127]  ? finish_task_switch.isra.0+0x76/0x250
[   16.807714]  kunit_try_run_case+0x6f/0x150
[   16.812007]  ? __pfx_kunit_generic_run_threadfn_adapter+0x10/0x10
[   16.817848]  kunit_generic_run_threadfn_adapter+0x1c/0x40
[   16.822676]  kthread+0xff/0x1f0
[   16.825747]  ? __pfx_kthread+0x10/0x10
[   16.829908]  ? __pfx_kthread+0x10/0x10
[   16.834199]  ret_from_fork+0x144/0x160
[   16.838006]  ? __pfx_kthread+0x10/0x10
[   16.842186]  ret_from_fork_asm+0x1a/0x30
[   16.846349]  </TASK>
[   16.849617] ---[ end trace 0000000000000000 ]---
[   16.855118] ------------[ cut here ]------------
[   16.858373] WARNING: CPU: 3 PID: 389 at ./include/linux/rwsem.h:88 corten_fault_test_foll_force+0xb62/0xc50
[   16.867618] Modules linked in:
[   16.871402] CPU: 3 UID: 0 PID: 389 Comm: kunit_try_catch Tainted: G        W        N  6.18.32-g217a9922a7d3-dirty #59 PREEMPT(voluntary) 
[   16.880912] Tainted: [W]=WARN, [N]=TEST
[   16.884306] Hardware name: QEMU Standard PC (i440FX + PIIX, 1996), BIOS 1.15.0-1 04/01/2014
[   16.892918] RIP: 0010:corten_fault_test_foll_force+0xb62/0xc50
[   16.899954] Code: c7 c6 40 bc 64 8d 48 89 ef 48 89 44 24 08 48 c7 04 24 50 bc 64 8d 48 c7 44 24 10 40 00 00 00 e8 44 c7 36 00 e9 44 fb ff ff 90 <0f> 0b 90 e9 ed fa ff ff 48 98 45 31 c9 49 c7 c0 a0 04 95 8c 48 89
[   16.924301] RSP: 0000:ffffb37500a87d80 EFLAGS: 00010246
[   16.929378] RAX: ffff91ea0336db00 RBX: ffff91ea02a3de40 RCX: ffff91ea7ddb0340
[   16.935081] RDX: 0000000000000000 RSI: 0000000000000001 RDI: ffff91ea01d2b0c0
[   16.941689] RBP: ffffb37500013a88 R08: 0000000000000000 R09: 00000000000001dc
[   16.948988] R10: ffff91ea7ddafac0 R11: 0000000000000002 R12: ffff91ea02b7ff00
[   16.955829] R13: 0000000000000000 R14: ffffffff8c950880 R15: ffffb37500013ac8
[   16.962935] FS:  0000000000000000(0000) GS:ffff91eaef0e9000(0000) knlGS:0000000000000000
[   16.969165] CS:  0010 DS: 0000 ES: 0000 CR0: 0000000080050033
[   16.973593] CR2: 0000000000000000 CR3: 000000000e230000 CR4: 00000000000006f0
[   16.981168] Call Trace:
[   16.984437]  <TASK>
[   16.986667]  ? finish_task_switch.isra.0+0x76/0x250
[   16.991825]  kunit_try_run_case+0x6f/0x150
[   16.994974]  ? __pfx_kunit_generic_run_threadfn_adapter+0x10/0x10
[   17.000065]  kunit_generic_run_threadfn_adapter+0x1c/0x40
[   17.005693]  kthread+0xff/0x1f0
[   17.007560]  ? __pfx_kthread+0x10/0x10
[   17.011683]  ? __pfx_kthread+0x10/0x10
[   17.016314]  ret_from_fork+0x144/0x160
[   17.019683]  ? __pfx_kthread+0x10/0x10
[   17.022480]  ret_from_fork_asm+0x1a/0x30
[   17.026058]  </TASK>
[   17.028090] ---[ end trace 0000000000000000 ]---
[   17.034811]     ok 15 corten_fault_test_foll_force
[   17.047758]     ok 16 corten_fault_test_cow_race
[   17.060040]     ok 17 corten_fault_test_mprotect_pte
[   17.071284]     ok 18 corten_fault_test_mprotect_fresh
[   17.080407]     ok 19 corten_fault_test_zap_keep_perm
[   17.094399]     ok 20 corten_fault_test_zap_keep_perm_downgrade
[   17.108393]     ok 21 corten_fault_test_untracked_rearm
[   17.127983]     ok 22 corten_fault_test_fill_upper_race
[   17.146663]     ok 23 corten_fault_test_map_race
[   17.158920]     ok 24 corten_fault_test_chunk_unmap
[   17.166906]     ok 25 corten_fault_test_punch_hole
[   17.177656]     ok 26 corten_fault_test_punch_head
[   17.186970]     ok 27 corten_fault_test_rmap_guard
[   17.192412]     ok 28 corten_fault_test_reap_skip
[   17.200225]     ok 29 corten_fault_test_swap_encode
[   17.208354]     ok 30 corten_fault_test_swap_roundtrip # SKIP swap round-trip requires a swap area
[   17.215345]     ok 31 corten_fault_test_swap_zap_free # SKIP swap zap test requires a swap area
[   17.229067]     ok 32 corten_fault_test_swap_mprotect_pending
[   17.236764] # corten_fault: pass:30 fail:0 skip:2 total:32
[   17.241812] # Totals: pass:30 fail:0 skip:2 total:32
[   17.248709] ok 3 corten_fault
[   17.260698] check access for rdinit=/init failed: -2, ignoring
[   17.262619] md: Waiting for all devices to be available before autodetect
[   17.265272] md: If you don't use raid, use raid=noautodetect
[   17.267815] md: Autodetecting RAID arrays.
[   17.269775] md: autorun ...
[   17.271312] md: ... autorun DONE.
[   17.274956] /dev/root: Can't open blockdev
[   17.277640] VFS: Cannot open root device "" or unknown-block(0,0): error -6
[   17.281524] Please append a correct "root=" boot option; here are the available partitions:
[   17.286501] 0b00         1048575 sr0 
[   17.286508]  driver: sr
[   17.290116] List of all bdev filesystems:
[   17.292498]  ext3
[   17.292502]  ext2
[   17.293641]  ext4
[   17.294929]  vfat
[   17.296047]  msdos
[   17.297329]  iso9660
[   17.299202]  f2fs
[   17.301057]  erofs
[   17.302407] 
[   17.304760] Kernel panic - not syncing: VFS: Unable to mount root fs on unknown-block(0,0)
[   17.309311] CPU: 0 UID: 0 PID: 1 Comm: swapper/0 Tainted: G        W        N  6.18.32-g217a9922a7d3-dirty #59 PREEMPT(voluntary) 
[   17.315136] Tainted: [W]=WARN, [N]=TEST
[   17.315936] Hardware name: QEMU Standard PC (i440FX + PIIX, 1996), BIOS 1.15.0-1 04/01/2014
[   17.317176] Call Trace:
[   17.317672]  <TASK>
[   17.318033]  vpanic+0x34f/0x360
[   17.318565]  panic+0x56/0x60
[   17.319052]  mount_root_generic+0x1ff/0x320
[   17.319821]  prepare_namespace+0x63/0x270
[   17.320444]  kernel_init_freeable+0x29f/0x2f0
[   17.321365]  ? __pfx_kernel_init+0x10/0x10
[   17.322034]  kernel_init+0x15/0x1c0
[   17.322633]  ret_from_fork+0x144/0x160
[   17.323283]  ? __pfx_kernel_init+0x10/0x10
[   17.323906]  ret_from_fork_asm+0x1a/0x30
[   17.324507]  </TASK>
[   17.326370] Kernel Offset: 0xb000000 from 0xffffffff81000000 (relocation range: 0xffffffff80000000-0xffffffffbfffffff)
