[    0.000000] Linux version 6.18.32-gdd3300f0f267 (ppw@vm) (gcc (Ubuntu 11.4.0-1ubuntu1~22.04.3) 11.4.0, GNU ld (GNU Binutils for Ubuntu) 2.38) #8 SMP PREEMPT_DYNAMIC Wed Oct  7 12:37:31 CST 2026
[    0.000000] Command line: console=ttyS0 root=/dev/vda rw net.ifnames=0 systemd.mask=sys-kernel-config.mount mitigations=off kunit.enable=0 log_buf_len=16M corten=on corten_mode_default=on
[    0.000000] BIOS-provided physical RAM map:
[    0.000000] BIOS-e820: [mem 0x0000000000000000-0x000000000009fbff] usable
[    0.000000] BIOS-e820: [mem 0x000000000009fc00-0x000000000009ffff] reserved
[    0.000000] BIOS-e820: [mem 0x00000000000f0000-0x00000000000fffff] reserved
[    0.000000] BIOS-e820: [mem 0x0000000000100000-0x00000000bffdcfff] usable
[    0.000000] BIOS-e820: [mem 0x00000000bffdd000-0x00000000bfffffff] reserved
[    0.000000] BIOS-e820: [mem 0x00000000feffc000-0x00000000feffffff] reserved
[    0.000000] BIOS-e820: [mem 0x00000000fffc0000-0x00000000ffffffff] reserved
[    0.000000] BIOS-e820: [mem 0x0000000100000000-0x000000013fffffff] usable
[    0.000000] NX (Execute Disable) protection: active
[    0.000000] APIC: Static calls initialized
[    0.000000] SMBIOS 2.8 present.
[    0.000000] DMI: QEMU Standard PC (i440FX + PIIX, 1996), BIOS 1.15.0-1 04/01/2014
[    0.000000] DMI: Memory slots populated: 1/1
[    0.000000] Hypervisor detected: KVM
[    0.000000] last_pfn = 0xbffdd max_arch_pfn = 0x400000000
[    0.000000] kvm-clock: Using msrs 4b564d01 and 4b564d00
[    0.000005] kvm-clock: using sched offset of 1885144254 cycles
[    0.000011] clocksource: kvm-clock: mask: 0xffffffffffffffff max_cycles: 0x1cd42e4dffb, max_idle_ns: 881590591483 ns
[    0.000099] tsc: Detected 2419.196 MHz processor
[    0.003535] last_pfn = 0x140000 max_arch_pfn = 0x400000000
[    0.004572] MTRR map: 4 entries (3 fixed + 1 variable; max 19), built from 8 variable MTRRs
[    0.004610] x86/PAT: Configuration [0-7]: WB  WC  UC- UC  WB  WP  UC- WT  
[    0.005716] last_pfn = 0xbffdd max_arch_pfn = 0x400000000
[    0.018558] found SMP MP-table at [mem 0x000f5b90-0x000f5b9f]
[    0.018967] Using GB pages for direct mapping
[    0.358121] printk: log buffer data + meta data: 16777216 + 58720256 = 75497472 bytes
[    0.358128] printk: early log buf free: 260032(99%)
[    0.358407] ACPI: Early table checksum verification disabled
[    0.358634] ACPI: RSDP 0x00000000000F59B0 000014 (v00 BOCHS )
[    0.358866] ACPI: RSDT 0x00000000BFFE1B9C 000034 (v01 BOCHS  BXPC     00000001 BXPC 00000001)
[    0.358941] ACPI: FACP 0x00000000BFFE1A18 000074 (v01 BOCHS  BXPC     00000001 BXPC 00000001)
[    0.359121] ACPI: DSDT 0x00000000BFFE0040 0019D8 (v01 BOCHS  BXPC     00000001 BXPC 00000001)
[    0.359136] ACPI: FACS 0x00000000BFFE0000 000040
[    0.359138] ACPI: APIC 0x00000000BFFE1A8C 0000B0 (v01 BOCHS  BXPC     00000001 BXPC 00000001)
[    0.359140] ACPI: HPET 0x00000000BFFE1B3C 000038 (v01 BOCHS  BXPC     00000001 BXPC 00000001)
[    0.359142] ACPI: WAET 0x00000000BFFE1B74 000028 (v01 BOCHS  BXPC     00000001 BXPC 00000001)
[    0.359144] ACPI: Reserving FACP table memory at [mem 0xbffe1a18-0xbffe1a8b]
[    0.359146] ACPI: Reserving DSDT table memory at [mem 0xbffe0040-0xbffe1a17]
[    0.359146] ACPI: Reserving FACS table memory at [mem 0xbffe0000-0xbffe003f]
[    0.359147] ACPI: Reserving APIC table memory at [mem 0xbffe1a8c-0xbffe1b3b]
[    0.359148] ACPI: Reserving HPET table memory at [mem 0xbffe1b3c-0xbffe1b73]
[    0.359148] ACPI: Reserving WAET table memory at [mem 0xbffe1b74-0xbffe1b9b]
[    0.365252] No NUMA configuration found
[    0.365258] Faking a node at [mem 0x0000000000000000-0x000000013fffffff]
[    0.365268] NODE_DATA(0) allocated [mem 0x13b7fa140-0x13b7fdfff]
[    0.365787] Zone ranges:
[    0.365790]   DMA      [mem 0x0000000000001000-0x0000000000ffffff]
[    0.365796]   DMA32    [mem 0x0000000001000000-0x00000000ffffffff]
[    0.365800]   Normal   [mem 0x0000000100000000-0x000000013fffffff]
[    0.365803] Movable zone start for each node
[    0.365805] Early memory node ranges
[    0.365806]   node   0: [mem 0x0000000000001000-0x000000000009efff]
[    0.365810]   node   0: [mem 0x0000000000100000-0x00000000bffdcfff]
[    0.365813]   node   0: [mem 0x0000000100000000-0x000000013fffffff]
[    0.365817] Initmem setup node 0 [mem 0x0000000000001000-0x000000013fffffff]
[    0.366696] On node 0, zone DMA: 1 pages in unavailable ranges
[    0.367864] On node 0, zone DMA: 97 pages in unavailable ranges
[    0.683717] On node 0, zone Normal: 35 pages in unavailable ranges
[    0.685800] ACPI: PM-Timer IO Port: 0x608
[    0.685998] ACPI: LAPIC_NMI (acpi_id[0xff] dfl dfl lint[0x1])
[    0.687172] IOAPIC[0]: apic_id 0, version 17, address 0xfec00000, GSI 0-23
[    0.687184] ACPI: INT_SRC_OVR (bus 0 bus_irq 0 global_irq 2 dfl dfl)
[    0.687189] ACPI: INT_SRC_OVR (bus 0 bus_irq 5 global_irq 5 high level)
[    0.687193] ACPI: INT_SRC_OVR (bus 0 bus_irq 9 global_irq 9 high level)
[    0.687224] ACPI: INT_SRC_OVR (bus 0 bus_irq 10 global_irq 10 high level)
[    0.687228] ACPI: INT_SRC_OVR (bus 0 bus_irq 11 global_irq 11 high level)
[    0.687237] ACPI: Using ACPI (MADT) for SMP configuration information
[    0.687240] ACPI: HPET id: 0x8086a201 base: 0xfed00000
[    0.687249] TSC deadline timer available
[    0.687260] CPU topo: Max. logical packages:   1
[    0.687262] CPU topo: Max. logical dies:       1
[    0.687263] CPU topo: Max. dies per package:   1
[    0.687275] CPU topo: Max. threads per core:   1
[    0.687300] CPU topo: Num. cores per package:     8
[    0.687302] CPU topo: Num. threads per package:   8
[    0.687303] CPU topo: Allowing 8 present CPUs plus 0 hotplug CPUs
[    0.687414] kvm-guest: APIC: eoi() replaced with kvm_guest_apic_eoi_write()
[    0.687549] kvm-guest: KVM setup pv remote TLB flush
[    0.687605] kvm-guest: setup PV sched yield
[    0.689294] PM: hibernation: Registered nosave memory: [mem 0x00000000-0x00000fff]
[    0.689301] PM: hibernation: Registered nosave memory: [mem 0x0009f000-0x000fffff]
[    0.689304] PM: hibernation: Registered nosave memory: [mem 0xbffdd000-0xffffffff]
[    0.689308] [mem 0xc0000000-0xfeffbfff] available for PCI devices
[    0.689331] Booting paravirtualized kernel on KVM
[    0.689370] clocksource: refined-jiffies: mask: 0xffffffff max_cycles: 0xffffffff, max_idle_ns: 1910969940391419 ns
[    0.709236] setup_percpu: NR_CPUS:64 nr_cpumask_bits:8 nr_cpu_ids:8 nr_node_ids:1
[    0.717597] percpu: Embedded 54 pages/cpu s182680 r8192 d30312 u262144
[    0.717734] Kernel command line: console=ttyS0 root=/dev/vda rw net.ifnames=0 systemd.mask=sys-kernel-config.mount mitigations=off kunit.enable=0 log_buf_len=16M corten=on corten_mode_default=on
[    0.718394] corten: requested on, activating at initcall time
[    0.718414] corten: execve default entry enabled
[    0.718513] random: crng init done
[    0.735259] Dentry cache hash table entries: 524288 (order: 10, 4194304 bytes, linear)
[    0.745342] Inode-cache hash table entries: 262144 (order: 9, 2097152 bytes, linear)
[    0.746563] software IO TLB: area num 8.
[    1.107742] Fallback order for Node 0: 0 
[    1.107782] Built 1 zonelists, mobility grouping on.  Total pages: 1048443
[    1.107787] Policy zone: Normal
[    1.107791] mem auto-init: stack:off, heap alloc:off, heap free:off
[    1.129591] SLUB: HWalign=64, Order=0-3, MinObjects=0, CPUs=8, Nodes=1
[    1.142441] Dynamic Preempt: voluntary
[    1.143876] rcu: Preemptible hierarchical RCU implementation.
[    1.143880] rcu: 	RCU event tracing is enabled.
[    1.143881] rcu: 	RCU restricting CPUs from NR_CPUS=64 to nr_cpu_ids=8.
[    1.143886] 	Trampoline variant of Tasks RCU enabled.
[    1.143887] 	Tracing variant of Tasks RCU enabled.
[    1.143888] rcu: RCU calculated value of scheduler-enlistment delay is 100 jiffies.
[    1.143890] rcu: Adjusting geometry for rcu_fanout_leaf=16, nr_cpu_ids=8
[    1.143982] RCU Tasks: Setting shift to 3 and lim to 1 rcu_task_cb_adjust=1 rcu_task_cpu_ids=8.
[    1.143988] RCU Tasks Trace: Setting shift to 3 and lim to 1 rcu_task_cb_adjust=1 rcu_task_cpu_ids=8.
[    1.157106] NR_IRQS: 4352, nr_irqs: 488, preallocated irqs: 16
[    1.158408] rcu: srcu_init: Setting srcu_struct sizes based on contention.
[    1.220504] Console: colour VGA+ 80x25
[    1.220673] printk: legacy console [ttyS0] enabled
[    1.851136] ACPI: Core revision 20250807
[    1.856953] clocksource: hpet: mask: 0xffffffff max_cycles: 0xffffffff, max_idle_ns: 19112604467 ns
[    1.869615] APIC: Switch to symmetric I/O mode setup
[    1.880390] x2apic enabled
[    1.889163] APIC: Switched APIC routing to: physical x2apic
[    1.896766] kvm-guest: APIC: send_IPI_mask() replaced with kvm_send_ipi_mask()
[    1.903826] kvm-guest: APIC: send_IPI_mask_allbutself() replaced with kvm_send_ipi_mask_allbutself()
[    1.910644] kvm-guest: setup PV IPIs
[    1.931327] ..TIMER: vector=0x30 apic1=0 pin1=2 apic2=-1 pin2=-1
[    1.938150] clocksource: tsc-early: mask: 0xffffffffffffffff max_cycles: 0x22df0d21928, max_idle_ns: 440795225288 ns
[    1.949586] Calibrating delay loop (skipped) preset value.. 4838.39 BogoMIPS (lpj=2419196)
[    1.953820] x86/cpu: User Mode Instruction Prevention (UMIP) activated
[    1.957245] Last level iTLB entries: 4KB 0, 2MB 0, 4MB 0
[    1.957587] Last level dTLB entries: 4KB 0, 2MB 0, 4MB 0, 1GB 0
[    1.959620] mitigations: Enabled attack vectors: SMT mitigations: off
[    1.960653] Speculative Store Bypass: Vulnerable
[    1.961590] Spectre V2 : Vulnerable
[    1.962586] ITS: Vulnerable
[    1.963585] Spectre V1 : Vulnerable: __user pointer sanitization and usercopy barriers only; no swapgs barriers
[    1.965058] x86/fpu: Supporting XSAVE feature 0x001: 'x87 floating point registers'
[    1.965590] x86/fpu: Supporting XSAVE feature 0x002: 'SSE registers'
[    1.966591] x86/fpu: Supporting XSAVE feature 0x004: 'AVX registers'
[    1.967590] x86/fpu: Supporting XSAVE feature 0x200: 'Protection Keys User registers'
[    1.968592] x86/fpu: xstate_offset[2]:  576, xstate_sizes[2]:  256
[    1.969590] x86/fpu: xstate_offset[9]:  832, xstate_sizes[9]:    8
[    1.970589] x86/fpu: Enabled xstate features 0x207, context size is 840 bytes, using 'compacted' format.
[    2.074226] Freeing SMP alternatives memory: 64K
[    2.074594] pid_max: default: 32768 minimum: 301
[    2.075804] LSM: initializing lsm=capability,selinux
[    2.076633] SELinux:  Initializing.
[    2.079711] Mount-cache hash table entries: 8192 (order: 4, 65536 bytes, linear)
[    2.080797] Mountpoint-cache hash table entries: 8192 (order: 4, 65536 bytes, linear)
[    2.086576] smpboot: CPU0: 13th Gen Intel(R) Core(TM) i9-13900HX (family: 0x6, model: 0xb7, stepping: 0x1)
[    2.088123] Performance Events: Alderlake Hybrid events, core PMU driver.
[    2.090625] core: CPUID marked event: 'cpu cycles' unavailable
[    2.091630] core: CPUID marked event: 'instructions' unavailable
[    2.092597] core: CPUID marked event: 'bus cycles' unavailable
[    2.093629] core: CPUID marked event: 'cache references' unavailable
[    2.094629] core: CPUID marked event: 'cache misses' unavailable
[    2.095629] core: CPUID marked event: 'branch instructions' unavailable
[    2.096630] core: CPUID marked event: 'branch misses' unavailable
[    2.098313] core: The event 0x100 is not supported as a normal event.
[    2.098630] core: The event 0x300 is not supported as a normal event.
[    2.099632] core: The event 0x400 is not supported as a normal event.
[    2.100722] core: The event 0x8000 is not supported as a normal event.
[    2.101598] core: The event 0x8100 is not supported as a normal event.
[    2.102632] core: The event 0x8200 is not supported as a normal event.
[    2.103669] core: The event 0x8300 is not supported as a normal event.
[    2.104595] core: The event 0x8400 is not supported as a normal event.
[    2.105630] core: The event 0x8500 is not supported as a normal event.
[    2.106624] core: The event 0x8600 is not supported as a normal event.
[    2.107633] core: The event 0x8700 is not supported as a normal event.
[    2.109098] core: cpu_core PMU driver: 
[    2.109622] ... version:                   1
[    2.110627] ... bit width:                 48
[    2.111627] ... generic counters:          6
[    2.112628] ... generic bitmap:            000000000000003f
[    2.113627] ... fixed-purpose counters:    0
[    2.114621] ... fixed-purpose bitmap:      0000000000000000
[    2.115624] ... value mask:                0000ffffffffffff
[    2.116626] ... max period:                000000007fffffff
[    2.117626] ... global_ctrl mask:          000100000000003f
[    2.119484] signal: max sigframe size: 3632
[    2.119821] rcu: Hierarchical SRCU implementation.
[    2.120607] rcu: 	Max phase no-delay instances is 400.
[    2.122757] Timer migration: 1 hierarchy levels; 8 children per group; 1 crossnode level
[    2.125664] corten: page descriptors enabled
[    2.127796] smp: Bringing up secondary CPUs ...
[    2.130228] smpboot: x86: Booting SMP configuration:
[    2.130637] .... node  #0, CPUs:      #1 #2 #3 #4 #5 #6 #7
[    2.186576] smp: Brought up 1 node, 8 CPUs
[    2.187630] smpboot: Total of 8 processors activated (38707.13 BogoMIPS)
[    2.194899] Memory: 3926876K/4193772K available (21762K kernel code, 3205K rwdata, 9220K rodata, 3288K init, 1128K bss, 261312K reserved, 0K cma-reserved)
[    2.197177] devtmpfs: initialized
[    2.203737] clocksource: jiffies: mask: 0xffffffff max_cycles: 0xffffffff, max_idle_ns: 1911260446275000 ns
[    2.208643] posixtimers hash table entries: 4096 (order: 4, 65536 bytes, linear)
[    2.213813] futex hash table entries: 2048 (131072 bytes on 1 NUMA nodes, total 128 KiB, linear).
[    2.220576] PM: RTC time: 04:39:50, date: 2026-10-07
[    2.237134] NET: Registered PF_NETLINK/PF_ROUTE protocol family
[    2.241018] audit: initializing netlink subsys (disabled)
[    2.246661] audit: type=2000 audit(1791347990.303:1): state=initialized audit_enabled=0 res=1
[    2.247155] thermal_sys: Registered thermal governor 'step_wise'
[    2.250835] cpuidle: using governor menu
[    2.260576] PCI: Using configuration type 1 for base access
[    2.267809] kprobes: kprobe jump-optimization is enabled. All kprobes are optimized if possible.
[    2.280196] HugeTLB: registered 2.00 MiB page size, pre-allocated 0 pages
[    2.283625] HugeTLB: 28 KiB vmemmap can be freed for a 2.00 MiB page
[    2.341383] ACPI: Added _OSI(Module Device)
[    2.343630] ACPI: Added _OSI(Processor Device)
[    2.346625] ACPI: Added _OSI(Processor Aggregator Device)
[    2.352576] ACPI: 1 ACPI AML tables successfully acquired and loaded
[    2.363035] ACPI: Interpreter enabled
[    2.365639] ACPI: PM: (supports S0 S3 S4 S5)
[    2.366620] ACPI: Using IOAPIC for interrupt routing
[    2.370145] PCI: Using host bridge windows from ACPI; if necessary, use "pci=nocrs" and report a bug
[    2.374591] PCI: Using E820 reservations for host bridge windows
[    2.378216] ACPI: Enabled 2 GPEs in block 00 to 0F
[    2.384770] ACPI: PCI Root Bridge [PCI0] (domain 0000 [bus 00-ff])
[    2.390607] acpi PNP0A03:00: _OSC: OS supports [ASPM ClockPM Segments MSI HPX-Type3]
[    2.395596] acpi PNP0A03:00: _OSC: not requesting OS control; OS requires [ExtendedConfig ASPM ClockPM MSI]
[    2.405615] acpi PNP0A03:00: fail to add MMCONFIG information, can't access extended configuration space under this bridge
[    2.416046] PCI host bridge to bus 0000:00
[    2.418642] pci_bus 0000:00: root bus resource [io  0x0000-0x0cf7 window]
[    2.423624] pci_bus 0000:00: root bus resource [io  0x0d00-0xffff window]
[    2.427624] pci_bus 0000:00: root bus resource [mem 0x000a0000-0x000bffff window]
[    2.434931] pci_bus 0000:00: root bus resource [mem 0xc0000000-0xfebfffff window]
[    2.441595] pci_bus 0000:00: root bus resource [mem 0x140000000-0x1bfffffff window]
[    2.448596] pci_bus 0000:00: root bus resource [bus 00-ff]
[    2.453815] pci 0000:00:00.0: [8086:1237] type 00 class 0x060000 conventional PCI endpoint
[    2.464988] pci 0000:00:01.0: [8086:7000] type 00 class 0x060100 conventional PCI endpoint
[    2.475576] pci 0000:00:01.1: [8086:7010] type 00 class 0x010180 conventional PCI endpoint
[    2.483576] pci 0000:00:01.1: BAR 4 [io  0xc0c0-0xc0cf]
[    2.490198] pci 0000:00:01.1: BAR 0 [io  0x01f0-0x01f7]: legacy IDE quirk
[    2.494595] pci 0000:00:01.1: BAR 1 [io  0x03f6]: legacy IDE quirk
[    2.496594] pci 0000:00:01.1: BAR 2 [io  0x0170-0x0177]: legacy IDE quirk
[    2.500630] pci 0000:00:01.1: BAR 3 [io  0x0376]: legacy IDE quirk
[    2.505871] pci 0000:00:01.3: [8086:7113] type 00 class 0x068000 conventional PCI endpoint
[    2.514576] pci 0000:00:01.3: quirk: [io  0x0600-0x063f] claimed by PIIX4 ACPI
[    2.517619] pci 0000:00:01.3: quirk: [io  0x0700-0x070f] claimed by PIIX4 SMB
[    2.521325] pci 0000:00:02.0: [1234:1111] type 00 class 0x030000 conventional PCI endpoint
[    2.535295] pci 0000:00:02.0: BAR 0 [mem 0xfd000000-0xfdffffff pref]
[    2.538795] pci 0000:00:02.0: BAR 2 [mem 0xfebb0000-0xfebb0fff]
[    2.544058] pci 0000:00:02.0: ROM [mem 0xfeba0000-0xfebaffff pref]
[    2.549215] pci 0000:00:02.0: Video device with shadowed ROM at [mem 0x000c0000-0x000dffff]
[    2.567436] pci 0000:00:03.0: [8086:100e] type 00 class 0x020000 conventional PCI endpoint
[    2.575718] pci 0000:00:03.0: BAR 0 [mem 0xfeb80000-0xfeb9ffff]
[    2.580714] pci 0000:00:03.0: BAR 1 [io  0xc080-0xc0bf]
[    2.585709] pci 0000:00:03.0: ROM [mem 0xfeb00000-0xfeb7ffff pref]
[    2.589576] pci 0000:00:04.0: [1af4:1001] type 00 class 0x010000 conventional PCI endpoint
[    2.604741] pci 0000:00:04.0: BAR 0 [io  0xc000-0xc07f]
[    2.608724] pci 0000:00:04.0: BAR 1 [mem 0xfebb1000-0xfebb1fff]
[    2.613701] pci 0000:00:04.0: BAR 4 [mem 0xfe000000-0xfe003fff 64bit pref]
[    2.641239] ACPI: PCI: Interrupt link LNKA configured for IRQ 10
[    2.646576] ACPI: PCI: Interrupt link LNKB configured for IRQ 10
[    2.652478] ACPI: PCI: Interrupt link LNKC configured for IRQ 11
[    2.657835] ACPI: PCI: Interrupt link LNKD configured for IRQ 11
[    2.660750] ACPI: PCI: Interrupt link LNKS configured for IRQ 9
[    2.676205] iommu: Default domain type: Translated
[    2.680696] iommu: DMA domain TLB invalidation policy: lazy mode
[    2.695052] SCSI subsystem initialized
[    2.701576] ACPI: bus type USB registered
[    2.704826] usbcore: registered new interface driver usbfs
[    2.708665] usbcore: registered new interface driver hub
[    2.712660] usbcore: registered new device driver usb
[    2.716794] pps_core: LinuxPPS API ver. 1 registered
[    2.720625] pps_core: Software ver. 5.3.6 - Copyright 2005-2007 Rodolfo Giometti <giometti@linux.it>
[    2.728660] PTP clock support registered
[    2.734249] Advanced Linux Sound Architecture Driver Initialized.
[    2.749791] NetLabel: Initializing
[    2.754786] NetLabel:  domain hash size = 128
[    2.756623] NetLabel:  protocols = UNLABELED CIPSOv4 CALIPSO
[    2.763857] NetLabel:  unlabeled traffic allowed by default
[    2.770136] PCI: Using ACPI for IRQ routing
[    2.775023] pci 0000:00:02.0: vgaarb: setting as boot VGA device
[    2.775576] pci 0000:00:02.0: vgaarb: bridge control possible
[    2.775576] pci 0000:00:02.0: vgaarb: VGA device added: decodes=io+mem,owns=io+mem,locks=none
[    2.790636] vgaarb: loaded
[    2.794095] hpet0: at MMIO 0xfed00000, IRQs 2, 8, 0
[    2.798600] hpet0: 3 comparators, 64-bit 100.000000 MHz counter
[    2.807947] clocksource: Switched to clocksource kvm-clock
[    2.825860] VFS: Disk quotas dquot_6.6.0
[    2.830907] VFS: Dquot-cache hash table entries: 512 (order 0, 4096 bytes)
[    2.845444] pnp: PnP ACPI init
[    2.854223] pnp: PnP ACPI: found 6 devices
[    2.908509] clocksource: acpi_pm: mask: 0xffffff max_cycles: 0xffffff, max_idle_ns: 2085701024 ns
[    2.918262] NET: Registered PF_INET protocol family
[    2.924880] IP idents hash table entries: 65536 (order: 7, 524288 bytes, linear)
[    2.938435] tcp_listen_portaddr_hash hash table entries: 2048 (order: 3, 32768 bytes, linear)
[    2.948674] Table-perturb hash table entries: 65536 (order: 6, 262144 bytes, linear)
[    2.956965] kwatchdog (74) used greatest stack depth: 15648 bytes left
[    2.958049] TCP established hash table entries: 32768 (order: 6, 262144 bytes, linear)
[    2.958531] TCP bind hash table entries: 32768 (order: 8, 1048576 bytes, linear)
[    2.987611] TCP: Hash tables configured (established 32768 bind 32768)
[    2.995846] UDP hash table entries: 2048 (order: 5, 131072 bytes, linear)
[    3.003448] UDP-Lite hash table entries: 2048 (order: 5, 131072 bytes, linear)
[    3.010542] NET: Registered PF_UNIX/PF_LOCAL protocol family
[    3.021404] RPC: Registered named UNIX socket transport module.
[    3.030360] RPC: Registered udp transport module.
[    3.035943] RPC: Registered tcp transport module.
[    3.042053] RPC: Registered tcp-with-tls transport module.
[    3.050199] RPC: Registered tcp NFSv4.1 backchannel transport module.
[    3.061135] pci_bus 0000:00: resource 4 [io  0x0000-0x0cf7 window]
[    3.067093] pci_bus 0000:00: resource 5 [io  0x0d00-0xffff window]
[    3.073338] pci_bus 0000:00: resource 6 [mem 0x000a0000-0x000bffff window]
[    3.081392] pci_bus 0000:00: resource 7 [mem 0xc0000000-0xfebfffff window]
[    3.089552] pci_bus 0000:00: resource 8 [mem 0x140000000-0x1bfffffff window]
[    3.098398] pci 0000:00:01.0: PIIX3: Enabling Passive Release
[    3.105099] pci 0000:00:00.0: Limiting direct PCI/PCI transfers
[    3.112428] PCI: CLS 0 bytes, default 64
[    3.116985] PCI-DMA: Using software bounce buffering for IO (SWIOTLB)
[    3.124864] software IO TLB: mapped [mem 0x00000000bbfdd000-0x00000000bffdd000] (64MB)
[    3.133098] RAPL PMU: API unit is 2^-32 Joules, 0 fixed counters, 10737418240 ms ovfl timer
[    3.143879] clocksource: tsc: mask: 0xffffffffffffffff max_cycles: 0x22df0d21928, max_idle_ns: 440795225288 ns
[    3.175646] Initialise system trusted keyrings
[    3.181200] workingset: timestamp_bits=40 max_order=20 bucket_order=0
[    3.189607] NFS: Registering the id_resolver key type
[    3.194513] Key type id_resolver registered
[    3.199435] Key type id_legacy registered
[    3.203549] 9p: Installing v9fs 9p2000 file system support
[    3.254949] Key type asymmetric registered
[    3.258974] Asymmetric key parser 'x509' registered
[    3.265120] Block layer SCSI generic (bsg) driver version 0.4 loaded (major 251)
[    3.274479] io scheduler mq-deadline registered
[    3.279586] io scheduler kyber registered
[    3.289005] input: Power Button as /devices/LNXSYSTM:00/LNXPWRBN:00/input/input0
[    3.297198] ACPI: button: Power Button [PWRF]
[    3.343753] ACPI: \_SB_.LNKD: Enabled at IRQ 11
[    3.359649] Serial: 8250/16550 driver, 4 ports, IRQ sharing enabled
[    3.368131] 00:04: ttyS0 at I/O 0x3f8 (irq = 4, base_baud = 115200) is a 16550A
[    3.382863] Non-volatile memory driver v1.3
[    3.387960] Linux agpgart interface v0.103
[    3.441528] ACPI: bus type drm_connector registered
[    3.483562] loop: module loaded
[    3.487643] virtio_blk virtio0: 8/0/0 default/read/poll queues
[    3.528700] virtio_blk virtio0: [vda] 20971520 512-byte logical blocks (10.7 GB/10.0 GiB)
[    3.547561] zram: Added device: zram0
[    3.565566] scsi host0: ata_piix
[    3.570210] scsi host1: ata_piix
[    3.573321] ata1: PATA max MWDMA2 cmd 0x1f0 ctl 0x3f6 bmdma 0xc0c0 irq 14 lpm-pol 0
[    3.583903] ata2: PATA max MWDMA2 cmd 0x170 ctl 0x376 bmdma 0xc0c8 irq 15 lpm-pol 0
[    3.594359] tun: Universal TUN/TAP device driver, 1.6
[    3.601381] e100: Intel(R) PRO/100 Network Driver
[    3.609347] e100: Copyright(c) 1999-2006 Intel Corporation
[    3.615981] e1000: Intel(R) PRO/1000 Network Driver
[    3.621578] e1000: Copyright (c) 1999-2006 Intel Corporation.
[    3.663401] ACPI: \_SB_.LNKC: Enabled at IRQ 10
[    3.754293] ata2: found unknown device (class 0)
[    3.765632] ata2.00: ATAPI: QEMU DVD-ROM, 2.5+, max UDMA/100
[    3.779867] scsi 1:0:0:0: CD-ROM            QEMU     QEMU DVD-ROM     2.5+ PQ: 0 ANSI: 5
[    3.832612] sr 1:0:0:0: [sr0] scsi3-mmc drive: 4x/4x cd/rw xa/form2 tray
[    3.840687] cdrom: Uniform CD-ROM driver Revision: 3.20
[    3.862378] sr 1:0:0:0: Attached scsi generic sg0 type 5
[    4.827927] e1000 0000:00:03.0 eth0: (PCI:33MHz:32-bit) 52:54:00:12:34:56
[    4.832080] e1000 0000:00:03.0 eth0: Intel(R) PRO/1000 Network Connection
[    4.835997] e1000e: Intel(R) PRO/1000 Network Driver
[    4.840501] e1000e: Copyright(c) 1999 - 2015 Intel Corporation.
[    4.846478] sky2: driver version 1.30
[    4.854592] usbcore: registered new interface driver usblp
[    4.859478] usbcore: registered new interface driver usb-storage
[    4.864205] i8042: PNP: PS/2 Controller [PNP0303:KBD,PNP0f13:MOU] at 0x60,0x64 irq 1,12
[    4.875728] serio: i8042 KBD port at 0x60,0x64 irq 1
[    4.882848] serio: i8042 AUX port at 0x60,0x64 irq 12
[    4.891874] rtc_cmos 00:05: RTC can wake from S4
[    4.903536] input: AT Translated Set 2 keyboard as /devices/platform/i8042/serio0/input/input1
[    4.922977] rtc_cmos 00:05: registered as rtc0
[    4.930111] rtc_cmos 00:05: alarms up to one day, y3k, 242 bytes nvram, hpet irqs
[    4.945931] device-mapper: ioctl: 4.50.0-ioctl (2025-04-28) initialised: dm-devel@lists.linux.dev
[    4.960338] intel_pstate: CPU model not supported
[    4.969886] hid: raw HID events driver (C) Jiri Kosina
[    4.985575] usbcore: registered new interface driver usbhid
[    4.994797] usbhid: USB HID core driver
[    5.023750] xt_time: kernel timezone is -0000
[    5.030642] Initializing XFRM netlink socket
[    5.036351] NET: Registered PF_INET6 protocol family
[    5.050293] Segment Routing with IPv6
[    5.055474] In-situ OAM (IOAM) with IPv6
[    5.060759] sit: IPv6, IPv4 and MPLS over IPv4 tunneling driver
[    5.069899] NET: Registered PF_PACKET protocol family
[    5.076940] NET: Registered PF_KEY protocol family
[    5.083350] 9pnet: Installing 9P2000 support
[    5.088506] Key type dns_resolver registered
[    5.095626] NET: Registered PF_VSOCK protocol family
[    5.116478] IPI shorthand broadcast: enabled
[    5.136223] sched_clock: Marking stable (4357103499, 778126878)->(6047044339, -911813962)
[    5.152779] registered taskstats version 1
[    5.159136] Loading compiled-in X.509 certificates
[    5.174517] Demotion targets for Node 0: null
[    5.180141] Key type .fscrypt registered
[    5.184718] Key type fscrypt-provisioning registered
[    5.192461] PM:   Magic number: 14:105:666
[    5.197836] PM:   hash matches drivers/base/power/main.c:973
[    5.204399] platform QEMU0002:00: hash matches
[    5.210641] acpi QEMU0002:00: hash matches
[    5.214407] netconsole: network logging started
[    5.219401] cfg80211: Loading compiled-in X.509 certificates for regulatory database
[    5.232069] kworker/u32:1 (97) used greatest stack depth: 15032 bytes left
[    5.239877] kworker/u32:1 (98) used greatest stack depth: 14272 bytes left
[    5.242982] Loaded X.509 cert 'sforshee: 00b28ddf47aef9cea7'
[    5.255018] Loaded X.509 cert 'wens: 61c038651aabdcf94bd0ac7ff06c7248db18c600'
[    5.264390] faux_driver regulatory: Direct firmware load for regulatory.db failed with error -2
[    5.265072] ALSA device list:
[    5.274397] cfg80211: failed to load regulatory.db
[    5.278481]   No soundcards found.
[    5.290728] kunit: disabled
[    5.305017] check access for rdinit=/init failed: -2, ignoring
[    5.465526] input: ImExPS/2 Generic Explorer Mouse as /devices/platform/i8042/serio1/input/input3
[    5.472408] md: Waiting for all devices to be available before autodetect
[    5.476243] md: If you don't use raid, use raid=noautodetect
[    5.478339] md: Autodetecting RAID arrays.
[    5.480199] md: autorun ...
[    5.481658] md: ... autorun DONE.
[    5.589454] EXT4-fs (vda): recovery complete
[    5.593961] EXT4-fs (vda): mounted filesystem 56b1695a-8891-40bd-bc42-c7c8a70fe76d r/w with ordered data mode. Quota mode: none.
[    5.599371] VFS: Mounted root (ext4 filesystem) on device 253:0.
[    5.604636] devtmpfs: mounted
[    5.632612] Freeing unused kernel image (initmem) memory: 3288K
[    5.637098] Write protecting the kernel read-only data: 32768k
[    5.664080] Freeing unused kernel image (text/rodata gap) memory: 764K
[    5.678435] Freeing unused kernel image (rodata/data gap) memory: 1020K
[    5.705417] x86/mm: Checked W+X mappings: passed, no W+X pages found.
[    5.710892] Run /sbin/init as init process
[    5.748458] Kernel panic - not syncing: Attempted to kill init! exitcode=0x0000000b
[    5.753487] CPU: 2 UID: 0 PID: 1 Comm: init Not tainted 6.18.32-gdd3300f0f267 #8 PREEMPT(voluntary) 
[    5.759771] Hardware name: QEMU Standard PC (i440FX + PIIX, 1996), BIOS 1.15.0-1 04/01/2014
[    5.766274] Call Trace:
[    5.768637]  <TASK>
[    5.770479]  vpanic+0x34f/0x360
[    5.774874]  panic+0x56/0x60
[    5.776782]  ? sched_mm_cid_before_execve+0xbc/0xe0
[    5.781108]  do_exit+0x991/0xb60
[    5.782484]  do_group_exit+0x2b/0x80
[    5.785390]  get_signal+0x975/0x980
[    5.787341]  arch_do_signal_or_restart+0x28/0x200
[    5.790619]  ? do_user_addr_fault+0x32d/0x830
[    5.792867]  irqentry_exit_to_user_mode+0x13c/0x1a0
[    5.795511]  asm_exc_page_fault+0x26/0x30
[    5.798923] RIP: 0033:0x10000001de6d
[    5.801562] Code: d6 66 48 0f 6e d8 66 0f 6c d3 48 89 e5 41 57 41 56 41 55 41 54 53 48 81 ec 88 00 00 00 48 89 bd 78 ff ff ff 0f 29 55 80 0f 31 <80> 25 82 95 01 00 df 48 8d 0d 65 92 01 00 41 b8 ff ff ff 6f 41 b9
[    5.815392] RSP: 002b:00007fffd58c6410 EFLAGS: 00010202
[    5.818856] RAX: 00000000dea2fee0 RBX: 0000000000000000 RCX: 0000000000000000
[    5.824326] RDX: 0000000000000004 RSI: 0000100000000000 RDI: 00007fffd58c64d0
[    5.827696] RBP: 00007fffd58c64c0 R08: 0000000000000000 R09: 0000000000000000
[    5.831906] R10: 0000000000000000 R11: 0000000000000000 R12: 0000000000000000
[    5.836721] R13: 0000000000000000 R14: 0000000000000000 R15: 0000000000000000
[    5.841747]  </TASK>
[    5.853163] Kernel Offset: 0xe00000 from 0xffffffff81000000 (relocation range: 0xffffffff80000000-0xffffffffbfffffff)
[    5.860458] ---[ end Kernel panic - not syncing: Attempted to kill init! exitcode=0x0000000b ]---
