qemu-system-x86_64: warning: host doesn't support requested feature: CPUID.80000001H:ECX.svm [bit 2]
qemu-system-x86_64: warning: host doesn't support requested feature: CPUID.80000001H:ECX.svm [bit 2]
qemu-system-x86_64: warning: host doesn't support requested feature: CPUID.80000001H:ECX.svm [bit 2]
qemu-system-x86_64: warning: host doesn't support requested feature: CPUID.80000001H:ECX.svm [bit 2]
c[?7l[2J[0mSeaBIOS (version 1.15.0-1)


iPXE (https://ipxe.org) 00:03.0 CA00 PCI2.10 PnP PMM+7FF8B310+7FECB310 CA00
Press Ctrl-B to configure iPXE (PCI 00:03.0)...                                                                               


Booting from ROM...
c[?7l[2J[    0.000000] Linux version 6.18.32-g887c4cc33131-dirty (ppw@vm) (gcc (Ubuntu 11.4.0-1ubuntu1~22.04.3) 11.4.0, GNU ld (GNU Binutils for Ubuntu) 2.38) #152 SMP PREEMPT_DYNAMIC Thu Sep 24 08:35:45 CST 2026
[    0.000000] Command line: console=ttyS0 panic=-1 corten=on kunit.filter_glob=corten*
[    0.000000] x86/CPU: Model not found in latest microcode list
[    0.000000] BIOS-provided physical RAM map:
[    0.000000] BIOS-e820: [mem 0x0000000000000000-0x000000000009fbff] usable
[    0.000000] BIOS-e820: [mem 0x000000000009fc00-0x000000000009ffff] reserved
[    0.000000] BIOS-e820: [mem 0x00000000000f0000-0x00000000000fffff] reserved
[    0.000000] BIOS-e820: [mem 0x0000000000100000-0x000000007ffdffff] usable
[    0.000000] BIOS-e820: [mem 0x000000007ffe0000-0x000000007fffffff] reserved
[    0.000000] BIOS-e820: [mem 0x00000000feffc000-0x00000000feffffff] reserved
[    0.000000] BIOS-e820: [mem 0x00000000fffc0000-0x00000000ffffffff] reserved
[    0.000000] NX (Execute Disable) protection: active
[    0.000000] APIC: Static calls initialized
[    0.000000] SMBIOS 2.8 present.
[    0.000000] DMI: QEMU Standard PC (i440FX + PIIX, 1996), BIOS 1.15.0-1 04/01/2014
[    0.000000] DMI: Memory slots populated: 1/1
[    0.000000] Hypervisor detected: KVM
[    0.000000] last_pfn = 0x7ffe0 max_arch_pfn = 0x400000000
[    0.000000] kvm-clock: Using msrs 4b564d01 and 4b564d00
[    0.000005] kvm-clock: using sched offset of 5393698632 cycles
[    0.000010] clocksource: kvm-clock: mask: 0xffffffffffffffff max_cycles: 0x1cd42e4dffb, max_idle_ns: 881590591483 ns
[    0.000021] tsc: Detected 2419.196 MHz processor
[    0.006731] last_pfn = 0x7ffe0 max_arch_pfn = 0x400000000
[    0.007458] MTRR map: 4 entries (3 fixed + 1 variable; max 19), built from 8 variable MTRRs
[    0.007484] x86/PAT: Configuration [0-7]: WB  WC  UC- UC  WB  WP  UC- WT  
[    0.025011] found SMP MP-table at [mem 0x000f5ba0-0x000f5baf]
[    0.025469] ACPI: Early table checksum verification disabled
[    0.025477] ACPI: RSDP 0x00000000000F59E0 000014 (v00 BOCHS )
[    0.025639] ACPI: RSDT 0x000000007FFE1A1C 000034 (v01 BOCHS  BXPC     00000001 BXPC 00000001)
[    0.025653] ACPI: FACP 0x000000007FFE18B8 000074 (v01 BOCHS  BXPC     00000001 BXPC 00000001)
[    0.025773] ACPI: DSDT 0x000000007FFE0040 001878 (v01 BOCHS  BXPC     00000001 BXPC 00000001)
[    0.025782] ACPI: FACS 0x000000007FFE0000 000040
[    0.025788] ACPI: APIC 0x000000007FFE192C 000090 (v01 BOCHS  BXPC     00000001 BXPC 00000001)
[    0.025794] ACPI: HPET 0x000000007FFE19BC 000038 (v01 BOCHS  BXPC     00000001 BXPC 00000001)
[    0.025800] ACPI: WAET 0x000000007FFE19F4 000028 (v01 BOCHS  BXPC     00000001 BXPC 00000001)
[    0.025804] ACPI: Reserving FACP table memory at [mem 0x7ffe18b8-0x7ffe192b]
[    0.025809] ACPI: Reserving DSDT table memory at [mem 0x7ffe0040-0x7ffe18b7]
[    0.025811] ACPI: Reserving FACS table memory at [mem 0x7ffe0000-0x7ffe003f]
[    0.025813] ACPI: Reserving APIC table memory at [mem 0x7ffe192c-0x7ffe19bb]
[    0.025815] ACPI: Reserving HPET table memory at [mem 0x7ffe19bc-0x7ffe19f3]
[    0.025816] ACPI: Reserving WAET table memory at [mem 0x7ffe19f4-0x7ffe1a1b]
[    0.029943] No NUMA configuration found
[    0.029949] Faking a node at [mem 0x0000000000000000-0x000000007ffdffff]
[    0.029960] NODE_DATA(0) allocated [mem 0x7ffdbe40-0x7ffdffff]
[    0.032204] Zone ranges:
[    0.032208]   DMA      [mem 0x0000000000001000-0x0000000000ffffff]
[    0.032214]   DMA32    [mem 0x0000000001000000-0x000000007ffdffff]
[    0.032218]   Normal   empty
[    0.032220] Movable zone start for each node
[    0.032222] Early memory node ranges
[    0.032223]   node   0: [mem 0x0000000000001000-0x000000000009efff]
[    0.032227]   node   0: [mem 0x0000000000100000-0x000000007ffdffff]
[    0.032230] Initmem setup node 0 [mem 0x0000000000001000-0x000000007ffdffff]
[    0.035792] On node 0, zone DMA: 1 pages in unavailable ranges
[    0.043854] On node 0, zone DMA: 97 pages in unavailable ranges
[    1.287975] On node 0, zone DMA32: 32 pages in unavailable ranges
[    1.291146] ACPI: PM-Timer IO Port: 0x608
[    1.291424] ACPI: LAPIC_NMI (acpi_id[0xff] dfl dfl lint[0x1])
[    1.292840] IOAPIC[0]: apic_id 0, version 17, address 0xfec00000, GSI 0-23
[    1.292853] ACPI: INT_SRC_OVR (bus 0 bus_irq 0 global_irq 2 dfl dfl)
[    1.292858] ACPI: INT_SRC_OVR (bus 0 bus_irq 5 global_irq 5 high level)
[    1.292861] ACPI: INT_SRC_OVR (bus 0 bus_irq 9 global_irq 9 high level)
[    1.292863] ACPI: INT_SRC_OVR (bus 0 bus_irq 10 global_irq 10 high level)
[    1.292865] ACPI: INT_SRC_OVR (bus 0 bus_irq 11 global_irq 11 high level)
[    1.292874] ACPI: Using ACPI (MADT) for SMP configuration information
[    1.292876] ACPI: HPET id: 0x8086a201 base: 0xfed00000
[    1.292895] CPU topo: Max. logical packages:   1
[    1.292897] CPU topo: Max. logical dies:       1
[    1.292898] CPU topo: Max. dies per package:   1
[    1.292907] CPU topo: Max. threads per core:   1
[    1.292909] CPU topo: Num. cores per package:     4
[    1.292910] CPU topo: Num. threads per package:   4
[    1.292911] CPU topo: Allowing 4 present CPUs plus 0 hotplug CPUs
[    1.294278] kvm-guest: APIC: eoi() replaced with kvm_guest_apic_eoi_write()
[    1.294385] PM: hibernation: Registered nosave memory: [mem 0x00000000-0x00000fff]
[    1.294390] PM: hibernation: Registered nosave memory: [mem 0x0009f000-0x000fffff]
[    1.294397] [mem 0x80000000-0xfeffbfff] available for PCI devices
[    1.294401] Booting paravirtualized kernel on KVM
[    1.294406] clocksource: refined-jiffies: mask: 0xffffffff max_cycles: 0xffffffff, max_idle_ns: 1910969940391419 ns
[    1.318642] setup_percpu: NR_CPUS:64 nr_cpumask_bits:4 nr_cpu_ids:4 nr_node_ids:1
[    1.386116] percpu: Embedded 56 pages/cpu s192080 r8192 d29104 u524288
[    1.386477] Kernel command line: console=ttyS0 panic=-1 corten=on kunit.filter_glob=corten*
[    1.386548] corten: requested on, activating at initcall time
[    1.386574] printk: log buffer data + meta data: 262144 + 917504 = 1179648 bytes
[    1.466332] Dentry cache hash table entries: 262144 (order: 9, 2097152 bytes, linear)
[    1.526006] Inode-cache hash table entries: 131072 (order: 8, 1048576 bytes, linear)
[    1.528979] Fallback order for Node 0: 0 
[    1.528990] Built 1 zonelists, mobility grouping on.  Total pages: 524158
[    1.528994] Policy zone: DMA32
[    1.529001] mem auto-init: stack:off, heap alloc:off, heap free:off
[    1.537410] SLUB: HWalign=64, Order=0-3, MinObjects=0, CPUs=4, Nodes=1
[    1.537534] Kernel/User page tables isolation: enabled
[    1.546840] Dynamic Preempt: voluntary
[    1.550048] Running RCU self tests
[    1.550051] Running RCU synchronous self tests
[    1.550054] rcu: Preemptible hierarchical RCU implementation.
[    1.550055] rcu: 	RCU event tracing is enabled.
[    1.550056] rcu: 	RCU lockdep checking is enabled.
[    1.550057] rcu: 	RCU restricting CPUs from NR_CPUS=64 to nr_cpu_ids=4.
[    1.550062] 	Trampoline variant of Tasks RCU enabled.
[    1.550063] 	Tracing variant of Tasks RCU enabled.
[    1.550064] rcu: RCU calculated value of scheduler-enlistment delay is 100 jiffies.
[    1.550066] rcu: Adjusting geometry for rcu_fanout_leaf=16, nr_cpu_ids=4
[    1.550141] Running RCU synchronous self tests
[    1.550146] RCU Tasks: Setting shift to 2 and lim to 1 rcu_task_cb_adjust=1 rcu_task_cpu_ids=4.
[    1.550151] RCU Tasks Trace: Setting shift to 2 and lim to 1 rcu_task_cb_adjust=1 rcu_task_cpu_ids=4.
[    1.562823] NR_IRQS: 4352, nr_irqs: 456, preallocated irqs: 16
[    1.563693] rcu: srcu_init: Setting srcu_struct sizes based on contention.
[    1.646838] Console: colour VGA+ 80x25
[    1.647219] printk: legacy console [ttyS0] enabled
[    2.231236] Lock dependency validator: Copyright (c) 2006 Red Hat, Inc., Ingo Molnar
[    2.240134] ... MAX_LOCKDEP_SUBCLASSES:  8
[    2.243210] ... MAX_LOCK_DEPTH:          48
[    2.248142] ... MAX_LOCKDEP_KEYS:        8192
[    2.251725] ... CLASSHASH_SIZE:          4096
[    2.253829] ... MAX_LOCKDEP_ENTRIES:     32768
[    2.257934] ... MAX_LOCKDEP_CHAINS:      65536
[    2.262258] ... CHAINHASH_SIZE:          32768
[    2.267049]  memory used by lock dependency info: 6429 kB
[    2.272446]  memory used for stack traces: 4224 kB
[    2.277277]  per task-struct memory footprint: 1920 bytes
[    2.282048] ACPI: Core revision 20250807
[    2.283949] clocksource: hpet: mask: 0xffffffff max_cycles: 0xffffffff, max_idle_ns: 19112604467 ns
[    2.296601] APIC: Switch to symmetric I/O mode setup
[    2.316297] x2apic enabled
[    2.325906] APIC: Switched APIC routing to: physical x2apic
[    2.354932] ..TIMER: vector=0x30 apic1=0 pin1=2 apic2=-1 pin2=-1
[    2.360927] clocksource: tsc-early: mask: 0xffffffffffffffff max_cycles: 0x22df0d21928, max_idle_ns: 440795225288 ns
[    2.372083] Calibrating delay loop (skipped) preset value.. 4838.39 BogoMIPS (lpj=2419196)
[    2.375495] Last level iTLB entries: 4KB 0, 2MB 0, 4MB 0
[    2.376065] Last level dTLB entries: 4KB 0, 2MB 0, 4MB 0, 1GB 0
[    2.377096] mitigations: Enabled attack vectors: user_kernel, user_user, SMT mitigations: auto
[    2.378060] Speculative Store Bypass: Vulnerable
[    2.379057] Spectre V2 : Mitigation: Retpolines
[    2.380067] ITS: Mitigation: Aligned branch/return thunks
[    2.381064] MDS: Vulnerable: Clear CPU buffers attempted, no microcode
[    2.382072] Spectre V1 : Mitigation: usercopy/swapgs barriers and __user pointer sanitization
[    2.383072] Spectre V2 : Spectre v2 / SpectreRSB: Filling RSB on context switch and VMEXIT
[    2.384079] active return thunk: its_return_thunk
[    2.385188] x86/fpu: x87 FPU will use FXSAVE
[    2.441269] Freeing SMP alternatives memory: 64K
[    2.442051] pid_max: default: 32768 minimum: 301
[    2.442405] LSM: initializing lsm=capability,selinux
[    2.443364] SELinux:  Initializing.
[    2.445051] Mount-cache hash table entries: 4096 (order: 3, 32768 bytes, linear)
[    2.445080] Mountpoint-cache hash table entries: 4096 (order: 3, 32768 bytes, linear)
[    2.455434] Running RCU synchronous self tests
[    2.456051] Running RCU synchronous self tests
[    2.496051] smpboot: CPU0: Intel QEMU Virtual CPU version 2.5+ (family: 0xf, model: 0x6b, stepping: 0x1)
[    2.504391] Performance Events: unsupported Netburst CPU model 107 no PMU driver, software events only.
[    2.507473] signal: max sigframe size: 1440
[    2.509696] rcu: Hierarchical SRCU implementation.
[    2.510067] rcu: 	Max phase no-delay instances is 400.
[    2.516915] Timer migration: 1 hierarchy levels; 8 children per group; 1 crossnode level
[    2.538933] corten: page descriptors enabled
[    2.546008] smp: Bringing up secondary CPUs ...
[    2.554385] smpboot: x86: Booting SMP configuration:
[    2.555070] .... node  #0, CPUs:      #1 #2 #3
[    2.591489] smp: Brought up 1 node, 4 CPUs
[    2.593069] smpboot: Total of 4 processors activated (19353.56 BogoMIPS)
[    2.599897] Memory: 1992844K/2096632K available (23349K kernel code, 3533K rwdata, 9336K rodata, 3576K init, 12484K bss, 98908K reserved, 0K cma-reserved)
[    2.608063] devtmpfs: initialized
[    2.629873] Running RCU synchronous self tests
[    2.630093] Running RCU synchronous self tests
[    2.634054] Running RCU Tasks wait API self tests
[    2.636145] Running RCU Tasks Trace wait API self tests
[    2.652116] clocksource: jiffies: mask: 0xffffffff max_cycles: 0xffffffff, max_idle_ns: 1911260446275000 ns
[    2.653086] posixtimers hash table entries: 2048 (order: 6, 147456 bytes, linear)
[    2.665792] futex hash table entries: 1024 (131072 bytes on 1 NUMA nodes, total 128 KiB, linear).
[    2.670775] PM: RTC time: 00:36:59, date: 2026-09-24
[    2.672076] Callback from call_rcu_tasks_trace() invoked.
[    2.747618] NET: Registered PF_NETLINK/PF_ROUTE protocol family
[    2.753639] audit: initializing netlink subsys (disabled)
[    2.757066] audit: type=2000 audit(1790210219.405:1): state=initialized audit_enabled=0 res=1
[    2.759505] thermal_sys: Registered thermal governor 'step_wise'
[    2.760077] cpuidle: using governor menu
[    2.766051] PCI: Using configuration type 1 for base access
[    2.767355] kprobes: kprobe jump-optimization is enabled. All kprobes are optimized if possible.
[    2.790239] HugeTLB: registered 2.00 MiB page size, pre-allocated 0 pages
[    2.794066] HugeTLB: 28 KiB vmemmap can be freed for a 2.00 MiB page
[    2.807901] ACPI: Added _OSI(Module Device)
[    2.810060] ACPI: Added _OSI(Processor Device)
[    2.811075] ACPI: Added _OSI(Processor Aggregator Device)
[    2.821124] ACPI: 1 ACPI AML tables successfully acquired and loaded
[    2.836416] ACPI: Interpreter enabled
[    2.837113] ACPI: PM: (supports S0 S3 S4 S5)
[    2.838102] ACPI: Using IOAPIC for interrupt routing
[    2.839201] PCI: Using host bridge windows from ACPI; if necessary, use "pci=nocrs" and report a bug
[    2.840063] PCI: Using E820 reservations for host bridge windows
[    2.842591] ACPI: Enabled 2 GPEs in block 00 to 0F
[    2.847088] Callback from call_rcu_tasks() invoked.
[    2.894354] ACPI: PCI Root Bridge [PCI0] (domain 0000 [bus 00-ff])
[    2.895069] acpi PNP0A03:00: _OSC: OS supports [ASPM ClockPM Segments MSI HPX-Type3]
[    2.896108] acpi PNP0A03:00: _OSC: not requesting OS control; OS requires [ExtendedConfig ASPM ClockPM MSI]
[    2.897274] acpi PNP0A03:00: fail to add MMCONFIG information, can't access extended configuration space under this bridge
[    2.901401] PCI host bridge to bus 0000:00
[    2.902109] pci_bus 0000:00: root bus resource [io  0x0000-0x0cf7 window]
[    2.903059] pci_bus 0000:00: root bus resource [io  0x0d00-0xffff window]
[    2.904081] pci_bus 0000:00: root bus resource [mem 0x000a0000-0x000bffff window]
[    2.905074] pci_bus 0000:00: root bus resource [mem 0x80000000-0xfebfffff window]
[    2.906079] pci_bus 0000:00: root bus resource [mem 0x100000000-0x17fffffff window]
[    2.907082] pci_bus 0000:00: root bus resource [bus 00-ff]
[    2.908886] pci 0000:00:00.0: [8086:1237] type 00 class 0x060000 conventional PCI endpoint
[    2.914247] pci 0000:00:01.0: [8086:7000] type 00 class 0x060100 conventional PCI endpoint
[    2.919871] pci 0000:00:01.1: [8086:7010] type 00 class 0x010180 conventional PCI endpoint
[    2.925137] pci 0000:00:01.1: BAR 4 [io  0xc040-0xc04f]
[    2.926457] pci 0000:00:01.1: BAR 0 [io  0x01f0-0x01f7]: legacy IDE quirk
[    2.927079] pci 0000:00:01.1: BAR 1 [io  0x03f6]: legacy IDE quirk
[    2.928078] pci 0000:00:01.1: BAR 2 [io  0x0170-0x0177]: legacy IDE quirk
[    2.929074] pci 0000:00:01.1: BAR 3 [io  0x0376]: legacy IDE quirk
[    2.932443] pci 0000:00:01.3: [8086:7113] type 00 class 0x068000 conventional PCI endpoint
[    2.937169] pci 0000:00:01.3: quirk: [io  0x0600-0x063f] claimed by PIIX4 ACPI
[    2.939068] pci 0000:00:01.3: quirk: [io  0x0700-0x070f] claimed by PIIX4 SMB
[    2.943390] pci 0000:00:02.0: [1234:1111] type 00 class 0x030000 conventional PCI endpoint
[    2.955257] pci 0000:00:02.0: BAR 0 [mem 0xfd000000-0xfdffffff pref]
[    2.958458] pci 0000:00:02.0: BAR 2 [mem 0xfebb0000-0xfebb0fff]
[    2.960199] pci 0000:00:02.0: ROM [mem 0xfeba0000-0xfebaffff pref]
[    2.974412] pci 0000:00:02.0: Video device with shadowed ROM at [mem 0x000c0000-0x000dffff]
[    3.032067] pci 0000:00:03.0: [8086:100e] type 00 class 0x020000 conventional PCI endpoint
[    3.038156] pci 0000:00:03.0: BAR 0 [mem 0xfeb80000-0xfeb9ffff]
[    3.040070] pci 0000:00:03.0: BAR 1 [io  0xc000-0xc03f]
[    3.041410] pci 0000:00:03.0: ROM [mem 0xfeb00000-0xfeb7ffff pref]
[    3.078426] ACPI: PCI: Interrupt link LNKA configured for IRQ 10
[    3.082632] ACPI: PCI: Interrupt link LNKB configured for IRQ 10
[    3.084623] ACPI: PCI: Interrupt link LNKC configured for IRQ 11
[    3.086336] ACPI: PCI: Interrupt link LNKD configured for IRQ 11
[    3.087292] ACPI: PCI: Interrupt link LNKS configured for IRQ 9
[    3.130362] iommu: Default domain type: Translated
[    3.131070] iommu: DMA domain TLB invalidation policy: lazy mode
[    3.180950] SCSI subsystem initialized
[    3.205285] ACPI: bus type USB registered
[    3.211751] usbcore: registered new interface driver usbfs
[    3.215499] usbcore: registered new interface driver hub
[    3.216200] usbcore: registered new device driver usb
[    3.218762] pps_core: LinuxPPS API ver. 1 registered
[    3.220072] pps_core: Software ver. 5.3.6 - Copyright 2005-2007 Rodolfo Giometti <giometti@linux.it>
[    3.221217] PTP clock support registered
[    3.237500] Advanced Linux Sound Architecture Driver Initialized.
[    3.268121] NetLabel: Initializing
[    3.269067] NetLabel:  domain hash size = 128
[    3.270068] NetLabel:  protocols = UNLABELED CIPSOv4 CALIPSO
[    3.272254] NetLabel:  unlabeled traffic allowed by default
[    3.296285] PCI: Using ACPI for IRQ routing
[    3.302051] pci 0000:00:02.0: vgaarb: setting as boot VGA device
[    3.302051] pci 0000:00:02.0: vgaarb: bridge control possible
[    3.302051] pci 0000:00:02.0: vgaarb: VGA device added: decodes=io+mem,owns=io+mem,locks=none
[    3.312070] vgaarb: loaded
[    3.324737] hpet: 3 channels of 0 reserved for per-cpu timers
[    3.329589] hpet0: at MMIO 0xfed00000, IRQs 2, 8, 0
[    3.332064] hpet0: 3 comparators, 64-bit 100.000000 MHz counter
[    3.343051] clocksource: Switched to clocksource kvm-clock
[    3.387911] VFS: Disk quotas dquot_6.6.0
[    3.393237] VFS: Dquot-cache hash table entries: 512 (order 0, 4096 bytes)
[    3.429564] pnp: PnP ACPI init
[    3.441943] pnp: PnP ACPI: found 6 devices
[    3.571743] clocksource: acpi_pm: mask: 0xffffff max_cycles: 0xffffff, max_idle_ns: 2085701024 ns
[    3.582537] NET: Registered PF_INET protocol family
[    3.598065] IP idents hash table entries: 32768 (order: 6, 262144 bytes, linear)
[    3.671656] tcp_listen_portaddr_hash hash table entries: 1024 (order: 5, 73728 bytes, linear)
[    3.682477] Table-perturb hash table entries: 65536 (order: 6, 262144 bytes, linear)
[    3.689456] TCP established hash table entries: 16384 (order: 5, 131072 bytes, linear)
[    3.707538] TCP bind hash table entries: 16384 (order: 10, 2359296 bytes, linear)
[    3.869387] TCP: Hash tables configured (established 16384 bind 16384)
[    3.894175] UDP hash table entries: 1024 (order: 6, 262144 bytes, linear)
[    3.899192] kwatchdog (53) used greatest stack depth: 14776 bytes left
[    3.910900] UDP-Lite hash table entries: 1024 (order: 6, 262144 bytes, linear)
[    3.931895] NET: Registered PF_UNIX/PF_LOCAL protocol family
[    3.964444] RPC: Registered named UNIX socket transport module.
[    3.969219] RPC: Registered udp transport module.
[    3.971255] RPC: Registered tcp transport module.
[    3.973552] RPC: Registered tcp-with-tls transport module.
[    3.978440] RPC: Registered tcp NFSv4.1 backchannel transport module.
[    3.992102] pci_bus 0000:00: resource 4 [io  0x0000-0x0cf7 window]
[    3.996046] pci_bus 0000:00: resource 5 [io  0x0d00-0xffff window]
[    3.999691] pci_bus 0000:00: resource 6 [mem 0x000a0000-0x000bffff window]
[    4.003505] pci_bus 0000:00: resource 7 [mem 0x80000000-0xfebfffff window]
[    4.007723] pci_bus 0000:00: resource 8 [mem 0x100000000-0x17fffffff window]
[    4.012043] pci 0000:00:01.0: PIIX3: Enabling Passive Release
[    4.017956] pci 0000:00:00.0: Limiting direct PCI/PCI transfers
[    4.024750] PCI: CLS 0 bytes, default 64
[    4.037941] clocksource: tsc: mask: 0xffffffffffffffff max_cycles: 0x22df0d21928, max_idle_ns: 440795225288 ns
[    4.080849] Initialise system trusted keyrings
[    4.091443] workingset: timestamp_bits=40 max_order=19 bucket_order=0
[    4.110303] NFS: Registering the id_resolver key type
[    4.116525] Key type id_resolver registered
[    4.118690] Key type id_legacy registered
[    4.123001] 9p: Installing v9fs 9p2000 file system support
[    4.206076] Key type asymmetric registered
[    4.209340] Asymmetric key parser 'x509' registered
[    4.215644] Block layer SCSI generic (bsg) driver version 0.4 loaded (major 251)
[    4.224115] io scheduler mq-deadline registered
[    4.227882] io scheduler kyber registered
[    4.238332] input: Power Button as /devices/LNXSYSTM:00/LNXPWRBN:00/input/input0
[    4.256090] ACPI: button: Power Button [PWRF]
[    4.274969] Serial: 8250/16550 driver, 4 ports, IRQ sharing enabled
[    4.289883] 00:04: ttyS0 at I/O 0x3f8 (irq = 4, base_baud = 115200) is a 16550A
[    4.336108] Non-volatile memory driver v1.3
[    4.338503] Linux agpgart interface v0.103
[    4.678769] ACPI: bus type drm_connector registered
[    4.876902] loop: module loaded
[    4.893032] zram: Added device: zram0
[    4.930550] scsi host0: ata_piix
[    4.941990] scsi host1: ata_piix
[    4.945856] ata1: PATA max MWDMA2 cmd 0x1f0 ctl 0x3f6 bmdma 0xc040 irq 14 lpm-pol 0
[    4.953596] ata2: PATA max MWDMA2 cmd 0x170 ctl 0x376 bmdma 0xc048 irq 15 lpm-pol 0
[    4.967469] tun: Universal TUN/TAP device driver, 1.6
[    4.973990] e100: Intel(R) PRO/100 Network Driver
[    4.977384] e100: Copyright(c) 1999-2006 Intel Corporation
[    4.979079] e1000: Intel(R) PRO/1000 Network Driver
[    4.981721] e1000: Copyright (c) 1999-2006 Intel Corporation.
[    5.118051] ata2: found unknown device (class 0)
[    5.126252] ata2.00: ATAPI: QEMU DVD-ROM, 2.5+, max UDMA/100
[    5.156132] scsi 1:0:0:0: CD-ROM            QEMU     QEMU DVD-ROM     2.5+ PQ: 0 ANSI: 5
[    5.212728] sr 1:0:0:0: [sr0] scsi3-mmc drive: 4x/4x cd/rw xa/form2 tray
[    5.216760] cdrom: Uniform CD-ROM driver Revision: 3.20
[    5.221378] ACPI: \_SB_.LNKC: Enabled at IRQ 11
[    5.261667] sr 1:0:0:0: Attached scsi generic sg0 type 5
[    6.328669] e1000 0000:00:03.0 eth0: (PCI:33MHz:32-bit) 52:54:00:12:34:56
[    6.341650] e1000 0000:00:03.0 eth0: Intel(R) PRO/1000 Network Connection
[    6.349161] e1000e: Intel(R) PRO/1000 Network Driver
[    6.351985] e1000e: Copyright(c) 1999 - 2015 Intel Corporation.
[    6.358133] sky2: driver version 1.30
[    6.373841] usbcore: registered new interface driver usblp
[    6.380640] usbcore: registered new interface driver usb-storage
[    6.388299] i8042: PNP: PS/2 Controller [PNP0303:KBD,PNP0f13:MOU] at 0x60,0x64 irq 1,12
[    6.407989] serio: i8042 KBD port at 0x60,0x64 irq 1
[    6.409771] serio: i8042 AUX port at 0x60,0x64 irq 12
[    6.416674] rtc_cmos 00:05: RTC can wake from S4
[    6.422543] input: AT Translated Set 2 keyboard as /devices/platform/i8042/serio0/input/input1
[    6.429032] rtc_cmos 00:05: registered as rtc0
[    6.430737] rtc_cmos 00:05: alarms up to one day, y3k, 242 bytes nvram, hpet irqs
[    6.443766] device-mapper: ioctl: 4.50.0-ioctl (2025-04-28) initialised: dm-devel@lists.linux.dev
[    6.454557] intel_pstate: CPU model not supported
[    6.461265] hid: raw HID events driver (C) Jiri Kosina
[    6.481586] usbcore: registered new interface driver usbhid
[    6.486351] usbhid: USB HID core driver
[    6.582254] xt_time: kernel timezone is -0000
[    6.588794] Initializing XFRM netlink socket
[    6.592001] NET: Registered PF_INET6 protocol family
[    6.619085] Segment Routing with IPv6
[    6.622321] In-situ OAM (IOAM) with IPv6
[    6.628172] sit: IPv6, IPv4 and MPLS over IPv4 tunneling driver
[    6.639240] NET: Registered PF_PACKET protocol family
[    6.644092] NET: Registered PF_KEY protocol family
[    6.650759] 9pnet: Installing 9P2000 support
[    6.656161] Key type dns_resolver registered
[    6.663667] NET: Registered PF_VSOCK protocol family
[    6.706205] IPI shorthand broadcast: enabled
[    6.802935] sched_clock: Marking stable (6002036891, 800317413)->(7838449146, -1036094842)
[    6.815044] registered taskstats version 1
[    6.820910] Loading compiled-in X.509 certificates
[    6.933986] Demotion targets for Node 0: null
[    6.938223] Key type .fscrypt registered
[    6.942151] Key type fscrypt-provisioning registered
[    6.955911] PM:   Magic number: 10:400:608
[    6.963213] netconsole: network logging started
[    6.965827] input: ImExPS/2 Generic Explorer Mouse as /devices/platform/i8042/serio1/input/input3
[    6.969540] cfg80211: Loading compiled-in X.509 certificates for regulatory database
[    6.984992] kworker/u16:1 (74) used greatest stack depth: 14072 bytes left
[    6.991644] Loaded X.509 cert 'sforshee: 00b28ddf47aef9cea7'
[    6.995231] Loaded X.509 cert 'wens: 61c038651aabdcf94bd0ac7ff06c7248db18c600'
[    7.009639] faux_driver regulatory: Direct firmware load for regulatory.db failed with error -2
[    7.010686] ALSA device list:
[    7.016620] cfg80211: failed to load regulatory.db
[    7.017907]   No soundcards found.
[    7.023188] KTAP version 1
[    7.025893] 1..3
[    7.033130]     KTAP version 1
[    7.036707]     # Subtest: corten
[    7.040297]     # module: corten_test
[    7.040308]     1..25
[    7.053355]     ok 1 corten_test_layout # SKIP corten=on boot
[    7.058062]     ok 2 corten_test_ptdesc_get_put
[    7.068987]     ok 3 corten_test_meta_roundtrip
[    7.075947]     ok 4 corten_test_meta_reinit_cleared
[    7.083579]     ok 5 corten_test_covering_level
[    7.091957]     ok 6 corten_test_covering_base_index
[    7.102269]     ok 7 corten_test_txn_covering
[    7.112077]     ok 8 corten_test_txn_hole
[    7.120233]     ok 9 corten_test_txn_stale_eagain
[    7.129282]     ok 10 corten_test_lock_range_args
[    7.137410]     ok 11 corten_test_txn_state_machine
[    7.148639]     ok 12 corten_test_txn_atomic_validate
[    7.160203]     ok 13 corten_test_txn_real_glue
[    7.222664]     ok 14 corten_test_txn_mutex_overlap
[    7.259628]     ok 15 corten_test_txn_mutex_disjoint
[    7.269228]     ok 16 corten_test_fail_alloc
[    7.276796]     ok 17 corten_test_txn_hole_fill
[    7.296035]     ok 18 corten_test_txn_hole_race
[    7.547326]     ok 19 corten_test_txn_uninstall_interlock
[    7.554218]     ok 20 corten_test_uninstall_bh_ctx
[    7.561164] ------------[ cut here ]------------
[    7.569291] WARNING: CPU: 1 PID: 126 at mm/corten.c:865 corten_txn_begin+0x191/0x4b0
[    7.581797] Modules linked in:
[    7.585293] CPU: 1 UID: 0 PID: 126 Comm: kunit_try_catch Tainted: G                 N  6.18.32-g887c4cc33131-dirty #152 PREEMPT(voluntary) 
[    7.597092] Tainted: [N]=TEST
[    7.599594] Hardware name: QEMU Standard PC (i440FX + PIIX, 1996), BIOS 1.15.0-1 04/01/2014
[    7.607825] RIP: 0010:corten_txn_begin+0x191/0x4b0
[    7.613165] Code: 02 00 00 4c 89 ff 48 89 04 24 e8 0a dd 0b 01 4c 89 ff e8 02 d7 0b 01 48 8b 04 24 41 0f b6 4f 5d 38 48 5d 0f 87 65 ff ff ff 90 <0f> 0b 90 41 80 7e 48 04 0f 86 61 ff ff ff 90 0f 0b 90 48 89 c7 e8
[    7.630494] RSP: 0000:ffffb1ca4050fda0 EFLAGS: 00010246
[    7.636345] RAX: ffffa3e744038b40 RBX: 0000000000000fff RCX: 0000000000000002
[    7.643993] RDX: 0000000000000001 RSI: ffffffff869653a0 RDI: ffffa3e7437e4080
[    7.650928] RBP: 0000000000000000 R08: 0000000000000001 R09: 0000000000000000
[    7.658114] R10: 0000000000000050 R11: 0000000000000000 R12: ffffffff85e3eed0
[    7.665834] R13: ffffa3e74185de00 R14: ffffb1ca4050fe00 R15: ffffa3e744038a80
[    7.683775] FS:  0000000000000000(0000) GS:ffffa3e8366f2000(0000) knlGS:0000000000000000
[    7.690674] CS:  0010 DS: 0000 ES: 0000 CR0: 0000000080050033
[    7.695941] CR2: 0000000000000000 CR3: 0000000009a50000 CR4: 00000000000006f0
[    7.703044] Call Trace:
[    7.705233]  <TASK>
[    7.708199]  ? __pfx_kunit_generic_run_threadfn_adapter+0x10/0x10
[    7.714950]  corten_test_txn_path_overflow+0xb5/0x2a0
[    7.718565]  ? kunit_try_run_case+0x63/0x150
[    7.722904]  kunit_try_run_case+0x6f/0x150
[    7.726983]  ? __pfx_kunit_generic_run_threadfn_adapter+0x10/0x10
[    7.734063]  kunit_generic_run_threadfn_adapter+0x1c/0x40
[    7.739645]  kthread+0x102/0x200
[    7.743699]  ? __pfx_kthread+0x10/0x10
[    7.746629]  ret_from_fork+0x1ed/0x240
[    7.750293]  ? __pfx_kthread+0x10/0x10
[    7.753003]  ret_from_fork_asm+0x1a/0x30
[    7.759536]  </TASK>
[    7.761745] irq event stamp: 386
[    7.764937] hardirqs last  enabled at (396): [<ffffffff84943f3d>] __up_console_sem+0x4d/0x60
[    7.774867] hardirqs last disabled at (405): [<ffffffff84943f22>] __up_console_sem+0x32/0x60
[    7.779861] softirqs last  enabled at (46): [<ffffffff84c08dcc>] corten_ptdesc_install+0x11c/0x170
[    7.787923] softirqs last disabled at (48): [<ffffffff84c092c8>] corten_txn_begin+0x78/0x4b0
[    7.795867] ---[ end trace 0000000000000000 ]---
[    7.800561] ------------[ cut here ]------------
[    7.804965] WARNING: CPU: 1 PID: 126 at mm/corten.c:812 corten_txn_begin+0x1a0/0x4b0
[    7.812599] Modules linked in:
[    7.815947] CPU: 1 UID: 0 PID: 126 Comm: kunit_try_catch Tainted: G        W        N  6.18.32-g887c4cc33131-dirty #152 PREEMPT(voluntary) 
[    7.827660] Tainted: [W]=WARN, [N]=TEST
[    7.831303] Hardware name: QEMU Standard PC (i440FX + PIIX, 1996), BIOS 1.15.0-1 04/01/2014
[    7.838134] RIP: 0010:corten_txn_begin+0x1a0/0x4b0
[    7.842372] Code: 4c 89 ff e8 02 d7 0b 01 48 8b 04 24 41 0f b6 4f 5d 38 48 5d 0f 87 65 ff ff ff 90 0f 0b 90 41 80 7e 48 04 0f 86 61 ff ff ff 90 <0f> 0b 90 48 89 c7 e8 95 f5 ff ff 41 0f b6 46 48 84 c0 74 28 83 e8
[    7.860393] RSP: 0000:ffffb1ca4050fda0 EFLAGS: 00010202
[    7.866001] RAX: ffffa3e744038e40 RBX: 0000000000000fff RCX: 0000000000000002
[    7.870757] RDX: 0000000000000005 RSI: ffffffff869653a0 RDI: ffffa3e7437e4120
[    7.878941] RBP: 0000000000000000 R08: 0000000000000001 R09: 0000000000000000
[    7.886071] R10: 00000000000000f0 R11: 0000000000000000 R12: ffffffff85e3eed0
[    7.893264] R13: ffffa3e74185de00 R14: ffffb1ca4050fe00 R15: ffffa3e744038d80
[    7.899434] FS:  0000000000000000(0000) GS:ffffa3e8366f2000(0000) knlGS:0000000000000000
[    7.904712] CS:  0010 DS: 0000 ES: 0000 CR0: 0000000080050033
[    7.909409] CR2: 0000000000000000 CR3: 0000000009a50000 CR4: 00000000000006f0
[    7.916305] Call Trace:
[    7.917927]  <TASK>
[    7.919217]  ? __pfx_kunit_generic_run_threadfn_adapter+0x10/0x10
[    7.923947]  corten_test_txn_path_overflow+0xb5/0x2a0
[    7.927764]  ? kunit_try_run_case+0x63/0x150
[    7.931369]  kunit_try_run_case+0x6f/0x150
[    7.934525]  ? __pfx_kunit_generic_run_threadfn_adapter+0x10/0x10
[    7.939442]  kunit_generic_run_threadfn_adapter+0x1c/0x40
[    7.944654]  kthread+0x102/0x200
[    7.947858]  ? __pfx_kthread+0x10/0x10
[    7.951422]  ret_from_fork+0x1ed/0x240
[    7.955268]  ? __pfx_kthread+0x10/0x10
[    7.958765]  ret_from_fork_asm+0x1a/0x30
[    7.962404]  </TASK>
[    7.964633] irq event stamp: 770
[    7.968052] hardirqs last  enabled at (780): [<ffffffff84943f3d>] __up_console_sem+0x4d/0x60
[    7.976207] hardirqs last disabled at (789): [<ffffffff84943f22>] __up_console_sem+0x32/0x60
[    7.984511] softirqs last  enabled at (46): [<ffffffff84c08dcc>] corten_ptdesc_install+0x11c/0x170
[    7.993160] softirqs last disabled at (48): [<ffffffff84c092c8>] corten_txn_begin+0x78/0x4b0
[    8.000213] ---[ end trace 0000000000000000 ]---
[    8.004495] kunit_try_catch (126) used greatest stack depth: 13448 bytes left
[    8.005772]     ok 21 corten_test_txn_path_overflow
[    8.011257]     ok 22 corten_test_txn_child_err
[    8.015507]     ok 23 corten_test_real_huge_leaf
[    8.018355]     ok 24 corten_test_full_window_atomic
[    8.022632]     ok 25 corten_test_debugfs_content
[    8.025539] # corten: pass:24 fail:0 skip:1 total:25
[    8.028993] # Totals: pass:24 fail:0 skip:1 total:25
[    8.034080] ok 1 corten
[    8.037284]     KTAP version 1
[    8.039126]     # Subtest: corten_arena
[    8.040953]     # module: corten_arena_test
[    8.040955]     1..104
[    8.053784]     ok 1 corten_arena_test_declare_reject
[    8.064502]     ok 2 corten_arena_test_declare_reject_flags
[    8.069902] 
[    8.075275] ================================
[    8.078185] WARNING: inconsistent lock state
[    8.081917] 6.18.32-g887c4cc33131-dirty #152 Tainted: G        W        N 
[    8.087702] --------------------------------
[    8.090247] inconsistent {SOFTIRQ-ON-W} -> {IN-SOFTIRQ-W} usage.
[    8.094327] swapper/1/0 [HC0[0]:SC1[1]:HE0:SE0] takes:
[    8.095809] ffffa3e741220418 (&xa->xa_lock#7){+.?.}-{3:3}, at: xa_destroy+0x5e/0x180
[    8.105290] {SOFTIRQ-ON-W} state was registered at:
[    8.110484]   lock_acquire+0xbd/0x2d0
[    8.114391]   _raw_spin_lock+0x2b/0x40
[    8.118336]   xa_store+0x1c/0x50
[    8.121479]   corten_arena_declare_locked+0x545/0x920
[    8.125401]   corten_arena_declare+0xb0/0x180
[    8.128332]   corten_arena_test_declare_reject_flags+0x1a5/0x2e0
[    8.131016]   kunit_try_run_case+0x6f/0x150
[    8.134611]   kunit_generic_run_threadfn_adapter+0x1c/0x40
[    8.137247]   kthread+0x102/0x200
[    8.138053]   ret_from_fork+0x1ed/0x240
[    8.139507]   ret_from_fork_asm+0x1a/0x30
[    8.141493] irq event stamp: 10961
[    8.145100] hardirqs last  enabled at (10960): [<ffffffff84974b2c>] rcu_core+0x2bc/0x9f0
[    8.160332] hardirqs last disabled at (10961): [<ffffffff85cc6773>] _raw_spin_lock_irqsave+0x53/0x60
[    8.168608] softirqs last  enabled at (10934): [<ffffffff848aa60e>] handle_softirqs+0x2ee/0x3b0
[    8.175127] softirqs last disabled at (10955): [<ffffffff848aa831>] __irq_exit_rcu+0xa1/0xc0
[    8.182162] 
[    8.182162] other info that might help us debug this:
[    8.187252]  Possible unsafe locking scenario:
[    8.187252] 
[    8.192917]        CPU0
[    8.195551]        ----
[    8.197993]   lock(&xa->xa_lock#7);
[    8.200743]   <Interrupt>
[    8.203214]     lock(&xa->xa_lock#7);
[    8.206906] 
[    8.206906]  *** DEADLOCK ***
[    8.206906] 
[    8.212360] 1 lock held by swapper/1/0:
[    8.215968]  #0: ffffffff869652e0 (rcu_callback){....}-{0:0}, at: rcu_core+0x2dc/0x9f0
[    8.223326] 
[    8.223326] stack backtrace:
[    8.227506] CPU: 1 UID: 0 PID: 0 Comm: swapper/1 Tainted: G        W        N  6.18.32-g887c4cc33131-dirty #152 PREEMPT(voluntary) 
[    8.227518] Tainted: [W]=WARN, [N]=TEST
[    8.227519] Hardware name: QEMU Standard PC (i440FX + PIIX, 1996), BIOS 1.15.0-1 04/01/2014
[    8.227523] Call Trace:
[    8.227529]  <IRQ>
[    8.227534]  dump_stack_lvl+0x68/0xa0
[    8.228513]  print_usage_bug.part.0+0x22d/0x2d0
[    8.228526]  mark_lock+0x63a/0x6b0
[    8.228531]  ? look_up_lock_class+0x56/0x150
[    8.228787]  ? register_lock_class+0x43/0x570
[    8.228797]  __lock_acquire+0xad1/0x18d0
[    8.228806]  ? __lock_acquire+0x64d/0x18d0
[    8.228813]  lock_acquire+0xbd/0x2d0
[    8.228819]  ? xa_destroy+0x5e/0x180
[    8.228829]  ? rcu_core+0x2dc/0x9f0
[    8.228833]  _raw_spin_lock_irqsave+0x3a/0x60
[    8.228841]  ? xa_destroy+0x5e/0x180
[    8.228846]  xa_destroy+0x5e/0x180
[    8.228854]  corten_arena_state_free+0x2b/0x100
[    8.228864]  ? rcu_core+0x385/0x9f0
[    8.228867]  rcu_core+0x38a/0x9f0
[    8.228874]  handle_softirqs+0xc0/0x3b0
[    8.228885]  __irq_exit_rcu+0xa1/0xc0
[    8.228890]  irq_exit_rcu+0x9/0x20
[    8.228896]  sysvec_apic_timer_interrupt+0x6f/0x80
[    8.228902]  </IRQ>
[    8.228904]  <TASK>
[    8.228906]  asm_sysvec_apic_timer_interrupt+0x1a/0x20
[    8.228914] RIP: 0010:pv_native_safe_halt+0xf/0x20
[    8.228920] Code: e5 98 00 e9 93 1b 01 00 0f 1f 00 90 90 90 90 90 90 90 90 90 90 90 90 90 90 90 90 f3 0f 1e fa eb 07 0f 00 2d a5 58 15 00 fb f4 <c3> cc cc cc cc 66 2e 0f 1f 84 00 00 00 00 00 66 90 90 90 90 90 90
[    8.228924] RSP: 0000:ffffb1ca400a3ed8 EFLAGS: 00000202
[    8.229038] RAX: 0000000000002ac7 RBX: 0000000000000001 RCX: 0000000000000000
[    8.229041] RDX: 0000000000000000 RSI: 0000000000000000 RDI: ffffffff8490a650
[    8.229044] RBP: ffffa3e741313580 R08: 0000000000000001 R09: 0000000000000000
[    8.229046] R10: 0000000000000001 R11: 0000000000000001 R12: 0000000000000001
[    8.229048] R13: 0000000000000000 R14: 0000000000000000 R15: 0000000000000000
[    8.229055]  ? do_idle+0x260/0x2a0
[    8.229232]  default_idle+0x9/0x10
[    8.229238]  default_idle_call+0x84/0x1e0
[    8.229244]  do_idle+0x260/0x2a0
[    8.229251]  cpu_startup_entry+0x24/0x30
[    8.229256]  start_secondary+0xf8/0x100
[    8.229428]  common_startup_64+0x13e/0x148
[    8.229615]  </TASK>
[    8.420054]     ok 3 corten_arena_test_declare_query
[    8.425194]     ok 4 corten_arena_test_range_overlaps
[    8.443055]     ok 5 corten_arena_test_release
[    8.454797]     ok 6 corten_arena_test_ref_born_atomic
[    8.461103]     ok 7 corten_arena_test_release_classify
[    8.477310]     ok 8 corten_arena_test_shadow_vma
[    8.487906]     ok 9 corten_arena_test_exit
[    8.498619]     ok 10 corten_arena_test_prctl
[    8.508517]     ok 11 corten_arena_test_mode
[    8.513723]     ok 12 corten_arena_test_auto_classify
[    8.523003]     ok 13 corten_arena_test_auto_classify_file
[    8.531331]     ok 14 corten_arena_test_auto_place
[    8.542948]     ok 15 corten_arena_test_auto_route
[    8.560426]     ok 16 corten_arena_test_auto_attach_release
[    8.583561] kunit_try_catch (182) used greatest stack depth: 13352 bytes left
[    8.586986]     ok 17 corten_arena_test_file_lifecycle
[    8.604191] ------------[ cut here ]------------
[    8.613174] corten: VM_CORTEN vma reached zap_page_range_single()
[    8.618062] WARNING: CPU: 1 PID: 188 at mm/corten_arena.c:1629 corten_zap_single_guard+0x39/0x50
[    8.624457] Modules linked in:
[    8.627070] CPU: 1 UID: 0 PID: 188 Comm: kunit_try_catch Tainted: G        W        N  6.18.32-g887c4cc33131-dirty #152 PREEMPT(voluntary) 
[    8.639326] Tainted: [W]=WARN, [N]=TEST
[    8.643333] Hardware name: QEMU Standard PC (i440FX + PIIX, 1996), BIOS 1.15.0-1 04/01/2014
[    8.651282] RIP: 0010:corten_zap_single_guard+0x39/0x50
[    8.654743] Code: 05 b4 5a 49 03 0f b6 05 23 aa f0 01 84 c0 74 05 c3 cc cc cc cc c6 05 13 aa f0 01 01 90 48 c7 c7 50 19 4d 86 e8 c8 35 c8 ff 90 <0f> 0b 90 90 b8 01 00 00 00 c3 cc cc cc cc 66 0f 1f 84 00 00 00 00
[    8.670182] RSP: 0000:ffffb1ca4063fd58 EFLAGS: 00010282
[    8.674764] RAX: 0000000000000000 RBX: 0000000000000003 RCX: 00000000ffffdfff
[    8.680445] RDX: 0000000000000000 RSI: 00000000ffffffea RDI: 0000000000000001
[    8.683942] RBP: ffffa3e741bd8e00 R08: ffffffff86962828 R09: 00000000ffffdfff
[    8.692301] R10: ffffffff86882840 R11: ffffffff86932840 R12: 0000000001801000
[    8.698844] R13: 0000000000001000 R14: 0000000000000000 R15: ffffb1ca40013a08
[    8.706102] FS:  0000000000000000(0000) GS:ffffa3e8366f2000(0000) knlGS:0000000000000000
[    8.714562] CS:  0010 DS: 0000 ES: 0000 CR0: 0000000080050033
[    8.718638] CR2: 0000000000000000 CR3: 0000000009a50000 CR4: 00000000000006f0
[    8.725824] Call Trace:
[    8.728705]  <TASK>
[    8.730393]  zap_page_range_single+0x1c/0x50
[    8.735653]  corten_arena_test_truncate_route+0xdaf/0x1d90
[    8.742587]  ? __pfx_kunit_generic_run_threadfn_adapter+0x10/0x10
[    8.749136]  ? __pfx_corten_arena_test_truncate_route+0x10/0x10
[    8.754245]  ? __pfx_kunit_generic_run_threadfn_adapter+0x10/0x10
[    8.759926]  kunit_try_run_case+0x6f/0x150
[    8.764077]  ? __pfx_kunit_generic_run_threadfn_adapter+0x10/0x10
[    8.769273]  kunit_generic_run_threadfn_adapter+0x1c/0x40
[    8.774619]  kthread+0x102/0x200
[    8.777716]  ? __pfx_kthread+0x10/0x10
[    8.781221]  ret_from_fork+0x1ed/0x240
[    8.784823]  ? __pfx_kthread+0x10/0x10
[    8.789405]  ret_from_fork_asm+0x1a/0x30
[    8.793792]  </TASK>
[    8.797302] irq event stamp: 0
[    8.800286] hardirqs last  enabled at (0): [<0000000000000000>] 0x0
[    8.808022] hardirqs last disabled at (0): [<ffffffff8489d371>] copy_process+0x991/0x2290
[    8.817314] softirqs last  enabled at (0): [<ffffffff8489d371>] copy_process+0x991/0x2290
[    8.826992] softirqs last disabled at (0): [<0000000000000000>] 0x0
[    8.834216] ---[ end trace 0000000000000000 ]---
[    8.839079] ------------[ cut here ]------------
[    8.841997] corten: VM_CORTEN vma in a mapping i_mmap walk (stale node)
[    8.849771] WARNING: CPU: 1 PID: 188 at mm/corten_arena.c:1600 corten_arena_imap_stale_guard+0x39/0x50
[    8.859565] Modules linked in:
[    8.862858] CPU: 1 UID: 0 PID: 188 Comm: kunit_try_catch Tainted: G        W        N  6.18.32-g887c4cc33131-dirty #152 PREEMPT(voluntary) 
[    8.875412] Tainted: [W]=WARN, [N]=TEST
[    8.879150] Hardware name: QEMU Standard PC (i440FX + PIIX, 1996), BIOS 1.15.0-1 04/01/2014
[    8.887526] RIP: 0010:corten_arena_imap_stale_guard+0x39/0x50
[    8.893059] Code: 05 0c 5b 49 03 0f b6 05 84 aa f0 01 84 c0 74 05 e9 3c c3 0a 01 c6 05 74 aa f0 01 01 90 48 c7 c7 10 19 4d 86 e8 28 36 c8 ff 90 <0f> 0b 90 90 b8 01 00 00 00 e9 19 c3 0a 01 66 0f 1f 84 00 00 00 00
[    8.909570] RSP: 0000:ffffb1ca4063fd80 EFLAGS: 00010286
[    8.912866] RAX: 0000000000000000 RBX: 0000000000000003 RCX: 00000000ffffdfff
[    8.920427] RDX: 0000000000000000 RSI: 00000000ffffffea RDI: 0000000000000001
[    8.932530] RBP: ffffa3e743790ac0 R08: ffffffff86962828 R09: 00000000ffffdfff
[    8.941481] R10: ffffffff86882840 R11: ffffffff86932840 R12: ffffa3e74186c000
[    8.948745] R13: ffffa3e7418a4180 R14: 0000000000000000 R15: ffffb1ca40013a08
[    8.954021] FS:  0000000000000000(0000) GS:ffffa3e8366f2000(0000) knlGS:0000000000000000
[    8.960700] CS:  0010 DS: 0000 ES: 0000 CR0: 0000000080050033
[    8.966726] CR2: 0000000000000000 CR3: 0000000009a50000 CR4: 00000000000006f0
[    8.973300] Call Trace:
[    8.976657]  <TASK>
[    8.979466]  corten_arena_test_truncate_route+0xeef/0x1d90
[    8.984541]  ? __pfx_kunit_generic_run_threadfn_adapter+0x10/0x10
[    8.990480]  ? __pfx_corten_arena_test_truncate_route+0x10/0x10
[    8.996154]  ? __pfx_kunit_generic_run_threadfn_adapter+0x10/0x10
[    9.002056]  kunit_try_run_case+0x6f/0x150
[    9.006386]  ? __pfx_kunit_generic_run_threadfn_adapter+0x10/0x10
[    9.012388]  kunit_generic_run_threadfn_adapter+0x1c/0x40
[    9.017461]  kthread+0x102/0x200
[    9.020818]  ? __pfx_kthread+0x10/0x10
[    9.024468]  ret_from_fork+0x1ed/0x240
[    9.027888]  ? __pfx_kthread+0x10/0x10
[    9.031780]  ret_from_fork_asm+0x1a/0x30
[    9.035877]  </TASK>
[    9.037499] irq event stamp: 0
[    9.038701] hardirqs last  enabled at (0): [<0000000000000000>] 0x0
[    9.040913] hardirqs last disabled at (0): [<ffffffff8489d371>] copy_process+0x991/0x2290
[    9.045278] softirqs last  enabled at (0): [<ffffffff8489d371>] copy_process+0x991/0x2290
[    9.050081] softirqs last disabled at (0): [<0000000000000000>] 0x0
[    9.052055] ---[ end trace 0000000000000000 ]---
[    9.056701]     ok 18 corten_arena_test_truncate_route
[    9.065509]     ok 19 corten_arena_test_registry_inval
[    9.089917]     ok 20 corten_arena_test_file_read
[    9.102993] BUG: non-zero pgtables_bytes on freeing mm: 8192
[    9.117239]     ok 21 corten_arena_test_file_cow
[    9.121580] BUG: non-zero pgtables_bytes on freeing mm: 8192
[    9.134631] BUG: non-zero pgtables_bytes on freeing mm: 8192
[    9.147338] BUG: non-zero pgtables_bytes on freeing mm: 8192
[    9.154388]     ok 22 corten_arena_test_file_rmap_shared
[    9.169831]     ok 23 corten_arena_test_ttu_file_route
[    9.183908] BUG: non-zero pgtables_bytes on freeing mm: 8192
[    9.196791]     ok 24 corten_arena_test_ttu_declines
[    9.204165]     ok 25 corten_arena_test_file_fork_mirror
[    9.214827] BUG: non-zero pgtables_bytes on freeing mm: 8192
[    9.229785]     ok 26 corten_arena_test_file_fork_cow
[    9.242401] BUG: non-zero pgtables_bytes on freeing mm: 8192
[    9.261360]     ok 27 corten_arena_test_file_fork_pinned
[    9.266885] BUG: non-zero pgtables_bytes on freeing mm: 8192
[    9.279617]     ok 28 corten_arena_test_file_hugetlb_route
[    9.282124] BUG: non-zero pgtables_bytes on freeing mm: 8192
[    9.291676] BUG: non-zero pgtables_bytes on freeing mm: 8192
[    9.299299]     ok 29 corten_arena_test_mag_recycle
[    9.306705]     ok 30 corten_arena_test_mag_marker
[    9.314672] BUG: non-zero pgtables_bytes on freeing mm: 8192
[    9.330957]     ok 31 corten_arena_test_pool_reuse
[    9.334924] BUG: non-zero pgtables_bytes on freeing mm: 8192
[    9.367978] BUG: non-zero pgtables_bytes on freeing mm: 8192
[    9.382959]     ok 32 corten_arena_test_pool_limit
[    9.389004]     ok 33 corten_arena_test_pool_mode_exit
[    9.400805]     ok 34 corten_arena_test_pool_fork
[    9.410751]     ok 35 corten_arena_test_noreplace_parked
[    9.418805]     ok 36 corten_arena_test_noreplace_active
[    9.434447]     ok 37 corten_arena_test_mapfixed_over_parked
[    9.447824]     ok 38 corten_arena_test_occupied_incl_idle
[    9.459121] ------------[ cut here ]------------
[    9.468635] corten: foreign vma in parked window 800000-1000000
[    9.473986] WARNING: CPU: 0 PID: 288 at mm/corten_arena.c:10004 corten_arena_pool_reactivate+0x1cd/0x1e0
[    9.483050] Modules linked in:
[    9.486002] CPU: 0 UID: 0 PID: 288 Comm: kunit_try_catch Tainted: G        W        N  6.18.32-g887c4cc33131-dirty #152 PREEMPT(voluntary) 
[    9.497411] Tainted: [W]=WARN, [N]=TEST
[    9.501227] Hardware name: QEMU Standard PC (i440FX + PIIX, 1996), BIOS 1.15.0-1 04/01/2014
[    9.508498] RIP: 0010:corten_arena_pool_reactivate+0x1cd/0x1e0
[    9.512288] Code: 00 01 41 bc f4 ff ff ff e9 5f ff ff ff c6 05 e4 28 f0 01 01 90 48 8b 55 08 48 8b 75 00 48 c7 c7 a8 1a 4d 86 e8 94 b4 c7 ff 90 <0f> 0b 90 90 eb 9d 66 66 2e 0f 1f 84 00 00 00 00 00 66 90 90 90 90
[    9.532642] RSP: 0000:ffffb1ca40887d50 EFLAGS: 00010286
[    9.537184] RAX: 0000000000000000 RBX: 000000000000000b RCX: 00000000ffffdfff
[    9.545180] RDX: 0000000000000000 RSI: 00000000ffffffea RDI: 0000000000000001
[    9.552858] RBP: ffffa3e7411e5c00 R08: ffffffff86962828 R09: 00000000ffffdfff
[    9.558457] R10: ffffffff86882840 R11: ffffffff86932840 R12: 0000000000200073
[    9.560495] R13: ffffa3e741221800 R14: ffffa3e741065600 R15: 0000000000000800
[    9.563058] FS:  0000000000000000(0000) GS:ffffa3e836672000(0000) knlGS:0000000000000000
[    9.569239] CS:  0010 DS: 0000 ES: 0000 CR0: 0000000080050033
[    9.573377] CR2: ffffa3e74b401000 CR3: 0000000009a50000 CR4: 00000000000006f0
[    9.578488] Call Trace:
[    9.579584]  <TASK>
[    9.581454]  corten_arena_auto_mmap_route+0x415/0x4a0
[    9.586000]  ? __pfx_kunit_generic_run_threadfn_adapter+0x10/0x10
[    9.591925]  corten_arena_test_p4_eject+0x1f6/0x6f0
[    9.596437]  ? __pfx_kunit_generic_run_threadfn_adapter+0x10/0x10
[    9.602067]  kunit_try_run_case+0x6f/0x150
[    9.606522]  ? __pfx_kunit_generic_run_threadfn_adapter+0x10/0x10
[    9.612310]  kunit_generic_run_threadfn_adapter+0x1c/0x40
[    9.617734]  kthread+0x102/0x200
[    9.620926]  ? __pfx_kthread+0x10/0x10
[    9.624625]  ret_from_fork+0x1ed/0x240
[    9.629159]  ? __pfx_kthread+0x10/0x10
[    9.632229]  ret_from_fork_asm+0x1a/0x30
[    9.634203]  </TASK>
[    9.636796] irq event stamp: 0
[    9.639606] hardirqs last  enabled at (0): [<0000000000000000>] 0x0
[    9.645088] hardirqs last disabled at (0): [<ffffffff8489d371>] copy_process+0x991/0x2290
[    9.649431] softirqs last  enabled at (0): [<ffffffff8489d371>] copy_process+0x991/0x2290
[    9.653800] softirqs last disabled at (0): [<0000000000000000>] 0x0
[    9.657180] ---[ end trace 0000000000000000 ]---
[    9.666808]     ok 39 corten_arena_test_p4_eject
[    9.674756]     ok 40 corten_arena_test_hint_fence
[    9.685095]     ok 41 corten_arena_test_j1_hooks
[    9.700822]     ok 42 corten_arena_test_j1_self_exempt
[    9.714923]     ok 43 corten_arena_test_uffd_window_reject
[    9.727306]     ok 44 corten_arena_test_j1_implant_exempt
[    9.742468]     ok 45 corten_arena_test_fault_window_shorts
[    9.762225]     ok 46 corten_arena_test_inv_mv2_clean
[    9.770004] ------------[ cut here ]------------
[    9.776792] corten: INV-MV2 violated: 1 window vma(s) outside the implant registry (first at 100000200000)
[    9.789820] WARNING: CPU: 2 PID: 319 at mm/corten_arena.c:11270 corten_audit_j2_scan+0x2de/0x2f0
[    9.797086] Modules linked in:
[    9.799911] CPU: 2 UID: 0 PID: 319 Comm: kunit_try_catch Tainted: G        W        N  6.18.32-g887c4cc33131-dirty #152 PREEMPT(voluntary) 
[    9.812301] Tainted: [W]=WARN, [N]=TEST
[    9.816135] Hardware name: QEMU Standard PC (i440FX + PIIX, 1996), BIOS 1.15.0-1 04/01/2014
[    9.827985] RIP: 0010:corten_audit_j2_scan+0x2de/0x2f0
[    9.832987] Code: 29 0b f1 01 01 e8 e2 80 d1 ff e9 de fd ff ff c6 05 80 1b f1 01 01 90 48 c7 c7 e8 17 4d 86 4c 89 e2 44 89 ee e8 33 a7 c8 ff 90 <0f> 0b 90 90 e9 10 ff ff ff e8 b4 1c 0a 01 0f 1f 40 00 90 90 90 90
[    9.860957] RSP: 0000:ffffb1ca4094fd58 EFLAGS: 00010282
[    9.866415] RAX: 0000000000000000 RBX: ffffa3e743fec0c0 RCX: 00000000ffffdfff
[    9.873401] RDX: 0000000000000000 RSI: 00000000ffffffea RDI: 0000000000000001
[    9.880797] RBP: 00003fffffffffff R08: ffffffff86962828 R09: 00000000ffffdfff
[    9.887611] R10: ffffffff86882840 R11: ffffffff86932840 R12: 0000100000200000
[    9.894194] R13: 0000000000000001 R14: 0000000000000000 R15: 0000000000000000
[    9.899826] FS:  0000000000000000(0000) GS:ffffa3e836772000(0000) knlGS:0000000000000000
[    9.906741] CS:  0010 DS: 0000 ES: 0000 CR0: 0000000080050033
[    9.912405] CR2: 0000000000000000 CR3: 0000000009a50000 CR4: 00000000000006f0
[    9.918691] Call Trace:
[    9.919889]  <TASK>
[    9.922441]  ? vma_link+0x11d/0x1f0
[    9.926645]  corten_audit_j2_walk+0x5d/0x80
[    9.931191]  corten_arena_test_inv_mv2_inject+0x121/0x750
[    9.937053]  ? __pfx_kunit_generic_run_threadfn_adapter+0x10/0x10
[    9.942381]  kunit_try_run_case+0x6f/0x150
[    9.945246]  ? __pfx_kunit_generic_run_threadfn_adapter+0x10/0x10
[    9.950767]  kunit_generic_run_threadfn_adapter+0x1c/0x40
[    9.956112]  kthread+0x102/0x200
[    9.959659]  ? __pfx_kthread+0x10/0x10
[    9.964474]  ret_from_fork+0x1ed/0x240
[    9.968917]  ? __pfx_kthread+0x10/0x10
[    9.972931]  ret_from_fork_asm+0x1a/0x30
[    9.977193]  </TASK>
[    9.979505] irq event stamp: 0
[    9.982602] hardirqs last  enabled at (0): [<0000000000000000>] 0x0
[    9.988772] hardirqs last disabled at (0): [<ffffffff8489d371>] copy_process+0x991/0x2290
[    9.994943] softirqs last  enabled at (0): [<ffffffff8489d371>] copy_process+0x991/0x2290
[   10.001740] softirqs last disabled at (0): [<0000000000000000>] 0x0
[   10.004945] ---[ end trace 0000000000000000 ]---
[   10.013266]     ok 47 corten_arena_test_inv_mv2_inject
[   10.020625]     ok 48 corten_arena_test_inv_mv2_stale
[   10.034037]     ok 49 corten_arena_test_inv_mv2_implant_fork
[   10.046089]     ok 50 corten_arena_test_j2_triggers
[   10.068770]     ok 51 corten_arena_test_msync_window_segments
[   10.072805] get_swap_device: Bad swap file entry 400000000000077
[   10.098004] get_swap_device: Bad swap file entry 400000000000077
[   10.107152]     ok 52 corten_arena_test_mincore_route
[   10.116208]     ok 53 corten_arena_test_madvise_parked_terminal
[   10.133586]     ok 54 corten_arena_test_move_pages_window
[   10.152289]     ok 55 corten_arena_test_mvc_row_stream
[   10.162308]     ok 56 corten_arena_test_mvc_merge_first_row
[   10.177216]     ok 57 corten_arena_test_mvc_gup_probe
[   10.196233]     ok 58 corten_arena_test_mvc_smaps_pagemap
[   10.209819] get_swap_device: Bad swap file entry 40000000000005d
[   10.223033]     ok 59 corten_arena_test_exit_lifecycle
[   10.228880] BUG: non-zero pgtables_bytes on freeing mm: 8192
[   10.304228] corten_arena_op (394) used greatest stack depth: 12944 bytes left
[   10.346440] BUG: non-zero pgtables_bytes on freeing mm: 8192
[   10.369857]     ok 60 corten_arena_test_exit_punchfork
[   10.374151]     ok 61 corten_arena_test_exit_multi_segment
[   10.385994]     ok 62 corten_arena_test_vma_free_reuse
[   10.400119]     ok 63 corten_arena_test_inv_mv3
[   10.409841] BUG: non-zero pgtables_bytes on freeing mm: 8192
[   10.423545]     ok 64 corten_arena_test_fork_vma_free
[   10.430318]     ok 65 corten_arena_test_vma_free_shrink_pick
[   10.437720] BUG: non-zero pgtables_bytes on freeing mm: 8192
[   10.441482]     ok 66 corten_arena_test_carrier_shrink_pick
[   10.443520]     ok 67 corten_arena_test_auto_validate
[   10.455091]     ok 68 corten_arena_test_carrier_vma
[   10.463087] BUG: non-zero pgtables_bytes on freeing mm: 8192
[   10.473236]     ok 69 corten_arena_test_fork_punch_novma
[   10.479653]     ok 70 corten_arena_test_fork_redeclare_content
[   10.487393]     ok 71 corten_arena_test_region_record
[   10.498731]     ok 72 corten_arena_test_region_iter
[   10.508329] BUG: non-zero pgtables_bytes on freeing mm: 8192
[   10.524712]     ok 73 corten_arena_test_region_park
[   10.530860]     ok 74 corten_arena_test_region_fork
[   10.545343]     ok 75 corten_arena_test_mprotect_route
[   10.556349]     ok 76 corten_arena_test_protect_flags_kernel_gate
[   10.565012]     ok 77 corten_arena_test_madvise_route
[   10.774928]     ok 78 corten_arena_test_mremap_route
[   10.785289]     ok 79 corten_arena_test_fork_faithful
[   10.795154]     ok 80 corten_arena_test_fork_unwind
[   10.805962]     ok 81 corten_arena_test_fork_multipiece
[   10.818008]     ok 82 corten_arena_test_fork_perm
[   10.829724]     ok 83 corten_arena_test_inv7_shared_ro
[   10.837513]     ok 84 corten_arena_test_inv7_swapped
[   10.848113] get_swap_device: Bad swap file entry 400000000000077
[   10.853442] BUG: Bad rss-counter state mm:(____ptrval____) type:MM_SWAPENTS val:-1 Comm:kunit_try_catch Pid:482
[   10.859729]     ok 85 corten_arena_test_shrink_registry_count
[   10.864509]     ok 86 corten_arena_test_shrink_aging_two_pass
[   10.875372]     ok 87 corten_arena_test_shrink_rotation
[   10.881398] get_swap_device: Bad swap file entry 400000000000077
[   10.890740] get_swap_device: Bad swap file entry 400000000000077
[   10.899389]     ok 88 corten_arena_test_fork_swapped
[   10.906018]     ok 89 corten_arena_test_fork_f2_gate
[   21.277595] ------------[ cut here ]------------
[   21.283486] corten: arena [800000,1000000) drain timed out: leaked transaction reference, leaking the descriptor
[   21.293921] WARNING: CPU: 2 PID: 493 at mm/corten_arena.c:741 corten_arena_drain+0x6f/0x80
[   21.311704] Modules linked in:
[   21.317055] CPU: 2 UID: 0 PID: 493 Comm: kunit_try_catch Tainted: G        W        N  6.18.32-g887c4cc33131-dirty #152 PREEMPT(voluntary) 
[   21.336278] Tainted: [W]=WARN, [N]=TEST
[   21.342385] Hardware name: QEMU Standard PC (i440FX + PIIX, 1996), BIOS 1.15.0-1 04/01/2014
[   21.352115] RIP: 0010:corten_arena_drain+0x6f/0x80
[   21.354903] Code: c4 08 31 c0 5b e9 c1 43 0b 01 88 44 24 07 c6 05 f7 2a f1 01 01 90 48 8b 53 08 48 8b 33 48 c7 c7 60 17 4d 86 e8 a2 b6 c8 ff 90 <0f> 0b 90 90 0f b6 44 24 07 eb b4 66 0f 1f 44 00 00 90 90 90 90 90
[   21.372146] RSP: 0000:ffffb1ca40d8fd40 EFLAGS: 00010282
[   21.377882] RAX: 0000000000000000 RBX: ffffa3e7441b9400 RCX: 00000000ffffdfff
[   21.384680] RDX: 0000000000000000 RSI: 00000000ffffffea RDI: 0000000000000001
[   21.391492] RBP: ffffa3e741d7d800 R08: ffffffff86962828 R09: 00000000ffffdfff
[   21.397946] R10: ffffffff86882840 R11: ffffffff86932840 R12: ffffa3e741d7d858
[   21.402614] R13: ffffa3e743feab00 R14: ffffa3e741d7d928 R15: ffffa3e7441b9400
[   21.410455] FS:  0000000000000000(0000) GS:ffffa3e836772000(0000) knlGS:0000000000000000
[   21.417819] CS:  0010 DS: 0000 ES: 0000 CR0: 0000000080050033
[   21.424716] CR2: 0000000000000000 CR3: 0000000009a50000 CR4: 00000000000006f0
[   21.430454] Call Trace:
[   21.433020]  <TASK>
[   21.435573]  corten_arena_fork_begin+0x151/0x280
[   21.440653]  corten_arena_test_fork_begin+0x5e/0x170
[   21.446531]  corten_arena_test_fork_drain_leak+0x18a/0x8f0
[   21.452660]  ? lock_acquire+0x173/0x2d0
[   21.456240]  ? lock_release+0x1c3/0x290
[   21.460647]  ? finish_task_switch.isra.0+0xeb/0x300
[   21.486884]  ? __pfx_kunit_generic_run_threadfn_adapter+0x10/0x10
[   21.493375]  kunit_try_run_case+0x6f/0x150
[   21.495374]  ? __pfx_kunit_generic_run_threadfn_adapter+0x10/0x10
[   21.499993]  kunit_generic_run_threadfn_adapter+0x1c/0x40
[   21.503086]  kthread+0x102/0x200
[   21.507066]  ? __pfx_kthread+0x10/0x10
[   21.510603]  ret_from_fork+0x1ed/0x240
[   21.514654]  ? __pfx_kthread+0x10/0x10
[   21.518727]  ret_from_fork_asm+0x1a/0x30
[   21.521694]  </TASK>
[   21.523884] irq event stamp: 0
[   21.527306] hardirqs last  enabled at (0): [<0000000000000000>] 0x0
[   21.533176] hardirqs last disabled at (0): [<ffffffff8489d371>] copy_process+0x991/0x2290
[   21.537695] softirqs last  enabled at (0): [<ffffffff8489d371>] copy_process+0x991/0x2290
[   21.542450] softirqs last disabled at (0): [<0000000000000000>] 0x0
[   21.549374] ---[ end trace 0000000000000000 ]---
[   21.566798]     # corten_arena_test_fork_drain_leak: Test should be marked slow (runtime: 10.653761882s)
[   21.568550]     ok 90 corten_arena_test_fork_drain_leak
[   21.582720]     ok 91 corten_arena_test_unshare_pin
[   21.590692] BUG: non-zero pgtables_bytes on freeing mm: 8192
[   21.602572]     ok 92 corten_arena_test_fork_reuse_exclusive
[   21.605772]     ok 93 corten_arena_test_gup_state1_uncommitted
[   21.618614]     ok 94 corten_arena_test_gup_state2_committed_rw
[   21.629901]     ok 95 corten_arena_test_gup_state3_fork_cow
[   21.637735] BUG: Bad rss-counter state mm:(____ptrval____) type:MM_SWAPENTS val:-1 Comm:corten_arena_op Pid:510
[   21.653766]     ok 96 corten_arena_test_gup_state3b_downgrade_restore
[   21.658688]     ok 97 corten_arena_test_gup_state4_pin_zap
[   21.673486]     ok 98 corten_arena_test_concurrent
[   21.689970]     ok 99 corten_arena_test_concurrent_window
[   21.698992]     ok 100 corten_arena_test_obs_ledger
[   21.706540]     ok 101 corten_arena_test_drain_timeout_stat
[   21.714659]     ok 102 corten_arena_test_novma_rmap
[   21.722252]     ok 103 corten_arena_test_brk_delegation
[   21.728845] ------------[ cut here ]------------
[   21.735565] corten: whitelist violated: 1 window vma(s) unclassified as shadow/implant
[   21.742666] WARNING: CPU: 2 PID: 532 at mm/corten_arena.c:11492 corten_whitelist_scan+0x39f/0x3b0
[   21.746273] Modules linked in:
[   21.747161] CPU: 2 UID: 0 PID: 532 Comm: kunit_try_catch Tainted: G        W        N  6.18.32-g887c4cc33131-dirty #152 PREEMPT(voluntary) 
[   21.756061] Tainted: [W]=WARN, [N]=TEST
[   21.759841] Hardware name: QEMU Standard PC (i440FX + PIIX, 1996), BIOS 1.15.0-1 04/01/2014
[   21.767501] RIP: 0010:corten_whitelist_scan+0x39f/0x3b0
[   21.772329] Code: 86 c6 05 a5 fc f0 01 01 e8 5e 72 d1 ff e9 33 fd ff ff c6 05 fb 0c f1 01 01 90 48 c7 c7 40 18 4d 86 44 89 fe e8 b2 98 c8 ff 90 <0f> 0b 90 90 e9 ea fe ff ff e8 33 0e 0a 01 0f 1f 00 90 90 90 90 90
[   21.787880] RSP: 0000:ffffb1ca40e5fcd8 EFLAGS: 00010286
[   21.792907] RAX: 0000000000000000 RBX: 0000000000000000 RCX: 00000000ffffdfff
[   21.799928] RDX: 0000000000000000 RSI: 00000000ffffffea RDI: 0000000000000001
[   21.806598] RBP: ffffa3e743fed600 R08: ffffffff86962828 R09: 00000000ffffdfff
[   21.813789] R10: ffffffff86882840 R11: ffffffff86932840 R12: 0000000000000001
[   21.820223] R13: ffffa3e742e1e500 R14: 0000100000000000 R15: 0000000000000001
[   21.827603] FS:  0000000000000000(0000) GS:ffffa3e836772000(0000) knlGS:0000000000000000
[   21.835195] CS:  0010 DS: 0000 ES: 0000 CR0: 0000000080050033
[   21.839544] CR2: 0000000000000000 CR3: 0000000009a50000 CR4: 00000000000006f0
[   21.845910] Call Trace:
[   21.848493]  <TASK>
[   21.850596]  corten_audit_whitelist_walk+0x5f/0x80
[   21.855112]  corten_arena_test_whitelist_audit+0x51f/0xf70
[   21.860065]  ? lock_acquire+0x173/0x2d0
[   21.863944]  ? __pfx_kunit_generic_run_threadfn_adapter+0x10/0x10
[   21.869212]  kunit_try_run_case+0x6f/0x150
[   21.872626]  ? __pfx_kunit_generic_run_threadfn_adapter+0x10/0x10
[   21.877868]  kunit_generic_run_threadfn_adapter+0x1c/0x40
[   21.882939]  kthread+0x102/0x200
[   21.886430]  ? __pfx_kthread+0x10/0x10
[   21.890358]  ret_from_fork+0x1ed/0x240
[   21.894961]  ? __pfx_kthread+0x10/0x10
[   21.899199]  ret_from_fork_asm+0x1a/0x30
[   21.901233]  </TASK>
[   21.903526] irq event stamp: 0
[   21.906426] hardirqs last  enabled at (0): [<0000000000000000>] 0x0
[   21.913118] hardirqs last disabled at (0): [<ffffffff8489d371>] copy_process+0x991/0x2290
[   21.919824] softirqs last  enabled at (0): [<ffffffff8489d371>] copy_process+0x991/0x2290
[   21.925790] softirqs last disabled at (0): [<0000000000000000>] 0x0
[   21.931436] ---[ end trace 0000000000000000 ]---
[   21.941461]     ok 104 corten_arena_test_whitelist_audit
[   21.941473] # corten_arena: pass:104 fail:0 skip:0 total:104
[   21.946633] # Totals: pass:104 fail:0 skip:0 total:104
[   21.951446] ok 2 corten_arena
[   21.959620]     KTAP version 1
[   21.963053]     # Subtest: corten_fault
[   21.967347]     # module: corten_fault_test
[   21.967354]     1..37
[   21.985349]     ok 1 corten_fault_test_dispatch
[   21.990923]     ok 2 corten_fault_test_fig8_cow
[   22.000735]     ok 3 corten_fault_test_unmap_classify
[   22.007948]     ok 4 corten_fault_test_mmap_classify
[   22.013090]     ok 5 corten_fault_test_file_may_matrix
[   22.022638]     ok 6 corten_fault_test_punch_classify
[   22.029676]     ok 7 corten_fault_test_map_anon
[   22.038214]     ok 8 corten_fault_test_zero_page
[   22.042574]     ok 9 corten_fault_test_sigsegv
[   22.050075]     ok 10 corten_fault_test_fresh_fault
[   22.194116]     ok 11 corten_fault_test_churn_repro
[   22.205105]     ok 12 corten_fault_test_untracked_drift
[   22.213601]     ok 13 corten_fault_test_restore
[   22.227544]     ok 14 corten_fault_test_cow_reuse
[   22.231613]     ok 15 corten_fault_test_cow_copy
[   22.233851]     ok 16 corten_fault_test_foll_force
[   22.239491]     ok 17 corten_fault_test_cow_race
[   22.242230]     ok 18 corten_fault_test_mprotect_pte
[   22.246036]     ok 19 corten_fault_test_mprotect_fresh
[   22.249051]     ok 20 corten_fault_test_zap_keep_perm
[   22.252304]     ok 21 corten_fault_test_zap_keep_perm_downgrade
[   22.255229]     ok 22 corten_fault_test_untracked_rearm
[   22.261809]     ok 23 corten_fault_test_fill_upper_race
[   22.271178]     ok 24 corten_fault_test_map_race
[   22.277698]     ok 25 corten_fault_test_chunk_unmap
[   22.280232]     ok 26 corten_fault_test_punch_hole
[   22.286015]     ok 27 corten_fault_test_punch_head
[   22.292385]     ok 28 corten_fault_test_rmap_guard
[   22.294015]     ok 29 corten_fault_test_ttu_route
[   22.295577]     ok 30 corten_fault_test_ttu_dual_entry
[   22.297683]     ok 31 corten_fault_test_reap_skip
[   22.299229]     ok 32 corten_fault_test_swap_encode
[   22.301713]     ok 33 corten_fault_test_swap_roundtrip # SKIP swap round-trip requires a swap area
[   22.304852]     ok 34 corten_fault_test_swap_zap_free # SKIP swap zap test requires a swap area
[   22.322242]     ok 35 corten_fault_test_driver_keep_noswap
[   22.324711]     ok 36 corten_fault_test_driver_swap_roundtrip # SKIP driver round-trip requires a swap area
[   22.327275]     ok 37 corten_fault_test_swap_mprotect_pending
[   22.335116] # corten_fault: pass:34 fail:0 skip:3 total:37
[   22.337847] # Totals: pass:34 fail:0 skip:3 total:37
[   22.341121] ok 3 corten_fault
[   22.353823] check access for rdinit=/init failed: -2, ignoring
[   22.357467] md: Waiting for all devices to be available before autodetect
[   22.360375] md: If you don't use raid, use raid=noautodetect
[   22.365849] md: Autodetecting RAID arrays.
[   22.367916] md: autorun ...
[   22.368435] md: ... autorun DONE.
[   22.375112] /dev/root: Can't open blockdev
[   22.377083] VFS: Cannot open root device "" or unknown-block(0,0): error -6
[   22.382520] Please append a correct "root=" boot option; here are the available partitions:
[   22.387325] 0b00         1048575 sr0 
[   22.387334]  driver: sr
[   22.391502] List of all bdev filesystems:
[   22.393930]  ext3
[   22.394025]  ext2
[   22.396420]  ext4
[   22.398252]  vfat
[   22.399554]  msdos
[   22.400656]  iso9660
[   22.402054]  f2fs
[   22.403884]  erofs
[   22.405563] 
[   22.408485] Kernel panic - not syncing: VFS: Unable to mount root fs on unknown-block(0,0)
[   22.411371] CPU: 1 UID: 0 PID: 1 Comm: swapper/0 Tainted: G        W        N  6.18.32-g887c4cc33131-dirty #152 PREEMPT(voluntary) 
[   22.418476] Tainted: [W]=WARN, [N]=TEST
[   22.420225] Hardware name: QEMU Standard PC (i440FX + PIIX, 1996), BIOS 1.15.0-1 04/01/2014
[   22.424761] Call Trace:
[   22.426459]  <TASK>
[   22.427788]  vpanic+0x328/0x370
[   22.429091]  panic+0x56/0x60
[   22.430769]  mount_root_generic+0x1ff/0x320
[   22.434642]  prepare_namespace+0x63/0x270
[   22.437432]  kernel_init_freeable+0x3c3/0x410
[   22.440079]  ? __pfx_kernel_init+0x10/0x10
[   22.442979]  kernel_init+0x15/0x1c0
[   22.444841]  ret_from_fork+0x1ed/0x240
[   22.445536]  ? __pfx_kernel_init+0x10/0x10
[   22.447811]  ret_from_fork_asm+0x1a/0x30
[   22.450302]  </TASK>
[   22.453584] Kernel Offset: 0x3600000 from 0xffffffff81000000 (relocation range: 0xffffffff80000000-0xffffffffbfffffff)
