qemu-system-x86_64: warning: host doesn't support requested feature: CPUID.80000001H:ECX.svm [bit 2]
qemu-system-x86_64: warning: host doesn't support requested feature: CPUID.80000001H:ECX.svm [bit 2]
qemu-system-x86_64: warning: host doesn't support requested feature: CPUID.80000001H:ECX.svm [bit 2]
qemu-system-x86_64: warning: host doesn't support requested feature: CPUID.80000001H:ECX.svm [bit 2]
c[?7l[2J[0mSeaBIOS (version 1.15.0-1)


iPXE (https://ipxe.org) 00:03.0 CA00 PCI2.10 PnP PMM+7FF8B310+7FECB310 CA00
Press Ctrl-B to configure iPXE (PCI 00:03.0)...                                                                               


Booting from ROM...
c[?7l[2J[    0.000000] Linux version 6.18.32-gd4badaed5b7d-dirty (ppw@vm) (gcc (Ubuntu 11.4.0-1ubuntu1~22.04.3) 11.4.0, GNU ld (GNU Binutils for Ubuntu) 2.38) #27 SMP PREEMPT_DYNAMIC Wed Sep 23 02:06:27 CST 2026
[    0.000000] Command line: console=ttyS0 panic=-1 corten=on kunit.filter_glob=corten*
[    0.000000] x86/CPU: Model not found in latest microcode list
[    0.000000] BIOS-provided physical RAM map:
[    0.000000] BIOS-e820: [mem 0x0000000000000000-0x000000000009fbff] usable
[    0.000000] BIOS-e820: [mem 0x000000000009fc00-0x000000000009ffff] reserved
[    0.000000] BIOS-e820: [mem 0x00000000000f0000-0x00000000000fffff] reserved
[    0.000000] BIOS-e820: [mem 0x0000000000100000-0x000000007ffdffff] usable
[    0.000000] BIOS-e820: [mem 0x000000007ffe0000-0x000000007fffffff] reserved
[    0.000000] BIOS-e820: [mem 0x00000000feffc000-0x00000000feffffff] reserved
[    0.000000] BIOS-e820: [mem 0x00000000fffc0000-0x00000000ffffffff] reserved
[    0.000000] NX (Execute Disable) protection: active
[    0.000000] APIC: Static calls initialized
[    0.000000] SMBIOS 2.8 present.
[    0.000000] DMI: QEMU Standard PC (i440FX + PIIX, 1996), BIOS 1.15.0-1 04/01/2014
[    0.000000] DMI: Memory slots populated: 1/1
[    0.000000] Hypervisor detected: KVM
[    0.000000] last_pfn = 0x7ffe0 max_arch_pfn = 0x400000000
[    0.000000] kvm-clock: Using msrs 4b564d01 and 4b564d00
[    0.000006] kvm-clock: using sched offset of 1962256340 cycles
[    0.000011] clocksource: kvm-clock: mask: 0xffffffffffffffff max_cycles: 0x1cd42e4dffb, max_idle_ns: 881590591483 ns
[    0.000077] tsc: Detected 2419.196 MHz processor
[    0.003916] last_pfn = 0x7ffe0 max_arch_pfn = 0x400000000
[    0.004225] MTRR map: 4 entries (3 fixed + 1 variable; max 19), built from 8 variable MTRRs
[    0.004245] x86/PAT: Configuration [0-7]: WB  WC  UC- UC  WB  WP  UC- WT  
[    0.022299] found SMP MP-table at [mem 0x000f5ba0-0x000f5baf]
[    0.023148] ACPI: Early table checksum verification disabled
[    0.023371] ACPI: RSDP 0x00000000000F59E0 000014 (v00 BOCHS )
[    0.023504] ACPI: RSDT 0x000000007FFE1A1C 000034 (v01 BOCHS  BXPC     00000001 BXPC 00000001)
[    0.023588] ACPI: FACP 0x000000007FFE18B8 000074 (v01 BOCHS  BXPC     00000001 BXPC 00000001)
[    0.023704] ACPI: DSDT 0x000000007FFE0040 001878 (v01 BOCHS  BXPC     00000001 BXPC 00000001)
[    0.023732] ACPI: FACS 0x000000007FFE0000 000040
[    0.023738] ACPI: APIC 0x000000007FFE192C 000090 (v01 BOCHS  BXPC     00000001 BXPC 00000001)
[    0.023744] ACPI: HPET 0x000000007FFE19BC 000038 (v01 BOCHS  BXPC     00000001 BXPC 00000001)
[    0.023750] ACPI: WAET 0x000000007FFE19F4 000028 (v01 BOCHS  BXPC     00000001 BXPC 00000001)
[    0.023755] ACPI: Reserving FACP table memory at [mem 0x7ffe18b8-0x7ffe192b]
[    0.023759] ACPI: Reserving DSDT table memory at [mem 0x7ffe0040-0x7ffe18b7]
[    0.023761] ACPI: Reserving FACS table memory at [mem 0x7ffe0000-0x7ffe003f]
[    0.023763] ACPI: Reserving APIC table memory at [mem 0x7ffe192c-0x7ffe19bb]
[    0.023765] ACPI: Reserving HPET table memory at [mem 0x7ffe19bc-0x7ffe19f3]
[    0.023766] ACPI: Reserving WAET table memory at [mem 0x7ffe19f4-0x7ffe1a1b]
[    0.029141] No NUMA configuration found
[    0.029149] Faking a node at [mem 0x0000000000000000-0x000000007ffdffff]
[    0.029160] NODE_DATA(0) allocated [mem 0x7ffdbe40-0x7ffdffff]
[    0.030772] Zone ranges:
[    0.030778]   DMA      [mem 0x0000000000001000-0x0000000000ffffff]
[    0.030785]   DMA32    [mem 0x0000000001000000-0x000000007ffdffff]
[    0.030789]   Normal   empty
[    0.030791] Movable zone start for each node
[    0.030793] Early memory node ranges
[    0.030793]   node   0: [mem 0x0000000000001000-0x000000000009efff]
[    0.030818]   node   0: [mem 0x0000000000100000-0x000000007ffdffff]
[    0.030842] Initmem setup node 0 [mem 0x0000000000001000-0x000000007ffdffff]
[    0.031927] On node 0, zone DMA: 1 pages in unavailable ranges
[    0.033144] On node 0, zone DMA: 97 pages in unavailable ranges
[    0.186050] On node 0, zone DMA32: 32 pages in unavailable ranges
[    0.189135] ACPI: PM-Timer IO Port: 0x608
[    0.189229] ACPI: LAPIC_NMI (acpi_id[0xff] dfl dfl lint[0x1])
[    0.190854] IOAPIC[0]: apic_id 0, version 17, address 0xfec00000, GSI 0-23
[    0.190919] ACPI: INT_SRC_OVR (bus 0 bus_irq 0 global_irq 2 dfl dfl)
[    0.190925] ACPI: INT_SRC_OVR (bus 0 bus_irq 5 global_irq 5 high level)
[    0.190928] ACPI: INT_SRC_OVR (bus 0 bus_irq 9 global_irq 9 high level)
[    0.190962] ACPI: INT_SRC_OVR (bus 0 bus_irq 10 global_irq 10 high level)
[    0.190965] ACPI: INT_SRC_OVR (bus 0 bus_irq 11 global_irq 11 high level)
[    0.190975] ACPI: Using ACPI (MADT) for SMP configuration information
[    0.190978] ACPI: HPET id: 0x8086a201 base: 0xfed00000
[    0.190997] CPU topo: Max. logical packages:   1
[    0.190999] CPU topo: Max. logical dies:       1
[    0.191000] CPU topo: Max. dies per package:   1
[    0.191009] CPU topo: Max. threads per core:   1
[    0.191032] CPU topo: Num. cores per package:     4
[    0.191034] CPU topo: Num. threads per package:   4
[    0.191035] CPU topo: Allowing 4 present CPUs plus 0 hotplug CPUs
[    0.191210] kvm-guest: APIC: eoi() replaced with kvm_guest_apic_eoi_write()
[    0.192086] PM: hibernation: Registered nosave memory: [mem 0x00000000-0x00000fff]
[    0.192090] PM: hibernation: Registered nosave memory: [mem 0x0009f000-0x000fffff]
[    0.192092] [mem 0x80000000-0xfeffbfff] available for PCI devices
[    0.192100] Booting paravirtualized kernel on KVM
[    0.192124] clocksource: refined-jiffies: mask: 0xffffffff max_cycles: 0xffffffff, max_idle_ns: 1910969940391419 ns
[    0.217196] setup_percpu: NR_CPUS:64 nr_cpumask_bits:4 nr_cpu_ids:4 nr_node_ids:1
[    0.229619] percpu: Embedded 56 pages/cpu s191568 r8192 d29616 u524288
[    0.230028] Kernel command line: console=ttyS0 panic=-1 corten=on kunit.filter_glob=corten*
[    0.230800] corten: requested on, activating at initcall time
[    0.230842] printk: log buffer data + meta data: 262144 + 917504 = 1179648 bytes
[    0.241626] Dentry cache hash table entries: 262144 (order: 9, 2097152 bytes, linear)
[    0.262586] Inode-cache hash table entries: 131072 (order: 8, 1048576 bytes, linear)
[    0.263959] Fallback order for Node 0: 0 
[    0.263970] Built 1 zonelists, mobility grouping on.  Total pages: 524158
[    0.263974] Policy zone: DMA32
[    0.263982] mem auto-init: stack:off, heap alloc:off, heap free:off
[    0.276552] SLUB: HWalign=64, Order=0-3, MinObjects=0, CPUs=4, Nodes=1
[    0.276903] Kernel/User page tables isolation: enabled
[    0.295882] Dynamic Preempt: voluntary
[    0.297699] rcu: Preemptible hierarchical RCU implementation.
[    0.297702] rcu: 	RCU event tracing is enabled.
[    0.297704] rcu: 	RCU restricting CPUs from NR_CPUS=64 to nr_cpu_ids=4.
[    0.297710] 	Trampoline variant of Tasks RCU enabled.
[    0.297711] 	Tracing variant of Tasks RCU enabled.
[    0.297712] rcu: RCU calculated value of scheduler-enlistment delay is 100 jiffies.
[    0.297714] rcu: Adjusting geometry for rcu_fanout_leaf=16, nr_cpu_ids=4
[    0.297879] RCU Tasks: Setting shift to 2 and lim to 1 rcu_task_cb_adjust=1 rcu_task_cpu_ids=4.
[    0.297885] RCU Tasks Trace: Setting shift to 2 and lim to 1 rcu_task_cb_adjust=1 rcu_task_cpu_ids=4.
[    0.313192] NR_IRQS: 4352, nr_irqs: 456, preallocated irqs: 16
[    0.314587] rcu: srcu_init: Setting srcu_struct sizes based on contention.
[    0.394408] Console: colour VGA+ 80x25
[    0.394995] printk: legacy console [ttyS0] enabled
[    1.053603] Lock dependency validator: Copyright (c) 2006 Red Hat, Inc., Ingo Molnar
[    1.060238] ... MAX_LOCKDEP_SUBCLASSES:  8
[    1.064017] ... MAX_LOCK_DEPTH:          48
[    1.067125] ... MAX_LOCKDEP_KEYS:        8192
[    1.068659] ... CLASSHASH_SIZE:          4096
[    1.070902] ... MAX_LOCKDEP_ENTRIES:     32768
[    1.073482] ... MAX_LOCKDEP_CHAINS:      65536
[    1.078521] ... CHAINHASH_SIZE:          32768
[    1.083244]  memory used by lock dependency info: 3701 kB
[    1.089098]  per task-struct memory footprint: 1920 bytes
[    1.095217] ACPI: Core revision 20250807
[    1.101571] clocksource: hpet: mask: 0xffffffff max_cycles: 0xffffffff, max_idle_ns: 19112604467 ns
[    1.115253] APIC: Switch to symmetric I/O mode setup
[    1.119097] x2apic enabled
[    1.128167] APIC: Switched APIC routing to: physical x2apic
[    1.154733] ..TIMER: vector=0x30 apic1=0 pin1=2 apic2=-1 pin2=-1
[    1.160778] clocksource: tsc-early: mask: 0xffffffffffffffff max_cycles: 0x22df0d21928, max_idle_ns: 440795225288 ns
[    1.172087] Calibrating delay loop (skipped) preset value.. 4838.39 BogoMIPS (lpj=2419196)
[    1.174074] Last level iTLB entries: 4KB 0, 2MB 0, 4MB 0
[    1.174074] Last level dTLB entries: 4KB 0, 2MB 0, 4MB 0, 1GB 0
[    1.174074] mitigations: Enabled attack vectors: user_kernel, user_user, SMT mitigations: auto
[    1.174095] Speculative Store Bypass: Vulnerable
[    1.175074] Spectre V2 : Mitigation: Retpolines
[    1.175087] ITS: Mitigation: Aligned branch/return thunks
[    1.176074] MDS: Vulnerable: Clear CPU buffers attempted, no microcode
[    1.176074] Spectre V1 : Mitigation: usercopy/swapgs barriers and __user pointer sanitization
[    1.176092] Spectre V2 : Spectre v2 / SpectreRSB: Filling RSB on context switch and VMEXIT
[    1.177092] active return thunk: its_return_thunk
[    1.178074] x86/fpu: x87 FPU will use FXSAVE
[    1.185074] Freeing SMP alternatives memory: 64K
[    1.185074] pid_max: default: 32768 minimum: 301
[    1.185074] LSM: initializing lsm=capability,selinux
[    1.185116] SELinux:  Initializing.
[    1.186074] Mount-cache hash table entries: 4096 (order: 3, 32768 bytes, linear)
[    1.186074] Mountpoint-cache hash table entries: 4096 (order: 3, 32768 bytes, linear)
[    1.194074] smpboot: CPU0: Intel QEMU Virtual CPU version 2.5+ (family: 0xf, model: 0x6b, stepping: 0x1)
[    1.197626] Performance Events: unsupported Netburst CPU model 107 no PMU driver, software events only.
[    1.200246] signal: max sigframe size: 1440
[    1.202286] rcu: Hierarchical SRCU implementation.
[    1.203090] rcu: 	Max phase no-delay instances is 400.
[    1.205978] Timer migration: 1 hierarchy levels; 8 children per group; 1 crossnode level
[    1.229382] corten: page descriptors enabled
[    1.232597] smp: Bringing up secondary CPUs ...
[    1.235921] smpboot: x86: Booting SMP configuration:
[    1.236099] .... node  #0, CPUs:      #1 #2 #3
[    1.257218] smp: Brought up 1 node, 4 CPUs
[    1.259079] smpboot: Total of 4 processors activated (19353.56 BogoMIPS)
[    1.264293] Memory: 2001040K/2096632K available (22321K kernel code, 3524K rwdata, 9172K rodata, 3380K init, 6628K bss, 90712K reserved, 0K cma-reserved)
[    1.268096] devtmpfs: initialized
[    1.277154] clocksource: jiffies: mask: 0xffffffff max_cycles: 0xffffffff, max_idle_ns: 1911260446275000 ns
[    1.278102] posixtimers hash table entries: 2048 (order: 6, 147456 bytes, linear)
[    1.281581] futex hash table entries: 1024 (131072 bytes on 1 NUMA nodes, total 128 KiB, linear).
[    1.283867] PM: RTC time: 18:07:43, date: 2026-09-22
[    1.304331] NET: Registered PF_NETLINK/PF_ROUTE protocol family
[    1.307074] audit: initializing netlink subsys (disabled)
[    1.311217] audit: type=2000 audit(1790100463.054:1): state=initialized audit_enabled=0 res=1
[    1.312348] thermal_sys: Registered thermal governor 'step_wise'
[    1.314087] cpuidle: using governor menu
[    1.322430] PCI: Using configuration type 1 for base access
[    1.324283] kprobes: kprobe jump-optimization is enabled. All kprobes are optimized if possible.
[    1.330696] HugeTLB: registered 2.00 MiB page size, pre-allocated 0 pages
[    1.331087] HugeTLB: 28 KiB vmemmap can be freed for a 2.00 MiB page
[    1.336108] ACPI: Added _OSI(Module Device)
[    1.337086] ACPI: Added _OSI(Processor Device)
[    1.338088] ACPI: Added _OSI(Processor Aggregator Device)
[    1.344402] ACPI: 1 ACPI AML tables successfully acquired and loaded
[    1.355200] ACPI: Interpreter enabled
[    1.356277] ACPI: PM: (supports S0 S3 S4 S5)
[    1.358080] ACPI: Using IOAPIC for interrupt routing
[    1.359155] PCI: Using host bridge windows from ACPI; if necessary, use "pci=nocrs" and report a bug
[    1.360087] PCI: Using E820 reservations for host bridge windows
[    1.362672] ACPI: Enabled 2 GPEs in block 00 to 0F
[    1.385623] ACPI: PCI Root Bridge [PCI0] (domain 0000 [bus 00-ff])
[    1.386100] acpi PNP0A03:00: _OSC: OS supports [ASPM ClockPM Segments MSI HPX-Type3]
[    1.387098] acpi PNP0A03:00: _OSC: not requesting OS control; OS requires [ExtendedConfig ASPM ClockPM MSI]
[    1.388242] acpi PNP0A03:00: fail to add MMCONFIG information, can't access extended configuration space under this bridge
[    1.390179] PCI host bridge to bus 0000:00
[    1.391119] pci_bus 0000:00: root bus resource [io  0x0000-0x0cf7 window]
[    1.392088] pci_bus 0000:00: root bus resource [io  0x0d00-0xffff window]
[    1.393100] pci_bus 0000:00: root bus resource [mem 0x000a0000-0x000bffff window]
[    1.395095] pci_bus 0000:00: root bus resource [mem 0x80000000-0xfebfffff window]
[    1.396095] pci_bus 0000:00: root bus resource [mem 0x100000000-0x17fffffff window]
[    1.397099] pci_bus 0000:00: root bus resource [bus 00-ff]
[    1.399088] pci 0000:00:00.0: [8086:1237] type 00 class 0x060000 conventional PCI endpoint
[    1.407284] pci 0000:00:01.0: [8086:7000] type 00 class 0x060100 conventional PCI endpoint
[    1.414893] pci 0000:00:01.1: [8086:7010] type 00 class 0x010180 conventional PCI endpoint
[    1.421152] pci 0000:00:01.1: BAR 4 [io  0xc040-0xc04f]
[    1.422401] pci 0000:00:01.1: BAR 0 [io  0x01f0-0x01f7]: legacy IDE quirk
[    1.423094] pci 0000:00:01.1: BAR 1 [io  0x03f6]: legacy IDE quirk
[    1.424088] pci 0000:00:01.1: BAR 2 [io  0x0170-0x0177]: legacy IDE quirk
[    1.425080] pci 0000:00:01.1: BAR 3 [io  0x0376]: legacy IDE quirk
[    1.428197] pci 0000:00:01.3: [8086:7113] type 00 class 0x068000 conventional PCI endpoint
[    1.433311] pci 0000:00:01.3: quirk: [io  0x0600-0x063f] claimed by PIIX4 ACPI
[    1.434104] pci 0000:00:01.3: quirk: [io  0x0700-0x070f] claimed by PIIX4 SMB
[    1.436813] pci 0000:00:02.0: [1234:1111] type 00 class 0x030000 conventional PCI endpoint
[    1.444600] pci 0000:00:02.0: BAR 0 [mem 0xfd000000-0xfdffffff pref]
[    1.446227] pci 0000:00:02.0: BAR 2 [mem 0xfebb0000-0xfebb0fff]
[    1.448427] pci 0000:00:02.0: ROM [mem 0xfeba0000-0xfebaffff pref]
[    1.454664] pci 0000:00:02.0: Video device with shadowed ROM at [mem 0x000c0000-0x000dffff]
[    1.477143] pci 0000:00:03.0: [8086:100e] type 00 class 0x020000 conventional PCI endpoint
[    1.484085] pci 0000:00:03.0: BAR 0 [mem 0xfeb80000-0xfeb9ffff]
[    1.485158] pci 0000:00:03.0: BAR 1 [io  0xc000-0xc03f]
[    1.488083] pci 0000:00:03.0: ROM [mem 0xfeb00000-0xfeb7ffff pref]
[    1.513461] ACPI: PCI: Interrupt link LNKA configured for IRQ 10
[    1.516723] ACPI: PCI: Interrupt link LNKB configured for IRQ 10
[    1.518609] ACPI: PCI: Interrupt link LNKC configured for IRQ 11
[    1.520558] ACPI: PCI: Interrupt link LNKD configured for IRQ 11
[    1.522491] ACPI: PCI: Interrupt link LNKS configured for IRQ 9
[    1.536353] iommu: Default domain type: Translated
[    1.537079] iommu: DMA domain TLB invalidation policy: lazy mode
[    1.550805] SCSI subsystem initialized
[    1.555818] ACPI: bus type USB registered
[    1.556505] usbcore: registered new interface driver usbfs
[    1.558293] usbcore: registered new interface driver hub
[    1.559102] usbcore: registered new device driver usb
[    1.561181] pps_core: LinuxPPS API ver. 1 registered
[    1.562085] pps_core: Software ver. 5.3.6 - Copyright 2005-2007 Rodolfo Giometti <giometti@linux.it>
[    1.564098] PTP clock support registered
[    1.569799] Advanced Linux Sound Architecture Driver Initialized.
[    1.576764] NetLabel: Initializing
[    1.577083] NetLabel:  domain hash size = 128
[    1.578089] NetLabel:  protocols = UNLABELED CIPSOv4 CALIPSO
[    1.579565] NetLabel:  unlabeled traffic allowed by default
[    1.582833] PCI: Using ACPI for IRQ routing
[    1.587663] pci 0000:00:02.0: vgaarb: setting as boot VGA device
[    1.588074] pci 0000:00:02.0: vgaarb: bridge control possible
[    1.588074] pci 0000:00:02.0: vgaarb: VGA device added: decodes=io+mem,owns=io+mem,locks=none
[    1.588093] vgaarb: loaded
[    1.594092] hpet: 3 channels of 0 reserved for per-cpu timers
[    1.595367] hpet0: at MMIO 0xfed00000, IRQs 2, 8, 0
[    1.596085] hpet0: 3 comparators, 64-bit 100.000000 MHz counter
[    1.620344] clocksource: Switched to clocksource kvm-clock
[    1.652138] VFS: Disk quotas dquot_6.6.0
[    1.658725] VFS: Dquot-cache hash table entries: 512 (order 0, 4096 bytes)
[    1.674303] pnp: PnP ACPI init
[    1.690320] pnp: PnP ACPI: found 6 devices
[    1.777889] clocksource: acpi_pm: mask: 0xffffff max_cycles: 0xffffff, max_idle_ns: 2085701024 ns
[    1.782687] NET: Registered PF_INET protocol family
[    1.789088] IP idents hash table entries: 32768 (order: 6, 262144 bytes, linear)
[    1.799851] tcp_listen_portaddr_hash hash table entries: 1024 (order: 5, 73728 bytes, linear)
[    1.804668] Table-perturb hash table entries: 65536 (order: 6, 262144 bytes, linear)
[    1.812245] TCP established hash table entries: 16384 (order: 5, 131072 bytes, linear)
[    1.817170] TCP bind hash table entries: 16384 (order: 10, 2359296 bytes, linear)
[    1.840761] TCP: Hash tables configured (established 16384 bind 16384)
[    1.850036] UDP hash table entries: 1024 (order: 6, 262144 bytes, linear)
[    1.860086] UDP-Lite hash table entries: 1024 (order: 6, 262144 bytes, linear)
[    1.881073] NET: Registered PF_UNIX/PF_LOCAL protocol family
[    1.898744] RPC: Registered named UNIX socket transport module.
[    1.905030] RPC: Registered udp transport module.
[    1.910403] RPC: Registered tcp transport module.
[    1.916576] RPC: Registered tcp-with-tls transport module.
[    1.921812] RPC: Registered tcp NFSv4.1 backchannel transport module.
[    1.935839] pci_bus 0000:00: resource 4 [io  0x0000-0x0cf7 window]
[    1.941516] pci_bus 0000:00: resource 5 [io  0x0d00-0xffff window]
[    1.948160] pci_bus 0000:00: resource 6 [mem 0x000a0000-0x000bffff window]
[    1.957503] pci_bus 0000:00: resource 7 [mem 0x80000000-0xfebfffff window]
[    1.964091] pci_bus 0000:00: resource 8 [mem 0x100000000-0x17fffffff window]
[    1.976928] pci 0000:00:01.0: PIIX3: Enabling Passive Release
[    1.985614] pci 0000:00:00.0: Limiting direct PCI/PCI transfers
[    1.997134] PCI: CLS 0 bytes, default 64
[    2.003727] clocksource: tsc: mask: 0xffffffffffffffff max_cycles: 0x22df0d21928, max_idle_ns: 440795225288 ns
[    2.038788] Initialise system trusted keyrings
[    2.045013] workingset: timestamp_bits=40 max_order=19 bucket_order=0
[    2.054337] NFS: Registering the id_resolver key type
[    2.058925] Key type id_resolver registered
[    2.061786] Key type id_legacy registered
[    2.066966] 9p: Installing v9fs 9p2000 file system support
[    2.122760] Key type asymmetric registered
[    2.127149] Asymmetric key parser 'x509' registered
[    2.134008] Block layer SCSI generic (bsg) driver version 0.4 loaded (major 251)
[    2.141992] io scheduler mq-deadline registered
[    2.146133] io scheduler kyber registered
[    2.154627] input: Power Button as /devices/LNXSYSTM:00/LNXPWRBN:00/input/input0
[    2.164420] ACPI: button: Power Button [PWRF]
[    2.179789] Serial: 8250/16550 driver, 4 ports, IRQ sharing enabled
[    2.192700] 00:04: ttyS0 at I/O 0x3f8 (irq = 4, base_baud = 115200) is a 16550A
[    2.210480] Non-volatile memory driver v1.3
[    2.214499] Linux agpgart interface v0.103
[    2.248869] ACPI: bus type drm_connector registered
[    2.289789] loop: module loaded
[    2.295694] zram: Added device: zram0
[    2.309310] scsi host0: ata_piix
[    2.315126] scsi host1: ata_piix
[    2.319079] ata1: PATA max MWDMA2 cmd 0x1f0 ctl 0x3f6 bmdma 0xc040 irq 14 lpm-pol 0
[    2.327046] ata2: PATA max MWDMA2 cmd 0x170 ctl 0x376 bmdma 0xc048 irq 15 lpm-pol 0
[    2.340892] tun: Universal TUN/TAP device driver, 1.6
[    2.350837] e100: Intel(R) PRO/100 Network Driver
[    2.356062] e100: Copyright(c) 1999-2006 Intel Corporation
[    2.360384] e1000: Intel(R) PRO/1000 Network Driver
[    2.364939] e1000: Copyright (c) 1999-2006 Intel Corporation.
[    2.497531] ata2: found unknown device (class 0)
[    2.506390] ata2.00: ATAPI: QEMU DVD-ROM, 2.5+, max UDMA/100
[    2.510475] ACPI: \_SB_.LNKC: Enabled at IRQ 11
[    2.524186] scsi 1:0:0:0: CD-ROM            QEMU     QEMU DVD-ROM     2.5+ PQ: 0 ANSI: 5
[    2.588673] sr 1:0:0:0: [sr0] scsi3-mmc drive: 4x/4x cd/rw xa/form2 tray
[    2.595792] cdrom: Uniform CD-ROM driver Revision: 3.20
[    2.639391] sr 1:0:0:0: Attached scsi generic sg0 type 5
[    3.713110] e1000 0000:00:03.0 eth0: (PCI:33MHz:32-bit) 52:54:00:12:34:56
[    3.720454] e1000 0000:00:03.0 eth0: Intel(R) PRO/1000 Network Connection
[    3.727757] e1000e: Intel(R) PRO/1000 Network Driver
[    3.732835] e1000e: Copyright(c) 1999 - 2015 Intel Corporation.
[    3.738942] sky2: driver version 1.30
[    3.747223] usbcore: registered new interface driver usblp
[    3.755837] usbcore: registered new interface driver usb-storage
[    3.762348] i8042: PNP: PS/2 Controller [PNP0303:KBD,PNP0f13:MOU] at 0x60,0x64 irq 1,12
[    3.781458] serio: i8042 KBD port at 0x60,0x64 irq 1
[    3.787189] serio: i8042 AUX port at 0x60,0x64 irq 12
[    3.797957] rtc_cmos 00:05: RTC can wake from S4
[    3.798099] input: AT Translated Set 2 keyboard as /devices/platform/i8042/serio0/input/input1
[    3.814046] rtc_cmos 00:05: registered as rtc0
[    3.820287] rtc_cmos 00:05: alarms up to one day, y3k, 242 bytes nvram, hpet irqs
[    3.837093] device-mapper: ioctl: 4.50.0-ioctl (2025-04-28) initialised: dm-devel@lists.linux.dev
[    3.855237] intel_pstate: CPU model not supported
[    3.862271] hid: raw HID events driver (C) Jiri Kosina
[    3.874002] usbcore: registered new interface driver usbhid
[    3.882657] usbhid: USB HID core driver
[    3.906772] xt_time: kernel timezone is -0000
[    3.913134] Initializing XFRM netlink socket
[    3.918847] NET: Registered PF_INET6 protocol family
[    3.933976] Segment Routing with IPv6
[    3.937087] In-situ OAM (IOAM) with IPv6
[    3.941030] sit: IPv6, IPv4 and MPLS over IPv4 tunneling driver
[    3.947759] NET: Registered PF_PACKET protocol family
[    3.953712] NET: Registered PF_KEY protocol family
[    3.959128] 9pnet: Installing 9P2000 support
[    3.964355] Key type dns_resolver registered
[    3.970273] NET: Registered PF_VSOCK protocol family
[    3.981729] IPI shorthand broadcast: enabled
[    4.021993] sched_clock: Marking stable (3168211132, 853427971)->(4967539794, -945900691)
[    4.031121] registered taskstats version 1
[    4.041163] Loading compiled-in X.509 certificates
[    4.077904] Demotion targets for Node 0: null
[    4.083216] Key type .fscrypt registered
[    4.087059] Key type fscrypt-provisioning registered
[    4.092162] PM:   Magic number: 10:646:140
[    4.093998] acpi device:11: hash matches
[    4.096185] netconsole: network logging started
[    4.098776] cfg80211: Loading compiled-in X.509 certificates for regulatory database
[    4.109566] kworker/u16:1 (72) used greatest stack depth: 14248 bytes left
[    4.115361] Loaded X.509 cert 'sforshee: 00b28ddf47aef9cea7'
[    4.122901] Loaded X.509 cert 'wens: 61c038651aabdcf94bd0ac7ff06c7248db18c600'
[    4.132650] ALSA device list:
[    4.136020]   No soundcards found.
[    4.136785] faux_driver regulatory: Direct firmware load for regulatory.db failed with error -2
[    4.137910] KTAP version 1
[    4.141831] cfg80211: failed to load regulatory.db
[    4.145089] 1..3
[    4.155077]     KTAP version 1
[    4.163151]     # Subtest: corten
[    4.167870]     # module: corten_test
[    4.167883]     1..25
[    4.180102]     ok 1 corten_test_layout # SKIP corten=on boot
[    4.184677]     ok 2 corten_test_ptdesc_get_put
[    4.195128]     ok 3 corten_test_meta_roundtrip
[    4.208857]     ok 4 corten_test_meta_reinit_cleared
[    4.213873]     ok 5 corten_test_covering_level
[    4.220736]     ok 6 corten_test_covering_base_index
[    4.230343]     ok 7 corten_test_txn_covering
[    4.239239]     ok 8 corten_test_txn_hole
[    4.246084]     ok 9 corten_test_txn_stale_eagain
[    4.253156]     ok 10 corten_test_lock_range_args
[    4.260872]     ok 11 corten_test_txn_state_machine
[    4.270446]     ok 12 corten_test_txn_atomic_validate
[    4.278561]     ok 13 corten_test_txn_real_glue
[    4.341355] kunit_try_catch (102) used greatest stack depth: 14144 bytes left
[    4.344291]     ok 14 corten_test_txn_mutex_overlap
[    4.370251] input: ImExPS/2 Generic Explorer Mouse as /devices/platform/i8042/serio1/input/input3
[    4.395263]     ok 15 corten_test_txn_mutex_disjoint
[    4.399882]     ok 16 corten_test_fail_alloc
[    4.403917]     ok 17 corten_test_txn_hole_fill
[    4.414843] kunit_try_catch (114) used greatest stack depth: 14072 bytes left
[    4.415713]     ok 18 corten_test_txn_hole_race
[    4.684317]     ok 19 corten_test_txn_uninstall_interlock
[    4.690766]     ok 20 corten_test_uninstall_bh_ctx
[    4.696620] ------------[ cut here ]------------
[    4.706924] WARNING: CPU: 1 PID: 124 at mm/corten.c:865 corten_txn_begin+0x191/0x4b0
[    4.715219] Modules linked in:
[    4.718943] CPU: 1 UID: 0 PID: 124 Comm: kunit_try_catch Tainted: G                 N  6.18.32-gd4badaed5b7d-dirty #27 PREEMPT(voluntary) 
[    4.731157] Tainted: [N]=TEST
[    4.734800] Hardware name: QEMU Standard PC (i440FX + PIIX, 1996), BIOS 1.15.0-1 04/01/2014
[    4.742279] RIP: 0010:corten_txn_begin+0x191/0x4b0
[    4.748720] Code: 02 00 00 4c 89 ff 48 89 04 24 e8 0a b2 ff 00 4c 89 ff e8 42 ac ff 00 48 8b 04 24 41 0f b6 4f 5d 38 48 5d 0f 87 65 ff ff ff 90 <0f> 0b 90 41 80 7e 48 04 0f 86 61 ff ff ff 90 0f 0b 90 48 89 c7 e8
[    4.770313] RSP: 0000:ffffb717c04dfda0 EFLAGS: 00010246
[    4.775249] RAX: ffff9926037cc480 RBX: 0000000000000fff RCX: 0000000000000002
[    4.782340] RDX: 0000000000000001 RSI: ffffffff84564f60 RDI: ffff992603e0cf80
[    4.791100] RBP: 0000000000000000 R08: 0000000000000000 R09: 0000000000000000
[    4.797485] R10: 0000000000000001 R11: 0000000000000080 R12: ffffffff83a3e810
[    4.803768] R13: ffff992601c89a00 R14: ffffb717c04dfe00 R15: ffff9926037cc3c0
[    4.812369] FS:  0000000000000000(0000) GS:ffff9926f8b39000(0000) knlGS:0000000000000000
[    4.824648] CS:  0010 DS: 0000 ES: 0000 CR0: 0000000080050033
[    4.831852] CR2: 0000000000000000 CR3: 0000000042050000 CR4: 00000000000006f0
[    4.837670] Call Trace:
[    4.840423]  <TASK>
[    4.842189]  ? __pfx_kunit_generic_run_threadfn_adapter+0x10/0x10
[    4.847159]  corten_test_txn_path_overflow+0xb5/0x2a0
[    4.851652]  ? kunit_try_run_case+0x63/0x150
[    4.853896]  ? __pfx_kunit_generic_run_threadfn_adapter+0x10/0x10
[    4.861003]  kunit_try_run_case+0x6f/0x150
[    4.864767]  ? __pfx_kunit_generic_run_threadfn_adapter+0x10/0x10
[    4.870203]  ? __pfx_kunit_generic_run_threadfn_adapter+0x10/0x10
[    4.876211]  kunit_generic_run_threadfn_adapter+0x1c/0x40
[    4.880558]  kthread+0x110/0x210
[    4.884647]  ? __pfx_kthread+0x10/0x10
[    4.887486]  ret_from_fork+0x149/0x160
[    4.892045]  ? __pfx_kthread+0x10/0x10
[    4.894770]  ret_from_fork_asm+0x1a/0x30
[    4.899358]  </TASK>
[    4.901839] ---[ end trace 0000000000000000 ]---
[    4.907922] ------------[ cut here ]------------
[    4.913556] WARNING: CPU: 1 PID: 124 at mm/corten.c:812 corten_txn_begin+0x1a0/0x4b0
[    4.925347] Modules linked in:
[    4.928822] CPU: 1 UID: 0 PID: 124 Comm: kunit_try_catch Tainted: G        W        N  6.18.32-gd4badaed5b7d-dirty #27 PREEMPT(voluntary) 
[    4.937174] Tainted: [W]=WARN, [N]=TEST
[    4.942161] Hardware name: QEMU Standard PC (i440FX + PIIX, 1996), BIOS 1.15.0-1 04/01/2014
[    4.950275] RIP: 0010:corten_txn_begin+0x1a0/0x4b0
[    4.956230] Code: 4c 89 ff e8 42 ac ff 00 48 8b 04 24 41 0f b6 4f 5d 38 48 5d 0f 87 65 ff ff ff 90 0f 0b 90 41 80 7e 48 04 0f 86 61 ff ff ff 90 <0f> 0b 90 48 89 c7 e8 95 f5 ff ff 41 0f b6 46 48 84 c0 74 28 83 e8
[    4.974688] RSP: 0000:ffffb717c04dfda0 EFLAGS: 00010202
[    4.980642] RAX: ffff9926037cc780 RBX: 0000000000000fff RCX: 0000000000000002
[    4.988211] RDX: 0000000000000005 RSI: ffffffff84564f60 RDI: ffff992603e0cf80
[    4.993763] RBP: 0000000000000000 R08: 0000000000000000 R09: 0000000000000000
[    4.999460] R10: 0000000000000001 R11: 0000000000000080 R12: ffffffff83a3e810
[    5.004110] R13: ffff992601c89a00 R14: ffffb717c04dfe00 R15: ffff9926037cc6c0
[    5.009595] FS:  0000000000000000(0000) GS:ffff9926f8b39000(0000) knlGS:0000000000000000
[    5.018764] CS:  0010 DS: 0000 ES: 0000 CR0: 0000000080050033
[    5.021512] CR2: 0000000000000000 CR3: 0000000042050000 CR4: 00000000000006f0
[    5.026631] Call Trace:
[    5.029118]  <TASK>
[    5.031094]  ? __pfx_kunit_generic_run_threadfn_adapter+0x10/0x10
[    5.035391]  corten_test_txn_path_overflow+0xb5/0x2a0
[    5.039494]  ? kunit_try_run_case+0x63/0x150
[    5.041772]  kunit_try_run_case+0x6f/0x150
[    5.045426]  ? __pfx_kunit_generic_run_threadfn_adapter+0x10/0x10
[    5.049896]  ? __pfx_kunit_generic_run_threadfn_adapter+0x10/0x10
[    5.055006]  kunit_generic_run_threadfn_adapter+0x1c/0x40
[    5.059248]  kthread+0x110/0x210
[    5.063547]  ? __pfx_kthread+0x10/0x10
[    5.067996]  ret_from_fork+0x149/0x160
[    5.071081]  ? __pfx_kthread+0x10/0x10
[    5.074360]  ret_from_fork_asm+0x1a/0x30
[    5.080331]  </TASK>
[    5.082094] ---[ end trace 0000000000000000 ]---
[    5.086860] kunit_try_catch (124) used greatest stack depth: 13520 bytes left
[    5.087997]     ok 21 corten_test_txn_path_overflow
[    5.096842]     ok 22 corten_test_txn_child_err
[    5.105820]     ok 23 corten_test_real_huge_leaf
[    5.115873]     ok 24 corten_test_full_window_atomic
[    5.124742]     ok 25 corten_test_debugfs_content
[    5.129785] # corten: pass:24 fail:0 skip:1 total:25
[    5.134249] # Totals: pass:24 fail:0 skip:1 total:25
[    5.139722] ok 1 corten
[    5.144257]     KTAP version 1
[    5.147457]     # Subtest: corten_arena
[    5.150722]     # module: corten_arena_test
[    5.150729]     1..76
[    5.161283]     ok 1 corten_arena_test_declare_reject
[    5.170961]     ok 2 corten_arena_test_declare_reject_flags
[    5.180070]     ok 3 corten_arena_test_declare_query
[    5.187638]     ok 4 corten_arena_test_range_overlaps
[    5.206706]     ok 5 corten_arena_test_release
[    5.211870]     ok 6 corten_arena_test_ref_born_atomic
[    5.215416]     ok 7 corten_arena_test_release_classify
[    5.224645]     ok 8 corten_arena_test_shadow_vma
[    5.232712]     ok 9 corten_arena_test_exit
[    5.236322]     ok 10 corten_arena_test_prctl
[    5.245907]     ok 11 corten_arena_test_mode
[    5.255816]     ok 12 corten_arena_test_auto_classify
[    5.260905]     ok 13 corten_arena_test_auto_classify_file
[    5.270881]     ok 14 corten_arena_test_auto_place
[    5.284445]     ok 15 corten_arena_test_auto_route
[    5.299701]     ok 16 corten_arena_test_auto_attach_release
[    5.318213] BUG: non-zero pgtables_bytes on freeing mm: 12288
[    5.323991] BUG: non-zero pgtables_bytes on freeing mm: 12288
[    5.330716]     ok 17 corten_arena_test_file_lifecycle
[    5.333567] ------------[ cut here ]------------
[    5.340955] corten: VM_CORTEN vma reached zap_page_range_single()
[    5.346044] WARNING: CPU: 1 PID: 186 at mm/corten_arena.c:1382 corten_zap_single_guard+0x39/0x50
[    5.353967] Modules linked in:
[    5.356054] CPU: 1 UID: 0 PID: 186 Comm: kunit_try_catch Tainted: G        W        N  6.18.32-gd4badaed5b7d-dirty #27 PREEMPT(voluntary) 
[    5.370028] Tainted: [W]=WARN, [N]=TEST
[    5.373934] Hardware name: QEMU Standard PC (i440FX + PIIX, 1996), BIOS 1.15.0-1 04/01/2014
[    5.380172] RIP: 0010:corten_zap_single_guard+0x39/0x50
[    5.384122] Code: 05 14 39 bc 02 0f b6 05 ce 8a d4 01 84 c0 74 05 e9 bc b6 fe 00 c6 05 be 8a d4 01 01 90 48 c7 c7 a0 fc 0a 84 e8 f8 14 cc ff 90 <0f> 0b 90 90 b8 01 00 00 00 e9 99 b6 fe 00 66 0f 1f 84 00 00 00 00
[    5.400788] RSP: 0000:ffffb717c062fd60 EFLAGS: 00010282
[    5.405560] RAX: 0000000000000000 RBX: 0000000000000003 RCX: 00000000ffffdfff
[    5.411626] RDX: 0000000000000000 RSI: 00000000ffffffea RDI: 0000000000000001
[    5.416148] RBP: ffff992603c29c00 R08: ffffffff84562828 R09: 00000000ffffdfff
[    5.423138] R10: ffffffff84482840 R11: ffffffff84532840 R12: 0000000001801000
[    5.429404] R13: 0000000000001000 R14: 0000000000000000 R15: 0000000000000000
[    5.435607] FS:  0000000000000000(0000) GS:ffff9926f8b39000(0000) knlGS:0000000000000000
[    5.444032] CS:  0010 DS: 0000 ES: 0000 CR0: 0000000080050033
[    5.449190] CR2: 0000000000000000 CR3: 0000000042050000 CR4: 00000000000006f0
[    5.457100] Call Trace:
[    5.460521]  <TASK>
[    5.463293]  zap_page_range_single+0x1c/0x50
[    5.467342]  corten_arena_test_truncate_route+0xd0b/0x18f0
[    5.473129]  ? find_held_lock+0x2b/0x80
[    5.477652]  ? __pfx_kunit_generic_run_threadfn_adapter+0x10/0x10
[    5.483323]  kunit_try_run_case+0x6f/0x150
[    5.488663]  ? __pfx_kunit_generic_run_threadfn_adapter+0x10/0x10
[    5.494685]  ? __pfx_kunit_generic_run_threadfn_adapter+0x10/0x10
[    5.499269]  kunit_generic_run_threadfn_adapter+0x1c/0x40
[    5.505125]  kthread+0x110/0x210
[    5.507284]  ? __pfx_kthread+0x10/0x10
[    5.511168]  ret_from_fork+0x149/0x160
[    5.515906]  ? __pfx_kthread+0x10/0x10
[    5.519549]  ret_from_fork_asm+0x1a/0x30
[    5.523481]  </TASK>
[    5.524784] ---[ end trace 0000000000000000 ]---
[    5.529433] kunit_try_catch (186) used greatest stack depth: 13456 bytes left
[    5.532298]     ok 18 corten_arena_test_truncate_route
[    5.549222]     ok 19 corten_arena_test_file_read
[    5.557761] BUG: non-zero pgtables_bytes on freeing mm: 24576
[    5.571076]     ok 20 corten_arena_test_file_cow
[    5.576050] BUG: non-zero pgtables_bytes on freeing mm: 12288
[    5.589054] BUG: non-zero pgtables_bytes on freeing mm: 12288
[    5.600112]     ok 21 corten_arena_test_file_fork_mirror
[    5.602169] BUG: non-zero pgtables_bytes on freeing mm: 12288
[    5.613981] BUG: non-zero pgtables_bytes on freeing mm: 12288
[    5.626063]     ok 22 corten_arena_test_file_fork_cow
[    5.634791] BUG: non-zero pgtables_bytes on freeing mm: 12288
[    5.650176]     ok 23 corten_arena_test_file_fork_pinned
[    5.652105] BUG: non-zero pgtables_bytes on freeing mm: 16384
[    5.665124]     ok 24 corten_arena_test_file_hugetlb_route
[    5.669225] BUG: non-zero pgtables_bytes on freeing mm: 16384
[    5.682315] BUG: non-zero pgtables_bytes on freeing mm: 12288
[    5.690403]     ok 25 corten_arena_test_mag_recycle
[    5.699203]     ok 26 corten_arena_test_mag_marker
[    5.707965] BUG: non-zero pgtables_bytes on freeing mm: 12288
[    5.722111] BUG: non-zero pgtables_bytes on freeing mm: 12288
[    5.733891]     ok 27 corten_arena_test_pool_reuse
[    5.743033] BUG: non-zero pgtables_bytes on freeing mm: 16384
[    5.782441]     ok 28 corten_arena_test_pool_limit
[    5.791205]     ok 29 corten_arena_test_pool_mode_exit
[    5.804847]     ok 30 corten_arena_test_pool_fork
[    5.825918]     ok 31 corten_arena_test_noreplace_parked
[    5.839333]     ok 32 corten_arena_test_noreplace_active
[    5.873444]     ok 33 corten_arena_test_mapfixed_over_parked
[    5.896842]     ok 34 corten_arena_test_occupied_incl_idle
[    5.911308] ------------[ cut here ]------------
[    5.922354] corten: foreign vma in parked window 800000-1000000
[    5.928425] WARNING: CPU: 0 PID: 266 at mm/corten_arena.c:8437 corten_arena_pool_reactivate+0x1a2/0x1b0
[    5.939365] Modules linked in:
[    5.942612] CPU: 0 UID: 0 PID: 266 Comm: kunit_try_catch Tainted: G        W        N  6.18.32-gd4badaed5b7d-dirty #27 PREEMPT(voluntary) 
[    5.953318] Tainted: [W]=WARN, [N]=TEST
[    5.956658] Hardware name: QEMU Standard PC (i440FX + PIIX, 1996), BIOS 1.15.0-1 04/01/2014
[    5.964940] RIP: 0010:corten_arena_pool_reactivate+0x1a2/0x1b0
[    5.969365] Code: 85 89 00 00 00 01 b8 f4 ff ff ff eb 87 c6 05 4b 90 d4 01 01 90 48 8b 55 08 48 8b 75 00 48 c7 c7 70 fc 0a 84 e8 7f 1a cc ff 90 <0f> 0b 90 90 eb a9 0f 1f 84 00 00 00 00 00 90 90 90 90 90 90 90 90
[    5.986085] RSP: 0000:ffffb717c07ffd50 EFLAGS: 00010286
[    5.990010] RAX: 0000000000000000 RBX: 000000000000000b RCX: 00000000ffffdfff
[    5.996529] RDX: 0000000000000000 RSI: 00000000ffffffea RDI: 0000000000000001
[    6.003449] RBP: ffff992601e9f200 R08: ffffffff84562828 R09: 00000000ffffdfff
[    6.012120] R10: ffffffff84482840 R11: ffffffff84532840 R12: 0000000000200073
[    6.019013] R13: ffff992601222c00 R14: 0000000000000800 R15: ffff992601062b00
[    6.023877] FS:  0000000000000000(0000) GS:ffff9926f8ab9000(0000) knlGS:0000000000000000
[    6.031897] CS:  0010 DS: 0000 ES: 0000 CR0: 0000000080050033
[    6.035788] CR2: ffff992643401000 CR3: 0000000042050000 CR4: 00000000000006f0
[    6.042762] Call Trace:
[    6.046810]  <TASK>
[    6.049196]  corten_arena_auto_mmap_route+0x410/0x450
[    6.055951]  ? __pfx_kunit_generic_run_threadfn_adapter+0x10/0x10
[    6.063208]  corten_arena_test_p4_eject+0x1f6/0x6f0
[    6.069259]  ? __pfx_kunit_generic_run_threadfn_adapter+0x10/0x10
[    6.076359]  kunit_try_run_case+0x6f/0x150
[    6.080609]  ? _raw_spin_unlock_irqrestore+0x2f/0x50
[    6.086662]  ? __pfx_kunit_generic_run_threadfn_adapter+0x10/0x10
[    6.092075]  kunit_generic_run_threadfn_adapter+0x1c/0x40
[    6.096346]  kthread+0x110/0x210
[    6.099134]  ? __pfx_kthread+0x10/0x10
[    6.100896]  ret_from_fork+0x149/0x160
[    6.102833]  ? __pfx_kthread+0x10/0x10
[    6.105630]  ret_from_fork_asm+0x1a/0x30
[    6.109148]  </TASK>
[    6.110611] ---[ end trace 0000000000000000 ]---
[    6.117409] kunit_try_catch (266) used greatest stack depth: 13440 bytes left
[    6.123122]     ok 35 corten_arena_test_p4_eject
[    6.141212]     ok 36 corten_arena_test_hint_fence
[    6.156153]     ok 37 corten_arena_test_vma_free_reuse
[    6.169928]     ok 38 corten_arena_test_inv_mv3
[    6.177023] BUG: non-zero pgtables_bytes on freeing mm: 12288
[    6.188924] BUG: non-zero pgtables_bytes on freeing mm: 16384
[    6.199684]     ok 39 corten_arena_test_fork_vma_free
[    6.210795]     ok 40 corten_arena_test_vma_free_shrink_pick
[    6.219064] BUG: non-zero pgtables_bytes on freeing mm: 16384
[    6.230806]     ok 41 corten_arena_test_carrier_shrink_pick
[    6.233065]     ok 42 corten_arena_test_auto_validate
[    6.244918]     ok 43 corten_arena_test_carrier_vma
[    6.263283]     ok 44 corten_arena_test_fork_punch_novma
[    6.274824] BUG: non-zero pgtables_bytes on freeing mm: 12288
[    6.288963]     ok 45 corten_arena_test_fork_redeclare_content
[    6.290997]     ok 46 corten_arena_test_region_record
[    6.303950]     ok 47 corten_arena_test_region_iter
[    6.312801] BUG: non-zero pgtables_bytes on freeing mm: 12288
[    6.329973]     ok 48 corten_arena_test_region_park
[    6.335680]     ok 49 corten_arena_test_region_fork
[    6.347554]     ok 50 corten_arena_test_mprotect_route
[    6.351250]     ok 51 corten_arena_test_protect_flags_kernel_gate
[    6.361660]     ok 52 corten_arena_test_madvise_route
[    6.406165]     ok 53 corten_arena_test_mremap_route
[    6.428022] BUG: non-zero pgtables_bytes on freeing mm: 24576
[    6.442152]     ok 54 corten_arena_test_fork_faithful
[    6.446011] BUG: non-zero pgtables_bytes on freeing mm: 12288
[    6.460844]     ok 55 corten_arena_test_fork_unwind
[    6.468817] BUG: non-zero pgtables_bytes on freeing mm: 12288
[    6.488904]     ok 56 corten_arena_test_fork_multipiece
[    6.497390]     ok 57 corten_arena_test_fork_perm
[    6.516697]     ok 58 corten_arena_test_inv7_shared_ro
[    6.524007]     ok 59 corten_arena_test_inv7_swapped
[    6.538220] get_swap_device: Bad swap file entry 400000000000077
[    6.550845] BUG: Bad rss-counter state mm:(____ptrval____) type:MM_SWAPENTS val:-1 Comm:kunit_try_catch Pid:345
[    6.561710]     ok 60 corten_arena_test_shrink_registry_count
[    6.567177]     ok 61 corten_arena_test_shrink_aging_two_pass
[    6.578297]     ok 62 corten_arena_test_shrink_rotation
[    6.588253] get_swap_device: Bad swap file entry 400000000000077
[    6.603317] get_swap_device: Bad swap file entry 400000000000077
[    6.610235] corten_arena_op (351) used greatest stack depth: 13344 bytes left
[    6.617661]     ok 63 corten_arena_test_fork_swapped
[    6.624277]     ok 64 corten_arena_test_fork_f2_gate
[   17.021426] ------------[ cut here ]------------
[   17.031776] corten: arena [800000,1000000) drain timed out: leaked transaction reference, leaking the descriptor
[   17.045629] WARNING: CPU: 1 PID: 356 at mm/corten_arena.c:591 corten_arena_drain+0x6f/0x80
[   17.051939] Modules linked in:
[   17.054349] CPU: 1 UID: 0 PID: 356 Comm: kunit_try_catch Tainted: G        W        N  6.18.32-gd4badaed5b7d-dirty #27 PREEMPT(voluntary) 
[   17.067507] Tainted: [W]=WARN, [N]=TEST
[   17.071671] Hardware name: QEMU Standard PC (i440FX + PIIX, 1996), BIOS 1.15.0-1 04/01/2014
[   17.080218] RIP: 0010:corten_arena_drain+0x6f/0x80
[   17.084691] Code: c4 08 31 c0 5b c3 cc cc cc cc 88 44 24 07 c6 05 70 ed d4 01 01 90 48 8b 53 08 48 8b 33 48 c7 c7 10 fc 0a 84 e8 a2 77 cc ff 90 <0f> 0b 90 90 0f b6 44 24 07 eb b4 66 0f 1f 44 00 00 90 90 90 90 90
[   17.100720] RSP: 0000:ffffb717c070fd40 EFLAGS: 00010282
[   17.105358] RAX: 0000000000000000 RBX: ffff992601c99c00 RCX: 00000000ffffdfff
[   17.112867] RDX: 0000000000000000 RSI: 00000000ffffffea RDI: 0000000000000001
[   17.119788] RBP: ffff992602673c00 R08: ffffffff84562828 R09: 00000000ffffdfff
[   17.128361] R10: ffffffff84482840 R11: ffffffff84532840 R12: ffff992602673c58
[   17.135231] R13: ffff992603caa040 R14: ffff992602673d28 R15: ffff992601c99c00
[   17.141894] FS:  0000000000000000(0000) GS:ffff9926f8b39000(0000) knlGS:0000000000000000
[   17.152000] CS:  0010 DS: 0000 ES: 0000 CR0: 0000000080050033
[   17.158085] CR2: 0000000000000000 CR3: 0000000042050000 CR4: 00000000000006f0
[   17.164805] Call Trace:
[   17.168677]  <TASK>
[   17.171092]  corten_arena_fork_begin+0x139/0x220
[   17.176932]  corten_arena_test_fork_begin+0x5e/0x170
[   17.183753]  corten_arena_test_fork_drain_leak+0x18a/0x840
[   17.189909]  ? find_held_lock+0x2b/0x80
[   17.194081]  ? kunit_try_run_case+0x63/0x150
[   17.197277]  ? lock_release+0xc6/0x290
[   17.201022]  ? __pfx_kunit_generic_run_threadfn_adapter+0x10/0x10
[   17.207306]  kunit_try_run_case+0x6f/0x150
[   17.210660]  ? __pfx_kunit_generic_run_threadfn_adapter+0x10/0x10
[   17.216224]  ? __pfx_kunit_generic_run_threadfn_adapter+0x10/0x10
[   17.221652]  kunit_generic_run_threadfn_adapter+0x1c/0x40
[   17.227569]  kthread+0x110/0x210
[   17.231244]  ? __pfx_kthread+0x10/0x10
[   17.234845]  ret_from_fork+0x149/0x160
[   17.238433]  ? __pfx_kthread+0x10/0x10
[   17.241096]  ret_from_fork_asm+0x1a/0x30
[   17.245213]  </TASK>
[   17.246891] ---[ end trace 0000000000000000 ]---
[   17.254137]     # corten_arena_test_fork_drain_leak: Test should be marked slow (runtime: 10.624054223s)
[   17.256609]     ok 65 corten_arena_test_fork_drain_leak
[   17.269405] BUG: Bad rss-counter state mm:(____ptrval____) type:MM_SWAPENTS val:-1 Comm:corten_arena_op Pid:360
[   17.286227]     ok 66 corten_arena_test_unshare_pin
[   17.294377]     ok 67 corten_arena_test_fork_reuse_exclusive
[   17.305256]     ok 68 corten_arena_test_gup_state1_uncommitted
[   17.316316]     ok 69 corten_arena_test_gup_state2_committed_rw
[   17.326035]     ok 70 corten_arena_test_gup_state3_fork_cow
[   17.336205]     ok 71 corten_arena_test_gup_state3b_downgrade_restore
[   17.345155]     ok 72 corten_arena_test_gup_state4_pin_zap
[   17.363817]     ok 73 corten_arena_test_concurrent
[   17.381804]     ok 74 corten_arena_test_concurrent_window
[   17.389201]     ok 75 corten_arena_test_obs_ledger
[   17.399222]     ok 76 corten_arena_test_drain_timeout_stat
[   17.404895] # corten_arena: pass:76 fail:0 skip:0 total:76
[   17.409663] # Totals: pass:76 fail:0 skip:0 total:76
[   17.416180] ok 2 corten_arena
[   17.423119]     KTAP version 1
[   17.426793]     # Subtest: corten_fault
[   17.429304]     # module: corten_fault_test
[   17.429306]     1..33
[   17.439835]     ok 1 corten_fault_test_dispatch
[   17.442060]     ok 2 corten_fault_test_fig8_cow
[   17.449837]     ok 3 corten_fault_test_unmap_classify
[   17.459576]     ok 4 corten_fault_test_mmap_classify
[   17.467366]     ok 5 corten_fault_test_file_may_matrix
[   17.475902]     ok 6 corten_fault_test_punch_classify
[   17.485873]     ok 7 corten_fault_test_map_anon
[   17.494728]     ok 8 corten_fault_test_zero_page
[   17.503800]     ok 9 corten_fault_test_sigsegv
[   17.514456]     ok 10 corten_fault_test_fresh_fault
[   17.621682]     ok 11 corten_fault_test_churn_repro
[   17.627963]     ok 12 corten_fault_test_untracked_drift
[   17.637955]     ok 13 corten_fault_test_restore
[   17.646448]     ok 14 corten_fault_test_cow_reuse
[   17.652819]     ok 15 corten_fault_test_cow_copy
[   17.655157] ------------[ cut here ]------------
[   17.662130] WARNING: CPU: 0 PID: 420 at ./include/linux/rwsem.h:225 corten_fault_test_foll_force+0x7d7/0xcd0
[   17.670603] Modules linked in:
[   17.673701] CPU: 0 UID: 0 PID: 420 Comm: kunit_try_catch Tainted: G        W        N  6.18.32-gd4badaed5b7d-dirty #27 PREEMPT(voluntary) 
[   17.685186] Tainted: [W]=WARN, [N]=TEST
[   17.688758] Hardware name: QEMU Standard PC (i440FX + PIIX, 1996), BIOS 1.15.0-1 04/01/2014
[   17.694625] RIP: 0010:corten_fault_test_foll_force+0x7d7/0xcd0
[   17.699162] Code: 85 0e 05 00 00 48 81 c4 d0 00 00 00 5b 5d 41 5c 41 5d c3 cc cc cc cc 48 81 c7 f0 01 00 00 31 f6 e8 ce a7 f8 00 85 c0 75 78 90 <0f> 0b 90 49 8b 7c 24 10 e9 8e f8 ff ff 4c 89 e0 41 f7 c4 ff 0f 00
[   17.713911] RSP: 0000:ffffb717c0ba7d80 EFLAGS: 00010246
[   17.719346] RAX: 0000000000000000 RBX: ffff992601b66900 RCX: 0000000000000001
[   17.726747] RDX: 0000000000000000 RSI: 0000000000000000 RDI: ffff992601062230
[   17.733312] RBP: ffffb717c0013a08 R08: 0000000000000000 R09: 0000000000000000
[   17.739047] R10: 0000000000000001 R11: ffff992601b5d7a0 R12: ffff992603c29a00
[   17.747090] R13: ffff992602817438 R14: ffffffff82dc3400 R15: ffffb717c0013a48
[   17.754338] FS:  0000000000000000(0000) GS:ffff9926f8ab9000(0000) knlGS:0000000000000000
[   17.763819] CS:  0010 DS: 0000 ES: 0000 CR0: 0000000080050033
[   17.772457] CR2: ffff992643401000 CR3: 0000000042050000 CR4: 00000000000006f0
[   17.779407] Call Trace:
[   17.782209]  <TASK>
[   17.784618]  ? find_held_lock+0x2b/0x80
[   17.787805]  ? finish_task_switch.isra.0+0xe6/0x300
[   17.793144]  ? __lock_acquire.constprop.0+0x309/0x670
[   17.796817]  ? find_held_lock+0x2b/0x80
[   17.801079]  ? kunit_try_run_case+0x63/0x150
[   17.805654]  ? lock_release+0xc6/0x290
[   17.809851]  ? __pfx_kunit_generic_run_threadfn_adapter+0x10/0x10
[   17.815384]  kunit_try_run_case+0x6f/0x150
[   17.820147]  ? __pfx_kunit_generic_run_threadfn_adapter+0x10/0x10
[   17.866311]  ? __pfx_kunit_generic_run_threadfn_adapter+0x10/0x10
[   17.898236]  kunit_generic_run_threadfn_adapter+0x1c/0x40
[   17.911963]  kthread+0x110/0x210
[   17.918596]  ? __pfx_kthread+0x10/0x10
[   17.936036]  ret_from_fork+0x149/0x160
[   17.939078]  ? __pfx_kthread+0x10/0x10
[   17.941639]  ret_from_fork_asm+0x1a/0x30
[   17.945303]  </TASK>
[   17.947616] ---[ end trace 0000000000000000 ]---
[   17.954321] ------------[ cut here ]------------
[   17.958752] WARNING: CPU: 1 PID: 420 at ./include/linux/rwsem.h:225 corten_fault_test_foll_force+0x829/0xcd0
[   17.965295] Modules linked in:
[   17.967414] CPU: 1 UID: 0 PID: 420 Comm: kunit_try_catch Tainted: G        W        N  6.18.32-gd4badaed5b7d-dirty #27 PREEMPT(voluntary) 
[   17.978574] Tainted: [W]=WARN, [N]=TEST
[   17.982352] Hardware name: QEMU Standard PC (i440FX + PIIX, 1996), BIOS 1.15.0-1 04/01/2014
[   17.990637] RIP: 0010:corten_fault_test_foll_force+0x829/0xcd0
[   17.993854] Code: ff ff 49 8b 4c 24 48 48 8d 41 ff 83 e1 01 49 0f 44 c4 e9 f4 fd ff ff 48 81 c7 f0 01 00 00 31 f6 e8 7c a7 f8 00 85 c0 75 5d 90 <0f> 0b 90 49 8b 7c 24 10 e9 42 fe ff ff e9 2e ff ff ff 41 83 e4 42
[   18.028622] RSP: 0000:ffffb717c0ba7d80 EFLAGS: 00010246
[   18.034372] RAX: 0000000000000000 RBX: ffff992601b66900 RCX: 0000000000000001
[   18.042034] RDX: 0000000000000000 RSI: 0000000000000000 RDI: ffff992601062230
[   18.049702] RBP: ffffb717c0013a08 R08: 0000000000000000 R09: 0000000000000000
[   18.055431] R10: 0000000000000001 R11: 0000000000000002 R12: ffff992603c29a00
[   18.062954] R13: 0000000000000000 R14: ffffffff82dc3400 R15: ffffb717c0013a48
[   18.071244] FS:  0000000000000000(0000) GS:ffff9926f8b39000(0000) knlGS:0000000000000000
[   18.079729] CS:  0010 DS: 0000 ES: 0000 CR0: 0000000080050033
[   18.084912] CR2: 0000000000000000 CR3: 0000000042050000 CR4: 00000000000006f0
[   18.089628] Call Trace:
[   18.092389]  <TASK>
[   18.095137]  ? find_held_lock+0x2b/0x80
[   18.099523]  ? find_held_lock+0x2b/0x80
[   18.101975]  ? __kunit_fail_current_test_impl+0xb0/0x170
[   18.108344]  ? __kunit_fail_current_test_impl+0xb0/0x170
[   18.113238]  kunit_try_run_case+0x6f/0x150
[   18.118345]  ? __pfx_kunit_generic_run_threadfn_adapter+0x10/0x10
[   18.125522]  ? __pfx_kunit_generic_run_threadfn_adapter+0x10/0x10
[   18.131873]  kunit_generic_run_threadfn_adapter+0x1c/0x40
[   18.137922]  kthread+0x110/0x210
[   18.141340]  ? __pfx_kthread+0x10/0x10
[   18.145401]  ret_from_fork+0x149/0x160
[   18.149900]  ? __pfx_kthread+0x10/0x10
[   18.152860]  ret_from_fork_asm+0x1a/0x30
[   18.156532]  </TASK>
[   18.159112] ---[ end trace 0000000000000000 ]---
[   18.166430]     ok 16 corten_fault_test_foll_force
[   18.175336]     ok 17 corten_fault_test_cow_race
[   18.184192]     ok 18 corten_fault_test_mprotect_pte
[   18.192623]     ok 19 corten_fault_test_mprotect_fresh
[   18.198691]     ok 20 corten_fault_test_zap_keep_perm
[   18.209026]     ok 21 corten_fault_test_zap_keep_perm_downgrade
[   18.218012]     ok 22 corten_fault_test_untracked_rearm
[   18.233031]     ok 23 corten_fault_test_fill_upper_race
[   18.247161]     ok 24 corten_fault_test_map_race
[   18.256309]     ok 25 corten_fault_test_chunk_unmap
[   18.264341]     ok 26 corten_fault_test_punch_hole
[   18.276698]     ok 27 corten_fault_test_punch_head
[   18.284493]     ok 28 corten_fault_test_rmap_guard
[   18.293350]     ok 29 corten_fault_test_reap_skip
[   18.302531]     ok 30 corten_fault_test_swap_encode
[   18.307692]     ok 31 corten_fault_test_swap_roundtrip # SKIP swap round-trip requires a swap area
[   18.315284]     ok 32 corten_fault_test_swap_zap_free # SKIP swap zap test requires a swap area
[   18.330238]     ok 33 corten_fault_test_swap_mprotect_pending
[   18.338824] # corten_fault: pass:31 fail:0 skip:2 total:33
[   18.345178] # Totals: pass:31 fail:0 skip:2 total:33
[   18.350655] ok 3 corten_fault
[   18.366307] check access for rdinit=/init failed: -2, ignoring
[   18.370057] md: Waiting for all devices to be available before autodetect
[   18.374485] md: If you don't use raid, use raid=noautodetect
[   18.378385] md: Autodetecting RAID arrays.
[   18.381593] md: autorun ...
[   18.383758] md: ... autorun DONE.
[   18.389285] /dev/root: Can't open blockdev
[   18.391976] VFS: Cannot open root device "" or unknown-block(0,0): error -6
[   18.396715] Please append a correct "root=" boot option; here are the available partitions:
[   18.401987] 0b00         1048575 sr0 
[   18.401994]  driver: sr
[   18.406226] List of all bdev filesystems:
[   18.408757]  ext3
[   18.408761]  ext2
[   18.410289]  ext4
[   18.412286]  vfat
[   18.413862]  msdos
[   18.415420]  iso9660
[   18.417101]  f2fs
[   18.418067]  erofs
[   18.418385] 
[   18.420748] Kernel panic - not syncing: VFS: Unable to mount root fs on unknown-block(0,0)
[   18.425661] CPU: 3 UID: 0 PID: 1 Comm: swapper/0 Tainted: G        W        N  6.18.32-gd4badaed5b7d-dirty #27 PREEMPT(voluntary) 
[   18.432840] Tainted: [W]=WARN, [N]=TEST
[   18.435407] Hardware name: QEMU Standard PC (i440FX + PIIX, 1996), BIOS 1.15.0-1 04/01/2014
[   18.440213] Call Trace:
[   18.442265]  <TASK>
[   18.443778]  vpanic+0x34f/0x360
[   18.446397]  panic+0x56/0x60
[   18.448455]  mount_root_generic+0x1ff/0x320
[   18.451667]  prepare_namespace+0x63/0x270
[   18.454446]  kernel_init_freeable+0x3ab/0x3f0
[   18.457597]  ? __pfx_kernel_init+0x10/0x10
[   18.459955]  kernel_init+0x15/0x1c0
[   18.462111]  ret_from_fork+0x149/0x160
[   18.464613]  ? __pfx_kernel_init+0x10/0x10
[   18.466852]  ret_from_fork_asm+0x1a/0x30
[   18.469571]  </TASK>
[   18.479274] Kernel Offset: 0x1400000 from 0xffffffff81000000 (relocation range: 0xffffffff80000000-0xffffffffbfffffff)
