qemu-system-x86_64: warning: host doesn't support requested feature: CPUID.80000001H:ECX.svm [bit 2]
qemu-system-x86_64: warning: host doesn't support requested feature: CPUID.80000001H:ECX.svm [bit 2]
qemu-system-x86_64: warning: host doesn't support requested feature: CPUID.80000001H:ECX.svm [bit 2]
qemu-system-x86_64: warning: host doesn't support requested feature: CPUID.80000001H:ECX.svm [bit 2]
c[?7l[2J[0mSeaBIOS (version 1.15.0-1)


iPXE (https://ipxe.org) 00:03.0 CA00 PCI2.10 PnP PMM+7FF8B310+7FECB310 CA00
Press Ctrl-B to configure iPXE (PCI 00:03.0)...                                                                               


Booting from ROM...
c[?7l[2J[    0.000000] Linux version 6.18.32-gd4badaed5b7d-dirty (ppw@vm) (gcc (Ubuntu 11.4.0-1ubuntu1~22.04.3) 11.4.0, GNU ld (GNU Binutils for Ubuntu) 2.38) #27 SMP PREEMPT_DYNAMIC Wed Sep 23 02:06:27 CST 2026
[    0.000000] Command line: console=ttyS0 panic=-1 kunit.filter_glob=corten*
[    0.000000] x86/CPU: Model not found in latest microcode list
[    0.000000] BIOS-provided physical RAM map:
[    0.000000] BIOS-e820: [mem 0x0000000000000000-0x000000000009fbff] usable
[    0.000000] BIOS-e820: [mem 0x000000000009fc00-0x000000000009ffff] reserved
[    0.000000] BIOS-e820: [mem 0x00000000000f0000-0x00000000000fffff] reserved
[    0.000000] BIOS-e820: [mem 0x0000000000100000-0x000000007ffdffff] usable
[    0.000000] BIOS-e820: [mem 0x000000007ffe0000-0x000000007fffffff] reserved
[    0.000000] BIOS-e820: [mem 0x00000000feffc000-0x00000000feffffff] reserved
[    0.000000] BIOS-e820: [mem 0x00000000fffc0000-0x00000000ffffffff] reserved
[    0.000000] NX (Execute Disable) protection: active
[    0.000000] APIC: Static calls initialized
[    0.000000] SMBIOS 2.8 present.
[    0.000000] DMI: QEMU Standard PC (i440FX + PIIX, 1996), BIOS 1.15.0-1 04/01/2014
[    0.000000] DMI: Memory slots populated: 1/1
[    0.000000] Hypervisor detected: KVM
[    0.000000] last_pfn = 0x7ffe0 max_arch_pfn = 0x400000000
[    0.000000] kvm-clock: Using msrs 4b564d01 and 4b564d00
[    0.000006] kvm-clock: using sched offset of 2166995474 cycles
[    0.000011] clocksource: kvm-clock: mask: 0xffffffffffffffff max_cycles: 0x1cd42e4dffb, max_idle_ns: 881590591483 ns
[    0.000076] tsc: Detected 2419.196 MHz processor
[    0.004180] last_pfn = 0x7ffe0 max_arch_pfn = 0x400000000
[    0.004829] MTRR map: 4 entries (3 fixed + 1 variable; max 19), built from 8 variable MTRRs
[    0.004845] x86/PAT: Configuration [0-7]: WB  WC  UC- UC  WB  WP  UC- WT  
[    0.021362] found SMP MP-table at [mem 0x000f5ba0-0x000f5baf]
[    0.022437] ACPI: Early table checksum verification disabled
[    0.022583] ACPI: RSDP 0x00000000000F59E0 000014 (v00 BOCHS )
[    0.022715] ACPI: RSDT 0x000000007FFE1A1C 000034 (v01 BOCHS  BXPC     00000001 BXPC 00000001)
[    0.022797] ACPI: FACP 0x000000007FFE18B8 000074 (v01 BOCHS  BXPC     00000001 BXPC 00000001)
[    0.022913] ACPI: DSDT 0x000000007FFE0040 001878 (v01 BOCHS  BXPC     00000001 BXPC 00000001)
[    0.022941] ACPI: FACS 0x000000007FFE0000 000040
[    0.022947] ACPI: APIC 0x000000007FFE192C 000090 (v01 BOCHS  BXPC     00000001 BXPC 00000001)
[    0.022952] ACPI: HPET 0x000000007FFE19BC 000038 (v01 BOCHS  BXPC     00000001 BXPC 00000001)
[    0.022958] ACPI: WAET 0x000000007FFE19F4 000028 (v01 BOCHS  BXPC     00000001 BXPC 00000001)
[    0.022963] ACPI: Reserving FACP table memory at [mem 0x7ffe18b8-0x7ffe192b]
[    0.022967] ACPI: Reserving DSDT table memory at [mem 0x7ffe0040-0x7ffe18b7]
[    0.022969] ACPI: Reserving FACS table memory at [mem 0x7ffe0000-0x7ffe003f]
[    0.022971] ACPI: Reserving APIC table memory at [mem 0x7ffe192c-0x7ffe19bb]
[    0.022972] ACPI: Reserving HPET table memory at [mem 0x7ffe19bc-0x7ffe19f3]
[    0.022974] ACPI: Reserving WAET table memory at [mem 0x7ffe19f4-0x7ffe1a1b]
[    0.028028] No NUMA configuration found
[    0.028037] Faking a node at [mem 0x0000000000000000-0x000000007ffdffff]
[    0.028049] NODE_DATA(0) allocated [mem 0x7ffdbe40-0x7ffdffff]
[    0.029772] Zone ranges:
[    0.029775]   DMA      [mem 0x0000000000001000-0x0000000000ffffff]
[    0.029778]   DMA32    [mem 0x0000000001000000-0x000000007ffdffff]
[    0.029780]   Normal   empty
[    0.029781] Movable zone start for each node
[    0.029782] Early memory node ranges
[    0.029782]   node   0: [mem 0x0000000000001000-0x000000000009efff]
[    0.029795]   node   0: [mem 0x0000000000100000-0x000000007ffdffff]
[    0.029807] Initmem setup node 0 [mem 0x0000000000001000-0x000000007ffdffff]
[    0.030677] On node 0, zone DMA: 1 pages in unavailable ranges
[    0.032002] On node 0, zone DMA: 97 pages in unavailable ranges
[    0.205343] On node 0, zone DMA32: 32 pages in unavailable ranges
[    0.209092] ACPI: PM-Timer IO Port: 0x608
[    0.209195] ACPI: LAPIC_NMI (acpi_id[0xff] dfl dfl lint[0x1])
[    0.210929] IOAPIC[0]: apic_id 0, version 17, address 0xfec00000, GSI 0-23
[    0.210968] ACPI: INT_SRC_OVR (bus 0 bus_irq 0 global_irq 2 dfl dfl)
[    0.210973] ACPI: INT_SRC_OVR (bus 0 bus_irq 5 global_irq 5 high level)
[    0.210976] ACPI: INT_SRC_OVR (bus 0 bus_irq 9 global_irq 9 high level)
[    0.211026] ACPI: INT_SRC_OVR (bus 0 bus_irq 10 global_irq 10 high level)
[    0.211030] ACPI: INT_SRC_OVR (bus 0 bus_irq 11 global_irq 11 high level)
[    0.211040] ACPI: Using ACPI (MADT) for SMP configuration information
[    0.211042] ACPI: HPET id: 0x8086a201 base: 0xfed00000
[    0.211061] CPU topo: Max. logical packages:   1
[    0.211063] CPU topo: Max. logical dies:       1
[    0.211064] CPU topo: Max. dies per package:   1
[    0.211099] CPU topo: Max. threads per core:   1
[    0.211124] CPU topo: Num. cores per package:     4
[    0.211126] CPU topo: Num. threads per package:   4
[    0.211127] CPU topo: Allowing 4 present CPUs plus 0 hotplug CPUs
[    0.211272] kvm-guest: APIC: eoi() replaced with kvm_guest_apic_eoi_write()
[    0.212133] PM: hibernation: Registered nosave memory: [mem 0x00000000-0x00000fff]
[    0.212170] PM: hibernation: Registered nosave memory: [mem 0x0009f000-0x000fffff]
[    0.212176] [mem 0x80000000-0xfeffbfff] available for PCI devices
[    0.212208] Booting paravirtualized kernel on KVM
[    0.212253] clocksource: refined-jiffies: mask: 0xffffffff max_cycles: 0xffffffff, max_idle_ns: 1910969940391419 ns
[    0.235224] setup_percpu: NR_CPUS:64 nr_cpumask_bits:4 nr_cpu_ids:4 nr_node_ids:1
[    0.246896] percpu: Embedded 56 pages/cpu s191568 r8192 d29616 u524288
[    0.247484] Kernel command line: console=ttyS0 panic=-1 kunit.filter_glob=corten*
[    0.248216] printk: log buffer data + meta data: 262144 + 917504 = 1179648 bytes
[    0.258856] Dentry cache hash table entries: 262144 (order: 9, 2097152 bytes, linear)
[    0.280659] Inode-cache hash table entries: 131072 (order: 8, 1048576 bytes, linear)
[    0.282121] Fallback order for Node 0: 0 
[    0.282131] Built 1 zonelists, mobility grouping on.  Total pages: 524158
[    0.282134] Policy zone: DMA32
[    0.282140] mem auto-init: stack:off, heap alloc:off, heap free:off
[    0.293442] SLUB: HWalign=64, Order=0-3, MinObjects=0, CPUs=4, Nodes=1
[    0.293956] Kernel/User page tables isolation: enabled
[    0.314395] Dynamic Preempt: voluntary
[    0.316372] rcu: Preemptible hierarchical RCU implementation.
[    0.316377] rcu: 	RCU event tracing is enabled.
[    0.316379] rcu: 	RCU restricting CPUs from NR_CPUS=64 to nr_cpu_ids=4.
[    0.316384] 	Trampoline variant of Tasks RCU enabled.
[    0.316385] 	Tracing variant of Tasks RCU enabled.
[    0.316387] rcu: RCU calculated value of scheduler-enlistment delay is 100 jiffies.
[    0.316389] rcu: Adjusting geometry for rcu_fanout_leaf=16, nr_cpu_ids=4
[    0.316556] RCU Tasks: Setting shift to 2 and lim to 1 rcu_task_cb_adjust=1 rcu_task_cpu_ids=4.
[    0.316562] RCU Tasks Trace: Setting shift to 2 and lim to 1 rcu_task_cb_adjust=1 rcu_task_cpu_ids=4.
[    0.330249] NR_IRQS: 4352, nr_irqs: 456, preallocated irqs: 16
[    0.331198] rcu: srcu_init: Setting srcu_struct sizes based on contention.
[    0.408789] Console: colour VGA+ 80x25
[    0.409414] printk: legacy console [ttyS0] enabled
[    1.139877] Lock dependency validator: Copyright (c) 2006 Red Hat, Inc., Ingo Molnar
[    1.148356] ... MAX_LOCKDEP_SUBCLASSES:  8
[    1.152630] ... MAX_LOCK_DEPTH:          48
[    1.158320] ... MAX_LOCKDEP_KEYS:        8192
[    1.162885] ... CLASSHASH_SIZE:          4096
[    1.167054] ... MAX_LOCKDEP_ENTRIES:     32768
[    1.171690] ... MAX_LOCKDEP_CHAINS:      65536
[    1.176255] ... CHAINHASH_SIZE:          32768
[    1.180574]  memory used by lock dependency info: 3701 kB
[    1.186218]  per task-struct memory footprint: 1920 bytes
[    1.191628] ACPI: Core revision 20250807
[    1.197487] clocksource: hpet: mask: 0xffffffff max_cycles: 0xffffffff, max_idle_ns: 19112604467 ns
[    1.208485] APIC: Switch to symmetric I/O mode setup
[    1.218831] x2apic enabled
[    1.225945] APIC: Switched APIC routing to: physical x2apic
[    1.253669] ..TIMER: vector=0x30 apic1=0 pin1=2 apic2=-1 pin2=-1
[    1.256719] clocksource: tsc-early: mask: 0xffffffffffffffff max_cycles: 0x22df0d21928, max_idle_ns: 440795225288 ns
[    1.267299] Calibrating delay loop (skipped) preset value.. 4838.39 BogoMIPS (lpj=2419196)
[    1.269287] Last level iTLB entries: 4KB 0, 2MB 0, 4MB 0
[    1.269300] Last level dTLB entries: 4KB 0, 2MB 0, 4MB 0, 1GB 0
[    1.270287] mitigations: Enabled attack vectors: user_kernel, user_user, SMT mitigations: auto
[    1.270287] Speculative Store Bypass: Vulnerable
[    1.270308] Spectre V2 : Mitigation: Retpolines
[    1.271287] ITS: Mitigation: Aligned branch/return thunks
[    1.271287] MDS: Vulnerable: Clear CPU buffers attempted, no microcode
[    1.271307] Spectre V1 : Mitigation: usercopy/swapgs barriers and __user pointer sanitization
[    1.272305] Spectre V2 : Spectre v2 / SpectreRSB: Filling RSB on context switch and VMEXIT
[    1.273301] active return thunk: its_return_thunk
[    1.274287] x86/fpu: x87 FPU will use FXSAVE
[    1.285287] Freeing SMP alternatives memory: 64K
[    1.285333] pid_max: default: 32768 minimum: 301
[    1.286287] LSM: initializing lsm=capability,selinux
[    1.286287] SELinux:  Initializing.
[    1.287287] Mount-cache hash table entries: 4096 (order: 3, 32768 bytes, linear)
[    1.287287] Mountpoint-cache hash table entries: 4096 (order: 3, 32768 bytes, linear)
[    1.298287] smpboot: CPU0: Intel QEMU Virtual CPU version 2.5+ (family: 0xf, model: 0x6b, stepping: 0x1)
[    1.301870] Performance Events: unsupported Netburst CPU model 107 no PMU driver, software events only.
[    1.304707] signal: max sigframe size: 1440
[    1.305611] rcu: Hierarchical SRCU implementation.
[    1.307291] rcu: 	Max phase no-delay instances is 400.
[    1.310129] Timer migration: 1 hierarchy levels; 8 children per group; 1 crossnode level
[    1.331869] smp: Bringing up secondary CPUs ...
[    1.334309] smpboot: x86: Booting SMP configuration:
[    1.335296] .... node  #0, CPUs:      #1 #2 #3
[    1.353648] smp: Brought up 1 node, 4 CPUs
[    1.355303] smpboot: Total of 4 processors activated (19353.56 BogoMIPS)
[    1.361310] Memory: 2001040K/2096632K available (22321K kernel code, 3524K rwdata, 9172K rodata, 3380K init, 6628K bss, 90712K reserved, 0K cma-reserved)
[    1.374304] devtmpfs: initialized
[    1.397421] clocksource: jiffies: mask: 0xffffffff max_cycles: 0xffffffff, max_idle_ns: 1911260446275000 ns
[    1.398353] posixtimers hash table entries: 2048 (order: 6, 147456 bytes, linear)
[    1.401412] futex hash table entries: 1024 (131072 bytes on 1 NUMA nodes, total 128 KiB, linear).
[    1.405820] PM: RTC time: 18:10:02, date: 2026-09-22
[    1.423662] NET: Registered PF_NETLINK/PF_ROUTE protocol family
[    1.425419] audit: initializing netlink subsys (disabled)
[    1.429336] audit: type=2000 audit(1790100601.284:1): state=initialized audit_enabled=0 res=1
[    1.429714] thermal_sys: Registered thermal governor 'step_wise'
[    1.431307] cpuidle: using governor menu
[    1.438565] PCI: Using configuration type 1 for base access
[    1.440583] kprobes: kprobe jump-optimization is enabled. All kprobes are optimized if possible.
[    1.445502] HugeTLB: registered 2.00 MiB page size, pre-allocated 0 pages
[    1.446338] HugeTLB: 28 KiB vmemmap can be freed for a 2.00 MiB page
[    1.450766] ACPI: Added _OSI(Module Device)
[    1.451300] ACPI: Added _OSI(Processor Device)
[    1.452301] ACPI: Added _OSI(Processor Aggregator Device)
[    1.457287] ACPI: 1 ACPI AML tables successfully acquired and loaded
[    1.466563] ACPI: Interpreter enabled
[    1.468319] ACPI: PM: (supports S0 S3 S4 S5)
[    1.469292] ACPI: Using IOAPIC for interrupt routing
[    1.471289] PCI: Using host bridge windows from ACPI; if necessary, use "pci=nocrs" and report a bug
[    1.472303] PCI: Using E820 reservations for host bridge windows
[    1.474651] ACPI: Enabled 2 GPEs in block 00 to 0F
[    1.494287] ACPI: PCI Root Bridge [PCI0] (domain 0000 [bus 00-ff])
[    1.494333] acpi PNP0A03:00: _OSC: OS supports [ASPM ClockPM Segments MSI HPX-Type3]
[    1.495301] acpi PNP0A03:00: _OSC: not requesting OS control; OS requires [ExtendedConfig ASPM ClockPM MSI]
[    1.496320] acpi PNP0A03:00: fail to add MMCONFIG information, can't access extended configuration space under this bridge
[    1.500045] PCI host bridge to bus 0000:00
[    1.500297] pci_bus 0000:00: root bus resource [io  0x0000-0x0cf7 window]
[    1.501301] pci_bus 0000:00: root bus resource [io  0x0d00-0xffff window]
[    1.502313] pci_bus 0000:00: root bus resource [mem 0x000a0000-0x000bffff window]
[    1.503310] pci_bus 0000:00: root bus resource [mem 0x80000000-0xfebfffff window]
[    1.504308] pci_bus 0000:00: root bus resource [mem 0x100000000-0x17fffffff window]
[    1.505300] pci_bus 0000:00: root bus resource [bus 00-ff]
[    1.506662] pci 0000:00:00.0: [8086:1237] type 00 class 0x060000 conventional PCI endpoint
[    1.513287] pci 0000:00:01.0: [8086:7000] type 00 class 0x060100 conventional PCI endpoint
[    1.516592] pci 0000:00:01.1: [8086:7010] type 00 class 0x010180 conventional PCI endpoint
[    1.521297] pci 0000:00:01.1: BAR 4 [io  0xc040-0xc04f]
[    1.522629] pci 0000:00:01.1: BAR 0 [io  0x01f0-0x01f7]: legacy IDE quirk
[    1.523295] pci 0000:00:01.1: BAR 1 [io  0x03f6]: legacy IDE quirk
[    1.524301] pci 0000:00:01.1: BAR 2 [io  0x0170-0x0177]: legacy IDE quirk
[    1.525304] pci 0000:00:01.1: BAR 3 [io  0x0376]: legacy IDE quirk
[    1.527657] pci 0000:00:01.3: [8086:7113] type 00 class 0x068000 conventional PCI endpoint
[    1.530287] pci 0000:00:01.3: quirk: [io  0x0600-0x063f] claimed by PIIX4 ACPI
[    1.531298] pci 0000:00:01.3: quirk: [io  0x0700-0x070f] claimed by PIIX4 SMB
[    1.534287] pci 0000:00:02.0: [1234:1111] type 00 class 0x030000 conventional PCI endpoint
[    1.542456] pci 0000:00:02.0: BAR 0 [mem 0xfd000000-0xfdffffff pref]
[    1.544436] pci 0000:00:02.0: BAR 2 [mem 0xfebb0000-0xfebb0fff]
[    1.545562] pci 0000:00:02.0: ROM [mem 0xfeba0000-0xfebaffff pref]
[    1.553538] pci 0000:00:02.0: Video device with shadowed ROM at [mem 0x000c0000-0x000dffff]
[    1.576190] pci 0000:00:03.0: [8086:100e] type 00 class 0x020000 conventional PCI endpoint
[    1.580378] pci 0000:00:03.0: BAR 0 [mem 0xfeb80000-0xfeb9ffff]
[    1.581372] pci 0000:00:03.0: BAR 1 [io  0xc000-0xc03f]
[    1.584653] pci 0000:00:03.0: ROM [mem 0xfeb00000-0xfeb7ffff pref]
[    1.605579] ACPI: PCI: Interrupt link LNKA configured for IRQ 10
[    1.607733] ACPI: PCI: Interrupt link LNKB configured for IRQ 10
[    1.609661] ACPI: PCI: Interrupt link LNKC configured for IRQ 11
[    1.611666] ACPI: PCI: Interrupt link LNKD configured for IRQ 11
[    1.612798] ACPI: PCI: Interrupt link LNKS configured for IRQ 9
[    1.629475] iommu: Default domain type: Translated
[    1.630299] iommu: DMA domain TLB invalidation policy: lazy mode
[    1.646021] SCSI subsystem initialized
[    1.650081] ACPI: bus type USB registered
[    1.652683] usbcore: registered new interface driver usbfs
[    1.653613] usbcore: registered new interface driver hub
[    1.654342] usbcore: registered new device driver usb
[    1.657521] pps_core: LinuxPPS API ver. 1 registered
[    1.658300] pps_core: Software ver. 5.3.6 - Copyright 2005-2007 Rodolfo Giometti <giometti@linux.it>
[    1.659347] PTP clock support registered
[    1.663940] Advanced Linux Sound Architecture Driver Initialized.
[    1.674475] NetLabel: Initializing
[    1.675301] NetLabel:  domain hash size = 128
[    1.677296] NetLabel:  protocols = UNLABELED CIPSOv4 CALIPSO
[    1.679637] NetLabel:  unlabeled traffic allowed by default
[    1.683681] PCI: Using ACPI for IRQ routing
[    1.687429] pci 0000:00:02.0: vgaarb: setting as boot VGA device
[    1.688287] pci 0000:00:02.0: vgaarb: bridge control possible
[    1.688287] pci 0000:00:02.0: vgaarb: VGA device added: decodes=io+mem,owns=io+mem,locks=none
[    1.688302] vgaarb: loaded
[    1.694800] hpet: 3 channels of 0 reserved for per-cpu timers
[    1.696551] hpet0: at MMIO 0xfed00000, IRQs 2, 8, 0
[    1.697303] hpet0: 3 comparators, 64-bit 100.000000 MHz counter
[    1.707276] clocksource: Switched to clocksource kvm-clock
[    1.725831] VFS: Disk quotas dquot_6.6.0
[    1.734323] VFS: Dquot-cache hash table entries: 512 (order 0, 4096 bytes)
[    1.748379] pnp: PnP ACPI init
[    1.760054] pnp: PnP ACPI: found 6 devices
[    1.818734] clocksource: acpi_pm: mask: 0xffffff max_cycles: 0xffffff, max_idle_ns: 2085701024 ns
[    1.823582] NET: Registered PF_INET protocol family
[    1.827241] IP idents hash table entries: 32768 (order: 6, 262144 bytes, linear)
[    1.862227] tcp_listen_portaddr_hash hash table entries: 1024 (order: 5, 73728 bytes, linear)
[    1.876051] Table-perturb hash table entries: 65536 (order: 6, 262144 bytes, linear)
[    1.885347] TCP established hash table entries: 16384 (order: 5, 131072 bytes, linear)
[    1.897289] TCP bind hash table entries: 16384 (order: 10, 2359296 bytes, linear)
[    1.929996] TCP: Hash tables configured (established 16384 bind 16384)
[    1.947434] UDP hash table entries: 1024 (order: 6, 262144 bytes, linear)
[    1.956249] UDP-Lite hash table entries: 1024 (order: 6, 262144 bytes, linear)
[    1.980978] NET: Registered PF_UNIX/PF_LOCAL protocol family
[    1.990203] RPC: Registered named UNIX socket transport module.
[    1.991060] RPC: Registered udp transport module.
[    1.995929] RPC: Registered tcp transport module.
[    1.999947] RPC: Registered tcp-with-tls transport module.
[    2.006014] RPC: Registered tcp NFSv4.1 backchannel transport module.
[    2.018435] pci_bus 0000:00: resource 4 [io  0x0000-0x0cf7 window]
[    2.026569] pci_bus 0000:00: resource 5 [io  0x0d00-0xffff window]
[    2.032895] pci_bus 0000:00: resource 6 [mem 0x000a0000-0x000bffff window]
[    2.042129] pci_bus 0000:00: resource 7 [mem 0x80000000-0xfebfffff window]
[    2.050592] pci_bus 0000:00: resource 8 [mem 0x100000000-0x17fffffff window]
[    2.060728] pci 0000:00:01.0: PIIX3: Enabling Passive Release
[    2.067551] pci 0000:00:00.0: Limiting direct PCI/PCI transfers
[    2.074372] PCI: CLS 0 bytes, default 64
[    2.084164] clocksource: tsc: mask: 0xffffffffffffffff max_cycles: 0x22df0d21928, max_idle_ns: 440795225288 ns
[    2.117897] Initialise system trusted keyrings
[    2.125792] workingset: timestamp_bits=40 max_order=19 bucket_order=0
[    2.139450] NFS: Registering the id_resolver key type
[    2.144379] Key type id_resolver registered
[    2.148178] Key type id_legacy registered
[    2.152937] 9p: Installing v9fs 9p2000 file system support
[    2.207037] Key type asymmetric registered
[    2.212237] Asymmetric key parser 'x509' registered
[    2.217498] Block layer SCSI generic (bsg) driver version 0.4 loaded (major 251)
[    2.226176] io scheduler mq-deadline registered
[    2.230393] io scheduler kyber registered
[    2.240292] input: Power Button as /devices/LNXSYSTM:00/LNXPWRBN:00/input/input0
[    2.248735] ACPI: button: Power Button [PWRF]
[    2.262690] Serial: 8250/16550 driver, 4 ports, IRQ sharing enabled
[    2.271761] 00:04: ttyS0 at I/O 0x3f8 (irq = 4, base_baud = 115200) is a 16550A
[    2.290284] Non-volatile memory driver v1.3
[    2.294530] Linux agpgart interface v0.103
[    2.343391] ACPI: bus type drm_connector registered
[    2.395489] loop: module loaded
[    2.401852] zram: Added device: zram0
[    2.424767] scsi host0: ata_piix
[    2.433594] scsi host1: ata_piix
[    2.437930] ata1: PATA max MWDMA2 cmd 0x1f0 ctl 0x3f6 bmdma 0xc040 irq 14 lpm-pol 0
[    2.446280] ata2: PATA max MWDMA2 cmd 0x170 ctl 0x376 bmdma 0xc048 irq 15 lpm-pol 0
[    2.458997] tun: Universal TUN/TAP device driver, 1.6
[    2.469779] e100: Intel(R) PRO/100 Network Driver
[    2.475026] e100: Copyright(c) 1999-2006 Intel Corporation
[    2.480994] e1000: Intel(R) PRO/1000 Network Driver
[    2.486976] e1000: Copyright (c) 1999-2006 Intel Corporation.
[    2.622267] ata2: found unknown device (class 0)
[    2.630085] ACPI: \_SB_.LNKC: Enabled at IRQ 11
[    2.645306] ata2.00: ATAPI: QEMU DVD-ROM, 2.5+, max UDMA/100
[    2.670623] scsi 1:0:0:0: CD-ROM            QEMU     QEMU DVD-ROM     2.5+ PQ: 0 ANSI: 5
[    2.744003] sr 1:0:0:0: [sr0] scsi3-mmc drive: 4x/4x cd/rw xa/form2 tray
[    2.751936] cdrom: Uniform CD-ROM driver Revision: 3.20
[    2.813048] sr 1:0:0:0: Attached scsi generic sg0 type 5
[    3.870348] e1000 0000:00:03.0 eth0: (PCI:33MHz:32-bit) 52:54:00:12:34:56
[    3.879191] e1000 0000:00:03.0 eth0: Intel(R) PRO/1000 Network Connection
[    3.889860] e1000e: Intel(R) PRO/1000 Network Driver
[    3.896547] e1000e: Copyright(c) 1999 - 2015 Intel Corporation.
[    3.902613] sky2: driver version 1.30
[    3.912259] usbcore: registered new interface driver usblp
[    3.917750] usbcore: registered new interface driver usb-storage
[    3.926637] i8042: PNP: PS/2 Controller [PNP0303:KBD,PNP0f13:MOU] at 0x60,0x64 irq 1,12
[    3.947085] serio: i8042 KBD port at 0x60,0x64 irq 1
[    3.955696] serio: i8042 AUX port at 0x60,0x64 irq 12
[    3.967972] rtc_cmos 00:05: RTC can wake from S4
[    3.969536] input: AT Translated Set 2 keyboard as /devices/platform/i8042/serio0/input/input1
[    3.985961] rtc_cmos 00:05: registered as rtc0
[    3.987527] rtc_cmos 00:05: alarms up to one day, y3k, 242 bytes nvram, hpet irqs
[    4.007864] device-mapper: ioctl: 4.50.0-ioctl (2025-04-28) initialised: dm-devel@lists.linux.dev
[    4.029417] intel_pstate: CPU model not supported
[    4.035896] hid: raw HID events driver (C) Jiri Kosina
[    4.049446] usbcore: registered new interface driver usbhid
[    4.057582] usbhid: USB HID core driver
[    4.084407] xt_time: kernel timezone is -0000
[    4.092454] Initializing XFRM netlink socket
[    4.098708] NET: Registered PF_INET6 protocol family
[    4.117793] Segment Routing with IPv6
[    4.122332] In-situ OAM (IOAM) with IPv6
[    4.127883] sit: IPv6, IPv4 and MPLS over IPv4 tunneling driver
[    4.136503] NET: Registered PF_PACKET protocol family
[    4.142242] NET: Registered PF_KEY protocol family
[    4.149205] 9pnet: Installing 9P2000 support
[    4.154569] Key type dns_resolver registered
[    4.160619] NET: Registered PF_VSOCK protocol family
[    4.178027] IPI shorthand broadcast: enabled
[    4.227862] sched_clock: Marking stable (3294137422, 933027011)->(5243826348, -1016661915)
[    4.241916] registered taskstats version 1
[    4.248022] Loading compiled-in X.509 certificates
[    4.285804] Demotion targets for Node 0: null
[    4.289828] Key type .fscrypt registered
[    4.295149] Key type fscrypt-provisioning registered
[    4.303923] PM:   Magic number: 10:199:191
[    4.311576] acpi device:1d: hash matches
[    4.316306] netconsole: network logging started
[    4.322879] cfg80211: Loading compiled-in X.509 certificates for regulatory database
[    4.335364] kworker/u16:1 (72) used greatest stack depth: 14248 bytes left
[    4.341184] Loaded X.509 cert 'sforshee: 00b28ddf47aef9cea7'
[    4.349672] Loaded X.509 cert 'wens: 61c038651aabdcf94bd0ac7ff06c7248db18c600'
[    4.358212] faux_driver regulatory: Direct firmware load for regulatory.db failed with error -2
[    4.363457] ALSA device list:
[    4.365926] cfg80211: failed to load regulatory.db
[    4.369089]   No soundcards found.
[    4.377974] KTAP version 1
[    4.381679] 1..3
[    4.387164]     KTAP version 1
[    4.388874]     # Subtest: corten
[    4.392500]     # module: corten_test
[    4.392507]     1..25
[    4.404800]     ok 1 corten_test_layout
[    4.414586]     ok 2 corten_test_ptdesc_get_put
[    4.423994]     ok 3 corten_test_meta_roundtrip
[    4.439890]     ok 4 corten_test_meta_reinit_cleared
[    4.452026]     ok 5 corten_test_covering_level
[    4.468831]     ok 6 corten_test_covering_base_index
[    4.480394]     ok 7 corten_test_txn_covering
[    4.504931]     ok 8 corten_test_txn_hole
[    4.508902]     ok 9 corten_test_txn_stale_eagain
[    4.517754]     ok 10 corten_test_lock_range_args
[    4.529327] kunit_try_catch (96) used greatest stack depth: 14072 bytes left
[    4.531475]     ok 11 corten_test_txn_state_machine
[    4.555877]     ok 12 corten_test_txn_atomic_validate
[    4.571116] input: ImExPS/2 Generic Explorer Mouse as /devices/platform/i8042/serio1/input/input3
[    4.571642]     ok 13 corten_test_txn_real_glue
[    4.663632]     ok 14 corten_test_txn_mutex_overlap
[    4.702813]     ok 15 corten_test_txn_mutex_disjoint
[    4.716041]     ok 16 corten_test_fail_alloc
[    4.727011]     ok 17 corten_test_txn_hole_fill
[    4.747319]     ok 18 corten_test_txn_hole_race
[    5.040476]     ok 19 corten_test_txn_uninstall_interlock
[    5.050427]     ok 20 corten_test_uninstall_bh_ctx
[    5.058576] ------------[ cut here ]------------
[    5.069009] WARNING: CPU: 2 PID: 124 at mm/corten.c:865 corten_txn_begin+0x191/0x4b0
[    5.077486] Modules linked in:
[    5.080555] CPU: 2 UID: 0 PID: 124 Comm: kunit_try_catch Tainted: G                 N  6.18.32-gd4badaed5b7d-dirty #27 PREEMPT(voluntary) 
[    5.095645] Tainted: [N]=TEST
[    5.100097] Hardware name: QEMU Standard PC (i440FX + PIIX, 1996), BIOS 1.15.0-1 04/01/2014
[    5.111300] RIP: 0010:corten_txn_begin+0x191/0x4b0
[    5.121160] Code: 02 00 00 4c 89 ff 48 89 04 24 e8 0a b2 ff 00 4c 89 ff e8 42 ac ff 00 48 8b 04 24 41 0f b6 4f 5d 38 48 5d 0f 87 65 ff ff ff 90 <0f> 0b 90 41 80 7e 48 04 0f 86 61 ff ff ff 90 0f 0b 90 48 89 c7 e8
[    5.144606] RSP: 0000:ffffab9f004efda0 EFLAGS: 00010246
[    5.150939] RAX: ffff961e036303c0 RBX: 0000000000000fff RCX: 0000000000000002
[    5.158481] RDX: 0000000000000001 RSI: ffffffffa5d64f60 RDI: ffff961e035ecf80
[    5.166444] RBP: 0000000000000000 R08: 0000000000000000 R09: 0000000000000000
[    5.174161] R10: 0000000000000001 R11: 0000000000000080 R12: ffffffffa523e810
[    5.181258] R13: ffff961e0372dc00 R14: ffffab9f004efe00 R15: ffff961e03630300
[    5.188434] FS:  0000000000000000(0000) GS:ffff961ed73b9000(0000) knlGS:0000000000000000
[    5.196740] CS:  0010 DS: 0000 ES: 0000 CR0: 0000000080050033
[    5.203690] CR2: 0000000000000000 CR3: 0000000035c50000 CR4: 00000000000006f0
[    5.212637] Call Trace:
[    5.216216]  <TASK>
[    5.219335]  ? __pfx_kunit_generic_run_threadfn_adapter+0x10/0x10
[    5.226432]  corten_test_txn_path_overflow+0xb5/0x2a0
[    5.232158]  ? kunit_try_run_case+0x63/0x150
[    5.236824]  ? __pfx_kunit_generic_run_threadfn_adapter+0x10/0x10
[    5.244383]  kunit_try_run_case+0x6f/0x150
[    5.250019]  ? __pfx_kunit_generic_run_threadfn_adapter+0x10/0x10
[    5.257874]  ? __pfx_kunit_generic_run_threadfn_adapter+0x10/0x10
[    5.265141]  kunit_generic_run_threadfn_adapter+0x1c/0x40
[    5.270927]  kthread+0x110/0x210
[    5.275242]  ? __pfx_kthread+0x10/0x10
[    5.279537]  ret_from_fork+0x149/0x160
[    5.285205]  ? __pfx_kthread+0x10/0x10
[    5.290036]  ret_from_fork_asm+0x1a/0x30
[    5.294570]  </TASK>
[    5.297184] ---[ end trace 0000000000000000 ]---
[    5.302664] ------------[ cut here ]------------
[    5.307603] WARNING: CPU: 2 PID: 124 at mm/corten.c:812 corten_txn_begin+0x1a0/0x4b0
[    5.316458] Modules linked in:
[    5.320312] CPU: 2 UID: 0 PID: 124 Comm: kunit_try_catch Tainted: G        W        N  6.18.32-gd4badaed5b7d-dirty #27 PREEMPT(voluntary) 
[    5.333779] Tainted: [W]=WARN, [N]=TEST
[    5.338997] Hardware name: QEMU Standard PC (i440FX + PIIX, 1996), BIOS 1.15.0-1 04/01/2014
[    5.349406] RIP: 0010:corten_txn_begin+0x1a0/0x4b0
[    5.354647] Code: 4c 89 ff e8 42 ac ff 00 48 8b 04 24 41 0f b6 4f 5d 38 48 5d 0f 87 65 ff ff ff 90 0f 0b 90 41 80 7e 48 04 0f 86 61 ff ff ff 90 <0f> 0b 90 48 89 c7 e8 95 f5 ff ff 41 0f b6 46 48 84 c0 74 28 83 e8
[    5.375649] RSP: 0000:ffffab9f004efda0 EFLAGS: 00010202
[    5.379495] RAX: ffff961e036306c0 RBX: 0000000000000fff RCX: 0000000000000002
[    5.386572] RDX: 0000000000000005 RSI: ffffffffa5d64f60 RDI: ffff961e035ecf80
[    5.392766] RBP: 0000000000000000 R08: 0000000000000000 R09: 0000000000000000
[    5.397329] R10: 0000000000000001 R11: 0000000000000080 R12: ffffffffa523e810
[    5.400841] R13: ffff961e0372dc00 R14: ffffab9f004efe00 R15: ffff961e03630600
[    5.406212] FS:  0000000000000000(0000) GS:ffff961ed73b9000(0000) knlGS:0000000000000000
[    5.411911] CS:  0010 DS: 0000 ES: 0000 CR0: 0000000080050033
[    5.417616] CR2: 0000000000000000 CR3: 0000000035c50000 CR4: 00000000000006f0
[    5.424509] Call Trace:
[    5.427040]  <TASK>
[    5.429423]  ? __pfx_kunit_generic_run_threadfn_adapter+0x10/0x10
[    5.434290]  corten_test_txn_path_overflow+0xb5/0x2a0
[    5.439879]  ? kunit_try_run_case+0x63/0x150
[    5.444334]  kunit_try_run_case+0x6f/0x150
[    5.449171]  ? __pfx_kunit_generic_run_threadfn_adapter+0x10/0x10
[    5.455592]  ? __pfx_kunit_generic_run_threadfn_adapter+0x10/0x10
[    5.463186]  kunit_generic_run_threadfn_adapter+0x1c/0x40
[    5.469020]  kthread+0x110/0x210
[    5.471598]  ? __pfx_kthread+0x10/0x10
[    5.476539]  ret_from_fork+0x149/0x160
[    5.480270]  ? __pfx_kthread+0x10/0x10
[    5.483637]  ret_from_fork_asm+0x1a/0x30
[    5.488221]  </TASK>
[    5.490284] ---[ end trace 0000000000000000 ]---
[    5.498419] kunit_try_catch (124) used greatest stack depth: 13520 bytes left
[    5.500622]     ok 21 corten_test_txn_path_overflow
[    5.509469]     ok 22 corten_test_txn_child_err
[    5.517957]     ok 23 corten_test_real_huge_leaf
[    5.528813]     ok 24 corten_test_full_window_atomic
[    5.537964]     ok 25 corten_test_debugfs_content
[    5.542666] # corten: pass:25 fail:0 skip:0 total:25
[    5.547780] # Totals: pass:25 fail:0 skip:0 total:25
[    5.553134] ok 1 corten
[    5.562295]     KTAP version 1
[    5.564773]     # Subtest: corten_arena
[    5.567441]     # module: corten_arena_test
[    5.567449]     1..76
[    5.580352]     ok 1 corten_arena_test_declare_reject
[    5.586825]     ok 2 corten_arena_test_declare_reject_flags
[    5.596142]     ok 3 corten_arena_test_declare_query
[    5.606571]     ok 4 corten_arena_test_range_overlaps # SKIP overlap gate requires corten=on
[    5.628528]     ok 5 corten_arena_test_release
[    5.643736]     ok 6 corten_arena_test_ref_born_atomic
[    5.653168]     ok 7 corten_arena_test_release_classify
[    5.664039]     ok 8 corten_arena_test_shadow_vma
[    5.673887]     ok 9 corten_arena_test_exit
[    5.682740]     ok 10 corten_arena_test_prctl
[    5.693859]     ok 11 corten_arena_test_mode
[    5.701071]     ok 12 corten_arena_test_auto_classify
[    5.709973]     ok 13 corten_arena_test_auto_classify_file
[    5.717696]     ok 14 corten_arena_test_auto_place
[    5.726260]     ok 15 corten_arena_test_auto_route # SKIP auto-mmap route requires corten=on
[    5.733429]     ok 16 corten_arena_test_auto_attach_release # SKIP munmap routing requires corten=on
[    5.743972]     ok 17 corten_arena_test_file_lifecycle # SKIP FILE lifecycle requires corten=on
[    5.758566]     ok 18 corten_arena_test_truncate_route # SKIP H7 gate requires corten=on
[    5.770973]     ok 19 corten_arena_test_file_read # SKIP FILE read arm requires corten=on
[    5.781436]     ok 20 corten_arena_test_file_cow # SKIP FILE COW arm requires corten=on
[    5.788569]     ok 21 corten_arena_test_file_fork_mirror # SKIP FILE fork mirror requires corten=on
[    5.801158]     ok 22 corten_arena_test_file_fork_cow # SKIP FILE fork COW requires corten=on
[    5.812920]     ok 23 corten_arena_test_file_fork_pinned # SKIP FILE fork pinned copy requires corten=on
[    5.828695]     ok 24 corten_arena_test_file_hugetlb_route # SKIP hugetlb route gate requires corten=on
[    5.844557]     ok 25 corten_arena_test_mag_recycle # SKIP auto-mmap route requires corten=on
[    5.856925]     ok 26 corten_arena_test_mag_marker # SKIP auto-mmap route requires corten=on
[    5.871013]     ok 27 corten_arena_test_pool_reuse # SKIP pool routing requires corten=on
[    5.883504]     ok 28 corten_arena_test_pool_limit # SKIP pool routing requires corten=on
[    5.895272]     ok 29 corten_arena_test_pool_mode_exit # SKIP pool routing requires corten=on
[    5.906706]     ok 30 corten_arena_test_pool_fork # SKIP pool routing requires corten=on
[    5.919600]     ok 31 corten_arena_test_noreplace_parked # SKIP placement guards require corten=on
[    5.931366]     ok 32 corten_arena_test_noreplace_active # SKIP placement guards require corten=on
[    5.946494]     ok 33 corten_arena_test_mapfixed_over_parked # SKIP placement guards require corten=on
[    5.967909]     ok 34 corten_arena_test_occupied_incl_idle # SKIP placement guards require corten=on
[    5.982223]     ok 35 corten_arena_test_p4_eject # SKIP placement guards require corten=on
[    6.002717]     ok 36 corten_arena_test_hint_fence # SKIP placement guards require corten=on
[    6.020942]     ok 37 corten_arena_test_vma_free_reuse # SKIP VMA-free reuse requires corten=on
[    6.035646]     ok 38 corten_arena_test_inv_mv3 # SKIP INV-MV3 requires corten=on
[    6.059602]     ok 39 corten_arena_test_fork_vma_free # SKIP VMA-free fork requires corten=on
[    6.077392]     ok 40 corten_arena_test_vma_free_shrink_pick # SKIP shrinker bodies require corten=on
[    6.096777]     ok 41 corten_arena_test_carrier_shrink_pick # SKIP shrinker bodies require corten=on
[    6.116378]     ok 42 corten_arena_test_auto_validate
[    6.131099]     ok 43 corten_arena_test_carrier_vma # SKIP carrier lifecycle requires corten=on
[    6.141335]     ok 44 corten_arena_test_fork_punch_novma # SKIP fork mirror requires corten=on
[    6.152031]     ok 45 corten_arena_test_fork_redeclare_content # SKIP fork mirror requires corten=on
[    6.167279]     ok 46 corten_arena_test_region_record
[    6.180915]     ok 47 corten_arena_test_region_iter
[    6.189993]     ok 48 corten_arena_test_region_park # SKIP park routing requires corten=on
[    6.198882]     ok 49 corten_arena_test_region_fork
[    6.211078]     ok 50 corten_arena_test_mprotect_route # SKIP mprotect route requires corten=on
[    6.218976]     ok 51 corten_arena_test_protect_flags_kernel_gate # SKIP mprotect route requires corten=on
[    6.230729]     ok 52 corten_arena_test_madvise_route # SKIP madvise route requires corten=on
[    6.241122]     ok 53 corten_arena_test_mremap_route # SKIP mremap route requires corten=on
[    6.254437]     ok 54 corten_arena_test_fork_faithful # SKIP metadata mirror requires corten=on
[    6.340090]     ok 55 corten_arena_test_fork_unwind
[    6.357866]     ok 56 corten_arena_test_fork_multipiece
[    6.367643]     ok 57 corten_arena_test_fork_perm # SKIP mprotect route requires corten=on
[    6.376666]     ok 58 corten_arena_test_inv7_shared_ro # SKIP metadata mirror requires corten=on
[    6.388230]     ok 59 corten_arena_test_inv7_swapped # SKIP metadata mirror requires corten=on
[    6.396253]     ok 60 corten_arena_test_shrink_registry_count # SKIP shrinker bodies require corten=on
[    6.415114]     ok 61 corten_arena_test_shrink_aging_two_pass # SKIP shrinker bodies require corten=on
[    6.432130]     ok 62 corten_arena_test_shrink_rotation # SKIP shrinker bodies require corten=on
[    6.442961]     ok 63 corten_arena_test_fork_swapped # SKIP fork mirror requires corten=on
[    6.454344]     ok 64 corten_arena_test_fork_f2_gate # SKIP metadata mirror requires corten=on
[    6.465499]     ok 65 corten_arena_test_fork_drain_leak # SKIP metadata mirror requires corten=on
[    6.476307]     ok 66 corten_arena_test_unshare_pin # SKIP metadata mirror requires corten=on
[    6.486938]     ok 67 corten_arena_test_fork_reuse_exclusive # SKIP metadata mirror requires corten=on
[    6.497861]     ok 68 corten_arena_test_gup_state1_uncommitted # SKIP metadata mirror requires corten=on
[    6.509790]     ok 69 corten_arena_test_gup_state2_committed_rw # SKIP metadata mirror requires corten=on
[    6.526523]     ok 70 corten_arena_test_gup_state3_fork_cow # SKIP metadata mirror requires corten=on
[    6.538403]     ok 71 corten_arena_test_gup_state3b_downgrade_restore # SKIP metadata mirror requires corten=on
[    6.552182]     ok 72 corten_arena_test_gup_state4_pin_zap # SKIP metadata mirror requires corten=on
[    6.571678]     ok 73 corten_arena_test_concurrent
[    6.595852]     ok 74 corten_arena_test_concurrent_window
[    6.620913]     ok 75 corten_arena_test_obs_ledger
[    6.628253]     ok 76 corten_arena_test_drain_timeout_stat
[    6.635302] # corten_arena: pass:23 fail:0 skip:53 total:76
[    6.643934] # Totals: pass:23 fail:0 skip:53 total:76
[    6.650402] ok 2 corten_arena
[    6.660078]     KTAP version 1
[    6.666229]     # Subtest: corten_fault
[    6.671828]     # module: corten_fault_test
[    6.671838]     1..33
[    6.685244]     ok 1 corten_fault_test_dispatch
[    6.690405]     ok 2 corten_fault_test_fig8_cow
[    6.703997]     ok 3 corten_fault_test_unmap_classify
[    6.714194]     ok 4 corten_fault_test_mmap_classify
[    6.725634]     ok 5 corten_fault_test_file_may_matrix
[    6.740907]     ok 6 corten_fault_test_punch_classify
[    6.751007]     ok 7 corten_fault_test_map_anon # SKIP real fault chain requires corten=on
[    6.761534]     ok 8 corten_fault_test_zero_page # SKIP real fault chain requires corten=on
[    6.777607]     ok 9 corten_fault_test_sigsegv # SKIP real fault chain requires corten=on
[    6.790878]     ok 10 corten_fault_test_fresh_fault # SKIP real fault chain requires corten=on
[    6.802875]     ok 11 corten_fault_test_churn_repro # SKIP real fault chain requires corten=on
[    6.819005]     ok 12 corten_fault_test_untracked_drift # SKIP real fault chain requires corten=on
[    6.831297]     ok 13 corten_fault_test_restore # SKIP real fault chain requires corten=on
[    6.843705]     ok 14 corten_fault_test_cow_reuse # SKIP real fault chain requires corten=on
[    6.858739]     ok 15 corten_fault_test_cow_copy # SKIP real fault chain requires corten=on
[    6.871860]     ok 16 corten_fault_test_foll_force # SKIP real fault chain requires corten=on
[    6.884753]     ok 17 corten_fault_test_cow_race # SKIP real fault chain requires corten=on
[    6.903269]     ok 18 corten_fault_test_mprotect_pte # SKIP real fault chain requires corten=on
[    6.917766]     ok 19 corten_fault_test_mprotect_fresh # SKIP real fault chain requires corten=on
[    6.931699]     ok 20 corten_fault_test_zap_keep_perm # SKIP real fault chain requires corten=on
[    6.943600]     ok 21 corten_fault_test_zap_keep_perm_downgrade # SKIP real fault chain requires corten=on
[    6.959820]     ok 22 corten_fault_test_untracked_rearm # SKIP real fault chain requires corten=on
[    6.978967]     ok 23 corten_fault_test_fill_upper_race # SKIP real fault chain requires corten=on
[    6.993750]     ok 24 corten_fault_test_map_race # SKIP real fault chain requires corten=on
[    7.016646]     ok 25 corten_fault_test_chunk_unmap # SKIP real fault chain requires corten=on
[    7.034297]     ok 26 corten_fault_test_punch_hole # SKIP real fault chain requires corten=on
[    7.055807]     ok 27 corten_fault_test_punch_head # SKIP real fault chain requires corten=on
[    7.071967]     ok 28 corten_fault_test_rmap_guard # SKIP reclaim guard requires corten=on
[    7.086895]     ok 29 corten_fault_test_reap_skip # SKIP reap skip requires corten=on
[    7.103647]     ok 30 corten_fault_test_swap_encode
[    7.118364]     ok 31 corten_fault_test_swap_roundtrip # SKIP swap transaction requires corten=on
[    7.130118]     ok 32 corten_fault_test_swap_zap_free # SKIP swap transaction requires corten=on
[    7.147086]     ok 33 corten_fault_test_swap_mprotect_pending # SKIP real fault chain requires corten=on
[    7.154357] # corten_fault: pass:7 fail:0 skip:26 total:33
[    7.163015] # Totals: pass:7 fail:0 skip:26 total:33
[    7.168551] ok 3 corten_fault
[    7.185041] check access for rdinit=/init failed: -2, ignoring
[    7.188616] md: Waiting for all devices to be available before autodetect
[    7.193152] md: If you don't use raid, use raid=noautodetect
[    7.196919] md: Autodetecting RAID arrays.
[    7.199913] md: autorun ...
[    7.202297] md: ... autorun DONE.
[    7.208634] /dev/root: Can't open blockdev
[    7.212007] VFS: Cannot open root device "" or unknown-block(0,0): error -6
[    7.218136] Please append a correct "root=" boot option; here are the available partitions:
[    7.223867] 0b00         1048575 sr0 
[    7.223876]  driver: sr
[    7.229239] List of all bdev filesystems:
[    7.233141]  ext3
[    7.233148]  ext2
[    7.234957]  ext4
[    7.237106]  vfat
[    7.239271]  msdos
[    7.240773]  iso9660
[    7.242630]  f2fs
[    7.244196]  erofs
[    7.245187] 
[    7.247751] Kernel panic - not syncing: VFS: Unable to mount root fs on unknown-block(0,0)
[    7.252073] CPU: 3 UID: 0 PID: 1 Comm: swapper/0 Tainted: G        W        N  6.18.32-gd4badaed5b7d-dirty #27 PREEMPT(voluntary) 
[    7.258244] Tainted: [W]=WARN, [N]=TEST
[    7.260930] Hardware name: QEMU Standard PC (i440FX + PIIX, 1996), BIOS 1.15.0-1 04/01/2014
[    7.264765] Call Trace:
[    7.266913]  <TASK>
[    7.268511]  vpanic+0x34f/0x360
[    7.270952]  panic+0x56/0x60
[    7.272791]  mount_root_generic+0x1ff/0x320
[    7.276024]  prepare_namespace+0x63/0x270
[    7.279192]  kernel_init_freeable+0x3ab/0x3f0
[    7.282378]  ? __pfx_kernel_init+0x10/0x10
[    7.285141]  kernel_init+0x15/0x1c0
[    7.287444]  ret_from_fork+0x149/0x160
[    7.289980]  ? __pfx_kernel_init+0x10/0x10
[    7.293625]  ret_from_fork_asm+0x1a/0x30
[    7.297016]  </TASK>
[    7.305229] Kernel Offset: 0x22c00000 from 0xffffffff81000000 (relocation range: 0xffffffff80000000-0xffffffffbfffffff)
