tst_test.c:2067: TINFO: LTP version: 20260930
tst_test.c:2070: TINFO: Tested kernel: 6.18.32-g909bccf49fb5 #1 SMP PREEMPT_DYNAMIC Thu Oct  8 17:26:40 CST 2026 x86_64
tst_kconfig.c:90: TINFO: Parsing kernel config '/proc/config.gz'
tst_test.c:1895: TINFO: Overall timeout per run is 0h 00m 30s
mlock03.c:54: TINFO: mlock [5563ea6d0000,5563ea6d6000]
mlock03.c:58: TINFO: munlock [5563ea6d0000,5563ea6d6000]
mlock03.c:54: TINFO: mlock [5563ea6d6000,5563ea6f6000]
mlock03.c:58: TINFO: munlock [5563ea6d6000,5563ea6f6000]
mlock03.c:54: TINFO: mlock [5563ea6f6000,5563ea707000]
mlock03.c:58: TINFO: munlock [5563ea6f6000,5563ea707000]
mlock03.c:54: TINFO: mlock [5563ea707000,5563ea709000]
mlock03.c:58: TINFO: munlock [5563ea707000,5563ea709000]
mlock03.c:54: TINFO: mlock [5563ea709000,5563ea70b000]
mlock03.c:58: TINFO: munlock [5563ea709000,5563ea70b000]
mlock03.c:54: TINFO: mlock [5563ea70b000,5563ea727000]
mlock03.c:58: TINFO: munlock [5563ea70b000,5563ea727000]
mlock03.c:54: TINFO: mlock [5563f90ee000,5563f910f000]
mlock03.c:58: TINFO: munlock [5563f90ee000,5563f910f000]
mlock03.c:54: TINFO: mlock [7f0aa2138000,7f0aa213b000]
mlock03.c:58: TINFO: munlock [7f0aa2138000,7f0aa213b000]
mlock03.c:54: TINFO: mlock [7f0aa213b000,7f0aa2163000]
mlock03.c:58: TINFO: munlock [7f0aa213b000,7f0aa2163000]
mlock03.c:54: TINFO: mlock [7f0aa2163000,7f0aa22c6000]
mlock03.c:58: TINFO: munlock [7f0aa2163000,7f0aa22c6000]
mlock03.c:54: TINFO: mlock [7f0aa22c6000,7f0aa231c000]
mlock03.c:58: TINFO: munlock [7f0aa22c6000,7f0aa231c000]
mlock03.c:54: TINFO: mlock [7f0aa231c000,7f0aa2320000]
mlock03.c:58: TINFO: munlock [7f0aa231c000,7f0aa2320000]
mlock03.c:54: TINFO: mlock [7f0aa2320000,7f0aa2322000]
mlock03.c:58: TINFO: munlock [7f0aa2320000,7f0aa2322000]
mlock03.c:54: TINFO: mlock [7f0aa2322000,7f0aa232f000]
mlock03.c:58: TINFO: munlock [7f0aa2322000,7f0aa232f000]
mlock03.c:54: TINFO: mlock [7f0aa2335000,7f0aa2336000]
mlock03.c:58: TINFO: munlock [7f0aa2335000,7f0aa2336000]
mlock03.c:54: TINFO: mlock [7f0aa2336000,7f0aa2338000]
mlock03.c:58: TINFO: munlock [7f0aa2336000,7f0aa2338000]
mlock03.c:54: TINFO: mlock [7f0aa2338000,7f0aa2348000]
mlock03.c:58: TINFO: munlock [7f0aa2338000,7f0aa2348000]
mlock03.c:54: TINFO: mlock [7f0aa2348000,7f0aa2350000]
mlock03.c:58: TINFO: munlock [7f0aa2348000,7f0aa2350000]
mlock03.c:54: TINFO: mlock [7f0aa2350000,7f0aa2354000]
mlock03.c:58: TINFO: munlock [7f0aa2350000,7f0aa2354000]
mlock03.c:54: TINFO: mlock [7f0aa2354000,7f0aa2355000]
mlock03.c:58: TINFO: munlock [7f0aa2354000,7f0aa2355000]
mlock03.c:54: TINFO: mlock [7f0aa2355000,7f0aa237d000]
mlock03.c:58: TINFO: munlock [7f0aa2355000,7f0aa237d000]
mlock03.c:54: TINFO: mlock [7f0aa237d000,7f0aa2388000]
mlock03.c:58: TINFO: munlock [7f0aa237d000,7f0aa2388000]
mlock03.c:54: TINFO: mlock [7f0aa2388000,7f0aa238a000]
mlock03.c:58: TINFO: munlock [7f0aa2388000,7f0aa238a000]
mlock03.c:54: TINFO: mlock [7f0aa238a000,7f0aa238b000]
mlock03.c:58: TINFO: munlock [7f0aa238a000,7f0aa238b000]
mlock03.c:54: TINFO: mlock [7f0aa238b000,7f0aa238c000]
mlock03.c:58: TINFO: munlock [7f0aa238b000,7f0aa238c000]
mlock03.c:54: TINFO: mlock [7ffe82ebc000,7ffe82edd000]
mlock03.c:58: TINFO: munlock [7ffe82ebc000,7ffe82edd000]
mlock03.c:54: TINFO: mlock [ffffffffff600000,ffffffffff604000]
mlock03.c:56: TINFO: mlock failed: ENOMEM (12)
mlock03.c:58: TINFO: munlock [ffffffffff600000,ffffffffff604000]
mlock03.c:60: TINFO: munlock failed: ENOMEM (12)
mlock03.c:68: TINFO: starting stack size is 132
mlock03.c:69: TINFO: final stack size is 132
mlock03.c:73: TPASS: stack size is not decreased.

Summary:
passed   1
failed   0
broken   0
skipped  0
warnings 0
