tst_tmpdir.c:308: TINFO: Using /tmp/LTP_mmaMwQGi5 as tmpdir (tmpfs filesystem)
tst_test.c:2067: TINFO: LTP version: 20260930
tst_test.c:2070: TINFO: Tested kernel: 6.18.32-g909bccf49fb5 #1 SMP PREEMPT_DYNAMIC Thu Oct  8 17:26:40 CST 2026 x86_64
tst_kconfig.c:90: TINFO: Parsing kernel config '/proc/config.gz'
tst_test.c:1895: TINFO: Overall timeout per run is 0h 03m 30s
mmap1.c:236: TINFO: [003] mapped: 55000, sigsegv hit: 34114, threads spawned: 22
mmap1.c:241: TINFO:       repeated_reads: 0, data_matched: 768348
mmap1.c:236: TINFO: [006] mapped: 100000, sigsegv hit: 61542, threads spawned: 40
mmap1.c:241: TINFO:       repeated_reads: 0, data_matched: 1534737
mmap1.c:236: TINFO: [009] mapped: 150000, sigsegv hit: 90495, threads spawned: 60
mmap1.c:241: TINFO:       repeated_reads: 0, data_matched: 2566975
mmap1.c:236: TINFO: [012] mapped: 200000, sigsegv hit: 120433, threads spawned: 80
mmap1.c:241: TINFO:       repeated_reads: 0, data_matched: 3442239
mmap1.c:236: TINFO: [015] mapped: 250000, sigsegv hit: 151960, threads spawned: 100
mmap1.c:241: TINFO:       repeated_reads: 0, data_matched: 3940668
mmap1.c:236: TINFO: [018] mapped: 300000, sigsegv hit: 183389, threads spawned: 120
mmap1.c:241: TINFO:       repeated_reads: 43, data_matched: 4668480
mmap1.c:236: TINFO: [021] mapped: 350000, sigsegv hit: 213310, threads spawned: 140
mmap1.c:241: TINFO:       repeated_reads: 43, data_matched: 5258116
mmap1.c:236: TINFO: [024] mapped: 400000, sigsegv hit: 243819, threads spawned: 160
mmap1.c:241: TINFO:       repeated_reads: 43, data_matched: 6278976
mmap1.c:236: TINFO: [027] mapped: 450000, sigsegv hit: 274580, threads spawned: 180
mmap1.c:241: TINFO:       repeated_reads: 43, data_matched: 7252711
mmap1.c:236: TINFO: [030] mapped: 500000, sigsegv hit: 305453, threads spawned: 200
mmap1.c:241: TINFO:       repeated_reads: 43, data_matched: 7747566
mmap1.c:236: TINFO: [033] mapped: 550000, sigsegv hit: 334697, threads spawned: 220
mmap1.c:241: TINFO:       repeated_reads: 43, data_matched: 8318592
mmap1.c:236: TINFO: [036] mapped: 600000, sigsegv hit: 367415, threads spawned: 240
mmap1.c:241: TINFO:       repeated_reads: 65, data_matched: 9299102
mmap1.c:236: TINFO: [039] mapped: 655000, sigsegv hit: 400118, threads spawned: 262
mmap1.c:241: TINFO:       repeated_reads: 182, data_matched: 9871992
mmap1.c:236: TINFO: [042] mapped: 705000, sigsegv hit: 429594, threads spawned: 282
mmap1.c:241: TINFO:       repeated_reads: 182, data_matched: 10554753
mmap1.c:236: TINFO: [045] mapped: 760000, sigsegv hit: 460582, threads spawned: 304
mmap1.c:241: TINFO:       repeated_reads: 182, data_matched: 11253999
mmap1.c:236: TINFO: [048] mapped: 810000, sigsegv hit: 489308, threads spawned: 324
mmap1.c:241: TINFO:       repeated_reads: 182, data_matched: 11870736
mmap1.c:236: TINFO: [051] mapped: 865000, sigsegv hit: 521050, threads spawned: 346
mmap1.c:241: TINFO:       repeated_reads: 182, data_matched: 12758755
mmap1.c:236: TINFO: [054] mapped: 915000, sigsegv hit: 548681, threads spawned: 366
mmap1.c:241: TINFO:       repeated_reads: 954, data_matched: 13349006
mmap1.c:236: TINFO: [057] mapped: 970000, sigsegv hit: 580882, threads spawned: 388
mmap1.c:241: TINFO:       repeated_reads: 954, data_matched: 13675179
mmap1.c:236: TINFO: [060] mapped: 1025000, sigsegv hit: 613137, threads spawned: 410
mmap1.c:241: TINFO:       repeated_reads: 1180, data_matched: 14289157
mmap1.c:236: TINFO: [063] mapped: 1080000, sigsegv hit: 646690, threads spawned: 432
mmap1.c:241: TINFO:       repeated_reads: 1180, data_matched: 15210469
mmap1.c:236: TINFO: [066] mapped: 1135000, sigsegv hit: 678892, threads spawned: 454
mmap1.c:241: TINFO:       repeated_reads: 1180, data_matched: 15974192
mmap1.c:236: TINFO: [069] mapped: 1185000, sigsegv hit: 708893, threads spawned: 474
mmap1.c:241: TINFO:       repeated_reads: 1180, data_matched: 16400598
mmap1.c:236: TINFO: [072] mapped: 1240000, sigsegv hit: 740579, threads spawned: 496
mmap1.c:241: TINFO:       repeated_reads: 1247, data_matched: 17165711
mmap1.c:236: TINFO: [075] mapped: 1295000, sigsegv hit: 773094, threads spawned: 518
mmap1.c:241: TINFO:       repeated_reads: 1247, data_matched: 17838909
mmap1.c:236: TINFO: [078] mapped: 1345000, sigsegv hit: 802099, threads spawned: 538
mmap1.c:241: TINFO:       repeated_reads: 1263, data_matched: 18609004
mmap1.c:236: TINFO: [081] mapped: 1400000, sigsegv hit: 834026, threads spawned: 560
mmap1.c:241: TINFO:       repeated_reads: 2040, data_matched: 19246717
mmap1.c:236: TINFO: [084] mapped: 1450000, sigsegv hit: 861209, threads spawned: 580
mmap1.c:241: TINFO:       repeated_reads: 2040, data_matched: 19792198
mmap1.c:236: TINFO: [087] mapped: 1505000, sigsegv hit: 891607, threads spawned: 602
mmap1.c:241: TINFO:       repeated_reads: 2040, data_matched: 20594896
mmap1.c:236: TINFO: [090] mapped: 1555000, sigsegv hit: 918614, threads spawned: 622
mmap1.c:241: TINFO:       repeated_reads: 2040, data_matched: 21237342
mmap1.c:236: TINFO: [093] mapped: 1610000, sigsegv hit: 948501, threads spawned: 644
mmap1.c:241: TINFO:       repeated_reads: 2355, data_matched: 22322410
mmap1.c:236: TINFO: [096] mapped: 1660000, sigsegv hit: 977895, threads spawned: 664
mmap1.c:241: TINFO:       repeated_reads: 2355, data_matched: 23103743
mmap1.c:236: TINFO: [099] mapped: 1715000, sigsegv hit: 1007728, threads spawned: 686
mmap1.c:241: TINFO:       repeated_reads: 2355, data_matched: 23861443
mmap1.c:236: TINFO: [102] mapped: 1765000, sigsegv hit: 1035375, threads spawned: 706
mmap1.c:241: TINFO:       repeated_reads: 2355, data_matched: 24446834
mmap1.c:236: TINFO: [105] mapped: 1820000, sigsegv hit: 1066775, threads spawned: 728
mmap1.c:241: TINFO:       repeated_reads: 2355, data_matched: 25061405
mmap1.c:236: TINFO: [108] mapped: 1875000, sigsegv hit: 1099009, threads spawned: 750
mmap1.c:241: TINFO:       repeated_reads: 3081, data_matched: 26031620
mmap1.c:236: TINFO: [111] mapped: 1925000, sigsegv hit: 1125751, threads spawned: 770
mmap1.c:241: TINFO:       repeated_reads: 3081, data_matched: 27010389
mmap1.c:236: TINFO: [114] mapped: 1975000, sigsegv hit: 1153647, threads spawned: 790
mmap1.c:241: TINFO:       repeated_reads: 12821, data_matched: 27644116
mmap1.c:236: TINFO: [117] mapped: 2025000, sigsegv hit: 1183345, threads spawned: 810
mmap1.c:241: TINFO:       repeated_reads: 12821, data_matched: 28200992
mmap1.c:236: TINFO: [120] mapped: 2075000, sigsegv hit: 1210526, threads spawned: 830
mmap1.c:241: TINFO:       repeated_reads: 12821, data_matched: 28684023
mmap1.c:236: TINFO: [123] mapped: 2130000, sigsegv hit: 1240899, threads spawned: 852
mmap1.c:241: TINFO:       repeated_reads: 13001, data_matched: 29285751
mmap1.c:236: TINFO: [126] mapped: 2180000, sigsegv hit: 1268104, threads spawned: 872
mmap1.c:241: TINFO:       repeated_reads: 13001, data_matched: 29870699
mmap1.c:236: TINFO: [129] mapped: 2230000, sigsegv hit: 1295420, threads spawned: 892
mmap1.c:241: TINFO:       repeated_reads: 13001, data_matched: 30663016
mmap1.c:236: TINFO: [132] mapped: 2280000, sigsegv hit: 1323183, threads spawned: 912
mmap1.c:241: TINFO:       repeated_reads: 13779, data_matched: 31554419
mmap1.c:236: TINFO: [135] mapped: 2330000, sigsegv hit: 1350385, threads spawned: 932
mmap1.c:241: TINFO:       repeated_reads: 13779, data_matched: 32464160
mmap1.c:236: TINFO: [138] mapped: 2385000, sigsegv hit: 1377389, threads spawned: 954
mmap1.c:241: TINFO:       repeated_reads: 13936, data_matched: 33196778
mmap1.c:236: TINFO: [141] mapped: 2435000, sigsegv hit: 1406331, threads spawned: 974
mmap1.c:241: TINFO:       repeated_reads: 14325, data_matched: 33834420
mmap1.c:236: TINFO: [144] mapped: 2485000, sigsegv hit: 1437845, threads spawned: 994
mmap1.c:241: TINFO:       repeated_reads: 14325, data_matched: 34111627
mmap1.c:236: TINFO: [147] mapped: 2535000, sigsegv hit: 1469153, threads spawned: 1014
mmap1.c:241: TINFO:       repeated_reads: 14325, data_matched: 35194091
mmap1.c:236: TINFO: [150] mapped: 2585000, sigsegv hit: 1496669, threads spawned: 1034
mmap1.c:241: TINFO:       repeated_reads: 14731, data_matched: 35562978
mmap1.c:236: TINFO: [153] mapped: 2640000, sigsegv hit: 1526631, threads spawned: 1056
mmap1.c:241: TINFO:       repeated_reads: 14923, data_matched: 36159928
mmap1.c:236: TINFO: [156] mapped: 2690000, sigsegv hit: 1554466, threads spawned: 1076
mmap1.c:241: TINFO:       repeated_reads: 14923, data_matched: 36672926
mmap1.c:236: TINFO: [159] mapped: 2745000, sigsegv hit: 1585674, threads spawned: 1098
mmap1.c:241: TINFO:       repeated_reads: 14923, data_matched: 37562693
mmap1.c:236: TINFO: [162] mapped: 2800000, sigsegv hit: 1619118, threads spawned: 1120
mmap1.c:241: TINFO:       repeated_reads: 14923, data_matched: 38471690
mmap1.c:236: TINFO: [165] mapped: 2855000, sigsegv hit: 1648854, threads spawned: 1142
mmap1.c:241: TINFO:       repeated_reads: 14923, data_matched: 39158285
mmap1.c:236: TINFO: [168] mapped: 2910000, sigsegv hit: 1680016, threads spawned: 1164
mmap1.c:241: TINFO:       repeated_reads: 15123, data_matched: 39889457
mmap1.c:236: TINFO: [171] mapped: 2965000, sigsegv hit: 1710297, threads spawned: 1186
mmap1.c:241: TINFO:       repeated_reads: 15123, data_matched: 40580783
mmap1.c:236: TINFO: [174] mapped: 3020000, sigsegv hit: 1740242, threads spawned: 1208
mmap1.c:241: TINFO:       repeated_reads: 15123, data_matched: 41072020
mmap1.c:236: TINFO: [177] mapped: 3075000, sigsegv hit: 1771824, threads spawned: 1230
mmap1.c:241: TINFO:       repeated_reads: 15220, data_matched: 41760940
Sending SIGKILL to test process...
tst_test.c:1967: TINFO: If you are running on slow machine, try exporting LTP_TIMEOUT_MUL > 1
tst_test.c:1969: TBROK: Test killed! (timeout?)

Summary:
passed   0
failed   0
broken   1
skipped  0
warnings 0
