[    0.000000] Linux version 6.18.32-g856416f7ceec-dirty (ppw@vm) (gcc (Ubuntu 1
1.4.0-1ubuntu1~22.04.3) 11.4.0, GNU ld (GNU Binutils for Ubuntu) 2.38) #317 SMP
PREEMPT_DYNAMIC Sun Oct  4 06:56:13 CST 2026
[    0.000000] Command line: console=ttyS0 root=/dev/vda rw net.ifnames=0 system
d.mask=sys-kernel-config.mount corten=on mitigations=off kunit.enable=0 log_buf_
len=16M
[    0.000000] BIOS-provided physical RAM map:
[    0.000000] BIOS-e820: [mem 0x0000000000000000-0x000000000009fbff] usable
[    0.000000] BIOS-e820: [mem 0x000000000009fc00-0x000000000009ffff] reserved
[    0.000000] BIOS-e820: [mem 0x00000000000f0000-0x00000000000fffff] reserved
[    0.000000] BIOS-e820: [mem 0x0000000000100000-0x00000000bffdcfff] usable
[    0.000000] BIOS-e820: [mem 0x00000000bffdd000-0x00000000bfffffff] reserved
[    0.000000] BIOS-e820: [mem 0x00000000feffc000-0x00000000feffffff] reserved
[    0.000000] BIOS-e820: [mem 0x00000000fffc0000-0x00000000ffffffff] reserved
[    0.000000] BIOS-e820: [mem 0x0000000100000000-0x000000013fffffff] usable
[    0.000000] NX (Execute Disable) protection: active
[    0.000000] APIC: Static calls initialized
[    0.000000] SMBIOS 2.8 present.
[    0.000000] DMI: QEMU Standard PC (i440FX + PIIX, 1996), BIOS 1.15.0-1 04/01/
2014
[    0.000000] DMI: Memory slots populated: 1/1
[    0.000000] Hypervisor detected: KVM
[    0.000000] last_pfn = 0xbffdd max_arch_pfn = 0x400000000
[    0.000000] kvm-clock: Using msrs 4b564d01 and 4b564d00
[    0.000001] kvm-clock: using sched offset of 2464639624 cycles
[    0.000003] clocksource: kvm-clock: mask: 0xffffffffffffffff max_cycles: 0x1c
d42e4dffb, max_idle_ns: 881590591483 ns
[    0.000075] tsc: Detected 2419.196 MHz processor
[    0.006084] last_pfn = 0x140000 max_arch_pfn = 0x400000000
[    0.006346] MTRR map: 4 entries (3 fixed + 1 variable; max 19), built from 8
variable MTRRs
[    0.006355] x86/PAT: Configuration [0-7]: WB  WC  UC- UC  WB  WP  UC- WT
[    0.006601] last_pfn = 0xbffdd max_arch_pfn = 0x400000000
[    0.021317] found SMP MP-table at [mem 0x000f5b90-0x000f5b9f]
[    0.021543] Using GB pages for direct mapping
[    0.439847] printk: log buffer data + meta data: 16777216 + 58720256 = 754974
72 bytes
[    0.439853] printk: early log buf free: 260048(99%)
[    0.440318] ACPI: Early table checksum verification disabled
[    0.440503] ACPI: RSDP 0x00000000000F59B0 000014 (v00 BOCHS )
[    0.440637] ACPI: RSDT 0x00000000BFFE1BA3 000034 (v01 BOCHS  BXPC     0000000
1 BXPC 00000001)
[    0.440697] ACPI: FACP 0x00000000BFFE1A1F 000074 (v01 BOCHS  BXPC     0000000
1 BXPC 00000001)
[    0.440836] ACPI: DSDT 0x00000000BFFE0040 0019DF (v01 BOCHS  BXPC     0000000
1 BXPC 00000001)
[    0.440865] ACPI: FACS 0x00000000BFFE0000 000040
[    0.440871] ACPI: APIC 0x00000000BFFE1A93 0000B0 (v01 BOCHS  BXPC     0000000
1 BXPC 00000001)
[    0.440876] ACPI: HPET 0x00000000BFFE1B43 000038 (v01 BOCHS  BXPC     0000000
1 BXPC 00000001)
[    0.440882] ACPI: WAET 0x00000000BFFE1B7B 000028 (v01 BOCHS  BXPC     0000000
1 BXPC 00000001)
[    0.440887] ACPI: Reserving FACP table memory at [mem 0xbffe1a1f-0xbffe1a92]
[    0.440891] ACPI: Reserving DSDT table memory at [mem 0xbffe0040-0xbffe1a1e]
[    0.440894] ACPI: Reserving FACS table memory at [mem 0xbffe0000-0xbffe003f]
[    0.440895] ACPI: Reserving APIC table memory at [mem 0xbffe1a93-0xbffe1b42]
[    0.440897] ACPI: Reserving HPET table memory at [mem 0xbffe1b43-0xbffe1b7a]
[    0.440898] ACPI: Reserving WAET table memory at [mem 0xbffe1b7b-0xbffe1ba2]
[    0.447723] No NUMA configuration found
[    0.447799] Faking a node at [mem 0x0000000000000000-0x000000013fffffff]
[    0.447810] NODE_DATA(0) allocated [mem 0x13b7fa140-0x13b7fdfff]
[    0.448050] Zone ranges:
[    0.448052]   DMA      [mem 0x0000000000001000-0x0000000000ffffff]
[    0.448057]   DMA32    [mem 0x0000000001000000-0x00000000ffffffff]
[    0.448061]   Normal   [mem 0x0000000100000000-0x000000013fffffff]
[    0.448064] Movable zone start for each node
[    0.448066] Early memory node ranges
[    0.448067]   node   0: [mem 0x0000000000001000-0x000000000009efff]
[    0.448091]   node   0: [mem 0x0000000000100000-0x00000000bffdcfff]
[    0.448095]   node   0: [mem 0x0000000100000000-0x000000013fffffff]
[    0.448098] Initmem setup node 0 [mem 0x0000000000001000-0x000000013fffffff]
[    0.450277] On node 0, zone DMA: 1 pages in unavailable ranges
[    0.451484] On node 0, zone DMA: 97 pages in unavailable ranges
[    0.839485] On node 0, zone Normal: 35 pages in unavailable ranges
[    0.843305] ACPI: PM-Timer IO Port: 0x608
[    0.843396] ACPI: LAPIC_NMI (acpi_id[0xff] dfl dfl lint[0x1])
[    0.844854] IOAPIC[0]: apic_id 0, version 17, address 0xfec00000, GSI 0-23
[    0.844863] ACPI: INT_SRC_OVR (bus 0 bus_irq 0 global_irq 2 dfl dfl)
[    0.844865] ACPI: INT_SRC_OVR (bus 0 bus_irq 5 global_irq 5 high level)
[    0.844866] ACPI: INT_SRC_OVR (bus 0 bus_irq 9 global_irq 9 high level)
[    0.844879] ACPI: INT_SRC_OVR (bus 0 bus_irq 10 global_irq 10 high level)
[    0.844880] ACPI: INT_SRC_OVR (bus 0 bus_irq 11 global_irq 11 high level)
[    0.844883] ACPI: Using ACPI (MADT) for SMP configuration information
[    0.844884] ACPI: HPET id: 0x8086a201 base: 0xfed00000
[    0.844889] TSC deadline timer available
[    0.844893] CPU topo: Max. logical packages:   1
[    0.844894] CPU topo: Max. logical dies:       1
[    0.844894] CPU topo: Max. dies per package:   1
[    0.844898] CPU topo: Max. threads per core:   1
[    0.844907] CPU topo: Num. cores per package:     8
[    0.844908] CPU topo: Num. threads per package:   8
[    0.844910] CPU topo: Allowing 8 present CPUs plus 0 hotplug CPUs
[    0.844964] kvm-guest: APIC: eoi() replaced with kvm_guest_apic_eoi_write()
[    0.845016] kvm-guest: KVM setup pv remote TLB flush
[    0.845054] kvm-guest: setup PV sched yield
[    0.846108] PM: hibernation: Registered nosave memory: [mem 0x00000000-0x0000
0fff]
[    0.846116] PM: hibernation: Registered nosave memory: [mem 0x0009f000-0x000f
ffff]
[    0.846119] PM: hibernation: Registered nosave memory: [mem 0xbffdd000-0xffff
ffff]
[    0.846124] [mem 0xc0000000-0xfeffbfff] available for PCI devices
[    0.846127] Booting paravirtualized kernel on KVM
[    0.846168] clocksource: refined-jiffies: mask: 0xffffffff max_cycles: 0xffff
ffff, max_idle_ns: 1910969940391419 ns
[    0.870315] setup_percpu: NR_CPUS:64 nr_cpumask_bits:8 nr_cpu_ids:8 nr_node_i
ds:1
[    0.882422] percpu: Embedded 54 pages/cpu s182680 r8192 d30312 u262144
[    0.882722] Kernel command line: console=ttyS0 root=/dev/vda rw net.ifnames=0
 systemd.mask=sys-kernel-config.mount corten=on mitigations=off kunit.enable=0 l
og_buf_len=16M
[    0.885055] corten: requested on, activating at initcall time
[    0.885099] random: crng init done
[    0.909977] Dentry cache hash table entries: 524288 (order: 10, 4194304 bytes
, linear)
[    0.922435] Inode-cache hash table entries: 262144 (order: 9, 2097152 bytes,
linear)
[    0.924037] software IO TLB: area num 8.
[    1.354502] Fallback order for Node 0: 0
[    1.354538] Built 1 zonelists, mobility grouping on.  Total pages: 1048443
[    1.354543] Policy zone: Normal
[    1.354547] mem auto-init: stack:off, heap alloc:off, heap free:off
[    1.376130] SLUB: HWalign=64, Order=0-3, MinObjects=0, CPUs=8, Nodes=1
[    1.391700] Dynamic Preempt: voluntary
[    1.394368] rcu: Preemptible hierarchical RCU implementation.
[    1.394372] rcu:     RCU event tracing is enabled.
[    1.394373] rcu:     RCU restricting CPUs from NR_CPUS=64 to nr_cpu_ids=8.
[    1.394377]  Trampoline variant of Tasks RCU enabled.
[    1.394378]  Tracing variant of Tasks RCU enabled.
[    1.394379] rcu: RCU calculated value of scheduler-enlistment delay is 100 ji
ffies.
[    1.394381] rcu: Adjusting geometry for rcu_fanout_leaf=16, nr_cpu_ids=8
[    1.394479] RCU Tasks: Setting shift to 3 and lim to 1 rcu_task_cb_adjust=1 r
cu_task_cpu_ids=8.
[    1.394484] RCU Tasks Trace: Setting shift to 3 and lim to 1 rcu_task_cb_adju
st=1 rcu_task_cpu_ids=8.
[    1.409222] NR_IRQS: 4352, nr_irqs: 488, preallocated irqs: 16
[    1.410126] rcu: srcu_init: Setting srcu_struct sizes based on contention.
[    1.460076] Console: colour VGA+ 80x25
[    1.460318] printk: legacy console [ttyS0] enabled
[    2.507173] ACPI: Core revision 20250807
[    2.514819] clocksource: hpet: mask: 0xffffffff max_cycles: 0xffffffff, max_i
dle_ns: 19112604467 ns
[    2.525542] APIC: Switch to symmetric I/O mode setup
[    2.539699] x2apic enabled
[    2.549639] APIC: Switched APIC routing to: physical x2apic
[    2.559334] kvm-guest: APIC: send_IPI_mask() replaced with kvm_send_ipi_mask(
)
[    2.566067] kvm-guest: APIC: send_IPI_mask_allbutself() replaced with kvm_sen
d_ipi_mask_allbutself()
[    2.580930] kvm-guest: setup PV IPIs
[    2.606728] ..TIMER: vector=0x30 apic1=0 pin1=2 apic2=-1 pin2=-1
[    2.618650] clocksource: tsc-early: mask: 0xffffffffffffffff max_cycles: 0x22
df0d21928, max_idle_ns: 440795225288 ns
[    2.639850] Calibrating delay loop (skipped) preset value.. 4838.39 BogoMIPS
(lpj=2419196)
[    2.642841] x86/cpu: User Mode Instruction Prevention (UMIP) activated
[    2.644841] Last level iTLB entries: 4KB 0, 2MB 0, 4MB 0
[    2.644858] Last level dTLB entries: 4KB 0, 2MB 0, 4MB 0, 1GB 0
[    2.645977] mitigations: Enabled attack vectors: SMT mitigations: off
[    2.646881] Speculative Store Bypass: Vulnerable
[    2.647852] Spectre V2 : Vulnerable
[    2.648850] ITS: Vulnerable
[    2.649331] Spectre V1 : Vulnerable: __user pointer sanitization and usercopy
 barriers only; no swapgs barriers
[    2.650525] x86/fpu: Supporting XSAVE feature 0x001: 'x87 floating point regi
sters'
[    2.650855] x86/fpu: Supporting XSAVE feature 0x002: 'SSE registers'
[    2.651854] x86/fpu: Supporting XSAVE feature 0x004: 'AVX registers'
[    2.652859] x86/fpu: Supporting XSAVE feature 0x200: 'Protection Keys User re
gisters'
[    2.653857] x86/fpu: xstate_offset[2]:  576, xstate_sizes[2]:  256
[    2.654855] x86/fpu: xstate_offset[9]:  832, xstate_sizes[9]:    8
[    2.655847] x86/fpu: Enabled xstate features 0x207, context size is 840 bytes
, using 'compacted' format.
[    2.757351] Freeing SMP alternatives memory: 64K
[    2.757857] pid_max: default: 32768 minimum: 301
[    2.759876] LSM: initializing lsm=capability,selinux
[    2.761903] SELinux:  Initializing.
[    2.765919] Mount-cache hash table entries: 8192 (order: 4, 65536 bytes, line
ar)
[    2.767972] Mountpoint-cache hash table entries: 8192 (order: 4, 65536 bytes,
 linear)
[    2.774396] smpboot: CPU0: 13th Gen Intel(R) Core(TM) i9-13900HX (family: 0x6
, model: 0xb7, stepping: 0x1)
[    2.776341] Performance Events: Alderlake Hybrid events, core PMU driver.
[    2.779892] core: CPUID marked event: 'cpu cycles' unavailable
[    2.780895] core: CPUID marked event: 'instructions' unavailable
[    2.781970] core: CPUID marked event: 'bus cycles' unavailable
[    2.782919] core: CPUID marked event: 'cache references' unavailable
[    2.783892] core: CPUID marked event: 'cache misses' unavailable
[    2.784893] core: CPUID marked event: 'branch instructions' unavailable
[    2.785887] core: CPUID marked event: 'branch misses' unavailable
[    2.787562] core: The event 0x100 is not supported as a normal event.
[    2.787902] core: The event 0x300 is not supported as a normal event.
[    2.788856] core: The event 0x400 is not supported as a normal event.
[    2.789930] core: The event 0x8000 is not supported as a normal event.
[    2.790892] core: The event 0x8100 is not supported as a normal event.
[    2.791866] core: The event 0x8200 is not supported as a normal event.
[    2.792881] core: The event 0x8300 is not supported as a normal event.
[    2.793858] core: The event 0x8400 is not supported as a normal event.
[    2.794856] core: The event 0x8500 is not supported as a normal event.
[    2.795891] core: The event 0x8600 is not supported as a normal event.
[    2.796887] core: The event 0x8700 is not supported as a normal event.
[    2.798306] core: cpu_core PMU driver:
[    2.798888] ... version:                   1
[    2.799890] ... bit width:                 48
[    2.800893] ... generic counters:          6
[    2.801925] ... generic bitmap:            000000000000003f
[    2.802912] ... fixed-purpose counters:    0
[    2.803892] ... fixed-purpose bitmap:      0000000000000000
[    2.804903] ... value mask:                0000ffffffffffff
[    2.805898] ... max period:                000000007fffffff
[    2.806879] ... global_ctrl mask:          000100000000003f
[    2.808709] signal: max sigframe size: 3632
[    2.808980] rcu: Hierarchical SRCU implementation.
[    2.809891] rcu:     Max phase no-delay instances is 400.
[    2.811532] Timer migration: 1 hierarchy levels; 8 children per group; 1 cros
snode level
[    2.813841] corten: page descriptors enabled
[    2.814244] smp: Bringing up secondary CPUs ...
[    2.815293] smpboot: x86: Booting SMP configuration:
[    2.815904] .... node  #0, CPUs:      #1 #2 #3 #4 #5 #6 #7
[    2.865879] smp: Brought up 1 node, 8 CPUs
[    2.867892] smpboot: Total of 8 processors activated (38707.13 BogoMIPS)
[    2.870965] Memory: 3926868K/4193772K available (21714K kernel code, 3204K rw
data, 9168K rodata, 3288K init, 1132K bss, 261316K reserved, 0K cma-reserved)
[    2.872186] devtmpfs: initialized
[    2.874199] clocksource: jiffies: mask: 0xffffffff max_cycles: 0xffffffff, ma
x_idle_ns: 1911260446275000 ns
[    2.874886] posixtimers hash table entries: 4096 (order: 4, 65536 bytes, line
ar)
[    2.876171] futex hash table entries: 2048 (131072 bytes on 1 NUMA nodes, tot
al 128 KiB, linear).
[    2.877841] PM: RTC time: 23:14:23, date: 2026-10-03
[    2.892205] NET: Registered PF_NETLINK/PF_ROUTE protocol family
[    2.893410] audit: initializing netlink subsys (disabled)
[    2.895044] audit: type=2000 audit(1791069262.092:1): state=initialized audit
_enabled=0 res=1
[    2.895436] thermal_sys: Registered thermal governor 'step_wise'
[    2.896033] cpuidle: using governor menu
[    2.900564] PCI: Using configuration type 1 for base access
[    2.902251] kprobes: kprobe jump-optimization is enabled. All kprobes are opt
imized if possible.
[    2.904987] HugeTLB: registered 2.00 MiB page size, pre-allocated 0 pages
[    2.905892] HugeTLB: 28 KiB vmemmap can be freed for a 2.00 MiB page
[    2.940963] ACPI: Added _OSI(Module Device)
[    2.941858] ACPI: Added _OSI(Processor Device)
[    2.942857] ACPI: Added _OSI(Processor Aggregator Device)
[    2.945271] ACPI: 1 ACPI AML tables successfully acquired and loaded
[    2.953162] ACPI: Interpreter enabled
[    2.953909] ACPI: PM: (supports S0 S3 S4 S5)
[    2.954892] ACPI: Using IOAPIC for interrupt routing
[    2.956045] PCI: Using host bridge windows from ACPI; if necessary, use "pci=
nocrs" and report a bug
[    2.956858] PCI: Using E820 reservations for host bridge windows
[    2.958396] ACPI: Enabled 2 GPEs in block 00 to 0F
[    2.966461] ACPI: PCI Root Bridge [PCI0] (domain 0000 [bus 00-ff])
[    2.966873] acpi PNP0A03:00: _OSC: OS supports [ASPM ClockPM Segments MSI HPX
-Type3]
[    2.967974] acpi PNP0A03:00: _OSC: not requesting OS control; OS requires [Ex
tendedConfig ASPM ClockPM MSI]
[    2.968881] acpi PNP0A03:00: fail to add MMCONFIG information, can't access e
xtended configuration space under this bridge
[    2.970405] PCI host bridge to bus 0000:00
[    2.970906] pci_bus 0000:00: root bus resource [io  0x0000-0x0cf7 window]
[    2.971864] pci_bus 0000:00: root bus resource [io  0x0d00-0xffff window]
[    2.972863] pci_bus 0000:00: root bus resource [mem 0x000a0000-0x000bffff win
dow]
[    2.973945] pci_bus 0000:00: root bus resource [mem 0xc0000000-0xfebfffff win
dow]
[    2.974897] pci_bus 0000:00: root bus resource [mem 0x140000000-0x1bfffffff w
indow]
[    2.975957] pci_bus 0000:00: root bus resource [bus 00-ff]
[    2.977246] pci 0000:00:00.0: [8086:1237] type 00 class 0x060000 conventional
 PCI endpoint
[    2.981415] pci 0000:00:01.0: [8086:7000] type 00 class 0x060100 conventional
 PCI endpoint
[    2.985707] pci 0000:00:01.1: [8086:7010] type 00 class 0x010180 conventional
 PCI endpoint
[    2.988841] pci 0000:00:01.1: BAR 4 [io  0xc0e0-0xc0ef]
[    2.989214] pci 0000:00:01.1: BAR 0 [io  0x01f0-0x01f7]: legacy IDE quirk
[    2.989924] pci 0000:00:01.1: BAR 1 [io  0x03f6]: legacy IDE quirk
[    2.990861] pci 0000:00:01.1: BAR 2 [io  0x0170-0x0177]: legacy IDE quirk
[    2.991861] pci 0000:00:01.1: BAR 3 [io  0x0376]: legacy IDE quirk
[    2.993554] pci 0000:00:01.3: [8086:7113] type 00 class 0x068000 conventional
 PCI endpoint
[    2.997241] pci 0000:00:01.3: quirk: [io  0x0600-0x063f] claimed by PIIX4 ACP
I
[    2.997989] pci 0000:00:01.3: quirk: [io  0x0700-0x070f] claimed by PIIX4 SMB
[    3.000748] pci 0000:00:02.0: [1234:1111] type 00 class 0x030000 conventional
 PCI endpoint
[    3.007188] pci 0000:00:02.0: BAR 0 [mem 0xfd000000-0xfdffffff pref]
[    3.007913] pci 0000:00:02.0: BAR 2 [mem 0xfeb90000-0xfeb90fff]
[    3.009213] pci 0000:00:02.0: ROM [mem 0xfeb80000-0xfeb8ffff pref]
[    3.014049] pci 0000:00:02.0: Video device with shadowed ROM at [mem 0x000c00
00-0x000dffff]
[    3.033981] pci 0000:00:03.0: [1af4:1000] type 00 class 0x020000 conventional
 PCI endpoint
[    3.039003] pci 0000:00:03.0: BAR 0 [io  0xc0c0-0xc0df]
[    3.039893] pci 0000:00:03.0: BAR 1 [mem 0xfeb91000-0xfeb91fff]
[    3.041399] pci 0000:00:03.0: BAR 4 [mem 0xfe000000-0xfe003fff 64bit pref]
[    3.041992] pci 0000:00:03.0: ROM [mem 0xfeb00000-0xfeb7ffff pref]
[    3.047898] pci 0000:00:04.0: [1af4:1009] type 00 class 0x000200 conventional
 PCI endpoint
[    3.051841] pci 0000:00:04.0: BAR 0 [io  0xc080-0xc0bf]
[    3.052097] pci 0000:00:04.0: BAR 1 [mem 0xfeb92000-0xfeb92fff]
[    3.053005] pci 0000:00:04.0: BAR 4 [mem 0xfe004000-0xfe007fff 64bit pref]
[    3.059980] pci 0000:00:05.0: [1af4:1001] type 00 class 0x010000 conventional
 PCI endpoint
[    3.065016] pci 0000:00:05.0: BAR 0 [io  0xc000-0xc07f]
[    3.066029] pci 0000:00:05.0: BAR 1 [mem 0xfeb93000-0xfeb93fff]
[    3.067323] pci 0000:00:05.0: BAR 4 [mem 0xfe008000-0xfe00bfff 64bit pref]
[    3.089721] ACPI: PCI: Interrupt link LNKA configured for IRQ 10
[    3.090745] ACPI: PCI: Interrupt link LNKB configured for IRQ 10
[    3.091639] ACPI: PCI: Interrupt link LNKC configured for IRQ 11
[    3.092778] ACPI: PCI: Interrupt link LNKD configured for IRQ 11
[    3.093055] ACPI: PCI: Interrupt link LNKS configured for IRQ 9
[    3.100684] iommu: Default domain type: Translated
[    3.100902] iommu: DMA domain TLB invalidation policy: lazy mode
[    3.116287] SCSI subsystem initialized
[    3.119820] ACPI: bus type USB registered
[    3.120441] usbcore: registered new interface driver usbfs
[    3.120937] usbcore: registered new interface driver hub
[    3.122098] usbcore: registered new device driver usb
[    3.123010] pps_core: LinuxPPS API ver. 1 registered
[    3.123857] pps_core: Software ver. 5.3.6 - Copyright 2005-2007 Rodolfo Giome
tti <giometti@linux.it>
[    3.124874] PTP clock support registered
[    3.127489] Advanced Linux Sound Architecture Driver Initialized.
[    3.136724] NetLabel: Initializing
[    3.136857] NetLabel:  domain hash size = 128
[    3.137868] NetLabel:  protocols = UNLABELED CIPSOv4 CALIPSO
[    3.139029] NetLabel:  unlabeled traffic allowed by default
[    3.143203] PCI: Using ACPI for IRQ routing
[    3.146367] pci 0000:00:02.0: vgaarb: setting as boot VGA device
[    3.146841] pci 0000:00:02.0: vgaarb: bridge control possible
[    3.146841] pci 0000:00:02.0: vgaarb: VGA device added: decodes=io+mem,owns=i
o+mem,locks=none
[    3.146862] vgaarb: loaded
[    3.150220] hpet0: at MMIO 0xfed00000, IRQs 2, 8, 0
[    3.150892] hpet0: 3 comparators, 64-bit 100.000000 MHz counter
[    3.157718] clocksource: Switched to clocksource kvm-clock
[    3.179387] VFS: Disk quotas dquot_6.6.0
[    3.183470] VFS: Dquot-cache hash table entries: 512 (order 0, 4096 bytes)
[    3.198607] pnp: PnP ACPI init
[    3.207744] pnp: PnP ACPI: found 6 devices
[    3.263024] clocksource: acpi_pm: mask: 0xffffff max_cycles: 0xffffff, max_id
le_ns: 2085701024 ns
[    3.279546] NET: Registered PF_INET protocol family
[    3.295351] IP idents hash table entries: 65536 (order: 7, 524288 bytes, line
ar)
[    3.317083] tcp_listen_portaddr_hash hash table entries: 2048 (order: 3, 3276
8 bytes, linear)
[    3.331200] Table-perturb hash table entries: 65536 (order: 6, 262144 bytes,
linear)
[    3.346494] TCP established hash table entries: 32768 (order: 6, 262144 bytes
, linear)
[    3.365015] TCP bind hash table entries: 32768 (order: 8, 1048576 bytes, line
ar)
[    3.388833] TCP: Hash tables configured (established 32768 bind 32768)
[    3.401323] UDP hash table entries: 2048 (order: 5, 131072 bytes, linear)
[    3.417641] UDP-Lite hash table entries: 2048 (order: 5, 131072 bytes, linear
)
[    3.433548] NET: Registered PF_UNIX/PF_LOCAL protocol family
[    3.447229] RPC: Registered named UNIX socket transport module.
[    3.458649] RPC: Registered udp transport module.
[    3.467199] RPC: Registered tcp transport module.
[    3.476039] RPC: Registered tcp-with-tls transport module.
[    3.483328] RPC: Registered tcp NFSv4.1 backchannel transport module.
[    3.495629] pci_bus 0000:00: resource 4 [io  0x0000-0x0cf7 window]
[    3.506448] pci_bus 0000:00: resource 5 [io  0x0d00-0xffff window]
[    3.515140] pci_bus 0000:00: resource 6 [mem 0x000a0000-0x000bffff window]
[    3.521215] pci_bus 0000:00: resource 7 [mem 0xc0000000-0xfebfffff window]
[    3.529041] pci_bus 0000:00: resource 8 [mem 0x140000000-0x1bfffffff window]
[    3.539744] pci 0000:00:01.0: PIIX3: Enabling Passive Release
[    3.548892] pci 0000:00:00.0: Limiting direct PCI/PCI transfers
[    3.558765] PCI: CLS 0 bytes, default 64
[    3.566647] PCI-DMA: Using software bounce buffering for IO (SWIOTLB)
[    3.577154] software IO TLB: mapped [mem 0x00000000bbfdd000-0x00000000bffdd00
0] (64MB)
[    3.587010] RAPL PMU: API unit is 2^-32 Joules, 0 fixed counters, 10737418240
 ms ovfl timer
[    3.603594] clocksource: tsc: mask: 0xffffffffffffffff max_cycles: 0x22df0d21
928, max_idle_ns: 440795225288 ns
[    3.644129] Initialise system trusted keyrings
[    3.657213] workingset: timestamp_bits=40 max_order=20 bucket_order=0
[    3.676315] NFS: Registering the id_resolver key type
[    3.684620] Key type id_resolver registered
[    3.690919] Key type id_legacy registered
[    3.698113] 9p: Installing v9fs 9p2000 file system support
[    3.748251] Key type asymmetric registered
[    3.753918] Asymmetric key parser 'x509' registered
[    3.760135] Block layer SCSI generic (bsg) driver version 0.4 loaded (major 2
51)
[    3.775510] io scheduler mq-deadline registered
[    3.782101] io scheduler kyber registered
[    3.793274] input: Power Button as /devices/LNXSYSTM:00/LNXPWRBN:00/input/inp
ut0
[    3.802960] ACPI: button: Power Button [PWRF]
[    3.851630] ACPI: \_SB_.LNKC: Enabled at IRQ 11
[    3.902021] ACPI: \_SB_.LNKD: Enabled at IRQ 10
[    3.957258] ACPI: \_SB_.LNKA: Enabled at IRQ 10
[    3.966582] Serial: 8250/16550 driver, 4 ports, IRQ sharing enabled
[    3.971319] 00:04: ttyS0 at I/O 0x3f8 (irq = 4, base_baud = 115200) is a 1655
0A
[    3.982019] Non-volatile memory driver v1.3
[    3.987923] Linux agpgart interface v0.103
[    4.054407] ACPI: bus type drm_connector registered
[    4.101499] loop: module loaded
[    4.109950] virtio_blk virtio2: 8/0/0 default/read/poll queues
[    4.163311] virtio_blk virtio2: [vda] 20971520 512-byte logical blocks (10.7
GB/10.0 GiB)
[    4.189814] zram: Added device: zram0
[    4.205848] scsi host0: ata_piix
[    4.211263] scsi host1: ata_piix
[    4.217168] ata1: PATA max MWDMA2 cmd 0x1f0 ctl 0x3f6 bmdma 0xc0e0 irq 14 lpm
-pol 0
[    4.232357] ata2: PATA max MWDMA2 cmd 0x170 ctl 0x376 bmdma 0xc0e8 irq 15 lpm
-pol 0
[    4.250448] tun: Universal TUN/TAP device driver, 1.6
[    4.276235] e100: Intel(R) PRO/100 Network Driver
[    4.280804] e100: Copyright(c) 1999-2006 Intel Corporation
[    4.290353] e1000: Intel(R) PRO/1000 Network Driver
[    4.298025] e1000: Copyright (c) 1999-2006 Intel Corporation.
[    4.305542] e1000e: Intel(R) PRO/1000 Network Driver
[    4.313136] e1000e: Copyright(c) 1999 - 2015 Intel Corporation.
[    4.324637] sky2: driver version 1.30
[    4.333524] usbcore: registered new interface driver usblp
[    4.343449] usbcore: registered new interface driver usb-storage
[    4.357046] i8042: PNP: PS/2 Controller [PNP0303:KBD,PNP0f13:MOU] at 0x60,0x6
4 irq 1,12
[    4.378449] serio: i8042 KBD port at 0x60,0x64 irq 1
[    4.386609] serio: i8042 AUX port at 0x60,0x64 irq 12
[    4.391057] rtc_cmos 00:05: RTC can wake from S4
[    4.405179] input: AT Translated Set 2 keyboard as /devices/platform/i8042/se
rio0/input/input1
[    4.412109] rtc_cmos 00:05: registered as rtc0
[    4.428605] ata2: found unknown device (class 0)
[    4.437415] rtc_cmos 00:05: alarms up to one day, y3k, 242 bytes nvram, hpet
irqs
[    4.450638] ata2.00: ATAPI: QEMU DVD-ROM, 2.5+, max UDMA/100
[    4.460255] device-mapper: ioctl: 4.50.0-ioctl (2025-04-28) initialised: dm-d
evel@lists.linux.dev
[    4.490476] scsi 1:0:0:0: CD-ROM            QEMU     QEMU DVD-ROM     2.5+ PQ
: 0 ANSI: 5
[    4.491605] intel_pstate: CPU model not supported
[    4.511585] hid: raw HID events driver (C) Jiri Kosina
[    4.521024] usbcore: registered new interface driver usbhid
[    4.527464] usbhid: USB HID core driver
[    4.551234] xt_time: kernel timezone is -0000
[    4.558144] Initializing XFRM netlink socket
[    4.567321] NET: Registered PF_INET6 protocol family
[    4.572513] sr 1:0:0:0: [sr0] scsi3-mmc drive: 4x/4x cd/rw xa/form2 tray
[    4.582626] Segment Routing with IPv6
[    4.585342] cdrom: Uniform CD-ROM driver Revision: 3.20
[    4.590749] In-situ OAM (IOAM) with IPv6
[    4.604584] sit: IPv6, IPv4 and MPLS over IPv4 tunneling driver
[    4.616587] NET: Registered PF_PACKET protocol family
[    4.625187] NET: Registered PF_KEY protocol family
[    4.633873] 9pnet: Installing 9P2000 support
[    4.635067] sr 1:0:0:0: Attached scsi generic sg0 type 5
[    4.652961] Key type dns_resolver registered
[    4.663480] NET: Registered PF_VSOCK protocol family
[    4.679946] IPI shorthand broadcast: enabled
[    4.696406] sched_clock: Marking stable (3483087934, 1212654499)->(6230840956
, -1535098523)
[    4.710883] registered taskstats version 1
[    4.721252] Loading compiled-in X.509 certificates
[    4.736960] Demotion targets for Node 0: null
[    4.744070] Key type .fscrypt registered
[    4.749436] Key type fscrypt-provisioning registered
[    4.757179] PM:   Magic number: 14:857:250
[    4.761156] netconsole: network logging started
[    4.771437] cfg80211: Loading compiled-in X.509 certificates for regulatory d
atabase
[    4.788464] kworker/u32:1 (98) used greatest stack depth: 13936 bytes left
[    4.791119] Loaded X.509 cert 'sforshee: 00b28ddf47aef9cea7'
[    4.810474] Loaded X.509 cert 'wens: 61c038651aabdcf94bd0ac7ff06c7248db18c600
'
[    4.822388] faux_driver regulatory: Direct firmware load for regulatory.db fa
iled with error -2
[    4.825578] ALSA device list:
[    4.840290] cfg80211: failed to load regulatory.db
[    4.842881]   No soundcards found.
[    4.853810] kunit: disabled
[    4.862158] check access for rdinit=/init failed: -2, ignoring
[    4.979189] input: ImExPS/2 Generic Explorer Mouse as /devices/platform/i8042
/serio1/input/input3
[    4.989066] md: Waiting for all devices to be available before autodetect
[    4.991788] md: If you don't use raid, use raid=noautodetect
[    4.995423] md: Autodetecting RAID arrays.
[    4.997305] md: autorun ...
[    4.997897] md: ... autorun DONE.
[    5.038188] EXT4-fs (vda): recovery complete
[    5.040813] EXT4-fs (vda): mounted filesystem 56b1695a-8891-40bd-bc42-c7c8a70
fe76d r/w with ordered data mode. Quota mode: none.
[    5.054314] VFS: Mounted root (ext4 filesystem) on device 253:0.
[    5.060947] devtmpfs: mounted
[    5.087285] Freeing unused kernel image (initmem) memory: 3288K
[    5.099624] Write protecting the kernel read-only data: 32768k
[    5.129059] Freeing unused kernel image (text/rodata gap) memory: 812K
[    5.147236] Freeing unused kernel image (rodata/data gap) memory: 1072K
[    5.181664] x86/mm: Checked W+X mappings: passed, no W+X pages found.
[    5.192871] Run /sbin/init as init process
[    5.494639] SELinux:  Permission firmware_load in class system not defined in
 policy.
[    5.502972] SELinux:  Permission kexec_image_load in class system not defined
 in policy.
[    5.507228] SELinux:  Permission kexec_initramfs_load in class system not def
ined in policy.
[    5.515991] SELinux:  Permission policy_load in class system not defined in p
olicy.
[    5.524781] SELinux:  Permission x509_certificate_load in class system not de
fined in policy.
[    5.534505] SELinux:  Permission watch_mountns in class file not defined in p
olicy.
[    5.542850] SELinux:  Permission watch_mountns in class dir not defined in po
licy.
[    5.551205] SELinux:  Permission watch_mountns in class lnk_file not defined
in policy.
[    5.561619] SELinux:  Permission watch_mountns in class chr_file not defined
in policy.
[    5.571388] SELinux:  Permission watch_mountns in class blk_file not defined
in policy.
[    5.581079] SELinux:  Permission watch_mountns in class sock_file not defined
 in policy.
[    5.588436] SELinux:  Permission watch_mountns in class fifo_file not defined
 in policy.
[    5.594778] SELinux:  Permission watch_mountns in class anon_inode not define
d in policy.
[    5.604098] SELinux:  Permission allowed in class io_uring not defined in pol
icy.
[    5.608421] SELinux:  Class memfd_file not defined in policy.
[    5.613656] SELinux: the above unknown classes and permissions will be allowe
d
[    5.644154] SELinux:  policy capability network_peer_controls=1
[    5.652824] SELinux:  policy capability open_perms=1
[    5.660387] SELinux:  policy capability extended_socket_class=1
[    5.669219] SELinux:  policy capability always_check_network=0
[    5.678432] SELinux:  policy capability cgroup_seclabel=1
[    5.686081] SELinux:  policy capability nnp_nosuid_transition=1
[    5.689760] SELinux:  policy capability genfs_seclabel_symlinks=0
[    5.697931] SELinux:  policy capability ioctl_skip_cloexec=0
[    5.705402] SELinux:  policy capability userspace_initial_context=0
[    5.712749] SELinux:  policy capability netlink_xperm=0
[    5.718672] SELinux:  policy capability netif_wildcard=0
[    5.724525] SELinux:  policy capability genfs_seclabel_wildcard=0
[    5.732171] SELinux:  policy capability functionfs_seclabel=0
[    5.739312] SELinux:  policy capability memfd_class=0
[    5.748431] audit: type=1403 audit(1791069264.944:2): auid=4294967295 ses=429
4967295 lsm=selinux res=1
[    5.754381] systemd[1]: Successfully loaded SELinux policy in 357.309ms.
[    5.971873] modprobe (105) used greatest stack depth: 12752 bytes left
[    5.991230] systemd[1]: Relabeled /dev/, /dev/shm/, /run/ in 17.630ms.
[    6.015382] systemd[1]: systemd 257.13-1~deb13u1 running in system mode (+PAM
 +AUDIT +SELINUX +APPARMOR +IMA +IPE +SMACK +SECCOMP +GCRYPT -GNUTLS +OPENSSL +A
CL +BLKID +CURL +ELFUTILS +FIDO2 +IDN2 -IDN +IPTC +KMOD +LIBCRYPTSETUP +LIBCRYPT
SETUP_PLUGINS +LIBFDISK +PCRE2 +PWQUALITY +P11KIT +QRENCODE +TPM2 +BZIP2 +LZ4 +X
Z +ZLIB +ZSTD +BPF_FRAMEWORK +BTF -XKBCOMMON -UTMP +SYSVINIT +LIBARCHIVE)
[    6.028334] systemd[1]: Detected virtualization kvm.
[    6.030519] systemd[1]: Detected architecture x86-64.

Welcome to Debian GNU/Linux 13 (trixie)!

[    6.042048] systemd[1]: Hostname set to <syzkaller>.
[    6.258100] systemd[1]: bpf-restrict-fs: BPF LSM hook not enabled in the kern
el, BPF LSM not supported.
[    6.317267] systemd-rc-loca (115) used greatest stack depth: 12568 bytes left
[    6.340151] systemd-ssh-generator[118]: Failed to query local AF_VSOCK CID: C
annot assign requested address
[    6.357825] systemd-ssh-gen (118) used greatest stack depth: 12520 bytes left
[    6.372061] (sd-exec-[108]: /usr/lib/systemd/system-generators/systemd-ssh-ge
nerator failed with exit status 1.
[    6.636406] systemd[1]: Queued start job for default target graphical.target.
[    6.657992] systemd[1]: Created slice system-getty.slice - Slice /system/gett
y.
[  OK  ] Created slice system-getty.slice - Slice /system/getty.
[    6.681535] systemd[1]: Created slice system-modprobe.slice - Slice /system/m
odprobe.
[  OK  ] Created slice system-modprobe.slice - Slice /system/modprobe.
[    6.703934] systemd[1]: Created slice system-serial\x2dgetty.slice - Slice /s
ystem/serial-getty.
[  OK  ] Created slice system-serial\x2dget…slice - Slice /system/serial-getty.
[    6.718818] systemd[1]: Created slice user.slice - User and Session Slice.
[  OK  ] Created slice user.slice - User and Session Slice.
[    6.739473] systemd[1]: Started systemd-ask-password-console.path - Dispatch
Password Requests to Console Directory Watch.
[  OK  ] Started systemd-ask-password-conso…equests to Console Directory Watch.
[    6.767383] systemd[1]: Started systemd-ask-password-wall.path - Forward Pass
word Requests to Wall Directory Watch.
[  OK  ] Started systemd-ask-password-wall.…d Requests to Wall Directory Watch.
[    6.791043] systemd[1]: Set up automount proc-sys-fs-binfmt_misc.automount -
Arbitrary Executable File Formats File System Automount Point.
[  OK  ] Set up automount proc-sys-fs-binfm…ormats File System Automount Point.
[    6.813689] systemd[1]: Expecting device dev-ttyS0.device - /dev/ttyS0...
         Expecting device dev-ttyS0.device - /dev/ttyS0...
[    6.833008] systemd[1]: Reached target paths.target - Path Units.
[  OK  ] Reached target paths.target - Path Units.
[    6.851166] systemd[1]: Reached target remote-fs.target - Remote File Systems
.
[  OK  ] Reached target remote-fs.target - Remote File Systems.
[    6.868523] systemd[1]: Reached target slices.target - Slice Units.
[  OK  ] Reached target slices.target - Slice Units.
[    6.874727] systemd[1]: Reached target swap.target - Swaps.
[  OK  ] Reached target swap.target - Swaps.
[    6.891500] systemd[1]: Listening on systemd-creds.socket - Credential Encryp
tion/Decryption.
[  OK  ] Listening on systemd-creds.socket - Credential Encryption/Decryption.
[    6.908987] systemd[1]: Listening on systemd-initctl.socket - initctl Compati
bility Named Pipe.
[  OK  ] Listening on systemd-initctl.socke…- initctl Compatibility Named Pipe.
[    6.933637] systemd[1]: Listening on systemd-journald-dev-log.socket - Journa
l Socket (/dev/log).
[  OK  ] Listening on systemd-journald-dev-…socket - Journal Socket (/dev/log).
[    6.943778] systemd[1]: Listening on systemd-journald.socket - Journal Socket
s.
[  OK  ] Listening on systemd-journald.socket - Journal Sockets.
[    6.967607] systemd[1]: systemd-pcrextend.socket - TPM PCR Measurements skipp
ed, unmet condition check ConditionSecurity=measured-uki
[    6.982167] systemd[1]: systemd-pcrlock.socket - Make TPM PCR Policy skipped,
 unmet condition check ConditionSecurity=measured-uki
[    6.999462] systemd[1]: Listening on systemd-sysext.socket - System Extension
 Image Management.
[  OK  ] Listening on systemd-sysext.socket… System Extension Image Management.
[    7.024429] systemd[1]: Listening on systemd-udevd-control.socket - udev Cont
rol Socket.
[  OK  ] Listening on systemd-udevd-control.socket - udev Control Socket.
[    7.036375] systemd[1]: Listening on systemd-udevd-kernel.socket - udev Kerne
l Socket.
[  OK  ] Listening on systemd-udevd-kernel.socket - udev Kernel Socket.
[    7.050780] systemd[1]: Mounting dev-hugepages.mount - Huge Pages File System
...
         Mounting dev-hugepages.mount - Huge Pages File System...
[    7.069740] systemd[1]: Mounting dev-mqueue.mount - POSIX Message Queue File
System...
         Mounting dev-mqueue.mount - POSIX Message Queue File Syste[    7.077883
] mount (127) used greatest stack depth: 12512 bytes left
m...
[    7.086971] systemd[1]: Mounting proc-sys-fs-binfmt_misc.mount - /proc/sys/fs
/binfmt_misc...
         Mounting proc-sys-fs-binfmt_misc.mount - /proc/sys/fs/binfmt_misc...
[    7.110726] systemd[1]: Mounting sys-kernel-debug.mount - /sys/kernel/debug..
.
         Mounting sys-kernel-debug.mount - /sys/kernel/debug...
[    7.134848] systemd[1]: Mounting sys-kernel-tracing.mount - Kernel Trace File
 System...
         Mounting sys-kernel-tracing.mount - Kernel Trace File System...
[    7.157504] systemd[1]: Mounting tmp.mount - Temporary Directory /tmp...
         Mounting tmp.mount - Temporary Directory /tmp...
[    7.175389] systemd[1]: kmod-static-nodes.service - Create List of Static Dev
ice Nodes skipped, unmet condition check ConditionFileNotEmpty=/lib/modules/6.18
.32-g856416f7ceec-dirty/modules.devname
[    7.195573] systemd[1]: Starting modprobe@drm.service - Load Kernel Module dr
m...
         Starting modprobe@drm.service - Load Kernel Module drm...
[    7.216354] systemd[1]: Starting modprobe@efi_pstore.service - Load Kernel Mo
dule efi_pstore...
         Starting modprobe@efi_pstore.servi… - Load Kernel Module efi_pstore...
[    7.241341] systemd[1]: Starting modprobe@fuse.service - Load Kernel Module f
use...
         Starting modprobe@fuse.service - Load Kernel Module fuse...
[    7.257518] systemd[1]: systemd-hibernate-clear.service - Clear Stale Hiberna
te Storage Info skipped, unmet condition check ConditionPathExists=/sys/firmware
/efi/efivars/HibernateLocation-8cf2644b-4b0b-428f-9387-6d876050dc67
[    7.275217] systemd[1]: systemd-hwdb-update.service - Rebuild Hardware Databa
se skipped, unmet condition check ConditionNeedsUpdate=/etc
[    7.300107] systemd[1]: Starting systemd-journald.service - Journal Service..
.
         Starting systemd-journald.service - Journal Service...
[    7.320734] systemd[1]: Starting systemd-modules-load.service - Load Kernel M
odules...
         Starting systemd-modules-load.service - Load Kernel Modules...
[    7.342222] systemd[1]: systemd-pcrmachine.service - TPM PCR Machine ID Measu
rement skipped, unmet condition check ConditionSecurity=measured-uki
[    7.363487] systemd[1]: Starting systemd-random-seed.service - Load/Save OS R
andom Seed...
         Starting systemd-random-seed.service - Load/Save OS Random Seed...
[    7.388224] systemd[1]: Starting systemd-tmpfiles-setup-dev-early.service - C
reate Static Device Nodes in /dev gracefully...
         Starting systemd-tmpfiles-setup-de… Device Nodes in /dev gracefully...
[    7.415486] systemd[1]: systemd-tpm2-setup-early.service - Early TPM SRK Setu
p skipped, unmet condition check ConditionSecurity=measured-uki
[    7.434316] systemd[1]: systemd-tpm2-setup.service - TPM SRK Setup skipped, u
nmet condition check ConditionSecurity=measured-uki
[    7.445979] systemd[1]: Starting systemd-udev-load-credentials.service - Load
 udev Rules from Credentials...
[    7.446464] systemd-journald[136]: Collecting audit messages is disabled.
         Starting systemd-udev-load-credent…Load udev Rules from Credentials...
[    7.481324] systemd[1]: Starting systemd-udev-trigger.service - Coldplug All
udev Devices...
         Starting systemd-udev-trigger.service - Coldplug All udev Devices...
[    7.509963] systemd[1]: Mounted dev-hugepages.mount - Huge Pages File System.
[  OK  ] Mounted dev-hugepages.mount - Huge Pages File System.
[    7.525297] systemd[1]: Started systemd-journald.service - Journal Service.
[  OK  ] Started systemd-journald.service - Journal Service.
[  OK  ] Mounted dev-mqueue.mount - POSIX Message Queue File System.
[  OK  ] Mounted proc-sys-fs-binfmt_misc.mount - /proc/sys/fs/binfmt_misc.
[  OK  ] Mounted sys-kernel-debug.mount - /sys/kernel/debug.
[  OK  ] Mounted sys-kernel-tracing.mount    7.599155] udevadm (141) used greate
st stack depth: 12424 bytes left
m - Kernel Trace File System.
[  OK  ] Mounted tmp.mount - Temporary Directory /tmp.
[  OK  ] Finished modprobe@drm.service - Load Kernel Module drm.
[  OK  ] Finished modprobe@efi_pstore.service - Load Kernel Module efi_pstore.
[  OK  ] Finished modprobe@fuse.service - Load Kernel Module fuse.
[  OK  ] Finished systemd-modules-load.service - Load Kernel Modules.
[  OK  ] Finished systemd-random-seed.service - Load/Save OS Random Seed.
[  OK  ] Finished systemd-tmpfiles-setup-de…ic Device Nodes in /dev gracefully.
[  OK  ] Finished systemd-udev-load-credent…- Load udev Rules from Credentials.
         Starting systemd-binfmt.service - Set Up Additional Binary Formats...
         Starting systemd-journal-flush.ser…sh Journal to Persistent Storage...
         Starting systemd-sysctl.service - Apply Kernel Variables...
[    7.780308] systemd-journald[136]: Received client request to flush runtime j
ournal.
         Starting systemd-tmpfiles-setup-de…eate Static Device Nodes in /dev...
[  OK  ] Finished systemd-binfmt.service - Set Up Additional Binary Formats.
[  OK  ] Finished systemd-udev-trigger.service - Coldplug All udev Devices.
         Starting ifupdown-pre.service - He…synchronize boot up for ifupdown...
[  OK  ] Finished systemd-tmpfiles-setup-de…Create Static Device Nodes in /dev.
[  OK  ] Finished systemd-sysctl.service - Apply Kernel Variables.
[  OK  ] Reached target local-fs-pre.target…Preparation for Local File Systems.
         Starting systemd-udevd.service - R…ager for Device Events and Files...
[  OK  ] Finished systemd-journal-flush.ser…lush Journal to Persistent Storage.
         Starting systemd-tmpfiles-setup.se…ate System Files and Directories...
[  OK  ] Started systemd-udevd.service - Ru…anager for Device Events and Files.
[  OK  ] Finished systemd-tmpfiles-setup.se…reate System Files and Directories.
[  OK  ] Found device dev-ttyS0.device - /dev/ttyS0.
[  OK  ] Reached target sysinit.target - System Initialization.
[  OK  ] Started apt-daily.timer - Daily apt download activities.
[  OK  ] Started apt-daily-upgrade.timer - …y apt upgrade and clean activities.
[  OK  ] Started dpkg-db-backup.timer - Daily dpkg database backup timer.
[  OK  ] Started e2scrub_all.timer - Period…Metadata Check for All Filesystems.
[  OK  ] Started fstrim.timer - Discard unused filesystem blocks once a week.
[  OK  ] Started logrotate.timer - Daily rotation of log files.
[  OK  ] Started phpsessionclean.timer - Clean PHP session files every 30 mins.
[  OK  ] Started systemd-tmpfiles-clean.tim…y Cleanup of Temporary Directories.
[  OK  ] Reached target timers.target - Timer Units.
[  OK  ] Listening on dbus.socket - D-Bus System Message Bus Socket.
[  OK  ] Listening on sshd-unix-local.socke…temd-ssh-generator, AF_UNIX Local).
[  OK  ] Listening on systemd-hostnamed.socket - Hostname Service Socket.
[  OK  ] Reached target sockets.target - Socket Units.
[  OK  ] Reached target basic.target - Basic System.
[  OK  ] Started cron.service - Regular background program processing daemon.
         Starting dbus.service - D-Bus System Message Bus...
         Starting e2scrub_reap.service - Re…ne ext4 Metadata Check Snapshots...
         Starting systemd-logind.service - User Login Management...
[  OK  ] Finished ifupdown-pre.service - He…o synchronize boot up for ifupdown.
[  OK  ] Listening on systemd-rfkill.socket…ll Switch Status /dev/rfkill Watch.
         Starting networking.service - Raise network interfaces...
         Starting phpsessionclean.service - Clean php session files...
[  OK  ] Started dbus.service - D-Bus System Message Bus.
[    8.733665] e2scrub_all (232) used greatest stack depth: 12256 bytes left
[  OK  ] Finished e2scrub_reap.service - Re…line ext4 Metadata Check Snapshots.
[  OK  ] Started systemd-logind.service - User Login Management.
[  OK  ] Finished phpsessionclean.service - Clean php session files.
[  OK  ] Finished networking.service - Raise network interfaces.
[  OK  ] Reached target network.target - Network.
[  OK  ] Reached target network-online.target - Network is Online.
         Starting nginx.service - A high pe…erver and a reverse proxy server...
         Starting redis-server.service - Advanced key-value store...
         Starting ssh.service - OpenBSD Secure Shell server...
         Starting systemd-user-sessions.service - Permit User Sessions...
[  OK  ] Finished systemd-user-sessions.service - Permit User Sessions.
[  OK  ] Started nginx.service - A high per… server and a reverse proxy server.
[  OK  ] Started getty@tty1.service - Getty on tty1.
[  OK  ] Started serial-getty@ttyS0.service - Serial Getty on ttyS0.
[  OK  ] Reached target getty.target - Login Prompts.
[  OK  ] Started ssh.service - OpenBSD Secure Shell server.
[FAILED] Failed to start redis-server.service - Advanced key-value store.
See 'systemctl status redis-server.service' for details.
[  OK  ] Reached target multi-user.target - Multi-User System.
[  OK  ] Reached target graphical.target - Graphical Interface.

Debian GNU/Linux 13 syzkaller ttyS0

syzkaller login: [   21.114630] audit: type=1107 audit(1791069280.311:3): pid=1
uid=0 auid=4294967295 ses=4294967295 subj=system_u:system_r:kernel_t:s0 msg='avc
:  denied  { start } for auid=n/a uid=0 gid=0 path="/usr/lib/systemd/system/user
-runtime-dir@.service" cmdline="/usr/lib/systemd/systemd-logind" function="bus_u
nit_method_start_generic" scontext=system_u:system_r:kernel_t:s0 tcontext=system
_u:object_r:unlabeled_t:s0 tclass=service permissive=1 exe="/usr/lib/systemd/sys
temd" sauid=0 hostname=? addr=? terminal=?'
[   28.014802] 9pnet_virtio: no channels available for device hostshare
[   29.742851] audit: type=1400 audit(1791069288.939:4): avc:  denied  { execmem
 } for  pid=515 comm="java" scontext=system_u:system_r:kernel_t:s0 tcontext=syst
em_u:system_r:kernel_t:s0 tclass=process permissive=1
[   57.977948] BUG: non-zero pgtables_bytes on freeing mm: 8192

