20791 execve("/root/m4t12/bin/mmbench_dyn", ["/root/m4t12/bin/mmbench_dyn", "pf", "high", "16", "1", "20263141"], 0x7fffb267db38 /* 29 vars */) = 0
20791 brk(NULL)                         = 0x561a1fa24000
20791 mmap(NULL, 8192, PROT_READ|PROT_WRITE, MAP_PRIVATE|MAP_ANONYMOUS, -1, 0) = 0x7fef186b0000
20791 access("/etc/ld.so.preload", R_OK) = -1 ENOENT (No such file or directory)
20791 openat(AT_FDCWD, "/etc/ld.so.cache", O_RDONLY|O_CLOEXEC) = 3
20791 fstat(3, {st_mode=S_IFREG|0644, st_size=27983, ...}) = 0
20791 mmap(NULL, 27983, PROT_READ, MAP_PRIVATE, 3, 0) = 0x7fef186a9000
20791 close(3)                          = 0
20791 openat(AT_FDCWD, "/lib/x86_64-linux-gnu/libc.so.6", O_RDONLY|O_CLOEXEC) = 3
20791 read(3, "\177ELF\2\1\1\3\0\0\0\0\0\0\0\0\3\0>\0\1\0\0\0p\236\2\0\0\0\0\0@\0\0\0\0\0\0\0\220b\36\0\0\0\0\0\0\0\0\0@\08\0\17\0@\0=\0<\0\6\0\0\0\4\0\0\0@\0\0\0\0\0\0\0@\0\0\0\0\0\0\0@\0\0\0\0\0\0\0"..., 832) = 832
20791 pread64(3, "\6\0\0\0\4\0\0\0@\0\0\0\0\0\0\0@\0\0\0\0\0\0\0@\0\0\0\0\0\0\0H\3\0\0\0\0\0\0H\3\0\0\0\0\0\0\10\0\0\0\0\0\0\0\3\0\0\0\4\0\0\0\240\1\36\0\0\0\0\0\240\1\36\0\0\0\0\0\240\1\36\0\0\0\0\0\34\0\0\0\0\0\0\0"..., 840, 64) = 840
20791 fstat(3, {st_mode=S_IFREG|0755, st_size=1995216, ...}) = 0
20791 pread64(3, "\6\0\0\0\4\0\0\0@\0\0\0\0\0\0\0@\0\0\0\0\0\0\0@\0\0\0\0\0\0\0H\3\0\0\0\0\0\0H\3\0\0\0\0\0\0\10\0\0\0\0\0\0\0\3\0\0\0\4\0\0\0\240\1\36\0\0\0\0\0\240\1\36\0\0\0\0\0\240\1\36\0\0\0\0\0\34\0\0\0\0\0\0\0"..., 840, 64) = 840
20791 mmap(NULL, 2047568, PROT_READ, MAP_PRIVATE|MAP_DENYWRITE, 3, 0) = 0x7fef184b5000
20791 mmap(0x7fef184dd000, 1454080, PROT_READ|PROT_EXEC, MAP_PRIVATE|MAP_FIXED|MAP_DENYWRITE, 3, 0x28000) = 0x7fef184dd000
20791 mmap(0x7fef18640000, 352256, PROT_READ, MAP_PRIVATE|MAP_FIXED|MAP_DENYWRITE, 3, 0x18b000) = 0x7fef18640000
20791 mmap(0x7fef18696000, 24576, PROT_READ|PROT_WRITE, MAP_PRIVATE|MAP_FIXED|MAP_DENYWRITE, 3, 0x1e0000) = 0x7fef18696000
20791 mmap(0x7fef1869c000, 52816, PROT_READ|PROT_WRITE, MAP_PRIVATE|MAP_FIXED|MAP_ANONYMOUS, -1, 0) = 0x7fef1869c000
20791 close(3)                          = 0
20791 mmap(NULL, 12288, PROT_READ|PROT_WRITE, MAP_PRIVATE|MAP_ANONYMOUS, -1, 0) = 0x7fef184b2000
20791 arch_prctl(ARCH_SET_FS, 0x7fef184b2740) = 0
20791 set_tid_address(0x7fef184b2a10)   = 20791
20791 set_robust_list(0x7fef184b2a20, 24) = 0
20791 rseq(0x7fef184b2680, 0x20, 0, 0x53053053) = 0
20791 mprotect(0x7fef18696000, 16384, PROT_READ) = 0
20791 mprotect(0x5619f5aa0000, 4096, PROT_READ) = 0
20791 mprotect(0x7fef18702000, 8192, PROT_READ) = 0
20791 prlimit64(0, RLIMIT_STACK, NULL, {rlim_cur=8192*1024, rlim_max=RLIM64_INFINITY}) = 0
20791 munmap(0x7fef186a9000, 27983)     = 0
20791 write(2, "mmbench: arena clamped to 718 MB/thread (requested 1024 MB) to keep VA+RSS <= 1500 MB\n", 86) = 86
20791 write(2, "mmbench: bench=pf contention=high threads=16 arena=718 MB (shared)\n", 67) = 67
20791 prlimit64(0, RLIMIT_AS, NULL, {rlim_cur=RLIM64_INFINITY, rlim_max=RLIM64_INFINITY}) = 0
20791 getrandom("\x9c\x41\xfb\x16\x28\xfc\xa3\x08", 8, GRND_NONBLOCK) = 8
20791 brk(NULL)                         = 0x561a1fa24000
20791 brk(0x561a1fa45000)               = 0x561a1fa45000
20791 mmap(NULL, 752877568, PROT_READ|PROT_WRITE, MAP_PRIVATE|MAP_ANONYMOUS|MAP_NORESERVE, -1, 0) = 0x7feeeb6b2000
20791 write(2, "mmbench: shared arena 718 MB, 45952 chunks, bitmap 45952 B\n", 59) = 59
20791 rt_sigaction(SIGRT_1, {sa_handler=0x7fef185454b0, sa_mask=[], sa_flags=SA_RESTORER|SA_ONSTACK|SA_RESTART|SA_SIGINFO, sa_restorer=0x7fef184f4df0}, NULL, 8) = 0
20791 rt_sigprocmask(SIG_UNBLOCK, [RTMIN RT_1], NULL, 8) = 0
20791 mmap(NULL, 8392704, PROT_NONE, MAP_PRIVATE|MAP_ANONYMOUS|MAP_STACK, -1, 0) = 0x7feeeaeb1000
20791 mprotect(0x7feeeaeb2000, 8388608, PROT_READ|PROT_WRITE) = 0
20791 rt_sigprocmask(SIG_BLOCK, ~[], [], 8) = 0
20791 clone3({flags=CLONE_VM|CLONE_FS|CLONE_FILES|CLONE_SIGHAND|CLONE_THREAD|CLONE_SYSVSEM|CLONE_SETTLS|CLONE_PARENT_SETTID|CLONE_CHILD_CLEARTID, child_tid=0x7feeeb6b1990, parent_tid=0x7feeeb6b1990, exit_signal=0, stack=0x7feeeaeb1000, stack_size=0x7fff80, tls=0x7feeeb6b16c0} => {parent_tid=[20792]}, 88) = 20792
20792 rseq(0x7feeeb6b1600, 0x20, 0, 0x53053053 <unfinished ...>
20791 rt_sigprocmask(SIG_SETMASK, [],  <unfinished ...>
20792 <... rseq resumed>)               = 0
20791 <... rt_sigprocmask resumed>NULL, 8) = 0
20792 set_robust_list(0x7feeeb6b19a0, 24 <unfinished ...>
20791 mmap(NULL, 8392704, PROT_NONE, MAP_PRIVATE|MAP_ANONYMOUS|MAP_STACK, -1, 0) = 0x7feeea6b0000
20792 <... set_robust_list resumed>)    = 0
20791 mprotect(0x7feeea6b1000, 8388608, PROT_READ|PROT_WRITE <unfinished ...>
20792 rt_sigprocmask(SIG_SETMASK, [],  <unfinished ...>
20791 <... mprotect resumed>)           = 0
20792 <... rt_sigprocmask resumed>NULL, 8) = 0
20791 rt_sigprocmask(SIG_BLOCK, ~[], [], 8) = 0
20792 futex(0x7fff3d09cfb4, FUTEX_WAIT_PRIVATE, 0, NULL <unfinished ...>
20791 clone3({flags=CLONE_VM|CLONE_FS|CLONE_FILES|CLONE_SIGHAND|CLONE_THREAD|CLONE_SYSVSEM|CLONE_SETTLS|CLONE_PARENT_SETTID|CLONE_CHILD_CLEARTID, child_tid=0x7feeeaeb0990, parent_tid=0x7feeeaeb0990, exit_signal=0, stack=0x7feeea6b0000, stack_size=0x7fff80, tls=0x7feeeaeb06c0} => {parent_tid=[20793]}, 88) = 20793
20791 rt_sigprocmask(SIG_SETMASK, [], NULL, 8) = 0
20793 rseq(0x7feeeaeb0600, 0x20, 0, 0x53053053 <unfinished ...>
20791 mmap(NULL, 8392704, PROT_NONE, MAP_PRIVATE|MAP_ANONYMOUS|MAP_STACK, -1, 0 <unfinished ...>
20793 <... rseq resumed>)               = 0
20791 <... mmap resumed>)               = 0x7feee9eaf000
20791 mprotect(0x7feee9eb0000, 8388608, PROT_READ|PROT_WRITE <unfinished ...>
20793 set_robust_list(0x7feeeaeb09a0, 24 <unfinished ...>
20791 <... mprotect resumed>)           = 0
20793 <... set_robust_list resumed>)    = 0
20791 rt_sigprocmask(SIG_BLOCK, ~[],  <unfinished ...>
20793 rt_sigprocmask(SIG_SETMASK, [],  <unfinished ...>
20791 <... rt_sigprocmask resumed>[], 8) = 0
20791 clone3({flags=CLONE_VM|CLONE_FS|CLONE_FILES|CLONE_SIGHAND|CLONE_THREAD|CLONE_SYSVSEM|CLONE_SETTLS|CLONE_PARENT_SETTID|CLONE_CHILD_CLEARTID, child_tid=0x7feeea6af990, parent_tid=0x7feeea6af990, exit_signal=0, stack=0x7feee9eaf000, stack_size=0x7fff80, tls=0x7feeea6af6c0} <unfinished ...>
20793 <... rt_sigprocmask resumed>NULL, 8) = 0
20793 futex(0x7fff3d09cfb4, FUTEX_WAIT_PRIVATE, 0, NULL <unfinished ...>
20791 <... clone3 resumed> => {parent_tid=[20794]}, 88) = 20794
20791 rt_sigprocmask(SIG_SETMASK, [],  <unfinished ...>
20794 rseq(0x7feeea6af600, 0x20, 0, 0x53053053 <unfinished ...>
20791 <... rt_sigprocmask resumed>NULL, 8) = 0
20791 mmap(NULL, 8392704, PROT_NONE, MAP_PRIVATE|MAP_ANONYMOUS|MAP_STACK, -1, 0 <unfinished ...>
20794 <... rseq resumed>)               = 0
20791 <... mmap resumed>)               = 0x7feee96ae000
20791 mprotect(0x7feee96af000, 8388608, PROT_READ|PROT_WRITE <unfinished ...>
20794 set_robust_list(0x7feeea6af9a0, 24 <unfinished ...>
20791 <... mprotect resumed>)           = 0
20794 <... set_robust_list resumed>)    = 0
20791 rt_sigprocmask(SIG_BLOCK, ~[], [], 8) = 0
20794 rt_sigprocmask(SIG_SETMASK, [],  <unfinished ...>
20791 clone3({flags=CLONE_VM|CLONE_FS|CLONE_FILES|CLONE_SIGHAND|CLONE_THREAD|CLONE_SYSVSEM|CLONE_SETTLS|CLONE_PARENT_SETTID|CLONE_CHILD_CLEARTID, child_tid=0x7feee9eae990, parent_tid=0x7feee9eae990, exit_signal=0, stack=0x7feee96ae000, stack_size=0x7fff80, tls=0x7feee9eae6c0} <unfinished ...>
20794 <... rt_sigprocmask resumed>NULL, 8) = 0
20791 <... clone3 resumed> => {parent_tid=[20795]}, 88) = 20795
20794 futex(0x7fff3d09cfb4, FUTEX_WAIT_PRIVATE, 0, NULL <unfinished ...>
20791 rt_sigprocmask(SIG_SETMASK, [],  <unfinished ...>
20795 rseq(0x7feee9eae600, 0x20, 0, 0x53053053 <unfinished ...>
20791 <... rt_sigprocmask resumed>NULL, 8) = 0
20795 <... rseq resumed>)               = 0
20791 mmap(NULL, 8392704, PROT_NONE, MAP_PRIVATE|MAP_ANONYMOUS|MAP_STACK, -1, 0) = 0x7feee8ead000
20795 set_robust_list(0x7feee9eae9a0, 24 <unfinished ...>
20791 mprotect(0x7feee8eae000, 8388608, PROT_READ|PROT_WRITE) = 0
20795 <... set_robust_list resumed>)    = 0
20791 rt_sigprocmask(SIG_BLOCK, ~[],  <unfinished ...>
20795 rt_sigprocmask(SIG_SETMASK, [],  <unfinished ...>
20791 <... rt_sigprocmask resumed>[], 8) = 0
20795 <... rt_sigprocmask resumed>NULL, 8) = 0
20791 clone3({flags=CLONE_VM|CLONE_FS|CLONE_FILES|CLONE_SIGHAND|CLONE_THREAD|CLONE_SYSVSEM|CLONE_SETTLS|CLONE_PARENT_SETTID|CLONE_CHILD_CLEARTID, child_tid=0x7feee96ad990, parent_tid=0x7feee96ad990, exit_signal=0, stack=0x7feee8ead000, stack_size=0x7fff80, tls=0x7feee96ad6c0} <unfinished ...>
20795 futex(0x7fff3d09cfb4, FUTEX_WAIT_PRIVATE, 0, NULL <unfinished ...>
20791 <... clone3 resumed> => {parent_tid=[20796]}, 88) = 20796
20796 rseq(0x7feee96ad600, 0x20, 0, 0x53053053 <unfinished ...>
20791 rt_sigprocmask(SIG_SETMASK, [],  <unfinished ...>
20796 <... rseq resumed>)               = 0
20791 <... rt_sigprocmask resumed>NULL, 8) = 0
20796 set_robust_list(0x7feee96ad9a0, 24 <unfinished ...>
20791 mmap(NULL, 8392704, PROT_NONE, MAP_PRIVATE|MAP_ANONYMOUS|MAP_STACK, -1, 0 <unfinished ...>
20796 <... set_robust_list resumed>)    = 0
20791 <... mmap resumed>)               = 0x7feee86ac000
20791 mprotect(0x7feee86ad000, 8388608, PROT_READ|PROT_WRITE) = 0
20796 rt_sigprocmask(SIG_SETMASK, [],  <unfinished ...>
20791 rt_sigprocmask(SIG_BLOCK, ~[],  <unfinished ...>
20796 <... rt_sigprocmask resumed>NULL, 8) = 0
20791 <... rt_sigprocmask resumed>[], 8) = 0
20791 clone3({flags=CLONE_VM|CLONE_FS|CLONE_FILES|CLONE_SIGHAND|CLONE_THREAD|CLONE_SYSVSEM|CLONE_SETTLS|CLONE_PARENT_SETTID|CLONE_CHILD_CLEARTID, child_tid=0x7feee8eac990, parent_tid=0x7feee8eac990, exit_signal=0, stack=0x7feee86ac000, stack_size=0x7fff80, tls=0x7feee8eac6c0} <unfinished ...>
20796 futex(0x7fff3d09cfb4, FUTEX_WAIT_PRIVATE, 0, NULL <unfinished ...>
20791 <... clone3 resumed> => {parent_tid=[20797]}, 88) = 20797
20791 rt_sigprocmask(SIG_SETMASK, [], NULL, 8) = 0
20797 rseq(0x7feee8eac600, 0x20, 0, 0x53053053) = 0
20791 mmap(NULL, 8392704, PROT_NONE, MAP_PRIVATE|MAP_ANONYMOUS|MAP_STACK, -1, 0 <unfinished ...>
20797 set_robust_list(0x7feee8eac9a0, 24 <unfinished ...>
20791 <... mmap resumed>)               = 0x7feee7eab000
20791 mprotect(0x7feee7eac000, 8388608, PROT_READ|PROT_WRITE <unfinished ...>
20797 <... set_robust_list resumed>)    = 0
20791 <... mprotect resumed>)           = 0
20791 rt_sigprocmask(SIG_BLOCK, ~[],  <unfinished ...>
20797 rt_sigprocmask(SIG_SETMASK, [],  <unfinished ...>
20791 <... rt_sigprocmask resumed>[], 8) = 0
20797 <... rt_sigprocmask resumed>NULL, 8) = 0
20791 clone3({flags=CLONE_VM|CLONE_FS|CLONE_FILES|CLONE_SIGHAND|CLONE_THREAD|CLONE_SYSVSEM|CLONE_SETTLS|CLONE_PARENT_SETTID|CLONE_CHILD_CLEARTID, child_tid=0x7feee86ab990, parent_tid=0x7feee86ab990, exit_signal=0, stack=0x7feee7eab000, stack_size=0x7fff80, tls=0x7feee86ab6c0} <unfinished ...>
20797 futex(0x7fff3d09cfb4, FUTEX_WAIT_PRIVATE, 0, NULL <unfinished ...>
20791 <... clone3 resumed> => {parent_tid=[20798]}, 88) = 20798
20798 rseq(0x7feee86ab600, 0x20, 0, 0x53053053 <unfinished ...>
20791 rt_sigprocmask(SIG_SETMASK, [],  <unfinished ...>
20798 <... rseq resumed>)               = 0
20791 <... rt_sigprocmask resumed>NULL, 8) = 0
20798 set_robust_list(0x7feee86ab9a0, 24 <unfinished ...>
20791 mmap(NULL, 8392704, PROT_NONE, MAP_PRIVATE|MAP_ANONYMOUS|MAP_STACK, -1, 0 <unfinished ...>
20798 <... set_robust_list resumed>)    = 0
20791 <... mmap resumed>)               = 0x7feee76aa000
20798 rt_sigprocmask(SIG_SETMASK, [],  <unfinished ...>
20791 mprotect(0x7feee76ab000, 8388608, PROT_READ|PROT_WRITE <unfinished ...>
20798 <... rt_sigprocmask resumed>NULL, 8) = 0
20791 <... mprotect resumed>)           = 0
20798 futex(0x7fff3d09cfb4, FUTEX_WAIT_PRIVATE, 0, NULL <unfinished ...>
20791 rt_sigprocmask(SIG_BLOCK, ~[], [], 8) = 0
20791 clone3({flags=CLONE_VM|CLONE_FS|CLONE_FILES|CLONE_SIGHAND|CLONE_THREAD|CLONE_SYSVSEM|CLONE_SETTLS|CLONE_PARENT_SETTID|CLONE_CHILD_CLEARTID, child_tid=0x7feee7eaa990, parent_tid=0x7feee7eaa990, exit_signal=0, stack=0x7feee76aa000, stack_size=0x7fff80, tls=0x7feee7eaa6c0} => {parent_tid=[20799]}, 88) = 20799
20799 rseq(0x7feee7eaa600, 0x20, 0, 0x53053053 <unfinished ...>
20791 rt_sigprocmask(SIG_SETMASK, [],  <unfinished ...>
20799 <... rseq resumed>)               = 0
20791 <... rt_sigprocmask resumed>NULL, 8) = 0
20799 set_robust_list(0x7feee7eaa9a0, 24) = 0
20791 mmap(NULL, 8392704, PROT_NONE, MAP_PRIVATE|MAP_ANONYMOUS|MAP_STACK, -1, 0 <unfinished ...>
20799 rt_sigprocmask(SIG_SETMASK, [],  <unfinished ...>
20791 <... mmap resumed>)               = 0x7feee6ea9000
20799 <... rt_sigprocmask resumed>NULL, 8) = 0
20791 mprotect(0x7feee6eaa000, 8388608, PROT_READ|PROT_WRITE <unfinished ...>
20799 futex(0x7fff3d09cfb4, FUTEX_WAIT_PRIVATE, 0, NULL <unfinished ...>
20791 <... mprotect resumed>)           = 0
20791 rt_sigprocmask(SIG_BLOCK, ~[], [], 8) = 0
20791 clone3({flags=CLONE_VM|CLONE_FS|CLONE_FILES|CLONE_SIGHAND|CLONE_THREAD|CLONE_SYSVSEM|CLONE_SETTLS|CLONE_PARENT_SETTID|CLONE_CHILD_CLEARTID, child_tid=0x7feee76a9990, parent_tid=0x7feee76a9990, exit_signal=0, stack=0x7feee6ea9000, stack_size=0x7fff80, tls=0x7feee76a96c0} => {parent_tid=[20800]}, 88) = 20800
20800 rseq(0x7feee76a9600, 0x20, 0, 0x53053053 <unfinished ...>
20791 rt_sigprocmask(SIG_SETMASK, [],  <unfinished ...>
20800 <... rseq resumed>)               = 0
20791 <... rt_sigprocmask resumed>NULL, 8) = 0
20791 mmap(NULL, 8392704, PROT_NONE, MAP_PRIVATE|MAP_ANONYMOUS|MAP_STACK, -1, 0 <unfinished ...>
20800 set_robust_list(0x7feee76a99a0, 24 <unfinished ...>
20791 <... mmap resumed>)               = 0x7feee66a8000
20791 mprotect(0x7feee66a9000, 8388608, PROT_READ|PROT_WRITE <unfinished ...>
20800 <... set_robust_list resumed>)    = 0
20791 <... mprotect resumed>)           = 0
20800 rt_sigprocmask(SIG_SETMASK, [],  <unfinished ...>
20791 rt_sigprocmask(SIG_BLOCK, ~[],  <unfinished ...>
20800 <... rt_sigprocmask resumed>NULL, 8) = 0
20791 <... rt_sigprocmask resumed>[], 8) = 0
20800 futex(0x7fff3d09cfb4, FUTEX_WAIT_PRIVATE, 0, NULL <unfinished ...>
20791 clone3({flags=CLONE_VM|CLONE_FS|CLONE_FILES|CLONE_SIGHAND|CLONE_THREAD|CLONE_SYSVSEM|CLONE_SETTLS|CLONE_PARENT_SETTID|CLONE_CHILD_CLEARTID, child_tid=0x7feee6ea8990, parent_tid=0x7feee6ea8990, exit_signal=0, stack=0x7feee66a8000, stack_size=0x7fff80, tls=0x7feee6ea86c0} => {parent_tid=[20801]}, 88) = 20801
20801 rseq(0x7feee6ea8600, 0x20, 0, 0x53053053 <unfinished ...>
20791 rt_sigprocmask(SIG_SETMASK, [],  <unfinished ...>
20801 <... rseq resumed>)               = 0
20791 <... rt_sigprocmask resumed>NULL, 8) = 0
20801 set_robust_list(0x7feee6ea89a0, 24 <unfinished ...>
20791 mmap(NULL, 8392704, PROT_NONE, MAP_PRIVATE|MAP_ANONYMOUS|MAP_STACK, -1, 0) = 0x7feee5ea7000
20791 mprotect(0x7feee5ea8000, 8388608, PROT_READ|PROT_WRITE <unfinished ...>
20801 <... set_robust_list resumed>)    = 0
20791 <... mprotect resumed>)           = 0
20801 rt_sigprocmask(SIG_SETMASK, [], NULL, 8) = 0
20801 futex(0x7fff3d09cfb4, FUTEX_WAIT_PRIVATE, 0, NULL <unfinished ...>
20791 rt_sigprocmask(SIG_BLOCK, ~[], [], 8) = 0
20791 clone3({flags=CLONE_VM|CLONE_FS|CLONE_FILES|CLONE_SIGHAND|CLONE_THREAD|CLONE_SYSVSEM|CLONE_SETTLS|CLONE_PARENT_SETTID|CLONE_CHILD_CLEARTID, child_tid=0x7feee66a7990, parent_tid=0x7feee66a7990, exit_signal=0, stack=0x7feee5ea7000, stack_size=0x7fff80, tls=0x7feee66a76c0} => {parent_tid=[20802]}, 88) = 20802
20791 rt_sigprocmask(SIG_SETMASK, [], NULL, 8) = 0
20791 mmap(NULL, 8392704, PROT_NONE, MAP_PRIVATE|MAP_ANONYMOUS|MAP_STACK, -1, 0) = 0x7feee56a6000
20791 mprotect(0x7feee56a7000, 8388608, PROT_READ|PROT_WRITE) = 0
20791 rt_sigprocmask(SIG_BLOCK, ~[], [], 8) = 0
20802 rseq(0x7feee66a7600, 0x20, 0, 0x53053053 <unfinished ...>
20791 clone3({flags=CLONE_VM|CLONE_FS|CLONE_FILES|CLONE_SIGHAND|CLONE_THREAD|CLONE_SYSVSEM|CLONE_SETTLS|CLONE_PARENT_SETTID|CLONE_CHILD_CLEARTID, child_tid=0x7feee5ea6990, parent_tid=0x7feee5ea6990, exit_signal=0, stack=0x7feee56a6000, stack_size=0x7fff80, tls=0x7feee5ea66c0} <unfinished ...>
20802 <... rseq resumed>)               = 0
20791 <... clone3 resumed> => {parent_tid=[20803]}, 88) = 20803
20802 set_robust_list(0x7feee66a79a0, 24 <unfinished ...>
20791 rt_sigprocmask(SIG_SETMASK, [],  <unfinished ...>
20803 rseq(0x7feee5ea6600, 0x20, 0, 0x53053053 <unfinished ...>
20791 <... rt_sigprocmask resumed>NULL, 8) = 0
20802 <... set_robust_list resumed>)    = 0
20803 <... rseq resumed>)               = 0
20791 mmap(NULL, 8392704, PROT_NONE, MAP_PRIVATE|MAP_ANONYMOUS|MAP_STACK, -1, 0 <unfinished ...>
20803 set_robust_list(0x7feee5ea69a0, 24 <unfinished ...>
20802 rt_sigprocmask(SIG_SETMASK, [],  <unfinished ...>
20803 <... set_robust_list resumed>)    = 0
20791 <... mmap resumed>)               = 0x7feee4ea5000
20791 mprotect(0x7feee4ea6000, 8388608, PROT_READ|PROT_WRITE <unfinished ...>
20803 rt_sigprocmask(SIG_SETMASK, [],  <unfinished ...>
20802 <... rt_sigprocmask resumed>NULL, 8) = 0
20791 <... mprotect resumed>)           = 0
20803 <... rt_sigprocmask resumed>NULL, 8) = 0
20802 futex(0x7fff3d09cfb4, FUTEX_WAIT_PRIVATE, 0, NULL <unfinished ...>
20791 rt_sigprocmask(SIG_BLOCK, ~[], [], 8) = 0
20803 futex(0x7fff3d09cfb4, FUTEX_WAIT_PRIVATE, 0, NULL <unfinished ...>
20791 clone3({flags=CLONE_VM|CLONE_FS|CLONE_FILES|CLONE_SIGHAND|CLONE_THREAD|CLONE_SYSVSEM|CLONE_SETTLS|CLONE_PARENT_SETTID|CLONE_CHILD_CLEARTID, child_tid=0x7feee56a5990, parent_tid=0x7feee56a5990, exit_signal=0, stack=0x7feee4ea5000, stack_size=0x7fff80, tls=0x7feee56a56c0} => {parent_tid=[20804]}, 88) = 20804
20804 rseq(0x7feee56a5600, 0x20, 0, 0x53053053 <unfinished ...>
20791 rt_sigprocmask(SIG_SETMASK, [],  <unfinished ...>
20804 <... rseq resumed>)               = 0
20791 <... rt_sigprocmask resumed>NULL, 8) = 0
20791 mmap(NULL, 8392704, PROT_NONE, MAP_PRIVATE|MAP_ANONYMOUS|MAP_STACK, -1, 0 <unfinished ...>
20804 set_robust_list(0x7feee56a59a0, 24 <unfinished ...>
20791 <... mmap resumed>)               = 0x7feee46a4000
20791 mprotect(0x7feee46a5000, 8388608, PROT_READ|PROT_WRITE <unfinished ...>
20804 <... set_robust_list resumed>)    = 0
20791 <... mprotect resumed>)           = 0
20804 rt_sigprocmask(SIG_SETMASK, [],  <unfinished ...>
20791 rt_sigprocmask(SIG_BLOCK, ~[],  <unfinished ...>
20804 <... rt_sigprocmask resumed>NULL, 8) = 0
20791 <... rt_sigprocmask resumed>[], 8) = 0
20804 futex(0x7fff3d09cfb4, FUTEX_WAIT_PRIVATE, 0, NULL <unfinished ...>
20791 clone3({flags=CLONE_VM|CLONE_FS|CLONE_FILES|CLONE_SIGHAND|CLONE_THREAD|CLONE_SYSVSEM|CLONE_SETTLS|CLONE_PARENT_SETTID|CLONE_CHILD_CLEARTID, child_tid=0x7feee4ea4990, parent_tid=0x7feee4ea4990, exit_signal=0, stack=0x7feee46a4000, stack_size=0x7fff80, tls=0x7feee4ea46c0} => {parent_tid=[20805]}, 88) = 20805
20805 rseq(0x7feee4ea4600, 0x20, 0, 0x53053053 <unfinished ...>
20791 rt_sigprocmask(SIG_SETMASK, [], NULL, 8) = 0
20805 <... rseq resumed>)               = 0
20791 mmap(NULL, 8392704, PROT_NONE, MAP_PRIVATE|MAP_ANONYMOUS|MAP_STACK, -1, 0 <unfinished ...>
20805 set_robust_list(0x7feee4ea49a0, 24 <unfinished ...>
20791 <... mmap resumed>)               = 0x7feee3ea3000
20805 <... set_robust_list resumed>)    = 0
20805 rt_sigprocmask(SIG_SETMASK, [],  <unfinished ...>
20791 mprotect(0x7feee3ea4000, 8388608, PROT_READ|PROT_WRITE <unfinished ...>
20805 <... rt_sigprocmask resumed>NULL, 8) = 0
20791 <... mprotect resumed>)           = 0
20805 futex(0x7fff3d09cfb4, FUTEX_WAIT_PRIVATE, 0, NULL <unfinished ...>
20791 rt_sigprocmask(SIG_BLOCK, ~[], [], 8) = 0
20791 clone3({flags=CLONE_VM|CLONE_FS|CLONE_FILES|CLONE_SIGHAND|CLONE_THREAD|CLONE_SYSVSEM|CLONE_SETTLS|CLONE_PARENT_SETTID|CLONE_CHILD_CLEARTID, child_tid=0x7feee46a3990, parent_tid=0x7feee46a3990, exit_signal=0, stack=0x7feee3ea3000, stack_size=0x7fff80, tls=0x7feee46a36c0} => {parent_tid=[20806]}, 88) = 20806
20806 rseq(0x7feee46a3600, 0x20, 0, 0x53053053 <unfinished ...>
20791 rt_sigprocmask(SIG_SETMASK, [],  <unfinished ...>
20806 <... rseq resumed>)               = 0
20791 <... rt_sigprocmask resumed>NULL, 8) = 0
20791 mmap(NULL, 8392704, PROT_NONE, MAP_PRIVATE|MAP_ANONYMOUS|MAP_STACK, -1, 0 <unfinished ...>
20806 set_robust_list(0x7feee46a39a0, 24 <unfinished ...>
20791 <... mmap resumed>)               = 0x7feee36a2000
20806 <... set_robust_list resumed>)    = 0
20791 mprotect(0x7feee36a3000, 8388608, PROT_READ|PROT_WRITE <unfinished ...>
20806 rt_sigprocmask(SIG_SETMASK, [], NULL, 8) = 0
20791 <... mprotect resumed>)           = 0
20806 futex(0x7fff3d09cfb4, FUTEX_WAIT_PRIVATE, 0, NULL <unfinished ...>
20791 rt_sigprocmask(SIG_BLOCK, ~[], [], 8) = 0
20791 clone3({flags=CLONE_VM|CLONE_FS|CLONE_FILES|CLONE_SIGHAND|CLONE_THREAD|CLONE_SYSVSEM|CLONE_SETTLS|CLONE_PARENT_SETTID|CLONE_CHILD_CLEARTID, child_tid=0x7feee3ea2990, parent_tid=0x7feee3ea2990, exit_signal=0, stack=0x7feee36a2000, stack_size=0x7fff80, tls=0x7feee3ea26c0} => {parent_tid=[20807]}, 88) = 20807
20807 rseq(0x7feee3ea2600, 0x20, 0, 0x53053053 <unfinished ...>
20791 rt_sigprocmask(SIG_SETMASK, [],  <unfinished ...>
20807 <... rseq resumed>)               = 0
20791 <... rt_sigprocmask resumed>NULL, 8) = 0
20791 futex(0x7fff3d09cfb4, FUTEX_WAIT_PRIVATE, 0, NULL <unfinished ...>
20807 set_robust_list(0x7feee3ea29a0, 24) = 0
20807 rt_sigprocmask(SIG_SETMASK, [], NULL, 8) = 0
20807 futex(0x7fff3d09cfb4, FUTEX_WAKE_PRIVATE, 2147483647) = 16
20803 <... futex resumed>)              = 0
20801 <... futex resumed>)              = 0
20797 <... futex resumed>)              = 0
20796 <... futex resumed>)              = 0
20795 <... futex resumed>)              = 0
20794 <... futex resumed>)              = 0
20793 <... futex resumed>)              = 0
20792 <... futex resumed>)              = 0
20791 <... futex resumed>)              = 0
20806 <... futex resumed>)              = 0
20805 <... futex resumed>)              = 0
20804 <... futex resumed>)              = 0
20802 <... futex resumed>)              = 0
20800 <... futex resumed>)              = 0
20799 <... futex resumed>)              = 0
20798 <... futex resumed>)              = 0
20791 futex(0x7fff3d09cfd4, FUTEX_WAIT_PRIVATE, 0, NULL <unfinished ...>
20798 sched_yield( <unfinished ...>
20795 futex(0x7fff3d09d020, FUTEX_WAIT_PRIVATE, 2, NULL <unfinished ...>
20796 futex(0x7fff3d09d020, FUTEX_WAIT_PRIVATE, 2, NULL <unfinished ...>
20807 futex(0x7fff3d09d020, FUTEX_WAIT_PRIVATE, 2, NULL <unfinished ...>
20806 futex(0x7fff3d09d020, FUTEX_WAIT_PRIVATE, 2, NULL <unfinished ...>
20805 futex(0x7fff3d09d020, FUTEX_WAIT_PRIVATE, 2, NULL <unfinished ...>
20803 futex(0x7fff3d09d020, FUTEX_WAIT_PRIVATE, 2, NULL <unfinished ...>
20802 futex(0x7fff3d09d020, FUTEX_WAIT_PRIVATE, 2, NULL <unfinished ...>
20801 futex(0x7fff3d09d020, FUTEX_WAIT_PRIVATE, 2, NULL <unfinished ...>
20800 futex(0x7fff3d09d020, FUTEX_WAIT_PRIVATE, 2, NULL <unfinished ...>
20799 futex(0x7fff3d09d020, FUTEX_WAIT_PRIVATE, 2, NULL <unfinished ...>
20798 <... sched_yield resumed>)        = 0
20797 futex(0x7fff3d09d020, FUTEX_WAIT_PRIVATE, 2, NULL <unfinished ...>
20794 futex(0x7fff3d09d020, FUTEX_WAIT_PRIVATE, 2, NULL <unfinished ...>
20804 futex(0x7fff3d09d020, FUTEX_WAIT_PRIVATE, 2, NULL <unfinished ...>
20793 sched_yield( <unfinished ...>
20792 futex(0x7fff3d09d020, FUTEX_WAIT_PRIVATE, 2, NULL <unfinished ...>
20798 munmap(0x7feeeb6b2000, 752877568 <unfinished ...>
20793 <... sched_yield resumed>)        = 0
20793 sched_yield()                     = 0
20793 sched_yield()                     = 0
20793 sched_yield()                     = 0
20793 sched_yield()                     = 0
20793 sched_yield()                     = 0
20793 sched_yield()                     = 0
20793 sched_yield()                     = 0
20793 sched_yield()                     = 0
20793 sched_yield()                     = 0
20793 sched_yield()                     = 0
20793 sched_yield()                     = 0
20793 sched_yield()                     = 0
20793 sched_yield()                     = 0
20793 sched_yield()                     = 0
20793 sched_yield()                     = 0
20793 sched_yield()                     = 0
20793 sched_yield()                     = 0
20793 sched_yield()                     = 0
20793 sched_yield()                     = 0
20793 sched_yield()                     = 0
20793 sched_yield()                     = 0
20793 sched_yield()                     = 0
20793 sched_yield()                     = 0
20793 sched_yield()                     = 0
20793 sched_yield()                     = 0
20793 sched_yield()                     = 0
20793 sched_yield()                     = 0
20793 sched_yield()                     = 0
20793 sched_yield()                     = 0
20793 sched_yield()                     = 0
20793 sched_yield()                     = 0
20793 sched_yield()                     = 0
20793 sched_yield()                     = 0
20793 sched_yield()                     = 0
20793 sched_yield()                     = 0
20793 sched_yield()                     = 0
20793 sched_yield()                     = 0
20793 sched_yield()                     = 0
20793 sched_yield()                     = 0
20793 sched_yield()                     = 0
20793 sched_yield()                     = 0
20793 sched_yield()                     = 0
20793 sched_yield()                     = 0
20793 sched_yield()                     = 0
20793 sched_yield()                     = 0
20793 sched_yield()                     = 0
20793 sched_yield()                     = 0
20793 sched_yield()                     = 0
20793 sched_yield()                     = 0
20793 sched_yield()                     = 0
20793 sched_yield()                     = 0
20793 sched_yield()                     = 0
20793 sched_yield()                     = 0
20793 sched_yield()                     = 0
20793 sched_yield()                     = 0
20793 sched_yield()                     = 0
20793 sched_yield()                     = 0
20793 sched_yield()                     = 0
20793 sched_yield()                     = 0
20793 sched_yield()                     = 0
20793 sched_yield()                     = 0
20793 sched_yield()                     = 0
20793 sched_yield()                     = 0
20793 sched_yield()                     = 0
20793 sched_yield()                     = 0
20793 sched_yield()                     = 0
20793 sched_yield()                     = 0
20793 sched_yield()                     = 0
20793 sched_yield()                     = 0
20793 sched_yield()                     = 0
20793 sched_yield()                     = 0
20793 sched_yield()                     = 0
20793 sched_yield()                     = 0
20793 sched_yield()                     = 0
20793 sched_yield()                     = 0
20793 sched_yield()                     = 0
20793 sched_yield()                     = 0
20793 sched_yield()                     = 0
20793 sched_yield()                     = 0
20793 sched_yield()                     = 0
20793 sched_yield()                     = 0
20793 sched_yield()                     = 0
20793 sched_yield()                     = 0
20793 sched_yield()                     = 0
20793 sched_yield()                     = 0
20793 sched_yield()                     = 0
20793 sched_yield()                     = 0
20793 sched_yield()                     = 0
20793 sched_yield()                     = 0
20793 sched_yield()                     = 0
20793 sched_yield()                     = 0
20793 sched_yield()                     = 0
20793 sched_yield()                     = 0
20793 sched_yield()                     = 0
20793 sched_yield()                     = 0
20793 sched_yield()                     = 0
20793 sched_yield()                     = 0
20793 sched_yield()                     = 0
20793 sched_yield()                     = 0
20793 sched_yield()                     = 0
20793 sched_yield()                     = 0
20793 sched_yield()                     = 0
20793 sched_yield()                     = 0
20793 sched_yield()                     = 0
20793 sched_yield()                     = 0
20793 sched_yield()                     = 0
20793 sched_yield()                     = 0
20793 sched_yield()                     = 0
20793 sched_yield()                     = 0
20793 sched_yield()                     = 0
20793 sched_yield()                     = 0
20793 sched_yield()                     = 0
20793 sched_yield()                     = 0
20793 sched_yield()                     = 0
20793 sched_yield()                     = 0
20793 sched_yield()                     = 0
20793 sched_yield()                     = 0
20793 sched_yield()                     = 0
20793 sched_yield()                     = 0
20793 sched_yield()                     = 0
20793 sched_yield()                     = 0
20793 sched_yield()                     = 0
20793 sched_yield()                     = 0
20793 sched_yield()                     = 0
20793 sched_yield()                     = 0
20793 sched_yield()                     = 0
20793 sched_yield()                     = 0
20793 sched_yield()                     = 0
20793 sched_yield()                     = 0
20793 sched_yield()                     = 0
20793 sched_yield()                     = 0
20793 sched_yield()                     = 0
20793 sched_yield()                     = 0
20793 sched_yield()                     = 0
20793 sched_yield()                     = 0
20793 sched_yield()                     = 0
20793 sched_yield()                     = 0
20793 sched_yield()                     = 0
20793 sched_yield()                     = 0
20793 sched_yield()                     = 0
20793 sched_yield()                     = 0
20793 sched_yield()                     = 0
20793 sched_yield()                     = 0
20793 sched_yield()                     = 0
20793 sched_yield()                     = 0
20793 sched_yield()                     = 0
20793 sched_yield()                     = 0
20793 sched_yield()                     = 0
20793 sched_yield()                     = 0
20793 sched_yield()                     = 0
20793 sched_yield()                     = 0
20793 sched_yield()                     = 0
20793 sched_yield()                     = 0
20793 sched_yield()                     = 0
20793 sched_yield()                     = 0
20793 sched_yield()                     = 0
20793 sched_yield()                     = 0
20793 sched_yield()                     = 0
20793 sched_yield()                     = 0
20793 sched_yield()                     = 0
20793 sched_yield()                     = 0
20793 sched_yield()                     = 0
20793 sched_yield()                     = 0
20793 sched_yield()                     = 0
20793 sched_yield()                     = 0
20793 sched_yield()                     = 0
20793 sched_yield()                     = 0
20793 sched_yield()                     = 0
20793 sched_yield()                     = 0
20793 sched_yield()                     = 0
20793 sched_yield()                     = 0
20793 sched_yield()                     = 0
20793 sched_yield()                     = 0
20793 sched_yield()                     = 0
20793 sched_yield()                     = 0
20793 sched_yield()                     = 0
20793 sched_yield()                     = 0
20793 sched_yield()                     = 0
20793 sched_yield()                     = 0
20793 sched_yield()                     = 0
20793 sched_yield()                     = 0
20793 sched_yield()                     = 0
20793 sched_yield()                     = 0
20793 sched_yield()                     = 0
20793 sched_yield()                     = 0
20793 sched_yield()                     = 0
20793 sched_yield()                     = 0
20793 sched_yield()                     = 0
20793 sched_yield()                     = 0
20793 sched_yield()                     = 0
20793 sched_yield()                     = 0
20793 sched_yield()                     = 0
20793 sched_yield()                     = 0
20793 sched_yield()                     = 0
20793 sched_yield()                     = 0
20793 sched_yield()                     = 0
20793 sched_yield()                     = 0
20793 sched_yield()                     = 0
20793 sched_yield()                     = 0
20793 sched_yield()                     = 0
20793 sched_yield()                     = 0
20793 sched_yield()                     = 0
20793 sched_yield()                     = 0
20793 sched_yield()                     = 0
20793 sched_yield()                     = 0
20793 sched_yield()                     = 0
20793 sched_yield()                     = 0
20793 sched_yield()                     = 0
20793 sched_yield()                     = 0
20793 sched_yield()                     = 0
20793 sched_yield()                     = 0
20793 sched_yield()                     = 0
20793 sched_yield()                     = 0
20793 sched_yield()                     = 0
20793 sched_yield()                     = 0
20793 sched_yield()                     = 0
20793 sched_yield()                     = 0
20793 sched_yield()                     = 0
20793 sched_yield()                     = 0
20793 sched_yield()                     = 0
20793 sched_yield()                     = 0
20793 sched_yield()                     = 0
20793 sched_yield()                     = 0
20793 sched_yield()                     = 0
20793 sched_yield()                     = 0
20793 sched_yield()                     = 0
20793 sched_yield()                     = 0
20793 sched_yield()                     = 0
20793 sched_yield()                     = 0
20793 sched_yield()                     = 0
20793 sched_yield()                     = 0
20793 sched_yield()                     = 0
20793 sched_yield()                     = 0
20793 sched_yield()                     = 0
20793 sched_yield()                     = 0
20793 sched_yield()                     = 0
20793 sched_yield()                     = 0
20793 sched_yield()                     = 0
20793 sched_yield()                     = 0
20793 sched_yield()                     = 0
20793 sched_yield()                     = 0
20793 sched_yield()                     = 0
20793 sched_yield()                     = 0
20793 sched_yield()                     = 0
20793 sched_yield()                     = 0
20793 sched_yield()                     = 0
20793 sched_yield()                     = 0
20793 sched_yield()                     = 0
20793 sched_yield()                     = 0
20793 sched_yield()                     = 0
20793 sched_yield()                     = 0
20793 sched_yield()                     = 0
20793 sched_yield()                     = 0
20793 sched_yield()                     = 0
20793 sched_yield()                     = 0
20793 sched_yield()                     = 0
20793 sched_yield()                     = 0
20793 sched_yield()                     = 0
20793 sched_yield()                     = 0
20793 sched_yield()                     = 0
20793 sched_yield()                     = 0
20793 sched_yield()                     = 0
20793 sched_yield()                     = 0
20793 sched_yield()                     = 0
20793 sched_yield()                     = 0
20793 sched_yield()                     = 0
20793 sched_yield()                     = 0
20793 sched_yield()                     = 0
20793 sched_yield()                     = 0
20793 sched_yield()                     = 0
20793 sched_yield()                     = 0
20793 sched_yield()                     = 0
20793 sched_yield()                     = 0
20793 sched_yield()                     = 0
20793 sched_yield()                     = 0
20793 sched_yield()                     = 0
20793 sched_yield()                     = 0
20793 sched_yield()                     = 0
20793 sched_yield()                     = 0
20793 sched_yield()                     = 0
20793 sched_yield()                     = 0
20793 sched_yield()                     = 0
20793 sched_yield()                     = 0
20793 sched_yield()                     = 0
20793 sched_yield()                     = 0
20793 sched_yield()                     = 0
20793 sched_yield()                     = 0
20793 sched_yield()                     = 0
20793 sched_yield()                     = 0
20793 sched_yield()                     = 0
20793 sched_yield()                     = 0
20793 sched_yield()                     = 0
20793 sched_yield()                     = 0
20793 sched_yield()                     = 0
20793 sched_yield()                     = 0
20793 sched_yield()                     = 0
20793 sched_yield()                     = 0
20793 sched_yield()                     = 0
20793 sched_yield()                     = 0
20793 sched_yield()                     = 0
20793 sched_yield()                     = 0
20793 sched_yield()                     = 0
20793 sched_yield()                     = 0
20793 sched_yield()                     = 0
20793 sched_yield()                     = 0
20793 sched_yield()                     = 0
20793 sched_yield()                     = 0
20793 sched_yield()                     = 0
20793 sched_yield()                     = 0
20793 sched_yield()                     = 0
20793 sched_yield()                     = 0
20793 sched_yield()                     = 0
20793 sched_yield()                     = 0
20793 sched_yield()                     = 0
20793 sched_yield()                     = 0
20793 sched_yield()                     = 0
20793 sched_yield()                     = 0
20793 sched_yield()                     = 0
20793 sched_yield()                     = 0
20793 sched_yield()                     = 0
20793 sched_yield()                     = 0
20793 sched_yield()                     = 0
20793 sched_yield()                     = 0
20793 sched_yield()                     = 0
20793 sched_yield()                     = 0
20793 sched_yield()                     = 0
20793 sched_yield()                     = 0
20793 sched_yield()                     = 0
20793 sched_yield()                     = 0
20793 sched_yield()                     = 0
20793 sched_yield()                     = 0
20793 sched_yield()                     = 0
20793 sched_yield()                     = 0
20793 sched_yield()                     = 0
20793 sched_yield()                     = 0
20793 sched_yield()                     = 0
20793 sched_yield()                     = 0
20793 sched_yield()                     = 0
20793 sched_yield()                     = 0
20793 sched_yield()                     = 0
20793 sched_yield()                     = 0
20793 sched_yield()                     = 0
20793 sched_yield()                     = 0
20793 sched_yield()                     = 0
20793 sched_yield()                     = 0
20793 sched_yield()                     = 0
20793 sched_yield()                     = 0
20793 sched_yield()                     = 0
20793 sched_yield()                     = 0
20793 sched_yield()                     = 0
20793 sched_yield()                     = 0
20793 sched_yield()                     = 0
20793 sched_yield()                     = 0
20793 sched_yield()                     = 0
20793 sched_yield()                     = 0
20793 sched_yield()                     = 0
20793 sched_yield()                     = 0
20793 sched_yield()                     = 0
20793 sched_yield()                     = 0
20793 sched_yield()                     = 0
20793 sched_yield()                     = 0
20793 sched_yield()                     = 0
20793 sched_yield()                     = 0
20793 sched_yield()                     = 0
20793 sched_yield()                     = 0
20793 sched_yield()                     = 0
20793 sched_yield()                     = 0
20793 sched_yield()                     = 0
20793 sched_yield()                     = 0
20793 sched_yield()                     = 0
20793 sched_yield()                     = 0
20793 sched_yield()                     = 0
20793 sched_yield()                     = 0
20793 sched_yield()                     = 0
20793 sched_yield()                     = 0
20793 sched_yield()                     = 0
20793 sched_yield()                     = 0
20793 sched_yield()                     = 0
20793 sched_yield()                     = 0
20793 sched_yield()                     = 0
20793 sched_yield()                     = 0
20793 sched_yield()                     = 0
20793 sched_yield()                     = 0
20793 sched_yield()                     = 0
20793 sched_yield()                     = 0
20793 sched_yield()                     = 0
20793 sched_yield()                     = 0
20793 sched_yield()                     = 0
20793 sched_yield()                     = 0
20793 sched_yield()                     = 0
20793 sched_yield()                     = 0
20793 sched_yield()                     = 0
20793 sched_yield()                     = 0
20793 sched_yield()                     = 0
20793 sched_yield()                     = 0
20793 sched_yield()                     = 0
20793 sched_yield()                     = 0
20793 sched_yield()                     = 0
20793 sched_yield()                     = 0
20793 sched_yield()                     = 0
20793 sched_yield()                     = 0
20793 sched_yield()                     = 0
20793 sched_yield()                     = 0
20793 sched_yield()                     = 0
20793 sched_yield()                     = 0
20793 sched_yield()                     = 0
20793 sched_yield()                     = 0
20793 sched_yield()                     = 0
20793 sched_yield()                     = 0
20793 sched_yield()                     = 0
20793 sched_yield()                     = 0
20793 sched_yield()                     = 0
20793 sched_yield()                     = 0
20793 sched_yield()                     = 0
20793 sched_yield()                     = 0
20793 sched_yield()                     = 0
20793 sched_yield()                     = 0
20793 sched_yield()                     = 0
20793 sched_yield()                     = 0
20793 sched_yield()                     = 0
20793 sched_yield()                     = 0
20793 sched_yield()                     = 0
20793 sched_yield()                     = 0
20793 sched_yield()                     = 0
20793 sched_yield()                     = 0
20793 sched_yield()                     = 0
20793 sched_yield()                     = 0
20793 sched_yield()                     = 0
20793 sched_yield()                     = 0
20793 sched_yield()                     = 0
20793 sched_yield()                     = 0
20793 sched_yield()                     = 0
20793 sched_yield()                     = 0
20793 sched_yield()                     = 0
20793 sched_yield()                     = 0
20793 sched_yield()                     = 0
20793 sched_yield()                     = 0
20793 sched_yield()                     = 0
20793 sched_yield()                     = 0
20793 sched_yield()                     = 0
20793 sched_yield()                     = 0
20793 sched_yield()                     = 0
20793 sched_yield()                     = 0
20793 sched_yield()                     = 0
20793 sched_yield()                     = 0
20793 sched_yield()                     = 0
20793 sched_yield()                     = 0
20793 sched_yield()                     = 0
20793 sched_yield()                     = 0
20793 sched_yield()                     = 0
20793 sched_yield()                     = 0
20793 sched_yield()                     = 0
20793 sched_yield()                     = 0
20793 sched_yield()                     = 0
20793 sched_yield()                     = 0
20793 sched_yield()                     = 0
20793 sched_yield()                     = 0
20793 sched_yield()                     = 0
20793 sched_yield()                     = 0
20793 sched_yield()                     = 0
20793 sched_yield()                     = 0
20793 sched_yield()                     = 0
20793 sched_yield()                     = 0
20793 sched_yield()                     = 0
20793 sched_yield()                     = 0
20793 sched_yield()                     = 0
20793 sched_yield()                     = 0
20793 sched_yield()                     = 0
20793 sched_yield()                     = 0
20793 sched_yield()                     = 0
20793 sched_yield()                     = 0
20793 sched_yield()                     = 0
20793 sched_yield()                     = 0
20793 sched_yield()                     = 0
20793 sched_yield()                     = 0
20793 sched_yield()                     = 0
20793 sched_yield()                     = 0
20793 sched_yield()                     = 0
20793 sched_yield()                     = 0
20793 sched_yield()                     = 0
20793 sched_yield()                     = 0
20793 sched_yield()                     = 0
20793 sched_yield()                     = 0
20793 sched_yield()                     = 0
20793 sched_yield()                     = 0
20793 sched_yield()                     = 0
20793 sched_yield()                     = 0
20793 sched_yield()                     = 0
20793 sched_yield()                     = 0
20793 sched_yield()                     = 0
20793 sched_yield()                     = 0
20793 sched_yield()                     = 0
20793 sched_yield()                     = 0
20793 sched_yield()                     = 0
20793 sched_yield()                     = 0
20793 sched_yield()                     = 0
20793 sched_yield()                     = 0
20793 sched_yield()                     = 0
20793 sched_yield()                     = 0
20793 sched_yield()                     = 0
20793 sched_yield()                     = 0
20793 sched_yield()                     = 0
20793 sched_yield()                     = 0
20793 sched_yield()                     = 0
20793 sched_yield()                     = 0
20793 sched_yield()                     = 0
20793 sched_yield()                     = 0
20793 sched_yield()                     = 0
20793 sched_yield()                     = 0
20793 sched_yield()                     = 0
20793 sched_yield()                     = 0
20793 sched_yield()                     = 0
20793 sched_yield()                     = 0
20793 sched_yield()                     = 0
20793 sched_yield()                     = 0
20793 sched_yield()                     = 0
20793 sched_yield()                     = 0
20793 sched_yield()                     = 0
20793 sched_yield()                     = 0
20793 sched_yield()                     = 0
20793 sched_yield()                     = 0
20793 sched_yield()                     = 0
20793 sched_yield()                     = 0
20793 sched_yield()                     = 0
20793 sched_yield()                     = 0
20793 sched_yield()                     = 0
20793 sched_yield()                     = 0
20793 sched_yield()                     = 0
20793 sched_yield()                     = 0
20793 sched_yield()                     = 0
20793 sched_yield()                     = 0
20793 sched_yield()                     = 0
20793 sched_yield()                     = 0
20793 sched_yield()                     = 0
20793 sched_yield()                     = 0
20793 sched_yield()                     = 0
20793 sched_yield()                     = 0
20793 sched_yield()                     = 0
20793 sched_yield()                     = 0
20793 sched_yield()                     = 0
20793 sched_yield()                     = 0
20793 sched_yield()                     = 0
20793 sched_yield()                     = 0
20793 sched_yield()                     = 0
20793 sched_yield()                     = 0
20793 sched_yield()                     = 0
20793 sched_yield()                     = 0
20793 sched_yield()                     = 0
20793 sched_yield()                     = 0
20793 sched_yield()                     = 0
20793 sched_yield()                     = 0
20793 sched_yield()                     = 0
20793 sched_yield()                     = 0
20793 sched_yield()                     = 0
20793 sched_yield()                     = 0
20793 sched_yield()                     = 0
20793 sched_yield()                     = 0
20793 sched_yield()                     = 0
20793 sched_yield()                     = 0
20793 sched_yield()                     = 0
20793 sched_yield()                     = 0
20793 sched_yield()                     = 0
20793 sched_yield()                     = 0
20793 sched_yield()                     = 0
20793 sched_yield()                     = 0
20793 sched_yield()                     = 0
20793 sched_yield()                     = 0
20793 sched_yield()                     = 0
20793 sched_yield()                     = 0
20793 sched_yield()                     = 0
20793 sched_yield()                     = 0
20793 sched_yield()                     = 0
20793 sched_yield()                     = 0
20793 sched_yield()                     = 0
20793 sched_yield()                     = 0
20793 sched_yield()                     = 0
20793 sched_yield()                     = 0
20793 sched_yield()                     = 0
20793 sched_yield()                     = 0
20793 sched_yield()                     = 0
20793 sched_yield()                     = 0
20793 sched_yield()                     = 0
20793 sched_yield()                     = 0
20793 sched_yield()                     = 0
20793 sched_yield()                     = 0
20793 sched_yield()                     = 0
20793 sched_yield()                     = 0
20793 sched_yield()                     = 0
20793 sched_yield()                     = 0
20793 sched_yield()                     = 0
20793 sched_yield()                     = 0
20793 sched_yield()                     = 0
20793 sched_yield()                     = 0
20793 sched_yield()                     = 0
20793 sched_yield()                     = 0
20793 sched_yield()                     = 0
20793 sched_yield()                     = 0
20793 sched_yield()                     = 0
20793 sched_yield()                     = 0
20793 sched_yield()                     = 0
20793 sched_yield()                     = 0
20793 sched_yield( <unfinished ...>
20798 <... munmap resumed>)             = 0
20793 <... sched_yield resumed>)        = 0
20798 mmap(NULL, 752877568, PROT_READ|PROT_WRITE, MAP_PRIVATE|MAP_ANONYMOUS|MAP_NORESERVE, -1, 0 <unfinished ...>
20793 sched_yield( <unfinished ...>
20798 <... mmap resumed>)               = 0x7feeeb6b2000
20798 futex(0x7fff3d09d020, FUTEX_WAKE_PRIVATE, 1 <unfinished ...>
20793 <... sched_yield resumed>)        = 0
20798 <... futex resumed>)              = 1
20795 <... futex resumed>)              = 0
20795 futex(0x7fff3d09d020, FUTEX_WAKE_PRIVATE, 1 <unfinished ...>
20796 <... futex resumed>)              = 0
20795 <... futex resumed>)              = 1
20796 futex(0x7fff3d09d020, FUTEX_WAKE_PRIVATE, 1 <unfinished ...>
20807 <... futex resumed>)              = 0
20796 <... futex resumed>)              = 1
20807 futex(0x7fff3d09d020, FUTEX_WAKE_PRIVATE, 1) = 1
20802 <... futex resumed>)              = 0
20802 futex(0x7fff3d09d020, FUTEX_WAKE_PRIVATE, 1) = 1
20806 <... futex resumed>)              = 0
20806 futex(0x7fff3d09d020, FUTEX_WAKE_PRIVATE, 1) = 1
20801 <... futex resumed>)              = 0
20801 futex(0x7fff3d09d020, FUTEX_WAKE_PRIVATE, 1 <unfinished ...>
20805 <... futex resumed>)              = 0
20801 <... futex resumed>)              = 1
20805 futex(0x7fff3d09d020, FUTEX_WAKE_PRIVATE, 1) = 1
20803 <... futex resumed>)              = 0
20803 futex(0x7fff3d09d020, FUTEX_WAKE_PRIVATE, 1) = 1
20800 <... futex resumed>)              = 0
20800 futex(0x7fff3d09d020, FUTEX_WAKE_PRIVATE, 1) = 1
20799 <... futex resumed>)              = 0
20799 futex(0x7fff3d09d020, FUTEX_WAKE_PRIVATE, 1) = 1
20797 <... futex resumed>)              = 0
20797 futex(0x7fff3d09d020, FUTEX_WAKE_PRIVATE, 1) = 1
20794 <... futex resumed>)              = 0
20794 futex(0x7fff3d09d020, FUTEX_WAKE_PRIVATE, 1) = 1
20804 <... futex resumed>)              = 0
20804 futex(0x7fff3d09d020, FUTEX_WAKE_PRIVATE, 1) = 1
20792 <... futex resumed>)              = 0
20792 futex(0x7fff3d09d020, FUTEX_WAKE_PRIVATE, 1) = 0
20795 sched_yield( <unfinished ...>
20807 futex(0x7fff3d09d020, FUTEX_WAIT_PRIVATE, 2, NULL <unfinished ...>
20805 futex(0x7fff3d09d020, FUTEX_WAIT_PRIVATE, 2, NULL <unfinished ...>
20803 futex(0x7fff3d09d020, FUTEX_WAIT_PRIVATE, 2, NULL <unfinished ...>
20802 futex(0x7fff3d09d020, FUTEX_WAIT_PRIVATE, 2, NULL <unfinished ...>
20798 futex(0x7fff3d09d020, FUTEX_WAIT_PRIVATE, 2, NULL <unfinished ...>
20797 futex(0x7fff3d09d020, FUTEX_WAIT_PRIVATE, 2, NULL <unfinished ...>
20796 futex(0x7fff3d09d020, FUTEX_WAIT_PRIVATE, 2, NULL <unfinished ...>
20792 futex(0x7fff3d09d020, FUTEX_WAIT_PRIVATE, 2, NULL <unfinished ...>
20806 futex(0x7fff3d09d020, FUTEX_WAIT_PRIVATE, 2, NULL <unfinished ...>
20801 futex(0x7fff3d09d020, FUTEX_WAIT_PRIVATE, 2, NULL <unfinished ...>
20799 futex(0x7fff3d09d020, FUTEX_WAIT_PRIVATE, 2, NULL <unfinished ...>
20795 <... sched_yield resumed>)        = 0
20793 futex(0x7fff3d09d020, FUTEX_WAIT_PRIVATE, 2, NULL <unfinished ...>
20795 sched_yield( <unfinished ...>
20800 futex(0x7fff3d09d020, FUTEX_WAIT_PRIVATE, 2, NULL <unfinished ...>
20794 futex(0x7fff3d09d020, FUTEX_WAIT_PRIVATE, 2, NULL <unfinished ...>
20795 <... sched_yield resumed>)        = 0
20795 sched_yield( <unfinished ...>
20804 futex(0x7fff3d09d020, FUTEX_WAIT_PRIVATE, 2, NULL <unfinished ...>
20795 <... sched_yield resumed>)        = 0
20795 munmap(0x7feeeb6b2000, 752877568) = 0
20795 mmap(NULL, 752877568, PROT_READ|PROT_WRITE, MAP_PRIVATE|MAP_ANONYMOUS|MAP_NORESERVE, -1, 0) = 0x7feeeb6b2000
20795 futex(0x7fff3d09d020, FUTEX_WAKE_PRIVATE, 1 <unfinished ...>
20807 <... futex resumed>)              = 0
20795 <... futex resumed>)              = 1
20807 futex(0x7fff3d09d020, FUTEX_WAKE_PRIVATE, 1) = 1
20805 <... futex resumed>)              = 0
20805 futex(0x7fff3d09d020, FUTEX_WAKE_PRIVATE, 1) = 1
20803 <... futex resumed>)              = 0
20803 futex(0x7fff3d09d020, FUTEX_WAKE_PRIVATE, 1) = 1
20796 <... futex resumed>)              = 0
20796 futex(0x7fff3d09d020, FUTEX_WAKE_PRIVATE, 1 <unfinished ...>
20802 <... futex resumed>)              = 0
20796 <... futex resumed>)              = 1
20802 futex(0x7fff3d09d020, FUTEX_WAKE_PRIVATE, 1) = 1
20792 <... futex resumed>)              = 0
20792 futex(0x7fff3d09d020, FUTEX_WAKE_PRIVATE, 1) = 1
20806 <... futex resumed>)              = 0
20806 futex(0x7fff3d09d020, FUTEX_WAKE_PRIVATE, 1) = 1
20801 <... futex resumed>)              = 0
20801 futex(0x7fff3d09d020, FUTEX_WAKE_PRIVATE, 1) = 1
20798 <... futex resumed>)              = 0
20798 futex(0x7fff3d09d020, FUTEX_WAKE_PRIVATE, 1) = 1
20799 <... futex resumed>)              = 0
20799 futex(0x7fff3d09d020, FUTEX_WAKE_PRIVATE, 1) = 1
20797 <... futex resumed>)              = 0
20797 futex(0x7fff3d09d020, FUTEX_WAKE_PRIVATE, 1) = 1
20793 <... futex resumed>)              = 0
20793 futex(0x7fff3d09d020, FUTEX_WAKE_PRIVATE, 1 <unfinished ...>
20800 <... futex resumed>)              = 0
20793 <... futex resumed>)              = 1
20800 futex(0x7fff3d09d020, FUTEX_WAKE_PRIVATE, 1) = 1
20794 <... futex resumed>)              = 0
20794 futex(0x7fff3d09d020, FUTEX_WAKE_PRIVATE, 1) = 1
20804 <... futex resumed>)              = 0
20804 futex(0x7fff3d09d020, FUTEX_WAKE_PRIVATE, 1) = 0
20795 futex(0x7fff3d09d020, FUTEX_WAIT_PRIVATE, 2, NULL <unfinished ...>
20807 futex(0x7fff3d09d020, FUTEX_WAIT_PRIVATE, 2, NULL <unfinished ...>
20794 sched_yield( <unfinished ...>
20800 sched_yield( <unfinished ...>
20806 futex(0x7fff3d09d020, FUTEX_WAIT_PRIVATE, 2, NULL <unfinished ...>
20804 futex(0x7fff3d09d020, FUTEX_WAIT_PRIVATE, 2, NULL <unfinished ...>
20802 futex(0x7fff3d09d020, FUTEX_WAIT_PRIVATE, 2, NULL <unfinished ...>
20801 futex(0x7fff3d09d020, FUTEX_WAIT_PRIVATE, 2, NULL <unfinished ...>
20797 futex(0x7fff3d09d020, FUTEX_WAIT_PRIVATE, 2, NULL <unfinished ...>
20796 futex(0x7fff3d09d020, FUTEX_WAIT_PRIVATE, 2, NULL <unfinished ...>
20794 <... sched_yield resumed>)        = 0
20805 futex(0x7fff3d09d020, FUTEX_WAIT_PRIVATE, 2, NULL <unfinished ...>
20800 <... sched_yield resumed>)        = 0
20792 futex(0x7fff3d09d020, FUTEX_WAIT_PRIVATE, 2, NULL <unfinished ...>
20794 sched_yield( <unfinished ...>
20800 sched_yield( <unfinished ...>
20798 futex(0x7fff3d09d020, FUTEX_WAIT_PRIVATE, 2, NULL <unfinished ...>
20793 futex(0x7fff3d09d020, FUTEX_WAIT_PRIVATE, 2, NULL <unfinished ...>
20794 <... sched_yield resumed>)        = 0
20800 <... sched_yield resumed>)        = 0
20800 sched_yield( <unfinished ...>
20794 sched_yield( <unfinished ...>
20800 <... sched_yield resumed>)        = 0
20800 sched_yield()                     = 0
20800 sched_yield( <unfinished ...>
20794 <... sched_yield resumed>)        = 0
20794 sched_yield()                     = 0
20794 sched_yield()                     = 0
20794 sched_yield()                     = 0
20794 sched_yield()                     = 0
20794 sched_yield()                     = 0
20794 sched_yield()                     = 0
20794 sched_yield()                     = 0
20794 sched_yield()                     = 0
20794 sched_yield()                     = 0
20794 sched_yield( <unfinished ...>
20803 futex(0x7fff3d09d020, FUTEX_WAIT_PRIVATE, 2, NULL <unfinished ...>
20800 <... sched_yield resumed>)        = 0
20799 futex(0x7fff3d09d020, FUTEX_WAIT_PRIVATE, 2, NULL <unfinished ...>
20794 <... sched_yield resumed>)        = 0
20794 munmap(0x7feeeb6b2000, 752877568 <unfinished ...>
20800 sched_yield()                     = 0
20800 sched_yield()                     = 0
20800 sched_yield()                     = 0
20800 sched_yield()                     = 0
20800 sched_yield()                     = 0
20800 sched_yield()                     = 0
20800 sched_yield()                     = 0
20800 sched_yield()                     = 0
20800 sched_yield()                     = 0
20800 sched_yield()                     = 0
20800 sched_yield()                     = 0
20800 sched_yield()                     = 0
20800 sched_yield()                     = 0
20800 sched_yield()                     = 0
20800 sched_yield()                     = 0
20800 sched_yield()                     = 0
20800 sched_yield()                     = 0
20800 sched_yield()                     = 0
20800 sched_yield()                     = 0
20800 sched_yield()                     = 0
20800 sched_yield()                     = 0
20800 sched_yield()                     = 0
20800 sched_yield()                     = 0
20800 sched_yield()                     = 0
20800 sched_yield()                     = 0
20800 sched_yield()                     = 0
20800 sched_yield()                     = 0
20800 sched_yield()                     = 0
20800 sched_yield()                     = 0
20800 sched_yield()                     = 0
20800 sched_yield()                     = 0
20800 sched_yield()                     = 0
20800 sched_yield()                     = 0
20800 sched_yield()                     = 0
20800 sched_yield()                     = 0
20800 sched_yield()                     = 0
20800 sched_yield()                     = 0
20800 sched_yield()                     = 0
20800 sched_yield()                     = 0
20800 sched_yield()                     = 0
20800 sched_yield()                     = 0
20800 sched_yield()                     = 0
20800 sched_yield()                     = 0
20800 sched_yield()                     = 0
20800 sched_yield()                     = 0
20800 sched_yield()                     = 0
20800 sched_yield()                     = 0
20800 sched_yield()                     = 0
20800 sched_yield()                     = 0
20800 sched_yield()                     = 0
20800 sched_yield()                     = 0
20800 sched_yield()                     = 0
20800 sched_yield()                     = 0
20800 sched_yield()                     = 0
20800 sched_yield()                     = 0
20800 sched_yield()                     = 0
20800 sched_yield()                     = 0
20800 sched_yield()                     = 0
20800 sched_yield()                     = 0
20800 sched_yield()                     = 0
20800 sched_yield()                     = 0
20800 sched_yield()                     = 0
20800 sched_yield()                     = 0
20800 sched_yield()                     = 0
20800 sched_yield()                     = 0
20800 sched_yield()                     = 0
20800 sched_yield()                     = 0
20800 sched_yield()                     = 0
20800 sched_yield()                     = 0
20800 sched_yield()                     = 0
20800 sched_yield()                     = 0
20800 sched_yield()                     = 0
20800 sched_yield()                     = 0
20800 sched_yield()                     = 0
20800 sched_yield()                     = 0
20800 sched_yield()                     = 0
20800 sched_yield()                     = 0
20800 sched_yield()                     = 0
20800 sched_yield()                     = 0
20800 sched_yield()                     = 0
20800 sched_yield()                     = 0
20800 sched_yield()                     = 0
20800 sched_yield()                     = 0
20800 sched_yield()                     = 0
20800 sched_yield()                     = 0
20800 sched_yield()                     = 0
20800 sched_yield()                     = 0
20800 sched_yield()                     = 0
20800 sched_yield()                     = 0
20800 sched_yield()                     = 0
20800 sched_yield()                     = 0
20800 sched_yield()                     = 0
20800 sched_yield()                     = 0
20800 sched_yield()                     = 0
20800 sched_yield()                     = 0
20800 sched_yield()                     = 0
20800 sched_yield()                     = 0
20800 sched_yield()                     = 0
20800 sched_yield()                     = 0
20800 sched_yield()                     = 0
20800 sched_yield()                     = 0
20800 sched_yield()                     = 0
20800 sched_yield()                     = 0
20800 sched_yield()                     = 0
20800 sched_yield()                     = 0
20800 sched_yield()                     = 0
20800 sched_yield()                     = 0
20800 sched_yield()                     = 0
20800 sched_yield()                     = 0
20800 sched_yield()                     = 0
20800 sched_yield()                     = 0
20800 sched_yield()                     = 0
20800 sched_yield()                     = 0
20800 sched_yield()                     = 0
20800 sched_yield()                     = 0
20800 sched_yield()                     = 0
20800 sched_yield()                     = 0
20800 sched_yield()                     = 0
20800 sched_yield()                     = 0
20800 sched_yield()                     = 0
20800 sched_yield()                     = 0
20800 sched_yield()                     = 0
20800 sched_yield()                     = 0
20800 sched_yield()                     = 0
20800 sched_yield()                     = 0
20800 sched_yield()                     = 0
20800 sched_yield()                     = 0
20800 sched_yield()                     = 0
20800 sched_yield()                     = 0
20800 sched_yield()                     = 0
20800 sched_yield()                     = 0
20800 sched_yield()                     = 0
20800 sched_yield()                     = 0
20800 sched_yield()                     = 0
20800 sched_yield()                     = 0
20800 sched_yield()                     = 0
20800 sched_yield()                     = 0
20800 sched_yield()                     = 0
20800 sched_yield()                     = 0
20800 sched_yield()                     = 0
20800 sched_yield()                     = 0
20800 sched_yield()                     = 0
20800 sched_yield()                     = 0
20800 sched_yield()                     = 0
20800 sched_yield()                     = 0
20800 sched_yield()                     = 0
20800 sched_yield()                     = 0
20800 sched_yield()                     = 0
20800 sched_yield()                     = 0
20800 sched_yield()                     = 0
20800 sched_yield()                     = 0
20800 sched_yield()                     = 0
20800 sched_yield()                     = 0
20800 sched_yield()                     = 0
20800 sched_yield()                     = 0
20800 sched_yield()                     = 0
20800 sched_yield()                     = 0
20800 sched_yield()                     = 0
20800 sched_yield()                     = 0
20800 sched_yield()                     = 0
20800 sched_yield()                     = 0
20800 sched_yield()                     = 0
20800 sched_yield()                     = 0
20800 sched_yield()                     = 0
20800 sched_yield()                     = 0
20800 sched_yield()                     = 0
20800 sched_yield()                     = 0
20800 sched_yield()                     = 0
20800 sched_yield()                     = 0
20800 sched_yield()                     = 0
20800 sched_yield()                     = 0
20800 sched_yield()                     = 0
20800 sched_yield()                     = 0
20800 sched_yield()                     = 0
20800 sched_yield()                     = 0
20800 sched_yield()                     = 0
20800 sched_yield()                     = 0
20800 sched_yield()                     = 0
20800 sched_yield()                     = 0
20800 sched_yield()                     = 0
20800 sched_yield()                     = 0
20800 sched_yield()                     = 0
20800 sched_yield()                     = 0
20800 sched_yield()                     = 0
20800 sched_yield()                     = 0
20800 sched_yield()                     = 0
20800 sched_yield()                     = 0
20800 sched_yield()                     = 0
20800 sched_yield()                     = 0
20800 sched_yield()                     = 0
20800 sched_yield()                     = 0
20800 sched_yield()                     = 0
20800 sched_yield()                     = 0
20800 sched_yield()                     = 0
20800 sched_yield()                     = 0
20800 sched_yield()                     = 0
20800 sched_yield()                     = 0
20800 sched_yield()                     = 0
20800 sched_yield()                     = 0
20800 sched_yield()                     = 0
20800 sched_yield()                     = 0
20800 sched_yield()                     = 0
20800 sched_yield()                     = 0
20800 sched_yield()                     = 0
20800 sched_yield()                     = 0
20800 sched_yield()                     = 0
20800 sched_yield()                     = 0
20800 sched_yield()                     = 0
20800 sched_yield()                     = 0
20800 sched_yield()                     = 0
20800 sched_yield()                     = 0
20800 sched_yield()                     = 0
20800 sched_yield()                     = 0
20800 sched_yield()                     = 0
20800 sched_yield()                     = 0
20800 sched_yield()                     = 0
20800 sched_yield()                     = 0
20800 sched_yield()                     = 0
20800 sched_yield()                     = 0
20800 sched_yield()                     = 0
20800 sched_yield()                     = 0
20800 sched_yield()                     = 0
20800 sched_yield()                     = 0
20800 sched_yield()                     = 0
20800 sched_yield()                     = 0
20800 sched_yield()                     = 0
20800 sched_yield()                     = 0
20800 sched_yield()                     = 0
20800 sched_yield()                     = 0
20800 sched_yield()                     = 0
20800 sched_yield()                     = 0
20800 sched_yield()                     = 0
20800 sched_yield()                     = 0
20800 sched_yield()                     = 0
20800 sched_yield()                     = 0
20800 sched_yield()                     = 0
20800 sched_yield()                     = 0
20800 sched_yield()                     = 0
20800 sched_yield()                     = 0
20800 sched_yield()                     = 0
20800 sched_yield()                     = 0
20800 sched_yield()                     = 0
20800 sched_yield()                     = 0
20800 sched_yield()                     = 0
20800 sched_yield()                     = 0
20800 sched_yield()                     = 0
20800 sched_yield()                     = 0
20800 sched_yield()                     = 0
20800 sched_yield()                     = 0
20800 sched_yield()                     = 0
20800 sched_yield()                     = 0
20800 sched_yield()                     = 0
20800 sched_yield()                     = 0
20800 sched_yield()                     = 0
20800 sched_yield()                     = 0
20800 sched_yield()                     = 0
20800 sched_yield()                     = 0
20800 sched_yield()                     = 0
20800 sched_yield()                     = 0
20800 sched_yield()                     = 0
20800 sched_yield()                     = 0
20800 sched_yield()                     = 0
20800 sched_yield()                     = 0
20800 sched_yield()                     = 0
20800 sched_yield()                     = 0
20800 sched_yield()                     = 0
20800 sched_yield()                     = 0
20800 sched_yield()                     = 0
20800 sched_yield()                     = 0
20800 sched_yield()                     = 0
20800 sched_yield()                     = 0
20800 sched_yield()                     = 0
20800 sched_yield()                     = 0
20800 sched_yield()                     = 0
20800 sched_yield()                     = 0
20800 sched_yield()                     = 0
20800 sched_yield()                     = 0
20800 sched_yield()                     = 0
20800 sched_yield()                     = 0
20800 sched_yield()                     = 0
20800 sched_yield()                     = 0
20800 sched_yield()                     = 0
20800 sched_yield()                     = 0
20800 sched_yield()                     = 0
20800 sched_yield()                     = 0
20800 sched_yield()                     = 0
20800 sched_yield()                     = 0
20800 sched_yield()                     = 0
20800 sched_yield()                     = 0
20800 sched_yield()                     = 0
20800 sched_yield()                     = 0
20800 sched_yield()                     = 0
20800 sched_yield()                     = 0
20800 sched_yield()                     = 0
20800 sched_yield()                     = 0
20800 sched_yield()                     = 0
20800 sched_yield()                     = 0
20800 sched_yield()                     = 0
20800 sched_yield()                     = 0
20800 sched_yield()                     = 0
20800 sched_yield()                     = 0
20800 sched_yield()                     = 0
20800 sched_yield()                     = 0
20800 sched_yield()                     = 0
20800 sched_yield()                     = 0
20800 sched_yield()                     = 0
20800 sched_yield()                     = 0
20800 sched_yield()                     = 0
20800 sched_yield()                     = 0
20800 sched_yield()                     = 0
20800 sched_yield()                     = 0
20800 sched_yield()                     = 0
20800 sched_yield()                     = 0
20800 sched_yield()                     = 0
20800 sched_yield()                     = 0
20800 sched_yield()                     = 0
20800 sched_yield()                     = 0
20800 sched_yield()                     = 0
20800 sched_yield()                     = 0
20800 sched_yield()                     = 0
20800 sched_yield()                     = 0
20800 sched_yield()                     = 0
20800 sched_yield()                     = 0
20800 sched_yield()                     = 0
20800 sched_yield()                     = 0
20800 sched_yield()                     = 0
20800 sched_yield()                     = 0
20800 sched_yield()                     = 0
20800 sched_yield()                     = 0
20800 sched_yield()                     = 0
20800 sched_yield()                     = 0
20800 sched_yield()                     = 0
20800 sched_yield()                     = 0
20800 sched_yield()                     = 0
20800 sched_yield()                     = 0
20800 sched_yield()                     = 0
20800 sched_yield()                     = 0
20800 sched_yield()                     = 0
20800 sched_yield()                     = 0
20800 sched_yield()                     = 0
20800 sched_yield()                     = 0
20800 sched_yield()                     = 0
20800 sched_yield()                     = 0
20800 sched_yield()                     = 0
20800 sched_yield()                     = 0
20800 sched_yield()                     = 0
20800 sched_yield()                     = 0
20800 sched_yield()                     = 0
20800 sched_yield()                     = 0
20800 sched_yield()                     = 0
20800 sched_yield()                     = 0
20800 sched_yield()                     = 0
20800 sched_yield()                     = 0
20800 sched_yield()                     = 0
20800 sched_yield()                     = 0
20800 sched_yield()                     = 0
20800 sched_yield()                     = 0
20800 sched_yield()                     = 0
20800 sched_yield()                     = 0
20800 sched_yield()                     = 0
20800 sched_yield()                     = 0
20800 sched_yield()                     = 0
20800 sched_yield()                     = 0
20800 sched_yield()                     = 0
20800 sched_yield()                     = 0
20800 sched_yield()                     = 0
20800 sched_yield()                     = 0
20800 sched_yield()                     = 0
20800 sched_yield()                     = 0
20800 sched_yield()                     = 0
20800 sched_yield()                     = 0
20800 sched_yield()                     = 0
20800 sched_yield()                     = 0
20800 sched_yield()                     = 0
20800 sched_yield()                     = 0
20800 sched_yield()                     = 0
20800 sched_yield()                     = 0
20800 sched_yield()                     = 0
20800 sched_yield()                     = 0
20800 sched_yield()                     = 0
20800 sched_yield()                     = 0
20800 sched_yield()                     = 0
20800 sched_yield()                     = 0
20800 sched_yield()                     = 0
20800 sched_yield()                     = 0
20800 sched_yield()                     = 0
20800 sched_yield()                     = 0
20800 sched_yield()                     = 0
20800 sched_yield()                     = 0
20800 sched_yield()                     = 0
20800 sched_yield()                     = 0
20800 sched_yield()                     = 0
20800 sched_yield()                     = 0
20800 sched_yield()                     = 0
20800 sched_yield()                     = 0
20800 sched_yield()                     = 0
20800 sched_yield()                     = 0
20800 sched_yield()                     = 0
20800 sched_yield()                     = 0
20800 sched_yield()                     = 0
20800 sched_yield()                     = 0
20800 sched_yield()                     = 0
20800 sched_yield()                     = 0
20800 sched_yield()                     = 0
20800 sched_yield()                     = 0
20800 sched_yield()                     = 0
20800 sched_yield()                     = 0
20800 sched_yield()                     = 0
20800 sched_yield()                     = 0
20800 sched_yield()                     = 0
20800 sched_yield()                     = 0
20800 sched_yield()                     = 0
20800 sched_yield()                     = 0
20800 sched_yield()                     = 0
20800 sched_yield()                     = 0
20800 sched_yield()                     = 0
20800 sched_yield()                     = 0
20800 sched_yield()                     = 0
20800 sched_yield()                     = 0
20800 sched_yield()                     = 0
20800 sched_yield()                     = 0
20800 sched_yield()                     = 0
20800 sched_yield()                     = 0
20800 sched_yield()                     = 0
20800 sched_yield()                     = 0
20800 sched_yield()                     = 0
20800 sched_yield()                     = 0
20800 sched_yield()                     = 0
20800 sched_yield()                     = 0
20800 sched_yield()                     = 0
20800 sched_yield()                     = 0
20800 sched_yield()                     = 0
20800 sched_yield()                     = 0
20800 sched_yield()                     = 0
20800 sched_yield()                     = 0
20800 sched_yield()                     = 0
20800 sched_yield()                     = 0
20800 sched_yield()                     = 0
20800 sched_yield()                     = 0
20800 sched_yield()                     = 0
20800 sched_yield()                     = 0
20800 sched_yield()                     = 0
20800 sched_yield()                     = 0
20800 sched_yield()                     = 0
20800 sched_yield()                     = 0
20800 sched_yield()                     = 0
20800 sched_yield()                     = 0
20800 sched_yield()                     = 0
20800 sched_yield()                     = 0
20800 sched_yield()                     = 0
20800 sched_yield()                     = 0
20800 sched_yield()                     = 0
20800 sched_yield()                     = 0
20800 sched_yield()                     = 0
20800 sched_yield()                     = 0
20800 sched_yield()                     = 0
20800 sched_yield()                     = 0
20800 sched_yield()                     = 0
20800 sched_yield()                     = 0
20800 sched_yield()                     = 0
20800 sched_yield()                     = 0
20800 sched_yield()                     = 0
20800 sched_yield()                     = 0
20800 sched_yield()                     = 0
20800 sched_yield()                     = 0
20800 sched_yield()                     = 0
20800 sched_yield()                     = 0
20800 sched_yield()                     = 0
20800 sched_yield()                     = 0
20800 sched_yield()                     = 0
20800 sched_yield()                     = 0
20800 sched_yield()                     = 0
20800 sched_yield()                     = 0
20800 sched_yield()                     = 0
20800 sched_yield()                     = 0
20800 sched_yield()                     = 0
20800 sched_yield()                     = 0
20800 sched_yield()                     = 0
20800 sched_yield()                     = 0
20800 sched_yield()                     = 0
20800 sched_yield()                     = 0
20800 sched_yield()                     = 0
20800 sched_yield()                     = 0
20800 sched_yield()                     = 0
20800 sched_yield()                     = 0
20800 sched_yield()                     = 0
20800 sched_yield()                     = 0
20800 sched_yield()                     = 0
20800 sched_yield()                     = 0
20800 sched_yield()                     = 0
20800 sched_yield()                     = 0
20800 sched_yield()                     = 0
20800 sched_yield()                     = 0
20800 sched_yield()                     = 0
20800 sched_yield()                     = 0
20800 sched_yield()                     = 0
20800 sched_yield()                     = 0
20800 sched_yield()                     = 0
20800 sched_yield()                     = 0
20800 sched_yield()                     = 0
20800 sched_yield()                     = 0
20800 sched_yield()                     = 0
20800 sched_yield()                     = 0
20800 sched_yield()                     = 0
20800 sched_yield()                     = 0
20794 <... munmap resumed>)             = 0
20794 mmap(NULL, 752877568, PROT_READ|PROT_WRITE, MAP_PRIVATE|MAP_ANONYMOUS|MAP_NORESERVE, -1, 0 <unfinished ...>
20800 sched_yield( <unfinished ...>
20794 <... mmap resumed>)               = 0x7feeeb6b2000
20800 <... sched_yield resumed>)        = 0
20794 futex(0x7fff3d09d020, FUTEX_WAKE_PRIVATE, 1 <unfinished ...>
20795 <... futex resumed>)              = 0
20794 <... futex resumed>)              = 1
20795 futex(0x7fff3d09d020, FUTEX_WAKE_PRIVATE, 1 <unfinished ...>
20807 <... futex resumed>)              = 0
20795 <... futex resumed>)              = 1
20807 futex(0x7fff3d09d020, FUTEX_WAKE_PRIVATE, 1) = 1
20806 <... futex resumed>)              = 0
20806 futex(0x7fff3d09d020, FUTEX_WAKE_PRIVATE, 1) = 1
20801 <... futex resumed>)              = 0
20801 futex(0x7fff3d09d020, FUTEX_WAKE_PRIVATE, 1 <unfinished ...>
20804 <... futex resumed>)              = 0
20801 <... futex resumed>)              = 1
20804 futex(0x7fff3d09d020, FUTEX_WAKE_PRIVATE, 1) = 1
20802 <... futex resumed>)              = 0
20802 futex(0x7fff3d09d020, FUTEX_WAKE_PRIVATE, 1) = 1
20796 <... futex resumed>)              = 0
20796 futex(0x7fff3d09d020, FUTEX_WAKE_PRIVATE, 1) = 1
20792 <... futex resumed>)              = 0
20792 futex(0x7fff3d09d020, FUTEX_WAKE_PRIVATE, 1) = 1
20805 <... futex resumed>)              = 0
20805 futex(0x7fff3d09d020, FUTEX_WAKE_PRIVATE, 1) = 1
20793 <... futex resumed>)              = 0
20793 futex(0x7fff3d09d020, FUTEX_WAKE_PRIVATE, 1 <unfinished ...>
20798 <... futex resumed>)              = 0
20793 <... futex resumed>)              = 1
20798 futex(0x7fff3d09d020, FUTEX_WAKE_PRIVATE, 1) = 1
20797 <... futex resumed>)              = 0
20797 futex(0x7fff3d09d020, FUTEX_WAKE_PRIVATE, 1) = 1
20799 <... futex resumed>)              = 0
20799 futex(0x7fff3d09d020, FUTEX_WAKE_PRIVATE, 1) = 1
20803 <... futex resumed>)              = 0
20803 futex(0x7fff3d09d020, FUTEX_WAKE_PRIVATE, 1) = 0
20805 sched_yield( <unfinished ...>
20806 futex(0x7fff3d09d020, FUTEX_WAIT_PRIVATE, 2, NULL <unfinished ...>
20802 futex(0x7fff3d09d020, FUTEX_WAIT_PRIVATE, 2, NULL <unfinished ...>
20801 futex(0x7fff3d09d020, FUTEX_WAIT_PRIVATE, 2, NULL <unfinished ...>
20794 futex(0x7fff3d09d020, FUTEX_WAIT_PRIVATE, 2, NULL <unfinished ...>
20807 futex(0x7fff3d09d020, FUTEX_WAIT_PRIVATE, 2, NULL <unfinished ...>
20804 futex(0x7fff3d09d020, FUTEX_WAIT_PRIVATE, 2, NULL <unfinished ...>
20800 futex(0x7fff3d09d020, FUTEX_WAIT_PRIVATE, 2, NULL <unfinished ...>
20798 futex(0x7fff3d09d020, FUTEX_WAIT_PRIVATE, 2, NULL <unfinished ...>
20805 <... sched_yield resumed>)        = 0
20799 futex(0x7fff3d09d020, FUTEX_WAIT_PRIVATE, 2, NULL <unfinished ...>
20796 futex(0x7fff3d09d020, FUTEX_WAIT_PRIVATE, 2, NULL <unfinished ...>
20795 futex(0x7fff3d09d020, FUTEX_WAIT_PRIVATE, 2, NULL <unfinished ...>
20793 futex(0x7fff3d09d020, FUTEX_WAIT_PRIVATE, 2, NULL <unfinished ...>
20792 futex(0x7fff3d09d020, FUTEX_WAIT_PRIVATE, 2, NULL <unfinished ...>
20797 futex(0x7fff3d09d020, FUTEX_WAIT_PRIVATE, 2, NULL <unfinished ...>
20805 sched_yield( <unfinished ...>
20803 futex(0x7fff3d09d020, FUTEX_WAIT_PRIVATE, 2, NULL <unfinished ...>
20805 <... sched_yield resumed>)        = 0
20805 munmap(0x7feeeb6b2000, 752877568) = 0
20805 mmap(NULL, 752877568, PROT_READ|PROT_WRITE, MAP_PRIVATE|MAP_ANONYMOUS|MAP_NORESERVE, -1, 0) = 0x7feeeb6b2000
20805 futex(0x7fff3d09d020, FUTEX_WAKE_PRIVATE, 1) = 1
20801 <... futex resumed>)              = 0
20805 futex(0x7fff3d09cfd4, FUTEX_WAIT_PRIVATE, 0, NULL <unfinished ...>
20801 futex(0x7fff3d09d020, FUTEX_WAKE_PRIVATE, 1) = 1
20794 <... futex resumed>)              = 0
20801 futex(0x7fff3d09cfd4, FUTEX_WAIT_PRIVATE, 0, NULL <unfinished ...>
20794 futex(0x7fff3d09d020, FUTEX_WAKE_PRIVATE, 1 <unfinished ...>
20804 <... futex resumed>)              = 0
20794 <... futex resumed>)              = 1
20804 futex(0x7fff3d09d020, FUTEX_WAKE_PRIVATE, 1 <unfinished ...>
20794 futex(0x7fff3d09cfd4, FUTEX_WAIT_PRIVATE, 0, NULL <unfinished ...>
20804 <... futex resumed>)              = 1
20806 <... futex resumed>)              = 0
20804 futex(0x7fff3d09cfd4, FUTEX_WAIT_PRIVATE, 0, NULL <unfinished ...>
20806 futex(0x7fff3d09d020, FUTEX_WAKE_PRIVATE, 1) = 1
20806 futex(0x7fff3d09cfd4, FUTEX_WAIT_PRIVATE, 0, NULL <unfinished ...>
20798 <... futex resumed>)              = 0
20798 futex(0x7fff3d09d020, FUTEX_WAKE_PRIVATE, 1 <unfinished ...>
20800 <... futex resumed>)              = 0
20798 <... futex resumed>)              = 1
20800 futex(0x7fff3d09d020, FUTEX_WAKE_PRIVATE, 1 <unfinished ...>
20798 futex(0x7fff3d09cfd4, FUTEX_WAIT_PRIVATE, 0, NULL <unfinished ...>
20800 <... futex resumed>)              = 1
20802 <... futex resumed>)              = 0
20802 futex(0x7fff3d09d020, FUTEX_WAKE_PRIVATE, 1 <unfinished ...>
20800 futex(0x7fff3d09cfd4, FUTEX_WAIT_PRIVATE, 0, NULL <unfinished ...>
20802 <... futex resumed>)              = 1
20802 futex(0x7fff3d09cfd4, FUTEX_WAIT_PRIVATE, 0, NULL <unfinished ...>
20807 <... futex resumed>)              = 0
20807 futex(0x7fff3d09d020, FUTEX_WAKE_PRIVATE, 1) = 1
20793 <... futex resumed>)              = 0
20807 futex(0x7fff3d09cfd4, FUTEX_WAIT_PRIVATE, 0, NULL <unfinished ...>
20793 futex(0x7fff3d09d020, FUTEX_WAKE_PRIVATE, 1 <unfinished ...>
20796 <... futex resumed>)              = 0
20793 <... futex resumed>)              = 1
20793 futex(0x7fff3d09cfd4, FUTEX_WAIT_PRIVATE, 0, NULL <unfinished ...>
20796 futex(0x7fff3d09d020, FUTEX_WAKE_PRIVATE, 1) = 1
20792 <... futex resumed>)              = 0
20796 futex(0x7fff3d09cfd4, FUTEX_WAIT_PRIVATE, 0, NULL <unfinished ...>
20792 futex(0x7fff3d09d020, FUTEX_WAKE_PRIVATE, 1) = 1
20797 <... futex resumed>)              = 0
20792 futex(0x7fff3d09cfd4, FUTEX_WAIT_PRIVATE, 0, NULL <unfinished ...>
20797 futex(0x7fff3d09d020, FUTEX_WAKE_PRIVATE, 1) = 1
20795 <... futex resumed>)              = 0
20797 futex(0x7fff3d09cfd4, FUTEX_WAIT_PRIVATE, 0, NULL <unfinished ...>
20795 futex(0x7fff3d09d020, FUTEX_WAKE_PRIVATE, 1 <unfinished ...>
20799 <... futex resumed>)              = 0
20795 <... futex resumed>)              = 1
20799 futex(0x7fff3d09d020, FUTEX_WAKE_PRIVATE, 1 <unfinished ...>
20795 futex(0x7fff3d09cfd4, FUTEX_WAIT_PRIVATE, 0, NULL <unfinished ...>
20803 <... futex resumed>)              = 0
20799 <... futex resumed>)              = 1
20803 futex(0x7fff3d09d020, FUTEX_WAKE_PRIVATE, 1 <unfinished ...>
20799 futex(0x7fff3d09cfd4, FUTEX_WAIT_PRIVATE, 0, NULL <unfinished ...>
20803 <... futex resumed>)              = 0
20803 futex(0x7fff3d09cfd4, FUTEX_WAKE_PRIVATE, 2147483647 <unfinished ...>
20799 <... futex resumed>)              = -1 EAGAIN (Resource temporarily unavailable)
20791 <... futex resumed>)              = 0
20805 <... futex resumed>)              = 0
20799 rt_sigprocmask(SIG_BLOCK, ~[RT_1],  <unfinished ...>
20794 <... futex resumed>)              = 0
20791 futex(0x7feeeb6b1990, FUTEX_WAIT_BITSET|FUTEX_CLOCK_REALTIME, 20792, NULL, FUTEX_BITSET_MATCH_ANY <unfinished ...>
20807 <... futex resumed>)              = 0
20806 <... futex resumed>)              = 0
20804 <... futex resumed>)              = 0
20803 <... futex resumed>)              = 15
20802 <... futex resumed>)              = 0
20801 <... futex resumed>)              = 0
20800 <... futex resumed>)              = 0
20799 <... rt_sigprocmask resumed>NULL, 8) = 0
20798 <... futex resumed>)              = 0
20797 <... futex resumed>)              = 0
20796 <... futex resumed>)              = 0
20795 <... futex resumed>)              = 0
20793 <... futex resumed>)              = 0
20792 <... futex resumed>)              = 0
20807 rt_sigprocmask(SIG_BLOCK, ~[RT_1],  <unfinished ...>
20806 rt_sigprocmask(SIG_BLOCK, ~[RT_1],  <unfinished ...>
20805 rt_sigprocmask(SIG_BLOCK, ~[RT_1],  <unfinished ...>
20804 rt_sigprocmask(SIG_BLOCK, ~[RT_1],  <unfinished ...>
20803 rt_sigprocmask(SIG_BLOCK, ~[RT_1],  <unfinished ...>
20802 rt_sigprocmask(SIG_BLOCK, ~[RT_1],  <unfinished ...>
20801 rt_sigprocmask(SIG_BLOCK, ~[RT_1],  <unfinished ...>
20800 rt_sigprocmask(SIG_BLOCK, ~[RT_1],  <unfinished ...>
20799 madvise(0x7feee76aa000, 8368128, MADV_DONTNEED <unfinished ...>
20798 rt_sigprocmask(SIG_BLOCK, ~[RT_1],  <unfinished ...>
20795 rt_sigprocmask(SIG_BLOCK, ~[RT_1],  <unfinished ...>
20794 rt_sigprocmask(SIG_BLOCK, ~[RT_1],  <unfinished ...>
20807 <... rt_sigprocmask resumed>NULL, 8) = 0
20806 <... rt_sigprocmask resumed>NULL, 8) = 0
20805 <... rt_sigprocmask resumed>NULL, 8) = 0
20804 <... rt_sigprocmask resumed>NULL, 8) = 0
20803 <... rt_sigprocmask resumed>NULL, 8) = 0
20802 <... rt_sigprocmask resumed>NULL, 8) = 0
20801 <... rt_sigprocmask resumed>NULL, 8) = 0
20800 <... rt_sigprocmask resumed>NULL, 8) = 0
20799 <... madvise resumed>)            = 0
20798 <... rt_sigprocmask resumed>NULL, 8) = 0
20797 rt_sigprocmask(SIG_BLOCK, ~[RT_1],  <unfinished ...>
20796 rt_sigprocmask(SIG_BLOCK, ~[RT_1],  <unfinished ...>
20795 <... rt_sigprocmask resumed>NULL, 8) = 0
20794 <... rt_sigprocmask resumed>NULL, 8) = 0
20793 rt_sigprocmask(SIG_BLOCK, ~[RT_1],  <unfinished ...>
20792 rt_sigprocmask(SIG_BLOCK, ~[RT_1],  <unfinished ...>
20807 madvise(0x7feee36a2000, 8368128, MADV_DONTNEED <unfinished ...>
20806 madvise(0x7feee3ea3000, 8368128, MADV_DONTNEED <unfinished ...>
20805 madvise(0x7feee46a4000, 8368128, MADV_DONTNEED <unfinished ...>
20804 madvise(0x7feee4ea5000, 8368128, MADV_DONTNEED <unfinished ...>
20803 madvise(0x7feee56a6000, 8368128, MADV_DONTNEED <unfinished ...>
20801 madvise(0x7feee66a8000, 8368128, MADV_DONTNEED <unfinished ...>
20796 <... rt_sigprocmask resumed>NULL, 8) = 0
20793 <... rt_sigprocmask resumed>NULL, 8) = 0
20807 <... madvise resumed>)            = 0
20805 <... madvise resumed>)            = 0
20801 <... madvise resumed>)            = 0
20797 <... rt_sigprocmask resumed>NULL, 8) = 0
20796 madvise(0x7feee8ead000, 8368128, MADV_DONTNEED <unfinished ...>
20793 madvise(0x7feeea6b0000, 8368128, MADV_DONTNEED <unfinished ...>
20792 <... rt_sigprocmask resumed>NULL, 8) = 0
20807 exit(0 <unfinished ...>
20805 exit(0 <unfinished ...>
20803 <... madvise resumed>)            = 0
20802 madvise(0x7feee5ea7000, 8368128, MADV_DONTNEED <unfinished ...>
20801 exit(0 <unfinished ...>
20800 madvise(0x7feee6ea9000, 8368128, MADV_DONTNEED <unfinished ...>
20799 exit(0 <unfinished ...>
20798 madvise(0x7feee7eab000, 8368128, MADV_DONTNEED <unfinished ...>
20797 madvise(0x7feee86ac000, 8368128, MADV_DONTNEED <unfinished ...>
20795 madvise(0x7feee96ae000, 8368128, MADV_DONTNEED <unfinished ...>
20794 madvise(0x7feee9eaf000, 8368128, MADV_DONTNEED <unfinished ...>
20801 <... exit resumed>)               = ?
20807 <... exit resumed>)               = ?
20806 <... madvise resumed>)            = 0
20805 <... exit resumed>)               = ?
20804 <... madvise resumed>)            = 0
20803 exit(0 <unfinished ...>
20799 <... exit resumed>)               = ?
20796 <... madvise resumed>)            = 0
20793 <... madvise resumed>)            = 0
20792 madvise(0x7feeeaeb1000, 8368128, MADV_DONTNEED <unfinished ...>
20806 exit(0 <unfinished ...>
20804 exit(0 <unfinished ...>
20803 <... exit resumed>)               = ?
20802 <... madvise resumed>)            = 0
20800 <... madvise resumed>)            = 0
20798 <... madvise resumed>)            = 0
20797 <... madvise resumed>)            = 0
20796 exit(0 <unfinished ...>
20795 <... madvise resumed>)            = 0
20794 <... madvise resumed>)            = 0
20793 exit(0 <unfinished ...>
20792 <... madvise resumed>)            = 0
20806 <... exit resumed>)               = ?
20804 <... exit resumed>)               = ?
20802 exit(0 <unfinished ...>
20800 exit(0 <unfinished ...>
20798 exit(0 <unfinished ...>
20797 exit(0 <unfinished ...>
20794 exit(0 <unfinished ...>
20802 <... exit resumed>)               = ?
20800 <... exit resumed>)               = ?
20798 <... exit resumed>)               = ?
20797 <... exit resumed>)               = ?
20796 <... exit resumed>)               = ?
20795 exit(0 <unfinished ...>
20793 <... exit resumed>)               = ?
20792 exit(0 <unfinished ...>
20794 <... exit resumed>)               = ?
20795 <... exit resumed>)               = ?
20792 <... exit resumed>)               = ?
20791 <... futex resumed>)              = 0
20791 munmap(0x7feeeaeb1000, 8392704)   = 0
20791 munmap(0x7feeea6b0000, 8392704)   = 0
20791 munmap(0x7feee9eaf000, 8392704)   = 0
20791 munmap(0x7feee96ae000, 8392704)   = 0
20791 munmap(0x7feee8ead000, 8392704)   = 0
20791 munmap(0x7feee86ac000, 8392704)   = 0
20791 munmap(0x7feee7eab000, 8392704)   = 0
20791 munmap(0x7feee76aa000, 8392704)   = 0
20791 munmap(0x7feee6ea9000, 8392704)   = 0
20791 munmap(0x7feee66a8000, 8392704)   = 0
20791 munmap(0x7feee5ea7000, 8392704)   = 0
20791 munmap(0x7feee56a6000, 8392704)   = 0
20791 openat(AT_FDCWD, "/proc/self/statm", O_RDONLY) = 3
20791 fstat(3, {st_mode=S_IFREG|0444, st_size=0, ...}) = 0
20791 read(3, "192666 451 405 2 0 192089 0\n", 1024) = 28
20791 write(2, "mmbench: peak RSS ~1 MB\n", 24) = 24
20791 close(3)                          = 0
20791 uname({sysname="Linux", nodename="syzkaller", ...}) = 0
20791 uname({sysname="Linux", nodename="syzkaller", ...}) = 0
20791 fstat(1, {st_mode=S_IFCHR|0666, st_rdev=makedev(0x1, 0x3), ...}) = 0
20791 ioctl(1, TCGETS, 0x7fff3d09c580)  = -1 ENOTTY (Inappropriate ioctl for device)
20791 write(1, "{\"bench\":\"pf\",\"contention\":\"high\",\"threads\":16,\"ops\":183808,\"elapsed_s\":1.034,\"ops_per_us\":0.024"..., 189) = 189
20791 munmap(0x7feeeb6b2000, 752877568) = 0
20791 exit_group(0)                     = ?
