[smoke] debugfs arenas before: 0
PASS mode-enter
PASS mode-get-1
PASS mmap-anon
PASS mmap-anon-in-window
PASS mmap-big
PASS mmap-big-in-window
PASS mmap-big-next-arena
PASS mmap-shared-stays-legacy
PASS mmap-populate-stays-legacy
PASS mmap-stack-routes-to-window
PASS munmap-release
PASS released-arena-unmapped
PASS released-arena-gone
PASS mmap-fixed-at-window-addr
PASS mmap-fixed-rw
PASS fork
PASS waitpid
PASS fork-child-checks
PASS parent-content-after-fork
PASS munmap-big
PASS munmap-shared
PASS munmap-pop
PASS munmap-stack
PASS munmap-fixed
./run_mode_smoke.sh: line 22:   766 Segmentation fault      ./corten_mode_smoke 2>&1
[smoke] smoke binary rc=139
[smoke] debugfs arenas after: 0
[smoke] SMOKE-DRIVER FAIL (1)
