[    0.000000] Linux version 6.18.32-g673ba95521de-dirty (ppw@vm) (gcc (Ubuntu 11.4.0-1ubuntu1~22.04.3) 11.4.0, GNU ld (GNU Binutils for Ubuntu) 2.38) #393 SMP PREEMPT_DYNAMIC Tue Oct  6 07:55:09 CST 2026
[    0.000000] Command line: console=ttyS0 root=/dev/vda rw net.ifnames=0 corten=on corten_mode_default=on systemd.mask=sys-kernel-config.mount mitigations=off kunit.enable=0 log_buf_len=16M
[    0.000000] BIOS-provided physical RAM map:
[    0.000000] BIOS-e820: [mem 0x0000000000000000-0x000000000009fbff] usable
[    0.000000] BIOS-e820: [mem 0x000000000009fc00-0x000000000009ffff] reserved
[    0.000000] BIOS-e820: [mem 0x00000000000f0000-0x00000000000fffff] reserved
[    0.000000] BIOS-e820: [mem 0x0000000000100000-0x00000000bffdcfff] usable
[    0.000000] BIOS-e820: [mem 0x00000000bffdd000-0x00000000bfffffff] reserved
[    0.000000] BIOS-e820: [mem 0x00000000feffc000-0x00000000feffffff] reserved
[    0.000000] BIOS-e820: [mem 0x00000000fffc0000-0x00000000ffffffff] reserved
[    0.000000] BIOS-e820: [mem 0x0000000100000000-0x000000013fffffff] usable
[    0.000000] NX (Execute Disable) protection: active
[    0.000000] APIC: Static calls initialized
[    0.000000] SMBIOS 2.8 present.
[    0.000000] DMI: QEMU Standard PC (i440FX + PIIX, 1996), BIOS 1.15.0-1 04/01/2014
[    0.000000] DMI: Memory slots populated: 1/1
[    0.000000] Hypervisor detected: KVM
[    0.000000] last_pfn = 0xbffdd max_arch_pfn = 0x400000000
[    0.000000] kvm-clock: Using msrs 4b564d01 and 4b564d00
[    0.000007] kvm-clock: using sched offset of 1929000565 cycles
[    0.000012] clocksource: kvm-clock: mask: 0xffffffffffffffff max_cycles: 0x1cd42e4dffb, max_idle_ns: 881590591483 ns
[    0.000141] tsc: Detected 2419.196 MHz processor
[    0.002511] last_pfn = 0x140000 max_arch_pfn = 0x400000000
[    0.003069] MTRR map: 4 entries (3 fixed + 1 variable; max 19), built from 8 variable MTRRs
[    0.003096] x86/PAT: Configuration [0-7]: WB  WC  UC- UC  WB  WP  UC- WT  
[    0.003890] last_pfn = 0xbffdd max_arch_pfn = 0x400000000
[    0.014415] found SMP MP-table at [mem 0x000f5b90-0x000f5b9f]
[    0.014669] Using GB pages for direct mapping
[    0.374176] printk: log buffer data + meta data: 16777216 + 58720256 = 75497472 bytes
[    0.374179] printk: early log buf free: 260024(99%)
[    0.374233] ACPI: Early table checksum verification disabled
[    0.374298] ACPI: RSDP 0x00000000000F59B0 000014 (v00 BOCHS )
[    0.374345] ACPI: RSDT 0x00000000BFFE1BA3 000034 (v01 BOCHS  BXPC     00000001 BXPC 00000001)
[    0.374402] ACPI: FACP 0x00000000BFFE1A1F 000074 (v01 BOCHS  BXPC     00000001 BXPC 00000001)
[    0.374509] ACPI: DSDT 0x00000000BFFE0040 0019DF (v01 BOCHS  BXPC     00000001 BXPC 00000001)
[    0.374517] ACPI: FACS 0x00000000BFFE0000 000040
[    0.374523] ACPI: APIC 0x00000000BFFE1A93 0000B0 (v01 BOCHS  BXPC     00000001 BXPC 00000001)
[    0.374529] ACPI: HPET 0x00000000BFFE1B43 000038 (v01 BOCHS  BXPC     00000001 BXPC 00000001)
[    0.374534] ACPI: WAET 0x00000000BFFE1B7B 000028 (v01 BOCHS  BXPC     00000001 BXPC 00000001)
[    0.374539] ACPI: Reserving FACP table memory at [mem 0xbffe1a1f-0xbffe1a92]
[    0.374544] ACPI: Reserving DSDT table memory at [mem 0xbffe0040-0xbffe1a1e]
[    0.374546] ACPI: Reserving FACS table memory at [mem 0xbffe0000-0xbffe003f]
[    0.374548] ACPI: Reserving APIC table memory at [mem 0xbffe1a93-0xbffe1b42]
[    0.374550] ACPI: Reserving HPET table memory at [mem 0xbffe1b43-0xbffe1b7a]
[    0.374551] ACPI: Reserving WAET table memory at [mem 0xbffe1b7b-0xbffe1ba2]
[    0.379946] No NUMA configuration found
[    0.379952] Faking a node at [mem 0x0000000000000000-0x000000013fffffff]
[    0.379961] NODE_DATA(0) allocated [mem 0x13b7f9e40-0x13b7fdfff]
[    0.380487] Zone ranges:
[    0.380490]   DMA      [mem 0x0000000000001000-0x0000000000ffffff]
[    0.380495]   DMA32    [mem 0x0000000001000000-0x00000000ffffffff]
[    0.380498]   Normal   [mem 0x0000000100000000-0x000000013fffffff]
[    0.380520] Movable zone start for each node
[    0.380522] Early memory node ranges
[    0.380523]   node   0: [mem 0x0000000000001000-0x000000000009efff]
[    0.380527]   node   0: [mem 0x0000000000100000-0x00000000bffdcfff]
[    0.380530]   node   0: [mem 0x0000000100000000-0x000000013fffffff]
[    0.380533] Initmem setup node 0 [mem 0x0000000000001000-0x000000013fffffff]
[    0.386212] On node 0, zone DMA: 1 pages in unavailable ranges
[    0.387516] On node 0, zone DMA: 97 pages in unavailable ranges
[    0.753378] On node 0, zone Normal: 35 pages in unavailable ranges
[    0.755734] ACPI: PM-Timer IO Port: 0x608
[    0.755824] ACPI: LAPIC_NMI (acpi_id[0xff] dfl dfl lint[0x1])
[    0.759088] IOAPIC[0]: apic_id 0, version 17, address 0xfec00000, GSI 0-23
[    0.759095] ACPI: INT_SRC_OVR (bus 0 bus_irq 0 global_irq 2 dfl dfl)
[    0.759096] ACPI: INT_SRC_OVR (bus 0 bus_irq 5 global_irq 5 high level)
[    0.759097] ACPI: INT_SRC_OVR (bus 0 bus_irq 9 global_irq 9 high level)
[    0.759108] ACPI: INT_SRC_OVR (bus 0 bus_irq 10 global_irq 10 high level)
[    0.759109] ACPI: INT_SRC_OVR (bus 0 bus_irq 11 global_irq 11 high level)
[    0.759112] ACPI: Using ACPI (MADT) for SMP configuration information
[    0.759113] ACPI: HPET id: 0x8086a201 base: 0xfed00000
[    0.759117] TSC deadline timer available
[    0.759121] CPU topo: Max. logical packages:   1
[    0.759121] CPU topo: Max. logical dies:       1
[    0.759122] CPU topo: Max. dies per package:   1
[    0.759124] CPU topo: Max. threads per core:   1
[    0.759125] CPU topo: Num. cores per package:     8
[    0.759125] CPU topo: Num. threads per package:   8
[    0.759147] CPU topo: Allowing 8 present CPUs plus 0 hotplug CPUs
[    0.759196] kvm-guest: APIC: eoi() replaced with kvm_guest_apic_eoi_write()
[    0.759233] kvm-guest: KVM setup pv remote TLB flush
[    0.759249] kvm-guest: setup PV sched yield
[    0.761944] PM: hibernation: Registered nosave memory: [mem 0x00000000-0x00000fff]
[    0.761947] PM: hibernation: Registered nosave memory: [mem 0x0009f000-0x000fffff]
[    0.761948] PM: hibernation: Registered nosave memory: [mem 0xbffdd000-0xffffffff]
[    0.761950] [mem 0xc0000000-0xfeffbfff] available for PCI devices
[    0.761951] Booting paravirtualized kernel on KVM
[    0.761970] clocksource: refined-jiffies: mask: 0xffffffff max_cycles: 0xffffffff, max_idle_ns: 1910969940391419 ns
[    0.781036] setup_percpu: NR_CPUS:64 nr_cpumask_bits:8 nr_cpu_ids:8 nr_node_ids:1
[    0.793712] percpu: Embedded 56 pages/cpu s192080 r8192 d29104 u262144
[    0.794038] Kernel command line: console=ttyS0 root=/dev/vda rw net.ifnames=0 corten=on corten_mode_default=on systemd.mask=sys-kernel-config.mount mitigations=off kunit.enable=0 log_buf_len=16M
[    0.795031] corten: requested on, activating at initcall time
[    0.795050] corten: execve default entry enabled
[    0.795525] random: crng init done
[    0.836002] Dentry cache hash table entries: 524288 (order: 10, 4194304 bytes, linear)
[    0.862970] Inode-cache hash table entries: 262144 (order: 9, 2097152 bytes, linear)
[    0.863528] software IO TLB: area num 8.
[    1.266013] Fallback order for Node 0: 0 
[    1.266029] Built 1 zonelists, mobility grouping on.  Total pages: 1048443
[    1.266034] Policy zone: Normal
[    1.266042] mem auto-init: stack:off, heap alloc:off, heap free:off
[    1.284250] SLUB: HWalign=64, Order=0-3, MinObjects=0, CPUs=8, Nodes=1
[    1.311823] Dynamic Preempt: voluntary
[    1.313605] Running RCU self tests
[    1.313608] Running RCU synchronous self tests
[    1.313611] rcu: Preemptible hierarchical RCU implementation.
[    1.313612] rcu: 	RCU event tracing is enabled.
[    1.313613] rcu: 	RCU lockdep checking is enabled.
[    1.313614] rcu: 	RCU restricting CPUs from NR_CPUS=64 to nr_cpu_ids=8.
[    1.313618] 	Trampoline variant of Tasks RCU enabled.
[    1.313619] 	Tracing variant of Tasks RCU enabled.
[    1.313641] rcu: RCU calculated value of scheduler-enlistment delay is 100 jiffies.
[    1.313644] rcu: Adjusting geometry for rcu_fanout_leaf=16, nr_cpu_ids=8
[    1.313854] Running RCU synchronous self tests
[    1.313861] RCU Tasks: Setting shift to 3 and lim to 1 rcu_task_cb_adjust=1 rcu_task_cpu_ids=8.
[    1.313866] RCU Tasks Trace: Setting shift to 3 and lim to 1 rcu_task_cb_adjust=1 rcu_task_cpu_ids=8.
[    1.329398] NR_IRQS: 4352, nr_irqs: 488, preallocated irqs: 16
[    1.330867] rcu: srcu_init: Setting srcu_struct sizes based on contention.
[    1.407145] Console: colour VGA+ 80x25
[    1.407767] printk: legacy console [ttyS0] enabled
[    2.041290] Lock dependency validator: Copyright (c) 2006 Red Hat, Inc., Ingo Molnar
[    2.048225] ... MAX_LOCKDEP_SUBCLASSES:  8
[    2.051595] ... MAX_LOCK_DEPTH:          48
[    2.054216] ... MAX_LOCKDEP_KEYS:        8192
[    2.058144] ... CLASSHASH_SIZE:          4096
[    2.059512] ... MAX_LOCKDEP_ENTRIES:     32768
[    2.063615] ... MAX_LOCKDEP_CHAINS:      65536
[    2.068070] ... CHAINHASH_SIZE:          32768
[    2.072292]  memory used by lock dependency info: 6429 kB
[    2.076732]  memory used for stack traces: 4224 kB
[    2.080201]  per task-struct memory footprint: 1920 bytes
[    2.085734] ACPI: Core revision 20250807
[    2.091614] clocksource: hpet: mask: 0xffffffff max_cycles: 0xffffffff, max_idle_ns: 19112604467 ns
[    2.101816] APIC: Switch to symmetric I/O mode setup
[    2.113176] x2apic enabled
[    2.121284] APIC: Switched APIC routing to: physical x2apic
[    2.124736] kvm-guest: APIC: send_IPI_mask() replaced with kvm_send_ipi_mask()
[    2.131164] kvm-guest: APIC: send_IPI_mask_allbutself() replaced with kvm_send_ipi_mask_allbutself()
[    2.138862] kvm-guest: setup PV IPIs
[    2.159860] ..TIMER: vector=0x30 apic1=0 pin1=2 apic2=-1 pin2=-1
[    2.168874] clocksource: tsc-early: mask: 0xffffffffffffffff max_cycles: 0x22df0d21928, max_idle_ns: 440795225288 ns
[    2.182194] Calibrating delay loop (skipped) preset value.. 4838.39 BogoMIPS (lpj=2419196)
[    2.188195] x86/cpu: User Mode Instruction Prevention (UMIP) activated
[    2.191678] Last level iTLB entries: 4KB 0, 2MB 0, 4MB 0
[    2.193020] Last level dTLB entries: 4KB 0, 2MB 0, 4MB 0, 1GB 0
[    2.194150] mitigations: Enabled attack vectors: SMT mitigations: off
[    2.195054] Speculative Store Bypass: Vulnerable
[    2.196019] Spectre V2 : Vulnerable
[    2.197016] ITS: Vulnerable
[    2.198017] Spectre V1 : Vulnerable: __user pointer sanitization and usercopy barriers only; no swapgs barriers
[    2.200231] x86/fpu: Supporting XSAVE feature 0x001: 'x87 floating point registers'
[    2.201019] x86/fpu: Supporting XSAVE feature 0x002: 'SSE registers'
[    2.202017] x86/fpu: Supporting XSAVE feature 0x004: 'AVX registers'
[    2.203019] x86/fpu: Supporting XSAVE feature 0x200: 'Protection Keys User registers'
[    2.204020] x86/fpu: xstate_offset[2]:  576, xstate_sizes[2]:  256
[    2.205020] x86/fpu: xstate_offset[9]:  832, xstate_sizes[9]:    8
[    2.206019] x86/fpu: Enabled xstate features 0x207, context size is 840 bytes, using 'compacted' format.
[    2.322728] Freeing SMP alternatives memory: 64K
[    2.323023] pid_max: default: 32768 minimum: 301
[    2.325306] LSM: initializing lsm=capability,selinux
[    2.326140] SELinux:  Initializing.
[    2.331187] Mount-cache hash table entries: 8192 (order: 4, 65536 bytes, linear)
[    2.333215] Mountpoint-cache hash table entries: 8192 (order: 4, 65536 bytes, linear)
[    2.339007] Running RCU synchronous self tests
[    2.339023] Running RCU synchronous self tests
[    2.342007] smpboot: CPU0: 13th Gen Intel(R) Core(TM) i9-13900HX (family: 0x6, model: 0xb7, stepping: 0x1)
[    2.344650] Performance Events: Alderlake Hybrid events, core PMU driver.
[    2.347023] core: CPUID marked event: 'cpu cycles' unavailable
[    2.348026] core: CPUID marked event: 'instructions' unavailable
[    2.349022] core: CPUID marked event: 'bus cycles' unavailable
[    2.350020] core: CPUID marked event: 'cache references' unavailable
[    2.351062] core: CPUID marked event: 'cache misses' unavailable
[    2.352058] core: CPUID marked event: 'branch instructions' unavailable
[    2.353054] core: CPUID marked event: 'branch misses' unavailable
[    2.355080] core: The event 0x100 is not supported as a normal event.
[    2.356023] core: The event 0x300 is not supported as a normal event.
[    2.357023] core: The event 0x400 is not supported as a normal event.
[    2.358022] core: The event 0x8000 is not supported as a normal event.
[    2.359061] core: The event 0x8100 is not supported as a normal event.
[    2.360053] core: The event 0x8200 is not supported as a normal event.
[    2.361053] core: The event 0x8300 is not supported as a normal event.
[    2.362053] core: The event 0x8400 is not supported as a normal event.
[    2.363029] core: The event 0x8500 is not supported as a normal event.
[    2.364024] core: The event 0x8600 is not supported as a normal event.
[    2.365026] core: The event 0x8700 is not supported as a normal event.
[    2.366236] core: cpu_core PMU driver: 
[    2.367059] ... version:                   1
[    2.368054] ... bit width:                 48
[    2.369025] ... generic counters:          6
[    2.370055] ... generic bitmap:            000000000000003f
[    2.371061] ... fixed-purpose counters:    0
[    2.372043] ... fixed-purpose bitmap:      0000000000000000
[    2.373067] ... value mask:                0000ffffffffffff
[    2.374062] ... max period:                000000007fffffff
[    2.375062] ... global_ctrl mask:          000100000000003f
[    2.376722] signal: max sigframe size: 3632
[    2.377450] rcu: Hierarchical SRCU implementation.
[    2.378023] rcu: 	Max phase no-delay instances is 400.
[    2.380007] Timer migration: 1 hierarchy levels; 8 children per group; 1 crossnode level
[    2.382660] corten: page descriptors enabled
[    2.384544] smp: Bringing up secondary CPUs ...
[    2.386007] smpboot: x86: Booting SMP configuration:
[    2.386130] .... node  #0, CPUs:      #1 #2 #3 #4 #5 #6 #7
[    2.438007] smp: Brought up 1 node, 8 CPUs
[    2.439065] smpboot: Total of 8 processors activated (38707.13 BogoMIPS)
[    2.443630] Memory: 3912012K/4193772K available (23520K kernel code, 3535K rwdata, 9452K rodata, 3596K init, 12440K bss, 275716K reserved, 0K cma-reserved)
[    2.447052] devtmpfs: initialized
[    2.455453] Running RCU synchronous self tests
[    2.456121] Running RCU synchronous self tests
[    2.459154] Running RCU Tasks wait API self tests
[    2.461083] Running RCU Tasks Trace wait API self tests
[    2.477080] clocksource: jiffies: mask: 0xffffffff max_cycles: 0xffffffff, max_idle_ns: 1911260446275000 ns
[    2.478106] posixtimers hash table entries: 4096 (order: 7, 294912 bytes, linear)
[    2.481482] futex hash table entries: 2048 (262144 bytes on 1 NUMA nodes, total 256 KiB, linear).
[    2.483895] PM: RTC time: 00:10:29, date: 2026-10-06
[    2.498055] Callback from call_rcu_tasks_trace() invoked.
[    2.503878] NET: Registered PF_NETLINK/PF_ROUTE protocol family
[    2.506439] audit: initializing netlink subsys (disabled)
[    2.508546] audit: type=2000 audit(1791245428.804:1): state=initialized audit_enabled=0 res=1
[    2.510252] thermal_sys: Registered thermal governor 'step_wise'
[    2.511324] cpuidle: using governor menu
[    2.516151] PCI: Using configuration type 1 for base access
[    2.517462] kprobes: kprobe jump-optimization is enabled. All kprobes are optimized if possible.
[    2.523895] HugeTLB: registered 2.00 MiB page size, pre-allocated 0 pages
[    2.524066] HugeTLB: 28 KiB vmemmap can be freed for a 2.00 MiB page
[    2.564061] ACPI: Added _OSI(Module Device)
[    2.565024] ACPI: Added _OSI(Processor Device)
[    2.566025] ACPI: Added _OSI(Processor Aggregator Device)
[    2.570333] ACPI: 1 ACPI AML tables successfully acquired and loaded
[    2.582062] ACPI: Interpreter enabled
[    2.583238] ACPI: PM: (supports S0 S3 S4 S5)
[    2.584105] ACPI: Using IOAPIC for interrupt routing
[    2.585078] PCI: Using host bridge windows from ACPI; if necessary, use "pci=nocrs" and report a bug
[    2.586057] PCI: Using E820 reservations for host bridge windows
[    2.587480] ACPI: Enabled 2 GPEs in block 00 to 0F
[    2.613746] ACPI: PCI Root Bridge [PCI0] (domain 0000 [bus 00-ff])
[    2.614074] acpi PNP0A03:00: _OSC: OS supports [ASPM ClockPM Segments MSI HPX-Type3]
[    2.615068] acpi PNP0A03:00: _OSC: not requesting OS control; OS requires [ExtendedConfig ASPM ClockPM MSI]
[    2.616169] acpi PNP0A03:00: fail to add MMCONFIG information, can't access extended configuration space under this bridge
[    2.618007] PCI host bridge to bus 0000:00
[    2.618041] pci_bus 0000:00: root bus resource [io  0x0000-0x0cf7 window]
[    2.619128] pci_bus 0000:00: root bus resource [io  0x0d00-0xffff window]
[    2.620032] pci_bus 0000:00: root bus resource [mem 0x000a0000-0x000bffff window]
[    2.621213] pci_bus 0000:00: root bus resource [mem 0xc0000000-0xfebfffff window]
[    2.622103] pci_bus 0000:00: root bus resource [mem 0x140000000-0x1bfffffff window]
[    2.623064] pci_bus 0000:00: root bus resource [bus 00-ff]
[    2.624587] pci 0000:00:00.0: [8086:1237] type 00 class 0x060000 conventional PCI endpoint
[    2.629362] pci 0000:00:01.0: [8086:7000] type 00 class 0x060100 conventional PCI endpoint
[    2.634007] pci 0000:00:01.1: [8086:7010] type 00 class 0x010180 conventional PCI endpoint
[    2.637449] pci 0000:00:01.1: BAR 4 [io  0xc0e0-0xc0ef]
[    2.638392] pci 0000:00:01.1: BAR 0 [io  0x01f0-0x01f7]: legacy IDE quirk
[    2.639067] pci 0000:00:01.1: BAR 1 [io  0x03f6]: legacy IDE quirk
[    2.640068] pci 0000:00:01.1: BAR 2 [io  0x0170-0x0177]: legacy IDE quirk
[    2.641126] pci 0000:00:01.1: BAR 3 [io  0x0376]: legacy IDE quirk
[    2.643549] pci 0000:00:01.3: [8086:7113] type 00 class 0x068000 conventional PCI endpoint
[    2.647497] pci 0000:00:01.3: quirk: [io  0x0600-0x063f] claimed by PIIX4 ACPI
[    2.648101] pci 0000:00:01.3: quirk: [io  0x0700-0x070f] claimed by PIIX4 SMB
[    2.650777] pci 0000:00:02.0: [1234:1111] type 00 class 0x030000 conventional PCI endpoint
[    2.657713] pci 0000:00:02.0: BAR 0 [mem 0xfd000000-0xfdffffff pref]
[    2.659246] pci 0000:00:02.0: BAR 2 [mem 0xfeb90000-0xfeb90fff]
[    2.660395] pci 0000:00:02.0: ROM [mem 0xfeb80000-0xfeb8ffff pref]
[    2.666573] pci 0000:00:02.0: Video device with shadowed ROM at [mem 0x000c0000-0x000dffff]
[    2.677569] Callback from call_rcu_tasks() invoked.
[    2.690909] pci 0000:00:03.0: [1af4:1000] type 00 class 0x020000 conventional PCI endpoint
[    2.695385] pci 0000:00:03.0: BAR 0 [io  0xc0c0-0xc0df]
[    2.696151] pci 0000:00:03.0: BAR 1 [mem 0xfeb91000-0xfeb91fff]
[    2.697403] pci 0000:00:03.0: BAR 4 [mem 0xfe000000-0xfe003fff 64bit pref]
[    2.698157] pci 0000:00:03.0: ROM [mem 0xfeb00000-0xfeb7ffff pref]
[    2.706007] pci 0000:00:04.0: [1af4:1009] type 00 class 0x000200 conventional PCI endpoint
[    2.709106] pci 0000:00:04.0: BAR 0 [io  0xc080-0xc0bf]
[    2.710053] pci 0000:00:04.0: BAR 1 [mem 0xfeb92000-0xfeb92fff]
[    2.711385] pci 0000:00:04.0: BAR 4 [mem 0xfe004000-0xfe007fff 64bit pref]
[    2.718007] pci 0000:00:05.0: [1af4:1001] type 00 class 0x010000 conventional PCI endpoint
[    2.721158] pci 0000:00:05.0: BAR 0 [io  0xc000-0xc07f]
[    2.722052] pci 0000:00:05.0: BAR 1 [mem 0xfeb93000-0xfeb93fff]
[    2.723119] pci 0000:00:05.0: BAR 4 [mem 0xfe008000-0xfe00bfff 64bit pref]
[    2.745702] ACPI: PCI: Interrupt link LNKA configured for IRQ 10
[    2.747007] ACPI: PCI: Interrupt link LNKB configured for IRQ 10
[    2.748007] ACPI: PCI: Interrupt link LNKC configured for IRQ 11
[    2.748724] ACPI: PCI: Interrupt link LNKD configured for IRQ 11
[    2.749540] ACPI: PCI: Interrupt link LNKS configured for IRQ 9
[    2.763634] iommu: Default domain type: Translated
[    2.764056] iommu: DMA domain TLB invalidation policy: lazy mode
[    2.782338] SCSI subsystem initialized
[    2.787208] ACPI: bus type USB registered
[    2.789745] usbcore: registered new interface driver usbfs
[    2.790417] usbcore: registered new interface driver hub
[    2.791343] usbcore: registered new device driver usb
[    2.792692] pps_core: LinuxPPS API ver. 1 registered
[    2.793139] pps_core: Software ver. 5.3.6 - Copyright 2005-2007 Rodolfo Giometti <giometti@linux.it>
[    2.794110] PTP clock support registered
[    2.799007] Advanced Linux Sound Architecture Driver Initialized.
[    2.814891] NetLabel: Initializing
[    2.815063] NetLabel:  domain hash size = 128
[    2.816026] NetLabel:  protocols = UNLABELED CIPSOv4 CALIPSO
[    2.818192] NetLabel:  unlabeled traffic allowed by default
[    2.823693] PCI: Using ACPI for IRQ routing
[    2.826485] pci 0000:00:02.0: vgaarb: setting as boot VGA device
[    2.827007] pci 0000:00:02.0: vgaarb: bridge control possible
[    2.827007] pci 0000:00:02.0: vgaarb: VGA device added: decodes=io+mem,owns=io+mem,locks=none
[    2.827065] vgaarb: loaded
[    2.830920] hpet0: at MMIO 0xfed00000, IRQs 2, 8, 0
[    2.831057] hpet0: 3 comparators, 64-bit 100.000000 MHz counter
[    2.835007] clocksource: Switched to clocksource kvm-clock
[    2.851910] VFS: Disk quotas dquot_6.6.0
[    2.855528] VFS: Dquot-cache hash table entries: 512 (order 0, 4096 bytes)
[    2.866318] pnp: PnP ACPI init
[    2.875181] pnp: PnP ACPI: found 6 devices
[    2.937536] clocksource: acpi_pm: mask: 0xffffff max_cycles: 0xffffff, max_idle_ns: 2085701024 ns
[    2.947737] NET: Registered PF_INET protocol family
[    2.957061] IP idents hash table entries: 65536 (order: 7, 524288 bytes, linear)
[    2.978532] tcp_listen_portaddr_hash hash table entries: 2048 (order: 6, 147456 bytes, linear)
[    2.991436] Table-perturb hash table entries: 65536 (order: 6, 262144 bytes, linear)
[    2.998780] TCP established hash table entries: 32768 (order: 6, 262144 bytes, linear)
[    3.010585] TCP bind hash table entries: 32768 (order: 11, 4718592 bytes, vmalloc hugepage)
[    3.056405] TCP: Hash tables configured (established 32768 bind 32768)
[    3.066836] UDP hash table entries: 2048 (order: 7, 524288 bytes, linear)
[    3.079655] UDP-Lite hash table entries: 2048 (order: 7, 524288 bytes, linear)
[    3.098979] NET: Registered PF_UNIX/PF_LOCAL protocol family
[    3.111434] RPC: Registered named UNIX socket transport module.
[    3.116226] RPC: Registered udp transport module.
[    3.119447] RPC: Registered tcp transport module.
[    3.124005] RPC: Registered tcp-with-tls transport module.
[    3.128160] RPC: Registered tcp NFSv4.1 backchannel transport module.
[    3.137727] pci_bus 0000:00: resource 4 [io  0x0000-0x0cf7 window]
[    3.144983] pci_bus 0000:00: resource 5 [io  0x0d00-0xffff window]
[    3.150129] pci_bus 0000:00: resource 6 [mem 0x000a0000-0x000bffff window]
[    3.155483] pci_bus 0000:00: resource 7 [mem 0xc0000000-0xfebfffff window]
[    3.161367] pci_bus 0000:00: resource 8 [mem 0x140000000-0x1bfffffff window]
[    3.168890] pci 0000:00:01.0: PIIX3: Enabling Passive Release
[    3.174783] pci 0000:00:00.0: Limiting direct PCI/PCI transfers
[    3.181502] PCI: CLS 0 bytes, default 64
[    3.187381] PCI-DMA: Using software bounce buffering for IO (SWIOTLB)
[    3.188232] kwatchdog (77) used greatest stack depth: 14776 bytes left
[    3.196784] software IO TLB: mapped [mem 0x00000000bbfdd000-0x00000000bffdd000] (64MB)
[    3.214427] RAPL PMU: API unit is 2^-32 Joules, 0 fixed counters, 10737418240 ms ovfl timer
[    3.223826] clocksource: tsc: mask: 0xffffffffffffffff max_cycles: 0x22df0d21928, max_idle_ns: 440795225288 ns
[    3.264166] Initialise system trusted keyrings
[    3.269273] workingset: timestamp_bits=40 max_order=20 bucket_order=0
[    3.275097] NFS: Registering the id_resolver key type
[    3.280412] Key type id_resolver registered
[    3.285485] Key type id_legacy registered
[    3.290889] 9p: Installing v9fs 9p2000 file system support
[    3.332813] Key type asymmetric registered
[    3.338254] Asymmetric key parser 'x509' registered
[    3.344271] Block layer SCSI generic (bsg) driver version 0.4 loaded (major 251)
[    3.353515] io scheduler mq-deadline registered
[    3.357944] io scheduler kyber registered
[    3.366862] input: Power Button as /devices/LNXSYSTM:00/LNXPWRBN:00/input/input0
[    3.374624] ACPI: button: Power Button [PWRF]
[    3.572305] ACPI: \_SB_.LNKC: Enabled at IRQ 11
[    3.776985] ACPI: \_SB_.LNKD: Enabled at IRQ 10
[    3.993172] ACPI: \_SB_.LNKA: Enabled at IRQ 10
[    4.003796] Serial: 8250/16550 driver, 4 ports, IRQ sharing enabled
[    4.013627] 00:04: ttyS0 at I/O 0x3f8 (irq = 4, base_baud = 115200) is a 16550A
[    4.032987] Non-volatile memory driver v1.3
[    4.035320] Linux agpgart interface v0.103
[    4.091278] ACPI: bus type drm_connector registered
[    4.142312] loop: module loaded
[    4.148885] virtio_blk virtio2: 8/0/0 default/read/poll queues
[    4.191820] virtio_blk virtio2: [vda] 20971520 512-byte logical blocks (10.7 GB/10.0 GiB)
[    4.219312] zram: Added device: zram0
[    4.237662] scsi host0: ata_piix
[    4.245219] scsi host1: ata_piix
[    4.247394] ata1: PATA max MWDMA2 cmd 0x1f0 ctl 0x3f6 bmdma 0xc0e0 irq 14 lpm-pol 0
[    4.254528] ata2: PATA max MWDMA2 cmd 0x170 ctl 0x376 bmdma 0xc0e8 irq 15 lpm-pol 0
[    4.268373] tun: Universal TUN/TAP device driver, 1.6
[    4.288893] e100: Intel(R) PRO/100 Network Driver
[    4.295511] e100: Copyright(c) 1999-2006 Intel Corporation
[    4.301447] e1000: Intel(R) PRO/1000 Network Driver
[    4.306857] e1000: Copyright (c) 1999-2006 Intel Corporation.
[    4.314160] e1000e: Intel(R) PRO/1000 Network Driver
[    4.320374] e1000e: Copyright(c) 1999 - 2015 Intel Corporation.
[    4.324233] sky2: driver version 1.30
[    4.329945] usbcore: registered new interface driver usblp
[    4.335960] usbcore: registered new interface driver usb-storage
[    4.343871] i8042: PNP: PS/2 Controller [PNP0303:KBD,PNP0f13:MOU] at 0x60,0x64 irq 1,12
[    4.359127] serio: i8042 KBD port at 0x60,0x64 irq 1
[    4.365626] serio: i8042 AUX port at 0x60,0x64 irq 12
[    4.377621] rtc_cmos 00:05: RTC can wake from S4
[    4.382097] input: AT Translated Set 2 keyboard as /devices/platform/i8042/serio0/input/input1
[    4.391756] rtc_cmos 00:05: registered as rtc0
[    4.399491] rtc_cmos 00:05: alarms up to one day, y3k, 242 bytes nvram, hpet irqs
[    4.410844] device-mapper: ioctl: 4.50.0-ioctl (2025-04-28) initialised: dm-devel@lists.linux.dev
[    4.423803] intel_pstate: CPU model not supported
[    4.429557] ata2: found unknown device (class 0)
[    4.430533] hid: raw HID events driver (C) Jiri Kosina
[    4.445312] ata2.00: ATAPI: QEMU DVD-ROM, 2.5+, max UDMA/100
[    4.448374] usbcore: registered new interface driver usbhid
[    4.463553] usbhid: USB HID core driver
[    4.467971] scsi 1:0:0:0: CD-ROM            QEMU     QEMU DVD-ROM     2.5+ PQ: 0 ANSI: 5
[    4.486820] xt_time: kernel timezone is -0000
[    4.494299] Initializing XFRM netlink socket
[    4.500602] NET: Registered PF_INET6 protocol family
[    4.513320] Segment Routing with IPv6
[    4.516462] In-situ OAM (IOAM) with IPv6
[    4.520586] sit: IPv6, IPv4 and MPLS over IPv4 tunneling driver
[    4.524605] sr 1:0:0:0: [sr0] scsi3-mmc drive: 4x/4x cd/rw xa/form2 tray
[    4.528878] NET: Registered PF_PACKET protocol family
[    4.532739] cdrom: Uniform CD-ROM driver Revision: 3.20
[    4.537634] NET: Registered PF_KEY protocol family
[    4.551352] 9pnet: Installing 9P2000 support
[    4.568008] Key type dns_resolver registered
[    4.574436] NET: Registered PF_VSOCK protocol family
[    4.582037] sr 1:0:0:0: Attached scsi generic sg0 type 5
[    4.591828] IPI shorthand broadcast: enabled
[    4.667606] sched_clock: Marking stable (3830257160, 837097484)->(5754624311, -1087269667)
[    4.680823] registered taskstats version 1
[    4.687819] Loading compiled-in X.509 certificates
[    4.751054] Demotion targets for Node 0: null
[    4.757623] Key type .fscrypt registered
[    4.762744] Key type fscrypt-provisioning registered
[    4.772341] PM:   Magic number: 14:88:152
[    4.777501] netconsole: network logging started
[    4.783961] cfg80211: Loading compiled-in X.509 certificates for regulatory database
[    4.799355] kworker/u32:1 (99) used greatest stack depth: 12952 bytes left
[    4.803809] Loaded X.509 cert 'sforshee: 00b28ddf47aef9cea7'
[    4.814092] Loaded X.509 cert 'wens: 61c038651aabdcf94bd0ac7ff06c7248db18c600'
[    4.824550] ALSA device list:
[    4.826496] faux_driver regulatory: Direct firmware load for regulatory.db failed with error -2
[    4.826669] cfg80211: failed to load regulatory.db
[    4.836442]   No soundcards found.
[    4.845000] kunit: disabled
[    4.854173] check access for rdinit=/init failed: -2, ignoring
[    4.904434] input: ImExPS/2 Generic Explorer Mouse as /devices/platform/i8042/serio1/input/input3
[    4.911504] md: Waiting for all devices to be available before autodetect
[    4.914813] md: If you don't use raid, use raid=noautodetect
[    4.918920] md: Autodetecting RAID arrays.
[    4.922437] md: autorun ...
[    4.924347] md: ... autorun DONE.
[    4.985936] EXT4-fs (vda): recovery complete
[    4.991961] EXT4-fs (vda): mounted filesystem 56b1695a-8891-40bd-bc42-c7c8a70fe76d r/w with ordered data mode. Quota mode: none.
[    4.997480] VFS: Mounted root (ext4 filesystem) on device 253:0.
[    5.004057] devtmpfs: mounted
[    5.019956] Freeing unused kernel image (initmem) memory: 3596K
[    5.023648] Write protecting the kernel read-only data: 34816k
[    5.051548] Freeing unused kernel image (text/rodata gap) memory: 1052K
[    5.062384] Freeing unused kernel image (rodata/data gap) memory: 788K
[    5.093393] x86/mm: Checked W+X mappings: passed, no W+X pages found.
[    5.098855] Run /sbin/init as init process
[    5.812552] SELinux:  Permission firmware_load in class system not defined in policy.
[    5.817095] SELinux:  Permission kexec_image_load in class system not defined in policy.
[    5.822220] SELinux:  Permission kexec_initramfs_load in class system not defined in policy.
[    5.827393] SELinux:  Permission policy_load in class system not defined in policy.
[    5.831118] SELinux:  Permission x509_certificate_load in class system not defined in policy.
[    5.834863] SELinux:  Permission watch_mountns in class file not defined in policy.
[    5.839034] SELinux:  Permission watch_mountns in class dir not defined in policy.
[    5.843377] SELinux:  Permission watch_mountns in class lnk_file not defined in policy.
[    5.847126] SELinux:  Permission watch_mountns in class chr_file not defined in policy.
[    5.850985] SELinux:  Permission watch_mountns in class blk_file not defined in policy.
[    5.856007] SELinux:  Permission watch_mountns in class sock_file not defined in policy.
[    5.861459] SELinux:  Permission watch_mountns in class fifo_file not defined in policy.
[    5.866934] SELinux:  Permission watch_mountns in class anon_inode not defined in policy.
[    5.871325] SELinux:  Permission allowed in class io_uring not defined in policy.
[    5.874281] SELinux:  Class memfd_file not defined in policy.
[    5.877737] SELinux: the above unknown classes and permissions will be allowed
[    5.931919] SELinux:  policy capability network_peer_controls=1
[    5.936217] SELinux:  policy capability open_perms=1
[    5.937431] SELinux:  policy capability extended_socket_class=1
[    5.941240] SELinux:  policy capability always_check_network=0
[    5.945695] SELinux:  policy capability cgroup_seclabel=1
[    5.949036] SELinux:  policy capability nnp_nosuid_transition=1
[    5.952230] SELinux:  policy capability genfs_seclabel_symlinks=0
[    5.955967] SELinux:  policy capability ioctl_skip_cloexec=0
[    5.959503] SELinux:  policy capability userspace_initial_context=0
[    5.964246] SELinux:  policy capability netlink_xperm=0
[    5.967237] SELinux:  policy capability netif_wildcard=0
[    5.970302] SELinux:  policy capability genfs_seclabel_wildcard=0
[    5.973580] SELinux:  policy capability functionfs_seclabel=0
[    5.976471] SELinux:  policy capability memfd_class=0
[    5.996414] audit: type=1403 audit(1791245432.291:2): auid=4294967295 ses=4294967295 lsm=selinux res=1
[    6.004879] systemd[1]: Successfully loaded SELinux policy in 665.379ms.
[    6.972300] modprobe (107) used greatest stack depth: 12328 bytes left
[    6.998989] systemd[1]: Relabeled /dev/, /dev/shm/, /run/ in 25.764ms.
[!p]104[?7h[    7.036004] systemd[1]: systemd 257.13-1~deb13u1 running in system mode (+PAM +AUDIT +SELINUX +APPARMOR +IMA +IPE +SMACK +SECCOMP +GCRYPT -GNUTLS +OPENSSL +ACL +BLKID +CURL +ELFUTILS +FIDO2 +IDN2 -IDN +IPTC +KMOD +LIBCRYPTSETUP +LIBCRYPTSETUP_PLUGINS +LIBFDISK +PCRE2 +PWQUALITY +P11KIT +QRENCODE +TPM2 +BZIP2 +LZ4 +XZ +ZLIB +ZSTD +BPF_FRAMEWORK +BTF -XKBCOMMON -UTMP +SYSVINIT +LIBARCHIVE)
[    7.058068] systemd[1]: Detected virtualization kvm.
[    7.062301] systemd[1]: Detected architecture x86-64.

[0;1;39mWelcome to [0m[1mDebian GNU/Linux 13 (trixie)[0m[0;1;39m![0m

[    7.077526] systemd[1]: Hostname set to <syzkaller>.
[    7.294830] systemd[1]: bpf-restrict-fs: BPF LSM hook not enabled in the kernel, BPF LSM not supported.
[    7.354072] 
[    7.355664] ============================================
[    7.360072] WARNING: possible recursive locking detected
[    7.362710] 6.18.32-g673ba95521de-dirty #393 Not tainted
[    7.367087] --------------------------------------------
[    7.371968] (exec-inner)/111 is trying to acquire lock:
[    7.376650] ffff9cce439d81f0 (&mm->mmap_lock){++++}-{4:4}, at: corten_exec_default_enter+0x34/0xe0
[    7.385921] 
[    7.385921] but task is already holding lock:
[    7.390014] ffff9cce437901f0 (&mm->mmap_lock){++++}-{4:4}, at: begin_new_exec+0x41e/0xfb0
[    7.395913] 
[    7.395913] other info that might help us debug this:
[    7.398236]  Possible unsafe locking scenario:
[    7.398236] 
[    7.399373]        CPU0
[    7.400158]        ----
[    7.402110]   lock(&mm->mmap_lock);
[    7.404518]   lock(&mm->mmap_lock);
[    7.406922] 
[    7.406922]  *** DEADLOCK ***
[    7.406922] 
[    7.411245]  May be due to missing lock nesting notation
[    7.411245] 
[    7.416145] 3 locks held by (exec-inner)/111:
[    7.419675]  #0: ffff9cce40dd2ff8 (&sig->cred_guard_mutex){+.+.}-{4:4}, at: bprm_execve+0x3d/0x730
[    7.425954]  #1: ffff9cce40dd3098 (&sig->exec_update_lock){++++}-{4:4}, at: begin_new_exec+0x3fd/0xfb0
[    7.432532]  #2: ffff9cce437901f0 (&mm->mmap_lock){++++}-{4:4}, at: begin_new_exec+0x41e/0xfb0
[    7.438290] 
[    7.438290] stack backtrace:
[    7.441430] CPU: 4 UID: 0 PID: 111 Comm: (exec-inner) Not tainted 6.18.32-g673ba95521de-dirty #393 PREEMPT(voluntary) 
[    7.441440] Hardware name: QEMU Standard PC (i440FX + PIIX, 1996), BIOS 1.15.0-1 04/01/2014
[    7.441442] Call Trace:
[    7.441447]  <TASK>
[    7.441451]  dump_stack_lvl+0x68/0xa0
[    7.441661]  print_deadlock_bug+0x1ec/0x250
[    7.441803]  __lock_acquire+0x1072/0x18d0
[    7.441813]  lock_acquire+0xbd/0x2d0
[    7.441820]  ? corten_exec_default_enter+0x34/0xe0
[    7.441829]  ? lock_is_held_type+0x9e/0x120
[    7.441859]  down_write+0x3a/0xc0
[    7.441885]  ? corten_exec_default_enter+0x34/0xe0
[    7.441893]  corten_exec_default_enter+0x34/0xe0
[    7.441900]  begin_new_exec+0x54c/0xfb0
[    7.441906]  ? load_elf_phdrs+0x65/0xb0
[    7.441954]  load_elf_binary+0x2e8/0x18b0
[    7.441961]  ? lock_acquire+0xbd/0x2d0
[    7.441966]  ? bprm_execve+0x362/0x730
[    7.441972]  ? find_held_lock+0x2b/0x80
[    7.442016]  ? bprm_execve+0x347/0x730
[    7.442021]  ? lock_release+0xc6/0x290
[    7.442029]  bprm_execve+0x353/0x730
[    7.442038]  do_execveat_common.isra.0+0x17d/0x1d0
[    7.442045]  __x64_sys_execve+0x34/0x40
[    7.442051]  do_syscall_64+0xbd/0x3f0
[    7.442081]  entry_SYSCALL_64_after_hwframe+0x77/0x7f
[    7.442142] RIP: 0033:0xfffff7eae17
[    7.442465] Code: Unable to access opcode bytes at 0xfffff7eaded.
[    7.442469] RSP: 002b:00007ffd82a5ad18 EFLAGS: 00000202 ORIG_RAX: 000000000000003b
[    7.442474] RAX: ffffffffffffffda RBX: 000055c1ffd7dd60 RCX: 00000fffff7eae17
[    7.442529] RDX: 000055c1ff83e400 RSI: 00007ffd82a5af10 RDI: 000055c1ffd7dd60
[    7.442531] RBP: 0000000000000000 R08: 0000000000000020 R09: 0000000000000001
[    7.442533] R10: 00000000ffffffff R11: 0000000000000202 R12: 0000000000000000
[    7.442536] R13: 000055c1ff83e3e8 R14: 000055c1ffd7dd60 R15: 00000000fffffff7
[    7.442545]  </TASK>
[    7.586360] systemd-ssh-generator[120]: Failed to query local AF_VSOCK CID: Cannot assign requested address
[    7.599572] (sd-exec-[110]: /usr/lib/systemd/system-generators/systemd-ssh-generator failed with exit status 1.
[    7.634050] selinux-autorel (111) used greatest stack depth: 12008 bytes left
[    7.937971] systemd[1]: Queued start job for default target graphical.target.
[    7.958886] systemd[1]: Created slice system-getty.slice - Slice /system/getty.
[[0;32m  OK  [0m] Created slice [0;1;39msystem-getty.slice[0m - Slice /system/getty.
[    7.971324] systemd[1]: Created slice system-modprobe.slice - Slice /system/modprobe.
[[0;32m  OK  [0m] Created slice [0;1;39msystem-modprobe.slice[0m - Slice /system/modprobe.
[    7.986032] systemd[1]: Created slice system-serial\x2dgetty.slice - Slice /system/serial-getty.
[[0;32m  OK  [0m] Created slice [0;1;39msystem-serial\x2dget…slice[0m - Slice /system/serial-getty.
[    7.998886] systemd[1]: Created slice user.slice - User and Session Slice.
[[0;32m  OK  [0m] Created slice [0;1;39muser.slice[0m - User and Session Slice.
[    8.010282] systemd[1]: Started systemd-ask-password-console.path - Dispatch Password Requests to Console Directory Watch.
[[0;32m  OK  [0m] Started [0;1;39msystemd-ask-password-conso…[0mequests to Console Directory Watch.
[    8.023340] systemd[1]: Started systemd-ask-password-wall.path - Forward Password Requests to Wall Directory Watch.
[[0;32m  OK  [0m] Started [0;1;39msystemd-ask-password-wall.…[0md Requests to Wall Directory Watch.
[    8.035537] systemd[1]: Set up automount proc-sys-fs-binfmt_misc.automount - Arbitrary Executable File Formats File System Automount Point.
[[0;32m  OK  [0m] Set up automount [0;1;39mproc-sys-fs-binfm…[0mormats File System Automount Point.
[    8.050607] systemd[1]: Expecting device dev-ttyS0.device - /dev/ttyS0...
         Expecting device [0;1;39mdev-ttyS0.device[0m - /dev/ttyS0...
[    8.059756] systemd[1]: Reached target paths.target - Path Units.
[[0;32m  OK  [0m] Reached target [0;1;39mpaths.target[0m - Path Units.
[    8.067770] systemd[1]: Reached target remote-fs.target - Remote File Systems.
[[0;32m  OK  [0m] Reached target [0;1;39mremote-fs.target[0m - Remote File Systems.
[    8.078849] systemd[1]: Reached target slices.target - Slice Units.
[[0;32m  OK  [0m] Reached target [0;1;39mslices.target[0m - Slice Units.
[    8.089669] systemd[1]: Reached target swap.target - Swaps.
[[0;32m  OK  [0m] Reached target [0;1;39mswap.target[0m - Swaps.
[    8.103738] systemd[1]: Listening on systemd-creds.socket - Credential Encryption/Decryption.
[[0;32m  OK  [0m] Listening on [0;1;39msystemd-creds.socket[0m - Credential Encryption/Decryption.
[    8.116964] systemd[1]: Listening on systemd-initctl.socket - initctl Compatibility Named Pipe.
[[0;32m  OK  [0m] Listening on [0;1;39msystemd-initctl.socke…[0m- initctl Compatibility Named Pipe.
[    8.131470] systemd[1]: Listening on systemd-journald-dev-log.socket - Journal Socket (/dev/log).
[[0;32m  OK  [0m] Listening on [0;1;39msystemd-journald-dev-…socket[0m - Journal Socket (/dev/log).
[    8.144706] systemd[1]: Listening on systemd-journald.socket - Journal Sockets.
[[0;32m  OK  [0m] Listening on [0;1;39msystemd-journald.socket[0m - Journal Sockets.
[    8.156822] systemd[1]: systemd-pcrextend.socket - TPM PCR Measurements skipped, unmet condition check ConditionSecurity=measured-uki
[    8.165025] systemd[1]: systemd-pcrlock.socket - Make TPM PCR Policy skipped, unmet condition check ConditionSecurity=measured-uki
[    8.175277] systemd[1]: Listening on systemd-sysext.socket - System Extension Image Management.
[[0;32m  OK  [0m] Listening on [0;1;39msystemd-sysext.socket[0m… System Extension Image Management.
[    8.194572] systemd[1]: Listening on systemd-udevd-control.socket - udev Control Socket.
[[0;32m  OK  [0m] Listening on [0;1;39msystemd-udevd-control.socket[0m - udev Control Socket.
[    8.205617] systemd[1]: Listening on systemd-udevd-kernel.socket - udev Kernel Socket.
[[0;32m  OK  [0m] Listening on [0;1;39msystemd-udevd-kernel.socket[0m - udev Kernel Socket.
[    8.222301] systemd[1]: Mounting dev-hugepages.mount - Huge Pages File System...
         Mounting [0;1;39mdev-hugepages.mount[0m - Huge Pages File System...
[    8.235878] systemd[1]: Mounting dev-mqueue.mount - POSIX Message Queue File System...
         Mounting [0;1;39mdev-mqueue.mount[0m - POSIX Message Queue File System...
[    8.251229] systemd[1]: Mounting proc-sys-fs-binfmt_misc.mount - /proc/sys/fs/binfmt_misc...
         Mounting [0;1;39mproc-sys-fs-binfmt_misc.mount[0m - /proc/sys/fs/binfmt_misc...
[    8.266630] systemd[1]: Mounting sys-kernel-debug.mount - /sys/kernel/debug...
         Mounting [0;1;39msys-kernel-debug.mount[0m - /sys/kernel/debug...
[    8.282881] systemd[1]: Mounting sys-kernel-tracing.mount - Kernel Trace File System...
         Mounting [0;1;39msys-kernel-tracing.mount[0m - Kernel Trace File System...
[    8.300741] systemd[1]: Mounting tmp.mount - Temporary Directory /tmp...
         Mounting [0;1;39mtmp.mount[0m - Temporary Directory /tmp...
[    8.310148] systemd[1]: kmod-static-nodes.service - Create List of Static Device Nodes skipped, unmet condition check ConditionFileNotEmpty=/lib/modules/6.18.32-g673ba95521de-dirty/modules.devname
[    8.327916] systemd[1]: Starting modprobe@drm.service - Load Kernel Module drm...
         Starting [0;1;39mmodprobe@drm.service[0m - Load Kernel Module drm...
[    8.345087] systemd[1]: Starting modprobe@efi_pstore.service - Load Kernel Module efi_pstore...
         Starting [0;1;39mmodprobe@efi_pstore.servi…[0m - Load Kernel Module efi_pstore...
[    8.358904] systemd[1]: Starting modprobe@fuse.service - Load Kernel Module fuse...
         Starting [0;1;39mmodprobe@fuse.service[0m - Load Kernel Module fuse...
[    8.371519] systemd[1]: systemd-hibernate-clear.service - Clear Stale Hibernate Storage Info skipped, unmet condition check ConditionPathExists=/sys/firmware/efi/efivars/HibernateLocation-8cf2644b-4b0b-428f-9387-6d876050dc67
[    8.389631] systemd[1]: systemd-hwdb-update.service - Rebuild Hardware Database skipped, unmet condition check ConditionNeedsUpdate=/etc
[    8.412082] systemd[1]: Starting systemd-journald.service - Journal Service...
         Starting [0;1;39msystemd-journald.service[0m - Journal Service...
[    8.426999] systemd[1]: Starting systemd-modules-load.service - Load Kernel Modules...
         Starting [0;1;39msystemd-modules-load.service[0m - Load Kernel Modules...
[    8.438056] systemd[1]: systemd-pcrmachine.service - TPM PCR Machine ID Measurement skipped, unmet condition check ConditionSecurity=measured-uki
[    8.449592] systemd[1]: Starting systemd-random-seed.service - Load/Save OS Random Seed...
         Starting [0;1;39msystemd-random-seed.service[0m - Load/Save OS Random Seed...
[    8.468430] systemd[1]: Starting systemd-tmpfiles-setup-dev-early.service - Create Static Device Nodes in /dev gracefully...
         Starting [0;1;39msystemd-tmpfiles-setup-de…[0m Device Nodes in /dev gracefully...
[    8.483319] systemd[1]: systemd-tpm2-setup-early.service - Early TPM SRK Setup skipped, unmet condition check ConditionSecurity=measured-uki
[    8.492624] systemd[1]: systemd-tpm2-setup.service - TPM SRK Setup skipped, unmet condition check ConditionSecurity=measured-uki
[    8.496543] systemd[1]: Starting systemd-udev-load-credentials.service - Load udev Rules from Credentials...
         Starting [0;1;39msystemd-udev-load-credent…[0mLoad udev Rules from Credentials...
[    8.522074] systemd[1]: Starting systemd-udev-trigger.service - Coldplug All udev Devices...
         Starting [0;1;39msystemd-udev-trigger.service[0m - Coldplug All udev Devices...
[    8.541345] BUG: non-zero pgtables_bytes on freeing mm: 4096
[    8.547703] systemd[1]: Mounted dev-hugepages.mount - Huge Pages File System.
[[0;32m  OK  [0m] Mounted [0;1;39mdev-hugepages.mount[0m - Huge Pages File System.
[    8.564586] systemd[1]: Mounted dev-mqueue.mount - POSIX Message Queue File System.
[[0;32m  OK  [0m] Mounted [0;1;39mdev-mqueue.mount[0m - POSIX Message Queue File System.
[    8.581612] systemd[1]: Mounted proc-sys-fs-binfmt_misc.mount - /proc/sys/fs/binfmt_misc.
[[0;32m  OK  [0m] Mounted [0;1;39mproc-sys-fs-binfmt_misc.mount[0m - /proc/sys/fs/binfmt_misc.
[    8.590009] systemd[1]: Mounted sys-kernel-debug.mount - /sys/kernel/debug.
[[0;32m  OK  [0m] Mounted [0;1;39msys-kernel-debug.mount[0m - /sys/kernel/debug.
[    8.596306] systemd[1]: Mounted sys-kernel-tracing.mount - Kernel Trace File System.
[[0;32m  OK  [0m] Mounted [0;1;39msys-kernel-tracing.mount[0m - Kernel Trace File System.
[    8.605971] systemd[1]: Mounted tmp.mount - Temporary Directory /tmp.
[[0;32m  OK  [0m] Mounted [0;1;39mtmp.mount[0m - Temporary Directory /tmp.
[    8.618852] systemd[1]: modprobe@drm.service: Deactivated successfully.
[    8.620660] systemd-journald[137]: Collecting audit messages is disabled.
[    8.625969] systemd[1]: Finished modprobe@drm.service - Load Kernel Module drm.
[[0;32m  OK  [0m] Finished [0;1;39mmodprobe@drm.service[0m - Load Kernel Module drm.
[    8.644574] systemd[1]: modprobe@efi_pstore.service: Deactivated successfully.
[    8.651445] systemd[1]: Finished modprobe@efi_pstore.service - Load Kernel Module efi_pstore.
[[0;32m  OK  [0m] Finished [0;1;39mmodprobe@efi_pstore.service[0m - Load Kernel Module efi_pstore.
[    8.666227] systemd[1]: modprobe@fuse.service: Deactivated successfully.
[    8.672693] systemd[1]: Finished modprobe@fuse.service - Load Kernel Module fuse.
[[0;32m  OK  [0m] Finished [0;1;39mmodprobe@fuse.service[0m - Load Kernel Module fuse.
[    8.684292] systemd[1]: Finished systemd-modules-load.service - Load Kernel Modules.
[[0;32m  OK  [0m] Finished [0;1;39msystemd-modules-load.service[0m - Load Kernel Modules.
[    8.696337] systemd[1]: Finished systemd-random-seed.service - Load/Save OS Random Seed.
[[0;32m  OK  [0m] Finished [0;1;39msystemd-random-seed.service[0m - Load/Save OS Random Seed.
[    8.711078] systemd[1]: Started systemd-journald.service - Journal Service.
[[0;32m  OK  [0m] Started [0;1;39msystemd-journald.service[0m - Journal Service.
[[0;32m  OK  [0m] Finished [0;1;39msystemd-tmpfiles-setup-de…[0mic Device Nodes in /dev gracefully.
[[0;32m  OK  [0m] Finished [0;1;39msystemd-udev-load-credent…[0m- Load udev Rules from Credentials.
[    8.791295] BUG: non-zero pgtables_bytes on freeing mm: 8192
         Starting [0;1;39msystemd-binfmt.service[0m - Set Up Additional Binary Formats...
         Starting [0;1;39msystemd-journal-flush.ser…[0msh Journal to Persistent Storage...
         Starting [0;1;39msystemd-sysctl.service[0m - Apply Kernel Variables...
         Starting [0;1;39msystemd-tmpfiles-setup-de…[0meate Static Device Nodes in /dev...
[    8.939021] systemd-journald[137]: Received client request to flush runtime journal.
[[0;32m  OK  [0m] Finished [0;1;39msystemd-binfmt.service[0m - Set Up Additional Binary Formats.
[[0;32m  OK  [0m] Finished [0;1;39msystemd-udev-trigger.service[0m - Coldplug All udev Devices.
         Starting [0;1;39mifupdown-pre.service[0m - He…synchronize boot up for ifupdown...
[[0;32m  OK  [0m] Finished [0;1;39msystemd-sysctl.service[0m - Apply Kernel Variables.
[    9.219036] systemd-journald[137]: File /var/log/journal/1c821f12757d4c338ffdb020ee1ae6e0/system.journal corrupted or uncleanly shut down, renaming and replacing.
[[0;32m  OK  [0m] Finished [0;1;39msystemd-journal-flush.ser…[0mlush Journal to Persistent Storage.
         Starting [0;1;39msystemd-tmpfiles-setup.se…[0mate System Files and Directories...
[[0;32m  OK  [0m] Finished [0;1;39msystemd-tmpfiles-setup-de…[0mCreate Static Device Nodes in /dev.
[[0;32m  OK  [0m] Reached target [0;1;39mlocal-fs-pre.target[0m…Preparation for Local File Systems.
         Starting [0;1;39msystemd-udevd.service[0m - R…ager for Device Events and Files...
[[0;32m  OK  [0m] Finished [0;1;39msystemd-tmpfiles-setup.se…[0mreate System Files and Directories.
[   10.019028] BUG: non-zero pgtables_bytes on freeing mm: 4096
[[0;32m  OK  [0m] Started [0;1;39msystemd-udevd.service[0m - Ru…anager for Device Events and Files.
[[0;32m  OK  [0m] Reached target [0;1;39msysinit.target[0m - System Initialization.
[[0;32m  OK  [0m] Started [0;1;39mapt-daily.timer[0m - Daily apt download activities.
[[0;32m  OK  [0m] Started [0;1;39mapt-daily-upgrade.timer[0m - …y apt upgrade and clean activities.
[[0;32m  OK  [0m] Started [0;1;39mdpkg-db-backup.timer[0m - Daily dpkg database backup timer.
[[0;32m  OK  [0m] Started [0;1;39me2scrub_all.timer[0m - Period…Metadata Check for All Filesystems.
[[0;32m  OK  [0m] Started [0;1;39mfstrim.timer[0m - Discard unused filesystem blocks once a week.
[[0;32m  OK  [0m] Started [0;1;39mlogrotate.timer[0m - Daily rotation of log files.
[[0;32m  OK  [0m] Started [0;1;39mphpsessionclean.timer[0m - Clean PHP session files every 30 mins.
[[0;32m  OK  [0m] Started [0;1;39msystemd-tmpfiles-clean.tim…[0my Cleanup of Temporary Directories.
[[0;32m  OK  [0m] Reached target [0;1;39mtimers.target[0m - Timer Units.
[[0;32m  OK  [0m] Listening on [0;1;39mdbus.socket[0m - D-Bus System Message Bus Socket.
[[0;32m  OK  [0m] Listening on [0;1;39msshd-unix-local.socke…[0mtemd-ssh-generator, AF_UNIX Local).
[[0;32m  OK  [0m] Listening on [0;1;39msystemd-hostnamed.socket[0m - Hostname Service Socket.
[[0;32m  OK  [0m] Reached target [0;1;39msockets.target[0m - Socket Units.
[[0;32m  OK  [0m] Reached target [0;1;39mbasic.target[0m - Basic System.
[[0;32m  OK  [0m] Started [0;1;39mcron.service[0m - Regular background program processing daemon.
         Starting [0;1;39mdbus.service[0m - D-Bus System Message Bus...
         Starting [0;1;39me2scrub_reap.service[0m - Re…ne ext4 Metadata Check Snapshots...
         Starting [0;1;39msystemd-logind.service[0m - User Login Management...
[[0;32m  OK  [0m] Found device [0;1;39mdev-ttyS0.device[0m - /dev/ttyS0.
         Starting [0;1;39mdpkg-db-backup.service[0m - …ily dpkg database backup service...
         Starting [0;1;39mphpsessionclean.service[0m - Clean php session files...
[[0;32m  OK  [0m] Started [0;1;39mdbus.service[0m - D-Bus System Message Bus.
[[0;32m  OK  [0m] Finished [0;1;39me2scrub_reap.service[0m - Re…line ext4 Metadata Check Snapshots.
[[0;32m  OK  [0m] Finished [0;1;39mdpkg-db-backup.service[0m - Daily dpkg database backup service.
[[0;32m  OK  [0m] Started [0;1;39msystemd-logind.service[0m - User Login Management.
[[0;32m  OK  [0m] Listening on [0;1;39msystemd-rfkill.socket[0m…ll Switch Status /dev/rfkill Watch.
[[0;32m  OK  [0m] Finished [0;1;39mifupdown-pre.service[0m - He…o synchronize boot up for ifupdown.
         Starting [0;1;39mnetworking.service[0m - Raise network interfaces...
[[0;32m  OK  [0m] Finished [0;1;39mphpsessionclean.service[0m - Clean php session files.
[[0m[0;31m*     [0m] Job networking.service/start running (6s / 5min 3s)
M[K[[0;1;31m*[0m[0;31m*    [0m] Job networking.service/start running (6s / 5min 3s)
M[K[[0;31m*[0;1;31m*[0m[0;31m*   [0m] Job networking.service/start running (7s / 5min 3s)
M[K[ [0;31m*[0;1;31m*[0m[0;31m*  [0m] Job networking.service/start running (8s / 5min 3s)
M[K[  [0;31m*[0;1;31m*[0m[0;31m* [0m] Job networking.service/start running (8s / 5min 3s)
M[K[[0;32m  OK  [0m] Finished [0;1;39mnetworking.service[0m - Raise network interfaces.
[K[[0;32m  OK  [0m] Reached target [0;1;39mnetwork.target[0m - Network.
[[0;32m  OK  [0m] Reached target [0;1;39mnetwork-online.target[0m - Network is Online.
         Starting [0;1;39mnginx.service[0m - A high pe…erver and a reverse proxy server...
         Starting [0;1;39mredis-server.service[0m - Advanced key-value store...
         Starting [0;1;39mssh.service[0m - OpenBSD Secure Shell server...
         Starting [0;1;39msystemd-user-sessions.service[0m - Permit User Sessions...
[[0;32m  OK  [0m] Finished [0;1;39msystemd-user-sessions.service[0m - Permit User Sessions.
[[0;32m  OK  [0m] Started [0;1;39mgetty@tty1.service[0m - Getty on tty1.
[[0;32m  OK  [0m] Started [0;1;39mserial-getty@ttyS0.service[0m - Serial Getty on ttyS0.
[[0;32m  OK  [0m] Reached target [0;1;39mgetty.target[0m - Login Prompts.
[[0;32m  OK  [0m] Started [0;1;39mnginx.service[0m - A high per… server and a reverse proxy server.
[[0;1;31mFAILED[0m] Failed to start [0;1;39mredis-server.service[0m - Advanced key-value store.
See 'systemctl status redis-server.service' for details.
[[0;32m  OK  [0m] Started [0;1;39mssh.service[0m - OpenBSD Secure Shell server.
[[0;32m  OK  [0m] Reached target [0;1;39mmulti-user.target[0m - Multi-User System.
[[0;32m  OK  [0m] Reached target [0;1;39mgraphical.target[0m - Graphical Interface.
[!p]104[?7h[6n[32766;32766H[6n[!p]104[?7h[6n[32766;32766H[6n[   17.862295] audit: type=1107 audit(1791245444.157:3): pid=1 uid=0 auid=4294967295 ses=4294967295 subj=system_u:system_r:kernel_t:s0 msg='avc:  denied  { start } for auid=n/a uid=0 gid=0 path="/usr/lib/systemd/system/user-runtime-dir@.service" cmdline="/usr/lib/systemd/systemd-logind" function="bus_unit_method_start_generic" scontext=system_u:system_r:kernel_t:s0 tcontext=system_u:object_r:unlabeled_t:s0 tclass=service permissive=1 exe="/usr/lib/systemd/systemd" sauid=0 hostname=? addr=? terminal=?'

Debian GNU/Linux 13 syzkaller ttyS0

syzkaller login: [   22.114381] BUG: non-zero pgtables_bytes on freeing mm: 65536
