c[?7l[2J[0mSeaBIOS (version 1.15.0-1)


iPXE (https://ipxe.org) 00:03.0 CA00 PCI2.10 PnP PMM+7FF8B240+7FECB240 CA00
Press Ctrl-B to configure iPXE (PCI 00:03.0)...                                                                               


Booting from ROM...
c[?7l[2J[    0.000000] Linux version 6.18.32-g155f39de8683-dirty (ppw@vm) (gcc (Ubuntu 11.4.0-1ubuntu1~22.04.3) 11.4.0, GNU ld (GNU Binutils for Ubuntu) 2.38) #241 SMP PREEMPT_DYNAMIC Sat Sep 26 02:09:31 CST 2026
[    0.000000] Command line: console=ttyS0 corten=on kunit.filter_glob=corten* panic=-1
[    0.000000] BIOS-provided physical RAM map:
[    0.000000] BIOS-e820: [mem 0x0000000000000000-0x000000000009fbff] usable
[    0.000000] BIOS-e820: [mem 0x000000000009fc00-0x000000000009ffff] reserved
[    0.000000] BIOS-e820: [mem 0x00000000000f0000-0x00000000000fffff] reserved
[    0.000000] BIOS-e820: [mem 0x0000000000100000-0x000000007ffdffff] usable
[    0.000000] BIOS-e820: [mem 0x000000007ffe0000-0x000000007fffffff] reserved
[    0.000000] BIOS-e820: [mem 0x00000000feffc000-0x00000000feffffff] reserved
[    0.000000] BIOS-e820: [mem 0x00000000fffc0000-0x00000000ffffffff] reserved
[    0.000000] NX (Execute Disable) protection: active
[    0.000000] APIC: Static calls initialized
[    0.000000] SMBIOS 2.8 present.
[    0.000000] DMI: QEMU Standard PC (i440FX + PIIX, 1996), BIOS 1.15.0-1 04/01/2014
[    0.000000] DMI: Memory slots populated: 1/1
[    0.000000] Hypervisor detected: KVM
[    0.000000] last_pfn = 0x7ffe0 max_arch_pfn = 0x400000000
[    0.000000] kvm-clock: Using msrs 4b564d01 and 4b564d00
[    0.000004] kvm-clock: using sched offset of 2007162544 cycles
[    0.000009] clocksource: kvm-clock: mask: 0xffffffffffffffff max_cycles: 0x1cd42e4dffb, max_idle_ns: 881590591483 ns
[    0.000090] tsc: Detected 2419.196 MHz processor
[    0.003637] last_pfn = 0x7ffe0 max_arch_pfn = 0x400000000
[    0.004319] MTRR map: 4 entries (3 fixed + 1 variable; max 19), built from 8 variable MTRRs
[    0.004346] x86/PAT: Configuration [0-7]: WB  WC  UC- UC  WB  WP  UC- WT  
[    0.021432] found SMP MP-table at [mem 0x000f5ba0-0x000f5baf]
[    0.021657] Using GB pages for direct mapping
[    0.022098] ACPI: Early table checksum verification disabled
[    0.022240] ACPI: RSDP 0x00000000000F59E0 000014 (v00 BOCHS )
[    0.022396] ACPI: RSDT 0x000000007FFE1A1C 000034 (v01 BOCHS  BXPC     00000001 BXPC 00000001)
[    0.022509] ACPI: FACP 0x000000007FFE18B8 000074 (v01 BOCHS  BXPC     00000001 BXPC 00000001)
[    0.022647] ACPI: DSDT 0x000000007FFE0040 001878 (v01 BOCHS  BXPC     00000001 BXPC 00000001)
[    0.022713] ACPI: FACS 0x000000007FFE0000 000040
[    0.022720] ACPI: APIC 0x000000007FFE192C 000090 (v01 BOCHS  BXPC     00000001 BXPC 00000001)
[    0.022726] ACPI: HPET 0x000000007FFE19BC 000038 (v01 BOCHS  BXPC     00000001 BXPC 00000001)
[    0.022731] ACPI: WAET 0x000000007FFE19F4 000028 (v01 BOCHS  BXPC     00000001 BXPC 00000001)
[    0.022736] ACPI: Reserving FACP table memory at [mem 0x7ffe18b8-0x7ffe192b]
[    0.022740] ACPI: Reserving DSDT table memory at [mem 0x7ffe0040-0x7ffe18b7]
[    0.022742] ACPI: Reserving FACS table memory at [mem 0x7ffe0000-0x7ffe003f]
[    0.022743] ACPI: Reserving APIC table memory at [mem 0x7ffe192c-0x7ffe19bb]
[    0.022745] ACPI: Reserving HPET table memory at [mem 0x7ffe19bc-0x7ffe19f3]
[    0.022746] ACPI: Reserving WAET table memory at [mem 0x7ffe19f4-0x7ffe1a1b]
[    0.031849] No NUMA configuration found
[    0.031852] Faking a node at [mem 0x0000000000000000-0x000000007ffdffff]
[    0.031857] NODE_DATA(0) allocated [mem 0x7ffdc140-0x7ffdffff]
[    0.032212] Zone ranges:
[    0.032212]   DMA      [mem 0x0000000000001000-0x0000000000ffffff]
[    0.032214]   DMA32    [mem 0x0000000001000000-0x000000007ffdffff]
[    0.032215]   Normal   empty
[    0.032216] Movable zone start for each node
[    0.032217] Early memory node ranges
[    0.032217]   node   0: [mem 0x0000000000001000-0x000000000009efff]
[    0.032225]   node   0: [mem 0x0000000000100000-0x000000007ffdffff]
[    0.032226] Initmem setup node 0 [mem 0x0000000000001000-0x000000007ffdffff]
[    0.032577] On node 0, zone DMA: 1 pages in unavailable ranges
[    0.033607] On node 0, zone DMA: 97 pages in unavailable ranges
[    0.172450] On node 0, zone DMA32: 32 pages in unavailable ranges
[    0.173342] ACPI: PM-Timer IO Port: 0x608
[    0.173370] ACPI: LAPIC_NMI (acpi_id[0xff] dfl dfl lint[0x1])
[    0.175708] IOAPIC[0]: apic_id 0, version 17, address 0xfec00000, GSI 0-23
[    0.175724] ACPI: INT_SRC_OVR (bus 0 bus_irq 0 global_irq 2 dfl dfl)
[    0.175729] ACPI: INT_SRC_OVR (bus 0 bus_irq 5 global_irq 5 high level)
[    0.175732] ACPI: INT_SRC_OVR (bus 0 bus_irq 9 global_irq 9 high level)
[    0.175762] ACPI: INT_SRC_OVR (bus 0 bus_irq 10 global_irq 10 high level)
[    0.175765] ACPI: INT_SRC_OVR (bus 0 bus_irq 11 global_irq 11 high level)
[    0.175774] ACPI: Using ACPI (MADT) for SMP configuration information
[    0.175777] ACPI: HPET id: 0x8086a201 base: 0xfed00000
[    0.175787] TSC deadline timer available
[    0.175798] CPU topo: Max. logical packages:   1
[    0.175800] CPU topo: Max. logical dies:       1
[    0.175801] CPU topo: Max. dies per package:   1
[    0.175811] CPU topo: Max. threads per core:   1
[    0.175834] CPU topo: Num. cores per package:     4
[    0.175836] CPU topo: Num. threads per package:   4
[    0.175837] CPU topo: Allowing 4 present CPUs plus 0 hotplug CPUs
[    0.175944] kvm-guest: APIC: eoi() replaced with kvm_guest_apic_eoi_write()
[    0.176237] kvm-guest: KVM setup pv remote TLB flush
[    0.176451] kvm-guest: setup PV sched yield
[    0.178166] PM: hibernation: Registered nosave memory: [mem 0x00000000-0x00000fff]
[    0.178169] PM: hibernation: Registered nosave memory: [mem 0x0009f000-0x000fffff]
[    0.178170] [mem 0x80000000-0xfeffbfff] available for PCI devices
[    0.178172] Booting paravirtualized kernel on KVM
[    0.178185] clocksource: refined-jiffies: mask: 0xffffffff max_cycles: 0xffffffff, max_idle_ns: 1910969940391419 ns
[    0.192840] setup_percpu: NR_CPUS:64 nr_cpumask_bits:4 nr_cpu_ids:4 nr_node_ids:1
[    0.199852] percpu: Embedded 54 pages/cpu s182680 r8192 d30312 u524288
[    0.199991] Kernel command line: console=ttyS0 corten=on kunit.filter_glob=corten* panic=-1
[    0.200507] corten: requested on, activating at initcall time
[    0.200540] random: crng init done
[    0.200541] printk: log buffer data + meta data: 262144 + 917504 = 1179648 bytes
[    0.208019] Dentry cache hash table entries: 262144 (order: 9, 2097152 bytes, linear)
[    0.226189] Inode-cache hash table entries: 131072 (order: 8, 1048576 bytes, linear)
[    0.227811] Fallback order for Node 0: 0 
[    0.227839] Built 1 zonelists, mobility grouping on.  Total pages: 524158
[    0.227843] Policy zone: DMA32
[    0.227848] mem auto-init: stack:off, heap alloc:off, heap free:off
[    0.238638] SLUB: HWalign=64, Order=0-3, MinObjects=0, CPUs=4, Nodes=1
[    0.254829] Dynamic Preempt: voluntary
[    0.256464] rcu: Preemptible hierarchical RCU implementation.
[    0.256468] rcu: 	RCU event tracing is enabled.
[    0.256470] rcu: 	RCU restricting CPUs from NR_CPUS=64 to nr_cpu_ids=4.
[    0.256476] 	Trampoline variant of Tasks RCU enabled.
[    0.256477] 	Tracing variant of Tasks RCU enabled.
[    0.256478] rcu: RCU calculated value of scheduler-enlistment delay is 100 jiffies.
[    0.256480] rcu: Adjusting geometry for rcu_fanout_leaf=16, nr_cpu_ids=4
[    0.256581] RCU Tasks: Setting shift to 2 and lim to 1 rcu_task_cb_adjust=1 rcu_task_cpu_ids=4.
[    0.256586] RCU Tasks Trace: Setting shift to 2 and lim to 1 rcu_task_cb_adjust=1 rcu_task_cpu_ids=4.
[    0.268850] NR_IRQS: 4352, nr_irqs: 456, preallocated irqs: 16
[    0.270550] rcu: srcu_init: Setting srcu_struct sizes based on contention.
[    0.346397] Console: colour VGA+ 80x25
[    0.346945] printk: legacy console [ttyS0] enabled
[    0.986497] ACPI: Core revision 20250807
[    0.991784] clocksource: hpet: mask: 0xffffffff max_cycles: 0xffffffff, max_idle_ns: 19112604467 ns
[    1.002392] APIC: Switch to symmetric I/O mode setup
[    1.013489] x2apic enabled
[    1.027069] APIC: Switched APIC routing to: physical x2apic
[    1.033319] kvm-guest: APIC: send_IPI_mask() replaced with kvm_send_ipi_mask()
[    1.044262] kvm-guest: APIC: send_IPI_mask_allbutself() replaced with kvm_send_ipi_mask_allbutself()
[    1.052172] kvm-guest: setup PV IPIs
[    1.075939] ..TIMER: vector=0x30 apic1=0 pin1=2 apic2=-1 pin2=-1
[    1.083153] clocksource: tsc-early: mask: 0xffffffffffffffff max_cycles: 0x22df0d21928, max_idle_ns: 440795225288 ns
[    1.093260] Calibrating delay loop (skipped) preset value.. 4838.39 BogoMIPS (lpj=2419196)
[    1.095642] x86/cpu: User Mode Instruction Prevention (UMIP) activated
[    1.098440] Last level iTLB entries: 4KB 0, 2MB 0, 4MB 0
[    1.099260] Last level dTLB entries: 4KB 0, 2MB 0, 4MB 0, 1GB 0
[    1.100406] mitigations: Enabled attack vectors: user_kernel, user_user, SMT mitigations: auto
[    1.101514] Speculative Store Bypass: Mitigation: Speculative Store Bypass disabled via prctl
[    1.102268] Spectre V2 : Mitigation: Enhanced / Automatic IBRS
[    1.103256] ITS: Mitigation: Aligned branch/return thunks
[    1.104257] Spectre V1 : Mitigation: usercopy/swapgs barriers and __user pointer sanitization
[    1.105265] Spectre V2 : Spectre v2 / PBRSB-eIBRS: Retire a single CALL on VMEXIT
[    1.106274] Spectre V2 : mitigation: Enabling conditional Indirect Branch Prediction Barrier
[    1.107261] active return thunk: its_return_thunk
[    1.108437] x86/fpu: Supporting XSAVE feature 0x001: 'x87 floating point registers'
[    1.109253] x86/fpu: Supporting XSAVE feature 0x002: 'SSE registers'
[    1.110258] x86/fpu: Supporting XSAVE feature 0x004: 'AVX registers'
[    1.112256] x86/fpu: Supporting XSAVE feature 0x200: 'Protection Keys User registers'
[    1.114253] x86/fpu: xstate_offset[2]:  576, xstate_sizes[2]:  256
[    1.115253] x86/fpu: xstate_offset[9]:  832, xstate_sizes[9]:    8
[    1.117252] x86/fpu: Enabled xstate features 0x207, context size is 840 bytes, using 'compacted' format.
[    1.213065] Freeing SMP alternatives memory: 64K
[    1.213255] pid_max: default: 32768 minimum: 301
[    1.214280] LSM: initializing lsm=capability,selinux
[    1.215274] SELinux:  Initializing.
[    1.216725] Mount-cache hash table entries: 4096 (order: 3, 32768 bytes, linear)
[    1.217274] Mountpoint-cache hash table entries: 4096 (order: 3, 32768 bytes, linear)
[    1.222247] smpboot: CPU0: 13th Gen Intel(R) Core(TM) i9-13900HX (family: 0x6, model: 0xb7, stepping: 0x1)
[    1.223653] Performance Events: Alderlake Hybrid events, core PMU driver.
[    1.227302] core: CPUID marked event: 'cpu cycles' unavailable
[    1.228299] core: CPUID marked event: 'instructions' unavailable
[    1.229302] core: CPUID marked event: 'bus cycles' unavailable
[    1.230266] core: CPUID marked event: 'cache references' unavailable
[    1.231262] core: CPUID marked event: 'cache misses' unavailable
[    1.232260] core: CPUID marked event: 'branch instructions' unavailable
[    1.233291] core: CPUID marked event: 'branch misses' unavailable
[    1.234912] core: The event 0x100 is not supported as a normal event.
[    1.235299] core: The event 0x300 is not supported as a normal event.
[    1.236310] core: The event 0x400 is not supported as a normal event.
[    1.237302] core: The event 0x8000 is not supported as a normal event.
[    1.238301] core: The event 0x8100 is not supported as a normal event.
[    1.239294] core: The event 0x8200 is not supported as a normal event.
[    1.240297] core: The event 0x8300 is not supported as a normal event.
[    1.241304] core: The event 0x8400 is not supported as a normal event.
[    1.242298] core: The event 0x8500 is not supported as a normal event.
[    1.243313] core: The event 0x8600 is not supported as a normal event.
[    1.244297] core: The event 0x8700 is not supported as a normal event.
[    1.245796] core: cpu_core PMU driver: 
[    1.246290] ... version:                   1
[    1.247288] ... bit width:                 48
[    1.248297] ... generic counters:          6
[    1.249265] ... generic bitmap:            000000000000003f
[    1.250303] ... fixed-purpose counters:    0
[    1.251305] ... fixed-purpose bitmap:      0000000000000000
[    1.252293] ... value mask:                0000ffffffffffff
[    1.253290] ... max period:                000000007fffffff
[    1.254365] ... global_ctrl mask:          000100000000003f
[    1.256153] signal: max sigframe size: 3632
[    1.256626] rcu: Hierarchical SRCU implementation.
[    1.257295] rcu: 	Max phase no-delay instances is 400.
[    1.259097] Timer migration: 1 hierarchy levels; 8 children per group; 1 crossnode level
[    1.267817] corten: page descriptors enabled
[    1.268495] smp: Bringing up secondary CPUs ...
[    1.270247] smpboot: x86: Booting SMP configuration:
[    1.270306] .... node  #0, CPUs:      #1 #2 #3
[    1.291809] smp: Brought up 1 node, 4 CPUs
[    1.293304] smpboot: Total of 4 processors activated (19353.56 BogoMIPS)
[    1.296410] Memory: 2004904K/2096632K available (21654K kernel code, 3203K rwdata, 9104K rodata, 3280K init, 1152K bss, 84540K reserved, 0K cma-reserved)
[    1.299283] devtmpfs: initialized
[    1.304356] clocksource: jiffies: mask: 0xffffffff max_cycles: 0xffffffff, max_idle_ns: 1911260446275000 ns
[    1.310275] posixtimers hash table entries: 2048 (order: 3, 32768 bytes, linear)
[    1.316053] futex hash table entries: 1024 (65536 bytes on 1 NUMA nodes, total 64 KiB, linear).
[    1.324247] PM: RTC time: 18:11:35, date: 2026-09-25
[    1.333512] NET: Registered PF_NETLINK/PF_ROUTE protocol family
[    1.336475] audit: initializing netlink subsys (disabled)
[    1.341453] audit: type=2000 audit(1790359895.436:1): state=initialized audit_enabled=0 res=1
[    1.342555] thermal_sys: Registered thermal governor 'step_wise'
[    1.349263] cpuidle: using governor menu
[    1.356040] PCI: Using configuration type 1 for base access
[    1.363346] kprobes: kprobe jump-optimization is enabled. All kprobes are optimized if possible.
[    1.376668] HugeTLB: registered 2.00 MiB page size, pre-allocated 0 pages
[    1.383302] HugeTLB: 28 KiB vmemmap can be freed for a 2.00 MiB page
[    1.410620] ACPI: Added _OSI(Module Device)
[    1.414299] ACPI: Added _OSI(Processor Device)
[    1.415304] ACPI: Added _OSI(Processor Aggregator Device)
[    1.421550] ACPI: 1 ACPI AML tables successfully acquired and loaded
[    1.433749] ACPI: Interpreter enabled
[    1.435390] ACPI: PM: (supports S0 S3 S4 S5)
[    1.438292] ACPI: Using IOAPIC for interrupt routing
[    1.442725] PCI: Using host bridge windows from ACPI; if necessary, use "pci=nocrs" and report a bug
[    1.448290] PCI: Using E820 reservations for host bridge windows
[    1.452630] ACPI: Enabled 2 GPEs in block 00 to 0F
[    1.460247] ACPI: PCI Root Bridge [PCI0] (domain 0000 [bus 00-ff])
[    1.466437] acpi PNP0A03:00: _OSC: OS supports [ASPM ClockPM Segments MSI HPX-Type3]
[    1.473309] acpi PNP0A03:00: _OSC: not requesting OS control; OS requires [ExtendedConfig ASPM ClockPM MSI]
[    1.481341] acpi PNP0A03:00: fail to add MMCONFIG information, can't access extended configuration space under this bridge
[    1.490638] PCI host bridge to bus 0000:00
[    1.493313] pci_bus 0000:00: root bus resource [io  0x0000-0x0cf7 window]
[    1.497265] pci_bus 0000:00: root bus resource [io  0x0d00-0xffff window]
[    1.502304] pci_bus 0000:00: root bus resource [mem 0x000a0000-0x000bffff window]
[    1.507264] pci_bus 0000:00: root bus resource [mem 0x80000000-0xfebfffff window]
[    1.511294] pci_bus 0000:00: root bus resource [mem 0x100000000-0x17fffffff window]
[    1.518293] pci_bus 0000:00: root bus resource [bus 00-ff]
[    1.522266] pci 0000:00:00.0: [8086:1237] type 00 class 0x060000 conventional PCI endpoint
[    1.533247] pci 0000:00:01.0: [8086:7000] type 00 class 0x060100 conventional PCI endpoint
[    1.540971] pci 0000:00:01.1: [8086:7010] type 00 class 0x010180 conventional PCI endpoint
[    1.549687] pci 0000:00:01.1: BAR 4 [io  0xc040-0xc04f]
[    1.554693] pci 0000:00:01.1: BAR 0 [io  0x01f0-0x01f7]: legacy IDE quirk
[    1.558303] pci 0000:00:01.1: BAR 1 [io  0x03f6]: legacy IDE quirk
[    1.563542] pci 0000:00:01.1: BAR 2 [io  0x0170-0x0177]: legacy IDE quirk
[    1.569307] pci 0000:00:01.1: BAR 3 [io  0x0376]: legacy IDE quirk
[    1.575539] pci 0000:00:01.3: [8086:7113] type 00 class 0x068000 conventional PCI endpoint
[    1.584247] pci 0000:00:01.3: quirk: [io  0x0600-0x063f] claimed by PIIX4 ACPI
[    1.588390] pci 0000:00:01.3: quirk: [io  0x0700-0x070f] claimed by PIIX4 SMB
[    1.595180] pci 0000:00:02.0: [1234:1111] type 00 class 0x030000 conventional PCI endpoint
[    1.612393] pci 0000:00:02.0: BAR 0 [mem 0xfd000000-0xfdffffff pref]
[    1.614311] pci 0000:00:02.0: BAR 2 [mem 0xfebb0000-0xfebb0fff]
[    1.616351] pci 0000:00:02.0: ROM [mem 0xfeba0000-0xfebaffff pref]
[    1.619492] pci 0000:00:02.0: Video device with shadowed ROM at [mem 0x000c0000-0x000dffff]
[    1.639293] pci 0000:00:03.0: [8086:100e] type 00 class 0x020000 conventional PCI endpoint
[    1.648247] pci 0000:00:03.0: BAR 0 [mem 0xfeb80000-0xfeb9ffff]
[    1.654382] pci 0000:00:03.0: BAR 1 [io  0xc000-0xc03f]
[    1.656708] pci 0000:00:03.0: ROM [mem 0xfeb00000-0xfeb7ffff pref]
[    1.679576] ACPI: PCI: Interrupt link LNKA configured for IRQ 10
[    1.684219] ACPI: PCI: Interrupt link LNKB configured for IRQ 10
[    1.691209] ACPI: PCI: Interrupt link LNKC configured for IRQ 11
[    1.695867] ACPI: PCI: Interrupt link LNKD configured for IRQ 11
[    1.700777] ACPI: PCI: Interrupt link LNKS configured for IRQ 9
[    1.717615] iommu: Default domain type: Translated
[    1.721291] iommu: DMA domain TLB invalidation policy: lazy mode
[    1.734124] SCSI subsystem initialized
[    1.740247] ACPI: bus type USB registered
[    1.743936] usbcore: registered new interface driver usbfs
[    1.749523] usbcore: registered new interface driver hub
[    1.755334] usbcore: registered new device driver usb
[    1.759644] pps_core: LinuxPPS API ver. 1 registered
[    1.764294] pps_core: Software ver. 5.3.6 - Copyright 2005-2007 Rodolfo Giometti <giometti@linux.it>
[    1.772319] PTP clock support registered
[    1.778247] Advanced Linux Sound Architecture Driver Initialized.
[    1.793010] NetLabel: Initializing
[    1.795302] NetLabel:  domain hash size = 128
[    1.800298] NetLabel:  protocols = UNLABELED CIPSOv4 CALIPSO
[    1.804931] NetLabel:  unlabeled traffic allowed by default
[    1.814846] PCI: Using ACPI for IRQ routing
[    1.819721] pci 0000:00:02.0: vgaarb: setting as boot VGA device
[    1.820247] pci 0000:00:02.0: vgaarb: bridge control possible
[    1.820247] pci 0000:00:02.0: vgaarb: VGA device added: decodes=io+mem,owns=io+mem,locks=none
[    1.833312] vgaarb: loaded
[    1.838497] hpet0: at MMIO 0xfed00000, IRQs 2, 8, 0
[    1.841297] hpet0: 3 comparators, 64-bit 100.000000 MHz counter
[    1.853142] clocksource: Switched to clocksource kvm-clock
[    1.865487] VFS: Disk quotas dquot_6.6.0
[    1.870747] VFS: Dquot-cache hash table entries: 512 (order 0, 4096 bytes)
[    1.884582] pnp: PnP ACPI init
[    1.893284] pnp: PnP ACPI: found 6 devices
[    1.962242] clocksource: acpi_pm: mask: 0xffffff max_cycles: 0xffffff, max_idle_ns: 2085701024 ns
[    1.975529] NET: Registered PF_INET protocol family
[    1.982595] IP idents hash table entries: 32768 (order: 6, 262144 bytes, linear)
[    1.998096] tcp_listen_portaddr_hash hash table entries: 1024 (order: 2, 16384 bytes, linear)
[    2.007143] Table-perturb hash table entries: 65536 (order: 6, 262144 bytes, linear)
[    2.016586] TCP established hash table entries: 16384 (order: 5, 131072 bytes, linear)
[    2.026152] TCP bind hash table entries: 16384 (order: 7, 524288 bytes, linear)
[    2.039275] TCP: Hash tables configured (established 16384 bind 16384)
[    2.048315] UDP hash table entries: 1024 (order: 4, 65536 bytes, linear)
[    2.053919] UDP-Lite hash table entries: 1024 (order: 4, 65536 bytes, linear)
[    2.062928] NET: Registered PF_UNIX/PF_LOCAL protocol family
[    2.075580] RPC: Registered named UNIX socket transport module.
[    2.083982] RPC: Registered udp transport module.
[    2.089218] RPC: Registered tcp transport module.
[    2.093383] RPC: Registered tcp-with-tls transport module.
[    2.099602] RPC: Registered tcp NFSv4.1 backchannel transport module.
[    2.112140] kwatchdog (55) used greatest stack depth: 15400 bytes left
[    2.112411] pci_bus 0000:00: resource 4 [io  0x0000-0x0cf7 window]
[    2.124678] pci_bus 0000:00: resource 5 [io  0x0d00-0xffff window]
[    2.131486] pci_bus 0000:00: resource 6 [mem 0x000a0000-0x000bffff window]
[    2.140606] pci_bus 0000:00: resource 7 [mem 0x80000000-0xfebfffff window]
[    2.148447] pci_bus 0000:00: resource 8 [mem 0x100000000-0x17fffffff window]
[    2.157338] pci 0000:00:01.0: PIIX3: Enabling Passive Release
[    2.164390] pci 0000:00:00.0: Limiting direct PCI/PCI transfers
[    2.171165] PCI: CLS 0 bytes, default 64
[    2.176197] RAPL PMU: API unit is 2^-32 Joules, 0 fixed counters, 10737418240 ms ovfl timer
[    2.187070] clocksource: tsc: mask: 0xffffffffffffffff max_cycles: 0x22df0d21928, max_idle_ns: 440795225288 ns
[    2.218285] Initialise system trusted keyrings
[    2.227094] workingset: timestamp_bits=40 max_order=19 bucket_order=0
[    2.238254] NFS: Registering the id_resolver key type
[    2.243888] Key type id_resolver registered
[    2.250106] Key type id_legacy registered
[    2.256504] 9p: Installing v9fs 9p2000 file system support
[    2.398028] Key type asymmetric registered
[    2.403622] Asymmetric key parser 'x509' registered
[    2.413404] Block layer SCSI generic (bsg) driver version 0.4 loaded (major 251)
[    2.430290] io scheduler mq-deadline registered
[    2.436983] io scheduler kyber registered
[    2.450109] input: Power Button as /devices/LNXSYSTM:00/LNXPWRBN:00/input/input0
[    2.466476] ACPI: button: Power Button [PWRF]
[    2.479192] Serial: 8250/16550 driver, 4 ports, IRQ sharing enabled
[    2.489357] 00:04: ttyS0 at I/O 0x3f8 (irq = 4, base_baud = 115200) is a 16550A
[    2.503548] Non-volatile memory driver v1.3
[    2.505205] Linux agpgart interface v0.103
[    2.521971] ACPI: bus type drm_connector registered
[    2.543817] loop: module loaded
[    2.547993] zram: Added device: zram0
[    2.562370] scsi host0: ata_piix
[    2.568506] scsi host1: ata_piix
[    2.572139] ata1: PATA max MWDMA2 cmd 0x1f0 ctl 0x3f6 bmdma 0xc040 irq 14 lpm-pol 0
[    2.579740] ata2: PATA max MWDMA2 cmd 0x170 ctl 0x376 bmdma 0xc048 irq 15 lpm-pol 0
[    2.589015] tun: Universal TUN/TAP device driver, 1.6
[    2.595645] e100: Intel(R) PRO/100 Network Driver
[    2.601139] e100: Copyright(c) 1999-2006 Intel Corporation
[    2.607364] e1000: Intel(R) PRO/1000 Network Driver
[    2.613410] e1000: Copyright (c) 1999-2006 Intel Corporation.
[    2.664324] ACPI: \_SB_.LNKC: Enabled at IRQ 11
[    2.752683] ata2: found unknown device (class 0)
[    2.755689] ata2.00: ATAPI: QEMU DVD-ROM, 2.5+, max UDMA/100
[    2.770968] scsi 1:0:0:0: CD-ROM            QEMU     QEMU DVD-ROM     2.5+ PQ: 0 ANSI: 5
[    2.839368] sr 1:0:0:0: [sr0] scsi3-mmc drive: 4x/4x cd/rw xa/form2 tray
[    2.847270] cdrom: Uniform CD-ROM driver Revision: 3.20
[    2.882364] sr 1:0:0:0: Attached scsi generic sg0 type 5
[    3.982390] e1000 0000:00:03.0 eth0: (PCI:33MHz:32-bit) 52:54:00:12:34:56
[    3.989186] e1000 0000:00:03.0 eth0: Intel(R) PRO/1000 Network Connection
[    3.996919] e1000e: Intel(R) PRO/1000 Network Driver
[    4.002275] e1000e: Copyright(c) 1999 - 2015 Intel Corporation.
[    4.008991] sky2: driver version 1.30
[    4.016251] usbcore: registered new interface driver usblp
[    4.022948] usbcore: registered new interface driver usb-storage
[    4.031563] i8042: PNP: PS/2 Controller [PNP0303:KBD,PNP0f13:MOU] at 0x60,0x64 irq 1,12
[    4.049416] serio: i8042 KBD port at 0x60,0x64 irq 1
[    4.055179] serio: i8042 AUX port at 0x60,0x64 irq 12
[    4.063921] rtc_cmos 00:05: RTC can wake from S4
[    4.076271] input: AT Translated Set 2 keyboard as /devices/platform/i8042/serio0/input/input1
[    4.080928] rtc_cmos 00:05: registered as rtc0
[    4.093923] rtc_cmos 00:05: alarms up to one day, y3k, 242 bytes nvram, hpet irqs
[    4.105710] device-mapper: ioctl: 4.50.0-ioctl (2025-04-28) initialised: dm-devel@lists.linux.dev
[    4.118532] intel_pstate: CPU model not supported
[    4.125257] hid: raw HID events driver (C) Jiri Kosina
[    4.133360] usbcore: registered new interface driver usbhid
[    4.140035] usbhid: USB HID core driver
[    4.157467] xt_time: kernel timezone is -0000
[    4.163961] Initializing XFRM netlink socket
[    4.169265] NET: Registered PF_INET6 protocol family
[    4.179547] Segment Routing with IPv6
[    4.184221] In-situ OAM (IOAM) with IPv6
[    4.190236] sit: IPv6, IPv4 and MPLS over IPv4 tunneling driver
[    4.197193] NET: Registered PF_PACKET protocol family
[    4.202392] NET: Registered PF_KEY protocol family
[    4.207215] 9pnet: Installing 9P2000 support
[    4.212113] Key type dns_resolver registered
[    4.218044] NET: Registered PF_VSOCK protocol family
[    4.230186] IPI shorthand broadcast: enabled
[    4.247047] sched_clock: Marking stable (3441159849, 805647862)->(4965477606, -718669895)
[    4.259120] registered taskstats version 1
[    4.266160] Loading compiled-in X.509 certificates
[    4.274159] Demotion targets for Node 0: null
[    4.278790] Key type .fscrypt registered
[    4.283095] Key type fscrypt-provisioning registered
[    4.289736] PM:   Magic number: 10:424:191
[    4.295326] acpi device:1d: hash matches
[    4.300170] netconsole: network logging started
[    4.306141] cfg80211: Loading compiled-in X.509 certificates for regulatory database
[    4.322065] kworker/u16:1 (71) used greatest stack depth: 14272 bytes left
[    4.327304] Loaded X.509 cert 'sforshee: 00b28ddf47aef9cea7'
[    4.335962] Loaded X.509 cert 'wens: 61c038651aabdcf94bd0ac7ff06c7248db18c600'
[    4.344241] ALSA device list:
[    4.349455] faux_driver regulatory: Direct firmware load for regulatory.db failed with error -2
[    4.350290]   No soundcards found.
[    4.359517] cfg80211: failed to load regulatory.db
[    4.361120] KTAP version 1
[    4.367502] 1..3
[    4.372250]     KTAP version 1
[    4.375757]     # Subtest: corten
[    4.381822]     # module: corten_test
[    4.381825]     1..25
[    4.393160]     ok 1 corten_test_layout # SKIP corten=on boot
[    4.396596]     ok 2 corten_test_ptdesc_get_put
[    4.405526]     ok 3 corten_test_meta_roundtrip
[    4.415438]     ok 4 corten_test_meta_reinit_cleared
[    4.424408]     ok 5 corten_test_covering_level
[    4.432691]     ok 6 corten_test_covering_base_index
[    4.442352]     ok 7 corten_test_txn_covering
[    4.452437]     ok 8 corten_test_txn_hole
[    4.465881]     ok 9 corten_test_txn_stale_eagain
[    4.474406]     ok 10 corten_test_lock_range_args
[    4.482507]     ok 11 corten_test_txn_state_machine
[    4.489468]     ok 12 corten_test_txn_atomic_validate
[    4.500712]     ok 13 corten_test_txn_real_glue
[    4.552066] input: ImExPS/2 Generic Explorer Mouse as /devices/platform/i8042/serio1/input/input3
[    4.553372]     ok 14 corten_test_txn_mutex_overlap
[    4.590652]     ok 15 corten_test_txn_mutex_disjoint
[    4.593266]     ok 16 corten_test_fail_alloc
[    4.595549]     ok 17 corten_test_txn_hole_fill
[    4.600501]     ok 18 corten_test_txn_hole_race
[    4.838351]     ok 19 corten_test_txn_uninstall_interlock
[    4.846971]     ok 20 corten_test_uninstall_bh_ctx
[    4.855962] ------------[ cut here ]------------
[    4.867719] WARNING: CPU: 1 PID: 124 at mm/corten.c:865 corten_txn_begin+0x191/0x4b0
[    4.873642] Modules linked in:
[    4.878019] CPU: 1 UID: 0 PID: 124 Comm: kunit_try_catch Tainted: G                 N  6.18.32-g155f39de8683-dirty #241 PREEMPT(voluntary) 
[    4.892632] Tainted: [N]=TEST
[    4.895459] Hardware name: QEMU Standard PC (i440FX + PIIX, 1996), BIOS 1.15.0-1 04/01/2014
[    4.906763] RIP: 0010:corten_txn_begin+0x191/0x4b0
[    4.913152] Code: 02 00 00 4c 89 ff 48 89 04 24 e8 0a c8 f8 00 4c 89 ff e8 12 ca f8 00 48 8b 04 24 41 0f b6 4f 25 38 48 25 0f 87 65 ff ff ff 90 <0f> 0b 90 41 80 7e 48 04 0f 86 61 ff ff ff 90 0f 0b 90 48 89 c7 e8
[    4.933450] RSP: 0000:ffff93d5004d7da0 EFLAGS: 00010246
[    4.941261] RAX: ffff92664268e240 RBX: 0000000000000fff RCX: 0000000000000002
[    4.948666] RDX: 0000000000000003 RSI: 000000000000000d RDI: ffff926643644700
[    4.956089] RBP: 0000000000000000 R08: ffff926641b92000 R09: ffff93d5004d7e00
[    4.964235] R10: ffff93d5004d7d58 R11: 0000000000000000 R12: ffffffff9cc3e990
[    4.974146] R13: ffff926641b92000 R14: ffff93d5004d7e00 R15: ffff92664268e1e0
[    4.982806] FS:  0000000000000000(0000) GS:ffff92671f9de000(0000) knlGS:0000000000000000
[    4.990336] CS:  0010 DS: 0000 ES: 0000 CR0: 0000000080050033
[    4.994886] CR2: 0000000000000000 CR3: 000000007a830001 CR4: 0000000000770ef0
[    5.002961] PKRU: 55555554
[    5.004776] Call Trace:
[    5.008190]  <TASK>
[    5.010575]  ? __pfx_kunit_generic_run_threadfn_adapter+0x10/0x10
[    5.018479]  corten_test_txn_path_overflow+0xb5/0x2a0
[    5.023578]  ? psi_task_switch+0x107/0x290
[    5.028323]  kunit_try_run_case+0x6f/0x150
[    5.036341]  ? __pfx_kunit_generic_run_threadfn_adapter+0x10/0x10
[    5.043825]  kunit_generic_run_threadfn_adapter+0x1c/0x40
[    5.050088]  kthread+0xff/0x1f0
[    5.055464]  ? __pfx_kthread+0x10/0x10
[    5.060530]  ? __pfx_kthread+0x10/0x10
[    5.066338]  ret_from_fork+0x144/0x160
[    5.071541]  ? __pfx_kthread+0x10/0x10
[    5.073692]  ret_from_fork_asm+0x1a/0x30
[    5.076388]  </TASK>
[    5.079541] ---[ end trace 0000000000000000 ]---
[    5.086556] ------------[ cut here ]------------
[    5.090938] WARNING: CPU: 1 PID: 124 at mm/corten.c:812 corten_txn_begin+0x1a0/0x4b0
[    5.100179] Modules linked in:
[    5.104113] CPU: 1 UID: 0 PID: 124 Comm: kunit_try_catch Tainted: G        W        N  6.18.32-g155f39de8683-dirty #241 PREEMPT(voluntary) 
[    5.117795] Tainted: [W]=WARN, [N]=TEST
[    5.118949] Hardware name: QEMU Standard PC (i440FX + PIIX, 1996), BIOS 1.15.0-1 04/01/2014
[    5.121475] RIP: 0010:corten_txn_begin+0x1a0/0x4b0
[    5.123008] Code: 4c 89 ff e8 12 ca f8 00 48 8b 04 24 41 0f b6 4f 25 38 48 25 0f 87 65 ff ff ff 90 0f 0b 90 41 80 7e 48 04 0f 86 61 ff ff ff 90 <0f> 0b 90 48 89 c7 e8 c5 f5 ff ff 41 0f b6 46 48 84 c0 74 28 83 e8
[    5.129292] RSP: 0000:ffff93d5004d7da0 EFLAGS: 00010202
[    5.132018] RAX: ffff92664268e3c0 RBX: 0000000000000fff RCX: 0000000000000002
[    5.138002] RDX: 0000000000000003 RSI: 000000000000003c RDI: ffff926643644700
[    5.146781] RBP: 0000000000000000 R08: ffff926641b92000 R09: ffff93d5004d7e00
[    5.155149] R10: ffff93d5004d7d58 R11: 0000000000000000 R12: ffffffff9cc3e990
[    5.163034] R13: ffff926641b92000 R14: ffff93d5004d7e00 R15: ffff92664268e360
[    5.169865] FS:  0000000000000000(0000) GS:ffff92671f9de000(0000) knlGS:0000000000000000
[    5.177137] CS:  0010 DS: 0000 ES: 0000 CR0: 0000000080050033
[    5.183588] CR2: 0000000000000000 CR3: 000000007a830001 CR4: 0000000000770ef0
[    5.192445] PKRU: 55555554
[    5.195932] Call Trace:
[    5.198855]  <TASK>
[    5.201277]  ? __pfx_kunit_generic_run_threadfn_adapter+0x10/0x10
[    5.208211]  corten_test_txn_path_overflow+0xb5/0x2a0
[    5.214666]  ? psi_task_switch+0x107/0x290
[    5.219545]  kunit_try_run_case+0x6f/0x150
[    5.224258]  ? __pfx_kunit_generic_run_threadfn_adapter+0x10/0x10
[    5.230090]  kunit_generic_run_threadfn_adapter+0x1c/0x40
[    5.236864]  kthread+0xff/0x1f0
[    5.241604]  ? __pfx_kthread+0x10/0x10
[    5.248223]  ? __pfx_kthread+0x10/0x10
[    5.254395]  ret_from_fork+0x144/0x160
[    5.260160]  ? __pfx_kthread+0x10/0x10
[    5.264546]  ret_from_fork_asm+0x1a/0x30
[    5.269150]  </TASK>
[    5.271484] ---[ end trace 0000000000000000 ]---
[    5.279223] kunit_try_catch (124) used greatest stack depth: 13520 bytes left
[    5.280619]     ok 21 corten_test_txn_path_overflow
[    5.291709]     ok 22 corten_test_txn_child_err
[    5.301554]     ok 23 corten_test_real_huge_leaf
[    5.309888]     ok 24 corten_test_full_window_atomic
[    5.317493]     ok 25 corten_test_debugfs_content
[    5.323253] # corten: pass:24 fail:0 skip:1 total:25
[    5.328475] # Totals: pass:24 fail:0 skip:1 total:25
[    5.334179] ok 1 corten
[    5.342464]     KTAP version 1
[    5.347336]     # Subtest: corten_arena
[    5.350624]     # module: corten_arena_test
[    5.350630]     1..111
[    5.363406]     ok 1 corten_arena_test_declare_reject
[    5.369169]     ok 2 corten_arena_test_declare_reject_flags
[    5.381849]     ok 3 corten_arena_test_declare_query
[    5.391105]     ok 4 corten_arena_test_range_overlaps
[    5.408943]     ok 5 corten_arena_test_release
[    5.419948]     ok 6 corten_arena_test_ref_born_atomic
[    5.428727]     ok 7 corten_arena_test_release_classify
[    5.438602]     ok 8 corten_arena_test_shadow_vma
[    5.449349]     ok 9 corten_arena_test_exit
[    5.457003]     ok 10 corten_arena_test_prctl
[    5.466629]     ok 11 corten_arena_test_mode
[    5.475788]     ok 12 corten_arena_test_auto_classify
[    5.483517]     ok 13 corten_arena_test_auto_classify_file
[    5.492078]     ok 14 corten_arena_test_auto_place
[    5.504555]     ok 15 corten_arena_test_auto_route
[    5.516097]     ok 16 corten_arena_test_auto_attach_release
[    5.540438]     ok 17 corten_arena_test_file_lifecycle
[    5.548519] ------------[ cut here ]------------
[    5.560318] corten: VM_CORTEN vma reached zap_page_range_single()
[    5.567041] WARNING: CPU: 3 PID: 186 at mm/corten_arena.c:1521 corten_zap_single_guard+0x39/0x50
[    5.572875] Modules linked in:
[    5.576129] CPU: 3 UID: 0 PID: 186 Comm: kunit_try_catch Tainted: G        W        N  6.18.32-g155f39de8683-dirty #241 PREEMPT(voluntary) 
[    5.587826] Tainted: [W]=WARN, [N]=TEST
[    5.590566] Hardware name: QEMU Standard PC (i440FX + PIIX, 1996), BIOS 1.15.0-1 04/01/2014
[    5.598764] RIP: 0010:corten_zap_single_guard+0x39/0x50
[    5.603936] Code: 05 ec 76 7a 02 0f b6 05 74 fe d2 01 84 c0 74 05 e9 fc b8 f7 00 c6 05 64 fe d2 01 01 90 48 c7 c7 d8 6a 2a 9d e8 08 54 cf ff 90 <0f> 0b 90 90 b8 01 00 00 00 e9 d9 b8 f7 00 66 0f 1f 84 00 00 00 00
[    5.622203] RSP: 0000:ffff93d50061fd60 EFLAGS: 00010282
[    5.627564] RAX: 0000000000000000 RBX: 0000000000000003 RCX: 00000000ffffdfff
[    5.634151] RDX: 0000000000000000 RSI: 00000000ffffffea RDI: 0000000000000001
[    5.641951] RBP: ffff9266422baf00 R08: ffffffff9d73e6c8 R09: 00000000ffffdfff
[    5.649112] R10: ffffffff9d65e6e0 R11: ffffffff9d70e6e0 R12: 0000000001801000
[    5.656942] R13: 0000000000001000 R14: 0000000000000000 R15: ffff9266422baf00
[    5.664394] FS:  0000000000000000(0000) GS:ffff92671fade000(0000) knlGS:0000000000000000
[    5.673479] CS:  0010 DS: 0000 ES: 0000 CR0: 0000000080050033
[    5.680416] CR2: 0000000000000000 CR3: 00000000022b4003 CR4: 0000000000770ef0
[    5.688433] PKRU: 55555554
[    5.691762] Call Trace:
[    5.694881]  <TASK>
[    5.697371]  zap_page_range_single+0x1c/0x50
[    5.702918]  corten_arena_test_truncate_route+0xd8e/0x1dc0
[    5.709617]  ? finish_task_switch.isra.0+0x76/0x250
[    5.714946]  ? __pfx_kunit_generic_run_threadfn_adapter+0x10/0x10
[    5.721735]  kunit_try_run_case+0x6f/0x150
[    5.726344]  ? __pfx_kunit_generic_run_threadfn_adapter+0x10/0x10
[    5.733132]  kunit_generic_run_threadfn_adapter+0x1c/0x40
[    5.740407]  kthread+0xff/0x1f0
[    5.744020]  ? __pfx_kthread+0x10/0x10
[    5.748165]  ? __pfx_kthread+0x10/0x10
[    5.749422]  ret_from_fork+0x144/0x160
[    5.752825]  ? __pfx_kthread+0x10/0x10
[    5.757537]  ret_from_fork_asm+0x1a/0x30
[    5.761935]  </TASK>
[    5.764515] ---[ end trace 0000000000000000 ]---
[    5.770156] ------------[ cut here ]------------
[    5.775416] corten: VM_CORTEN vma in a mapping i_mmap walk (stale node)
[    5.781456] WARNING: CPU: 3 PID: 186 at mm/corten_arena.c:1492 corten_arena_imap_stale_guard+0x39/0x50
[    5.792000] Modules linked in:
[    5.795518] CPU: 3 UID: 0 PID: 186 Comm: kunit_try_catch Tainted: G        W        N  6.18.32-g155f39de8683-dirty #241 PREEMPT(voluntary) 
[    5.809636] Tainted: [W]=WARN, [N]=TEST
[    5.814075] Hardware name: QEMU Standard PC (i440FX + PIIX, 1996), BIOS 1.15.0-1 04/01/2014
[    5.823509] RIP: 0010:corten_arena_imap_stale_guard+0x39/0x50
[    5.830438] Code: 05 44 77 7a 02 0f b6 05 d5 fe d2 01 84 c0 74 05 c3 cc cc cc cc c6 05 c5 fe d2 01 01 90 48 c7 c7 98 6a 2a 9d e8 68 54 cf ff 90 <0f> 0b 90 90 b8 01 00 00 00 c3 cc cc cc cc 66 0f 1f 84 00 00 00 00
[    5.852181] RSP: 0000:ffff93d50061fd88 EFLAGS: 00010282
[    5.858871] RAX: 0000000000000000 RBX: 0000000000000003 RCX: 00000000ffffdfff
[    5.867700] RDX: 0000000000000000 RSI: 00000000ffffffea RDI: 0000000000000001
[    5.875654] RBP: ffff926643648000 R08: ffffffff9d73e6c8 R09: 00000000ffffdfff
[    5.883382] R10: ffffffff9d65e6e0 R11: ffffffff9d70e6e0 R12: ffff9266422e0000
[    5.891310] R13: ffff92664231e238 R14: ffff93d500013a88 R15: ffff9266422baf00
[    5.899651] FS:  0000000000000000(0000) GS:ffff92671fade000(0000) knlGS:0000000000000000
[    5.909034] CS:  0010 DS: 0000 ES: 0000 CR0: 0000000080050033
[    5.915484] CR2: 0000000000000000 CR3: 00000000022b4003 CR4: 0000000000770ef0
[    5.924087] PKRU: 55555554
[    5.927353] Call Trace:
[    5.930160]  <TASK>
[    5.932588]  corten_arena_test_truncate_route+0xecc/0x1dc0
[    5.938675]  ? finish_task_switch.isra.0+0x76/0x250
[    5.944428]  ? __pfx_kunit_generic_run_threadfn_adapter+0x10/0x10
[    5.951240]  kunit_try_run_case+0x6f/0x150
[    5.955899]  ? __pfx_kunit_generic_run_threadfn_adapter+0x10/0x10
[    5.962554]  kunit_generic_run_threadfn_adapter+0x1c/0x40
[    5.968520]  kthread+0xff/0x1f0
[    5.972108]  ? __pfx_kthread+0x10/0x10
[    5.976391]  ? __pfx_kthread+0x10/0x10
[    5.980667]  ret_from_fork+0x144/0x160
[    5.985057]  ? __pfx_kthread+0x10/0x10
[    5.990046]  ret_from_fork_asm+0x1a/0x30
[    5.994423]  </TASK>
[    5.996954] ---[ end trace 0000000000000000 ]---
[    6.005896] kunit_try_catch (186) used greatest stack depth: 13456 bytes left
[    6.006616]     ok 18 corten_arena_test_truncate_route
[    6.017154] BUG: non-zero pgtables_bytes on freeing mm: 8192
[    6.034685]     ok 19 corten_arena_test_registry_inval
[    6.039620]     ok 20 corten_arena_test_file_read
[    6.052016]     ok 21 corten_arena_test_file_cow
[    6.059266] BUG: non-zero pgtables_bytes on freeing mm: 8192
[    6.072474] BUG: non-zero pgtables_bytes on freeing mm: 8192
[    6.085623]     ok 22 corten_arena_test_file_rmap_shared
[    6.091695] BUG: non-zero pgtables_bytes on freeing mm: 8192
[    6.109974]     ok 23 corten_arena_test_ttu_file_route
[    6.113606] BUG: non-zero pgtables_bytes on freeing mm: 8192
[    6.131616]     ok 24 corten_arena_test_ttu_declines
[    6.138113]     ok 25 corten_arena_test_file_fork_mirror
[    6.145266] BUG: non-zero pgtables_bytes on freeing mm: 8192
[    6.152004]     ok 26 corten_arena_test_file_fork_cow
[    6.153681] BUG: non-zero pgtables_bytes on freeing mm: 8192
[    6.168725]     ok 27 corten_arena_test_file_fork_pinned
[    6.171625] BUG: non-zero pgtables_bytes on freeing mm: 8192
[    6.189911]     ok 28 corten_arena_test_file_hugetlb_route
[    6.192307] BUG: non-zero pgtables_bytes on freeing mm: 8192
[    6.208578]     ok 29 corten_arena_test_mag_recycle
[    6.211471] BUG: non-zero pgtables_bytes on freeing mm: 8192
[    6.223402]     ok 30 corten_arena_test_mag_marker
[    6.228356] BUG: non-zero pgtables_bytes on freeing mm: 8192
[    6.244391]     ok 31 corten_arena_test_pool_reuse
[    6.254733] BUG: non-zero pgtables_bytes on freeing mm: 8192
[    6.270951] BUG: non-zero pgtables_bytes on freeing mm: 8192
[    6.305253]     ok 32 corten_arena_test_pool_limit
[    6.310573]     ok 33 corten_arena_test_pool_mode_exit
[    6.323677]     ok 34 corten_arena_test_pool_fork
[    6.339093]     ok 35 corten_arena_test_noreplace_parked
[    6.353683]     ok 36 corten_arena_test_noreplace_active
[    6.371385]     ok 37 corten_arena_test_mapfixed_over_parked
[    6.386064]     ok 38 corten_arena_test_occupied_incl_idle
[    6.394279] ------------[ cut here ]------------
[    6.405868] corten: foreign vma in parked window 800000-1000000
[    6.412539] WARNING: CPU: 1 PID: 286 at mm/corten_arena.c:10493 corten_arena_pool_reactivate+0x16d/0x180
[    6.423087] Modules linked in:
[    6.426627] CPU: 1 UID: 0 PID: 286 Comm: kunit_try_catch Tainted: G        W        N  6.18.32-g155f39de8683-dirty #241 PREEMPT(voluntary) 
[    6.439480] Tainted: [W]=WARN, [N]=TEST
[    6.445292] Hardware name: QEMU Standard PC (i440FX + PIIX, 1996), BIOS 1.15.0-1 04/01/2014
[    6.451636] RIP: 0010:corten_arena_pool_reactivate+0x16d/0x180
[    6.459152] Code: 1b ff ff eb af 41 bc f4 ff ff ff eb a7 c6 05 75 89 d2 01 01 90 48 8b 55 08 48 8b 75 00 48 c7 c7 00 6c 2a 9d e8 14 df ce ff 90 <0f> 0b 90 90 eb b5 66 66 2e 0f 1f 84 00 00 00 00 00 66 90 90 90 90
[    6.477877] RSP: 0000:ffff93d500867d50 EFLAGS: 00010286
[    6.482087] RAX: 0000000000000000 RBX: 000000000000000b RCX: 00000000ffffdfff
[    6.491917] RDX: 0000000000000000 RSI: 00000000ffffffea RDI: 0000000000000001
[    6.499769] RBP: ffff926641b95000 R08: ffffffff9d73e6c8 R09: 00000000ffffdfff
[    6.507784] R10: ffffffff9d65e6e0 R11: ffffffff9d70e6e0 R12: 0000000000200073
[    6.514794] R13: ffff926641b3e900 R14: ffff9266436d9a00 R15: 0000000000000800
[    6.524320] FS:  0000000000000000(0000) GS:ffff92671f9de000(0000) knlGS:0000000000000000
[    6.531908] CS:  0010 DS: 0000 ES: 0000 CR0: 0000000080050033
[    6.535138] CR2: 0000000000000000 CR3: 000000007a830003 CR4: 0000000000770ef0
[    6.544117] PKRU: 55555554
[    6.546326] Call Trace:
[    6.549960]  <TASK>
[    6.552593]  corten_arena_auto_mmap_route+0x3db/0x460
[    6.558243]  ? __pfx_kunit_generic_run_threadfn_adapter+0x10/0x10
[    6.566350]  corten_arena_test_p4_eject+0x1f6/0x6d0
[    6.574020]  ? finish_task_switch.isra.0+0x76/0x250
[    6.580500]  ? __pfx_kunit_generic_run_threadfn_adapter+0x10/0x10
[    6.587651]  kunit_try_run_case+0x6f/0x150
[    6.593574]  ? __pfx_kunit_generic_run_threadfn_adapter+0x10/0x10
[    6.596296]  kunit_generic_run_threadfn_adapter+0x1c/0x40
[    6.600538]  kthread+0xff/0x1f0
[    6.602471]  ? __pfx_kthread+0x10/0x10
[    6.606217]  ? __pfx_kthread+0x10/0x10
[    6.608654]  ret_from_fork+0x144/0x160
[    6.610075]  ? __pfx_kthread+0x10/0x10
[    6.612774]  ret_from_fork_asm+0x1a/0x30
[    6.615347]  </TASK>
[    6.617002] ---[ end trace 0000000000000000 ]---
[    6.621497] kunit_try_catch (286) used greatest stack depth: 13440 bytes left
[    6.622576]     ok 39 corten_arena_test_p4_eject
[    6.631498]     ok 40 corten_arena_test_hint_fence
[    6.637558]     ok 41 corten_arena_test_j1_hooks
[    6.648123]     ok 42 corten_arena_test_j1_self_exempt
[    6.656366]     ok 43 corten_arena_test_uffd_window_reject
[    6.664467]     ok 44 corten_arena_test_j1_implant_exempt
[    6.676733]     ok 45 corten_arena_test_fault_window_shorts
[    6.688022]     ok 46 corten_arena_test_inv_mv2_clean
[    6.693975] ------------[ cut here ]------------
[    6.702446] corten: INV-MV2 violated: 1 window vma(s) outside the implant registry (first at 100000200000)
[    6.712206] WARNING: CPU: 2 PID: 317 at mm/corten_arena.c:12141 corten_audit_j2_scan+0x1e9/0x200
[    6.719305] Modules linked in:
[    6.723042] CPU: 2 UID: 0 PID: 317 Comm: kunit_try_catch Tainted: G        W        N  6.18.32-g155f39de8683-dirty #241 PREEMPT(voluntary) 
[    6.735807] Tainted: [W]=WARN, [N]=TEST
[    6.737105] Hardware name: QEMU Standard PC (i440FX + PIIX, 1996), BIOS 1.15.0-1 04/01/2014
[    6.745136] RIP: 0010:corten_audit_j2_scan+0x1e9/0x200
[    6.748492] Code: 5b 5d 41 5c 41 5d 41 5e 41 5f e9 12 29 f8 00 c6 05 76 6e d3 01 01 90 48 c7 c7 f0 69 2a 9d 4c 89 e2 44 89 ee e8 18 c4 cf ff 90 <0f> 0b 90 90 eb ad e8 6c 44 f7 00 66 66 2e 0f 1f 84 00 00 00 00 00
[    6.765449] RSP: 0000:ffff93d500857d58 EFLAGS: 00010282
[    6.770790] RAX: 0000000000000000 RBX: ffff9266436a61c0 RCX: 00000000ffffdfff
[    6.778361] RDX: 0000000000000000 RSI: 00000000ffffffea RDI: 0000000000000001
[    6.785441] RBP: 00003fffffffffff R08: ffffffff9d73e6c8 R09: 00000000ffffdfff
[    6.793766] R10: ffffffff9d65e6e0 R11: ffffffff9d70e6e0 R12: 0000100000200000
[    6.800483] R13: 0000000000000001 R14: 0000000000000000 R15: 0000000000000000
[    6.807649] FS:  0000000000000000(0000) GS:ffff92671fa5e000(0000) knlGS:0000000000000000
[    6.816433] CS:  0010 DS: 0000 ES: 0000 CR0: 0000000080050033
[    6.823183] CR2: 0000000000000000 CR3: 000000007a830004 CR4: 0000000000770ef0
[    6.831237] PKRU: 55555554
[    6.834369] Call Trace:
[    6.837492]  <TASK>
[    6.840087]  ? vma_link+0x11f/0x1d0
[    6.842080]  corten_audit_j2_walk+0x55/0x70
[    6.846289]  corten_arena_test_inv_mv2_inject+0x121/0x740
[    6.852133]  ? finish_task_switch.isra.0+0x76/0x250
[    6.857585]  ? __pfx_kunit_generic_run_threadfn_adapter+0x10/0x10
[    6.864118]  kunit_try_run_case+0x6f/0x150
[    6.869158]  ? __pfx_kunit_generic_run_threadfn_adapter+0x10/0x10
[    6.876688]  kunit_generic_run_threadfn_adapter+0x1c/0x40
[    6.879834]  kthread+0xff/0x1f0
[    6.883702]  ? __pfx_kthread+0x10/0x10
[    6.887981]  ? __pfx_kthread+0x10/0x10
[    6.892823]  ret_from_fork+0x144/0x160
[    6.897734]  ? __pfx_kthread+0x10/0x10
[    6.902295]  ret_from_fork_asm+0x1a/0x30
[    6.907074]  </TASK>
[    6.909714] ---[ end trace 0000000000000000 ]---
[    6.918642]     ok 47 corten_arena_test_inv_mv2_inject
[    6.921218]     ok 48 corten_arena_test_inv_mv2_stale
[    6.934000]     ok 49 corten_arena_test_inv_mv2_implant_fork
[    6.947708]     ok 50 corten_arena_test_j2_triggers
[    6.962076]     ok 51 corten_arena_test_msync_window_segments
[    6.970830] get_swap_device: Bad swap file entry 400000000000077
[    6.985106] get_swap_device: Bad swap file entry 400000000000077
[    6.994929]     ok 52 corten_arena_test_mincore_route
[    6.999578]     ok 53 corten_arena_test_madvise_parked_terminal
[    7.008472]     ok 54 corten_arena_test_move_pages_window
[    7.016538]     ok 55 corten_arena_test_mvc_row_stream
[    7.025611]     ok 56 corten_arena_test_mvc_merge_first_row
[    7.037387]     ok 57 corten_arena_test_mvc_gup_probe
[    7.047499]     ok 58 corten_arena_test_w3_futex_gup_shapes
[    7.055540] BUG: non-zero pgtables_bytes on freeing mm: 8192
[    7.072326]     ok 59 corten_arena_test_w3_gup_chunk_promoted_perm
[    7.080219]     ok 60 corten_arena_test_w3_futex_key
[    7.093228] BUG: non-zero pgtables_bytes on freeing mm: 8192
[    7.106680]     ok 61 corten_arena_test_gup_loop_window
[    7.112276]     ok 62 corten_arena_test_gup_loop_legacy
[    7.120256] BUG: non-zero pgtables_bytes on freeing mm: 8192
[    7.128643]     ok 63 corten_arena_test_mvc_smaps_pagemap
[    7.133519] BUG: non-zero pgtables_bytes on freeing mm: 8192
[    7.148705] get_swap_device: Bad swap file entry 40000000000005d
[    7.160079]     ok 64 corten_arena_test_exit_lifecycle
[    7.165112] BUG: non-zero pgtables_bytes on freeing mm: 8192
[    7.209304] BUG: non-zero pgtables_bytes on freeing mm: 8192
[    7.218406] corten_arena_op (409) used greatest stack depth: 13360 bytes left
[    7.256047] corten_arena_op (422) used greatest stack depth: 13216 bytes left
[    7.270110]     ok 65 corten_arena_test_exit_punchfork
[    7.273431]     ok 66 corten_arena_test_exit_multi_segment
[    7.291632]     ok 67 corten_arena_test_vma_free_reuse
[    7.304249]     ok 68 corten_arena_test_inv_mv3
[    7.324612]     ok 69 corten_arena_test_fork_vma_free
[    7.333308] BUG: non-zero pgtables_bytes on freeing mm: 8192
[    7.353367]     ok 70 corten_arena_test_vma_free_shrink_pick
[    7.356947]     ok 71 corten_arena_test_carrier_shrink_pick
[    7.368083]     ok 72 corten_arena_test_auto_validate
[    7.377981]     ok 73 corten_arena_test_carrier_vma
[    7.392223]     ok 74 corten_arena_test_fork_punch_novma
[    7.405562]     ok 75 corten_arena_test_fork_redeclare_content
[    7.415939]     ok 76 corten_arena_test_region_record
[    7.425569]     ok 77 corten_arena_test_region_iter
[    7.434298] BUG: non-zero pgtables_bytes on freeing mm: 8192
[    7.452191]     ok 78 corten_arena_test_region_park
[    7.457535]     ok 79 corten_arena_test_region_fork
[    7.470340]     ok 80 corten_arena_test_mprotect_route
[    7.479171]     ok 81 corten_arena_test_protect_flags_kernel_gate
[    7.486934]     ok 82 corten_arena_test_madvise_route
[    7.495471] BUG: non-zero pgtables_bytes on freeing mm: 8192
[    7.535731]     ok 83 corten_arena_test_mremap_route
[    7.540259] BUG: non-zero pgtables_bytes on freeing mm: 8192
[    7.555425]     ok 84 corten_arena_test_fork_faithful
[    7.558567]     ok 85 corten_arena_test_fork_unwind
[    7.569530] BUG: non-zero pgtables_bytes on freeing mm: 8192
[    7.583556]     ok 86 corten_arena_test_fork_multipiece
[    7.589224]     ok 87 corten_arena_test_fork_perm
[    7.603371]     ok 88 corten_arena_test_inv7_shared_ro
[    7.616046]     ok 89 corten_arena_test_inv7_swapped
[    7.626539] get_swap_device: Bad swap file entry 400000000000077
[    7.637478] BUG: Bad rss-counter state mm:000000007ca95451 type:MM_SWAPENTS val:-1 Comm:kunit_try_catch Pid:497
[    7.649210]     ok 90 corten_arena_test_shrink_registry_count
[    7.651502]     ok 91 corten_arena_test_shrink_aging_two_pass
[    7.658147]     ok 92 corten_arena_test_shrink_rotation
[    7.661062] get_swap_device: Bad swap file entry 400000000000077
[    7.673094] get_swap_device: Bad swap file entry 400000000000077
[    7.681666]     ok 93 corten_arena_test_fork_swapped
[    7.687228]     ok 94 corten_arena_test_fork_f2_gate
[   17.941256] ------------[ cut here ]------------
[   17.952592] corten: arena [800000,1000000) drain timed out: leaked transaction reference, leaking the descriptor
[   17.960606] WARNING: CPU: 0 PID: 508 at mm/corten_arena.c:776 corten_arena_drain+0x6f/0x80
[   17.967413] Modules linked in:
[   17.970964] CPU: 0 UID: 0 PID: 508 Comm: kunit_try_catch Tainted: G        W        N  6.18.32-g155f39de8683-dirty #241 PREEMPT(voluntary) 
[   17.986853] Tainted: [W]=WARN, [N]=TEST
[   17.991808] Hardware name: QEMU Standard PC (i440FX + PIIX, 1996), BIOS 1.15.0-1 04/01/2014
[   18.001586] RIP: 0010:corten_arena_drain+0x6f/0x80
[   18.007577] Code: c4 08 31 c0 5b c3 cc cc cc cc 88 44 24 07 c6 05 98 74 d3 01 01 90 48 8b 53 08 48 8b 33 48 c7 c7 68 69 2a 9d e8 32 ca cf ff 90 <0f> 0b 90 90 0f b6 44 24 07 eb b4 66 0f 1f 44 00 00 90 90 90 90 90
[   18.027829] RSP: 0000:ffff93d500d67d40 EFLAGS: 00010282
[   18.033924] RAX: 0000000000000000 RBX: ffff926641a96000 RCX: 00000000ffffdfff
[   18.040593] RDX: 0000000000000000 RSI: 00000000ffffffea RDI: 0000000000000001
[   18.048026] RBP: ffff926642e90500 R08: ffffffff9d73e6c8 R09: 00000000ffffdfff
[   18.054639] R10: ffffffff9d65e6e0 R11: ffffffff9d70e6e0 R12: ffff926642e90518
[   18.062568] R13: ffff9266436a5b00 R14: ffff926642e90578 R15: ffff926641a96000
[   18.068800] FS:  0000000000000000(0000) GS:ffff92671f95e000(0000) knlGS:0000000000000000
[   18.078881] CS:  0010 DS: 0000 ES: 0000 CR0: 0000000080050033
[   18.085091] CR2: ffff9266bb601000 CR3: 000000000274f001 CR4: 0000000000770ef0
[   18.094062] PKRU: 55555554
[   18.097490] Call Trace:
[   18.100034]  <TASK>
[   18.102760]  corten_arena_fork_begin+0x139/0x220
[   18.109344]  corten_arena_test_fork_begin+0x59/0x140
[   18.116008]  corten_arena_test_fork_drain_leak+0x18a/0x800
[   18.122716]  ? psi_task_switch+0x107/0x290
[   18.127906]  ? finish_task_switch.isra.0+0x76/0x250
[   18.133263]  ? __pfx_kunit_generic_run_threadfn_adapter+0x10/0x10
[   18.140486]  kunit_try_run_case+0x6f/0x150
[   18.146645]  ? __pfx_kunit_generic_run_threadfn_adapter+0x10/0x10
[   18.152558]  kunit_generic_run_threadfn_adapter+0x1c/0x40
[   18.159213]  kthread+0xff/0x1f0
[   18.162952]  ? __pfx_kthread+0x10/0x10
[   18.168337]  ? __pfx_kthread+0x10/0x10
[   18.172915]  ret_from_fork+0x144/0x160
[   18.177344]  ? __pfx_kthread+0x10/0x10
[   18.181660]  ret_from_fork_asm+0x1a/0x30
[   18.187076]  </TASK>
[   18.189857] ---[ end trace 0000000000000000 ]---
[   18.197479] BUG: Bad rss-counter state mm:000000005b82eaa3 type:MM_SWAPENTS val:-1 Comm:corten_arena_op Pid:509
[   18.209168]     # corten_arena_test_fork_drain_leak: Test should be marked slow (runtime: 10.515113304s)
[   18.211059]     ok 95 corten_arena_test_fork_drain_leak
[   18.227115]     ok 96 corten_arena_test_unshare_pin
[   18.242116]     ok 97 corten_arena_test_fork_reuse_exclusive
[   18.251899]     ok 98 corten_arena_test_gup_state1_uncommitted
[   18.262903]     ok 99 corten_arena_test_gup_state2_committed_rw
[   18.276695]     ok 100 corten_arena_test_gup_state3_fork_cow
[   18.292695]     ok 101 corten_arena_test_gup_state3b_downgrade_restore
[   18.305085]     ok 102 corten_arena_test_gup_state4_pin_zap
[   18.321497]     ok 103 corten_arena_test_concurrent
[   18.333993]     ok 104 corten_arena_test_concurrent_window
[   18.342083]     ok 105 corten_arena_test_obs_ledger
[   18.352171]     ok 106 corten_arena_test_drain_timeout_stat
[   18.364292]     ok 107 corten_arena_test_novma_rmap
[   18.372968]     ok 108 corten_arena_test_brk_delegation
[   18.393155]     ok 109 corten_arena_test_brk_region_route
[   18.406655]     ok 110 corten_arena_test_brk_region_exit
[   18.414634] ------------[ cut here ]------------
[   18.424916] corten: whitelist violated: 1 window vma(s) unclassified as shadow/implant
[   18.434602] WARNING: CPU: 2 PID: 559 at mm/corten_arena.c:12363 corten_whitelist_scan+0x2b0/0x2c0
[   18.445426] Modules linked in:
[   18.448027] CPU: 2 UID: 0 PID: 559 Comm: kunit_try_catch Tainted: G        W        N  6.18.32-g155f39de8683-dirty #241 PREEMPT(voluntary) 
[   18.461288] Tainted: [W]=WARN, [N]=TEST
[   18.466032] Hardware name: QEMU Standard PC (i440FX + PIIX, 1996), BIOS 1.15.0-1 04/01/2014
[   18.475201] RIP: 0010:corten_whitelist_scan+0x2b0/0x2c0
[   18.481048] Code: 83 44 24 0c 01 f0 48 ff 05 f5 ed 7a 02 e9 06 fe ff ff c6 05 6b 77 d3 01 01 90 48 c7 c7 18 69 2a 9d 44 89 fe e8 11 cd cf ff 90 <0f> 0b 90 90 eb 87 e8 65 4d f7 00 0f 1f 44 00 00 90 90 90 90 90 90
[   18.503021] RSP: 0000:ffff93d500e57cd8 EFLAGS: 00010286
[   18.509294] RAX: 0000000000000000 RBX: 0000000000000000 RCX: 00000000ffffdfff
[   18.515116] RDX: 0000000000000000 RSI: 00000000ffffffea RDI: 0000000000000001
[   18.522270] RBP: ffff9266436a5b00 R08: ffffffff9d73e6c8 R09: 00000000ffffdfff
[   18.530615] R10: ffffffff9d65e6e0 R11: ffffffff9d70e6e0 R12: 0000000000000001
[   18.538771] R13: ffff926642e6c900 R14: 0000100000000000 R15: 0000000000000001
[   18.548377] FS:  0000000000000000(0000) GS:ffff92671fa5e000(0000) knlGS:0000000000000000
[   18.558263] CS:  0010 DS: 0000 ES: 0000 CR0: 0000000080050033
[   18.567230] CR2: 0000000000000000 CR3: 000000007a830001 CR4: 0000000000770ef0
[   18.579344] PKRU: 55555554
[   18.581044] Call Trace:
[   18.583883]  <TASK>
[   18.585590]  corten_audit_whitelist_walk+0x57/0x70
[   18.592316]  corten_arena_test_whitelist_audit+0x523/0xf10
[   18.599469]  ? __pfx_kunit_generic_run_threadfn_adapter+0x10/0x10
[   18.605817]  kunit_try_run_case+0x6f/0x150
[   18.611108]  ? __pfx_kunit_generic_run_threadfn_adapter+0x10/0x10
[   18.617845]  kunit_generic_run_threadfn_adapter+0x1c/0x40
[   18.624390]  kthread+0xff/0x1f0
[   18.628546]  ? __pfx_kthread+0x10/0x10
[   18.635287]  ? __pfx_kthread+0x10/0x10
[   18.639273]  ret_from_fork+0x144/0x160
[   18.643528]  ? __pfx_kthread+0x10/0x10
[   18.648804]  ret_from_fork_asm+0x1a/0x30
[   18.652588]  </TASK>
[   18.655021] ---[ end trace 0000000000000000 ]---
[   18.666452]     ok 111 corten_arena_test_whitelist_audit
[   18.666461] # corten_arena: pass:111 fail:0 skip:0 total:111
[   18.671468] # Totals: pass:111 fail:0 skip:0 total:111
[   18.677298] ok 2 corten_arena
[   18.686636]     KTAP version 1
[   18.690399]     # Subtest: corten_fault
[   18.694733]     # module: corten_fault_test
[   18.694741]     1..39
[   18.705990]     ok 1 corten_fault_test_dispatch
[   18.709291]     ok 2 corten_fault_test_fig8_cow
[   18.716401]     ok 3 corten_fault_test_unmap_classify
[   18.725621]     ok 4 corten_fault_test_mmap_classify
[   18.733005]     ok 5 corten_fault_test_file_may_matrix
[   18.736861]     ok 6 corten_fault_test_punch_classify
[   18.747200]     ok 7 corten_fault_test_map_anon
[   18.753871]     ok 8 corten_fault_test_zero_page
[   18.764721]     ok 9 corten_fault_test_sigsegv
[   18.771522]     ok 10 corten_fault_test_fresh_fault
[   18.825822]     ok 11 corten_fault_test_churn_repro
[   18.835178]     ok 12 corten_fault_test_untracked_drift
[   18.844468]     ok 13 corten_fault_test_restore
[   18.855576]     ok 14 corten_fault_test_cow_reuse
[   18.861915]     ok 15 corten_fault_test_cow_copy
[   18.866162] ------------[ cut here ]------------
[   18.875527] WARNING: CPU: 1 PID: 592 at ./include/linux/rwsem.h:88 corten_fault_test_foll_force+0x808/0xc50
[   18.883234] Modules linked in:
[   18.885782] CPU: 1 UID: 0 PID: 592 Comm: kunit_try_catch Tainted: G        W        N  6.18.32-g155f39de8683-dirty #241 PREEMPT(voluntary) 
[   18.891331] Tainted: [W]=WARN, [N]=TEST
[   18.892527] Hardware name: QEMU Standard PC (i440FX + PIIX, 1996), BIOS 1.15.0-1 04/01/2014
[   18.895039] RIP: 0010:corten_fault_test_foll_force+0x808/0xc50
[   18.899842] Code: 0f 00 00 0f 85 18 fe ff ff 49 8b 04 24 a8 40 0f 84 0c fe ff ff 49 8b 44 24 48 48 8d 50 ff a8 01 49 0f 44 d4 e9 f8 fd ff ff 90 <0f> 0b 90 e9 64 f8 ff ff 48 98 45 31 c9 49 c7 c0 b0 56 f8 9b 48 89
[   18.915909] RSP: 0000:ffff93d500f3fd80 EFLAGS: 00010246
[   18.921921] RAX: ffff9266436dee80 RBX: ffff926641e1eee0 RCX: 0000000000000000
[   18.930090] RDX: 0000000000000000 RSI: 0000000000000016 RDI: ffff926641f911c0
[   18.937718] RBP: ffff93d500013a88 R08: 0000000000001000 R09: 0000000000000000
[   18.945853] R10: ffff93d500f3fc98 R11: 0000000000000000 R12: ffff9266422ba700
[   18.953453] R13: ffff926643671438 R14: ffffffff9bf85a90 R15: ffff93d500013ac8
[   18.961454] FS:  0000000000000000(0000) GS:ffff92671f9de000(0000) knlGS:0000000000000000
[   18.970290] CS:  0010 DS: 0000 ES: 0000 CR0: 0000000080050033
[   18.975251] CR2: 0000000000000000 CR3: 000000007a830005 CR4: 0000000000770ef0
[   18.984259] PKRU: 55555554
[   18.987534] Call Trace:
[   18.991149]  <TASK>
[   18.993627]  ? psi_group_change+0x116/0x300
[   19.001206]  ? psi_task_switch+0x107/0x290
[   19.007268]  ? finish_task_switch.isra.0+0x76/0x250
[   19.013277]  kunit_try_run_case+0x6f/0x150
[   19.019850]  ? __pfx_kunit_generic_run_threadfn_adapter+0x10/0x10
[   19.027337]  kunit_generic_run_threadfn_adapter+0x1c/0x40
[   19.033025]  kthread+0xff/0x1f0
[   19.037031]  ? __pfx_kthread+0x10/0x10
[   19.041588]  ? __pfx_kthread+0x10/0x10
[   19.044347]  ret_from_fork+0x144/0x160
[   19.048341]  ? __pfx_kthread+0x10/0x10
[   19.052704]  ret_from_fork_asm+0x1a/0x30
[   19.059534]  </TASK>
[   19.062137] ---[ end trace 0000000000000000 ]---
[   19.069200] ------------[ cut here ]------------
[   19.074583] WARNING: CPU: 3 PID: 592 at ./include/linux/rwsem.h:88 corten_fault_test_foll_force+0xb62/0xc50
[   19.084711] Modules linked in:
[   19.088571] CPU: 3 UID: 0 PID: 592 Comm: kunit_try_catch Tainted: G        W        N  6.18.32-g155f39de8683-dirty #241 PREEMPT(voluntary) 
[   19.103392] Tainted: [W]=WARN, [N]=TEST
[   19.109280] Hardware name: QEMU Standard PC (i440FX + PIIX, 1996), BIOS 1.15.0-1 04/01/2014
[   19.120716] RIP: 0010:corten_fault_test_foll_force+0xb62/0xc50
[   19.127417] Code: c7 c6 70 7e c5 9c 48 89 ef 48 89 44 24 08 48 c7 04 24 80 7e c5 9c 48 c7 44 24 10 40 00 00 00 e8 34 f3 36 00 e9 44 fb ff ff 90 <0f> 0b 90 e9 ed fa ff ff 48 98 45 31 c9 49 c7 c0 b0 56 f8 9b 48 89
[   19.149567] RSP: 0000:ffff93d500f3fd80 EFLAGS: 00010246
[   19.153475] RAX: ffff9266436dee80 RBX: ffff926641e1eee0 RCX: ffff9266bddb0340
[   19.159662] RDX: 0000000000000000 RSI: 0000000000000001 RDI: ffff926641f911c0
[   19.165396] RBP: ffff93d500013a88 R08: 0000000000000000 R09: 00000000000001dc
[   19.173459] R10: ffff9266bddafac0 R11: 0000000000000002 R12: ffff9266422ba700
[   19.182393] R13: 0000000000000000 R14: ffffffff9bf85a90 R15: ffff93d500013ac8
[   19.187564] FS:  0000000000000000(0000) GS:ffff92671fade000(0000) knlGS:0000000000000000
[   19.230036] CS:  0010 DS: 0000 ES: 0000 CR0: 0000000080050033
[   19.247827] CR2: 0000000000000000 CR3: 000000007a830006 CR4: 0000000000770ef0
[   19.282242] PKRU: 55555554
[   19.286318] Call Trace:
[   19.287358]  <TASK>
[   19.290051]  ? finish_task_switch.isra.0+0x76/0x250
[   19.294809]  kunit_try_run_case+0x6f/0x150
[   19.297002]  ? __pfx_kunit_generic_run_threadfn_adapter+0x10/0x10
[   19.306190]  kunit_generic_run_threadfn_adapter+0x1c/0x40
[   19.311530]  kthread+0xff/0x1f0
[   19.315770]  ? __pfx_kthread+0x10/0x10
[   19.317743]  ? __pfx_kthread+0x10/0x10
[   19.323215]  ret_from_fork+0x144/0x160
[   19.327429]  ? __pfx_kthread+0x10/0x10
[   19.333628]  ret_from_fork_asm+0x1a/0x30
[   19.337562]  </TASK>
[   19.340892] ---[ end trace 0000000000000000 ]---
[   19.351286]     ok 16 corten_fault_test_foll_force
[   19.356611]     ok 17 corten_fault_test_cow_race
[   19.359727]     ok 18 corten_fault_test_mprotect_pte
[   19.370601]     ok 19 corten_fault_test_mprotect_fresh
[   19.383023]     ok 20 corten_fault_test_zap_keep_perm
[   19.392709]     ok 21 corten_fault_test_zap_keep_perm_downgrade
[   19.400265]     ok 22 corten_fault_test_untracked_rearm
[   19.411058]     ok 23 corten_fault_test_fill_upper_race
[   19.420950]     ok 24 corten_fault_test_map_race
[   19.429988]     ok 25 corten_fault_test_chunk_unmap
[   19.437285]     ok 26 corten_fault_test_punch_hole
[   19.445886]     ok 27 corten_fault_test_punch_head
[   19.456457]     ok 28 corten_fault_test_rmap_guard
[   19.467535]     ok 29 corten_fault_test_ttu_route
[   19.476572]     ok 30 corten_fault_test_ttu_dual_entry
[   19.484576]     ok 31 corten_fault_test_reap_skip
[   19.492130]     ok 32 corten_fault_test_swap_encode
[   19.500094]     ok 33 corten_fault_test_swap_roundtrip # SKIP swap round-trip requires a swap area
[   19.507396]     ok 34 corten_fault_test_swap_zap_free # SKIP swap zap test requires a swap area
[   19.520518]     ok 35 corten_fault_test_driver_keep_noswap
[   19.531214]     ok 36 corten_fault_test_driver_swap_roundtrip # SKIP driver round-trip requires a swap area
[   19.542898]     ok 37 corten_fault_test_swap_mprotect_pending
[   19.551022]     ok 38 corten_fault_test_unuse_windows # SKIP unuse sweep requires a swap area
[   19.560915]     ok 39 corten_fault_test_unuse_windows_cache # SKIP unuse sweep requires a swap area
[   19.571043] # corten_fault: pass:34 fail:0 skip:5 total:39
[   19.577806] # Totals: pass:34 fail:0 skip:5 total:39
[   19.584060] ok 3 corten_fault
[   19.601376] check access for rdinit=/init failed: -2, ignoring
[   19.604912] md: Waiting for all devices to be available before autodetect
[   19.609464] md: If you don't use raid, use raid=noautodetect
[   19.614556] md: Autodetecting RAID arrays.
[   19.617338] md: autorun ...
[   19.619472] md: ... autorun DONE.
[   19.623916] /dev/root: Can't open blockdev
[   19.627765] VFS: Cannot open root device "" or unknown-block(0,0): error -6
[   19.632456] Please append a correct "root=" boot option; here are the available partitions:
[   19.637710] 0b00         1048575 sr0 
[   19.637713]  driver: sr
[   19.641459] List of all bdev filesystems:
[   19.643476]  ext3
[   19.643481]  ext2
[   19.645076]  ext4
[   19.646878]  vfat
[   19.648376]  msdos
[   19.650155]  iso9660
[   19.652858]  f2fs
[   19.654618]  erofs
[   19.655501] 
[   19.658639] Kernel panic - not syncing: VFS: Unable to mount root fs on unknown-block(0,0)
[   19.662620] CPU: 0 UID: 0 PID: 1 Comm: swapper/0 Tainted: G        W        N  6.18.32-g155f39de8683-dirty #241 PREEMPT(voluntary) 
[   19.671639] Tainted: [W]=WARN, [N]=TEST
[   19.676218] Hardware name: QEMU Standard PC (i440FX + PIIX, 1996), BIOS 1.15.0-1 04/01/2014
[   19.682636] Call Trace:
[   19.684109]  <TASK>
[   19.686441]  vpanic+0x34f/0x360
[   19.689891]  panic+0x56/0x60
[   19.692369]  mount_root_generic+0x1ff/0x320
[   19.696885]  prepare_namespace+0x63/0x270
[   19.699684]  kernel_init_freeable+0x29f/0x2f0
[   19.702738]  ? __pfx_kernel_init+0x10/0x10
[   19.706358]  kernel_init+0x15/0x1c0
[   19.709123]  ret_from_fork+0x144/0x160
[   19.710746]  ? __pfx_kernel_init+0x10/0x10
[   19.714277]  ret_from_fork_asm+0x1a/0x30
[   19.718305]  </TASK>
[   19.728761] Kernel Offset: 0x1a600000 from 0xffffffff81000000 (relocation range: 0xffffffff80000000-0xffffffffbfffffff)
