c[?7l[2J[0mSeaBIOS (version 1.15.0-1)


iPXE (https://ipxe.org) 00:03.0 CA00 PCI2.10 PnP PMM+7FF8B240+7FECB240 CA00
Press Ctrl-B to configure iPXE (PCI 00:03.0)...                                                                               


Booting from ROM...
c[?7l[2J[    0.000000] Linux version 6.18.32-g155f39de8683-dirty (ppw@vm) (gcc (Ubuntu 11.4.0-1ubuntu1~22.04.3) 11.4.0, GNU ld (GNU Binutils for Ubuntu) 2.38) #241 SMP PREEMPT_DYNAMIC Sat Sep 26 02:09:31 CST 2026
[    0.000000] Command line: console=ttyS0 corten=on kunit.filter_glob=corten* panic=-1
[    0.000000] BIOS-provided physical RAM map:
[    0.000000] BIOS-e820: [mem 0x0000000000000000-0x000000000009fbff] usable
[    0.000000] BIOS-e820: [mem 0x000000000009fc00-0x000000000009ffff] reserved
[    0.000000] BIOS-e820: [mem 0x00000000000f0000-0x00000000000fffff] reserved
[    0.000000] BIOS-e820: [mem 0x0000000000100000-0x000000007ffdffff] usable
[    0.000000] BIOS-e820: [mem 0x000000007ffe0000-0x000000007fffffff] reserved
[    0.000000] BIOS-e820: [mem 0x00000000feffc000-0x00000000feffffff] reserved
[    0.000000] BIOS-e820: [mem 0x00000000fffc0000-0x00000000ffffffff] reserved
[    0.000000] NX (Execute Disable) protection: active
[    0.000000] APIC: Static calls initialized
[    0.000000] SMBIOS 2.8 present.
[    0.000000] DMI: QEMU Standard PC (i440FX + PIIX, 1996), BIOS 1.15.0-1 04/01/2014
[    0.000000] DMI: Memory slots populated: 1/1
[    0.000000] Hypervisor detected: KVM
[    0.000000] last_pfn = 0x7ffe0 max_arch_pfn = 0x400000000
[    0.000000] kvm-clock: Using msrs 4b564d01 and 4b564d00
[    0.000001] kvm-clock: using sched offset of 2045091080 cycles
[    0.000003] clocksource: kvm-clock: mask: 0xffffffffffffffff max_cycles: 0x1cd42e4dffb, max_idle_ns: 881590591483 ns
[    0.000056] tsc: Detected 2419.196 MHz processor
[    0.003734] last_pfn = 0x7ffe0 max_arch_pfn = 0x400000000
[    0.004519] MTRR map: 4 entries (3 fixed + 1 variable; max 19), built from 8 variable MTRRs
[    0.004548] x86/PAT: Configuration [0-7]: WB  WC  UC- UC  WB  WP  UC- WT  
[    0.017308] found SMP MP-table at [mem 0x000f5ba0-0x000f5baf]
[    0.017401] Using GB pages for direct mapping
[    0.017827] ACPI: Early table checksum verification disabled
[    0.017960] ACPI: RSDP 0x00000000000F59E0 000014 (v00 BOCHS )
[    0.018087] ACPI: RSDT 0x000000007FFE1A1C 000034 (v01 BOCHS  BXPC     00000001 BXPC 00000001)
[    0.018304] ACPI: FACP 0x000000007FFE18B8 000074 (v01 BOCHS  BXPC     00000001 BXPC 00000001)
[    0.018453] ACPI: DSDT 0x000000007FFE0040 001878 (v01 BOCHS  BXPC     00000001 BXPC 00000001)
[    0.018480] ACPI: FACS 0x000000007FFE0000 000040
[    0.018486] ACPI: APIC 0x000000007FFE192C 000090 (v01 BOCHS  BXPC     00000001 BXPC 00000001)
[    0.018492] ACPI: HPET 0x000000007FFE19BC 000038 (v01 BOCHS  BXPC     00000001 BXPC 00000001)
[    0.018498] ACPI: WAET 0x000000007FFE19F4 000028 (v01 BOCHS  BXPC     00000001 BXPC 00000001)
[    0.018502] ACPI: Reserving FACP table memory at [mem 0x7ffe18b8-0x7ffe192b]
[    0.018506] ACPI: Reserving DSDT table memory at [mem 0x7ffe0040-0x7ffe18b7]
[    0.018509] ACPI: Reserving FACS table memory at [mem 0x7ffe0000-0x7ffe003f]
[    0.018511] ACPI: Reserving APIC table memory at [mem 0x7ffe192c-0x7ffe19bb]
[    0.018512] ACPI: Reserving HPET table memory at [mem 0x7ffe19bc-0x7ffe19f3]
[    0.018514] ACPI: Reserving WAET table memory at [mem 0x7ffe19f4-0x7ffe1a1b]
[    0.023258] No NUMA configuration found
[    0.023262] Faking a node at [mem 0x0000000000000000-0x000000007ffdffff]
[    0.023271] NODE_DATA(0) allocated [mem 0x7ffdc140-0x7ffdffff]
[    0.024635] Zone ranges:
[    0.024638]   DMA      [mem 0x0000000000001000-0x0000000000ffffff]
[    0.024643]   DMA32    [mem 0x0000000001000000-0x000000007ffdffff]
[    0.024646]   Normal   empty
[    0.024648] Movable zone start for each node
[    0.024650] Early memory node ranges
[    0.024651]   node   0: [mem 0x0000000000001000-0x000000000009efff]
[    0.024674]   node   0: [mem 0x0000000000100000-0x000000007ffdffff]
[    0.024678] Initmem setup node 0 [mem 0x0000000000001000-0x000000007ffdffff]
[    0.025576] On node 0, zone DMA: 1 pages in unavailable ranges
[    0.026968] On node 0, zone DMA: 97 pages in unavailable ranges
[    0.202297] On node 0, zone DMA32: 32 pages in unavailable ranges
[    0.205481] ACPI: PM-Timer IO Port: 0x608
[    0.205569] ACPI: LAPIC_NMI (acpi_id[0xff] dfl dfl lint[0x1])
[    0.208729] IOAPIC[0]: apic_id 0, version 17, address 0xfec00000, GSI 0-23
[    0.208737] ACPI: INT_SRC_OVR (bus 0 bus_irq 0 global_irq 2 dfl dfl)
[    0.208740] ACPI: INT_SRC_OVR (bus 0 bus_irq 5 global_irq 5 high level)
[    0.208741] ACPI: INT_SRC_OVR (bus 0 bus_irq 9 global_irq 9 high level)
[    0.208756] ACPI: INT_SRC_OVR (bus 0 bus_irq 10 global_irq 10 high level)
[    0.208757] ACPI: INT_SRC_OVR (bus 0 bus_irq 11 global_irq 11 high level)
[    0.208761] ACPI: Using ACPI (MADT) for SMP configuration information
[    0.208763] ACPI: HPET id: 0x8086a201 base: 0xfed00000
[    0.208769] TSC deadline timer available
[    0.208774] CPU topo: Max. logical packages:   1
[    0.208775] CPU topo: Max. logical dies:       1
[    0.208775] CPU topo: Max. dies per package:   1
[    0.208780] CPU topo: Max. threads per core:   1
[    0.208791] CPU topo: Num. cores per package:     4
[    0.208792] CPU topo: Num. threads per package:   4
[    0.208793] CPU topo: Allowing 4 present CPUs plus 0 hotplug CPUs
[    0.208846] kvm-guest: APIC: eoi() replaced with kvm_guest_apic_eoi_write()
[    0.208914] kvm-guest: KVM setup pv remote TLB flush
[    0.208941] kvm-guest: setup PV sched yield
[    0.213454] PM: hibernation: Registered nosave memory: [mem 0x00000000-0x00000fff]
[    0.213461] PM: hibernation: Registered nosave memory: [mem 0x0009f000-0x000fffff]
[    0.213466] [mem 0x80000000-0xfeffbfff] available for PCI devices
[    0.213469] Booting paravirtualized kernel on KVM
[    0.213511] clocksource: refined-jiffies: mask: 0xffffffff max_cycles: 0xffffffff, max_idle_ns: 1910969940391419 ns
[    0.237707] setup_percpu: NR_CPUS:64 nr_cpumask_bits:4 nr_cpu_ids:4 nr_node_ids:1
[    0.245666] percpu: Embedded 54 pages/cpu s182680 r8192 d30312 u524288
[    0.245850] Kernel command line: console=ttyS0 corten=on kunit.filter_glob=corten* panic=-1
[    0.247064] corten: requested on, activating at initcall time
[    0.247193] random: crng init done
[    0.247196] printk: log buffer data + meta data: 262144 + 917504 = 1179648 bytes
[    0.258646] Dentry cache hash table entries: 262144 (order: 9, 2097152 bytes, linear)
[    0.279966] Inode-cache hash table entries: 131072 (order: 8, 1048576 bytes, linear)
[    0.281461] Fallback order for Node 0: 0 
[    0.281489] Built 1 zonelists, mobility grouping on.  Total pages: 524158
[    0.281493] Policy zone: DMA32
[    0.281498] mem auto-init: stack:off, heap alloc:off, heap free:off
[    0.292278] SLUB: HWalign=64, Order=0-3, MinObjects=0, CPUs=4, Nodes=1
[    0.307275] Dynamic Preempt: voluntary
[    0.307834] rcu: Preemptible hierarchical RCU implementation.
[    0.307836] rcu: 	RCU event tracing is enabled.
[    0.307836] rcu: 	RCU restricting CPUs from NR_CPUS=64 to nr_cpu_ids=4.
[    0.307838] 	Trampoline variant of Tasks RCU enabled.
[    0.307838] 	Tracing variant of Tasks RCU enabled.
[    0.307839] rcu: RCU calculated value of scheduler-enlistment delay is 100 jiffies.
[    0.307840] rcu: Adjusting geometry for rcu_fanout_leaf=16, nr_cpu_ids=4
[    0.307870] RCU Tasks: Setting shift to 2 and lim to 1 rcu_task_cb_adjust=1 rcu_task_cpu_ids=4.
[    0.307871] RCU Tasks Trace: Setting shift to 2 and lim to 1 rcu_task_cb_adjust=1 rcu_task_cpu_ids=4.
[    0.321458] NR_IRQS: 4352, nr_irqs: 456, preallocated irqs: 16
[    0.322678] rcu: srcu_init: Setting srcu_struct sizes based on contention.
[    0.405691] Console: colour VGA+ 80x25
[    0.406942] printk: legacy console [ttyS0] enabled
[    1.011662] ACPI: Core revision 20250807
[    1.016673] clocksource: hpet: mask: 0xffffffff max_cycles: 0xffffffff, max_idle_ns: 19112604467 ns
[    1.027760] APIC: Switch to symmetric I/O mode setup
[    1.039212] x2apic enabled
[    1.048471] APIC: Switched APIC routing to: physical x2apic
[    1.054946] kvm-guest: APIC: send_IPI_mask() replaced with kvm_send_ipi_mask()
[    1.058967] kvm-guest: APIC: send_IPI_mask_allbutself() replaced with kvm_send_ipi_mask_allbutself()
[    1.068954] kvm-guest: setup PV IPIs
[    1.090631] ..TIMER: vector=0x30 apic1=0 pin1=2 apic2=-1 pin2=-1
[    1.097401] clocksource: tsc-early: mask: 0xffffffffffffffff max_cycles: 0x22df0d21928, max_idle_ns: 440795225288 ns
[    1.110156] Calibrating delay loop (skipped) preset value.. 4838.39 BogoMIPS (lpj=2419196)
[    1.114097] x86/cpu: User Mode Instruction Prevention (UMIP) activated
[    1.114597] Last level iTLB entries: 4KB 0, 2MB 0, 4MB 0
[    1.115154] Last level dTLB entries: 4KB 0, 2MB 0, 4MB 0, 1GB 0
[    1.116239] mitigations: Enabled attack vectors: user_kernel, user_user, SMT mitigations: auto
[    1.118180] Speculative Store Bypass: Mitigation: Speculative Store Bypass disabled via prctl
[    1.119156] Spectre V2 : Mitigation: Enhanced / Automatic IBRS
[    1.120156] ITS: Mitigation: Aligned branch/return thunks
[    1.121164] Spectre V1 : Mitigation: usercopy/swapgs barriers and __user pointer sanitization
[    1.122169] Spectre V2 : Spectre v2 / PBRSB-eIBRS: Retire a single CALL on VMEXIT
[    1.124171] Spectre V2 : mitigation: Enabling conditional Indirect Branch Prediction Barrier
[    1.125178] active return thunk: its_return_thunk
[    1.126444] x86/fpu: Supporting XSAVE feature 0x001: 'x87 floating point registers'
[    1.127157] x86/fpu: Supporting XSAVE feature 0x002: 'SSE registers'
[    1.128164] x86/fpu: Supporting XSAVE feature 0x004: 'AVX registers'
[    1.129162] x86/fpu: Supporting XSAVE feature 0x200: 'Protection Keys User registers'
[    1.130167] x86/fpu: xstate_offset[2]:  576, xstate_sizes[2]:  256
[    1.131170] x86/fpu: xstate_offset[9]:  832, xstate_sizes[9]:    8
[    1.132163] x86/fpu: Enabled xstate features 0x207, context size is 840 bytes, using 'compacted' format.
[    1.239683] Freeing SMP alternatives memory: 64K
[    1.240159] pid_max: default: 32768 minimum: 301
[    1.242228] LSM: initializing lsm=capability,selinux
[    1.243209] SELinux:  Initializing.
[    1.244739] Mount-cache hash table entries: 4096 (order: 3, 32768 bytes, linear)
[    1.245286] Mountpoint-cache hash table entries: 4096 (order: 3, 32768 bytes, linear)
[    1.253151] smpboot: CPU0: 13th Gen Intel(R) Core(TM) i9-13900HX (family: 0x6, model: 0xb7, stepping: 0x1)
[    1.254749] Performance Events: Alderlake Hybrid events, core PMU driver.
[    1.257173] core: CPUID marked event: 'cpu cycles' unavailable
[    1.258205] core: CPUID marked event: 'instructions' unavailable
[    1.259169] core: CPUID marked event: 'bus cycles' unavailable
[    1.260174] core: CPUID marked event: 'cache references' unavailable
[    1.261203] core: CPUID marked event: 'cache misses' unavailable
[    1.262200] core: CPUID marked event: 'branch instructions' unavailable
[    1.263209] core: CPUID marked event: 'branch misses' unavailable
[    1.264922] core: The event 0x100 is not supported as a normal event.
[    1.265210] core: The event 0x300 is not supported as a normal event.
[    1.266206] core: The event 0x400 is not supported as a normal event.
[    1.267208] core: The event 0x8000 is not supported as a normal event.
[    1.268200] core: The event 0x8100 is not supported as a normal event.
[    1.269201] core: The event 0x8200 is not supported as a normal event.
[    1.270208] core: The event 0x8300 is not supported as a normal event.
[    1.271168] core: The event 0x8400 is not supported as a normal event.
[    1.272207] core: The event 0x8500 is not supported as a normal event.
[    1.273205] core: The event 0x8600 is not supported as a normal event.
[    1.274204] core: The event 0x8700 is not supported as a normal event.
[    1.275750] core: cpu_core PMU driver: 
[    1.276173] ... version:                   1
[    1.277198] ... bit width:                 48
[    1.278169] ... generic counters:          6
[    1.279205] ... generic bitmap:            000000000000003f
[    1.280201] ... fixed-purpose counters:    0
[    1.281167] ... fixed-purpose bitmap:      0000000000000000
[    1.282166] ... value mask:                0000ffffffffffff
[    1.283200] ... max period:                000000007fffffff
[    1.284195] ... global_ctrl mask:          000100000000003f
[    1.286086] signal: max sigframe size: 3632
[    1.286532] rcu: Hierarchical SRCU implementation.
[    1.287198] rcu: 	Max phase no-delay instances is 400.
[    1.288951] Timer migration: 1 hierarchy levels; 8 children per group; 1 crossnode level
[    1.298151] corten: page descriptors enabled
[    1.298970] smp: Bringing up secondary CPUs ...
[    1.300205] smpboot: x86: Booting SMP configuration:
[    1.301193] .... node  #0, CPUs:      #1 #2 #3
[    1.323151] smp: Brought up 1 node, 4 CPUs
[    1.324199] smpboot: Total of 4 processors activated (19353.56 BogoMIPS)
[    1.328151] Memory: 2004916K/2096632K available (21654K kernel code, 3203K rwdata, 9104K rodata, 3280K init, 1152K bss, 84532K reserved, 0K cma-reserved)
[    1.331170] devtmpfs: initialized
[    1.334259] clocksource: jiffies: mask: 0xffffffff max_cycles: 0xffffffff, max_idle_ns: 1911260446275000 ns
[    1.335227] posixtimers hash table entries: 2048 (order: 3, 32768 bytes, linear)
[    1.336500] futex hash table entries: 1024 (65536 bytes on 1 NUMA nodes, total 64 KiB, linear).
[    1.337736] PM: RTC time: 18:11:12, date: 2026-09-25
[    1.345342] NET: Registered PF_NETLINK/PF_ROUTE protocol family
[    1.346326] audit: initializing netlink subsys (disabled)
[    1.347244] audit: type=2000 audit(1790359872.435:1): state=initialized audit_enabled=0 res=1
[    1.348259] thermal_sys: Registered thermal governor 'step_wise'
[    1.349295] cpuidle: using governor menu
[    1.351891] PCI: Using configuration type 1 for base access
[    1.352968] kprobes: kprobe jump-optimization is enabled. All kprobes are optimized if possible.
[    1.355321] HugeTLB: registered 2.00 MiB page size, pre-allocated 0 pages
[    1.356202] HugeTLB: 28 KiB vmemmap can be freed for a 2.00 MiB page
[    1.374468] ACPI: Added _OSI(Module Device)
[    1.375167] ACPI: Added _OSI(Processor Device)
[    1.376201] ACPI: Added _OSI(Processor Aggregator Device)
[    1.378708] ACPI: 1 ACPI AML tables successfully acquired and loaded
[    1.385651] ACPI: Interpreter enabled
[    1.386377] ACPI: PM: (supports S0 S3 S4 S5)
[    1.387167] ACPI: Using IOAPIC for interrupt routing
[    1.388340] PCI: Using host bridge windows from ACPI; if necessary, use "pci=nocrs" and report a bug
[    1.389198] PCI: Using E820 reservations for host bridge windows
[    1.390619] ACPI: Enabled 2 GPEs in block 00 to 0F
[    1.403151] ACPI: PCI Root Bridge [PCI0] (domain 0000 [bus 00-ff])
[    1.403261] acpi PNP0A03:00: _OSC: OS supports [ASPM ClockPM Segments MSI HPX-Type3]
[    1.404207] acpi PNP0A03:00: _OSC: not requesting OS control; OS requires [ExtendedConfig ASPM ClockPM MSI]
[    1.405693] acpi PNP0A03:00: fail to add MMCONFIG information, can't access extended configuration space under this bridge
[    1.406320] PCI host bridge to bus 0000:00
[    1.407171] pci_bus 0000:00: root bus resource [io  0x0000-0x0cf7 window]
[    1.408208] pci_bus 0000:00: root bus resource [io  0x0d00-0xffff window]
[    1.409169] pci_bus 0000:00: root bus resource [mem 0x000a0000-0x000bffff window]
[    1.410211] pci_bus 0000:00: root bus resource [mem 0x80000000-0xfebfffff window]
[    1.411202] pci_bus 0000:00: root bus resource [mem 0x100000000-0x17fffffff window]
[    1.412215] pci_bus 0000:00: root bus resource [bus 00-ff]
[    1.413632] pci 0000:00:00.0: [8086:1237] type 00 class 0x060000 conventional PCI endpoint
[    1.419208] pci 0000:00:01.0: [8086:7000] type 00 class 0x060100 conventional PCI endpoint
[    1.422502] pci 0000:00:01.1: [8086:7010] type 00 class 0x010180 conventional PCI endpoint
[    1.426551] pci 0000:00:01.1: BAR 4 [io  0xc040-0xc04f]
[    1.427608] pci 0000:00:01.1: BAR 0 [io  0x01f0-0x01f7]: legacy IDE quirk
[    1.428181] pci 0000:00:01.1: BAR 1 [io  0x03f6]: legacy IDE quirk
[    1.429173] pci 0000:00:01.1: BAR 2 [io  0x0170-0x0177]: legacy IDE quirk
[    1.430199] pci 0000:00:01.1: BAR 3 [io  0x0376]: legacy IDE quirk
[    1.432756] pci 0000:00:01.3: [8086:7113] type 00 class 0x068000 conventional PCI endpoint
[    1.436151] pci 0000:00:01.3: quirk: [io  0x0600-0x063f] claimed by PIIX4 ACPI
[    1.436205] pci 0000:00:01.3: quirk: [io  0x0700-0x070f] claimed by PIIX4 SMB
[    1.439151] pci 0000:00:02.0: [1234:1111] type 00 class 0x030000 conventional PCI endpoint
[    1.447063] pci 0000:00:02.0: BAR 0 [mem 0xfd000000-0xfdffffff pref]
[    1.448233] pci 0000:00:02.0: BAR 2 [mem 0xfebb0000-0xfebb0fff]
[    1.449644] pci 0000:00:02.0: ROM [mem 0xfeba0000-0xfebaffff pref]
[    1.455029] pci 0000:00:02.0: Video device with shadowed ROM at [mem 0x000c0000-0x000dffff]
[    1.474247] pci 0000:00:03.0: [8086:100e] type 00 class 0x020000 conventional PCI endpoint
[    1.478151] pci 0000:00:03.0: BAR 0 [mem 0xfeb80000-0xfeb9ffff]
[    1.478202] pci 0000:00:03.0: BAR 1 [io  0xc000-0xc03f]
[    1.480144] pci 0000:00:03.0: ROM [mem 0xfeb00000-0xfeb7ffff pref]
[    1.498225] ACPI: PCI: Interrupt link LNKA configured for IRQ 10
[    1.500133] ACPI: PCI: Interrupt link LNKB configured for IRQ 10
[    1.500581] ACPI: PCI: Interrupt link LNKC configured for IRQ 11
[    1.501790] ACPI: PCI: Interrupt link LNKD configured for IRQ 11
[    1.502653] ACPI: PCI: Interrupt link LNKS configured for IRQ 9
[    1.524348] iommu: Default domain type: Translated
[    1.525206] iommu: DMA domain TLB invalidation policy: lazy mode
[    1.538712] SCSI subsystem initialized
[    1.544255] ACPI: bus type USB registered
[    1.545902] usbcore: registered new interface driver usbfs
[    1.546468] usbcore: registered new interface driver hub
[    1.547185] usbcore: registered new device driver usb
[    1.548953] pps_core: LinuxPPS API ver. 1 registered
[    1.549206] pps_core: Software ver. 5.3.6 - Copyright 2005-2007 Rodolfo Giometti <giometti@linux.it>
[    1.550200] PTP clock support registered
[    1.554563] Advanced Linux Sound Architecture Driver Initialized.
[    1.567412] NetLabel: Initializing
[    1.568183] NetLabel:  domain hash size = 128
[    1.569207] NetLabel:  protocols = UNLABELED CIPSOv4 CALIPSO
[    1.570802] NetLabel:  unlabeled traffic allowed by default
[    1.574843] PCI: Using ACPI for IRQ routing
[    1.577590] pci 0000:00:02.0: vgaarb: setting as boot VGA device
[    1.578151] pci 0000:00:02.0: vgaarb: bridge control possible
[    1.578151] pci 0000:00:02.0: vgaarb: VGA device added: decodes=io+mem,owns=io+mem,locks=none
[    1.578206] vgaarb: loaded
[    1.582196] hpet0: at MMIO 0xfed00000, IRQs 2, 8, 0
[    1.583208] hpet0: 3 comparators, 64-bit 100.000000 MHz counter
[    1.588034] clocksource: Switched to clocksource kvm-clock
[    1.603768] VFS: Disk quotas dquot_6.6.0
[    1.608534] VFS: Dquot-cache hash table entries: 512 (order 0, 4096 bytes)
[    1.619869] pnp: PnP ACPI init
[    1.625457] pnp: PnP ACPI: found 6 devices
[    1.686180] clocksource: acpi_pm: mask: 0xffffff max_cycles: 0xffffff, max_idle_ns: 2085701024 ns
[    1.692829] NET: Registered PF_INET protocol family
[    1.696852] IP idents hash table entries: 32768 (order: 6, 262144 bytes, linear)
[    1.707859] tcp_listen_portaddr_hash hash table entries: 1024 (order: 2, 16384 bytes, linear)
[    1.716397] Table-perturb hash table entries: 65536 (order: 6, 262144 bytes, linear)
[    1.724421] TCP established hash table entries: 16384 (order: 5, 131072 bytes, linear)
[    1.733934] TCP bind hash table entries: 16384 (order: 7, 524288 bytes, linear)
[    1.745674] TCP: Hash tables configured (established 16384 bind 16384)
[    1.754014] UDP hash table entries: 1024 (order: 4, 65536 bytes, linear)
[    1.762069] UDP-Lite hash table entries: 1024 (order: 4, 65536 bytes, linear)
[    1.771533] NET: Registered PF_UNIX/PF_LOCAL protocol family
[    1.783667] RPC: Registered named UNIX socket transport module.
[    1.792073] RPC: Registered udp transport module.
[    1.798628] RPC: Registered tcp transport module.
[    1.804239] RPC: Registered tcp-with-tls transport module.
[    1.810589] RPC: Registered tcp NFSv4.1 backchannel transport module.
[    1.820244] pci_bus 0000:00: resource 4 [io  0x0000-0x0cf7 window]
[    1.825901] pci_bus 0000:00: resource 5 [io  0x0d00-0xffff window]
[    1.832605] pci_bus 0000:00: resource 6 [mem 0x000a0000-0x000bffff window]
[    1.835696] pci_bus 0000:00: resource 7 [mem 0x80000000-0xfebfffff window]
[    1.843193] pci_bus 0000:00: resource 8 [mem 0x100000000-0x17fffffff window]
[    1.852252] pci 0000:00:01.0: PIIX3: Enabling Passive Release
[    1.859121] pci 0000:00:00.0: Limiting direct PCI/PCI transfers
[    1.866807] PCI: CLS 0 bytes, default 64
[    1.873879] RAPL PMU: API unit is 2^-32 Joules, 0 fixed counters, 10737418240 ms ovfl timer
[    1.885096] clocksource: tsc: mask: 0xffffffffffffffff max_cycles: 0x22df0d21928, max_idle_ns: 440795225288 ns
[    1.919316] Initialise system trusted keyrings
[    1.927346] workingset: timestamp_bits=40 max_order=19 bucket_order=0
[    1.940932] NFS: Registering the id_resolver key type
[    1.946956] Key type id_resolver registered
[    1.951286] Key type id_legacy registered
[    1.958383] 9p: Installing v9fs 9p2000 file system support
[    2.016711] Key type asymmetric registered
[    2.022149] Asymmetric key parser 'x509' registered
[    2.028836] Block layer SCSI generic (bsg) driver version 0.4 loaded (major 251)
[    2.040334] io scheduler mq-deadline registered
[    2.046564] io scheduler kyber registered
[    2.056214] input: Power Button as /devices/LNXSYSTM:00/LNXPWRBN:00/input/input0
[    2.065950] ACPI: button: Power Button [PWRF]
[    2.074980] Serial: 8250/16550 driver, 4 ports, IRQ sharing enabled
[    2.082832] 00:04: ttyS0 at I/O 0x3f8 (irq = 4, base_baud = 115200) is a 16550A
[    2.097262] Non-volatile memory driver v1.3
[    2.102950] Linux agpgart interface v0.103
[    2.140186] ACPI: bus type drm_connector registered
[    2.176446] loop: module loaded
[    2.181747] zram: Added device: zram0
[    2.197318] scsi host0: ata_piix
[    2.204321] scsi host1: ata_piix
[    2.205213] ata1: PATA max MWDMA2 cmd 0x1f0 ctl 0x3f6 bmdma 0xc040 irq 14 lpm-pol 0
[    2.219860] ata2: PATA max MWDMA2 cmd 0x170 ctl 0x376 bmdma 0xc048 irq 15 lpm-pol 0
[    2.227578] tun: Universal TUN/TAP device driver, 1.6
[    2.230561] e100: Intel(R) PRO/100 Network Driver
[    2.239719] e100: Copyright(c) 1999-2006 Intel Corporation
[    2.248402] e1000: Intel(R) PRO/1000 Network Driver
[    2.254808] e1000: Copyright (c) 1999-2006 Intel Corporation.
[    2.299246] ACPI: \_SB_.LNKC: Enabled at IRQ 11
[    2.387088] ata2: found unknown device (class 0)
[    2.397890] ata2.00: ATAPI: QEMU DVD-ROM, 2.5+, max UDMA/100
[    2.414808] scsi 1:0:0:0: CD-ROM            QEMU     QEMU DVD-ROM     2.5+ PQ: 0 ANSI: 5
[    2.473724] sr 1:0:0:0: [sr0] scsi3-mmc drive: 4x/4x cd/rw xa/form2 tray
[    2.481917] cdrom: Uniform CD-ROM driver Revision: 3.20
[    2.503786] sr 1:0:0:0: Attached scsi generic sg0 type 5
[    3.567643] e1000 0000:00:03.0 eth0: (PCI:33MHz:32-bit) 52:54:00:12:34:56
[    3.575451] e1000 0000:00:03.0 eth0: Intel(R) PRO/1000 Network Connection
[    3.583095] e1000e: Intel(R) PRO/1000 Network Driver
[    3.589880] e1000e: Copyright(c) 1999 - 2015 Intel Corporation.
[    3.598064] sky2: driver version 1.30
[    3.605136] usbcore: registered new interface driver usblp
[    3.610722] usbcore: registered new interface driver usb-storage
[    3.618208] i8042: PNP: PS/2 Controller [PNP0303:KBD,PNP0f13:MOU] at 0x60,0x64 irq 1,12
[    3.635850] serio: i8042 KBD port at 0x60,0x64 irq 1
[    3.641966] serio: i8042 AUX port at 0x60,0x64 irq 12
[    3.650802] rtc_cmos 00:05: RTC can wake from S4
[    3.667166] input: AT Translated Set 2 keyboard as /devices/platform/i8042/serio0/input/input1
[    3.669887] rtc_cmos 00:05: registered as rtc0
[    3.688372] rtc_cmos 00:05: alarms up to one day, y3k, 242 bytes nvram, hpet irqs
[    3.698058] device-mapper: ioctl: 4.50.0-ioctl (2025-04-28) initialised: dm-devel@lists.linux.dev
[    3.708351] intel_pstate: CPU model not supported
[    3.711990] hid: raw HID events driver (C) Jiri Kosina
[    3.717891] usbcore: registered new interface driver usbhid
[    3.725610] usbhid: USB HID core driver
[    3.741145] xt_time: kernel timezone is -0000
[    3.745058] Initializing XFRM netlink socket
[    3.748873] NET: Registered PF_INET6 protocol family
[    3.755933] Segment Routing with IPv6
[    3.759299] In-situ OAM (IOAM) with IPv6
[    3.764099] sit: IPv6, IPv4 and MPLS over IPv4 tunneling driver
[    3.772973] NET: Registered PF_PACKET protocol family
[    3.778541] NET: Registered PF_KEY protocol family
[    3.784727] 9pnet: Installing 9P2000 support
[    3.789565] Key type dns_resolver registered
[    3.794989] NET: Registered PF_VSOCK protocol family
[    3.805719] IPI shorthand broadcast: enabled
[    3.822764] sched_clock: Marking stable (3050109303, 772435747)->(4919492184, -1096947134)
[    3.835890] registered taskstats version 1
[    3.843200] Loading compiled-in X.509 certificates
[    3.861059] Demotion targets for Node 0: null
[    3.866917] Key type .fscrypt registered
[    3.870562] Key type fscrypt-provisioning registered
[    3.879415] PM:   Magic number: 10:424:191
[    3.885201] acpi device:1d: hash matches
[    3.889370] netconsole: network logging started
[    3.895872] cfg80211: Loading compiled-in X.509 certificates for regulatory database
[    3.910518] kworker/u16:1 (72) used greatest stack depth: 14272 bytes left
[    3.918778] Loaded X.509 cert 'sforshee: 00b28ddf47aef9cea7'
[    3.930197] Loaded X.509 cert 'wens: 61c038651aabdcf94bd0ac7ff06c7248db18c600'
[    3.939673] ALSA device list:
[    3.942173] faux_driver regulatory: Direct firmware load for regulatory.db failed with error -2
[    3.943027]   No soundcards found.
[    3.951089] cfg80211: failed to load regulatory.db
[    3.955692] KTAP version 1
[    3.955696] 1..3
[    3.962106]     KTAP version 1
[    3.962110]     # Subtest: corten
[    3.962215]     # module: corten_test
[    3.977332]     1..25
[    3.987333]     ok 1 corten_test_layout # SKIP corten=on boot
[    3.991388]     ok 2 corten_test_ptdesc_get_put
[    4.002392]     ok 3 corten_test_meta_roundtrip
[    4.012960]     ok 4 corten_test_meta_reinit_cleared
[    4.021207]     ok 5 corten_test_covering_level
[    4.031031]     ok 6 corten_test_covering_base_index
[    4.040103]     ok 7 corten_test_txn_covering
[    4.050459]     ok 8 corten_test_txn_hole
[    4.059260]     ok 9 corten_test_txn_stale_eagain
[    4.068030]     ok 10 corten_test_lock_range_args
[    4.073099]     ok 11 corten_test_txn_state_machine
[    4.083981]     ok 12 corten_test_txn_atomic_validate
[    4.092862]     ok 13 corten_test_txn_real_glue
[    4.153194]     ok 14 corten_test_txn_mutex_overlap
[    4.190303]     ok 15 corten_test_txn_mutex_disjoint
[    4.198073] kunit_try_catch (111) used greatest stack depth: 14128 bytes left
[    4.200993]     ok 16 corten_test_fail_alloc
[    4.215168]     ok 17 corten_test_txn_hole_fill
[    4.225632] input: ImExPS/2 Generic Explorer Mouse as /devices/platform/i8042/serio1/input/input3
[    4.229189]     ok 18 corten_test_txn_hole_race
[    4.461613]     ok 19 corten_test_txn_uninstall_interlock
[    4.468588]     ok 20 corten_test_uninstall_bh_ctx
[    4.476723] ------------[ cut here ]------------
[    4.492408] WARNING: CPU: 1 PID: 125 at mm/corten.c:865 corten_txn_begin+0x191/0x4b0
[    4.501091] Modules linked in:
[    4.504733] CPU: 1 UID: 0 PID: 125 Comm: kunit_try_catch Tainted: G                 N  6.18.32-g155f39de8683-dirty #241 PREEMPT(voluntary) 
[    4.517777] Tainted: [N]=TEST
[    4.521300] Hardware name: QEMU Standard PC (i440FX + PIIX, 1996), BIOS 1.15.0-1 04/01/2014
[    4.528460] RIP: 0010:corten_txn_begin+0x191/0x4b0
[    4.533946] Code: 02 00 00 4c 89 ff 48 89 04 24 e8 0a c8 f8 00 4c 89 ff e8 12 ca f8 00 48 8b 04 24 41 0f b6 4f 25 38 48 25 0f 87 65 ff ff ff 90 <0f> 0b 90 41 80 7e 48 04 0f 86 61 ff ff ff 90 0f 0b 90 48 89 c7 e8
[    4.551257] RSP: 0000:ffffad72404e7da0 EFLAGS: 00010246
[    4.557292] RAX: ffff8c5b81f21cc0 RBX: 0000000000000fff RCX: 0000000000000002
[    4.569392] RDX: 0000000000000003 RSI: 000000000000002b RDI: ffff8c5b83403540
[    4.577965] RBP: 0000000000000000 R08: ffff8c5b8312f400 R09: ffffad72404e7e00
[    4.586554] R10: ffffad72404e7d58 R11: 0000000000000000 R12: ffffffff9623e990
[    4.592696] R13: ffff8c5b8312f400 R14: ffffad72404e7e00 R15: ffff8c5b81f21c60
[    4.600954] FS:  0000000000000000(0000) GS:ffff8c5c663de000(0000) knlGS:0000000000000000
[    4.612928] CS:  0010 DS: 0000 ES: 0000 CR0: 0000000080050033
[    4.618357] CR2: 0000000000000000 CR3: 0000000016830001 CR4: 0000000000770ef0
[    4.627294] PKRU: 55555554
[    4.630488] Call Trace:
[    4.633830]  <TASK>
[    4.635991]  ? __pfx_kunit_generic_run_threadfn_adapter+0x10/0x10
[    4.643400]  corten_test_txn_path_overflow+0xb5/0x2a0
[    4.649464]  ? psi_task_switch+0x159/0x290
[    4.655535]  kunit_try_run_case+0x6f/0x150
[    4.658876]  ? __pfx_kunit_generic_run_threadfn_adapter+0x10/0x10
[    4.666464]  kunit_generic_run_threadfn_adapter+0x1c/0x40
[    4.672188]  kthread+0xff/0x1f0
[    4.676155]  ? __pfx_kthread+0x10/0x10
[    4.681004]  ? __pfx_kthread+0x10/0x10
[    4.685770]  ret_from_fork+0x144/0x160
[    4.690579]  ? __pfx_kthread+0x10/0x10
[    4.695347]  ret_from_fork_asm+0x1a/0x30
[    4.701026]  </TASK>
[    4.704056] ---[ end trace 0000000000000000 ]---
[    4.708518] ------------[ cut here ]------------
[    4.710280] WARNING: CPU: 1 PID: 125 at mm/corten.c:812 corten_txn_begin+0x1a0/0x4b0
[    4.714451] Modules linked in:
[    4.718077] CPU: 1 UID: 0 PID: 125 Comm: kunit_try_catch Tainted: G        W        N  6.18.32-g155f39de8683-dirty #241 PREEMPT(voluntary) 
[    4.728381] Tainted: [W]=WARN, [N]=TEST
[    4.731205] Hardware name: QEMU Standard PC (i440FX + PIIX, 1996), BIOS 1.15.0-1 04/01/2014
[    4.738270] RIP: 0010:corten_txn_begin+0x1a0/0x4b0
[    4.742347] Code: 4c 89 ff e8 12 ca f8 00 48 8b 04 24 41 0f b6 4f 25 38 48 25 0f 87 65 ff ff ff 90 0f 0b 90 41 80 7e 48 04 0f 86 61 ff ff ff 90 <0f> 0b 90 48 89 c7 e8 c5 f5 ff ff 41 0f b6 46 48 84 c0 74 28 83 e8
[    4.769002] RSP: 0000:ffffad72404e7da0 EFLAGS: 00010202
[    4.793058] RAX: ffff8c5b81f21e40 RBX: 0000000000000fff RCX: 0000000000000002
[    4.825101] RDX: 0000000000000003 RSI: 0000000000000027 RDI: ffff8c5b83403540
[    4.838972] RBP: 0000000000000000 R08: ffff8c5b8312f400 R09: ffffad72404e7e00
[    4.849690] R10: ffffad72404e7d58 R11: 0000000000000000 R12: ffffffff9623e990
[    4.880380] R13: ffff8c5b8312f400 R14: ffffad72404e7e00 R15: ffff8c5b81f21de0
[    4.886976] FS:  0000000000000000(0000) GS:ffff8c5c663de000(0000) knlGS:0000000000000000
[    4.894176] CS:  0010 DS: 0000 ES: 0000 CR0: 0000000080050033
[    4.900622] CR2: 0000000000000000 CR3: 0000000016830001 CR4: 0000000000770ef0
[    4.906097] PKRU: 55555554
[    4.907814] Call Trace:
[    4.911951]  <TASK>
[    4.914167]  ? __pfx_kunit_generic_run_threadfn_adapter+0x10/0x10
[    4.919628]  corten_test_txn_path_overflow+0xb5/0x2a0
[    4.928213]  ? psi_task_switch+0x159/0x290
[    4.934757]  kunit_try_run_case+0x6f/0x150
[    4.954991]  ? __pfx_kunit_generic_run_threadfn_adapter+0x10/0x10
[    4.964558]  kunit_generic_run_threadfn_adapter+0x1c/0x40
[    4.970255]  kthread+0xff/0x1f0
[    4.973934]  ? __pfx_kthread+0x10/0x10
[    4.978119]  ? __pfx_kthread+0x10/0x10
[    4.980739]  ret_from_fork+0x144/0x160
[    4.984926]  ? __pfx_kthread+0x10/0x10
[    4.990243]  ret_from_fork_asm+0x1a/0x30
[    4.994551]  </TASK>
[    4.995496] ---[ end trace 0000000000000000 ]---
[    5.001679] kunit_try_catch (125) used greatest stack depth: 13520 bytes left
[    5.008991]     ok 21 corten_test_txn_path_overflow
[    5.017030]     ok 22 corten_test_txn_child_err
[    5.024813]     ok 23 corten_test_real_huge_leaf
[    5.034729]     ok 24 corten_test_full_window_atomic
[    5.044074]     ok 25 corten_test_debugfs_content
[    5.047985] # corten: pass:24 fail:0 skip:1 total:25
[    5.053979] # Totals: pass:24 fail:0 skip:1 total:25
[    5.060063] ok 1 corten
[    5.067618]     KTAP version 1
[    5.070693]     # Subtest: corten_arena
[    5.072346]     # module: corten_arena_test
[    5.072348]     1..111
[    5.087398]     ok 1 corten_arena_test_declare_reject
[    5.100327]     ok 2 corten_arena_test_declare_reject_flags
[    5.114932]     ok 3 corten_arena_test_declare_query
[    5.127008]     ok 4 corten_arena_test_range_overlaps
[    5.143224]     ok 5 corten_arena_test_release
[    5.156371]     ok 6 corten_arena_test_ref_born_atomic
[    5.164819]     ok 7 corten_arena_test_release_classify
[    5.174916]     ok 8 corten_arena_test_shadow_vma
[    5.184128]     ok 9 corten_arena_test_exit
[    5.190842]     ok 10 corten_arena_test_prctl
[    5.200266]     ok 11 corten_arena_test_mode
[    5.204764]     ok 12 corten_arena_test_auto_classify
[    5.214886]     ok 13 corten_arena_test_auto_classify_file
[    5.225506]     ok 14 corten_arena_test_auto_place
[    5.243994]     ok 15 corten_arena_test_auto_route
[    5.260737]     ok 16 corten_arena_test_auto_attach_release
[    5.286163]     ok 17 corten_arena_test_file_lifecycle
[    5.298710] ------------[ cut here ]------------
[    5.309684] corten: VM_CORTEN vma reached zap_page_range_single()
[    5.316483] WARNING: CPU: 3 PID: 187 at mm/corten_arena.c:1521 corten_zap_single_guard+0x39/0x50
[    5.326705] Modules linked in:
[    5.332645] CPU: 3 UID: 0 PID: 187 Comm: kunit_try_catch Tainted: G        W        N  6.18.32-g155f39de8683-dirty #241 PREEMPT(voluntary) 
[    5.346600] Tainted: [W]=WARN, [N]=TEST
[    5.351016] Hardware name: QEMU Standard PC (i440FX + PIIX, 1996), BIOS 1.15.0-1 04/01/2014
[    5.360886] RIP: 0010:corten_zap_single_guard+0x39/0x50
[    5.365597] Code: 05 ec 76 7a 02 0f b6 05 74 fe d2 01 84 c0 74 05 e9 fc b8 f7 00 c6 05 64 fe d2 01 01 90 48 c7 c7 d8 6a 8a 96 e8 08 54 cf ff 90 <0f> 0b 90 90 b8 01 00 00 00 e9 d9 b8 f7 00 66 0f 1f 84 00 00 00 00
[    5.377876] RSP: 0000:ffffad724062fd60 EFLAGS: 00010282
[    5.382176] RAX: 0000000000000000 RBX: 0000000000000003 RCX: 00000000ffffdfff
[    5.386389] RDX: 0000000000000000 RSI: 00000000ffffffea RDI: 0000000000000001
[    5.394298] RBP: ffff8c5b82d51d00 R08: ffffffff96d3e6c8 R09: 00000000ffffdfff
[    5.402248] R10: ffffffff96c5e6e0 R11: ffffffff96d0e6e0 R12: 0000000001801000
[    5.414631] R13: 0000000000001000 R14: 0000000000000000 R15: ffff8c5b82d51d00
[    5.427833] FS:  0000000000000000(0000) GS:ffff8c5c664de000(0000) knlGS:0000000000000000
[    5.439737] CS:  0010 DS: 0000 ES: 0000 CR0: 0000000080050033
[    5.447084] CR2: 0000000000000000 CR3: 0000000016830001 CR4: 0000000000770ef0
[    5.457575] PKRU: 55555554
[    5.460312] Call Trace:
[    5.465114]  <TASK>
[    5.469991]  zap_page_range_single+0x1c/0x50
[    5.474654]  corten_arena_test_truncate_route+0xd8e/0x1dc0
[    5.482677]  ? finish_task_switch.isra.0+0x76/0x250
[    5.488894]  ? __pfx_kunit_generic_run_threadfn_adapter+0x10/0x10
[    5.497568]  kunit_try_run_case+0x6f/0x150
[    5.505051]  ? __pfx_kunit_generic_run_threadfn_adapter+0x10/0x10
[    5.512311]  kunit_generic_run_threadfn_adapter+0x1c/0x40
[    5.518176]  kthread+0xff/0x1f0
[    5.523793]  ? __pfx_kthread+0x10/0x10
[    5.528943]  ? __pfx_kthread+0x10/0x10
[    5.535278]  ret_from_fork+0x144/0x160
[    5.541141]  ? __pfx_kthread+0x10/0x10
[    5.545763]  ret_from_fork_asm+0x1a/0x30
[    5.550009]  </TASK>
[    5.552292] ---[ end trace 0000000000000000 ]---
[    5.557555] ------------[ cut here ]------------
[    5.564181] corten: VM_CORTEN vma in a mapping i_mmap walk (stale node)
[    5.572637] WARNING: CPU: 3 PID: 187 at mm/corten_arena.c:1492 corten_arena_imap_stale_guard+0x39/0x50
[    5.585392] Modules linked in:
[    5.588980] CPU: 3 UID: 0 PID: 187 Comm: kunit_try_catch Tainted: G        W        N  6.18.32-g155f39de8683-dirty #241 PREEMPT(voluntary) 
[    5.606618] Tainted: [W]=WARN, [N]=TEST
[    5.611012] Hardware name: QEMU Standard PC (i440FX + PIIX, 1996), BIOS 1.15.0-1 04/01/2014
[    5.621691] RIP: 0010:corten_arena_imap_stale_guard+0x39/0x50
[    5.629736] Code: 05 44 77 7a 02 0f b6 05 d5 fe d2 01 84 c0 74 05 c3 cc cc cc cc c6 05 c5 fe d2 01 01 90 48 c7 c7 98 6a 8a 96 e8 68 54 cf ff 90 <0f> 0b 90 90 b8 01 00 00 00 c3 cc cc cc cc 66 0f 1f 84 00 00 00 00
[    5.649906] RSP: 0000:ffffad724062fd88 EFLAGS: 00010282
[    5.655765] RAX: 0000000000000000 RBX: 0000000000000003 RCX: 00000000ffffdfff
[    5.663968] RDX: 0000000000000000 RSI: 00000000ffffffea RDI: 0000000000000001
[    5.672261] RBP: ffff8c5b81b58d00 R08: ffffffff96d3e6c8 R09: 00000000ffffdfff
[    5.680125] R10: ffffffff96c5e6e0 R11: ffffffff96d0e6e0 R12: ffff8c5b81ade000
[    5.687937] R13: ffff8c5b81e74ee8 R14: ffffad7240013a88 R15: ffff8c5b82d51d00
[    5.697756] FS:  0000000000000000(0000) GS:ffff8c5c664de000(0000) knlGS:0000000000000000
[    5.707603] CS:  0010 DS: 0000 ES: 0000 CR0: 0000000080050033
[    5.712818] CR2: 0000000000000000 CR3: 0000000016830001 CR4: 0000000000770ef0
[    5.721421] PKRU: 55555554
[    5.723813] Call Trace:
[    5.724836]  <TASK>
[    5.725905]  corten_arena_test_truncate_route+0xecc/0x1dc0
[    5.730347]  ? finish_task_switch.isra.0+0x76/0x250
[    5.734930]  ? __pfx_kunit_generic_run_threadfn_adapter+0x10/0x10
[    5.743141]  kunit_try_run_case+0x6f/0x150
[    5.746159]  ? __pfx_kunit_generic_run_threadfn_adapter+0x10/0x10
[    5.753301]  kunit_generic_run_threadfn_adapter+0x1c/0x40
[    5.755780]  kthread+0xff/0x1f0
[    5.756951]  ? __pfx_kthread+0x10/0x10
[    5.758138]  ? __pfx_kthread+0x10/0x10
[    5.759934]  ret_from_fork+0x144/0x160
[    5.763782]  ? __pfx_kthread+0x10/0x10
[    5.765028]  ret_from_fork_asm+0x1a/0x30
[    5.766193]  </TASK>
[    5.768267] ---[ end trace 0000000000000000 ]---
[    5.771585] BUG: non-zero pgtables_bytes on freeing mm: 8192
[    5.778661] kunit_try_catch (187) used greatest stack depth: 13456 bytes left
[    5.780857]     ok 18 corten_arena_test_truncate_route
[    5.791836] BUG: non-zero pgtables_bytes on freeing mm: 8192
[    5.803125]     ok 19 corten_arena_test_registry_inval
[    5.807215]     ok 20 corten_arena_test_file_read
[    5.816726] BUG: non-zero pgtables_bytes on freeing mm: 8192
[    5.830871]     ok 21 corten_arena_test_file_cow
[    5.832061] BUG: non-zero pgtables_bytes on freeing mm: 8192
[    5.848327]     ok 22 corten_arena_test_file_rmap_shared
[    5.870144] BUG: non-zero pgtables_bytes on freeing mm: 8192
[    5.882667]     ok 23 corten_arena_test_ttu_file_route
[    5.894959]     ok 24 corten_arena_test_ttu_declines
[    5.905981] BUG: non-zero pgtables_bytes on freeing mm: 8192
[    5.923271]     ok 25 corten_arena_test_file_fork_mirror
[    5.926257] BUG: non-zero pgtables_bytes on freeing mm: 8192
[    5.941552]     ok 26 corten_arena_test_file_fork_cow
[    5.944503] BUG: non-zero pgtables_bytes on freeing mm: 8192
[    5.961040]     ok 27 corten_arena_test_file_fork_pinned
[    5.964262] BUG: non-zero pgtables_bytes on freeing mm: 8192
[    5.977410]     ok 28 corten_arena_test_file_hugetlb_route
[    5.982890] BUG: non-zero pgtables_bytes on freeing mm: 8192
[    6.004390]     ok 29 corten_arena_test_mag_recycle
[    6.011134]     ok 30 corten_arena_test_mag_marker
[    6.030298]     ok 31 corten_arena_test_pool_reuse
[    6.041232] BUG: non-zero pgtables_bytes on freeing mm: 8192
[    6.072417] BUG: non-zero pgtables_bytes on freeing mm: 8192
[    6.096670]     ok 32 corten_arena_test_pool_limit
[    6.105284]     ok 33 corten_arena_test_pool_mode_exit
[    6.122033]     ok 34 corten_arena_test_pool_fork
[    6.132062] BUG: non-zero pgtables_bytes on freeing mm: 8192
[    6.145825]     ok 35 corten_arena_test_noreplace_parked
[    6.152066]     ok 36 corten_arena_test_noreplace_active
[    6.164880]     ok 37 corten_arena_test_mapfixed_over_parked
[    6.175222]     ok 38 corten_arena_test_occupied_incl_idle
[    6.182948] ------------[ cut here ]------------
[    6.194882] corten: foreign vma in parked window 800000-1000000
[    6.201587] WARNING: CPU: 1 PID: 287 at mm/corten_arena.c:10493 corten_arena_pool_reactivate+0x16d/0x180
[    6.214745] Modules linked in:
[    6.218664] CPU: 1 UID: 0 PID: 287 Comm: kunit_try_catch Tainted: G        W        N  6.18.32-g155f39de8683-dirty #241 PREEMPT(voluntary) 
[    6.232253] Tainted: [W]=WARN, [N]=TEST
[    6.237684] Hardware name: QEMU Standard PC (i440FX + PIIX, 1996), BIOS 1.15.0-1 04/01/2014
[    6.248246] RIP: 0010:corten_arena_pool_reactivate+0x16d/0x180
[    6.252977] Code: 1b ff ff eb af 41 bc f4 ff ff ff eb a7 c6 05 75 89 d2 01 01 90 48 8b 55 08 48 8b 75 00 48 c7 c7 00 6c 8a 96 e8 14 df ce ff 90 <0f> 0b 90 90 eb b5 66 66 2e 0f 1f 84 00 00 00 00 00 66 90 90 90 90
[    6.272763] RSP: 0000:ffffad72408bfd50 EFLAGS: 00010286
[    6.281462] RAX: 0000000000000000 RBX: 000000000000000b RCX: 00000000ffffdfff
[    6.289519] RDX: 0000000000000000 RSI: 00000000ffffffea RDI: 0000000000000001
[    6.296862] RBP: ffff8c5b83131a00 R08: ffffffff96d3e6c8 R09: 00000000ffffdfff
[    6.307750] R10: ffffffff96c5e6e0 R11: ffffffff96d0e6e0 R12: 0000000000200073
[    6.314522] R13: ffff8c5b81f23700 R14: ffff8c5b83233400 R15: 0000000000000800
[    6.323754] FS:  0000000000000000(0000) GS:ffff8c5c663de000(0000) knlGS:0000000000000000
[    6.333770] CS:  0010 DS: 0000 ES: 0000 CR0: 0000000080050033
[    6.340634] CR2: 0000000000000000 CR3: 0000000016830004 CR4: 0000000000770ef0
[    6.348314] PKRU: 55555554
[    6.352249] Call Trace:
[    6.355213]  <TASK>
[    6.357747]  corten_arena_auto_mmap_route+0x3db/0x460
[    6.363412]  ? __pfx_kunit_generic_run_threadfn_adapter+0x10/0x10
[    6.370060]  corten_arena_test_p4_eject+0x1f6/0x6d0
[    6.375660]  ? finish_task_switch.isra.0+0x76/0x250
[    6.382542]  ? __pfx_kunit_generic_run_threadfn_adapter+0x10/0x10
[    6.389311]  kunit_try_run_case+0x6f/0x150
[    6.394063]  ? __pfx_kunit_generic_run_threadfn_adapter+0x10/0x10
[    6.401125]  kunit_generic_run_threadfn_adapter+0x1c/0x40
[    6.410193]  kthread+0xff/0x1f0
[    6.415892]  ? __pfx_kthread+0x10/0x10
[    6.418098]  ? __pfx_kthread+0x10/0x10
[    6.422095]  ret_from_fork+0x144/0x160
[    6.427641]  ? __pfx_kthread+0x10/0x10
[    6.431864]  ret_from_fork_asm+0x1a/0x30
[    6.436542]  </TASK>
[    6.437608] ---[ end trace 0000000000000000 ]---
[    6.446058] kunit_try_catch (287) used greatest stack depth: 13440 bytes left
[    6.448279]     ok 39 corten_arena_test_p4_eject
[    6.463156]     ok 40 corten_arena_test_hint_fence
[    6.482521]     ok 41 corten_arena_test_j1_hooks
[    6.508913]     ok 42 corten_arena_test_j1_self_exempt
[    6.520656]     ok 43 corten_arena_test_uffd_window_reject
[    6.531170]     ok 44 corten_arena_test_j1_implant_exempt
[    6.543822]     ok 45 corten_arena_test_fault_window_shorts
[    6.557639]     ok 46 corten_arena_test_inv_mv2_clean
[    6.566848] ------------[ cut here ]------------
[    6.579019] corten: INV-MV2 violated: 1 window vma(s) outside the implant registry (first at 100000200000)
[    6.593308] WARNING: CPU: 1 PID: 318 at mm/corten_arena.c:12141 corten_audit_j2_scan+0x1e9/0x200
[    6.603107] Modules linked in:
[    6.606597] CPU: 1 UID: 0 PID: 318 Comm: kunit_try_catch Tainted: G        W        N  6.18.32-g155f39de8683-dirty #241 PREEMPT(voluntary) 
[    6.620557] Tainted: [W]=WARN, [N]=TEST
[    6.625020] Hardware name: QEMU Standard PC (i440FX + PIIX, 1996), BIOS 1.15.0-1 04/01/2014
[    6.635536] RIP: 0010:corten_audit_j2_scan+0x1e9/0x200
[    6.642278] Code: 5b 5d 41 5c 41 5d 41 5e 41 5f e9 12 29 f8 00 c6 05 76 6e d3 01 01 90 48 c7 c7 f0 69 8a 96 4c 89 e2 44 89 ee e8 18 c4 cf ff 90 <0f> 0b 90 90 eb ad e8 6c 44 f7 00 66 66 2e 0f 1f 84 00 00 00 00 00
[    6.662667] RSP: 0000:ffffad7240947d58 EFLAGS: 00010282
[    6.668590] RAX: 0000000000000000 RBX: ffff8c5b832347c0 RCX: 00000000ffffdfff
[    6.676497] RDX: 0000000000000000 RSI: 00000000ffffffea RDI: 0000000000000001
[    6.684745] RBP: 00003fffffffffff R08: ffffffff96d3e6c8 R09: 00000000ffffdfff
[    6.692756] R10: ffffffff96c5e6e0 R11: ffffffff96d0e6e0 R12: 0000100000200000
[    6.701391] R13: 0000000000000001 R14: 0000000000000000 R15: 0000000000000000
[    6.710178] FS:  0000000000000000(0000) GS:ffff8c5c663de000(0000) knlGS:0000000000000000
[    6.719411] CS:  0010 DS: 0000 ES: 0000 CR0: 0000000080050033
[    6.727259] CR2: 0000000000000000 CR3: 0000000016830005 CR4: 0000000000770ef0
[    6.734924] PKRU: 55555554
[    6.740698] Call Trace:
[    6.744207]  <TASK>
[    6.746785]  ? vma_link+0x11f/0x1d0
[    6.748741]  corten_audit_j2_walk+0x55/0x70
[    6.751799]  corten_arena_test_inv_mv2_inject+0x121/0x740
[    6.754781]  ? finish_task_switch.isra.0+0x76/0x250
[    6.757719]  ? __pfx_kunit_generic_run_threadfn_adapter+0x10/0x10
[    6.762191]  kunit_try_run_case+0x6f/0x150
[    6.763951]  ? __pfx_kunit_generic_run_threadfn_adapter+0x10/0x10
[    6.767266]  kunit_generic_run_threadfn_adapter+0x1c/0x40
[    6.770963]  kthread+0xff/0x1f0
[    6.773296]  ? __pfx_kthread+0x10/0x10
[    6.776391]  ? __pfx_kthread+0x10/0x10
[    6.780977]  ret_from_fork+0x144/0x160
[    6.784602]  ? __pfx_kthread+0x10/0x10
[    6.787510]  ret_from_fork_asm+0x1a/0x30
[    6.790631]  </TASK>
[    6.791899] ---[ end trace 0000000000000000 ]---
[    6.798810]     ok 47 corten_arena_test_inv_mv2_inject
[    6.802980]     ok 48 corten_arena_test_inv_mv2_stale
[    6.816037]     ok 49 corten_arena_test_inv_mv2_implant_fork
[    6.830236]     ok 50 corten_arena_test_j2_triggers
[    6.849283]     ok 51 corten_arena_test_msync_window_segments
[    6.857140] get_swap_device: Bad swap file entry 400000000000077
[    6.872995] get_swap_device: Bad swap file entry 400000000000077
[    6.888040]     ok 52 corten_arena_test_mincore_route
[    6.895528]     ok 53 corten_arena_test_madvise_parked_terminal
[    6.906221]     ok 54 corten_arena_test_move_pages_window
[    6.919968]     ok 55 corten_arena_test_mvc_row_stream
[    6.934724]     ok 56 corten_arena_test_mvc_merge_first_row
[    6.951200]     ok 57 corten_arena_test_mvc_gup_probe
[    6.961551]     ok 58 corten_arena_test_w3_futex_gup_shapes
[    6.972203] BUG: non-zero pgtables_bytes on freeing mm: 8192
[    6.988752]     ok 59 corten_arena_test_w3_gup_chunk_promoted_perm
[    6.998411]     ok 60 corten_arena_test_w3_futex_key
[    7.015164] BUG: non-zero pgtables_bytes on freeing mm: 8192
[    7.033242]     ok 61 corten_arena_test_gup_loop_window
[    7.040575]     ok 62 corten_arena_test_gup_loop_legacy
[    7.052030] BUG: non-zero pgtables_bytes on freeing mm: 8192
[    7.066845]     ok 63 corten_arena_test_mvc_smaps_pagemap
[    7.071231] BUG: non-zero pgtables_bytes on freeing mm: 8192
[    7.083957] get_swap_device: Bad swap file entry 40000000000005d
[    7.093681]     ok 64 corten_arena_test_exit_lifecycle
[    7.105575] BUG: non-zero pgtables_bytes on freeing mm: 8192
[    7.128721] BUG: non-zero pgtables_bytes on freeing mm: 8192
[    7.153361] corten_arena_op (410) used greatest stack depth: 13360 bytes left
[    7.191253]     ok 65 corten_arena_test_exit_punchfork
[    7.193679]     ok 66 corten_arena_test_exit_multi_segment
[    7.211770]     ok 67 corten_arena_test_vma_free_reuse
[    7.220979]     ok 68 corten_arena_test_inv_mv3
[    7.235310]     ok 69 corten_arena_test_fork_vma_free
[    7.247090] BUG: non-zero pgtables_bytes on freeing mm: 8192
[    7.261346]     ok 70 corten_arena_test_vma_free_shrink_pick
[    7.265013] BUG: non-zero pgtables_bytes on freeing mm: 8192
[    7.278397]     ok 71 corten_arena_test_carrier_shrink_pick
[    7.281413]     ok 72 corten_arena_test_auto_validate
[    7.291742]     ok 73 corten_arena_test_carrier_vma
[    7.301987] BUG: non-zero pgtables_bytes on freeing mm: 8192
[    7.317244]     ok 74 corten_arena_test_fork_punch_novma
[    7.326183]     ok 75 corten_arena_test_fork_redeclare_content
[    7.337735]     ok 76 corten_arena_test_region_record
[    7.343127]     ok 77 corten_arena_test_region_iter
[    7.353716] BUG: non-zero pgtables_bytes on freeing mm: 8192
[    7.371867]     ok 78 corten_arena_test_region_park
[    7.378115]     ok 79 corten_arena_test_region_fork
[    7.387238]     ok 80 corten_arena_test_mprotect_route
[    7.391743]     ok 81 corten_arena_test_protect_flags_kernel_gate
[    7.399535]     ok 82 corten_arena_test_madvise_route
[    7.432033]     ok 83 corten_arena_test_mremap_route
[    7.448215]     ok 84 corten_arena_test_fork_faithful
[    7.456951]     ok 85 corten_arena_test_fork_unwind
[    7.464838] BUG: non-zero pgtables_bytes on freeing mm: 8192
[    7.479712]     ok 86 corten_arena_test_fork_multipiece
[    7.492172]     ok 87 corten_arena_test_fork_perm
[    7.508803]     ok 88 corten_arena_test_inv7_shared_ro
[    7.523794]     ok 89 corten_arena_test_inv7_swapped
[    7.533415] get_swap_device: Bad swap file entry 400000000000077
[    7.546069] BUG: Bad rss-counter state mm:00000000e7ba7e2d type:MM_SWAPENTS val:-1 Comm:kunit_try_catch Pid:498
[    7.557665]     ok 90 corten_arena_test_shrink_registry_count
[    7.562878]     ok 91 corten_arena_test_shrink_aging_two_pass
[    7.576509]     ok 92 corten_arena_test_shrink_rotation
[    7.587174] get_swap_device: Bad swap file entry 400000000000077
[    7.599641] get_swap_device: Bad swap file entry 400000000000077
[    7.608264] corten_arena_op (504) used greatest stack depth: 13304 bytes left
[    7.610912]     ok 93 corten_arena_test_fork_swapped
[    7.622003] BUG: Bad rss-counter state mm:000000001c5f89e1 type:MM_SWAPENTS val:-1 Comm:corten_arena_op Pid:507
[    7.643353]     ok 94 corten_arena_test_fork_f2_gate
[   17.959261] ------------[ cut here ]------------
[   17.972057] corten: arena [800000,1000000) drain timed out: leaked transaction reference, leaking the descriptor
[   17.984583] WARNING: CPU: 3 PID: 509 at mm/corten_arena.c:776 corten_arena_drain+0x6f/0x80
[   17.997147] Modules linked in:
[   18.001083] CPU: 3 UID: 0 PID: 509 Comm: kunit_try_catch Tainted: G        W        N  6.18.32-g155f39de8683-dirty #241 PREEMPT(voluntary) 
[   18.008186] Tainted: [W]=WARN, [N]=TEST
[   18.011380] Hardware name: QEMU Standard PC (i440FX + PIIX, 1996), BIOS 1.15.0-1 04/01/2014
[   18.019858] RIP: 0010:corten_arena_drain+0x6f/0x80
[   18.024867] Code: c4 08 31 c0 5b c3 cc cc cc cc 88 44 24 07 c6 05 98 74 d3 01 01 90 48 8b 53 08 48 8b 33 48 c7 c7 68 69 8a 96 e8 32 ca cf ff 90 <0f> 0b 90 90 0f b6 44 24 07 eb b4 66 0f 1f 44 00 00 90 90 90 90 90
[   18.035682] RSP: 0000:ffffad724099fd40 EFLAGS: 00010282
[   18.040751] RAX: 0000000000000000 RBX: ffff8c5b81afde00 RCX: 00000000ffffdfff
[   18.046562] RDX: 0000000000000000 RSI: 00000000ffffffea RDI: 0000000000000001
[   18.055018] RBP: ffff8c5b81ab8a00 R08: ffffffff96d3e6c8 R09: 00000000ffffdfff
[   18.062713] R10: ffffffff96c5e6e0 R11: ffffffff96d0e6e0 R12: ffff8c5b81ab8a18
[   18.068098] R13: ffff8c5b81b5d480 R14: ffff8c5b81ab8a78 R15: ffff8c5b81afde00
[   18.076832] FS:  0000000000000000(0000) GS:ffff8c5c664de000(0000) knlGS:0000000000000000
[   18.086406] CS:  0010 DS: 0000 ES: 0000 CR0: 0000000080050033
[   18.092751] CR2: 0000000000000000 CR3: 0000000003292006 CR4: 0000000000770ef0
[   18.101288] PKRU: 55555554
[   18.103967] Call Trace:
[   18.107212]  <TASK>
[   18.111175]  corten_arena_fork_begin+0x139/0x220
[   18.115119]  corten_arena_test_fork_begin+0x59/0x140
[   18.121295]  corten_arena_test_fork_drain_leak+0x18a/0x800
[   18.127055]  ? psi_task_switch+0x107/0x290
[   18.131973]  ? finish_task_switch.isra.0+0x76/0x250
[   18.136038]  ? __pfx_kunit_generic_run_threadfn_adapter+0x10/0x10
[   18.142891]  kunit_try_run_case+0x6f/0x150
[   18.147972]  ? __pfx_kunit_generic_run_threadfn_adapter+0x10/0x10
[   18.155375]  kunit_generic_run_threadfn_adapter+0x1c/0x40
[   18.161680]  kthread+0xff/0x1f0
[   18.165643]  ? __pfx_kthread+0x10/0x10
[   18.170813]  ? __pfx_kthread+0x10/0x10
[   18.173156]  ret_from_fork+0x144/0x160
[   18.175198]  ? __pfx_kthread+0x10/0x10
[   18.176486]  ret_from_fork_asm+0x1a/0x30
[   18.178628]  </TASK>
[   18.181267] ---[ end trace 0000000000000000 ]---
[   18.196574]     # corten_arena_test_fork_drain_leak: Test should be marked slow (runtime: 10.551554214s)
[   18.199307]     ok 95 corten_arena_test_fork_drain_leak
[   18.215658]     ok 96 corten_arena_test_unshare_pin
[   18.228222]     ok 97 corten_arena_test_fork_reuse_exclusive
[   18.243078]     ok 98 corten_arena_test_gup_state1_uncommitted
[   18.250633]     ok 99 corten_arena_test_gup_state2_committed_rw
[   18.263569]     ok 100 corten_arena_test_gup_state3_fork_cow
[   18.278828]     ok 101 corten_arena_test_gup_state3b_downgrade_restore
[   18.283182]     ok 102 corten_arena_test_gup_state4_pin_zap
[   18.299762]     ok 103 corten_arena_test_concurrent
[   18.312933]     ok 104 corten_arena_test_concurrent_window
[   18.323370]     ok 105 corten_arena_test_obs_ledger
[   18.334174]     ok 106 corten_arena_test_drain_timeout_stat
[   18.338781]     ok 107 corten_arena_test_novma_rmap
[   18.350759]     ok 108 corten_arena_test_brk_delegation
[   18.375802]     ok 109 corten_arena_test_brk_region_route
[   18.393061]     ok 110 corten_arena_test_brk_region_exit
[   18.402537] ------------[ cut here ]------------
[   18.408332] corten: whitelist violated: 1 window vma(s) unclassified as shadow/implant
[   18.417772] WARNING: CPU: 2 PID: 560 at mm/corten_arena.c:12363 corten_whitelist_scan+0x2b0/0x2c0
[   18.428043] Modules linked in:
[   18.433417] CPU: 2 UID: 0 PID: 560 Comm: kunit_try_catch Tainted: G        W        N  6.18.32-g155f39de8683-dirty #241 PREEMPT(voluntary) 
[   18.451700] Tainted: [W]=WARN, [N]=TEST
[   18.455909] Hardware name: QEMU Standard PC (i440FX + PIIX, 1996), BIOS 1.15.0-1 04/01/2014
[   18.466716] RIP: 0010:corten_whitelist_scan+0x2b0/0x2c0
[   18.472088] Code: 83 44 24 0c 01 f0 48 ff 05 f5 ed 7a 02 e9 06 fe ff ff c6 05 6b 77 d3 01 01 90 48 c7 c7 18 69 8a 96 44 89 fe e8 11 cd cf ff 90 <0f> 0b 90 90 eb 87 e8 65 4d f7 00 0f 1f 44 00 00 90 90 90 90 90 90
[   18.491675] RSP: 0000:ffffad7240f1fcd8 EFLAGS: 00010286
[   18.497689] RAX: 0000000000000000 RBX: 0000000000000000 RCX: 00000000ffffdfff
[   18.506425] RDX: 0000000000000000 RSI: 00000000ffffffea RDI: 0000000000000001
[   18.513852] RBP: ffff8c5b8340a700 R08: ffffffff96d3e6c8 R09: 00000000ffffdfff
[   18.522368] R10: ffffffff96c5e6e0 R11: ffffffff96d0e6e0 R12: 0000000000000001
[   18.529825] R13: ffff8c5b82c73800 R14: 0000100000000000 R15: 0000000000000001
[   18.537763] FS:  0000000000000000(0000) GS:ffff8c5c6645e000(0000) knlGS:0000000000000000
[   18.546751] CS:  0010 DS: 0000 ES: 0000 CR0: 0000000080050033
[   18.553444] CR2: 0000000000000000 CR3: 0000000016830006 CR4: 0000000000770ef0
[   18.561952] PKRU: 55555554
[   18.565050] Call Trace:
[   18.568209]  <TASK>
[   18.570914]  corten_audit_whitelist_walk+0x57/0x70
[   18.574636]  corten_arena_test_whitelist_audit+0x523/0xf10
[   18.577176]  ? __pfx_kunit_generic_run_threadfn_adapter+0x10/0x10
[   18.580214]  kunit_try_run_case+0x6f/0x150
[   18.581583]  ? __pfx_kunit_generic_run_threadfn_adapter+0x10/0x10
[   18.583482]  kunit_generic_run_threadfn_adapter+0x1c/0x40
[   18.588226]  kthread+0xff/0x1f0
[   18.591529]  ? __pfx_kthread+0x10/0x10
[   18.596218]  ? __pfx_kthread+0x10/0x10
[   18.600878]  ret_from_fork+0x144/0x160
[   18.605266]  ? __pfx_kthread+0x10/0x10
[   18.609806]  ret_from_fork_asm+0x1a/0x30
[   18.614364]  </TASK>
[   18.617101] ---[ end trace 0000000000000000 ]---
[   18.627187]     ok 111 corten_arena_test_whitelist_audit
[   18.627197] # corten_arena: pass:111 fail:0 skip:0 total:111
[   18.632244] # Totals: pass:111 fail:0 skip:0 total:111
[   18.636307] ok 2 corten_arena
[   18.644622]     KTAP version 1
[   18.648550]     # Subtest: corten_fault
[   18.651952]     # module: corten_fault_test
[   18.651955]     1..39
[   18.661719]     ok 1 corten_fault_test_dispatch
[   18.665357]     ok 2 corten_fault_test_fig8_cow
[   18.673414]     ok 3 corten_fault_test_unmap_classify
[   18.682088]     ok 4 corten_fault_test_mmap_classify
[   18.694213]     ok 5 corten_fault_test_file_may_matrix
[   18.704670]     ok 6 corten_fault_test_punch_classify
[   18.719273]     ok 7 corten_fault_test_map_anon
[   18.734966]     ok 8 corten_fault_test_zero_page
[   18.750160]     ok 9 corten_fault_test_sigsegv
[   18.761743]     ok 10 corten_fault_test_fresh_fault
[   18.826106]     ok 11 corten_fault_test_churn_repro
[   18.836895]     ok 12 corten_fault_test_untracked_drift
[   18.842843]     ok 13 corten_fault_test_restore
[   18.852953]     ok 14 corten_fault_test_cow_reuse
[   18.863228]     ok 15 corten_fault_test_cow_copy
[   18.871281] ------------[ cut here ]------------
[   18.881954] WARNING: CPU: 3 PID: 593 at ./include/linux/rwsem.h:88 corten_fault_test_foll_force+0x808/0xc50
[   18.893381] Modules linked in:
[   18.896949] CPU: 3 UID: 0 PID: 593 Comm: kunit_try_catch Tainted: G        W        N  6.18.32-g155f39de8683-dirty #241 PREEMPT(voluntary) 
[   18.908996] Tainted: [W]=WARN, [N]=TEST
[   18.914072] Hardware name: QEMU Standard PC (i440FX + PIIX, 1996), BIOS 1.15.0-1 04/01/2014
[   18.926177] RIP: 0010:corten_fault_test_foll_force+0x808/0xc50
[   18.933069] Code: 0f 00 00 0f 85 18 fe ff ff 49 8b 04 24 a8 40 0f 84 0c fe ff ff 49 8b 44 24 48 48 8d 50 ff a8 01 49 0f 44 d4 e9 f8 fd ff ff 90 <0f> 0b 90 e9 64 f8 ff ff 48 98 45 31 c9 49 c7 c0 b0 56 58 95 48 89
[   18.958114] RSP: 0000:ffffad7240f97d80 EFLAGS: 00010246
[   18.963544] RAX: ffff8c5b81b5c100 RBX: ffff8c5b81abe620 RCX: 0000000000000000
[   18.971946] RDX: 0000000000000000 RSI: 000000000000000d RDI: ffff8c5b83436a80
[   18.979307] RBP: ffffad7240013a88 R08: 0000000000001000 R09: 0000000000000000
[   18.991128] R10: ffffad7240f97c98 R11: 0000000000000000 R12: ffff8c5b82d95700
[   19.001755] R13: ffff8c5b81ddb438 R14: ffffffff95585a90 R15: ffffad7240013ac8
[   19.008293] FS:  0000000000000000(0000) GS:ffff8c5c664de000(0000) knlGS:0000000000000000
[   19.019273] CS:  0010 DS: 0000 ES: 0000 CR0: 0000000080050033
[   19.026752] CR2: 0000000000000000 CR3: 0000000016830004 CR4: 0000000000770ef0
[   19.032332] PKRU: 55555554
[   19.034001] Call Trace:
[   19.035434]  <TASK>
[   19.036151]  ? psi_group_change+0x116/0x300
[   19.038419]  ? psi_task_switch+0x107/0x290
[   19.040115]  ? finish_task_switch.isra.0+0x76/0x250
[   19.041879]  kunit_try_run_case+0x6f/0x150
[   19.044994]  ? __pfx_kunit_generic_run_threadfn_adapter+0x10/0x10
[   19.047252]  kunit_generic_run_threadfn_adapter+0x1c/0x40
[   19.049094]  kthread+0xff/0x1f0
[   19.051900]  ? __pfx_kthread+0x10/0x10
[   19.055654]  ? __pfx_kthread+0x10/0x10
[   19.058741]  ret_from_fork+0x144/0x160
[   19.062795]  ? __pfx_kthread+0x10/0x10
[   19.066003]  ret_from_fork_asm+0x1a/0x30
[   19.069219]  </TASK>
[   19.069995] ---[ end trace 0000000000000000 ]---
[   19.075262] ------------[ cut here ]------------
[   19.079792] WARNING: CPU: 3 PID: 593 at ./include/linux/rwsem.h:88 corten_fault_test_foll_force+0xb62/0xc50
[   19.086994] Modules linked in:
[   19.088766] CPU: 3 UID: 0 PID: 593 Comm: kunit_try_catch Tainted: G        W        N  6.18.32-g155f39de8683-dirty #241 PREEMPT(voluntary) 
[   19.099827] Tainted: [W]=WARN, [N]=TEST
[   19.104608] Hardware name: QEMU Standard PC (i440FX + PIIX, 1996), BIOS 1.15.0-1 04/01/2014
[   19.114181] RIP: 0010:corten_fault_test_foll_force+0xb62/0xc50
[   19.120729] Code: c7 c6 70 7e 25 96 48 89 ef 48 89 44 24 08 48 c7 04 24 80 7e 25 96 48 c7 44 24 10 40 00 00 00 e8 34 f3 36 00 e9 44 fb ff ff 90 <0f> 0b 90 e9 ed fa ff ff 48 98 45 31 c9 49 c7 c0 b0 56 58 95 48 89
[   19.146394] RSP: 0000:ffffad7240f97d80 EFLAGS: 00010246
[   19.151291] RAX: ffff8c5b81b5c100 RBX: ffff8c5b81abe620 RCX: ffff8c5bfddb0340
[   19.159533] RDX: 0000000000000000 RSI: 0000000000000001 RDI: ffff8c5b83436a80
[   19.167273] RBP: ffffad7240013a88 R08: 0000000000000000 R09: 00000000000001dc
[   19.175559] R10: ffff8c5bfddafac0 R11: 0000000000000000 R12: ffff8c5b82d95700
[   19.183708] R13: 0000000000000000 R14: ffffffff95585a90 R15: ffffad7240013ac8
[   19.193892] FS:  0000000000000000(0000) GS:ffff8c5c664de000(0000) knlGS:0000000000000000
[   19.201918] CS:  0010 DS: 0000 ES: 0000 CR0: 0000000080050033
[   19.208809] CR2: 0000000000000000 CR3: 0000000016830004 CR4: 0000000000770ef0
[   19.217324] PKRU: 55555554
[   19.220843] Call Trace:
[   19.224173]  <TASK>
[   19.228224]  ? finish_task_switch.isra.0+0x76/0x250
[   19.234174]  kunit_try_run_case+0x6f/0x150
[   19.240990]  ? __pfx_kunit_generic_run_threadfn_adapter+0x10/0x10
[   19.250165]  kunit_generic_run_threadfn_adapter+0x1c/0x40
[   19.256526]  kthread+0xff/0x1f0
[   19.260274]  ? __pfx_kthread+0x10/0x10
[   19.265005]  ? __pfx_kthread+0x10/0x10
[   19.270003]  ret_from_fork+0x144/0x160
[   19.275161]  ? __pfx_kthread+0x10/0x10
[   19.279787]  ret_from_fork_asm+0x1a/0x30
[   19.283410]  </TASK>
[   19.285891] ---[ end trace 0000000000000000 ]---
[   19.293035]     ok 16 corten_fault_test_foll_force
[   19.300387]     ok 17 corten_fault_test_cow_race
[   19.311082]     ok 18 corten_fault_test_mprotect_pte
[   19.319783]     ok 19 corten_fault_test_mprotect_fresh
[   19.328739]     ok 20 corten_fault_test_zap_keep_perm
[   19.335832]     ok 21 corten_fault_test_zap_keep_perm_downgrade
[   19.344731]     ok 22 corten_fault_test_untracked_rearm
[   19.355802]     ok 23 corten_fault_test_fill_upper_race
[   19.365372]     ok 24 corten_fault_test_map_race
[   19.372847]     ok 25 corten_fault_test_chunk_unmap
[   19.380190]     ok 26 corten_fault_test_punch_hole
[   19.386714]     ok 27 corten_fault_test_punch_head
[   19.394745]     ok 28 corten_fault_test_rmap_guard
[   19.403003]     ok 29 corten_fault_test_ttu_route
[   19.413881]     ok 30 corten_fault_test_ttu_dual_entry
[   19.422232]     ok 31 corten_fault_test_reap_skip
[   19.431711]     ok 32 corten_fault_test_swap_encode
[   19.441544]     ok 33 corten_fault_test_swap_roundtrip # SKIP swap round-trip requires a swap area
[   19.450320]     ok 34 corten_fault_test_swap_zap_free # SKIP swap zap test requires a swap area
[   19.466318]     ok 35 corten_fault_test_driver_keep_noswap
[   19.480012]     ok 36 corten_fault_test_driver_swap_roundtrip # SKIP driver round-trip requires a swap area
[   19.489682]     ok 37 corten_fault_test_swap_mprotect_pending
[   19.501237]     ok 38 corten_fault_test_unuse_windows # SKIP unuse sweep requires a swap area
[   19.509488]     ok 39 corten_fault_test_unuse_windows_cache # SKIP unuse sweep requires a swap area
[   19.518022] # corten_fault: pass:34 fail:0 skip:5 total:39
[   19.528821] # Totals: pass:34 fail:0 skip:5 total:39
[   19.535931] ok 3 corten_fault
[   19.557704] check access for rdinit=/init failed: -2, ignoring
[   19.561763] md: Waiting for all devices to be available before autodetect
[   19.566943] md: If you don't use raid, use raid=noautodetect
[   19.568337] md: Autodetecting RAID arrays.
[   19.569772] md: autorun ...
[   19.572078] md: ... autorun DONE.
[   19.579270] /dev/root: Can't open blockdev
[   19.580153] VFS: Cannot open root device "" or unknown-block(0,0): error -6
[   19.585595] Please append a correct "root=" boot option; here are the available partitions:
[   19.593019] 0b00         1048575 sr0 
[   19.593117]  driver: sr
[   19.599144] List of all bdev filesystems:
[   19.600509]  ext3
[   19.600513]  ext2
[   19.601089]  ext4
[   19.602350]  vfat
[   19.604044]  msdos
[   19.604718]  iso9660
[   19.605254]  f2fs
[   19.607288]  erofs
[   19.609320] 
[   19.612078] Kernel panic - not syncing: VFS: Unable to mount root fs on unknown-block(0,0)
[   19.617577] CPU: 2 UID: 0 PID: 1 Comm: swapper/0 Tainted: G        W        N  6.18.32-g155f39de8683-dirty #241 PREEMPT(voluntary) 
[   19.626240] Tainted: [W]=WARN, [N]=TEST
[   19.629098] Hardware name: QEMU Standard PC (i440FX + PIIX, 1996), BIOS 1.15.0-1 04/01/2014
[   19.634997] Call Trace:
[   19.637140]  <TASK>
[   19.638855]  vpanic+0x34f/0x360
[   19.641532]  panic+0x56/0x60
[   19.643811]  mount_root_generic+0x1ff/0x320
[   19.648472]  prepare_namespace+0x63/0x270
[   19.651790]  kernel_init_freeable+0x29f/0x2f0
[   19.654966]  ? __pfx_kernel_init+0x10/0x10
[   19.657898]  kernel_init+0x15/0x1c0
[   19.660675]  ret_from_fork+0x144/0x160
[   19.663296]  ? __pfx_kernel_init+0x10/0x10
[   19.666203]  ret_from_fork_asm+0x1a/0x30
[   19.668866]  </TASK>
[   19.674112] Kernel Offset: 0x13c00000 from 0xffffffff81000000 (relocation range: 0xffffffff80000000-0xffffffffbfffffff)
