[    0.000000] Linux version 6.18.32-g6f42d5daeadc (ppw@vm) (gcc (Ubuntu 11.4.0-1ubuntu1~22.04.3) 11.4.0, GNU ld (GNU Binutils for Ubuntu) 2.38) #408 SMP PREEMPT_DYNAMIC Wed Oct  7 23:54:02 CST 2026
[    0.000000] Command line: console=ttyS0 panic=-1 kunit.filter_glob=corten*
[    0.000000] BIOS-provided physical RAM map:
[    0.000000] BIOS-e820: [mem 0x0000000000000000-0x000000000009fbff] usable
[    0.000000] BIOS-e820: [mem 0x000000000009fc00-0x000000000009ffff] reserved
[    0.000000] BIOS-e820: [mem 0x00000000000f0000-0x00000000000fffff] reserved
[    0.000000] BIOS-e820: [mem 0x0000000000100000-0x00000000bffdffff] usable
[    0.000000] BIOS-e820: [mem 0x00000000bffe0000-0x00000000bfffffff] reserved
[    0.000000] BIOS-e820: [mem 0x00000000feffc000-0x00000000feffffff] reserved
[    0.000000] BIOS-e820: [mem 0x00000000fffc0000-0x00000000ffffffff] reserved
[    0.000000] BIOS-e820: [mem 0x0000000100000000-0x000000013fffffff] usable
[    0.000000] NX (Execute Disable) protection: active
[    0.000000] APIC: Static calls initialized
[    0.000000] SMBIOS 2.8 present.
[    0.000000] DMI: QEMU Standard PC (i440FX + PIIX, 1996), BIOS 1.15.0-1 04/01/2014
[    0.000000] DMI: Memory slots populated: 1/1
[    0.000000] Hypervisor detected: KVM
[    0.000000] last_pfn = 0xbffe0 max_arch_pfn = 0x400000000
[    0.000000] kvm-clock: Using msrs 4b564d01 and 4b564d00
[    0.000004] kvm-clock: using sched offset of 2040387936 cycles
[    0.000006] clocksource: kvm-clock: mask: 0xffffffffffffffff max_cycles: 0x1cd42e4dffb, max_idle_ns: 881590591483 ns
[    0.000042] tsc: Detected 2419.196 MHz processor
[    0.002060] last_pfn = 0x140000 max_arch_pfn = 0x400000000
[    0.002785] MTRR map: 4 entries (3 fixed + 1 variable; max 19), built from 8 variable MTRRs
[    0.002814] x86/PAT: Configuration [0-7]: WB  WC  UC- UC  WB  WP  UC- WT  
[    0.003686] last_pfn = 0xbffe0 max_arch_pfn = 0x400000000
[    0.019849] found SMP MP-table at [mem 0x000f5ba0-0x000f5baf]
[    0.020090] Using GB pages for direct mapping
[    0.024561] ACPI: Early table checksum verification disabled
[    0.024695] ACPI: RSDP 0x00000000000F59C0 000014 (v00 BOCHS )
[    0.024831] ACPI: RSDT 0x00000000BFFE1B95 000034 (v01 BOCHS  BXPC     00000001 BXPC 00000001)
[    0.025052] ACPI: FACP 0x00000000BFFE1A11 000074 (v01 BOCHS  BXPC     00000001 BXPC 00000001)
[    0.025112] ACPI: DSDT 0x00000000BFFE0040 0019D1 (v01 BOCHS  BXPC     00000001 BXPC 00000001)
[    0.025121] ACPI: FACS 0x00000000BFFE0000 000040
[    0.025123] ACPI: APIC 0x00000000BFFE1A85 0000B0 (v01 BOCHS  BXPC     00000001 BXPC 00000001)
[    0.025125] ACPI: HPET 0x00000000BFFE1B35 000038 (v01 BOCHS  BXPC     00000001 BXPC 00000001)
[    0.025127] ACPI: WAET 0x00000000BFFE1B6D 000028 (v01 BOCHS  BXPC     00000001 BXPC 00000001)
[    0.025128] ACPI: Reserving FACP table memory at [mem 0xbffe1a11-0xbffe1a84]
[    0.025130] ACPI: Reserving DSDT table memory at [mem 0xbffe0040-0xbffe1a10]
[    0.025131] ACPI: Reserving FACS table memory at [mem 0xbffe0000-0xbffe003f]
[    0.025131] ACPI: Reserving APIC table memory at [mem 0xbffe1a85-0xbffe1b34]
[    0.025132] ACPI: Reserving HPET table memory at [mem 0xbffe1b35-0xbffe1b6c]
[    0.025132] ACPI: Reserving WAET table memory at [mem 0xbffe1b6d-0xbffe1b94]
[    0.030498] No NUMA configuration found
[    0.030503] Faking a node at [mem 0x0000000000000000-0x000000013fffffff]
[    0.030513] NODE_DATA(0) allocated [mem 0x13fff9e40-0x13fffdfff]
[    0.031001] Zone ranges:
[    0.031003]   DMA      [mem 0x0000000000001000-0x0000000000ffffff]
[    0.031009]   DMA32    [mem 0x0000000001000000-0x00000000ffffffff]
[    0.031012]   Normal   [mem 0x0000000100000000-0x000000013fffffff]
[    0.031035] Movable zone start for each node
[    0.031037] Early memory node ranges
[    0.031038]   node   0: [mem 0x0000000000001000-0x000000000009efff]
[    0.031061]   node   0: [mem 0x0000000000100000-0x00000000bffdffff]
[    0.031065]   node   0: [mem 0x0000000100000000-0x000000013fffffff]
[    0.031068] Initmem setup node 0 [mem 0x0000000000001000-0x000000013fffffff]
[    0.031953] On node 0, zone DMA: 1 pages in unavailable ranges
[    0.033077] On node 0, zone DMA: 97 pages in unavailable ranges
[    0.306909] On node 0, zone Normal: 32 pages in unavailable ranges
[    0.309206] ACPI: PM-Timer IO Port: 0x608
[    0.309299] ACPI: LAPIC_NMI (acpi_id[0xff] dfl dfl lint[0x1])
[    0.311938] IOAPIC[0]: apic_id 0, version 17, address 0xfec00000, GSI 0-23
[    0.311983] ACPI: INT_SRC_OVR (bus 0 bus_irq 0 global_irq 2 dfl dfl)
[    0.311984] ACPI: INT_SRC_OVR (bus 0 bus_irq 5 global_irq 5 high level)
[    0.311985] ACPI: INT_SRC_OVR (bus 0 bus_irq 9 global_irq 9 high level)
[    0.312021] ACPI: INT_SRC_OVR (bus 0 bus_irq 10 global_irq 10 high level)
[    0.312025] ACPI: INT_SRC_OVR (bus 0 bus_irq 11 global_irq 11 high level)
[    0.312031] ACPI: Using ACPI (MADT) for SMP configuration information
[    0.312033] ACPI: HPET id: 0x8086a201 base: 0xfed00000
[    0.312042] TSC deadline timer available
[    0.312052] CPU topo: Max. logical packages:   1
[    0.312054] CPU topo: Max. logical dies:       1
[    0.312055] CPU topo: Max. dies per package:   1
[    0.312065] CPU topo: Max. threads per core:   1
[    0.312067] CPU topo: Num. cores per package:     8
[    0.312069] CPU topo: Num. threads per package:   8
[    0.312070] CPU topo: Allowing 8 present CPUs plus 0 hotplug CPUs
[    0.312508] kvm-guest: APIC: eoi() replaced with kvm_guest_apic_eoi_write()
[    0.315144] kvm-guest: KVM setup pv remote TLB flush
[    0.315212] kvm-guest: setup PV sched yield
[    0.315844] PM: hibernation: Registered nosave memory: [mem 0x00000000-0x00000fff]
[    0.315848] PM: hibernation: Registered nosave memory: [mem 0x0009f000-0x000fffff]
[    0.315849] PM: hibernation: Registered nosave memory: [mem 0xbffe0000-0xffffffff]
[    0.315853] [mem 0xc0000000-0xfeffbfff] available for PCI devices
[    0.315855] Booting paravirtualized kernel on KVM
[    0.315895] clocksource: refined-jiffies: mask: 0xffffffff max_cycles: 0xffffffff, max_idle_ns: 1910969940391419 ns
[    0.339899] setup_percpu: NR_CPUS:64 nr_cpumask_bits:8 nr_cpu_ids:8 nr_node_ids:1
[    0.349234] percpu: Embedded 56 pages/cpu s192080 r8192 d29104 u262144
[    0.349626] Kernel command line: console=ttyS0 panic=-1 kunit.filter_glob=corten*
[    0.351266] random: crng init done
[    0.351273] printk: log buffer data + meta data: 262144 + 917504 = 1179648 bytes
[    0.373301] Dentry cache hash table entries: 524288 (order: 10, 4194304 bytes, linear)
[    0.381596] Inode-cache hash table entries: 262144 (order: 9, 2097152 bytes, linear)
[    0.382971] software IO TLB: area num 8.
[    0.740579] Fallback order for Node 0: 0 
[    0.740595] Built 1 zonelists, mobility grouping on.  Total pages: 1048446
[    0.740598] Policy zone: Normal
[    0.740607] mem auto-init: stack:off, heap alloc:off, heap free:off
[    0.762116] SLUB: HWalign=64, Order=0-3, MinObjects=0, CPUs=8, Nodes=1
[    0.783090] Dynamic Preempt: voluntary
[    0.785340] Running RCU self tests
[    0.785343] Running RCU synchronous self tests
[    0.785346] rcu: Preemptible hierarchical RCU implementation.
[    0.785347] rcu: 	RCU event tracing is enabled.
[    0.785348] rcu: 	RCU lockdep checking is enabled.
[    0.785349] rcu: 	RCU restricting CPUs from NR_CPUS=64 to nr_cpu_ids=8.
[    0.785354] 	Trampoline variant of Tasks RCU enabled.
[    0.785355] 	Tracing variant of Tasks RCU enabled.
[    0.785376] rcu: RCU calculated value of scheduler-enlistment delay is 100 jiffies.
[    0.785379] rcu: Adjusting geometry for rcu_fanout_leaf=16, nr_cpu_ids=8
[    0.785583] Running RCU synchronous self tests
[    0.785590] RCU Tasks: Setting shift to 3 and lim to 1 rcu_task_cb_adjust=1 rcu_task_cpu_ids=8.
[    0.785595] RCU Tasks Trace: Setting shift to 3 and lim to 1 rcu_task_cb_adjust=1 rcu_task_cpu_ids=8.
[    0.794779] NR_IRQS: 4352, nr_irqs: 488, preallocated irqs: 16
[    0.795477] rcu: srcu_init: Setting srcu_struct sizes based on contention.
[    0.853596] Console: colour VGA+ 80x25
[    0.853816] printk: legacy console [ttyS0] enabled
[    1.448715] Lock dependency validator: Copyright (c) 2006 Red Hat, Inc., Ingo Molnar
[    1.456434] ... MAX_LOCKDEP_SUBCLASSES:  8
[    1.460753] ... MAX_LOCK_DEPTH:          48
[    1.465676] ... MAX_LOCKDEP_KEYS:        8192
[    1.469554] ... CLASSHASH_SIZE:          4096
[    1.472074] ... MAX_LOCKDEP_ENTRIES:     32768
[    1.477455] ... MAX_LOCKDEP_CHAINS:      65536
[    1.482029] ... CHAINHASH_SIZE:          32768
[    1.485209]  memory used by lock dependency info: 6429 kB
[    1.489273]  memory used for stack traces: 4224 kB
[    1.493413]  per task-struct memory footprint: 1920 bytes
[    1.498883] ACPI: Core revision 20250807
[    1.504132] clocksource: hpet: mask: 0xffffffff max_cycles: 0xffffffff, max_idle_ns: 19112604467 ns
[    1.515491] APIC: Switch to symmetric I/O mode setup
[    1.526899] x2apic enabled
[    1.533860] APIC: Switched APIC routing to: physical x2apic
[    1.537389] kvm-guest: APIC: send_IPI_mask() replaced with kvm_send_ipi_mask()
[    1.540879] kvm-guest: APIC: send_IPI_mask_allbutself() replaced with kvm_send_ipi_mask_allbutself()
[    1.551120] kvm-guest: setup PV IPIs
[    1.576057] ..TIMER: vector=0x30 apic1=0 pin1=2 apic2=-1 pin2=-1
[    1.583343] clocksource: tsc-early: mask: 0xffffffffffffffff max_cycles: 0x22df0d21928, max_idle_ns: 440795225288 ns
[    1.593534] Calibrating delay loop (skipped) preset value.. 4838.39 BogoMIPS (lpj=2419196)
[    1.597332] x86/cpu: User Mode Instruction Prevention (UMIP) activated
[    1.599505] Last level iTLB entries: 4KB 0, 2MB 0, 4MB 0
[    1.599520] Last level dTLB entries: 4KB 0, 2MB 0, 4MB 0, 1GB 0
[    1.600710] mitigations: Enabled attack vectors: user_kernel, user_user, SMT mitigations: auto
[    1.601526] Speculative Store Bypass: Mitigation: Speculative Store Bypass disabled via prctl
[    1.602525] Spectre V2 : Mitigation: Enhanced / Automatic IBRS
[    1.603515] ITS: Mitigation: Aligned branch/return thunks
[    1.604518] Spectre V1 : Mitigation: usercopy/swapgs barriers and __user pointer sanitization
[    1.605529] Spectre V2 : Spectre v2 / PBRSB-eIBRS: Retire a single CALL on VMEXIT
[    1.606537] Spectre V2 : mitigation: Enabling conditional Indirect Branch Prediction Barrier
[    1.607515] active return thunk: its_return_thunk
[    1.609023] x86/fpu: Supporting XSAVE feature 0x001: 'x87 floating point registers'
[    1.610518] x86/fpu: Supporting XSAVE feature 0x002: 'SSE registers'
[    1.611516] x86/fpu: Supporting XSAVE feature 0x004: 'AVX registers'
[    1.612515] x86/fpu: Supporting XSAVE feature 0x200: 'Protection Keys User registers'
[    1.613524] x86/fpu: xstate_offset[2]:  576, xstate_sizes[2]:  256
[    1.614515] x86/fpu: xstate_offset[9]:  832, xstate_sizes[9]:    8
[    1.615513] x86/fpu: Enabled xstate features 0x207, context size is 840 bytes, using 'compacted' format.
[    1.776538] Freeing SMP alternatives memory: 64K
[    1.777520] pid_max: default: 32768 minimum: 301
[    1.778911] LSM: initializing lsm=capability,selinux
[    1.779651] SELinux:  Initializing.
[    1.784505] Mount-cache hash table entries: 8192 (order: 4, 65536 bytes, linear)
[    1.784717] Mountpoint-cache hash table entries: 8192 (order: 4, 65536 bytes, linear)
[    1.791332] Running RCU synchronous self tests
[    1.791516] Running RCU synchronous self tests
[    1.795505] smpboot: CPU0: 13th Gen Intel(R) Core(TM) i9-13900HX (family: 0x6, model: 0xb7, stepping: 0x1)
[    1.798190] Performance Events: Alderlake Hybrid events, core PMU driver.
[    1.802528] core: CPUID marked event: 'cpu cycles' unavailable
[    1.803539] core: CPUID marked event: 'instructions' unavailable
[    1.804523] core: CPUID marked event: 'bus cycles' unavailable
[    1.805569] core: CPUID marked event: 'cache references' unavailable
[    1.806558] core: CPUID marked event: 'cache misses' unavailable
[    1.807568] core: CPUID marked event: 'branch instructions' unavailable
[    1.808574] core: CPUID marked event: 'branch misses' unavailable
[    1.810700] core: The event 0x100 is not supported as a normal event.
[    1.811564] core: The event 0x300 is not supported as a normal event.
[    1.812574] core: The event 0x400 is not supported as a normal event.
[    1.813575] core: The event 0x8000 is not supported as a normal event.
[    1.814572] core: The event 0x8100 is not supported as a normal event.
[    1.815580] core: The event 0x8200 is not supported as a normal event.
[    1.816537] core: The event 0x8300 is not supported as a normal event.
[    1.817570] core: The event 0x8400 is not supported as a normal event.
[    1.818566] core: The event 0x8500 is not supported as a normal event.
[    1.819568] core: The event 0x8600 is not supported as a normal event.
[    1.820570] core: The event 0x8700 is not supported as a normal event.
[    1.822107] core: cpu_core PMU driver: 
[    1.822568] ... version:                   1
[    1.823562] ... bit width:                 48
[    1.824530] ... generic counters:          6
[    1.825561] ... generic bitmap:            000000000000003f
[    1.826567] ... fixed-purpose counters:    0
[    1.827557] ... fixed-purpose bitmap:      0000000000000000
[    1.828569] ... value mask:                0000ffffffffffff
[    1.829564] ... max period:                000000007fffffff
[    1.830547] ... global_ctrl mask:          000100000000003f
[    1.832505] signal: max sigframe size: 3632
[    1.833171] rcu: Hierarchical SRCU implementation.
[    1.833526] rcu: 	Max phase no-delay instances is 400.
[    1.835505] Timer migration: 1 hierarchy levels; 8 children per group; 1 crossnode level
[    1.846054] smp: Bringing up secondary CPUs ...
[    1.847924] smpboot: x86: Booting SMP configuration:
[    1.848591] .... node  #0, CPUs:      #1 #2 #3 #4 #5 #6 #7
[    1.898570] smp: Brought up 1 node, 8 CPUs
[    1.900526] smpboot: Total of 8 processors activated (38707.13 BogoMIPS)
[    1.903895] Memory: 3983444K/4193784K available (23544K kernel code, 3536K rwdata, 9468K rodata, 3600K init, 12436K bss, 201992K reserved, 0K cma-reserved)
[    1.907530] devtmpfs: initialized
[    1.912648] Running RCU synchronous self tests
[    1.913727] Running RCU synchronous self tests
[    1.916751] Running RCU Tasks wait API self tests
[    1.918577] Running RCU Tasks Trace wait API self tests
[    1.933636] clocksource: jiffies: mask: 0xffffffff max_cycles: 0xffffffff, max_idle_ns: 1911260446275000 ns
[    1.934630] posixtimers hash table entries: 4096 (order: 7, 294912 bytes, linear)
[    1.937829] futex hash table entries: 2048 (262144 bytes on 1 NUMA nodes, total 256 KiB, linear).
[    1.940424] PM: RTC time: 15:58:10, date: 2026-10-07
[    1.955475] NET: Registered PF_NETLINK/PF_ROUTE protocol family
[    1.954601] Callback from call_rcu_tasks_trace() invoked.
[    1.957454] audit: initializing netlink subsys (disabled)
[    1.959695] audit: type=2000 audit(1791388689.744:1): state=initialized audit_enabled=0 res=1
[    1.961673] thermal_sys: Registered thermal governor 'step_wise'
[    1.962956] cpuidle: using governor menu
[    1.967249] PCI: Using configuration type 1 for base access
[    1.967731] kprobes: kprobe jump-optimization is enabled. All kprobes are optimized if possible.
[    1.972623] HugeTLB: registered 2.00 MiB page size, pre-allocated 0 pages
[    1.973787] HugeTLB: 28 KiB vmemmap can be freed for a 2.00 MiB page
[    2.022351] ACPI: Added _OSI(Module Device)
[    2.022569] ACPI: Added _OSI(Processor Device)
[    2.023566] ACPI: Added _OSI(Processor Aggregator Device)
[    2.028505] ACPI: 1 ACPI AML tables successfully acquired and loaded
[    2.036248] ACPI: Interpreter enabled
[    2.036774] ACPI: PM: (supports S0 S3 S4 S5)
[    2.037559] ACPI: Using IOAPIC for interrupt routing
[    2.038626] PCI: Using host bridge windows from ACPI; if necessary, use "pci=nocrs" and report a bug
[    2.039527] PCI: Using E820 reservations for host bridge windows
[    2.041355] ACPI: Enabled 2 GPEs in block 00 to 0F
[    2.066081] ACPI: PCI Root Bridge [PCI0] (domain 0000 [bus 00-ff])
[    2.066589] acpi PNP0A03:00: _OSC: OS supports [ASPM ClockPM Segments MSI HPX-Type3]
[    2.067529] acpi PNP0A03:00: _OSC: not requesting OS control; OS requires [ExtendedConfig ASPM ClockPM MSI]
[    2.068825] acpi PNP0A03:00: fail to add MMCONFIG information, can't access extended configuration space under this bridge
[    2.070598] PCI host bridge to bus 0000:00
[    2.071600] pci_bus 0000:00: root bus resource [io  0x0000-0x0cf7 window]
[    2.072576] pci_bus 0000:00: root bus resource [io  0x0d00-0xffff window]
[    2.073576] pci_bus 0000:00: root bus resource [mem 0x000a0000-0x000bffff window]
[    2.074616] pci_bus 0000:00: root bus resource [mem 0xc0000000-0xfebfffff window]
[    2.075602] pci_bus 0000:00: root bus resource [mem 0x140000000-0x1bfffffff window]
[    2.076571] pci_bus 0000:00: root bus resource [bus 00-ff]
[    2.077925] pci 0000:00:00.0: [8086:1237] type 00 class 0x060000 conventional PCI endpoint
[    2.083230] pci 0000:00:01.0: [8086:7000] type 00 class 0x060100 conventional PCI endpoint
[    2.087505] pci 0000:00:01.1: [8086:7010] type 00 class 0x010180 conventional PCI endpoint
[    2.090053] pci 0000:00:01.1: BAR 4 [io  0xc040-0xc04f]
[    2.091410] pci 0000:00:01.1: BAR 0 [io  0x01f0-0x01f7]: legacy IDE quirk
[    2.091567] pci 0000:00:01.1: BAR 1 [io  0x03f6]: legacy IDE quirk
[    2.092635] pci 0000:00:01.1: BAR 2 [io  0x0170-0x0177]: legacy IDE quirk
[    2.093570] pci 0000:00:01.1: BAR 3 [io  0x0376]: legacy IDE quirk
[    2.096334] pci 0000:00:01.3: [8086:7113] type 00 class 0x068000 conventional PCI endpoint
[    2.098505] pci 0000:00:01.3: quirk: [io  0x0600-0x063f] claimed by PIIX4 ACPI
[    2.098665] pci 0000:00:01.3: quirk: [io  0x0700-0x070f] claimed by PIIX4 SMB
[    2.102505] pci 0000:00:02.0: [1234:1111] type 00 class 0x030000 conventional PCI endpoint
[    2.112171] pci 0000:00:02.0: BAR 0 [mem 0xfd000000-0xfdffffff pref]
[    2.113590] pci 0000:00:02.0: BAR 2 [mem 0xfebb0000-0xfebb0fff]
[    2.114644] pci 0000:00:02.0: ROM [mem 0xfeba0000-0xfebaffff pref]
[    2.120463] pci 0000:00:02.0: Video device with shadowed ROM at [mem 0x000c0000-0x000dffff]
[    2.136843] Callback from call_rcu_tasks() invoked.
[    2.141934] pci 0000:00:03.0: [8086:100e] type 00 class 0x020000 conventional PCI endpoint
[    2.144657] pci 0000:00:03.0: BAR 0 [mem 0xfeb80000-0xfeb9ffff]
[    2.145557] pci 0000:00:03.0: BAR 1 [io  0xc000-0xc03f]
[    2.146699] pci 0000:00:03.0: ROM [mem 0xfeb00000-0xfeb7ffff pref]
[    2.169988] ACPI: PCI: Interrupt link LNKA configured for IRQ 10
[    2.171480] ACPI: PCI: Interrupt link LNKB configured for IRQ 10
[    2.172505] ACPI: PCI: Interrupt link LNKC configured for IRQ 11
[    2.173427] ACPI: PCI: Interrupt link LNKD configured for IRQ 11
[    2.174160] ACPI: PCI: Interrupt link LNKS configured for IRQ 9
[    2.187212] iommu: Default domain type: Translated
[    2.187560] iommu: DMA domain TLB invalidation policy: lazy mode
[    2.204203] SCSI subsystem initialized
[    2.210004] ACPI: bus type USB registered
[    2.211875] usbcore: registered new interface driver usbfs
[    2.213091] usbcore: registered new interface driver hub
[    2.214004] usbcore: registered new device driver usb
[    2.215357] pps_core: LinuxPPS API ver. 1 registered
[    2.215527] pps_core: Software ver. 5.3.6 - Copyright 2005-2007 Rodolfo Giometti <giometti@linux.it>
[    2.216627] PTP clock support registered
[    2.219009] Advanced Linux Sound Architecture Driver Initialized.
[    2.234009] NetLabel: Initializing
[    2.234524] NetLabel:  domain hash size = 128
[    2.235566] NetLabel:  protocols = UNLABELED CIPSOv4 CALIPSO
[    2.236909] NetLabel:  unlabeled traffic allowed by default
[    2.241915] PCI: Using ACPI for IRQ routing
[    2.245100] pci 0000:00:02.0: vgaarb: setting as boot VGA device
[    2.245505] pci 0000:00:02.0: vgaarb: bridge control possible
[    2.245505] pci 0000:00:02.0: vgaarb: VGA device added: decodes=io+mem,owns=io+mem,locks=none
[    2.245574] vgaarb: loaded
[    2.249142] hpet0: at MMIO 0xfed00000, IRQs 2, 8, 0
[    2.249525] hpet0: 3 comparators, 64-bit 100.000000 MHz counter
[    2.257973] clocksource: Switched to clocksource kvm-clock
[    2.267463] VFS: Disk quotas dquot_6.6.0
[    2.273635] VFS: Dquot-cache hash table entries: 512 (order 0, 4096 bytes)
[    2.289384] pnp: PnP ACPI init
[    2.299183] pnp: PnP ACPI: found 6 devices
[    2.371066] clocksource: acpi_pm: mask: 0xffffff max_cycles: 0xffffff, max_idle_ns: 2085701024 ns
[    2.381185] NET: Registered PF_INET protocol family
[    2.390579] IP idents hash table entries: 65536 (order: 7, 524288 bytes, linear)
[    2.410344] tcp_listen_portaddr_hash hash table entries: 2048 (order: 6, 147456 bytes, linear)
[    2.422567] Table-perturb hash table entries: 65536 (order: 6, 262144 bytes, linear)
[    2.431367] TCP established hash table entries: 32768 (order: 6, 262144 bytes, linear)
[    2.441913] TCP bind hash table entries: 32768 (order: 11, 4718592 bytes, vmalloc hugepage)
[    2.480497] TCP: Hash tables configured (established 32768 bind 32768)
[    2.489644] UDP hash table entries: 2048 (order: 7, 524288 bytes, linear)
[    2.501982] UDP-Lite hash table entries: 2048 (order: 7, 524288 bytes, linear)
[    2.514932] NET: Registered PF_UNIX/PF_LOCAL protocol family
[    2.532516] RPC: Registered named UNIX socket transport module.
[    2.537232] RPC: Registered udp transport module.
[    2.541553] RPC: Registered tcp transport module.
[    2.546119] RPC: Registered tcp-with-tls transport module.
[    2.551424] RPC: Registered tcp NFSv4.1 backchannel transport module.
[    2.563766] pci_bus 0000:00: resource 4 [io  0x0000-0x0cf7 window]
[    2.570206] pci_bus 0000:00: resource 5 [io  0x0d00-0xffff window]
[    2.576372] pci_bus 0000:00: resource 6 [mem 0x000a0000-0x000bffff window]
[    2.582607] pci_bus 0000:00: resource 7 [mem 0xc0000000-0xfebfffff window]
[    2.588970] pci_bus 0000:00: resource 8 [mem 0x140000000-0x1bfffffff window]
[    2.595807] pci 0000:00:01.0: PIIX3: Enabling Passive Release
[    2.600620] pci 0000:00:00.0: Limiting direct PCI/PCI transfers
[    2.608082] PCI: CLS 0 bytes, default 64
[    2.614265] PCI-DMA: Using software bounce buffering for IO (SWIOTLB)
[    2.617535] kwatchdog (77) used greatest stack depth: 14776 bytes left
[    2.619207] software IO TLB: mapped [mem 0x00000000bbfe0000-0x00000000bffe0000] (64MB)
[    2.639318] RAPL PMU: API unit is 2^-32 Joules, 0 fixed counters, 10737418240 ms ovfl timer
[    2.646772] clocksource: tsc: mask: 0xffffffffffffffff max_cycles: 0x22df0d21928, max_idle_ns: 440795225288 ns
[    2.720683] Initialise system trusted keyrings
[    2.727910] workingset: timestamp_bits=40 max_order=20 bucket_order=0
[    2.738514] NFS: Registering the id_resolver key type
[    2.743326] Key type id_resolver registered
[    2.748820] Key type id_legacy registered
[    2.755757] 9p: Installing v9fs 9p2000 file system support
[    2.815509] Key type asymmetric registered
[    2.820732] Asymmetric key parser 'x509' registered
[    2.828943] Block layer SCSI generic (bsg) driver version 0.4 loaded (major 251)
[    2.835591] io scheduler mq-deadline registered
[    2.841620] io scheduler kyber registered
[    2.856581] input: Power Button as /devices/LNXSYSTM:00/LNXPWRBN:00/input/input0
[    2.869267] ACPI: button: Power Button [PWRF]
[    2.903196] Serial: 8250/16550 driver, 4 ports, IRQ sharing enabled
[    2.916314] 00:04: ttyS0 at I/O 0x3f8 (irq = 4, base_baud = 115200) is a 16550A
[    2.934860] Non-volatile memory driver v1.3
[    2.943866] Linux agpgart interface v0.103
[    3.038916] ACPI: bus type drm_connector registered
[    3.119382] loop: module loaded
[    3.126465] zram: Added device: zram0
[    3.152167] scsi host0: ata_piix
[    3.163537] scsi host1: ata_piix
[    3.167537] ata1: PATA max MWDMA2 cmd 0x1f0 ctl 0x3f6 bmdma 0xc040 irq 14 lpm-pol 0
[    3.175988] ata2: PATA max MWDMA2 cmd 0x170 ctl 0x376 bmdma 0xc048 irq 15 lpm-pol 0
[    3.191338] tun: Universal TUN/TAP device driver, 1.6
[    3.201989] e100: Intel(R) PRO/100 Network Driver
[    3.208389] e100: Copyright(c) 1999-2006 Intel Corporation
[    3.215276] e1000: Intel(R) PRO/1000 Network Driver
[    3.221261] e1000: Copyright (c) 1999-2006 Intel Corporation.
[    3.349357] ata2: found unknown device (class 0)
[    3.361459] ata2.00: ATAPI: QEMU DVD-ROM, 2.5+, max UDMA/100
[    3.392788] scsi 1:0:0:0: CD-ROM            QEMU     QEMU DVD-ROM     2.5+ PQ: 0 ANSI: 5
[    3.428724] ACPI: \_SB_.LNKC: Enabled at IRQ 11
[    3.436380] sr 1:0:0:0: [sr0] scsi3-mmc drive: 4x/4x cd/rw xa/form2 tray
[    3.441425] cdrom: Uniform CD-ROM driver Revision: 3.20
[    3.462570] sr 1:0:0:0: Attached scsi generic sg0 type 5
[    4.663409] e1000 0000:00:03.0 eth0: (PCI:33MHz:32-bit) 52:54:00:12:34:56
[    4.677901] e1000 0000:00:03.0 eth0: Intel(R) PRO/1000 Network Connection
[    4.702232] e1000e: Intel(R) PRO/1000 Network Driver
[    4.723170] e1000e: Copyright(c) 1999 - 2015 Intel Corporation.
[    4.747361] sky2: driver version 1.30
[    4.758237] usbcore: registered new interface driver usblp
[    4.765007] usbcore: registered new interface driver usb-storage
[    4.773505] i8042: PNP: PS/2 Controller [PNP0303:KBD,PNP0f13:MOU] at 0x60,0x64 irq 1,12
[    4.794310] serio: i8042 KBD port at 0x60,0x64 irq 1
[    4.800989] serio: i8042 AUX port at 0x60,0x64 irq 12
[    4.814531] rtc_cmos 00:05: RTC can wake from S4
[    4.827678] input: AT Translated Set 2 keyboard as /devices/platform/i8042/serio0/input/input1
[    4.836795] rtc_cmos 00:05: registered as rtc0
[    4.839280] rtc_cmos 00:05: alarms up to one day, y3k, 242 bytes nvram, hpet irqs
[    4.851850] device-mapper: ioctl: 4.50.0-ioctl (2025-04-28) initialised: dm-devel@lists.linux.dev
[    4.866795] intel_pstate: CPU model not supported
[    4.872777] hid: raw HID events driver (C) Jiri Kosina
[    4.879683] usbcore: registered new interface driver usbhid
[    4.885386] usbhid: USB HID core driver
[    4.900636] xt_time: kernel timezone is -0000
[    4.908521] Initializing XFRM netlink socket
[    4.919198] NET: Registered PF_INET6 protocol family
[    4.937308] Segment Routing with IPv6
[    4.941849] In-situ OAM (IOAM) with IPv6
[    4.946735] sit: IPv6, IPv4 and MPLS over IPv4 tunneling driver
[    4.954299] NET: Registered PF_PACKET protocol family
[    4.958226] NET: Registered PF_KEY protocol family
[    4.964147] 9pnet: Installing 9P2000 support
[    4.969695] Key type dns_resolver registered
[    4.974830] NET: Registered PF_VSOCK protocol family
[    4.993548] IPI shorthand broadcast: enabled
[    5.098135] sched_clock: Marking stable (4316127181, 781986465)->(6166615303, -1068501657)
[    5.130682] registered taskstats version 1
[    5.140271] Loading compiled-in X.509 certificates
[    5.233992] Demotion targets for Node 0: null
[    5.235355] Key type .fscrypt registered
[    5.239438] Key type fscrypt-provisioning registered
[    5.248191] PM:   Magic number: 14:583:992
[    5.253713] machinecheck machinecheck5: hash matches
[    5.262658] ctrl 00:04:0: hash matches
[    5.266373] netconsole: network logging started
[    5.271801] cfg80211: Loading compiled-in X.509 certificates for regulatory database
[    5.283875] kworker/u32:0 (97) used greatest stack depth: 12952 bytes left
[    5.293793] Loaded X.509 cert 'sforshee: 00b28ddf47aef9cea7'
[    5.307142] Loaded X.509 cert 'wens: 61c038651aabdcf94bd0ac7ff06c7248db18c600'
[    5.317970] ALSA device list:
[    5.321718]   No soundcards found.
[    5.326452] KTAP version 1
[    5.329641] 1..3
[    5.331564] faux_driver regulatory: Direct firmware load for regulatory.db failed with error -2
[    5.331663] cfg80211: failed to load regulatory.db
[    5.351801]     KTAP version 1
[    5.356127]     # Subtest: corten
[    5.358127]     # module: corten_test
[    5.358130]     1..28
[    5.379085]     ok 1 corten_test_layout
[    5.386987]     ok 2 corten_test_ptdesc_get_put
[    5.387271] input: ImExPS/2 Generic Explorer Mouse as /devices/platform/i8042/serio1/input/input3
[    5.394727]     ok 3 corten_test_meta_roundtrip
[    5.411804]     ok 4 corten_test_meta_reinit_cleared
[    5.428790]     ok 5 corten_test_covering_level
[    5.447756]     ok 6 corten_test_covering_base_index
[    5.459420]     ok 7 corten_test_txn_covering
[    5.471743]     ok 8 corten_test_txn_hole
[    5.488961]     ok 9 corten_test_txn_stale_eagain
[    5.503333]     ok 10 corten_test_lock_range_args
[    5.513352]     ok 11 corten_test_txn_state_machine
[    5.531444]     ok 12 corten_test_txn_atomic_validate
[    5.539666]     ok 13 corten_test_txn_real_glue
[    5.547836]     ok 14 corten_test_txn_candidate_churn
[    5.606624]     ok 15 corten_test_txn_mutex_overlap
[    5.639587]     ok 16 corten_test_txn_mutex_disjoint
[    5.648433]     ok 17 corten_test_fail_alloc
[    5.654652]     ok 18 corten_test_txn_hole_fill
[    5.666466]     ok 19 corten_test_txn_hole_race
[    5.895204]     ok 20 corten_test_txn_uninstall_interlock
[    5.906187]     ok 21 corten_test_uninstall_bh_ctx
[    5.915530] ------------[ cut here ]------------
[    5.927301] WARNING: CPU: 6 PID: 154 at mm/corten.c:932 corten_txn_begin+0x1a9/0x4c0
[    5.936044] Modules linked in:
[    5.940171] CPU: 6 UID: 0 PID: 154 Comm: kunit_try_catch Tainted: G                 N  6.18.32-g6f42d5daeadc #408 PREEMPT(voluntary) 
[    5.958231] Tainted: [N]=TEST
[    5.961092] Hardware name: QEMU Standard PC (i440FX + PIIX, 1996), BIOS 1.15.0-1 04/01/2014
[    5.970993] RIP: 0010:corten_txn_begin+0x1a9/0x4c0
[    5.977810] Code: 02 00 00 4c 89 ff 48 89 04 24 e8 62 b6 0e 01 4c 89 ff e8 5a b0 0e 01 48 8b 04 24 0f b6 50 5d 41 3a 57 5d 0f 87 51 ff ff ff 90 <0f> 0b 90 41 80 7e 48 04 0f 86 4d ff ff ff 90 0f 0b 90 48 89 c7 e8
[    6.003684] RSP: 0000:ffffb57080bb7da0 EFLAGS: 00010246
[    6.011502] RAX: ffff9f8ac12d3b40 RBX: 0000000000000000 RCX: ffffb57080bb7d54
[    6.019931] RDX: 0000000000000002 RSI: ffffffffb77653a0 RDI: ffff9f8ac3815fc8
[    6.026388] RBP: 0000000000000fff R08: 0000000000000001 R09: 0000000000000000
[    6.035380] R10: 0000000000000050 R11: 0000000000000000 R12: ffffffffb6c3f9a0
[    6.045600] R13: ffff9f8ac1fd1800 R14: ffffb57080bb7e00 R15: ffff9f8ac12d3a80
[    6.054619] FS:  0000000000000000(0000) GS:ffff9f8b439e6000(0000) knlGS:0000000000000000
[    6.064872] CS:  0010 DS: 0000 ES: 0000 CR0: 0000000080050033
[    6.073302] CR2: 0000000000000000 CR3: 000000003f650001 CR4: 0000000000770ef0
[    6.079771] PKRU: 55555554
[    6.082483] Call Trace:
[    6.087832]  <TASK>
[    6.091425]  ? __pfx_kunit_generic_run_threadfn_adapter+0x10/0x10
[    6.098068]  corten_test_txn_path_overflow+0xb5/0x2a0
[    6.106163]  ? kunit_try_run_case+0x63/0x150
[    6.110375]  kunit_try_run_case+0x6f/0x150
[    6.113103]  ? __pfx_kunit_generic_run_threadfn_adapter+0x10/0x10
[    6.121791]  kunit_generic_run_threadfn_adapter+0x1c/0x40
[    6.127681]  kthread+0x110/0x210
[    6.131773]  ? __pfx_kthread+0x10/0x10
[    6.139388]  ret_from_fork+0x1ed/0x240
[    6.144542]  ? __pfx_kthread+0x10/0x10
[    6.148239]  ret_from_fork_asm+0x1a/0x30
[    6.152773]  </TASK>
[    6.157508] irq event stamp: 390
[    6.160789] hardirqs last  enabled at (400): [<ffffffffb57448ad>] __up_console_sem+0x4d/0x60
[    6.174033] hardirqs last disabled at (409): [<ffffffffb5744892>] __up_console_sem+0x32/0x60
[    6.184181] softirqs last  enabled at (46): [<ffffffffb5a0c2e3>] corten_ptdesc_install+0x123/0x180
[    6.199509] softirqs last disabled at (48): [<ffffffffb5a0c859>] corten_txn_begin+0xa9/0x4c0
[    6.208561] ---[ end trace 0000000000000000 ]---
[    6.212809] ------------[ cut here ]------------
[    6.219706] WARNING: CPU: 6 PID: 154 at mm/corten.c:824 corten_txn_begin+0x1b8/0x4c0
[    6.227857] Modules linked in:
[    6.235342] CPU: 6 UID: 0 PID: 154 Comm: kunit_try_catch Tainted: G        W        N  6.18.32-g6f42d5daeadc #408 PREEMPT(voluntary) 
[    6.251168] Tainted: [W]=WARN, [N]=TEST
[    6.254250] Hardware name: QEMU Standard PC (i440FX + PIIX, 1996), BIOS 1.15.0-1 04/01/2014
[    6.267339] RIP: 0010:corten_txn_begin+0x1b8/0x4c0
[    6.273310] Code: 4c 89 ff e8 5a b0 0e 01 48 8b 04 24 0f b6 50 5d 41 3a 57 5d 0f 87 51 ff ff ff 90 0f 0b 90 41 80 7e 48 04 0f 86 4d ff ff ff 90 <0f> 0b 90 48 89 c7 e8 2d f5 ff ff 41 0f b6 46 48 84 c0 74 28 83 e8
[    6.300726] RSP: 0000:ffffb57080bb7da0 EFLAGS: 00010202
[    6.311483] RAX: ffff9f8ac12d3e40 RBX: 0000000000000000 RCX: ffffb57080bb7d54
[    6.322417] RDX: 0000000000000002 RSI: ffffffffb77653a0 RDI: ffff9f8ac3816068
[    6.346859] RBP: 0000000000000fff R08: 0000000000000001 R09: 0000000000000000
[    6.359422] R10: 00000000000000f0 R11: 0000000000000000 R12: ffffffffb6c3f9a0
[    6.373365] R13: ffff9f8ac1fd1800 R14: ffffb57080bb7e00 R15: ffff9f8ac12d3d80
[    6.381576] FS:  0000000000000000(0000) GS:ffff9f8b439e6000(0000) knlGS:0000000000000000
[    6.395812] CS:  0010 DS: 0000 ES: 0000 CR0: 0000000080050033
[    6.406660] CR2: 0000000000000000 CR3: 000000003f650001 CR4: 0000000000770ef0
[    6.417460] PKRU: 55555554
[    6.421774] Call Trace:
[    6.426450]  <TASK>
[    6.431602]  ? __pfx_kunit_generic_run_threadfn_adapter+0x10/0x10
[    6.442856]  corten_test_txn_path_overflow+0xb5/0x2a0
[    6.453554]  ? kunit_try_run_case+0x63/0x150
[    6.460492]  kunit_try_run_case+0x6f/0x150
[    6.466827]  ? __pfx_kunit_generic_run_threadfn_adapter+0x10/0x10
[    6.473098]  kunit_generic_run_threadfn_adapter+0x1c/0x40
[    6.482892]  kthread+0x110/0x210
[    6.490798]  ? __pfx_kthread+0x10/0x10
[    6.495565]  ret_from_fork+0x1ed/0x240
[    6.501467]  ? __pfx_kthread+0x10/0x10
[    6.507693]  ret_from_fork_asm+0x1a/0x30
[    6.512219]  </TASK>
[    6.515049] irq event stamp: 784
[    6.519134] hardirqs last  enabled at (794): [<ffffffffb57448ad>] __up_console_sem+0x4d/0x60
[    6.531540] hardirqs last disabled at (803): [<ffffffffb5744892>] __up_console_sem+0x32/0x60
[    6.544313] softirqs last  enabled at (46): [<ffffffffb5a0c2e3>] corten_ptdesc_install+0x123/0x180
[    6.561192] softirqs last disabled at (48): [<ffffffffb5a0c859>] corten_txn_begin+0xa9/0x4c0
[    6.573439] ---[ end trace 0000000000000000 ]---
[    6.579250]     ok 22 corten_test_txn_path_overflow
[    6.582082]     ok 23 corten_test_txn_child_err
[    6.592429]     ok 24 corten_test_real_huge_leaf
[    6.596733]     ok 25 corten_test_full_window_atomic
[    6.608183]     ok 26 corten_test_unmap_dirty_clamp
[    6.614780]     ok 27 corten_test_unmap_dirty_empty
[    6.623700]     ok 28 corten_test_debugfs_content
[    6.628680] # corten: pass:28 fail:0 skip:0 total:28
[    6.634625] # Totals: pass:28 fail:0 skip:0 total:28
[    6.638294] ok 1 corten
[    6.645624]     KTAP version 1
[    6.649228]     # Subtest: corten_arena
[    6.653685]     # module: corten_arena_test
[    6.653692]     1..146
[    6.663351]     ok 1 corten_arena_test_sweep_anon_resident # SKIP resident-stock sweep requires corten=on
[    6.666237]     ok 2 corten_arena_test_sweep_file_resident # SKIP resident-stock sweep requires corten=on
[    6.693635]     ok 3 corten_arena_test_sweep_skip_taxonomy
[    6.706741]     ok 4 corten_arena_test_sweep_skip_special_mapping # SKIP sweep requires corten=on
[    6.716824]     ok 5 corten_arena_test_sweep_skip_brk # SKIP sweep requires corten=on
[    6.737193]     ok 6 corten_arena_test_sweep_empty_anon
[    6.749815]     ok 7 corten_arena_test_sweep_zero_page # SKIP resident-stock sweep requires corten=on
[    6.761206]     ok 8 corten_arena_test_sweep_fork_flags # SKIP resident-stock sweep requires corten=on
[    6.774427]     ok 9 corten_arena_test_sweep_fork_mirror # SKIP sweep fork mirror requires corten=on
[    6.792726]     ok 10 corten_arena_test_sweep_file_exit # SKIP sweep file exit requires corten=on
[    6.816798]     ok 11 corten_arena_test_sweep_mixed_frame_exit # SKIP sweep mixed frame exit requires corten=on
[    6.840172]     ok 12 corten_arena_test_sweep_exit_refusal # SKIP sweep exit refusal requires corten=on
[    6.853471]     ok 13 corten_arena_test_w7_frame_share_adopt # SKIP W-7 frame share requires corten=on
[    6.865166]     ok 14 corten_arena_test_w7_frame_share_fork # SKIP W-7 frame-share fork requires corten=on
[    6.888061]     ok 15 corten_arena_test_w7_frame_share_exit # SKIP W-7 frame-share exit requires corten=on
[    6.916146]     ok 16 corten_arena_test_w7_frame_share_punch # SKIP W-7 frame-share punch requires corten=on
[    6.929385]     ok 17 corten_arena_test_exec_default_off
[    6.941007]     ok 18 corten_arena_test_exec_default_enter # SKIP exec default entry requires corten=on
[    6.948745]     ok 19 corten_arena_test_exec_interp_route # SKIP exec image adoption requires corten=on
[    6.963338]     ok 20 corten_arena_test_exec_interp_multiseg # SKIP exec image adoption requires corten=on
[    6.980275]     ok 21 corten_arena_test_declare_reject
[    6.997626]     ok 22 corten_arena_test_declare_reject_flags
[    7.010586]     ok 23 corten_arena_test_declare_query
[    7.027491]     ok 24 corten_arena_test_range_overlaps # SKIP overlap gate requires corten=on
[    7.051785]     ok 25 corten_arena_test_release
[    7.070241]     ok 26 corten_arena_test_ref_born_atomic
[    7.074611]     ok 27 corten_arena_test_release_classify
[    7.088135]     ok 28 corten_arena_test_shadow_vma
[    7.105645]     ok 29 corten_arena_test_exit
[    7.115489]     ok 30 corten_arena_test_prctl
[    7.127395]     ok 31 corten_arena_test_mode
[    7.137835]     ok 32 corten_arena_test_auto_classify
[    7.156525]     ok 33 corten_arena_test_auto_classify_file
[    7.168928]     ok 34 corten_arena_test_auto_place
[    7.187403]     ok 35 corten_arena_test_auto_route # SKIP auto-mmap route requires corten=on
[    7.196585]     ok 36 corten_arena_test_auto_attach_release # SKIP munmap routing requires corten=on
[    7.221013]     ok 37 corten_arena_test_file_lifecycle # SKIP FILE lifecycle requires corten=on
[    7.239294]     ok 38 corten_arena_test_truncate_route # SKIP H7 gate requires corten=on
[    7.246865]     ok 39 corten_arena_test_registry_inval # SKIP W1.b registry requires corten=on
[    7.261240]     ok 40 corten_arena_test_file_read # SKIP FILE read arm requires corten=on
[    7.280791]     ok 41 corten_arena_test_file_cow # SKIP FILE COW arm requires corten=on
[    7.299572]     ok 42 corten_arena_test_file_rmap_shared # SKIP FILE rmap anchor requires corten=on
[    7.306435]     ok 43 corten_arena_test_ttu_file_route # SKIP W1.d ttu route requires corten=on
[    7.322628]     ok 44 corten_arena_test_ttu_declines # SKIP W1.d ttu declines require corten=on
[    7.336009]     ok 45 corten_arena_test_file_fork_mirror # SKIP FILE fork mirror requires corten=on
[    7.352652]     ok 46 corten_arena_test_file_fork_cow # SKIP FILE fork COW requires corten=on
[    7.369082]     ok 47 corten_arena_test_file_fork_pinned # SKIP FILE fork pinned copy requires corten=on
[    7.393127]     ok 48 corten_arena_test_file_hugetlb_route # SKIP hugetlb route gate requires corten=on
[    7.410268]     ok 49 corten_arena_test_mag_recycle # SKIP auto-mmap route requires corten=on
[    7.422941]     ok 50 corten_arena_test_mag_marker # SKIP auto-mmap route requires corten=on
[    7.437854]     ok 51 corten_arena_test_pool_reuse # SKIP pool routing requires corten=on
[    7.454847]     ok 52 corten_arena_test_pool_limit # SKIP pool routing requires corten=on
[    7.467344]     ok 53 corten_arena_test_pool_mode_exit # SKIP pool routing requires corten=on
[    7.483793]     ok 54 corten_arena_test_pool_fork # SKIP pool routing requires corten=on
[    7.501267]     ok 55 corten_arena_test_noreplace_parked # SKIP placement guards require corten=on
[    7.535631]     ok 56 corten_arena_test_noreplace_active # SKIP placement guards require corten=on
[    7.547821]     ok 57 corten_arena_test_mapfixed_over_parked # SKIP placement guards require corten=on
[    7.555625]     ok 58 corten_arena_test_explicit_anon_region # SKIP explicit region route requires corten=on
[    7.564626]     ok 59 corten_arena_test_explicit_file_region # SKIP explicit region route requires corten=on
[    7.577840]     ok 60 corten_arena_test_occupied_incl_idle # SKIP placement guards require corten=on
[    7.585225]     ok 61 corten_arena_test_p4_eject # SKIP placement guards require corten=on
[    7.595279]     ok 62 corten_arena_test_hint_fence # SKIP placement guards require corten=on
[    7.607048]     ok 63 corten_arena_test_j1_hooks # SKIP J1 hooks require corten=on
[    7.615880]     ok 64 corten_arena_test_j1_self_exempt # SKIP J1 exemption requires corten=on
[    7.627117]     ok 65 corten_arena_test_uffd_window_reject # SKIP uffd short-circuit requires corten=on
[    7.639330]     ok 66 corten_arena_test_j1_implant_exempt # SKIP J1 implant exemption requires corten=on
[    7.647896]     ok 67 corten_arena_test_fault_window_shorts # SKIP fault short-circuit requires corten=on
[    7.658763]     ok 68 corten_arena_test_inv_mv2_clean # SKIP J2 walker requires corten=on
[    7.671868]     ok 69 corten_arena_test_inv_mv2_inject # SKIP J2 injection requires corten=on
[    7.683427]     ok 70 corten_arena_test_inv_mv2_stale # SKIP J2 stale class requires corten=on
[    7.690444]     ok 71 corten_arena_test_inv_mv2_implant_fork # SKIP J2 implant fork requires corten=on
[    7.699797]     ok 72 corten_arena_test_j2_triggers # SKIP J2 triggers require corten=on
[    7.714394]     ok 73 corten_arena_test_msync_window_segments # SKIP msync terminals require corten=on
[    7.719955]     ok 74 corten_arena_test_mincore_route # SKIP mincore terminal requires corten=on
[    7.733275]     ok 75 corten_arena_test_madvise_parked_terminal # SKIP madvise terminal requires corten=on
[    7.743712]     ok 76 corten_arena_test_move_pages_window # SKIP move_pages terminal requires corten=on
[    7.760913]     ok 77 corten_arena_test_mvc_row_stream # SKIP row stream requires corten=on
[    7.776345]     ok 78 corten_arena_test_mvc_merge_first_row # SKIP row stream requires corten=on
[    7.786467]     ok 79 corten_arena_test_mvc_gup_probe # SKIP gup probe requires corten=on
[    7.792359]     ok 80 corten_arena_test_w3_futex_gup_shapes # SKIP futex GUP shapes require corten=on
[    7.800101]     ok 81 corten_arena_test_w3_gup_chunk_promoted_perm # SKIP chunk perm probe requires corten=on
[    7.811821]     ok 82 corten_arena_test_w3_futex_key # SKIP futex key arm requires corten=on
[    7.825124]     ok 83 corten_arena_test_gup_loop_window # SKIP loop anchors require corten=on
[    7.832306]     ok 84 corten_arena_test_gup_loop_legacy # SKIP loop anchors require corten=on
[    7.843534]     ok 85 corten_arena_test_remote_access_window # SKIP remote access anchors require corten=on
[    7.854551]     ok 86 corten_arena_test_remote_poke_cow # SKIP remote poke anchors require corten=on
[    7.866031]     ok 87 corten_arena_test_punch_bare_frame_pte # SKIP punch bare-frame anchor requires corten=on
[    7.874718]     ok 88 corten_arena_test_mvc_smaps_pagemap # SKIP smaps/pagemap aggregation requires corten=on
[    7.886655]     ok 89 corten_arena_test_exit_lifecycle # SKIP lifecycle ledger requires corten=on
[    7.899394]     ok 90 corten_arena_test_exit_punchfork # SKIP punchfork exit ledger requires corten=on
[    7.914264]     ok 91 corten_arena_test_exit_multi_segment # SKIP multi-segment exit requires corten=on
[    7.928308]     ok 92 corten_arena_test_vma_free_reuse # SKIP VMA-free reuse requires corten=on
[    7.939375]     ok 93 corten_arena_test_inv_mv3 # SKIP INV-MV3 requires corten=on
[    7.951962]     ok 94 corten_arena_test_fork_vma_free # SKIP VMA-free fork requires corten=on
[    7.964683]     ok 95 corten_arena_test_vma_free_shrink_pick # SKIP shrinker bodies require corten=on
[    7.995974]     ok 96 corten_arena_test_carrier_shrink_pick # SKIP shrinker bodies require corten=on
[    8.023765]     ok 97 corten_arena_test_auto_validate
[    8.034624]     ok 98 corten_arena_test_carrier_vma # SKIP auto-arena record requires corten=on
[    8.053122]     ok 99 corten_arena_test_fork_punch_novma # SKIP fork mirror requires corten=on
[    8.068778]     ok 100 corten_arena_test_fork_redeclare_content # SKIP fork mirror requires corten=on
[    8.102805]     ok 101 corten_arena_test_region_record
[    8.154700]     ok 102 corten_arena_test_region_iter
[    8.177790]     ok 103 corten_arena_test_region_park # SKIP park routing requires corten=on
[    8.189170]     ok 104 corten_arena_test_region_fork
[    8.209942]     ok 105 corten_arena_test_mprotect_route # SKIP mprotect route requires corten=on
[    8.216310]     ok 106 corten_arena_test_protect_flags_kernel_gate # SKIP mprotect route requires corten=on
[    8.230901]     ok 107 corten_arena_test_madvise_route # SKIP madvise route requires corten=on
[    8.253741]     ok 108 corten_arena_test_mremap_route # SKIP mremap route requires corten=on
[    8.268913]     ok 109 corten_arena_test_fork_faithful # SKIP metadata mirror requires corten=on
[    8.293374]     ok 110 corten_arena_test_fork_unwind
[    8.313014]     ok 111 corten_arena_test_fork_multipiece
[    8.327448]     ok 112 corten_arena_test_fork_perm # SKIP mprotect route requires corten=on
[    8.340311]     ok 113 corten_arena_test_inv7_shared_ro # SKIP metadata mirror requires corten=on
[    8.359292]     ok 114 corten_arena_test_inv7_swapped # SKIP metadata mirror requires corten=on
[    8.377346]     ok 115 corten_arena_test_shrink_registry_count # SKIP shrinker bodies require corten=on
[    8.393612]     ok 116 corten_arena_test_shrink_aging_two_pass # SKIP shrinker bodies require corten=on
[    8.406645]     ok 117 corten_arena_test_shrink_rotation # SKIP shrinker bodies require corten=on
[    8.425597]     ok 118 corten_arena_test_fork_swapped # SKIP fork mirror requires corten=on
[    8.441199]     ok 119 corten_arena_test_fork_f2_gate # SKIP metadata mirror requires corten=on
[    8.469366]     ok 120 corten_arena_test_fork_drain_leak # SKIP metadata mirror requires corten=on
[    8.485956]     ok 121 corten_arena_test_unshare_pin # SKIP metadata mirror requires corten=on
[    8.525033]     ok 122 corten_arena_test_fork_reuse_exclusive # SKIP metadata mirror requires corten=on
[    8.563082]     ok 123 corten_arena_test_gup_state1_uncommitted # SKIP metadata mirror requires corten=on
[    8.585691]     ok 124 corten_arena_test_gup_state2_committed_rw # SKIP metadata mirror requires corten=on
[    8.603645]     ok 125 corten_arena_test_gup_state3_fork_cow # SKIP metadata mirror requires corten=on
[    8.635681]     ok 126 corten_arena_test_gup_state3b_downgrade_restore # SKIP metadata mirror requires corten=on
[    8.651986]     ok 127 corten_arena_test_gup_state4_pin_zap # SKIP metadata mirror requires corten=on
[    8.689822]     ok 128 corten_arena_test_concurrent
[    8.728183]     ok 129 corten_arena_test_concurrent_window
[    8.739473]     ok 130 corten_arena_test_obs_ledger
[    8.748880]     ok 131 corten_arena_test_drain_timeout_stat
[    8.755150]     ok 132 corten_arena_test_declare_probe_stale_pt
[    8.764673]     ok 133 corten_arena_test_probe_skip_mm_attribution # SKIP probe attribution anchor requires corten=on
[    8.773455]     ok 134 corten_arena_test_munmap_shared_upper_gate # SKIP munmap upper-gate anchor requires corten=on
[    8.789490]     ok 135 corten_arena_test_exit_warm_span_closure # SKIP warm-span closure anchor requires corten=on
[    8.801883]     ok 136 corten_arena_test_brk_boundary_strand # SKIP brk region migration requires corten=on
[    8.823571]     ok 137 corten_arena_test_dirty_range_park # SKIP dirty-range anchor requires corten=on
[    8.836968]     ok 138 corten_arena_test_dirty_range_scattered # SKIP dirty-range anchor requires corten=on
[    8.850658]     ok 139 corten_arena_test_stats_walk_budget # SKIP stats budget anchor requires corten=on
[    8.871342]     ok 140 corten_arena_test_fault_stat_parity # SKIP fault stat anchor requires corten=on
[    8.886387]     ok 141 corten_arena_test_fault_stampede # SKIP fault stampede anchor requires corten=on
[    8.893409] ------------[ cut here ]------------
[    8.910100] WARNING: CPU: 5 PID: 469 at mm/vmstat.c:397 __mod_node_page_state+0x79/0xb0
[    8.918970] Modules linked in:
[    8.922018] CPU: 5 UID: 0 PID: 469 Comm: kunit_try_catch Tainted: G        W        N  6.18.32-g6f42d5daeadc #408 PREEMPT(voluntary) 
[    8.939526] Tainted: [W]=WARN, [N]=TEST
[    8.950182] Hardware name: QEMU Standard PC (i440FX + PIIX, 1996), BIOS 1.15.0-1 04/01/2014
[    8.967701] RIP: 0010:__mod_node_page_state+0x79/0xb0
[    8.979175] Code: 48 0f 48 c2 48 39 c6 7c 26 65 88 17 e9 90 a7 1a 01 65 f7 05 55 ee a5 02 ff ff ff 7f 75 cf 65 8b 05 a8 2d a6 02 85 c0 74 c4 90 <0f> 0b 90 eb be 4a 8d 04 cd 08 40 00 00 f0 48 01 14 01 48 2d 08 40
[    9.013067] RSP: 0000:ffffb5708158fe10 EFLAGS: 00010202
[    9.023461] RAX: 0000000000000001 RBX: 0000000000000000 RCX: ffff9f8affff9e40
[    9.032893] RDX: 0000000000000001 RSI: 000000000000000c RDI: ffffffffb83cca9a
[    9.045190] RBP: ffffb57080013a08 R08: ffffffffb83cca88 R09: 0000000000000011
[    9.058297] R10: 0000000000000000 R11: 0000000000000000 R12: ffffe25b8405b100
[    9.071472] R13: ffff9f8affff9e40 R14: 0000000000000000 R15: ffffe25b8405b140
[    9.095808] FS:  0000000000000000(0000) GS:ffff9f8b439a6000(0000) knlGS:0000000000000000
[    9.113131] CS:  0010 DS: 0000 ES: 0000 CR0: 0000000080050033
[    9.127366] CR2: 0000000000000000 CR3: 0000000103e47003 CR4: 0000000000770ef0
[    9.143905] PKRU: 55555554
[    9.151124] Call Trace:
[    9.162953]  <TASK>
[    9.168059]  corten_arena_test_novma_rmap+0x15e/0xc00
[    9.180122]  ? __pfx_kunit_generic_run_threadfn_adapter+0x10/0x10
[    9.208065]  kunit_try_run_case+0x6f/0x150
[    9.217003]  ? __pfx_kunit_generic_run_threadfn_adapter+0x10/0x10
[    9.229252]  kunit_generic_run_threadfn_adapter+0x1c/0x40
[    9.233200]  kthread+0x110/0x210
[    9.235855]  ? __pfx_kthread+0x10/0x10
[    9.249312]  ret_from_fork+0x1ed/0x240
[    9.255703]  ? __pfx_kthread+0x10/0x10
[    9.264855]  ret_from_fork_asm+0x1a/0x30
[    9.276937]  </TASK>
[    9.278258] irq event stamp: 381
[    9.285952] hardirqs last  enabled at (391): [<ffffffffb57448ad>] __up_console_sem+0x4d/0x60
[    9.306165] hardirqs last disabled at (406): [<ffffffffb5744892>] __up_console_sem+0x32/0x60
[    9.317503] softirqs last  enabled at (404): [<ffffffffb56aa60e>] handle_softirqs+0x2ee/0x3b0
[    9.324380] softirqs last disabled at (399): [<ffffffffb56aa7e1>] __irq_exit_rcu+0xa1/0xc0
[    9.344179] ---[ end trace 0000000000000000 ]---
[    9.358925]     ok 142 corten_arena_test_novma_rmap
[    9.362778]     ok 143 corten_arena_test_brk_delegation # SKIP brk ledger requires corten=on
[    9.378916]     ok 144 corten_arena_test_brk_region_route # SKIP brk region migration requires corten=on
[    9.389770]     ok 145 corten_arena_test_brk_region_exit # SKIP brk region migration requires corten=on
[    9.418869]     ok 146 corten_arena_test_whitelist_audit # SKIP whitelist audit requires corten=on
[    9.435526] # corten_arena: pass:28 fail:0 skip:118 total:146
[    9.447127] # Totals: pass:28 fail:0 skip:118 total:146
[    9.456536] ok 2 corten_arena
[    9.471174]     KTAP version 1
[    9.477228]     # Subtest: corten_fault
[    9.486357]     # module: corten_fault_test
[    9.486361]     1..39
[    9.502266]     ok 1 corten_fault_test_dispatch
[    9.506773]     ok 2 corten_fault_test_fig8_cow
[    9.519971]     ok 3 corten_fault_test_unmap_classify
[    9.531326]     ok 4 corten_fault_test_mmap_classify
[    9.543699]     ok 5 corten_fault_test_file_may_matrix
[    9.552889]     ok 6 corten_fault_test_punch_classify
[    9.561360]     ok 7 corten_fault_test_map_anon # SKIP real fault chain requires corten=on
[    9.566959]     ok 8 corten_fault_test_zero_page # SKIP real fault chain requires corten=on
[    9.581604]     ok 9 corten_fault_test_sigsegv # SKIP real fault chain requires corten=on
[    9.595274]     ok 10 corten_fault_test_fresh_fault # SKIP real fault chain requires corten=on
[    9.603645]     ok 11 corten_fault_test_churn_repro # SKIP real fault chain requires corten=on
[    9.614628]     ok 12 corten_fault_test_untracked_drift # SKIP real fault chain requires corten=on
[    9.624425]     ok 13 corten_fault_test_restore # SKIP real fault chain requires corten=on
[    9.636804]     ok 14 corten_fault_test_cow_reuse # SKIP real fault chain requires corten=on
[    9.651786]     ok 15 corten_fault_test_cow_copy # SKIP real fault chain requires corten=on
[    9.670992]     ok 16 corten_fault_test_foll_force # SKIP real fault chain requires corten=on
[    9.684332]     ok 17 corten_fault_test_cow_race # SKIP real fault chain requires corten=on
[    9.700541]     ok 18 corten_fault_test_mprotect_pte # SKIP real fault chain requires corten=on
[    9.707867]     ok 19 corten_fault_test_mprotect_fresh # SKIP real fault chain requires corten=on
[    9.714876]     ok 20 corten_fault_test_zap_keep_perm # SKIP real fault chain requires corten=on
[    9.733205]     ok 21 corten_fault_test_zap_keep_perm_downgrade # SKIP real fault chain requires corten=on
[    9.776474]     ok 22 corten_fault_test_untracked_rearm # SKIP real fault chain requires corten=on
[    9.792931]     ok 23 corten_fault_test_fill_upper_race # SKIP real fault chain requires corten=on
[    9.805082]     ok 24 corten_fault_test_map_race # SKIP real fault chain requires corten=on
[    9.815739]     ok 25 corten_fault_test_chunk_unmap # SKIP real fault chain requires corten=on
[    9.828185]     ok 26 corten_fault_test_punch_hole # SKIP real fault chain requires corten=on
[    9.840320]     ok 27 corten_fault_test_punch_head # SKIP real fault chain requires corten=on
[    9.851930]     ok 28 corten_fault_test_rmap_guard # SKIP reclaim guard requires corten=on
[    9.865241]     ok 29 corten_fault_test_ttu_route # SKIP ttu route requires corten=on
[    9.875952]     ok 30 corten_fault_test_ttu_dual_entry # SKIP ttu dual entry requires corten=on
[    9.886060]     ok 31 corten_fault_test_reap_skip # SKIP reap skip requires corten=on
[    9.893918]     ok 32 corten_fault_test_swap_encode
[    9.903330]     ok 33 corten_fault_test_swap_roundtrip # SKIP swap transaction requires corten=on
[    9.910789]     ok 34 corten_fault_test_swap_zap_free # SKIP swap transaction requires corten=on
[    9.919183]     ok 35 corten_fault_test_driver_keep_noswap # SKIP driver requires corten=on
[    9.930048]     ok 36 corten_fault_test_driver_swap_roundtrip # SKIP driver requires corten=on
[    9.936982]     ok 37 corten_fault_test_swap_mprotect_pending # SKIP real fault chain requires corten=on
[    9.947837]     ok 38 corten_fault_test_unuse_windows # SKIP unuse sweep requires corten=on
[    9.953711]     ok 39 corten_fault_test_unuse_windows_cache # SKIP unuse sweep requires corten=on
[    9.960644] # corten_fault: pass:7 fail:0 skip:32 total:39
[    9.967381] # Totals: pass:7 fail:0 skip:32 total:39
[    9.972917] ok 3 corten_fault
[    9.994950] check access for rdinit=/init failed: -2, ignoring
[    9.998506] md: Waiting for all devices to be available before autodetect
[   10.004801] md: If you don't use raid, use raid=noautodetect
[   10.009279] md: Autodetecting RAID arrays.
[   10.011467] md: autorun ...
[   10.014336] md: ... autorun DONE.
[   10.021595] /dev/root: Can't open blockdev
[   10.024297] VFS: Cannot open root device "" or unknown-block(0,0): error -6
[   10.029434] Please append a correct "root=" boot option; here are the available partitions:
[   10.035415] 0b00         1048575 sr0 
[   10.035419]  driver: sr
[   10.040008] List of all bdev filesystems:
[   10.041127]  ext3
[   10.041130]  ext2
[   10.042472]  ext4
[   10.044314]  vfat
[   10.046582]  msdos
[   10.048198]  iso9660
[   10.050760]  f2fs
[   10.053593]  erofs
[   10.054200] 
[   10.056782] Kernel panic - not syncing: VFS: Unable to mount root fs on unknown-block(0,0)
[   10.063558] CPU: 7 UID: 0 PID: 1 Comm: swapper/0 Tainted: G        W        N  6.18.32-g6f42d5daeadc #408 PREEMPT(voluntary) 
[   10.070275] Tainted: [W]=WARN, [N]=TEST
[   10.071266] Hardware name: QEMU Standard PC (i440FX + PIIX, 1996), BIOS 1.15.0-1 04/01/2014
[   10.077417] Call Trace:
[   10.079726]  <TASK>
[   10.081382]  vpanic+0x328/0x370
[   10.083087]  panic+0x56/0x60
[   10.085496]  mount_root_generic+0x1ff/0x320
[   10.087733]  prepare_namespace+0x63/0x270
[   10.090190]  kernel_init_freeable+0x3c3/0x410
[   10.093676]  ? __pfx_kernel_init+0x10/0x10
[   10.097530]  kernel_init+0x15/0x1c0
[   10.100297]  ret_from_fork+0x1ed/0x240
[   10.101828]  ? __pfx_kernel_init+0x10/0x10
[   10.103420]  ret_from_fork_asm+0x1a/0x30
[   10.106683]  </TASK>
[   10.117149] Kernel Offset: 0x34400000 from 0xffffffff81000000 (relocation range: 0xffffffff80000000-0xffffffffbfffffff)
