[    0.000000] Linux version 6.18.32-g708c3294698d-dirty (ppw@vm) (gcc (Ubuntu 11.4.0-1ubuntu1~22.04.3) 11.4.0, GNU ld (GNU Binutils for Ubuntu) 2.38) #1 SMP PREEMPT_DYNAMIC Sat Sep 26 08:23:55 CST 2026
[    0.000000] Command line: console=ttyS0 root=/dev/vda rw net.ifnames=0 systemd.mask=sys-kernel-config.mount corten=on mitigations=off kunit.enable=0
[    0.000000] BIOS-provided physical RAM map:
[    0.000000] BIOS-e820: [mem 0x0000000000000000-0x000000000009fbff] usable
[    0.000000] BIOS-e820: [mem 0x000000000009fc00-0x000000000009ffff] reserved
[    0.000000] BIOS-e820: [mem 0x00000000000f0000-0x00000000000fffff] reserved
[    0.000000] BIOS-e820: [mem 0x0000000000100000-0x00000000bffdcfff] usable
[    0.000000] BIOS-e820: [mem 0x00000000bffdd000-0x00000000bfffffff] reserved
[    0.000000] BIOS-e820: [mem 0x00000000feffc000-0x00000000feffffff] reserved
[    0.000000] BIOS-e820: [mem 0x00000000fffc0000-0x00000000ffffffff] reserved
[    0.000000] BIOS-e820: [mem 0x0000000100000000-0x000000013fffffff] usable
[    0.000000] NX (Execute Disable) protection: active
[    0.000000] APIC: Static calls initialized
[    0.000000] SMBIOS 2.8 present.
[    0.000000] DMI: QEMU Standard PC (i440FX + PIIX, 1996), BIOS 1.15.0-1 04/01/2014
[    0.000000] DMI: Memory slots populated: 1/1
[    0.000000] Hypervisor detected: KVM
[    0.000000] last_pfn = 0xbffdd max_arch_pfn = 0x400000000
[    0.000000] kvm-clock: Using msrs 4b564d01 and 4b564d00
[    0.000007] kvm-clock: using sched offset of 2727346298 cycles
[    0.000015] clocksource: kvm-clock: mask: 0xffffffffffffffff max_cycles: 0x1cd42e4dffb, max_idle_ns: 881590591483 ns
[    0.000487] tsc: Detected 2419.196 MHz processor
[    0.003882] e820: update [mem 0x00000000-0x00000fff] usable ==> reserved
[    0.003893] e820: remove [mem 0x000a0000-0x000fffff] usable
[    0.003906] last_pfn = 0x140000 max_arch_pfn = 0x400000000
[    0.004563] MTRR map: 4 entries (3 fixed + 1 variable; max 19), built from 8 variable MTRRs
[    0.004589] x86/PAT: Configuration [0-7]: WB  WC  UC- UC  WB  WP  UC- WT  
[    0.005930] last_pfn = 0xbffdd max_arch_pfn = 0x400000000
[    0.024282] found SMP MP-table at [mem 0x000f5b90-0x000f5b9f]
[    0.024543] Using GB pages for direct mapping
[    0.025331] ACPI: Early table checksum verification disabled
[    0.025474] ACPI: RSDP 0x00000000000F59B0 000014 (v00 BOCHS )
[    0.025620] ACPI: RSDT 0x00000000BFFE1BA3 000034 (v01 BOCHS  BXPC     00000001 BXPC 00000001)
[    0.025737] ACPI: FACP 0x00000000BFFE1A1F 000074 (v01 BOCHS  BXPC     00000001 BXPC 00000001)
[    0.025856] ACPI: DSDT 0x00000000BFFE0040 0019DF (v01 BOCHS  BXPC     00000001 BXPC 00000001)
[    0.025864] ACPI: FACS 0x00000000BFFE0000 000040
[    0.025869] ACPI: APIC 0x00000000BFFE1A93 0000B0 (v01 BOCHS  BXPC     00000001 BXPC 00000001)
[    0.025875] ACPI: HPET 0x00000000BFFE1B43 000038 (v01 BOCHS  BXPC     00000001 BXPC 00000001)
[    0.025881] ACPI: WAET 0x00000000BFFE1B7B 000028 (v01 BOCHS  BXPC     00000001 BXPC 00000001)
[    0.025886] ACPI: Reserving FACP table memory at [mem 0xbffe1a1f-0xbffe1a92]
[    0.025890] ACPI: Reserving DSDT table memory at [mem 0xbffe0040-0xbffe1a1e]
[    0.025893] ACPI: Reserving FACS table memory at [mem 0xbffe0000-0xbffe003f]
[    0.025894] ACPI: Reserving APIC table memory at [mem 0xbffe1a93-0xbffe1b42]
[    0.025896] ACPI: Reserving HPET table memory at [mem 0xbffe1b43-0xbffe1b7a]
[    0.025897] ACPI: Reserving WAET table memory at [mem 0xbffe1b7b-0xbffe1ba2]
[    0.036650] No NUMA configuration found
[    0.036659] Faking a node at [mem 0x0000000000000000-0x000000013fffffff]
[    0.036670] NODE_DATA(0) allocated [mem 0x13fffc140-0x13fffffff]
[    0.041033] Zone ranges:
[    0.041038]   DMA      [mem 0x0000000000001000-0x0000000000ffffff]
[    0.041045]   DMA32    [mem 0x0000000001000000-0x00000000ffffffff]
[    0.041049]   Normal   [mem 0x0000000100000000-0x000000013fffffff]
[    0.041052] Movable zone start for each node
[    0.041054] Early memory node ranges
[    0.041055]   node   0: [mem 0x0000000000001000-0x000000000009efff]
[    0.041125]   node   0: [mem 0x0000000000100000-0x00000000bffdcfff]
[    0.041130]   node   0: [mem 0x0000000100000000-0x000000013fffffff]
[    0.041133] Initmem setup node 0 [mem 0x0000000000001000-0x000000013fffffff]
[    0.044621] On node 0, zone DMA: 1 pages in unavailable ranges
[    0.048725] On node 0, zone DMA: 97 pages in unavailable ranges
[    0.456181] On node 0, zone Normal: 35 pages in unavailable ranges
[    0.460047] ACPI: PM-Timer IO Port: 0x608
[    0.460140] ACPI: LAPIC_NMI (acpi_id[0xff] dfl dfl lint[0x1])
[    0.463292] IOAPIC[0]: apic_id 0, version 17, address 0xfec00000, GSI 0-23
[    0.463301] ACPI: INT_SRC_OVR (bus 0 bus_irq 0 global_irq 2 dfl dfl)
[    0.463303] ACPI: INT_SRC_OVR (bus 0 bus_irq 5 global_irq 5 high level)
[    0.463304] ACPI: INT_SRC_OVR (bus 0 bus_irq 9 global_irq 9 high level)
[    0.463314] ACPI: INT_SRC_OVR (bus 0 bus_irq 10 global_irq 10 high level)
[    0.463316] ACPI: INT_SRC_OVR (bus 0 bus_irq 11 global_irq 11 high level)
[    0.463318] ACPI: Using ACPI (MADT) for SMP configuration information
[    0.463319] ACPI: HPET id: 0x8086a201 base: 0xfed00000
[    0.463324] TSC deadline timer available
[    0.463327] CPU topo: Max. logical packages:   1
[    0.463328] CPU topo: Max. logical dies:       1
[    0.463328] CPU topo: Max. dies per package:   1
[    0.463331] CPU topo: Max. threads per core:   1
[    0.463339] CPU topo: Num. cores per package:     8
[    0.463340] CPU topo: Num. threads per package:   8
[    0.463340] CPU topo: Allowing 8 present CPUs plus 0 hotplug CPUs
[    0.463377] kvm-guest: APIC: eoi() replaced with kvm_guest_apic_eoi_write()
[    0.463421] kvm-guest: KVM setup pv remote TLB flush
[    0.463436] kvm-guest: setup PV sched yield
[    0.464498] PM: hibernation: Registered nosave memory: [mem 0x00000000-0x00000fff]
[    0.464505] PM: hibernation: Registered nosave memory: [mem 0x0009f000-0x000fffff]
[    0.464509] PM: hibernation: Registered nosave memory: [mem 0xbffdd000-0xffffffff]
[    0.464513] [mem 0xc0000000-0xfeffbfff] available for PCI devices
[    0.464517] Booting paravirtualized kernel on KVM
[    0.464623] clocksource: refined-jiffies: mask: 0xffffffff max_cycles: 0xffffffff, max_idle_ns: 1910969940391419 ns
[    0.487965] setup_percpu: NR_CPUS:64 nr_cpumask_bits:8 nr_cpu_ids:8 nr_node_ids:1
[    0.498409] percpu: Embedded 54 pages/cpu s182680 r8192 d30312 u262144
[    0.498491] pcpu-alloc: s182680 r8192 d30312 u262144 alloc=1*2097152
[    0.498499] pcpu-alloc: [0] 0 1 2 3 4 5 6 7 
[    0.498780] Kernel command line: console=ttyS0 root=/dev/vda rw net.ifnames=0 systemd.mask=sys-kernel-config.mount corten=on mitigations=off kunit.enable=0
[    0.501220] corten: requested on, activating at initcall time
[    0.501341] random: crng init done
[    0.501344] printk: log buffer data + meta data: 262144 + 917504 = 1179648 bytes
[    0.520737] Dentry cache hash table entries: 524288 (order: 10, 4194304 bytes, linear)
[    0.530419] Inode-cache hash table entries: 262144 (order: 9, 2097152 bytes, linear)
[    0.531593] software IO TLB: area num 8.
[    0.875723] Fallback order for Node 0: 0 
[    0.875758] Built 1 zonelists, mobility grouping on.  Total pages: 1048443
[    0.875763] Policy zone: Normal
[    0.875767] mem auto-init: stack:off, heap alloc:off, heap free:off
[    0.902446] SLUB: HWalign=64, Order=0-3, MinObjects=0, CPUs=8, Nodes=1
[    0.919483] Dynamic Preempt: voluntary
[    0.921696] rcu: Preemptible hierarchical RCU implementation.
[    0.921700] rcu: 	RCU event tracing is enabled.
[    0.921701] rcu: 	RCU restricting CPUs from NR_CPUS=64 to nr_cpu_ids=8.
[    0.921705] 	Trampoline variant of Tasks RCU enabled.
[    0.921706] 	Tracing variant of Tasks RCU enabled.
[    0.921707] rcu: RCU calculated value of scheduler-enlistment delay is 100 jiffies.
[    0.921709] rcu: Adjusting geometry for rcu_fanout_leaf=16, nr_cpu_ids=8
[    0.921807] RCU Tasks: Setting shift to 3 and lim to 1 rcu_task_cb_adjust=1 rcu_task_cpu_ids=8.
[    0.921812] RCU Tasks Trace: Setting shift to 3 and lim to 1 rcu_task_cb_adjust=1 rcu_task_cpu_ids=8.
[    0.935712] NR_IRQS: 4352, nr_irqs: 488, preallocated irqs: 16
[    0.937240] rcu: srcu_init: Setting srcu_struct sizes based on contention.
[    1.015288] Console: colour VGA+ 80x25
[    1.015852] printk: legacy console [ttyS0] enabled
[    2.302870] ACPI: Core revision 20250807
[    2.315113] clocksource: hpet: mask: 0xffffffff max_cycles: 0xffffffff, max_idle_ns: 19112604467 ns
[    2.327454] APIC: Switch to symmetric I/O mode setup
[    2.338936] x2apic enabled
[    2.348868] APIC: Switched APIC routing to: physical x2apic
[    2.357574] kvm-guest: APIC: send_IPI_mask() replaced with kvm_send_ipi_mask()
[    2.367812] kvm-guest: APIC: send_IPI_mask_allbutself() replaced with kvm_send_ipi_mask_allbutself()
[    2.376348] kvm-guest: setup PV IPIs
[    2.406294] ..TIMER: vector=0x30 apic1=0 pin1=2 apic2=-1 pin2=-1
[    2.423370] clocksource: tsc-early: mask: 0xffffffffffffffff max_cycles: 0x22df0d21928, max_idle_ns: 440795225288 ns
[    2.443593] Calibrating delay loop (skipped) preset value.. 4838.39 BogoMIPS (lpj=2419196)
[    2.445992] x86/cpu: User Mode Instruction Prevention (UMIP) activated
[    2.447663] Last level iTLB entries: 4KB 0, 2MB 0, 4MB 0
[    2.448589] Last level dTLB entries: 4KB 0, 2MB 0, 4MB 0, 1GB 0
[    2.449752] mitigations: Enabled attack vectors: SMT mitigations: off
[    2.450634] Speculative Store Bypass: Vulnerable
[    2.451596] Spectre V2 : Vulnerable
[    2.452600] ITS: Vulnerable
[    2.453593] Spectre V1 : Vulnerable: __user pointer sanitization and usercopy barriers only; no swapgs barriers
[    2.455097] x86/fpu: Supporting XSAVE feature 0x001: 'x87 floating point registers'
[    2.455597] x86/fpu: Supporting XSAVE feature 0x002: 'SSE registers'
[    2.456586] x86/fpu: Supporting XSAVE feature 0x004: 'AVX registers'
[    2.457599] x86/fpu: Supporting XSAVE feature 0x200: 'Protection Keys User registers'
[    2.458595] x86/fpu: xstate_offset[2]:  576, xstate_sizes[2]:  256
[    2.459595] x86/fpu: xstate_offset[9]:  832, xstate_sizes[9]:    8
[    2.460589] x86/fpu: Enabled xstate features 0x207, context size is 840 bytes, using 'compacted' format.
[    2.536873] Freeing SMP alternatives memory: 64K
[    2.537588] pid_max: default: 32768 minimum: 301
[    2.538859] LSM: initializing lsm=capability,selinux
[    2.539630] SELinux:  Initializing.
[    2.542659] Mount-cache hash table entries: 8192 (order: 4, 65536 bytes, linear)
[    2.543788] Mountpoint-cache hash table entries: 8192 (order: 4, 65536 bytes, linear)
[    2.550598] smpboot: CPU0: 13th Gen Intel(R) Core(TM) i9-13900HX (family: 0x6, model: 0xb7, stepping: 0x1)
[    2.553313] Performance Events: Alderlake Hybrid events, core PMU driver.
[    2.555599] core: CPUID marked event: 'cpu cycles' unavailable
[    2.556640] core: CPUID marked event: 'instructions' unavailable
[    2.557639] core: CPUID marked event: 'bus cycles' unavailable
[    2.558788] core: CPUID marked event: 'cache references' unavailable
[    2.559736] core: CPUID marked event: 'cache misses' unavailable
[    2.560640] core: CPUID marked event: 'branch instructions' unavailable
[    2.561641] core: CPUID marked event: 'branch misses' unavailable
[    2.563272] core: The event 0x100 is not supported as a normal event.
[    2.563606] core: The event 0x300 is not supported as a normal event.
[    2.564601] core: The event 0x400 is not supported as a normal event.
[    2.565602] core: The event 0x8000 is not supported as a normal event.
[    2.566631] core: The event 0x8100 is not supported as a normal event.
[    2.567623] core: The event 0x8200 is not supported as a normal event.
[    2.568619] core: The event 0x8300 is not supported as a normal event.
[    2.569609] core: The event 0x8400 is not supported as a normal event.
[    2.570647] core: The event 0x8500 is not supported as a normal event.
[    2.571605] core: The event 0x8600 is not supported as a normal event.
[    2.572637] core: The event 0x8700 is not supported as a normal event.
[    2.574097] core: cpu_core PMU driver: 
[    2.574627] ... version:                   1
[    2.575643] ... bit width:                 48
[    2.576628] ... generic counters:          6
[    2.577632] ... generic bitmap:            000000000000003f
[    2.578635] ... fixed-purpose counters:    0
[    2.579640] ... fixed-purpose bitmap:      0000000000000000
[    2.580641] ... value mask:                0000ffffffffffff
[    2.581671] ... max period:                000000007fffffff
[    2.582601] ... global_ctrl mask:          000100000000003f
[    2.584467] signal: max sigframe size: 3632
[    2.585199] rcu: Hierarchical SRCU implementation.
[    2.585632] rcu: 	Max phase no-delay instances is 400.
[    2.587032] Timer migration: 1 hierarchy levels; 8 children per group; 1 crossnode level
[    2.589982] corten: page descriptors enabled
[    2.591808] smp: Bringing up secondary CPUs ...
[    2.593582] smpboot: x86: Booting SMP configuration:
[    2.593846] .... node  #0, CPUs:      #1 #2 #3 #4 #5 #6 #7
[    2.643059] smp: Brought up 1 node, 8 CPUs
[    2.644639] smpboot: Total of 8 processors activated (38707.13 BogoMIPS)
[    2.650065] Memory: 4000348K/4193772K available (21658K kernel code, 3203K rwdata, 9104K rodata, 3280K init, 1152K bss, 187584K reserved, 0K cma-reserved)
[    2.652263] devtmpfs: initialized
[    2.656688] clocksource: jiffies: mask: 0xffffffff max_cycles: 0xffffffff, max_idle_ns: 1911260446275000 ns
[    2.657654] posixtimers hash table entries: 4096 (order: 4, 65536 bytes, linear)
[    2.659664] futex hash table entries: 2048 (131072 bytes on 1 NUMA nodes, total 128 KiB, linear).
[    2.661625] PM: RTC time: 00:29:34, date: 2026-09-26
[    2.678894] NET: Registered PF_NETLINK/PF_ROUTE protocol family
[    2.680219] audit: initializing netlink subsys (disabled)
[    2.682124] thermal_sys: Registered thermal governor 'step_wise'
[    2.681633] audit: type=2000 audit(1790382572.541:1): state=initialized audit_enabled=0 res=1
[    2.709640] cpuidle: using governor menu
[    2.711927] PCI: Using configuration type 1 for base access
[    2.712783] kprobes: kprobe jump-optimization is enabled. All kprobes are optimized if possible.
[    2.717632] HugeTLB: registered 2.00 MiB page size, pre-allocated 0 pages
[    2.718618] HugeTLB: 28 KiB vmemmap can be freed for a 2.00 MiB page
[    2.746524] ACPI: Added _OSI(Module Device)
[    2.746630] ACPI: Added _OSI(Processor Device)
[    2.747634] ACPI: Added _OSI(Processor Aggregator Device)
[    2.750318] ACPI: 1 ACPI AML tables successfully acquired and loaded
[    2.754946] ACPI: Interpreter enabled
[    2.755749] ACPI: PM: (supports S0 S3 S4 S5)
[    2.756637] ACPI: Using IOAPIC for interrupt routing
[    2.758035] PCI: Using host bridge windows from ACPI; if necessary, use "pci=nocrs" and report a bug
[    2.758600] PCI: Using E820 reservations for host bridge windows
[    2.759730] ACPI: Enabled 2 GPEs in block 00 to 0F
[    2.764356] ACPI: PCI Root Bridge [PCI0] (domain 0000 [bus 00-ff])
[    2.764611] acpi PNP0A03:00: _OSC: OS supports [ASPM ClockPM Segments MSI HPX-Type3]
[    2.765637] acpi PNP0A03:00: _OSC: not requesting OS control; OS requires [ExtendedConfig ASPM ClockPM MSI]
[    2.766623] acpi PNP0A03:00: fail to add MMCONFIG information, can't access extended configuration space under this bridge
[    2.767749] PCI host bridge to bus 0000:00
[    2.768659] pci_bus 0000:00: root bus resource [io  0x0000-0x0cf7 window]
[    2.769602] pci_bus 0000:00: root bus resource [io  0x0d00-0xffff window]
[    2.770639] pci_bus 0000:00: root bus resource [mem 0x000a0000-0x000bffff window]
[    2.771645] pci_bus 0000:00: root bus resource [mem 0xc0000000-0xfebfffff window]
[    2.772645] pci_bus 0000:00: root bus resource [mem 0x140000000-0x1bfffffff window]
[    2.773605] pci_bus 0000:00: root bus resource [bus 00-ff]
[    2.774982] pci 0000:00:00.0: [8086:1237] type 00 class 0x060000 conventional PCI endpoint
[    2.779097] pci 0000:00:01.0: [8086:7000] type 00 class 0x060100 conventional PCI endpoint
[    2.782798] pci 0000:00:01.1: [8086:7010] type 00 class 0x010180 conventional PCI endpoint
[    2.784876] pci 0000:00:01.1: BAR 4 [io  0xc0e0-0xc0ef]
[    2.786030] pci 0000:00:01.1: BAR 0 [io  0x01f0-0x01f7]: legacy IDE quirk
[    2.786635] pci 0000:00:01.1: BAR 1 [io  0x03f6]: legacy IDE quirk
[    2.787610] pci 0000:00:01.1: BAR 2 [io  0x0170-0x0177]: legacy IDE quirk
[    2.788604] pci 0000:00:01.1: BAR 3 [io  0x0376]: legacy IDE quirk
[    2.790582] pci 0000:00:01.3: [8086:7113] type 00 class 0x068000 conventional PCI endpoint
[    2.793330] pci 0000:00:01.3: quirk: [io  0x0600-0x063f] claimed by PIIX4 ACPI
[    2.793734] pci 0000:00:01.3: quirk: [io  0x0700-0x070f] claimed by PIIX4 SMB
[    2.795978] pci 0000:00:02.0: [1234:1111] type 00 class 0x030000 conventional PCI endpoint
[    2.802187] pci 0000:00:02.0: BAR 0 [mem 0xfd000000-0xfdffffff pref]
[    2.803754] pci 0000:00:02.0: BAR 2 [mem 0xfeb90000-0xfeb90fff]
[    2.804955] pci 0000:00:02.0: ROM [mem 0xfeb80000-0xfeb8ffff pref]
[    2.812548] pci 0000:00:02.0: Video device with shadowed ROM at [mem 0x000c0000-0x000dffff]
[    2.835697] pci 0000:00:03.0: [1af4:1000] type 00 class 0x020000 conventional PCI endpoint
[    2.840732] pci 0000:00:03.0: BAR 0 [io  0xc0c0-0xc0df]
[    2.841749] pci 0000:00:03.0: BAR 1 [mem 0xfeb91000-0xfeb91fff]
[    2.842973] pci 0000:00:03.0: BAR 4 [mem 0xfe000000-0xfe003fff 64bit pref]
[    2.843785] pci 0000:00:03.0: ROM [mem 0xfeb00000-0xfeb7ffff pref]
[    2.851185] pci 0000:00:04.0: [1af4:1009] type 00 class 0x000200 conventional PCI endpoint
[    2.854739] pci 0000:00:04.0: BAR 0 [io  0xc080-0xc0bf]
[    2.855920] pci 0000:00:04.0: BAR 1 [mem 0xfeb92000-0xfeb92fff]
[    2.857068] pci 0000:00:04.0: BAR 4 [mem 0xfe004000-0xfe007fff 64bit pref]
[    2.862722] pci 0000:00:05.0: [1af4:1001] type 00 class 0x010000 conventional PCI endpoint
[    2.867033] pci 0000:00:05.0: BAR 0 [io  0xc000-0xc07f]
[    2.867754] pci 0000:00:05.0: BAR 1 [mem 0xfeb93000-0xfeb93fff]
[    2.869320] pci 0000:00:05.0: BAR 4 [mem 0xfe008000-0xfe00bfff 64bit pref]
[    2.888730] ACPI: PCI: Interrupt link LNKA configured for IRQ 10
[    2.889982] ACPI: PCI: Interrupt link LNKB configured for IRQ 10
[    2.891232] ACPI: PCI: Interrupt link LNKC configured for IRQ 11
[    2.891847] ACPI: PCI: Interrupt link LNKD configured for IRQ 11
[    2.893001] ACPI: PCI: Interrupt link LNKS configured for IRQ 9
[    2.906141] iommu: Default domain type: Translated
[    2.906633] iommu: DMA domain TLB invalidation policy: lazy mode
[    2.918447] SCSI subsystem initialized
[    2.921685] libata version 3.00 loaded.
[    2.921925] ACPI: bus type USB registered
[    2.922967] usbcore: registered new interface driver usbfs
[    2.923980] usbcore: registered new interface driver hub
[    2.924803] usbcore: registered new device driver usb
[    2.925925] pps_core: LinuxPPS API ver. 1 registered
[    2.926599] pps_core: Software ver. 5.3.6 - Copyright 2005-2007 Rodolfo Giometti <giometti@linux.it>
[    2.927675] PTP clock support registered
[    2.929937] Advanced Linux Sound Architecture Driver Initialized.
[    2.940136] NetLabel: Initializing
[    2.940630] NetLabel:  domain hash size = 128
[    2.941629] NetLabel:  protocols = UNLABELED CIPSOv4 CALIPSO
[    2.943220] NetLabel:  unlabeled traffic allowed by default
[    2.946664] PCI: Using ACPI for IRQ routing
[    2.947781] PCI: pci_cache_line_size set to 64 bytes
[    2.949209] e820: reserve RAM buffer [mem 0x0009fc00-0x0009ffff]
[    2.949582] e820: reserve RAM buffer [mem 0xbffdd000-0xbfffffff]
[    2.950900] pci 0000:00:02.0: vgaarb: setting as boot VGA device
[    2.951582] pci 0000:00:02.0: vgaarb: bridge control possible
[    2.951582] pci 0000:00:02.0: vgaarb: VGA device added: decodes=io+mem,owns=io+mem,locks=none
[    2.951627] vgaarb: loaded
[    2.954775] hpet0: at MMIO 0xfed00000, IRQs 2, 8, 0
[    2.955599] hpet0: 3 comparators, 64-bit 100.000000 MHz counter
[    2.961321] clocksource: Switched to clocksource kvm-clock
[    2.974935] VFS: Disk quotas dquot_6.6.0
[    2.984743] VFS: Dquot-cache hash table entries: 512 (order 0, 4096 bytes)
[    3.003003] pnp: PnP ACPI init
[    3.011215] pnp 00:02: [dma 2]
[    3.012895] pnp: PnP ACPI: found 6 devices
[    3.116129] clocksource: acpi_pm: mask: 0xffffff max_cycles: 0xffffff, max_idle_ns: 2085701024 ns
[    3.135599] NET: Registered PF_INET protocol family
[    3.153211] IP idents hash table entries: 65536 (order: 7, 524288 bytes, linear)
[    3.198812] tcp_listen_portaddr_hash hash table entries: 2048 (order: 3, 32768 bytes, linear)
[    3.213642] Table-perturb hash table entries: 65536 (order: 6, 262144 bytes, linear)
[    3.234821] TCP established hash table entries: 32768 (order: 6, 262144 bytes, linear)
[    3.258299] TCP bind hash table entries: 32768 (order: 8, 1048576 bytes, linear)
[    3.275053] TCP: Hash tables configured (established 32768 bind 32768)
[    3.289943] UDP hash table entries: 2048 (order: 5, 131072 bytes, linear)
[    3.298717] UDP-Lite hash table entries: 2048 (order: 5, 131072 bytes, linear)
[    3.311959] NET: Registered PF_UNIX/PF_LOCAL protocol family
[    3.322825] RPC: Registered named UNIX socket transport module.
[    3.334237] RPC: Registered udp transport module.
[    3.340845] RPC: Registered tcp transport module.
[    3.346176] RPC: Registered tcp-with-tls transport module.
[    3.355502] RPC: Registered tcp NFSv4.1 backchannel transport module.
[    3.370494] pci_bus 0000:00: resource 4 [io  0x0000-0x0cf7 window]
[    3.382036] pci_bus 0000:00: resource 5 [io  0x0d00-0xffff window]
[    3.390874] pci_bus 0000:00: resource 6 [mem 0x000a0000-0x000bffff window]
[    3.404591] pci_bus 0000:00: resource 7 [mem 0xc0000000-0xfebfffff window]
[    3.425200] pci_bus 0000:00: resource 8 [mem 0x140000000-0x1bfffffff window]
[    3.437089] pci 0000:00:01.0: PIIX3: Enabling Passive Release
[    3.447501] pci 0000:00:00.0: Limiting direct PCI/PCI transfers
[    3.451059] kwatchdog (76) used greatest stack depth: 15624 bytes left
[    3.458921] PCI: CLS 0 bytes, default 64
[    3.469954] PCI-DMA: Using software bounce buffering for IO (SWIOTLB)
[    3.481622] software IO TLB: mapped [mem 0x00000000bbfdd000-0x00000000bffdd000] (64MB)
[    3.500913] RAPL PMU: API unit is 2^-32 Joules, 0 fixed counters, 10737418240 ms ovfl timer
[    3.514632] clocksource: tsc: mask: 0xffffffffffffffff max_cycles: 0x22df0d21928, max_idle_ns: 440795225288 ns
[    3.569839] Initialise system trusted keyrings
[    3.580624] workingset: timestamp_bits=40 max_order=20 bucket_order=0
[    3.591954] NFS: Registering the id_resolver key type
[    3.603146] Key type id_resolver registered
[    3.611302] Key type id_legacy registered
[    3.620113] 9p: Installing v9fs 9p2000 file system support
[    3.685050] Key type asymmetric registered
[    3.691735] Asymmetric key parser 'x509' registered
[    3.701641] Block layer SCSI generic (bsg) driver version 0.4 loaded (major 251)
[    3.715551] io scheduler mq-deadline registered
[    3.723077] io scheduler kyber registered
[    3.738299] input: Power Button as /devices/LNXSYSTM:00/LNXPWRBN:00/input/input0
[    3.748827] ACPI: button: Power Button [PWRF]
[    3.782963] ACPI: \_SB_.LNKC: Enabled at IRQ 11
[    3.815069] ACPI: \_SB_.LNKD: Enabled at IRQ 10
[    3.875134] ACPI: \_SB_.LNKA: Enabled at IRQ 10
[    3.896954] Serial: 8250/16550 driver, 4 ports, IRQ sharing enabled
[    3.910652] 00:04: ttyS0 at I/O 0x3f8 (irq = 4, base_baud = 115200) is a 16550A
[    3.932708] Non-volatile memory driver v1.3
[    3.947627] Linux agpgart interface v0.103
[    4.001975] ACPI: bus type drm_connector registered
[    4.054105] loop: module loaded
[    4.061911] virtio_blk virtio2: 8/0/0 default/read/poll queues
[    4.100375] virtio_blk virtio2: [vda] 20971520 512-byte logical blocks (10.7 GB/10.0 GiB)
[    4.130078] zram: Added device: zram0
[    4.151145] scsi host0: ata_piix
[    4.157748] scsi host1: ata_piix
[    4.165426] ata1: PATA max MWDMA2 cmd 0x1f0 ctl 0x3f6 bmdma 0xc0e0 irq 14 lpm-pol 0
[    4.177702] ata2: PATA max MWDMA2 cmd 0x170 ctl 0x376 bmdma 0xc0e8 irq 15 lpm-pol 0
[    4.192043] tun: Universal TUN/TAP device driver, 1.6
[    4.223854] e100: Intel(R) PRO/100 Network Driver
[    4.230994] e100: Copyright(c) 1999-2006 Intel Corporation
[    4.262391] e1000: Intel(R) PRO/1000 Network Driver
[    4.272322] e1000: Copyright (c) 1999-2006 Intel Corporation.
[    4.281189] e1000e: Intel(R) PRO/1000 Network Driver
[    4.291683] e1000e: Copyright(c) 1999 - 2015 Intel Corporation.
[    4.303858] sky2: driver version 1.30
[    4.312928] usbcore: registered new interface driver usblp
[    4.322655] usbcore: registered new interface driver usb-storage
[    4.333886] i8042: PNP: PS/2 Controller [PNP0303:KBD,PNP0f13:MOU] at 0x60,0x64 irq 1,12
[    4.354865] serio: i8042 KBD port at 0x60,0x64 irq 1
[    4.362032] serio: i8042 AUX port at 0x60,0x64 irq 12
[    4.372998] ata2: found unknown device (class 0)
[    4.376165] rtc_cmos 00:05: RTC can wake from S4
[    4.395933] input: AT Translated Set 2 keyboard as /devices/platform/i8042/serio0/input/input1
[    4.396628] ata2.00: ATAPI: QEMU DVD-ROM, 2.5+, max UDMA/100
[    4.410230] rtc_cmos 00:05: registered as rtc0
[    4.411178] rtc_cmos 00:05: alarms up to one day, y3k, 242 bytes nvram, hpet irqs
[    4.453378] device-mapper: ioctl: 4.50.0-ioctl (2025-04-28) initialised: dm-devel@lists.linux.dev
[    4.453196] scsi 1:0:0:0: CD-ROM            QEMU     QEMU DVD-ROM     2.5+ PQ: 0 ANSI: 5
[    4.473631] intel_pstate: CPU model not supported
[    4.512446] hid: raw HID events driver (C) Jiri Kosina
[    4.527897] usbcore: registered new interface driver usbhid
[    4.542997] usbhid: USB HID core driver
[    4.573852] xt_time: kernel timezone is -0000
[    4.587086] Initializing XFRM netlink socket
[    4.599981] NET: Registered PF_INET6 protocol family
[    4.617285] Segment Routing with IPv6
[    4.617852] sr 1:0:0:0: [sr0] scsi3-mmc drive: 4x/4x cd/rw xa/form2 tray
[    4.623152] In-situ OAM (IOAM) with IPv6
[    4.623771] sit: IPv6, IPv4 and MPLS over IPv4 tunneling driver
[    4.637545] cdrom: Uniform CD-ROM driver Revision: 3.20
[    4.645065] NET: Registered PF_PACKET protocol family
[    4.671658] NET: Registered PF_KEY protocol family
[    4.683042] 9pnet: Installing 9P2000 support
[    4.698630] sr 1:0:0:0: Attached scsi CD-ROM sr0
[    4.700680] Key type dns_resolver registered
[    4.701715] sr 1:0:0:0: Attached scsi generic sg0 type 5
[    4.710294] NET: Registered PF_VSOCK protocol family
[    4.744266] IPI shorthand broadcast: enabled
[    4.765938] sched_clock: Marking stable (3270092686, 1495302036)->(6683772096, -1918377374)
[    4.777871] registered taskstats version 1
[    4.784204] Loading compiled-in X.509 certificates
[    4.794659] Demotion targets for Node 0: null
[    4.797200] Key type .fscrypt registered
[    4.798951] Key type fscrypt-provisioning registered
[    4.807345] PM:   Magic number: 10:894:456
[    4.814660] mem urandom: hash matches
[    4.820382] netconsole: network logging started
[    4.822586] cfg80211: Loading compiled-in X.509 certificates for regulatory database
[    4.827115] kworker/u32:1 (99) used greatest stack depth: 13936 bytes left
[    4.831863] Loaded X.509 cert 'sforshee: 00b28ddf47aef9cea7'
[    4.849550] Loaded X.509 cert 'wens: 61c038651aabdcf94bd0ac7ff06c7248db18c600'
[    4.862491] faux_driver regulatory: Direct firmware load for regulatory.db failed with error -2
[    4.862519] ALSA device list:
[    4.884836] cfg80211: failed to load regulatory.db
[    4.907163]   No soundcards found.
[    4.915583] kunit: disabled
[    4.931089] check access for rdinit=/init failed: -2, ignoring
[    4.995153] input: ImExPS/2 Generic Explorer Mouse as /devices/platform/i8042/serio1/input/input3
[    5.007081] md: Waiting for all devices to be available before autodetect
[    5.016170] md: If you don't use raid, use raid=noautodetect
[    5.022426] md: Autodetecting RAID arrays.
[    5.030105] md: autorun ...
[    5.039191] md: ... autorun DONE.
[    5.122064] EXT4-fs (vda): recovery complete
[    5.136014] EXT4-fs (vda): mounted filesystem 56b1695a-8891-40bd-bc42-c7c8a70fe76d r/w with ordered data mode. Quota mode: none.
[    5.150269] VFS: Mounted root (ext4 filesystem) on device 253:0.
[    5.165113] devtmpfs: mounted
[    5.185695] Freeing unused kernel image (initmem) memory: 3280K
[    5.198607] Write protecting the kernel read-only data: 32768k
[    5.231584] Freeing unused kernel image (text/rodata gap) memory: 868K
[    5.255032] Freeing unused kernel image (rodata/data gap) memory: 1136K
[    5.305677] x86/mm: Checked W+X mappings: passed, no W+X pages found.
[    5.311093] Run /sbin/init as init process
[    5.313663]   with arguments:
[    5.313669]     /sbin/init
[    5.313672]   with environment:
[    5.313674]     HOME=/
[    5.313675]     TERM=linux
[    5.649968] SELinux:  Permission firmware_load in class system not defined in policy.
[    5.662624] SELinux:  Permission kexec_image_load in class system not defined in policy.
[    5.672902] SELinux:  Permission kexec_initramfs_load in class system not defined in policy.
[    5.680383] SELinux:  Permission policy_load in class system not defined in policy.
[    5.690889] SELinux:  Permission x509_certificate_load in class system not defined in policy.
[    5.700109] SELinux:  Permission watch_mountns in class file not defined in policy.
[    5.711265] SELinux:  Permission watch_mountns in class dir not defined in policy.
[    5.720774] SELinux:  Permission watch_mountns in class lnk_file not defined in policy.
[    5.736878] SELinux:  Permission watch_mountns in class chr_file not defined in policy.
[    5.748069] SELinux:  Permission watch_mountns in class blk_file not defined in policy.
[    5.754763] SELinux:  Permission watch_mountns in class sock_file not defined in policy.
[    5.759654] SELinux:  Permission watch_mountns in class fifo_file not defined in policy.
[    5.770528] SELinux:  Permission watch_mountns in class anon_inode not defined in policy.
[    5.798560] SELinux:  Permission allowed in class io_uring not defined in policy.
[    5.804304] SELinux:  Class memfd_file not defined in policy.
[    5.807559] SELinux: the above unknown classes and permissions will be allowed
[    5.831759] SELinux:  policy capability network_peer_controls=1
[    5.834853] SELinux:  policy capability open_perms=1
[    5.836088] SELinux:  policy capability extended_socket_class=1
[    5.839365] SELinux:  policy capability always_check_network=0
[    5.841390] SELinux:  policy capability cgroup_seclabel=1
[    5.844416] SELinux:  policy capability nnp_nosuid_transition=1
[    5.846189] SELinux:  policy capability genfs_seclabel_symlinks=0
[    5.850855] SELinux:  policy capability ioctl_skip_cloexec=0
[    5.859647] SELinux:  policy capability userspace_initial_context=0
[    5.868511] SELinux:  policy capability netlink_xperm=0
[    5.874263] SELinux:  policy capability netif_wildcard=0
[    5.881985] SELinux:  policy capability genfs_seclabel_wildcard=0
[    5.890130] SELinux:  policy capability functionfs_seclabel=0
[    5.897000] SELinux:  policy capability memfd_class=0
[    5.910275] audit: type=1403 audit(1790382575.768:2): auid=4294967295 ses=4294967295 lsm=selinux res=1
[    5.912731] systemd[1]: Successfully loaded SELinux policy in 349.909ms.
[    6.112974] modprobe (106) used greatest stack depth: 12568 bytes left
[    6.131123] systemd[1]: Relabeled /dev/, /dev/shm/, /run/ in 17.426ms.
[    6.167623] systemd[1]: systemd 257.13-1~deb13u1 running in system mode (+PAM +AUDIT +SELINUX +APPARMOR +IMA +IPE +SMACK +SECCOMP +GCRYPT -GNUTLS +OPENSSL +ACL +BLKID +CURL +ELFUTILS +FIDO2 +IDN2 -IDN +IPTC +KMOD +LIBCRYPTSETUP +LIBCRYPTSETUP_PLUGINS +LIBFDISK +PCRE2 +PWQUALITY +P11KIT +QRENCODE +TPM2 +BZIP2 +LZ4 +XZ +ZLIB +ZSTD +BPF_FRAMEWORK +BTF -XKBCOMMON -UTMP +SYSVINIT +LIBARCHIVE)
[    6.207745] systemd[1]: Detected virtualization kvm.
[    6.217996] systemd[1]: Detected architecture x86-64.
[    6.242891] systemd[1]: Hostname set to <syzkaller>.
[    6.444483] systemd[1]: bpf-restrict-fs: BPF LSM hook not enabled in the kernel, BPF LSM not supported.
[    6.531659] systemd-ssh-generator[119]: Failed to query local AF_VSOCK CID: Cannot assign requested address
[    6.587460] (sd-exec-[110]: /usr/lib/systemd/system-generators/systemd-ssh-generator failed with exit status 1.
[    6.886041] systemd[1]: Queued start job for default target graphical.target.
[    6.910261] systemd[1]: Created slice system-getty.slice - Slice /system/getty.
[    6.942845] systemd[1]: Created slice system-modprobe.slice - Slice /system/modprobe.
[    6.967966] systemd[1]: Created slice system-serial\x2dgetty.slice - Slice /system/serial-getty.
[    6.996947] systemd[1]: Created slice user.slice - User and Session Slice.
[    7.012213] systemd[1]: Started systemd-ask-password-console.path - Dispatch Password Requests to Console Directory Watch.
[    7.041389] systemd[1]: Started systemd-ask-password-wall.path - Forward Password Requests to Wall Directory Watch.
[    7.069929] systemd[1]: Set up automount proc-sys-fs-binfmt_misc.automount - Arbitrary Executable File Formats File System Automount Point.
[    7.100841] systemd[1]: Expecting device dev-ttyS0.device - /dev/ttyS0...
[    7.120015] systemd[1]: Reached target paths.target - Path Units.
[    7.139489] systemd[1]: Reached target remote-fs.target - Remote File Systems.
[    7.166539] systemd[1]: Reached target slices.target - Slice Units.
[    7.184406] systemd[1]: Reached target swap.target - Swaps.
[    7.199290] systemd[1]: Listening on systemd-creds.socket - Credential Encryption/Decryption.
[    7.223674] systemd[1]: Listening on systemd-initctl.socket - initctl Compatibility Named Pipe.
[    7.253158] systemd[1]: Listening on systemd-journald-dev-log.socket - Journal Socket (/dev/log).
[    7.278767] systemd[1]: Listening on systemd-journald.socket - Journal Sockets.
[    7.295691] systemd[1]: systemd-pcrextend.socket - TPM PCR Measurements skipped, unmet condition check ConditionSecurity=measured-uki
[    7.308981] systemd[1]: systemd-pcrlock.socket - Make TPM PCR Policy skipped, unmet condition check ConditionSecurity=measured-uki
[    7.321352] systemd[1]: Listening on systemd-sysext.socket - System Extension Image Management.
[    7.346895] systemd[1]: Listening on systemd-udevd-control.socket - udev Control Socket.
[    7.369506] systemd[1]: Listening on systemd-udevd-kernel.socket - udev Kernel Socket.
[    7.393702] systemd[1]: Mounting dev-hugepages.mount - Huge Pages File System...
[    7.415683] systemd[1]: Mounting dev-mqueue.mount - POSIX Message Queue File System...
[    7.437304] systemd[1]: Mounting proc-sys-fs-binfmt_misc.mount - /proc/sys/fs/binfmt_misc...
[    7.468133] systemd[1]: Mounting sys-kernel-debug.mount - /sys/kernel/debug...
[    7.475468] mount (131) used greatest stack depth: 12512 bytes left
[    7.499978] systemd[1]: Mounting sys-kernel-tracing.mount - Kernel Trace File System...
[    7.502454] mount (132) used greatest stack depth: 12424 bytes left
[    7.526492] systemd[1]: Mounting tmp.mount - Temporary Directory /tmp...
[    7.536470] systemd[1]: kmod-static-nodes.service - Create List of Static Device Nodes skipped, unmet condition check ConditionFileNotEmpty=/lib/modules/6.18.32-g708c3294698d-dirty/modules.devname
[    7.571922] systemd[1]: Starting modprobe@drm.service - Load Kernel Module drm...
[    7.591174] systemd[1]: Starting modprobe@efi_pstore.service - Load Kernel Module efi_pstore...
[    7.621750] systemd[1]: Starting modprobe@fuse.service - Load Kernel Module fuse...
[    7.640058] systemd[1]: systemd-hibernate-clear.service - Clear Stale Hibernate Storage Info skipped, unmet condition check ConditionPathExists=/sys/firmware/efi/efivars/HibernateLocation-8cf2644b-4b0b-428f-9387-6d876050dc67
[    7.670910] systemd[1]: systemd-hwdb-update.service - Rebuild Hardware Database skipped, unmet condition check ConditionNeedsUpdate=/etc
[    7.705359] systemd[1]: Starting systemd-journald.service - Journal Service...
[    7.727726] systemd[1]: Starting systemd-modules-load.service - Load Kernel Modules...
[    7.770694] systemd[1]: systemd-pcrmachine.service - TPM PCR Machine ID Measurement skipped, unmet condition check ConditionSecurity=measured-uki
[    7.789855] systemd[1]: Starting systemd-random-seed.service - Load/Save OS Random Seed...
[    7.816250] systemd[1]: Starting systemd-tmpfiles-setup-dev-early.service - Create Static Device Nodes in /dev gracefully...
[    7.836391] systemd[1]: systemd-tpm2-setup-early.service - Early TPM SRK Setup skipped, unmet condition check ConditionSecurity=measured-uki
[    7.847610] systemd[1]: systemd-tpm2-setup.service - TPM SRK Setup skipped, unmet condition check ConditionSecurity=measured-uki
[    7.853831] systemd-journald[138]: Collecting audit messages is disabled.
[    7.860308] systemd[1]: Starting systemd-udev-load-credentials.service - Load udev Rules from Credentials...
[    7.875211] systemd[1]: Starting systemd-udev-trigger.service - Coldplug All udev Devices...
[    7.895304] systemd[1]: Mounted dev-hugepages.mount - Huge Pages File System.
[    7.910924] systemd[1]: Started systemd-journald.service - Journal Service.
[    8.175436] systemd-journald[138]: Received client request to flush runtime journal.
[    8.223005] systemd-journald[138]: File /var/log/journal/1c821f12757d4c338ffdb020ee1ae6e0/system.journal corrupted or uncleanly shut down, renaming and replacing.
[    9.235887] e2scrub_all (232) used greatest stack depth: 12224 bytes left
[   19.020660] audit: type=1107 audit(1790382588.878:3): pid=1 uid=0 auid=4294967295 ses=4294967295 subj=system_u:system_r:kernel_t:s0 msg='avc:  denied  { start } for auid=n/a uid=0 gid=0 path="/usr/lib/systemd/system/user-runtime-dir@.service" cmdline="/usr/lib/systemd/systemd-logind" function="bus_unit_method_start_generic" scontext=system_u:system_r:kernel_t:s0 tcontext=system_u:object_r:unlabeled_t:s0 tclass=service permissive=1 exe="/usr/lib/systemd/systemd" sauid=0 hostname=? addr=? terminal=?'
[   30.375805] audit: type=1107 audit(1790382600.233:4): pid=1 uid=0 auid=4294967295 ses=4294967295 subj=system_u:system_r:kernel_t:s0 msg='avc:  denied  { stop } for auid=n/a uid=0 gid=0 path="/usr/lib/systemd/system/user-runtime-dir@.service" cmdline="/usr/lib/systemd/systemd-logind" function="bus_unit_method_start_generic" scontext=system_u:system_r:kernel_t:s0 tcontext=system_u:object_r:unlabeled_t:s0 tclass=service permissive=1 exe="/usr/lib/systemd/systemd" sauid=0 hostname=? addr=? terminal=?'
[   30.457158] audit: type=1107 audit(1790382600.255:5): pid=1 uid=0 auid=4294967295 ses=4294967295 subj=system_u:system_r:kernel_t:s0 msg='avc:  denied  { status } for auid=n/a uid=0 gid=0 path="/usr/lib/systemd/system/user-runtime-dir@.service" cmdline="/usr/lib/systemd/systemd-logind" function="mac_selinux_filter" scontext=system_u:system_r:kernel_t:s0 tcontext=system_u:object_r:unlabeled_t:s0 tclass=service permissive=1 exe="/usr/lib/systemd/systemd" sauid=0 hostname=? addr=? terminal=?'
[   65.310795] 9pnet_virtio: no channels available for device hostshare
[  146.409679] audit: type=1400 audit(1790382716.266:6): avc:  denied  { execmem } for  pid=613 comm="java" scontext=system_u:system_r:kernel_t:s0 tcontext=system_u:system_r:kernel_t:s0 tclass=process permissive=1
[  180.187644] mva1_probe (18748): drop_caches: 3
[  266.307552] Adding 196604k swap on /root/bench/s3swap.  Priority:200 extents:166 across:9885224k 
[  271.814096] Adding 196604k swap on /root/bench/s3swap.  Priority:200 extents:166 across:9885224k 
[  306.603731] zram0: detected capacity change from 0 to 4194304
[  306.627546] Adding 2097148k swap on /dev/zram0.  Priority:100 extents:1 across:2097148k SS
[  306.666984] Adding 2097148k swap on /root/bench/swapfile.  Priority:-2 extents:6 across:2826236k 
[  339.655830] zram: Can't change algorithm for initialized device
[  339.659325] zram: Cannot change disksize for initialized device
[  342.951200] Adding 262140k swap on /root/bench/w3f3swap.  Priority:200 extents:208 across:10042028k 
