=== w3fix3 guest battery item (d): swapfault probe, file swap channel (corten=on boot) ===
$ cmd: bash /mnt/w3fix3/w3f3-swapprobe.sh file   (driver: /home/ppw/bench/share/w3fix3/w3f3-swapprobe.sh)
$ probe: /home/ppw/bench/share/w45/swapfault  (MODE via LD_PRELOAD corten_mode_hook.so, evict via debugfs)

--- channel setup + swap table ---
[sp-file] share=/mnt
[sp-file] setup_zram rc!=0 (see log)
[sp-file] swap table (file channel):
NAME                 TYPE SIZE USED PRIO
/root/bench/w3f3swap file 256M   0B  200
[sp-file] swapfault: evict wrote pid=19167 pages=2
[sp-file] swapfault: /proc/swaps right after evict:
NAME                 TYPE SIZE USED PRIO
--- swapfault section (raw stdout/stderr) ---
[sp-file] swapfault: evict wrote pid=19167 pages=2
[sp-file] swapfault: /proc/swaps right after evict:
NAME                 TYPE SIZE USED PRIO
/root/bench/w3f3swap file 256M   8K  200
[sp-file] --- swapfault output (rc=0) ---
corten_mode_hook: MODE on (pid 19167)
READY
read: a5
write ok
corten_mode_hook: fork-probe OK (threads+arenas alive, child exited 42)
[ok] swapfault roundtrip: read-back byte intact + late write ok (file)
[ok] swapfault: no SIGSEGV/BUS (file)
--- verdicts ---
[ok] swapfault roundtrip: read-back byte intact + late write ok (file)
[ok] swapfault: no SIGSEGV/BUS (file)

ITEM VERDICT: PASS (read: a5 byte intact + late write ok, no SIGSEGV/BUS -- the swapped-out page faulted back in through the novma swap-in)
