1772  execve("/mnt/cortenmm/bench/mmbench/mmbench", ["/mnt/cortenmm/bench/mmbench/mmbench", "mmap", "high", "2", "1", "20261025"], 0x7ffcf64747d8 /* 30 vars */) = 0
1772  arch_prctl(0x3001 /* ARCH_??? */, 0x7ffe79ee4dc0) = -1 EINVAL (Invalid argument)
1772  brk(NULL)                         = 0x31a20000
1772  brk(0x31a20dc0)                   = 0x31a20dc0
1772  arch_prctl(ARCH_SET_FS, 0x31a203c0) = 0
1772  set_tid_address(0x31a20690)       = 1772
1772  set_robust_list(0x31a206a0, 24)   = 0
1772  rseq(0x31a20d60, 0x20, 0, 0x53053053) = 0
1772  uname({sysname="Linux", nodename="syzkaller", ...}) = 0
1772  prlimit64(0, RLIMIT_STACK, NULL, {rlim_cur=8192*1024, rlim_max=RLIM64_INFINITY}) = 0
1772  readlink("/proc/self/exe", "/mnt/share/cortenmm/bench/mmbench/mmbench", 4096) = 41
1772  getrandom("\x95\x60\xd4\xac\xc6\x66\x8e\x5e", 8, GRND_NONBLOCK) = 8
1772  brk(0x31a41dc0)                   = 0x31a41dc0
1772  brk(0x31a42000)                   = 0x31a42000
1772  mprotect(0x4f6000, 16384, PROT_READ) = 0
1772  prlimit64(0, RLIMIT_AS, NULL, {rlim_cur=RLIM64_INFINITY, rlim_max=RLIM64_INFINITY}) = 0
1772  rt_sigaction(SIGRT_1, {sa_handler=0x497070, sa_mask=[], sa_flags=SA_RESTORER|SA_ONSTACK|SA_RESTART|SA_SIGINFO, sa_restorer=0x47db20}, NULL, 8) = 0
1772  rt_sigprocmask(SIG_UNBLOCK, [RTMIN RT_1], NULL, 8) = 0
1772  mmap(NULL, 8392704, PROT_NONE, MAP_PRIVATE|MAP_ANONYMOUS|MAP_STACK, -1, 0) = 0x7f519f10d000
1772  mprotect(0x7f519f10e000, 8388608, PROT_READ|PROT_WRITE) = 0
1772  rt_sigprocmask(SIG_BLOCK, ~[], [], 8) = 0
1772  clone3({flags=CLONE_VM|CLONE_FS|CLONE_FILES|CLONE_SIGHAND|CLONE_THREAD|CLONE_SYSVSEM|CLONE_SETTLS|CLONE_PARENT_SETTID|CLONE_CHILD_CLEARTID, child_tid=0x7f519f90d910, parent_tid=0x7f519f90d910, exit_signal=0, stack=0x7f519f10d000, stack_size=0x800280, tls=0x7f519f90d640} => {parent_tid=[1775]}, 88) = 1775
1775  rseq(0x7f519f90dfe0, 0x20, 0, 0x53053053 <unfinished ...>
1772  rt_sigprocmask(SIG_SETMASK, [],  <unfinished ...>
1775  <... rseq resumed>)               = 0
1772  <... rt_sigprocmask resumed>NULL, 8) = 0
1775  set_robust_list(0x7f519f90d920, 24 <unfinished ...>
1772  mmap(NULL, 8392704, PROT_NONE, MAP_PRIVATE|MAP_ANONYMOUS|MAP_STACK, -1, 0 <unfinished ...>
1775  <... set_robust_list resumed>)    = 0
1772  <... mmap resumed>)               = 0x7f519e90c000
1775  rt_sigprocmask(SIG_SETMASK, [],  <unfinished ...>
1772  mprotect(0x7f519e90d000, 8388608, PROT_READ|PROT_WRITE <unfinished ...>
1775  <... rt_sigprocmask resumed>NULL, 8) = 0
1772  <... mprotect resumed>)           = 0
1775  futex(0x7ffe79ee4564, FUTEX_WAIT_PRIVATE, 0, NULL <unfinished ...>
1772  rt_sigprocmask(SIG_BLOCK, ~[], [], 8) = 0
1772  clone3({flags=CLONE_VM|CLONE_FS|CLONE_FILES|CLONE_SIGHAND|CLONE_THREAD|CLONE_SYSVSEM|CLONE_SETTLS|CLONE_PARENT_SETTID|CLONE_CHILD_CLEARTID, child_tid=0x7f519f10c910, parent_tid=0x7f519f10c910, exit_signal=0, stack=0x7f519e90c000, stack_size=0x800280, tls=0x7f519f10c640} => {parent_tid=[1776]}, 88) = 1776
1776  rseq(0x7f519f10cfe0, 0x20, 0, 0x53053053 <unfinished ...>
1772  rt_sigprocmask(SIG_SETMASK, [],  <unfinished ...>
1776  <... rseq resumed>)               = 0
1772  <... rt_sigprocmask resumed>NULL, 8) = 0
1776  set_robust_list(0x7f519f10c920, 24 <unfinished ...>
1772  futex(0x7ffe79ee4564, FUTEX_WAIT_PRIVATE, 0, NULL <unfinished ...>
1776  <... set_robust_list resumed>)    = 0
1776  rt_sigprocmask(SIG_SETMASK, [], NULL, 8) = 0
1776  futex(0x7ffe79ee4564, FUTEX_WAKE_PRIVATE, 2147483647 <unfinished ...>
1772  <... futex resumed>)              = 0
1776  <... futex resumed>)              = 2
1775  <... futex resumed>)              = 0
1772  futex(0x7ffe79ee4584, FUTEX_WAIT_PRIVATE, 0, NULL <unfinished ...>
1776  mmap(NULL, 16384, PROT_READ|PROT_WRITE, MAP_PRIVATE|MAP_ANONYMOUS|MAP_NORESERVE, -1, 0 <unfinished ...>
1775  mmap(NULL, 16384, PROT_READ|PROT_WRITE, MAP_PRIVATE|MAP_ANONYMOUS|MAP_NORESERVE, -1, 0 <unfinished ...>
1776  <... mmap resumed>)               = 0x7f519e908000
1775  <... mmap resumed>)               = 0x7f519e904000
1776  munmap(0x7f519e908000, 16384 <unfinished ...>
1775  munmap(0x7f519e904000, 16384 <unfinished ...>
1776  <... munmap resumed>)             = 0
1775  <... munmap resumed>)             = 0
1776  mmap(NULL, 16384, PROT_READ|PROT_WRITE, MAP_PRIVATE|MAP_ANONYMOUS|MAP_NORESERVE, -1, 0 <unfinished ...>
1775  mmap(NULL, 16384, PROT_READ|PROT_WRITE, MAP_PRIVATE|MAP_ANONYMOUS|MAP_NORESERVE, -1, 0 <unfinished ...>
1776  <... mmap resumed>)               = 0x7f519e908000
1775  <... mmap resumed>)               = 0x7f519e904000
1776  munmap(0x7f519e908000, 16384 <unfinished ...>
1775  munmap(0x7f519e904000, 16384 <unfinished ...>
1776  <... munmap resumed>)             = 0
1775  <... munmap resumed>)             = 0
1776  mmap(NULL, 16384, PROT_READ|PROT_WRITE, MAP_PRIVATE|MAP_ANONYMOUS|MAP_NORESERVE, -1, 0 <unfinished ...>
1775  mmap(NULL, 16384, PROT_READ|PROT_WRITE, MAP_PRIVATE|MAP_ANONYMOUS|MAP_NORESERVE, -1, 0 <unfinished ...>
1776  <... mmap resumed>)               = 0x7f519e908000
1775  <... mmap resumed>)               = 0x7f519e904000
1776  munmap(0x7f519e908000, 16384 <unfinished ...>
1775  munmap(0x7f519e904000, 16384 <unfinished ...>
1776  <... munmap resumed>)             = 0
1775  <... munmap resumed>)             = 0
1776  mmap(NULL, 16384, PROT_READ|PROT_WRITE, MAP_PRIVATE|MAP_ANONYMOUS|MAP_NORESERVE, -1, 0 <unfinished ...>
1775  mmap(NULL, 16384, PROT_READ|PROT_WRITE, MAP_PRIVATE|MAP_ANONYMOUS|MAP_NORESERVE, -1, 0) = 0x7f519e908000
1776  <... mmap resumed>)               = 0x7f519e904000
1775  munmap(0x7f519e908000, 16384 <unfinished ...>
1776  munmap(0x7f519e904000, 16384 <unfinished ...>
1775  <... munmap resumed>)             = 0
1775  mmap(NULL, 16384, PROT_READ|PROT_WRITE, MAP_PRIVATE|MAP_ANONYMOUS|MAP_NORESERVE, -1, 0 <unfinished ...>
1776  <... munmap resumed>)             = 0
1775  <... mmap resumed>)               = 0x7f519e908000
1776  mmap(NULL, 16384, PROT_READ|PROT_WRITE, MAP_PRIVATE|MAP_ANONYMOUS|MAP_NORESERVE, -1, 0 <unfinished ...>
1775  munmap(0x7f519e908000, 16384 <unfinished ...>
1776  <... mmap resumed>)               = 0x7f519e904000
1775  <... munmap resumed>)             = 0
1776  munmap(0x7f519e904000, 16384 <unfinished ...>
1775  mmap(NULL, 16384, PROT_READ|PROT_WRITE, MAP_PRIVATE|MAP_ANONYMOUS|MAP_NORESERVE, -1, 0 <unfinished ...>
1776  <... munmap resumed>)             = 0
1775  <... mmap resumed>)               = 0x7f519e908000
1776  mmap(NULL, 16384, PROT_READ|PROT_WRITE, MAP_PRIVATE|MAP_ANONYMOUS|MAP_NORESERVE, -1, 0 <unfinished ...>
1775  munmap(0x7f519e908000, 16384 <unfinished ...>
1776  <... mmap resumed>)               = 0x7f519e904000
1775  <... munmap resumed>)             = 0
1776  munmap(0x7f519e904000, 16384 <unfinished ...>
1775  mmap(NULL, 16384, PROT_READ|PROT_WRITE, MAP_PRIVATE|MAP_ANONYMOUS|MAP_NORESERVE, -1, 0 <unfinished ...>
1776  <... munmap resumed>)             = 0
1775  <... mmap resumed>)               = 0x7f519e908000
1776  mmap(NULL, 16384, PROT_READ|PROT_WRITE, MAP_PRIVATE|MAP_ANONYMOUS|MAP_NORESERVE, -1, 0 <unfinished ...>
1775  munmap(0x7f519e908000, 16384 <unfinished ...>
1776  <... mmap resumed>)               = 0x7f519e904000
1775  <... munmap resumed>)             = 0
1776  munmap(0x7f519e904000, 16384 <unfinished ...>
1775  mmap(NULL, 16384, PROT_READ|PROT_WRITE, MAP_PRIVATE|MAP_ANONYMOUS|MAP_NORESERVE, -1, 0 <unfinished ...>
1776  <... munmap resumed>)             = 0
1775  <... mmap resumed>)               = 0x7f519e908000
1776  mmap(NULL, 16384, PROT_READ|PROT_WRITE, MAP_PRIVATE|MAP_ANONYMOUS|MAP_NORESERVE, -1, 0 <unfinished ...>
1775  munmap(0x7f519e908000, 16384 <unfinished ...>
1776  <... mmap resumed>)               = 0x7f519e904000
1775  <... munmap resumed>)             = 0
1776  munmap(0x7f519e904000, 16384 <unfinished ...>
1775  mmap(NULL, 16384, PROT_READ|PROT_WRITE, MAP_PRIVATE|MAP_ANONYMOUS|MAP_NORESERVE, -1, 0 <unfinished ...>
1776  <... munmap resumed>)             = 0
1775  <... mmap resumed>)               = 0x7f519e908000
1776  mmap(NULL, 16384, PROT_READ|PROT_WRITE, MAP_PRIVATE|MAP_ANONYMOUS|MAP_NORESERVE, -1, 0 <unfinished ...>
1775  munmap(0x7f519e908000, 16384 <unfinished ...>
1776  <... mmap resumed>)               = 0x7f519e904000
1775  <... munmap resumed>)             = 0
1776  munmap(0x7f519e904000, 16384 <unfinished ...>
1775  mmap(NULL, 16384, PROT_READ|PROT_WRITE, MAP_PRIVATE|MAP_ANONYMOUS|MAP_NORESERVE, -1, 0 <unfinished ...>
1776  <... munmap resumed>)             = 0
1775  <... mmap resumed>)               = 0x7f519e908000
1776  mmap(NULL, 16384, PROT_READ|PROT_WRITE, MAP_PRIVATE|MAP_ANONYMOUS|MAP_NORESERVE, -1, 0 <unfinished ...>
1775  munmap(0x7f519e908000, 16384 <unfinished ...>
1776  <... mmap resumed>)               = 0x7f519e904000
1775  <... munmap resumed>)             = 0
1776  munmap(0x7f519e904000, 16384 <unfinished ...>
1775  mmap(NULL, 16384, PROT_READ|PROT_WRITE, MAP_PRIVATE|MAP_ANONYMOUS|MAP_NORESERVE, -1, 0 <unfinished ...>
1776  <... munmap resumed>)             = 0
1775  <... mmap resumed>)               = 0x7f519e908000
1776  mmap(NULL, 16384, PROT_READ|PROT_WRITE, MAP_PRIVATE|MAP_ANONYMOUS|MAP_NORESERVE, -1, 0 <unfinished ...>
1775  munmap(0x7f519e908000, 16384 <unfinished ...>
1776  <... mmap resumed>)               = 0x7f519e904000
1775  <... munmap resumed>)             = 0
1776  munmap(0x7f519e904000, 16384 <unfinished ...>
1775  mmap(NULL, 16384, PROT_READ|PROT_WRITE, MAP_PRIVATE|MAP_ANONYMOUS|MAP_NORESERVE, -1, 0 <unfinished ...>
1776  <... munmap resumed>)             = 0
1775  <... mmap resumed>)               = 0x7f519e908000
1776  mmap(NULL, 16384, PROT_READ|PROT_WRITE, MAP_PRIVATE|MAP_ANONYMOUS|MAP_NORESERVE, -1, 0 <unfinished ...>
1775  munmap(0x7f519e908000, 16384 <unfinished ...>
1776  <... mmap resumed>)               = 0x7f519e904000
1775  <... munmap resumed>)             = 0
1776  munmap(0x7f519e904000, 16384 <unfinished ...>
1775  mmap(NULL, 16384, PROT_READ|PROT_WRITE, MAP_PRIVATE|MAP_ANONYMOUS|MAP_NORESERVE, -1, 0 <unfinished ...>
1776  <... munmap resumed>)             = 0
1775  <... mmap resumed>)               = 0x7f519e908000
1776  mmap(NULL, 16384, PROT_READ|PROT_WRITE, MAP_PRIVATE|MAP_ANONYMOUS|MAP_NORESERVE, -1, 0 <unfinished ...>
1775  munmap(0x7f519e908000, 16384 <unfinished ...>
1776  <... mmap resumed>)               = 0x7f519e904000
1775  <... munmap resumed>)             = 0
1776  munmap(0x7f519e904000, 16384 <unfinished ...>
1775  mmap(NULL, 16384, PROT_READ|PROT_WRITE, MAP_PRIVATE|MAP_ANONYMOUS|MAP_NORESERVE, -1, 0 <unfinished ...>
1776  <... munmap resumed>)             = 0
1775  <... mmap resumed>)               = 0x7f519e908000
1776  mmap(NULL, 16384, PROT_READ|PROT_WRITE, MAP_PRIVATE|MAP_ANONYMOUS|MAP_NORESERVE, -1, 0 <unfinished ...>
1775  munmap(0x7f519e908000, 16384 <unfinished ...>
1776  <... mmap resumed>)               = 0x7f519e904000
1775  <... munmap resumed>)             = 0
1776  munmap(0x7f519e904000, 16384 <unfinished ...>
1775  mmap(NULL, 16384, PROT_READ|PROT_WRITE, MAP_PRIVATE|MAP_ANONYMOUS|MAP_NORESERVE, -1, 0 <unfinished ...>
1776  <... munmap resumed>)             = 0
1775  <... mmap resumed>)               = 0x7f519e908000
1776  mmap(NULL, 16384, PROT_READ|PROT_WRITE, MAP_PRIVATE|MAP_ANONYMOUS|MAP_NORESERVE, -1, 0 <unfinished ...>
1775  munmap(0x7f519e908000, 16384 <unfinished ...>
1776  <... mmap resumed>)               = 0x7f519e904000
1775  <... munmap resumed>)             = 0
1776  munmap(0x7f519e904000, 16384 <unfinished ...>
1775  mmap(NULL, 16384, PROT_READ|PROT_WRITE, MAP_PRIVATE|MAP_ANONYMOUS|MAP_NORESERVE, -1, 0 <unfinished ...>
1776  <... munmap resumed>)             = 0
1775  <... mmap resumed>)               = 0x7f519e908000
1776  mmap(NULL, 16384, PROT_READ|PROT_WRITE, MAP_PRIVATE|MAP_ANONYMOUS|MAP_NORESERVE, -1, 0 <unfinished ...>
1775  munmap(0x7f519e908000, 16384 <unfinished ...>
1776  <... mmap resumed>)               = 0x7f519e904000
1775  <... munmap resumed>)             = 0
1776  munmap(0x7f519e904000, 16384 <unfinished ...>
1775  mmap(NULL, 16384, PROT_READ|PROT_WRITE, MAP_PRIVATE|MAP_ANONYMOUS|MAP_NORESERVE, -1, 0 <unfinished ...>
1776  <... munmap resumed>)             = 0
1775  <... mmap resumed>)               = 0x7f519e908000
1776  mmap(NULL, 16384, PROT_READ|PROT_WRITE, MAP_PRIVATE|MAP_ANONYMOUS|MAP_NORESERVE, -1, 0 <unfinished ...>
1775  munmap(0x7f519e908000, 16384 <unfinished ...>
1776  <... mmap resumed>)               = 0x7f519e904000
1775  <... munmap resumed>)             = 0
1776  munmap(0x7f519e904000, 16384 <unfinished ...>
1775  mmap(NULL, 16384, PROT_READ|PROT_WRITE, MAP_PRIVATE|MAP_ANONYMOUS|MAP_NORESERVE, -1, 0 <unfinished ...>
1776  <... munmap resumed>)             = 0
1775  <... mmap resumed>)               = 0x7f519e908000
1776  mmap(NULL, 16384, PROT_READ|PROT_WRITE, MAP_PRIVATE|MAP_ANONYMOUS|MAP_NORESERVE, -1, 0 <unfinished ...>
1775  munmap(0x7f519e908000, 16384)     = 0
1776  <... mmap resumed>)               = 0x7f519e908000
1775  mmap(NULL, 16384, PROT_READ|PROT_WRITE, MAP_PRIVATE|MAP_ANONYMOUS|MAP_NORESERVE, -1, 0) = 0x7f519e904000
1776  munmap(0x7f519e908000, 16384 <unfinished ...>
1775  munmap(0x7f519e904000, 16384 <unfinished ...>
1776  <... munmap resumed>)             = 0
1775  <... munmap resumed>)             = 0
1776  mmap(NULL, 16384, PROT_READ|PROT_WRITE, MAP_PRIVATE|MAP_ANONYMOUS|MAP_NORESERVE, -1, 0 <unfinished ...>
1775  mmap(NULL, 16384, PROT_READ|PROT_WRITE, MAP_PRIVATE|MAP_ANONYMOUS|MAP_NORESERVE, -1, 0 <unfinished ...>
1776  <... mmap resumed>)               = 0x7f519e908000
1775  <... mmap resumed>)               = 0x7f519e904000
1776  munmap(0x7f519e908000, 16384 <unfinished ...>
1775  munmap(0x7f519e904000, 16384 <unfinished ...>
1776  <... munmap resumed>)             = 0
1775  <... munmap resumed>)             = 0
1776  mmap(NULL, 16384, PROT_READ|PROT_WRITE, MAP_PRIVATE|MAP_ANONYMOUS|MAP_NORESERVE, -1, 0 <unfinished ...>
1775  mmap(NULL, 16384, PROT_READ|PROT_WRITE, MAP_PRIVATE|MAP_ANONYMOUS|MAP_NORESERVE, -1, 0 <unfinished ...>
1776  <... mmap resumed>)               = 0x7f519e908000
1775  <... mmap resumed>)               = 0x7f519e904000
1776  munmap(0x7f519e908000, 16384 <unfinished ...>
1775  munmap(0x7f519e904000, 16384 <unfinished ...>
1776  <... munmap resumed>)             = 0
1775  <... munmap resumed>)             = 0
1776  mmap(NULL, 16384, PROT_READ|PROT_WRITE, MAP_PRIVATE|MAP_ANONYMOUS|MAP_NORESERVE, -1, 0 <unfinished ...>
1775  mmap(NULL, 16384, PROT_READ|PROT_WRITE, MAP_PRIVATE|MAP_ANONYMOUS|MAP_NORESERVE, -1, 0 <unfinished ...>
1776  <... mmap resumed>)               = 0x7f519e908000
1775  <... mmap resumed>)               = 0x7f519e904000
1776  munmap(0x7f519e908000, 16384 <unfinished ...>
1775  munmap(0x7f519e904000, 16384 <unfinished ...>
1776  <... munmap resumed>)             = 0
1776  mmap(NULL, 16384, PROT_READ|PROT_WRITE, MAP_PRIVATE|MAP_ANONYMOUS|MAP_NORESERVE, -1, 0 <unfinished ...>
1775  <... munmap resumed>)             = 0
1776  <... mmap resumed>)               = 0x7f519e908000
1775  mmap(NULL, 16384, PROT_READ|PROT_WRITE, MAP_PRIVATE|MAP_ANONYMOUS|MAP_NORESERVE, -1, 0 <unfinished ...>
1776  munmap(0x7f519e908000, 16384 <unfinished ...>
1775  <... mmap resumed>)               = 0x7f519e904000
1776  <... munmap resumed>)             = 0
1775  munmap(0x7f519e904000, 16384 <unfinished ...>
1776  mmap(NULL, 16384, PROT_READ|PROT_WRITE, MAP_PRIVATE|MAP_ANONYMOUS|MAP_NORESERVE, -1, 0 <unfinished ...>
1775  <... munmap resumed>)             = 0
1776  <... mmap resumed>)               = 0x7f519e908000
1775  mmap(NULL, 16384, PROT_READ|PROT_WRITE, MAP_PRIVATE|MAP_ANONYMOUS|MAP_NORESERVE, -1, 0 <unfinished ...>
1776  munmap(0x7f519e908000, 16384 <unfinished ...>
1775  <... mmap resumed>)               = 0x7f519e904000
1776  <... munmap resumed>)             = 0
1775  munmap(0x7f519e904000, 16384 <unfinished ...>
1776  mmap(NULL, 16384, PROT_READ|PROT_WRITE, MAP_PRIVATE|MAP_ANONYMOUS|MAP_NORESERVE, -1, 0 <unfinished ...>
1775  <... munmap resumed>)             = 0
1776  <... mmap resumed>)               = 0x7f519e908000
1775  mmap(NULL, 16384, PROT_READ|PROT_WRITE, MAP_PRIVATE|MAP_ANONYMOUS|MAP_NORESERVE, -1, 0 <unfinished ...>
1776  munmap(0x7f519e908000, 16384 <unfinished ...>
1775  <... mmap resumed>)               = 0x7f519e904000
1776  <... munmap resumed>)             = 0
1775  munmap(0x7f519e904000, 16384 <unfinished ...>
1776  mmap(NULL, 16384, PROT_READ|PROT_WRITE, MAP_PRIVATE|MAP_ANONYMOUS|MAP_NORESERVE, -1, 0 <unfinished ...>
1775  <... munmap resumed>)             = 0
1776  <... mmap resumed>)               = 0x7f519e908000
1775  mmap(NULL, 16384, PROT_READ|PROT_WRITE, MAP_PRIVATE|MAP_ANONYMOUS|MAP_NORESERVE, -1, 0 <unfinished ...>
1776  munmap(0x7f519e908000, 16384 <unfinished ...>
1775  <... mmap resumed>)               = 0x7f519e904000
1776  <... munmap resumed>)             = 0
1775  munmap(0x7f519e904000, 16384 <unfinished ...>
1776  mmap(NULL, 16384, PROT_READ|PROT_WRITE, MAP_PRIVATE|MAP_ANONYMOUS|MAP_NORESERVE, -1, 0 <unfinished ...>
1775  <... munmap resumed>)             = 0
1776  <... mmap resumed>)               = 0x7f519e908000
1775  mmap(NULL, 16384, PROT_READ|PROT_WRITE, MAP_PRIVATE|MAP_ANONYMOUS|MAP_NORESERVE, -1, 0 <unfinished ...>
1776  munmap(0x7f519e908000, 16384 <unfinished ...>
1775  <... mmap resumed>)               = 0x7f519e904000
1776  <... munmap resumed>)             = 0
1775  munmap(0x7f519e904000, 16384 <unfinished ...>
1776  mmap(NULL, 16384, PROT_READ|PROT_WRITE, MAP_PRIVATE|MAP_ANONYMOUS|MAP_NORESERVE, -1, 0 <unfinished ...>
1775  <... munmap resumed>)             = 0
1776  <... mmap resumed>)               = 0x7f519e908000
1775  mmap(NULL, 16384, PROT_READ|PROT_WRITE, MAP_PRIVATE|MAP_ANONYMOUS|MAP_NORESERVE, -1, 0 <unfinished ...>
1776  munmap(0x7f519e908000, 16384 <unfinished ...>
1775  <... mmap resumed>)               = 0x7f519e904000
1776  <... munmap resumed>)             = 0
1775  munmap(0x7f519e904000, 16384 <unfinished ...>
1776  mmap(NULL, 16384, PROT_READ|PROT_WRITE, MAP_PRIVATE|MAP_ANONYMOUS|MAP_NORESERVE, -1, 0 <unfinished ...>
1775  <... munmap resumed>)             = 0
1776  <... mmap resumed>)               = 0x7f519e908000
1775  mmap(NULL, 16384, PROT_READ|PROT_WRITE, MAP_PRIVATE|MAP_ANONYMOUS|MAP_NORESERVE, -1, 0 <unfinished ...>
1776  munmap(0x7f519e908000, 16384 <unfinished ...>
1775  <... mmap resumed>)               = 0x7f519e904000
1776  <... munmap resumed>)             = 0
1775  munmap(0x7f519e904000, 16384 <unfinished ...>
1776  mmap(NULL, 16384, PROT_READ|PROT_WRITE, MAP_PRIVATE|MAP_ANONYMOUS|MAP_NORESERVE, -1, 0 <unfinished ...>
1775  <... munmap resumed>)             = 0
1776  <... mmap resumed>)               = 0x7f519e908000
1775  mmap(NULL, 16384, PROT_READ|PROT_WRITE, MAP_PRIVATE|MAP_ANONYMOUS|MAP_NORESERVE, -1, 0 <unfinished ...>
1776  munmap(0x7f519e908000, 16384 <unfinished ...>
1775  <... mmap resumed>)               = 0x7f519e904000
1776  <... munmap resumed>)             = 0
1775  munmap(0x7f519e904000, 16384 <unfinished ...>
1776  mmap(NULL, 16384, PROT_READ|PROT_WRITE, MAP_PRIVATE|MAP_ANONYMOUS|MAP_NORESERVE, -1, 0 <unfinished ...>
1775  <... munmap resumed>)             = 0
1776  <... mmap resumed>)               = 0x7f519e908000
1775  mmap(NULL, 16384, PROT_READ|PROT_WRITE, MAP_PRIVATE|MAP_ANONYMOUS|MAP_NORESERVE, -1, 0 <unfinished ...>
1776  munmap(0x7f519e908000, 16384 <unfinished ...>
1775  <... mmap resumed>)               = 0x7f519e904000
1776  <... munmap resumed>)             = 0
1775  munmap(0x7f519e904000, 16384 <unfinished ...>
1776  mmap(NULL, 16384, PROT_READ|PROT_WRITE, MAP_PRIVATE|MAP_ANONYMOUS|MAP_NORESERVE, -1, 0 <unfinished ...>
1775  <... munmap resumed>)             = 0
1776  <... mmap resumed>)               = 0x7f519e908000
1775  mmap(NULL, 16384, PROT_READ|PROT_WRITE, MAP_PRIVATE|MAP_ANONYMOUS|MAP_NORESERVE, -1, 0 <unfinished ...>
1776  munmap(0x7f519e908000, 16384 <unfinished ...>
1775  <... mmap resumed>)               = 0x7f519e904000
1776  <... munmap resumed>)             = 0
1775  munmap(0x7f519e904000, 16384 <unfinished ...>
1776  mmap(NULL, 16384, PROT_READ|PROT_WRITE, MAP_PRIVATE|MAP_ANONYMOUS|MAP_NORESERVE, -1, 0 <unfinished ...>
1775  <... munmap resumed>)             = 0
1776  <... mmap resumed>)               = 0x7f519e908000
1776  munmap(0x7f519e908000, 16384 <unfinished ...>
1775  mmap(NULL, 16384, PROT_READ|PROT_WRITE, MAP_PRIVATE|MAP_ANONYMOUS|MAP_NORESERVE, -1, 0 <unfinished ...>
1776  <... munmap resumed>)             = 0
1775  <... mmap resumed>)               = 0x7f519e908000
1776  mmap(NULL, 16384, PROT_READ|PROT_WRITE, MAP_PRIVATE|MAP_ANONYMOUS|MAP_NORESERVE, -1, 0 <unfinished ...>
1775  munmap(0x7f519e908000, 16384 <unfinished ...>
1776  <... mmap resumed>)               = 0x7f519e904000
1775  <... munmap resumed>)             = 0
1776  munmap(0x7f519e904000, 16384 <unfinished ...>
1775  mmap(NULL, 16384, PROT_READ|PROT_WRITE, MAP_PRIVATE|MAP_ANONYMOUS|MAP_NORESERVE, -1, 0 <unfinished ...>
1776  <... munmap resumed>)             = 0
1775  <... mmap resumed>)               = 0x7f519e908000
1776  mmap(NULL, 16384, PROT_READ|PROT_WRITE, MAP_PRIVATE|MAP_ANONYMOUS|MAP_NORESERVE, -1, 0 <unfinished ...>
1775  munmap(0x7f519e908000, 16384 <unfinished ...>
1776  <... mmap resumed>)               = 0x7f519e904000
1775  <... munmap resumed>)             = 0
1776  munmap(0x7f519e904000, 16384 <unfinished ...>
1775  mmap(NULL, 16384, PROT_READ|PROT_WRITE, MAP_PRIVATE|MAP_ANONYMOUS|MAP_NORESERVE, -1, 0 <unfinished ...>
1776  <... munmap resumed>)             = 0
1775  <... mmap resumed>)               = 0x7f519e908000
1776  mmap(NULL, 16384, PROT_READ|PROT_WRITE, MAP_PRIVATE|MAP_ANONYMOUS|MAP_NORESERVE, -1, 0 <unfinished ...>
1775  munmap(0x7f519e908000, 16384 <unfinished ...>
1776  <... mmap resumed>)               = 0x7f519e904000
1775  <... munmap resumed>)             = 0
1776  munmap(0x7f519e904000, 16384 <unfinished ...>
1775  mmap(NULL, 16384, PROT_READ|PROT_WRITE, MAP_PRIVATE|MAP_ANONYMOUS|MAP_NORESERVE, -1, 0 <unfinished ...>
1776  <... munmap resumed>)             = 0
1775  <... mmap resumed>)               = 0x7f519e908000
1776  mmap(NULL, 16384, PROT_READ|PROT_WRITE, MAP_PRIVATE|MAP_ANONYMOUS|MAP_NORESERVE, -1, 0 <unfinished ...>
1775  munmap(0x7f519e908000, 16384 <unfinished ...>
1776  <... mmap resumed>)               = 0x7f519e904000
1775  <... munmap resumed>)             = 0
1776  munmap(0x7f519e904000, 16384 <unfinished ...>
1775  mmap(NULL, 16384, PROT_READ|PROT_WRITE, MAP_PRIVATE|MAP_ANONYMOUS|MAP_NORESERVE, -1, 0 <unfinished ...>
1776  <... munmap resumed>)             = 0
1775  <... mmap resumed>)               = 0x7f519e908000
1776  mmap(NULL, 16384, PROT_READ|PROT_WRITE, MAP_PRIVATE|MAP_ANONYMOUS|MAP_NORESERVE, -1, 0 <unfinished ...>
1775  munmap(0x7f519e908000, 16384 <unfinished ...>
1776  <... mmap resumed>)               = 0x7f519e904000
1775  <... munmap resumed>)             = 0
1776  munmap(0x7f519e904000, 16384 <unfinished ...>
1775  mmap(NULL, 16384, PROT_READ|PROT_WRITE, MAP_PRIVATE|MAP_ANONYMOUS|MAP_NORESERVE, -1, 0 <unfinished ...>
1776  <... munmap resumed>)             = 0
1775  <... mmap resumed>)               = 0x7f519e908000
1776  mmap(NULL, 16384, PROT_READ|PROT_WRITE, MAP_PRIVATE|MAP_ANONYMOUS|MAP_NORESERVE, -1, 0 <unfinished ...>
1775  munmap(0x7f519e908000, 16384 <unfinished ...>
1776  <... mmap resumed>)               = 0x7f519e904000
1775  <... munmap resumed>)             = 0
1776  munmap(0x7f519e904000, 16384 <unfinished ...>
1775  mmap(NULL, 16384, PROT_READ|PROT_WRITE, MAP_PRIVATE|MAP_ANONYMOUS|MAP_NORESERVE, -1, 0 <unfinished ...>
1776  <... munmap resumed>)             = 0
1775  <... mmap resumed>)               = 0x7f519e908000
1776  mmap(NULL, 16384, PROT_READ|PROT_WRITE, MAP_PRIVATE|MAP_ANONYMOUS|MAP_NORESERVE, -1, 0 <unfinished ...>
1775  munmap(0x7f519e908000, 16384 <unfinished ...>
1776  <... mmap resumed>)               = 0x7f519e904000
1775  <... munmap resumed>)             = 0
1776  munmap(0x7f519e904000, 16384 <unfinished ...>
1775  mmap(NULL, 16384, PROT_READ|PROT_WRITE, MAP_PRIVATE|MAP_ANONYMOUS|MAP_NORESERVE, -1, 0 <unfinished ...>
1776  <... munmap resumed>)             = 0
1775  <... mmap resumed>)               = 0x7f519e908000
1776  mmap(NULL, 16384, PROT_READ|PROT_WRITE, MAP_PRIVATE|MAP_ANONYMOUS|MAP_NORESERVE, -1, 0 <unfinished ...>
1775  munmap(0x7f519e908000, 16384 <unfinished ...>
1776  <... mmap resumed>)               = 0x7f519e904000
1775  <... munmap resumed>)             = 0
1776  munmap(0x7f519e904000, 16384 <unfinished ...>
1775  mmap(NULL, 16384, PROT_READ|PROT_WRITE, MAP_PRIVATE|MAP_ANONYMOUS|MAP_NORESERVE, -1, 0 <unfinished ...>
1776  <... munmap resumed>)             = 0
1775  <... mmap resumed>)               = 0x7f519e908000
1776  mmap(NULL, 16384, PROT_READ|PROT_WRITE, MAP_PRIVATE|MAP_ANONYMOUS|MAP_NORESERVE, -1, 0 <unfinished ...>
1775  munmap(0x7f519e908000, 16384 <unfinished ...>
1776  <... mmap resumed>)               = 0x7f519e904000
1775  <... munmap resumed>)             = 0
1776  munmap(0x7f519e904000, 16384 <unfinished ...>
1775  mmap(NULL, 16384, PROT_READ|PROT_WRITE, MAP_PRIVATE|MAP_ANONYMOUS|MAP_NORESERVE, -1, 0 <unfinished ...>
1776  <... munmap resumed>)             = 0
1775  <... mmap resumed>)               = 0x7f519e908000
1776  mmap(NULL, 16384, PROT_READ|PROT_WRITE, MAP_PRIVATE|MAP_ANONYMOUS|MAP_NORESERVE, -1, 0 <unfinished ...>
1775  munmap(0x7f519e908000, 16384 <unfinished ...>
1776  <... mmap resumed>)               = 0x7f519e904000
1775  <... munmap resumed>)             = 0
1776  munmap(0x7f519e904000, 16384 <unfinished ...>
1775  mmap(NULL, 16384, PROT_READ|PROT_WRITE, MAP_PRIVATE|MAP_ANONYMOUS|MAP_NORESERVE, -1, 0 <unfinished ...>
1776  <... munmap resumed>)             = 0
1775  <... mmap resumed>)               = 0x7f519e908000
1776  mmap(NULL, 16384, PROT_READ|PROT_WRITE, MAP_PRIVATE|MAP_ANONYMOUS|MAP_NORESERVE, -1, 0 <unfinished ...>
1775  munmap(0x7f519e908000, 16384 <unfinished ...>
1776  <... mmap resumed>)               = 0x7f519e904000
1775  <... munmap resumed>)             = 0
1776  munmap(0x7f519e904000, 16384 <unfinished ...>
1775  mmap(NULL, 16384, PROT_READ|PROT_WRITE, MAP_PRIVATE|MAP_ANONYMOUS|MAP_NORESERVE, -1, 0 <unfinished ...>
1776  <... munmap resumed>)             = 0
1775  <... mmap resumed>)               = 0x7f519e908000
1776  mmap(NULL, 16384, PROT_READ|PROT_WRITE, MAP_PRIVATE|MAP_ANONYMOUS|MAP_NORESERVE, -1, 0 <unfinished ...>
1775  munmap(0x7f519e908000, 16384 <unfinished ...>
1776  <... mmap resumed>)               = 0x7f519e904000
1775  <... munmap resumed>)             = 0
1776  munmap(0x7f519e904000, 16384 <unfinished ...>
1775  mmap(NULL, 16384, PROT_READ|PROT_WRITE, MAP_PRIVATE|MAP_ANONYMOUS|MAP_NORESERVE, -1, 0 <unfinished ...>
1776  <... munmap resumed>)             = 0
1775  <... mmap resumed>)               = 0x7f519e908000
1776  mmap(NULL, 16384, PROT_READ|PROT_WRITE, MAP_PRIVATE|MAP_ANONYMOUS|MAP_NORESERVE, -1, 0 <unfinished ...>
1775  munmap(0x7f519e908000, 16384 <unfinished ...>
1776  <... mmap resumed>)               = 0x7f519e904000
1775  <... munmap resumed>)             = 0
1776  munmap(0x7f519e904000, 16384 <unfinished ...>
1775  mmap(NULL, 16384, PROT_READ|PROT_WRITE, MAP_PRIVATE|MAP_ANONYMOUS|MAP_NORESERVE, -1, 0 <unfinished ...>
1776  <... munmap resumed>)             = 0
1775  <... mmap resumed>)               = 0x7f519e908000
1776  mmap(NULL, 16384, PROT_READ|PROT_WRITE, MAP_PRIVATE|MAP_ANONYMOUS|MAP_NORESERVE, -1, 0 <unfinished ...>
1775  munmap(0x7f519e908000, 16384 <unfinished ...>
1776  <... mmap resumed>)               = 0x7f519e904000
1775  <... munmap resumed>)             = 0
1776  munmap(0x7f519e904000, 16384 <unfinished ...>
1775  mmap(NULL, 16384, PROT_READ|PROT_WRITE, MAP_PRIVATE|MAP_ANONYMOUS|MAP_NORESERVE, -1, 0 <unfinished ...>
1776  <... munmap resumed>)             = 0
1775  <... mmap resumed>)               = 0x7f519e908000
1776  mmap(NULL, 16384, PROT_READ|PROT_WRITE, MAP_PRIVATE|MAP_ANONYMOUS|MAP_NORESERVE, -1, 0 <unfinished ...>
1775  munmap(0x7f519e908000, 16384 <unfinished ...>
1776  <... mmap resumed>)               = 0x7f519e904000
1775  <... munmap resumed>)             = 0
1776  munmap(0x7f519e904000, 16384 <unfinished ...>
1775  mmap(NULL, 16384, PROT_READ|PROT_WRITE, MAP_PRIVATE|MAP_ANONYMOUS|MAP_NORESERVE, -1, 0 <unfinished ...>
1776  <... munmap resumed>)             = 0
1775  <... mmap resumed>)               = 0x7f519e908000
1776  mmap(NULL, 16384, PROT_READ|PROT_WRITE, MAP_PRIVATE|MAP_ANONYMOUS|MAP_NORESERVE, -1, 0 <unfinished ...>
1775  munmap(0x7f519e908000, 16384 <unfinished ...>
1776  <... mmap resumed>)               = 0x7f519e904000
1775  <... munmap resumed>)             = 0
1776  munmap(0x7f519e904000, 16384 <unfinished ...>
1775  mmap(NULL, 16384, PROT_READ|PROT_WRITE, MAP_PRIVATE|MAP_ANONYMOUS|MAP_NORESERVE, -1, 0 <unfinished ...>
1776  <... munmap resumed>)             = 0
1775  <... mmap resumed>)               = 0x7f519e908000
1776  mmap(NULL, 16384, PROT_READ|PROT_WRITE, MAP_PRIVATE|MAP_ANONYMOUS|MAP_NORESERVE, -1, 0 <unfinished ...>
1775  munmap(0x7f519e908000, 16384 <unfinished ...>
1776  <... mmap resumed>)               = 0x7f519e904000
1775  <... munmap resumed>)             = 0
1776  munmap(0x7f519e904000, 16384 <unfinished ...>
1775  mmap(NULL, 16384, PROT_READ|PROT_WRITE, MAP_PRIVATE|MAP_ANONYMOUS|MAP_NORESERVE, -1, 0 <unfinished ...>
1776  <... munmap resumed>)             = 0
1775  <... mmap resumed>)               = 0x7f519e908000
1776  mmap(NULL, 16384, PROT_READ|PROT_WRITE, MAP_PRIVATE|MAP_ANONYMOUS|MAP_NORESERVE, -1, 0 <unfinished ...>
1775  munmap(0x7f519e908000, 16384 <unfinished ...>
1776  <... mmap resumed>)               = 0x7f519e904000
1775  <... munmap resumed>)             = 0
1776  munmap(0x7f519e904000, 16384 <unfinished ...>
1775  mmap(NULL, 16384, PROT_READ|PROT_WRITE, MAP_PRIVATE|MAP_ANONYMOUS|MAP_NORESERVE, -1, 0 <unfinished ...>
1776  <... munmap resumed>)             = 0
1775  <... mmap resumed>)               = 0x7f519e908000
1776  mmap(NULL, 16384, PROT_READ|PROT_WRITE, MAP_PRIVATE|MAP_ANONYMOUS|MAP_NORESERVE, -1, 0 <unfinished ...>
1775  munmap(0x7f519e908000, 16384 <unfinished ...>
1776  <... mmap resumed>)               = 0x7f519e904000
1775  <... munmap resumed>)             = 0
1776  munmap(0x7f519e904000, 16384 <unfinished ...>
1775  mmap(NULL, 16384, PROT_READ|PROT_WRITE, MAP_PRIVATE|MAP_ANONYMOUS|MAP_NORESERVE, -1, 0 <unfinished ...>
1776  <... munmap resumed>)             = 0
1775  <... mmap resumed>)               = 0x7f519e908000
1776  mmap(NULL, 16384, PROT_READ|PROT_WRITE, MAP_PRIVATE|MAP_ANONYMOUS|MAP_NORESERVE, -1, 0 <unfinished ...>
1775  munmap(0x7f519e908000, 16384 <unfinished ...>
1776  <... mmap resumed>)               = 0x7f519e904000
1775  <... munmap resumed>)             = 0
1776  munmap(0x7f519e904000, 16384 <unfinished ...>
1775  mmap(NULL, 16384, PROT_READ|PROT_WRITE, MAP_PRIVATE|MAP_ANONYMOUS|MAP_NORESERVE, -1, 0 <unfinished ...>
1776  <... munmap resumed>)             = 0
1775  <... mmap resumed>)               = 0x7f519e908000
1776  mmap(NULL, 16384, PROT_READ|PROT_WRITE, MAP_PRIVATE|MAP_ANONYMOUS|MAP_NORESERVE, -1, 0 <unfinished ...>
1775  munmap(0x7f519e908000, 16384 <unfinished ...>
1776  <... mmap resumed>)               = 0x7f519e904000
1775  <... munmap resumed>)             = 0
1776  munmap(0x7f519e904000, 16384 <unfinished ...>
1775  mmap(NULL, 16384, PROT_READ|PROT_WRITE, MAP_PRIVATE|MAP_ANONYMOUS|MAP_NORESERVE, -1, 0 <unfinished ...>
1776  <... munmap resumed>)             = 0
1775  <... mmap resumed>)               = 0x7f519e908000
1776  mmap(NULL, 16384, PROT_READ|PROT_WRITE, MAP_PRIVATE|MAP_ANONYMOUS|MAP_NORESERVE, -1, 0 <unfinished ...>
1775  munmap(0x7f519e908000, 16384 <unfinished ...>
1776  <... mmap resumed>)               = 0x7f519e904000
1775  <... munmap resumed>)             = 0
1776  munmap(0x7f519e904000, 16384 <unfinished ...>
1775  mmap(NULL, 16384, PROT_READ|PROT_WRITE, MAP_PRIVATE|MAP_ANONYMOUS|MAP_NORESERVE, -1, 0 <unfinished ...>
1776  <... munmap resumed>)             = 0
1775  <... mmap resumed>)               = 0x7f519e908000
1776  mmap(NULL, 16384, PROT_READ|PROT_WRITE, MAP_PRIVATE|MAP_ANONYMOUS|MAP_NORESERVE, -1, 0 <unfinished ...>
1775  munmap(0x7f519e908000, 16384 <unfinished ...>
1776  <... mmap resumed>)               = 0x7f519e904000
1775  <... munmap resumed>)             = 0
1776  munmap(0x7f519e904000, 16384 <unfinished ...>
1775  mmap(NULL, 16384, PROT_READ|PROT_WRITE, MAP_PRIVATE|MAP_ANONYMOUS|MAP_NORESERVE, -1, 0 <unfinished ...>
1776  <... munmap resumed>)             = 0
1775  <... mmap resumed>)               = 0x7f519e908000
1776  mmap(NULL, 16384, PROT_READ|PROT_WRITE, MAP_PRIVATE|MAP_ANONYMOUS|MAP_NORESERVE, -1, 0 <unfinished ...>
1775  munmap(0x7f519e908000, 16384 <unfinished ...>
1776  <... mmap resumed>)               = 0x7f519e904000
1775  <... munmap resumed>)             = 0
1776  munmap(0x7f519e904000, 16384)     = 0
1775  mmap(NULL, 16384, PROT_READ|PROT_WRITE, MAP_PRIVATE|MAP_ANONYMOUS|MAP_NORESERVE, -1, 0 <unfinished ...>
1776  mmap(NULL, 16384, PROT_READ|PROT_WRITE, MAP_PRIVATE|MAP_ANONYMOUS|MAP_NORESERVE, -1, 0 <unfinished ...>
1775  <... mmap resumed>)               = 0x7f519e908000
1776  <... mmap resumed>)               = 0x7f519e904000
1775  munmap(0x7f519e908000, 16384 <unfinished ...>
1776  munmap(0x7f519e904000, 16384 <unfinished ...>
1775  <... munmap resumed>)             = 0
1776  <... munmap resumed>)             = 0
1775  mmap(NULL, 16384, PROT_READ|PROT_WRITE, MAP_PRIVATE|MAP_ANONYMOUS|MAP_NORESERVE, -1, 0 <unfinished ...>
1776  mmap(NULL, 16384, PROT_READ|PROT_WRITE, MAP_PRIVATE|MAP_ANONYMOUS|MAP_NORESERVE, -1, 0 <unfinished ...>
1775  <... mmap resumed>)               = 0x7f519e908000
1775  munmap(0x7f519e908000, 16384 <unfinished ...>
1776  <... mmap resumed>)               = 0x7f519e904000
1775  <... munmap resumed>)             = 0
1776  munmap(0x7f519e904000, 16384 <unfinished ...>
1775  mmap(NULL, 16384, PROT_READ|PROT_WRITE, MAP_PRIVATE|MAP_ANONYMOUS|MAP_NORESERVE, -1, 0 <unfinished ...>
1776  <... munmap resumed>)             = 0
1775  <... mmap resumed>)               = 0x7f519e908000
1776  mmap(NULL, 16384, PROT_READ|PROT_WRITE, MAP_PRIVATE|MAP_ANONYMOUS|MAP_NORESERVE, -1, 0 <unfinished ...>
1775  munmap(0x7f519e908000, 16384 <unfinished ...>
1776  <... mmap resumed>)               = 0x7f519e904000
1775  <... munmap resumed>)             = 0
1776  munmap(0x7f519e904000, 16384 <unfinished ...>
1775  mmap(NULL, 16384, PROT_READ|PROT_WRITE, MAP_PRIVATE|MAP_ANONYMOUS|MAP_NORESERVE, -1, 0 <unfinished ...>
1776  <... munmap resumed>)             = 0
1775  <... mmap resumed>)               = 0x7f519e908000
1776  mmap(NULL, 16384, PROT_READ|PROT_WRITE, MAP_PRIVATE|MAP_ANONYMOUS|MAP_NORESERVE, -1, 0 <unfinished ...>
1775  munmap(0x7f519e908000, 16384 <unfinished ...>
1776  <... mmap resumed>)               = 0x7f519e904000
1775  <... munmap resumed>)             = 0
1776  munmap(0x7f519e904000, 16384 <unfinished ...>
1775  mmap(NULL, 16384, PROT_READ|PROT_WRITE, MAP_PRIVATE|MAP_ANONYMOUS|MAP_NORESERVE, -1, 0 <unfinished ...>
1776  <... munmap resumed>)             = 0
1775  <... mmap resumed>)               = 0x7f519e908000
1776  mmap(NULL, 16384, PROT_READ|PROT_WRITE, MAP_PRIVATE|MAP_ANONYMOUS|MAP_NORESERVE, -1, 0 <unfinished ...>
1775  munmap(0x7f519e908000, 16384 <unfinished ...>
1776  <... mmap resumed>)               = 0x7f519e904000
1775  <... munmap resumed>)             = 0
1776  munmap(0x7f519e904000, 16384 <unfinished ...>
1775  mmap(NULL, 16384, PROT_READ|PROT_WRITE, MAP_PRIVATE|MAP_ANONYMOUS|MAP_NORESERVE, -1, 0 <unfinished ...>
1776  <... munmap resumed>)             = 0
1775  <... mmap resumed>)               = 0x7f519e908000
1776  mmap(NULL, 16384, PROT_READ|PROT_WRITE, MAP_PRIVATE|MAP_ANONYMOUS|MAP_NORESERVE, -1, 0 <unfinished ...>
1775  munmap(0x7f519e908000, 16384 <unfinished ...>
1776  <... mmap resumed>)               = 0x7f519e904000
1775  <... munmap resumed>)             = 0
1776  munmap(0x7f519e904000, 16384 <unfinished ...>
1775  mmap(NULL, 16384, PROT_READ|PROT_WRITE, MAP_PRIVATE|MAP_ANONYMOUS|MAP_NORESERVE, -1, 0 <unfinished ...>
1776  <... munmap resumed>)             = 0
1775  <... mmap resumed>)               = 0x7f519e908000
1776  mmap(NULL, 16384, PROT_READ|PROT_WRITE, MAP_PRIVATE|MAP_ANONYMOUS|MAP_NORESERVE, -1, 0 <unfinished ...>
1775  munmap(0x7f519e908000, 16384 <unfinished ...>
1776  <... mmap resumed>)               = 0x7f519e904000
1775  <... munmap resumed>)             = 0
1776  munmap(0x7f519e904000, 16384 <unfinished ...>
1775  mmap(NULL, 16384, PROT_READ|PROT_WRITE, MAP_PRIVATE|MAP_ANONYMOUS|MAP_NORESERVE, -1, 0 <unfinished ...>
1776  <... munmap resumed>)             = 0
1775  <... mmap resumed>)               = 0x7f519e908000
1776  mmap(NULL, 16384, PROT_READ|PROT_WRITE, MAP_PRIVATE|MAP_ANONYMOUS|MAP_NORESERVE, -1, 0 <unfinished ...>
1775  munmap(0x7f519e908000, 16384 <unfinished ...>
1776  <... mmap resumed>)               = 0x7f519e904000
1775  <... munmap resumed>)             = 0
1776  munmap(0x7f519e904000, 16384 <unfinished ...>
1775  mmap(NULL, 16384, PROT_READ|PROT_WRITE, MAP_PRIVATE|MAP_ANONYMOUS|MAP_NORESERVE, -1, 0 <unfinished ...>
1776  <... munmap resumed>)             = 0
1775  <... mmap resumed>)               = 0x7f519e908000
1776  mmap(NULL, 16384, PROT_READ|PROT_WRITE, MAP_PRIVATE|MAP_ANONYMOUS|MAP_NORESERVE, -1, 0 <unfinished ...>
1775  munmap(0x7f519e908000, 16384 <unfinished ...>
1776  <... mmap resumed>)               = 0x7f519e904000
1775  <... munmap resumed>)             = 0
1776  munmap(0x7f519e904000, 16384 <unfinished ...>
1775  mmap(NULL, 16384, PROT_READ|PROT_WRITE, MAP_PRIVATE|MAP_ANONYMOUS|MAP_NORESERVE, -1, 0 <unfinished ...>
1776  <... munmap resumed>)             = 0
1776  mmap(NULL, 16384, PROT_READ|PROT_WRITE, MAP_PRIVATE|MAP_ANONYMOUS|MAP_NORESERVE, -1, 0 <unfinished ...>
1775  <... mmap resumed>)               = 0x7f519e908000
1776  <... mmap resumed>)               = 0x7f519e904000
1775  munmap(0x7f519e908000, 16384 <unfinished ...>
1776  munmap(0x7f519e904000, 16384 <unfinished ...>
1775  <... munmap resumed>)             = 0
1776  <... munmap resumed>)             = 0
1775  mmap(NULL, 16384, PROT_READ|PROT_WRITE, MAP_PRIVATE|MAP_ANONYMOUS|MAP_NORESERVE, -1, 0 <unfinished ...>
1776  mmap(NULL, 16384, PROT_READ|PROT_WRITE, MAP_PRIVATE|MAP_ANONYMOUS|MAP_NORESERVE, -1, 0 <unfinished ...>
1775  <... mmap resumed>)               = 0x7f519e908000
1776  <... mmap resumed>)               = 0x7f519e904000
1775  munmap(0x7f519e908000, 16384 <unfinished ...>
1776  munmap(0x7f519e904000, 16384 <unfinished ...>
1775  <... munmap resumed>)             = 0
1776  <... munmap resumed>)             = 0
1775  mmap(NULL, 16384, PROT_READ|PROT_WRITE, MAP_PRIVATE|MAP_ANONYMOUS|MAP_NORESERVE, -1, 0 <unfinished ...>
1776  mmap(NULL, 16384, PROT_READ|PROT_WRITE, MAP_PRIVATE|MAP_ANONYMOUS|MAP_NORESERVE, -1, 0 <unfinished ...>
1775  <... mmap resumed>)               = 0x7f519e908000
1776  <... mmap resumed>)               = 0x7f519e904000
1775  munmap(0x7f519e908000, 16384 <unfinished ...>
1776  munmap(0x7f519e904000, 16384 <unfinished ...>
1775  <... munmap resumed>)             = 0
1776  <... munmap resumed>)             = 0
1775  mmap(NULL, 16384, PROT_READ|PROT_WRITE, MAP_PRIVATE|MAP_ANONYMOUS|MAP_NORESERVE, -1, 0 <unfinished ...>
1776  mmap(NULL, 16384, PROT_READ|PROT_WRITE, MAP_PRIVATE|MAP_ANONYMOUS|MAP_NORESERVE, -1, 0 <unfinished ...>
1775  <... mmap resumed>)               = 0x7f519e908000
1776  <... mmap resumed>)               = 0x7f519e904000
1775  munmap(0x7f519e908000, 16384 <unfinished ...>
1776  munmap(0x7f519e904000, 16384 <unfinished ...>
1775  <... munmap resumed>)             = 0
1776  <... munmap resumed>)             = 0
1775  mmap(NULL, 16384, PROT_READ|PROT_WRITE, MAP_PRIVATE|MAP_ANONYMOUS|MAP_NORESERVE, -1, 0 <unfinished ...>
1776  mmap(NULL, 16384, PROT_READ|PROT_WRITE, MAP_PRIVATE|MAP_ANONYMOUS|MAP_NORESERVE, -1, 0 <unfinished ...>
1775  <... mmap resumed>)               = 0x7f519e908000
1776  <... mmap resumed>)               = 0x7f519e904000
1775  munmap(0x7f519e908000, 16384 <unfinished ...>
1776  munmap(0x7f519e904000, 16384 <unfinished ...>
1775  <... munmap resumed>)             = 0
1776  <... munmap resumed>)             = 0
1775  mmap(NULL, 16384, PROT_READ|PROT_WRITE, MAP_PRIVATE|MAP_ANONYMOUS|MAP_NORESERVE, -1, 0 <unfinished ...>
1776  mmap(NULL, 16384, PROT_READ|PROT_WRITE, MAP_PRIVATE|MAP_ANONYMOUS|MAP_NORESERVE, -1, 0 <unfinished ...>
1775  <... mmap resumed>)               = 0x7f519e908000
1776  <... mmap resumed>)               = 0x7f519e904000
1775  munmap(0x7f519e908000, 16384 <unfinished ...>
1776  munmap(0x7f519e904000, 16384 <unfinished ...>
1775  <... munmap resumed>)             = 0
1776  <... munmap resumed>)             = 0
1775  mmap(NULL, 16384, PROT_READ|PROT_WRITE, MAP_PRIVATE|MAP_ANONYMOUS|MAP_NORESERVE, -1, 0 <unfinished ...>
1776  mmap(NULL, 16384, PROT_READ|PROT_WRITE, MAP_PRIVATE|MAP_ANONYMOUS|MAP_NORESERVE, -1, 0 <unfinished ...>
1775  <... mmap resumed>)               = 0x7f519e908000
1776  <... mmap resumed>)               = 0x7f519e904000
1775  munmap(0x7f519e908000, 16384 <unfinished ...>
1776  munmap(0x7f519e904000, 16384 <unfinished ...>
1775  <... munmap resumed>)             = 0
1776  <... munmap resumed>)             = 0
1775  mmap(NULL, 16384, PROT_READ|PROT_WRITE, MAP_PRIVATE|MAP_ANONYMOUS|MAP_NORESERVE, -1, 0 <unfinished ...>
1776  mmap(NULL, 16384, PROT_READ|PROT_WRITE, MAP_PRIVATE|MAP_ANONYMOUS|MAP_NORESERVE, -1, 0 <unfinished ...>
1775  <... mmap resumed>)               = 0x7f519e908000
1776  <... mmap resumed>)               = 0x7f519e904000
1775  munmap(0x7f519e908000, 16384 <unfinished ...>
1776  munmap(0x7f519e904000, 16384)     = 0
1775  <... munmap resumed>)             = 0
1776  mmap(NULL, 16384, PROT_READ|PROT_WRITE, MAP_PRIVATE|MAP_ANONYMOUS|MAP_NORESERVE, -1, 0 <unfinished ...>
1775  mmap(NULL, 16384, PROT_READ|PROT_WRITE, MAP_PRIVATE|MAP_ANONYMOUS|MAP_NORESERVE, -1, 0 <unfinished ...>
1776  <... mmap resumed>)               = 0x7f519e908000
1775  <... mmap resumed>)               = 0x7f519e904000
1776  munmap(0x7f519e908000, 16384 <unfinished ...>
1775  munmap(0x7f519e904000, 16384 <unfinished ...>
1776  <... munmap resumed>)             = 0
1775  <... munmap resumed>)             = 0
1776  mmap(NULL, 16384, PROT_READ|PROT_WRITE, MAP_PRIVATE|MAP_ANONYMOUS|MAP_NORESERVE, -1, 0 <unfinished ...>
1775  mmap(NULL, 16384, PROT_READ|PROT_WRITE, MAP_PRIVATE|MAP_ANONYMOUS|MAP_NORESERVE, -1, 0 <unfinished ...>
1776  <... mmap resumed>)               = 0x7f519e908000
1775  <... mmap resumed>)               = 0x7f519e904000
1776  munmap(0x7f519e908000, 16384 <unfinished ...>
1775  munmap(0x7f519e904000, 16384 <unfinished ...>
1776  <... munmap resumed>)             = 0
1775  <... munmap resumed>)             = 0
1776  mmap(NULL, 16384, PROT_READ|PROT_WRITE, MAP_PRIVATE|MAP_ANONYMOUS|MAP_NORESERVE, -1, 0 <unfinished ...>
1775  mmap(NULL, 16384, PROT_READ|PROT_WRITE, MAP_PRIVATE|MAP_ANONYMOUS|MAP_NORESERVE, -1, 0 <unfinished ...>
1776  <... mmap resumed>)               = 0x7f519e908000
1775  <... mmap resumed>)               = 0x7f519e904000
1776  munmap(0x7f519e908000, 16384 <unfinished ...>
1775  munmap(0x7f519e904000, 16384 <unfinished ...>
1776  <... munmap resumed>)             = 0
1775  <... munmap resumed>)             = 0
1776  mmap(NULL, 16384, PROT_READ|PROT_WRITE, MAP_PRIVATE|MAP_ANONYMOUS|MAP_NORESERVE, -1, 0 <unfinished ...>
1775  mmap(NULL, 16384, PROT_READ|PROT_WRITE, MAP_PRIVATE|MAP_ANONYMOUS|MAP_NORESERVE, -1, 0 <unfinished ...>
1776  <... mmap resumed>)               = 0x7f519e908000
1775  <... mmap resumed>)               = 0x7f519e904000
1776  munmap(0x7f519e908000, 16384 <unfinished ...>
1775  munmap(0x7f519e904000, 16384 <unfinished ...>
1776  <... munmap resumed>)             = 0
1775  <... munmap resumed>)             = 0
1776  mmap(NULL, 16384, PROT_READ|PROT_WRITE, MAP_PRIVATE|MAP_ANONYMOUS|MAP_NORESERVE, -1, 0 <unfinished ...>
1775  mmap(NULL, 16384, PROT_READ|PROT_WRITE, MAP_PRIVATE|MAP_ANONYMOUS|MAP_NORESERVE, -1, 0 <unfinished ...>
1776  <... mmap resumed>)               = 0x7f519e908000
1775  <... mmap resumed>)               = 0x7f519e904000
1776  munmap(0x7f519e908000, 16384 <unfinished ...>
1775  munmap(0x7f519e904000, 16384 <unfinished ...>
1776  <... munmap resumed>)             = 0
1775  <... munmap resumed>)             = 0
1776  mmap(NULL, 16384, PROT_READ|PROT_WRITE, MAP_PRIVATE|MAP_ANONYMOUS|MAP_NORESERVE, -1, 0 <unfinished ...>
1775  mmap(NULL, 16384, PROT_READ|PROT_WRITE, MAP_PRIVATE|MAP_ANONYMOUS|MAP_NORESERVE, -1, 0 <unfinished ...>
1776  <... mmap resumed>)               = 0x7f519e908000
1775  <... mmap resumed>)               = 0x7f519e904000
1776  munmap(0x7f519e908000, 16384 <unfinished ...>
1775  munmap(0x7f519e904000, 16384 <unfinished ...>
1776  <... munmap resumed>)             = 0
1775  <... munmap resumed>)             = 0
1776  mmap(NULL, 16384, PROT_READ|PROT_WRITE, MAP_PRIVATE|MAP_ANONYMOUS|MAP_NORESERVE, -1, 0 <unfinished ...>
1775  mmap(NULL, 16384, PROT_READ|PROT_WRITE, MAP_PRIVATE|MAP_ANONYMOUS|MAP_NORESERVE, -1, 0 <unfinished ...>
1776  <... mmap resumed>)               = 0x7f519e908000
1775  <... mmap resumed>)               = 0x7f519e904000
1776  munmap(0x7f519e908000, 16384 <unfinished ...>
1775  munmap(0x7f519e904000, 16384 <unfinished ...>
1776  <... munmap resumed>)             = 0
1775  <... munmap resumed>)             = 0
1776  mmap(NULL, 16384, PROT_READ|PROT_WRITE, MAP_PRIVATE|MAP_ANONYMOUS|MAP_NORESERVE, -1, 0 <unfinished ...>
1775  mmap(NULL, 16384, PROT_READ|PROT_WRITE, MAP_PRIVATE|MAP_ANONYMOUS|MAP_NORESERVE, -1, 0 <unfinished ...>
1776  <... mmap resumed>)               = 0x7f519e908000
1775  <... mmap resumed>)               = 0x7f519e904000
1776  munmap(0x7f519e908000, 16384 <unfinished ...>
1775  munmap(0x7f519e904000, 16384 <unfinished ...>
1776  <... munmap resumed>)             = 0
1775  <... munmap resumed>)             = 0
1776  mmap(NULL, 16384, PROT_READ|PROT_WRITE, MAP_PRIVATE|MAP_ANONYMOUS|MAP_NORESERVE, -1, 0 <unfinished ...>
1775  mmap(NULL, 16384, PROT_READ|PROT_WRITE, MAP_PRIVATE|MAP_ANONYMOUS|MAP_NORESERVE, -1, 0 <unfinished ...>
1776  <... mmap resumed>)               = 0x7f519e908000
1775  <... mmap resumed>)               = 0x7f519e904000
1776  munmap(0x7f519e908000, 16384 <unfinished ...>
1775  munmap(0x7f519e904000, 16384 <unfinished ...>
1776  <... munmap resumed>)             = 0
1775  <... munmap resumed>)             = 0
1776  mmap(NULL, 16384, PROT_READ|PROT_WRITE, MAP_PRIVATE|MAP_ANONYMOUS|MAP_NORESERVE, -1, 0 <unfinished ...>
1775  mmap(NULL, 16384, PROT_READ|PROT_WRITE, MAP_PRIVATE|MAP_ANONYMOUS|MAP_NORESERVE, -1, 0 <unfinished ...>
1776  <... mmap resumed>)               = 0x7f519e908000
1775  <... mmap resumed>)               = 0x7f519e904000
1776  munmap(0x7f519e908000, 16384 <unfinished ...>
1775  munmap(0x7f519e904000, 16384 <unfinished ...>
1776  <... munmap resumed>)             = 0
1775  <... munmap resumed>)             = 0
1776  mmap(NULL, 16384, PROT_READ|PROT_WRITE, MAP_PRIVATE|MAP_ANONYMOUS|MAP_NORESERVE, -1, 0 <unfinished ...>
1775  mmap(NULL, 16384, PROT_READ|PROT_WRITE, MAP_PRIVATE|MAP_ANONYMOUS|MAP_NORESERVE, -1, 0 <unfinished ...>
1776  <... mmap resumed>)               = 0x7f519e908000
1775  <... mmap resumed>)               = 0x7f519e904000
1776  munmap(0x7f519e908000, 16384)     = 0
1775  munmap(0x7f519e904000, 16384 <unfinished ...>
1776  mmap(NULL, 16384, PROT_READ|PROT_WRITE, MAP_PRIVATE|MAP_ANONYMOUS|MAP_NORESERVE, -1, 0 <unfinished ...>
1775  <... munmap resumed>)             = 0
1776  <... mmap resumed>)               = 0x7f519e908000
1775  mmap(NULL, 16384, PROT_READ|PROT_WRITE, MAP_PRIVATE|MAP_ANONYMOUS|MAP_NORESERVE, -1, 0 <unfinished ...>
1776  munmap(0x7f519e908000, 16384 <unfinished ...>
1775  <... mmap resumed>)               = 0x7f519e904000
1776  <... munmap resumed>)             = 0
1775  munmap(0x7f519e904000, 16384 <unfinished ...>
1776  mmap(NULL, 16384, PROT_READ|PROT_WRITE, MAP_PRIVATE|MAP_ANONYMOUS|MAP_NORESERVE, -1, 0 <unfinished ...>
1775  <... munmap resumed>)             = 0
1776  <... mmap resumed>)               = 0x7f519e908000
1775  mmap(NULL, 16384, PROT_READ|PROT_WRITE, MAP_PRIVATE|MAP_ANONYMOUS|MAP_NORESERVE, -1, 0 <unfinished ...>
1776  munmap(0x7f519e908000, 16384 <unfinished ...>
1775  <... mmap resumed>)               = 0x7f519e904000
1776  <... munmap resumed>)             = 0
1775  munmap(0x7f519e904000, 16384 <unfinished ...>
1776  mmap(NULL, 16384, PROT_READ|PROT_WRITE, MAP_PRIVATE|MAP_ANONYMOUS|MAP_NORESERVE, -1, 0 <unfinished ...>
1775  <... munmap resumed>)             = 0
1776  <... mmap resumed>)               = 0x7f519e908000
1775  mmap(NULL, 16384, PROT_READ|PROT_WRITE, MAP_PRIVATE|MAP_ANONYMOUS|MAP_NORESERVE, -1, 0 <unfinished ...>
1776  munmap(0x7f519e908000, 16384 <unfinished ...>
1775  <... mmap resumed>)               = 0x7f519e904000
1776  <... munmap resumed>)             = 0
1775  munmap(0x7f519e904000, 16384 <unfinished ...>
1776  mmap(NULL, 16384, PROT_READ|PROT_WRITE, MAP_PRIVATE|MAP_ANONYMOUS|MAP_NORESERVE, -1, 0 <unfinished ...>
1775  <... munmap resumed>)             = 0
1776  <... mmap resumed>)               = 0x7f519e908000
1775  mmap(NULL, 16384, PROT_READ|PROT_WRITE, MAP_PRIVATE|MAP_ANONYMOUS|MAP_NORESERVE, -1, 0 <unfinished ...>
1776  munmap(0x7f519e908000, 16384 <unfinished ...>
1775  <... mmap resumed>)               = 0x7f519e904000
1776  <... munmap resumed>)             = 0
1775  munmap(0x7f519e904000, 16384 <unfinished ...>
1776  mmap(NULL, 16384, PROT_READ|PROT_WRITE, MAP_PRIVATE|MAP_ANONYMOUS|MAP_NORESERVE, -1, 0 <unfinished ...>
1775  <... munmap resumed>)             = 0
1776  <... mmap resumed>)               = 0x7f519e908000
1775  mmap(NULL, 16384, PROT_READ|PROT_WRITE, MAP_PRIVATE|MAP_ANONYMOUS|MAP_NORESERVE, -1, 0 <unfinished ...>
1776  munmap(0x7f519e908000, 16384)     = 0
1775  <... mmap resumed>)               = 0x7f519e904000
1776  mmap(NULL, 16384, PROT_READ|PROT_WRITE, MAP_PRIVATE|MAP_ANONYMOUS|MAP_NORESERVE, -1, 0 <unfinished ...>
1775  munmap(0x7f519e904000, 16384 <unfinished ...>
1776  <... mmap resumed>)               = 0x7f519e908000
1775  <... munmap resumed>)             = 0
1776  munmap(0x7f519e908000, 16384 <unfinished ...>
1775  mmap(NULL, 16384, PROT_READ|PROT_WRITE, MAP_PRIVATE|MAP_ANONYMOUS|MAP_NORESERVE, -1, 0 <unfinished ...>
1776  <... munmap resumed>)             = 0
1775  <... mmap resumed>)               = 0x7f519e908000
1776  mmap(NULL, 16384, PROT_READ|PROT_WRITE, MAP_PRIVATE|MAP_ANONYMOUS|MAP_NORESERVE, -1, 0 <unfinished ...>
1775  munmap(0x7f519e908000, 16384 <unfinished ...>
1776  <... mmap resumed>)               = 0x7f519e904000
1775  <... munmap resumed>)             = 0
1776  munmap(0x7f519e904000, 16384)     = 0
1775  mmap(NULL, 16384, PROT_READ|PROT_WRITE, MAP_PRIVATE|MAP_ANONYMOUS|MAP_NORESERVE, -1, 0 <unfinished ...>
1776  mmap(NULL, 16384, PROT_READ|PROT_WRITE, MAP_PRIVATE|MAP_ANONYMOUS|MAP_NORESERVE, -1, 0 <unfinished ...>
1775  <... mmap resumed>)               = 0x7f519e908000
1776  <... mmap resumed>)               = 0x7f519e904000
1775  munmap(0x7f519e908000, 16384 <unfinished ...>
1776  munmap(0x7f519e904000, 16384 <unfinished ...>
1775  <... munmap resumed>)             = 0
1776  <... munmap resumed>)             = 0
1775  mmap(NULL, 16384, PROT_READ|PROT_WRITE, MAP_PRIVATE|MAP_ANONYMOUS|MAP_NORESERVE, -1, 0 <unfinished ...>
1776  mmap(NULL, 16384, PROT_READ|PROT_WRITE, MAP_PRIVATE|MAP_ANONYMOUS|MAP_NORESERVE, -1, 0 <unfinished ...>
1775  <... mmap resumed>)               = 0x7f519e908000
1776  <... mmap resumed>)               = 0x7f519e904000
1775  munmap(0x7f519e908000, 16384 <unfinished ...>
1776  munmap(0x7f519e904000, 16384 <unfinished ...>
1775  <... munmap resumed>)             = 0
1776  <... munmap resumed>)             = 0
1776  mmap(NULL, 16384, PROT_READ|PROT_WRITE, MAP_PRIVATE|MAP_ANONYMOUS|MAP_NORESERVE, -1, 0 <unfinished ...>
1775  mmap(NULL, 16384, PROT_READ|PROT_WRITE, MAP_PRIVATE|MAP_ANONYMOUS|MAP_NORESERVE, -1, 0 <unfinished ...>
1776  <... mmap resumed>)               = 0x7f519e908000
1775  <... mmap resumed>)               = 0x7f519e904000
1776  munmap(0x7f519e908000, 16384 <unfinished ...>
1775  munmap(0x7f519e904000, 16384 <unfinished ...>
1776  <... munmap resumed>)             = 0
1775  <... munmap resumed>)             = 0
1776  mmap(NULL, 16384, PROT_READ|PROT_WRITE, MAP_PRIVATE|MAP_ANONYMOUS|MAP_NORESERVE, -1, 0 <unfinished ...>
1775  mmap(NULL, 16384, PROT_READ|PROT_WRITE, MAP_PRIVATE|MAP_ANONYMOUS|MAP_NORESERVE, -1, 0 <unfinished ...>
1776  <... mmap resumed>)               = 0x7f519e908000
1775  <... mmap resumed>)               = 0x7f519e904000
1776  munmap(0x7f519e908000, 16384 <unfinished ...>
1775  munmap(0x7f519e904000, 16384 <unfinished ...>
1776  <... munmap resumed>)             = 0
1775  <... munmap resumed>)             = 0
1776  mmap(NULL, 16384, PROT_READ|PROT_WRITE, MAP_PRIVATE|MAP_ANONYMOUS|MAP_NORESERVE, -1, 0 <unfinished ...>
1775  mmap(NULL, 16384, PROT_READ|PROT_WRITE, MAP_PRIVATE|MAP_ANONYMOUS|MAP_NORESERVE, -1, 0 <unfinished ...>
1776  <... mmap resumed>)               = 0x7f519e908000
1775  <... mmap resumed>)               = 0x7f519e904000
1776  munmap(0x7f519e908000, 16384 <unfinished ...>
1775  munmap(0x7f519e904000, 16384 <unfinished ...>
1776  <... munmap resumed>)             = 0
1775  <... munmap resumed>)             = 0
1776  mmap(NULL, 16384, PROT_READ|PROT_WRITE, MAP_PRIVATE|MAP_ANONYMOUS|MAP_NORESERVE, -1, 0 <unfinished ...>
1775  mmap(NULL, 16384, PROT_READ|PROT_WRITE, MAP_PRIVATE|MAP_ANONYMOUS|MAP_NORESERVE, -1, 0 <unfinished ...>
1776  <... mmap resumed>)               = 0x7f519e908000
1776  munmap(0x7f519e908000, 16384 <unfinished ...>
1775  <... mmap resumed>)               = 0x7f519e904000
1776  <... munmap resumed>)             = 0
1775  munmap(0x7f519e904000, 16384 <unfinished ...>
1776  mmap(NULL, 16384, PROT_READ|PROT_WRITE, MAP_PRIVATE|MAP_ANONYMOUS|MAP_NORESERVE, -1, 0 <unfinished ...>
1775  <... munmap resumed>)             = 0
1776  <... mmap resumed>)               = 0x7f519e908000
1775  mmap(NULL, 16384, PROT_READ|PROT_WRITE, MAP_PRIVATE|MAP_ANONYMOUS|MAP_NORESERVE, -1, 0 <unfinished ...>
1776  munmap(0x7f519e908000, 16384 <unfinished ...>
1775  <... mmap resumed>)               = 0x7f519e904000
1776  <... munmap resumed>)             = 0
1775  munmap(0x7f519e904000, 16384 <unfinished ...>
1776  mmap(NULL, 16384, PROT_READ|PROT_WRITE, MAP_PRIVATE|MAP_ANONYMOUS|MAP_NORESERVE, -1, 0 <unfinished ...>
1775  <... munmap resumed>)             = 0
1776  <... mmap resumed>)               = 0x7f519e908000
1775  mmap(NULL, 16384, PROT_READ|PROT_WRITE, MAP_PRIVATE|MAP_ANONYMOUS|MAP_NORESERVE, -1, 0 <unfinished ...>
1776  munmap(0x7f519e908000, 16384 <unfinished ...>
1775  <... mmap resumed>)               = 0x7f519e904000
1776  <... munmap resumed>)             = 0
1775  munmap(0x7f519e904000, 16384 <unfinished ...>
1776  mmap(NULL, 16384, PROT_READ|PROT_WRITE, MAP_PRIVATE|MAP_ANONYMOUS|MAP_NORESERVE, -1, 0 <unfinished ...>
1775  <... munmap resumed>)             = 0
1776  <... mmap resumed>)               = 0x7f519e908000
1775  mmap(NULL, 16384, PROT_READ|PROT_WRITE, MAP_PRIVATE|MAP_ANONYMOUS|MAP_NORESERVE, -1, 0 <unfinished ...>
1776  munmap(0x7f519e908000, 16384 <unfinished ...>
1775  <... mmap resumed>)               = 0x7f519e904000
1776  <... munmap resumed>)             = 0
1775  munmap(0x7f519e904000, 16384 <unfinished ...>
1776  mmap(NULL, 16384, PROT_READ|PROT_WRITE, MAP_PRIVATE|MAP_ANONYMOUS|MAP_NORESERVE, -1, 0 <unfinished ...>
1775  <... munmap resumed>)             = 0
1776  <... mmap resumed>)               = 0x7f519e908000
1775  mmap(NULL, 16384, PROT_READ|PROT_WRITE, MAP_PRIVATE|MAP_ANONYMOUS|MAP_NORESERVE, -1, 0 <unfinished ...>
1776  munmap(0x7f519e908000, 16384 <unfinished ...>
1775  <... mmap resumed>)               = 0x7f519e904000
1776  <... munmap resumed>)             = 0
1775  munmap(0x7f519e904000, 16384 <unfinished ...>
1776  mmap(NULL, 16384, PROT_READ|PROT_WRITE, MAP_PRIVATE|MAP_ANONYMOUS|MAP_NORESERVE, -1, 0 <unfinished ...>
1775  <... munmap resumed>)             = 0
1776  <... mmap resumed>)               = 0x7f519e908000
1775  mmap(NULL, 16384, PROT_READ|PROT_WRITE, MAP_PRIVATE|MAP_ANONYMOUS|MAP_NORESERVE, -1, 0 <unfinished ...>
1776  munmap(0x7f519e908000, 16384 <unfinished ...>
1775  <... mmap resumed>)               = 0x7f519e904000
1776  <... munmap resumed>)             = 0
1775  munmap(0x7f519e904000, 16384 <unfinished ...>
1776  mmap(NULL, 16384, PROT_READ|PROT_WRITE, MAP_PRIVATE|MAP_ANONYMOUS|MAP_NORESERVE, -1, 0 <unfinished ...>
1775  <... munmap resumed>)             = 0
1776  <... mmap resumed>)               = 0x7f519e908000
1775  mmap(NULL, 16384, PROT_READ|PROT_WRITE, MAP_PRIVATE|MAP_ANONYMOUS|MAP_NORESERVE, -1, 0 <unfinished ...>
1776  munmap(0x7f519e908000, 16384 <unfinished ...>
1775  <... mmap resumed>)               = 0x7f519e904000
1776  <... munmap resumed>)             = 0
1775  munmap(0x7f519e904000, 16384 <unfinished ...>
1776  mmap(NULL, 16384, PROT_READ|PROT_WRITE, MAP_PRIVATE|MAP_ANONYMOUS|MAP_NORESERVE, -1, 0 <unfinished ...>
1775  <... munmap resumed>)             = 0
1776  <... mmap resumed>)               = 0x7f519e908000
1775  mmap(NULL, 16384, PROT_READ|PROT_WRITE, MAP_PRIVATE|MAP_ANONYMOUS|MAP_NORESERVE, -1, 0 <unfinished ...>
1776  munmap(0x7f519e908000, 16384 <unfinished ...>
1775  <... mmap resumed>)               = 0x7f519e904000
1776  <... munmap resumed>)             = 0
1775  munmap(0x7f519e904000, 16384 <unfinished ...>
1776  mmap(NULL, 16384, PROT_READ|PROT_WRITE, MAP_PRIVATE|MAP_ANONYMOUS|MAP_NORESERVE, -1, 0 <unfinished ...>
1775  <... munmap resumed>)             = 0
1776  <... mmap resumed>)               = 0x7f519e908000
1776  munmap(0x7f519e908000, 16384 <unfinished ...>
1775  mmap(NULL, 16384, PROT_READ|PROT_WRITE, MAP_PRIVATE|MAP_ANONYMOUS|MAP_NORESERVE, -1, 0 <unfinished ...>
1776  <... munmap resumed>)             = 0
1776  mmap(NULL, 16384, PROT_READ|PROT_WRITE, MAP_PRIVATE|MAP_ANONYMOUS|MAP_NORESERVE, -1, 0 <unfinished ...>
1775  <... mmap resumed>)               = 0x7f519e908000
1776  <... mmap resumed>)               = 0x7f519e904000
1776  munmap(0x7f519e904000, 16384 <unfinished ...>
1775  munmap(0x7f519e908000, 16384 <unfinished ...>
1776  <... munmap resumed>)             = 0
1775  <... munmap resumed>)             = 0
1776  mmap(NULL, 16384, PROT_READ|PROT_WRITE, MAP_PRIVATE|MAP_ANONYMOUS|MAP_NORESERVE, -1, 0 <unfinished ...>
1775  mmap(NULL, 16384, PROT_READ|PROT_WRITE, MAP_PRIVATE|MAP_ANONYMOUS|MAP_NORESERVE, -1, 0 <unfinished ...>
1776  <... mmap resumed>)               = 0x7f519e908000
1775  <... mmap resumed>)               = 0x7f519e904000
1776  munmap(0x7f519e908000, 16384 <unfinished ...>
1775  munmap(0x7f519e904000, 16384 <unfinished ...>
1776  <... munmap resumed>)             = 0
1775  <... munmap resumed>)             = 0
1776  mmap(NULL, 16384, PROT_READ|PROT_WRITE, MAP_PRIVATE|MAP_ANONYMOUS|MAP_NORESERVE, -1, 0 <unfinished ...>
1775  mmap(NULL, 16384, PROT_READ|PROT_WRITE, MAP_PRIVATE|MAP_ANONYMOUS|MAP_NORESERVE, -1, 0 <unfinished ...>
1776  <... mmap resumed>)               = 0x7f519e908000
1775  <... mmap resumed>)               = 0x7f519e904000
1776  munmap(0x7f519e908000, 16384)     = 0
1775  munmap(0x7f519e904000, 16384 <unfinished ...>
1776  mmap(NULL, 16384, PROT_READ|PROT_WRITE, MAP_PRIVATE|MAP_ANONYMOUS|MAP_NORESERVE, -1, 0 <unfinished ...>
1775  <... munmap resumed>)             = 0
1776  <... mmap resumed>)               = 0x7f519e908000
1775  mmap(NULL, 16384, PROT_READ|PROT_WRITE, MAP_PRIVATE|MAP_ANONYMOUS|MAP_NORESERVE, -1, 0 <unfinished ...>
1776  munmap(0x7f519e908000, 16384 <unfinished ...>
1775  <... mmap resumed>)               = 0x7f519e904000
1776  <... munmap resumed>)             = 0
1775  munmap(0x7f519e904000, 16384 <unfinished ...>
1776  mmap(NULL, 16384, PROT_READ|PROT_WRITE, MAP_PRIVATE|MAP_ANONYMOUS|MAP_NORESERVE, -1, 0 <unfinished ...>
1775  <... munmap resumed>)             = 0
1776  <... mmap resumed>)               = 0x7f519e908000
1775  mmap(NULL, 16384, PROT_READ|PROT_WRITE, MAP_PRIVATE|MAP_ANONYMOUS|MAP_NORESERVE, -1, 0 <unfinished ...>
1776  munmap(0x7f519e908000, 16384 <unfinished ...>
1775  <... mmap resumed>)               = 0x7f519e904000
1776  <... munmap resumed>)             = 0
1775  munmap(0x7f519e904000, 16384 <unfinished ...>
1776  mmap(NULL, 16384, PROT_READ|PROT_WRITE, MAP_PRIVATE|MAP_ANONYMOUS|MAP_NORESERVE, -1, 0 <unfinished ...>
1775  <... munmap resumed>)             = 0
1776  <... mmap resumed>)               = 0x7f519e908000
1776  munmap(0x7f519e908000, 16384 <unfinished ...>
1775  mmap(NULL, 16384, PROT_READ|PROT_WRITE, MAP_PRIVATE|MAP_ANONYMOUS|MAP_NORESERVE, -1, 0 <unfinished ...>
1776  <... munmap resumed>)             = 0
1775  <... mmap resumed>)               = 0x7f519e908000
1776  mmap(NULL, 16384, PROT_READ|PROT_WRITE, MAP_PRIVATE|MAP_ANONYMOUS|MAP_NORESERVE, -1, 0 <unfinished ...>
1775  munmap(0x7f519e908000, 16384 <unfinished ...>
1776  <... mmap resumed>)               = 0x7f519e904000
1775  <... munmap resumed>)             = 0
1776  munmap(0x7f519e904000, 16384 <unfinished ...>
1775  futex(0x7ffe79ee4584, FUTEX_WAIT_PRIVATE, 0, NULL <unfinished ...>
1776  <... munmap resumed>)             = 0
1776  futex(0x7ffe79ee4584, FUTEX_WAKE_PRIVATE, 2147483647) = 2
1772  <... futex resumed>)              = 0
1775  <... futex resumed>)              = 0
1772  futex(0x7f519f90d910, FUTEX_WAIT_BITSET|FUTEX_CLOCK_REALTIME, 1775, NULL, FUTEX_BITSET_MATCH_ANY <unfinished ...>
1776  rt_sigprocmask(SIG_BLOCK, ~[RT_1],  <unfinished ...>
1775  rt_sigprocmask(SIG_BLOCK, ~[RT_1],  <unfinished ...>
1776  <... rt_sigprocmask resumed>NULL, 8) = 0
1775  <... rt_sigprocmask resumed>NULL, 8) = 0
1776  madvise(0x7f519e90c000, 8372224, MADV_DONTNEED <unfinished ...>
1775  madvise(0x7f519f10d000, 8372224, MADV_DONTNEED <unfinished ...>
1776  <... madvise resumed>)            = 0
1775  <... madvise resumed>)            = 0
1776  exit(0 <unfinished ...>
1775  exit(0 <unfinished ...>
1776  <... exit resumed>)               = ?
1775  <... exit resumed>)               = ?
1772  <... futex resumed>)              = 0
1772  openat(AT_FDCWD, "/proc/self/statm", O_RDONLY) = 3
1772  newfstatat(3, "", {st_mode=S_IFREG|0444, st_size=0, ...}, AT_EMPTY_PATH) = 0
1772  read(3, "4450 97 82 199 0 4171 0\n", 1024) = 24
1772  write(2, "mmbench: peak RSS ~0 MB\n", 24) = 24
1772  close(3)                          = 0
1772  uname({sysname="Linux", nodename="syzkaller", ...}) = 0
1772  uname({sysname="Linux", nodename="syzkaller", ...}) = 0
1772  newfstatat(1, "", {st_mode=S_IFCHR|0666, st_rdev=makedev(0x1, 0x3), ...}, AT_EMPTY_PATH) = 0
1772  ioctl(1, TCGETS, 0x7ffe79ee3c80)  = -1 ENOTTY (Inappropriate ioctl for device)
1772  write(1, "{\"bench\":\"mmap\",\"contention\":\"high\",\"threads\":2,\"ops\":221,\"elapsed_s\":1.012,\"ops_per_us\":0.00010"..., 193) = 193
1772  exit_group(0)                     = ?
