1641  execve("/mnt/cortenmm/bench/mmbench/mmbench", ["/mnt/cortenmm/bench/mmbench/mmbench", "mmap", "high", "1", "1", "20261018"], 0x7ffe52532668 /* 30 vars */) = 0
1641  arch_prctl(0x3001 /* ARCH_??? */, 0x7ffdef76edc0) = -1 EINVAL (Invalid argument)
1641  brk(NULL)                         = 0xe6d9000
1641  brk(0xe6d9dc0)                    = 0xe6d9dc0
1641  arch_prctl(ARCH_SET_FS, 0xe6d93c0) = 0
1641  set_tid_address(0xe6d9690)        = 1641
1641  set_robust_list(0xe6d96a0, 24)    = 0
1641  rseq(0xe6d9d60, 0x20, 0, 0x53053053) = 0
1641  uname({sysname="Linux", nodename="syzkaller", ...}) = 0
1641  prlimit64(0, RLIMIT_STACK, NULL, {rlim_cur=8192*1024, rlim_max=RLIM64_INFINITY}) = 0
1641  readlink("/proc/self/exe", "/mnt/share/cortenmm/bench/mmbench/mmbench", 4096) = 41
1641  getrandom("\xe8\xf1\x57\x8f\xf7\x2f\x27\xe2", 8, GRND_NONBLOCK) = 8
1641  brk(0xe6fadc0)                    = 0xe6fadc0
1641  brk(0xe6fb000)                    = 0xe6fb000
1641  mprotect(0x4f6000, 16384, PROT_READ) = 0
1641  prlimit64(0, RLIMIT_AS, NULL, {rlim_cur=RLIM64_INFINITY, rlim_max=RLIM64_INFINITY}) = 0
1641  rt_sigaction(SIGRT_1, {sa_handler=0x497070, sa_mask=[], sa_flags=SA_RESTORER|SA_ONSTACK|SA_RESTART|SA_SIGINFO, sa_restorer=0x47db20}, NULL, 8) = 0
1641  rt_sigprocmask(SIG_UNBLOCK, [RTMIN RT_1], NULL, 8) = 0
1641  mmap(NULL, 8392704, PROT_NONE, MAP_PRIVATE|MAP_ANONYMOUS|MAP_STACK, -1, 0) = 0x7fa5601e4000
1641  mprotect(0x7fa5601e5000, 8388608, PROT_READ|PROT_WRITE) = 0
1641  rt_sigprocmask(SIG_BLOCK, ~[], [], 8) = 0
1641  clone3({flags=CLONE_VM|CLONE_FS|CLONE_FILES|CLONE_SIGHAND|CLONE_THREAD|CLONE_SYSVSEM|CLONE_SETTLS|CLONE_PARENT_SETTID|CLONE_CHILD_CLEARTID, child_tid=0x7fa5609e4910, parent_tid=0x7fa5609e4910, exit_signal=0, stack=0x7fa5601e4000, stack_size=0x800280, tls=0x7fa5609e4640} => {parent_tid=[1643]}, 88) = 1643
1641  rt_sigprocmask(SIG_SETMASK, [],  <unfinished ...>
1643  rseq(0x7fa5609e4fe0, 0x20, 0, 0x53053053 <unfinished ...>
1641  <... rt_sigprocmask resumed>NULL, 8) = 0
1641  futex(0x7ffdef76e564, FUTEX_WAIT_PRIVATE, 0, NULL <unfinished ...>
1643  <... rseq resumed>)               = 0
1643  set_robust_list(0x7fa5609e4920, 24) = 0
1643  rt_sigprocmask(SIG_SETMASK, [], NULL, 8) = 0
1643  futex(0x7ffdef76e564, FUTEX_WAKE_PRIVATE, 2147483647 <unfinished ...>
1641  <... futex resumed>)              = 0
1643  <... futex resumed>)              = 1
1641  futex(0x7ffdef76e584, FUTEX_WAIT_PRIVATE, 0, NULL <unfinished ...>
1643  mmap(NULL, 16384, PROT_READ|PROT_WRITE, MAP_PRIVATE|MAP_ANONYMOUS|MAP_NORESERVE, -1, 0) = 0x7fa5601e0000
1643  munmap(0x7fa5601e0000, 16384)     = 0
1643  mmap(NULL, 16384, PROT_READ|PROT_WRITE, MAP_PRIVATE|MAP_ANONYMOUS|MAP_NORESERVE, -1, 0) = 0x7fa5601e0000
1643  munmap(0x7fa5601e0000, 16384)     = 0
1643  mmap(NULL, 16384, PROT_READ|PROT_WRITE, MAP_PRIVATE|MAP_ANONYMOUS|MAP_NORESERVE, -1, 0) = 0x7fa5601e0000
1643  munmap(0x7fa5601e0000, 16384)     = 0
1643  mmap(NULL, 16384, PROT_READ|PROT_WRITE, MAP_PRIVATE|MAP_ANONYMOUS|MAP_NORESERVE, -1, 0) = 0x7fa5601e0000
1643  munmap(0x7fa5601e0000, 16384)     = 0
1643  mmap(NULL, 16384, PROT_READ|PROT_WRITE, MAP_PRIVATE|MAP_ANONYMOUS|MAP_NORESERVE, -1, 0) = 0x7fa5601e0000
1643  munmap(0x7fa5601e0000, 16384)     = 0
1643  mmap(NULL, 16384, PROT_READ|PROT_WRITE, MAP_PRIVATE|MAP_ANONYMOUS|MAP_NORESERVE, -1, 0) = 0x7fa5601e0000
1643  munmap(0x7fa5601e0000, 16384)     = 0
1643  mmap(NULL, 16384, PROT_READ|PROT_WRITE, MAP_PRIVATE|MAP_ANONYMOUS|MAP_NORESERVE, -1, 0) = 0x7fa5601e0000
1643  munmap(0x7fa5601e0000, 16384)     = 0
1643  mmap(NULL, 16384, PROT_READ|PROT_WRITE, MAP_PRIVATE|MAP_ANONYMOUS|MAP_NORESERVE, -1, 0) = 0x7fa5601e0000
1643  munmap(0x7fa5601e0000, 16384)     = 0
1643  mmap(NULL, 16384, PROT_READ|PROT_WRITE, MAP_PRIVATE|MAP_ANONYMOUS|MAP_NORESERVE, -1, 0) = 0x7fa5601e0000
1643  munmap(0x7fa5601e0000, 16384)     = 0
1643  mmap(NULL, 16384, PROT_READ|PROT_WRITE, MAP_PRIVATE|MAP_ANONYMOUS|MAP_NORESERVE, -1, 0) = 0x7fa5601e0000
1643  munmap(0x7fa5601e0000, 16384)     = 0
1643  mmap(NULL, 16384, PROT_READ|PROT_WRITE, MAP_PRIVATE|MAP_ANONYMOUS|MAP_NORESERVE, -1, 0) = 0x7fa5601e0000
1643  munmap(0x7fa5601e0000, 16384)     = 0
1643  mmap(NULL, 16384, PROT_READ|PROT_WRITE, MAP_PRIVATE|MAP_ANONYMOUS|MAP_NORESERVE, -1, 0) = 0x7fa5601e0000
1643  munmap(0x7fa5601e0000, 16384)     = 0
1643  mmap(NULL, 16384, PROT_READ|PROT_WRITE, MAP_PRIVATE|MAP_ANONYMOUS|MAP_NORESERVE, -1, 0) = 0x7fa5601e0000
1643  munmap(0x7fa5601e0000, 16384)     = 0
1643  mmap(NULL, 16384, PROT_READ|PROT_WRITE, MAP_PRIVATE|MAP_ANONYMOUS|MAP_NORESERVE, -1, 0) = 0x7fa5601e0000
1643  munmap(0x7fa5601e0000, 16384)     = 0
1643  mmap(NULL, 16384, PROT_READ|PROT_WRITE, MAP_PRIVATE|MAP_ANONYMOUS|MAP_NORESERVE, -1, 0) = 0x7fa5601e0000
1643  munmap(0x7fa5601e0000, 16384)     = 0
1643  mmap(NULL, 16384, PROT_READ|PROT_WRITE, MAP_PRIVATE|MAP_ANONYMOUS|MAP_NORESERVE, -1, 0) = 0x7fa5601e0000
1643  munmap(0x7fa5601e0000, 16384)     = 0
1643  mmap(NULL, 16384, PROT_READ|PROT_WRITE, MAP_PRIVATE|MAP_ANONYMOUS|MAP_NORESERVE, -1, 0) = 0x7fa5601e0000
1643  munmap(0x7fa5601e0000, 16384)     = 0
1643  mmap(NULL, 16384, PROT_READ|PROT_WRITE, MAP_PRIVATE|MAP_ANONYMOUS|MAP_NORESERVE, -1, 0) = 0x7fa5601e0000
1643  munmap(0x7fa5601e0000, 16384)     = 0
1643  mmap(NULL, 16384, PROT_READ|PROT_WRITE, MAP_PRIVATE|MAP_ANONYMOUS|MAP_NORESERVE, -1, 0) = 0x7fa5601e0000
1643  munmap(0x7fa5601e0000, 16384)     = 0
1643  mmap(NULL, 16384, PROT_READ|PROT_WRITE, MAP_PRIVATE|MAP_ANONYMOUS|MAP_NORESERVE, -1, 0) = 0x7fa5601e0000
1643  munmap(0x7fa5601e0000, 16384)     = 0
1643  mmap(NULL, 16384, PROT_READ|PROT_WRITE, MAP_PRIVATE|MAP_ANONYMOUS|MAP_NORESERVE, -1, 0) = 0x7fa5601e0000
1643  munmap(0x7fa5601e0000, 16384)     = 0
1643  mmap(NULL, 16384, PROT_READ|PROT_WRITE, MAP_PRIVATE|MAP_ANONYMOUS|MAP_NORESERVE, -1, 0) = 0x7fa5601e0000
1643  munmap(0x7fa5601e0000, 16384)     = 0
1643  mmap(NULL, 16384, PROT_READ|PROT_WRITE, MAP_PRIVATE|MAP_ANONYMOUS|MAP_NORESERVE, -1, 0) = 0x7fa5601e0000
1643  munmap(0x7fa5601e0000, 16384)     = 0
1643  mmap(NULL, 16384, PROT_READ|PROT_WRITE, MAP_PRIVATE|MAP_ANONYMOUS|MAP_NORESERVE, -1, 0) = 0x7fa5601e0000
1643  munmap(0x7fa5601e0000, 16384)     = 0
1643  mmap(NULL, 16384, PROT_READ|PROT_WRITE, MAP_PRIVATE|MAP_ANONYMOUS|MAP_NORESERVE, -1, 0) = 0x7fa5601e0000
1643  munmap(0x7fa5601e0000, 16384)     = 0
1643  mmap(NULL, 16384, PROT_READ|PROT_WRITE, MAP_PRIVATE|MAP_ANONYMOUS|MAP_NORESERVE, -1, 0) = 0x7fa5601e0000
1643  munmap(0x7fa5601e0000, 16384)     = 0
1643  mmap(NULL, 16384, PROT_READ|PROT_WRITE, MAP_PRIVATE|MAP_ANONYMOUS|MAP_NORESERVE, -1, 0) = 0x7fa5601e0000
1643  munmap(0x7fa5601e0000, 16384)     = 0
1643  mmap(NULL, 16384, PROT_READ|PROT_WRITE, MAP_PRIVATE|MAP_ANONYMOUS|MAP_NORESERVE, -1, 0) = 0x7fa5601e0000
1643  munmap(0x7fa5601e0000, 16384)     = 0
1643  mmap(NULL, 16384, PROT_READ|PROT_WRITE, MAP_PRIVATE|MAP_ANONYMOUS|MAP_NORESERVE, -1, 0) = 0x7fa5601e0000
1643  munmap(0x7fa5601e0000, 16384)     = 0
1643  mmap(NULL, 16384, PROT_READ|PROT_WRITE, MAP_PRIVATE|MAP_ANONYMOUS|MAP_NORESERVE, -1, 0) = 0x7fa5601e0000
1643  munmap(0x7fa5601e0000, 16384)     = 0
1643  mmap(NULL, 16384, PROT_READ|PROT_WRITE, MAP_PRIVATE|MAP_ANONYMOUS|MAP_NORESERVE, -1, 0) = 0x7fa5601e0000
1643  munmap(0x7fa5601e0000, 16384)     = 0
1643  mmap(NULL, 16384, PROT_READ|PROT_WRITE, MAP_PRIVATE|MAP_ANONYMOUS|MAP_NORESERVE, -1, 0) = 0x7fa5601e0000
1643  munmap(0x7fa5601e0000, 16384)     = 0
1643  mmap(NULL, 16384, PROT_READ|PROT_WRITE, MAP_PRIVATE|MAP_ANONYMOUS|MAP_NORESERVE, -1, 0) = 0x7fa5601e0000
1643  munmap(0x7fa5601e0000, 16384)     = 0
1643  mmap(NULL, 16384, PROT_READ|PROT_WRITE, MAP_PRIVATE|MAP_ANONYMOUS|MAP_NORESERVE, -1, 0) = 0x7fa5601e0000
1643  munmap(0x7fa5601e0000, 16384)     = 0
1643  mmap(NULL, 16384, PROT_READ|PROT_WRITE, MAP_PRIVATE|MAP_ANONYMOUS|MAP_NORESERVE, -1, 0) = 0x7fa5601e0000
1643  munmap(0x7fa5601e0000, 16384)     = 0
1643  mmap(NULL, 16384, PROT_READ|PROT_WRITE, MAP_PRIVATE|MAP_ANONYMOUS|MAP_NORESERVE, -1, 0) = 0x7fa5601e0000
1643  munmap(0x7fa5601e0000, 16384)     = 0
1643  mmap(NULL, 16384, PROT_READ|PROT_WRITE, MAP_PRIVATE|MAP_ANONYMOUS|MAP_NORESERVE, -1, 0) = 0x7fa5601e0000
1643  munmap(0x7fa5601e0000, 16384)     = 0
1643  mmap(NULL, 16384, PROT_READ|PROT_WRITE, MAP_PRIVATE|MAP_ANONYMOUS|MAP_NORESERVE, -1, 0) = 0x7fa5601e0000
1643  munmap(0x7fa5601e0000, 16384)     = 0
1643  mmap(NULL, 16384, PROT_READ|PROT_WRITE, MAP_PRIVATE|MAP_ANONYMOUS|MAP_NORESERVE, -1, 0) = 0x7fa5601e0000
1643  munmap(0x7fa5601e0000, 16384)     = 0
1643  mmap(NULL, 16384, PROT_READ|PROT_WRITE, MAP_PRIVATE|MAP_ANONYMOUS|MAP_NORESERVE, -1, 0) = 0x7fa5601e0000
1643  munmap(0x7fa5601e0000, 16384)     = 0
1643  mmap(NULL, 16384, PROT_READ|PROT_WRITE, MAP_PRIVATE|MAP_ANONYMOUS|MAP_NORESERVE, -1, 0) = 0x7fa5601e0000
1643  munmap(0x7fa5601e0000, 16384)     = 0
1643  mmap(NULL, 16384, PROT_READ|PROT_WRITE, MAP_PRIVATE|MAP_ANONYMOUS|MAP_NORESERVE, -1, 0) = 0x7fa5601e0000
1643  munmap(0x7fa5601e0000, 16384)     = 0
1643  mmap(NULL, 16384, PROT_READ|PROT_WRITE, MAP_PRIVATE|MAP_ANONYMOUS|MAP_NORESERVE, -1, 0) = 0x7fa5601e0000
1643  munmap(0x7fa5601e0000, 16384)     = 0
1643  mmap(NULL, 16384, PROT_READ|PROT_WRITE, MAP_PRIVATE|MAP_ANONYMOUS|MAP_NORESERVE, -1, 0) = 0x7fa5601e0000
1643  munmap(0x7fa5601e0000, 16384)     = 0
1643  mmap(NULL, 16384, PROT_READ|PROT_WRITE, MAP_PRIVATE|MAP_ANONYMOUS|MAP_NORESERVE, -1, 0) = 0x7fa5601e0000
1643  munmap(0x7fa5601e0000, 16384)     = 0
1643  mmap(NULL, 16384, PROT_READ|PROT_WRITE, MAP_PRIVATE|MAP_ANONYMOUS|MAP_NORESERVE, -1, 0) = 0x7fa5601e0000
1643  munmap(0x7fa5601e0000, 16384)     = 0
1643  mmap(NULL, 16384, PROT_READ|PROT_WRITE, MAP_PRIVATE|MAP_ANONYMOUS|MAP_NORESERVE, -1, 0) = 0x7fa5601e0000
1643  munmap(0x7fa5601e0000, 16384)     = 0
1643  mmap(NULL, 16384, PROT_READ|PROT_WRITE, MAP_PRIVATE|MAP_ANONYMOUS|MAP_NORESERVE, -1, 0) = 0x7fa5601e0000
1643  munmap(0x7fa5601e0000, 16384)     = 0
1643  mmap(NULL, 16384, PROT_READ|PROT_WRITE, MAP_PRIVATE|MAP_ANONYMOUS|MAP_NORESERVE, -1, 0) = 0x7fa5601e0000
1643  munmap(0x7fa5601e0000, 16384)     = 0
1643  mmap(NULL, 16384, PROT_READ|PROT_WRITE, MAP_PRIVATE|MAP_ANONYMOUS|MAP_NORESERVE, -1, 0) = 0x7fa5601e0000
1643  munmap(0x7fa5601e0000, 16384)     = 0
1643  mmap(NULL, 16384, PROT_READ|PROT_WRITE, MAP_PRIVATE|MAP_ANONYMOUS|MAP_NORESERVE, -1, 0) = 0x7fa5601e0000
1643  munmap(0x7fa5601e0000, 16384)     = 0
1643  mmap(NULL, 16384, PROT_READ|PROT_WRITE, MAP_PRIVATE|MAP_ANONYMOUS|MAP_NORESERVE, -1, 0) = 0x7fa5601e0000
1643  munmap(0x7fa5601e0000, 16384)     = 0
1643  mmap(NULL, 16384, PROT_READ|PROT_WRITE, MAP_PRIVATE|MAP_ANONYMOUS|MAP_NORESERVE, -1, 0) = 0x7fa5601e0000
1643  munmap(0x7fa5601e0000, 16384)     = 0
1643  mmap(NULL, 16384, PROT_READ|PROT_WRITE, MAP_PRIVATE|MAP_ANONYMOUS|MAP_NORESERVE, -1, 0) = 0x7fa5601e0000
1643  munmap(0x7fa5601e0000, 16384)     = 0
1643  mmap(NULL, 16384, PROT_READ|PROT_WRITE, MAP_PRIVATE|MAP_ANONYMOUS|MAP_NORESERVE, -1, 0) = 0x7fa5601e0000
1643  munmap(0x7fa5601e0000, 16384)     = 0
1643  mmap(NULL, 16384, PROT_READ|PROT_WRITE, MAP_PRIVATE|MAP_ANONYMOUS|MAP_NORESERVE, -1, 0) = 0x7fa5601e0000
1643  munmap(0x7fa5601e0000, 16384)     = 0
1643  mmap(NULL, 16384, PROT_READ|PROT_WRITE, MAP_PRIVATE|MAP_ANONYMOUS|MAP_NORESERVE, -1, 0) = 0x7fa5601e0000
1643  munmap(0x7fa5601e0000, 16384)     = 0
1643  mmap(NULL, 16384, PROT_READ|PROT_WRITE, MAP_PRIVATE|MAP_ANONYMOUS|MAP_NORESERVE, -1, 0) = 0x7fa5601e0000
1643  munmap(0x7fa5601e0000, 16384)     = 0
1643  mmap(NULL, 16384, PROT_READ|PROT_WRITE, MAP_PRIVATE|MAP_ANONYMOUS|MAP_NORESERVE, -1, 0) = 0x7fa5601e0000
1643  munmap(0x7fa5601e0000, 16384)     = 0
1643  mmap(NULL, 16384, PROT_READ|PROT_WRITE, MAP_PRIVATE|MAP_ANONYMOUS|MAP_NORESERVE, -1, 0) = 0x7fa5601e0000
1643  munmap(0x7fa5601e0000, 16384)     = 0
1643  mmap(NULL, 16384, PROT_READ|PROT_WRITE, MAP_PRIVATE|MAP_ANONYMOUS|MAP_NORESERVE, -1, 0) = 0x7fa5601e0000
1643  munmap(0x7fa5601e0000, 16384)     = 0
1643  mmap(NULL, 16384, PROT_READ|PROT_WRITE, MAP_PRIVATE|MAP_ANONYMOUS|MAP_NORESERVE, -1, 0) = 0x7fa5601e0000
1643  munmap(0x7fa5601e0000, 16384)     = 0
1643  mmap(NULL, 16384, PROT_READ|PROT_WRITE, MAP_PRIVATE|MAP_ANONYMOUS|MAP_NORESERVE, -1, 0) = 0x7fa5601e0000
1643  munmap(0x7fa5601e0000, 16384)     = 0
1643  mmap(NULL, 16384, PROT_READ|PROT_WRITE, MAP_PRIVATE|MAP_ANONYMOUS|MAP_NORESERVE, -1, 0) = 0x7fa5601e0000
1643  munmap(0x7fa5601e0000, 16384)     = 0
1643  mmap(NULL, 16384, PROT_READ|PROT_WRITE, MAP_PRIVATE|MAP_ANONYMOUS|MAP_NORESERVE, -1, 0) = 0x7fa5601e0000
1643  munmap(0x7fa5601e0000, 16384)     = 0
1643  mmap(NULL, 16384, PROT_READ|PROT_WRITE, MAP_PRIVATE|MAP_ANONYMOUS|MAP_NORESERVE, -1, 0) = 0x7fa5601e0000
1643  munmap(0x7fa5601e0000, 16384)     = 0
1643  mmap(NULL, 16384, PROT_READ|PROT_WRITE, MAP_PRIVATE|MAP_ANONYMOUS|MAP_NORESERVE, -1, 0) = 0x7fa5601e0000
1643  munmap(0x7fa5601e0000, 16384)     = 0
1643  mmap(NULL, 16384, PROT_READ|PROT_WRITE, MAP_PRIVATE|MAP_ANONYMOUS|MAP_NORESERVE, -1, 0) = 0x7fa5601e0000
1643  munmap(0x7fa5601e0000, 16384)     = 0
1643  mmap(NULL, 16384, PROT_READ|PROT_WRITE, MAP_PRIVATE|MAP_ANONYMOUS|MAP_NORESERVE, -1, 0) = 0x7fa5601e0000
1643  munmap(0x7fa5601e0000, 16384)     = 0
1643  mmap(NULL, 16384, PROT_READ|PROT_WRITE, MAP_PRIVATE|MAP_ANONYMOUS|MAP_NORESERVE, -1, 0) = 0x7fa5601e0000
1643  munmap(0x7fa5601e0000, 16384)     = 0
1643  mmap(NULL, 16384, PROT_READ|PROT_WRITE, MAP_PRIVATE|MAP_ANONYMOUS|MAP_NORESERVE, -1, 0) = 0x7fa5601e0000
1643  munmap(0x7fa5601e0000, 16384)     = 0
1643  mmap(NULL, 16384, PROT_READ|PROT_WRITE, MAP_PRIVATE|MAP_ANONYMOUS|MAP_NORESERVE, -1, 0) = 0x7fa5601e0000
1643  munmap(0x7fa5601e0000, 16384)     = 0
1643  mmap(NULL, 16384, PROT_READ|PROT_WRITE, MAP_PRIVATE|MAP_ANONYMOUS|MAP_NORESERVE, -1, 0) = 0x7fa5601e0000
1643  munmap(0x7fa5601e0000, 16384)     = 0
1643  mmap(NULL, 16384, PROT_READ|PROT_WRITE, MAP_PRIVATE|MAP_ANONYMOUS|MAP_NORESERVE, -1, 0) = 0x7fa5601e0000
1643  munmap(0x7fa5601e0000, 16384)     = 0
1643  mmap(NULL, 16384, PROT_READ|PROT_WRITE, MAP_PRIVATE|MAP_ANONYMOUS|MAP_NORESERVE, -1, 0) = 0x7fa5601e0000
1643  munmap(0x7fa5601e0000, 16384)     = 0
1643  mmap(NULL, 16384, PROT_READ|PROT_WRITE, MAP_PRIVATE|MAP_ANONYMOUS|MAP_NORESERVE, -1, 0) = 0x7fa5601e0000
1643  munmap(0x7fa5601e0000, 16384)     = 0
1643  mmap(NULL, 16384, PROT_READ|PROT_WRITE, MAP_PRIVATE|MAP_ANONYMOUS|MAP_NORESERVE, -1, 0) = 0x7fa5601e0000
1643  munmap(0x7fa5601e0000, 16384)     = 0
1643  mmap(NULL, 16384, PROT_READ|PROT_WRITE, MAP_PRIVATE|MAP_ANONYMOUS|MAP_NORESERVE, -1, 0) = 0x7fa5601e0000
1643  munmap(0x7fa5601e0000, 16384)     = 0
1643  mmap(NULL, 16384, PROT_READ|PROT_WRITE, MAP_PRIVATE|MAP_ANONYMOUS|MAP_NORESERVE, -1, 0) = 0x7fa5601e0000
1643  munmap(0x7fa5601e0000, 16384)     = 0
1643  mmap(NULL, 16384, PROT_READ|PROT_WRITE, MAP_PRIVATE|MAP_ANONYMOUS|MAP_NORESERVE, -1, 0) = 0x7fa5601e0000
1643  munmap(0x7fa5601e0000, 16384)     = 0
1643  mmap(NULL, 16384, PROT_READ|PROT_WRITE, MAP_PRIVATE|MAP_ANONYMOUS|MAP_NORESERVE, -1, 0) = 0x7fa5601e0000
1643  munmap(0x7fa5601e0000, 16384)     = 0
1643  mmap(NULL, 16384, PROT_READ|PROT_WRITE, MAP_PRIVATE|MAP_ANONYMOUS|MAP_NORESERVE, -1, 0) = 0x7fa5601e0000
1643  munmap(0x7fa5601e0000, 16384)     = 0
1643  mmap(NULL, 16384, PROT_READ|PROT_WRITE, MAP_PRIVATE|MAP_ANONYMOUS|MAP_NORESERVE, -1, 0) = 0x7fa5601e0000
1643  munmap(0x7fa5601e0000, 16384)     = 0
1643  mmap(NULL, 16384, PROT_READ|PROT_WRITE, MAP_PRIVATE|MAP_ANONYMOUS|MAP_NORESERVE, -1, 0) = 0x7fa5601e0000
1643  munmap(0x7fa5601e0000, 16384)     = 0
1643  mmap(NULL, 16384, PROT_READ|PROT_WRITE, MAP_PRIVATE|MAP_ANONYMOUS|MAP_NORESERVE, -1, 0) = 0x7fa5601e0000
1643  munmap(0x7fa5601e0000, 16384)     = 0
1643  mmap(NULL, 16384, PROT_READ|PROT_WRITE, MAP_PRIVATE|MAP_ANONYMOUS|MAP_NORESERVE, -1, 0) = 0x7fa5601e0000
1643  munmap(0x7fa5601e0000, 16384)     = 0
1643  mmap(NULL, 16384, PROT_READ|PROT_WRITE, MAP_PRIVATE|MAP_ANONYMOUS|MAP_NORESERVE, -1, 0) = 0x7fa5601e0000
1643  munmap(0x7fa5601e0000, 16384)     = 0
1643  mmap(NULL, 16384, PROT_READ|PROT_WRITE, MAP_PRIVATE|MAP_ANONYMOUS|MAP_NORESERVE, -1, 0) = 0x7fa5601e0000
1643  munmap(0x7fa5601e0000, 16384)     = 0
1643  mmap(NULL, 16384, PROT_READ|PROT_WRITE, MAP_PRIVATE|MAP_ANONYMOUS|MAP_NORESERVE, -1, 0) = 0x7fa5601e0000
1643  munmap(0x7fa5601e0000, 16384)     = 0
1643  mmap(NULL, 16384, PROT_READ|PROT_WRITE, MAP_PRIVATE|MAP_ANONYMOUS|MAP_NORESERVE, -1, 0) = 0x7fa5601e0000
1643  munmap(0x7fa5601e0000, 16384)     = 0
1643  mmap(NULL, 16384, PROT_READ|PROT_WRITE, MAP_PRIVATE|MAP_ANONYMOUS|MAP_NORESERVE, -1, 0) = 0x7fa5601e0000
1643  munmap(0x7fa5601e0000, 16384)     = 0
1643  mmap(NULL, 16384, PROT_READ|PROT_WRITE, MAP_PRIVATE|MAP_ANONYMOUS|MAP_NORESERVE, -1, 0) = 0x7fa5601e0000
1643  munmap(0x7fa5601e0000, 16384)     = 0
1643  mmap(NULL, 16384, PROT_READ|PROT_WRITE, MAP_PRIVATE|MAP_ANONYMOUS|MAP_NORESERVE, -1, 0) = 0x7fa5601e0000
1643  munmap(0x7fa5601e0000, 16384)     = 0
1643  mmap(NULL, 16384, PROT_READ|PROT_WRITE, MAP_PRIVATE|MAP_ANONYMOUS|MAP_NORESERVE, -1, 0) = 0x7fa5601e0000
1643  munmap(0x7fa5601e0000, 16384)     = 0
1643  mmap(NULL, 16384, PROT_READ|PROT_WRITE, MAP_PRIVATE|MAP_ANONYMOUS|MAP_NORESERVE, -1, 0) = 0x7fa5601e0000
1643  munmap(0x7fa5601e0000, 16384)     = 0
1643  mmap(NULL, 16384, PROT_READ|PROT_WRITE, MAP_PRIVATE|MAP_ANONYMOUS|MAP_NORESERVE, -1, 0) = 0x7fa5601e0000
1643  munmap(0x7fa5601e0000, 16384)     = 0
1643  mmap(NULL, 16384, PROT_READ|PROT_WRITE, MAP_PRIVATE|MAP_ANONYMOUS|MAP_NORESERVE, -1, 0) = 0x7fa5601e0000
1643  munmap(0x7fa5601e0000, 16384)     = 0
1643  mmap(NULL, 16384, PROT_READ|PROT_WRITE, MAP_PRIVATE|MAP_ANONYMOUS|MAP_NORESERVE, -1, 0) = 0x7fa5601e0000
1643  munmap(0x7fa5601e0000, 16384)     = 0
1643  mmap(NULL, 16384, PROT_READ|PROT_WRITE, MAP_PRIVATE|MAP_ANONYMOUS|MAP_NORESERVE, -1, 0) = 0x7fa5601e0000
1643  munmap(0x7fa5601e0000, 16384)     = 0
1643  mmap(NULL, 16384, PROT_READ|PROT_WRITE, MAP_PRIVATE|MAP_ANONYMOUS|MAP_NORESERVE, -1, 0) = 0x7fa5601e0000
1643  munmap(0x7fa5601e0000, 16384)     = 0
1643  mmap(NULL, 16384, PROT_READ|PROT_WRITE, MAP_PRIVATE|MAP_ANONYMOUS|MAP_NORESERVE, -1, 0) = 0x7fa5601e0000
1643  munmap(0x7fa5601e0000, 16384)     = 0
1643  mmap(NULL, 16384, PROT_READ|PROT_WRITE, MAP_PRIVATE|MAP_ANONYMOUS|MAP_NORESERVE, -1, 0) = 0x7fa5601e0000
1643  munmap(0x7fa5601e0000, 16384)     = 0
1643  mmap(NULL, 16384, PROT_READ|PROT_WRITE, MAP_PRIVATE|MAP_ANONYMOUS|MAP_NORESERVE, -1, 0) = 0x7fa5601e0000
1643  munmap(0x7fa5601e0000, 16384)     = 0
1643  mmap(NULL, 16384, PROT_READ|PROT_WRITE, MAP_PRIVATE|MAP_ANONYMOUS|MAP_NORESERVE, -1, 0) = 0x7fa5601e0000
1643  munmap(0x7fa5601e0000, 16384)     = 0
1643  mmap(NULL, 16384, PROT_READ|PROT_WRITE, MAP_PRIVATE|MAP_ANONYMOUS|MAP_NORESERVE, -1, 0) = 0x7fa5601e0000
1643  munmap(0x7fa5601e0000, 16384)     = 0
1643  mmap(NULL, 16384, PROT_READ|PROT_WRITE, MAP_PRIVATE|MAP_ANONYMOUS|MAP_NORESERVE, -1, 0) = 0x7fa5601e0000
1643  munmap(0x7fa5601e0000, 16384)     = 0
1643  mmap(NULL, 16384, PROT_READ|PROT_WRITE, MAP_PRIVATE|MAP_ANONYMOUS|MAP_NORESERVE, -1, 0) = 0x7fa5601e0000
1643  munmap(0x7fa5601e0000, 16384)     = 0
1643  mmap(NULL, 16384, PROT_READ|PROT_WRITE, MAP_PRIVATE|MAP_ANONYMOUS|MAP_NORESERVE, -1, 0) = 0x7fa5601e0000
1643  munmap(0x7fa5601e0000, 16384)     = 0
1643  mmap(NULL, 16384, PROT_READ|PROT_WRITE, MAP_PRIVATE|MAP_ANONYMOUS|MAP_NORESERVE, -1, 0) = 0x7fa5601e0000
1643  munmap(0x7fa5601e0000, 16384)     = 0
1643  mmap(NULL, 16384, PROT_READ|PROT_WRITE, MAP_PRIVATE|MAP_ANONYMOUS|MAP_NORESERVE, -1, 0) = 0x7fa5601e0000
1643  munmap(0x7fa5601e0000, 16384)     = 0
1643  mmap(NULL, 16384, PROT_READ|PROT_WRITE, MAP_PRIVATE|MAP_ANONYMOUS|MAP_NORESERVE, -1, 0) = 0x7fa5601e0000
1643  munmap(0x7fa5601e0000, 16384)     = 0
1643  mmap(NULL, 16384, PROT_READ|PROT_WRITE, MAP_PRIVATE|MAP_ANONYMOUS|MAP_NORESERVE, -1, 0) = 0x7fa5601e0000
1643  munmap(0x7fa5601e0000, 16384)     = 0
1643  mmap(NULL, 16384, PROT_READ|PROT_WRITE, MAP_PRIVATE|MAP_ANONYMOUS|MAP_NORESERVE, -1, 0) = 0x7fa5601e0000
1643  munmap(0x7fa5601e0000, 16384)     = 0
1643  mmap(NULL, 16384, PROT_READ|PROT_WRITE, MAP_PRIVATE|MAP_ANONYMOUS|MAP_NORESERVE, -1, 0) = 0x7fa5601e0000
1643  munmap(0x7fa5601e0000, 16384)     = 0
1643  mmap(NULL, 16384, PROT_READ|PROT_WRITE, MAP_PRIVATE|MAP_ANONYMOUS|MAP_NORESERVE, -1, 0) = 0x7fa5601e0000
1643  munmap(0x7fa5601e0000, 16384)     = 0
1643  mmap(NULL, 16384, PROT_READ|PROT_WRITE, MAP_PRIVATE|MAP_ANONYMOUS|MAP_NORESERVE, -1, 0) = 0x7fa5601e0000
1643  munmap(0x7fa5601e0000, 16384)     = 0
1643  mmap(NULL, 16384, PROT_READ|PROT_WRITE, MAP_PRIVATE|MAP_ANONYMOUS|MAP_NORESERVE, -1, 0) = 0x7fa5601e0000
1643  munmap(0x7fa5601e0000, 16384)     = 0
1643  mmap(NULL, 16384, PROT_READ|PROT_WRITE, MAP_PRIVATE|MAP_ANONYMOUS|MAP_NORESERVE, -1, 0) = 0x7fa5601e0000
1643  munmap(0x7fa5601e0000, 16384)     = 0
1643  mmap(NULL, 16384, PROT_READ|PROT_WRITE, MAP_PRIVATE|MAP_ANONYMOUS|MAP_NORESERVE, -1, 0) = 0x7fa5601e0000
1643  munmap(0x7fa5601e0000, 16384)     = 0
1643  mmap(NULL, 16384, PROT_READ|PROT_WRITE, MAP_PRIVATE|MAP_ANONYMOUS|MAP_NORESERVE, -1, 0) = 0x7fa5601e0000
1643  munmap(0x7fa5601e0000, 16384)     = 0
1643  mmap(NULL, 16384, PROT_READ|PROT_WRITE, MAP_PRIVATE|MAP_ANONYMOUS|MAP_NORESERVE, -1, 0) = 0x7fa5601e0000
1643  munmap(0x7fa5601e0000, 16384)     = 0
1643  mmap(NULL, 16384, PROT_READ|PROT_WRITE, MAP_PRIVATE|MAP_ANONYMOUS|MAP_NORESERVE, -1, 0) = 0x7fa5601e0000
1643  munmap(0x7fa5601e0000, 16384)     = 0
1643  mmap(NULL, 16384, PROT_READ|PROT_WRITE, MAP_PRIVATE|MAP_ANONYMOUS|MAP_NORESERVE, -1, 0) = 0x7fa5601e0000
1643  munmap(0x7fa5601e0000, 16384)     = 0
1643  mmap(NULL, 16384, PROT_READ|PROT_WRITE, MAP_PRIVATE|MAP_ANONYMOUS|MAP_NORESERVE, -1, 0) = 0x7fa5601e0000
1643  munmap(0x7fa5601e0000, 16384)     = 0
1643  mmap(NULL, 16384, PROT_READ|PROT_WRITE, MAP_PRIVATE|MAP_ANONYMOUS|MAP_NORESERVE, -1, 0) = 0x7fa5601e0000
1643  munmap(0x7fa5601e0000, 16384)     = 0
1643  mmap(NULL, 16384, PROT_READ|PROT_WRITE, MAP_PRIVATE|MAP_ANONYMOUS|MAP_NORESERVE, -1, 0) = 0x7fa5601e0000
1643  munmap(0x7fa5601e0000, 16384)     = 0
1643  mmap(NULL, 16384, PROT_READ|PROT_WRITE, MAP_PRIVATE|MAP_ANONYMOUS|MAP_NORESERVE, -1, 0) = 0x7fa5601e0000
1643  munmap(0x7fa5601e0000, 16384)     = 0
1643  mmap(NULL, 16384, PROT_READ|PROT_WRITE, MAP_PRIVATE|MAP_ANONYMOUS|MAP_NORESERVE, -1, 0) = 0x7fa5601e0000
1643  munmap(0x7fa5601e0000, 16384)     = 0
1643  mmap(NULL, 16384, PROT_READ|PROT_WRITE, MAP_PRIVATE|MAP_ANONYMOUS|MAP_NORESERVE, -1, 0) = 0x7fa5601e0000
1643  munmap(0x7fa5601e0000, 16384)     = 0
1643  mmap(NULL, 16384, PROT_READ|PROT_WRITE, MAP_PRIVATE|MAP_ANONYMOUS|MAP_NORESERVE, -1, 0) = 0x7fa5601e0000
1643  munmap(0x7fa5601e0000, 16384)     = 0
1643  mmap(NULL, 16384, PROT_READ|PROT_WRITE, MAP_PRIVATE|MAP_ANONYMOUS|MAP_NORESERVE, -1, 0) = 0x7fa5601e0000
1643  munmap(0x7fa5601e0000, 16384)     = 0
1643  mmap(NULL, 16384, PROT_READ|PROT_WRITE, MAP_PRIVATE|MAP_ANONYMOUS|MAP_NORESERVE, -1, 0) = 0x7fa5601e0000
1643  munmap(0x7fa5601e0000, 16384)     = 0
1643  mmap(NULL, 16384, PROT_READ|PROT_WRITE, MAP_PRIVATE|MAP_ANONYMOUS|MAP_NORESERVE, -1, 0) = 0x7fa5601e0000
1643  munmap(0x7fa5601e0000, 16384)     = 0
1643  mmap(NULL, 16384, PROT_READ|PROT_WRITE, MAP_PRIVATE|MAP_ANONYMOUS|MAP_NORESERVE, -1, 0) = 0x7fa5601e0000
1643  munmap(0x7fa5601e0000, 16384)     = 0
1643  mmap(NULL, 16384, PROT_READ|PROT_WRITE, MAP_PRIVATE|MAP_ANONYMOUS|MAP_NORESERVE, -1, 0) = 0x7fa5601e0000
1643  munmap(0x7fa5601e0000, 16384)     = 0
1643  mmap(NULL, 16384, PROT_READ|PROT_WRITE, MAP_PRIVATE|MAP_ANONYMOUS|MAP_NORESERVE, -1, 0) = 0x7fa5601e0000
1643  munmap(0x7fa5601e0000, 16384)     = 0
1643  mmap(NULL, 16384, PROT_READ|PROT_WRITE, MAP_PRIVATE|MAP_ANONYMOUS|MAP_NORESERVE, -1, 0) = 0x7fa5601e0000
1643  munmap(0x7fa5601e0000, 16384)     = 0
1643  mmap(NULL, 16384, PROT_READ|PROT_WRITE, MAP_PRIVATE|MAP_ANONYMOUS|MAP_NORESERVE, -1, 0) = 0x7fa5601e0000
1643  munmap(0x7fa5601e0000, 16384)     = 0
1643  mmap(NULL, 16384, PROT_READ|PROT_WRITE, MAP_PRIVATE|MAP_ANONYMOUS|MAP_NORESERVE, -1, 0) = 0x7fa5601e0000
1643  munmap(0x7fa5601e0000, 16384)     = 0
1643  mmap(NULL, 16384, PROT_READ|PROT_WRITE, MAP_PRIVATE|MAP_ANONYMOUS|MAP_NORESERVE, -1, 0) = 0x7fa5601e0000
1643  munmap(0x7fa5601e0000, 16384)     = 0
1643  mmap(NULL, 16384, PROT_READ|PROT_WRITE, MAP_PRIVATE|MAP_ANONYMOUS|MAP_NORESERVE, -1, 0) = 0x7fa5601e0000
1643  munmap(0x7fa5601e0000, 16384)     = 0
1643  mmap(NULL, 16384, PROT_READ|PROT_WRITE, MAP_PRIVATE|MAP_ANONYMOUS|MAP_NORESERVE, -1, 0) = 0x7fa5601e0000
1643  munmap(0x7fa5601e0000, 16384)     = 0
1643  mmap(NULL, 16384, PROT_READ|PROT_WRITE, MAP_PRIVATE|MAP_ANONYMOUS|MAP_NORESERVE, -1, 0) = 0x7fa5601e0000
1643  munmap(0x7fa5601e0000, 16384)     = 0
1643  mmap(NULL, 16384, PROT_READ|PROT_WRITE, MAP_PRIVATE|MAP_ANONYMOUS|MAP_NORESERVE, -1, 0) = 0x7fa5601e0000
1643  munmap(0x7fa5601e0000, 16384)     = 0
1643  mmap(NULL, 16384, PROT_READ|PROT_WRITE, MAP_PRIVATE|MAP_ANONYMOUS|MAP_NORESERVE, -1, 0) = 0x7fa5601e0000
1643  munmap(0x7fa5601e0000, 16384)     = 0
1643  mmap(NULL, 16384, PROT_READ|PROT_WRITE, MAP_PRIVATE|MAP_ANONYMOUS|MAP_NORESERVE, -1, 0) = 0x7fa5601e0000
1643  munmap(0x7fa5601e0000, 16384)     = 0
1643  mmap(NULL, 16384, PROT_READ|PROT_WRITE, MAP_PRIVATE|MAP_ANONYMOUS|MAP_NORESERVE, -1, 0) = 0x7fa5601e0000
1643  munmap(0x7fa5601e0000, 16384)     = 0
1643  mmap(NULL, 16384, PROT_READ|PROT_WRITE, MAP_PRIVATE|MAP_ANONYMOUS|MAP_NORESERVE, -1, 0) = 0x7fa5601e0000
1643  munmap(0x7fa5601e0000, 16384)     = 0
1643  futex(0x7ffdef76e584, FUTEX_WAKE_PRIVATE, 2147483647) = 1
1641  <... futex resumed>)              = 0
1643  rt_sigprocmask(SIG_BLOCK, ~[RT_1],  <unfinished ...>
1641  futex(0x7fa5609e4910, FUTEX_WAIT_BITSET|FUTEX_CLOCK_REALTIME, 1643, NULL, FUTEX_BITSET_MATCH_ANY <unfinished ...>
1643  <... rt_sigprocmask resumed>NULL, 8) = 0
1643  madvise(0x7fa5601e4000, 8372224, MADV_DONTNEED) = 0
1643  exit(0)                           = ?
1641  <... futex resumed>)              = 0
1641  openat(AT_FDCWD, "/proc/self/statm", O_RDONLY) = 3
1641  newfstatat(3, "", {st_mode=S_IFREG|0444, st_size=0, ...}, AT_EMPTY_PATH) = 0
1641  read(3, "2401 96 82 199 0 2123 0\n", 1024) = 24
1641  write(2, "mmbench: peak RSS ~0 MB\n", 24) = 24
1641  close(3)                          = 0
1641  uname({sysname="Linux", nodename="syzkaller", ...}) = 0
1641  uname({sysname="Linux", nodename="syzkaller", ...}) = 0
1641  newfstatat(1, "", {st_mode=S_IFCHR|0666, st_rdev=makedev(0x1, 0x3), ...}, AT_EMPTY_PATH) = 0
1641  ioctl(1, TCGETS, 0x7ffdef76dc80)  = -1 ENOTTY (Inappropriate ioctl for device)
1641  write(1, "{\"bench\":\"mmap\",\"contention\":\"high\",\"threads\":1,\"ops\":148,\"elapsed_s\":1.012,\"ops_per_us\":0.00014"..., 193) = 193
1641  exit_group(0)                     = ?
