qemu-system-x86_64: warning: host doesn't support requested feature: CPUID.80000001H:ECX.svm [bit 2]
qemu-system-x86_64: warning: host doesn't support requested feature: CPUID.80000001H:ECX.svm [bit 2]
qemu-system-x86_64: warning: host doesn't support requested feature: CPUID.80000001H:ECX.svm [bit 2]
qemu-system-x86_64: warning: host doesn't support requested feature: CPUID.80000001H:ECX.svm [bit 2]
c[?7l[2J[0mSeaBIOS (version 1.15.0-1)


iPXE (https://ipxe.org) 00:03.0 CA00 PCI2.10 PnP PMM+7FF8B310+7FECB310 CA00
Press Ctrl-B to configure iPXE (PCI 00:03.0)...                                                                               


Booting from ROM...
c[?7l[2J[    0.000000] Linux version 6.18.32-g68697442097e-dirty (ppw@vm) (gcc (Ubuntu 11.4.0-1ubuntu1~22.04.3) 11.4.0, GNU ld (GNU Binutils for Ubuntu) 2.38) #21 SMP PREEMPT_DYNAMIC Sat Sep 19 12:14:38 CST 2026
[    0.000000] Command line: console=ttyS0 panic=-1 kunit.filter_glob=corten*
[    0.000000] x86/CPU: Model not found in latest microcode list
[    0.000000] BIOS-provided physical RAM map:
[    0.000000] BIOS-e820: [mem 0x0000000000000000-0x000000000009fbff] usable
[    0.000000] BIOS-e820: [mem 0x000000000009fc00-0x000000000009ffff] reserved
[    0.000000] BIOS-e820: [mem 0x00000000000f0000-0x00000000000fffff] reserved
[    0.000000] BIOS-e820: [mem 0x0000000000100000-0x000000007ffdffff] usable
[    0.000000] BIOS-e820: [mem 0x000000007ffe0000-0x000000007fffffff] reserved
[    0.000000] BIOS-e820: [mem 0x00000000feffc000-0x00000000feffffff] reserved
[    0.000000] BIOS-e820: [mem 0x00000000fffc0000-0x00000000ffffffff] reserved
[    0.000000] NX (Execute Disable) protection: active
[    0.000000] APIC: Static calls initialized
[    0.000000] SMBIOS 2.8 present.
[    0.000000] DMI: QEMU Standard PC (i440FX + PIIX, 1996), BIOS 1.15.0-1 04/01/2014
[    0.000000] DMI: Memory slots populated: 1/1
[    0.000000] Hypervisor detected: KVM
[    0.000000] last_pfn = 0x7ffe0 max_arch_pfn = 0x400000000
[    0.000000] kvm-clock: Using msrs 4b564d01 and 4b564d00
[    0.000001] kvm-clock: using sched offset of 1581207128 cycles
[    0.000009] clocksource: kvm-clock: mask: 0xffffffffffffffff max_cycles: 0x1cd42e4dffb, max_idle_ns: 881590591483 ns
[    0.000026] tsc: Detected 2419.196 MHz processor
[    0.001073] last_pfn = 0x7ffe0 max_arch_pfn = 0x400000000
[    0.001242] MTRR map: 4 entries (3 fixed + 1 variable; max 19), built from 8 variable MTRRs
[    0.001256] x86/PAT: Configuration [0-7]: WB  WC  UC- UC  WB  WP  UC- WT  
[    0.006267] found SMP MP-table at [mem 0x000f5ba0-0x000f5baf]
[    0.006542] ACPI: Early table checksum verification disabled
[    0.006604] ACPI: RSDP 0x00000000000F59E0 000014 (v00 BOCHS )
[    0.006649] ACPI: RSDT 0x000000007FFE1A1C 000034 (v01 BOCHS  BXPC     00000001 BXPC 00000001)
[    0.006685] ACPI: FACP 0x000000007FFE18B8 000074 (v01 BOCHS  BXPC     00000001 BXPC 00000001)
[    0.006730] ACPI: DSDT 0x000000007FFE0040 001878 (v01 BOCHS  BXPC     00000001 BXPC 00000001)
[    0.006732] ACPI: FACS 0x000000007FFE0000 000040
[    0.006734] ACPI: APIC 0x000000007FFE192C 000090 (v01 BOCHS  BXPC     00000001 BXPC 00000001)
[    0.006736] ACPI: HPET 0x000000007FFE19BC 000038 (v01 BOCHS  BXPC     00000001 BXPC 00000001)
[    0.006738] ACPI: WAET 0x000000007FFE19F4 000028 (v01 BOCHS  BXPC     00000001 BXPC 00000001)
[    0.006739] ACPI: Reserving FACP table memory at [mem 0x7ffe18b8-0x7ffe192b]
[    0.006740] ACPI: Reserving DSDT table memory at [mem 0x7ffe0040-0x7ffe18b7]
[    0.006741] ACPI: Reserving FACS table memory at [mem 0x7ffe0000-0x7ffe003f]
[    0.006742] ACPI: Reserving APIC table memory at [mem 0x7ffe192c-0x7ffe19bb]
[    0.006742] ACPI: Reserving HPET table memory at [mem 0x7ffe19bc-0x7ffe19f3]
[    0.006743] ACPI: Reserving WAET table memory at [mem 0x7ffe19f4-0x7ffe1a1b]
[    0.007713] No NUMA configuration found
[    0.007714] Faking a node at [mem 0x0000000000000000-0x000000007ffdffff]
[    0.007717] NODE_DATA(0) allocated [mem 0x7ffdc140-0x7ffdffff]
[    0.008067] Zone ranges:
[    0.008067]   DMA      [mem 0x0000000000001000-0x0000000000ffffff]
[    0.008069]   DMA32    [mem 0x0000000001000000-0x000000007ffdffff]
[    0.008070]   Normal   empty
[    0.008071] Movable zone start for each node
[    0.008071] Early memory node ranges
[    0.008072]   node   0: [mem 0x0000000000001000-0x000000000009efff]
[    0.008079]   node   0: [mem 0x0000000000100000-0x000000007ffdffff]
[    0.008081] Initmem setup node 0 [mem 0x0000000000001000-0x000000007ffdffff]
[    0.008499] On node 0, zone DMA: 1 pages in unavailable ranges
[    0.008850] On node 0, zone DMA: 97 pages in unavailable ranges
[    0.113488] On node 0, zone DMA32: 32 pages in unavailable ranges
[    0.114912] ACPI: PM-Timer IO Port: 0x608
[    0.114998] ACPI: LAPIC_NMI (acpi_id[0xff] dfl dfl lint[0x1])
[    0.115986] IOAPIC[0]: apic_id 0, version 17, address 0xfec00000, GSI 0-23
[    0.116020] ACPI: INT_SRC_OVR (bus 0 bus_irq 0 global_irq 2 dfl dfl)
[    0.116024] ACPI: INT_SRC_OVR (bus 0 bus_irq 5 global_irq 5 high level)
[    0.116027] ACPI: INT_SRC_OVR (bus 0 bus_irq 9 global_irq 9 high level)
[    0.116049] ACPI: INT_SRC_OVR (bus 0 bus_irq 10 global_irq 10 high level)
[    0.116052] ACPI: INT_SRC_OVR (bus 0 bus_irq 11 global_irq 11 high level)
[    0.116061] ACPI: Using ACPI (MADT) for SMP configuration information
[    0.116064] ACPI: HPET id: 0x8086a201 base: 0xfed00000
[    0.116082] CPU topo: Max. logical packages:   1
[    0.116084] CPU topo: Max. logical dies:       1
[    0.116085] CPU topo: Max. dies per package:   1
[    0.116094] CPU topo: Max. threads per core:   1
[    0.116117] CPU topo: Num. cores per package:     4
[    0.116118] CPU topo: Num. threads per package:   4
[    0.116120] CPU topo: Allowing 4 present CPUs plus 0 hotplug CPUs
[    0.116263] kvm-guest: APIC: eoi() replaced with kvm_guest_apic_eoi_write()
[    0.116857] PM: hibernation: Registered nosave memory: [mem 0x00000000-0x00000fff]
[    0.116863] PM: hibernation: Registered nosave memory: [mem 0x0009f000-0x000fffff]
[    0.116867] [mem 0x80000000-0xfeffbfff] available for PCI devices
[    0.116870] Booting paravirtualized kernel on KVM
[    0.116892] clocksource: refined-jiffies: mask: 0xffffffff max_cycles: 0xffffffff, max_idle_ns: 1910969940391419 ns
[    0.133823] setup_percpu: NR_CPUS:64 nr_cpumask_bits:4 nr_cpu_ids:4 nr_node_ids:1
[    0.141172] percpu: Embedded 52 pages/cpu s174808 r8192 d29992 u524288
[    0.141502] Kernel command line: console=ttyS0 panic=-1 kunit.filter_glob=corten*
[    0.141647] printk: log buffer data + meta data: 262144 + 917504 = 1179648 bytes
[    0.148822] Dentry cache hash table entries: 262144 (order: 9, 2097152 bytes, linear)
[    0.165326] Inode-cache hash table entries: 131072 (order: 8, 1048576 bytes, linear)
[    0.166939] Fallback order for Node 0: 0 
[    0.166956] Built 1 zonelists, mobility grouping on.  Total pages: 524158
[    0.166957] Policy zone: DMA32
[    0.166959] mem auto-init: stack:off, heap alloc:off, heap free:off
[    0.178151] SLUB: HWalign=64, Order=0-3, MinObjects=0, CPUs=4, Nodes=1
[    0.178595] Kernel/User page tables isolation: enabled
[    0.187808] Dynamic Preempt: voluntary
[    0.189124] rcu: Preemptible hierarchical RCU implementation.
[    0.189127] rcu: 	RCU event tracing is enabled.
[    0.189128] rcu: 	RCU restricting CPUs from NR_CPUS=64 to nr_cpu_ids=4.
[    0.189132] 	Trampoline variant of Tasks RCU enabled.
[    0.189133] 	Tracing variant of Tasks RCU enabled.
[    0.189135] rcu: RCU calculated value of scheduler-enlistment delay is 100 jiffies.
[    0.189137] rcu: Adjusting geometry for rcu_fanout_leaf=16, nr_cpu_ids=4
[    0.189264] RCU Tasks: Setting shift to 2 and lim to 1 rcu_task_cb_adjust=1 rcu_task_cpu_ids=4.
[    0.189269] RCU Tasks Trace: Setting shift to 2 and lim to 1 rcu_task_cb_adjust=1 rcu_task_cpu_ids=4.
[    0.199891] NR_IRQS: 4352, nr_irqs: 456, preallocated irqs: 16
[    0.200420] rcu: srcu_init: Setting srcu_struct sizes based on contention.
[    0.258582] Console: colour VGA+ 80x25
[    0.258862] printk: legacy console [ttyS0] enabled
[    0.814811] ACPI: Core revision 20250807
[    0.820631] clocksource: hpet: mask: 0xffffffff max_cycles: 0xffffffff, max_idle_ns: 19112604467 ns
[    0.833194] APIC: Switch to symmetric I/O mode setup
[    0.843296] x2apic enabled
[    0.850927] APIC: Switched APIC routing to: physical x2apic
[    0.876230] ..TIMER: vector=0x30 apic1=0 pin1=2 apic2=-1 pin2=-1
[    0.880469] clocksource: tsc-early: mask: 0xffffffffffffffff max_cycles: 0x22df0d21928, max_idle_ns: 440795225288 ns
[    0.887897] Calibrating delay loop (skipped) preset value.. 4838.39 BogoMIPS (lpj=2419196)
[    0.892458] Last level iTLB entries: 4KB 0, 2MB 0, 4MB 0
[    0.892899] Last level dTLB entries: 4KB 0, 2MB 0, 4MB 0, 1GB 0
[    0.894904] mitigations: Enabled attack vectors: user_kernel, user_user, SMT mitigations: auto
[    0.895990] Speculative Store Bypass: Vulnerable
[    0.896899] Spectre V2 : Mitigation: Retpolines
[    0.897889] ITS: Mitigation: Aligned branch/return thunks
[    0.898897] MDS: Vulnerable: Clear CPU buffers attempted, no microcode
[    0.899899] Spectre V1 : Mitigation: usercopy/swapgs barriers and __user pointer sanitization
[    0.900904] Spectre V2 : Spectre v2 / SpectreRSB: Filling RSB on context switch and VMEXIT
[    0.901904] active return thunk: its_return_thunk
[    0.902999] x86/fpu: x87 FPU will use FXSAVE
[    0.954886] Freeing SMP alternatives memory: 56K
[    0.954922] pid_max: default: 32768 minimum: 301
[    0.956924] LSM: initializing lsm=capability,selinux
[    0.957928] SELinux:  Initializing.
[    0.959119] Mount-cache hash table entries: 4096 (order: 3, 32768 bytes, linear)
[    0.960053] Mountpoint-cache hash table entries: 4096 (order: 3, 32768 bytes, linear)
[    1.061886] smpboot: CPU0: Intel QEMU Virtual CPU version 2.5+ (family: 0xf, model: 0x6b, stepping: 0x1)
[    1.064122] Performance Events: unsupported Netburst CPU model 107 no PMU driver, software events only.
[    1.066261] signal: max sigframe size: 1440
[    1.068086] rcu: Hierarchical SRCU implementation.
[    1.068900] rcu: 	Max phase no-delay instances is 400.
[    1.070949] Timer migration: 1 hierarchy levels; 8 children per group; 1 crossnode level
[    1.085550] smp: Bringing up secondary CPUs ...
[    1.087549] smpboot: x86: Booting SMP configuration:
[    1.087907] .... node  #0, CPUs:      #1 #2 #3
[    1.109970] smp: Brought up 1 node, 4 CPUs
[    1.111895] smpboot: Total of 4 processors activated (19353.56 BogoMIPS)
[    1.116158] Memory: 2011108K/2096632K available (19063K kernel code, 2966K rwdata, 8080K rodata, 3060K init, 2244K bss, 80412K reserved, 0K cma-reserved)
[    1.120898] devtmpfs: initialized
[    1.128030] clocksource: jiffies: mask: 0xffffffff max_cycles: 0xffffffff, max_idle_ns: 1911260446275000 ns
[    1.128914] posixtimers hash table entries: 2048 (order: 3, 32768 bytes, linear)
[    1.131402] futex hash table entries: 1024 (65536 bytes on 1 NUMA nodes, total 64 KiB, linear).
[    1.133541] PM: RTC time: 04:18:33, date: 2026-09-19
[    1.135906] NET: Registered PF_NETLINK/PF_ROUTE protocol family
[    1.137950] audit: initializing netlink subsys (disabled)
[    1.140951] audit: type=2000 audit(1789791514.034:1): state=initialized audit_enabled=0 res=1
[    1.141136] thermal_sys: Registered thermal governor 'step_wise'
[    1.142901] cpuidle: using governor menu
[    1.146580] PCI: Using configuration type 1 for base access
[    1.149095] kprobes: kprobe jump-optimization is enabled. All kprobes are optimized if possible.
[    1.153293] HugeTLB: registered 2.00 MiB page size, pre-allocated 0 pages
[    1.153891] HugeTLB: 28 KiB vmemmap can be freed for a 2.00 MiB page
[    1.158178] ACPI: Added _OSI(Module Device)
[    1.158892] ACPI: Added _OSI(Processor Device)
[    1.159897] ACPI: Added _OSI(Processor Aggregator Device)
[    1.163694] ACPI: 1 ACPI AML tables successfully acquired and loaded
[    1.173277] ACPI: Interpreter enabled
[    1.174927] ACPI: PM: (supports S0 S3 S4 S5)
[    1.175895] ACPI: Using IOAPIC for interrupt routing
[    1.176948] PCI: Using host bridge windows from ACPI; if necessary, use "pci=nocrs" and report a bug
[    1.177898] PCI: Using E820 reservations for host bridge windows
[    1.179890] ACPI: Enabled 2 GPEs in block 00 to 0F
[    1.192928] ACPI: PCI Root Bridge [PCI0] (domain 0000 [bus 00-ff])
[    1.193965] acpi PNP0A03:00: _OSC: OS supports [ASPM ClockPM Segments MSI HPX-Type3]
[    1.195894] acpi PNP0A03:00: _OSC: not requesting OS control; OS requires [ExtendedConfig ASPM ClockPM MSI]
[    1.196937] acpi PNP0A03:00: fail to add MMCONFIG information, can't access extended configuration space under this bridge
[    1.199253] PCI host bridge to bus 0000:00
[    1.199916] pci_bus 0000:00: root bus resource [io  0x0000-0x0cf7 window]
[    1.200902] pci_bus 0000:00: root bus resource [io  0x0d00-0xffff window]
[    1.201893] pci_bus 0000:00: root bus resource [mem 0x000a0000-0x000bffff window]
[    1.202903] pci_bus 0000:00: root bus resource [mem 0x80000000-0xfebfffff window]
[    1.203901] pci_bus 0000:00: root bus resource [mem 0x100000000-0x17fffffff window]
[    1.204903] pci_bus 0000:00: root bus resource [bus 00-ff]
[    1.206889] pci 0000:00:00.0: [8086:1237] type 00 class 0x060000 conventional PCI endpoint
[    1.212899] pci 0000:00:01.0: [8086:7000] type 00 class 0x060100 conventional PCI endpoint
[    1.216819] pci 0000:00:01.1: [8086:7010] type 00 class 0x010180 conventional PCI endpoint
[    1.222886] pci 0000:00:01.1: BAR 4 [io  0xc040-0xc04f]
[    1.223894] pci 0000:00:01.1: BAR 0 [io  0x01f0-0x01f7]: legacy IDE quirk
[    1.224898] pci 0000:00:01.1: BAR 1 [io  0x03f6]: legacy IDE quirk
[    1.225892] pci 0000:00:01.1: BAR 2 [io  0x0170-0x0177]: legacy IDE quirk
[    1.226899] pci 0000:00:01.1: BAR 3 [io  0x0376]: legacy IDE quirk
[    1.229886] pci 0000:00:01.3: [8086:7113] type 00 class 0x068000 conventional PCI endpoint
[    1.231886] pci 0000:00:01.3: quirk: [io  0x0600-0x063f] claimed by PIIX4 ACPI
[    1.231977] pci 0000:00:01.3: quirk: [io  0x0700-0x070f] claimed by PIIX4 SMB
[    1.234895] pci 0000:00:02.0: [1234:1111] type 00 class 0x030000 conventional PCI endpoint
[    1.244395] pci 0000:00:02.0: BAR 0 [mem 0xfd000000-0xfdffffff pref]
[    1.246059] pci 0000:00:02.0: BAR 2 [mem 0xfebb0000-0xfebb0fff]
[    1.247150] pci 0000:00:02.0: ROM [mem 0xfeba0000-0xfebaffff pref]
[    1.252172] pci 0000:00:02.0: Video device with shadowed ROM at [mem 0x000c0000-0x000dffff]
[    1.269432] pci 0000:00:03.0: [8086:100e] type 00 class 0x020000 conventional PCI endpoint
[    1.272886] pci 0000:00:03.0: BAR 0 [mem 0xfeb80000-0xfeb9ffff]
[    1.272926] pci 0000:00:03.0: BAR 1 [io  0xc000-0xc03f]
[    1.275036] pci 0000:00:03.0: ROM [mem 0xfeb00000-0xfeb7ffff pref]
[    1.290047] ACPI: PCI: Interrupt link LNKA configured for IRQ 10
[    1.291446] ACPI: PCI: Interrupt link LNKB configured for IRQ 10
[    1.293094] ACPI: PCI: Interrupt link LNKC configured for IRQ 11
[    1.294506] ACPI: PCI: Interrupt link LNKD configured for IRQ 11
[    1.295950] ACPI: PCI: Interrupt link LNKS configured for IRQ 9
[    1.307739] iommu: Default domain type: Translated
[    1.308896] iommu: DMA domain TLB invalidation policy: lazy mode
[    1.318116] SCSI subsystem initialized
[    1.327354] ACPI: bus type USB registered
[    1.328163] usbcore: registered new interface driver usbfs
[    1.329247] usbcore: registered new interface driver hub
[    1.330917] usbcore: registered new device driver usb
[    1.332960] pps_core: LinuxPPS API ver. 1 registered
[    1.333901] pps_core: Software ver. 5.3.6 - Copyright 2005-2007 Rodolfo Giometti <giometti@linux.it>
[    1.334926] PTP clock support registered
[    1.339623] Advanced Linux Sound Architecture Driver Initialized.
[    1.347059] NetLabel: Initializing
[    1.347892] NetLabel:  domain hash size = 128
[    1.348895] NetLabel:  protocols = UNLABELED CIPSOv4 CALIPSO
[    1.351317] NetLabel:  unlabeled traffic allowed by default
[    1.357427] PCI: Using ACPI for IRQ routing
[    1.360010] pci 0000:00:02.0: vgaarb: setting as boot VGA device
[    1.360886] pci 0000:00:02.0: vgaarb: bridge control possible
[    1.360886] pci 0000:00:02.0: vgaarb: VGA device added: decodes=io+mem,owns=io+mem,locks=none
[    1.360899] vgaarb: loaded
[    1.368379] hpet: 3 channels of 0 reserved for per-cpu timers
[    1.370292] hpet0: at MMIO 0xfed00000, IRQs 2, 8, 0
[    1.370892] hpet0: 3 comparators, 64-bit 100.000000 MHz counter
[    1.378452] clocksource: Switched to clocksource kvm-clock
[    1.387268] VFS: Disk quotas dquot_6.6.0
[    1.391609] VFS: Dquot-cache hash table entries: 512 (order 0, 4096 bytes)
[    1.401278] pnp: PnP ACPI init
[    1.407384] pnp: PnP ACPI: found 6 devices
[    1.446176] clocksource: acpi_pm: mask: 0xffffff max_cycles: 0xffffff, max_idle_ns: 2085701024 ns
[    1.449254] NET: Registered PF_INET protocol family
[    1.451029] IP idents hash table entries: 32768 (order: 6, 262144 bytes, linear)
[    1.454555] tcp_listen_portaddr_hash hash table entries: 1024 (order: 2, 16384 bytes, linear)
[    1.456791] Table-perturb hash table entries: 65536 (order: 6, 262144 bytes, linear)
[    1.458863] TCP established hash table entries: 16384 (order: 5, 131072 bytes, linear)
[    1.461122] TCP bind hash table entries: 16384 (order: 7, 524288 bytes, linear)
[    1.463796] TCP: Hash tables configured (established 16384 bind 16384)
[    1.465725] UDP hash table entries: 1024 (order: 4, 65536 bytes, linear)
[    1.467614] UDP-Lite hash table entries: 1024 (order: 4, 65536 bytes, linear)
[    1.469888] NET: Registered PF_UNIX/PF_LOCAL protocol family
[    1.474852] RPC: Registered named UNIX socket transport module.
[    1.478425] RPC: Registered udp transport module.
[    1.480736] RPC: Registered tcp transport module.
[    1.484939] RPC: Registered tcp-with-tls transport module.
[    1.490855] RPC: Registered tcp NFSv4.1 backchannel transport module.
[    1.496156] pci_bus 0000:00: resource 4 [io  0x0000-0x0cf7 window]
[    1.497862] pci_bus 0000:00: resource 5 [io  0x0d00-0xffff window]
[    1.500291] pci_bus 0000:00: resource 6 [mem 0x000a0000-0x000bffff window]
[    1.502627] pci_bus 0000:00: resource 7 [mem 0x80000000-0xfebfffff window]
[    1.507880] pci_bus 0000:00: resource 8 [mem 0x100000000-0x17fffffff window]
[    1.512080] pci 0000:00:01.0: PIIX3: Enabling Passive Release
[    1.513820] pci 0000:00:00.0: Limiting direct PCI/PCI transfers
[    1.515595] PCI: CLS 0 bytes, default 64
[    1.517209] clocksource: tsc: mask: 0xffffffffffffffff max_cycles: 0x22df0d21928, max_idle_ns: 440795225288 ns
[    1.530115] Initialise system trusted keyrings
[    1.534940] workingset: timestamp_bits=40 max_order=19 bucket_order=0
[    1.544082] NFS: Registering the id_resolver key type
[    1.547171] Key type id_resolver registered
[    1.550797] Key type id_legacy registered
[    1.554949] 9p: Installing v9fs 9p2000 file system support
[    1.592559] Key type asymmetric registered
[    1.593792] Asymmetric key parser 'x509' registered
[    1.596963] Block layer SCSI generic (bsg) driver version 0.4 loaded (major 251)
[    1.600114] io scheduler mq-deadline registered
[    1.602376] io scheduler kyber registered
[    1.607189] input: Power Button as /devices/LNXSYSTM:00/LNXPWRBN:00/input/input0
[    1.615361] ACPI: button: Power Button [PWRF]
[    1.621625] Serial: 8250/16550 driver, 4 ports, IRQ sharing enabled
[    1.627107] 00:04: ttyS0 at I/O 0x3f8 (irq = 4, base_baud = 115200) is a 16550A
[    1.638313] Non-volatile memory driver v1.3
[    1.641638] Linux agpgart interface v0.103
[    1.661191] ACPI: bus type drm_connector registered
[    1.690301] loop: module loaded
[    1.693676] zram: Added device: zram0
[    1.708380] scsi host0: ata_piix
[    1.713475] scsi host1: ata_piix
[    1.716011] ata1: PATA max MWDMA2 cmd 0x1f0 ctl 0x3f6 bmdma 0xc040 irq 14 lpm-pol 0
[    1.722565] ata2: PATA max MWDMA2 cmd 0x170 ctl 0x376 bmdma 0xc048 irq 15 lpm-pol 0
[    1.729742] e100: Intel(R) PRO/100 Network Driver
[    1.736731] e100: Copyright(c) 1999-2006 Intel Corporation
[    1.743240] e1000: Intel(R) PRO/1000 Network Driver
[    1.748504] e1000: Copyright (c) 1999-2006 Intel Corporation.
[    1.800573] ACPI: \_SB_.LNKC: Enabled at IRQ 11
[    1.888603] ata2: found unknown device (class 0)
[    1.896210] ata2.00: ATAPI: QEMU DVD-ROM, 2.5+, max UDMA/100
[    1.911816] scsi 1:0:0:0: CD-ROM            QEMU     QEMU DVD-ROM     2.5+ PQ: 0 ANSI: 5
[    1.960002] sr 1:0:0:0: [sr0] scsi3-mmc drive: 4x/4x cd/rw xa/form2 tray
[    1.965908] cdrom: Uniform CD-ROM driver Revision: 3.20
[    1.986412] sr 1:0:0:0: Attached scsi generic sg0 type 5
[    2.829890] e1000 0000:00:03.0 eth0: (PCI:33MHz:32-bit) 52:54:00:12:34:56
[    2.837885] e1000 0000:00:03.0 eth0: Intel(R) PRO/1000 Network Connection
[    2.846278] e1000e: Intel(R) PRO/1000 Network Driver
[    2.851240] e1000e: Copyright(c) 1999 - 2015 Intel Corporation.
[    2.857635] sky2: driver version 1.30
[    2.867440] usbcore: registered new interface driver usblp
[    2.872970] usbcore: registered new interface driver usb-storage
[    2.880002] i8042: PNP: PS/2 Controller [PNP0303:KBD,PNP0f13:MOU] at 0x60,0x64 irq 1,12
[    2.896868] serio: i8042 KBD port at 0x60,0x64 irq 1
[    2.902618] serio: i8042 AUX port at 0x60,0x64 irq 12
[    2.913752] rtc_cmos 00:05: RTC can wake from S4
[    2.914086] input: AT Translated Set 2 keyboard as /devices/platform/i8042/serio0/input/input1
[    2.927827] rtc_cmos 00:05: registered as rtc0
[    2.935104] rtc_cmos 00:05: alarms up to one day, y3k, 242 bytes nvram, hpet irqs
[    2.949020] device-mapper: ioctl: 4.50.0-ioctl (2025-04-28) initialised: dm-devel@lists.linux.dev
[    2.963786] intel_pstate: CPU model not supported
[    2.971242] hid: raw HID events driver (C) Jiri Kosina
[    2.981979] usbcore: registered new interface driver usbhid
[    2.987859] usbhid: USB HID core driver
[    3.001063] Initializing XFRM netlink socket
[    3.007324] NET: Registered PF_INET6 protocol family
[    3.023217] Segment Routing with IPv6
[    3.027715] In-situ OAM (IOAM) with IPv6
[    3.032722] sit: IPv6, IPv4 and MPLS over IPv4 tunneling driver
[    3.040935] NET: Registered PF_PACKET protocol family
[    3.047182] 9pnet: Installing 9P2000 support
[    3.052843] Key type dns_resolver registered
[    3.064129] IPI shorthand broadcast: enabled
[    3.079966] sched_clock: Marking stable (2401107692, 678447075)->(3633622932, -554068165)
[    3.090379] registered taskstats version 1
[    3.094990] Loading compiled-in X.509 certificates
[    3.102268] Demotion targets for Node 0: null
[    3.109562] PM:   Magic number: 10:140:313
[    3.115233] netconsole: network logging started
[    3.120231] cfg80211: Loading compiled-in X.509 certificates for regulatory database
[    3.131013] kworker/u16:0 (69) used greatest stack depth: 14272 bytes left
[    3.137178] Loaded X.509 cert 'sforshee: 00b28ddf47aef9cea7'
[    3.152964] Loaded X.509 cert 'wens: 61c038651aabdcf94bd0ac7ff06c7248db18c600'
[    3.159361] ALSA device list:
[    3.163187] faux_driver regulatory: Direct firmware load for regulatory.db failed with error -2
[    3.163959]   No soundcards found.
[    3.167830] cfg80211: failed to load regulatory.db
[    3.171770] KTAP version 1
[    3.179468] 1..3
[    3.184038]     KTAP version 1
[    3.185251]     # Subtest: corten
[    3.189555]     # module: corten_test
[    3.189558]     1..25
[    3.197908]     ok 1 corten_test_layout
[    3.202020]     ok 2 corten_test_ptdesc_get_put
[    3.213911]     ok 3 corten_test_meta_roundtrip
[    3.219712]     ok 4 corten_test_meta_reinit_cleared
[    3.225908]     ok 5 corten_test_covering_level
[    3.234235]     ok 6 corten_test_covering_base_index
[    3.240599]     ok 7 corten_test_txn_covering
[    3.248675]     ok 8 corten_test_txn_hole
[    3.255723]     ok 9 corten_test_txn_stale_eagain
[    3.261340]     ok 10 corten_test_lock_range_args
[    3.267108]     ok 11 corten_test_txn_state_machine
[    3.275619]     ok 12 corten_test_txn_atomic_validate
[    3.283382]     ok 13 corten_test_txn_real_glue
[    3.340170]     ok 14 corten_test_txn_mutex_overlap
[    3.375515]     ok 15 corten_test_txn_mutex_disjoint
[    3.383201]     ok 16 corten_test_fail_alloc
[    3.390322]     ok 17 corten_test_txn_hole_fill
[    3.400338]     ok 18 corten_test_txn_hole_race
[    3.433475] input: ImExPS/2 Generic Explorer Mouse as /devices/platform/i8042/serio1/input/input3
[   33.413417]     # corten_test_txn_uninstall_interlock: EXPECTATION FAILED at mm/corten_test.c:1691
[   33.413417] worker A never acquired the lock (phase=5 begin_ret=0)
[   33.422488]     # corten_test_txn_uninstall_interlock: Test should be marked slow (runtime: 30.018172167s)
[   33.425871]     not ok 19 corten_test_txn_uninstall_interlock
[   33.437810]     ok 20 corten_test_uninstall_bh_ctx
[   33.441170] ------------[ cut here ]------------
[   33.444695] WARNING: CPU: 2 PID: 121 at mm/corten.c:864 corten_txn_begin+0x191/0x4b0
[   33.447557] Modules linked in:
[   33.448548] CPU: 2 UID: 0 PID: 121 Comm: kunit_try_catch Tainted: G                 N  6.18.32-g68697442097e-dirty #21 PREEMPT(voluntary) 
[   33.453287] Tainted: [N]=TEST
[   33.454804] Hardware name: QEMU Standard PC (i440FX + PIIX, 1996), BIOS 1.15.0-1 04/01/2014
[   33.459176] RIP: 0010:corten_txn_begin+0x191/0x4b0
[   33.462356] Code: 02 00 00 4c 89 ff 48 89 04 24 e8 7a 44 da 00 4c 89 ff e8 82 46 da 00 48 8b 04 24 41 0f b6 4f 25 38 48 25 0f 87 65 ff ff ff 90 <0f> 0b 90 41 80 7e 48 04 0f 86 61 ff ff ff 90 0f 0b 90 48 89 c7 e8
[   33.468764] RSP: 0000:ffffa329404cfda0 EFLAGS: 00010246
[   33.470501] RAX: ffff9ee8c1ab8980 RBX: 0000000000000fff RCX: 0000000000000002
[   33.472632] RDX: 0000000000000003 RSI: 0000000000000018 RDI: ffff9ee8c2f2f000
[   33.474752] RBP: 0000000000000000 R08: ffff9ee8c1a62a00 R09: ffffa329404cfe00
[   33.478672] R10: ffffa329404cfd58 R11: ffffdc558006d700 R12: ffffffff9ba32270
[   33.485140] R13: ffff9ee8c1a62a00 R14: ffffa329404cfe00 R15: ffff9ee8c1ab89c0
[   33.491737] FS:  0000000000000000(0000) GS:ffff9ee9a0f6b000(0000) knlGS:0000000000000000
[   33.499197] CS:  0010 DS: 0000 ES: 0000 CR0: 0000000080050033
[   33.504588] CR2: 0000000000000000 CR3: 0000000059e30000 CR4: 00000000000006f0
[   33.507710] Call Trace:
[   33.509149]  <TASK>
[   33.510935]  ? __pfx_kunit_generic_run_threadfn_adapter+0x10/0x10
[   33.513927]  corten_test_txn_path_overflow+0xb5/0x2a0
[   33.516284]  ? psi_task_switch+0x107/0x290
[   33.518147]  kunit_try_run_case+0x6f/0x150
[   33.522397]  ? __pfx_kunit_generic_run_threadfn_adapter+0x10/0x10
[   33.527370]  kunit_generic_run_threadfn_adapter+0x1c/0x40
[   33.530973]  kthread+0xff/0x1f0
[   33.534600]  ? __pfx_kthread+0x10/0x10
[   33.535677]  ? __pfx_kthread+0x10/0x10
[   33.539199]  ret_from_fork+0x144/0x160
[   33.542758]  ? __pfx_kthread+0x10/0x10
[   33.546691]  ret_from_fork_asm+0x1a/0x30
[   33.550910]  </TASK>
[   33.553240] ---[ end trace 0000000000000000 ]---
[   33.558720] ------------[ cut here ]------------
[   33.561695] WARNING: CPU: 2 PID: 121 at mm/corten.c:811 corten_txn_begin+0x1a0/0x4b0
[   33.569208] Modules linked in:
[   33.572946] CPU: 2 UID: 0 PID: 121 Comm: kunit_try_catch Tainted: G        W        N  6.18.32-g68697442097e-dirty #21 PREEMPT(voluntary) 
[   33.584644] Tainted: [W]=WARN, [N]=TEST
[   33.588260] Hardware name: QEMU Standard PC (i440FX + PIIX, 1996), BIOS 1.15.0-1 04/01/2014
[   33.596017] RIP: 0010:corten_txn_begin+0x1a0/0x4b0
[   33.601235] Code: 4c 89 ff e8 82 46 da 00 48 8b 04 24 41 0f b6 4f 25 38 48 25 0f 87 65 ff ff ff 90 0f 0b 90 41 80 7e 48 04 0f 86 61 ff ff ff 90 <0f> 0b 90 48 89 c7 e8 c5 f5 ff ff 41 0f b6 46 48 84 c0 74 28 83 e8
[   33.617547] RSP: 0000:ffffa329404cfda0 EFLAGS: 00010202
[   33.621596] RAX: ffff9ee8c1ab8ac0 RBX: 0000000000000fff RCX: 0000000000000002
[   33.627124] RDX: 0000000000000003 RSI: 000000000000001c RDI: ffff9ee8c2f2f000
[   33.631025] RBP: 0000000000000000 R08: ffff9ee8c1a62a00 R09: ffffa329404cfe00
[   33.634821] R10: ffffa329404cfd58 R11: ffffdc558006d700 R12: ffffffff9ba32270
[   33.638888] R13: ffff9ee8c1a62a00 R14: ffffa329404cfe00 R15: ffff9ee8c1ab8a80
[   33.646180] FS:  0000000000000000(0000) GS:ffff9ee9a0f6b000(0000) knlGS:0000000000000000
[   33.652923] CS:  0010 DS: 0000 ES: 0000 CR0: 0000000080050033
[   33.657311] CR2: 0000000000000000 CR3: 0000000059e30000 CR4: 00000000000006f0
[   33.664093] Call Trace:
[   33.666216]  <TASK>
[   33.667868]  ? __pfx_kunit_generic_run_threadfn_adapter+0x10/0x10
[   33.671822]  corten_test_txn_path_overflow+0xb5/0x2a0
[   33.674961]  ? psi_task_switch+0x107/0x290
[   33.678172]  kunit_try_run_case+0x6f/0x150
[   33.682243]  ? __pfx_kunit_generic_run_threadfn_adapter+0x10/0x10
[   33.688350]  kunit_generic_run_threadfn_adapter+0x1c/0x40
[   33.692702]  kthread+0xff/0x1f0
[   33.695625]  ? __pfx_kthread+0x10/0x10
[   33.699373]  ? __pfx_kthread+0x10/0x10
[   33.701985]  ret_from_fork+0x144/0x160
[   33.705157]  ? __pfx_kthread+0x10/0x10
[   33.708973]  ret_from_fork_asm+0x1a/0x30
[   33.710587]  </TASK>
[   33.712596] ---[ end trace 0000000000000000 ]---
[   33.717342] kunit_try_catch (121) used greatest stack depth: 13520 bytes left
[   33.718531]     ok 21 corten_test_txn_path_overflow
[   33.725777]     ok 22 corten_test_txn_child_err
[   33.732533]     ok 23 corten_test_real_huge_leaf
[   33.739155]     ok 24 corten_test_full_window_atomic
[   33.746438]     ok 25 corten_test_debugfs_content
[   33.751574] # corten: pass:24 fail:1 skip:0 total:25
[   33.753725] # Totals: pass:24 fail:1 skip:0 total:25
[   33.758467] not ok 1 corten
[   33.765794]     KTAP version 1
[   33.768436]     # Subtest: corten_arena
[   33.771630]     # module: corten_arena_test
[   33.771634]     1..29
[   33.780103]     ok 1 corten_arena_test_declare_reject
[   33.786238]     ok 2 corten_arena_test_declare_reject_flags
[   33.794628]     ok 3 corten_arena_test_declare_query
[   33.802220]     ok 4 corten_arena_test_range_overlaps # SKIP overlap gate requires corten=on
[   33.815912]     ok 5 corten_arena_test_release
[   33.825844]     ok 6 corten_arena_test_ref_born_atomic
[   33.832103]     ok 7 corten_arena_test_release_classify
[   33.839854]     ok 8 corten_arena_test_shadow_vma
[   33.846174]     ok 9 corten_arena_test_exit
[   33.853186]     ok 10 corten_arena_test_prctl
[   33.861068]     ok 11 corten_arena_test_mode
[   33.869057]     ok 12 corten_arena_test_auto_classify
[   33.881415]     ok 13 corten_arena_test_auto_place
[   33.891210]     ok 14 corten_arena_test_auto_route # SKIP auto-mmap route requires corten=on
[   33.895047]     ok 15 corten_arena_test_auto_attach_release # SKIP munmap routing requires corten=on
[   33.904329]     ok 16 corten_arena_test_mag_recycle # SKIP auto-mmap route requires corten=on
[   33.911685]     ok 17 corten_arena_test_mag_marker # SKIP auto-mmap route requires corten=on
[   33.920411]     ok 18 corten_arena_test_mprotect_route # SKIP mprotect route requires corten=on
[   33.928203]     ok 19 corten_arena_test_protect_flags_kernel_gate # SKIP mprotect route requires corten=on
[   33.934663]     ok 20 corten_arena_test_madvise_route # SKIP madvise route requires corten=on
[   33.945204]     ok 21 corten_arena_test_mremap_route # SKIP mremap route requires corten=on
[   33.951453]     ok 22 corten_arena_test_fork_faithful # SKIP metadata mirror requires corten=on
[   33.958952]     ok 23 corten_arena_test_fork_unwind
[   33.967754]     ok 24 corten_arena_test_fork_multipiece
[   33.974426]     ok 25 corten_arena_test_fork_perm # SKIP mprotect route requires corten=on
[   33.983372]     ok 26 corten_arena_test_concurrent
[   33.994196]     ok 27 corten_arena_test_concurrent_window
[   34.001992]     ok 28 corten_arena_test_obs_ledger
[   34.007964]     ok 29 corten_arena_test_drain_timeout_stat
[   34.012317] # corten_arena: pass:18 fail:0 skip:11 total:29
[   34.015804] # Totals: pass:18 fail:0 skip:11 total:29
[   34.017876] ok 2 corten_arena
[   34.025246]     KTAP version 1
[   34.028319]     # Subtest: corten_fault
[   34.033034]     # module: corten_fault_test
[   34.033042]     1..24
[   34.040877]     ok 1 corten_fault_test_dispatch
[   34.043285]     ok 2 corten_fault_test_unmap_classify
[   34.049261]     ok 3 corten_fault_test_mmap_classify
[   34.055650]     ok 4 corten_fault_test_punch_classify
[   34.063009]     ok 5 corten_fault_test_map_anon # SKIP real fault chain requires corten=on
[   34.069866]     ok 6 corten_fault_test_zero_page # SKIP real fault chain requires corten=on
[   34.079945]     ok 7 corten_fault_test_sigsegv # SKIP real fault chain requires corten=on
[   34.091481]     ok 8 corten_fault_test_fresh_fault # SKIP real fault chain requires corten=on
[   34.100687]     ok 9 corten_fault_test_churn_repro # SKIP real fault chain requires corten=on
[   34.107921]     ok 10 corten_fault_test_untracked_drift # SKIP real fault chain requires corten=on
[   34.117877]     ok 11 corten_fault_test_restore # SKIP real fault chain requires corten=on
[   34.128927]     ok 12 corten_fault_test_cow_reuse # SKIP real fault chain requires corten=on
[   34.139034]     ok 13 corten_fault_test_cow_copy # SKIP real fault chain requires corten=on
[   34.149369]     ok 14 corten_fault_test_cow_race # SKIP real fault chain requires corten=on
[   34.159106]     ok 15 corten_fault_test_mprotect_pte # SKIP real fault chain requires corten=on
[   34.171198]     ok 16 corten_fault_test_mprotect_fresh # SKIP real fault chain requires corten=on
[   34.178834]     ok 17 corten_fault_test_zap_keep_perm # SKIP real fault chain requires corten=on
[   34.186686]     ok 18 corten_fault_test_zap_keep_perm_downgrade # SKIP real fault chain requires corten=on
[   34.198240]     ok 19 corten_fault_test_untracked_rearm # SKIP real fault chain requires corten=on
[   34.207143]     ok 20 corten_fault_test_fill_upper_race # SKIP real fault chain requires corten=on
[   34.214220]     ok 21 corten_fault_test_map_race # SKIP real fault chain requires corten=on
[   34.220851]     ok 22 corten_fault_test_chunk_unmap # SKIP real fault chain requires corten=on
[   34.226518]     ok 23 corten_fault_test_punch_hole # SKIP real fault chain requires corten=on
[   34.235316]     ok 24 corten_fault_test_punch_head # SKIP real fault chain requires corten=on
[   34.241747] # corten_fault: pass:4 fail:0 skip:20 total:24
[   34.248037] # Totals: pass:4 fail:0 skip:20 total:24
[   34.251780] ok 3 corten_fault
[   34.265267] check access for rdinit=/init failed: -2, ignoring
[   34.268514] md: Waiting for all devices to be available before autodetect
[   34.272672] md: If you don't use raid, use raid=noautodetect
[   34.276727] md: Autodetecting RAID arrays.
[   34.279667] md: autorun ...
[   34.281412] md: ... autorun DONE.
[   34.285539] /dev/root: Can't open blockdev
[   34.288399] VFS: Cannot open root device "" or unknown-block(0,0): error -6
[   34.292104] Please append a correct "root=" boot option; here are the available partitions:
[   34.297935] 0b00         1048575 sr0 
[   34.297991]  driver: sr
[   34.300912] List of all bdev filesystems:
[   34.302594]  ext3
[   34.302599]  ext2
[   34.304117]  ext4
[   34.305198]  vfat
[   34.305791]  msdos
[   34.307362]  iso9660
[   34.308943] 
[   34.311663] Kernel panic - not syncing: VFS: Unable to mount root fs on unknown-block(0,0)
[   34.316400] CPU: 0 UID: 0 PID: 1 Comm: swapper/0 Tainted: G        W        N  6.18.32-g68697442097e-dirty #21 PREEMPT(voluntary) 
[   34.321179] Tainted: [W]=WARN, [N]=TEST
[   34.322159] Hardware name: QEMU Standard PC (i440FX + PIIX, 1996), BIOS 1.15.0-1 04/01/2014
[   34.326280] Call Trace:
[   34.328218]  <TASK>
[   34.329838]  vpanic+0x34f/0x360
[   34.330558]  panic+0x56/0x60
[   34.331840]  mount_root_generic+0x1ff/0x320
[   34.334416]  prepare_namespace+0x63/0x270
[   34.335236]  kernel_init_freeable+0x29f/0x2f0
[   34.337253]  ? __pfx_kernel_init+0x10/0x10
[   34.340337]  kernel_init+0x15/0x1c0
[   34.341683]  ret_from_fork+0x144/0x160
[   34.342576]  ? __pfx_kernel_init+0x10/0x10
[   34.343429]  ret_from_fork_asm+0x1a/0x30
[   34.345305]  </TASK>
[   34.349325] Kernel Offset: 0x19600000 from 0xffffffff81000000 (relocation range: 0xffffffff80000000-0xffffffffbfffffff)
