[    0.000000] Linux version 6.18.32-g802ff7551bd0-dirty (ppw@vm) (gcc (Ubuntu 11.4.0-1ubuntu1~22.04.3) 11.4.0, GNU ld (GNU Binutils for Ubuntu) 2.38) #3 SMP PREEMPT_DYNAMIC Sat Sep 19 20:20:07 CST 2026
[    0.000000] Command line: console=ttyS0 panic=-1 kunit.filter_glob=corten* kunit.enable=1
[    0.000000] BIOS-provided physical RAM map:
[    0.000000] BIOS-e820: [mem 0x0000000000000000-0x000000000009fbff] usable
[    0.000000] BIOS-e820: [mem 0x000000000009fc00-0x000000000009ffff] reserved
[    0.000000] BIOS-e820: [mem 0x00000000000f0000-0x00000000000fffff] reserved
[    0.000000] BIOS-e820: [mem 0x0000000000100000-0x00000000bffdffff] usable
[    0.000000] BIOS-e820: [mem 0x00000000bffe0000-0x00000000bfffffff] reserved
[    0.000000] BIOS-e820: [mem 0x00000000feffc000-0x00000000feffffff] reserved
[    0.000000] BIOS-e820: [mem 0x00000000fffc0000-0x00000000ffffffff] reserved
[    0.000000] BIOS-e820: [mem 0x0000000100000000-0x000000013fffffff] usable
[    0.000000] NX (Execute Disable) protection: active
[    0.000000] APIC: Static calls initialized
[    0.000000] SMBIOS 2.8 present.
[    0.000000] DMI: QEMU Standard PC (i440FX + PIIX, 1996), BIOS 1.15.0-1 04/01/2014
[    0.000000] DMI: Memory slots populated: 1/1
[    0.000000] Hypervisor detected: KVM
[    0.000000] last_pfn = 0xbffe0 max_arch_pfn = 0x400000000
[    0.000000] kvm-clock: Using msrs 4b564d01 and 4b564d00
[    0.000001] kvm-clock: using sched offset of 1915984534 cycles
[    0.000003] clocksource: kvm-clock: mask: 0xffffffffffffffff max_cycles: 0x1cd42e4dffb, max_idle_ns: 881590591483 ns
[    0.000029] tsc: Detected 2419.196 MHz processor
[    0.002293] last_pfn = 0x140000 max_arch_pfn = 0x400000000
[    0.002493] MTRR map: 4 entries (3 fixed + 1 variable; max 19), built from 8 variable MTRRs
[    0.002501] x86/PAT: Configuration [0-7]: WB  WC  UC- UC  WB  WP  UC- WT  
[    0.002747] last_pfn = 0xbffe0 max_arch_pfn = 0x400000000
[    0.017284] found SMP MP-table at [mem 0x000f5ba0-0x000f5baf]
[    0.017584] Using GB pages for direct mapping
[    0.019205] ACPI: Early table checksum verification disabled
[    0.019263] ACPI: RSDP 0x00000000000F59C0 000014 (v00 BOCHS )
[    0.019309] ACPI: RSDT 0x00000000BFFE1B95 000034 (v01 BOCHS  BXPC     00000001 BXPC 00000001)
[    0.019342] ACPI: FACP 0x00000000BFFE1A11 000074 (v01 BOCHS  BXPC     00000001 BXPC 00000001)
[    0.019378] ACPI: DSDT 0x00000000BFFE0040 0019D1 (v01 BOCHS  BXPC     00000001 BXPC 00000001)
[    0.019380] ACPI: FACS 0x00000000BFFE0000 000040
[    0.019382] ACPI: APIC 0x00000000BFFE1A85 0000B0 (v01 BOCHS  BXPC     00000001 BXPC 00000001)
[    0.019384] ACPI: HPET 0x00000000BFFE1B35 000038 (v01 BOCHS  BXPC     00000001 BXPC 00000001)
[    0.019385] ACPI: WAET 0x00000000BFFE1B6D 000028 (v01 BOCHS  BXPC     00000001 BXPC 00000001)
[    0.019387] ACPI: Reserving FACP table memory at [mem 0xbffe1a11-0xbffe1a84]
[    0.019388] ACPI: Reserving DSDT table memory at [mem 0xbffe0040-0xbffe1a10]
[    0.019389] ACPI: Reserving FACS table memory at [mem 0xbffe0000-0xbffe003f]
[    0.019389] ACPI: Reserving APIC table memory at [mem 0xbffe1a85-0xbffe1b34]
[    0.019390] ACPI: Reserving HPET table memory at [mem 0xbffe1b35-0xbffe1b6c]
[    0.019390] ACPI: Reserving WAET table memory at [mem 0xbffe1b6d-0xbffe1b94]
[    0.022682] No NUMA configuration found
[    0.022686] Faking a node at [mem 0x0000000000000000-0x000000013fffffff]
[    0.022696] NODE_DATA(0) allocated [mem 0x13fffa140-0x13fffdfff]
[    0.023359] Zone ranges:
[    0.023361]   DMA      [mem 0x0000000000001000-0x0000000000ffffff]
[    0.023366]   DMA32    [mem 0x0000000001000000-0x00000000ffffffff]
[    0.023369]   Normal   [mem 0x0000000100000000-0x000000013fffffff]
[    0.023373] Movable zone start for each node
[    0.023374] Early memory node ranges
[    0.023375]   node   0: [mem 0x0000000000001000-0x000000000009efff]
[    0.023379]   node   0: [mem 0x0000000000100000-0x00000000bffdffff]
[    0.023382]   node   0: [mem 0x0000000100000000-0x000000013fffffff]
[    0.023385] Initmem setup node 0 [mem 0x0000000000001000-0x000000013fffffff]
[    0.024417] On node 0, zone DMA: 1 pages in unavailable ranges
[    0.025704] On node 0, zone DMA: 97 pages in unavailable ranges
[    0.945559] On node 0, zone Normal: 32 pages in unavailable ranges
[    0.948136] ACPI: PM-Timer IO Port: 0x608
[    0.948261] ACPI: LAPIC_NMI (acpi_id[0xff] dfl dfl lint[0x1])
[    0.949340] IOAPIC[0]: apic_id 0, version 17, address 0xfec00000, GSI 0-23
[    0.949356] ACPI: INT_SRC_OVR (bus 0 bus_irq 0 global_irq 2 dfl dfl)
[    0.949362] ACPI: INT_SRC_OVR (bus 0 bus_irq 5 global_irq 5 high level)
[    0.949365] ACPI: INT_SRC_OVR (bus 0 bus_irq 9 global_irq 9 high level)
[    0.949398] ACPI: INT_SRC_OVR (bus 0 bus_irq 10 global_irq 10 high level)
[    0.949401] ACPI: INT_SRC_OVR (bus 0 bus_irq 11 global_irq 11 high level)
[    0.949411] ACPI: Using ACPI (MADT) for SMP configuration information
[    0.949414] ACPI: HPET id: 0x8086a201 base: 0xfed00000
[    0.949424] TSC deadline timer available
[    0.949435] CPU topo: Max. logical packages:   1
[    0.949437] CPU topo: Max. logical dies:       1
[    0.949438] CPU topo: Max. dies per package:   1
[    0.949448] CPU topo: Max. threads per core:   1
[    0.949479] CPU topo: Num. cores per package:     8
[    0.949481] CPU topo: Num. threads per package:   8
[    0.949482] CPU topo: Allowing 8 present CPUs plus 0 hotplug CPUs
[    0.949595] kvm-guest: APIC: eoi() replaced with kvm_guest_apic_eoi_write()
[    0.949736] kvm-guest: KVM setup pv remote TLB flush
[    0.949793] kvm-guest: setup PV sched yield
[    0.950939] PM: hibernation: Registered nosave memory: [mem 0x00000000-0x00000fff]
[    0.950947] PM: hibernation: Registered nosave memory: [mem 0x0009f000-0x000fffff]
[    0.950951] PM: hibernation: Registered nosave memory: [mem 0xbffe0000-0xffffffff]
[    0.950956] [mem 0xc0000000-0xfeffbfff] available for PCI devices
[    0.950959] Booting paravirtualized kernel on KVM
[    0.951005] clocksource: refined-jiffies: mask: 0xffffffff max_cycles: 0xffffffff, max_idle_ns: 1910969940391419 ns
[    0.973383] setup_percpu: NR_CPUS:64 nr_cpumask_bits:8 nr_cpu_ids:8 nr_node_ids:1
[    1.019273] percpu: Embedded 54 pages/cpu s182680 r8192 d30312 u262144
[    1.019437] Kernel command line: console=ttyS0 panic=-1 kunit.filter_glob=corten* kunit.enable=1
[    1.019701] random: crng init done
[    1.019702] printk: log buffer data + meta data: 262144 + 917504 = 1179648 bytes
[    1.136372] Dentry cache hash table entries: 524288 (order: 10, 4194304 bytes, linear)
[    1.227553] Inode-cache hash table entries: 262144 (order: 9, 2097152 bytes, linear)
[    1.228713] software IO TLB: area num 8.
[    3.411961] Fallback order for Node 0: 0 
[    3.411982] Built 1 zonelists, mobility grouping on.  Total pages: 1048446
[    3.411983] Policy zone: Normal
[    3.411986] mem auto-init: stack:off, heap alloc:off, heap free:off
[    3.514461] SLUB: HWalign=64, Order=0-3, MinObjects=0, CPUs=8, Nodes=1
[    3.539646] Dynamic Preempt: voluntary
[    3.542743] rcu: Preemptible hierarchical RCU implementation.
[    3.542747] rcu: 	RCU event tracing is enabled.
[    3.542749] rcu: 	RCU restricting CPUs from NR_CPUS=64 to nr_cpu_ids=8.
[    3.542753] 	Trampoline variant of Tasks RCU enabled.
[    3.542754] 	Tracing variant of Tasks RCU enabled.
[    3.542755] rcu: RCU calculated value of scheduler-enlistment delay is 100 jiffies.
[    3.542757] rcu: Adjusting geometry for rcu_fanout_leaf=16, nr_cpu_ids=8
[    3.543151] RCU Tasks: Setting shift to 3 and lim to 1 rcu_task_cb_adjust=1 rcu_task_cpu_ids=8.
[    3.543157] RCU Tasks Trace: Setting shift to 3 and lim to 1 rcu_task_cb_adjust=1 rcu_task_cpu_ids=8.
[    3.567254] NR_IRQS: 4352, nr_irqs: 488, preallocated irqs: 16
[    3.569701] rcu: srcu_init: Setting srcu_struct sizes based on contention.
[    3.646527] Console: colour VGA+ 80x25
[    3.647572] printk: legacy console [ttyS0] enabled
[    4.292178] ACPI: Core revision 20250807
[    4.297798] clocksource: hpet: mask: 0xffffffff max_cycles: 0xffffffff, max_idle_ns: 19112604467 ns
[    4.308499] APIC: Switch to symmetric I/O mode setup
[    4.321301] x2apic enabled
[    4.337847] APIC: Switched APIC routing to: physical x2apic
[    4.346646] kvm-guest: APIC: send_IPI_mask() replaced with kvm_send_ipi_mask()
[    4.357759] kvm-guest: APIC: send_IPI_mask_allbutself() replaced with kvm_send_ipi_mask_allbutself()
[    4.363439] kvm-guest: setup PV IPIs
[    4.390280] ..TIMER: vector=0x30 apic1=0 pin1=2 apic2=-1 pin2=-1
[    4.399104] clocksource: tsc-early: mask: 0xffffffffffffffff max_cycles: 0x22df0d21928, max_idle_ns: 440795225288 ns
[    4.409983] Calibrating delay loop (skipped) preset value.. 4838.39 BogoMIPS (lpj=2419196)
[    4.413128] x86/cpu: User Mode Instruction Prevention (UMIP) activated
[    4.415974] Last level iTLB entries: 4KB 0, 2MB 0, 4MB 0
[    4.415988] Last level dTLB entries: 4KB 0, 2MB 0, 4MB 0, 1GB 0
[    4.417215] mitigations: Enabled attack vectors: user_kernel, user_user, SMT mitigations: auto
[    4.418068] Speculative Store Bypass: Mitigation: Speculative Store Bypass disabled via prctl
[    4.418991] Spectre V2 : Mitigation: Enhanced / Automatic IBRS
[    4.419990] ITS: Mitigation: Aligned branch/return thunks
[    4.420983] Spectre V1 : Mitigation: usercopy/swapgs barriers and __user pointer sanitization
[    4.422033] Spectre V2 : Spectre v2 / PBRSB-eIBRS: Retire a single CALL on VMEXIT
[    4.422985] Spectre V2 : mitigation: Enabling conditional Indirect Branch Prediction Barrier
[    4.423986] active return thunk: its_return_thunk
[    4.426114] x86/fpu: Supporting XSAVE feature 0x001: 'x87 floating point registers'
[    4.426994] x86/fpu: Supporting XSAVE feature 0x002: 'SSE registers'
[    4.427983] x86/fpu: Supporting XSAVE feature 0x004: 'AVX registers'
[    4.428988] x86/fpu: Supporting XSAVE feature 0x200: 'Protection Keys User registers'
[    4.429985] x86/fpu: xstate_offset[2]:  576, xstate_sizes[2]:  256
[    4.430986] x86/fpu: xstate_offset[9]:  832, xstate_sizes[9]:    8
[    4.431984] x86/fpu: Enabled xstate features 0x207, context size is 840 bytes, using 'compacted' format.
[    4.601974] Freeing SMP alternatives memory: 64K
[    4.601993] pid_max: default: 32768 minimum: 301
[    4.603376] LSM: initializing lsm=capability,selinux
[    4.604009] SELinux:  Initializing.
[    4.607974] Mount-cache hash table entries: 8192 (order: 4, 65536 bytes, linear)
[    4.612068] Mountpoint-cache hash table entries: 8192 (order: 4, 65536 bytes, linear)
[    4.639974] smpboot: CPU0: 13th Gen Intel(R) Core(TM) i9-13900HX (family: 0x6, model: 0xb7, stepping: 0x1)
[    4.645871] Performance Events: Alderlake Hybrid events, core PMU driver.
[    4.648001] core: CPUID marked event: 'cpu cycles' unavailable
[    4.649030] core: CPUID marked event: 'instructions' unavailable
[    4.650024] core: CPUID marked event: 'bus cycles' unavailable
[    4.651003] core: CPUID marked event: 'cache references' unavailable
[    4.652038] core: CPUID marked event: 'cache misses' unavailable
[    4.652996] core: CPUID marked event: 'branch instructions' unavailable
[    4.653998] core: CPUID marked event: 'branch misses' unavailable
[    4.655647] core: The event 0x100 is not supported as a normal event.
[    4.656030] core: The event 0x300 is not supported as a normal event.
[    4.657029] core: The event 0x400 is not supported as a normal event.
[    4.657997] core: The event 0x8000 is not supported as a normal event.
[    4.658987] core: The event 0x8100 is not supported as a normal event.
[    4.660027] core: The event 0x8200 is not supported as a normal event.
[    4.660995] core: The event 0x8300 is not supported as a normal event.
[    4.661990] core: The event 0x8400 is not supported as a normal event.
[    4.662994] core: The event 0x8500 is not supported as a normal event.
[    4.663990] core: The event 0x8600 is not supported as a normal event.
[    4.665029] core: The event 0x8700 is not supported as a normal event.
[    4.666496] core: cpu_core PMU driver: 
[    4.667030] ... version:                   1
[    4.668039] ... bit width:                 48
[    4.669035] ... generic counters:          6
[    4.670020] ... generic bitmap:            000000000000003f
[    4.670989] ... fixed-purpose counters:    0
[    4.672025] ... fixed-purpose bitmap:      0000000000000000
[    4.673028] ... value mask:                0000ffffffffffff
[    4.674029] ... max period:                000000007fffffff
[    4.675029] ... global_ctrl mask:          000100000000003f
[    4.677197] signal: max sigframe size: 3632
[    4.678567] rcu: Hierarchical SRCU implementation.
[    4.679022] rcu: 	Max phase no-delay instances is 400.
[    4.681974] Timer migration: 1 hierarchy levels; 8 children per group; 1 crossnode level
[    4.690112] smp: Bringing up secondary CPUs ...
[    4.694923] smpboot: x86: Booting SMP configuration:
[    4.695029] .... node  #0, CPUs:      #1 #2 #3 #4 #5 #6 #7
[    4.748749] smp: Brought up 1 node, 8 CPUs
[    4.750025] smpboot: Total of 8 processors activated (38707.13 BogoMIPS)
[    4.755697] Memory: 3998316K/4193784K available (21342K kernel code, 3197K rwdata, 8904K rodata, 3252K init, 1220K bss, 187584K reserved, 0K cma-reserved)
[    4.761026] devtmpfs: initialized
[    4.773013] clocksource: jiffies: mask: 0xffffffff max_cycles: 0xffffffff, max_idle_ns: 1911260446275000 ns
[    4.774060] posixtimers hash table entries: 4096 (order: 4, 65536 bytes, linear)
[    4.782224] futex hash table entries: 2048 (131072 bytes on 1 NUMA nodes, total 128 KiB, linear).
[    4.786012] PM: RTC time: 12:23:12, date: 2026-09-19
[    4.872466] NET: Registered PF_NETLINK/PF_ROUTE protocol family
[    4.874116] audit: initializing netlink subsys (disabled)
[    4.876947] audit: type=2000 audit(1789820592.033:1): state=initialized audit_enabled=0 res=1
[    4.877924] thermal_sys: Registered thermal governor 'step_wise'
[    4.878992] cpuidle: using governor menu
[    4.884063] PCI: Using configuration type 1 for base access
[    4.887124] kprobes: kprobe jump-optimization is enabled. All kprobes are optimized if possible.
[    4.902024] HugeTLB: registered 2.00 MiB page size, pre-allocated 0 pages
[    4.902992] HugeTLB: 28 KiB vmemmap can be freed for a 2.00 MiB page
[    4.958701] ACPI: Added _OSI(Module Device)
[    4.959029] ACPI: Added _OSI(Processor Device)
[    4.960025] ACPI: Added _OSI(Processor Aggregator Device)
[    4.962974] ACPI: 1 ACPI AML tables successfully acquired and loaded
[    4.974406] ACPI: Interpreter enabled
[    4.975151] ACPI: PM: (supports S0 S3 S4 S5)
[    4.975993] ACPI: Using IOAPIC for interrupt routing
[    4.977076] PCI: Using host bridge windows from ACPI; if necessary, use "pci=nocrs" and report a bug
[    4.977999] PCI: Using E820 reservations for host bridge windows
[    4.979403] ACPI: Enabled 2 GPEs in block 00 to 0F
[    5.002147] ACPI: PCI Root Bridge [PCI0] (domain 0000 [bus 00-ff])
[    5.003044] acpi PNP0A03:00: _OSC: OS supports [ASPM ClockPM Segments MSI HPX-Type3]
[    5.004032] acpi PNP0A03:00: _OSC: not requesting OS control; OS requires [ExtendedConfig ASPM ClockPM MSI]
[    5.005070] acpi PNP0A03:00: fail to add MMCONFIG information, can't access extended configuration space under this bridge
[    5.006511] PCI host bridge to bus 0000:00
[    5.007048] pci_bus 0000:00: root bus resource [io  0x0000-0x0cf7 window]
[    5.008006] pci_bus 0000:00: root bus resource [io  0x0d00-0xffff window]
[    5.009025] pci_bus 0000:00: root bus resource [mem 0x000a0000-0x000bffff window]
[    5.010036] pci_bus 0000:00: root bus resource [mem 0xc0000000-0xfebfffff window]
[    5.011000] pci_bus 0000:00: root bus resource [mem 0x140000000-0x1bfffffff window]
[    5.012366] pci_bus 0000:00: root bus resource [bus 00-ff]
[    5.013466] pci 0000:00:00.0: [8086:1237] type 00 class 0x060000 conventional PCI endpoint
[    5.018794] pci 0000:00:01.0: [8086:7000] type 00 class 0x060100 conventional PCI endpoint
[    5.023330] pci 0000:00:01.1: [8086:7010] type 00 class 0x010180 conventional PCI endpoint
[    5.027147] pci 0000:00:01.1: BAR 4 [io  0xc040-0xc04f]
[    5.028974] pci 0000:00:01.1: BAR 0 [io  0x01f0-0x01f7]: legacy IDE quirk
[    5.028992] pci 0000:00:01.1: BAR 1 [io  0x03f6]: legacy IDE quirk
[    5.029993] pci 0000:00:01.1: BAR 2 [io  0x0170-0x0177]: legacy IDE quirk
[    5.030995] pci 0000:00:01.1: BAR 3 [io  0x0376]: legacy IDE quirk
[    5.033333] pci 0000:00:01.3: [8086:7113] type 00 class 0x068000 conventional PCI endpoint
[    5.034974] pci 0000:00:01.3: quirk: [io  0x0600-0x063f] claimed by PIIX4 ACPI
[    5.035026] pci 0000:00:01.3: quirk: [io  0x0700-0x070f] claimed by PIIX4 SMB
[    5.036676] pci 0000:00:02.0: [1234:1111] type 00 class 0x030000 conventional PCI endpoint
[    5.042573] pci 0000:00:02.0: BAR 0 [mem 0xfd000000-0xfdffffff pref]
[    5.044201] pci 0000:00:02.0: BAR 2 [mem 0xfebb0000-0xfebb0fff]
[    5.045331] pci 0000:00:02.0: ROM [mem 0xfeba0000-0xfebaffff pref]
[    5.051620] pci 0000:00:02.0: Video device with shadowed ROM at [mem 0x000c0000-0x000dffff]
[    5.071592] pci 0000:00:03.0: [8086:100e] type 00 class 0x020000 conventional PCI endpoint
[    5.075118] pci 0000:00:03.0: BAR 0 [mem 0xfeb80000-0xfeb9ffff]
[    5.076155] pci 0000:00:03.0: BAR 1 [io  0xc000-0xc03f]
[    5.077386] pci 0000:00:03.0: ROM [mem 0xfeb00000-0xfeb7ffff pref]
[    5.095965] ACPI: PCI: Interrupt link LNKA configured for IRQ 10
[    5.097869] ACPI: PCI: Interrupt link LNKB configured for IRQ 10
[    5.098164] ACPI: PCI: Interrupt link LNKC configured for IRQ 11
[    5.099936] ACPI: PCI: Interrupt link LNKD configured for IRQ 11
[    5.100636] ACPI: PCI: Interrupt link LNKS configured for IRQ 9
[    5.113470] iommu: Default domain type: Translated
[    5.114193] iommu: DMA domain TLB invalidation policy: lazy mode
[    5.133397] SCSI subsystem initialized
[    5.143070] ACPI: bus type USB registered
[    5.146027] usbcore: registered new interface driver usbfs
[    5.147465] usbcore: registered new interface driver hub
[    5.148846] usbcore: registered new device driver usb
[    5.149775] pps_core: LinuxPPS API ver. 1 registered
[    5.150000] pps_core: Software ver. 5.3.6 - Copyright 2005-2007 Rodolfo Giometti <giometti@linux.it>
[    5.151270] PTP clock support registered
[    5.156640] Advanced Linux Sound Architecture Driver Initialized.
[    5.180850] NetLabel: Initializing
[    5.181027] NetLabel:  domain hash size = 128
[    5.182026] NetLabel:  protocols = UNLABELED CIPSOv4 CALIPSO
[    5.184021] NetLabel:  unlabeled traffic allowed by default
[    5.190909] PCI: Using ACPI for IRQ routing
[    5.194271] pci 0000:00:02.0: vgaarb: setting as boot VGA device
[    5.194974] pci 0000:00:02.0: vgaarb: bridge control possible
[    5.194974] pci 0000:00:02.0: vgaarb: VGA device added: decodes=io+mem,owns=io+mem,locks=none
[    5.195011] vgaarb: loaded
[    5.199019] hpet0: at MMIO 0xfed00000, IRQs 2, 8, 0
[    5.200041] hpet0: 3 comparators, 64-bit 100.000000 MHz counter
[    5.205974] clocksource: Switched to clocksource kvm-clock
[    5.257558] VFS: Disk quotas dquot_6.6.0
[    5.264197] VFS: Dquot-cache hash table entries: 512 (order 0, 4096 bytes)
[    5.280063] pnp: PnP ACPI init
[    5.285350] pnp: PnP ACPI: found 6 devices
[    5.359342] clocksource: acpi_pm: mask: 0xffffff max_cycles: 0xffffff, max_idle_ns: 2085701024 ns
[    5.375011] NET: Registered PF_INET protocol family
[    5.400076] IP idents hash table entries: 65536 (order: 7, 524288 bytes, linear)
[    5.450835] tcp_listen_portaddr_hash hash table entries: 2048 (order: 3, 32768 bytes, linear)
[    5.469416] Table-perturb hash table entries: 65536 (order: 6, 262144 bytes, linear)
[    5.479688] TCP established hash table entries: 32768 (order: 6, 262144 bytes, linear)
[    5.524038] TCP bind hash table entries: 32768 (order: 8, 1048576 bytes, linear)
[    5.555745] TCP: Hash tables configured (established 32768 bind 32768)
[    5.560847] UDP hash table entries: 2048 (order: 5, 131072 bytes, linear)
[    5.570650] UDP-Lite hash table entries: 2048 (order: 5, 131072 bytes, linear)
[    5.585916] NET: Registered PF_UNIX/PF_LOCAL protocol family
[    5.603477] RPC: Registered named UNIX socket transport module.
[    5.611651] RPC: Registered udp transport module.
[    5.616848] RPC: Registered tcp transport module.
[    5.624102] RPC: Registered tcp-with-tls transport module.
[    5.629712] RPC: Registered tcp NFSv4.1 backchannel transport module.
[    5.642798] pci_bus 0000:00: resource 4 [io  0x0000-0x0cf7 window]
[    5.648718] pci_bus 0000:00: resource 5 [io  0x0d00-0xffff window]
[    5.655706] pci_bus 0000:00: resource 6 [mem 0x000a0000-0x000bffff window]
[    5.663381] pci_bus 0000:00: resource 7 [mem 0xc0000000-0xfebfffff window]
[    5.670772] pci_bus 0000:00: resource 8 [mem 0x140000000-0x1bfffffff window]
[    5.679848] pci 0000:00:01.0: PIIX3: Enabling Passive Release
[    5.688208] pci 0000:00:00.0: Limiting direct PCI/PCI transfers
[    5.697507] PCI: CLS 0 bytes, default 64
[    5.702713] PCI-DMA: Using software bounce buffering for IO (SWIOTLB)
[    5.711079] software IO TLB: mapped [mem 0x00000000bbfe0000-0x00000000bffe0000] (64MB)
[    5.718839] RAPL PMU: API unit is 2^-32 Joules, 0 fixed counters, 10737418240 ms ovfl timer
[    5.725116] clocksource: tsc: mask: 0xffffffffffffffff max_cycles: 0x22df0d21928, max_idle_ns: 440795225288 ns
[    5.855110] Initialise system trusted keyrings
[    5.868253] workingset: timestamp_bits=40 max_order=20 bucket_order=0
[    5.890878] NFS: Registering the id_resolver key type
[    5.898982] Key type id_resolver registered
[    5.905948] Key type id_legacy registered
[    5.910785] 9p: Installing v9fs 9p2000 file system support
[    5.994196] Key type asymmetric registered
[    6.000187] Asymmetric key parser 'x509' registered
[    6.010574] Block layer SCSI generic (bsg) driver version 0.4 loaded (major 251)
[    6.019190] io scheduler mq-deadline registered
[    6.028190] io scheduler kyber registered
[    6.056563] input: Power Button as /devices/LNXSYSTM:00/LNXPWRBN:00/input/input0
[    6.072098] ACPI: button: Power Button [PWRF]
[    6.106213] Serial: 8250/16550 driver, 4 ports, IRQ sharing enabled
[    6.122396] 00:04: ttyS0 at I/O 0x3f8 (irq = 4, base_baud = 115200) is a 16550A
[    6.150665] Non-volatile memory driver v1.3
[    6.156881] Linux agpgart interface v0.103
[    6.616644] ACPI: bus type drm_connector registered
[    6.788669] loop: module loaded
[    6.796226] zram: Added device: zram0
[    6.827614] scsi host0: ata_piix
[    6.837562] scsi host1: ata_piix
[    6.846796] ata1: PATA max MWDMA2 cmd 0x1f0 ctl 0x3f6 bmdma 0xc040 irq 14 lpm-pol 0
[    6.857267] ata2: PATA max MWDMA2 cmd 0x170 ctl 0x376 bmdma 0xc048 irq 15 lpm-pol 0
[    6.874744] tun: Universal TUN/TAP device driver, 1.6
[    6.881971] e100: Intel(R) PRO/100 Network Driver
[    6.889354] e100: Copyright(c) 1999-2006 Intel Corporation
[    6.898214] e1000: Intel(R) PRO/1000 Network Driver
[    6.904314] e1000: Copyright (c) 1999-2006 Intel Corporation.
[    6.956976] ACPI: \_SB_.LNKC: Enabled at IRQ 11
[    7.032911] ata2: found unknown device (class 0)
[    7.044901] ata2.00: ATAPI: QEMU DVD-ROM, 2.5+, max UDMA/100
[    7.064636] scsi 1:0:0:0: CD-ROM            QEMU     QEMU DVD-ROM     2.5+ PQ: 0 ANSI: 5
[    7.127248] sr 1:0:0:0: [sr0] scsi3-mmc drive: 4x/4x cd/rw xa/form2 tray
[    7.137110] cdrom: Uniform CD-ROM driver Revision: 3.20
[    7.168684] sr 1:0:0:0: Attached scsi generic sg0 type 5
[    8.250553] e1000 0000:00:03.0 eth0: (PCI:33MHz:32-bit) 52:54:00:12:34:56
[    8.266835] e1000 0000:00:03.0 eth0: Intel(R) PRO/1000 Network Connection
[    8.276717] e1000e: Intel(R) PRO/1000 Network Driver
[    8.283721] e1000e: Copyright(c) 1999 - 2015 Intel Corporation.
[    8.290224] sky2: driver version 1.30
[    8.301177] usbcore: registered new interface driver usblp
[    8.307747] usbcore: registered new interface driver usb-storage
[    8.318977] i8042: PNP: PS/2 Controller [PNP0303:KBD,PNP0f13:MOU] at 0x60,0x64 irq 1,12
[    8.340676] serio: i8042 KBD port at 0x60,0x64 irq 1
[    8.346433] serio: i8042 AUX port at 0x60,0x64 irq 12
[    8.357519] rtc_cmos 00:05: RTC can wake from S4
[    8.371863] rtc_cmos 00:05: registered as rtc0
[    8.377836] input: AT Translated Set 2 keyboard as /devices/platform/i8042/serio0/input/input1
[    8.384964] rtc_cmos 00:05: alarms up to one day, y3k, 242 bytes nvram, hpet irqs
[    8.409322] device-mapper: ioctl: 4.50.0-ioctl (2025-04-28) initialised: dm-devel@lists.linux.dev
[    8.428898] intel_pstate: CPU model not supported
[    8.438202] hid: raw HID events driver (C) Jiri Kosina
[    8.450915] usbcore: registered new interface driver usbhid
[    8.460886] usbhid: USB HID core driver
[    8.491554] xt_time: kernel timezone is -0000
[    8.497244] Initializing XFRM netlink socket
[    8.500896] NET: Registered PF_INET6 protocol family
[    8.515557] Segment Routing with IPv6
[    8.521102] In-situ OAM (IOAM) with IPv6
[    8.524839] sit: IPv6, IPv4 and MPLS over IPv4 tunneling driver
[    8.534836] NET: Registered PF_PACKET protocol family
[    8.541002] NET: Registered PF_KEY protocol family
[    8.548048] 9pnet: Installing 9P2000 support
[    8.553628] Key type dns_resolver registered
[    8.558866] NET: Registered PF_VSOCK protocol family
[    8.572428] IPI shorthand broadcast: enabled
[    8.629408] sched_clock: Marking stable (7802035906, 827257916)->(10065301814, -1436007992)
[    8.652805] registered taskstats version 1
[    8.660680] Loading compiled-in X.509 certificates
[    8.689993] Demotion targets for Node 0: null
[    8.696553] Key type .fscrypt registered
[    8.703016] Key type fscrypt-provisioning registered
[    8.712163] PM:   Magic number: 10:541:380
[    8.719935] netconsole: network logging started
[    8.726912] cfg80211: Loading compiled-in X.509 certificates for regulatory database
[    8.752697] kworker/u32:1 (97) used greatest stack depth: 13936 bytes left
[    8.761695] Loaded X.509 cert 'sforshee: 00b28ddf47aef9cea7'
[    8.767435] Loaded X.509 cert 'wens: 61c038651aabdcf94bd0ac7ff06c7248db18c600'
[    8.779096] ALSA device list:
[    8.780719] faux_driver regulatory: Direct firmware load for regulatory.db failed with error -2
[    8.781453]   No soundcards found.
[    8.792781] cfg80211: failed to load regulatory.db
[    8.796414] KTAP version 1
[    8.806320] 1..3
[    8.819952]     KTAP version 1
[    8.824909]     # Subtest: corten
[    8.828847]     # module: corten_test
[    8.828850]     1..25
[    8.839957]     ok 1 corten_test_layout
[    8.849276]     ok 2 corten_test_ptdesc_get_put
[    8.858756]     ok 3 corten_test_meta_roundtrip
[    8.875648]     ok 4 corten_test_meta_reinit_cleared
[    8.888667]     ok 5 corten_test_covering_level
[    8.904134]     ok 6 corten_test_covering_base_index
[    8.916547]     ok 7 corten_test_txn_covering
[    8.937754]     ok 8 corten_test_txn_hole
[    8.948046] input: ImExPS/2 Generic Explorer Mouse as /devices/platform/i8042/serio1/input/input3
[    8.966963]     ok 9 corten_test_txn_stale_eagain
[    8.978916]     ok 10 corten_test_lock_range_args
[    8.992359]     ok 11 corten_test_txn_state_machine
[    9.008286]     ok 12 corten_test_txn_atomic_validate
[    9.030386]     ok 13 corten_test_txn_real_glue
[    9.151796]     ok 14 corten_test_txn_mutex_overlap
[    9.184543]     ok 15 corten_test_txn_mutex_disjoint
[    9.196068]     ok 16 corten_test_fail_alloc
[    9.205786]     ok 17 corten_test_txn_hole_fill
[    9.218673]     ok 18 corten_test_txn_hole_race
[    9.475914]     ok 19 corten_test_txn_uninstall_interlock
[    9.484475]     ok 20 corten_test_uninstall_bh_ctx
[    9.493478] ------------[ cut here ]------------
[    9.501066] WARNING: CPU: 6 PID: 152 at mm/corten.c:864 corten_txn_begin+0x191/0x4b0
[    9.505445] Modules linked in:
[    9.506647] CPU: 6 UID: 0 PID: 152 Comm: kunit_try_catch Tainted: G                 N  6.18.32-g802ff7551bd0-dirty #3 PREEMPT(voluntary) 
[    9.517945] Tainted: [N]=TEST
[    9.518932] Hardware name: QEMU Standard PC (i440FX + PIIX, 1996), BIOS 1.15.0-1 04/01/2014
[    9.521583] RIP: 0010:corten_txn_begin+0x191/0x4b0
[    9.523353] Code: 02 00 00 4c 89 ff 48 89 04 24 e8 ca f8 f3 00 4c 89 ff e8 d2 fa f3 00 48 8b 04 24 41 0f b6 4f 25 38 48 25 0f 87 65 ff ff ff 90 <0f> 0b 90 41 80 7e 48 04 0f 86 61 ff ff ff 90 0f 0b 90 48 89 c7 e8
[    9.541671] RSP: 0000:ffffb5fec05d7da0 EFLAGS: 00010246
[    9.545843] RAX: ffff9e6bc0fe4f40 RBX: 0000000000000fff RCX: 0000000000000002
[    9.552976] RDX: 0000000000000003 RSI: 0000000000000010 RDI: ffff9e6bc3748000
[    9.559022] RBP: 0000000000000000 R08: ffff9e6bc2a3e600 R09: ffffb5fec05d7e00
[    9.563812] R10: ffffb5fec05d7d58 R11: 0000000000000100 R12: ffffffffb6c3e3f0
[    9.570421] R13: ffff9e6bc2a3e600 R14: ffffb5fec05d7e00 R15: ffff9e6bc0fe4f00
[    9.575338] FS:  0000000000000000(0000) GS:ffff9e6c43aef000(0000) knlGS:0000000000000000
[    9.582916] CS:  0010 DS: 0000 ES: 0000 CR0: 0000000080050033
[    9.590190] CR2: 0000000000000000 CR3: 000000008b830001 CR4: 0000000000770ef0
[    9.598679] PKRU: 55555554
[    9.600477] Call Trace:
[    9.603144]  <TASK>
[    9.606912]  ? __pfx_kunit_generic_run_threadfn_adapter+0x10/0x10
[    9.616510]  corten_test_txn_path_overflow+0xb5/0x2a0
[    9.621963]  ? psi_task_switch+0x107/0x290
[    9.627455]  kunit_try_run_case+0x6f/0x150
[    9.633124]  ? __pfx_kunit_generic_run_threadfn_adapter+0x10/0x10
[    9.642129]  kunit_generic_run_threadfn_adapter+0x1c/0x40
[    9.651261]  kthread+0xff/0x1f0
[    9.656553]  ? __pfx_kthread+0x10/0x10
[    9.661617]  ? __pfx_kthread+0x10/0x10
[    9.666623]  ret_from_fork+0x144/0x160
[    9.669557]  ? __pfx_kthread+0x10/0x10
[    9.671998]  ret_from_fork_asm+0x1a/0x30
[    9.675702]  </TASK>
[    9.678848] ---[ end trace 0000000000000000 ]---
[    9.685536] ------------[ cut here ]------------
[    9.689470] WARNING: CPU: 6 PID: 152 at mm/corten.c:811 corten_txn_begin+0x1a0/0x4b0
[    9.696819] Modules linked in:
[    9.700371] CPU: 6 UID: 0 PID: 152 Comm: kunit_try_catch Tainted: G        W        N  6.18.32-g802ff7551bd0-dirty #3 PREEMPT(voluntary) 
[    9.709979] Tainted: [W]=WARN, [N]=TEST
[    9.716728] Hardware name: QEMU Standard PC (i440FX + PIIX, 1996), BIOS 1.15.0-1 04/01/2014
[    9.729127] RIP: 0010:corten_txn_begin+0x1a0/0x4b0
[    9.736259] Code: 4c 89 ff e8 d2 fa f3 00 48 8b 04 24 41 0f b6 4f 25 38 48 25 0f 87 65 ff ff ff 90 0f 0b 90 41 80 7e 48 04 0f 86 61 ff ff ff 90 <0f> 0b 90 48 89 c7 e8 c5 f5 ff ff 41 0f b6 46 48 84 c0 74 28 83 e8
[    9.762364] RSP: 0000:ffffb5fec05d7da0 EFLAGS: 00010202
[    9.771143] RAX: ffff9e6bc0fe4bc0 RBX: 0000000000000fff RCX: 0000000000000002
[    9.785313] RDX: 0000000000000003 RSI: 0000000000000008 RDI: ffff9e6bc3748000
[    9.795854] RBP: 0000000000000000 R08: ffff9e6bc2a3e600 R09: ffffb5fec05d7e00
[    9.803983] R10: ffffb5fec05d7d58 R11: 0000000000000100 R12: ffffffffb6c3e3f0
[    9.810969] R13: ffff9e6bc2a3e600 R14: ffffb5fec05d7e00 R15: ffff9e6bc0fe4e40
[    9.827693] FS:  0000000000000000(0000) GS:ffff9e6c43aef000(0000) knlGS:0000000000000000
[    9.841903] CS:  0010 DS: 0000 ES: 0000 CR0: 0000000080050033
[    9.852098] CR2: 0000000000000000 CR3: 000000008b830001 CR4: 0000000000770ef0
[    9.862347] PKRU: 55555554
[    9.865093] Call Trace:
[    9.869592]  <TASK>
[    9.876109]  ? __pfx_kunit_generic_run_threadfn_adapter+0x10/0x10
[    9.892253]  corten_test_txn_path_overflow+0xb5/0x2a0
[    9.903920]  ? psi_task_switch+0x107/0x290
[    9.909038]  kunit_try_run_case+0x6f/0x150
[    9.926182]  ? __pfx_kunit_generic_run_threadfn_adapter+0x10/0x10
[    9.930093]  kunit_generic_run_threadfn_adapter+0x1c/0x40
[    9.937431]  kthread+0xff/0x1f0
[    9.942770]  ? __pfx_kthread+0x10/0x10
[    9.958887]  ? __pfx_kthread+0x10/0x10
[    9.964430]  ret_from_fork+0x144/0x160
[    9.974714]  ? __pfx_kthread+0x10/0x10
[    9.978429]  ret_from_fork_asm+0x1a/0x30
[    9.983677]  </TASK>
[    9.987449] ---[ end trace 0000000000000000 ]---
[    9.990505] kunit_try_catch (152) used greatest stack depth: 13520 bytes left
[    9.993073]     ok 21 corten_test_txn_path_overflow
[   10.006812]     ok 22 corten_test_txn_child_err
[   10.024017]     ok 23 corten_test_real_huge_leaf
[   10.041205]     ok 24 corten_test_full_window_atomic
[   10.050674]     ok 25 corten_test_debugfs_content
[   10.059170] # corten: pass:25 fail:0 skip:0 total:25
[   10.065671] # Totals: pass:25 fail:0 skip:0 total:25
[   10.073989] ok 1 corten
[   10.089367]     KTAP version 1
[   10.095114]     # Subtest: corten_arena
[   10.104599]     # module: corten_arena_test
[   10.104607]     1..38
[   10.136831]     ok 1 corten_arena_test_declare_reject
[   10.147094]     ok 2 corten_arena_test_declare_reject_flags
[   10.167679]     ok 3 corten_arena_test_declare_query
[   10.176858]     ok 4 corten_arena_test_range_overlaps # SKIP overlap gate requires corten=on
[   10.199686]     ok 5 corten_arena_test_release
[   10.219908]     ok 6 corten_arena_test_ref_born_atomic
[   10.232627]     ok 7 corten_arena_test_release_classify
[   10.247247]     ok 8 corten_arena_test_shadow_vma
[   10.258248]     ok 9 corten_arena_test_exit
[   10.270049]     ok 10 corten_arena_test_prctl
[   10.282483]     ok 11 corten_arena_test_mode
[   10.293724]     ok 12 corten_arena_test_auto_classify
[   10.304940]     ok 13 corten_arena_test_auto_place
[   10.321685]     ok 14 corten_arena_test_auto_route # SKIP auto-mmap route requires corten=on
[   10.329207]     ok 15 corten_arena_test_auto_attach_release # SKIP munmap routing requires corten=on
[   10.345322]     ok 16 corten_arena_test_mag_recycle # SKIP auto-mmap route requires corten=on
[   10.356943]     ok 17 corten_arena_test_mag_marker # SKIP auto-mmap route requires corten=on
[   10.368827]     ok 18 corten_arena_test_pool_reuse # SKIP pool routing requires corten=on
[   10.383076]     ok 19 corten_arena_test_pool_limit # SKIP pool routing requires corten=on
[   10.395257]     ok 20 corten_arena_test_pool_mode_exit # SKIP pool routing requires corten=on
[   10.412858]     ok 21 corten_arena_test_pool_fork # SKIP pool routing requires corten=on
[   10.452892]     ok 22 corten_arena_test_mprotect_route # SKIP mprotect route requires corten=on
[   10.476262]     ok 23 corten_arena_test_protect_flags_kernel_gate # SKIP mprotect route requires corten=on
[   10.486121]     ok 24 corten_arena_test_madvise_route # SKIP madvise route requires corten=on
[   10.501088]     ok 25 corten_arena_test_mremap_route # SKIP mremap route requires corten=on
[   10.512462]     ok 26 corten_arena_test_fork_faithful # SKIP metadata mirror requires corten=on
[   10.525573]     ok 27 corten_arena_test_fork_unwind
[   10.538196]     ok 28 corten_arena_test_fork_multipiece
[   10.544664]     ok 29 corten_arena_test_fork_perm # SKIP mprotect route requires corten=on
[   10.555951]     ok 30 corten_arena_test_inv7_shared_ro # SKIP metadata mirror requires corten=on
[   10.565226]     ok 31 corten_arena_test_fork_f2_gate # SKIP metadata mirror requires corten=on
[   10.579662]     ok 32 corten_arena_test_fork_drain_leak # SKIP metadata mirror requires corten=on
[   10.596770]     ok 33 corten_arena_test_unshare_pin # SKIP metadata mirror requires corten=on
[   10.612013]     ok 34 corten_arena_test_fork_reuse_exclusive # SKIP metadata mirror requires corten=on
[   10.629612]     ok 35 corten_arena_test_concurrent
[   10.647905]     ok 36 corten_arena_test_concurrent_window
[   10.658989]     ok 37 corten_arena_test_obs_ledger
[   10.668685]     ok 38 corten_arena_test_drain_timeout_stat
[   10.672093] # corten_arena: pass:18 fail:0 skip:20 total:38
[   10.681646] # Totals: pass:18 fail:0 skip:20 total:38
[   10.700238] ok 2 corten_arena
[   10.729109]     KTAP version 1
[   10.734352]     # Subtest: corten_fault
[   10.740835]     # module: corten_fault_test
[   10.740843]     1..26
[   10.759493]     ok 1 corten_fault_test_dispatch
[   10.767812]     ok 2 corten_fault_test_fig8_cow
[   10.785222]     ok 3 corten_fault_test_unmap_classify
[   10.807313]     ok 4 corten_fault_test_mmap_classify
[   10.831078]     ok 5 corten_fault_test_punch_classify
[   10.855739]     ok 6 corten_fault_test_map_anon # SKIP real fault chain requires corten=on
[   10.893974]     ok 7 corten_fault_test_zero_page # SKIP real fault chain requires corten=on
[   10.921102]     ok 8 corten_fault_test_sigsegv # SKIP real fault chain requires corten=on
[   10.952179]     ok 9 corten_fault_test_fresh_fault # SKIP real fault chain requires corten=on
[   10.979813]     ok 10 corten_fault_test_churn_repro # SKIP real fault chain requires corten=on
[   11.000688]     ok 11 corten_fault_test_untracked_drift # SKIP real fault chain requires corten=on
[   11.026208]     ok 12 corten_fault_test_restore # SKIP real fault chain requires corten=on
[   11.043302]     ok 13 corten_fault_test_cow_reuse # SKIP real fault chain requires corten=on
[   11.064046]     ok 14 corten_fault_test_cow_copy # SKIP real fault chain requires corten=on
[   11.077384]     ok 15 corten_fault_test_foll_force # SKIP real fault chain requires corten=on
[   11.088667]     ok 16 corten_fault_test_cow_race # SKIP real fault chain requires corten=on
[   11.104197]     ok 17 corten_fault_test_mprotect_pte # SKIP real fault chain requires corten=on
[   11.121624]     ok 18 corten_fault_test_mprotect_fresh # SKIP real fault chain requires corten=on
[   11.136894]     ok 19 corten_fault_test_zap_keep_perm # SKIP real fault chain requires corten=on
[   11.150543]     ok 20 corten_fault_test_zap_keep_perm_downgrade # SKIP real fault chain requires corten=on
[   11.172158]     ok 21 corten_fault_test_untracked_rearm # SKIP real fault chain requires corten=on
[   11.198577]     ok 22 corten_fault_test_fill_upper_race # SKIP real fault chain requires corten=on
[   11.218965]     ok 23 corten_fault_test_map_race # SKIP real fault chain requires corten=on
[   11.235033]     ok 24 corten_fault_test_chunk_unmap # SKIP real fault chain requires corten=on
[   11.280089]     ok 25 corten_fault_test_punch_hole # SKIP real fault chain requires corten=on
[   11.296957]     ok 26 corten_fault_test_punch_head # SKIP real fault chain requires corten=on
[   11.316667] # corten_fault: pass:5 fail:0 skip:21 total:26
[   11.337323] # Totals: pass:5 fail:0 skip:21 total:26
[   11.346925] ok 3 corten_fault
[   11.382858] check access for rdinit=/init failed: -2, ignoring
[   11.390763] md: Waiting for all devices to be available before autodetect
[   11.397730] md: If you don't use raid, use raid=noautodetect
[   11.401796] md: Autodetecting RAID arrays.
[   11.406905] md: autorun ...
[   11.410979] md: ... autorun DONE.
[   11.422777] /dev/root: Can't open blockdev
[   11.426902] VFS: Cannot open root device "" or unknown-block(0,0): error -6
[   11.433072] Please append a correct "root=" boot option; here are the available partitions:
[   11.444241] 0b00         1048575 sr0 
[   11.444948]  driver: sr
[   11.453995] List of all bdev filesystems:
[   11.459048]  ext3
[   11.459051]  ext2
[   11.459712]  ext4
[   11.463189]  vfat
[   11.466501]  msdos
[   11.466903]  iso9660
[   11.468612]  f2fs
[   11.470741]  erofs
[   11.473550] 
[   11.475772] Kernel panic - not syncing: VFS: Unable to mount root fs on unknown-block(0,0)
[   11.480436] CPU: 2 UID: 0 PID: 1 Comm: swapper/0 Tainted: G        W        N  6.18.32-g802ff7551bd0-dirty #3 PREEMPT(voluntary) 
[   11.483463] Tainted: [W]=WARN, [N]=TEST
[   11.484306] Hardware name: QEMU Standard PC (i440FX + PIIX, 1996), BIOS 1.15.0-1 04/01/2014
[   11.486481] Call Trace:
[   11.489208]  <TASK>
[   11.490788]  vpanic+0x34f/0x360
[   11.493694]  panic+0x56/0x60
[   11.495814]  mount_root_generic+0x1ff/0x320
[   11.503162]  prepare_namespace+0x63/0x270
[   11.505875]  kernel_init_freeable+0x29f/0x2f0
[   11.509184]  ? __pfx_kernel_init+0x10/0x10
[   11.516995]  kernel_init+0x15/0x1c0
[   11.520959]  ret_from_fork+0x144/0x160
[   11.531345]  ? __pfx_kernel_init+0x10/0x10
[   11.537999]  ret_from_fork_asm+0x1a/0x30
[   11.540706]  </TASK>
[   11.567634] Kernel Offset: 0x34600000 from 0xffffffff81000000 (relocation range: 0xffffffff80000000-0xffffffffbfffffff)
