qemu-system-x86_64: warning: host doesn't support requested feature: CPUID.80000001H:ECX.svm [bit 2]
qemu-system-x86_64: warning: host doesn't support requested feature: CPUID.80000001H:ECX.svm [bit 2]
qemu-system-x86_64: warning: host doesn't support requested feature: CPUID.80000001H:ECX.svm [bit 2]
qemu-system-x86_64: warning: host doesn't support requested feature: CPUID.80000001H:ECX.svm [bit 2]
c[?7l[2J[0mSeaBIOS (version 1.15.0-1)


iPXE (https://ipxe.org) 00:03.0 CA00 PCI2.10 PnP PMM+7FF8B310+7FECB310 CA00
Press Ctrl-B to configure iPXE (PCI 00:03.0)...                                                                               


Booting from ROM...
c[?7l[2J[    0.000000] Linux version 6.18.32-g1f8dfc78ae9f-dirty (ppw@vm) (gcc (Ubuntu 11.4.0-1ubuntu1~22.04.3) 11.4.0, GNU ld (GNU Binutils for Ubuntu) 2.38) #9 SMP PREEMPT_DYNAMIC Sun Sep 20 01:19:12 CST 2026
[    0.000000] Command line: console=ttyS0 panic=-1 corten=on kunit.filter_glob=corten*
[    0.000000] x86/CPU: Model not found in latest microcode list
[    0.000000] BIOS-provided physical RAM map:
[    0.000000] BIOS-e820: [mem 0x0000000000000000-0x000000000009fbff] usable
[    0.000000] BIOS-e820: [mem 0x000000000009fc00-0x000000000009ffff] reserved
[    0.000000] BIOS-e820: [mem 0x00000000000f0000-0x00000000000fffff] reserved
[    0.000000] BIOS-e820: [mem 0x0000000000100000-0x000000007ffdffff] usable
[    0.000000] BIOS-e820: [mem 0x000000007ffe0000-0x000000007fffffff] reserved
[    0.000000] BIOS-e820: [mem 0x00000000feffc000-0x00000000feffffff] reserved
[    0.000000] BIOS-e820: [mem 0x00000000fffc0000-0x00000000ffffffff] reserved
[    0.000000] NX (Execute Disable) protection: active
[    0.000000] APIC: Static calls initialized
[    0.000000] SMBIOS 2.8 present.
[    0.000000] DMI: QEMU Standard PC (i440FX + PIIX, 1996), BIOS 1.15.0-1 04/01/2014
[    0.000000] DMI: Memory slots populated: 1/1
[    0.000000] Hypervisor detected: KVM
[    0.000000] last_pfn = 0x7ffe0 max_arch_pfn = 0x400000000
[    0.000000] kvm-clock: Using msrs 4b564d01 and 4b564d00
[    0.000008] kvm-clock: using sched offset of 2067960140 cycles
[    0.000013] clocksource: kvm-clock: mask: 0xffffffffffffffff max_cycles: 0x1cd42e4dffb, max_idle_ns: 881590591483 ns
[    0.000129] tsc: Detected 2419.196 MHz processor
[    0.003362] last_pfn = 0x7ffe0 max_arch_pfn = 0x400000000
[    0.004221] MTRR map: 4 entries (3 fixed + 1 variable; max 19), built from 8 variable MTRRs
[    0.004346] x86/PAT: Configuration [0-7]: WB  WC  UC- UC  WB  WP  UC- WT  
[    0.019800] found SMP MP-table at [mem 0x000f5ba0-0x000f5baf]
[    0.020658] ACPI: Early table checksum verification disabled
[    0.020744] ACPI: RSDP 0x00000000000F59E0 000014 (v00 BOCHS )
[    0.020803] ACPI: RSDT 0x000000007FFE1A1C 000034 (v01 BOCHS  BXPC     00000001 BXPC 00000001)
[    0.020839] ACPI: FACP 0x000000007FFE18B8 000074 (v01 BOCHS  BXPC     00000001 BXPC 00000001)
[    0.020882] ACPI: DSDT 0x000000007FFE0040 001878 (v01 BOCHS  BXPC     00000001 BXPC 00000001)
[    0.020890] ACPI: FACS 0x000000007FFE0000 000040
[    0.020892] ACPI: APIC 0x000000007FFE192C 000090 (v01 BOCHS  BXPC     00000001 BXPC 00000001)
[    0.020894] ACPI: HPET 0x000000007FFE19BC 000038 (v01 BOCHS  BXPC     00000001 BXPC 00000001)
[    0.020895] ACPI: WAET 0x000000007FFE19F4 000028 (v01 BOCHS  BXPC     00000001 BXPC 00000001)
[    0.020897] ACPI: Reserving FACP table memory at [mem 0x7ffe18b8-0x7ffe192b]
[    0.020898] ACPI: Reserving DSDT table memory at [mem 0x7ffe0040-0x7ffe18b7]
[    0.020899] ACPI: Reserving FACS table memory at [mem 0x7ffe0000-0x7ffe003f]
[    0.020899] ACPI: Reserving APIC table memory at [mem 0x7ffe192c-0x7ffe19bb]
[    0.020900] ACPI: Reserving HPET table memory at [mem 0x7ffe19bc-0x7ffe19f3]
[    0.020900] ACPI: Reserving WAET table memory at [mem 0x7ffe19f4-0x7ffe1a1b]
[    0.024575] No NUMA configuration found
[    0.024579] Faking a node at [mem 0x0000000000000000-0x000000007ffdffff]
[    0.024588] NODE_DATA(0) allocated [mem 0x7ffdc140-0x7ffdffff]
[    0.025935] Zone ranges:
[    0.025937]   DMA      [mem 0x0000000000001000-0x0000000000ffffff]
[    0.025942]   DMA32    [mem 0x0000000001000000-0x000000007ffdffff]
[    0.025946]   Normal   empty
[    0.025948] Movable zone start for each node
[    0.025950] Early memory node ranges
[    0.025951]   node   0: [mem 0x0000000000001000-0x000000000009efff]
[    0.026219]   node   0: [mem 0x0000000000100000-0x000000007ffdffff]
[    0.026221] Initmem setup node 0 [mem 0x0000000000001000-0x000000007ffdffff]
[    0.026982] On node 0, zone DMA: 1 pages in unavailable ranges
[    0.027337] On node 0, zone DMA: 97 pages in unavailable ranges
[    0.212780] On node 0, zone DMA32: 32 pages in unavailable ranges
[    0.217001] ACPI: PM-Timer IO Port: 0x608
[    0.217109] ACPI: LAPIC_NMI (acpi_id[0xff] dfl dfl lint[0x1])
[    0.218362] IOAPIC[0]: apic_id 0, version 17, address 0xfec00000, GSI 0-23
[    0.218365] ACPI: INT_SRC_OVR (bus 0 bus_irq 0 global_irq 2 dfl dfl)
[    0.218367] ACPI: INT_SRC_OVR (bus 0 bus_irq 5 global_irq 5 high level)
[    0.218368] ACPI: INT_SRC_OVR (bus 0 bus_irq 9 global_irq 9 high level)
[    0.218376] ACPI: INT_SRC_OVR (bus 0 bus_irq 10 global_irq 10 high level)
[    0.218377] ACPI: INT_SRC_OVR (bus 0 bus_irq 11 global_irq 11 high level)
[    0.218380] ACPI: Using ACPI (MADT) for SMP configuration information
[    0.218381] ACPI: HPET id: 0x8086a201 base: 0xfed00000
[    0.218388] CPU topo: Max. logical packages:   1
[    0.218388] CPU topo: Max. logical dies:       1
[    0.218389] CPU topo: Max. dies per package:   1
[    0.218391] CPU topo: Max. threads per core:   1
[    0.218399] CPU topo: Num. cores per package:     4
[    0.218399] CPU topo: Num. threads per package:   4
[    0.218399] CPU topo: Allowing 4 present CPUs plus 0 hotplug CPUs
[    0.218436] kvm-guest: APIC: eoi() replaced with kvm_guest_apic_eoi_write()
[    0.219318] PM: hibernation: Registered nosave memory: [mem 0x00000000-0x00000fff]
[    0.219327] PM: hibernation: Registered nosave memory: [mem 0x0009f000-0x000fffff]
[    0.219332] [mem 0x80000000-0xfeffbfff] available for PCI devices
[    0.219336] Booting paravirtualized kernel on KVM
[    0.219383] clocksource: refined-jiffies: mask: 0xffffffff max_cycles: 0xffffffff, max_idle_ns: 1910969940391419 ns
[    0.239612] setup_percpu: NR_CPUS:64 nr_cpumask_bits:4 nr_cpu_ids:4 nr_node_ids:1
[    0.249270] percpu: Embedded 54 pages/cpu s182680 r8192 d30312 u524288
[    0.249770] Kernel command line: console=ttyS0 panic=-1 corten=on kunit.filter_glob=corten*
[    0.250424] corten: requested on, activating at initcall time
[    0.250480] printk: log buffer data + meta data: 262144 + 917504 = 1179648 bytes
[    0.259584] Dentry cache hash table entries: 262144 (order: 9, 2097152 bytes, linear)
[    0.276981] Inode-cache hash table entries: 131072 (order: 8, 1048576 bytes, linear)
[    0.278602] Fallback order for Node 0: 0 
[    0.278630] Built 1 zonelists, mobility grouping on.  Total pages: 524158
[    0.278634] Policy zone: DMA32
[    0.278638] mem auto-init: stack:off, heap alloc:off, heap free:off
[    0.290519] SLUB: HWalign=64, Order=0-3, MinObjects=0, CPUs=4, Nodes=1
[    0.291295] Kernel/User page tables isolation: enabled
[    0.307629] Dynamic Preempt: voluntary
[    0.309347] rcu: Preemptible hierarchical RCU implementation.
[    0.309351] rcu: 	RCU event tracing is enabled.
[    0.309353] rcu: 	RCU restricting CPUs from NR_CPUS=64 to nr_cpu_ids=4.
[    0.309359] 	Trampoline variant of Tasks RCU enabled.
[    0.309360] 	Tracing variant of Tasks RCU enabled.
[    0.309361] rcu: RCU calculated value of scheduler-enlistment delay is 100 jiffies.
[    0.309364] rcu: Adjusting geometry for rcu_fanout_leaf=16, nr_cpu_ids=4
[    0.309466] RCU Tasks: Setting shift to 2 and lim to 1 rcu_task_cb_adjust=1 rcu_task_cpu_ids=4.
[    0.309472] RCU Tasks Trace: Setting shift to 2 and lim to 1 rcu_task_cb_adjust=1 rcu_task_cpu_ids=4.
[    0.322409] NR_IRQS: 4352, nr_irqs: 456, preallocated irqs: 16
[    0.324124] rcu: srcu_init: Setting srcu_struct sizes based on contention.
[    0.399544] Console: colour VGA+ 80x25
[    0.400196] printk: legacy console [ttyS0] enabled
[    1.004537] ACPI: Core revision 20250807
[    1.009310] clocksource: hpet: mask: 0xffffffff max_cycles: 0xffffffff, max_idle_ns: 19112604467 ns
[    1.021429] APIC: Switch to symmetric I/O mode setup
[    1.034979] x2apic enabled
[    1.046608] APIC: Switched APIC routing to: physical x2apic
[    1.073919] ..TIMER: vector=0x30 apic1=0 pin1=2 apic2=-1 pin2=-1
[    1.081363] clocksource: tsc-early: mask: 0xffffffffffffffff max_cycles: 0x22df0d21928, max_idle_ns: 440795225288 ns
[    1.090661] Calibrating delay loop (skipped) preset value.. 4838.39 BogoMIPS (lpj=2419196)
[    1.095016] Last level iTLB entries: 4KB 0, 2MB 0, 4MB 0
[    1.095657] Last level dTLB entries: 4KB 0, 2MB 0, 4MB 0, 1GB 0
[    1.096763] mitigations: Enabled attack vectors: user_kernel, user_user, SMT mitigations: auto
[    1.097682] Speculative Store Bypass: Vulnerable
[    1.098659] Spectre V2 : Mitigation: Retpolines
[    1.099667] ITS: Mitigation: Aligned branch/return thunks
[    1.100652] MDS: Vulnerable: Clear CPU buffers attempted, no microcode
[    1.101652] Spectre V1 : Mitigation: usercopy/swapgs barriers and __user pointer sanitization
[    1.102653] Spectre V2 : Spectre v2 / SpectreRSB: Filling RSB on context switch and VMEXIT
[    1.103669] active return thunk: its_return_thunk
[    1.104839] x86/fpu: x87 FPU will use FXSAVE
[    1.208648] Freeing SMP alternatives memory: 64K
[    1.209682] pid_max: default: 32768 minimum: 301
[    1.210797] LSM: initializing lsm=capability,selinux
[    1.212720] SELinux:  Initializing.
[    1.215072] Mount-cache hash table entries: 4096 (order: 3, 32768 bytes, linear)
[    1.215782] Mountpoint-cache hash table entries: 4096 (order: 3, 32768 bytes, linear)
[    1.289648] smpboot: CPU0: Intel QEMU Virtual CPU version 2.5+ (family: 0xf, model: 0x6b, stepping: 0x1)
[    1.292479] Performance Events: unsupported Netburst CPU model 107 no PMU driver, software events only.
[    1.295069] signal: max sigframe size: 1440
[    1.295972] rcu: Hierarchical SRCU implementation.
[    1.296657] rcu: 	Max phase no-delay instances is 400.
[    1.299718] Timer migration: 1 hierarchy levels; 8 children per group; 1 crossnode level
[    1.312648] corten: page descriptors enabled
[    1.314077] smp: Bringing up secondary CPUs ...
[    1.316252] smpboot: x86: Booting SMP configuration:
[    1.316666] .... node  #0, CPUs:      #1 #2 #3
[    1.339772] smp: Brought up 1 node, 4 CPUs
[    1.341655] smpboot: Total of 4 processors activated (19353.56 BogoMIPS)
[    1.346764] Memory: 2006936K/2096632K available (21350K kernel code, 3197K rwdata, 8904K rodata, 3252K init, 1220K bss, 84532K reserved, 0K cma-reserved)
[    1.350679] devtmpfs: initialized
[    1.360744] clocksource: jiffies: mask: 0xffffffff max_cycles: 0xffffffff, max_idle_ns: 1911260446275000 ns
[    1.361682] posixtimers hash table entries: 2048 (order: 3, 32768 bytes, linear)
[    1.363989] futex hash table entries: 1024 (65536 bytes on 1 NUMA nodes, total 64 KiB, linear).
[    1.367319] PM: RTC time: 17:21:41, date: 2026-09-19
[    1.386480] NET: Registered PF_NETLINK/PF_ROUTE protocol family
[    1.387827] audit: initializing netlink subsys (disabled)
[    1.390662] audit: type=2000 audit(1789838501.561:1): state=initialized audit_enabled=0 res=1
[    1.390830] thermal_sys: Registered thermal governor 'step_wise'
[    1.392673] cpuidle: using governor menu
[    1.397648] PCI: Using configuration type 1 for base access
[    1.399772] kprobes: kprobe jump-optimization is enabled. All kprobes are optimized if possible.
[    1.406967] HugeTLB: registered 2.00 MiB page size, pre-allocated 0 pages
[    1.411662] HugeTLB: 28 KiB vmemmap can be freed for a 2.00 MiB page
[    1.418838] ACPI: Added _OSI(Module Device)
[    1.420657] ACPI: Added _OSI(Processor Device)
[    1.421658] ACPI: Added _OSI(Processor Aggregator Device)
[    1.427648] ACPI: 1 ACPI AML tables successfully acquired and loaded
[    1.453705] ACPI: Interpreter enabled
[    1.454779] ACPI: PM: (supports S0 S3 S4 S5)
[    1.455661] ACPI: Using IOAPIC for interrupt routing
[    1.457654] PCI: Using host bridge windows from ACPI; if necessary, use "pci=nocrs" and report a bug
[    1.458652] PCI: Using E820 reservations for host bridge windows
[    1.459968] ACPI: Enabled 2 GPEs in block 00 to 0F
[    1.471094] ACPI: PCI Root Bridge [PCI0] (domain 0000 [bus 00-ff])
[    1.471668] acpi PNP0A03:00: _OSC: OS supports [ASPM ClockPM Segments MSI HPX-Type3]
[    1.472660] acpi PNP0A03:00: _OSC: not requesting OS control; OS requires [ExtendedConfig ASPM ClockPM MSI]
[    1.473699] acpi PNP0A03:00: fail to add MMCONFIG information, can't access extended configuration space under this bridge
[    1.476373] PCI host bridge to bus 0000:00
[    1.476670] pci_bus 0000:00: root bus resource [io  0x0000-0x0cf7 window]
[    1.477659] pci_bus 0000:00: root bus resource [io  0x0d00-0xffff window]
[    1.478664] pci_bus 0000:00: root bus resource [mem 0x000a0000-0x000bffff window]
[    1.479660] pci_bus 0000:00: root bus resource [mem 0x80000000-0xfebfffff window]
[    1.480660] pci_bus 0000:00: root bus resource [mem 0x100000000-0x17fffffff window]
[    1.481662] pci_bus 0000:00: root bus resource [bus 00-ff]
[    1.482958] pci 0000:00:00.0: [8086:1237] type 00 class 0x060000 conventional PCI endpoint
[    1.488648] pci 0000:00:01.0: [8086:7000] type 00 class 0x060100 conventional PCI endpoint
[    1.491198] pci 0000:00:01.1: [8086:7010] type 00 class 0x010180 conventional PCI endpoint
[    1.495900] pci 0000:00:01.1: BAR 4 [io  0xc040-0xc04f]
[    1.496799] pci 0000:00:01.1: BAR 0 [io  0x01f0-0x01f7]: legacy IDE quirk
[    1.497660] pci 0000:00:01.1: BAR 1 [io  0x03f6]: legacy IDE quirk
[    1.498666] pci 0000:00:01.1: BAR 2 [io  0x0170-0x0177]: legacy IDE quirk
[    1.499662] pci 0000:00:01.1: BAR 3 [io  0x0376]: legacy IDE quirk
[    1.503661] pci 0000:00:01.3: [8086:7113] type 00 class 0x068000 conventional PCI endpoint
[    1.505648] pci 0000:00:01.3: quirk: [io  0x0600-0x063f] claimed by PIIX4 ACPI
[    1.505680] pci 0000:00:01.3: quirk: [io  0x0700-0x070f] claimed by PIIX4 SMB
[    1.508724] pci 0000:00:02.0: [1234:1111] type 00 class 0x030000 conventional PCI endpoint
[    1.517972] pci 0000:00:02.0: BAR 0 [mem 0xfd000000-0xfdffffff pref]
[    1.519794] pci 0000:00:02.0: BAR 2 [mem 0xfebb0000-0xfebb0fff]
[    1.521839] pci 0000:00:02.0: ROM [mem 0xfeba0000-0xfebaffff pref]
[    1.528880] pci 0000:00:02.0: Video device with shadowed ROM at [mem 0x000c0000-0x000dffff]
[    1.549565] pci 0000:00:03.0: [8086:100e] type 00 class 0x020000 conventional PCI endpoint
[    1.556657] pci 0000:00:03.0: BAR 0 [mem 0xfeb80000-0xfeb9ffff]
[    1.557736] pci 0000:00:03.0: BAR 1 [io  0xc000-0xc03f]
[    1.559752] pci 0000:00:03.0: ROM [mem 0xfeb00000-0xfeb7ffff pref]
[    1.578994] ACPI: PCI: Interrupt link LNKA configured for IRQ 10
[    1.580179] ACPI: PCI: Interrupt link LNKB configured for IRQ 10
[    1.581966] ACPI: PCI: Interrupt link LNKC configured for IRQ 11
[    1.583166] ACPI: PCI: Interrupt link LNKD configured for IRQ 11
[    1.584706] ACPI: PCI: Interrupt link LNKS configured for IRQ 9
[    1.597655] iommu: Default domain type: Translated
[    1.598655] iommu: DMA domain TLB invalidation policy: lazy mode
[    1.611418] SCSI subsystem initialized
[    1.622706] ACPI: bus type USB registered
[    1.625174] usbcore: registered new interface driver usbfs
[    1.626050] usbcore: registered new interface driver hub
[    1.626686] usbcore: registered new device driver usb
[    1.629689] pps_core: LinuxPPS API ver. 1 registered
[    1.630656] pps_core: Software ver. 5.3.6 - Copyright 2005-2007 Rodolfo Giometti <giometti@linux.it>
[    1.631654] PTP clock support registered
[    1.633890] Advanced Linux Sound Architecture Driver Initialized.
[    1.641179] NetLabel: Initializing
[    1.641660] NetLabel:  domain hash size = 128
[    1.643657] NetLabel:  protocols = UNLABELED CIPSOv4 CALIPSO
[    1.646389] NetLabel:  unlabeled traffic allowed by default
[    1.652149] PCI: Using ACPI for IRQ routing
[    1.657907] pci 0000:00:02.0: vgaarb: setting as boot VGA device
[    1.658648] pci 0000:00:02.0: vgaarb: bridge control possible
[    1.658648] pci 0000:00:02.0: vgaarb: VGA device added: decodes=io+mem,owns=io+mem,locks=none
[    1.658659] vgaarb: loaded
[    1.664408] hpet: 3 channels of 0 reserved for per-cpu timers
[    1.666653] hpet0: at MMIO 0xfed00000, IRQs 2, 8, 0
[    1.667656] hpet0: 3 comparators, 64-bit 100.000000 MHz counter
[    1.677521] clocksource: Switched to clocksource kvm-clock
[    1.687730] VFS: Disk quotas dquot_6.6.0
[    1.692615] VFS: Dquot-cache hash table entries: 512 (order 0, 4096 bytes)
[    1.705345] pnp: PnP ACPI init
[    1.712575] pnp: PnP ACPI: found 6 devices
[    1.822339] clocksource: acpi_pm: mask: 0xffffff max_cycles: 0xffffff, max_idle_ns: 2085701024 ns
[    1.832903] NET: Registered PF_INET protocol family
[    1.843149] IP idents hash table entries: 32768 (order: 6, 262144 bytes, linear)
[    1.862802] tcp_listen_portaddr_hash hash table entries: 1024 (order: 2, 16384 bytes, linear)
[    1.871262] Table-perturb hash table entries: 65536 (order: 6, 262144 bytes, linear)
[    1.881336] TCP established hash table entries: 16384 (order: 5, 131072 bytes, linear)
[    1.890615] TCP bind hash table entries: 16384 (order: 7, 524288 bytes, linear)
[    1.901136] TCP: Hash tables configured (established 16384 bind 16384)
[    1.908095] UDP hash table entries: 1024 (order: 4, 65536 bytes, linear)
[    1.915983] UDP-Lite hash table entries: 1024 (order: 4, 65536 bytes, linear)
[    1.924455] NET: Registered PF_UNIX/PF_LOCAL protocol family
[    1.936176] RPC: Registered named UNIX socket transport module.
[    1.942854] RPC: Registered udp transport module.
[    1.948180] RPC: Registered tcp transport module.
[    1.952684] RPC: Registered tcp-with-tls transport module.
[    1.957712] RPC: Registered tcp NFSv4.1 backchannel transport module.
[    1.967820] pci_bus 0000:00: resource 4 [io  0x0000-0x0cf7 window]
[    1.974394] pci_bus 0000:00: resource 5 [io  0x0d00-0xffff window]
[    1.980027] pci_bus 0000:00: resource 6 [mem 0x000a0000-0x000bffff window]
[    1.986630] pci_bus 0000:00: resource 7 [mem 0x80000000-0xfebfffff window]
[    1.994857] pci_bus 0000:00: resource 8 [mem 0x100000000-0x17fffffff window]
[    2.001242] pci 0000:00:01.0: PIIX3: Enabling Passive Release
[    2.018940] pci 0000:00:00.0: quirk_passive_release+0x0/0xa0 took 17373 usecs
[    2.026178] pci 0000:00:00.0: Limiting direct PCI/PCI transfers
[    2.033602] PCI: CLS 0 bytes, default 64
[    2.038488] clocksource: tsc: mask: 0xffffffffffffffff max_cycles: 0x22df0d21928, max_idle_ns: 440795225288 ns
[    2.069394] Initialise system trusted keyrings
[    2.076688] workingset: timestamp_bits=40 max_order=19 bucket_order=0
[    2.089313] NFS: Registering the id_resolver key type
[    2.095380] Key type id_resolver registered
[    2.099802] Key type id_legacy registered
[    2.106544] 9p: Installing v9fs 9p2000 file system support
[    2.169961] Key type asymmetric registered
[    2.174365] Asymmetric key parser 'x509' registered
[    2.179683] Block layer SCSI generic (bsg) driver version 0.4 loaded (major 251)
[    2.188610] io scheduler mq-deadline registered
[    2.193663] io scheduler kyber registered
[    2.204511] input: Power Button as /devices/LNXSYSTM:00/LNXPWRBN:00/input/input0
[    2.220735] ACPI: button: Power Button [PWRF]
[    2.243093] Serial: 8250/16550 driver, 4 ports, IRQ sharing enabled
[    2.256888] 00:04: ttyS0 at I/O 0x3f8 (irq = 4, base_baud = 115200) is a 16550A
[    2.275079] Non-volatile memory driver v1.3
[    2.279958] Linux agpgart interface v0.103
[    2.333728] ACPI: bus type drm_connector registered
[    2.368333] loop: module loaded
[    2.371954] zram: Added device: zram0
[    2.384129] scsi host0: ata_piix
[    2.391227] scsi host1: ata_piix
[    2.395698] ata1: PATA max MWDMA2 cmd 0x1f0 ctl 0x3f6 bmdma 0xc040 irq 14 lpm-pol 0
[    2.403455] ata2: PATA max MWDMA2 cmd 0x170 ctl 0x376 bmdma 0xc048 irq 15 lpm-pol 0
[    2.412237] tun: Universal TUN/TAP device driver, 1.6
[    2.420713] e100: Intel(R) PRO/100 Network Driver
[    2.422770] e100: Copyright(c) 1999-2006 Intel Corporation
[    2.427245] e1000: Intel(R) PRO/1000 Network Driver
[    2.430726] e1000: Copyright (c) 1999-2006 Intel Corporation.
[    2.448578] ACPI: \_SB_.LNKC: Enabled at IRQ 11
[    2.573070] ata2: found unknown device (class 0)
[    2.583480] ata2.00: ATAPI: QEMU DVD-ROM, 2.5+, max UDMA/100
[    2.596002] scsi 1:0:0:0: CD-ROM            QEMU     QEMU DVD-ROM     2.5+ PQ: 0 ANSI: 5
[    2.654630] sr 1:0:0:0: [sr0] scsi3-mmc drive: 4x/4x cd/rw xa/form2 tray
[    2.660444] cdrom: Uniform CD-ROM driver Revision: 3.20
[    2.675480] sr 1:0:0:0: Attached scsi generic sg0 type 5
[    3.476185] e1000 0000:00:03.0 eth0: (PCI:33MHz:32-bit) 52:54:00:12:34:56
[    3.483320] e1000 0000:00:03.0 eth0: Intel(R) PRO/1000 Network Connection
[    3.489829] e1000e: Intel(R) PRO/1000 Network Driver
[    3.494003] e1000e: Copyright(c) 1999 - 2015 Intel Corporation.
[    3.500941] sky2: driver version 1.30
[    3.505816] usbcore: registered new interface driver usblp
[    3.508998] usbcore: registered new interface driver usb-storage
[    3.515743] i8042: PNP: PS/2 Controller [PNP0303:KBD,PNP0f13:MOU] at 0x60,0x64 irq 1,12
[    3.528123] serio: i8042 KBD port at 0x60,0x64 irq 1
[    3.533691] serio: i8042 AUX port at 0x60,0x64 irq 12
[    3.549914] rtc_cmos 00:05: RTC can wake from S4
[    3.550812] input: AT Translated Set 2 keyboard as /devices/platform/i8042/serio0/input/input1
[    3.564566] rtc_cmos 00:05: registered as rtc0
[    3.574043] rtc_cmos 00:05: alarms up to one day, y3k, 242 bytes nvram, hpet irqs
[    3.583148] device-mapper: ioctl: 4.50.0-ioctl (2025-04-28) initialised: dm-devel@lists.linux.dev
[    3.594347] intel_pstate: CPU model not supported
[    3.601835] hid: raw HID events driver (C) Jiri Kosina
[    3.611105] usbcore: registered new interface driver usbhid
[    3.615263] usbhid: USB HID core driver
[    3.628928] xt_time: kernel timezone is -0000
[    3.637753] Initializing XFRM netlink socket
[    3.642477] NET: Registered PF_INET6 protocol family
[    3.657473] Segment Routing with IPv6
[    3.660388] In-situ OAM (IOAM) with IPv6
[    3.664670] sit: IPv6, IPv4 and MPLS over IPv4 tunneling driver
[    3.670669] NET: Registered PF_PACKET protocol family
[    3.675425] NET: Registered PF_KEY protocol family
[    3.680298] 9pnet: Installing 9P2000 support
[    3.684377] Key type dns_resolver registered
[    3.687872] NET: Registered PF_VSOCK protocol family
[    3.698360] IPI shorthand broadcast: enabled
[    3.721866] sched_clock: Marking stable (2972100849, 749486390)->(4519578861, -797991622)
[    3.735935] registered taskstats version 1
[    3.743862] Loading compiled-in X.509 certificates
[    3.763825] Demotion targets for Node 0: null
[    3.768959] Key type .fscrypt registered
[    3.772224] Key type fscrypt-provisioning registered
[    3.781081] PM:   Magic number: 10:74:391
[    3.789124] netconsole: network logging started
[    3.794932] cfg80211: Loading compiled-in X.509 certificates for regulatory database
[    3.809343] kworker/u16:1 (72) used greatest stack depth: 14272 bytes left
[    3.816098] Loaded X.509 cert 'sforshee: 00b28ddf47aef9cea7'
[    3.831540] Loaded X.509 cert 'wens: 61c038651aabdcf94bd0ac7ff06c7248db18c600'
[    3.848342] faux_driver regulatory: Direct firmware load for regulatory.db failed with error -2
[    3.849138] ALSA device list:
[    3.865174] cfg80211: failed to load regulatory.db
[    3.869478]   No soundcards found.
[    3.876677] KTAP version 1
[    3.880361] 1..3
[    3.883040]     KTAP version 1
[    3.885967]     # Subtest: corten
[    3.888341]     # module: corten_test
[    3.888344]     1..25
[    3.896482]     ok 1 corten_test_layout # SKIP corten=on boot
[    3.898933]     ok 2 corten_test_ptdesc_get_put
[    3.906046]     ok 3 corten_test_meta_roundtrip
[    3.915261]     ok 4 corten_test_meta_reinit_cleared
[    3.921352]     ok 5 corten_test_covering_level
[    3.926488]     ok 6 corten_test_covering_base_index
[    3.934378]     ok 7 corten_test_txn_covering
[    3.942458]     ok 8 corten_test_txn_hole
[    3.946126]     ok 9 corten_test_txn_stale_eagain
[    3.955324]     ok 10 corten_test_lock_range_args
[    3.964454]     ok 11 corten_test_txn_state_machine
[    3.973326]     ok 12 corten_test_txn_atomic_validate
[    3.982300]     ok 13 corten_test_txn_real_glue
[    4.041551]     ok 14 corten_test_txn_mutex_overlap
[    4.078265]     ok 15 corten_test_txn_mutex_disjoint
[    4.087341]     ok 16 corten_test_fail_alloc
[    4.094665] input: ImExPS/2 Generic Explorer Mouse as /devices/platform/i8042/serio1/input/input3
[    4.097030]     ok 17 corten_test_txn_hole_fill
[    4.111775]     ok 18 corten_test_txn_hole_race
[    4.354805]     ok 19 corten_test_txn_uninstall_interlock
[    4.363511]     ok 20 corten_test_uninstall_bh_ctx
[    4.371205] ------------[ cut here ]------------
[    4.383342] WARNING: CPU: 2 PID: 124 at mm/corten.c:864 corten_txn_begin+0x191/0x4b0
[    4.391556] Modules linked in:
[    4.396114] CPU: 2 UID: 0 PID: 124 Comm: kunit_try_catch Tainted: G                 N  6.18.32-g1f8dfc78ae9f-dirty #9 PREEMPT(voluntary) 
[    4.412971] Tainted: [N]=TEST
[    4.415099] Hardware name: QEMU Standard PC (i440FX + PIIX, 1996), BIOS 1.15.0-1 04/01/2014
[    4.420928] RIP: 0010:corten_txn_begin+0x191/0x4b0
[    4.426253] Code: 02 00 00 4c 89 ff 48 89 04 24 e8 ca 18 f4 00 4c 89 ff e8 d2 1a f4 00 48 8b 04 24 41 0f b6 4f 25 38 48 25 0f 87 65 ff ff ff 90 <0f> 0b 90 41 80 7e 48 04 0f 86 61 ff ff ff 90 0f 0b 90 48 89 c7 e8
[    4.448304] RSP: 0000:ffffa45bc04c7da0 EFLAGS: 00010246
[    4.453513] RAX: ffff993d81154780 RBX: 0000000000000fff RCX: 0000000000000002
[    4.460196] RDX: 0000000000000003 RSI: 0000000000000013 RDI: ffff993d821a6180
[    4.466849] RBP: 0000000000000000 R08: ffff993d81c2ec00 R09: ffffa45bc04c7e00
[    4.474802] R10: ffffa45bc04c7d58 R11: 0000000000000000 R12: ffffffffa323e3f0
[    4.480551] R13: ffff993d81c2ec00 R14: ffffa45bc04c7e00 R15: ffff993d81b6ff80
[    4.490300] FS:  0000000000000000(0000) GS:ffff993e5946f000(0000) knlGS:0000000000000000
[    4.498206] CS:  0010 DS: 0000 ES: 0000 CR0: 0000000080050033
[    4.504051] CR2: 0000000000000000 CR3: 0000000009e30000 CR4: 00000000000006f0
[    4.511990] Call Trace:
[    4.514346]  <TASK>
[    4.518990]  ? __pfx_kunit_generic_run_threadfn_adapter+0x10/0x10
[    4.526181]  corten_test_txn_path_overflow+0xb5/0x2a0
[    4.530603]  ? psi_task_switch+0x107/0x290
[    4.534201]  kunit_try_run_case+0x6f/0x150
[    4.538030]  ? __pfx_kunit_generic_run_threadfn_adapter+0x10/0x10
[    4.543491]  kunit_generic_run_threadfn_adapter+0x1c/0x40
[    4.551603]  kthread+0xff/0x1f0
[    4.556736]  ? __pfx_kthread+0x10/0x10
[    4.560523]  ? __pfx_kthread+0x10/0x10
[    4.563083]  ret_from_fork+0x144/0x160
[    4.565180]  ? __pfx_kthread+0x10/0x10
[    4.567965]  ret_from_fork_asm+0x1a/0x30
[    4.572227]  </TASK>
[    4.574572] ---[ end trace 0000000000000000 ]---
[    4.576554] ------------[ cut here ]------------
[    4.581203] WARNING: CPU: 2 PID: 124 at mm/corten.c:811 corten_txn_begin+0x1a0/0x4b0
[    4.588951] Modules linked in:
[    4.591848] CPU: 2 UID: 0 PID: 124 Comm: kunit_try_catch Tainted: G        W        N  6.18.32-g1f8dfc78ae9f-dirty #9 PREEMPT(voluntary) 
[    4.601096] Tainted: [W]=WARN, [N]=TEST
[    4.604446] Hardware name: QEMU Standard PC (i440FX + PIIX, 1996), BIOS 1.15.0-1 04/01/2014
[    4.614405] RIP: 0010:corten_txn_begin+0x1a0/0x4b0
[    4.619996] Code: 4c 89 ff e8 d2 1a f4 00 48 8b 04 24 41 0f b6 4f 25 38 48 25 0f 87 65 ff ff ff 90 0f 0b 90 41 80 7e 48 04 0f 86 61 ff ff ff 90 <0f> 0b 90 48 89 c7 e8 c5 f5 ff ff 41 0f b6 46 48 84 c0 74 28 83 e8
[    4.635554] RSP: 0000:ffffa45bc04c7da0 EFLAGS: 00010202
[    4.639264] RAX: ffff993d82ad10c0 RBX: 0000000000000fff RCX: 0000000000000002
[    4.646725] RDX: 0000000000000003 RSI: 0000000000000017 RDI: ffff993d821a6180
[    4.653645] RBP: 0000000000000000 R08: ffff993d81c2ec00 R09: ffffa45bc04c7e00
[    4.658749] R10: ffffa45bc04c7d58 R11: 0000000000000000 R12: ffffffffa323e3f0
[    4.664860] R13: ffff993d81c2ec00 R14: ffffa45bc04c7e00 R15: ffff993d82ad1080
[    4.671295] FS:  0000000000000000(0000) GS:ffff993e5946f000(0000) knlGS:0000000000000000
[    4.676981] CS:  0010 DS: 0000 ES: 0000 CR0: 0000000080050033
[    4.681044] CR2: 0000000000000000 CR3: 0000000009e30000 CR4: 00000000000006f0
[    4.687486] Call Trace:
[    4.689985]  <TASK>
[    4.691601]  ? __pfx_kunit_generic_run_threadfn_adapter+0x10/0x10
[    4.695102]  corten_test_txn_path_overflow+0xb5/0x2a0
[    4.698832]  ? psi_task_switch+0x107/0x290
[    4.702466]  kunit_try_run_case+0x6f/0x150
[    4.705502]  ? __pfx_kunit_generic_run_threadfn_adapter+0x10/0x10
[    4.710150]  kunit_generic_run_threadfn_adapter+0x1c/0x40
[    4.714287]  kthread+0xff/0x1f0
[    4.717400]  ? __pfx_kthread+0x10/0x10
[    4.719689]  ? __pfx_kthread+0x10/0x10
[    4.723124]  ret_from_fork+0x144/0x160
[    4.726746]  ? __pfx_kthread+0x10/0x10
[    4.730059]  ret_from_fork_asm+0x1a/0x30
[    4.733141]  </TASK>
[    4.734344] ---[ end trace 0000000000000000 ]---
[    4.738508] kunit_try_catch (124) used greatest stack depth: 13520 bytes left
[    4.740701]     ok 21 corten_test_txn_path_overflow
[    4.746070]     ok 22 corten_test_txn_child_err
[    4.755849]     ok 23 corten_test_real_huge_leaf
[    4.764735]     ok 24 corten_test_full_window_atomic
[    4.770302]     ok 25 corten_test_debugfs_content
[    4.777731] # corten: pass:24 fail:0 skip:1 total:25
[    4.783890] # Totals: pass:24 fail:0 skip:1 total:25
[    4.790845] ok 1 corten
[    4.803832]     KTAP version 1
[    4.807545]     # Subtest: corten_arena
[    4.811074]     # module: corten_arena_test
[    4.811080]     1..43
[    4.822439]     ok 1 corten_arena_test_declare_reject
[    4.828595]     ok 2 corten_arena_test_declare_reject_flags
[    4.831365]     ok 3 corten_arena_test_declare_query
[    4.840645]     ok 4 corten_arena_test_range_overlaps
[    4.853740]     ok 5 corten_arena_test_release
[    4.862505]     ok 6 corten_arena_test_ref_born_atomic
[    4.871374]     ok 7 corten_arena_test_release_classify
[    4.876425]     ok 8 corten_arena_test_shadow_vma
[    4.884889]     ok 9 corten_arena_test_exit
[    4.894982]     ok 10 corten_arena_test_prctl
[    4.900774]     ok 11 corten_arena_test_mode
[    4.906578]     ok 12 corten_arena_test_auto_classify
[    4.910938]     ok 13 corten_arena_test_auto_place
[    4.919149]     ok 14 corten_arena_test_auto_route
[    4.936835]     ok 15 corten_arena_test_auto_attach_release
[    4.946866]     ok 16 corten_arena_test_mag_recycle
[    4.956033]     ok 17 corten_arena_test_mag_marker
[    4.967007]     ok 18 corten_arena_test_pool_reuse
[    4.999358] corten_arena_op (208) used greatest stack depth: 12880 bytes left
[    5.000904]     ok 19 corten_arena_test_pool_limit
[    5.011653]     ok 20 corten_arena_test_pool_mode_exit
[    5.022012]     ok 21 corten_arena_test_pool_fork
[    5.030008]     ok 22 corten_arena_test_mprotect_route
[    5.039239]     ok 23 corten_arena_test_protect_flags_kernel_gate
[    5.046922]     ok 24 corten_arena_test_madvise_route
[    5.080397]     ok 25 corten_arena_test_mremap_route
[    5.089678]     ok 26 corten_arena_test_fork_faithful
[    5.099640]     ok 27 corten_arena_test_fork_unwind
[    5.110291]     ok 28 corten_arena_test_fork_multipiece
[    5.122011]     ok 29 corten_arena_test_fork_perm
[    5.132250]     ok 30 corten_arena_test_inv7_shared_ro
[    5.141625]     ok 31 corten_arena_test_fork_f2_gate
[   15.378568] ------------[ cut here ]------------
[   15.388589] corten: arena [800000,1000000) drain timed out: leaked transaction reference, leaking the descriptor
[   15.397683] WARNING: CPU: 2 PID: 248 at mm/corten_arena.c:392 corten_arena_drain+0x6f/0x80
[   15.403867] Modules linked in:
[   15.405893] CPU: 2 UID: 0 PID: 248 Comm: kunit_try_catch Tainted: G        W        N  6.18.32-g1f8dfc78ae9f-dirty #9 PREEMPT(voluntary) 
[   15.414997] Tainted: [W]=WARN, [N]=TEST
[   15.419258] Hardware name: QEMU Standard PC (i440FX + PIIX, 1996), BIOS 1.15.0-1 04/01/2014
[   15.431716] RIP: 0010:corten_arena_drain+0x6f/0x80
[   15.436562] Code: c4 08 31 c0 5b c3 cc cc cc cc 88 44 24 07 c6 05 51 74 d3 01 01 90 48 8b 53 08 48 8b 33 48 c7 c7 60 40 88 a3 e8 92 e0 cf ff 90 <0f> 0b 90 90 0f b6 44 24 07 eb b4 66 0f 1f 44 00 00 90 90 90 90 90
[   15.454611] RSP: 0000:ffffa45bc0797d40 EFLAGS: 00010282
[   15.458846] RAX: 0000000000000000 RBX: ffff993d82ac9180 RCX: 00000000ffffdfff
[   15.466791] RDX: 0000000000000000 RSI: 00000000ffffffea RDI: 0000000000000001
[   15.472339] RBP: ffff993d82ac90c0 R08: ffffffffa3d3e6c8 R09: 00000000ffffdfff
[   15.478011] R10: ffffffffa3c5e6e0 R11: ffffffffa3d0e6e0 R12: ffff993d82ac90d8
[   15.482801] R13: ffff993d81064100 R14: ffff993d82ac9138 R15: ffff993d82ac9180
[   15.489767] FS:  0000000000000000(0000) GS:ffff993e5946f000(0000) knlGS:0000000000000000
[   15.498649] CS:  0010 DS: 0000 ES: 0000 CR0: 0000000080050033
[   15.506757] CR2: 00001000007ff000 CR3: 0000000009e30000 CR4: 00000000000006f0
[   15.512789] Call Trace:
[   15.515561]  <TASK>
[   15.516356]  corten_arena_fork_begin+0x112/0x1b0
[   15.520406]  corten_arena_test_fork_begin+0x59/0x140
[   15.529177]  corten_arena_test_fork_drain_leak+0x18a/0x800
[   15.533597]  ? psi_task_switch+0x107/0x290
[   15.539434]  ? __switch_to_asm+0x39/0x70
[   15.547627]  ? finish_task_switch.isra.0+0x76/0x250
[   15.561478]  ? __pfx_kunit_generic_run_threadfn_adapter+0x10/0x10
[   15.571777]  kunit_try_run_case+0x6f/0x150
[   15.577232]  ? __pfx_kunit_generic_run_threadfn_adapter+0x10/0x10
[   15.589301]  kunit_generic_run_threadfn_adapter+0x1c/0x40
[   15.597034]  kthread+0xff/0x1f0
[   15.603224]  ? __pfx_kthread+0x10/0x10
[   15.611650]  ? __pfx_kthread+0x10/0x10
[   15.623440]  ret_from_fork+0x144/0x160
[   15.629485]  ? __pfx_kthread+0x10/0x10
[   15.636865]  ret_from_fork_asm+0x1a/0x30
[   15.644050]  </TASK>
[   15.647426] ---[ end trace 0000000000000000 ]---
[   15.662897]     # corten_arena_test_fork_drain_leak: Test should be marked slow (runtime: 10.515005840s)
[   15.665837]     ok 32 corten_arena_test_fork_drain_leak
[   15.682077]     ok 33 corten_arena_test_unshare_pin
[   15.691235]     ok 34 corten_arena_test_fork_reuse_exclusive
[   15.699316]     ok 35 corten_arena_test_gup_state1_uncommitted
[   15.714386]     ok 36 corten_arena_test_gup_state2_committed_rw
[   15.739489]     ok 37 corten_arena_test_gup_state3_fork_cow
[   15.760413]     ok 38 corten_arena_test_gup_state3b_downgrade_restore
[   15.775868]     ok 39 corten_arena_test_gup_state4_pin_zap
[   15.799942]     ok 40 corten_arena_test_concurrent
[   15.832680]     ok 41 corten_arena_test_concurrent_window
[   15.853851]     ok 42 corten_arena_test_obs_ledger
[   15.863691]     ok 43 corten_arena_test_drain_timeout_stat
[   15.872325] # corten_arena: pass:43 fail:0 skip:0 total:43
[   15.880431] # Totals: pass:43 fail:0 skip:0 total:43
[   15.888339] ok 2 corten_arena
[   15.896066]     KTAP version 1
[   15.899552]     # Subtest: corten_fault
[   15.904923]     # module: corten_fault_test
[   15.904931]     1..26
[   15.914904]     ok 1 corten_fault_test_dispatch
[   15.919832]     ok 2 corten_fault_test_fig8_cow
[   15.926564]     ok 3 corten_fault_test_unmap_classify
[   15.938416]     ok 4 corten_fault_test_mmap_classify
[   15.947485]     ok 5 corten_fault_test_punch_classify
[   15.956325]     ok 6 corten_fault_test_map_anon
[   15.965185]     ok 7 corten_fault_test_zero_page
[   15.972840]     ok 8 corten_fault_test_sigsegv
[   15.978375]     ok 9 corten_fault_test_fresh_fault
[   16.022357]     ok 10 corten_fault_test_churn_repro
[   16.029690]     ok 11 corten_fault_test_untracked_drift
[   16.039270]     ok 12 corten_fault_test_restore
[   16.049542]     ok 13 corten_fault_test_cow_reuse
[   16.059389]     ok 14 corten_fault_test_cow_copy
[   16.065609] ------------[ cut here ]------------
[   16.074795] WARNING: CPU: 0 PID: 310 at ./include/linux/rwsem.h:88 corten_fault_test_foll_force+0x808/0xc50
[   16.082602] Modules linked in:
[   16.084599] CPU: 0 UID: 0 PID: 310 Comm: kunit_try_catch Tainted: G        W        N  6.18.32-g1f8dfc78ae9f-dirty #9 PREEMPT(voluntary) 
[   16.110658] Tainted: [W]=WARN, [N]=TEST
[   16.114251] Hardware name: QEMU Standard PC (i440FX + PIIX, 1996), BIOS 1.15.0-1 04/01/2014
[   16.120234] RIP: 0010:corten_fault_test_foll_force+0x808/0xc50
[   16.125040] Code: 0f 00 00 0f 85 18 fe ff ff 49 8b 04 24 a8 40 0f 84 0c fe ff ff 49 8b 44 24 48 48 8d 50 ff a8 01 49 0f 44 d4 e9 f8 fd ff ff 90 <0f> 0b 90 e9 64 f8 ff ff 48 98 45 31 c9 49 c7 c0 80 96 53 a2 48 89
[   16.151020] RSP: 0000:ffffa45bc091fd80 EFLAGS: 00010246
[   16.161103] RAX: ffff993d81067500 RBX: ffff993d81acb780 RCX: 0000000000000000
[   16.175661] RDX: 0000000000000000 RSI: 000000000000002d RDI: ffff993d821ab0c0
[   16.186803] RBP: ffffa45bc0013a88 R08: 0000000000001000 R09: 0000000000000000
[   16.200233] R10: ffffa45bc091fc98 R11: 0000000000000000 R12: ffff993d82afbf00
[   16.221215] R13: ffff993d81b2a3f0 R14: ffffffffa2539a60 R15: ffffa45bc0013ac8
[   16.237783] FS:  0000000000000000(0000) GS:ffff993e5936f000(0000) knlGS:0000000000000000
[   16.246300] CS:  0010 DS: 0000 ES: 0000 CR0: 0000000080050033
[   16.254174] CR2: ffff993d8ac01000 CR3: 0000000009e30000 CR4: 00000000000006f0
[   16.262098] Call Trace:
[   16.265483]  <TASK>
[   16.267819]  ? psi_group_change+0x116/0x300
[   16.275849]  ? psi_task_switch+0x107/0x290
[   16.280890]  ? __switch_to_asm+0x39/0x70
[   16.286778]  ? finish_task_switch.isra.0+0x76/0x250
[   16.296000]  kunit_try_run_case+0x6f/0x150
[   16.300406]  ? __pfx_kunit_generic_run_threadfn_adapter+0x10/0x10
[   16.306013]  kunit_generic_run_threadfn_adapter+0x1c/0x40
[   16.315329]  kthread+0xff/0x1f0
[   16.321237]  ? __pfx_kthread+0x10/0x10
[   16.326193]  ? __pfx_kthread+0x10/0x10
[   16.331584]  ret_from_fork+0x144/0x160
[   16.335826]  ? __pfx_kthread+0x10/0x10
[   16.341925]  ret_from_fork_asm+0x1a/0x30
[   16.347021]  </TASK>
[   16.351025] ---[ end trace 0000000000000000 ]---
[   16.357533] ------------[ cut here ]------------
[   16.364304] WARNING: CPU: 0 PID: 310 at ./include/linux/rwsem.h:88 corten_fault_test_foll_force+0xb62/0xc50
[   16.374784] Modules linked in:
[   16.378214] CPU: 0 UID: 0 PID: 310 Comm: kunit_try_catch Tainted: G        W        N  6.18.32-g1f8dfc78ae9f-dirty #9 PREEMPT(voluntary) 
[   16.390925] Tainted: [W]=WARN, [N]=TEST
[   16.404263] Hardware name: QEMU Standard PC (i440FX + PIIX, 1996), BIOS 1.15.0-1 04/01/2014
[   16.413169] RIP: 0010:corten_fault_test_foll_force+0xb62/0xc50
[   16.423439] Code: c7 c6 20 74 24 a3 48 89 ef 48 89 44 24 08 48 c7 04 24 30 74 24 a3 48 c7 44 24 10 40 00 00 00 e8 44 c7 36 00 e9 44 fb ff ff 90 <0f> 0b 90 e9 ed fa ff ff 48 98 45 31 c9 49 c7 c0 80 96 53 a2 48 89
[   16.442759] RSP: 0000:ffffa45bc091fd80 EFLAGS: 00010246
[   16.449315] RAX: ffff993d81067500 RBX: ffff993d81acb780 RCX: ffff993dfdc30340
[   16.460537] RDX: 0000000000000000 RSI: 0000000000000001 RDI: ffff993d821ab0c0
[   16.467798] RBP: ffffa45bc0013a88 R08: 0000000000000000 R09: 00000000000001dc
[   16.475495] R10: ffff993dfdc2fac0 R11: 0000000000000000 R12: ffff993d82afbf00
[   16.483238] R13: 0000000000000000 R14: ffffffffa2539a60 R15: ffffa45bc0013ac8
[   16.489173] FS:  0000000000000000(0000) GS:ffff993e5936f000(0000) knlGS:0000000000000000
[   16.494522] CS:  0010 DS: 0000 ES: 0000 CR0: 0000000080050033
[   16.500969] CR2: ffff993d8ac01000 CR3: 0000000009e30000 CR4: 00000000000006f0
[   16.514988] Call Trace:
[   16.521940]  <TASK>
[   16.524852]  ? finish_task_switch.isra.0+0x76/0x250
[   16.527405]  kunit_try_run_case+0x6f/0x150
[   16.530541]  ? __pfx_kunit_generic_run_threadfn_adapter+0x10/0x10
[   16.534710]  kunit_generic_run_threadfn_adapter+0x1c/0x40
[   16.541751]  kthread+0xff/0x1f0
[   16.545618]  ? __pfx_kthread+0x10/0x10
[   16.552417]  ? __pfx_kthread+0x10/0x10
[   16.557507]  ret_from_fork+0x144/0x160
[   16.561748]  ? __pfx_kthread+0x10/0x10
[   16.566660]  ret_from_fork_asm+0x1a/0x30
[   16.573363]  </TASK>
[   16.576460] ---[ end trace 0000000000000000 ]---
[   16.582851]     ok 15 corten_fault_test_foll_force
[   16.590585]     ok 16 corten_fault_test_cow_race
[   16.599947]     ok 17 corten_fault_test_mprotect_pte
[   16.610011]     ok 18 corten_fault_test_mprotect_fresh
[   16.624997]     ok 19 corten_fault_test_zap_keep_perm
[   16.641049]     ok 20 corten_fault_test_zap_keep_perm_downgrade
[   16.645924]     ok 21 corten_fault_test_untracked_rearm
[   16.651611]     ok 22 corten_fault_test_fill_upper_race
[   16.657605]     ok 23 corten_fault_test_map_race
[   16.662010]     ok 24 corten_fault_test_chunk_unmap
[   16.674049]     ok 25 corten_fault_test_punch_hole
[   16.701046]     ok 26 corten_fault_test_punch_head
[   16.712126] # corten_fault: pass:26 fail:0 skip:0 total:26
[   16.720727] # Totals: pass:26 fail:0 skip:0 total:26
[   16.729146] ok 3 corten_fault
[   16.759508] check access for rdinit=/init failed: -2, ignoring
[   16.764772] md: Waiting for all devices to be available before autodetect
[   16.769770] md: If you don't use raid, use raid=noautodetect
[   16.773775] md: Autodetecting RAID arrays.
[   16.777697] md: autorun ...
[   16.779772] md: ... autorun DONE.
[   16.785384] /dev/root: Can't open blockdev
[   16.789062] VFS: Cannot open root device "" or unknown-block(0,0): error -6
[   16.795637] Please append a correct "root=" boot option; here are the available partitions:
[   16.801350] 0b00         1048575 sr0 
[   16.801357]  driver: sr
[   16.805933] List of all bdev filesystems:
[   16.808814]  ext3
[   16.808819]  ext2
[   16.810342]  ext4
[   16.813120]  vfat
[   16.814818]  msdos
[   16.816359]  iso9660
[   16.817731]  f2fs
[   16.819474]  erofs
[   16.821021] 
[   16.825005] Kernel panic - not syncing: VFS: Unable to mount root fs on unknown-block(0,0)
[   16.832661] CPU: 2 UID: 0 PID: 1 Comm: swapper/0 Tainted: G        W        N  6.18.32-g1f8dfc78ae9f-dirty #9 PREEMPT(voluntary) 
[   16.840948] Tainted: [W]=WARN, [N]=TEST
[   16.844260] Hardware name: QEMU Standard PC (i440FX + PIIX, 1996), BIOS 1.15.0-1 04/01/2014
[   16.850513] Call Trace:
[   16.852183]  <TASK>
[   16.853884]  vpanic+0x34f/0x360
[   16.856003]  panic+0x56/0x60
[   16.859179]  mount_root_generic+0x1ff/0x320
[   16.861708]  prepare_namespace+0x63/0x270
[   16.864829]  kernel_init_freeable+0x29f/0x2f0
[   16.870497]  ? __pfx_kernel_init+0x10/0x10
[   16.873680]  kernel_init+0x15/0x1c0
[   16.876502]  ret_from_fork+0x144/0x160
[   16.879021]  ? __pfx_kernel_init+0x10/0x10
[   16.881312]  ret_from_fork_asm+0x1a/0x30
[   16.882774]  </TASK>
[   16.888451] Kernel Offset: 0x20c00000 from 0xffffffff81000000 (relocation range: 0xffffffff80000000-0xffffffffbfffffff)
