qemu-system-x86_64: warning: host doesn't support requested feature: CPUID.80000001H:ECX.svm [bit 2]
qemu-system-x86_64: warning: host doesn't support requested feature: CPUID.80000001H:ECX.svm [bit 2]
qemu-system-x86_64: warning: host doesn't support requested feature: CPUID.80000001H:ECX.svm [bit 2]
qemu-system-x86_64: warning: host doesn't support requested feature: CPUID.80000001H:ECX.svm [bit 2]
c[?7l[2J[0mSeaBIOS (version 1.15.0-1)


iPXE (https://ipxe.org) 00:03.0 CA00 PCI2.10 PnP PMM+7FF8B310+7FECB310 CA00
Press Ctrl-B to configure iPXE (PCI 00:03.0)...                                                                               


Booting from ROM...
c[?7l[2J[    0.000000] Linux version 6.18.32-g1f8dfc78ae9f-dirty (ppw@vm) (gcc (Ubuntu 11.4.0-1ubuntu1~22.04.3) 11.4.0, GNU ld (GNU Binutils for Ubuntu) 2.38) #5 SMP PREEMPT_DYNAMIC Sat Sep 19 23:49:48 CST 2026
[    0.000000] Command line: console=ttyS0 panic=-1 corten=on kunit.filter_glob=corten*
[    0.000000] x86/CPU: Model not found in latest microcode list
[    0.000000] BIOS-provided physical RAM map:
[    0.000000] BIOS-e820: [mem 0x0000000000000000-0x000000000009fbff] usable
[    0.000000] BIOS-e820: [mem 0x000000000009fc00-0x000000000009ffff] reserved
[    0.000000] BIOS-e820: [mem 0x00000000000f0000-0x00000000000fffff] reserved
[    0.000000] BIOS-e820: [mem 0x0000000000100000-0x000000007ffdffff] usable
[    0.000000] BIOS-e820: [mem 0x000000007ffe0000-0x000000007fffffff] reserved
[    0.000000] BIOS-e820: [mem 0x00000000feffc000-0x00000000feffffff] reserved
[    0.000000] BIOS-e820: [mem 0x00000000fffc0000-0x00000000ffffffff] reserved
[    0.000000] NX (Execute Disable) protection: active
[    0.000000] APIC: Static calls initialized
[    0.000000] SMBIOS 2.8 present.
[    0.000000] DMI: QEMU Standard PC (i440FX + PIIX, 1996), BIOS 1.15.0-1 04/01/2014
[    0.000000] DMI: Memory slots populated: 1/1
[    0.000000] Hypervisor detected: KVM
[    0.000000] last_pfn = 0x7ffe0 max_arch_pfn = 0x400000000
[    0.000000] kvm-clock: Using msrs 4b564d01 and 4b564d00
[    0.000001] kvm-clock: using sched offset of 4684407670 cycles
[    0.000002] clocksource: kvm-clock: mask: 0xffffffffffffffff max_cycles: 0x1cd42e4dffb, max_idle_ns: 881590591483 ns
[    0.000005] tsc: Detected 2419.196 MHz processor
[    0.003842] last_pfn = 0x7ffe0 max_arch_pfn = 0x400000000
[    0.004486] MTRR map: 4 entries (3 fixed + 1 variable; max 19), built from 8 variable MTRRs
[    0.004511] x86/PAT: Configuration [0-7]: WB  WC  UC- UC  WB  WP  UC- WT  
[    0.015793] found SMP MP-table at [mem 0x000f5ba0-0x000f5baf]
[    0.015918] ACPI: Early table checksum verification disabled
[    0.015922] ACPI: RSDP 0x00000000000F59E0 000014 (v00 BOCHS )
[    0.016835] ACPI: RSDT 0x000000007FFE1A1C 000034 (v01 BOCHS  BXPC     00000001 BXPC 00000001)
[    0.016856] ACPI: FACP 0x000000007FFE18B8 000074 (v01 BOCHS  BXPC     00000001 BXPC 00000001)
[    0.016973] ACPI: DSDT 0x000000007FFE0040 001878 (v01 BOCHS  BXPC     00000001 BXPC 00000001)
[    0.016981] ACPI: FACS 0x000000007FFE0000 000040
[    0.016987] ACPI: APIC 0x000000007FFE192C 000090 (v01 BOCHS  BXPC     00000001 BXPC 00000001)
[    0.016993] ACPI: HPET 0x000000007FFE19BC 000038 (v01 BOCHS  BXPC     00000001 BXPC 00000001)
[    0.016998] ACPI: WAET 0x000000007FFE19F4 000028 (v01 BOCHS  BXPC     00000001 BXPC 00000001)
[    0.017005] ACPI: Reserving FACP table memory at [mem 0x7ffe18b8-0x7ffe192b]
[    0.017010] ACPI: Reserving DSDT table memory at [mem 0x7ffe0040-0x7ffe18b7]
[    0.017013] ACPI: Reserving FACS table memory at [mem 0x7ffe0000-0x7ffe003f]
[    0.017014] ACPI: Reserving APIC table memory at [mem 0x7ffe192c-0x7ffe19bb]
[    0.017016] ACPI: Reserving HPET table memory at [mem 0x7ffe19bc-0x7ffe19f3]
[    0.017017] ACPI: Reserving WAET table memory at [mem 0x7ffe19f4-0x7ffe1a1b]
[    0.020266] No NUMA configuration found
[    0.020272] Faking a node at [mem 0x0000000000000000-0x000000007ffdffff]
[    0.020282] NODE_DATA(0) allocated [mem 0x7ffdc140-0x7ffdffff]
[    0.021581] Zone ranges:
[    0.021583]   DMA      [mem 0x0000000000001000-0x0000000000ffffff]
[    0.021588]   DMA32    [mem 0x0000000001000000-0x000000007ffdffff]
[    0.021591]   Normal   empty
[    0.021593] Movable zone start for each node
[    0.021606] Early memory node ranges
[    0.021607]   node   0: [mem 0x0000000000001000-0x000000000009efff]
[    0.021611]   node   0: [mem 0x0000000000100000-0x000000007ffdffff]
[    0.021614] Initmem setup node 0 [mem 0x0000000000001000-0x000000007ffdffff]
[    0.023164] On node 0, zone DMA: 1 pages in unavailable ranges
[    0.037125] On node 0, zone DMA: 97 pages in unavailable ranges
[    1.286508] On node 0, zone DMA32: 32 pages in unavailable ranges
[    1.291829] ACPI: PM-Timer IO Port: 0x608
[    1.292176] ACPI: LAPIC_NMI (acpi_id[0xff] dfl dfl lint[0x1])
[    1.293211] IOAPIC[0]: apic_id 0, version 17, address 0xfec00000, GSI 0-23
[    1.293222] ACPI: INT_SRC_OVR (bus 0 bus_irq 0 global_irq 2 dfl dfl)
[    1.293226] ACPI: INT_SRC_OVR (bus 0 bus_irq 5 global_irq 5 high level)
[    1.293229] ACPI: INT_SRC_OVR (bus 0 bus_irq 9 global_irq 9 high level)
[    1.293231] ACPI: INT_SRC_OVR (bus 0 bus_irq 10 global_irq 10 high level)
[    1.293233] ACPI: INT_SRC_OVR (bus 0 bus_irq 11 global_irq 11 high level)
[    1.293241] ACPI: Using ACPI (MADT) for SMP configuration information
[    1.293243] ACPI: HPET id: 0x8086a201 base: 0xfed00000
[    1.293746] CPU topo: Max. logical packages:   1
[    1.293749] CPU topo: Max. logical dies:       1
[    1.293750] CPU topo: Max. dies per package:   1
[    1.293760] CPU topo: Max. threads per core:   1
[    1.293761] CPU topo: Num. cores per package:     4
[    1.293763] CPU topo: Num. threads per package:   4
[    1.293764] CPU topo: Allowing 4 present CPUs plus 0 hotplug CPUs
[    1.294249] kvm-guest: APIC: eoi() replaced with kvm_guest_apic_eoi_write()
[    1.294633] PM: hibernation: Registered nosave memory: [mem 0x00000000-0x00000fff]
[    1.294635] PM: hibernation: Registered nosave memory: [mem 0x0009f000-0x000fffff]
[    1.294656] [mem 0x80000000-0xfeffbfff] available for PCI devices
[    1.294657] Booting paravirtualized kernel on KVM
[    1.294698] clocksource: refined-jiffies: mask: 0xffffffff max_cycles: 0xffffffff, max_idle_ns: 1910969940391419 ns
[    1.326432] setup_percpu: NR_CPUS:64 nr_cpumask_bits:4 nr_cpu_ids:4 nr_node_ids:1
[    1.404063] percpu: Embedded 54 pages/cpu s182680 r8192 d30312 u524288
[    1.404570] Kernel command line: console=ttyS0 panic=-1 corten=on kunit.filter_glob=corten*
[    1.407425] corten: requested on, activating at initcall time
[    1.407559] printk: log buffer data + meta data: 262144 + 917504 = 1179648 bytes
[    1.581463] Dentry cache hash table entries: 262144 (order: 9, 2097152 bytes, linear)
[    1.610282] Inode-cache hash table entries: 131072 (order: 8, 1048576 bytes, linear)
[    1.613138] Fallback order for Node 0: 0 
[    1.613306] Built 1 zonelists, mobility grouping on.  Total pages: 524158
[    1.613311] Policy zone: DMA32
[    1.613315] mem auto-init: stack:off, heap alloc:off, heap free:off
[    2.184682] SLUB: HWalign=64, Order=0-3, MinObjects=0, CPUs=4, Nodes=1
[    2.188584] Kernel/User page tables isolation: enabled
[    2.326829] Dynamic Preempt: voluntary
[    2.333608] rcu: Preemptible hierarchical RCU implementation.
[    2.333628] rcu: 	RCU event tracing is enabled.
[    2.333640] rcu: 	RCU restricting CPUs from NR_CPUS=64 to nr_cpu_ids=4.
[    2.334109] 	Trampoline variant of Tasks RCU enabled.
[    2.334113] 	Tracing variant of Tasks RCU enabled.
[    2.334115] rcu: RCU calculated value of scheduler-enlistment delay is 100 jiffies.
[    2.334118] rcu: Adjusting geometry for rcu_fanout_leaf=16, nr_cpu_ids=4
[    2.335344] RCU Tasks: Setting shift to 2 and lim to 1 rcu_task_cb_adjust=1 rcu_task_cpu_ids=4.
[    2.335361] RCU Tasks Trace: Setting shift to 2 and lim to 1 rcu_task_cb_adjust=1 rcu_task_cpu_ids=4.
[    2.392269] NR_IRQS: 4352, nr_irqs: 456, preallocated irqs: 16
[    2.397723] rcu: srcu_init: Setting srcu_struct sizes based on contention.
[    2.478943] Console: colour VGA+ 80x25
[    2.480051] printk: legacy console [ttyS0] enabled
[    3.140286] ACPI: Core revision 20250807
[    3.147437] clocksource: hpet: mask: 0xffffffff max_cycles: 0xffffffff, max_idle_ns: 19112604467 ns
[    3.160221] APIC: Switch to symmetric I/O mode setup
[    3.171643] x2apic enabled
[    3.181905] APIC: Switched APIC routing to: physical x2apic
[    3.209290] ..TIMER: vector=0x30 apic1=0 pin1=2 apic2=-1 pin2=-1
[    3.220511] clocksource: tsc-early: mask: 0xffffffffffffffff max_cycles: 0x22df0d21928, max_idle_ns: 440795225288 ns
[    3.235963] Calibrating delay loop (skipped) preset value.. 4838.39 BogoMIPS (lpj=2419196)
[    3.241257] Last level iTLB entries: 4KB 0, 2MB 0, 4MB 0
[    3.241977] Last level dTLB entries: 4KB 0, 2MB 0, 4MB 0, 1GB 0
[    3.244132] mitigations: Enabled attack vectors: user_kernel, user_user, SMT mitigations: auto
[    3.246081] Speculative Store Bypass: Vulnerable
[    3.246984] Spectre V2 : Mitigation: Retpolines
[    3.247972] ITS: Mitigation: Aligned branch/return thunks
[    3.248975] MDS: Vulnerable: Clear CPU buffers attempted, no microcode
[    3.249978] Spectre V1 : Mitigation: usercopy/swapgs barriers and __user pointer sanitization
[    3.250967] Spectre V2 : Spectre v2 / SpectreRSB: Filling RSB on context switch and VMEXIT
[    3.252080] active return thunk: its_return_thunk
[    3.254214] x86/fpu: x87 FPU will use FXSAVE
[    3.584390] Freeing SMP alternatives memory: 64K
[    3.585063] pid_max: default: 32768 minimum: 301
[    3.586579] LSM: initializing lsm=capability,selinux
[    3.588288] SELinux:  Initializing.
[    3.594461] Mount-cache hash table entries: 4096 (order: 3, 32768 bytes, linear)
[    3.596072] Mountpoint-cache hash table entries: 4096 (order: 3, 32768 bytes, linear)
[    3.714963] smpboot: CPU0: Intel QEMU Virtual CPU version 2.5+ (family: 0xf, model: 0x6b, stepping: 0x1)
[    3.724259] Performance Events: unsupported Netburst CPU model 107 no PMU driver, software events only.
[    3.728453] signal: max sigframe size: 1440
[    3.732074] rcu: Hierarchical SRCU implementation.
[    3.733971] rcu: 	Max phase no-delay instances is 400.
[    3.739508] Timer migration: 1 hierarchy levels; 8 children per group; 1 crossnode level
[    3.755657] corten: page descriptors enabled
[    3.762666] smp: Bringing up secondary CPUs ...
[    3.768554] smpboot: x86: Booting SMP configuration:
[    3.769967] .... node  #0, CPUs:      #1 #2 #3
[    3.803592] smp: Brought up 1 node, 4 CPUs
[    3.804969] smpboot: Total of 4 processors activated (19353.56 BogoMIPS)
[    3.810626] Memory: 2006936K/2096632K available (21354K kernel code, 3197K rwdata, 8904K rodata, 3256K init, 1212K bss, 84532K reserved, 0K cma-reserved)
[    3.867979] devtmpfs: initialized
[    3.884066] clocksource: jiffies: mask: 0xffffffff max_cycles: 0xffffffff, max_idle_ns: 1911260446275000 ns
[    3.884996] posixtimers hash table entries: 2048 (order: 3, 32768 bytes, linear)
[    3.888619] futex hash table entries: 1024 (65536 bytes on 1 NUMA nodes, total 64 KiB, linear).
[    3.892970] PM: RTC time: 15:51:21, date: 2026-09-19
[    3.974740] NET: Registered PF_NETLINK/PF_ROUTE protocol family
[    3.976652] audit: initializing netlink subsys (disabled)
[    3.980005] audit: type=2000 audit(1789833080.951:1): state=initialized audit_enabled=0 res=1
[    3.980888] thermal_sys: Registered thermal governor 'step_wise'
[    3.983004] cpuidle: using governor menu
[    3.989329] PCI: Using configuration type 1 for base access
[    3.993396] kprobes: kprobe jump-optimization is enabled. All kprobes are optimized if possible.
[    4.006963] HugeTLB: registered 2.00 MiB page size, pre-allocated 0 pages
[    4.011974] HugeTLB: 28 KiB vmemmap can be freed for a 2.00 MiB page
[    4.022658] ACPI: Added _OSI(Module Device)
[    4.025972] ACPI: Added _OSI(Processor Device)
[    4.029974] ACPI: Added _OSI(Processor Aggregator Device)
[    4.038783] ACPI: 1 ACPI AML tables successfully acquired and loaded
[    4.063107] ACPI: Interpreter enabled
[    4.065007] ACPI: PM: (supports S0 S3 S4 S5)
[    4.065974] ACPI: Using IOAPIC for interrupt routing
[    4.068148] PCI: Using host bridge windows from ACPI; if necessary, use "pci=nocrs" and report a bug
[    4.068968] PCI: Using E820 reservations for host bridge windows
[    4.070616] ACPI: Enabled 2 GPEs in block 00 to 0F
[    4.088857] ACPI: PCI Root Bridge [PCI0] (domain 0000 [bus 00-ff])
[    4.088980] acpi PNP0A03:00: _OSC: OS supports [ASPM ClockPM Segments MSI HPX-Type3]
[    4.089983] acpi PNP0A03:00: _OSC: not requesting OS control; OS requires [ExtendedConfig ASPM ClockPM MSI]
[    4.090991] acpi PNP0A03:00: fail to add MMCONFIG information, can't access extended configuration space under this bridge
[    4.093278] PCI host bridge to bus 0000:00
[    4.093977] pci_bus 0000:00: root bus resource [io  0x0000-0x0cf7 window]
[    4.094980] pci_bus 0000:00: root bus resource [io  0x0d00-0xffff window]
[    4.095971] pci_bus 0000:00: root bus resource [mem 0x000a0000-0x000bffff window]
[    4.096971] pci_bus 0000:00: root bus resource [mem 0x80000000-0xfebfffff window]
[    4.097976] pci_bus 0000:00: root bus resource [mem 0x100000000-0x17fffffff window]
[    4.098978] pci_bus 0000:00: root bus resource [bus 00-ff]
[    4.101006] pci 0000:00:00.0: [8086:1237] type 00 class 0x060000 conventional PCI endpoint
[    4.111076] pci 0000:00:01.0: [8086:7000] type 00 class 0x060100 conventional PCI endpoint
[    4.116518] pci 0000:00:01.1: [8086:7010] type 00 class 0x010180 conventional PCI endpoint
[    4.121504] pci 0000:00:01.1: BAR 4 [io  0xc040-0xc04f]
[    4.123160] pci 0000:00:01.1: BAR 0 [io  0x01f0-0x01f7]: legacy IDE quirk
[    4.123985] pci 0000:00:01.1: BAR 1 [io  0x03f6]: legacy IDE quirk
[    4.124971] pci 0000:00:01.1: BAR 2 [io  0x0170-0x0177]: legacy IDE quirk
[    4.125976] pci 0000:00:01.1: BAR 3 [io  0x0376]: legacy IDE quirk
[    4.129553] pci 0000:00:01.3: [8086:7113] type 00 class 0x068000 conventional PCI endpoint
[    4.133609] pci 0000:00:01.3: quirk: [io  0x0600-0x063f] claimed by PIIX4 ACPI
[    4.134022] pci 0000:00:01.3: quirk: [io  0x0700-0x070f] claimed by PIIX4 SMB
[    4.136727] pci 0000:00:02.0: [1234:1111] type 00 class 0x030000 conventional PCI endpoint
[    4.148845] pci 0000:00:02.0: BAR 0 [mem 0xfd000000-0xfdffffff pref]
[    4.150129] pci 0000:00:02.0: BAR 2 [mem 0xfebb0000-0xfebb0fff]
[    4.151077] pci 0000:00:02.0: ROM [mem 0xfeba0000-0xfebaffff pref]
[    4.163013] pci 0000:00:02.0: Video device with shadowed ROM at [mem 0x000c0000-0x000dffff]
[    4.201442] pci 0000:00:03.0: [8086:100e] type 00 class 0x020000 conventional PCI endpoint
[    4.205963] pci 0000:00:03.0: BAR 0 [mem 0xfeb80000-0xfeb9ffff]
[    4.205994] pci 0000:00:03.0: BAR 1 [io  0xc000-0xc03f]
[    4.207068] pci 0000:00:03.0: ROM [mem 0xfeb00000-0xfeb7ffff pref]
[    4.232474] ACPI: PCI: Interrupt link LNKA configured for IRQ 10
[    4.234110] ACPI: PCI: Interrupt link LNKB configured for IRQ 10
[    4.235514] ACPI: PCI: Interrupt link LNKC configured for IRQ 11
[    4.236504] ACPI: PCI: Interrupt link LNKD configured for IRQ 11
[    4.237110] ACPI: PCI: Interrupt link LNKS configured for IRQ 9
[    4.258134] iommu: Default domain type: Translated
[    4.258970] iommu: DMA domain TLB invalidation policy: lazy mode
[    4.282998] SCSI subsystem initialized
[    4.305551] ACPI: bus type USB registered
[    4.310001] usbcore: registered new interface driver usbfs
[    4.312304] usbcore: registered new interface driver hub
[    4.313002] usbcore: registered new device driver usb
[    4.315456] pps_core: LinuxPPS API ver. 1 registered
[    4.315966] pps_core: Software ver. 5.3.6 - Copyright 2005-2007 Rodolfo Giometti <giometti@linux.it>
[    4.316985] PTP clock support registered
[    4.323588] Advanced Linux Sound Architecture Driver Initialized.
[    4.342970] NetLabel: Initializing
[    4.343963] NetLabel:  domain hash size = 128
[    4.344973] NetLabel:  protocols = UNLABELED CIPSOv4 CALIPSO
[    4.348118] NetLabel:  unlabeled traffic allowed by default
[    4.359093] PCI: Using ACPI for IRQ routing
[    4.364963] pci 0000:00:02.0: vgaarb: setting as boot VGA device
[    4.364963] pci 0000:00:02.0: vgaarb: bridge control possible
[    4.364963] pci 0000:00:02.0: vgaarb: VGA device added: decodes=io+mem,owns=io+mem,locks=none
[    4.364980] vgaarb: loaded
[    4.374720] hpet: 3 channels of 0 reserved for per-cpu timers
[    4.376395] hpet0: at MMIO 0xfed00000, IRQs 2, 8, 0
[    4.377974] hpet0: 3 comparators, 64-bit 100.000000 MHz counter
[    4.385456] clocksource: Switched to clocksource kvm-clock
[    4.410328] VFS: Disk quotas dquot_6.6.0
[    4.414477] VFS: Dquot-cache hash table entries: 512 (order 0, 4096 bytes)
[    4.433205] pnp: PnP ACPI init
[    4.444680] pnp: PnP ACPI: found 6 devices
[    4.554685] clocksource: acpi_pm: mask: 0xffffff max_cycles: 0xffffff, max_idle_ns: 2085701024 ns
[    4.567457] NET: Registered PF_INET protocol family
[    4.577385] IP idents hash table entries: 32768 (order: 6, 262144 bytes, linear)
[    4.597294] tcp_listen_portaddr_hash hash table entries: 1024 (order: 2, 16384 bytes, linear)
[    4.607997] Table-perturb hash table entries: 65536 (order: 6, 262144 bytes, linear)
[    4.613524] TCP established hash table entries: 16384 (order: 5, 131072 bytes, linear)
[    4.625305] TCP bind hash table entries: 16384 (order: 7, 524288 bytes, linear)
[    4.678782] TCP: Hash tables configured (established 16384 bind 16384)
[    4.698522] UDP hash table entries: 1024 (order: 4, 65536 bytes, linear)
[    4.717332] UDP-Lite hash table entries: 1024 (order: 4, 65536 bytes, linear)
[    4.734916] NET: Registered PF_UNIX/PF_LOCAL protocol family
[    4.754153] kwatchdog (53) used greatest stack depth: 15528 bytes left
[    4.767008] RPC: Registered named UNIX socket transport module.
[    4.776561] RPC: Registered udp transport module.
[    4.784095] RPC: Registered tcp transport module.
[    4.789925] RPC: Registered tcp-with-tls transport module.
[    4.803480] RPC: Registered tcp NFSv4.1 backchannel transport module.
[    4.833081] pci_bus 0000:00: resource 4 [io  0x0000-0x0cf7 window]
[    4.839268] pci_bus 0000:00: resource 5 [io  0x0d00-0xffff window]
[    4.849653] pci_bus 0000:00: resource 6 [mem 0x000a0000-0x000bffff window]
[    4.856378] pci_bus 0000:00: resource 7 [mem 0x80000000-0xfebfffff window]
[    4.862551] pci_bus 0000:00: resource 8 [mem 0x100000000-0x17fffffff window]
[    4.873290] pci 0000:00:01.0: PIIX3: Enabling Passive Release
[    4.889359] pci 0000:00:00.0: quirk_passive_release+0x0/0xa0 took 15935 usecs
[    4.904806] pci 0000:00:00.0: Limiting direct PCI/PCI transfers
[    4.912822] PCI: CLS 0 bytes, default 64
[    4.920120] clocksource: tsc: mask: 0xffffffffffffffff max_cycles: 0x22df0d21928, max_idle_ns: 440795225288 ns
[    4.973607] Initialise system trusted keyrings
[    4.976664] workingset: timestamp_bits=40 max_order=19 bucket_order=0
[    4.993879] NFS: Registering the id_resolver key type
[    5.006739] Key type id_resolver registered
[    5.012741] Key type id_legacy registered
[    5.021726] 9p: Installing v9fs 9p2000 file system support
[    5.102858] Key type asymmetric registered
[    5.106077] Asymmetric key parser 'x509' registered
[    5.112500] Block layer SCSI generic (bsg) driver version 0.4 loaded (major 251)
[    5.121604] io scheduler mq-deadline registered
[    5.127908] io scheduler kyber registered
[    5.145479] input: Power Button as /devices/LNXSYSTM:00/LNXPWRBN:00/input/input0
[    5.157800] ACPI: button: Power Button [PWRF]
[    5.190007] Serial: 8250/16550 driver, 4 ports, IRQ sharing enabled
[    5.209318] 00:04: ttyS0 at I/O 0x3f8 (irq = 4, base_baud = 115200) is a 16550A
[    5.248896] Non-volatile memory driver v1.3
[    5.257610] Linux agpgart interface v0.103
[    5.509611] ACPI: bus type drm_connector registered
[    5.604787] loop: module loaded
[    5.610368] zram: Added device: zram0
[    5.635857] scsi host0: ata_piix
[    5.653993] scsi host1: ata_piix
[    5.659840] ata1: PATA max MWDMA2 cmd 0x1f0 ctl 0x3f6 bmdma 0xc040 irq 14 lpm-pol 0
[    5.669400] ata2: PATA max MWDMA2 cmd 0x170 ctl 0x376 bmdma 0xc048 irq 15 lpm-pol 0
[    5.685123] tun: Universal TUN/TAP device driver, 1.6
[    5.692563] e100: Intel(R) PRO/100 Network Driver
[    5.697163] e100: Copyright(c) 1999-2006 Intel Corporation
[    5.700844] e1000: Intel(R) PRO/1000 Network Driver
[    5.706182] e1000: Copyright (c) 1999-2006 Intel Corporation.
[    5.754062] ACPI: \_SB_.LNKC: Enabled at IRQ 11
[    5.840193] ata2: found unknown device (class 0)
[    5.847743] ata2.00: ATAPI: QEMU DVD-ROM, 2.5+, max UDMA/100
[    5.863582] scsi 1:0:0:0: CD-ROM            QEMU     QEMU DVD-ROM     2.5+ PQ: 0 ANSI: 5
[    5.912468] sr 1:0:0:0: [sr0] scsi3-mmc drive: 4x/4x cd/rw xa/form2 tray
[    5.919426] cdrom: Uniform CD-ROM driver Revision: 3.20
[    5.946684] sr 1:0:0:0: Attached scsi generic sg0 type 5
[    7.108301] e1000 0000:00:03.0 eth0: (PCI:33MHz:32-bit) 52:54:00:12:34:56
[    7.115830] e1000 0000:00:03.0 eth0: Intel(R) PRO/1000 Network Connection
[    7.120714] e1000e: Intel(R) PRO/1000 Network Driver
[    7.126345] e1000e: Copyright(c) 1999 - 2015 Intel Corporation.
[    7.131442] sky2: driver version 1.30
[    7.135450] usbcore: registered new interface driver usblp
[    7.140974] usbcore: registered new interface driver usb-storage
[    7.150986] i8042: PNP: PS/2 Controller [PNP0303:KBD,PNP0f13:MOU] at 0x60,0x64 irq 1,12
[    7.170382] serio: i8042 KBD port at 0x60,0x64 irq 1
[    7.175342] serio: i8042 AUX port at 0x60,0x64 irq 12
[    7.186666] rtc_cmos 00:05: RTC can wake from S4
[    7.187732] input: AT Translated Set 2 keyboard as /devices/platform/i8042/serio0/input/input1
[    7.202516] rtc_cmos 00:05: registered as rtc0
[    7.207504] rtc_cmos 00:05: alarms up to one day, y3k, 242 bytes nvram, hpet irqs
[    7.223579] device-mapper: ioctl: 4.50.0-ioctl (2025-04-28) initialised: dm-devel@lists.linux.dev
[    7.239971] intel_pstate: CPU model not supported
[    7.247809] hid: raw HID events driver (C) Jiri Kosina
[    7.256788] usbcore: registered new interface driver usbhid
[    7.262291] usbhid: USB HID core driver
[    7.308621] xt_time: kernel timezone is -0000
[    7.315968] Initializing XFRM netlink socket
[    7.321693] NET: Registered PF_INET6 protocol family
[    7.345354] Segment Routing with IPv6
[    7.348050] In-situ OAM (IOAM) with IPv6
[    7.356481] sit: IPv6, IPv4 and MPLS over IPv4 tunneling driver
[    7.369325] NET: Registered PF_PACKET protocol family
[    7.376905] NET: Registered PF_KEY protocol family
[    7.384449] 9pnet: Installing 9P2000 support
[    7.392042] Key type dns_resolver registered
[    7.397233] NET: Registered PF_VSOCK protocol family
[    7.412327] IPI shorthand broadcast: enabled
[    7.457865] sched_clock: Marking stable (6632217837, 825053207)->(8506446849, -1049175805)
[    7.476431] registered taskstats version 1
[    7.489057] Loading compiled-in X.509 certificates
[    7.517032] Demotion targets for Node 0: null
[    7.521672] Key type .fscrypt registered
[    7.525350] Key type fscrypt-provisioning registered
[    7.536744] PM:   Magic number: 10:377:892
[    7.541619] netconsole: network logging started
[    7.547547] cfg80211: Loading compiled-in X.509 certificates for regulatory database
[    7.565684] kworker/u16:1 (74) used greatest stack depth: 14272 bytes left
[    7.571801] Loaded X.509 cert 'sforshee: 00b28ddf47aef9cea7'
[    7.578839] Loaded X.509 cert 'wens: 61c038651aabdcf94bd0ac7ff06c7248db18c600'
[    7.587428] ALSA device list:
[    7.587946] faux_driver regulatory: Direct firmware load for regulatory.db failed with error -2
[    7.590476]   No soundcards found.
[    7.598789] cfg80211: failed to load regulatory.db
[    7.603557] KTAP version 1
[    7.604680] 1..3
[    7.609398]     KTAP version 1
[    7.611204]     # Subtest: corten
[    7.612994]     # module: corten_test
[    7.612997]     1..25
[    7.621675]     ok 1 corten_test_layout # SKIP corten=on boot
[    7.624987]     ok 2 corten_test_ptdesc_get_put
[    7.634716]     ok 3 corten_test_meta_roundtrip
[    7.640344]     ok 4 corten_test_meta_reinit_cleared
[    7.646937]     ok 5 corten_test_covering_level
[    7.662433]     ok 6 corten_test_covering_base_index
[    7.676222]     ok 7 corten_test_txn_covering
[    7.684070]     ok 8 corten_test_txn_hole
[    7.699428]     ok 9 corten_test_txn_stale_eagain
[    7.706606]     ok 10 corten_test_lock_range_args
[    7.719254] input: ImExPS/2 Generic Explorer Mouse as /devices/platform/i8042/serio1/input/input3
[    7.724521]     ok 11 corten_test_txn_state_machine
[    7.736736]     ok 12 corten_test_txn_atomic_validate
[    7.753886]     ok 13 corten_test_txn_real_glue
[    7.823001]     ok 14 corten_test_txn_mutex_overlap
[    7.878242]     ok 15 corten_test_txn_mutex_disjoint
[    7.902019]     ok 16 corten_test_fail_alloc
[    7.927928]     ok 17 corten_test_txn_hole_fill
[    7.952654]     ok 18 corten_test_txn_hole_race
[    8.201126]     ok 19 corten_test_txn_uninstall_interlock
[    8.208563]     ok 20 corten_test_uninstall_bh_ctx
[    8.220981] ------------[ cut here ]------------
[    8.229361] WARNING: CPU: 1 PID: 125 at mm/corten.c:864 corten_txn_begin+0x191/0x4b0
[    8.238622] Modules linked in:
[    8.241802] CPU: 1 UID: 0 PID: 125 Comm: kunit_try_catch Tainted: G                 N  6.18.32-g1f8dfc78ae9f-dirty #5 PREEMPT(voluntary) 
[    8.254612] Tainted: [N]=TEST
[    8.256764] Hardware name: QEMU Standard PC (i440FX + PIIX, 1996), BIOS 1.15.0-1 04/01/2014
[    8.266569] RIP: 0010:corten_txn_begin+0x191/0x4b0
[    8.271560] Code: 02 00 00 4c 89 ff 48 89 04 24 e8 ca 28 f4 00 4c 89 ff e8 d2 2a f4 00 48 8b 04 24 41 0f b6 4f 25 38 48 25 0f 87 65 ff ff ff 90 <0f> 0b 90 41 80 7e 48 04 0f 86 61 ff ff ff 90 0f 0b 90 48 89 c7 e8
[    8.299557] RSP: 0000:ffffb3e4004e7da0 EFLAGS: 00010246
[    8.308698] RAX: ffff968281e27a40 RBX: 0000000000000fff RCX: 0000000000000002
[    8.317321] RDX: 0000000000000003 RSI: 0000000000000020 RDI: ffff968283519040
[    8.329133] RBP: 0000000000000000 R08: ffff968281d75200 R09: ffffb3e4004e7e00
[    8.342922] R10: ffffb3e4004e7d58 R11: 0000000000000000 R12: ffffffffb603e3f0
[    8.358008] R13: ffff968281d75200 R14: ffffb3e4004e7e00 R15: ffff968281e27a00
[    8.372908] FS:  0000000000000000(0000) GS:ffff9683465ed000(0000) knlGS:0000000000000000
[    8.387626] CS:  0010 DS: 0000 ES: 0000 CR0: 0000000080050033
[    8.395583] CR2: 0000000000000000 CR3: 0000000029430000 CR4: 00000000000006f0
[    8.402946] Call Trace:
[    8.407480]  <TASK>
[    8.412340]  ? __pfx_kunit_generic_run_threadfn_adapter+0x10/0x10
[    8.420956]  corten_test_txn_path_overflow+0xb5/0x2a0
[    8.426925]  ? psi_task_switch+0x107/0x290
[    8.436207]  kunit_try_run_case+0x6f/0x150
[    8.442132]  ? __pfx_kunit_generic_run_threadfn_adapter+0x10/0x10
[    8.448809]  kunit_generic_run_threadfn_adapter+0x1c/0x40
[    8.454970]  kthread+0xff/0x1f0
[    8.457682]  ? __pfx_kthread+0x10/0x10
[    8.459884]  ? __pfx_kthread+0x10/0x10
[    8.463139]  ret_from_fork+0x144/0x160
[    8.467480]  ? __pfx_kthread+0x10/0x10
[    8.470759]  ret_from_fork_asm+0x1a/0x30
[    8.474634]  </TASK>
[    8.475708] ---[ end trace 0000000000000000 ]---
[    8.482961] ------------[ cut here ]------------
[    8.488543] WARNING: CPU: 1 PID: 125 at mm/corten.c:811 corten_txn_begin+0x1a0/0x4b0
[    8.500651] Modules linked in:
[    8.505690] CPU: 1 UID: 0 PID: 125 Comm: kunit_try_catch Tainted: G        W        N  6.18.32-g1f8dfc78ae9f-dirty #5 PREEMPT(voluntary) 
[    8.520061] Tainted: [W]=WARN, [N]=TEST
[    8.523277] Hardware name: QEMU Standard PC (i440FX + PIIX, 1996), BIOS 1.15.0-1 04/01/2014
[    8.530998] RIP: 0010:corten_txn_begin+0x1a0/0x4b0
[    8.536048] Code: 4c 89 ff e8 d2 2a f4 00 48 8b 04 24 41 0f b6 4f 25 38 48 25 0f 87 65 ff ff ff 90 0f 0b 90 41 80 7e 48 04 0f 86 61 ff ff ff 90 <0f> 0b 90 48 89 c7 e8 c5 f5 ff ff 41 0f b6 46 48 84 c0 74 28 83 e8
[    8.552047] RSP: 0000:ffffb3e4004e7da0 EFLAGS: 00010202
[    8.556899] RAX: ffff968281e27b40 RBX: 0000000000000fff RCX: 0000000000000002
[    8.562335] RDX: 0000000000000003 RSI: 0000000000000029 RDI: ffff968283519040
[    8.568799] RBP: 0000000000000000 R08: ffff968281d75200 R09: ffffb3e4004e7e00
[    8.575343] R10: ffffb3e4004e7d58 R11: 0000000000000000 R12: ffffffffb603e3f0
[    8.583192] R13: ffff968281d75200 R14: ffffb3e4004e7e00 R15: ffff968281e27b00
[    8.589750] FS:  0000000000000000(0000) GS:ffff9683465ed000(0000) knlGS:0000000000000000
[    8.596860] CS:  0010 DS: 0000 ES: 0000 CR0: 0000000080050033
[    8.600989] CR2: 0000000000000000 CR3: 0000000029430000 CR4: 00000000000006f0
[    8.607628] Call Trace:
[    8.609870]  <TASK>
[    8.613560]  ? __pfx_kunit_generic_run_threadfn_adapter+0x10/0x10
[    8.620211]  corten_test_txn_path_overflow+0xb5/0x2a0
[    8.627985]  ? psi_task_switch+0x107/0x290
[    8.632192]  kunit_try_run_case+0x6f/0x150
[    8.637625]  ? __pfx_kunit_generic_run_threadfn_adapter+0x10/0x10
[    8.643882]  kunit_generic_run_threadfn_adapter+0x1c/0x40
[    8.649106]  kthread+0xff/0x1f0
[    8.651475]  ? __pfx_kthread+0x10/0x10
[    8.655354]  ? __pfx_kthread+0x10/0x10
[    8.659107]  ret_from_fork+0x144/0x160
[    8.663223]  ? __pfx_kthread+0x10/0x10
[    8.666592]  ret_from_fork_asm+0x1a/0x30
[    8.670641]  </TASK>
[    8.673894] ---[ end trace 0000000000000000 ]---
[    8.679049] kunit_try_catch (125) used greatest stack depth: 13520 bytes left
[    8.682300]     ok 21 corten_test_txn_path_overflow
[    8.689424]     ok 22 corten_test_txn_child_err
[    8.699251]     ok 23 corten_test_real_huge_leaf
[    8.708332]     ok 24 corten_test_full_window_atomic
[    8.716264]     ok 25 corten_test_debugfs_content
[    8.720484] # corten: pass:24 fail:0 skip:1 total:25
[    8.726966] # Totals: pass:24 fail:0 skip:1 total:25
[    8.733161] ok 1 corten
[    8.741522]     KTAP version 1
[    8.744172]     # Subtest: corten_arena
[    8.748449]     # module: corten_arena_test
[    8.748457]     1..43
[    8.758652]     ok 1 corten_arena_test_declare_reject
[    8.765905]     ok 2 corten_arena_test_declare_reject_flags
[    8.773771]     ok 3 corten_arena_test_declare_query
[    8.783067]     ok 4 corten_arena_test_range_overlaps
[    8.806969]     ok 5 corten_arena_test_release
[    8.822840]     ok 6 corten_arena_test_ref_born_atomic
[    8.829699]     ok 7 corten_arena_test_release_classify
[    8.843062]     ok 8 corten_arena_test_shadow_vma
[    8.861865]     ok 9 corten_arena_test_exit
[    8.876621]     ok 10 corten_arena_test_prctl
[    8.906610]     ok 11 corten_arena_test_mode
[    8.925109]     ok 12 corten_arena_test_auto_classify
[    8.943414]     ok 13 corten_arena_test_auto_place
[    8.973079]     ok 14 corten_arena_test_auto_route
[    9.029725]     ok 15 corten_arena_test_auto_attach_release
[    9.043922]     ok 16 corten_arena_test_mag_recycle
[    9.057652]     ok 17 corten_arena_test_mag_marker
[    9.073954]     ok 18 corten_arena_test_pool_reuse
[    9.114952] corten_arena_op (209) used greatest stack depth: 12728 bytes left
[    9.120081]     ok 19 corten_arena_test_pool_limit
[    9.145903]     ok 20 corten_arena_test_pool_mode_exit
[    9.166231]     ok 21 corten_arena_test_pool_fork
[    9.181482]     ok 22 corten_arena_test_mprotect_route
[    9.191509]     ok 23 corten_arena_test_protect_flags_kernel_gate
[    9.206319]     ok 24 corten_arena_test_madvise_route
[    9.381081]     ok 25 corten_arena_test_mremap_route
[    9.407911]     ok 26 corten_arena_test_fork_faithful
[    9.419821]     ok 27 corten_arena_test_fork_unwind
[    9.437107]     ok 28 corten_arena_test_fork_multipiece
[    9.448618]     ok 29 corten_arena_test_fork_perm
[    9.460257]     ok 30 corten_arena_test_inv7_shared_ro
[    9.471995]     ok 31 corten_arena_test_fork_f2_gate
[   19.578406] ------------[ cut here ]------------
[   19.595319] corten: arena [800000,1000000) drain timed out: leaked transaction reference, leaking the descriptor
[   19.612523] WARNING: CPU: 1 PID: 249 at mm/corten_arena.c:392 corten_arena_drain+0x6f/0x80
[   19.623110] Modules linked in:
[   19.625691] CPU: 1 UID: 0 PID: 249 Comm: kunit_try_catch Tainted: G        W        N  6.18.32-g1f8dfc78ae9f-dirty #5 PREEMPT(voluntary) 
[   19.636457] Tainted: [W]=WARN, [N]=TEST
[   19.641610] Hardware name: QEMU Standard PC (i440FX + PIIX, 1996), BIOS 1.15.0-1 04/01/2014
[   19.651605] RIP: 0010:corten_arena_drain+0x6f/0x80
[   19.660045] Code: c4 08 31 c0 5b c3 cc cc cc cc 88 44 24 07 c6 05 51 74 d3 01 01 90 48 8b 53 08 48 8b 33 48 c7 c7 38 41 68 b6 e8 92 e0 cf ff 90 <0f> 0b 90 90 0f b6 44 24 07 eb b4 66 0f 1f 44 00 00 90 90 90 90 90
[   19.692989] RSP: 0000:ffffb3e40077fd40 EFLAGS: 00010282
[   19.697700] RAX: 0000000000000000 RBX: ffff968281b3ca80 RCX: 00000000ffffdfff
[   19.710270] RDX: 0000000000000000 RSI: 00000000ffffffea RDI: 0000000000000001
[   19.717610] RBP: ffff968281b3cb40 R08: ffffffffb6b3e6c8 R09: 00000000ffffdfff
[   19.725249] R10: ffffffffb6a5e6e0 R11: ffffffffb6b0e6e0 R12: ffff968281b3cb58
[   19.734508] R13: ffff9682833cad80 R14: ffff968281b3cbb8 R15: ffff968281b3ca80
[   19.740984] FS:  0000000000000000(0000) GS:ffff9683465ed000(0000) knlGS:0000000000000000
[   19.749230] CS:  0010 DS: 0000 ES: 0000 CR0: 0000000080050033
[   19.754023] CR2: 0000100000000000 CR3: 0000000029430000 CR4: 00000000000006f0
[   19.758705] Call Trace:
[   19.761808]  <TASK>
[   19.765251]  corten_arena_fork_begin+0x112/0x1b0
[   19.770049]  corten_arena_test_fork_begin+0x59/0x140
[   19.776371]  corten_arena_test_fork_drain_leak+0x18a/0x800
[   19.781528]  ? psi_task_switch+0x107/0x290
[   19.784016]  ? __switch_to_asm+0x39/0x70
[   19.787263]  ? finish_task_switch.isra.0+0x76/0x250
[   19.789704]  ? __pfx_kunit_generic_run_threadfn_adapter+0x10/0x10
[   19.795355]  kunit_try_run_case+0x6f/0x150
[   19.800099]  ? __pfx_kunit_generic_run_threadfn_adapter+0x10/0x10
[   19.804087]  kunit_generic_run_threadfn_adapter+0x1c/0x40
[   19.808468]  kthread+0xff/0x1f0
[   19.810684]  ? __pfx_kthread+0x10/0x10
[   19.814716]  ? __pfx_kthread+0x10/0x10
[   19.816970]  ret_from_fork+0x144/0x160
[   19.821539]  ? __pfx_kthread+0x10/0x10
[   19.825076]  ret_from_fork_asm+0x1a/0x30
[   19.828115]  </TASK>
[   19.829570] ---[ end trace 0000000000000000 ]---
[   19.836886]     # corten_arena_test_fork_drain_leak: Test should be marked slow (runtime: 10.359334829s)
[   19.837649]     ok 32 corten_arena_test_fork_drain_leak
[   19.851505]     ok 33 corten_arena_test_unshare_pin
[   19.861849]     ok 34 corten_arena_test_fork_reuse_exclusive
[   19.870604]     ok 35 corten_arena_test_gup_state1_uncommitted
[   19.877989]     ok 36 corten_arena_test_gup_state2_committed_rw
[   19.887046]     ok 37 corten_arena_test_gup_state3_fork_cow
[   19.898851]     ok 38 corten_arena_test_gup_state3b_downgrade_restore
[   19.907379]     ok 39 corten_arena_test_gup_state4_pin_zap
[   19.918347]     ok 40 corten_arena_test_concurrent
[   19.941453]     ok 41 corten_arena_test_concurrent_window
[   19.950944]     ok 42 corten_arena_test_obs_ledger
[   19.961024]     ok 43 corten_arena_test_drain_timeout_stat
[   19.964965] # corten_arena: pass:43 fail:0 skip:0 total:43
[   19.968150] # Totals: pass:43 fail:0 skip:0 total:43
[   19.973931] ok 2 corten_arena
[   19.980210]     KTAP version 1
[   19.985289]     # Subtest: corten_fault
[   19.988561]     # module: corten_fault_test
[   19.988567]     1..26
[   20.005696]     ok 1 corten_fault_test_dispatch
[   20.012213]     ok 2 corten_fault_test_fig8_cow
[   20.019456]     ok 3 corten_fault_test_unmap_classify
[   20.029751]     ok 4 corten_fault_test_mmap_classify
[   20.037338]     ok 5 corten_fault_test_punch_classify
[   20.058288]     ok 6 corten_fault_test_map_anon
[   20.076514]     ok 7 corten_fault_test_zero_page
[   20.091813]     ok 8 corten_fault_test_sigsegv
[   20.108251]     ok 9 corten_fault_test_fresh_fault
[   20.154070]     ok 10 corten_fault_test_churn_repro
[   20.163555]     ok 11 corten_fault_test_untracked_drift
[   20.176280]     ok 12 corten_fault_test_restore
[   20.187566]     ok 13 corten_fault_test_cow_reuse
[   20.204530]     ok 14 corten_fault_test_cow_copy
[   20.214478] ------------[ cut here ]------------
[   20.221461] WARNING: CPU: 3 PID: 311 at ./include/linux/rwsem.h:88 corten_fault_test_foll_force+0x903/0xe00
[   20.228930] Modules linked in:
[   20.231476] CPU: 3 UID: 0 PID: 311 Comm: kunit_try_catch Tainted: G        W        N  6.18.32-g1f8dfc78ae9f-dirty #5 PREEMPT(voluntary) 
[   20.249350] Tainted: [W]=WARN, [N]=TEST
[   20.255357] Hardware name: QEMU Standard PC (i440FX + PIIX, 1996), BIOS 1.15.0-1 04/01/2014
[   20.270601] RIP: 0010:corten_fault_test_foll_force+0x903/0xe00
[   20.282129] Code: 0f 00 00 0f 85 1c fd ff ff 49 8b 04 24 a8 40 0f 84 10 fd ff ff 49 8b 44 24 48 48 8d 50 ff a8 01 49 0f 44 d4 e9 fc fc ff ff 90 <0f> 0b 90 e9 69 f7 ff ff 48 98 45 31 c9 49 c7 c0 e0 9d 33 b5 48 89
[   20.300719] RSP: 0000:ffffb3e4008ffd80 EFLAGS: 00010246
[   20.304508] RAX: ffff968283554100 RBX: ffff9682823d78a0 RCX: 0000000000000000
[   20.311182] RDX: 0000000000000000 RSI: 0000000000000033 RDI: ffff9682833d5140
[   20.316367] RBP: ffffb3e400013a88 R08: 0000000000001000 R09: 0000000000000000
[   20.323043] R10: ffffb3e4008ffc98 R11: 0000000000000000 R12: ffff9682835d4700
[   20.329980] R13: ffff968283330bf0 R14: ffffffffb533a1c0 R15: ffffb3e400013ac8
[   20.337643] FS:  0000000000000000(0000) GS:ffff9683466ed000(0000) knlGS:0000000000000000
[   20.345842] CS:  0010 DS: 0000 ES: 0000 CR0: 0000000080050033
[   20.351212] CR2: 0000000000000000 CR3: 0000000029430000 CR4: 00000000000006f0
[   20.358121] Call Trace:
[   20.359693]  <TASK>
[   20.361986]  ? psi_group_change+0x116/0x300
[   20.366086]  ? psi_task_switch+0x107/0x290
[   20.370831]  ? __switch_to_asm+0x39/0x70
[   20.375044]  ? finish_task_switch.isra.0+0x76/0x250
[   20.379238]  kunit_try_run_case+0x6f/0x150
[   20.383471]  ? __pfx_kunit_generic_run_threadfn_adapter+0x10/0x10
[   20.388087]  kunit_generic_run_threadfn_adapter+0x1c/0x40
[   20.393923]  kthread+0xff/0x1f0
[   20.398675]  ? __pfx_kthread+0x10/0x10
[   20.401953]  ? __pfx_kthread+0x10/0x10
[   20.406185]  ret_from_fork+0x144/0x160
[   20.410669]  ? __pfx_kthread+0x10/0x10
[   20.415117]  ret_from_fork_asm+0x1a/0x30
[   20.419272]  </TASK>
[   20.421641] ---[ end trace 0000000000000000 ]---
[   20.427574] ------------[ cut here ]------------
[   20.430544] WARNING: CPU: 0 PID: 311 at ./include/linux/rwsem.h:88 corten_fault_test_foll_force+0xc54/0xe00
[   20.436483] Modules linked in:
[   20.437533] CPU: 0 UID: 0 PID: 311 Comm: kunit_try_catch Tainted: G        W        N  6.18.32-g1f8dfc78ae9f-dirty #5 PREEMPT(voluntary) 
[   20.445626] Tainted: [W]=WARN, [N]=TEST
[   20.447129] Hardware name: QEMU Standard PC (i440FX + PIIX, 1996), BIOS 1.15.0-1 04/01/2014
[   20.452716] RIP: 0010:corten_fault_test_foll_force+0xc54/0xe00
[   20.460098] Code: c7 c6 40 74 04 b6 48 89 ef 48 89 44 24 08 48 c7 04 24 50 74 04 b6 48 c7 44 24 10 40 00 00 00 e8 d2 b7 36 00 e9 35 fb ff ff 90 <0f> 0b 90 e9 de fa ff ff 48 83 e8 01 e9 81 f9 ff ff 45 31 c9 49 c7
[   20.480020] RSP: 0000:ffffb3e4008ffd80 EFLAGS: 00010246
[   20.487939] RAX: ffff968283554100 RBX: ffff9682823d78a0 RCX: 00000000035f3000
[   20.496004] RDX: 0000000000000000 RSI: 000ffffffffff000 RDI: ffff9682833d5140
[   20.500991] RBP: ffffb3e400013a88 R08: 0000000000000000 R09: 00000000000001dc
[   20.508657] R10: ffff9682fdc2fac0 R11: 0000000000000001 R12: ffff9682835d4700
[   20.516678] R13: 0000000000000000 R14: ffffffffb533a1c0 R15: ffffb3e400013ac8
[   20.522532] FS:  0000000000000000(0000) GS:ffff96834656d000(0000) knlGS:0000000000000000
[   20.529891] CS:  0010 DS: 0000 ES: 0000 CR0: 0000000080050033
[   20.533849] CR2: ffff9682aa201000 CR3: 0000000029430000 CR4: 00000000000006f0
[   20.540016] Call Trace:
[   20.542537]  <TASK>
[   20.544387]  ? finish_task_switch.isra.0+0x76/0x250
[   20.548674]  kunit_try_run_case+0x6f/0x150
[   20.552462]  ? __pfx_kunit_generic_run_threadfn_adapter+0x10/0x10
[   20.558119]  kunit_generic_run_threadfn_adapter+0x1c/0x40
[   20.563082]  kthread+0xff/0x1f0
[   20.566955]  ? __pfx_kthread+0x10/0x10
[   20.570627]  ? __pfx_kthread+0x10/0x10
[   20.574150]  ret_from_fork+0x144/0x160
[   20.577320]  ? __pfx_kthread+0x10/0x10
[   20.580854]  ret_from_fork_asm+0x1a/0x30
[   20.584664]  </TASK>
[   20.586829] ---[ end trace 0000000000000000 ]---
[   20.592929]     ok 15 corten_fault_test_foll_force
[   20.598406]     ok 16 corten_fault_test_cow_race
[   20.603922]     ok 17 corten_fault_test_mprotect_pte
[   20.611001]     ok 18 corten_fault_test_mprotect_fresh
[   20.625366]     ok 19 corten_fault_test_zap_keep_perm
[   20.635478]     ok 20 corten_fault_test_zap_keep_perm_downgrade
[   20.649541]     ok 21 corten_fault_test_untracked_rearm
[   20.664078]     ok 22 corten_fault_test_fill_upper_race
[   20.675577]     ok 23 corten_fault_test_map_race
[   20.681026]     ok 24 corten_fault_test_chunk_unmap
[   20.690037]     ok 25 corten_fault_test_punch_hole
[   20.701247]     ok 26 corten_fault_test_punch_head
[   20.705425] # corten_fault: pass:26 fail:0 skip:0 total:26
[   20.712681] # Totals: pass:26 fail:0 skip:0 total:26
[   20.717120] ok 3 corten_fault
[   20.737227] check access for rdinit=/init failed: -2, ignoring
[   20.741407] md: Waiting for all devices to be available before autodetect
[   20.745880] md: If you don't use raid, use raid=noautodetect
[   20.751210] md: Autodetecting RAID arrays.
[   20.754112] md: autorun ...
[   20.755577] md: ... autorun DONE.
[   20.763933] /dev/root: Can't open blockdev
[   20.766941] VFS: Cannot open root device "" or unknown-block(0,0): error -6
[   20.770610] Please append a correct "root=" boot option; here are the available partitions:
[   20.777439] 0b00         1048575 sr0 
[   20.777448]  driver: sr
[   20.785605] List of all bdev filesystems:
[   20.790747]  ext3
[   20.790755]  ext2
[   20.792844]  ext4
[   20.795687]  vfat
[   20.797002]  msdos
[   20.799934]  iso9660
[   20.800758]  f2fs
[   20.802712]  erofs
[   20.807025] 
[   20.809543] Kernel panic - not syncing: VFS: Unable to mount root fs on unknown-block(0,0)
[   20.813723] CPU: 1 UID: 0 PID: 1 Comm: swapper/0 Tainted: G        W        N  6.18.32-g1f8dfc78ae9f-dirty #5 PREEMPT(voluntary) 
[   20.820783] Tainted: [W]=WARN, [N]=TEST
[   20.823601] Hardware name: QEMU Standard PC (i440FX + PIIX, 1996), BIOS 1.15.0-1 04/01/2014
[   20.827251] Call Trace:
[   20.829690]  <TASK>
[   20.831310]  vpanic+0x34f/0x360
[   20.833149]  panic+0x56/0x60
[   20.833789]  mount_root_generic+0x1ff/0x320
[   20.838275]  prepare_namespace+0x63/0x270
[   20.841223]  kernel_init_freeable+0x29f/0x2f0
[   20.843989]  ? __pfx_kernel_init+0x10/0x10
[   20.846052]  kernel_init+0x15/0x1c0
[   20.847828]  ret_from_fork+0x144/0x160
[   20.850904]  ? __pfx_kernel_init+0x10/0x10
[   20.853815]  ret_from_fork_asm+0x1a/0x30
[   20.856651]  </TASK>
[   20.861091] Kernel Offset: 0x33a00000 from 0xffffffff81000000 (relocation range: 0xffffffff80000000-0xffffffffbfffffff)
