qemu-system-x86_64: warning: host doesn't support requested feature: CPUID.80000001H:ECX.svm [bit 2]
qemu-system-x86_64: warning: host doesn't support requested feature: CPUID.80000001H:ECX.svm [bit 2]
qemu-system-x86_64: warning: host doesn't support requested feature: CPUID.80000001H:ECX.svm [bit 2]
qemu-system-x86_64: warning: host doesn't support requested feature: CPUID.80000001H:ECX.svm [bit 2]
c[?7l[2J[0mSeaBIOS (version 1.15.0-1)


iPXE (https://ipxe.org) 00:03.0 CA00 PCI2.10 PnP PMM+7FF8B310+7FECB310 CA00
Press Ctrl-B to configure iPXE (PCI 00:03.0)...                                                                               


Booting from ROM...
c[?7l[2J[    0.000000] Linux version 6.18.32-gb51754002f2f-dirty (ppw@vm) (gcc (Ubuntu 11.4.0-1ubuntu1~22.04.3) 11.4.0, GNU ld (GNU Binutils for Ubuntu) 2.38) #10 SMP PREEMPT_DYNAMIC Sun Sep 20 17:30:43 CST 2026
[    0.000000] Command line: console=ttyS0 panic=-1 kunit.filter_glob=corten*
[    0.000000] x86/CPU: Model not found in latest microcode list
[    0.000000] BIOS-provided physical RAM map:
[    0.000000] BIOS-e820: [mem 0x0000000000000000-0x000000000009fbff] usable
[    0.000000] BIOS-e820: [mem 0x000000000009fc00-0x000000000009ffff] reserved
[    0.000000] BIOS-e820: [mem 0x00000000000f0000-0x00000000000fffff] reserved
[    0.000000] BIOS-e820: [mem 0x0000000000100000-0x000000007ffdffff] usable
[    0.000000] BIOS-e820: [mem 0x000000007ffe0000-0x000000007fffffff] reserved
[    0.000000] BIOS-e820: [mem 0x00000000feffc000-0x00000000feffffff] reserved
[    0.000000] BIOS-e820: [mem 0x00000000fffc0000-0x00000000ffffffff] reserved
[    0.000000] NX (Execute Disable) protection: active
[    0.000000] APIC: Static calls initialized
[    0.000000] SMBIOS 2.8 present.
[    0.000000] DMI: QEMU Standard PC (i440FX + PIIX, 1996), BIOS 1.15.0-1 04/01/2014
[    0.000000] DMI: Memory slots populated: 1/1
[    0.000000] Hypervisor detected: KVM
[    0.000000] last_pfn = 0x7ffe0 max_arch_pfn = 0x400000000
[    0.000000] kvm-clock: Using msrs 4b564d01 and 4b564d00
[    0.000004] kvm-clock: using sched offset of 2128048103 cycles
[    0.000009] clocksource: kvm-clock: mask: 0xffffffffffffffff max_cycles: 0x1cd42e4dffb, max_idle_ns: 881590591483 ns
[    0.001427] tsc: Detected 2419.196 MHz processor
[    0.004481] last_pfn = 0x7ffe0 max_arch_pfn = 0x400000000
[    0.005239] MTRR map: 4 entries (3 fixed + 1 variable; max 19), built from 8 variable MTRRs
[    0.005266] x86/PAT: Configuration [0-7]: WB  WC  UC- UC  WB  WP  UC- WT  
[    0.023973] found SMP MP-table at [mem 0x000f5ba0-0x000f5baf]
[    0.024639] ACPI: Early table checksum verification disabled
[    0.024791] ACPI: RSDP 0x00000000000F59E0 000014 (v00 BOCHS )
[    0.024920] ACPI: RSDT 0x000000007FFE1A1C 000034 (v01 BOCHS  BXPC     00000001 BXPC 00000001)
[    0.025019] ACPI: FACP 0x000000007FFE18B8 000074 (v01 BOCHS  BXPC     00000001 BXPC 00000001)
[    0.025119] ACPI: DSDT 0x000000007FFE0040 001878 (v01 BOCHS  BXPC     00000001 BXPC 00000001)
[    0.025184] ACPI: FACS 0x000000007FFE0000 000040
[    0.025190] ACPI: APIC 0x000000007FFE192C 000090 (v01 BOCHS  BXPC     00000001 BXPC 00000001)
[    0.025196] ACPI: HPET 0x000000007FFE19BC 000038 (v01 BOCHS  BXPC     00000001 BXPC 00000001)
[    0.025202] ACPI: WAET 0x000000007FFE19F4 000028 (v01 BOCHS  BXPC     00000001 BXPC 00000001)
[    0.025207] ACPI: Reserving FACP table memory at [mem 0x7ffe18b8-0x7ffe192b]
[    0.025211] ACPI: Reserving DSDT table memory at [mem 0x7ffe0040-0x7ffe18b7]
[    0.025213] ACPI: Reserving FACS table memory at [mem 0x7ffe0000-0x7ffe003f]
[    0.025215] ACPI: Reserving APIC table memory at [mem 0x7ffe192c-0x7ffe19bb]
[    0.025216] ACPI: Reserving HPET table memory at [mem 0x7ffe19bc-0x7ffe19f3]
[    0.025218] ACPI: Reserving WAET table memory at [mem 0x7ffe19f4-0x7ffe1a1b]
[    0.030580] No NUMA configuration found
[    0.030584] Faking a node at [mem 0x0000000000000000-0x000000007ffdffff]
[    0.030594] NODE_DATA(0) allocated [mem 0x7ffdc140-0x7ffdffff]
[    0.031897] Zone ranges:
[    0.031900]   DMA      [mem 0x0000000000001000-0x0000000000ffffff]
[    0.031905]   DMA32    [mem 0x0000000001000000-0x000000007ffdffff]
[    0.031909]   Normal   empty
[    0.031911] Movable zone start for each node
[    0.031913] Early memory node ranges
[    0.031914]   node   0: [mem 0x0000000000001000-0x000000000009efff]
[    0.031917]   node   0: [mem 0x0000000000100000-0x000000007ffdffff]
[    0.031921] Initmem setup node 0 [mem 0x0000000000001000-0x000000007ffdffff]
[    0.039309] On node 0, zone DMA: 1 pages in unavailable ranges
[    0.044655] On node 0, zone DMA: 97 pages in unavailable ranges
[    1.412711] On node 0, zone DMA32: 32 pages in unavailable ranges
[    1.416404] ACPI: PM-Timer IO Port: 0x608
[    1.416493] ACPI: LAPIC_NMI (acpi_id[0xff] dfl dfl lint[0x1])
[    1.417726] IOAPIC[0]: apic_id 0, version 17, address 0xfec00000, GSI 0-23
[    1.417738] ACPI: INT_SRC_OVR (bus 0 bus_irq 0 global_irq 2 dfl dfl)
[    1.417742] ACPI: INT_SRC_OVR (bus 0 bus_irq 5 global_irq 5 high level)
[    1.417745] ACPI: INT_SRC_OVR (bus 0 bus_irq 9 global_irq 9 high level)
[    1.417780] ACPI: INT_SRC_OVR (bus 0 bus_irq 10 global_irq 10 high level)
[    1.417783] ACPI: INT_SRC_OVR (bus 0 bus_irq 11 global_irq 11 high level)
[    1.417792] ACPI: Using ACPI (MADT) for SMP configuration information
[    1.417794] ACPI: HPET id: 0x8086a201 base: 0xfed00000
[    1.417814] CPU topo: Max. logical packages:   1
[    1.417816] CPU topo: Max. logical dies:       1
[    1.417817] CPU topo: Max. dies per package:   1
[    1.417826] CPU topo: Max. threads per core:   1
[    1.417860] CPU topo: Num. cores per package:     4
[    1.417862] CPU topo: Num. threads per package:   4
[    1.417863] CPU topo: Allowing 4 present CPUs plus 0 hotplug CPUs
[    1.417981] kvm-guest: APIC: eoi() replaced with kvm_guest_apic_eoi_write()
[    1.418701] PM: hibernation: Registered nosave memory: [mem 0x00000000-0x00000fff]
[    1.418706] PM: hibernation: Registered nosave memory: [mem 0x0009f000-0x000fffff]
[    1.418710] [mem 0x80000000-0xfeffbfff] available for PCI devices
[    1.418735] Booting paravirtualized kernel on KVM
[    1.418777] clocksource: refined-jiffies: mask: 0xffffffff max_cycles: 0xffffffff, max_idle_ns: 1910969940391419 ns
[    1.447492] setup_percpu: NR_CPUS:64 nr_cpumask_bits:4 nr_cpu_ids:4 nr_node_ids:1
[    1.548754] percpu: Embedded 54 pages/cpu s182680 r8192 d30312 u524288
[    1.549075] Kernel command line: console=ttyS0 panic=-1 kunit.filter_glob=corten*
[    1.550556] printk: log buffer data + meta data: 262144 + 917504 = 1179648 bytes
[    1.647722] Dentry cache hash table entries: 262144 (order: 9, 2097152 bytes, linear)
[    1.673944] Inode-cache hash table entries: 131072 (order: 8, 1048576 bytes, linear)
[    1.675704] Fallback order for Node 0: 0 
[    1.675740] Built 1 zonelists, mobility grouping on.  Total pages: 524158
[    1.675745] Policy zone: DMA32
[    1.675751] mem auto-init: stack:off, heap alloc:off, heap free:off
[    1.712419] SLUB: HWalign=64, Order=0-3, MinObjects=0, CPUs=4, Nodes=1
[    1.712781] Kernel/User page tables isolation: enabled
[    1.740195] Dynamic Preempt: voluntary
[    1.752526] rcu: Preemptible hierarchical RCU implementation.
[    1.752532] rcu: 	RCU event tracing is enabled.
[    1.752533] rcu: 	RCU restricting CPUs from NR_CPUS=64 to nr_cpu_ids=4.
[    1.752539] 	Trampoline variant of Tasks RCU enabled.
[    1.752540] 	Tracing variant of Tasks RCU enabled.
[    1.752542] rcu: RCU calculated value of scheduler-enlistment delay is 100 jiffies.
[    1.752544] rcu: Adjusting geometry for rcu_fanout_leaf=16, nr_cpu_ids=4
[    1.752611] RCU Tasks: Setting shift to 2 and lim to 1 rcu_task_cb_adjust=1 rcu_task_cpu_ids=4.
[    1.752617] RCU Tasks Trace: Setting shift to 2 and lim to 1 rcu_task_cb_adjust=1 rcu_task_cpu_ids=4.
[    1.774012] NR_IRQS: 4352, nr_irqs: 456, preallocated irqs: 16
[    1.775533] rcu: srcu_init: Setting srcu_struct sizes based on contention.
[    1.866664] Console: colour VGA+ 80x25
[    1.867254] printk: legacy console [ttyS0] enabled
[    2.575677] ACPI: Core revision 20250807
[    2.582858] clocksource: hpet: mask: 0xffffffff max_cycles: 0xffffffff, max_idle_ns: 19112604467 ns
[    2.598481] APIC: Switch to symmetric I/O mode setup
[    2.614167] x2apic enabled
[    2.625997] APIC: Switched APIC routing to: physical x2apic
[    2.659499] ..TIMER: vector=0x30 apic1=0 pin1=2 apic2=-1 pin2=-1
[    2.667713] clocksource: tsc-early: mask: 0xffffffffffffffff max_cycles: 0x22df0d21928, max_idle_ns: 440795225288 ns
[    2.680744] Calibrating delay loop (skipped) preset value.. 4838.39 BogoMIPS (lpj=2419196)
[    2.685445] Last level iTLB entries: 4KB 0, 2MB 0, 4MB 0
[    2.685748] Last level dTLB entries: 4KB 0, 2MB 0, 4MB 0, 1GB 0
[    2.686769] mitigations: Enabled attack vectors: user_kernel, user_user, SMT mitigations: auto
[    2.687817] Speculative Store Bypass: Vulnerable
[    2.688753] Spectre V2 : Mitigation: Retpolines
[    2.689744] ITS: Mitigation: Aligned branch/return thunks
[    2.690751] MDS: Vulnerable: Clear CPU buffers attempted, no microcode
[    2.691745] Spectre V1 : Mitigation: usercopy/swapgs barriers and __user pointer sanitization
[    2.692745] Spectre V2 : Spectre v2 / SpectreRSB: Filling RSB on context switch and VMEXIT
[    2.693752] active return thunk: its_return_thunk
[    2.694873] x86/fpu: x87 FPU will use FXSAVE
[    2.813147] Freeing SMP alternatives memory: 64K
[    2.813795] pid_max: default: 32768 minimum: 301
[    2.815124] LSM: initializing lsm=capability,selinux
[    2.815757] SELinux:  Initializing.
[    2.818026] Mount-cache hash table entries: 4096 (order: 3, 32768 bytes, linear)
[    2.818891] Mountpoint-cache hash table entries: 4096 (order: 3, 32768 bytes, linear)
[    2.923238] smpboot: CPU0: Intel QEMU Virtual CPU version 2.5+ (family: 0xf, model: 0x6b, stepping: 0x1)
[    2.928622] Performance Events: unsupported Netburst CPU model 107 no PMU driver, software events only.
[    2.931610] signal: max sigframe size: 1440
[    2.933834] rcu: Hierarchical SRCU implementation.
[    2.934748] rcu: 	Max phase no-delay instances is 400.
[    2.941536] Timer migration: 1 hierarchy levels; 8 children per group; 1 crossnode level
[    2.962967] smp: Bringing up secondary CPUs ...
[    2.969997] smpboot: x86: Booting SMP configuration:
[    2.970750] .... node  #0, CPUs:      #1 #2 #3
[    3.009851] smp: Brought up 1 node, 4 CPUs
[    3.011745] smpboot: Total of 4 processors activated (19353.56 BogoMIPS)
[    3.018535] Memory: 2006936K/2096632K available (21390K kernel code, 3198K rwdata, 8936K rodata, 3256K init, 1208K bss, 84532K reserved, 0K cma-reserved)
[    3.027732] devtmpfs: initialized
[    3.042946] clocksource: jiffies: mask: 0xffffffff max_cycles: 0xffffffff, max_idle_ns: 1911260446275000 ns
[    3.043762] posixtimers hash table entries: 2048 (order: 3, 32768 bytes, linear)
[    3.050739] futex hash table entries: 1024 (65536 bytes on 1 NUMA nodes, total 64 KiB, linear).
[    3.053732] PM: RTC time: 10:24:49, date: 2026-09-20
[    3.149526] NET: Registered PF_NETLINK/PF_ROUTE protocol family
[    3.151857] audit: initializing netlink subsys (disabled)
[    3.155786] audit: type=2000 audit(1789899888.512:1): state=initialized audit_enabled=0 res=1
[    3.159481] thermal_sys: Registered thermal governor 'step_wise'
[    3.160756] cpuidle: using governor menu
[    3.167396] PCI: Using configuration type 1 for base access
[    3.174871] kprobes: kprobe jump-optimization is enabled. All kprobes are optimized if possible.
[    3.194743] HugeTLB: registered 2.00 MiB page size, pre-allocated 0 pages
[    3.198743] HugeTLB: 28 KiB vmemmap can be freed for a 2.00 MiB page
[    3.209254] ACPI: Added _OSI(Module Device)
[    3.211746] ACPI: Added _OSI(Processor Device)
[    3.216748] ACPI: Added _OSI(Processor Aggregator Device)
[    3.226181] ACPI: 1 ACPI AML tables successfully acquired and loaded
[    3.246972] ACPI: Interpreter enabled
[    3.250797] ACPI: PM: (supports S0 S3 S4 S5)
[    3.254747] ACPI: Using IOAPIC for interrupt routing
[    3.258776] PCI: Using host bridge windows from ACPI; if necessary, use "pci=nocrs" and report a bug
[    3.263739] PCI: Using E820 reservations for host bridge windows
[    3.269071] ACPI: Enabled 2 GPEs in block 00 to 0F
[    3.286362] ACPI: PCI Root Bridge [PCI0] (domain 0000 [bus 00-ff])
[    3.289752] acpi PNP0A03:00: _OSC: OS supports [ASPM ClockPM Segments MSI HPX-Type3]
[    3.296742] acpi PNP0A03:00: _OSC: not requesting OS control; OS requires [ExtendedConfig ASPM ClockPM MSI]
[    3.304768] acpi PNP0A03:00: fail to add MMCONFIG information, can't access extended configuration space under this bridge
[    3.314807] PCI host bridge to bus 0000:00
[    3.318742] pci_bus 0000:00: root bus resource [io  0x0000-0x0cf7 window]
[    3.323749] pci_bus 0000:00: root bus resource [io  0x0d00-0xffff window]
[    3.327749] pci_bus 0000:00: root bus resource [mem 0x000a0000-0x000bffff window]
[    3.334746] pci_bus 0000:00: root bus resource [mem 0x80000000-0xfebfffff window]
[    3.346745] pci_bus 0000:00: root bus resource [mem 0x100000000-0x17fffffff window]
[    3.353747] pci_bus 0000:00: root bus resource [bus 00-ff]
[    3.358831] pci 0000:00:00.0: [8086:1237] type 00 class 0x060000 conventional PCI endpoint
[    3.371474] pci 0000:00:01.0: [8086:7000] type 00 class 0x060100 conventional PCI endpoint
[    3.380906] pci 0000:00:01.1: [8086:7010] type 00 class 0x010180 conventional PCI endpoint
[    3.390732] pci 0000:00:01.1: BAR 4 [io  0xc040-0xc04f]
[    3.396739] pci 0000:00:01.1: BAR 0 [io  0x01f0-0x01f7]: legacy IDE quirk
[    3.405737] pci 0000:00:01.1: BAR 1 [io  0x03f6]: legacy IDE quirk
[    3.411744] pci 0000:00:01.1: BAR 2 [io  0x0170-0x0177]: legacy IDE quirk
[    3.417752] pci 0000:00:01.1: BAR 3 [io  0x0376]: legacy IDE quirk
[    3.425260] pci 0000:00:01.3: [8086:7113] type 00 class 0x068000 conventional PCI endpoint
[    3.434203] pci 0000:00:01.3: quirk: [io  0x0600-0x063f] claimed by PIIX4 ACPI
[    3.439832] pci 0000:00:01.3: quirk: [io  0x0700-0x070f] claimed by PIIX4 SMB
[    3.444732] pci 0000:00:02.0: [1234:1111] type 00 class 0x030000 conventional PCI endpoint
[    3.460172] pci 0000:00:02.0: BAR 0 [mem 0xfd000000-0xfdffffff pref]
[    3.463884] pci 0000:00:02.0: BAR 2 [mem 0xfebb0000-0xfebb0fff]
[    3.466999] pci 0000:00:02.0: ROM [mem 0xfeba0000-0xfebaffff pref]
[    3.478132] pci 0000:00:02.0: Video device with shadowed ROM at [mem 0x000c0000-0x000dffff]
[    3.505538] pci 0000:00:03.0: [8086:100e] type 00 class 0x020000 conventional PCI endpoint
[    3.519822] pci 0000:00:03.0: BAR 0 [mem 0xfeb80000-0xfeb9ffff]
[    3.525839] pci 0000:00:03.0: BAR 1 [io  0xc000-0xc03f]
[    3.528962] pci 0000:00:03.0: ROM [mem 0xfeb00000-0xfeb7ffff pref]
[    3.549070] ACPI: PCI: Interrupt link LNKA configured for IRQ 10
[    3.553593] ACPI: PCI: Interrupt link LNKB configured for IRQ 10
[    3.557064] ACPI: PCI: Interrupt link LNKC configured for IRQ 11
[    3.561101] ACPI: PCI: Interrupt link LNKD configured for IRQ 11
[    3.567043] ACPI: PCI: Interrupt link LNKS configured for IRQ 9
[    3.580742] iommu: Default domain type: Translated
[    3.587744] iommu: DMA domain TLB invalidation policy: lazy mode
[    3.618770] SCSI subsystem initialized
[    3.643780] ACPI: bus type USB registered
[    3.655914] usbcore: registered new interface driver usbfs
[    3.662120] usbcore: registered new interface driver hub
[    3.669793] usbcore: registered new device driver usb
[    3.680820] pps_core: LinuxPPS API ver. 1 registered
[    3.686741] pps_core: Software ver. 5.3.6 - Copyright 2005-2007 Rodolfo Giometti <giometti@linux.it>
[    3.696022] PTP clock support registered
[    3.702507] Advanced Linux Sound Architecture Driver Initialized.
[    3.719543] NetLabel: Initializing
[    3.723742] NetLabel:  domain hash size = 128
[    3.728747] NetLabel:  protocols = UNLABELED CIPSOv4 CALIPSO
[    3.736433] NetLabel:  unlabeled traffic allowed by default
[    3.751182] PCI: Using ACPI for IRQ routing
[    3.759061] pci 0000:00:02.0: vgaarb: setting as boot VGA device
[    3.759732] pci 0000:00:02.0: vgaarb: bridge control possible
[    3.759732] pci 0000:00:02.0: vgaarb: VGA device added: decodes=io+mem,owns=io+mem,locks=none
[    3.782743] vgaarb: loaded
[    3.788061] hpet: 3 channels of 0 reserved for per-cpu timers
[    3.794240] hpet0: at MMIO 0xfed00000, IRQs 2, 8, 0
[    3.800745] hpet0: 3 comparators, 64-bit 100.000000 MHz counter
[    3.813709] clocksource: Switched to clocksource kvm-clock
[    3.841783] VFS: Disk quotas dquot_6.6.0
[    3.847169] VFS: Dquot-cache hash table entries: 512 (order 0, 4096 bytes)
[    3.873396] pnp: PnP ACPI init
[    3.881605] pnp: PnP ACPI: found 6 devices
[    4.004452] clocksource: acpi_pm: mask: 0xffffff max_cycles: 0xffffff, max_idle_ns: 2085701024 ns
[    4.017527] NET: Registered PF_INET protocol family
[    4.037021] IP idents hash table entries: 32768 (order: 6, 262144 bytes, linear)
[    4.058593] tcp_listen_portaddr_hash hash table entries: 1024 (order: 2, 16384 bytes, linear)
[    4.072603] Table-perturb hash table entries: 65536 (order: 6, 262144 bytes, linear)
[    4.085833] TCP established hash table entries: 16384 (order: 5, 131072 bytes, linear)
[    4.100458] TCP bind hash table entries: 16384 (order: 7, 524288 bytes, linear)
[    4.148179] TCP: Hash tables configured (established 16384 bind 16384)
[    4.166516] UDP hash table entries: 1024 (order: 4, 65536 bytes, linear)
[    4.182568] UDP-Lite hash table entries: 1024 (order: 4, 65536 bytes, linear)
[    4.208160] NET: Registered PF_UNIX/PF_LOCAL protocol family
[    4.227182] RPC: Registered named UNIX socket transport module.
[    4.233873] RPC: Registered udp transport module.
[    4.240759] RPC: Registered tcp transport module.
[    4.247484] RPC: Registered tcp-with-tls transport module.
[    4.253691] RPC: Registered tcp NFSv4.1 backchannel transport module.
[    4.269532] pci_bus 0000:00: resource 4 [io  0x0000-0x0cf7 window]
[    4.277650] pci_bus 0000:00: resource 5 [io  0x0d00-0xffff window]
[    4.285239] pci_bus 0000:00: resource 6 [mem 0x000a0000-0x000bffff window]
[    4.294541] pci_bus 0000:00: resource 7 [mem 0x80000000-0xfebfffff window]
[    4.302321] pci_bus 0000:00: resource 8 [mem 0x100000000-0x17fffffff window]
[    4.311059] pci 0000:00:01.0: PIIX3: Enabling Passive Release
[    4.317400] pci 0000:00:00.0: Limiting direct PCI/PCI transfers
[    4.323099] PCI: CLS 0 bytes, default 64
[    4.334108] clocksource: tsc: mask: 0xffffffffffffffff max_cycles: 0x22df0d21928, max_idle_ns: 440795225288 ns
[    4.372755] Initialise system trusted keyrings
[    4.379667] workingset: timestamp_bits=40 max_order=19 bucket_order=0
[    4.388137] NFS: Registering the id_resolver key type
[    4.392525] Key type id_resolver registered
[    4.396510] Key type id_legacy registered
[    4.402463] 9p: Installing v9fs 9p2000 file system support
[    4.462156] Key type asymmetric registered
[    4.465919] Asymmetric key parser 'x509' registered
[    4.471115] Block layer SCSI generic (bsg) driver version 0.4 loaded (major 251)
[    4.478848] io scheduler mq-deadline registered
[    4.483140] io scheduler kyber registered
[    4.491680] input: Power Button as /devices/LNXSYSTM:00/LNXPWRBN:00/input/input0
[    4.500176] ACPI: button: Power Button [PWRF]
[    4.514802] Serial: 8250/16550 driver, 4 ports, IRQ sharing enabled
[    4.521623] 00:04: ttyS0 at I/O 0x3f8 (irq = 4, base_baud = 115200) is a 16550A
[    4.539960] Non-volatile memory driver v1.3
[    4.544142] Linux agpgart interface v0.103
[    4.830601] ACPI: bus type drm_connector registered
[    4.944808] loop: module loaded
[    4.950861] zram: Added device: zram0
[    4.968363] scsi host0: ata_piix
[    4.973894] scsi host1: ata_piix
[    4.978179] ata1: PATA max MWDMA2 cmd 0x1f0 ctl 0x3f6 bmdma 0xc040 irq 14 lpm-pol 0
[    4.985857] ata2: PATA max MWDMA2 cmd 0x170 ctl 0x376 bmdma 0xc048 irq 15 lpm-pol 0
[    4.998212] tun: Universal TUN/TAP device driver, 1.6
[    5.005150] e100: Intel(R) PRO/100 Network Driver
[    5.010465] e100: Copyright(c) 1999-2006 Intel Corporation
[    5.016819] e1000: Intel(R) PRO/1000 Network Driver
[    5.021076] e1000: Copyright (c) 1999-2006 Intel Corporation.
[    5.070684] ACPI: \_SB_.LNKC: Enabled at IRQ 11
[    5.153997] ata2: found unknown device (class 0)
[    5.163893] ata2.00: ATAPI: QEMU DVD-ROM, 2.5+, max UDMA/100
[    5.178718] scsi 1:0:0:0: CD-ROM            QEMU     QEMU DVD-ROM     2.5+ PQ: 0 ANSI: 5
[    5.226914] sr 1:0:0:0: [sr0] scsi3-mmc drive: 4x/4x cd/rw xa/form2 tray
[    5.233173] cdrom: Uniform CD-ROM driver Revision: 3.20
[    5.262938] sr 1:0:0:0: Attached scsi generic sg0 type 5
[    6.317202] e1000 0000:00:03.0 eth0: (PCI:33MHz:32-bit) 52:54:00:12:34:56
[    6.320529] e1000 0000:00:03.0 eth0: Intel(R) PRO/1000 Network Connection
[    6.323738] e1000e: Intel(R) PRO/1000 Network Driver
[    6.326120] e1000e: Copyright(c) 1999 - 2015 Intel Corporation.
[    6.328960] sky2: driver version 1.30
[    6.331778] usbcore: registered new interface driver usblp
[    6.334491] usbcore: registered new interface driver usb-storage
[    6.337634] i8042: PNP: PS/2 Controller [PNP0303:KBD,PNP0f13:MOU] at 0x60,0x64 irq 1,12
[    6.347604] serio: i8042 KBD port at 0x60,0x64 irq 1
[    6.354270] serio: i8042 AUX port at 0x60,0x64 irq 12
[    6.372557] rtc_cmos 00:05: RTC can wake from S4
[    6.388248] input: AT Translated Set 2 keyboard as /devices/platform/i8042/serio0/input/input1
[    6.393017] rtc_cmos 00:05: registered as rtc0
[    6.406191] rtc_cmos 00:05: alarms up to one day, y3k, 242 bytes nvram, hpet irqs
[    6.421493] device-mapper: ioctl: 4.50.0-ioctl (2025-04-28) initialised: dm-devel@lists.linux.dev
[    6.439040] intel_pstate: CPU model not supported
[    6.446677] hid: raw HID events driver (C) Jiri Kosina
[    6.456902] usbcore: registered new interface driver usbhid
[    6.465893] usbhid: USB HID core driver
[    6.487372] xt_time: kernel timezone is -0000
[    6.493279] Initializing XFRM netlink socket
[    6.498504] NET: Registered PF_INET6 protocol family
[    6.517836] Segment Routing with IPv6
[    6.521677] In-situ OAM (IOAM) with IPv6
[    6.525557] sit: IPv6, IPv4 and MPLS over IPv4 tunneling driver
[    6.533701] NET: Registered PF_PACKET protocol family
[    6.543517] NET: Registered PF_KEY protocol family
[    6.553195] 9pnet: Installing 9P2000 support
[    6.558309] Key type dns_resolver registered
[    6.564960] NET: Registered PF_VSOCK protocol family
[    6.580794] IPI shorthand broadcast: enabled
[    6.615863] sched_clock: Marking stable (5727080306, 888158416)->(7365937311, -750698589)
[    6.634856] registered taskstats version 1
[    6.641886] Loading compiled-in X.509 certificates
[    6.687466] Demotion targets for Node 0: null
[    6.695536] Key type .fscrypt registered
[    6.701348] Key type fscrypt-provisioning registered
[    6.708903] PM:   Magic number: 10:954:426
[    6.712834] netconsole: network logging started
[    6.717893] cfg80211: Loading compiled-in X.509 certificates for regulatory database
[    6.734317] kworker/u16:1 (73) used greatest stack depth: 14272 bytes left
[    6.749711] Loaded X.509 cert 'sforshee: 00b28ddf47aef9cea7'
[    6.754662] Loaded X.509 cert 'wens: 61c038651aabdcf94bd0ac7ff06c7248db18c600'
[    6.761960] ALSA device list:
[    6.766335] faux_driver regulatory: Direct firmware load for regulatory.db failed with error -2
[    6.767012]   No soundcards found.
[    6.776328] cfg80211: failed to load regulatory.db
[    6.782475] KTAP version 1
[    6.788134] 1..3
[    6.794169]     KTAP version 1
[    6.799756]     # Subtest: corten
[    6.804538]     # module: corten_test
[    6.804601]     1..25
[    6.820922]     ok 1 corten_test_layout
[    6.829416]     ok 2 corten_test_ptdesc_get_put
[    6.857677]     ok 3 corten_test_meta_roundtrip
[    6.866798]     ok 4 corten_test_meta_reinit_cleared
[    6.873392]     ok 5 corten_test_covering_level
[    6.877754]     ok 6 corten_test_covering_base_index
[    6.882742]     ok 7 corten_test_txn_covering
[    6.886875]     ok 8 corten_test_txn_hole
[    6.890386] kunit_try_catch (93) used greatest stack depth: 14144 bytes left
[    6.891087]     ok 9 corten_test_txn_stale_eagain
[    6.897714]     ok 10 corten_test_lock_range_args
[    6.905714]     ok 11 corten_test_txn_state_machine
[    6.913661]     ok 12 corten_test_txn_atomic_validate
[    6.925575]     ok 13 corten_test_txn_real_glue
[    7.008861] input: ImExPS/2 Generic Explorer Mouse as /devices/platform/i8042/serio1/input/input3
[    7.011362]     ok 14 corten_test_txn_mutex_overlap
[    7.057786]     ok 15 corten_test_txn_mutex_disjoint
[    7.069100]     ok 16 corten_test_fail_alloc
[    7.082130]     ok 17 corten_test_txn_hole_fill
[    7.097313]     ok 18 corten_test_txn_hole_race
[    7.538839]     ok 19 corten_test_txn_uninstall_interlock
[    7.545473]     ok 20 corten_test_uninstall_bh_ctx
[    7.552575] ------------[ cut here ]------------
[    7.565186] WARNING: CPU: 2 PID: 125 at mm/corten.c:865 corten_txn_begin+0x191/0x4b0
[    7.573756] Modules linked in:
[    7.576104] CPU: 2 UID: 0 PID: 125 Comm: kunit_try_catch Tainted: G                 N  6.18.32-gb51754002f2f-dirty #10 PREEMPT(voluntary) 
[    7.587715] Tainted: [N]=TEST
[    7.590371] Hardware name: QEMU Standard PC (i440FX + PIIX, 1996), BIOS 1.15.0-1 04/01/2014
[    7.596356] RIP: 0010:corten_txn_begin+0x191/0x4b0
[    7.599794] Code: 02 00 00 4c 89 ff 48 89 04 24 e8 fa b4 f4 00 4c 89 ff e8 02 b7 f4 00 48 8b 04 24 41 0f b6 4f 25 38 48 25 0f 87 65 ff ff ff 90 <0f> 0b 90 41 80 7e 48 04 0f 86 61 ff ff ff 90 0f 0b 90 48 89 c7 e8
[    7.605679] RSP: 0000:ffffa8f6004e7da0 EFLAGS: 00010246
[    7.612685] RAX: ffff996f830f49c0 RBX: 0000000000000fff RCX: 0000000000000002
[    7.623632] RDX: 0000000000000003 RSI: 0000000000000012 RDI: ffff996f831ab0c0
[    7.633084] RBP: 0000000000000000 R08: ffff996f81d67600 R09: ffffa8f6004e7e00
[    7.649980] R10: ffffa8f6004e7d58 R11: 0000000000000006 R12: ffffffffb263e510
[    7.661298] R13: ffff996f81d67600 R14: ffffa8f6004e7e00 R15: ffff996f830f4960
[    7.670903] FS:  0000000000000000(0000) GS:ffff99704a06c000(0000) knlGS:0000000000000000
[    7.692489] CS:  0010 DS: 0000 ES: 0000 CR0: 0000000080050033
[    7.700828] CR2: 0000000000000000 CR3: 0000000048c30000 CR4: 00000000000006f0
[    7.713326] Call Trace:
[    7.716306]  <TASK>
[    7.719432]  ? __pfx_kunit_generic_run_threadfn_adapter+0x10/0x10
[    7.729002]  corten_test_txn_path_overflow+0xb5/0x2a0
[    7.737523]  ? psi_task_switch+0x107/0x290
[    7.742794]  kunit_try_run_case+0x6f/0x150
[    7.749019]  ? __pfx_kunit_generic_run_threadfn_adapter+0x10/0x10
[    7.758471]  kunit_generic_run_threadfn_adapter+0x1c/0x40
[    7.768536]  kthread+0xff/0x1f0
[    7.771701]  ? __pfx_kthread+0x10/0x10
[    7.778820]  ? __pfx_kthread+0x10/0x10
[    7.783427]  ret_from_fork+0x144/0x160
[    7.790137]  ? __pfx_kthread+0x10/0x10
[    7.795875]  ret_from_fork_asm+0x1a/0x30
[    7.802380]  </TASK>
[    7.805998] ---[ end trace 0000000000000000 ]---
[    7.813273] ------------[ cut here ]------------
[    7.818965] WARNING: CPU: 2 PID: 125 at mm/corten.c:812 corten_txn_begin+0x1a0/0x4b0
[    7.830954] Modules linked in:
[    7.835807] CPU: 2 UID: 0 PID: 125 Comm: kunit_try_catch Tainted: G        W        N  6.18.32-gb51754002f2f-dirty #10 PREEMPT(voluntary) 
[    7.858515] Tainted: [W]=WARN, [N]=TEST
[    7.863711] Hardware name: QEMU Standard PC (i440FX + PIIX, 1996), BIOS 1.15.0-1 04/01/2014
[    7.873002] RIP: 0010:corten_txn_begin+0x1a0/0x4b0
[    7.880653] Code: 4c 89 ff e8 02 b7 f4 00 48 8b 04 24 41 0f b6 4f 25 38 48 25 0f 87 65 ff ff ff 90 0f 0b 90 41 80 7e 48 04 0f 86 61 ff ff ff 90 <0f> 0b 90 48 89 c7 e8 c5 f5 ff ff 41 0f b6 46 48 84 c0 74 28 83 e8
[    7.910696] RSP: 0000:ffffa8f6004e7da0 EFLAGS: 00010202
[    7.918202] RAX: ffff996f830f4b40 RBX: 0000000000000fff RCX: 0000000000000002
[    7.930142] RDX: 0000000000000003 RSI: 0000000000000006 RDI: ffff996f831ab0c0
[    7.941870] RBP: 0000000000000000 R08: ffff996f81d67600 R09: ffffa8f6004e7e00
[    7.956202] R10: ffffa8f6004e7d58 R11: 0000000000000006 R12: ffffffffb263e510
[    7.966131] R13: ffff996f81d67600 R14: ffffa8f6004e7e00 R15: ffff996f830f4ae0
[    7.976451] FS:  0000000000000000(0000) GS:ffff99704a06c000(0000) knlGS:0000000000000000
[    7.987331] CS:  0010 DS: 0000 ES: 0000 CR0: 0000000080050033
[    7.992521] CR2: 0000000000000000 CR3: 0000000048c30000 CR4: 00000000000006f0
[    8.002694] Call Trace:
[    8.006964]  <TASK>
[    8.010874]  ? __pfx_kunit_generic_run_threadfn_adapter+0x10/0x10
[    8.016151]  corten_test_txn_path_overflow+0xb5/0x2a0
[    8.023491]  ? psi_task_switch+0x107/0x290
[    8.028559]  kunit_try_run_case+0x6f/0x150
[    8.034654]  ? __pfx_kunit_generic_run_threadfn_adapter+0x10/0x10
[    8.043144]  kunit_generic_run_threadfn_adapter+0x1c/0x40
[    8.046909]  kthread+0xff/0x1f0
[    8.049263]  ? __pfx_kthread+0x10/0x10
[    8.058196]  ? __pfx_kthread+0x10/0x10
[    8.064853]  ret_from_fork+0x144/0x160
[    8.068502]  ? __pfx_kthread+0x10/0x10
[    8.073926]  ret_from_fork_asm+0x1a/0x30
[    8.079937]  </TASK>
[    8.082453] ---[ end trace 0000000000000000 ]---
[    8.087874] kunit_try_catch (125) used greatest stack depth: 13520 bytes left
[    8.090320]     ok 21 corten_test_txn_path_overflow
[    8.097876]     ok 22 corten_test_txn_child_err
[    8.117100]     ok 23 corten_test_real_huge_leaf
[    8.128799]     ok 24 corten_test_full_window_atomic
[    8.142157]     ok 25 corten_test_debugfs_content
[    8.146250] # corten: pass:25 fail:0 skip:0 total:25
[    8.152322] # Totals: pass:25 fail:0 skip:0 total:25
[    8.158227] ok 1 corten
[    8.170629]     KTAP version 1
[    8.173194]     # Subtest: corten_arena
[    8.177385]     # module: corten_arena_test
[    8.177389]     1..48
[    8.189620]     ok 1 corten_arena_test_declare_reject
[    8.197724]     ok 2 corten_arena_test_declare_reject_flags
[    8.209881]     ok 3 corten_arena_test_declare_query
[    8.219456]     ok 4 corten_arena_test_range_overlaps # SKIP overlap gate requires corten=on
[    8.240670]     ok 5 corten_arena_test_release
[    8.254728]     ok 6 corten_arena_test_ref_born_atomic
[    8.262973]     ok 7 corten_arena_test_release_classify
[    8.274440]     ok 8 corten_arena_test_shadow_vma
[    8.284842]     ok 9 corten_arena_test_exit
[    8.294199]     ok 10 corten_arena_test_prctl
[    8.304995]     ok 11 corten_arena_test_mode
[    8.331502]     ok 12 corten_arena_test_auto_classify
[    8.344947]     ok 13 corten_arena_test_auto_place
[    8.362650]     ok 14 corten_arena_test_auto_route # SKIP auto-mmap route requires corten=on
[    8.373144]     ok 15 corten_arena_test_auto_attach_release # SKIP munmap routing requires corten=on
[    8.384995]     ok 16 corten_arena_test_mag_recycle # SKIP auto-mmap route requires corten=on
[    8.401976]     ok 17 corten_arena_test_mag_marker # SKIP auto-mmap route requires corten=on
[    8.415204]     ok 18 corten_arena_test_pool_reuse # SKIP pool routing requires corten=on
[    8.428040]     ok 19 corten_arena_test_pool_limit # SKIP pool routing requires corten=on
[    8.441050]     ok 20 corten_arena_test_pool_mode_exit # SKIP pool routing requires corten=on
[    8.452947]     ok 21 corten_arena_test_pool_fork # SKIP pool routing requires corten=on
[    8.467802]     ok 22 corten_arena_test_mprotect_route # SKIP mprotect route requires corten=on
[    8.482734]     ok 23 corten_arena_test_protect_flags_kernel_gate # SKIP mprotect route requires corten=on
[    8.497443]     ok 24 corten_arena_test_madvise_route # SKIP madvise route requires corten=on
[    8.516145]     ok 25 corten_arena_test_mremap_route # SKIP mremap route requires corten=on
[    8.528826]     ok 26 corten_arena_test_fork_faithful # SKIP metadata mirror requires corten=on
[    8.546867]     ok 27 corten_arena_test_fork_unwind
[    8.566537]     ok 28 corten_arena_test_fork_multipiece
[    8.574630]     ok 29 corten_arena_test_fork_perm # SKIP mprotect route requires corten=on
[    8.583212]     ok 30 corten_arena_test_inv7_shared_ro # SKIP metadata mirror requires corten=on
[    8.604751]     ok 31 corten_arena_test_inv7_swapped # SKIP metadata mirror requires corten=on
[    8.624012]     ok 32 corten_arena_test_shrink_registry_count # SKIP shrinker bodies require corten=on
[    8.639869]     ok 33 corten_arena_test_shrink_aging_two_pass # SKIP shrinker bodies require corten=on
[    8.653869]     ok 34 corten_arena_test_shrink_rotation # SKIP shrinker bodies require corten=on
[    8.665320]     ok 35 corten_arena_test_fork_swapped # SKIP fork mirror requires corten=on
[    8.678922]     ok 36 corten_arena_test_fork_f2_gate # SKIP metadata mirror requires corten=on
[    8.688673]     ok 37 corten_arena_test_fork_drain_leak # SKIP metadata mirror requires corten=on
[    8.705410]     ok 38 corten_arena_test_unshare_pin # SKIP metadata mirror requires corten=on
[    8.728445]     ok 39 corten_arena_test_fork_reuse_exclusive # SKIP metadata mirror requires corten=on
[    8.749330]     ok 40 corten_arena_test_gup_state1_uncommitted # SKIP metadata mirror requires corten=on
[    8.764645]     ok 41 corten_arena_test_gup_state2_committed_rw # SKIP metadata mirror requires corten=on
[    8.780976]     ok 42 corten_arena_test_gup_state3_fork_cow # SKIP metadata mirror requires corten=on
[    8.794277]     ok 43 corten_arena_test_gup_state3b_downgrade_restore # SKIP metadata mirror requires corten=on
[    8.804772]     ok 44 corten_arena_test_gup_state4_pin_zap # SKIP metadata mirror requires corten=on
[    8.834585]     ok 45 corten_arena_test_concurrent
[    8.858801]     ok 46 corten_arena_test_concurrent_window
[    8.875791]     ok 47 corten_arena_test_obs_ledger
[    8.892929]     ok 48 corten_arena_test_drain_timeout_stat
[    8.898996] # corten_arena: pass:18 fail:0 skip:30 total:48
[    8.906446] # Totals: pass:18 fail:0 skip:30 total:48
[    8.915137] ok 2 corten_arena
[    8.925608]     KTAP version 1
[    8.929506]     # Subtest: corten_fault
[    8.933798]     # module: corten_fault_test
[    8.933801]     1..32
[    8.946170]     ok 1 corten_fault_test_dispatch
[    8.949695]     ok 2 corten_fault_test_fig8_cow
[    8.962948]     ok 3 corten_fault_test_unmap_classify
[    8.967251]     ok 4 corten_fault_test_mmap_classify
[    8.971220]     ok 5 corten_fault_test_punch_classify
[    8.974806]     ok 6 corten_fault_test_map_anon # SKIP real fault chain requires corten=on
[    8.986660]     ok 7 corten_fault_test_zero_page # SKIP real fault chain requires corten=on
[    9.035177]     ok 8 corten_fault_test_sigsegv # SKIP real fault chain requires corten=on
[    9.050405]     ok 9 corten_fault_test_fresh_fault # SKIP real fault chain requires corten=on
[    9.062442]     ok 10 corten_fault_test_churn_repro # SKIP real fault chain requires corten=on
[    9.076512]     ok 11 corten_fault_test_untracked_drift # SKIP real fault chain requires corten=on
[    9.089049]     ok 12 corten_fault_test_restore # SKIP real fault chain requires corten=on
[    9.103338]     ok 13 corten_fault_test_cow_reuse # SKIP real fault chain requires corten=on
[    9.114417]     ok 14 corten_fault_test_cow_copy # SKIP real fault chain requires corten=on
[    9.124958]     ok 15 corten_fault_test_foll_force # SKIP real fault chain requires corten=on
[    9.135580]     ok 16 corten_fault_test_cow_race # SKIP real fault chain requires corten=on
[    9.147403]     ok 17 corten_fault_test_mprotect_pte # SKIP real fault chain requires corten=on
[    9.152650]     ok 18 corten_fault_test_mprotect_fresh # SKIP real fault chain requires corten=on
[    9.170827]     ok 19 corten_fault_test_zap_keep_perm # SKIP real fault chain requires corten=on
[    9.204749]     ok 20 corten_fault_test_zap_keep_perm_downgrade # SKIP real fault chain requires corten=on
[    9.226094]     ok 21 corten_fault_test_untracked_rearm # SKIP real fault chain requires corten=on
[    9.242751]     ok 22 corten_fault_test_fill_upper_race # SKIP real fault chain requires corten=on
[    9.257368]     ok 23 corten_fault_test_map_race # SKIP real fault chain requires corten=on
[    9.269718]     ok 24 corten_fault_test_chunk_unmap # SKIP real fault chain requires corten=on
[    9.279830]     ok 25 corten_fault_test_punch_hole # SKIP real fault chain requires corten=on
[    9.290479]     ok 26 corten_fault_test_punch_head # SKIP real fault chain requires corten=on
[    9.303439]     ok 27 corten_fault_test_rmap_guard # SKIP reclaim guard requires corten=on
[    9.313874]     ok 28 corten_fault_test_reap_skip # SKIP reap skip requires corten=on
[    9.324776]     ok 29 corten_fault_test_swap_encode
[    9.335874]     ok 30 corten_fault_test_swap_roundtrip # SKIP swap transaction requires corten=on
[    9.343539]     ok 31 corten_fault_test_swap_zap_free # SKIP swap transaction requires corten=on
[    9.353534]     ok 32 corten_fault_test_swap_mprotect_pending # SKIP real fault chain requires corten=on
[    9.362830] # corten_fault: pass:6 fail:0 skip:26 total:32
[    9.369139] # Totals: pass:6 fail:0 skip:26 total:32
[    9.371679] ok 3 corten_fault
[    9.383397] check access for rdinit=/init failed: -2, ignoring
[    9.385748] md: Waiting for all devices to be available before autodetect
[    9.388491] md: If you don't use raid, use raid=noautodetect
[    9.391844] md: Autodetecting RAID arrays.
[    9.395865] md: autorun ...
[    9.397098] md: ... autorun DONE.
[    9.399709] /dev/root: Can't open blockdev
[    9.400649] VFS: Cannot open root device "" or unknown-block(0,0): error -6
[    9.401947] Please append a correct "root=" boot option; here are the available partitions:
[    9.405348] 0b00         1048575 sr0 
[    9.405355]  driver: sr
[    9.409888] List of all bdev filesystems:
[    9.411857]  ext3
[    9.411861]  ext2
[    9.413042]  ext4
[    9.414455]  vfat
[    9.415403]  msdos
[    9.418376]  iso9660
[    9.419703]  f2fs
[    9.421039]  erofs
[    9.422504] 
[    9.425150] Kernel panic - not syncing: VFS: Unable to mount root fs on unknown-block(0,0)
[    9.429978] CPU: 3 UID: 0 PID: 1 Comm: swapper/0 Tainted: G        W        N  6.18.32-gb51754002f2f-dirty #10 PREEMPT(voluntary) 
[    9.435591] Tainted: [W]=WARN, [N]=TEST
[    9.437832] Hardware name: QEMU Standard PC (i440FX + PIIX, 1996), BIOS 1.15.0-1 04/01/2014
[    9.442751] Call Trace:
[    9.444385]  <TASK>
[    9.445702]  vpanic+0x34f/0x360
[    9.448088]  panic+0x56/0x60
[    9.449679]  mount_root_generic+0x1ff/0x320
[    9.452634]  prepare_namespace+0x63/0x270
[    9.454765]  kernel_init_freeable+0x29f/0x2f0
[    9.457328]  ? __pfx_kernel_init+0x10/0x10
[    9.460184]  kernel_init+0x15/0x1c0
[    9.462566]  ret_from_fork+0x144/0x160
[    9.464933]  ? __pfx_kernel_init+0x10/0x10
[    9.467227]  ret_from_fork_asm+0x1a/0x30
[    9.469581]  </TASK>
[    9.472948] Kernel Offset: 0x30000000 from 0xffffffff81000000 (relocation range: 0xffffffff80000000-0xffffffffbfffffff)
