[    0.000000] Linux version 6.18.32-g2639d3294b9d-dirty (ppw@vm) (gcc (Ubuntu 11.4.0-1ubuntu1~22.04.3) 11.4.0, GNU ld (GNU Binutils for Ubuntu) 2.38) #4 SMP PREEMPT_DYNAMIC Mon Sep 21 10:42:11 CST 2026
[    0.000000] Command line: console=ttyS0 panic=-1 kunit.filter_glob=corten* corten=on
[    0.000000] BIOS-provided physical RAM map:
[    0.000000] BIOS-e820: [mem 0x0000000000000000-0x000000000009fbff] usable
[    0.000000] BIOS-e820: [mem 0x000000000009fc00-0x000000000009ffff] reserved
[    0.000000] BIOS-e820: [mem 0x00000000000f0000-0x00000000000fffff] reserved
[    0.000000] BIOS-e820: [mem 0x0000000000100000-0x000000007ffdffff] usable
[    0.000000] BIOS-e820: [mem 0x000000007ffe0000-0x000000007fffffff] reserved
[    0.000000] BIOS-e820: [mem 0x00000000feffc000-0x00000000feffffff] reserved
[    0.000000] BIOS-e820: [mem 0x00000000fffc0000-0x00000000ffffffff] reserved
[    0.000000] NX (Execute Disable) protection: active
[    0.000000] APIC: Static calls initialized
[    0.000000] SMBIOS 2.8 present.
[    0.000000] DMI: QEMU Standard PC (i440FX + PIIX, 1996), BIOS 1.15.0-1 04/01/2014
[    0.000000] DMI: Memory slots populated: 1/1
[    0.000000] Hypervisor detected: KVM
[    0.000000] last_pfn = 0x7ffe0 max_arch_pfn = 0x400000000
[    0.000000] kvm-clock: Using msrs 4b564d01 and 4b564d00
[    0.000003] kvm-clock: using sched offset of 3836247783 cycles
[    0.000007] clocksource: kvm-clock: mask: 0xffffffffffffffff max_cycles: 0x1cd42e4dffb, max_idle_ns: 881590591483 ns
[    0.000014] tsc: Detected 2419.196 MHz processor
[    0.003058] last_pfn = 0x7ffe0 max_arch_pfn = 0x400000000
[    0.003813] MTRR map: 4 entries (3 fixed + 1 variable; max 19), built from 8 variable MTRRs
[    0.003839] x86/PAT: Configuration [0-7]: WB  WC  UC- UC  WB  WP  UC- WT  
[    0.018935] found SMP MP-table at [mem 0x000f5ba0-0x000f5baf]
[    0.018957] Using GB pages for direct mapping
[    0.019053] ACPI: Early table checksum verification disabled
[    0.019057] ACPI: RSDP 0x00000000000F59E0 000014 (v00 BOCHS )
[    0.019128] ACPI: RSDT 0x000000007FFE1A1C 000034 (v01 BOCHS  BXPC     00000001 BXPC 00000001)
[    0.019133] ACPI: FACP 0x000000007FFE18B8 000074 (v01 BOCHS  BXPC     00000001 BXPC 00000001)
[    0.019170] ACPI: DSDT 0x000000007FFE0040 001878 (v01 BOCHS  BXPC     00000001 BXPC 00000001)
[    0.019172] ACPI: FACS 0x000000007FFE0000 000040
[    0.019174] ACPI: APIC 0x000000007FFE192C 000090 (v01 BOCHS  BXPC     00000001 BXPC 00000001)
[    0.019176] ACPI: HPET 0x000000007FFE19BC 000038 (v01 BOCHS  BXPC     00000001 BXPC 00000001)
[    0.019178] ACPI: WAET 0x000000007FFE19F4 000028 (v01 BOCHS  BXPC     00000001 BXPC 00000001)
[    0.019179] ACPI: Reserving FACP table memory at [mem 0x7ffe18b8-0x7ffe192b]
[    0.019180] ACPI: Reserving DSDT table memory at [mem 0x7ffe0040-0x7ffe18b7]
[    0.019181] ACPI: Reserving FACS table memory at [mem 0x7ffe0000-0x7ffe003f]
[    0.019182] ACPI: Reserving APIC table memory at [mem 0x7ffe192c-0x7ffe19bb]
[    0.019182] ACPI: Reserving HPET table memory at [mem 0x7ffe19bc-0x7ffe19f3]
[    0.019183] ACPI: Reserving WAET table memory at [mem 0x7ffe19f4-0x7ffe1a1b]
[    0.023188] No NUMA configuration found
[    0.023196] Faking a node at [mem 0x0000000000000000-0x000000007ffdffff]
[    0.023235] NODE_DATA(0) allocated [mem 0x7ffdc140-0x7ffdffff]
[    0.024259] Zone ranges:
[    0.024261]   DMA      [mem 0x0000000000001000-0x0000000000ffffff]
[    0.024263]   DMA32    [mem 0x0000000001000000-0x000000007ffdffff]
[    0.024264]   Normal   empty
[    0.024265] Movable zone start for each node
[    0.024265] Early memory node ranges
[    0.024265]   node   0: [mem 0x0000000000001000-0x000000000009efff]
[    0.024267]   node   0: [mem 0x0000000000100000-0x000000007ffdffff]
[    0.024268] Initmem setup node 0 [mem 0x0000000000001000-0x000000007ffdffff]
[    0.027685] On node 0, zone DMA: 1 pages in unavailable ranges
[    0.033681] On node 0, zone DMA: 97 pages in unavailable ranges
[    1.094283] On node 0, zone DMA32: 32 pages in unavailable ranges
[    1.098465] ACPI: PM-Timer IO Port: 0x608
[    1.099071] ACPI: LAPIC_NMI (acpi_id[0xff] dfl dfl lint[0x1])
[    1.099484] IOAPIC[0]: apic_id 0, version 17, address 0xfec00000, GSI 0-23
[    1.099491] ACPI: INT_SRC_OVR (bus 0 bus_irq 0 global_irq 2 dfl dfl)
[    1.099493] ACPI: INT_SRC_OVR (bus 0 bus_irq 5 global_irq 5 high level)
[    1.099525] ACPI: INT_SRC_OVR (bus 0 bus_irq 9 global_irq 9 high level)
[    1.099526] ACPI: INT_SRC_OVR (bus 0 bus_irq 10 global_irq 10 high level)
[    1.099527] ACPI: INT_SRC_OVR (bus 0 bus_irq 11 global_irq 11 high level)
[    1.099530] ACPI: Using ACPI (MADT) for SMP configuration information
[    1.099531] ACPI: HPET id: 0x8086a201 base: 0xfed00000
[    1.099730] TSC deadline timer available
[    1.099866] CPU topo: Max. logical packages:   1
[    1.099869] CPU topo: Max. logical dies:       1
[    1.099870] CPU topo: Max. dies per package:   1
[    1.099880] CPU topo: Max. threads per core:   1
[    1.099882] CPU topo: Num. cores per package:     4
[    1.099883] CPU topo: Num. threads per package:   4
[    1.099884] CPU topo: Allowing 4 present CPUs plus 0 hotplug CPUs
[    1.100091] kvm-guest: APIC: eoi() replaced with kvm_guest_apic_eoi_write()
[    1.100372] kvm-guest: KVM setup pv remote TLB flush
[    1.100429] kvm-guest: setup PV sched yield
[    1.100446] PM: hibernation: Registered nosave memory: [mem 0x00000000-0x00000fff]
[    1.100451] PM: hibernation: Registered nosave memory: [mem 0x0009f000-0x000fffff]
[    1.100455] [mem 0x80000000-0xfeffbfff] available for PCI devices
[    1.100458] Booting paravirtualized kernel on KVM
[    1.100560] clocksource: refined-jiffies: mask: 0xffffffff max_cycles: 0xffffffff, max_idle_ns: 1910969940391419 ns
[    1.125653] setup_percpu: NR_CPUS:64 nr_cpumask_bits:4 nr_cpu_ids:4 nr_node_ids:1
[    1.192247] percpu: Embedded 54 pages/cpu s182680 r8192 d30312 u524288
[    1.193056] Kernel command line: console=ttyS0 panic=-1 kunit.filter_glob=corten* corten=on
[    1.193382] corten: requested on, activating at initcall time
[    1.193423] random: crng init done
[    1.193424] printk: log buffer data + meta data: 262144 + 917504 = 1179648 bytes
[    1.245383] Dentry cache hash table entries: 262144 (order: 9, 2097152 bytes, linear)
[    1.273545] Inode-cache hash table entries: 131072 (order: 8, 1048576 bytes, linear)
[    1.276291] Fallback order for Node 0: 0 
[    1.276302] Built 1 zonelists, mobility grouping on.  Total pages: 524158
[    1.276306] Policy zone: DMA32
[    1.276310] mem auto-init: stack:off, heap alloc:off, heap free:off
[    1.365536] SLUB: HWalign=64, Order=0-3, MinObjects=0, CPUs=4, Nodes=1
[    1.378820] Dynamic Preempt: voluntary
[    1.383823] rcu: Preemptible hierarchical RCU implementation.
[    1.383831] rcu: 	RCU event tracing is enabled.
[    1.383833] rcu: 	RCU restricting CPUs from NR_CPUS=64 to nr_cpu_ids=4.
[    1.383839] 	Trampoline variant of Tasks RCU enabled.
[    1.383933] 	Tracing variant of Tasks RCU enabled.
[    1.383935] rcu: RCU calculated value of scheduler-enlistment delay is 100 jiffies.
[    1.384010] rcu: Adjusting geometry for rcu_fanout_leaf=16, nr_cpu_ids=4
[    1.384039] RCU Tasks: Setting shift to 2 and lim to 1 rcu_task_cb_adjust=1 rcu_task_cpu_ids=4.
[    1.384191] RCU Tasks Trace: Setting shift to 2 and lim to 1 rcu_task_cb_adjust=1 rcu_task_cpu_ids=4.
[    1.411486] NR_IRQS: 4352, nr_irqs: 456, preallocated irqs: 16
[    1.413306] rcu: srcu_init: Setting srcu_struct sizes based on contention.
[    1.478730] Console: colour VGA+ 80x25
[    1.479143] printk: legacy console [ttyS0] enabled
[    2.111602] ACPI: Core revision 20250807
[    2.116623] clocksource: hpet: mask: 0xffffffff max_cycles: 0xffffffff, max_idle_ns: 19112604467 ns
[    2.126900] APIC: Switch to symmetric I/O mode setup
[    2.137000] x2apic enabled
[    2.146436] APIC: Switched APIC routing to: physical x2apic
[    2.153288] kvm-guest: APIC: send_IPI_mask() replaced with kvm_send_ipi_mask()
[    2.161648] kvm-guest: APIC: send_IPI_mask_allbutself() replaced with kvm_send_ipi_mask_allbutself()
[    2.171342] kvm-guest: setup PV IPIs
[    2.194314] ..TIMER: vector=0x30 apic1=0 pin1=2 apic2=-1 pin2=-1
[    2.201504] clocksource: tsc-early: mask: 0xffffffffffffffff max_cycles: 0x22df0d21928, max_idle_ns: 440795225288 ns
[    2.213173] Calibrating delay loop (skipped) preset value.. 4838.39 BogoMIPS (lpj=2419196)
[    2.217391] x86/cpu: User Mode Instruction Prevention (UMIP) activated
[    2.218693] Last level iTLB entries: 4KB 0, 2MB 0, 4MB 0
[    2.219169] Last level dTLB entries: 4KB 0, 2MB 0, 4MB 0, 1GB 0
[    2.220252] mitigations: Enabled attack vectors: user_kernel, user_user, SMT mitigations: auto
[    2.221166] Speculative Store Bypass: Mitigation: Speculative Store Bypass disabled via prctl
[    2.222168] Spectre V2 : Mitigation: Enhanced / Automatic IBRS
[    2.223176] ITS: Mitigation: Aligned branch/return thunks
[    2.224174] Spectre V1 : Mitigation: usercopy/swapgs barriers and __user pointer sanitization
[    2.225218] Spectre V2 : Spectre v2 / PBRSB-eIBRS: Retire a single CALL on VMEXIT
[    2.226186] Spectre V2 : mitigation: Enabling conditional Indirect Branch Prediction Barrier
[    2.227180] active return thunk: its_return_thunk
[    2.228609] x86/fpu: Supporting XSAVE feature 0x001: 'x87 floating point registers'
[    2.229175] x86/fpu: Supporting XSAVE feature 0x002: 'SSE registers'
[    2.230167] x86/fpu: Supporting XSAVE feature 0x004: 'AVX registers'
[    2.231174] x86/fpu: Supporting XSAVE feature 0x200: 'Protection Keys User registers'
[    2.232177] x86/fpu: xstate_offset[2]:  576, xstate_sizes[2]:  256
[    2.233174] x86/fpu: xstate_offset[9]:  832, xstate_sizes[9]:    8
[    2.234178] x86/fpu: Enabled xstate features 0x207, context size is 840 bytes, using 'compacted' format.
[    2.378235] Freeing SMP alternatives memory: 64K
[    2.379183] pid_max: default: 32768 minimum: 301
[    2.380465] LSM: initializing lsm=capability,selinux
[    2.381437] SELinux:  Initializing.
[    2.384531] Mount-cache hash table entries: 4096 (order: 3, 32768 bytes, linear)
[    2.386462] Mountpoint-cache hash table entries: 4096 (order: 3, 32768 bytes, linear)
[    2.405654] smpboot: CPU0: 13th Gen Intel(R) Core(TM) i9-13900HX (family: 0x6, model: 0xb7, stepping: 0x1)
[    2.412906] Performance Events: Alderlake Hybrid events, core PMU driver.
[    2.416179] core: CPUID marked event: 'cpu cycles' unavailable
[    2.417288] core: CPUID marked event: 'instructions' unavailable
[    2.418374] core: CPUID marked event: 'bus cycles' unavailable
[    2.419215] core: CPUID marked event: 'cache references' unavailable
[    2.420178] core: CPUID marked event: 'cache misses' unavailable
[    2.421232] core: CPUID marked event: 'branch instructions' unavailable
[    2.422265] core: CPUID marked event: 'branch misses' unavailable
[    2.423379] core: The event 0x100 is not supported as a normal event.
[    2.424251] core: The event 0x300 is not supported as a normal event.
[    2.425216] core: The event 0x400 is not supported as a normal event.
[    2.426255] core: The event 0x8000 is not supported as a normal event.
[    2.427180] core: The event 0x8100 is not supported as a normal event.
[    2.428256] core: The event 0x8200 is not supported as a normal event.
[    2.429210] core: The event 0x8300 is not supported as a normal event.
[    2.430179] core: The event 0x8400 is not supported as a normal event.
[    2.431255] core: The event 0x8500 is not supported as a normal event.
[    2.432217] core: The event 0x8600 is not supported as a normal event.
[    2.433209] core: The event 0x8700 is not supported as a normal event.
[    2.434764] core: cpu_core PMU driver: 
[    2.435177] ... version:                   1
[    2.436219] ... bit width:                 48
[    2.437177] ... generic counters:          6
[    2.438160] ... generic bitmap:            000000000000003f
[    2.438217] ... fixed-purpose counters:    0
[    2.439208] ... fixed-purpose bitmap:      0000000000000000
[    2.440214] ... value mask:                0000ffffffffffff
[    2.441189] ... max period:                000000007fffffff
[    2.442174] ... global_ctrl mask:          000100000000003f
[    2.444290] signal: max sigframe size: 3632
[    2.446065] rcu: Hierarchical SRCU implementation.
[    2.446214] rcu: 	Max phase no-delay instances is 400.
[    2.450160] Timer migration: 1 hierarchy levels; 8 children per group; 1 crossnode level
[    2.457673] corten: page descriptors enabled
[    2.461910] smp: Bringing up secondary CPUs ...
[    2.467683] smpboot: x86: Booting SMP configuration:
[    2.468234] .... node  #0, CPUs:      #1 #2 #3
[    2.497353] smp: Brought up 1 node, 4 CPUs
[    2.499300] smpboot: Total of 4 processors activated (19353.56 BogoMIPS)
[    2.502275] Memory: 2004908K/2096632K available (21390K kernel code, 3198K rwdata, 8936K rodata, 3256K init, 1208K bss, 84536K reserved, 0K cma-reserved)
[    2.511222] devtmpfs: initialized
[    2.523351] clocksource: jiffies: mask: 0xffffffff max_cycles: 0xffffffff, max_idle_ns: 1911260446275000 ns
[    2.524243] posixtimers hash table entries: 2048 (order: 3, 32768 bytes, linear)
[    2.528706] futex hash table entries: 1024 (65536 bytes on 1 NUMA nodes, total 64 KiB, linear).
[    2.531160] PM: RTC time: 02:56:30, date: 2026-09-21
[    2.605036] NET: Registered PF_NETLINK/PF_ROUTE protocol family
[    2.606272] audit: initializing netlink subsys (disabled)
[    2.609172] audit: type=2000 audit(1789959389.844:1): state=initialized audit_enabled=0 res=1
[    2.611050] thermal_sys: Registered thermal governor 'step_wise'
[    2.611397] cpuidle: using governor menu
[    2.615485] PCI: Using configuration type 1 for base access
[    2.618649] kprobes: kprobe jump-optimization is enabled. All kprobes are optimized if possible.
[    2.627766] HugeTLB: registered 2.00 MiB page size, pre-allocated 0 pages
[    2.628210] HugeTLB: 28 KiB vmemmap can be freed for a 2.00 MiB page
[    2.663422] ACPI: Added _OSI(Module Device)
[    2.664175] ACPI: Added _OSI(Processor Device)
[    2.665178] ACPI: Added _OSI(Processor Aggregator Device)
[    2.670160] ACPI: 1 ACPI AML tables successfully acquired and loaded
[    2.680812] ACPI: Interpreter enabled
[    2.681264] ACPI: PM: (supports S0 S3 S4 S5)
[    2.682216] ACPI: Using IOAPIC for interrupt routing
[    2.683305] PCI: Using host bridge windows from ACPI; if necessary, use "pci=nocrs" and report a bug
[    2.684214] PCI: Using E820 reservations for host bridge windows
[    2.685900] ACPI: Enabled 2 GPEs in block 00 to 0F
[    2.705160] ACPI: PCI Root Bridge [PCI0] (domain 0000 [bus 00-ff])
[    2.705261] acpi PNP0A03:00: _OSC: OS supports [ASPM ClockPM Segments MSI HPX-Type3]
[    2.706211] acpi PNP0A03:00: _OSC: not requesting OS control; OS requires [ExtendedConfig ASPM ClockPM MSI]
[    2.707549] acpi PNP0A03:00: fail to add MMCONFIG information, can't access extended configuration space under this bridge
[    2.708723] PCI host bridge to bus 0000:00
[    2.709190] pci_bus 0000:00: root bus resource [io  0x0000-0x0cf7 window]
[    2.710218] pci_bus 0000:00: root bus resource [io  0x0d00-0xffff window]
[    2.711218] pci_bus 0000:00: root bus resource [mem 0x000a0000-0x000bffff window]
[    2.712225] pci_bus 0000:00: root bus resource [mem 0x80000000-0xfebfffff window]
[    2.713215] pci_bus 0000:00: root bus resource [mem 0x100000000-0x17fffffff window]
[    2.714216] pci_bus 0000:00: root bus resource [bus 00-ff]
[    2.715701] pci 0000:00:00.0: [8086:1237] type 00 class 0x060000 conventional PCI endpoint
[    2.722705] pci 0000:00:01.0: [8086:7000] type 00 class 0x060100 conventional PCI endpoint
[    2.728211] pci 0000:00:01.1: [8086:7010] type 00 class 0x010180 conventional PCI endpoint
[    2.733751] pci 0000:00:01.1: BAR 4 [io  0xc040-0xc04f]
[    2.734697] pci 0000:00:01.1: BAR 0 [io  0x01f0-0x01f7]: legacy IDE quirk
[    2.735242] pci 0000:00:01.1: BAR 1 [io  0x03f6]: legacy IDE quirk
[    2.736218] pci 0000:00:01.1: BAR 2 [io  0x0170-0x0177]: legacy IDE quirk
[    2.737241] pci 0000:00:01.1: BAR 3 [io  0x0376]: legacy IDE quirk
[    2.739953] pci 0000:00:01.3: [8086:7113] type 00 class 0x068000 conventional PCI endpoint
[    2.742417] pci 0000:00:01.3: quirk: [io  0x0600-0x063f] claimed by PIIX4 ACPI
[    2.743315] pci 0000:00:01.3: quirk: [io  0x0700-0x070f] claimed by PIIX4 SMB
[    2.747160] pci 0000:00:02.0: [1234:1111] type 00 class 0x030000 conventional PCI endpoint
[    2.752704] pci 0000:00:02.0: BAR 0 [mem 0xfd000000-0xfdffffff pref]
[    2.754386] pci 0000:00:02.0: BAR 2 [mem 0xfebb0000-0xfebb0fff]
[    2.755836] pci 0000:00:02.0: ROM [mem 0xfeba0000-0xfebaffff pref]
[    2.766304] pci 0000:00:02.0: Video device with shadowed ROM at [mem 0x000c0000-0x000dffff]
[    2.799234] pci 0000:00:03.0: [8086:100e] type 00 class 0x020000 conventional PCI endpoint
[    2.803253] pci 0000:00:03.0: BAR 0 [mem 0xfeb80000-0xfeb9ffff]
[    2.804607] pci 0000:00:03.0: BAR 1 [io  0xc000-0xc03f]
[    2.805307] pci 0000:00:03.0: ROM [mem 0xfeb00000-0xfeb7ffff pref]
[    2.827407] ACPI: PCI: Interrupt link LNKA configured for IRQ 10
[    2.828740] ACPI: PCI: Interrupt link LNKB configured for IRQ 10
[    2.830115] ACPI: PCI: Interrupt link LNKC configured for IRQ 11
[    2.831276] ACPI: PCI: Interrupt link LNKD configured for IRQ 11
[    2.832789] ACPI: PCI: Interrupt link LNKS configured for IRQ 9
[    2.848096] iommu: Default domain type: Translated
[    2.849212] iommu: DMA domain TLB invalidation policy: lazy mode
[    2.866864] SCSI subsystem initialized
[    2.879326] ACPI: bus type USB registered
[    2.882721] usbcore: registered new interface driver usbfs
[    2.883534] usbcore: registered new interface driver hub
[    2.884190] usbcore: registered new device driver usb
[    2.885566] pps_core: LinuxPPS API ver. 1 registered
[    2.886215] pps_core: Software ver. 5.3.6 - Copyright 2005-2007 Rodolfo Giometti <giometti@linux.it>
[    2.887338] PTP clock support registered
[    2.894332] Advanced Linux Sound Architecture Driver Initialized.
[    2.912157] NetLabel: Initializing
[    2.912178] NetLabel:  domain hash size = 128
[    2.913215] NetLabel:  protocols = UNLABELED CIPSOv4 CALIPSO
[    2.915289] NetLabel:  unlabeled traffic allowed by default
[    2.922806] PCI: Using ACPI for IRQ routing
[    2.926503] pci 0000:00:02.0: vgaarb: setting as boot VGA device
[    2.927160] pci 0000:00:02.0: vgaarb: bridge control possible
[    2.927160] pci 0000:00:02.0: vgaarb: VGA device added: decodes=io+mem,owns=io+mem,locks=none
[    2.927221] vgaarb: loaded
[    2.938913] hpet0: at MMIO 0xfed00000, IRQs 2, 8, 0
[    2.940220] hpet0: 3 comparators, 64-bit 100.000000 MHz counter
[    2.947675] clocksource: Switched to clocksource kvm-clock
[    3.002423] VFS: Disk quotas dquot_6.6.0
[    3.007028] VFS: Dquot-cache hash table entries: 512 (order 0, 4096 bytes)
[    3.027278] pnp: PnP ACPI init
[    3.034809] pnp: PnP ACPI: found 6 devices
[    3.145542] clocksource: acpi_pm: mask: 0xffffff max_cycles: 0xffffff, max_idle_ns: 2085701024 ns
[    3.158033] NET: Registered PF_INET protocol family
[    3.175449] IP idents hash table entries: 32768 (order: 6, 262144 bytes, linear)
[    3.204128] tcp_listen_portaddr_hash hash table entries: 1024 (order: 2, 16384 bytes, linear)
[    3.214111] Table-perturb hash table entries: 65536 (order: 6, 262144 bytes, linear)
[    3.224026] TCP established hash table entries: 16384 (order: 5, 131072 bytes, linear)
[    3.239090] TCP bind hash table entries: 16384 (order: 7, 524288 bytes, linear)
[    3.274484] TCP: Hash tables configured (established 16384 bind 16384)
[    3.287718] UDP hash table entries: 1024 (order: 4, 65536 bytes, linear)
[    3.297898] UDP-Lite hash table entries: 1024 (order: 4, 65536 bytes, linear)
[    3.309911] NET: Registered PF_UNIX/PF_LOCAL protocol family
[    3.326595] RPC: Registered named UNIX socket transport module.
[    3.335420] RPC: Registered udp transport module.
[    3.340072] RPC: Registered tcp transport module.
[    3.346080] RPC: Registered tcp-with-tls transport module.
[    3.352403] RPC: Registered tcp NFSv4.1 backchannel transport module.
[    3.367091] pci_bus 0000:00: resource 4 [io  0x0000-0x0cf7 window]
[    3.375339] pci_bus 0000:00: resource 5 [io  0x0d00-0xffff window]
[    3.383222] pci_bus 0000:00: resource 6 [mem 0x000a0000-0x000bffff window]
[    3.391991] pci_bus 0000:00: resource 7 [mem 0x80000000-0xfebfffff window]
[    3.400676] pci_bus 0000:00: resource 8 [mem 0x100000000-0x17fffffff window]
[    3.410721] pci 0000:00:01.0: PIIX3: Enabling Passive Release
[    3.418462] pci 0000:00:00.0: Limiting direct PCI/PCI transfers
[    3.426240] PCI: CLS 0 bytes, default 64
[    3.433750] RAPL PMU: API unit is 2^-32 Joules, 0 fixed counters, 10737418240 ms ovfl timer
[    3.442778] clocksource: tsc: mask: 0xffffffffffffffff max_cycles: 0x22df0d21928, max_idle_ns: 440795225288 ns
[    3.479099] Initialise system trusted keyrings
[    3.489061] workingset: timestamp_bits=40 max_order=19 bucket_order=0
[    3.506391] NFS: Registering the id_resolver key type
[    3.513578] Key type id_resolver registered
[    3.519295] Key type id_legacy registered
[    3.529684] 9p: Installing v9fs 9p2000 file system support
[    3.595328] Key type asymmetric registered
[    3.600712] Asymmetric key parser 'x509' registered
[    3.610240] Block layer SCSI generic (bsg) driver version 0.4 loaded (major 251)
[    3.617678] io scheduler mq-deadline registered
[    3.621784] io scheduler kyber registered
[    3.629253] input: Power Button as /devices/LNXSYSTM:00/LNXPWRBN:00/input/input0
[    3.639506] ACPI: button: Power Button [PWRF]
[    3.654564] Serial: 8250/16550 driver, 4 ports, IRQ sharing enabled
[    3.661816] 00:04: ttyS0 at I/O 0x3f8 (irq = 4, base_baud = 115200) is a 16550A
[    3.683350] Non-volatile memory driver v1.3
[    3.689013] Linux agpgart interface v0.103
[    3.915490] ACPI: bus type drm_connector registered
[    4.030819] loop: module loaded
[    4.040216] zram: Added device: zram0
[    4.071771] scsi host0: ata_piix
[    4.085743] scsi host1: ata_piix
[    4.092116] ata1: PATA max MWDMA2 cmd 0x1f0 ctl 0x3f6 bmdma 0xc040 irq 14 lpm-pol 0
[    4.102503] ata2: PATA max MWDMA2 cmd 0x170 ctl 0x376 bmdma 0xc048 irq 15 lpm-pol 0
[    4.118768] tun: Universal TUN/TAP device driver, 1.6
[    4.127780] e100: Intel(R) PRO/100 Network Driver
[    4.134064] e100: Copyright(c) 1999-2006 Intel Corporation
[    4.142223] e1000: Intel(R) PRO/1000 Network Driver
[    4.148036] e1000: Copyright (c) 1999-2006 Intel Corporation.
[    4.199827] ACPI: \_SB_.LNKC: Enabled at IRQ 11
[    4.276561] ata2: found unknown device (class 0)
[    4.288186] ata2.00: ATAPI: QEMU DVD-ROM, 2.5+, max UDMA/100
[    4.307593] scsi 1:0:0:0: CD-ROM            QEMU     QEMU DVD-ROM     2.5+ PQ: 0 ANSI: 5
[    4.360667] sr 1:0:0:0: [sr0] scsi3-mmc drive: 4x/4x cd/rw xa/form2 tray
[    4.369140] cdrom: Uniform CD-ROM driver Revision: 3.20
[    4.396600] sr 1:0:0:0: Attached scsi generic sg0 type 5
[    5.457121] e1000 0000:00:03.0 eth0: (PCI:33MHz:32-bit) 52:54:00:12:34:56
[    5.462805] e1000 0000:00:03.0 eth0: Intel(R) PRO/1000 Network Connection
[    5.471070] e1000e: Intel(R) PRO/1000 Network Driver
[    5.476942] e1000e: Copyright(c) 1999 - 2015 Intel Corporation.
[    5.485821] sky2: driver version 1.30
[    5.494619] usbcore: registered new interface driver usblp
[    5.500635] usbcore: registered new interface driver usb-storage
[    5.509296] i8042: PNP: PS/2 Controller [PNP0303:KBD,PNP0f13:MOU] at 0x60,0x64 irq 1,12
[    5.529793] serio: i8042 KBD port at 0x60,0x64 irq 1
[    5.536391] serio: i8042 AUX port at 0x60,0x64 irq 12
[    5.550752] rtc_cmos 00:05: RTC can wake from S4
[    5.560446] input: AT Translated Set 2 keyboard as /devices/platform/i8042/serio0/input/input1
[    5.566329] rtc_cmos 00:05: registered as rtc0
[    5.579863] rtc_cmos 00:05: alarms up to one day, y3k, 242 bytes nvram, hpet irqs
[    5.597756] device-mapper: ioctl: 4.50.0-ioctl (2025-04-28) initialised: dm-devel@lists.linux.dev
[    5.610254] intel_pstate: CPU model not supported
[    5.619254] hid: raw HID events driver (C) Jiri Kosina
[    5.632981] usbcore: registered new interface driver usbhid
[    5.643826] usbhid: USB HID core driver
[    5.713597] xt_time: kernel timezone is -0000
[    5.723470] Initializing XFRM netlink socket
[    5.729610] NET: Registered PF_INET6 protocol family
[    5.746123] Segment Routing with IPv6
[    5.751085] In-situ OAM (IOAM) with IPv6
[    5.756664] sit: IPv6, IPv4 and MPLS over IPv4 tunneling driver
[    5.766997] NET: Registered PF_PACKET protocol family
[    5.773172] NET: Registered PF_KEY protocol family
[    5.779307] 9pnet: Installing 9P2000 support
[    5.786186] Key type dns_resolver registered
[    5.793398] NET: Registered PF_VSOCK protocol family
[    5.806782] IPI shorthand broadcast: enabled
[    5.842057] sched_clock: Marking stable (5053240981, 787816393)->(7133637112, -1292579738)
[    5.857425] registered taskstats version 1
[    5.865318] Loading compiled-in X.509 certificates
[    5.915405] Demotion targets for Node 0: null
[    5.922774] Key type .fscrypt registered
[    5.931078] Key type fscrypt-provisioning registered
[    5.943202] PM:   Magic number: 10:696:915
[    5.948798] netconsole: network logging started
[    5.955658] cfg80211: Loading compiled-in X.509 certificates for regulatory database
[    5.970380] kworker/u16:1 (73) used greatest stack depth: 14272 bytes left
[    5.981424] Loaded X.509 cert 'sforshee: 00b28ddf47aef9cea7'
[    5.988253] Loaded X.509 cert 'wens: 61c038651aabdcf94bd0ac7ff06c7248db18c600'
[    5.997320] faux_driver regulatory: Direct firmware load for regulatory.db failed with error -2
[    6.001148] ALSA device list:
[    6.004111] cfg80211: failed to load regulatory.db
[    6.007574]   No soundcards found.
[    6.018790] KTAP version 1
[    6.022203] 1..3
[    6.027556]     KTAP version 1
[    6.029651]     # Subtest: corten
[    6.033457]     # module: corten_test
[    6.033463]     1..25
[    6.043448]     ok 1 corten_test_layout # SKIP corten=on boot
[    6.049387]     ok 2 corten_test_ptdesc_get_put
[    6.060478]     ok 3 corten_test_meta_roundtrip
[    6.071823]     ok 4 corten_test_meta_reinit_cleared
[    6.080215]     ok 5 corten_test_covering_level
[    6.090577]     ok 6 corten_test_covering_base_index
[    6.103320]     ok 7 corten_test_txn_covering
[    6.112580]     ok 8 corten_test_txn_hole
[    6.118546]     ok 9 corten_test_txn_stale_eagain
[    6.124760]     ok 10 corten_test_lock_range_args
[    6.134172]     ok 11 corten_test_txn_state_machine
[    6.145979] kunit_try_catch (99) used greatest stack depth: 14096 bytes left
[    6.149407]     ok 12 corten_test_txn_atomic_validate
[    6.170822]     ok 13 corten_test_txn_real_glue
[    6.191458] input: ImExPS/2 Generic Explorer Mouse as /devices/platform/i8042/serio1/input/input3
[    6.230732]     ok 14 corten_test_txn_mutex_overlap
[    6.259559]     ok 15 corten_test_txn_mutex_disjoint
[    6.267766]     ok 16 corten_test_fail_alloc
[    6.278517]     ok 17 corten_test_txn_hole_fill
[    6.290437]     ok 18 corten_test_txn_hole_race
[    6.531119]     ok 19 corten_test_txn_uninstall_interlock
[    6.540081]     ok 20 corten_test_uninstall_bh_ctx
[    6.548494] ------------[ cut here ]------------
[    6.568435] WARNING: CPU: 3 PID: 125 at mm/corten.c:865 corten_txn_begin+0x191/0x4b0
[    6.585273] Modules linked in:
[    6.589710] CPU: 3 UID: 0 PID: 125 Comm: kunit_try_catch Tainted: G                 N  6.18.32-g2639d3294b9d-dirty #4 PREEMPT(voluntary) 
[    6.606462] Tainted: [N]=TEST
[    6.610709] Hardware name: QEMU Standard PC (i440FX + PIIX, 1996), BIOS 1.15.0-1 04/01/2014
[    6.622254] RIP: 0010:corten_txn_begin+0x191/0x4b0
[    6.624458] Code: 02 00 00 4c 89 ff 48 89 04 24 e8 fa b4 f4 00 4c 89 ff e8 02 b7 f4 00 48 8b 04 24 41 0f b6 4f 25 38 48 25 0f 87 65 ff ff ff 90 <0f> 0b 90 41 80 7e 48 04 0f 86 61 ff ff ff 90 0f 0b 90 48 89 c7 e8
[    6.637508] RSP: 0000:ffffb7ec804b7da0 EFLAGS: 00010246
[    6.641376] RAX: ffffa0d541a45ae0 RBX: 0000000000000fff RCX: 0000000000000002
[    6.651417] RDX: 0000000000000003 RSI: 000000000000001f RDI: ffffa0d5433811c0
[    6.658659] RBP: 0000000000000000 R08: ffffa0d541a81000 R09: ffffb7ec804b7e00
[    6.669222] R10: ffffb7ec804b7d58 R11: 0000000000000000 R12: ffffffffa363e510
[    6.677572] R13: ffffa0d541a81000 R14: ffffb7ec804b7e00 R15: ffffa0d541a45a80
[    6.687767] FS:  0000000000000000(0000) GS:ffffa0d6190ec000(0000) knlGS:0000000000000000
[    6.697636] CS:  0010 DS: 0000 ES: 0000 CR0: 0000000080050033
[    6.706206] CR2: 0000000000000000 CR3: 0000000071230001 CR4: 0000000000770ef0
[    6.715985] PKRU: 55555554
[    6.718247] Call Trace:
[    6.723211]  <TASK>
[    6.726527]  ? __pfx_kunit_generic_run_threadfn_adapter+0x10/0x10
[    6.734602]  corten_test_txn_path_overflow+0xb5/0x2a0
[    6.742359]  ? psi_task_switch+0x107/0x290
[    6.748498]  kunit_try_run_case+0x6f/0x150
[    6.752710]  ? __pfx_kunit_generic_run_threadfn_adapter+0x10/0x10
[    6.759240]  kunit_generic_run_threadfn_adapter+0x1c/0x40
[    6.765158]  kthread+0xff/0x1f0
[    6.766926]  ? __pfx_kthread+0x10/0x10
[    6.771264]  ? __pfx_kthread+0x10/0x10
[    6.776603]  ret_from_fork+0x144/0x160
[    6.783957]  ? __pfx_kthread+0x10/0x10
[    6.789526]  ret_from_fork_asm+0x1a/0x30
[    6.796241]  </TASK>
[    6.798417] ---[ end trace 0000000000000000 ]---
[    6.803481] ------------[ cut here ]------------
[    6.809910] WARNING: CPU: 3 PID: 125 at mm/corten.c:812 corten_txn_begin+0x1a0/0x4b0
[    6.818349] Modules linked in:
[    6.822167] CPU: 3 UID: 0 PID: 125 Comm: kunit_try_catch Tainted: G        W        N  6.18.32-g2639d3294b9d-dirty #4 PREEMPT(voluntary) 
[    6.833266] Tainted: [W]=WARN, [N]=TEST
[    6.836262] Hardware name: QEMU Standard PC (i440FX + PIIX, 1996), BIOS 1.15.0-1 04/01/2014
[    6.846574] RIP: 0010:corten_txn_begin+0x1a0/0x4b0
[    6.853140] Code: 4c 89 ff e8 02 b7 f4 00 48 8b 04 24 41 0f b6 4f 25 38 48 25 0f 87 65 ff ff ff 90 0f 0b 90 41 80 7e 48 04 0f 86 61 ff ff ff 90 <0f> 0b 90 48 89 c7 e8 c5 f5 ff ff 41 0f b6 46 48 84 c0 74 28 83 e8
[    6.875235] RSP: 0000:ffffb7ec804b7da0 EFLAGS: 00010202
[    6.881885] RAX: ffffa0d541a45c60 RBX: 0000000000000fff RCX: 0000000000000002
[    6.889400] RDX: 0000000000000003 RSI: 000000000000002a RDI: ffffa0d5433811c0
[    6.896097] RBP: 0000000000000000 R08: ffffa0d541a81000 R09: ffffb7ec804b7e00
[    6.904688] R10: ffffb7ec804b7d58 R11: 0000000000000000 R12: ffffffffa363e510
[    6.914177] R13: ffffa0d541a81000 R14: ffffb7ec804b7e00 R15: ffffa0d541a45c00
[    6.921884] FS:  0000000000000000(0000) GS:ffffa0d6190ec000(0000) knlGS:0000000000000000
[    6.928966] CS:  0010 DS: 0000 ES: 0000 CR0: 0000000080050033
[    6.936025] CR2: 0000000000000000 CR3: 0000000071230001 CR4: 0000000000770ef0
[    6.943687] PKRU: 55555554
[    6.947027] Call Trace:
[    6.949897]  <TASK>
[    6.952747]  ? __pfx_kunit_generic_run_threadfn_adapter+0x10/0x10
[    6.960238]  corten_test_txn_path_overflow+0xb5/0x2a0
[    6.966687]  ? psi_task_switch+0x107/0x290
[    6.973107]  kunit_try_run_case+0x6f/0x150
[    6.979320]  ? __pfx_kunit_generic_run_threadfn_adapter+0x10/0x10
[    6.985986]  kunit_generic_run_threadfn_adapter+0x1c/0x40
[    6.993605]  kthread+0xff/0x1f0
[    6.998597]  ? __pfx_kthread+0x10/0x10
[    7.003438]  ? __pfx_kthread+0x10/0x10
[    7.008112]  ret_from_fork+0x144/0x160
[    7.013090]  ? __pfx_kthread+0x10/0x10
[    7.017867]  ret_from_fork_asm+0x1a/0x30
[    7.022897]  </TASK>
[    7.025878] ---[ end trace 0000000000000000 ]---
[    7.033658] kunit_try_catch (125) used greatest stack depth: 13520 bytes left
[    7.034879]     ok 21 corten_test_txn_path_overflow
[    7.045411]     ok 22 corten_test_txn_child_err
[    7.051681]     ok 23 corten_test_real_huge_leaf
[    7.062127]     ok 24 corten_test_full_window_atomic
[    7.070337]     ok 25 corten_test_debugfs_content
[    7.077233] # corten: pass:24 fail:0 skip:1 total:25
[    7.082549] # Totals: pass:24 fail:0 skip:1 total:25
[    7.087755] ok 1 corten
[    7.097078]     KTAP version 1
[    7.100945]     # Subtest: corten_arena
[    7.107087]     # module: corten_arena_test
[    7.107095]     1..48
[    7.119972]     ok 1 corten_arena_test_declare_reject
[    7.126530]     ok 2 corten_arena_test_declare_reject_flags
[    7.136272]     ok 3 corten_arena_test_declare_query
[    7.148829]     ok 4 corten_arena_test_range_overlaps
[    7.165808]     ok 5 corten_arena_test_release
[    7.176875]     ok 6 corten_arena_test_ref_born_atomic
[    7.187897]     ok 7 corten_arena_test_release_classify
[    7.199727]     ok 8 corten_arena_test_shadow_vma
[    7.211730]     ok 9 corten_arena_test_exit
[    7.222067]     ok 10 corten_arena_test_prctl
[    7.236092]     ok 11 corten_arena_test_mode
[    7.246851]     ok 12 corten_arena_test_auto_classify
[    7.256863]     ok 13 corten_arena_test_auto_place
[    7.270180]     ok 14 corten_arena_test_auto_route
[    7.287634]     ok 15 corten_arena_test_auto_attach_release
[    7.302576]     ok 16 corten_arena_test_mag_recycle
[    7.317285]     ok 17 corten_arena_test_mag_marker
[    7.335164]     ok 18 corten_arena_test_pool_reuse
[    7.378548] corten_arena_op (209) used greatest stack depth: 12880 bytes left
[    7.398600]     ok 19 corten_arena_test_pool_limit
[    7.405802]     ok 20 corten_arena_test_pool_mode_exit
[    7.423398]     ok 21 corten_arena_test_pool_fork
[    7.433714]     ok 22 corten_arena_test_mprotect_route
[    7.437666]     ok 23 corten_arena_test_protect_flags_kernel_gate
[    7.442376]     ok 24 corten_arena_test_madvise_route
[    7.610939]     ok 25 corten_arena_test_mremap_route
[    7.621744]     ok 26 corten_arena_test_fork_faithful
[    7.632729]     ok 27 corten_arena_test_fork_unwind
[    7.639679]     ok 28 corten_arena_test_fork_multipiece
[    7.654661]     ok 29 corten_arena_test_fork_perm
[    7.669246]     ok 30 corten_arena_test_inv7_shared_ro
[    7.683483]     ok 31 corten_arena_test_inv7_swapped
[    7.693157] get_swap_device: Bad swap file entry 400000000000077
[    7.709937] BUG: Bad rss-counter state mm:000000000a2a7180 type:MM_SWAPENTS val:-1 Comm:kunit_try_catch Pid:250
[    7.722530]     ok 32 corten_arena_test_shrink_registry_count
[    7.726977]     ok 33 corten_arena_test_shrink_aging_two_pass
[    7.737306]     ok 34 corten_arena_test_shrink_rotation
[    7.747011] get_swap_device: Bad swap file entry 400000000000077
[    7.776419] get_swap_device: Bad swap file entry 400000000000077
[    7.791867]     ok 35 corten_arena_test_fork_swapped
[    7.798511]     ok 36 corten_arena_test_fork_f2_gate
[   18.041656] ------------[ cut here ]------------
[   18.054020] corten: arena [800000,1000000) drain timed out: leaked transaction reference, leaking the descriptor
[   18.066557] WARNING: CPU: 3 PID: 261 at mm/corten_arena.c:483 corten_arena_drain+0x6f/0x80
[   18.074966] Modules linked in:
[   18.078967] CPU: 3 UID: 0 PID: 261 Comm: kunit_try_catch Tainted: G        W        N  6.18.32-g2639d3294b9d-dirty #4 PREEMPT(voluntary) 
[   18.094264] Tainted: [W]=WARN, [N]=TEST
[   18.099854] Hardware name: QEMU Standard PC (i440FX + PIIX, 1996), BIOS 1.15.0-1 04/01/2014
[   18.106030] RIP: 0010:corten_arena_drain+0x6f/0x80
[   18.111216] Code: c4 08 31 c0 5b e9 81 20 f4 00 88 44 24 07 c6 05 61 72 d3 01 01 90 48 8b 53 08 48 8b 33 48 c7 c7 60 7d c8 a3 e8 62 db cf ff 90 <0f> 0b 90 90 0f b6 44 24 07 eb b4 66 0f 1f 44 00 00 90 90 90 90 90
[   18.145355] RSP: 0000:ffffb7ec8081fd40 EFLAGS: 00010282
[   18.148145] RAX: 0000000000000000 RBX: ffffa0d5433ec900 RCX: 00000000ffffdfff
[   18.154400] RDX: 0000000000000000 RSI: 00000000ffffffea RDI: 0000000000000001
[   18.166609] RBP: ffffa0d541a42200 R08: ffffffffa413e6c8 R09: 00000000ffffdfff
[   18.176744] R10: ffffffffa405e6e0 R11: ffffffffa410e6e0 R12: ffffa0d541a42218
[   18.186541] R13: ffffa0d5438e9a00 R14: ffffa0d541a42278 R15: ffffa0d5433ec900
[   18.196721] FS:  0000000000000000(0000) GS:ffffa0d6190ec000(0000) knlGS:0000000000000000
[   18.208427] CS:  0010 DS: 0000 ES: 0000 CR0: 0000000080050033
[   18.217486] CR2: 0000000000000000 CR3: 00000000031da002 CR4: 0000000000770ef0
[   18.227349] PKRU: 55555554
[   18.231228] Call Trace:
[   18.234638]  <TASK>
[   18.237746]  corten_arena_fork_begin+0x112/0x1b0
[   18.244231]  corten_arena_test_fork_begin+0x59/0x140
[   18.251243]  corten_arena_test_fork_drain_leak+0x18a/0x800
[   18.258481]  ? psi_task_switch+0x107/0x290
[   18.260171]  ? finish_task_switch.isra.0+0x76/0x250
[   18.266915]  ? __pfx_kunit_generic_run_threadfn_adapter+0x10/0x10
[   18.274967]  kunit_try_run_case+0x6f/0x150
[   18.280609]  ? __pfx_kunit_generic_run_threadfn_adapter+0x10/0x10
[   18.288473]  kunit_generic_run_threadfn_adapter+0x1c/0x40
[   18.295584]  kthread+0xff/0x1f0
[   18.299834]  ? __pfx_kthread+0x10/0x10
[   18.306179]  ? __pfx_kthread+0x10/0x10
[   18.310273]  ret_from_fork+0x144/0x160
[   18.313913]  ? __pfx_kthread+0x10/0x10
[   18.318180]  ret_from_fork_asm+0x1a/0x30
[   18.322665]  </TASK>
[   18.325114] ---[ end trace 0000000000000000 ]---
[   18.333831] BUG: Bad rss-counter state mm:00000000e1ebb805 type:MM_SWAPENTS val:-1 Comm:corten_arena_op Pid:262
[   18.344492]     # corten_arena_test_fork_drain_leak: Test should be marked slow (runtime: 10.537679377s)
[   18.345423]     ok 37 corten_arena_test_fork_drain_leak
[   18.361785]     ok 38 corten_arena_test_unshare_pin
[   18.373434]     ok 39 corten_arena_test_fork_reuse_exclusive
[   18.382375]     ok 40 corten_arena_test_gup_state1_uncommitted
[   18.394382]     ok 41 corten_arena_test_gup_state2_committed_rw
[   18.406825]     ok 42 corten_arena_test_gup_state3_fork_cow
[   18.421615]     ok 43 corten_arena_test_gup_state3b_downgrade_restore
[   18.438067]     ok 44 corten_arena_test_gup_state4_pin_zap
[   18.457585]     ok 45 corten_arena_test_concurrent
[   18.472733]     ok 46 corten_arena_test_concurrent_window
[   18.482934]     ok 47 corten_arena_test_obs_ledger
[   18.493142]     ok 48 corten_arena_test_drain_timeout_stat
[   18.498416] # corten_arena: pass:48 fail:0 skip:0 total:48
[   18.503807] # Totals: pass:48 fail:0 skip:0 total:48
[   18.511433] ok 2 corten_arena
[   18.521278]     KTAP version 1
[   18.525694]     # Subtest: corten_fault
[   18.530322]     # module: corten_fault_test
[   18.530329]     1..32
[   18.541311]     ok 1 corten_fault_test_dispatch
[   18.544144]     ok 2 corten_fault_test_fig8_cow
[   18.551455]     ok 3 corten_fault_test_unmap_classify
[   18.556293]     ok 4 corten_fault_test_mmap_classify
[   18.564063]     ok 5 corten_fault_test_punch_classify
[   18.571756]     ok 6 corten_fault_test_map_anon
[   18.579519]     ok 7 corten_fault_test_zero_page
[   18.586398]     ok 8 corten_fault_test_sigsegv
[   18.592619]     ok 9 corten_fault_test_fresh_fault
[   18.642700]     ok 10 corten_fault_test_churn_repro
[   18.653729]     ok 11 corten_fault_test_untracked_drift
[   18.662379]     ok 12 corten_fault_test_restore
[   18.672828]     ok 13 corten_fault_test_cow_reuse
[   18.681818]     ok 14 corten_fault_test_cow_copy
[   18.690623] ------------[ cut here ]------------
[   18.699009] WARNING: CPU: 2 PID: 323 at ./include/linux/rwsem.h:88 corten_fault_test_foll_force+0x808/0xc50
[   18.709614] Modules linked in:
[   18.713535] CPU: 2 UID: 0 PID: 323 Comm: kunit_try_catch Tainted: G        W        N  6.18.32-g2639d3294b9d-dirty #4 PREEMPT(voluntary) 
[   18.727658] Tainted: [W]=WARN, [N]=TEST
[   18.732176] Hardware name: QEMU Standard PC (i440FX + PIIX, 1996), BIOS 1.15.0-1 04/01/2014
[   18.741695] RIP: 0010:corten_fault_test_foll_force+0x808/0xc50
[   18.749400] Code: 0f 00 00 0f 85 18 fe ff ff 49 8b 04 24 a8 40 0f 84 0c fe ff ff 49 8b 44 24 48 48 8d 50 ff a8 01 49 0f 44 d4 e9 f8 fd ff ff 90 <0f> 0b 90 e9 64 f8 ff ff 48 98 45 31 c9 49 c7 c0 40 30 94 a2 48 89
[   18.770580] RSP: 0000:ffffb7ec80987d80 EFLAGS: 00010246
[   18.777336] RAX: ffffa0d5439d2d80 RBX: ffffa0d541d74d60 RCX: 0000000000000000
[   18.785790] RDX: 0000000000000000 RSI: 0000000000000014 RDI: ffffa0d5433858c0
[   18.794963] RBP: ffffb7ec80013a88 R08: 0000000000001000 R09: 0000000000000000
[   18.804947] R10: ffffb7ec80987c98 R11: 0000000000000000 R12: ffffa0d542d0d900
[   18.814186] R13: ffffa0d541acc3f0 R14: ffffffffa2943420 R15: ffffb7ec80013ac8
[   18.822015] FS:  0000000000000000(0000) GS:ffffa0d61906c000(0000) knlGS:0000000000000000
[   18.831422] CS:  0010 DS: 0000 ES: 0000 CR0: 0000000080050033
[   18.838214] CR2: 0000000000000000 CR3: 00000000031cc001 CR4: 0000000000770ef0
[   18.849806] PKRU: 55555554
[   18.853527] Call Trace:
[   18.857460]  <TASK>
[   18.860264]  ? psi_group_change+0x116/0x300
[   18.864655]  ? psi_task_switch+0x107/0x290
[   18.868937]  ? finish_task_switch.isra.0+0x76/0x250
[   18.873843]  kunit_try_run_case+0x6f/0x150
[   18.878461]  ? __pfx_kunit_generic_run_threadfn_adapter+0x10/0x10
[   18.886364]  kunit_generic_run_threadfn_adapter+0x1c/0x40
[   18.893994]  kthread+0xff/0x1f0
[   18.898228]  ? __pfx_kthread+0x10/0x10
[   18.902941]  ? __pfx_kthread+0x10/0x10
[   18.907550]  ret_from_fork+0x144/0x160
[   18.912578]  ? __pfx_kthread+0x10/0x10
[   18.917392]  ret_from_fork_asm+0x1a/0x30
[   18.922220]  </TASK>
[   18.925210] ---[ end trace 0000000000000000 ]---
[   18.931664] ------------[ cut here ]------------
[   18.935935] WARNING: CPU: 3 PID: 323 at ./include/linux/rwsem.h:88 corten_fault_test_foll_force+0xb62/0xc50
[   18.943865] Modules linked in:
[   18.947165] CPU: 3 UID: 0 PID: 323 Comm: kunit_try_catch Tainted: G        W        N  6.18.32-g2639d3294b9d-dirty #4 PREEMPT(voluntary) 
[   18.958633] Tainted: [W]=WARN, [N]=TEST
[   18.963440] Hardware name: QEMU Standard PC (i440FX + PIIX, 1996), BIOS 1.15.0-1 04/01/2014
[   18.972153] RIP: 0010:corten_fault_test_foll_force+0xb62/0xc50
[   18.975935] Code: c7 c6 a0 86 64 a3 48 89 ef 48 89 44 24 08 48 c7 04 24 b0 86 64 a3 48 c7 44 24 10 40 00 00 00 e8 44 c7 36 00 e9 44 fb ff ff 90 <0f> 0b 90 e9 ed fa ff ff 48 98 45 31 c9 49 c7 c0 40 30 94 a2 48 89
[   18.998513] RSP: 0000:ffffb7ec80987d80 EFLAGS: 00010246
[   19.003656] RAX: ffffa0d5439d2d80 RBX: ffffa0d541d74d60 RCX: ffffa0d5bddb0340
[   19.013055] RDX: 0000000000000000 RSI: 0000000000000001 RDI: ffffa0d5433858c0
[   19.024175] RBP: ffffb7ec80013a88 R08: 0000000000000000 R09: 00000000000001dc
[   19.033000] R10: ffffa0d5bddafac0 R11: 0000000000000001 R12: ffffa0d542d0d900
[   19.043008] R13: 0000000000000000 R14: ffffffffa2943420 R15: ffffb7ec80013ac8
[   19.051156] FS:  0000000000000000(0000) GS:ffffa0d6190ec000(0000) knlGS:0000000000000000
[   19.061020] CS:  0010 DS: 0000 ES: 0000 CR0: 0000000080050033
[   19.068070] CR2: 0000000000000000 CR3: 00000000031da002 CR4: 0000000000770ef0
[   19.076595] PKRU: 55555554
[   19.078026] Call Trace:
[   19.081297]  <TASK>
[   19.084358]  ? finish_task_switch.isra.0+0x76/0x250
[   19.091138]  kunit_try_run_case+0x6f/0x150
[   19.094633]  ? __pfx_kunit_generic_run_threadfn_adapter+0x10/0x10
[   19.102216]  kunit_generic_run_threadfn_adapter+0x1c/0x40
[   19.109440]  kthread+0xff/0x1f0
[   19.113948]  ? __pfx_kthread+0x10/0x10
[   19.118156]  ? __pfx_kthread+0x10/0x10
[   19.122986]  ret_from_fork+0x144/0x160
[   19.126091]  ? __pfx_kthread+0x10/0x10
[   19.131058]  ret_from_fork_asm+0x1a/0x30
[   19.133199]  </TASK>
[   19.136479] ---[ end trace 0000000000000000 ]---
[   19.144389]     ok 15 corten_fault_test_foll_force
[   19.150276]     ok 16 corten_fault_test_cow_race
[   19.159545]     ok 17 corten_fault_test_mprotect_pte
[   19.171484]     ok 18 corten_fault_test_mprotect_fresh
[   19.182194]     ok 19 corten_fault_test_zap_keep_perm
[   19.194614]     ok 20 corten_fault_test_zap_keep_perm_downgrade
[   19.206527]     ok 21 corten_fault_test_untracked_rearm
[   19.220699]     ok 22 corten_fault_test_fill_upper_race
[   19.230746]     ok 23 corten_fault_test_map_race
[   19.242542]     ok 24 corten_fault_test_chunk_unmap
[   19.253171]     ok 25 corten_fault_test_punch_hole
[   19.265548]     ok 26 corten_fault_test_punch_head
[   19.273713]     ok 27 corten_fault_test_rmap_guard
[   19.283099]     ok 28 corten_fault_test_reap_skip
[   19.292097]     ok 29 corten_fault_test_swap_encode
[   19.303207]     ok 30 corten_fault_test_swap_roundtrip # SKIP swap round-trip requires a swap area
[   19.312827]     ok 31 corten_fault_test_swap_zap_free # SKIP swap zap test requires a swap area
[   19.328735]     ok 32 corten_fault_test_swap_mprotect_pending
[   19.344366] # corten_fault: pass:30 fail:0 skip:2 total:32
[   19.350208] # Totals: pass:30 fail:0 skip:2 total:32
[   19.357754] ok 3 corten_fault
[   19.377283] check access for rdinit=/init failed: -2, ignoring
[   19.382100] md: Waiting for all devices to be available before autodetect
[   19.386754] md: If you don't use raid, use raid=noautodetect
[   19.390453] md: Autodetecting RAID arrays.
[   19.393861] md: autorun ...
[   19.396635] md: ... autorun DONE.
[   19.403849] /dev/root: Can't open blockdev
[   19.408460] VFS: Cannot open root device "" or unknown-block(0,0): error -6
[   19.414601] Please append a correct "root=" boot option; here are the available partitions:
[   19.422172] 0b00         1048575 sr0 
[   19.422180]  driver: sr
[   19.425458] List of all bdev filesystems:
[   19.427690]  ext3
[   19.427696]  ext2
[   19.429408]  ext4
[   19.431129]  vfat
[   19.432755]  msdos
[   19.434523]  iso9660
[   19.435977]  f2fs
[   19.436625]  erofs
[   19.437922] 
[   19.441500] Kernel panic - not syncing: VFS: Unable to mount root fs on unknown-block(0,0)
[   19.447416] CPU: 2 UID: 0 PID: 1 Comm: swapper/0 Tainted: G        W        N  6.18.32-g2639d3294b9d-dirty #4 PREEMPT(voluntary) 
[   19.455866] Tainted: [W]=WARN, [N]=TEST
[   19.459275] Hardware name: QEMU Standard PC (i440FX + PIIX, 1996), BIOS 1.15.0-1 04/01/2014
[   19.466091] Call Trace:
[   19.468449]  <TASK>
[   19.470510]  vpanic+0x34f/0x360
[   19.473835]  panic+0x56/0x60
[   19.476003]  mount_root_generic+0x1ff/0x320
[   19.480642]  prepare_namespace+0x63/0x270
[   19.483764]  kernel_init_freeable+0x29f/0x2f0
[   19.487310]  ? __pfx_kernel_init+0x10/0x10
[   19.491075]  kernel_init+0x15/0x1c0
[   19.494231]  ret_from_fork+0x144/0x160
[   19.497335]  ? __pfx_kernel_init+0x10/0x10
[   19.500583]  ret_from_fork_asm+0x1a/0x30
[   19.503701]  </TASK>
[   19.508128] Kernel Offset: 0x21000000 from 0xffffffff81000000 (relocation range: 0xffffffff80000000-0xffffffffbfffffff)
