qemu-system-x86_64: warning: host doesn't support requested feature: CPUID.80000001H:ECX.svm [bit 2]
qemu-system-x86_64: warning: host doesn't support requested feature: CPUID.80000001H:ECX.svm [bit 2]
qemu-system-x86_64: warning: host doesn't support requested feature: CPUID.80000001H:ECX.svm [bit 2]
qemu-system-x86_64: warning: host doesn't support requested feature: CPUID.80000001H:ECX.svm [bit 2]
c[?7l[2J[0mSeaBIOS (version 1.15.0-1)


iPXE (https://ipxe.org) 00:03.0 CA00 PCI2.10 PnP PMM+7FF8B310+7FECB310 CA00
Press Ctrl-B to configure iPXE (PCI 00:03.0)...                                                                               


Booting from ROM...
c[?7l[2J[    0.000000] Linux version 6.18.32-g217a9922a7d3-dirty (ppw@vm) (gcc (Ubuntu 11.4.0-1ubuntu1~22.04.3) 11.4.0, GNU ld (GNU Binutils for Ubuntu) 2.38) #3 SMP PREEMPT_DYNAMIC Tue Sep 22 18:50:01 CST 2026
[    0.000000] Command line: console=ttyS0 panic=-1 corten=on kunit.filter_glob=corten* kunit.filter=corten_arena.corten_arena_test_fork_redeclare_content
[    0.000000] x86/CPU: Model not found in latest microcode list
[    0.000000] BIOS-provided physical RAM map:
[    0.000000] BIOS-e820: [mem 0x0000000000000000-0x000000000009fbff] usable
[    0.000000] BIOS-e820: [mem 0x000000000009fc00-0x000000000009ffff] reserved
[    0.000000] BIOS-e820: [mem 0x00000000000f0000-0x00000000000fffff] reserved
[    0.000000] BIOS-e820: [mem 0x0000000000100000-0x000000007ffdffff] usable
[    0.000000] BIOS-e820: [mem 0x000000007ffe0000-0x000000007fffffff] reserved
[    0.000000] BIOS-e820: [mem 0x00000000feffc000-0x00000000feffffff] reserved
[    0.000000] BIOS-e820: [mem 0x00000000fffc0000-0x00000000ffffffff] reserved
[    0.000000] NX (Execute Disable) protection: active
[    0.000000] APIC: Static calls initialized
[    0.000000] SMBIOS 2.8 present.
[    0.000000] DMI: QEMU Standard PC (i440FX + PIIX, 1996), BIOS 1.15.0-1 04/01/2014
[    0.000000] DMI: Memory slots populated: 1/1
[    0.000000] Hypervisor detected: KVM
[    0.000000] last_pfn = 0x7ffe0 max_arch_pfn = 0x400000000
[    0.000000] kvm-clock: Using msrs 4b564d01 and 4b564d00
[    0.000004] kvm-clock: using sched offset of 1901515339 cycles
[    0.000009] clocksource: kvm-clock: mask: 0xffffffffffffffff max_cycles: 0x1cd42e4dffb, max_idle_ns: 881590591483 ns
[    0.000091] tsc: Detected 2419.196 MHz processor
[    0.003781] last_pfn = 0x7ffe0 max_arch_pfn = 0x400000000
[    0.004417] MTRR map: 4 entries (3 fixed + 1 variable; max 19), built from 8 variable MTRRs
[    0.004444] x86/PAT: Configuration [0-7]: WB  WC  UC- UC  WB  WP  UC- WT  
[    0.020984] found SMP MP-table at [mem 0x000f5ba0-0x000f5baf]
[    0.021855] ACPI: Early table checksum verification disabled
[    0.022053] ACPI: RSDP 0x00000000000F59E0 000014 (v00 BOCHS )
[    0.022180] ACPI: RSDT 0x000000007FFE1A1C 000034 (v01 BOCHS  BXPC     00000001 BXPC 00000001)
[    0.022295] ACPI: FACP 0x000000007FFE18B8 000074 (v01 BOCHS  BXPC     00000001 BXPC 00000001)
[    0.022451] ACPI: DSDT 0x000000007FFE0040 001878 (v01 BOCHS  BXPC     00000001 BXPC 00000001)
[    0.022459] ACPI: FACS 0x000000007FFE0000 000040
[    0.022465] ACPI: APIC 0x000000007FFE192C 000090 (v01 BOCHS  BXPC     00000001 BXPC 00000001)
[    0.022471] ACPI: HPET 0x000000007FFE19BC 000038 (v01 BOCHS  BXPC     00000001 BXPC 00000001)
[    0.022477] ACPI: WAET 0x000000007FFE19F4 000028 (v01 BOCHS  BXPC     00000001 BXPC 00000001)
[    0.022482] ACPI: Reserving FACP table memory at [mem 0x7ffe18b8-0x7ffe192b]
[    0.022486] ACPI: Reserving DSDT table memory at [mem 0x7ffe0040-0x7ffe18b7]
[    0.022489] ACPI: Reserving FACS table memory at [mem 0x7ffe0000-0x7ffe003f]
[    0.022491] ACPI: Reserving APIC table memory at [mem 0x7ffe192c-0x7ffe19bb]
[    0.022492] ACPI: Reserving HPET table memory at [mem 0x7ffe19bc-0x7ffe19f3]
[    0.022494] ACPI: Reserving WAET table memory at [mem 0x7ffe19f4-0x7ffe1a1b]
[    0.025981] No NUMA configuration found
[    0.025987] Faking a node at [mem 0x0000000000000000-0x000000007ffdffff]
[    0.025999] NODE_DATA(0) allocated [mem 0x7ffdc140-0x7ffdffff]
[    0.027411] Zone ranges:
[    0.027417]   DMA      [mem 0x0000000000001000-0x0000000000ffffff]
[    0.027424]   DMA32    [mem 0x0000000001000000-0x000000007ffdffff]
[    0.027428]   Normal   empty
[    0.027431] Movable zone start for each node
[    0.027433] Early memory node ranges
[    0.027434]   node   0: [mem 0x0000000000001000-0x000000000009efff]
[    0.027438]   node   0: [mem 0x0000000000100000-0x000000007ffdffff]
[    0.027443] Initmem setup node 0 [mem 0x0000000000001000-0x000000007ffdffff]
[    0.028655] On node 0, zone DMA: 1 pages in unavailable ranges
[    0.029992] On node 0, zone DMA: 97 pages in unavailable ranges
[    0.202669] On node 0, zone DMA32: 32 pages in unavailable ranges
[    0.207473] ACPI: PM-Timer IO Port: 0x608
[    0.207657] ACPI: LAPIC_NMI (acpi_id[0xff] dfl dfl lint[0x1])
[    0.208622] IOAPIC[0]: apic_id 0, version 17, address 0xfec00000, GSI 0-23
[    0.208634] ACPI: INT_SRC_OVR (bus 0 bus_irq 0 global_irq 2 dfl dfl)
[    0.208639] ACPI: INT_SRC_OVR (bus 0 bus_irq 5 global_irq 5 high level)
[    0.208642] ACPI: INT_SRC_OVR (bus 0 bus_irq 9 global_irq 9 high level)
[    0.208668] ACPI: INT_SRC_OVR (bus 0 bus_irq 10 global_irq 10 high level)
[    0.208671] ACPI: INT_SRC_OVR (bus 0 bus_irq 11 global_irq 11 high level)
[    0.208681] ACPI: Using ACPI (MADT) for SMP configuration information
[    0.208683] ACPI: HPET id: 0x8086a201 base: 0xfed00000
[    0.208747] CPU topo: Max. logical packages:   1
[    0.208749] CPU topo: Max. logical dies:       1
[    0.208751] CPU topo: Max. dies per package:   1
[    0.208760] CPU topo: Max. threads per core:   1
[    0.208787] CPU topo: Num. cores per package:     4
[    0.208789] CPU topo: Num. threads per package:   4
[    0.208790] CPU topo: Allowing 4 present CPUs plus 0 hotplug CPUs
[    0.208912] kvm-guest: APIC: eoi() replaced with kvm_guest_apic_eoi_write()
[    0.209975] PM: hibernation: Registered nosave memory: [mem 0x00000000-0x00000fff]
[    0.209983] PM: hibernation: Registered nosave memory: [mem 0x0009f000-0x000fffff]
[    0.209988] [mem 0x80000000-0xfeffbfff] available for PCI devices
[    0.209990] Booting paravirtualized kernel on KVM
[    0.210004] clocksource: refined-jiffies: mask: 0xffffffff max_cycles: 0xffffffff, max_idle_ns: 1910969940391419 ns
[    0.232151] setup_percpu: NR_CPUS:64 nr_cpumask_bits:4 nr_cpu_ids:4 nr_node_ids:1
[    0.244560] percpu: Embedded 54 pages/cpu s182680 r8192 d30312 u524288
[    0.244917] Kernel command line: console=ttyS0 panic=-1 corten=on kunit.filter_glob=corten* kunit.filter=corten_arena.corten_arena_test_fork_redeclare_content
[    0.245407] corten: requested on, activating at initcall time
[    0.245470] printk: log buffer data + meta data: 262144 + 917504 = 1179648 bytes
[    0.257041] Dentry cache hash table entries: 262144 (order: 9, 2097152 bytes, linear)
[    0.276913] Inode-cache hash table entries: 131072 (order: 8, 1048576 bytes, linear)
[    0.278398] Fallback order for Node 0: 0 
[    0.278428] Built 1 zonelists, mobility grouping on.  Total pages: 524158
[    0.278432] Policy zone: DMA32
[    0.278437] mem auto-init: stack:off, heap alloc:off, heap free:off
[    0.291121] SLUB: HWalign=64, Order=0-3, MinObjects=0, CPUs=4, Nodes=1
[    0.291455] Kernel/User page tables isolation: enabled
[    0.309268] Dynamic Preempt: voluntary
[    0.310758] rcu: Preemptible hierarchical RCU implementation.
[    0.310761] rcu: 	RCU event tracing is enabled.
[    0.310763] rcu: 	RCU restricting CPUs from NR_CPUS=64 to nr_cpu_ids=4.
[    0.310768] 	Trampoline variant of Tasks RCU enabled.
[    0.310769] 	Tracing variant of Tasks RCU enabled.
[    0.310771] rcu: RCU calculated value of scheduler-enlistment delay is 100 jiffies.
[    0.310773] rcu: Adjusting geometry for rcu_fanout_leaf=16, nr_cpu_ids=4
[    0.310856] RCU Tasks: Setting shift to 2 and lim to 1 rcu_task_cb_adjust=1 rcu_task_cpu_ids=4.
[    0.310862] RCU Tasks Trace: Setting shift to 2 and lim to 1 rcu_task_cb_adjust=1 rcu_task_cpu_ids=4.
[    0.325280] NR_IRQS: 4352, nr_irqs: 456, preallocated irqs: 16
[    0.326579] rcu: srcu_init: Setting srcu_struct sizes based on contention.
[    0.402923] Console: colour VGA+ 80x25
[    0.403095] printk: legacy console [ttyS0] enabled
[    1.019894] ACPI: Core revision 20250807
[    1.025654] clocksource: hpet: mask: 0xffffffff max_cycles: 0xffffffff, max_idle_ns: 19112604467 ns
[    1.035825] APIC: Switch to symmetric I/O mode setup
[    1.045376] x2apic enabled
[    1.053462] APIC: Switched APIC routing to: physical x2apic
[    1.079132] ..TIMER: vector=0x30 apic1=0 pin1=2 apic2=-1 pin2=-1
[    1.085711] clocksource: tsc-early: mask: 0xffffffffffffffff max_cycles: 0x22df0d21928, max_idle_ns: 440795225288 ns
[    1.090371] Calibrating delay loop (skipped) preset value.. 4838.39 BogoMIPS (lpj=2419196)
[    1.093356] Last level iTLB entries: 4KB 0, 2MB 0, 4MB 0
[    1.093356] Last level dTLB entries: 4KB 0, 2MB 0, 4MB 0, 1GB 0
[    1.093356] mitigations: Enabled attack vectors: user_kernel, user_user, SMT mitigations: auto
[    1.093466] Speculative Store Bypass: Vulnerable
[    1.094356] Spectre V2 : Mitigation: Retpolines
[    1.094367] ITS: Mitigation: Aligned branch/return thunks
[    1.095356] MDS: Vulnerable: Clear CPU buffers attempted, no microcode
[    1.095356] Spectre V1 : Mitigation: usercopy/swapgs barriers and __user pointer sanitization
[    1.095371] Spectre V2 : Spectre v2 / SpectreRSB: Filling RSB on context switch and VMEXIT
[    1.096356] active return thunk: its_return_thunk
[    1.096356] x86/fpu: x87 FPU will use FXSAVE
[    1.105356] Freeing SMP alternatives memory: 64K
[    1.105356] pid_max: default: 32768 minimum: 301
[    1.105356] LSM: initializing lsm=capability,selinux
[    1.105356] SELinux:  Initializing.
[    1.106052] Mount-cache hash table entries: 4096 (order: 3, 32768 bytes, linear)
[    1.106356] Mountpoint-cache hash table entries: 4096 (order: 3, 32768 bytes, linear)
[    1.114356] smpboot: CPU0: Intel QEMU Virtual CPU version 2.5+ (family: 0xf, model: 0x6b, stepping: 0x1)
[    1.116202] Performance Events: unsupported Netburst CPU model 107 no PMU driver, software events only.
[    1.119015] signal: max sigframe size: 1440
[    1.120542] rcu: Hierarchical SRCU implementation.
[    1.121362] rcu: 	Max phase no-delay instances is 400.
[    1.123661] Timer migration: 1 hierarchy levels; 8 children per group; 1 crossnode level
[    1.136865] corten: page descriptors enabled
[    1.138869] smp: Bringing up secondary CPUs ...
[    1.141249] smpboot: x86: Booting SMP configuration:
[    1.141374] .... node  #0, CPUs:      #1 #2 #3
[    1.156891] smp: Brought up 1 node, 4 CPUs
[    1.158367] smpboot: Total of 4 processors activated (19353.56 BogoMIPS)
[    1.166196] Memory: 2006932K/2096632K available (21446K kernel code, 3199K rwdata, 8972K rodata, 3260K init, 1196K bss, 84536K reserved, 0K cma-reserved)
[    1.168366] devtmpfs: initialized
[    1.173494] clocksource: jiffies: mask: 0xffffffff max_cycles: 0xffffffff, max_idle_ns: 1911260446275000 ns
[    1.174387] posixtimers hash table entries: 2048 (order: 3, 32768 bytes, linear)
[    1.175958] futex hash table entries: 1024 (65536 bytes on 1 NUMA nodes, total 64 KiB, linear).
[    1.178022] PM: RTC time: 10:51:12, date: 2026-09-22
[    1.191684] NET: Registered PF_NETLINK/PF_ROUTE protocol family
[    1.193618] audit: initializing netlink subsys (disabled)
[    1.196415] audit: type=2000 audit(1790074271.706:1): state=initialized audit_enabled=0 res=1
[    1.196856] thermal_sys: Registered thermal governor 'step_wise'
[    1.199363] cpuidle: using governor menu
[    1.218560] PCI: Using configuration type 1 for base access
[    1.223930] kprobes: kprobe jump-optimization is enabled. All kprobes are optimized if possible.
[    1.227773] HugeTLB: registered 2.00 MiB page size, pre-allocated 0 pages
[    1.228356] HugeTLB: 28 KiB vmemmap can be freed for a 2.00 MiB page
[    1.229661] ACPI: Added _OSI(Module Device)
[    1.230160] ACPI: Added _OSI(Processor Device)
[    1.230356] ACPI: Added _OSI(Processor Aggregator Device)
[    1.230356] ACPI: 1 ACPI AML tables successfully acquired and loaded
[    1.234600] ACPI: Interpreter enabled
[    1.234600] ACPI: PM: (supports S0 S3 S4 S5)
[    1.236359] ACPI: Using IOAPIC for interrupt routing
[    1.236522] PCI: Using host bridge windows from ACPI; if necessary, use "pci=nocrs" and report a bug
[    1.239357] PCI: Using E820 reservations for host bridge windows
[    1.239416] ACPI: Enabled 2 GPEs in block 00 to 0F
[    1.242202] ACPI: PCI Root Bridge [PCI0] (domain 0000 [bus 00-ff])
[    1.243385] acpi PNP0A03:00: _OSC: OS supports [ASPM ClockPM Segments MSI HPX-Type3]
[    1.244314] acpi PNP0A03:00: _OSC: not requesting OS control; OS requires [ExtendedConfig ASPM ClockPM MSI]
[    1.245369] acpi PNP0A03:00: fail to add MMCONFIG information, can't access extended configuration space under this bridge
[    1.245469] PCI host bridge to bus 0000:00
[    1.245950] pci_bus 0000:00: root bus resource [io  0x0000-0x0cf7 window]
[    1.246356] pci_bus 0000:00: root bus resource [io  0x0d00-0xffff window]
[    1.248357] pci_bus 0000:00: root bus resource [mem 0x000a0000-0x000bffff window]
[    1.249356] pci_bus 0000:00: root bus resource [mem 0x80000000-0xfebfffff window]
[    1.250235] pci_bus 0000:00: root bus resource [mem 0x100000000-0x17fffffff window]
[    1.250357] pci_bus 0000:00: root bus resource [bus 00-ff]
[    1.250452] pci 0000:00:00.0: [8086:1237] type 00 class 0x060000 conventional PCI endpoint
[    1.251871] pci 0000:00:01.0: [8086:7000] type 00 class 0x060100 conventional PCI endpoint
[    1.252423] pci 0000:00:01.1: [8086:7010] type 00 class 0x010180 conventional PCI endpoint
[    1.254401] pci 0000:00:01.1: BAR 4 [io  0xc040-0xc04f]
[    1.254401] pci 0000:00:01.1: BAR 0 [io  0x01f0-0x01f7]: legacy IDE quirk
[    1.255197] pci 0000:00:01.1: BAR 1 [io  0x03f6]: legacy IDE quirk
[    1.256356] pci 0000:00:01.1: BAR 2 [io  0x0170-0x0177]: legacy IDE quirk
[    1.256357] pci 0000:00:01.1: BAR 3 [io  0x0376]: legacy IDE quirk
[    1.258560] pci 0000:00:01.3: [8086:7113] type 00 class 0x068000 conventional PCI endpoint
[    1.266023] pci 0000:00:01.3: quirk: [io  0x0600-0x063f] claimed by PIIX4 ACPI
[    1.270462] pci 0000:00:01.3: quirk: [io  0x0700-0x070f] claimed by PIIX4 SMB
[    1.277555] pci 0000:00:01.3: quirk_piix4_acpi+0x0/0x170 took 10742 usecs
[    1.283237] pci 0000:00:02.0: [1234:1111] type 00 class 0x030000 conventional PCI endpoint
[    1.317622] pci 0000:00:02.0: BAR 0 [mem 0xfd000000-0xfdffffff pref]
[    1.322519] pci 0000:00:02.0: BAR 2 [mem 0xfebb0000-0xfebb0fff]
[    1.325614] pci 0000:00:02.0: ROM [mem 0xfeba0000-0xfebaffff pref]
[    1.331756] pci 0000:00:02.0: Video device with shadowed ROM at [mem 0x000c0000-0x000dffff]
[    1.346046] pci 0000:00:03.0: [8086:100e] type 00 class 0x020000 conventional PCI endpoint
[    1.353356] pci 0000:00:03.0: BAR 0 [mem 0xfeb80000-0xfeb9ffff]
[    1.355452] pci 0000:00:03.0: BAR 1 [io  0xc000-0xc03f]
[    1.358691] pci 0000:00:03.0: ROM [mem 0xfeb00000-0xfeb7ffff pref]
[    1.371541] ACPI: PCI: Interrupt link LNKA configured for IRQ 10
[    1.375872] ACPI: PCI: Interrupt link LNKB configured for IRQ 10
[    1.377858] ACPI: PCI: Interrupt link LNKC configured for IRQ 11
[    1.382638] ACPI: PCI: Interrupt link LNKD configured for IRQ 11
[    1.385406] ACPI: PCI: Interrupt link LNKS configured for IRQ 9
[    1.396784] iommu: Default domain type: Translated
[    1.400369] iommu: DMA domain TLB invalidation policy: lazy mode
[    1.413808] SCSI subsystem initialized
[    1.418110] ACPI: bus type USB registered
[    1.422647] usbcore: registered new interface driver usbfs
[    1.426543] usbcore: registered new interface driver hub
[    1.429402] usbcore: registered new device driver usb
[    1.432367] pps_core: LinuxPPS API ver. 1 registered
[    1.435365] pps_core: Software ver. 5.3.6 - Copyright 2005-2007 Rodolfo Giometti <giometti@linux.it>
[    1.439390] PTP clock support registered
[    1.443725] Advanced Linux Sound Architecture Driver Initialized.
[    1.450889] NetLabel: Initializing
[    1.452364] NetLabel:  domain hash size = 128
[    1.454364] NetLabel:  protocols = UNLABELED CIPSOv4 CALIPSO
[    1.457605] NetLabel:  unlabeled traffic allowed by default
[    1.460171] PCI: Using ACPI for IRQ routing
[    1.463793] pci 0000:00:02.0: vgaarb: setting as boot VGA device
[    1.464356] pci 0000:00:02.0: vgaarb: bridge control possible
[    1.464356] pci 0000:00:02.0: vgaarb: VGA device added: decodes=io+mem,owns=io+mem,locks=none
[    1.472383] vgaarb: loaded
[    1.478519] hpet: 3 channels of 0 reserved for per-cpu timers
[    1.483664] hpet0: at MMIO 0xfed00000, IRQs 2, 8, 0
[    1.488361] hpet0: 3 comparators, 64-bit 100.000000 MHz counter
[    1.500594] clocksource: Switched to clocksource kvm-clock
[    1.526043] VFS: Disk quotas dquot_6.6.0
[    1.529645] VFS: Dquot-cache hash table entries: 512 (order 0, 4096 bytes)
[    1.538463] pnp: PnP ACPI init
[    1.544269] pnp: PnP ACPI: found 6 devices
[    1.606315] clocksource: acpi_pm: mask: 0xffffff max_cycles: 0xffffff, max_idle_ns: 2085701024 ns
[    1.615896] NET: Registered PF_INET protocol family
[    1.619897] IP idents hash table entries: 32768 (order: 6, 262144 bytes, linear)
[    1.632460] tcp_listen_portaddr_hash hash table entries: 1024 (order: 2, 16384 bytes, linear)
[    1.641148] Table-perturb hash table entries: 65536 (order: 6, 262144 bytes, linear)
[    1.649149] TCP established hash table entries: 16384 (order: 5, 131072 bytes, linear)
[    1.655604] TCP bind hash table entries: 16384 (order: 7, 524288 bytes, linear)
[    1.661306] TCP: Hash tables configured (established 16384 bind 16384)
[    1.667216] UDP hash table entries: 1024 (order: 4, 65536 bytes, linear)
[    1.673497] UDP-Lite hash table entries: 1024 (order: 4, 65536 bytes, linear)
[    1.681455] NET: Registered PF_UNIX/PF_LOCAL protocol family
[    1.691453] RPC: Registered named UNIX socket transport module.
[    1.696989] RPC: Registered udp transport module.
[    1.701528] RPC: Registered tcp transport module.
[    1.706259] RPC: Registered tcp-with-tls transport module.
[    1.710112] RPC: Registered tcp NFSv4.1 backchannel transport module.
[    1.722093] pci_bus 0000:00: resource 4 [io  0x0000-0x0cf7 window]
[    1.727693] pci_bus 0000:00: resource 5 [io  0x0d00-0xffff window]
[    1.733916] pci_bus 0000:00: resource 6 [mem 0x000a0000-0x000bffff window]
[    1.740592] pci_bus 0000:00: resource 7 [mem 0x80000000-0xfebfffff window]
[    1.747312] pci_bus 0000:00: resource 8 [mem 0x100000000-0x17fffffff window]
[    1.754303] pci 0000:00:01.0: PIIX3: Enabling Passive Release
[    1.760469] pci 0000:00:00.0: Limiting direct PCI/PCI transfers
[    1.766957] PCI: CLS 0 bytes, default 64
[    1.773055] clocksource: tsc: mask: 0xffffffffffffffff max_cycles: 0x22df0d21928, max_idle_ns: 440795225288 ns
[    1.794433] Initialise system trusted keyrings
[    1.800877] workingset: timestamp_bits=40 max_order=19 bucket_order=0
[    1.805918] NFS: Registering the id_resolver key type
[    1.809904] Key type id_resolver registered
[    1.813800] Key type id_legacy registered
[    1.819340] 9p: Installing v9fs 9p2000 file system support
[    1.870633] Key type asymmetric registered
[    1.874587] Asymmetric key parser 'x509' registered
[    1.879583] Block layer SCSI generic (bsg) driver version 0.4 loaded (major 251)
[    1.887490] io scheduler mq-deadline registered
[    1.892113] io scheduler kyber registered
[    1.899529] input: Power Button as /devices/LNXSYSTM:00/LNXPWRBN:00/input/input0
[    1.906936] ACPI: button: Power Button [PWRF]
[    1.917976] Serial: 8250/16550 driver, 4 ports, IRQ sharing enabled
[    1.927030] 00:04: ttyS0 at I/O 0x3f8 (irq = 4, base_baud = 115200) is a 16550A
[    1.943404] Non-volatile memory driver v1.3
[    1.948040] Linux agpgart interface v0.103
[    2.001720] ACPI: bus type drm_connector registered
[    2.046864] loop: module loaded
[    2.050397] zram: Added device: zram0
[    2.062891] scsi host0: ata_piix
[    2.070018] scsi host1: ata_piix
[    2.073643] ata1: PATA max MWDMA2 cmd 0x1f0 ctl 0x3f6 bmdma 0xc040 irq 14 lpm-pol 0
[    2.080922] ata2: PATA max MWDMA2 cmd 0x170 ctl 0x376 bmdma 0xc048 irq 15 lpm-pol 0
[    2.090488] tun: Universal TUN/TAP device driver, 1.6
[    2.099925] e100: Intel(R) PRO/100 Network Driver
[    2.106331] e100: Copyright(c) 1999-2006 Intel Corporation
[    2.110973] e1000: Intel(R) PRO/1000 Network Driver
[    2.113229] e1000: Copyright (c) 1999-2006 Intel Corporation.
[    2.157119] ACPI: \_SB_.LNKC: Enabled at IRQ 11
[    2.264069] ata2: found unknown device (class 0)
[    2.271841] ata2.00: ATAPI: QEMU DVD-ROM, 2.5+, max UDMA/100
[    2.286444] scsi 1:0:0:0: CD-ROM            QEMU     QEMU DVD-ROM     2.5+ PQ: 0 ANSI: 5
[    2.346668] sr 1:0:0:0: [sr0] scsi3-mmc drive: 4x/4x cd/rw xa/form2 tray
[    2.354054] cdrom: Uniform CD-ROM driver Revision: 3.20
[    2.384743] sr 1:0:0:0: Attached scsi generic sg0 type 5
[    3.239713] e1000 0000:00:03.0 eth0: (PCI:33MHz:32-bit) 52:54:00:12:34:56
[    3.246728] e1000 0000:00:03.0 eth0: Intel(R) PRO/1000 Network Connection
[    3.253313] e1000e: Intel(R) PRO/1000 Network Driver
[    3.258075] e1000e: Copyright(c) 1999 - 2015 Intel Corporation.
[    3.263772] sky2: driver version 1.30
[    3.269203] usbcore: registered new interface driver usblp
[    3.274431] usbcore: registered new interface driver usb-storage
[    3.279616] i8042: PNP: PS/2 Controller [PNP0303:KBD,PNP0f13:MOU] at 0x60,0x64 irq 1,12
[    3.293795] serio: i8042 KBD port at 0x60,0x64 irq 1
[    3.298627] serio: i8042 AUX port at 0x60,0x64 irq 12
[    3.307858] rtc_cmos 00:05: RTC can wake from S4
[    3.309117] input: AT Translated Set 2 keyboard as /devices/platform/i8042/serio0/input/input1
[    3.326515] rtc_cmos 00:05: registered as rtc0
[    3.332227] rtc_cmos 00:05: alarms up to one day, y3k, 242 bytes nvram, hpet irqs
[    3.342324] device-mapper: ioctl: 4.50.0-ioctl (2025-04-28) initialised: dm-devel@lists.linux.dev
[    3.348383] intel_pstate: CPU model not supported
[    3.349038] hid: raw HID events driver (C) Jiri Kosina
[    3.350445] usbcore: registered new interface driver usbhid
[    3.355625] usbhid: USB HID core driver
[    3.380641] xt_time: kernel timezone is -0000
[    3.387589] Initializing XFRM netlink socket
[    3.390476] NET: Registered PF_INET6 protocol family
[    3.402433] Segment Routing with IPv6
[    3.406081] In-situ OAM (IOAM) with IPv6
[    3.410504] sit: IPv6, IPv4 and MPLS over IPv4 tunneling driver
[    3.416949] NET: Registered PF_PACKET protocol family
[    3.421213] NET: Registered PF_KEY protocol family
[    3.426366] 9pnet: Installing 9P2000 support
[    3.430411] Key type dns_resolver registered
[    3.434497] NET: Registered PF_VSOCK protocol family
[    3.444051] IPI shorthand broadcast: enabled
[    3.459189] sched_clock: Marking stable (2697049345, 761723742)->(4065082735, -606309648)
[    3.470232] registered taskstats version 1
[    3.475525] Loading compiled-in X.509 certificates
[    3.491180] Demotion targets for Node 0: null
[    3.495859] Key type .fscrypt registered
[    3.499432] Key type fscrypt-provisioning registered
[    3.504634] PM:   Magic number: 10:72:882
[    3.508785] netconsole: network logging started
[    3.517752] cfg80211: Loading compiled-in X.509 certificates for regulatory database
[    3.528632] kworker/u16:0 (72) used greatest stack depth: 14272 bytes left
[    3.535244] Loaded X.509 cert 'sforshee: 00b28ddf47aef9cea7'
[    3.538526] Loaded X.509 cert 'wens: 61c038651aabdcf94bd0ac7ff06c7248db18c600'
[    3.545226] ALSA device list:
[    3.549064] faux_driver regulatory: Direct firmware load for regulatory.db failed with error -2
[    3.549628]   No soundcards found.
[    3.557109] cfg80211: failed to load regulatory.db
[    3.560663] kunit executor: filter operation not found: corten_arena.corten_arena_test_fork_redeclare_content
[    3.573615] kunit executor: error filtering suites: -22
[    3.582227] check access for rdinit=/init failed: -2, ignoring
[    3.864577] input: ImExPS/2 Generic Explorer Mouse as /devices/platform/i8042/serio1/input/input3
[    3.871075] md: Waiting for all devices to be available before autodetect
[    3.875301] md: If you don't use raid, use raid=noautodetect
[    3.878689] md: Autodetecting RAID arrays.
[    3.881384] md: autorun ...
[    3.883227] md: ... autorun DONE.
[    3.888601] /dev/root: Can't open blockdev
[    3.891340] VFS: Cannot open root device "" or unknown-block(0,0): error -6
[    3.895780] Please append a correct "root=" boot option; here are the available partitions:
[    3.900622] 0b00         1048575 sr0 
[    3.900630]  driver: sr
[    3.904512] List of all bdev filesystems:
[    3.906890]  ext3
[    3.906894]  ext2
[    3.907858]  ext4
[    3.908198]  vfat
[    3.908907]  msdos
[    3.910546]  iso9660
[    3.911979]  f2fs
[    3.913428]  erofs
[    3.914549] 
[    3.916812] Kernel panic - not syncing: VFS: Unable to mount root fs on unknown-block(0,0)
[    3.921687] CPU: 1 UID: 0 PID: 1 Comm: swapper/0 Not tainted 6.18.32-g217a9922a7d3-dirty #3 PREEMPT(voluntary) 
[    3.926093] Hardware name: QEMU Standard PC (i440FX + PIIX, 1996), BIOS 1.15.0-1 04/01/2014
[    3.930664] Call Trace:
[    3.932640]  <TASK>
[    3.934230]  vpanic+0x34f/0x360
[    3.936690]  panic+0x56/0x60
[    3.938453]  mount_root_generic+0x1ff/0x320
[    3.941398]  prepare_namespace+0x63/0x270
[    3.943652]  kernel_init_freeable+0x29f/0x2f0
[    3.946100]  ? __pfx_kernel_init+0x10/0x10
[    3.948642]  kernel_init+0x15/0x1c0
[    3.951000]  ret_from_fork+0x144/0x160
[    3.953289]  ? __pfx_kernel_init+0x10/0x10
[    3.954739]  ret_from_fork_asm+0x1a/0x30
[    3.957232]  </TASK>
[    3.971195] Kernel Offset: 0x5200000 from 0xffffffff81000000 (relocation range: 0xffffffff80000000-0xffffffffbfffffff)
