22972 execve("/root/m4t12/bin/mmbench_dyn", ["/root/m4t12/bin/mmbench_dyn", "unmap", "low", "1", "1", "20264957"], 0x7ffc6629a218 /* 29 vars */) = 0
22972 brk(NULL)                         = 0x555bb1450000
22972 mmap(NULL, 8192, PROT_READ|PROT_WRITE, MAP_PRIVATE|MAP_ANONYMOUS, -1, 0) = 0x7f22f2fda000
22972 access("/etc/ld.so.preload", R_OK) = -1 ENOENT (No such file or directory)
22972 openat(AT_FDCWD, "/etc/ld.so.cache", O_RDONLY|O_CLOEXEC) = 3
22972 fstat(3, {st_mode=S_IFREG|0644, st_size=27983, ...}) = 0
22972 mmap(NULL, 27983, PROT_READ, MAP_PRIVATE, 3, 0) = 0x7f22f2fd3000
22972 close(3)                          = 0
22972 openat(AT_FDCWD, "/lib/x86_64-linux-gnu/libc.so.6", O_RDONLY|O_CLOEXEC) = 3
22972 read(3, "\177ELF\2\1\1\3\0\0\0\0\0\0\0\0\3\0>\0\1\0\0\0p\236\2\0\0\0\0\0@\0\0\0\0\0\0\0\220b\36\0\0\0\0\0\0\0\0\0@\08\0\17\0@\0=\0<\0\6\0\0\0\4\0\0\0@\0\0\0\0\0\0\0@\0\0\0\0\0\0\0@\0\0\0\0\0\0\0"..., 832) = 832
22972 pread64(3, "\6\0\0\0\4\0\0\0@\0\0\0\0\0\0\0@\0\0\0\0\0\0\0@\0\0\0\0\0\0\0H\3\0\0\0\0\0\0H\3\0\0\0\0\0\0\10\0\0\0\0\0\0\0\3\0\0\0\4\0\0\0\240\1\36\0\0\0\0\0\240\1\36\0\0\0\0\0\240\1\36\0\0\0\0\0\34\0\0\0\0\0\0\0"..., 840, 64) = 840
22972 fstat(3, {st_mode=S_IFREG|0755, st_size=1995216, ...}) = 0
22972 pread64(3, "\6\0\0\0\4\0\0\0@\0\0\0\0\0\0\0@\0\0\0\0\0\0\0@\0\0\0\0\0\0\0H\3\0\0\0\0\0\0H\3\0\0\0\0\0\0\10\0\0\0\0\0\0\0\3\0\0\0\4\0\0\0\240\1\36\0\0\0\0\0\240\1\36\0\0\0\0\0\240\1\36\0\0\0\0\0\34\0\0\0\0\0\0\0"..., 840, 64) = 840
22972 mmap(NULL, 2047568, PROT_READ, MAP_PRIVATE|MAP_DENYWRITE, 3, 0) = 0x7f22f2ddf000
22972 mmap(0x7f22f2e07000, 1454080, PROT_READ|PROT_EXEC, MAP_PRIVATE|MAP_FIXED|MAP_DENYWRITE, 3, 0x28000) = 0x7f22f2e07000
22972 mmap(0x7f22f2f6a000, 352256, PROT_READ, MAP_PRIVATE|MAP_FIXED|MAP_DENYWRITE, 3, 0x18b000) = 0x7f22f2f6a000
22972 mmap(0x7f22f2fc0000, 24576, PROT_READ|PROT_WRITE, MAP_PRIVATE|MAP_FIXED|MAP_DENYWRITE, 3, 0x1e0000) = 0x7f22f2fc0000
22972 mmap(0x7f22f2fc6000, 52816, PROT_READ|PROT_WRITE, MAP_PRIVATE|MAP_FIXED|MAP_ANONYMOUS, -1, 0) = 0x7f22f2fc6000
22972 close(3)                          = 0
22972 mmap(NULL, 12288, PROT_READ|PROT_WRITE, MAP_PRIVATE|MAP_ANONYMOUS, -1, 0) = 0x7f22f2ddc000
22972 arch_prctl(ARCH_SET_FS, 0x7f22f2ddc740) = 0
22972 set_tid_address(0x7f22f2ddca10)   = 22972
22972 set_robust_list(0x7f22f2ddca20, 24) = 0
22972 rseq(0x7f22f2ddc680, 0x20, 0, 0x53053053) = 0
22972 mprotect(0x7f22f2fc0000, 16384, PROT_READ) = 0
22972 mprotect(0x555b9b933000, 4096, PROT_READ) = 0
22972 mprotect(0x7f22f302c000, 8192, PROT_READ) = 0
22972 prlimit64(0, RLIMIT_STACK, NULL, {rlim_cur=8192*1024, rlim_max=RLIM64_INFINITY}) = 0
22972 munmap(0x7f22f2fd3000, 27983)     = 0
22972 write(2, "mmbench: bench=unmap contention=low threads=1 arena=160 MB (per thread)\n", 72) = 72
22972 prlimit64(0, RLIMIT_AS, NULL, {rlim_cur=RLIM64_INFINITY, rlim_max=RLIM64_INFINITY}) = 0
22972 getrandom("\x1d\x1a\x5b\xa5\x97\xa1\x97\x0f", 8, GRND_NONBLOCK) = 8
22972 brk(NULL)                         = 0x555bb1450000
22972 brk(0x555bb1471000)               = 0x555bb1471000
22972 rt_sigaction(SIGRT_1, {sa_handler=0x7f22f2e6f4b0, sa_mask=[], sa_flags=SA_RESTORER|SA_ONSTACK|SA_RESTART|SA_SIGINFO, sa_restorer=0x7f22f2e1edf0}, NULL, 8) = 0
22972 rt_sigprocmask(SIG_UNBLOCK, [RTMIN RT_1], NULL, 8) = 0
22972 mmap(NULL, 8392704, PROT_NONE, MAP_PRIVATE|MAP_ANONYMOUS|MAP_STACK, -1, 0) = 0x7f22f25db000
22972 mprotect(0x7f22f25dc000, 8388608, PROT_READ|PROT_WRITE) = 0
22972 rt_sigprocmask(SIG_BLOCK, ~[], [], 8) = 0
22972 clone3({flags=CLONE_VM|CLONE_FS|CLONE_FILES|CLONE_SIGHAND|CLONE_THREAD|CLONE_SYSVSEM|CLONE_SETTLS|CLONE_PARENT_SETTID|CLONE_CHILD_CLEARTID, child_tid=0x7f22f2ddb990, parent_tid=0x7f22f2ddb990, exit_signal=0, stack=0x7f22f25db000, stack_size=0x7fff80, tls=0x7f22f2ddb6c0} => {parent_tid=[22973]}, 88) = 22973
22973 rseq(0x7f22f2ddb600, 0x20, 0, 0x53053053 <unfinished ...>
22972 rt_sigprocmask(SIG_SETMASK, [],  <unfinished ...>
22973 <... rseq resumed>)               = 0
22972 <... rt_sigprocmask resumed>NULL, 8) = 0
22973 set_robust_list(0x7f22f2ddb9a0, 24) = 0
22973 rt_sigprocmask(SIG_SETMASK, [],  <unfinished ...>
22972 futex(0x7ffe375990a4, FUTEX_WAIT_PRIVATE, 0, NULL <unfinished ...>
22973 <... rt_sigprocmask resumed>NULL, 8) = 0
22973 mmap(NULL, 134217728, PROT_NONE, MAP_PRIVATE|MAP_ANONYMOUS, -1, 0) = 0x7f22ea5db000
22973 munmap(0x7f22ea5db000, 27414528)  = 0
22973 munmap(0x7f22f0000000, 39694336)  = 0
22973 mprotect(0x7f22ec000000, 135168, PROT_READ|PROT_WRITE) = 0
22973 mmap(NULL, 167772160, PROT_READ|PROT_WRITE, MAP_PRIVATE|MAP_ANONYMOUS|MAP_NORESERVE, -1, 0) = 0x7f22e2000000
22973 futex(0x7ffe375990a4, FUTEX_WAKE_PRIVATE, 2147483647 <unfinished ...>
22972 <... futex resumed>)              = 0
22973 <... futex resumed>)              = 1
22972 futex(0x7ffe375990c4, FUTEX_WAIT_PRIVATE, 0, NULL <unfinished ...>
22973 munmap(0x7f22e8690000, 16384)     = 0
22973 mmap(0x7f22e8690000, 16384, PROT_READ|PROT_WRITE, MAP_PRIVATE|MAP_FIXED|MAP_ANONYMOUS|MAP_NORESERVE, -1, 0) = 0x7f22e8690000
22973 munmap(0x7f22e5dd0000, 16384)     = 0
22973 mmap(0x7f22e5dd0000, 16384, PROT_READ|PROT_WRITE, MAP_PRIVATE|MAP_FIXED|MAP_ANONYMOUS|MAP_NORESERVE, -1, 0) = 0x7f22e5dd0000
22973 munmap(0x7f22e3008000, 16384)     = 0
22973 mmap(0x7f22e3008000, 16384, PROT_READ|PROT_WRITE, MAP_PRIVATE|MAP_FIXED|MAP_ANONYMOUS|MAP_NORESERVE, -1, 0) = 0x7f22e3008000
22973 munmap(0x7f22eb170000, 16384)     = 0
22973 mmap(0x7f22eb170000, 16384, PROT_READ|PROT_WRITE, MAP_PRIVATE|MAP_FIXED|MAP_ANONYMOUS|MAP_NORESERVE, -1, 0) = 0x7f22eb170000
22973 munmap(0x7f22e5d30000, 16384)     = 0
22973 mmap(0x7f22e5d30000, 16384, PROT_READ|PROT_WRITE, MAP_PRIVATE|MAP_FIXED|MAP_ANONYMOUS|MAP_NORESERVE, -1, 0) = 0x7f22e5d30000
22973 munmap(0x7f22e4fd4000, 16384)     = 0
22973 mmap(0x7f22e4fd4000, 16384, PROT_READ|PROT_WRITE, MAP_PRIVATE|MAP_FIXED|MAP_ANONYMOUS|MAP_NORESERVE, -1, 0) = 0x7f22e4fd4000
22973 munmap(0x7f22e48a4000, 16384)     = 0
22973 mmap(0x7f22e48a4000, 16384, PROT_READ|PROT_WRITE, MAP_PRIVATE|MAP_FIXED|MAP_ANONYMOUS|MAP_NORESERVE, -1, 0) = 0x7f22e48a4000
22973 munmap(0x7f22e2c8c000, 16384)     = 0
22973 mmap(0x7f22e2c8c000, 16384, PROT_READ|PROT_WRITE, MAP_PRIVATE|MAP_FIXED|MAP_ANONYMOUS|MAP_NORESERVE, -1, 0) = 0x7f22e2c8c000
22973 munmap(0x7f22e683c000, 16384)     = 0
22973 mmap(0x7f22e683c000, 16384, PROT_READ|PROT_WRITE, MAP_PRIVATE|MAP_FIXED|MAP_ANONYMOUS|MAP_NORESERVE, -1, 0) = 0x7f22e683c000
22973 munmap(0x7f22e9dbc000, 16384)     = 0
22973 mmap(0x7f22e9dbc000, 16384, PROT_READ|PROT_WRITE, MAP_PRIVATE|MAP_FIXED|MAP_ANONYMOUS|MAP_NORESERVE, -1, 0) = 0x7f22e9dbc000
22973 munmap(0x7f22e56a4000, 16384)     = 0
22973 mmap(0x7f22e56a4000, 16384, PROT_READ|PROT_WRITE, MAP_PRIVATE|MAP_FIXED|MAP_ANONYMOUS|MAP_NORESERVE, -1, 0) = 0x7f22e56a4000
22973 munmap(0x7f22e9ea0000, 16384)     = 0
22973 mmap(0x7f22e9ea0000, 16384, PROT_READ|PROT_WRITE, MAP_PRIVATE|MAP_FIXED|MAP_ANONYMOUS|MAP_NORESERVE, -1, 0) = 0x7f22e9ea0000
22973 munmap(0x7f22ebd34000, 16384)     = 0
22973 mmap(0x7f22ebd34000, 16384, PROT_READ|PROT_WRITE, MAP_PRIVATE|MAP_FIXED|MAP_ANONYMOUS|MAP_NORESERVE, -1, 0) = 0x7f22ebd34000
22973 munmap(0x7f22e2638000, 16384)     = 0
22973 mmap(0x7f22e2638000, 16384, PROT_READ|PROT_WRITE, MAP_PRIVATE|MAP_FIXED|MAP_ANONYMOUS|MAP_NORESERVE, -1, 0) = 0x7f22e2638000
22973 munmap(0x7f22e5600000, 16384)     = 0
22973 mmap(0x7f22e5600000, 16384, PROT_READ|PROT_WRITE, MAP_PRIVATE|MAP_FIXED|MAP_ANONYMOUS|MAP_NORESERVE, -1, 0) = 0x7f22e5600000
22973 munmap(0x7f22e8420000, 16384)     = 0
22973 mmap(0x7f22e8420000, 16384, PROT_READ|PROT_WRITE, MAP_PRIVATE|MAP_FIXED|MAP_ANONYMOUS|MAP_NORESERVE, -1, 0) = 0x7f22e8420000
22973 munmap(0x7f22e7f94000, 16384)     = 0
22973 mmap(0x7f22e7f94000, 16384, PROT_READ|PROT_WRITE, MAP_PRIVATE|MAP_FIXED|MAP_ANONYMOUS|MAP_NORESERVE, -1, 0) = 0x7f22e7f94000
22973 munmap(0x7f22e5ee8000, 16384)     = 0
22973 mmap(0x7f22e5ee8000, 16384, PROT_READ|PROT_WRITE, MAP_PRIVATE|MAP_FIXED|MAP_ANONYMOUS|MAP_NORESERVE, -1, 0) = 0x7f22e5ee8000
22973 munmap(0x7f22e615c000, 16384)     = 0
22973 mmap(0x7f22e615c000, 16384, PROT_READ|PROT_WRITE, MAP_PRIVATE|MAP_FIXED|MAP_ANONYMOUS|MAP_NORESERVE, -1, 0) = 0x7f22e615c000
22973 munmap(0x7f22e6afc000, 16384)     = 0
22973 mmap(0x7f22e6afc000, 16384, PROT_READ|PROT_WRITE, MAP_PRIVATE|MAP_FIXED|MAP_ANONYMOUS|MAP_NORESERVE, -1, 0) = 0x7f22e6afc000
22973 munmap(0x7f22eb860000, 16384)     = 0
22973 mmap(0x7f22eb860000, 16384, PROT_READ|PROT_WRITE, MAP_PRIVATE|MAP_FIXED|MAP_ANONYMOUS|MAP_NORESERVE, -1, 0) = 0x7f22eb860000
22973 munmap(0x7f22ebfe4000, 16384)     = 0
22973 mmap(0x7f22ebfe4000, 16384, PROT_READ|PROT_WRITE, MAP_PRIVATE|MAP_FIXED|MAP_ANONYMOUS|MAP_NORESERVE, -1, 0) = 0x7f22ebfe4000
22973 munmap(0x7f22e4af8000, 16384)     = 0
22973 mmap(0x7f22e4af8000, 16384, PROT_READ|PROT_WRITE, MAP_PRIVATE|MAP_FIXED|MAP_ANONYMOUS|MAP_NORESERVE, -1, 0) = 0x7f22e4af8000
22973 munmap(0x7f22e5b2c000, 16384)     = 0
22973 mmap(0x7f22e5b2c000, 16384, PROT_READ|PROT_WRITE, MAP_PRIVATE|MAP_FIXED|MAP_ANONYMOUS|MAP_NORESERVE, -1, 0) = 0x7f22e5b2c000
22973 munmap(0x7f22e8eb8000, 16384)     = 0
22973 mmap(0x7f22e8eb8000, 16384, PROT_READ|PROT_WRITE, MAP_PRIVATE|MAP_FIXED|MAP_ANONYMOUS|MAP_NORESERVE, -1, 0) = 0x7f22e8eb8000
22973 munmap(0x7f22e3088000, 16384)     = 0
22973 mmap(0x7f22e3088000, 16384, PROT_READ|PROT_WRITE, MAP_PRIVATE|MAP_FIXED|MAP_ANONYMOUS|MAP_NORESERVE, -1, 0) = 0x7f22e3088000
22973 munmap(0x7f22e85fc000, 16384)     = 0
22973 mmap(0x7f22e85fc000, 16384, PROT_READ|PROT_WRITE, MAP_PRIVATE|MAP_FIXED|MAP_ANONYMOUS|MAP_NORESERVE, -1, 0) = 0x7f22e85fc000
22973 munmap(0x7f22e76cc000, 16384)     = 0
22973 mmap(0x7f22e76cc000, 16384, PROT_READ|PROT_WRITE, MAP_PRIVATE|MAP_FIXED|MAP_ANONYMOUS|MAP_NORESERVE, -1, 0) = 0x7f22e76cc000
22973 munmap(0x7f22e4b7c000, 16384)     = 0
22973 mmap(0x7f22e4b7c000, 16384, PROT_READ|PROT_WRITE, MAP_PRIVATE|MAP_FIXED|MAP_ANONYMOUS|MAP_NORESERVE, -1, 0) = 0x7f22e4b7c000
22973 munmap(0x7f22e55d8000, 16384)     = 0
22973 mmap(0x7f22e55d8000, 16384, PROT_READ|PROT_WRITE, MAP_PRIVATE|MAP_FIXED|MAP_ANONYMOUS|MAP_NORESERVE, -1, 0) = 0x7f22e55d8000
22973 munmap(0x7f22e9f6c000, 16384)     = 0
22973 mmap(0x7f22e9f6c000, 16384, PROT_READ|PROT_WRITE, MAP_PRIVATE|MAP_FIXED|MAP_ANONYMOUS|MAP_NORESERVE, -1, 0) = 0x7f22e9f6c000
22973 munmap(0x7f22e6f64000, 16384)     = 0
22973 mmap(0x7f22e6f64000, 16384, PROT_READ|PROT_WRITE, MAP_PRIVATE|MAP_FIXED|MAP_ANONYMOUS|MAP_NORESERVE, -1, 0) = 0x7f22e6f64000
22973 munmap(0x7f22e2d5c000, 16384)     = 0
22973 mmap(0x7f22e2d5c000, 16384, PROT_READ|PROT_WRITE, MAP_PRIVATE|MAP_FIXED|MAP_ANONYMOUS|MAP_NORESERVE, -1, 0) = 0x7f22e2d5c000
22973 munmap(0x7f22e5388000, 16384)     = 0
22973 mmap(0x7f22e5388000, 16384, PROT_READ|PROT_WRITE, MAP_PRIVATE|MAP_FIXED|MAP_ANONYMOUS|MAP_NORESERVE, -1, 0) = 0x7f22e5388000
22973 munmap(0x7f22e4464000, 16384)     = 0
22973 mmap(0x7f22e4464000, 16384, PROT_READ|PROT_WRITE, MAP_PRIVATE|MAP_FIXED|MAP_ANONYMOUS|MAP_NORESERVE, -1, 0) = 0x7f22e4464000
22973 munmap(0x7f22e955c000, 16384)     = 0
22973 mmap(0x7f22e955c000, 16384, PROT_READ|PROT_WRITE, MAP_PRIVATE|MAP_FIXED|MAP_ANONYMOUS|MAP_NORESERVE, -1, 0) = 0x7f22e955c000
22973 munmap(0x7f22e4ca0000, 16384)     = 0
22973 mmap(0x7f22e4ca0000, 16384, PROT_READ|PROT_WRITE, MAP_PRIVATE|MAP_FIXED|MAP_ANONYMOUS|MAP_NORESERVE, -1, 0) = 0x7f22e4ca0000
22973 munmap(0x7f22e33b0000, 16384)     = 0
22973 mmap(0x7f22e33b0000, 16384, PROT_READ|PROT_WRITE, MAP_PRIVATE|MAP_FIXED|MAP_ANONYMOUS|MAP_NORESERVE, -1, 0) = 0x7f22e33b0000
22973 munmap(0x7f22e7950000, 16384)     = 0
22973 mmap(0x7f22e7950000, 16384, PROT_READ|PROT_WRITE, MAP_PRIVATE|MAP_FIXED|MAP_ANONYMOUS|MAP_NORESERVE, -1, 0) = 0x7f22e7950000
22973 munmap(0x7f22e6b08000, 16384)     = 0
22973 mmap(0x7f22e6b08000, 16384, PROT_READ|PROT_WRITE, MAP_PRIVATE|MAP_FIXED|MAP_ANONYMOUS|MAP_NORESERVE, -1, 0) = 0x7f22e6b08000
22973 munmap(0x7f22e235c000, 16384)     = 0
22973 mmap(0x7f22e235c000, 16384, PROT_READ|PROT_WRITE, MAP_PRIVATE|MAP_FIXED|MAP_ANONYMOUS|MAP_NORESERVE, -1, 0) = 0x7f22e235c000
22973 munmap(0x7f22eaa54000, 16384)     = 0
22973 mmap(0x7f22eaa54000, 16384, PROT_READ|PROT_WRITE, MAP_PRIVATE|MAP_FIXED|MAP_ANONYMOUS|MAP_NORESERVE, -1, 0) = 0x7f22eaa54000
22973 munmap(0x7f22e5120000, 16384)     = 0
22973 mmap(0x7f22e5120000, 16384, PROT_READ|PROT_WRITE, MAP_PRIVATE|MAP_FIXED|MAP_ANONYMOUS|MAP_NORESERVE, -1, 0) = 0x7f22e5120000
22973 munmap(0x7f22e865c000, 16384)     = 0
22973 mmap(0x7f22e865c000, 16384, PROT_READ|PROT_WRITE, MAP_PRIVATE|MAP_FIXED|MAP_ANONYMOUS|MAP_NORESERVE, -1, 0) = 0x7f22e865c000
22973 munmap(0x7f22e27b4000, 16384)     = 0
22973 mmap(0x7f22e27b4000, 16384, PROT_READ|PROT_WRITE, MAP_PRIVATE|MAP_FIXED|MAP_ANONYMOUS|MAP_NORESERVE, -1, 0) = 0x7f22e27b4000
22973 munmap(0x7f22e3474000, 16384)     = 0
22973 mmap(0x7f22e3474000, 16384, PROT_READ|PROT_WRITE, MAP_PRIVATE|MAP_FIXED|MAP_ANONYMOUS|MAP_NORESERVE, -1, 0) = 0x7f22e3474000
22973 munmap(0x7f22ebf54000, 16384)     = 0
22973 mmap(0x7f22ebf54000, 16384, PROT_READ|PROT_WRITE, MAP_PRIVATE|MAP_FIXED|MAP_ANONYMOUS|MAP_NORESERVE, -1, 0) = 0x7f22ebf54000
22973 munmap(0x7f22eb450000, 16384)     = 0
22973 mmap(0x7f22eb450000, 16384, PROT_READ|PROT_WRITE, MAP_PRIVATE|MAP_FIXED|MAP_ANONYMOUS|MAP_NORESERVE, -1, 0) = 0x7f22eb450000
22973 munmap(0x7f22e9754000, 16384)     = 0
22973 mmap(0x7f22e9754000, 16384, PROT_READ|PROT_WRITE, MAP_PRIVATE|MAP_FIXED|MAP_ANONYMOUS|MAP_NORESERVE, -1, 0) = 0x7f22e9754000
22973 munmap(0x7f22e7b2c000, 16384)     = 0
22973 mmap(0x7f22e7b2c000, 16384, PROT_READ|PROT_WRITE, MAP_PRIVATE|MAP_FIXED|MAP_ANONYMOUS|MAP_NORESERVE, -1, 0) = 0x7f22e7b2c000
22973 munmap(0x7f22eb648000, 16384)     = 0
22973 mmap(0x7f22eb648000, 16384, PROT_READ|PROT_WRITE, MAP_PRIVATE|MAP_FIXED|MAP_ANONYMOUS|MAP_NORESERVE, -1, 0) = 0x7f22eb648000
22973 munmap(0x7f22e6750000, 16384)     = 0
22973 mmap(0x7f22e6750000, 16384, PROT_READ|PROT_WRITE, MAP_PRIVATE|MAP_FIXED|MAP_ANONYMOUS|MAP_NORESERVE, -1, 0) = 0x7f22e6750000
22973 munmap(0x7f22ebe44000, 16384)     = 0
22973 mmap(0x7f22ebe44000, 16384, PROT_READ|PROT_WRITE, MAP_PRIVATE|MAP_FIXED|MAP_ANONYMOUS|MAP_NORESERVE, -1, 0) = 0x7f22ebe44000
22973 munmap(0x7f22e23c0000, 16384)     = 0
22973 mmap(0x7f22e23c0000, 16384, PROT_READ|PROT_WRITE, MAP_PRIVATE|MAP_FIXED|MAP_ANONYMOUS|MAP_NORESERVE, -1, 0) = 0x7f22e23c0000
22973 munmap(0x7f22e4724000, 16384)     = 0
22973 mmap(0x7f22e4724000, 16384, PROT_READ|PROT_WRITE, MAP_PRIVATE|MAP_FIXED|MAP_ANONYMOUS|MAP_NORESERVE, -1, 0) = 0x7f22e4724000
22973 munmap(0x7f22eabb0000, 16384)     = 0
22973 mmap(0x7f22eabb0000, 16384, PROT_READ|PROT_WRITE, MAP_PRIVATE|MAP_FIXED|MAP_ANONYMOUS|MAP_NORESERVE, -1, 0) = 0x7f22eabb0000
22973 munmap(0x7f22e851c000, 16384)     = 0
22973 mmap(0x7f22e851c000, 16384, PROT_READ|PROT_WRITE, MAP_PRIVATE|MAP_FIXED|MAP_ANONYMOUS|MAP_NORESERVE, -1, 0) = 0x7f22e851c000
22973 munmap(0x7f22e6c44000, 16384)     = 0
22973 mmap(0x7f22e6c44000, 16384, PROT_READ|PROT_WRITE, MAP_PRIVATE|MAP_FIXED|MAP_ANONYMOUS|MAP_NORESERVE, -1, 0) = 0x7f22e6c44000
22973 munmap(0x7f22eb738000, 16384)     = 0
22973 mmap(0x7f22eb738000, 16384, PROT_READ|PROT_WRITE, MAP_PRIVATE|MAP_FIXED|MAP_ANONYMOUS|MAP_NORESERVE, -1, 0) = 0x7f22eb738000
22973 munmap(0x7f22e7818000, 16384)     = 0
22973 mmap(0x7f22e7818000, 16384, PROT_READ|PROT_WRITE, MAP_PRIVATE|MAP_FIXED|MAP_ANONYMOUS|MAP_NORESERVE, -1, 0) = 0x7f22e7818000
22973 munmap(0x7f22e2968000, 16384)     = 0
22973 mmap(0x7f22e2968000, 16384, PROT_READ|PROT_WRITE, MAP_PRIVATE|MAP_FIXED|MAP_ANONYMOUS|MAP_NORESERVE, -1, 0) = 0x7f22e2968000
22973 munmap(0x7f22e6848000, 16384)     = 0
22973 mmap(0x7f22e6848000, 16384, PROT_READ|PROT_WRITE, MAP_PRIVATE|MAP_FIXED|MAP_ANONYMOUS|MAP_NORESERVE, -1, 0) = 0x7f22e6848000
22973 munmap(0x7f22e90c8000, 16384)     = 0
22973 mmap(0x7f22e90c8000, 16384, PROT_READ|PROT_WRITE, MAP_PRIVATE|MAP_FIXED|MAP_ANONYMOUS|MAP_NORESERVE, -1, 0) = 0x7f22e90c8000
22973 munmap(0x7f22e552c000, 16384)     = 0
22973 mmap(0x7f22e552c000, 16384, PROT_READ|PROT_WRITE, MAP_PRIVATE|MAP_FIXED|MAP_ANONYMOUS|MAP_NORESERVE, -1, 0) = 0x7f22e552c000
22973 munmap(0x7f22e40fc000, 16384)     = 0
22973 mmap(0x7f22e40fc000, 16384, PROT_READ|PROT_WRITE, MAP_PRIVATE|MAP_FIXED|MAP_ANONYMOUS|MAP_NORESERVE, -1, 0) = 0x7f22e40fc000
22973 munmap(0x7f22eb4e0000, 16384)     = 0
22973 mmap(0x7f22eb4e0000, 16384, PROT_READ|PROT_WRITE, MAP_PRIVATE|MAP_FIXED|MAP_ANONYMOUS|MAP_NORESERVE, -1, 0) = 0x7f22eb4e0000
22973 munmap(0x7f22e9010000, 16384)     = 0
22973 mmap(0x7f22e9010000, 16384, PROT_READ|PROT_WRITE, MAP_PRIVATE|MAP_FIXED|MAP_ANONYMOUS|MAP_NORESERVE, -1, 0) = 0x7f22e9010000
22973 munmap(0x7f22e3164000, 16384)     = 0
22973 mmap(0x7f22e3164000, 16384, PROT_READ|PROT_WRITE, MAP_PRIVATE|MAP_FIXED|MAP_ANONYMOUS|MAP_NORESERVE, -1, 0) = 0x7f22e3164000
22973 munmap(0x7f22e24d0000, 16384)     = 0
22973 mmap(0x7f22e24d0000, 16384, PROT_READ|PROT_WRITE, MAP_PRIVATE|MAP_FIXED|MAP_ANONYMOUS|MAP_NORESERVE, -1, 0) = 0x7f22e24d0000
22973 munmap(0x7f22e7c24000, 16384)     = 0
22973 mmap(0x7f22e7c24000, 16384, PROT_READ|PROT_WRITE, MAP_PRIVATE|MAP_FIXED|MAP_ANONYMOUS|MAP_NORESERVE, -1, 0) = 0x7f22e7c24000
22973 munmap(0x7f22ea264000, 16384)     = 0
22973 mmap(0x7f22ea264000, 16384, PROT_READ|PROT_WRITE, MAP_PRIVATE|MAP_FIXED|MAP_ANONYMOUS|MAP_NORESERVE, -1, 0) = 0x7f22ea264000
22973 munmap(0x7f22e75e8000, 16384)     = 0
22973 mmap(0x7f22e75e8000, 16384, PROT_READ|PROT_WRITE, MAP_PRIVATE|MAP_FIXED|MAP_ANONYMOUS|MAP_NORESERVE, -1, 0) = 0x7f22e75e8000
22973 munmap(0x7f22e79cc000, 16384)     = 0
22973 mmap(0x7f22e79cc000, 16384, PROT_READ|PROT_WRITE, MAP_PRIVATE|MAP_FIXED|MAP_ANONYMOUS|MAP_NORESERVE, -1, 0) = 0x7f22e79cc000
22973 munmap(0x7f22ea1bc000, 16384)     = 0
22973 mmap(0x7f22ea1bc000, 16384, PROT_READ|PROT_WRITE, MAP_PRIVATE|MAP_FIXED|MAP_ANONYMOUS|MAP_NORESERVE, -1, 0) = 0x7f22ea1bc000
22973 munmap(0x7f22e3008000, 16384)     = 0
22973 mmap(0x7f22e3008000, 16384, PROT_READ|PROT_WRITE, MAP_PRIVATE|MAP_FIXED|MAP_ANONYMOUS|MAP_NORESERVE, -1, 0) = 0x7f22e3008000
22973 munmap(0x7f22ea2c0000, 16384)     = 0
22973 mmap(0x7f22ea2c0000, 16384, PROT_READ|PROT_WRITE, MAP_PRIVATE|MAP_FIXED|MAP_ANONYMOUS|MAP_NORESERVE, -1, 0) = 0x7f22ea2c0000
22973 munmap(0x7f22e2f50000, 16384)     = 0
22973 mmap(0x7f22e2f50000, 16384, PROT_READ|PROT_WRITE, MAP_PRIVATE|MAP_FIXED|MAP_ANONYMOUS|MAP_NORESERVE, -1, 0) = 0x7f22e2f50000
22973 munmap(0x7f22e4160000, 16384)     = 0
22973 mmap(0x7f22e4160000, 16384, PROT_READ|PROT_WRITE, MAP_PRIVATE|MAP_FIXED|MAP_ANONYMOUS|MAP_NORESERVE, -1, 0) = 0x7f22e4160000
22973 munmap(0x7f22e8034000, 16384)     = 0
22973 mmap(0x7f22e8034000, 16384, PROT_READ|PROT_WRITE, MAP_PRIVATE|MAP_FIXED|MAP_ANONYMOUS|MAP_NORESERVE, -1, 0) = 0x7f22e8034000
22973 munmap(0x7f22e2db4000, 16384)     = 0
22973 mmap(0x7f22e2db4000, 16384, PROT_READ|PROT_WRITE, MAP_PRIVATE|MAP_FIXED|MAP_ANONYMOUS|MAP_NORESERVE, -1, 0) = 0x7f22e2db4000
22973 munmap(0x7f22e2cf4000, 16384)     = 0
22973 mmap(0x7f22e2cf4000, 16384, PROT_READ|PROT_WRITE, MAP_PRIVATE|MAP_FIXED|MAP_ANONYMOUS|MAP_NORESERVE, -1, 0) = 0x7f22e2cf4000
22973 munmap(0x7f22e84b4000, 16384)     = 0
22973 mmap(0x7f22e84b4000, 16384, PROT_READ|PROT_WRITE, MAP_PRIVATE|MAP_FIXED|MAP_ANONYMOUS|MAP_NORESERVE, -1, 0) = 0x7f22e84b4000
22973 munmap(0x7f22e8f8c000, 16384)     = 0
22973 mmap(0x7f22e8f8c000, 16384, PROT_READ|PROT_WRITE, MAP_PRIVATE|MAP_FIXED|MAP_ANONYMOUS|MAP_NORESERVE, -1, 0) = 0x7f22e8f8c000
22973 munmap(0x7f22e7a24000, 16384)     = 0
22973 mmap(0x7f22e7a24000, 16384, PROT_READ|PROT_WRITE, MAP_PRIVATE|MAP_FIXED|MAP_ANONYMOUS|MAP_NORESERVE, -1, 0) = 0x7f22e7a24000
22973 munmap(0x7f22eb698000, 16384)     = 0
22973 mmap(0x7f22eb698000, 16384, PROT_READ|PROT_WRITE, MAP_PRIVATE|MAP_FIXED|MAP_ANONYMOUS|MAP_NORESERVE, -1, 0) = 0x7f22eb698000
22973 munmap(0x7f22ebea4000, 16384)     = 0
22973 mmap(0x7f22ebea4000, 16384, PROT_READ|PROT_WRITE, MAP_PRIVATE|MAP_FIXED|MAP_ANONYMOUS|MAP_NORESERVE, -1, 0) = 0x7f22ebea4000
22973 munmap(0x7f22e6b64000, 16384)     = 0
22973 mmap(0x7f22e6b64000, 16384, PROT_READ|PROT_WRITE, MAP_PRIVATE|MAP_FIXED|MAP_ANONYMOUS|MAP_NORESERVE, -1, 0) = 0x7f22e6b64000
22973 munmap(0x7f22e7e68000, 16384)     = 0
22973 mmap(0x7f22e7e68000, 16384, PROT_READ|PROT_WRITE, MAP_PRIVATE|MAP_FIXED|MAP_ANONYMOUS|MAP_NORESERVE, -1, 0) = 0x7f22e7e68000
22973 munmap(0x7f22ea78c000, 16384)     = 0
22973 mmap(0x7f22ea78c000, 16384, PROT_READ|PROT_WRITE, MAP_PRIVATE|MAP_FIXED|MAP_ANONYMOUS|MAP_NORESERVE, -1, 0) = 0x7f22ea78c000
22973 munmap(0x7f22eb9ec000, 16384)     = 0
22973 mmap(0x7f22eb9ec000, 16384, PROT_READ|PROT_WRITE, MAP_PRIVATE|MAP_FIXED|MAP_ANONYMOUS|MAP_NORESERVE, -1, 0) = 0x7f22eb9ec000
22973 munmap(0x7f22eb5d0000, 16384)     = 0
22973 mmap(0x7f22eb5d0000, 16384, PROT_READ|PROT_WRITE, MAP_PRIVATE|MAP_FIXED|MAP_ANONYMOUS|MAP_NORESERVE, -1, 0) = 0x7f22eb5d0000
22973 munmap(0x7f22e50e4000, 16384)     = 0
22973 mmap(0x7f22e50e4000, 16384, PROT_READ|PROT_WRITE, MAP_PRIVATE|MAP_FIXED|MAP_ANONYMOUS|MAP_NORESERVE, -1, 0) = 0x7f22e50e4000
22973 munmap(0x7f22e2874000, 16384)     = 0
22973 mmap(0x7f22e2874000, 16384, PROT_READ|PROT_WRITE, MAP_PRIVATE|MAP_FIXED|MAP_ANONYMOUS|MAP_NORESERVE, -1, 0) = 0x7f22e2874000
22973 munmap(0x7f22e32c0000, 16384)     = 0
22973 mmap(0x7f22e32c0000, 16384, PROT_READ|PROT_WRITE, MAP_PRIVATE|MAP_FIXED|MAP_ANONYMOUS|MAP_NORESERVE, -1, 0) = 0x7f22e32c0000
22973 munmap(0x7f22e608c000, 16384)     = 0
22973 mmap(0x7f22e608c000, 16384, PROT_READ|PROT_WRITE, MAP_PRIVATE|MAP_FIXED|MAP_ANONYMOUS|MAP_NORESERVE, -1, 0) = 0x7f22e608c000
22973 munmap(0x7f22ea414000, 16384)     = 0
22973 mmap(0x7f22ea414000, 16384, PROT_READ|PROT_WRITE, MAP_PRIVATE|MAP_FIXED|MAP_ANONYMOUS|MAP_NORESERVE, -1, 0) = 0x7f22ea414000
22973 munmap(0x7f22e7594000, 16384)     = 0
22973 mmap(0x7f22e7594000, 16384, PROT_READ|PROT_WRITE, MAP_PRIVATE|MAP_FIXED|MAP_ANONYMOUS|MAP_NORESERVE, -1, 0) = 0x7f22e7594000
22973 munmap(0x7f22e6208000, 16384)     = 0
22973 mmap(0x7f22e6208000, 16384, PROT_READ|PROT_WRITE, MAP_PRIVATE|MAP_FIXED|MAP_ANONYMOUS|MAP_NORESERVE, -1, 0) = 0x7f22e6208000
22973 munmap(0x7f22e2ad4000, 16384)     = 0
22973 mmap(0x7f22e2ad4000, 16384, PROT_READ|PROT_WRITE, MAP_PRIVATE|MAP_FIXED|MAP_ANONYMOUS|MAP_NORESERVE, -1, 0) = 0x7f22e2ad4000
22973 munmap(0x7f22e9250000, 16384)     = 0
22973 mmap(0x7f22e9250000, 16384, PROT_READ|PROT_WRITE, MAP_PRIVATE|MAP_FIXED|MAP_ANONYMOUS|MAP_NORESERVE, -1, 0) = 0x7f22e9250000
22973 munmap(0x7f22e2df0000, 16384)     = 0
22973 mmap(0x7f22e2df0000, 16384, PROT_READ|PROT_WRITE, MAP_PRIVATE|MAP_FIXED|MAP_ANONYMOUS|MAP_NORESERVE, -1, 0) = 0x7f22e2df0000
22973 munmap(0x7f22e48c4000, 16384)     = 0
22973 mmap(0x7f22e48c4000, 16384, PROT_READ|PROT_WRITE, MAP_PRIVATE|MAP_FIXED|MAP_ANONYMOUS|MAP_NORESERVE, -1, 0) = 0x7f22e48c4000
22973 munmap(0x7f22e8d78000, 16384)     = 0
22973 mmap(0x7f22e8d78000, 16384, PROT_READ|PROT_WRITE, MAP_PRIVATE|MAP_FIXED|MAP_ANONYMOUS|MAP_NORESERVE, -1, 0) = 0x7f22e8d78000
22973 munmap(0x7f22e6508000, 16384)     = 0
22973 mmap(0x7f22e6508000, 16384, PROT_READ|PROT_WRITE, MAP_PRIVATE|MAP_FIXED|MAP_ANONYMOUS|MAP_NORESERVE, -1, 0) = 0x7f22e6508000
22973 munmap(0x7f22e3618000, 16384)     = 0
22973 mmap(0x7f22e3618000, 16384, PROT_READ|PROT_WRITE, MAP_PRIVATE|MAP_FIXED|MAP_ANONYMOUS|MAP_NORESERVE, -1, 0) = 0x7f22e3618000
22973 munmap(0x7f22e9520000, 16384)     = 0
22973 mmap(0x7f22e9520000, 16384, PROT_READ|PROT_WRITE, MAP_PRIVATE|MAP_FIXED|MAP_ANONYMOUS|MAP_NORESERVE, -1, 0) = 0x7f22e9520000
22973 munmap(0x7f22e9cf0000, 16384)     = 0
22973 mmap(0x7f22e9cf0000, 16384, PROT_READ|PROT_WRITE, MAP_PRIVATE|MAP_FIXED|MAP_ANONYMOUS|MAP_NORESERVE, -1, 0) = 0x7f22e9cf0000
22973 munmap(0x7f22eb128000, 16384)     = 0
22973 mmap(0x7f22eb128000, 16384, PROT_READ|PROT_WRITE, MAP_PRIVATE|MAP_FIXED|MAP_ANONYMOUS|MAP_NORESERVE, -1, 0) = 0x7f22eb128000
22973 munmap(0x7f22e32e8000, 16384)     = 0
22973 mmap(0x7f22e32e8000, 16384, PROT_READ|PROT_WRITE, MAP_PRIVATE|MAP_FIXED|MAP_ANONYMOUS|MAP_NORESERVE, -1, 0) = 0x7f22e32e8000
22973 munmap(0x7f22e2434000, 16384)     = 0
22973 mmap(0x7f22e2434000, 16384, PROT_READ|PROT_WRITE, MAP_PRIVATE|MAP_FIXED|MAP_ANONYMOUS|MAP_NORESERVE, -1, 0) = 0x7f22e2434000
22973 munmap(0x7f22e2360000, 16384)     = 0
22973 mmap(0x7f22e2360000, 16384, PROT_READ|PROT_WRITE, MAP_PRIVATE|MAP_FIXED|MAP_ANONYMOUS|MAP_NORESERVE, -1, 0) = 0x7f22e2360000
22973 munmap(0x7f22e7dd4000, 16384)     = 0
22973 mmap(0x7f22e7dd4000, 16384, PROT_READ|PROT_WRITE, MAP_PRIVATE|MAP_FIXED|MAP_ANONYMOUS|MAP_NORESERVE, -1, 0) = 0x7f22e7dd4000
22973 munmap(0x7f22e9244000, 16384)     = 0
22973 mmap(0x7f22e9244000, 16384, PROT_READ|PROT_WRITE, MAP_PRIVATE|MAP_FIXED|MAP_ANONYMOUS|MAP_NORESERVE, -1, 0) = 0x7f22e9244000
22973 munmap(0x7f22ea970000, 16384)     = 0
22973 mmap(0x7f22ea970000, 16384, PROT_READ|PROT_WRITE, MAP_PRIVATE|MAP_FIXED|MAP_ANONYMOUS|MAP_NORESERVE, -1, 0) = 0x7f22ea970000
22973 munmap(0x7f22e7c00000, 16384)     = 0
22973 mmap(0x7f22e7c00000, 16384, PROT_READ|PROT_WRITE, MAP_PRIVATE|MAP_FIXED|MAP_ANONYMOUS|MAP_NORESERVE, -1, 0) = 0x7f22e7c00000
22973 munmap(0x7f22e69b8000, 16384)     = 0
22973 mmap(0x7f22e69b8000, 16384, PROT_READ|PROT_WRITE, MAP_PRIVATE|MAP_FIXED|MAP_ANONYMOUS|MAP_NORESERVE, -1, 0) = 0x7f22e69b8000
22973 munmap(0x7f22eaa4c000, 16384)     = 0
22973 mmap(0x7f22eaa4c000, 16384, PROT_READ|PROT_WRITE, MAP_PRIVATE|MAP_FIXED|MAP_ANONYMOUS|MAP_NORESERVE, -1, 0) = 0x7f22eaa4c000
22973 munmap(0x7f22ea3e4000, 16384)     = 0
22973 mmap(0x7f22ea3e4000, 16384, PROT_READ|PROT_WRITE, MAP_PRIVATE|MAP_FIXED|MAP_ANONYMOUS|MAP_NORESERVE, -1, 0) = 0x7f22ea3e4000
22973 munmap(0x7f22ea110000, 16384)     = 0
22973 mmap(0x7f22ea110000, 16384, PROT_READ|PROT_WRITE, MAP_PRIVATE|MAP_FIXED|MAP_ANONYMOUS|MAP_NORESERVE, -1, 0) = 0x7f22ea110000
22973 munmap(0x7f22e2530000, 16384)     = 0
22973 mmap(0x7f22e2530000, 16384, PROT_READ|PROT_WRITE, MAP_PRIVATE|MAP_FIXED|MAP_ANONYMOUS|MAP_NORESERVE, -1, 0) = 0x7f22e2530000
22973 munmap(0x7f22e436c000, 16384)     = 0
22973 mmap(0x7f22e436c000, 16384, PROT_READ|PROT_WRITE, MAP_PRIVATE|MAP_FIXED|MAP_ANONYMOUS|MAP_NORESERVE, -1, 0) = 0x7f22e436c000
22973 munmap(0x7f22e3628000, 16384)     = 0
22973 mmap(0x7f22e3628000, 16384, PROT_READ|PROT_WRITE, MAP_PRIVATE|MAP_FIXED|MAP_ANONYMOUS|MAP_NORESERVE, -1, 0) = 0x7f22e3628000
22973 munmap(0x7f22e3278000, 16384)     = 0
22973 mmap(0x7f22e3278000, 16384, PROT_READ|PROT_WRITE, MAP_PRIVATE|MAP_FIXED|MAP_ANONYMOUS|MAP_NORESERVE, -1, 0) = 0x7f22e3278000
22973 munmap(0x7f22e8154000, 16384)     = 0
22973 mmap(0x7f22e8154000, 16384, PROT_READ|PROT_WRITE, MAP_PRIVATE|MAP_FIXED|MAP_ANONYMOUS|MAP_NORESERVE, -1, 0) = 0x7f22e8154000
22973 munmap(0x7f22e3038000, 16384)     = 0
22973 mmap(0x7f22e3038000, 16384, PROT_READ|PROT_WRITE, MAP_PRIVATE|MAP_FIXED|MAP_ANONYMOUS|MAP_NORESERVE, -1, 0) = 0x7f22e3038000
22973 munmap(0x7f22e5ecc000, 16384)     = 0
22973 mmap(0x7f22e5ecc000, 16384, PROT_READ|PROT_WRITE, MAP_PRIVATE|MAP_FIXED|MAP_ANONYMOUS|MAP_NORESERVE, -1, 0) = 0x7f22e5ecc000
22973 munmap(0x7f22e6e68000, 16384)     = 0
22973 mmap(0x7f22e6e68000, 16384, PROT_READ|PROT_WRITE, MAP_PRIVATE|MAP_FIXED|MAP_ANONYMOUS|MAP_NORESERVE, -1, 0) = 0x7f22e6e68000
22973 munmap(0x7f22e6bf0000, 16384)     = 0
22973 mmap(0x7f22e6bf0000, 16384, PROT_READ|PROT_WRITE, MAP_PRIVATE|MAP_FIXED|MAP_ANONYMOUS|MAP_NORESERVE, -1, 0) = 0x7f22e6bf0000
22973 munmap(0x7f22ea318000, 16384)     = 0
22973 mmap(0x7f22ea318000, 16384, PROT_READ|PROT_WRITE, MAP_PRIVATE|MAP_FIXED|MAP_ANONYMOUS|MAP_NORESERVE, -1, 0) = 0x7f22ea318000
22973 munmap(0x7f22e5bb0000, 16384)     = 0
22973 mmap(0x7f22e5bb0000, 16384, PROT_READ|PROT_WRITE, MAP_PRIVATE|MAP_FIXED|MAP_ANONYMOUS|MAP_NORESERVE, -1, 0) = 0x7f22e5bb0000
22973 munmap(0x7f22e7c34000, 16384)     = 0
22973 mmap(0x7f22e7c34000, 16384, PROT_READ|PROT_WRITE, MAP_PRIVATE|MAP_FIXED|MAP_ANONYMOUS|MAP_NORESERVE, -1, 0) = 0x7f22e7c34000
22973 munmap(0x7f22e87dc000, 16384)     = 0
22973 mmap(0x7f22e87dc000, 16384, PROT_READ|PROT_WRITE, MAP_PRIVATE|MAP_FIXED|MAP_ANONYMOUS|MAP_NORESERVE, -1, 0) = 0x7f22e87dc000
22973 munmap(0x7f22e4838000, 16384)     = 0
22973 mmap(0x7f22e4838000, 16384, PROT_READ|PROT_WRITE, MAP_PRIVATE|MAP_FIXED|MAP_ANONYMOUS|MAP_NORESERVE, -1, 0) = 0x7f22e4838000
22973 munmap(0x7f22e66b0000, 16384)     = 0
22973 mmap(0x7f22e66b0000, 16384, PROT_READ|PROT_WRITE, MAP_PRIVATE|MAP_FIXED|MAP_ANONYMOUS|MAP_NORESERVE, -1, 0) = 0x7f22e66b0000
22973 munmap(0x7f22e650c000, 16384)     = 0
22973 mmap(0x7f22e650c000, 16384, PROT_READ|PROT_WRITE, MAP_PRIVATE|MAP_FIXED|MAP_ANONYMOUS|MAP_NORESERVE, -1, 0) = 0x7f22e650c000
22973 munmap(0x7f22ebba8000, 16384)     = 0
22973 mmap(0x7f22ebba8000, 16384, PROT_READ|PROT_WRITE, MAP_PRIVATE|MAP_FIXED|MAP_ANONYMOUS|MAP_NORESERVE, -1, 0) = 0x7f22ebba8000
22973 munmap(0x7f22ea064000, 16384)     = 0
22973 mmap(0x7f22ea064000, 16384, PROT_READ|PROT_WRITE, MAP_PRIVATE|MAP_FIXED|MAP_ANONYMOUS|MAP_NORESERVE, -1, 0) = 0x7f22ea064000
22973 munmap(0x7f22e4da4000, 16384)     = 0
22973 mmap(0x7f22e4da4000, 16384, PROT_READ|PROT_WRITE, MAP_PRIVATE|MAP_FIXED|MAP_ANONYMOUS|MAP_NORESERVE, -1, 0) = 0x7f22e4da4000
22973 munmap(0x7f22e6008000, 16384)     = 0
22973 mmap(0x7f22e6008000, 16384, PROT_READ|PROT_WRITE, MAP_PRIVATE|MAP_FIXED|MAP_ANONYMOUS|MAP_NORESERVE, -1, 0) = 0x7f22e6008000
22973 munmap(0x7f22e9694000, 16384)     = 0
22973 mmap(0x7f22e9694000, 16384, PROT_READ|PROT_WRITE, MAP_PRIVATE|MAP_FIXED|MAP_ANONYMOUS|MAP_NORESERVE, -1, 0) = 0x7f22e9694000
22973 munmap(0x7f22eb37c000, 16384)     = 0
22973 mmap(0x7f22eb37c000, 16384, PROT_READ|PROT_WRITE, MAP_PRIVATE|MAP_FIXED|MAP_ANONYMOUS|MAP_NORESERVE, -1, 0) = 0x7f22eb37c000
22973 munmap(0x7f22e8128000, 16384)     = 0
22973 mmap(0x7f22e8128000, 16384, PROT_READ|PROT_WRITE, MAP_PRIVATE|MAP_FIXED|MAP_ANONYMOUS|MAP_NORESERVE, -1, 0) = 0x7f22e8128000
22973 munmap(0x7f22e7f50000, 16384)     = 0
22973 mmap(0x7f22e7f50000, 16384, PROT_READ|PROT_WRITE, MAP_PRIVATE|MAP_FIXED|MAP_ANONYMOUS|MAP_NORESERVE, -1, 0) = 0x7f22e7f50000
22973 munmap(0x7f22e4948000, 16384)     = 0
22973 mmap(0x7f22e4948000, 16384, PROT_READ|PROT_WRITE, MAP_PRIVATE|MAP_FIXED|MAP_ANONYMOUS|MAP_NORESERVE, -1, 0) = 0x7f22e4948000
22973 munmap(0x7f22e2f28000, 16384)     = 0
22973 mmap(0x7f22e2f28000, 16384, PROT_READ|PROT_WRITE, MAP_PRIVATE|MAP_FIXED|MAP_ANONYMOUS|MAP_NORESERVE, -1, 0) = 0x7f22e2f28000
22973 munmap(0x7f22e4aa0000, 16384)     = 0
22973 mmap(0x7f22e4aa0000, 16384, PROT_READ|PROT_WRITE, MAP_PRIVATE|MAP_FIXED|MAP_ANONYMOUS|MAP_NORESERVE, -1, 0) = 0x7f22e4aa0000
22973 munmap(0x7f22e69a0000, 16384)     = 0
22973 mmap(0x7f22e69a0000, 16384, PROT_READ|PROT_WRITE, MAP_PRIVATE|MAP_FIXED|MAP_ANONYMOUS|MAP_NORESERVE, -1, 0) = 0x7f22e69a0000
22973 munmap(0x7f22e3f2c000, 16384)     = 0
22973 mmap(0x7f22e3f2c000, 16384, PROT_READ|PROT_WRITE, MAP_PRIVATE|MAP_FIXED|MAP_ANONYMOUS|MAP_NORESERVE, -1, 0) = 0x7f22e3f2c000
22973 munmap(0x7f22e5ef4000, 16384)     = 0
22973 mmap(0x7f22e5ef4000, 16384, PROT_READ|PROT_WRITE, MAP_PRIVATE|MAP_FIXED|MAP_ANONYMOUS|MAP_NORESERVE, -1, 0) = 0x7f22e5ef4000
22973 munmap(0x7f22e73e0000, 16384)     = 0
22973 mmap(0x7f22e73e0000, 16384, PROT_READ|PROT_WRITE, MAP_PRIVATE|MAP_FIXED|MAP_ANONYMOUS|MAP_NORESERVE, -1, 0) = 0x7f22e73e0000
22973 munmap(0x7f22e3054000, 16384)     = 0
22973 mmap(0x7f22e3054000, 16384, PROT_READ|PROT_WRITE, MAP_PRIVATE|MAP_FIXED|MAP_ANONYMOUS|MAP_NORESERVE, -1, 0) = 0x7f22e3054000
22973 munmap(0x7f22e7ad4000, 16384)     = 0
22973 mmap(0x7f22e7ad4000, 16384, PROT_READ|PROT_WRITE, MAP_PRIVATE|MAP_FIXED|MAP_ANONYMOUS|MAP_NORESERVE, -1, 0) = 0x7f22e7ad4000
22973 munmap(0x7f22e3144000, 16384)     = 0
22973 mmap(0x7f22e3144000, 16384, PROT_READ|PROT_WRITE, MAP_PRIVATE|MAP_FIXED|MAP_ANONYMOUS|MAP_NORESERVE, -1, 0) = 0x7f22e3144000
22973 munmap(0x7f22e3af0000, 16384)     = 0
22973 mmap(0x7f22e3af0000, 16384, PROT_READ|PROT_WRITE, MAP_PRIVATE|MAP_FIXED|MAP_ANONYMOUS|MAP_NORESERVE, -1, 0) = 0x7f22e3af0000
22973 munmap(0x7f22eb6ec000, 16384)     = 0
22973 mmap(0x7f22eb6ec000, 16384, PROT_READ|PROT_WRITE, MAP_PRIVATE|MAP_FIXED|MAP_ANONYMOUS|MAP_NORESERVE, -1, 0) = 0x7f22eb6ec000
22973 munmap(0x7f22e541c000, 16384)     = 0
22973 mmap(0x7f22e541c000, 16384, PROT_READ|PROT_WRITE, MAP_PRIVATE|MAP_FIXED|MAP_ANONYMOUS|MAP_NORESERVE, -1, 0) = 0x7f22e541c000
22973 munmap(0x7f22eb010000, 16384)     = 0
22973 mmap(0x7f22eb010000, 16384, PROT_READ|PROT_WRITE, MAP_PRIVATE|MAP_FIXED|MAP_ANONYMOUS|MAP_NORESERVE, -1, 0) = 0x7f22eb010000
22973 munmap(0x7f22e85c4000, 16384)     = 0
22973 mmap(0x7f22e85c4000, 16384, PROT_READ|PROT_WRITE, MAP_PRIVATE|MAP_FIXED|MAP_ANONYMOUS|MAP_NORESERVE, -1, 0) = 0x7f22e85c4000
22973 munmap(0x7f22eb9bc000, 16384)     = 0
22973 mmap(0x7f22eb9bc000, 16384, PROT_READ|PROT_WRITE, MAP_PRIVATE|MAP_FIXED|MAP_ANONYMOUS|MAP_NORESERVE, -1, 0) = 0x7f22eb9bc000
22973 munmap(0x7f22e2440000, 16384)     = 0
22973 mmap(0x7f22e2440000, 16384, PROT_READ|PROT_WRITE, MAP_PRIVATE|MAP_FIXED|MAP_ANONYMOUS|MAP_NORESERVE, -1, 0) = 0x7f22e2440000
22973 munmap(0x7f22e5edc000, 16384)     = 0
22973 mmap(0x7f22e5edc000, 16384, PROT_READ|PROT_WRITE, MAP_PRIVATE|MAP_FIXED|MAP_ANONYMOUS|MAP_NORESERVE, -1, 0) = 0x7f22e5edc000
22973 munmap(0x7f22e5d1c000, 16384)     = 0
22973 mmap(0x7f22e5d1c000, 16384, PROT_READ|PROT_WRITE, MAP_PRIVATE|MAP_FIXED|MAP_ANONYMOUS|MAP_NORESERVE, -1, 0) = 0x7f22e5d1c000
22973 munmap(0x7f22e3b0c000, 16384)     = 0
22973 mmap(0x7f22e3b0c000, 16384, PROT_READ|PROT_WRITE, MAP_PRIVATE|MAP_FIXED|MAP_ANONYMOUS|MAP_NORESERVE, -1, 0) = 0x7f22e3b0c000
22973 munmap(0x7f22e26f0000, 16384)     = 0
22973 mmap(0x7f22e26f0000, 16384, PROT_READ|PROT_WRITE, MAP_PRIVATE|MAP_FIXED|MAP_ANONYMOUS|MAP_NORESERVE, -1, 0) = 0x7f22e26f0000
22973 munmap(0x7f22e2c5c000, 16384)     = 0
22973 mmap(0x7f22e2c5c000, 16384, PROT_READ|PROT_WRITE, MAP_PRIVATE|MAP_FIXED|MAP_ANONYMOUS|MAP_NORESERVE, -1, 0) = 0x7f22e2c5c000
22973 munmap(0x7f22e5358000, 16384)     = 0
22973 mmap(0x7f22e5358000, 16384, PROT_READ|PROT_WRITE, MAP_PRIVATE|MAP_FIXED|MAP_ANONYMOUS|MAP_NORESERVE, -1, 0) = 0x7f22e5358000
22973 munmap(0x7f22ea9a8000, 16384)     = 0
22973 mmap(0x7f22ea9a8000, 16384, PROT_READ|PROT_WRITE, MAP_PRIVATE|MAP_FIXED|MAP_ANONYMOUS|MAP_NORESERVE, -1, 0) = 0x7f22ea9a8000
22973 munmap(0x7f22e5260000, 16384)     = 0
22973 mmap(0x7f22e5260000, 16384, PROT_READ|PROT_WRITE, MAP_PRIVATE|MAP_FIXED|MAP_ANONYMOUS|MAP_NORESERVE, -1, 0) = 0x7f22e5260000
22973 munmap(0x7f22e4b8c000, 16384)     = 0
22973 mmap(0x7f22e4b8c000, 16384, PROT_READ|PROT_WRITE, MAP_PRIVATE|MAP_FIXED|MAP_ANONYMOUS|MAP_NORESERVE, -1, 0) = 0x7f22e4b8c000
22973 munmap(0x7f22e7734000, 16384)     = 0
22973 mmap(0x7f22e7734000, 16384, PROT_READ|PROT_WRITE, MAP_PRIVATE|MAP_FIXED|MAP_ANONYMOUS|MAP_NORESERVE, -1, 0) = 0x7f22e7734000
22973 munmap(0x7f22e326c000, 16384)     = 0
22973 mmap(0x7f22e326c000, 16384, PROT_READ|PROT_WRITE, MAP_PRIVATE|MAP_FIXED|MAP_ANONYMOUS|MAP_NORESERVE, -1, 0) = 0x7f22e326c000
22973 munmap(0x7f22e3d38000, 16384)     = 0
22973 mmap(0x7f22e3d38000, 16384, PROT_READ|PROT_WRITE, MAP_PRIVATE|MAP_FIXED|MAP_ANONYMOUS|MAP_NORESERVE, -1, 0) = 0x7f22e3d38000
22973 munmap(0x7f22e4890000, 16384)     = 0
22973 mmap(0x7f22e4890000, 16384, PROT_READ|PROT_WRITE, MAP_PRIVATE|MAP_FIXED|MAP_ANONYMOUS|MAP_NORESERVE, -1, 0) = 0x7f22e4890000
22973 munmap(0x7f22eab30000, 16384)     = 0
22973 mmap(0x7f22eab30000, 16384, PROT_READ|PROT_WRITE, MAP_PRIVATE|MAP_FIXED|MAP_ANONYMOUS|MAP_NORESERVE, -1, 0) = 0x7f22eab30000
22973 munmap(0x7f22e8828000, 16384)     = 0
22973 mmap(0x7f22e8828000, 16384, PROT_READ|PROT_WRITE, MAP_PRIVATE|MAP_FIXED|MAP_ANONYMOUS|MAP_NORESERVE, -1, 0) = 0x7f22e8828000
22973 munmap(0x7f22e86d0000, 16384)     = 0
22973 mmap(0x7f22e86d0000, 16384, PROT_READ|PROT_WRITE, MAP_PRIVATE|MAP_FIXED|MAP_ANONYMOUS|MAP_NORESERVE, -1, 0) = 0x7f22e86d0000
22973 munmap(0x7f22e3f94000, 16384)     = 0
22973 mmap(0x7f22e3f94000, 16384, PROT_READ|PROT_WRITE, MAP_PRIVATE|MAP_FIXED|MAP_ANONYMOUS|MAP_NORESERVE, -1, 0) = 0x7f22e3f94000
22973 munmap(0x7f22eb970000, 16384)     = 0
22973 mmap(0x7f22eb970000, 16384, PROT_READ|PROT_WRITE, MAP_PRIVATE|MAP_FIXED|MAP_ANONYMOUS|MAP_NORESERVE, -1, 0) = 0x7f22eb970000
22973 munmap(0x7f22ebca4000, 16384)     = 0
22973 mmap(0x7f22ebca4000, 16384, PROT_READ|PROT_WRITE, MAP_PRIVATE|MAP_FIXED|MAP_ANONYMOUS|MAP_NORESERVE, -1, 0) = 0x7f22ebca4000
22973 munmap(0x7f22e8540000, 16384)     = 0
22973 mmap(0x7f22e8540000, 16384, PROT_READ|PROT_WRITE, MAP_PRIVATE|MAP_FIXED|MAP_ANONYMOUS|MAP_NORESERVE, -1, 0) = 0x7f22e8540000
22973 munmap(0x7f22e8294000, 16384)     = 0
22973 mmap(0x7f22e8294000, 16384, PROT_READ|PROT_WRITE, MAP_PRIVATE|MAP_FIXED|MAP_ANONYMOUS|MAP_NORESERVE, -1, 0) = 0x7f22e8294000
22973 munmap(0x7f22e8824000, 16384)     = 0
22973 mmap(0x7f22e8824000, 16384, PROT_READ|PROT_WRITE, MAP_PRIVATE|MAP_FIXED|MAP_ANONYMOUS|MAP_NORESERVE, -1, 0) = 0x7f22e8824000
22973 munmap(0x7f22ea8a8000, 16384)     = 0
22973 mmap(0x7f22ea8a8000, 16384, PROT_READ|PROT_WRITE, MAP_PRIVATE|MAP_FIXED|MAP_ANONYMOUS|MAP_NORESERVE, -1, 0) = 0x7f22ea8a8000
22973 munmap(0x7f22ea440000, 16384)     = 0
22973 mmap(0x7f22ea440000, 16384, PROT_READ|PROT_WRITE, MAP_PRIVATE|MAP_FIXED|MAP_ANONYMOUS|MAP_NORESERVE, -1, 0) = 0x7f22ea440000
22973 munmap(0x7f22eaffc000, 16384)     = 0
22973 mmap(0x7f22eaffc000, 16384, PROT_READ|PROT_WRITE, MAP_PRIVATE|MAP_FIXED|MAP_ANONYMOUS|MAP_NORESERVE, -1, 0) = 0x7f22eaffc000
22973 munmap(0x7f22e8724000, 16384)     = 0
22973 mmap(0x7f22e8724000, 16384, PROT_READ|PROT_WRITE, MAP_PRIVATE|MAP_FIXED|MAP_ANONYMOUS|MAP_NORESERVE, -1, 0) = 0x7f22e8724000
22973 munmap(0x7f22e8320000, 16384)     = 0
22973 mmap(0x7f22e8320000, 16384, PROT_READ|PROT_WRITE, MAP_PRIVATE|MAP_FIXED|MAP_ANONYMOUS|MAP_NORESERVE, -1, 0) = 0x7f22e8320000
22973 munmap(0x7f22e7c9c000, 16384)     = 0
22973 mmap(0x7f22e7c9c000, 16384, PROT_READ|PROT_WRITE, MAP_PRIVATE|MAP_FIXED|MAP_ANONYMOUS|MAP_NORESERVE, -1, 0) = 0x7f22e7c9c000
22973 munmap(0x7f22e24f8000, 16384)     = 0
22973 mmap(0x7f22e24f8000, 16384, PROT_READ|PROT_WRITE, MAP_PRIVATE|MAP_FIXED|MAP_ANONYMOUS|MAP_NORESERVE, -1, 0) = 0x7f22e24f8000
22973 munmap(0x7f22e716c000, 16384)     = 0
22973 mmap(0x7f22e716c000, 16384, PROT_READ|PROT_WRITE, MAP_PRIVATE|MAP_FIXED|MAP_ANONYMOUS|MAP_NORESERVE, -1, 0) = 0x7f22e716c000
22973 munmap(0x7f22e5600000, 16384)     = 0
22973 mmap(0x7f22e5600000, 16384, PROT_READ|PROT_WRITE, MAP_PRIVATE|MAP_FIXED|MAP_ANONYMOUS|MAP_NORESERVE, -1, 0) = 0x7f22e5600000
22973 munmap(0x7f22e65a4000, 16384)     = 0
22973 mmap(0x7f22e65a4000, 16384, PROT_READ|PROT_WRITE, MAP_PRIVATE|MAP_FIXED|MAP_ANONYMOUS|MAP_NORESERVE, -1, 0) = 0x7f22e65a4000
22973 munmap(0x7f22e4384000, 16384)     = 0
22973 mmap(0x7f22e4384000, 16384, PROT_READ|PROT_WRITE, MAP_PRIVATE|MAP_FIXED|MAP_ANONYMOUS|MAP_NORESERVE, -1, 0) = 0x7f22e4384000
22973 munmap(0x7f22eace4000, 16384)     = 0
22973 mmap(0x7f22eace4000, 16384, PROT_READ|PROT_WRITE, MAP_PRIVATE|MAP_FIXED|MAP_ANONYMOUS|MAP_NORESERVE, -1, 0) = 0x7f22eace4000
22973 munmap(0x7f22e892c000, 16384)     = 0
22973 mmap(0x7f22e892c000, 16384, PROT_READ|PROT_WRITE, MAP_PRIVATE|MAP_FIXED|MAP_ANONYMOUS|MAP_NORESERVE, -1, 0) = 0x7f22e892c000
22973 munmap(0x7f22e4ab4000, 16384)     = 0
22973 mmap(0x7f22e4ab4000, 16384, PROT_READ|PROT_WRITE, MAP_PRIVATE|MAP_FIXED|MAP_ANONYMOUS|MAP_NORESERVE, -1, 0) = 0x7f22e4ab4000
22973 munmap(0x7f22e5f98000, 16384)     = 0
22973 mmap(0x7f22e5f98000, 16384, PROT_READ|PROT_WRITE, MAP_PRIVATE|MAP_FIXED|MAP_ANONYMOUS|MAP_NORESERVE, -1, 0) = 0x7f22e5f98000
22973 munmap(0x7f22e2378000, 16384)     = 0
22973 mmap(0x7f22e2378000, 16384, PROT_READ|PROT_WRITE, MAP_PRIVATE|MAP_FIXED|MAP_ANONYMOUS|MAP_NORESERVE, -1, 0) = 0x7f22e2378000
22973 munmap(0x7f22e8160000, 16384)     = 0
22973 mmap(0x7f22e8160000, 16384, PROT_READ|PROT_WRITE, MAP_PRIVATE|MAP_FIXED|MAP_ANONYMOUS|MAP_NORESERVE, -1, 0) = 0x7f22e8160000
22973 munmap(0x7f22ea5a4000, 16384)     = 0
22973 mmap(0x7f22ea5a4000, 16384, PROT_READ|PROT_WRITE, MAP_PRIVATE|MAP_FIXED|MAP_ANONYMOUS|MAP_NORESERVE, -1, 0) = 0x7f22ea5a4000
22973 munmap(0x7f22eb6c0000, 16384)     = 0
22973 mmap(0x7f22eb6c0000, 16384, PROT_READ|PROT_WRITE, MAP_PRIVATE|MAP_FIXED|MAP_ANONYMOUS|MAP_NORESERVE, -1, 0) = 0x7f22eb6c0000
22973 munmap(0x7f22e2004000, 16384)     = 0
22973 mmap(0x7f22e2004000, 16384, PROT_READ|PROT_WRITE, MAP_PRIVATE|MAP_FIXED|MAP_ANONYMOUS|MAP_NORESERVE, -1, 0) = 0x7f22e2004000
22973 munmap(0x7f22e44c8000, 16384)     = 0
22973 mmap(0x7f22e44c8000, 16384, PROT_READ|PROT_WRITE, MAP_PRIVATE|MAP_FIXED|MAP_ANONYMOUS|MAP_NORESERVE, -1, 0) = 0x7f22e44c8000
22973 munmap(0x7f22e85e0000, 16384)     = 0
22973 mmap(0x7f22e85e0000, 16384, PROT_READ|PROT_WRITE, MAP_PRIVATE|MAP_FIXED|MAP_ANONYMOUS|MAP_NORESERVE, -1, 0) = 0x7f22e85e0000
22973 munmap(0x7f22eb79c000, 16384)     = 0
22973 mmap(0x7f22eb79c000, 16384, PROT_READ|PROT_WRITE, MAP_PRIVATE|MAP_FIXED|MAP_ANONYMOUS|MAP_NORESERVE, -1, 0) = 0x7f22eb79c000
22973 munmap(0x7f22e4e28000, 16384)     = 0
22973 mmap(0x7f22e4e28000, 16384, PROT_READ|PROT_WRITE, MAP_PRIVATE|MAP_FIXED|MAP_ANONYMOUS|MAP_NORESERVE, -1, 0) = 0x7f22e4e28000
22973 munmap(0x7f22e2c34000, 16384)     = 0
22973 mmap(0x7f22e2c34000, 16384, PROT_READ|PROT_WRITE, MAP_PRIVATE|MAP_FIXED|MAP_ANONYMOUS|MAP_NORESERVE, -1, 0) = 0x7f22e2c34000
22973 munmap(0x7f22e6cb8000, 16384)     = 0
22973 mmap(0x7f22e6cb8000, 16384, PROT_READ|PROT_WRITE, MAP_PRIVATE|MAP_FIXED|MAP_ANONYMOUS|MAP_NORESERVE, -1, 0) = 0x7f22e6cb8000
22973 munmap(0x7f22e8514000, 16384)     = 0
22973 mmap(0x7f22e8514000, 16384, PROT_READ|PROT_WRITE, MAP_PRIVATE|MAP_FIXED|MAP_ANONYMOUS|MAP_NORESERVE, -1, 0) = 0x7f22e8514000
22973 munmap(0x7f22ea34c000, 16384)     = 0
22973 mmap(0x7f22ea34c000, 16384, PROT_READ|PROT_WRITE, MAP_PRIVATE|MAP_FIXED|MAP_ANONYMOUS|MAP_NORESERVE, -1, 0) = 0x7f22ea34c000
22973 munmap(0x7f22e6b1c000, 16384)     = 0
22973 mmap(0x7f22e6b1c000, 16384, PROT_READ|PROT_WRITE, MAP_PRIVATE|MAP_FIXED|MAP_ANONYMOUS|MAP_NORESERVE, -1, 0) = 0x7f22e6b1c000
22973 munmap(0x7f22e61c8000, 16384)     = 0
22973 mmap(0x7f22e61c8000, 16384, PROT_READ|PROT_WRITE, MAP_PRIVATE|MAP_FIXED|MAP_ANONYMOUS|MAP_NORESERVE, -1, 0) = 0x7f22e61c8000
22973 munmap(0x7f22e4f00000, 16384)     = 0
22973 mmap(0x7f22e4f00000, 16384, PROT_READ|PROT_WRITE, MAP_PRIVATE|MAP_FIXED|MAP_ANONYMOUS|MAP_NORESERVE, -1, 0) = 0x7f22e4f00000
22973 munmap(0x7f22e874c000, 16384)     = 0
22973 mmap(0x7f22e874c000, 16384, PROT_READ|PROT_WRITE, MAP_PRIVATE|MAP_FIXED|MAP_ANONYMOUS|MAP_NORESERVE, -1, 0) = 0x7f22e874c000
22973 munmap(0x7f22e682c000, 16384)     = 0
22973 mmap(0x7f22e682c000, 16384, PROT_READ|PROT_WRITE, MAP_PRIVATE|MAP_FIXED|MAP_ANONYMOUS|MAP_NORESERVE, -1, 0) = 0x7f22e682c000
22973 munmap(0x7f22e3be0000, 16384)     = 0
22973 mmap(0x7f22e3be0000, 16384, PROT_READ|PROT_WRITE, MAP_PRIVATE|MAP_FIXED|MAP_ANONYMOUS|MAP_NORESERVE, -1, 0) = 0x7f22e3be0000
22973 munmap(0x7f22e6280000, 16384)     = 0
22973 mmap(0x7f22e6280000, 16384, PROT_READ|PROT_WRITE, MAP_PRIVATE|MAP_FIXED|MAP_ANONYMOUS|MAP_NORESERVE, -1, 0) = 0x7f22e6280000
22973 munmap(0x7f22e812c000, 16384)     = 0
22973 mmap(0x7f22e812c000, 16384, PROT_READ|PROT_WRITE, MAP_PRIVATE|MAP_FIXED|MAP_ANONYMOUS|MAP_NORESERVE, -1, 0) = 0x7f22e812c000
22973 munmap(0x7f22e917c000, 16384)     = 0
22973 mmap(0x7f22e917c000, 16384, PROT_READ|PROT_WRITE, MAP_PRIVATE|MAP_FIXED|MAP_ANONYMOUS|MAP_NORESERVE, -1, 0) = 0x7f22e917c000
22973 munmap(0x7f22e7c4c000, 16384)     = 0
22973 mmap(0x7f22e7c4c000, 16384, PROT_READ|PROT_WRITE, MAP_PRIVATE|MAP_FIXED|MAP_ANONYMOUS|MAP_NORESERVE, -1, 0) = 0x7f22e7c4c000
22973 munmap(0x7f22e465c000, 16384)     = 0
22973 mmap(0x7f22e465c000, 16384, PROT_READ|PROT_WRITE, MAP_PRIVATE|MAP_FIXED|MAP_ANONYMOUS|MAP_NORESERVE, -1, 0) = 0x7f22e465c000
22973 munmap(0x7f22e368c000, 16384)     = 0
22973 mmap(0x7f22e368c000, 16384, PROT_READ|PROT_WRITE, MAP_PRIVATE|MAP_FIXED|MAP_ANONYMOUS|MAP_NORESERVE, -1, 0) = 0x7f22e368c000
22973 munmap(0x7f22e4a68000, 16384)     = 0
22973 mmap(0x7f22e4a68000, 16384, PROT_READ|PROT_WRITE, MAP_PRIVATE|MAP_FIXED|MAP_ANONYMOUS|MAP_NORESERVE, -1, 0) = 0x7f22e4a68000
22973 munmap(0x7f22ebfd8000, 16384)     = 0
22973 mmap(0x7f22ebfd8000, 16384, PROT_READ|PROT_WRITE, MAP_PRIVATE|MAP_FIXED|MAP_ANONYMOUS|MAP_NORESERVE, -1, 0) = 0x7f22ebfd8000
22973 munmap(0x7f22eb258000, 16384)     = 0
22973 mmap(0x7f22eb258000, 16384, PROT_READ|PROT_WRITE, MAP_PRIVATE|MAP_FIXED|MAP_ANONYMOUS|MAP_NORESERVE, -1, 0) = 0x7f22eb258000
22973 munmap(0x7f22e9a6c000, 16384)     = 0
22973 mmap(0x7f22e9a6c000, 16384, PROT_READ|PROT_WRITE, MAP_PRIVATE|MAP_FIXED|MAP_ANONYMOUS|MAP_NORESERVE, -1, 0) = 0x7f22e9a6c000
22973 munmap(0x7f22e6758000, 16384)     = 0
22973 mmap(0x7f22e6758000, 16384, PROT_READ|PROT_WRITE, MAP_PRIVATE|MAP_FIXED|MAP_ANONYMOUS|MAP_NORESERVE, -1, 0) = 0x7f22e6758000
22973 munmap(0x7f22eb85c000, 16384)     = 0
22973 mmap(0x7f22eb85c000, 16384, PROT_READ|PROT_WRITE, MAP_PRIVATE|MAP_FIXED|MAP_ANONYMOUS|MAP_NORESERVE, -1, 0) = 0x7f22eb85c000
22973 munmap(0x7f22e99bc000, 16384)     = 0
22973 mmap(0x7f22e99bc000, 16384, PROT_READ|PROT_WRITE, MAP_PRIVATE|MAP_FIXED|MAP_ANONYMOUS|MAP_NORESERVE, -1, 0) = 0x7f22e99bc000
22973 munmap(0x7f22ead08000, 16384)     = 0
22973 mmap(0x7f22ead08000, 16384, PROT_READ|PROT_WRITE, MAP_PRIVATE|MAP_FIXED|MAP_ANONYMOUS|MAP_NORESERVE, -1, 0) = 0x7f22ead08000
22973 munmap(0x7f22e4944000, 16384)     = 0
22973 mmap(0x7f22e4944000, 16384, PROT_READ|PROT_WRITE, MAP_PRIVATE|MAP_FIXED|MAP_ANONYMOUS|MAP_NORESERVE, -1, 0) = 0x7f22e4944000
22973 munmap(0x7f22e6f54000, 16384)     = 0
22973 mmap(0x7f22e6f54000, 16384, PROT_READ|PROT_WRITE, MAP_PRIVATE|MAP_FIXED|MAP_ANONYMOUS|MAP_NORESERVE, -1, 0) = 0x7f22e6f54000
22973 munmap(0x7f22e29c0000, 16384)     = 0
22973 mmap(0x7f22e29c0000, 16384, PROT_READ|PROT_WRITE, MAP_PRIVATE|MAP_FIXED|MAP_ANONYMOUS|MAP_NORESERVE, -1, 0) = 0x7f22e29c0000
22973 munmap(0x7f22ea56c000, 16384)     = 0
22973 mmap(0x7f22ea56c000, 16384, PROT_READ|PROT_WRITE, MAP_PRIVATE|MAP_FIXED|MAP_ANONYMOUS|MAP_NORESERVE, -1, 0) = 0x7f22ea56c000
22973 munmap(0x7f22e5388000, 16384)     = 0
22973 mmap(0x7f22e5388000, 16384, PROT_READ|PROT_WRITE, MAP_PRIVATE|MAP_FIXED|MAP_ANONYMOUS|MAP_NORESERVE, -1, 0) = 0x7f22e5388000
22973 munmap(0x7f22e65ec000, 16384)     = 0
22973 mmap(0x7f22e65ec000, 16384, PROT_READ|PROT_WRITE, MAP_PRIVATE|MAP_FIXED|MAP_ANONYMOUS|MAP_NORESERVE, -1, 0) = 0x7f22e65ec000
22973 munmap(0x7f22e5328000, 16384)     = 0
22973 mmap(0x7f22e5328000, 16384, PROT_READ|PROT_WRITE, MAP_PRIVATE|MAP_FIXED|MAP_ANONYMOUS|MAP_NORESERVE, -1, 0) = 0x7f22e5328000
22973 munmap(0x7f22e6f4c000, 16384)     = 0
22973 mmap(0x7f22e6f4c000, 16384, PROT_READ|PROT_WRITE, MAP_PRIVATE|MAP_FIXED|MAP_ANONYMOUS|MAP_NORESERVE, -1, 0) = 0x7f22e6f4c000
22973 munmap(0x7f22e2218000, 16384)     = 0
22973 mmap(0x7f22e2218000, 16384, PROT_READ|PROT_WRITE, MAP_PRIVATE|MAP_FIXED|MAP_ANONYMOUS|MAP_NORESERVE, -1, 0) = 0x7f22e2218000
22973 munmap(0x7f22e7c04000, 16384)     = 0
22973 mmap(0x7f22e7c04000, 16384, PROT_READ|PROT_WRITE, MAP_PRIVATE|MAP_FIXED|MAP_ANONYMOUS|MAP_NORESERVE, -1, 0) = 0x7f22e7c04000
22973 munmap(0x7f22e6f48000, 16384)     = 0
22973 mmap(0x7f22e6f48000, 16384, PROT_READ|PROT_WRITE, MAP_PRIVATE|MAP_FIXED|MAP_ANONYMOUS|MAP_NORESERVE, -1, 0) = 0x7f22e6f48000
22973 munmap(0x7f22e9d00000, 16384)     = 0
22973 mmap(0x7f22e9d00000, 16384, PROT_READ|PROT_WRITE, MAP_PRIVATE|MAP_FIXED|MAP_ANONYMOUS|MAP_NORESERVE, -1, 0) = 0x7f22e9d00000
22973 munmap(0x7f22e313c000, 16384)     = 0
22973 mmap(0x7f22e313c000, 16384, PROT_READ|PROT_WRITE, MAP_PRIVATE|MAP_FIXED|MAP_ANONYMOUS|MAP_NORESERVE, -1, 0) = 0x7f22e313c000
22973 munmap(0x7f22e8298000, 16384)     = 0
22973 mmap(0x7f22e8298000, 16384, PROT_READ|PROT_WRITE, MAP_PRIVATE|MAP_FIXED|MAP_ANONYMOUS|MAP_NORESERVE, -1, 0) = 0x7f22e8298000
22973 munmap(0x7f22e6618000, 16384)     = 0
22973 mmap(0x7f22e6618000, 16384, PROT_READ|PROT_WRITE, MAP_PRIVATE|MAP_FIXED|MAP_ANONYMOUS|MAP_NORESERVE, -1, 0) = 0x7f22e6618000
22973 munmap(0x7f22e8688000, 16384)     = 0
22973 mmap(0x7f22e8688000, 16384, PROT_READ|PROT_WRITE, MAP_PRIVATE|MAP_FIXED|MAP_ANONYMOUS|MAP_NORESERVE, -1, 0) = 0x7f22e8688000
22973 munmap(0x7f22eaa3c000, 16384)     = 0
22973 mmap(0x7f22eaa3c000, 16384, PROT_READ|PROT_WRITE, MAP_PRIVATE|MAP_FIXED|MAP_ANONYMOUS|MAP_NORESERVE, -1, 0) = 0x7f22eaa3c000
22973 munmap(0x7f22e49f4000, 16384)     = 0
22973 mmap(0x7f22e49f4000, 16384, PROT_READ|PROT_WRITE, MAP_PRIVATE|MAP_FIXED|MAP_ANONYMOUS|MAP_NORESERVE, -1, 0) = 0x7f22e49f4000
22973 munmap(0x7f22e8c0c000, 16384)     = 0
22973 mmap(0x7f22e8c0c000, 16384, PROT_READ|PROT_WRITE, MAP_PRIVATE|MAP_FIXED|MAP_ANONYMOUS|MAP_NORESERVE, -1, 0) = 0x7f22e8c0c000
22973 munmap(0x7f22e68b8000, 16384)     = 0
22973 mmap(0x7f22e68b8000, 16384, PROT_READ|PROT_WRITE, MAP_PRIVATE|MAP_FIXED|MAP_ANONYMOUS|MAP_NORESERVE, -1, 0) = 0x7f22e68b8000
22973 munmap(0x7f22e5540000, 16384)     = 0
22973 mmap(0x7f22e5540000, 16384, PROT_READ|PROT_WRITE, MAP_PRIVATE|MAP_FIXED|MAP_ANONYMOUS|MAP_NORESERVE, -1, 0) = 0x7f22e5540000
22973 munmap(0x7f22e7024000, 16384)     = 0
22973 mmap(0x7f22e7024000, 16384, PROT_READ|PROT_WRITE, MAP_PRIVATE|MAP_FIXED|MAP_ANONYMOUS|MAP_NORESERVE, -1, 0) = 0x7f22e7024000
22973 munmap(0x7f22e8818000, 16384)     = 0
22973 mmap(0x7f22e8818000, 16384, PROT_READ|PROT_WRITE, MAP_PRIVATE|MAP_FIXED|MAP_ANONYMOUS|MAP_NORESERVE, -1, 0) = 0x7f22e8818000
22973 munmap(0x7f22e7764000, 16384)     = 0
22973 mmap(0x7f22e7764000, 16384, PROT_READ|PROT_WRITE, MAP_PRIVATE|MAP_FIXED|MAP_ANONYMOUS|MAP_NORESERVE, -1, 0) = 0x7f22e7764000
22973 munmap(0x7f22e3294000, 16384)     = 0
22973 mmap(0x7f22e3294000, 16384, PROT_READ|PROT_WRITE, MAP_PRIVATE|MAP_FIXED|MAP_ANONYMOUS|MAP_NORESERVE, -1, 0) = 0x7f22e3294000
22973 munmap(0x7f22e9cb8000, 16384)     = 0
22973 mmap(0x7f22e9cb8000, 16384, PROT_READ|PROT_WRITE, MAP_PRIVATE|MAP_FIXED|MAP_ANONYMOUS|MAP_NORESERVE, -1, 0) = 0x7f22e9cb8000
22973 munmap(0x7f22e91fc000, 16384)     = 0
22973 mmap(0x7f22e91fc000, 16384, PROT_READ|PROT_WRITE, MAP_PRIVATE|MAP_FIXED|MAP_ANONYMOUS|MAP_NORESERVE, -1, 0) = 0x7f22e91fc000
22973 munmap(0x7f22e2470000, 16384)     = 0
22973 mmap(0x7f22e2470000, 16384, PROT_READ|PROT_WRITE, MAP_PRIVATE|MAP_FIXED|MAP_ANONYMOUS|MAP_NORESERVE, -1, 0) = 0x7f22e2470000
22973 munmap(0x7f22e20c8000, 16384)     = 0
22973 mmap(0x7f22e20c8000, 16384, PROT_READ|PROT_WRITE, MAP_PRIVATE|MAP_FIXED|MAP_ANONYMOUS|MAP_NORESERVE, -1, 0) = 0x7f22e20c8000
22973 munmap(0x7f22e6fc0000, 16384)     = 0
22973 mmap(0x7f22e6fc0000, 16384, PROT_READ|PROT_WRITE, MAP_PRIVATE|MAP_FIXED|MAP_ANONYMOUS|MAP_NORESERVE, -1, 0) = 0x7f22e6fc0000
22973 munmap(0x7f22e43d0000, 16384)     = 0
22973 mmap(0x7f22e43d0000, 16384, PROT_READ|PROT_WRITE, MAP_PRIVATE|MAP_FIXED|MAP_ANONYMOUS|MAP_NORESERVE, -1, 0) = 0x7f22e43d0000
22973 munmap(0x7f22e3cd8000, 16384)     = 0
22973 mmap(0x7f22e3cd8000, 16384, PROT_READ|PROT_WRITE, MAP_PRIVATE|MAP_FIXED|MAP_ANONYMOUS|MAP_NORESERVE, -1, 0) = 0x7f22e3cd8000
22973 munmap(0x7f22e7128000, 16384)     = 0
22973 mmap(0x7f22e7128000, 16384, PROT_READ|PROT_WRITE, MAP_PRIVATE|MAP_FIXED|MAP_ANONYMOUS|MAP_NORESERVE, -1, 0) = 0x7f22e7128000
22973 munmap(0x7f22e2de4000, 16384)     = 0
22973 mmap(0x7f22e2de4000, 16384, PROT_READ|PROT_WRITE, MAP_PRIVATE|MAP_FIXED|MAP_ANONYMOUS|MAP_NORESERVE, -1, 0) = 0x7f22e2de4000
22973 munmap(0x7f22eade8000, 16384)     = 0
22973 mmap(0x7f22eade8000, 16384, PROT_READ|PROT_WRITE, MAP_PRIVATE|MAP_FIXED|MAP_ANONYMOUS|MAP_NORESERVE, -1, 0) = 0x7f22eade8000
22973 munmap(0x7f22e2e6c000, 16384)     = 0
22973 mmap(0x7f22e2e6c000, 16384, PROT_READ|PROT_WRITE, MAP_PRIVATE|MAP_FIXED|MAP_ANONYMOUS|MAP_NORESERVE, -1, 0) = 0x7f22e2e6c000
22973 munmap(0x7f22eb368000, 16384)     = 0
22973 mmap(0x7f22eb368000, 16384, PROT_READ|PROT_WRITE, MAP_PRIVATE|MAP_FIXED|MAP_ANONYMOUS|MAP_NORESERVE, -1, 0) = 0x7f22eb368000
22973 munmap(0x7f22e69c0000, 16384)     = 0
22973 mmap(0x7f22e69c0000, 16384, PROT_READ|PROT_WRITE, MAP_PRIVATE|MAP_FIXED|MAP_ANONYMOUS|MAP_NORESERVE, -1, 0) = 0x7f22e69c0000
22973 munmap(0x7f22e72d0000, 16384)     = 0
22973 mmap(0x7f22e72d0000, 16384, PROT_READ|PROT_WRITE, MAP_PRIVATE|MAP_FIXED|MAP_ANONYMOUS|MAP_NORESERVE, -1, 0) = 0x7f22e72d0000
22973 munmap(0x7f22eb8ac000, 16384)     = 0
22973 mmap(0x7f22eb8ac000, 16384, PROT_READ|PROT_WRITE, MAP_PRIVATE|MAP_FIXED|MAP_ANONYMOUS|MAP_NORESERVE, -1, 0) = 0x7f22eb8ac000
22973 munmap(0x7f22e5534000, 16384)     = 0
22973 mmap(0x7f22e5534000, 16384, PROT_READ|PROT_WRITE, MAP_PRIVATE|MAP_FIXED|MAP_ANONYMOUS|MAP_NORESERVE, -1, 0) = 0x7f22e5534000
22973 munmap(0x7f22ea670000, 16384)     = 0
22973 mmap(0x7f22ea670000, 16384, PROT_READ|PROT_WRITE, MAP_PRIVATE|MAP_FIXED|MAP_ANONYMOUS|MAP_NORESERVE, -1, 0) = 0x7f22ea670000
22973 munmap(0x7f22e57cc000, 16384)     = 0
22973 mmap(0x7f22e57cc000, 16384, PROT_READ|PROT_WRITE, MAP_PRIVATE|MAP_FIXED|MAP_ANONYMOUS|MAP_NORESERVE, -1, 0) = 0x7f22e57cc000
22973 munmap(0x7f22e8fb4000, 16384)     = 0
22973 mmap(0x7f22e8fb4000, 16384, PROT_READ|PROT_WRITE, MAP_PRIVATE|MAP_FIXED|MAP_ANONYMOUS|MAP_NORESERVE, -1, 0) = 0x7f22e8fb4000
22973 munmap(0x7f22eba94000, 16384)     = 0
22973 mmap(0x7f22eba94000, 16384, PROT_READ|PROT_WRITE, MAP_PRIVATE|MAP_FIXED|MAP_ANONYMOUS|MAP_NORESERVE, -1, 0) = 0x7f22eba94000
22973 munmap(0x7f22e3294000, 16384)     = 0
22973 mmap(0x7f22e3294000, 16384, PROT_READ|PROT_WRITE, MAP_PRIVATE|MAP_FIXED|MAP_ANONYMOUS|MAP_NORESERVE, -1, 0) = 0x7f22e3294000
22973 munmap(0x7f22e76e8000, 16384)     = 0
22973 mmap(0x7f22e76e8000, 16384, PROT_READ|PROT_WRITE, MAP_PRIVATE|MAP_FIXED|MAP_ANONYMOUS|MAP_NORESERVE, -1, 0) = 0x7f22e76e8000
22973 munmap(0x7f22e26b0000, 16384)     = 0
22973 mmap(0x7f22e26b0000, 16384, PROT_READ|PROT_WRITE, MAP_PRIVATE|MAP_FIXED|MAP_ANONYMOUS|MAP_NORESERVE, -1, 0) = 0x7f22e26b0000
22973 munmap(0x7f22e61a8000, 16384)     = 0
22973 mmap(0x7f22e61a8000, 16384, PROT_READ|PROT_WRITE, MAP_PRIVATE|MAP_FIXED|MAP_ANONYMOUS|MAP_NORESERVE, -1, 0) = 0x7f22e61a8000
22973 munmap(0x7f22e416c000, 16384)     = 0
22973 mmap(0x7f22e416c000, 16384, PROT_READ|PROT_WRITE, MAP_PRIVATE|MAP_FIXED|MAP_ANONYMOUS|MAP_NORESERVE, -1, 0) = 0x7f22e416c000
22973 munmap(0x7f22ead5c000, 16384)     = 0
22973 mmap(0x7f22ead5c000, 16384, PROT_READ|PROT_WRITE, MAP_PRIVATE|MAP_FIXED|MAP_ANONYMOUS|MAP_NORESERVE, -1, 0) = 0x7f22ead5c000
22973 munmap(0x7f22e5910000, 16384)     = 0
22973 mmap(0x7f22e5910000, 16384, PROT_READ|PROT_WRITE, MAP_PRIVATE|MAP_FIXED|MAP_ANONYMOUS|MAP_NORESERVE, -1, 0) = 0x7f22e5910000
22973 munmap(0x7f22e4e70000, 16384)     = 0
22973 mmap(0x7f22e4e70000, 16384, PROT_READ|PROT_WRITE, MAP_PRIVATE|MAP_FIXED|MAP_ANONYMOUS|MAP_NORESERVE, -1, 0) = 0x7f22e4e70000
22973 munmap(0x7f22eb238000, 16384)     = 0
22973 mmap(0x7f22eb238000, 16384, PROT_READ|PROT_WRITE, MAP_PRIVATE|MAP_FIXED|MAP_ANONYMOUS|MAP_NORESERVE, -1, 0) = 0x7f22eb238000
22973 munmap(0x7f22e86f0000, 16384)     = 0
22973 mmap(0x7f22e86f0000, 16384, PROT_READ|PROT_WRITE, MAP_PRIVATE|MAP_FIXED|MAP_ANONYMOUS|MAP_NORESERVE, -1, 0) = 0x7f22e86f0000
22973 munmap(0x7f22e8fd4000, 16384)     = 0
22973 mmap(0x7f22e8fd4000, 16384, PROT_READ|PROT_WRITE, MAP_PRIVATE|MAP_FIXED|MAP_ANONYMOUS|MAP_NORESERVE, -1, 0) = 0x7f22e8fd4000
22973 munmap(0x7f22e5538000, 16384)     = 0
22973 mmap(0x7f22e5538000, 16384, PROT_READ|PROT_WRITE, MAP_PRIVATE|MAP_FIXED|MAP_ANONYMOUS|MAP_NORESERVE, -1, 0) = 0x7f22e5538000
22973 munmap(0x7f22ebcb0000, 16384)     = 0
22973 mmap(0x7f22ebcb0000, 16384, PROT_READ|PROT_WRITE, MAP_PRIVATE|MAP_FIXED|MAP_ANONYMOUS|MAP_NORESERVE, -1, 0) = 0x7f22ebcb0000
22973 munmap(0x7f22e29fc000, 16384)     = 0
22973 mmap(0x7f22e29fc000, 16384, PROT_READ|PROT_WRITE, MAP_PRIVATE|MAP_FIXED|MAP_ANONYMOUS|MAP_NORESERVE, -1, 0) = 0x7f22e29fc000
22973 munmap(0x7f22ea3d4000, 16384)     = 0
22973 mmap(0x7f22ea3d4000, 16384, PROT_READ|PROT_WRITE, MAP_PRIVATE|MAP_FIXED|MAP_ANONYMOUS|MAP_NORESERVE, -1, 0) = 0x7f22ea3d4000
22973 munmap(0x7f22e7818000, 16384)     = 0
22973 mmap(0x7f22e7818000, 16384, PROT_READ|PROT_WRITE, MAP_PRIVATE|MAP_FIXED|MAP_ANONYMOUS|MAP_NORESERVE, -1, 0) = 0x7f22e7818000
22973 munmap(0x7f22eb20c000, 16384)     = 0
22973 mmap(0x7f22eb20c000, 16384, PROT_READ|PROT_WRITE, MAP_PRIVATE|MAP_FIXED|MAP_ANONYMOUS|MAP_NORESERVE, -1, 0) = 0x7f22eb20c000
22973 munmap(0x7f22e4b18000, 16384)     = 0
22973 mmap(0x7f22e4b18000, 16384, PROT_READ|PROT_WRITE, MAP_PRIVATE|MAP_FIXED|MAP_ANONYMOUS|MAP_NORESERVE, -1, 0) = 0x7f22e4b18000
22973 munmap(0x7f22e37e8000, 16384)     = 0
22973 mmap(0x7f22e37e8000, 16384, PROT_READ|PROT_WRITE, MAP_PRIVATE|MAP_FIXED|MAP_ANONYMOUS|MAP_NORESERVE, -1, 0) = 0x7f22e37e8000
22973 munmap(0x7f22e46a0000, 16384)     = 0
22973 mmap(0x7f22e46a0000, 16384, PROT_READ|PROT_WRITE, MAP_PRIVATE|MAP_FIXED|MAP_ANONYMOUS|MAP_NORESERVE, -1, 0) = 0x7f22e46a0000
22973 munmap(0x7f22e7874000, 16384)     = 0
22973 mmap(0x7f22e7874000, 16384, PROT_READ|PROT_WRITE, MAP_PRIVATE|MAP_FIXED|MAP_ANONYMOUS|MAP_NORESERVE, -1, 0) = 0x7f22e7874000
22973 munmap(0x7f22ea458000, 16384)     = 0
22973 mmap(0x7f22ea458000, 16384, PROT_READ|PROT_WRITE, MAP_PRIVATE|MAP_FIXED|MAP_ANONYMOUS|MAP_NORESERVE, -1, 0) = 0x7f22ea458000
22973 munmap(0x7f22eae54000, 16384)     = 0
22973 mmap(0x7f22eae54000, 16384, PROT_READ|PROT_WRITE, MAP_PRIVATE|MAP_FIXED|MAP_ANONYMOUS|MAP_NORESERVE, -1, 0) = 0x7f22eae54000
22973 munmap(0x7f22e5cb8000, 16384)     = 0
22973 mmap(0x7f22e5cb8000, 16384, PROT_READ|PROT_WRITE, MAP_PRIVATE|MAP_FIXED|MAP_ANONYMOUS|MAP_NORESERVE, -1, 0) = 0x7f22e5cb8000
22973 munmap(0x7f22e2750000, 16384)     = 0
22973 mmap(0x7f22e2750000, 16384, PROT_READ|PROT_WRITE, MAP_PRIVATE|MAP_FIXED|MAP_ANONYMOUS|MAP_NORESERVE, -1, 0) = 0x7f22e2750000
22973 munmap(0x7f22ea998000, 16384)     = 0
22973 mmap(0x7f22ea998000, 16384, PROT_READ|PROT_WRITE, MAP_PRIVATE|MAP_FIXED|MAP_ANONYMOUS|MAP_NORESERVE, -1, 0) = 0x7f22ea998000
22973 munmap(0x7f22e9958000, 16384)     = 0
22973 mmap(0x7f22e9958000, 16384, PROT_READ|PROT_WRITE, MAP_PRIVATE|MAP_FIXED|MAP_ANONYMOUS|MAP_NORESERVE, -1, 0) = 0x7f22e9958000
22973 munmap(0x7f22e6810000, 16384)     = 0
22973 mmap(0x7f22e6810000, 16384, PROT_READ|PROT_WRITE, MAP_PRIVATE|MAP_FIXED|MAP_ANONYMOUS|MAP_NORESERVE, -1, 0) = 0x7f22e6810000
22973 munmap(0x7f22e32d4000, 16384)     = 0
22973 mmap(0x7f22e32d4000, 16384, PROT_READ|PROT_WRITE, MAP_PRIVATE|MAP_FIXED|MAP_ANONYMOUS|MAP_NORESERVE, -1, 0) = 0x7f22e32d4000
22973 munmap(0x7f22eb35c000, 16384)     = 0
22973 mmap(0x7f22eb35c000, 16384, PROT_READ|PROT_WRITE, MAP_PRIVATE|MAP_FIXED|MAP_ANONYMOUS|MAP_NORESERVE, -1, 0) = 0x7f22eb35c000
22973 munmap(0x7f22e5468000, 16384)     = 0
22973 mmap(0x7f22e5468000, 16384, PROT_READ|PROT_WRITE, MAP_PRIVATE|MAP_FIXED|MAP_ANONYMOUS|MAP_NORESERVE, -1, 0) = 0x7f22e5468000
22973 munmap(0x7f22e6e5c000, 16384)     = 0
22973 mmap(0x7f22e6e5c000, 16384, PROT_READ|PROT_WRITE, MAP_PRIVATE|MAP_FIXED|MAP_ANONYMOUS|MAP_NORESERVE, -1, 0) = 0x7f22e6e5c000
22973 munmap(0x7f22e8624000, 16384)     = 0
22973 mmap(0x7f22e8624000, 16384, PROT_READ|PROT_WRITE, MAP_PRIVATE|MAP_FIXED|MAP_ANONYMOUS|MAP_NORESERVE, -1, 0) = 0x7f22e8624000
22973 munmap(0x7f22e7e68000, 16384)     = 0
22973 mmap(0x7f22e7e68000, 16384, PROT_READ|PROT_WRITE, MAP_PRIVATE|MAP_FIXED|MAP_ANONYMOUS|MAP_NORESERVE, -1, 0) = 0x7f22e7e68000
22973 munmap(0x7f22e3b3c000, 16384)     = 0
22973 mmap(0x7f22e3b3c000, 16384, PROT_READ|PROT_WRITE, MAP_PRIVATE|MAP_FIXED|MAP_ANONYMOUS|MAP_NORESERVE, -1, 0) = 0x7f22e3b3c000
22973 munmap(0x7f22e7798000, 16384)     = 0
22973 mmap(0x7f22e7798000, 16384, PROT_READ|PROT_WRITE, MAP_PRIVATE|MAP_FIXED|MAP_ANONYMOUS|MAP_NORESERVE, -1, 0) = 0x7f22e7798000
22973 munmap(0x7f22e2190000, 16384)     = 0
22973 mmap(0x7f22e2190000, 16384, PROT_READ|PROT_WRITE, MAP_PRIVATE|MAP_FIXED|MAP_ANONYMOUS|MAP_NORESERVE, -1, 0) = 0x7f22e2190000
22973 munmap(0x7f22e6d30000, 16384)     = 0
22973 mmap(0x7f22e6d30000, 16384, PROT_READ|PROT_WRITE, MAP_PRIVATE|MAP_FIXED|MAP_ANONYMOUS|MAP_NORESERVE, -1, 0) = 0x7f22e6d30000
22973 munmap(0x7f22e6450000, 16384)     = 0
22973 mmap(0x7f22e6450000, 16384, PROT_READ|PROT_WRITE, MAP_PRIVATE|MAP_FIXED|MAP_ANONYMOUS|MAP_NORESERVE, -1, 0) = 0x7f22e6450000
22973 munmap(0x7f22e970c000, 16384)     = 0
22973 mmap(0x7f22e970c000, 16384, PROT_READ|PROT_WRITE, MAP_PRIVATE|MAP_FIXED|MAP_ANONYMOUS|MAP_NORESERVE, -1, 0) = 0x7f22e970c000
22973 munmap(0x7f22e2608000, 16384)     = 0
22973 mmap(0x7f22e2608000, 16384, PROT_READ|PROT_WRITE, MAP_PRIVATE|MAP_FIXED|MAP_ANONYMOUS|MAP_NORESERVE, -1, 0) = 0x7f22e2608000
22973 munmap(0x7f22e4dd0000, 16384)     = 0
22973 mmap(0x7f22e4dd0000, 16384, PROT_READ|PROT_WRITE, MAP_PRIVATE|MAP_FIXED|MAP_ANONYMOUS|MAP_NORESERVE, -1, 0) = 0x7f22e4dd0000
22973 munmap(0x7f22e4c60000, 16384)     = 0
22973 mmap(0x7f22e4c60000, 16384, PROT_READ|PROT_WRITE, MAP_PRIVATE|MAP_FIXED|MAP_ANONYMOUS|MAP_NORESERVE, -1, 0) = 0x7f22e4c60000
22973 munmap(0x7f22e65c4000, 16384)     = 0
22973 mmap(0x7f22e65c4000, 16384, PROT_READ|PROT_WRITE, MAP_PRIVATE|MAP_FIXED|MAP_ANONYMOUS|MAP_NORESERVE, -1, 0) = 0x7f22e65c4000
22973 munmap(0x7f22e3158000, 16384)     = 0
22973 mmap(0x7f22e3158000, 16384, PROT_READ|PROT_WRITE, MAP_PRIVATE|MAP_FIXED|MAP_ANONYMOUS|MAP_NORESERVE, -1, 0) = 0x7f22e3158000
22973 munmap(0x7f22e2f64000, 16384)     = 0
22973 mmap(0x7f22e2f64000, 16384, PROT_READ|PROT_WRITE, MAP_PRIVATE|MAP_FIXED|MAP_ANONYMOUS|MAP_NORESERVE, -1, 0) = 0x7f22e2f64000
22973 munmap(0x7f22ea6b4000, 16384)     = 0
22973 mmap(0x7f22ea6b4000, 16384, PROT_READ|PROT_WRITE, MAP_PRIVATE|MAP_FIXED|MAP_ANONYMOUS|MAP_NORESERVE, -1, 0) = 0x7f22ea6b4000
22973 munmap(0x7f22e2b60000, 16384)     = 0
22973 mmap(0x7f22e2b60000, 16384, PROT_READ|PROT_WRITE, MAP_PRIVATE|MAP_FIXED|MAP_ANONYMOUS|MAP_NORESERVE, -1, 0) = 0x7f22e2b60000
22973 munmap(0x7f22e9b08000, 16384)     = 0
22973 mmap(0x7f22e9b08000, 16384, PROT_READ|PROT_WRITE, MAP_PRIVATE|MAP_FIXED|MAP_ANONYMOUS|MAP_NORESERVE, -1, 0) = 0x7f22e9b08000
22973 munmap(0x7f22e9e80000, 16384)     = 0
22973 mmap(0x7f22e9e80000, 16384, PROT_READ|PROT_WRITE, MAP_PRIVATE|MAP_FIXED|MAP_ANONYMOUS|MAP_NORESERVE, -1, 0) = 0x7f22e9e80000
22973 munmap(0x7f22ea784000, 16384)     = 0
22973 mmap(0x7f22ea784000, 16384, PROT_READ|PROT_WRITE, MAP_PRIVATE|MAP_FIXED|MAP_ANONYMOUS|MAP_NORESERVE, -1, 0) = 0x7f22ea784000
22973 munmap(0x7f22e8380000, 16384)     = 0
22973 mmap(0x7f22e8380000, 16384, PROT_READ|PROT_WRITE, MAP_PRIVATE|MAP_FIXED|MAP_ANONYMOUS|MAP_NORESERVE, -1, 0) = 0x7f22e8380000
22973 munmap(0x7f22e8fd0000, 16384)     = 0
22973 mmap(0x7f22e8fd0000, 16384, PROT_READ|PROT_WRITE, MAP_PRIVATE|MAP_FIXED|MAP_ANONYMOUS|MAP_NORESERVE, -1, 0) = 0x7f22e8fd0000
22973 munmap(0x7f22eaec0000, 16384)     = 0
22973 mmap(0x7f22eaec0000, 16384, PROT_READ|PROT_WRITE, MAP_PRIVATE|MAP_FIXED|MAP_ANONYMOUS|MAP_NORESERVE, -1, 0) = 0x7f22eaec0000
22973 munmap(0x7f22ea048000, 16384)     = 0
22973 mmap(0x7f22ea048000, 16384, PROT_READ|PROT_WRITE, MAP_PRIVATE|MAP_FIXED|MAP_ANONYMOUS|MAP_NORESERVE, -1, 0) = 0x7f22ea048000
22973 munmap(0x7f22e8460000, 16384)     = 0
22973 mmap(0x7f22e8460000, 16384, PROT_READ|PROT_WRITE, MAP_PRIVATE|MAP_FIXED|MAP_ANONYMOUS|MAP_NORESERVE, -1, 0) = 0x7f22e8460000
22973 munmap(0x7f22e4060000, 16384)     = 0
22973 mmap(0x7f22e4060000, 16384, PROT_READ|PROT_WRITE, MAP_PRIVATE|MAP_FIXED|MAP_ANONYMOUS|MAP_NORESERVE, -1, 0) = 0x7f22e4060000
22973 munmap(0x7f22e772c000, 16384)     = 0
22973 mmap(0x7f22e772c000, 16384, PROT_READ|PROT_WRITE, MAP_PRIVATE|MAP_FIXED|MAP_ANONYMOUS|MAP_NORESERVE, -1, 0) = 0x7f22e772c000
22973 munmap(0x7f22e52a8000, 16384)     = 0
22973 mmap(0x7f22e52a8000, 16384, PROT_READ|PROT_WRITE, MAP_PRIVATE|MAP_FIXED|MAP_ANONYMOUS|MAP_NORESERVE, -1, 0) = 0x7f22e52a8000
22973 munmap(0x7f22e4b18000, 16384)     = 0
22973 mmap(0x7f22e4b18000, 16384, PROT_READ|PROT_WRITE, MAP_PRIVATE|MAP_FIXED|MAP_ANONYMOUS|MAP_NORESERVE, -1, 0) = 0x7f22e4b18000
22973 munmap(0x7f22ea0a4000, 16384)     = 0
22973 mmap(0x7f22ea0a4000, 16384, PROT_READ|PROT_WRITE, MAP_PRIVATE|MAP_FIXED|MAP_ANONYMOUS|MAP_NORESERVE, -1, 0) = 0x7f22ea0a4000
22973 munmap(0x7f22eae98000, 16384)     = 0
22973 mmap(0x7f22eae98000, 16384, PROT_READ|PROT_WRITE, MAP_PRIVATE|MAP_FIXED|MAP_ANONYMOUS|MAP_NORESERVE, -1, 0) = 0x7f22eae98000
22973 munmap(0x7f22e7cf0000, 16384)     = 0
22973 mmap(0x7f22e7cf0000, 16384, PROT_READ|PROT_WRITE, MAP_PRIVATE|MAP_FIXED|MAP_ANONYMOUS|MAP_NORESERVE, -1, 0) = 0x7f22e7cf0000
22973 munmap(0x7f22e58d4000, 16384)     = 0
22973 mmap(0x7f22e58d4000, 16384, PROT_READ|PROT_WRITE, MAP_PRIVATE|MAP_FIXED|MAP_ANONYMOUS|MAP_NORESERVE, -1, 0) = 0x7f22e58d4000
22973 munmap(0x7f22e8028000, 16384)     = 0
22973 mmap(0x7f22e8028000, 16384, PROT_READ|PROT_WRITE, MAP_PRIVATE|MAP_FIXED|MAP_ANONYMOUS|MAP_NORESERVE, -1, 0) = 0x7f22e8028000
22973 munmap(0x7f22e6ea8000, 16384)     = 0
22973 mmap(0x7f22e6ea8000, 16384, PROT_READ|PROT_WRITE, MAP_PRIVATE|MAP_FIXED|MAP_ANONYMOUS|MAP_NORESERVE, -1, 0) = 0x7f22e6ea8000
22973 munmap(0x7f22e657c000, 16384)     = 0
22973 mmap(0x7f22e657c000, 16384, PROT_READ|PROT_WRITE, MAP_PRIVATE|MAP_FIXED|MAP_ANONYMOUS|MAP_NORESERVE, -1, 0) = 0x7f22e657c000
22973 munmap(0x7f22e3118000, 16384)     = 0
22973 mmap(0x7f22e3118000, 16384, PROT_READ|PROT_WRITE, MAP_PRIVATE|MAP_FIXED|MAP_ANONYMOUS|MAP_NORESERVE, -1, 0) = 0x7f22e3118000
22973 munmap(0x7f22e787c000, 16384)     = 0
22973 mmap(0x7f22e787c000, 16384, PROT_READ|PROT_WRITE, MAP_PRIVATE|MAP_FIXED|MAP_ANONYMOUS|MAP_NORESERVE, -1, 0) = 0x7f22e787c000
22973 munmap(0x7f22e9fdc000, 16384)     = 0
22973 mmap(0x7f22e9fdc000, 16384, PROT_READ|PROT_WRITE, MAP_PRIVATE|MAP_FIXED|MAP_ANONYMOUS|MAP_NORESERVE, -1, 0) = 0x7f22e9fdc000
22973 munmap(0x7f22e9a6c000, 16384)     = 0
22973 mmap(0x7f22e9a6c000, 16384, PROT_READ|PROT_WRITE, MAP_PRIVATE|MAP_FIXED|MAP_ANONYMOUS|MAP_NORESERVE, -1, 0) = 0x7f22e9a6c000
22973 munmap(0x7f22e510c000, 16384)     = 0
22973 mmap(0x7f22e510c000, 16384, PROT_READ|PROT_WRITE, MAP_PRIVATE|MAP_FIXED|MAP_ANONYMOUS|MAP_NORESERVE, -1, 0) = 0x7f22e510c000
22973 munmap(0x7f22e9c38000, 16384)     = 0
22973 mmap(0x7f22e9c38000, 16384, PROT_READ|PROT_WRITE, MAP_PRIVATE|MAP_FIXED|MAP_ANONYMOUS|MAP_NORESERVE, -1, 0) = 0x7f22e9c38000
22973 munmap(0x7f22e8bb0000, 16384)     = 0
22973 mmap(0x7f22e8bb0000, 16384, PROT_READ|PROT_WRITE, MAP_PRIVATE|MAP_FIXED|MAP_ANONYMOUS|MAP_NORESERVE, -1, 0) = 0x7f22e8bb0000
22973 munmap(0x7f22e6628000, 16384)     = 0
22973 mmap(0x7f22e6628000, 16384, PROT_READ|PROT_WRITE, MAP_PRIVATE|MAP_FIXED|MAP_ANONYMOUS|MAP_NORESERVE, -1, 0) = 0x7f22e6628000
22973 munmap(0x7f22ea454000, 16384)     = 0
22973 mmap(0x7f22ea454000, 16384, PROT_READ|PROT_WRITE, MAP_PRIVATE|MAP_FIXED|MAP_ANONYMOUS|MAP_NORESERVE, -1, 0) = 0x7f22ea454000
22973 munmap(0x7f22ead7c000, 16384)     = 0
22973 mmap(0x7f22ead7c000, 16384, PROT_READ|PROT_WRITE, MAP_PRIVATE|MAP_FIXED|MAP_ANONYMOUS|MAP_NORESERVE, -1, 0) = 0x7f22ead7c000
22973 munmap(0x7f22ea654000, 16384)     = 0
22973 mmap(0x7f22ea654000, 16384, PROT_READ|PROT_WRITE, MAP_PRIVATE|MAP_FIXED|MAP_ANONYMOUS|MAP_NORESERVE, -1, 0) = 0x7f22ea654000
22973 munmap(0x7f22e54a8000, 16384)     = 0
22973 mmap(0x7f22e54a8000, 16384, PROT_READ|PROT_WRITE, MAP_PRIVATE|MAP_FIXED|MAP_ANONYMOUS|MAP_NORESERVE, -1, 0) = 0x7f22e54a8000
22973 munmap(0x7f22e4bc4000, 16384)     = 0
22973 mmap(0x7f22e4bc4000, 16384, PROT_READ|PROT_WRITE, MAP_PRIVATE|MAP_FIXED|MAP_ANONYMOUS|MAP_NORESERVE, -1, 0) = 0x7f22e4bc4000
22973 munmap(0x7f22e5d7c000, 16384)     = 0
22973 mmap(0x7f22e5d7c000, 16384, PROT_READ|PROT_WRITE, MAP_PRIVATE|MAP_FIXED|MAP_ANONYMOUS|MAP_NORESERVE, -1, 0) = 0x7f22e5d7c000
22973 munmap(0x7f22e7020000, 16384)     = 0
22973 mmap(0x7f22e7020000, 16384, PROT_READ|PROT_WRITE, MAP_PRIVATE|MAP_FIXED|MAP_ANONYMOUS|MAP_NORESERVE, -1, 0) = 0x7f22e7020000
22973 munmap(0x7f22e4730000, 16384)     = 0
22973 mmap(0x7f22e4730000, 16384, PROT_READ|PROT_WRITE, MAP_PRIVATE|MAP_FIXED|MAP_ANONYMOUS|MAP_NORESERVE, -1, 0) = 0x7f22e4730000
22973 munmap(0x7f22e3794000, 16384)     = 0
22973 mmap(0x7f22e3794000, 16384, PROT_READ|PROT_WRITE, MAP_PRIVATE|MAP_FIXED|MAP_ANONYMOUS|MAP_NORESERVE, -1, 0) = 0x7f22e3794000
22973 munmap(0x7f22e3094000, 16384)     = 0
22973 mmap(0x7f22e3094000, 16384, PROT_READ|PROT_WRITE, MAP_PRIVATE|MAP_FIXED|MAP_ANONYMOUS|MAP_NORESERVE, -1, 0) = 0x7f22e3094000
22973 munmap(0x7f22e4524000, 16384)     = 0
22973 mmap(0x7f22e4524000, 16384, PROT_READ|PROT_WRITE, MAP_PRIVATE|MAP_FIXED|MAP_ANONYMOUS|MAP_NORESERVE, -1, 0) = 0x7f22e4524000
22973 munmap(0x7f22e2b90000, 16384)     = 0
22973 mmap(0x7f22e2b90000, 16384, PROT_READ|PROT_WRITE, MAP_PRIVATE|MAP_FIXED|MAP_ANONYMOUS|MAP_NORESERVE, -1, 0) = 0x7f22e2b90000
22973 munmap(0x7f22e95e4000, 16384)     = 0
22973 mmap(0x7f22e95e4000, 16384, PROT_READ|PROT_WRITE, MAP_PRIVATE|MAP_FIXED|MAP_ANONYMOUS|MAP_NORESERVE, -1, 0) = 0x7f22e95e4000
22973 munmap(0x7f22e4bf8000, 16384)     = 0
22973 mmap(0x7f22e4bf8000, 16384, PROT_READ|PROT_WRITE, MAP_PRIVATE|MAP_FIXED|MAP_ANONYMOUS|MAP_NORESERVE, -1, 0) = 0x7f22e4bf8000
22973 munmap(0x7f22e6a40000, 16384)     = 0
22973 mmap(0x7f22e6a40000, 16384, PROT_READ|PROT_WRITE, MAP_PRIVATE|MAP_FIXED|MAP_ANONYMOUS|MAP_NORESERVE, -1, 0) = 0x7f22e6a40000
22973 munmap(0x7f22e2e54000, 16384)     = 0
22973 mmap(0x7f22e2e54000, 16384, PROT_READ|PROT_WRITE, MAP_PRIVATE|MAP_FIXED|MAP_ANONYMOUS|MAP_NORESERVE, -1, 0) = 0x7f22e2e54000
22973 munmap(0x7f22e7e34000, 16384)     = 0
22973 mmap(0x7f22e7e34000, 16384, PROT_READ|PROT_WRITE, MAP_PRIVATE|MAP_FIXED|MAP_ANONYMOUS|MAP_NORESERVE, -1, 0) = 0x7f22e7e34000
22973 munmap(0x7f22e6738000, 16384)     = 0
22973 mmap(0x7f22e6738000, 16384, PROT_READ|PROT_WRITE, MAP_PRIVATE|MAP_FIXED|MAP_ANONYMOUS|MAP_NORESERVE, -1, 0) = 0x7f22e6738000
22973 munmap(0x7f22e8b80000, 16384)     = 0
22973 mmap(0x7f22e8b80000, 16384, PROT_READ|PROT_WRITE, MAP_PRIVATE|MAP_FIXED|MAP_ANONYMOUS|MAP_NORESERVE, -1, 0) = 0x7f22e8b80000
22973 munmap(0x7f22e2530000, 16384)     = 0
22973 mmap(0x7f22e2530000, 16384, PROT_READ|PROT_WRITE, MAP_PRIVATE|MAP_FIXED|MAP_ANONYMOUS|MAP_NORESERVE, -1, 0) = 0x7f22e2530000
22973 munmap(0x7f22e90c4000, 16384)     = 0
22973 mmap(0x7f22e90c4000, 16384, PROT_READ|PROT_WRITE, MAP_PRIVATE|MAP_FIXED|MAP_ANONYMOUS|MAP_NORESERVE, -1, 0) = 0x7f22e90c4000
22973 munmap(0x7f22e3cac000, 16384)     = 0
22973 mmap(0x7f22e3cac000, 16384, PROT_READ|PROT_WRITE, MAP_PRIVATE|MAP_FIXED|MAP_ANONYMOUS|MAP_NORESERVE, -1, 0) = 0x7f22e3cac000
22973 munmap(0x7f22e507c000, 16384)     = 0
22973 mmap(0x7f22e507c000, 16384, PROT_READ|PROT_WRITE, MAP_PRIVATE|MAP_FIXED|MAP_ANONYMOUS|MAP_NORESERVE, -1, 0) = 0x7f22e507c000
22973 munmap(0x7f22e47c8000, 16384)     = 0
22973 mmap(0x7f22e47c8000, 16384, PROT_READ|PROT_WRITE, MAP_PRIVATE|MAP_FIXED|MAP_ANONYMOUS|MAP_NORESERVE, -1, 0) = 0x7f22e47c8000
22973 munmap(0x7f22eb40c000, 16384)     = 0
22973 mmap(0x7f22eb40c000, 16384, PROT_READ|PROT_WRITE, MAP_PRIVATE|MAP_FIXED|MAP_ANONYMOUS|MAP_NORESERVE, -1, 0) = 0x7f22eb40c000
22973 munmap(0x7f22e6aec000, 16384)     = 0
22973 mmap(0x7f22e6aec000, 16384, PROT_READ|PROT_WRITE, MAP_PRIVATE|MAP_FIXED|MAP_ANONYMOUS|MAP_NORESERVE, -1, 0) = 0x7f22e6aec000
22973 munmap(0x7f22e5aac000, 16384)     = 0
22973 mmap(0x7f22e5aac000, 16384, PROT_READ|PROT_WRITE, MAP_PRIVATE|MAP_FIXED|MAP_ANONYMOUS|MAP_NORESERVE, -1, 0) = 0x7f22e5aac000
22973 munmap(0x7f22e6840000, 16384)     = 0
22973 mmap(0x7f22e6840000, 16384, PROT_READ|PROT_WRITE, MAP_PRIVATE|MAP_FIXED|MAP_ANONYMOUS|MAP_NORESERVE, -1, 0) = 0x7f22e6840000
22973 munmap(0x7f22e5ffc000, 16384)     = 0
22973 mmap(0x7f22e5ffc000, 16384, PROT_READ|PROT_WRITE, MAP_PRIVATE|MAP_FIXED|MAP_ANONYMOUS|MAP_NORESERVE, -1, 0) = 0x7f22e5ffc000
22973 munmap(0x7f22e3e34000, 16384)     = 0
22973 mmap(0x7f22e3e34000, 16384, PROT_READ|PROT_WRITE, MAP_PRIVATE|MAP_FIXED|MAP_ANONYMOUS|MAP_NORESERVE, -1, 0) = 0x7f22e3e34000
22973 munmap(0x7f22e2954000, 16384)     = 0
22973 mmap(0x7f22e2954000, 16384, PROT_READ|PROT_WRITE, MAP_PRIVATE|MAP_FIXED|MAP_ANONYMOUS|MAP_NORESERVE, -1, 0) = 0x7f22e2954000
22973 munmap(0x7f22e374c000, 16384)     = 0
22973 mmap(0x7f22e374c000, 16384, PROT_READ|PROT_WRITE, MAP_PRIVATE|MAP_FIXED|MAP_ANONYMOUS|MAP_NORESERVE, -1, 0) = 0x7f22e374c000
22973 munmap(0x7f22e933c000, 16384)     = 0
22973 mmap(0x7f22e933c000, 16384, PROT_READ|PROT_WRITE, MAP_PRIVATE|MAP_FIXED|MAP_ANONYMOUS|MAP_NORESERVE, -1, 0) = 0x7f22e933c000
22973 munmap(0x7f22e450c000, 16384)     = 0
22973 mmap(0x7f22e450c000, 16384, PROT_READ|PROT_WRITE, MAP_PRIVATE|MAP_FIXED|MAP_ANONYMOUS|MAP_NORESERVE, -1, 0) = 0x7f22e450c000
22973 munmap(0x7f22ea9ec000, 16384)     = 0
22973 mmap(0x7f22ea9ec000, 16384, PROT_READ|PROT_WRITE, MAP_PRIVATE|MAP_FIXED|MAP_ANONYMOUS|MAP_NORESERVE, -1, 0) = 0x7f22ea9ec000
22973 munmap(0x7f22e3444000, 16384)     = 0
22973 mmap(0x7f22e3444000, 16384, PROT_READ|PROT_WRITE, MAP_PRIVATE|MAP_FIXED|MAP_ANONYMOUS|MAP_NORESERVE, -1, 0) = 0x7f22e3444000
22973 munmap(0x7f22e3e98000, 16384)     = 0
22973 mmap(0x7f22e3e98000, 16384, PROT_READ|PROT_WRITE, MAP_PRIVATE|MAP_FIXED|MAP_ANONYMOUS|MAP_NORESERVE, -1, 0) = 0x7f22e3e98000
22973 munmap(0x7f22e39dc000, 16384)     = 0
22973 mmap(0x7f22e39dc000, 16384, PROT_READ|PROT_WRITE, MAP_PRIVATE|MAP_FIXED|MAP_ANONYMOUS|MAP_NORESERVE, -1, 0) = 0x7f22e39dc000
22973 munmap(0x7f22e23d8000, 16384)     = 0
22973 mmap(0x7f22e23d8000, 16384, PROT_READ|PROT_WRITE, MAP_PRIVATE|MAP_FIXED|MAP_ANONYMOUS|MAP_NORESERVE, -1, 0) = 0x7f22e23d8000
22973 munmap(0x7f22eb2ac000, 16384)     = 0
22973 mmap(0x7f22eb2ac000, 16384, PROT_READ|PROT_WRITE, MAP_PRIVATE|MAP_FIXED|MAP_ANONYMOUS|MAP_NORESERVE, -1, 0) = 0x7f22eb2ac000
22973 munmap(0x7f22e7620000, 16384)     = 0
22973 mmap(0x7f22e7620000, 16384, PROT_READ|PROT_WRITE, MAP_PRIVATE|MAP_FIXED|MAP_ANONYMOUS|MAP_NORESERVE, -1, 0) = 0x7f22e7620000
22973 munmap(0x7f22e936c000, 16384)     = 0
22973 mmap(0x7f22e936c000, 16384, PROT_READ|PROT_WRITE, MAP_PRIVATE|MAP_FIXED|MAP_ANONYMOUS|MAP_NORESERVE, -1, 0) = 0x7f22e936c000
22973 munmap(0x7f22e8f34000, 16384)     = 0
22973 mmap(0x7f22e8f34000, 16384, PROT_READ|PROT_WRITE, MAP_PRIVATE|MAP_FIXED|MAP_ANONYMOUS|MAP_NORESERVE, -1, 0) = 0x7f22e8f34000
22973 munmap(0x7f22e7d78000, 16384)     = 0
22973 mmap(0x7f22e7d78000, 16384, PROT_READ|PROT_WRITE, MAP_PRIVATE|MAP_FIXED|MAP_ANONYMOUS|MAP_NORESERVE, -1, 0) = 0x7f22e7d78000
22973 munmap(0x7f22e8410000, 16384)     = 0
22973 mmap(0x7f22e8410000, 16384, PROT_READ|PROT_WRITE, MAP_PRIVATE|MAP_FIXED|MAP_ANONYMOUS|MAP_NORESERVE, -1, 0) = 0x7f22e8410000
22973 munmap(0x7f22e4ac4000, 16384)     = 0
22973 mmap(0x7f22e4ac4000, 16384, PROT_READ|PROT_WRITE, MAP_PRIVATE|MAP_FIXED|MAP_ANONYMOUS|MAP_NORESERVE, -1, 0) = 0x7f22e4ac4000
22973 munmap(0x7f22e33dc000, 16384)     = 0
22973 mmap(0x7f22e33dc000, 16384, PROT_READ|PROT_WRITE, MAP_PRIVATE|MAP_FIXED|MAP_ANONYMOUS|MAP_NORESERVE, -1, 0) = 0x7f22e33dc000
22973 munmap(0x7f22e9060000, 16384)     = 0
22973 mmap(0x7f22e9060000, 16384, PROT_READ|PROT_WRITE, MAP_PRIVATE|MAP_FIXED|MAP_ANONYMOUS|MAP_NORESERVE, -1, 0) = 0x7f22e9060000
22973 munmap(0x7f22ebb7c000, 16384)     = 0
22973 mmap(0x7f22ebb7c000, 16384, PROT_READ|PROT_WRITE, MAP_PRIVATE|MAP_FIXED|MAP_ANONYMOUS|MAP_NORESERVE, -1, 0) = 0x7f22ebb7c000
22973 munmap(0x7f22e8ba0000, 16384)     = 0
22973 mmap(0x7f22e8ba0000, 16384, PROT_READ|PROT_WRITE, MAP_PRIVATE|MAP_FIXED|MAP_ANONYMOUS|MAP_NORESERVE, -1, 0) = 0x7f22e8ba0000
22973 munmap(0x7f22e5900000, 16384)     = 0
22973 mmap(0x7f22e5900000, 16384, PROT_READ|PROT_WRITE, MAP_PRIVATE|MAP_FIXED|MAP_ANONYMOUS|MAP_NORESERVE, -1, 0) = 0x7f22e5900000
22973 munmap(0x7f22e7c80000, 16384)     = 0
22973 mmap(0x7f22e7c80000, 16384, PROT_READ|PROT_WRITE, MAP_PRIVATE|MAP_FIXED|MAP_ANONYMOUS|MAP_NORESERVE, -1, 0) = 0x7f22e7c80000
22973 munmap(0x7f22e5570000, 16384)     = 0
22973 mmap(0x7f22e5570000, 16384, PROT_READ|PROT_WRITE, MAP_PRIVATE|MAP_FIXED|MAP_ANONYMOUS|MAP_NORESERVE, -1, 0) = 0x7f22e5570000
22973 munmap(0x7f22e7c38000, 16384)     = 0
22973 mmap(0x7f22e7c38000, 16384, PROT_READ|PROT_WRITE, MAP_PRIVATE|MAP_FIXED|MAP_ANONYMOUS|MAP_NORESERVE, -1, 0) = 0x7f22e7c38000
22973 munmap(0x7f22e2178000, 16384)     = 0
22973 mmap(0x7f22e2178000, 16384, PROT_READ|PROT_WRITE, MAP_PRIVATE|MAP_FIXED|MAP_ANONYMOUS|MAP_NORESERVE, -1, 0) = 0x7f22e2178000
22973 munmap(0x7f22e6554000, 16384)     = 0
22973 mmap(0x7f22e6554000, 16384, PROT_READ|PROT_WRITE, MAP_PRIVATE|MAP_FIXED|MAP_ANONYMOUS|MAP_NORESERVE, -1, 0) = 0x7f22e6554000
22973 munmap(0x7f22eb194000, 16384)     = 0
22973 mmap(0x7f22eb194000, 16384, PROT_READ|PROT_WRITE, MAP_PRIVATE|MAP_FIXED|MAP_ANONYMOUS|MAP_NORESERVE, -1, 0) = 0x7f22eb194000
22973 munmap(0x7f22e75cc000, 16384)     = 0
22973 mmap(0x7f22e75cc000, 16384, PROT_READ|PROT_WRITE, MAP_PRIVATE|MAP_FIXED|MAP_ANONYMOUS|MAP_NORESERVE, -1, 0) = 0x7f22e75cc000
22973 munmap(0x7f22e79d4000, 16384)     = 0
22973 mmap(0x7f22e79d4000, 16384, PROT_READ|PROT_WRITE, MAP_PRIVATE|MAP_FIXED|MAP_ANONYMOUS|MAP_NORESERVE, -1, 0) = 0x7f22e79d4000
22973 munmap(0x7f22e79b8000, 16384)     = 0
22973 mmap(0x7f22e79b8000, 16384, PROT_READ|PROT_WRITE, MAP_PRIVATE|MAP_FIXED|MAP_ANONYMOUS|MAP_NORESERVE, -1, 0) = 0x7f22e79b8000
22973 munmap(0x7f22e7b54000, 16384)     = 0
22973 mmap(0x7f22e7b54000, 16384, PROT_READ|PROT_WRITE, MAP_PRIVATE|MAP_FIXED|MAP_ANONYMOUS|MAP_NORESERVE, -1, 0) = 0x7f22e7b54000
22973 munmap(0x7f22e8658000, 16384)     = 0
22973 mmap(0x7f22e8658000, 16384, PROT_READ|PROT_WRITE, MAP_PRIVATE|MAP_FIXED|MAP_ANONYMOUS|MAP_NORESERVE, -1, 0) = 0x7f22e8658000
22973 munmap(0x7f22e92c0000, 16384)     = 0
22973 mmap(0x7f22e92c0000, 16384, PROT_READ|PROT_WRITE, MAP_PRIVATE|MAP_FIXED|MAP_ANONYMOUS|MAP_NORESERVE, -1, 0) = 0x7f22e92c0000
22973 munmap(0x7f22e2b90000, 16384)     = 0
22973 mmap(0x7f22e2b90000, 16384, PROT_READ|PROT_WRITE, MAP_PRIVATE|MAP_FIXED|MAP_ANONYMOUS|MAP_NORESERVE, -1, 0) = 0x7f22e2b90000
22973 munmap(0x7f22e3a64000, 16384)     = 0
22973 mmap(0x7f22e3a64000, 16384, PROT_READ|PROT_WRITE, MAP_PRIVATE|MAP_FIXED|MAP_ANONYMOUS|MAP_NORESERVE, -1, 0) = 0x7f22e3a64000
22973 munmap(0x7f22e963c000, 16384)     = 0
22973 mmap(0x7f22e963c000, 16384, PROT_READ|PROT_WRITE, MAP_PRIVATE|MAP_FIXED|MAP_ANONYMOUS|MAP_NORESERVE, -1, 0) = 0x7f22e963c000
22973 munmap(0x7f22e33c0000, 16384)     = 0
22973 mmap(0x7f22e33c0000, 16384, PROT_READ|PROT_WRITE, MAP_PRIVATE|MAP_FIXED|MAP_ANONYMOUS|MAP_NORESERVE, -1, 0) = 0x7f22e33c0000
22973 munmap(0x7f22e9ba8000, 16384)     = 0
22973 mmap(0x7f22e9ba8000, 16384, PROT_READ|PROT_WRITE, MAP_PRIVATE|MAP_FIXED|MAP_ANONYMOUS|MAP_NORESERVE, -1, 0) = 0x7f22e9ba8000
22973 munmap(0x7f22e7b04000, 16384)     = 0
22973 mmap(0x7f22e7b04000, 16384, PROT_READ|PROT_WRITE, MAP_PRIVATE|MAP_FIXED|MAP_ANONYMOUS|MAP_NORESERVE, -1, 0) = 0x7f22e7b04000
22973 munmap(0x7f22e97c4000, 16384)     = 0
22973 mmap(0x7f22e97c4000, 16384, PROT_READ|PROT_WRITE, MAP_PRIVATE|MAP_FIXED|MAP_ANONYMOUS|MAP_NORESERVE, -1, 0) = 0x7f22e97c4000
22973 munmap(0x7f22ea430000, 16384)     = 0
22973 mmap(0x7f22ea430000, 16384, PROT_READ|PROT_WRITE, MAP_PRIVATE|MAP_FIXED|MAP_ANONYMOUS|MAP_NORESERVE, -1, 0) = 0x7f22ea430000
22973 munmap(0x7f22e631c000, 16384)     = 0
22973 mmap(0x7f22e631c000, 16384, PROT_READ|PROT_WRITE, MAP_PRIVATE|MAP_FIXED|MAP_ANONYMOUS|MAP_NORESERVE, -1, 0) = 0x7f22e631c000
22973 munmap(0x7f22eb1d8000, 16384)     = 0
22973 mmap(0x7f22eb1d8000, 16384, PROT_READ|PROT_WRITE, MAP_PRIVATE|MAP_FIXED|MAP_ANONYMOUS|MAP_NORESERVE, -1, 0) = 0x7f22eb1d8000
22973 munmap(0x7f22e8eb4000, 16384)     = 0
22973 mmap(0x7f22e8eb4000, 16384, PROT_READ|PROT_WRITE, MAP_PRIVATE|MAP_FIXED|MAP_ANONYMOUS|MAP_NORESERVE, -1, 0) = 0x7f22e8eb4000
22973 munmap(0x7f22e6010000, 16384)     = 0
22973 mmap(0x7f22e6010000, 16384, PROT_READ|PROT_WRITE, MAP_PRIVATE|MAP_FIXED|MAP_ANONYMOUS|MAP_NORESERVE, -1, 0) = 0x7f22e6010000
22973 munmap(0x7f22e96f8000, 16384)     = 0
22973 mmap(0x7f22e96f8000, 16384, PROT_READ|PROT_WRITE, MAP_PRIVATE|MAP_FIXED|MAP_ANONYMOUS|MAP_NORESERVE, -1, 0) = 0x7f22e96f8000
22973 munmap(0x7f22e362c000, 16384)     = 0
22973 mmap(0x7f22e362c000, 16384, PROT_READ|PROT_WRITE, MAP_PRIVATE|MAP_FIXED|MAP_ANONYMOUS|MAP_NORESERVE, -1, 0) = 0x7f22e362c000
22973 munmap(0x7f22ebc7c000, 16384)     = 0
22973 mmap(0x7f22ebc7c000, 16384, PROT_READ|PROT_WRITE, MAP_PRIVATE|MAP_FIXED|MAP_ANONYMOUS|MAP_NORESERVE, -1, 0) = 0x7f22ebc7c000
22973 munmap(0x7f22e6984000, 16384)     = 0
22973 mmap(0x7f22e6984000, 16384, PROT_READ|PROT_WRITE, MAP_PRIVATE|MAP_FIXED|MAP_ANONYMOUS|MAP_NORESERVE, -1, 0) = 0x7f22e6984000
22973 munmap(0x7f22e8960000, 16384)     = 0
22973 mmap(0x7f22e8960000, 16384, PROT_READ|PROT_WRITE, MAP_PRIVATE|MAP_FIXED|MAP_ANONYMOUS|MAP_NORESERVE, -1, 0) = 0x7f22e8960000
22973 munmap(0x7f22ea548000, 16384)     = 0
22973 mmap(0x7f22ea548000, 16384, PROT_READ|PROT_WRITE, MAP_PRIVATE|MAP_FIXED|MAP_ANONYMOUS|MAP_NORESERVE, -1, 0) = 0x7f22ea548000
22973 munmap(0x7f22e84f4000, 16384)     = 0
22973 mmap(0x7f22e84f4000, 16384, PROT_READ|PROT_WRITE, MAP_PRIVATE|MAP_FIXED|MAP_ANONYMOUS|MAP_NORESERVE, -1, 0) = 0x7f22e84f4000
22973 munmap(0x7f22e692c000, 16384)     = 0
22973 mmap(0x7f22e692c000, 16384, PROT_READ|PROT_WRITE, MAP_PRIVATE|MAP_FIXED|MAP_ANONYMOUS|MAP_NORESERVE, -1, 0) = 0x7f22e692c000
22973 munmap(0x7f22e2d20000, 16384)     = 0
22973 mmap(0x7f22e2d20000, 16384, PROT_READ|PROT_WRITE, MAP_PRIVATE|MAP_FIXED|MAP_ANONYMOUS|MAP_NORESERVE, -1, 0) = 0x7f22e2d20000
22973 munmap(0x7f22e8998000, 16384)     = 0
22973 mmap(0x7f22e8998000, 16384, PROT_READ|PROT_WRITE, MAP_PRIVATE|MAP_FIXED|MAP_ANONYMOUS|MAP_NORESERVE, -1, 0) = 0x7f22e8998000
22973 munmap(0x7f22e80b4000, 16384)     = 0
22973 mmap(0x7f22e80b4000, 16384, PROT_READ|PROT_WRITE, MAP_PRIVATE|MAP_FIXED|MAP_ANONYMOUS|MAP_NORESERVE, -1, 0) = 0x7f22e80b4000
22973 munmap(0x7f22ea61c000, 16384)     = 0
22973 mmap(0x7f22ea61c000, 16384, PROT_READ|PROT_WRITE, MAP_PRIVATE|MAP_FIXED|MAP_ANONYMOUS|MAP_NORESERVE, -1, 0) = 0x7f22ea61c000
22973 munmap(0x7f22e99c0000, 16384)     = 0
22973 mmap(0x7f22e99c0000, 16384, PROT_READ|PROT_WRITE, MAP_PRIVATE|MAP_FIXED|MAP_ANONYMOUS|MAP_NORESERVE, -1, 0) = 0x7f22e99c0000
22973 munmap(0x7f22e76d8000, 16384)     = 0
22973 mmap(0x7f22e76d8000, 16384, PROT_READ|PROT_WRITE, MAP_PRIVATE|MAP_FIXED|MAP_ANONYMOUS|MAP_NORESERVE, -1, 0) = 0x7f22e76d8000
22973 munmap(0x7f22e7254000, 16384)     = 0
22973 mmap(0x7f22e7254000, 16384, PROT_READ|PROT_WRITE, MAP_PRIVATE|MAP_FIXED|MAP_ANONYMOUS|MAP_NORESERVE, -1, 0) = 0x7f22e7254000
22973 munmap(0x7f22e815c000, 16384)     = 0
22973 mmap(0x7f22e815c000, 16384, PROT_READ|PROT_WRITE, MAP_PRIVATE|MAP_FIXED|MAP_ANONYMOUS|MAP_NORESERVE, -1, 0) = 0x7f22e815c000
22973 munmap(0x7f22e8870000, 16384)     = 0
22973 mmap(0x7f22e8870000, 16384, PROT_READ|PROT_WRITE, MAP_PRIVATE|MAP_FIXED|MAP_ANONYMOUS|MAP_NORESERVE, -1, 0) = 0x7f22e8870000
22973 munmap(0x7f22e9c68000, 16384)     = 0
22973 mmap(0x7f22e9c68000, 16384, PROT_READ|PROT_WRITE, MAP_PRIVATE|MAP_FIXED|MAP_ANONYMOUS|MAP_NORESERVE, -1, 0) = 0x7f22e9c68000
22973 munmap(0x7f22ea968000, 16384)     = 0
22973 mmap(0x7f22ea968000, 16384, PROT_READ|PROT_WRITE, MAP_PRIVATE|MAP_FIXED|MAP_ANONYMOUS|MAP_NORESERVE, -1, 0) = 0x7f22ea968000
22973 munmap(0x7f22e9620000, 16384)     = 0
22973 mmap(0x7f22e9620000, 16384, PROT_READ|PROT_WRITE, MAP_PRIVATE|MAP_FIXED|MAP_ANONYMOUS|MAP_NORESERVE, -1, 0) = 0x7f22e9620000
22973 munmap(0x7f22e5318000, 16384)     = 0
22973 mmap(0x7f22e5318000, 16384, PROT_READ|PROT_WRITE, MAP_PRIVATE|MAP_FIXED|MAP_ANONYMOUS|MAP_NORESERVE, -1, 0) = 0x7f22e5318000
22973 munmap(0x7f22e5b10000, 16384)     = 0
22973 mmap(0x7f22e5b10000, 16384, PROT_READ|PROT_WRITE, MAP_PRIVATE|MAP_FIXED|MAP_ANONYMOUS|MAP_NORESERVE, -1, 0) = 0x7f22e5b10000
22973 munmap(0x7f22e6178000, 16384)     = 0
22973 mmap(0x7f22e6178000, 16384, PROT_READ|PROT_WRITE, MAP_PRIVATE|MAP_FIXED|MAP_ANONYMOUS|MAP_NORESERVE, -1, 0) = 0x7f22e6178000
22973 munmap(0x7f22e3104000, 16384)     = 0
22973 mmap(0x7f22e3104000, 16384, PROT_READ|PROT_WRITE, MAP_PRIVATE|MAP_FIXED|MAP_ANONYMOUS|MAP_NORESERVE, -1, 0) = 0x7f22e3104000
22973 munmap(0x7f22e3714000, 16384)     = 0
22973 mmap(0x7f22e3714000, 16384, PROT_READ|PROT_WRITE, MAP_PRIVATE|MAP_FIXED|MAP_ANONYMOUS|MAP_NORESERVE, -1, 0) = 0x7f22e3714000
22973 munmap(0x7f22ead04000, 16384)     = 0
22973 mmap(0x7f22ead04000, 16384, PROT_READ|PROT_WRITE, MAP_PRIVATE|MAP_FIXED|MAP_ANONYMOUS|MAP_NORESERVE, -1, 0) = 0x7f22ead04000
22973 munmap(0x7f22e34d4000, 16384)     = 0
22973 mmap(0x7f22e34d4000, 16384, PROT_READ|PROT_WRITE, MAP_PRIVATE|MAP_FIXED|MAP_ANONYMOUS|MAP_NORESERVE, -1, 0) = 0x7f22e34d4000
22973 munmap(0x7f22e8d2c000, 16384)     = 0
22973 mmap(0x7f22e8d2c000, 16384, PROT_READ|PROT_WRITE, MAP_PRIVATE|MAP_FIXED|MAP_ANONYMOUS|MAP_NORESERVE, -1, 0) = 0x7f22e8d2c000
22973 munmap(0x7f22ea3a4000, 16384)     = 0
22973 mmap(0x7f22ea3a4000, 16384, PROT_READ|PROT_WRITE, MAP_PRIVATE|MAP_FIXED|MAP_ANONYMOUS|MAP_NORESERVE, -1, 0) = 0x7f22ea3a4000
22973 munmap(0x7f22e44fc000, 16384)     = 0
22973 mmap(0x7f22e44fc000, 16384, PROT_READ|PROT_WRITE, MAP_PRIVATE|MAP_FIXED|MAP_ANONYMOUS|MAP_NORESERVE, -1, 0) = 0x7f22e44fc000
22973 munmap(0x7f22ea1c0000, 16384)     = 0
22973 mmap(0x7f22ea1c0000, 16384, PROT_READ|PROT_WRITE, MAP_PRIVATE|MAP_FIXED|MAP_ANONYMOUS|MAP_NORESERVE, -1, 0) = 0x7f22ea1c0000
22973 munmap(0x7f22e6b00000, 16384)     = 0
22973 mmap(0x7f22e6b00000, 16384, PROT_READ|PROT_WRITE, MAP_PRIVATE|MAP_FIXED|MAP_ANONYMOUS|MAP_NORESERVE, -1, 0) = 0x7f22e6b00000
22973 munmap(0x7f22e4034000, 16384)     = 0
22973 mmap(0x7f22e4034000, 16384, PROT_READ|PROT_WRITE, MAP_PRIVATE|MAP_FIXED|MAP_ANONYMOUS|MAP_NORESERVE, -1, 0) = 0x7f22e4034000
22973 munmap(0x7f22eb2b0000, 16384)     = 0
22973 mmap(0x7f22eb2b0000, 16384, PROT_READ|PROT_WRITE, MAP_PRIVATE|MAP_FIXED|MAP_ANONYMOUS|MAP_NORESERVE, -1, 0) = 0x7f22eb2b0000
22973 munmap(0x7f22e8d38000, 16384)     = 0
22973 mmap(0x7f22e8d38000, 16384, PROT_READ|PROT_WRITE, MAP_PRIVATE|MAP_FIXED|MAP_ANONYMOUS|MAP_NORESERVE, -1, 0) = 0x7f22e8d38000
22973 munmap(0x7f22e6920000, 16384)     = 0
22973 mmap(0x7f22e6920000, 16384, PROT_READ|PROT_WRITE, MAP_PRIVATE|MAP_FIXED|MAP_ANONYMOUS|MAP_NORESERVE, -1, 0) = 0x7f22e6920000
22973 munmap(0x7f22e9db8000, 16384)     = 0
22973 mmap(0x7f22e9db8000, 16384, PROT_READ|PROT_WRITE, MAP_PRIVATE|MAP_FIXED|MAP_ANONYMOUS|MAP_NORESERVE, -1, 0) = 0x7f22e9db8000
22973 munmap(0x7f22e4398000, 16384)     = 0
22973 mmap(0x7f22e4398000, 16384, PROT_READ|PROT_WRITE, MAP_PRIVATE|MAP_FIXED|MAP_ANONYMOUS|MAP_NORESERVE, -1, 0) = 0x7f22e4398000
22973 munmap(0x7f22e715c000, 16384)     = 0
22973 mmap(0x7f22e715c000, 16384, PROT_READ|PROT_WRITE, MAP_PRIVATE|MAP_FIXED|MAP_ANONYMOUS|MAP_NORESERVE, -1, 0) = 0x7f22e715c000
22973 munmap(0x7f22e734c000, 16384)     = 0
22973 mmap(0x7f22e734c000, 16384, PROT_READ|PROT_WRITE, MAP_PRIVATE|MAP_FIXED|MAP_ANONYMOUS|MAP_NORESERVE, -1, 0) = 0x7f22e734c000
22973 munmap(0x7f22ebfe8000, 16384)     = 0
22973 mmap(0x7f22ebfe8000, 16384, PROT_READ|PROT_WRITE, MAP_PRIVATE|MAP_FIXED|MAP_ANONYMOUS|MAP_NORESERVE, -1, 0) = 0x7f22ebfe8000
22973 munmap(0x7f22e5298000, 16384)     = 0
22973 mmap(0x7f22e5298000, 16384, PROT_READ|PROT_WRITE, MAP_PRIVATE|MAP_FIXED|MAP_ANONYMOUS|MAP_NORESERVE, -1, 0) = 0x7f22e5298000
22973 munmap(0x7f22e2c40000, 16384)     = 0
22973 mmap(0x7f22e2c40000, 16384, PROT_READ|PROT_WRITE, MAP_PRIVATE|MAP_FIXED|MAP_ANONYMOUS|MAP_NORESERVE, -1, 0) = 0x7f22e2c40000
22973 munmap(0x7f22e5404000, 16384)     = 0
22973 mmap(0x7f22e5404000, 16384, PROT_READ|PROT_WRITE, MAP_PRIVATE|MAP_FIXED|MAP_ANONYMOUS|MAP_NORESERVE, -1, 0) = 0x7f22e5404000
22973 munmap(0x7f22e9d64000, 16384)     = 0
22973 mmap(0x7f22e9d64000, 16384, PROT_READ|PROT_WRITE, MAP_PRIVATE|MAP_FIXED|MAP_ANONYMOUS|MAP_NORESERVE, -1, 0) = 0x7f22e9d64000
22973 munmap(0x7f22ea91c000, 16384)     = 0
22973 mmap(0x7f22ea91c000, 16384, PROT_READ|PROT_WRITE, MAP_PRIVATE|MAP_FIXED|MAP_ANONYMOUS|MAP_NORESERVE, -1, 0) = 0x7f22ea91c000
22973 munmap(0x7f22e55f0000, 16384)     = 0
22973 mmap(0x7f22e55f0000, 16384, PROT_READ|PROT_WRITE, MAP_PRIVATE|MAP_FIXED|MAP_ANONYMOUS|MAP_NORESERVE, -1, 0) = 0x7f22e55f0000
22973 munmap(0x7f22e41e8000, 16384)     = 0
22973 mmap(0x7f22e41e8000, 16384, PROT_READ|PROT_WRITE, MAP_PRIVATE|MAP_FIXED|MAP_ANONYMOUS|MAP_NORESERVE, -1, 0) = 0x7f22e41e8000
22973 munmap(0x7f22e908c000, 16384)     = 0
22973 mmap(0x7f22e908c000, 16384, PROT_READ|PROT_WRITE, MAP_PRIVATE|MAP_FIXED|MAP_ANONYMOUS|MAP_NORESERVE, -1, 0) = 0x7f22e908c000
22973 munmap(0x7f22e6d54000, 16384)     = 0
22973 mmap(0x7f22e6d54000, 16384, PROT_READ|PROT_WRITE, MAP_PRIVATE|MAP_FIXED|MAP_ANONYMOUS|MAP_NORESERVE, -1, 0) = 0x7f22e6d54000
22973 munmap(0x7f22e4ce8000, 16384)     = 0
22973 mmap(0x7f22e4ce8000, 16384, PROT_READ|PROT_WRITE, MAP_PRIVATE|MAP_FIXED|MAP_ANONYMOUS|MAP_NORESERVE, -1, 0) = 0x7f22e4ce8000
22973 munmap(0x7f22e9f5c000, 16384)     = 0
22973 mmap(0x7f22e9f5c000, 16384, PROT_READ|PROT_WRITE, MAP_PRIVATE|MAP_FIXED|MAP_ANONYMOUS|MAP_NORESERVE, -1, 0) = 0x7f22e9f5c000
22973 munmap(0x7f22e28b8000, 16384)     = 0
22973 mmap(0x7f22e28b8000, 16384, PROT_READ|PROT_WRITE, MAP_PRIVATE|MAP_FIXED|MAP_ANONYMOUS|MAP_NORESERVE, -1, 0) = 0x7f22e28b8000
22973 munmap(0x7f22e8b40000, 16384)     = 0
22973 mmap(0x7f22e8b40000, 16384, PROT_READ|PROT_WRITE, MAP_PRIVATE|MAP_FIXED|MAP_ANONYMOUS|MAP_NORESERVE, -1, 0) = 0x7f22e8b40000
22973 munmap(0x7f22e4258000, 16384)     = 0
22973 mmap(0x7f22e4258000, 16384, PROT_READ|PROT_WRITE, MAP_PRIVATE|MAP_FIXED|MAP_ANONYMOUS|MAP_NORESERVE, -1, 0) = 0x7f22e4258000
22973 munmap(0x7f22e8c1c000, 16384)     = 0
22973 mmap(0x7f22e8c1c000, 16384, PROT_READ|PROT_WRITE, MAP_PRIVATE|MAP_FIXED|MAP_ANONYMOUS|MAP_NORESERVE, -1, 0) = 0x7f22e8c1c000
22973 munmap(0x7f22e583c000, 16384)     = 0
22973 mmap(0x7f22e583c000, 16384, PROT_READ|PROT_WRITE, MAP_PRIVATE|MAP_FIXED|MAP_ANONYMOUS|MAP_NORESERVE, -1, 0) = 0x7f22e583c000
22973 munmap(0x7f22e94a4000, 16384)     = 0
22973 mmap(0x7f22e94a4000, 16384, PROT_READ|PROT_WRITE, MAP_PRIVATE|MAP_FIXED|MAP_ANONYMOUS|MAP_NORESERVE, -1, 0) = 0x7f22e94a4000
22973 munmap(0x7f22e3e88000, 16384)     = 0
22973 mmap(0x7f22e3e88000, 16384, PROT_READ|PROT_WRITE, MAP_PRIVATE|MAP_FIXED|MAP_ANONYMOUS|MAP_NORESERVE, -1, 0) = 0x7f22e3e88000
22973 munmap(0x7f22ebe68000, 16384)     = 0
22973 mmap(0x7f22ebe68000, 16384, PROT_READ|PROT_WRITE, MAP_PRIVATE|MAP_FIXED|MAP_ANONYMOUS|MAP_NORESERVE, -1, 0) = 0x7f22ebe68000
22973 munmap(0x7f22e70dc000, 16384)     = 0
22973 mmap(0x7f22e70dc000, 16384, PROT_READ|PROT_WRITE, MAP_PRIVATE|MAP_FIXED|MAP_ANONYMOUS|MAP_NORESERVE, -1, 0) = 0x7f22e70dc000
22973 munmap(0x7f22e3ec8000, 16384)     = 0
22973 mmap(0x7f22e3ec8000, 16384, PROT_READ|PROT_WRITE, MAP_PRIVATE|MAP_FIXED|MAP_ANONYMOUS|MAP_NORESERVE, -1, 0) = 0x7f22e3ec8000
22973 munmap(0x7f22ea6d0000, 16384)     = 0
22973 mmap(0x7f22ea6d0000, 16384, PROT_READ|PROT_WRITE, MAP_PRIVATE|MAP_FIXED|MAP_ANONYMOUS|MAP_NORESERVE, -1, 0) = 0x7f22ea6d0000
22973 munmap(0x7f22eb40c000, 16384)     = 0
22973 mmap(0x7f22eb40c000, 16384, PROT_READ|PROT_WRITE, MAP_PRIVATE|MAP_FIXED|MAP_ANONYMOUS|MAP_NORESERVE, -1, 0) = 0x7f22eb40c000
22973 munmap(0x7f22e9f50000, 16384)     = 0
22973 mmap(0x7f22e9f50000, 16384, PROT_READ|PROT_WRITE, MAP_PRIVATE|MAP_FIXED|MAP_ANONYMOUS|MAP_NORESERVE, -1, 0) = 0x7f22e9f50000
22973 munmap(0x7f22ead94000, 16384)     = 0
22973 mmap(0x7f22ead94000, 16384, PROT_READ|PROT_WRITE, MAP_PRIVATE|MAP_FIXED|MAP_ANONYMOUS|MAP_NORESERVE, -1, 0) = 0x7f22ead94000
22973 munmap(0x7f22e3d44000, 16384)     = 0
22973 mmap(0x7f22e3d44000, 16384, PROT_READ|PROT_WRITE, MAP_PRIVATE|MAP_FIXED|MAP_ANONYMOUS|MAP_NORESERVE, -1, 0) = 0x7f22e3d44000
22973 munmap(0x7f22eacd0000, 16384)     = 0
22973 mmap(0x7f22eacd0000, 16384, PROT_READ|PROT_WRITE, MAP_PRIVATE|MAP_FIXED|MAP_ANONYMOUS|MAP_NORESERVE, -1, 0) = 0x7f22eacd0000
22973 munmap(0x7f22e8e58000, 16384)     = 0
22973 mmap(0x7f22e8e58000, 16384, PROT_READ|PROT_WRITE, MAP_PRIVATE|MAP_FIXED|MAP_ANONYMOUS|MAP_NORESERVE, -1, 0) = 0x7f22e8e58000
22973 munmap(0x7f22e5c90000, 16384)     = 0
22973 mmap(0x7f22e5c90000, 16384, PROT_READ|PROT_WRITE, MAP_PRIVATE|MAP_FIXED|MAP_ANONYMOUS|MAP_NORESERVE, -1, 0) = 0x7f22e5c90000
22973 munmap(0x7f22e285c000, 16384)     = 0
22973 mmap(0x7f22e285c000, 16384, PROT_READ|PROT_WRITE, MAP_PRIVATE|MAP_FIXED|MAP_ANONYMOUS|MAP_NORESERVE, -1, 0) = 0x7f22e285c000
22973 munmap(0x7f22ea464000, 16384)     = 0
22973 mmap(0x7f22ea464000, 16384, PROT_READ|PROT_WRITE, MAP_PRIVATE|MAP_FIXED|MAP_ANONYMOUS|MAP_NORESERVE, -1, 0) = 0x7f22ea464000
22973 munmap(0x7f22e6c00000, 16384)     = 0
22973 mmap(0x7f22e6c00000, 16384, PROT_READ|PROT_WRITE, MAP_PRIVATE|MAP_FIXED|MAP_ANONYMOUS|MAP_NORESERVE, -1, 0) = 0x7f22e6c00000
22973 munmap(0x7f22e2eb4000, 16384)     = 0
22973 mmap(0x7f22e2eb4000, 16384, PROT_READ|PROT_WRITE, MAP_PRIVATE|MAP_FIXED|MAP_ANONYMOUS|MAP_NORESERVE, -1, 0) = 0x7f22e2eb4000
22973 munmap(0x7f22e5e68000, 16384)     = 0
22973 mmap(0x7f22e5e68000, 16384, PROT_READ|PROT_WRITE, MAP_PRIVATE|MAP_FIXED|MAP_ANONYMOUS|MAP_NORESERVE, -1, 0) = 0x7f22e5e68000
22973 munmap(0x7f22e3f14000, 16384)     = 0
22973 mmap(0x7f22e3f14000, 16384, PROT_READ|PROT_WRITE, MAP_PRIVATE|MAP_FIXED|MAP_ANONYMOUS|MAP_NORESERVE, -1, 0) = 0x7f22e3f14000
22973 munmap(0x7f22eb9e4000, 16384)     = 0
22973 mmap(0x7f22eb9e4000, 16384, PROT_READ|PROT_WRITE, MAP_PRIVATE|MAP_FIXED|MAP_ANONYMOUS|MAP_NORESERVE, -1, 0) = 0x7f22eb9e4000
22973 munmap(0x7f22e33dc000, 16384)     = 0
22973 mmap(0x7f22e33dc000, 16384, PROT_READ|PROT_WRITE, MAP_PRIVATE|MAP_FIXED|MAP_ANONYMOUS|MAP_NORESERVE, -1, 0) = 0x7f22e33dc000
22973 munmap(0x7f22e4db8000, 16384)     = 0
22973 mmap(0x7f22e4db8000, 16384, PROT_READ|PROT_WRITE, MAP_PRIVATE|MAP_FIXED|MAP_ANONYMOUS|MAP_NORESERVE, -1, 0) = 0x7f22e4db8000
22973 munmap(0x7f22ebd1c000, 16384)     = 0
22973 mmap(0x7f22ebd1c000, 16384, PROT_READ|PROT_WRITE, MAP_PRIVATE|MAP_FIXED|MAP_ANONYMOUS|MAP_NORESERVE, -1, 0) = 0x7f22ebd1c000
22973 munmap(0x7f22e9410000, 16384)     = 0
22973 mmap(0x7f22e9410000, 16384, PROT_READ|PROT_WRITE, MAP_PRIVATE|MAP_FIXED|MAP_ANONYMOUS|MAP_NORESERVE, -1, 0) = 0x7f22e9410000
22973 munmap(0x7f22e923c000, 16384)     = 0
22973 mmap(0x7f22e923c000, 16384, PROT_READ|PROT_WRITE, MAP_PRIVATE|MAP_FIXED|MAP_ANONYMOUS|MAP_NORESERVE, -1, 0) = 0x7f22e923c000
22973 munmap(0x7f22e594c000, 16384)     = 0
22973 mmap(0x7f22e594c000, 16384, PROT_READ|PROT_WRITE, MAP_PRIVATE|MAP_FIXED|MAP_ANONYMOUS|MAP_NORESERVE, -1, 0) = 0x7f22e594c000
22973 munmap(0x7f22e6b10000, 16384)     = 0
22973 mmap(0x7f22e6b10000, 16384, PROT_READ|PROT_WRITE, MAP_PRIVATE|MAP_FIXED|MAP_ANONYMOUS|MAP_NORESERVE, -1, 0) = 0x7f22e6b10000
22973 munmap(0x7f22e406c000, 16384)     = 0
22973 mmap(0x7f22e406c000, 16384, PROT_READ|PROT_WRITE, MAP_PRIVATE|MAP_FIXED|MAP_ANONYMOUS|MAP_NORESERVE, -1, 0) = 0x7f22e406c000
22973 munmap(0x7f22e7328000, 16384)     = 0
22973 mmap(0x7f22e7328000, 16384, PROT_READ|PROT_WRITE, MAP_PRIVATE|MAP_FIXED|MAP_ANONYMOUS|MAP_NORESERVE, -1, 0) = 0x7f22e7328000
22973 futex(0x7ffe375990c4, FUTEX_WAKE_PRIVATE, 2147483647 <unfinished ...>
22972 <... futex resumed>)              = 0
22973 <... futex resumed>)              = 1
22972 futex(0x7f22f2ddb990, FUTEX_WAIT_BITSET|FUTEX_CLOCK_REALTIME, 22973, NULL, FUTEX_BITSET_MATCH_ANY <unfinished ...>
22973 rt_sigprocmask(SIG_BLOCK, ~[RT_1], NULL, 8) = 0
22973 madvise(0x7f22f25db000, 8368128, MADV_DONTNEED) = 0
22973 exit(0)                           = ?
22972 <... futex resumed>)              = 0
22972 openat(AT_FDCWD, "/proc/self/statm", O_RDONLY) = 3
22972 fstat(3, {st_mode=S_IFREG|0444, st_size=0, ...}) = 0
22972 read(3, "60055 41406 416 2 0 43130 0\n", 1024) = 28
22972 write(2, "mmbench: peak RSS ~161 MB\n", 26) = 26
22972 close(3)                          = 0
22972 uname({sysname="Linux", nodename="syzkaller", ...}) = 0
22972 uname({sysname="Linux", nodename="syzkaller", ...}) = 0
22972 fstat(1, {st_mode=S_IFCHR|0666, st_rdev=makedev(0x1, 0x3), ...}) = 0
22972 ioctl(1, TCGETS, 0x7ffe37598670)  = -1 ENOTTY (Inappropriate ioctl for device)
22972 write(1, "{\"bench\":\"unmap\",\"contention\":\"low\",\"threads\":1,\"ops\":511,\"elapsed_s\":1.002,\"ops_per_us\":0.00100"..., 188) = 188
22972 exit_group(0)                     = ?
