[    0.000000] Linux version 6.18.32-ga9c89f5a8968-dirty (ppw@vm) (gcc (Ubuntu 11.4.0-1ubuntu1~22.04.3) 11.4.0, GNU ld (GNU Binutils for Ubuntu) 2.38) #308 SMP PREEMPT_DYNAMIC Sun Oct  4 04:09:46 CST 2026
[    0.000000] Command line: console=ttyS0 corten=on console=ttyS0 kunit.filter_glob=corten* panic=-1
[    0.000000] BIOS-provided physical RAM map:
[    0.000000] BIOS-e820: [mem 0x0000000000000000-0x000000000009fbff] usable
[    0.000000] BIOS-e820: [mem 0x000000000009fc00-0x000000000009ffff] reserved
[    0.000000] BIOS-e820: [mem 0x00000000000f0000-0x00000000000fffff] reserved
[    0.000000] BIOS-e820: [mem 0x0000000000100000-0x000000007ffdffff] usable
[    0.000000] BIOS-e820: [mem 0x000000007ffe0000-0x000000007fffffff] reserved
[    0.000000] BIOS-e820: [mem 0x00000000feffc000-0x00000000feffffff] reserved
[    0.000000] BIOS-e820: [mem 0x00000000fffc0000-0x00000000ffffffff] reserved
[    0.000000] NX (Execute Disable) protection: active
[    0.000000] APIC: Static calls initialized
[    0.000000] SMBIOS 2.8 present.
[    0.000000] DMI: QEMU Standard PC (i440FX + PIIX, 1996), BIOS 1.15.0-1 04/01/2014
[    0.000000] DMI: Memory slots populated: 1/1
[    0.000000] Hypervisor detected: KVM
[    0.000000] last_pfn = 0x7ffe0 max_arch_pfn = 0x400000000
[    0.000000] kvm-clock: Using msrs 4b564d01 and 4b564d00
[    0.000004] kvm-clock: using sched offset of 2318388839 cycles
[    0.000009] clocksource: kvm-clock: mask: 0xffffffffffffffff max_cycles: 0x1cd42e4dffb, max_idle_ns: 881590591483 ns
[    0.000094] tsc: Detected 2419.196 MHz processor
[    0.003237] last_pfn = 0x7ffe0 max_arch_pfn = 0x400000000
[    0.003756] MTRR map: 4 entries (3 fixed + 1 variable; max 19), built from 8 variable MTRRs
[    0.003781] x86/PAT: Configuration [0-7]: WB  WC  UC- UC  WB  WP  UC- WT  
[    0.020872] found SMP MP-table at [mem 0x000f5ba0-0x000f5baf]
[    0.021077] Using GB pages for direct mapping
[    0.021791] ACPI: Early table checksum verification disabled
[    0.021878] ACPI: RSDP 0x00000000000F59E0 000014 (v00 BOCHS )
[    0.021958] ACPI: RSDT 0x000000007FFE1B95 000034 (v01 BOCHS  BXPC     00000001 BXPC 00000001)
[    0.022031] ACPI: FACP 0x000000007FFE1A11 000074 (v01 BOCHS  BXPC     00000001 BXPC 00000001)
[    0.022106] ACPI: DSDT 0x000000007FFE0040 0019D1 (v01 BOCHS  BXPC     00000001 BXPC 00000001)
[    0.022111] ACPI: FACS 0x000000007FFE0000 000040
[    0.022115] ACPI: APIC 0x000000007FFE1A85 0000B0 (v01 BOCHS  BXPC     00000001 BXPC 00000001)
[    0.022119] ACPI: HPET 0x000000007FFE1B35 000038 (v01 BOCHS  BXPC     00000001 BXPC 00000001)
[    0.022122] ACPI: WAET 0x000000007FFE1B6D 000028 (v01 BOCHS  BXPC     00000001 BXPC 00000001)
[    0.022125] ACPI: Reserving FACP table memory at [mem 0x7ffe1a11-0x7ffe1a84]
[    0.022128] ACPI: Reserving DSDT table memory at [mem 0x7ffe0040-0x7ffe1a10]
[    0.022129] ACPI: Reserving FACS table memory at [mem 0x7ffe0000-0x7ffe003f]
[    0.022130] ACPI: Reserving APIC table memory at [mem 0x7ffe1a85-0x7ffe1b34]
[    0.022131] ACPI: Reserving HPET table memory at [mem 0x7ffe1b35-0x7ffe1b6c]
[    0.022132] ACPI: Reserving WAET table memory at [mem 0x7ffe1b6d-0x7ffe1b94]
[    0.034750] No NUMA configuration found
[    0.034754] Faking a node at [mem 0x0000000000000000-0x000000007ffdffff]
[    0.034759] NODE_DATA(0) allocated [mem 0x7ffdc140-0x7ffdffff]
[    0.035960] Zone ranges:
[    0.035964]   DMA      [mem 0x0000000000001000-0x0000000000ffffff]
[    0.036122]   DMA32    [mem 0x0000000001000000-0x000000007ffdffff]
[    0.036127]   Normal   empty
[    0.036130] Movable zone start for each node
[    0.036132] Early memory node ranges
[    0.036133]   node   0: [mem 0x0000000000001000-0x000000000009efff]
[    0.036169]   node   0: [mem 0x0000000000100000-0x000000007ffdffff]
[    0.036174] Initmem setup node 0 [mem 0x0000000000001000-0x000000007ffdffff]
[    0.037006] On node 0, zone DMA: 1 pages in unavailable ranges
[    0.038692] On node 0, zone DMA: 97 pages in unavailable ranges
[    0.218083] On node 0, zone DMA32: 32 pages in unavailable ranges
[    0.221401] ACPI: PM-Timer IO Port: 0x608
[    0.221491] ACPI: LAPIC_NMI (acpi_id[0xff] dfl dfl lint[0x1])
[    0.224363] IOAPIC[0]: apic_id 0, version 17, address 0xfec00000, GSI 0-23
[    0.224378] ACPI: INT_SRC_OVR (bus 0 bus_irq 0 global_irq 2 dfl dfl)
[    0.224381] ACPI: INT_SRC_OVR (bus 0 bus_irq 5 global_irq 5 high level)
[    0.224383] ACPI: INT_SRC_OVR (bus 0 bus_irq 9 global_irq 9 high level)
[    0.224397] ACPI: INT_SRC_OVR (bus 0 bus_irq 10 global_irq 10 high level)
[    0.224398] ACPI: INT_SRC_OVR (bus 0 bus_irq 11 global_irq 11 high level)
[    0.224402] ACPI: Using ACPI (MADT) for SMP configuration information
[    0.224403] ACPI: HPET id: 0x8086a201 base: 0xfed00000
[    0.224409] TSC deadline timer available
[    0.224415] CPU topo: Max. logical packages:   1
[    0.224416] CPU topo: Max. logical dies:       1
[    0.224416] CPU topo: Max. dies per package:   1
[    0.224421] CPU topo: Max. threads per core:   1
[    0.224433] CPU topo: Num. cores per package:     8
[    0.224433] CPU topo: Num. threads per package:   8
[    0.224434] CPU topo: Allowing 8 present CPUs plus 0 hotplug CPUs
[    0.224485] kvm-guest: APIC: eoi() replaced with kvm_guest_apic_eoi_write()
[    0.224548] kvm-guest: KVM setup pv remote TLB flush
[    0.224573] kvm-guest: setup PV sched yield
[    0.229934] PM: hibernation: Registered nosave memory: [mem 0x00000000-0x00000fff]
[    0.229939] PM: hibernation: Registered nosave memory: [mem 0x0009f000-0x000fffff]
[    0.229941] [mem 0x80000000-0xfeffbfff] available for PCI devices
[    0.229943] Booting paravirtualized kernel on KVM
[    0.229966] clocksource: refined-jiffies: mask: 0xffffffff max_cycles: 0xffffffff, max_idle_ns: 1910969940391419 ns
[    0.258744] setup_percpu: NR_CPUS:64 nr_cpumask_bits:8 nr_cpu_ids:8 nr_node_ids:1
[    0.271616] percpu: Embedded 54 pages/cpu s182680 r8192 d30312 u262144
[    0.272051] Kernel command line: console=ttyS0 corten=on console=ttyS0 kunit.filter_glob=corten* panic=-1
[    0.273536] corten: requested on, activating at initcall time
[    0.273782] random: crng init done
[    0.273871] printk: log buffer data + meta data: 262144 + 917504 = 1179648 bytes
[    0.283929] Dentry cache hash table entries: 262144 (order: 9, 2097152 bytes, linear)
[    0.302067] Inode-cache hash table entries: 131072 (order: 8, 1048576 bytes, linear)
[    0.305021] Fallback order for Node 0: 0 
[    0.305049] Built 1 zonelists, mobility grouping on.  Total pages: 524158
[    0.305053] Policy zone: DMA32
[    0.305057] mem auto-init: stack:off, heap alloc:off, heap free:off
[    0.317993] SLUB: HWalign=64, Order=0-3, MinObjects=0, CPUs=8, Nodes=1
[    0.333605] Dynamic Preempt: voluntary
[    0.334797] rcu: Preemptible hierarchical RCU implementation.
[    0.334800] rcu: 	RCU event tracing is enabled.
[    0.334801] rcu: 	RCU restricting CPUs from NR_CPUS=64 to nr_cpu_ids=8.
[    0.334805] 	Trampoline variant of Tasks RCU enabled.
[    0.334807] 	Tracing variant of Tasks RCU enabled.
[    0.334808] rcu: RCU calculated value of scheduler-enlistment delay is 100 jiffies.
[    0.334810] rcu: Adjusting geometry for rcu_fanout_leaf=16, nr_cpu_ids=8
[    0.334906] RCU Tasks: Setting shift to 3 and lim to 1 rcu_task_cb_adjust=1 rcu_task_cpu_ids=8.
[    0.334911] RCU Tasks Trace: Setting shift to 3 and lim to 1 rcu_task_cb_adjust=1 rcu_task_cpu_ids=8.
[    0.350311] NR_IRQS: 4352, nr_irqs: 488, preallocated irqs: 16
[    0.351172] rcu: srcu_init: Setting srcu_struct sizes based on contention.
[    0.425476] Console: colour VGA+ 80x25
[    0.426340] printk: legacy console [ttyS0] enabled
[    1.011291] ACPI: Core revision 20250807
[    1.016788] clocksource: hpet: mask: 0xffffffff max_cycles: 0xffffffff, max_idle_ns: 19112604467 ns
[    1.025274] APIC: Switch to symmetric I/O mode setup
[    1.039876] x2apic enabled
[    1.049414] APIC: Switched APIC routing to: physical x2apic
[    1.056058] kvm-guest: APIC: send_IPI_mask() replaced with kvm_send_ipi_mask()
[    1.064683] kvm-guest: APIC: send_IPI_mask_allbutself() replaced with kvm_send_ipi_mask_allbutself()
[    1.076334] kvm-guest: setup PV IPIs
[    1.101334] ..TIMER: vector=0x30 apic1=0 pin1=2 apic2=-1 pin2=-1
[    1.110462] clocksource: tsc-early: mask: 0xffffffffffffffff max_cycles: 0x22df0d21928, max_idle_ns: 440795225288 ns
[    1.123218] Calibrating delay loop (skipped) preset value.. 4838.39 BogoMIPS (lpj=2419196)
[    1.126453] x86/cpu: User Mode Instruction Prevention (UMIP) activated
[    1.128544] Last level iTLB entries: 4KB 0, 2MB 0, 4MB 0
[    1.129216] Last level dTLB entries: 4KB 0, 2MB 0, 4MB 0, 1GB 0
[    1.130332] mitigations: Enabled attack vectors: user_kernel, user_user, SMT mitigations: auto
[    1.131383] Speculative Store Bypass: Mitigation: Speculative Store Bypass disabled via prctl
[    1.132212] Spectre V2 : Mitigation: Enhanced / Automatic IBRS
[    1.133217] ITS: Mitigation: Aligned branch/return thunks
[    1.134221] Spectre V1 : Mitigation: usercopy/swapgs barriers and __user pointer sanitization
[    1.135315] Spectre V2 : Spectre v2 / PBRSB-eIBRS: Retire a single CALL on VMEXIT
[    1.136226] Spectre V2 : mitigation: Enabling conditional Indirect Branch Prediction Barrier
[    1.137220] active return thunk: its_return_thunk
[    1.138524] x86/fpu: Supporting XSAVE feature 0x001: 'x87 floating point registers'
[    1.139228] x86/fpu: Supporting XSAVE feature 0x002: 'SSE registers'
[    1.140220] x86/fpu: Supporting XSAVE feature 0x004: 'AVX registers'
[    1.141214] x86/fpu: Supporting XSAVE feature 0x200: 'Protection Keys User registers'
[    1.142220] x86/fpu: xstate_offset[2]:  576, xstate_sizes[2]:  256
[    1.143220] x86/fpu: xstate_offset[9]:  832, xstate_sizes[9]:    8
[    1.144220] x86/fpu: Enabled xstate features 0x207, context size is 840 bytes, using 'compacted' format.
[    1.263993] Freeing SMP alternatives memory: 64K
[    1.264222] pid_max: default: 32768 minimum: 301
[    1.266350] LSM: initializing lsm=capability,selinux
[    1.267249] SELinux:  Initializing.
[    1.268451] Mount-cache hash table entries: 4096 (order: 3, 32768 bytes, linear)
[    1.270218] Mountpoint-cache hash table entries: 4096 (order: 3, 32768 bytes, linear)
[    1.278208] smpboot: CPU0: 13th Gen Intel(R) Core(TM) i9-13900HX (family: 0x6, model: 0xb7, stepping: 0x1)
[    1.280188] Performance Events: Alderlake Hybrid events, core PMU driver.
[    1.283265] core: CPUID marked event: 'cpu cycles' unavailable
[    1.284226] core: CPUID marked event: 'instructions' unavailable
[    1.285258] core: CPUID marked event: 'bus cycles' unavailable
[    1.286257] core: CPUID marked event: 'cache references' unavailable
[    1.287228] core: CPUID marked event: 'cache misses' unavailable
[    1.288256] core: CPUID marked event: 'branch instructions' unavailable
[    1.289223] core: CPUID marked event: 'branch misses' unavailable
[    1.290898] core: The event 0x100 is not supported as a normal event.
[    1.291256] core: The event 0x300 is not supported as a normal event.
[    1.292256] core: The event 0x400 is not supported as a normal event.
[    1.293256] core: The event 0x8000 is not supported as a normal event.
[    1.294221] core: The event 0x8100 is not supported as a normal event.
[    1.295256] core: The event 0x8200 is not supported as a normal event.
[    1.296267] core: The event 0x8300 is not supported as a normal event.
[    1.297257] core: The event 0x8400 is not supported as a normal event.
[    1.298255] core: The event 0x8500 is not supported as a normal event.
[    1.299256] core: The event 0x8600 is not supported as a normal event.
[    1.300253] core: The event 0x8700 is not supported as a normal event.
[    1.301705] core: cpu_core PMU driver: 
[    1.302222] ... version:                   1
[    1.303208] ... bit width:                 48
[    1.303261] ... generic counters:          6
[    1.304224] ... generic bitmap:            000000000000003f
[    1.305224] ... fixed-purpose counters:    0
[    1.306223] ... fixed-purpose bitmap:      0000000000000000
[    1.307223] ... value mask:                0000ffffffffffff
[    1.308259] ... max period:                000000007fffffff
[    1.309225] ... global_ctrl mask:          000100000000003f
[    1.310626] signal: max sigframe size: 3632
[    1.311348] rcu: Hierarchical SRCU implementation.
[    1.312258] rcu: 	Max phase no-delay instances is 400.
[    1.314074] Timer migration: 1 hierarchy levels; 8 children per group; 1 crossnode level
[    1.319208] corten: page descriptors enabled
[    1.320552] smp: Bringing up secondary CPUs ...
[    1.322264] smpboot: x86: Booting SMP configuration:
[    1.323224] .... node  #0, CPUs:      #1 #2 #3 #4 #5 #6 #7
[    1.369331] smp: Brought up 1 node, 8 CPUs
[    1.371222] smpboot: Total of 8 processors activated (38707.13 BogoMIPS)
[    1.376112] Memory: 2003444K/2096632K available (21702K kernel code, 3204K rwdata, 9152K rodata, 3284K init, 1140K bss, 85432K reserved, 0K cma-reserved)
[    1.376756] devtmpfs: initialized
[    1.380467] clocksource: jiffies: mask: 0xffffffff max_cycles: 0xffffffff, max_idle_ns: 1911260446275000 ns
[    1.381277] posixtimers hash table entries: 4096 (order: 4, 65536 bytes, linear)
[    1.382588] futex hash table entries: 2048 (131072 bytes on 1 NUMA nodes, total 128 KiB, linear).
[    1.384036] PM: RTC time: 20:24:06, date: 2026-10-03
[    1.391323] NET: Registered PF_NETLINK/PF_ROUTE protocol family
[    1.392618] audit: initializing netlink subsys (disabled)
[    1.394226] audit: type=2000 audit(1791059045.622:1): state=initialized audit_enabled=0 res=1
[    1.394404] thermal_sys: Registered thermal governor 'step_wise'
[    1.395384] cpuidle: using governor menu
[    1.399008] PCI: Using configuration type 1 for base access
[    1.400301] kprobes: kprobe jump-optimization is enabled. All kprobes are optimized if possible.
[    1.403442] HugeTLB: registered 2.00 MiB page size, pre-allocated 0 pages
[    1.404224] HugeTLB: 28 KiB vmemmap can be freed for a 2.00 MiB page
[    1.465549] ACPI: Added _OSI(Module Device)
[    1.466296] ACPI: Added _OSI(Processor Device)
[    1.467261] ACPI: Added _OSI(Processor Aggregator Device)
[    1.471276] ACPI: 1 ACPI AML tables successfully acquired and loaded
[    1.481568] ACPI: Interpreter enabled
[    1.482350] ACPI: PM: (supports S0 S3 S4 S5)
[    1.483253] ACPI: Using IOAPIC for interrupt routing
[    1.484272] PCI: Using host bridge windows from ACPI; if necessary, use "pci=nocrs" and report a bug
[    1.485253] PCI: Using E820 reservations for host bridge windows
[    1.486633] ACPI: Enabled 2 GPEs in block 00 to 0F
[    1.502337] ACPI: PCI Root Bridge [PCI0] (domain 0000 [bus 00-ff])
[    1.503226] acpi PNP0A03:00: _OSC: OS supports [ASPM ClockPM Segments MSI HPX-Type3]
[    1.504260] acpi PNP0A03:00: _OSC: not requesting OS control; OS requires [ExtendedConfig ASPM ClockPM MSI]
[    1.505295] acpi PNP0A03:00: fail to add MMCONFIG information, can't access extended configuration space under this bridge
[    1.506638] PCI host bridge to bus 0000:00
[    1.507343] pci_bus 0000:00: root bus resource [io  0x0000-0x0cf7 window]
[    1.508257] pci_bus 0000:00: root bus resource [io  0x0d00-0xffff window]
[    1.509259] pci_bus 0000:00: root bus resource [mem 0x000a0000-0x000bffff window]
[    1.510255] pci_bus 0000:00: root bus resource [mem 0x80000000-0xfebfffff window]
[    1.511224] pci_bus 0000:00: root bus resource [mem 0x100000000-0x17fffffff window]
[    1.512262] pci_bus 0000:00: root bus resource [bus 00-ff]
[    1.513700] pci 0000:00:00.0: [8086:1237] type 00 class 0x060000 conventional PCI endpoint
[    1.519669] pci 0000:00:01.0: [8086:7000] type 00 class 0x060100 conventional PCI endpoint
[    1.523208] pci 0000:00:01.1: [8086:7010] type 00 class 0x010180 conventional PCI endpoint
[    1.526665] pci 0000:00:01.1: BAR 4 [io  0xc040-0xc04f]
[    1.527336] pci 0000:00:01.1: BAR 0 [io  0x01f0-0x01f7]: legacy IDE quirk
[    1.528265] pci 0000:00:01.1: BAR 1 [io  0x03f6]: legacy IDE quirk
[    1.529253] pci 0000:00:01.1: BAR 2 [io  0x0170-0x0177]: legacy IDE quirk
[    1.530232] pci 0000:00:01.1: BAR 3 [io  0x0376]: legacy IDE quirk
[    1.532981] pci 0000:00:01.3: [8086:7113] type 00 class 0x068000 conventional PCI endpoint
[    1.535208] pci 0000:00:01.3: quirk: [io  0x0600-0x063f] claimed by PIIX4 ACPI
[    1.535317] pci 0000:00:01.3: quirk: [io  0x0700-0x070f] claimed by PIIX4 SMB
[    1.538456] pci 0000:00:02.0: [1234:1111] type 00 class 0x030000 conventional PCI endpoint
[    1.545526] pci 0000:00:02.0: BAR 0 [mem 0xfd000000-0xfdffffff pref]
[    1.546812] pci 0000:00:02.0: BAR 2 [mem 0xfebb0000-0xfebb0fff]
[    1.547373] pci 0000:00:02.0: ROM [mem 0xfeba0000-0xfebaffff pref]
[    1.551683] pci 0000:00:02.0: Video device with shadowed ROM at [mem 0x000c0000-0x000dffff]
[    1.566193] pci 0000:00:03.0: [8086:100e] type 00 class 0x020000 conventional PCI endpoint
[    1.570540] pci 0000:00:03.0: BAR 0 [mem 0xfeb80000-0xfeb9ffff]
[    1.571358] pci 0000:00:03.0: BAR 1 [io  0xc000-0xc03f]
[    1.572618] pci 0000:00:03.0: ROM [mem 0xfeb00000-0xfeb7ffff pref]
[    1.588263] ACPI: PCI: Interrupt link LNKA configured for IRQ 10
[    1.589785] ACPI: PCI: Interrupt link LNKB configured for IRQ 10
[    1.591180] ACPI: PCI: Interrupt link LNKC configured for IRQ 11
[    1.592208] ACPI: PCI: Interrupt link LNKD configured for IRQ 11
[    1.592862] ACPI: PCI: Interrupt link LNKS configured for IRQ 9
[    1.607734] iommu: Default domain type: Translated
[    1.608223] iommu: DMA domain TLB invalidation policy: lazy mode
[    1.621577] SCSI subsystem initialized
[    1.632961] ACPI: bus type USB registered
[    1.633960] usbcore: registered new interface driver usbfs
[    1.635624] usbcore: registered new interface driver hub
[    1.636671] usbcore: registered new device driver usb
[    1.637820] pps_core: LinuxPPS API ver. 1 registered
[    1.638227] pps_core: Software ver. 5.3.6 - Copyright 2005-2007 Rodolfo Giometti <giometti@linux.it>
[    1.639297] PTP clock support registered
[    1.642131] Advanced Linux Sound Architecture Driver Initialized.
[    1.654010] NetLabel: Initializing
[    1.654226] NetLabel:  domain hash size = 128
[    1.655258] NetLabel:  protocols = UNLABELED CIPSOv4 CALIPSO
[    1.656528] NetLabel:  unlabeled traffic allowed by default
[    1.661450] PCI: Using ACPI for IRQ routing
[    1.664590] pci 0000:00:02.0: vgaarb: setting as boot VGA device
[    1.665208] pci 0000:00:02.0: vgaarb: bridge control possible
[    1.665208] pci 0000:00:02.0: vgaarb: VGA device added: decodes=io+mem,owns=io+mem,locks=none
[    1.665228] vgaarb: loaded
[    1.667452] hpet0: at MMIO 0xfed00000, IRQs 2, 8, 0
[    1.668223] hpet0: 3 comparators, 64-bit 100.000000 MHz counter
[    1.674836] clocksource: Switched to clocksource kvm-clock
[    1.681416] VFS: Disk quotas dquot_6.6.0
[    1.684923] VFS: Dquot-cache hash table entries: 512 (order 0, 4096 bytes)
[    1.695290] pnp: PnP ACPI init
[    1.702000] pnp: PnP ACPI: found 6 devices
[    1.759776] clocksource: acpi_pm: mask: 0xffffff max_cycles: 0xffffff, max_idle_ns: 2085701024 ns
[    1.769465] NET: Registered PF_INET protocol family
[    1.775936] IP idents hash table entries: 32768 (order: 6, 262144 bytes, linear)
[    1.792895] tcp_listen_portaddr_hash hash table entries: 1024 (order: 2, 16384 bytes, linear)
[    1.817202] Table-perturb hash table entries: 65536 (order: 6, 262144 bytes, linear)
[    1.833468] TCP established hash table entries: 16384 (order: 5, 131072 bytes, linear)
[    1.844576] TCP bind hash table entries: 16384 (order: 7, 524288 bytes, linear)
[    1.856059] TCP: Hash tables configured (established 16384 bind 16384)
[    1.861603] UDP hash table entries: 1024 (order: 4, 65536 bytes, linear)
[    1.869015] UDP-Lite hash table entries: 1024 (order: 4, 65536 bytes, linear)
[    1.878335] NET: Registered PF_UNIX/PF_LOCAL protocol family
[    1.888811] RPC: Registered named UNIX socket transport module.
[    1.895349] RPC: Registered udp transport module.
[    1.900291] RPC: Registered tcp transport module.
[    1.906473] RPC: Registered tcp-with-tls transport module.
[    1.913082] RPC: Registered tcp NFSv4.1 backchannel transport module.
[    1.923498] pci_bus 0000:00: resource 4 [io  0x0000-0x0cf7 window]
[    1.931361] pci_bus 0000:00: resource 5 [io  0x0d00-0xffff window]
[    1.938311] pci_bus 0000:00: resource 6 [mem 0x000a0000-0x000bffff window]
[    1.944496] pci_bus 0000:00: resource 7 [mem 0x80000000-0xfebfffff window]
[    1.954227] pci_bus 0000:00: resource 8 [mem 0x100000000-0x17fffffff window]
[    1.963319] pci 0000:00:01.0: PIIX3: Enabling Passive Release
[    1.970825] pci 0000:00:00.0: Limiting direct PCI/PCI transfers
[    1.979958] PCI: CLS 0 bytes, default 64
[    1.983276] RAPL PMU: API unit is 2^-32 Joules, 0 fixed counters, 10737418240 ms ovfl timer
[    1.998282] clocksource: tsc: mask: 0xffffffffffffffff max_cycles: 0x22df0d21928, max_idle_ns: 440795225288 ns
[    2.069971] Initialise system trusted keyrings
[    2.079525] workingset: timestamp_bits=40 max_order=19 bucket_order=0
[    2.096136] NFS: Registering the id_resolver key type
[    2.103740] Key type id_resolver registered
[    2.109060] Key type id_legacy registered
[    2.115297] 9p: Installing v9fs 9p2000 file system support
[    2.176291] Key type asymmetric registered
[    2.181925] Asymmetric key parser 'x509' registered
[    2.188481] Block layer SCSI generic (bsg) driver version 0.4 loaded (major 251)
[    2.195801] io scheduler mq-deadline registered
[    2.201119] io scheduler kyber registered
[    2.208955] input: Power Button as /devices/LNXSYSTM:00/LNXPWRBN:00/input/input0
[    2.218153] ACPI: button: Power Button [PWRF]
[    2.229592] Serial: 8250/16550 driver, 4 ports, IRQ sharing enabled
[    2.242537] 00:04: ttyS0 at I/O 0x3f8 (irq = 4, base_baud = 115200) is a 16550A
[    2.258215] Non-volatile memory driver v1.3
[    2.259969] Linux agpgart interface v0.103
[    2.312642] ACPI: bus type drm_connector registered
[    2.353828] loop: module loaded
[    2.359570] zram: Added device: zram0
[    2.373896] scsi host0: ata_piix
[    2.377207] scsi host1: ata_piix
[    2.380519] ata1: PATA max MWDMA2 cmd 0x1f0 ctl 0x3f6 bmdma 0xc040 irq 14 lpm-pol 0
[    2.390508] ata2: PATA max MWDMA2 cmd 0x170 ctl 0x376 bmdma 0xc048 irq 15 lpm-pol 0
[    2.404409] tun: Universal TUN/TAP device driver, 1.6
[    2.411766] e100: Intel(R) PRO/100 Network Driver
[    2.418974] e100: Copyright(c) 1999-2006 Intel Corporation
[    2.427511] e1000: Intel(R) PRO/1000 Network Driver
[    2.434955] e1000: Copyright (c) 1999-2006 Intel Corporation.
[    2.518670] ACPI: \_SB_.LNKC: Enabled at IRQ 11
[    2.588427] ata2: found unknown device (class 0)
[    2.627417] ata2.00: ATAPI: QEMU DVD-ROM, 2.5+, max UDMA/100
[    2.639995] scsi 1:0:0:0: CD-ROM            QEMU     QEMU DVD-ROM     2.5+ PQ: 0 ANSI: 5
[    2.672312] sr 1:0:0:0: [sr0] scsi3-mmc drive: 4x/4x cd/rw xa/form2 tray
[    2.677977] cdrom: Uniform CD-ROM driver Revision: 3.20
[    2.694687] sr 1:0:0:0: Attached scsi generic sg0 type 5
[    3.807785] e1000 0000:00:03.0 eth0: (PCI:33MHz:32-bit) 52:54:00:12:34:56
[    3.817182] e1000 0000:00:03.0 eth0: Intel(R) PRO/1000 Network Connection
[    3.826633] e1000e: Intel(R) PRO/1000 Network Driver
[    3.835231] e1000e: Copyright(c) 1999 - 2015 Intel Corporation.
[    3.841651] sky2: driver version 1.30
[    3.846898] usbcore: registered new interface driver usblp
[    3.851687] usbcore: registered new interface driver usb-storage
[    3.859886] i8042: PNP: PS/2 Controller [PNP0303:KBD,PNP0f13:MOU] at 0x60,0x64 irq 1,12
[    3.876759] serio: i8042 KBD port at 0x60,0x64 irq 1
[    3.883379] serio: i8042 AUX port at 0x60,0x64 irq 12
[    3.893357] rtc_cmos 00:05: RTC can wake from S4
[    3.908495] input: AT Translated Set 2 keyboard as /devices/platform/i8042/serio0/input/input1
[    3.916364] rtc_cmos 00:05: registered as rtc0
[    3.925600] rtc_cmos 00:05: alarms up to one day, y3k, 242 bytes nvram, hpet irqs
[    3.939345] device-mapper: ioctl: 4.50.0-ioctl (2025-04-28) initialised: dm-devel@lists.linux.dev
[    3.957509] intel_pstate: CPU model not supported
[    3.965223] hid: raw HID events driver (C) Jiri Kosina
[    3.975220] usbcore: registered new interface driver usbhid
[    3.983657] usbhid: USB HID core driver
[    4.009037] xt_time: kernel timezone is -0000
[    4.017213] Initializing XFRM netlink socket
[    4.020638] NET: Registered PF_INET6 protocol family
[    4.034524] Segment Routing with IPv6
[    4.039750] In-situ OAM (IOAM) with IPv6
[    4.045909] sit: IPv6, IPv4 and MPLS over IPv4 tunneling driver
[    4.053142] NET: Registered PF_PACKET protocol family
[    4.061781] NET: Registered PF_KEY protocol family
[    4.071494] 9pnet: Installing 9P2000 support
[    4.077992] Key type dns_resolver registered
[    4.082725] NET: Registered PF_VSOCK protocol family
[    4.103623] IPI shorthand broadcast: enabled
[    4.122641] sched_clock: Marking stable (3367094278, 754994417)->(5456639600, -1334550905)
[    4.136521] registered taskstats version 1
[    4.142828] Loading compiled-in X.509 certificates
[    4.159676] Demotion targets for Node 0: null
[    4.166250] Key type .fscrypt registered
[    4.171539] Key type fscrypt-provisioning registered
[    4.181784] PM:   Magic number: 14:745:446
[    4.188779] netconsole: network logging started
[    4.194617] cfg80211: Loading compiled-in X.509 certificates for regulatory database
[    4.209434] kworker/u32:1 (97) used greatest stack depth: 14272 bytes left
[    4.214991] Loaded X.509 cert 'sforshee: 00b28ddf47aef9cea7'
[    4.225565] Loaded X.509 cert 'wens: 61c038651aabdcf94bd0ac7ff06c7248db18c600'
[    4.234252] faux_driver regulatory: Direct firmware load for regulatory.db failed with error -2
[    4.236532] ALSA device list:
[    4.244759] cfg80211: failed to load regulatory.db
[    4.259319]   No soundcards found.
[    4.263900] KTAP version 1
[    4.269884] 1..3
[    4.276675]     KTAP version 1
[    4.280994]     # Subtest: corten
[    4.284555]     # module: corten_test
[    4.284562]     1..25
[    4.297679]     ok 1 corten_test_layout # SKIP corten=on boot
[    4.302443]     ok 2 corten_test_ptdesc_get_put
[    4.318089]     ok 3 corten_test_meta_roundtrip
[    4.330216]     ok 4 corten_test_meta_reinit_cleared
[    4.353282]     ok 5 corten_test_covering_level
[    4.365871]     ok 6 corten_test_covering_base_index
[    4.375325]     ok 7 corten_test_txn_covering
[    4.384002]     ok 8 corten_test_txn_hole
[    4.388365]     ok 9 corten_test_txn_stale_eagain
[    4.395659]     ok 10 corten_test_lock_range_args
[    4.399811]     ok 11 corten_test_txn_state_machine
[    4.412660]     ok 12 corten_test_txn_atomic_validate
[    4.417334]     ok 13 corten_test_txn_real_glue
[    4.478053]     ok 14 corten_test_txn_mutex_overlap
[    4.520862]     ok 15 corten_test_txn_mutex_disjoint
[    4.530736] input: ImExPS/2 Generic Explorer Mouse as /devices/platform/i8042/serio1/input/input3
[    4.534566]     ok 16 corten_test_fail_alloc
[    4.547585]     ok 17 corten_test_txn_hole_fill
[    4.560136]     ok 18 corten_test_txn_hole_race
[    4.785618]     ok 19 corten_test_txn_uninstall_interlock
[    4.789849]     ok 20 corten_test_uninstall_bh_ctx
[    4.797742] ------------[ cut here ]------------
[    4.805541] WARNING: CPU: 5 PID: 150 at mm/corten.c:865 corten_txn_begin+0x191/0x4b0
[    4.816776] Modules linked in:
[    4.820550] CPU: 5 UID: 0 PID: 150 Comm: kunit_try_catch Tainted: G                 N  6.18.32-ga9c89f5a8968-dirty #308 PREEMPT(voluntary) 
[    4.834731] Tainted: [N]=TEST
[    4.838413] Hardware name: QEMU Standard PC (i440FX + PIIX, 1996), BIOS 1.15.0-1 04/01/2014
[    4.848576] RIP: 0010:corten_txn_begin+0x191/0x4b0
[    4.852712] Code: 02 00 00 4c 89 ff 48 89 04 24 e8 fa 87 f9 00 4c 89 ff e8 02 8a f9 00 48 8b 04 24 41 0f b6 4f 25 38 48 25 0f 87 65 ff ff ff 90 <0f> 0b 90 41 80 7e 48 04 0f 86 61 ff ff ff 90 0f 0b 90 48 89 c7 e8
[    4.874444] RSP: 0000:ffffa67cc05c7da0 EFLAGS: 00010246
[    4.880048] RAX: ffff9d70c1f4b9c0 RBX: 0000000000000fff RCX: 0000000000000002
[    4.889313] RDX: 0000000000000003 RSI: 000000000000003e RDI: ffff9d70c46611c0
[    4.898591] RBP: 0000000000000000 R08: ffff9d70c3518400 R09: ffffa67cc05c7e00
[    4.910250] R10: ffffa67cc05c7d58 R11: 0000000000000000 R12: ffffffffb803e990
[    4.921670] R13: ffff9d70c3518400 R14: ffffa67cc05c7e00 R15: ffff9d70c1f4b960
[    4.930236] FS:  0000000000000000(0000) GS:ffff9d718469b000(0000) knlGS:0000000000000000
[    4.944258] CS:  0010 DS: 0000 ES: 0000 CR0: 0000000080050033
[    4.956130] CR2: 0000000000000000 CR3: 000000004a630001 CR4: 0000000000770ef0
[    4.963919] PKRU: 55555554
[    4.967641] Call Trace:
[    4.971235]  <TASK>
[    4.975326]  ? __pfx_kunit_generic_run_threadfn_adapter+0x10/0x10
[    4.985446]  corten_test_txn_path_overflow+0xb5/0x2a0
[    4.993152]  ? psi_task_switch+0x107/0x290
[    5.000910]  kunit_try_run_case+0x6f/0x150
[    5.006390]  ? __pfx_kunit_generic_run_threadfn_adapter+0x10/0x10
[    5.016395]  kunit_generic_run_threadfn_adapter+0x1c/0x40
[    5.025848]  kthread+0xff/0x1f0
[    5.030357]  ? __pfx_kthread+0x10/0x10
[    5.035102]  ? __pfx_kthread+0x10/0x10
[    5.039248]  ret_from_fork+0x144/0x160
[    5.046300]  ? __pfx_kthread+0x10/0x10
[    5.050434]  ret_from_fork_asm+0x1a/0x30
[    5.055544]  </TASK>
[    5.059271] ---[ end trace 0000000000000000 ]---
[    5.064568] ------------[ cut here ]------------
[    5.070464] WARNING: CPU: 5 PID: 150 at mm/corten.c:812 corten_txn_begin+0x1a0/0x4b0
[    5.080530] Modules linked in:
[    5.084607] CPU: 5 UID: 0 PID: 150 Comm: kunit_try_catch Tainted: G        W        N  6.18.32-ga9c89f5a8968-dirty #308 PREEMPT(voluntary) 
[    5.102303] Tainted: [W]=WARN, [N]=TEST
[    5.107531] Hardware name: QEMU Standard PC (i440FX + PIIX, 1996), BIOS 1.15.0-1 04/01/2014
[    5.118825] RIP: 0010:corten_txn_begin+0x1a0/0x4b0
[    5.125789] Code: 4c 89 ff e8 02 8a f9 00 48 8b 04 24 41 0f b6 4f 25 38 48 25 0f 87 65 ff ff ff 90 0f 0b 90 41 80 7e 48 04 0f 86 61 ff ff ff 90 <0f> 0b 90 48 89 c7 e8 c5 f5 ff ff 41 0f b6 46 48 84 c0 74 28 83 e8
[    5.145298] RSP: 0000:ffffa67cc05c7da0 EFLAGS: 00010202
[    5.151749] RAX: ffff9d70c1f4bb40 RBX: 0000000000000fff RCX: 0000000000000002
[    5.160590] RDX: 0000000000000003 RSI: 0000000000000020 RDI: ffff9d70c46611c0
[    5.169224] RBP: 0000000000000000 R08: ffff9d70c3518400 R09: ffffa67cc05c7e00
[    5.178518] R10: ffffa67cc05c7d58 R11: 0000000000000000 R12: ffffffffb803e990
[    5.188123] R13: ffff9d70c3518400 R14: ffffa67cc05c7e00 R15: ffff9d70c1f4bae0
[    5.197161] FS:  0000000000000000(0000) GS:ffff9d718469b000(0000) knlGS:0000000000000000
[    5.206120] CS:  0010 DS: 0000 ES: 0000 CR0: 0000000080050033
[    5.212915] CR2: 0000000000000000 CR3: 000000004a630001 CR4: 0000000000770ef0
[    5.222239] PKRU: 55555554
[    5.225800] Call Trace:
[    5.228986]  <TASK>
[    5.231628]  ? __pfx_kunit_generic_run_threadfn_adapter+0x10/0x10
[    5.238130]  corten_test_txn_path_overflow+0xb5/0x2a0
[    5.247734]  ? psi_task_switch+0x107/0x290
[    5.253636]  kunit_try_run_case+0x6f/0x150
[    5.261122]  ? __pfx_kunit_generic_run_threadfn_adapter+0x10/0x10
[    5.270111]  kunit_generic_run_threadfn_adapter+0x1c/0x40
[    5.279906]  kthread+0xff/0x1f0
[    5.285474]  ? __pfx_kthread+0x10/0x10
[    5.291819]  ? __pfx_kthread+0x10/0x10
[    5.297769]  ret_from_fork+0x144/0x160
[    5.302605]  ? __pfx_kthread+0x10/0x10
[    5.307469]  ret_from_fork_asm+0x1a/0x30
[    5.312581]  </TASK>
[    5.314497] ---[ end trace 0000000000000000 ]---
[    5.319374] kunit_try_catch (150) used greatest stack depth: 13520 bytes left
[    5.321962]     ok 21 corten_test_txn_path_overflow
[    5.333017]     ok 22 corten_test_txn_child_err
[    5.344219]     ok 23 corten_test_real_huge_leaf
[    5.348941]     ok 24 corten_test_full_window_atomic
[    5.360895]     ok 25 corten_test_debugfs_content
[    5.367574] # corten: pass:24 fail:0 skip:1 total:25
[    5.374562] # Totals: pass:24 fail:0 skip:1 total:25
[    5.379786] ok 1 corten
[    5.386911]     KTAP version 1
[    5.394726]     # Subtest: corten_arena
[    5.403180]     # module: corten_arena_test
[    5.403186]     1..125
[    5.419408]     ok 1 corten_arena_test_sweep_anon_resident
[    5.433062]     ok 2 corten_arena_test_sweep_file_resident
[    5.451885]     ok 3 corten_arena_test_sweep_skip_taxonomy
[    5.464346]     ok 4 corten_arena_test_sweep_skip_special_mapping
[    5.529178]     ok 5 corten_arena_test_sweep_skip_brk
[    5.581034]     ok 6 corten_arena_test_sweep_empty_anon
[    5.594301]     ok 7 corten_arena_test_sweep_zero_page
[    5.604253]     ok 8 corten_arena_test_sweep_fork_flags
[    5.625914]     ok 9 corten_arena_test_sweep_fork_mirror
[    5.638749]     ok 10 corten_arena_test_sweep_file_exit
[    5.648910]     ok 11 corten_arena_test_sweep_mixed_frame_exit
[    5.660994]     ok 12 corten_arena_test_sweep_exit_refusal
[    5.670041]     ok 13 corten_arena_test_declare_reject
[    5.679606]     ok 14 corten_arena_test_declare_reject_flags
[    5.689124]     ok 15 corten_arena_test_declare_query
[    5.711539]     ok 16 corten_arena_test_range_overlaps
[    5.724363]     ok 17 corten_arena_test_release
[    5.730764]     ok 18 corten_arena_test_ref_born_atomic
[    5.737518]     ok 19 corten_arena_test_release_classify
[    5.745185]     ok 20 corten_arena_test_shadow_vma
[    5.751010]     ok 21 corten_arena_test_exit
[    5.754913]     ok 22 corten_arena_test_prctl
[    5.760455]     ok 23 corten_arena_test_mode
[    5.762979]     ok 24 corten_arena_test_auto_classify
[    5.767748]     ok 25 corten_arena_test_auto_classify_file
[    5.776014]     ok 26 corten_arena_test_auto_place
[    5.786210]     ok 27 corten_arena_test_auto_route
[    5.799428]     ok 28 corten_arena_test_auto_attach_release
[    5.813569]     ok 29 corten_arena_test_file_lifecycle
[    5.821462] ------------[ cut here ]------------
[    5.833515] corten: VM_CORTEN vma reached zap_page_range_single()
[    5.841200] WARNING: CPU: 4 PID: 248 at mm/corten_arena.c:1576 corten_zap_single_guard+0x39/0x50
[    5.857795] Modules linked in:
[    5.863456] CPU: 4 UID: 0 PID: 248 Comm: kunit_try_catch Tainted: G        W        N  6.18.32-ga9c89f5a8968-dirty #308 PREEMPT(voluntary) 
[    5.882234] Tainted: [W]=WARN, [N]=TEST
[    5.888470] Hardware name: QEMU Standard PC (i440FX + PIIX, 1996), BIOS 1.15.0-1 04/01/2014
[    5.909006] RIP: 0010:corten_zap_single_guard+0x39/0x50
[    5.917774] Code: 05 a4 94 7a 02 0f b6 05 77 ef d2 01 84 c0 74 05 e9 fc 65 f8 00 c6 05 67 ef d2 01 01 90 48 c7 c7 f8 e5 6a b8 e8 f8 40 cf ff 90 <0f> 0b 90 90 b8 01 00 00 00 e9 d9 65 f8 00 66 0f 1f 84 00 00 00 00
[    5.941771] RSP: 0000:ffffa67cc08d7d60 EFLAGS: 00010282
[    5.958608] RAX: 0000000000000000 RBX: 0000000000000003 RCX: 00000000ffffdfff
[    5.969416] RDX: 0000000000000000 RSI: 00000000ffffffea RDI: 0000000000000001
[    5.983260] RBP: ffff9d70c2489600 R08: ffffffffb8b3e6c8 R09: 00000000ffffdfff
[    5.992677] R10: ffffffffb8a5e6e0 R11: ffffffffb8b0e6e0 R12: 0000000001801000
[    5.999935] R13: 0000000000001000 R14: 0000000000000000 R15: ffff9d70c2489600
[    6.010778] FS:  0000000000000000(0000) GS:ffff9d718465b000(0000) knlGS:0000000000000000
[    6.027748] CS:  0010 DS: 0000 ES: 0000 CR0: 0000000080050033
[    6.036165] CR2: 0000000000000000 CR3: 000000004a630001 CR4: 0000000000770ef0
[    6.051137] PKRU: 55555554
[    6.057218] Call Trace:
[    6.060648]  <TASK>
[    6.063775]  zap_page_range_single+0x1c/0x50
[    6.074566]  corten_arena_test_truncate_route+0xd8e/0x1dc0
[    6.091732]  ? finish_task_switch.isra.0+0x76/0x250
[    6.097671]  ? __pfx_kunit_generic_run_threadfn_adapter+0x10/0x10
[    6.103640]  kunit_try_run_case+0x6f/0x150
[    6.107696]  ? __pfx_kunit_generic_run_threadfn_adapter+0x10/0x10
[    6.113414]  kunit_generic_run_threadfn_adapter+0x1c/0x40
[    6.120463]  kthread+0xff/0x1f0
[    6.124177]  ? __pfx_kthread+0x10/0x10
[    6.129887]  ? __pfx_kthread+0x10/0x10
[    6.135259]  ret_from_fork+0x144/0x160
[    6.139447]  ? __pfx_kthread+0x10/0x10
[    6.143947]  ret_from_fork_asm+0x1a/0x30
[    6.148443]  </TASK>
[    6.151446] ---[ end trace 0000000000000000 ]---
[    6.158090] ------------[ cut here ]------------
[    6.162372] corten: VM_CORTEN vma in a mapping i_mmap walk (stale node)
[    6.170847] WARNING: CPU: 4 PID: 248 at mm/corten_arena.c:1547 corten_arena_imap_stale_guard+0x39/0x50
[    6.183452] Modules linked in:
[    6.187912] CPU: 4 UID: 0 PID: 248 Comm: kunit_try_catch Tainted: G        W        N  6.18.32-ga9c89f5a8968-dirty #308 PREEMPT(voluntary) 
[    6.202777] Tainted: [W]=WARN, [N]=TEST
[    6.209425] Hardware name: QEMU Standard PC (i440FX + PIIX, 1996), BIOS 1.15.0-1 04/01/2014
[    6.217682] RIP: 0010:corten_arena_imap_stale_guard+0x39/0x50
[    6.225389] Code: 05 fc 94 7a 02 0f b6 05 d8 ef d2 01 84 c0 74 05 c3 cc cc cc cc c6 05 c8 ef d2 01 01 90 48 c7 c7 b8 e5 6a b8 e8 58 41 cf ff 90 <0f> 0b 90 90 b8 01 00 00 00 c3 cc cc cc cc 66 0f 1f 84 00 00 00 00
[    6.253681] RSP: 0000:ffffa67cc08d7d88 EFLAGS: 00010282
[    6.255529] RAX: 0000000000000000 RBX: 0000000000000003 RCX: 00000000ffffdfff
[    6.259766] RDX: 0000000000000000 RSI: 00000000ffffffea RDI: 0000000000000001
[    6.268043] RBP: ffff9d70c247a700 R08: ffffffffb8b3e6c8 R09: 00000000ffffdfff
[    6.270780] R10: ffffffffb8a5e6e0 R11: ffffffffb8b0e6e0 R12: ffff9d70c248c100
[    6.278577] R13: ffff9d70c2461bc8 R14: ffffa67cc0013a88 R15: ffff9d70c2489600
[    6.283769] FS:  0000000000000000(0000) GS:ffff9d718465b000(0000) knlGS:0000000000000000
[    6.286468] CS:  0010 DS: 0000 ES: 0000 CR0: 0000000080050033
[    6.288436] CR2: 0000000000000000 CR3: 000000004a630001 CR4: 0000000000770ef0
[    6.299492] PKRU: 55555554
[    6.303189] Call Trace:
[    6.305579]  <TASK>
[    6.308144]  corten_arena_test_truncate_route+0xecc/0x1dc0
[    6.314056]  ? finish_task_switch.isra.0+0x76/0x250
[    6.322661]  ? __pfx_kunit_generic_run_threadfn_adapter+0x10/0x10
[    6.327363]  kunit_try_run_case+0x6f/0x150
[    6.328730]  ? __pfx_kunit_generic_run_threadfn_adapter+0x10/0x10
[    6.331980]  kunit_generic_run_threadfn_adapter+0x1c/0x40
[    6.336669]  kthread+0xff/0x1f0
[    6.341254]  ? __pfx_kthread+0x10/0x10
[    6.345632]  ? __pfx_kthread+0x10/0x10
[    6.350119]  ret_from_fork+0x144/0x160
[    6.355584]  ? __pfx_kthread+0x10/0x10
[    6.361532]  ret_from_fork_asm+0x1a/0x30
[    6.368941]  </TASK>
[    6.371513] ---[ end trace 0000000000000000 ]---
[    6.381022] kunit_try_catch (248) used greatest stack depth: 13456 bytes left
[    6.383517]     ok 30 corten_arena_test_truncate_route
[    6.406495]     ok 31 corten_arena_test_registry_inval
[    6.418781]     ok 32 corten_arena_test_file_read
[    6.430396]     ok 33 corten_arena_test_file_cow
[    6.436733] BUG: non-zero pgtables_bytes on freeing mm: 8192
[    6.450910] BUG: non-zero pgtables_bytes on freeing mm: 8192
[    6.460638] BUG: non-zero pgtables_bytes on freeing mm: 8192
[    6.469807]     ok 34 corten_arena_test_file_rmap_shared
[    6.479773] kunit_try_catch (267) used greatest stack depth: 13328 bytes left
[    6.482540]     ok 35 corten_arena_test_ttu_file_route
[    6.499690] BUG: non-zero pgtables_bytes on freeing mm: 8192
[    6.519984]     ok 36 corten_arena_test_ttu_declines
[    6.526785]     ok 37 corten_arena_test_file_fork_mirror
[    6.538639]     ok 38 corten_arena_test_file_fork_cow
[    6.550025] BUG: non-zero pgtables_bytes on freeing mm: 8192
[    6.563302]     ok 39 corten_arena_test_file_fork_pinned
[    6.568866] BUG: non-zero pgtables_bytes on freeing mm: 8192
[    6.615622]     ok 40 corten_arena_test_file_hugetlb_route
[    6.618315] BUG: non-zero pgtables_bytes on freeing mm: 8192
[    6.646664]     ok 41 corten_arena_test_mag_recycle
[    6.654967]     ok 42 corten_arena_test_mag_marker
[    6.663207] BUG: non-zero pgtables_bytes on freeing mm: 8192
[    6.689810] BUG: non-zero pgtables_bytes on freeing mm: 8192
[    6.702922]     ok 43 corten_arena_test_pool_reuse
[    6.711764] BUG: non-zero pgtables_bytes on freeing mm: 8192
[    6.725534] BUG: non-zero pgtables_bytes on freeing mm: 8192
[    6.747917] BUG: non-zero pgtables_bytes on freeing mm: 8192
[    6.770547]     ok 44 corten_arena_test_pool_limit
[    6.775236] BUG: non-zero pgtables_bytes on freeing mm: 8192
[    6.788038]     ok 45 corten_arena_test_pool_mode_exit
[    6.797165]     ok 46 corten_arena_test_pool_fork
[    6.811326]     ok 47 corten_arena_test_noreplace_parked
[    6.822211]     ok 48 corten_arena_test_noreplace_active
[    6.834287]     ok 49 corten_arena_test_mapfixed_over_parked
[    6.852651]     ok 50 corten_arena_test_explicit_anon_region
[    6.864222]     ok 51 corten_arena_test_explicit_file_region
[    6.879526]     ok 52 corten_arena_test_occupied_incl_idle
[    6.886779] ------------[ cut here ]------------
[    6.909781] corten: foreign vma in parked window 800000-1000000
[    6.922489] WARNING: CPU: 1 PID: 360 at mm/corten_arena.c:11832 corten_arena_pool_reactivate+0x16d/0x180
[    6.939758] Modules linked in:
[    6.945885] CPU: 1 UID: 0 PID: 360 Comm: kunit_try_catch Tainted: G        W        N  6.18.32-ga9c89f5a8968-dirty #308 PREEMPT(voluntary) 
[    6.963857] Tainted: [W]=WARN, [N]=TEST
[    6.969545] Hardware name: QEMU Standard PC (i440FX + PIIX, 1996), BIOS 1.15.0-1 04/01/2014
[    6.982587] RIP: 0010:corten_arena_pool_reactivate+0x16d/0x180
[    6.992082] Code: 04 ff ff eb af 41 bc f4 ff ff ff eb a7 c6 05 c5 72 d2 01 01 90 48 8b 55 08 48 8b 75 00 48 c7 c7 20 e7 6a b8 e8 54 c4 ce ff 90 <0f> 0b 90 90 eb b5 66 66 2e 0f 1f 84 00 00 00 00 00 66 90 90 90 90
[    7.016505] RSP: 0000:ffffa67cc0c57d50 EFLAGS: 00010286
[    7.027972] RAX: 0000000000000000 RBX: 000000000000000b RCX: 00000000ffffdfff
[    7.037206] RDX: 0000000000000000 RSI: 00000000ffffffea RDI: 0000000000000001
[    7.045954] RBP: ffff9d70c23a0200 R08: ffffffffb8b3e6c8 R09: 00000000ffffdfff
[    7.055313] R10: ffffffffb8a5e6e0 R11: ffffffffb8b0e6e0 R12: 0000000000200073
[    7.063153] R13: ffff9d70c2046100 R14: ffff9d70c45a1380 R15: 0000000000000800
[    7.072427] FS:  0000000000000000(0000) GS:ffff9d718459b000(0000) knlGS:0000000000000000
[    7.081826] CS:  0010 DS: 0000 ES: 0000 CR0: 0000000080050033
[    7.088551] CR2: 0000000000000000 CR3: 000000004a630001 CR4: 0000000000770ef0
[    7.098277] PKRU: 55555554
[    7.102876] Call Trace:
[    7.110251]  <TASK>
[    7.113193]  corten_arena_auto_mmap_route+0x3db/0x460
[    7.120662]  ? __pfx_kunit_generic_run_threadfn_adapter+0x10/0x10
[    7.129802]  corten_arena_test_p4_eject+0x1f6/0x6d0
[    7.140469]  ? finish_task_switch.isra.0+0x76/0x250
[    7.146261]  ? __pfx_kunit_generic_run_threadfn_adapter+0x10/0x10
[    7.154299]  kunit_try_run_case+0x6f/0x150
[    7.158841]  ? __pfx_kunit_generic_run_threadfn_adapter+0x10/0x10
[    7.167302]  kunit_generic_run_threadfn_adapter+0x1c/0x40
[    7.175695]  kthread+0xff/0x1f0
[    7.179650]  ? __pfx_kthread+0x10/0x10
[    7.184976]  ? __pfx_kthread+0x10/0x10
[    7.190741]  ret_from_fork+0x144/0x160
[    7.196812]  ? __pfx_kthread+0x10/0x10
[    7.201570]  ret_from_fork_asm+0x1a/0x30
[    7.206566]  </TASK>
[    7.209375] ---[ end trace 0000000000000000 ]---
[    7.219817]     ok 53 corten_arena_test_p4_eject
[    7.221940] BUG: non-zero pgtables_bytes on freeing mm: 12288
[    7.237940]     ok 54 corten_arena_test_hint_fence
[    7.240696] BUG: non-zero pgtables_bytes on freeing mm: 12288
[    7.256804]     ok 55 corten_arena_test_j1_hooks
[    7.268254]     ok 56 corten_arena_test_j1_self_exempt
[    7.278603]     ok 57 corten_arena_test_uffd_window_reject
[    7.291057]     ok 58 corten_arena_test_j1_implant_exempt
[    7.304540]     ok 59 corten_arena_test_fault_window_shorts
[    7.320947]     ok 60 corten_arena_test_inv_mv2_clean
[    7.330838] ------------[ cut here ]------------
[    7.341515] corten: INV-MV2 violated: 1 window vma(s) outside the implant registry (first at 100000200000)
[    7.357850] WARNING: CPU: 6 PID: 391 at mm/corten_arena.c:13481 corten_audit_j2_scan+0x1e9/0x200
[    7.369410] Modules linked in:
[    7.372857] CPU: 6 UID: 0 PID: 391 Comm: kunit_try_catch Tainted: G        W        N  6.18.32-ga9c89f5a8968-dirty #308 PREEMPT(voluntary) 
[    7.389161] Tainted: [W]=WARN, [N]=TEST
[    7.393923] Hardware name: QEMU Standard PC (i440FX + PIIX, 1996), BIOS 1.15.0-1 04/01/2014
[    7.401684] RIP: 0010:corten_audit_j2_scan+0x1e9/0x200
[    7.407196] Code: 5b 5d 41 5c 41 5d 41 5e 41 5f e9 c2 e5 f8 00 c6 05 26 6f d3 01 01 90 48 c7 c7 58 e4 6a b8 4c 89 e2 44 89 ee e8 b8 c0 cf ff 90 <0f> 0b 90 90 eb ad e8 1c 01 f8 00 66 66 2e 0f 1f 84 00 00 00 00 00
[    7.425660] RSP: 0000:ffffa67cc0d4fd58 EFLAGS: 00010282
[    7.431340] RAX: 0000000000000000 RBX: ffff9d70c256b440 RCX: 00000000ffffdfff
[    7.437904] RDX: 0000000000000000 RSI: 00000000ffffffea RDI: 0000000000000001
[    7.445077] RBP: 00003fffffffffff R08: ffffffffb8b3e6c8 R09: 00000000ffffdfff
[    7.451280] R10: ffffffffb8a5e6e0 R11: ffffffffb8b0e6e0 R12: 0000100000200000
[    7.461481] R13: 0000000000000001 R14: 0000000000000000 R15: 0000000000000000
[    7.468903] FS:  0000000000000000(0000) GS:ffff9d71846db000(0000) knlGS:0000000000000000
[    7.478736] CS:  0010 DS: 0000 ES: 0000 CR0: 0000000080050033
[    7.485718] CR2: 0000000000000000 CR3: 000000004a630003 CR4: 0000000000770ef0
[    7.495422] PKRU: 55555554
[    7.500290] Call Trace:
[    7.506248]  <TASK>
[    7.507581]  ? vma_link+0x11f/0x1d0
[    7.512045]  corten_audit_j2_walk+0x55/0x70
[    7.516590]  corten_arena_test_inv_mv2_inject+0x121/0x740
[    7.519631]  ? finish_task_switch.isra.0+0x76/0x250
[    7.525838]  ? __pfx_kunit_generic_run_threadfn_adapter+0x10/0x10
[    7.533547]  kunit_try_run_case+0x6f/0x150
[    7.539624]  ? __pfx_kunit_generic_run_threadfn_adapter+0x10/0x10
[    7.545517]  kunit_generic_run_threadfn_adapter+0x1c/0x40
[    7.550885]  kthread+0xff/0x1f0
[    7.553402]  ? __pfx_kthread+0x10/0x10
[    7.557445]  ? __pfx_kthread+0x10/0x10
[    7.562620]  ret_from_fork+0x144/0x160
[    7.566984]  ? __pfx_kthread+0x10/0x10
[    7.572129]  ret_from_fork_asm+0x1a/0x30
[    7.577999]  </TASK>
[    7.579909] ---[ end trace 0000000000000000 ]---
[    7.597584]     ok 61 corten_arena_test_inv_mv2_inject
[    7.604626]     ok 62 corten_arena_test_inv_mv2_stale
[    7.612681]     ok 63 corten_arena_test_inv_mv2_implant_fork
[    7.633649]     ok 64 corten_arena_test_j2_triggers
[    7.652464]     ok 65 corten_arena_test_msync_window_segments
[    7.660731] get_swap_device: Bad swap file entry 400000000000077
[    7.677143] get_swap_device: Bad swap file entry 400000000000077
[    7.686012]     ok 66 corten_arena_test_mincore_route
[    7.691419]     ok 67 corten_arena_test_madvise_parked_terminal
[    7.702125]     ok 68 corten_arena_test_move_pages_window
[    7.733532]     ok 69 corten_arena_test_mvc_row_stream
[    7.749239]     ok 70 corten_arena_test_mvc_merge_first_row
[    7.786401]     ok 71 corten_arena_test_mvc_gup_probe
[    7.791634]     ok 72 corten_arena_test_w3_futex_gup_shapes
[    7.796455] BUG: non-zero pgtables_bytes on freeing mm: 8192
[    7.805223]     ok 73 corten_arena_test_w3_gup_chunk_promoted_perm
[    7.807181] BUG: non-zero pgtables_bytes on freeing mm: 8192
[    7.822496] BUG: non-zero pgtables_bytes on freeing mm: 8192
[    7.829503]     ok 74 corten_arena_test_w3_futex_key
[    7.833963]     ok 75 corten_arena_test_gup_loop_window
[    7.843451]     ok 76 corten_arena_test_gup_loop_legacy
[    7.852782] BUG: non-zero pgtables_bytes on freeing mm: 8192
[    7.864117]     ok 77 corten_arena_test_mvc_smaps_pagemap
[    7.867424] get_swap_device: Bad swap file entry 40000000000005d
[    7.881478]     ok 78 corten_arena_test_exit_lifecycle
[    7.887750] BUG: non-zero pgtables_bytes on freeing mm: 8192
[    8.005896] corten_arena_op (495) used greatest stack depth: 13216 bytes left
[    8.023936]     ok 79 corten_arena_test_exit_punchfork
[    8.030192]     ok 80 corten_arena_test_exit_multi_segment
[    8.045584]     ok 81 corten_arena_test_vma_free_reuse
[    8.059818]     ok 82 corten_arena_test_inv_mv3
[    8.069285] BUG: non-zero pgtables_bytes on freeing mm: 8192
[    8.089882]     ok 83 corten_arena_test_fork_vma_free
[    8.096057]     ok 84 corten_arena_test_vma_free_shrink_pick
[    8.102884] BUG: non-zero pgtables_bytes on freeing mm: 8192
[    8.164278]     ok 85 corten_arena_test_carrier_shrink_pick
[    8.167830]     ok 86 corten_arena_test_auto_validate
[    8.177016] BUG: non-zero pgtables_bytes on freeing mm: 8192
[    8.196508]     ok 87 corten_arena_test_carrier_vma
[    8.199700]     ok 88 corten_arena_test_fork_punch_novma
[    8.218027] BUG: non-zero pgtables_bytes on freeing mm: 8192
[    8.233478]     ok 89 corten_arena_test_fork_redeclare_content
[    8.238528]     ok 90 corten_arena_test_region_record
[    8.252344]     ok 91 corten_arena_test_region_iter
[    8.267284]     ok 92 corten_arena_test_region_park
[    8.279838]     ok 93 corten_arena_test_region_fork
[    8.294425]     ok 94 corten_arena_test_mprotect_route
[    8.312561]     ok 95 corten_arena_test_protect_flags_kernel_gate
[    8.324728]     ok 96 corten_arena_test_madvise_route
[    8.335190] BUG: non-zero pgtables_bytes on freeing mm: 8192
[    8.379661]     ok 97 corten_arena_test_mremap_route
[    8.385956]     ok 98 corten_arena_test_fork_faithful
[    8.390684] BUG: non-zero pgtables_bytes on freeing mm: 8192
[    8.404961]     ok 99 corten_arena_test_fork_unwind
[    8.414143]     ok 100 corten_arena_test_fork_multipiece
[    8.427026]     ok 101 corten_arena_test_fork_perm
[    8.467004]     ok 102 corten_arena_test_inv7_shared_ro
[    8.478757]     ok 103 corten_arena_test_inv7_swapped
[    8.493110] get_swap_device: Bad swap file entry 400000000000077
[    8.514695] BUG: Bad rss-counter state mm:00000000dea68242 type:MM_SWAPENTS val:-1 Comm:kunit_try_catch Pid:570
[    8.539553]     ok 104 corten_arena_test_shrink_registry_count
[    8.547598]     ok 105 corten_arena_test_shrink_aging_two_pass
[    8.557610]     ok 106 corten_arena_test_shrink_rotation
[    8.567427] get_swap_device: Bad swap file entry 400000000000077
[    8.583846] get_swap_device: Bad swap file entry 400000000000077
[    8.594642]     ok 107 corten_arena_test_fork_swapped
[    8.600722]     ok 108 corten_arena_test_fork_f2_gate
[   18.995361] ------------[ cut here ]------------
[   19.005855] corten: arena [800000,1000000) drain timed out: leaked transaction reference, leaking the descriptor
[   19.017674] WARNING: CPU: 6 PID: 581 at mm/corten_arena.c:831 corten_arena_drain+0x6f/0x80
[   19.028783] Modules linked in:
[   19.032519] CPU: 6 UID: 0 PID: 581 Comm: kunit_try_catch Tainted: G        W        N  6.18.32-ga9c89f5a8968-dirty #308 PREEMPT(voluntary) 
[   19.042631] Tainted: [W]=WARN, [N]=TEST
[   19.044029] Hardware name: QEMU Standard PC (i440FX + PIIX, 1996), BIOS 1.15.0-1 04/01/2014
[   19.046804] RIP: 0010:corten_arena_drain+0x6f/0x80
[   19.048456] Code: c4 08 31 c0 5b c3 cc cc cc cc 88 44 24 07 c6 05 4b 75 d3 01 01 90 48 8b 53 08 48 8b 33 48 c7 c7 d0 e3 6a b8 e8 d2 c6 cf ff 90 <0f> 0b 90 90 0f b6 44 24 07 eb b4 66 0f 1f 44 00 00 90 90 90 90 90
[   19.056959] RSP: 0000:ffffa67cc1337d40 EFLAGS: 00010282
[   19.063623] RAX: 0000000000000000 RBX: ffff9d70c355ec00 RCX: 00000000ffffdfff
[   19.074430] RDX: 0000000000000000 RSI: 00000000ffffffea RDI: 0000000000000001
[   19.081844] RBP: ffff9d70c2574e00 R08: ffffffffb8b3e6c8 R09: 00000000ffffdfff
[   19.090206] R10: ffffffffb8a5e6e0 R11: ffffffffb8b0e6e0 R12: ffff9d70c2574e18
[   19.098998] R13: ffff9d70c256ee80 R14: ffff9d70c2574e78 R15: ffff9d70c355ec00
[   19.109618] FS:  0000000000000000(0000) GS:ffff9d71846db000(0000) knlGS:0000000000000000
[   19.120826] CS:  0010 DS: 0000 ES: 0000 CR0: 0000000080050033
[   19.128458] CR2: 0000000000000000 CR3: 0000000004de8002 CR4: 0000000000770ef0
[   19.137460] PKRU: 55555554
[   19.142581] Call Trace:
[   19.147394]  <TASK>
[   19.151250]  corten_arena_fork_begin+0x139/0x220
[   19.157304]  corten_arena_test_fork_begin+0x59/0x140
[   19.166689]  corten_arena_test_fork_drain_leak+0x18a/0x800
[   19.175285]  ? psi_task_switch+0x107/0x290
[   19.179835]  ? finish_task_switch.isra.0+0x76/0x250
[   19.185284]  ? __pfx_kunit_generic_run_threadfn_adapter+0x10/0x10
[   19.191130]  kunit_try_run_case+0x6f/0x150
[   19.197553]  ? __pfx_kunit_generic_run_threadfn_adapter+0x10/0x10
[   19.205455]  kunit_generic_run_threadfn_adapter+0x1c/0x40
[   19.211864]  kthread+0xff/0x1f0
[   19.215948]  ? __pfx_kthread+0x10/0x10
[   19.219629]  ? __pfx_kthread+0x10/0x10
[   19.223556]  ret_from_fork+0x144/0x160
[   19.226553]  ? __pfx_kthread+0x10/0x10
[   19.229849]  ret_from_fork_asm+0x1a/0x30
[   19.234876]  </TASK>
[   19.236602] ---[ end trace 0000000000000000 ]---
[   19.254881]     # corten_arena_test_fork_drain_leak: Test should be marked slow (runtime: 10.647088439s)
[   19.257038]     ok 109 corten_arena_test_fork_drain_leak
[   19.275787] BUG: Bad rss-counter state mm:00000000e137ba93 type:MM_SWAPENTS val:-1 Comm:corten_arena_op Pid:585
[   19.302588]     ok 110 corten_arena_test_unshare_pin
[   19.316519]     ok 111 corten_arena_test_fork_reuse_exclusive
[   19.325526]     ok 112 corten_arena_test_gup_state1_uncommitted
[   19.336622]     ok 113 corten_arena_test_gup_state2_committed_rw
[   19.350000]     ok 114 corten_arena_test_gup_state3_fork_cow
[   19.361444]     ok 115 corten_arena_test_gup_state3b_downgrade_restore
[   19.370720]     ok 116 corten_arena_test_gup_state4_pin_zap
[   19.385950]     ok 117 corten_arena_test_concurrent
[   19.398572]     ok 118 corten_arena_test_concurrent_window
[   19.407565]     ok 119 corten_arena_test_obs_ledger
[   19.414129]     ok 120 corten_arena_test_drain_timeout_stat
[   19.421849]     ok 121 corten_arena_test_novma_rmap
[   19.431668]     ok 122 corten_arena_test_brk_delegation
[   19.447262]     ok 123 corten_arena_test_brk_region_route
[   19.460212]     ok 124 corten_arena_test_brk_region_exit
[   19.471919] ------------[ cut here ]------------
[   19.484091] corten: whitelist violated: 1 window vma(s) unclassified as shadow/implant
[   19.493472] WARNING: CPU: 6 PID: 632 at mm/corten_arena.c:13740 corten_whitelist_scan+0x358/0x370
[   19.504427] Modules linked in:
[   19.509816] CPU: 6 UID: 0 PID: 632 Comm: kunit_try_catch Tainted: G        W        N  6.18.32-ga9c89f5a8968-dirty #308 PREEMPT(voluntary) 
[   19.526552] Tainted: [W]=WARN, [N]=TEST
[   19.531402] Hardware name: QEMU Standard PC (i440FX + PIIX, 1996), BIOS 1.15.0-1 04/01/2014
[   19.540910] RIP: 0010:corten_whitelist_scan+0x358/0x370
[   19.547999] Code: f0 48 01 05 8a 1d 7b 02 80 3d bd 7a d3 01 00 75 86 c6 05 b4 7a d3 01 01 90 8b 74 24 04 48 c7 c7 80 e3 6a b8 e8 49 cc cf ff 90 <0f> 0b 90 90 e9 64 ff ff ff e8 aa 0c f8 00 66 2e 0f 1f 84 00 00 00
[   19.604443] RSP: 0000:ffffa67cc14cfcd8 EFLAGS: 00010286
[   19.638910] RAX: 0000000000000000 RBX: 0000000000000000 RCX: 00000000ffffdfff
[   19.647464] RDX: 0000000000000000 RSI: 00000000ffffffea RDI: 0000000000000001
[   19.655944] RBP: ffff9d70c256ba80 R08: ffffffffb8b3e6c8 R09: 00000000ffffdfff
[   19.663214] R10: ffffffffb8a5e6e0 R11: ffffffffb8b0e6e0 R12: 0000000000000007
[   19.687096] R13: 0000000000000001 R14: ffff9d70c2534a00 R15: 0000000000000000
[   19.698758] FS:  0000000000000000(0000) GS:ffff9d71846db000(0000) knlGS:0000000000000000
[   19.713155] CS:  0010 DS: 0000 ES: 0000 CR0: 0000000080050033
[   19.719706] CR2: 0000000000000000 CR3: 000000004a630006 CR4: 0000000000770ef0
[   19.728901] PKRU: 55555554
[   19.731765] Call Trace:
[   19.734759]  <TASK>
[   19.737860]  corten_audit_whitelist_walk+0x5d/0x80
[   19.741661]  corten_arena_test_whitelist_audit+0x523/0xf10
[   19.749819]  ? __pfx_kunit_generic_run_threadfn_adapter+0x10/0x10
[   19.754003]  kunit_try_run_case+0x6f/0x150
[   19.758271]  ? __pfx_kunit_generic_run_threadfn_adapter+0x10/0x10
[   19.764358]  kunit_generic_run_threadfn_adapter+0x1c/0x40
[   19.771977]  kthread+0xff/0x1f0
[   19.776194]  ? __pfx_kthread+0x10/0x10
[   19.781119]  ? __pfx_kthread+0x10/0x10
[   19.783160]  ret_from_fork+0x144/0x160
[   19.785576]  ? __pfx_kthread+0x10/0x10
[   19.789280]  ret_from_fork_asm+0x1a/0x30
[   19.794300]  </TASK>
[   19.796139] ---[ end trace 0000000000000000 ]---
[   19.804622]     ok 125 corten_arena_test_whitelist_audit
[   19.804632] # corten_arena: pass:125 fail:0 skip:0 total:125
[   19.810169] # Totals: pass:125 fail:0 skip:0 total:125
[   19.814066] ok 2 corten_arena
[   19.821588]     KTAP version 1
[   19.825390]     # Subtest: corten_fault
[   19.830654]     # module: corten_fault_test
[   19.830662]     1..39
[   19.845143]     ok 1 corten_fault_test_dispatch
[   19.851890]     ok 2 corten_fault_test_fig8_cow
[   19.859650]     ok 3 corten_fault_test_unmap_classify
[   19.867340]     ok 4 corten_fault_test_mmap_classify
[   19.875385]     ok 5 corten_fault_test_file_may_matrix
[   19.884518]     ok 6 corten_fault_test_punch_classify
[   19.896727]     ok 7 corten_fault_test_map_anon
[   19.907644]     ok 8 corten_fault_test_zero_page
[   19.914843]     ok 9 corten_fault_test_sigsegv
[   19.928461]     ok 10 corten_fault_test_fresh_fault
[   19.989456]     ok 11 corten_fault_test_churn_repro
[   20.001203]     ok 12 corten_fault_test_untracked_drift
[   20.006017]     ok 13 corten_fault_test_restore
[   20.014362]     ok 14 corten_fault_test_cow_reuse
[   20.020587]     ok 15 corten_fault_test_cow_copy
[   20.023416] ------------[ cut here ]------------
[   20.031257] WARNING: CPU: 5 PID: 665 at ./include/linux/rwsem.h:88 corten_fault_test_foll_force+0x808/0xc50
[   20.042053] Modules linked in:
[   20.045421] CPU: 5 UID: 0 PID: 665 Comm: kunit_try_catch Tainted: G        W        N  6.18.32-ga9c89f5a8968-dirty #308 PREEMPT(voluntary) 
[   20.058394] Tainted: [W]=WARN, [N]=TEST
[   20.063875] Hardware name: QEMU Standard PC (i440FX + PIIX, 1996), BIOS 1.15.0-1 04/01/2014
[   20.067391] RIP: 0010:corten_fault_test_foll_force+0x808/0xc50
[   20.070489] Code: 0f 00 00 0f 85 18 fe ff ff 49 8b 04 24 a8 40 0f 84 0c fe ff ff 49 8b 44 24 48 48 8d 50 ff a8 01 49 0f 44 d4 e9 f8 fd ff ff 90 <0f> 0b 90 e9 64 f8 ff ff 48 98 45 31 c9 49 c7 c0 b0 09 39 b7 48 89
[   20.089727] RSP: 0000:ffffa67cc15d7d80 EFLAGS: 00010246
[   20.095045] RAX: ffff9d70c24d3a80 RBX: ffff9d70c1f4a320 RCX: 0000000000000000
[   20.103427] RDX: 0000000000000000 RSI: 000000000000002b RDI: ffff9d70c46811c0
[   20.113083] RBP: ffffa67cc0013a88 R08: 0000000000001000 R09: 0000000000000000
[   20.121679] R10: ffffa67cc15d7c98 R11: 0000000000000000 R12: ffff9d70c2488d00
[   20.144558] R13: ffff9d70c1e18438 R14: ffffffffb7390d90 R15: ffffa67cc0013ac8
[   20.166277] FS:  0000000000000000(0000) GS:ffff9d718469b000(0000) knlGS:0000000000000000
[   20.180270] CS:  0010 DS: 0000 ES: 0000 CR0: 0000000080050033
[   20.188198] CR2: 0000000000000000 CR3: 000000004a630001 CR4: 0000000000770ef0
[   20.197233] PKRU: 55555554
[   20.201048] Call Trace:
[   20.202501]  <TASK>
[   20.204041]  ? psi_group_change+0x116/0x300
[   20.207833]  ? psi_task_switch+0x107/0x290
[   20.216213]  ? finish_task_switch.isra.0+0x76/0x250
[   20.224096]  kunit_try_run_case+0x6f/0x150
[   20.230465]  ? __pfx_kunit_generic_run_threadfn_adapter+0x10/0x10
[   20.242055]  kunit_generic_run_threadfn_adapter+0x1c/0x40
[   20.249610]  kthread+0xff/0x1f0
[   20.253946]  ? __pfx_kthread+0x10/0x10
[   20.258334]  ? __pfx_kthread+0x10/0x10
[   20.267205]  ret_from_fork+0x144/0x160
[   20.278482]  ? __pfx_kthread+0x10/0x10
[   20.288827]  ret_from_fork_asm+0x1a/0x30
[   20.297990]  </TASK>
[   20.301986] ---[ end trace 0000000000000000 ]---
[   20.312066] ------------[ cut here ]------------
[   20.318018] WARNING: CPU: 5 PID: 665 at ./include/linux/rwsem.h:88 corten_fault_test_foll_force+0xb62/0xc50
[   20.329995] Modules linked in:
[   20.334253] CPU: 5 UID: 0 PID: 665 Comm: kunit_try_catch Tainted: G        W        N  6.18.32-ga9c89f5a8968-dirty #308 PREEMPT(voluntary) 
[   20.353345] Tainted: [W]=WARN, [N]=TEST
[   20.358408] Hardware name: QEMU Standard PC (i440FX + PIIX, 1996), BIOS 1.15.0-1 04/01/2014
[   20.368491] RIP: 0010:corten_fault_test_foll_force+0xb62/0xc50
[   20.375743] Code: c7 c6 f0 ab 05 b8 48 89 ef 48 89 44 24 08 48 c7 04 24 00 ac 05 b8 48 c7 44 24 10 40 00 00 00 e8 24 f3 36 00 e9 44 fb ff ff 90 <0f> 0b 90 e9 ed fa ff ff 48 98 45 31 c9 49 c7 c0 b0 09 39 b7 48 89
[   20.403515] RSP: 0000:ffffa67cc15d7d80 EFLAGS: 00010246
[   20.411717] RAX: ffff9d70c24d3a80 RBX: ffff9d70c1f4a320 RCX: ffff9d713dd70340
[   20.421728] RDX: 0000000000000000 RSI: 0000000000000001 RDI: ffff9d70c46811c0
[   20.432660] RBP: ffffa67cc0013a88 R08: 0000000000000000 R09: 00000000000000fc
[   20.443306] R10: ffff9d713dd6fac0 R11: 0000000000000000 R12: ffff9d70c2488d00
[   20.453344] R13: 0000000000000000 R14: ffffffffb7390d90 R15: ffffa67cc0013ac8
[   20.461677] FS:  0000000000000000(0000) GS:ffff9d718469b000(0000) knlGS:0000000000000000
[   20.474277] CS:  0010 DS: 0000 ES: 0000 CR0: 0000000080050033
[   20.482008] CR2: 0000000000000000 CR3: 000000004a630001 CR4: 0000000000770ef0
[   20.490985] PKRU: 55555554
[   20.495411] Call Trace:
[   20.498868]  <TASK>
[   20.503138]  ? finish_task_switch.isra.0+0x76/0x250
[   20.508846]  kunit_try_run_case+0x6f/0x150
[   20.515100]  ? __pfx_kunit_generic_run_threadfn_adapter+0x10/0x10
[   20.524051]  kunit_generic_run_threadfn_adapter+0x1c/0x40
[   20.531964]  kthread+0xff/0x1f0
[   20.535907]  ? __pfx_kthread+0x10/0x10
[   20.540584]  ? __pfx_kthread+0x10/0x10
[   20.546449]  ret_from_fork+0x144/0x160
[   20.551054]  ? __pfx_kthread+0x10/0x10
[   20.555598]  ret_from_fork_asm+0x1a/0x30
[   20.560536]  </TASK>
[   20.563987] ---[ end trace 0000000000000000 ]---
[   20.575215]     ok 16 corten_fault_test_foll_force
[   20.589545]     ok 17 corten_fault_test_cow_race
[   20.600483]     ok 18 corten_fault_test_mprotect_pte
[   20.607948]     ok 19 corten_fault_test_mprotect_fresh
[   20.620643]     ok 20 corten_fault_test_zap_keep_perm
[   20.630240]     ok 21 corten_fault_test_zap_keep_perm_downgrade
[   20.645489]     ok 22 corten_fault_test_untracked_rearm
[   20.676641]     ok 23 corten_fault_test_fill_upper_race
[   20.689899]     ok 24 corten_fault_test_map_race
[   20.714140]     ok 25 corten_fault_test_chunk_unmap
[   20.742886]     ok 26 corten_fault_test_punch_hole
[   20.752715]     ok 27 corten_fault_test_punch_head
[   20.759289]     ok 28 corten_fault_test_rmap_guard
[   20.773190]     ok 29 corten_fault_test_ttu_route
[   20.776977]     ok 30 corten_fault_test_ttu_dual_entry
[   20.787567]     ok 31 corten_fault_test_reap_skip
[   20.804002]     ok 32 corten_fault_test_swap_encode
[   20.818344]     ok 33 corten_fault_test_swap_roundtrip # SKIP swap round-trip requires a swap area
[   20.830373]     ok 34 corten_fault_test_swap_zap_free # SKIP swap zap test requires a swap area
[   20.853556]     ok 35 corten_fault_test_driver_keep_noswap
[   20.867149]     ok 36 corten_fault_test_driver_swap_roundtrip # SKIP driver round-trip requires a swap area
[   20.874586]     ok 37 corten_fault_test_swap_mprotect_pending
[   20.888165]     ok 38 corten_fault_test_unuse_windows # SKIP unuse sweep requires a swap area
[   20.899591]     ok 39 corten_fault_test_unuse_windows_cache # SKIP unuse sweep requires a swap area
[   20.905138] # corten_fault: pass:34 fail:0 skip:5 total:39
[   20.916521] # Totals: pass:34 fail:0 skip:5 total:39
[   20.925498] ok 3 corten_fault
[   20.953174] check access for rdinit=/init failed: -2, ignoring
[   20.958667] md: Waiting for all devices to be available before autodetect
[   20.966786] md: If you don't use raid, use raid=noautodetect
[   20.975337] md: Autodetecting RAID arrays.
[   20.979119] md: autorun ...
[   20.982828] md: ... autorun DONE.
[   20.991311] /dev/root: Can't open blockdev
[   20.996137] VFS: Cannot open root device "" or unknown-block(0,0): error -6
[   21.005809] Please append a correct "root=" boot option; here are the available partitions:
[   21.012340] 0b00         1048575 sr0 
[   21.012368]  driver: sr
[   21.018195] List of all bdev filesystems:
[   21.022122]  ext3
[   21.022124]  ext2
[   21.022665]  ext4
[   21.024467]  vfat
[   21.027232]  msdos
[   21.028929]  iso9660
[   21.030826]  f2fs
[   21.032779]  erofs
[   21.033409] 
[   21.034305] Kernel panic - not syncing: VFS: Unable to mount root fs on unknown-block(0,0)
[   21.037312] CPU: 1 UID: 0 PID: 1 Comm: swapper/0 Tainted: G        W        N  6.18.32-ga9c89f5a8968-dirty #308 PREEMPT(voluntary) 
[   21.041710] Tainted: [W]=WARN, [N]=TEST
[   21.042769] Hardware name: QEMU Standard PC (i440FX + PIIX, 1996), BIOS 1.15.0-1 04/01/2014
[   21.045058] Call Trace:
[   21.047186]  <TASK>
[   21.047665]  vpanic+0x34f/0x360
[   21.048929]  panic+0x56/0x60
[   21.050396]  mount_root_generic+0x1ff/0x320
[   21.053005]  prepare_namespace+0x63/0x270
[   21.053831]  kernel_init_freeable+0x29f/0x2f0
[   21.054773]  ? __pfx_kernel_init+0x10/0x10
[   21.055734]  kernel_init+0x15/0x1c0
[   21.056594]  ret_from_fork+0x144/0x160
[   21.057353]  ? __pfx_kernel_init+0x10/0x10
[   21.058162]  ret_from_fork_asm+0x1a/0x30
[   21.059100]  </TASK>
[   21.064263] Kernel Offset: 0x35a00000 from 0xffffffff81000000 (relocation range: 0xffffffff80000000-0xffffffffbfffffff)
