=== w6b stage-8 manual live audit (gate ssh hung; workload pid 18802 parked at ready) ===
--- pre audit_gate:
Warning: Permanently added '[127.0.0.1]:10026' (ED25519) to the list of known hosts.
j1_probes          4
j1_hits            0
j2_walks           77
j2_violations      0
j2_stale           0
j2_first_violation 0x0
wl_walks           49
wl_violations      0
wl_brk_vmas        3
wl_delegated_vmas  884
wl_unclassified    147
wl_brk_anomalies   0
wl_shadow          0
wl_implant         88
wl_stack           49
wl_special         0
wl_file            569
wl_anon            119
tree_entries       0
tree_entries_pid   0
gate_pass          1
--- wl-write:
Warning: Permanently added '[127.0.0.1]:10026' (ED25519) to the list of known hosts.
wl_write_rc=1
bash: line 1: echo: write error: No such process
--- post audit_gate:
Warning: Permanently added '[127.0.0.1]:10026' (ED25519) to the list of known hosts.
j1_probes          4
j1_hits            0
j2_walks           77
j2_violations      0
j2_stale           0
j2_first_violation 0x0
wl_walks           49
wl_violations      0
wl_brk_vmas        3
wl_delegated_vmas  884
wl_unclassified    147
wl_brk_anomalies   0
wl_shadow          0
wl_implant         88
wl_stack           49
wl_special         0
wl_file            569
wl_anon            119
tree_entries       0
tree_entries_pid   0
gate_pass          1
--- tree rows (maps of 18802):
Warning: Permanently added '[127.0.0.1]:10026' (ED25519) to the list of known hosts.
bash: line 1: /proc/18802/maps: No such file or directory
grep: /proc/18802/maps: No such file or directory
=== w6b stage-8 redo: live wl/tree audit @ready (pid 19964) ===
--- pre:
Warning: Permanently added '[127.0.0.1]:10026' (ED25519) to the list of known hosts.
j1_probes          6
j1_hits            0
j2_walks           80
j2_violations      0
j2_stale           0
j2_first_violation 0x0
wl_walks           51
wl_violations      0
wl_brk_vmas        5
wl_delegated_vmas  902
wl_unclassified    153
wl_brk_anomalies   0
wl_shadow          0
wl_implant         88
wl_stack           51
wl_special         0
wl_file            577
wl_anon            121
tree_entries       0
tree_entries_pid   0
gate_pass          1
--- wl-write:
Warning: Permanently added '[127.0.0.1]:10026' (ED25519) to the list of known hosts.
wl_write_rc=0
--- post:
Warning: Permanently added '[127.0.0.1]:10026' (ED25519) to the list of known hosts.
j1_probes          6
j1_hits            0
j2_walks           80
j2_violations      0
j2_stale           0
j2_first_violation 0x0
wl_walks           52
wl_violations      0
wl_brk_vmas        6
wl_delegated_vmas  911
wl_unclassified    156
wl_brk_anomalies   0
wl_shadow          0
wl_implant         88
wl_stack           52
wl_special         0
wl_file            581
wl_anon            122
tree_entries       10
tree_entries_pid   19964
gate_pass          1
--- maps rows:
Warning: Permanently added '[127.0.0.1]:10026' (ED25519) to the list of known hosts.
17
4
--- kill:
Warning: Permanently added '[127.0.0.1]:10026' (ED25519) to the list of known hosts.
=== stage-8 rerun (post-battery, same boot; wl/tree audit @ready) ===
--- pre:
hostname contains invalid characters
--- wl-write:
hostname contains invalid characters
--- post:
hostname contains invalid characters
--- maps rows:
hostname contains invalid characters
hostname contains invalid characters
=== stage-8 rerun (post-battery, same boot #308; wl/tree audit @ready, pid 19273) ===
--- pre:
Warning: Permanently added '[127.0.0.1]:10026' (ED25519) to the list of known hosts.
j1_probes          15
j1_hits            0
wl_walks           56
wl_violations      0
wl_brk_vmas        30
wl_delegated_vmas  944
wl_unclassified    0
wl_brk_anomalies   0
wl_shadow          0
wl_implant         88
wl_stack           56
wl_special         168
wl_file            594
wl_anon            126
tree_entries       10
tree_entries_pid   677
--- wl-write:
Warning: Permanently added '[127.0.0.1]:10026' (ED25519) to the list of known hosts.
wl_write_rc=0
--- post:
Warning: Permanently added '[127.0.0.1]:10026' (ED25519) to the list of known hosts.
j1_probes          15
j1_hits            0
wl_walks           57
wl_violations      0
wl_brk_vmas        31
wl_delegated_vmas  953
wl_unclassified    0
wl_brk_anomalies   0
wl_shadow          0
wl_implant         88
wl_stack           57
wl_special         171
wl_file            598
wl_anon            127
tree_entries       10
tree_entries_pid   19273
--- maps:
Warning: Permanently added '[127.0.0.1]:10026' (ED25519) to the list of known hosts.
17
4
Warning: Permanently added '[127.0.0.1]:10026' (ED25519) to the list of known hosts.
