qemu-system-x86_64: warning: host doesn't support requested feature: CPUID.80000001H:ECX.svm [bit 2]
qemu-system-x86_64: warning: host doesn't support requested feature: CPUID.80000001H:ECX.svm [bit 2]
qemu-system-x86_64: warning: host doesn't support requested feature: CPUID.80000001H:ECX.svm [bit 2]
qemu-system-x86_64: warning: host doesn't support requested feature: CPUID.80000001H:ECX.svm [bit 2]
c[?7l[2J[0mSeaBIOS (version 1.15.0-1)


iPXE (https://ipxe.org) 00:03.0 CA00 PCI2.10 PnP PMM+7FF8B310+7FECB310 CA00
Press Ctrl-B to configure iPXE (PCI 00:03.0)...                                                                               


Booting from ROM...
c[?7l[2J[    0.000000] Linux version 6.18.32-gd40eae59ba76-dirty (ppw@vm) (gcc (Ubuntu 11.4.0-1ubuntu1~22.04.3) 11.4.0, GNU ld (GNU Binutils for Ubuntu) 2.38) #50 SMP PREEMPT_DYNAMIC Tue Sep 22 16:46:39 CST 2026
[    0.000000] Command line: console=ttyS0 panic=-1 corten=on kunit.filter_glob=corten
[    0.000000] x86/CPU: Model not found in latest microcode list
[    0.000000] BIOS-provided physical RAM map:
[    0.000000] BIOS-e820: [mem 0x0000000000000000-0x000000000009fbff] usable
[    0.000000] BIOS-e820: [mem 0x000000000009fc00-0x000000000009ffff] reserved
[    0.000000] BIOS-e820: [mem 0x00000000000f0000-0x00000000000fffff] reserved
[    0.000000] BIOS-e820: [mem 0x0000000000100000-0x000000007ffdffff] usable
[    0.000000] BIOS-e820: [mem 0x000000007ffe0000-0x000000007fffffff] reserved
[    0.000000] BIOS-e820: [mem 0x00000000feffc000-0x00000000feffffff] reserved
[    0.000000] BIOS-e820: [mem 0x00000000fffc0000-0x00000000ffffffff] reserved
[    0.000000] NX (Execute Disable) protection: active
[    0.000000] APIC: Static calls initialized
[    0.000000] SMBIOS 2.8 present.
[    0.000000] DMI: QEMU Standard PC (i440FX + PIIX, 1996), BIOS 1.15.0-1 04/01/2014
[    0.000000] DMI: Memory slots populated: 1/1
[    0.000000] Hypervisor detected: KVM
[    0.000000] last_pfn = 0x7ffe0 max_arch_pfn = 0x400000000
[    0.000000] kvm-clock: Using msrs 4b564d01 and 4b564d00
[    0.000005] kvm-clock: using sched offset of 2451727103 cycles
[    0.000010] clocksource: kvm-clock: mask: 0xffffffffffffffff max_cycles: 0x1cd42e4dffb, max_idle_ns: 881590591483 ns
[    0.000092] tsc: Detected 2419.196 MHz processor
[    0.007598] last_pfn = 0x7ffe0 max_arch_pfn = 0x400000000
[    0.009236] MTRR map: 4 entries (3 fixed + 1 variable; max 19), built from 8 variable MTRRs
[    0.009246] x86/PAT: Configuration [0-7]: WB  WC  UC- UC  WB  WP  UC- WT  
[    0.028153] found SMP MP-table at [mem 0x000f5ba0-0x000f5baf]
[    0.028970] ACPI: Early table checksum verification disabled
[    0.029126] ACPI: RSDP 0x00000000000F59E0 000014 (v00 BOCHS )
[    0.029258] ACPI: RSDT 0x000000007FFE1A1C 000034 (v01 BOCHS  BXPC     00000001 BXPC 00000001)
[    0.029341] ACPI: FACP 0x000000007FFE18B8 000074 (v01 BOCHS  BXPC     00000001 BXPC 00000001)
[    0.029457] ACPI: DSDT 0x000000007FFE0040 001878 (v01 BOCHS  BXPC     00000001 BXPC 00000001)
[    0.029484] ACPI: FACS 0x000000007FFE0000 000040
[    0.029490] ACPI: APIC 0x000000007FFE192C 000090 (v01 BOCHS  BXPC     00000001 BXPC 00000001)
[    0.029496] ACPI: HPET 0x000000007FFE19BC 000038 (v01 BOCHS  BXPC     00000001 BXPC 00000001)
[    0.029502] ACPI: WAET 0x000000007FFE19F4 000028 (v01 BOCHS  BXPC     00000001 BXPC 00000001)
[    0.029507] ACPI: Reserving FACP table memory at [mem 0x7ffe18b8-0x7ffe192b]
[    0.029511] ACPI: Reserving DSDT table memory at [mem 0x7ffe0040-0x7ffe18b7]
[    0.029513] ACPI: Reserving FACS table memory at [mem 0x7ffe0000-0x7ffe003f]
[    0.029515] ACPI: Reserving APIC table memory at [mem 0x7ffe192c-0x7ffe19bb]
[    0.029516] ACPI: Reserving HPET table memory at [mem 0x7ffe19bc-0x7ffe19f3]
[    0.029518] ACPI: Reserving WAET table memory at [mem 0x7ffe19f4-0x7ffe1a1b]
[    0.032678] No NUMA configuration found
[    0.032683] Faking a node at [mem 0x0000000000000000-0x000000007ffdffff]
[    0.032691] NODE_DATA(0) allocated [mem 0x7ffdc140-0x7ffdffff]
[    0.033421] Zone ranges:
[    0.033422]   DMA      [mem 0x0000000000001000-0x0000000000ffffff]
[    0.033426]   DMA32    [mem 0x0000000001000000-0x000000007ffdffff]
[    0.033428]   Normal   empty
[    0.033430] Movable zone start for each node
[    0.033431] Early memory node ranges
[    0.033432]   node   0: [mem 0x0000000000001000-0x000000000009efff]
[    0.033434]   node   0: [mem 0x0000000000100000-0x000000007ffdffff]
[    0.033437] Initmem setup node 0 [mem 0x0000000000001000-0x000000007ffdffff]
[    0.033912] On node 0, zone DMA: 1 pages in unavailable ranges
[    0.034653] On node 0, zone DMA: 97 pages in unavailable ranges
[    0.232157] On node 0, zone DMA32: 32 pages in unavailable ranges
[    0.236769] ACPI: PM-Timer IO Port: 0x608
[    0.236862] ACPI: LAPIC_NMI (acpi_id[0xff] dfl dfl lint[0x1])
[    0.239093] IOAPIC[0]: apic_id 0, version 17, address 0xfec00000, GSI 0-23
[    0.239105] ACPI: INT_SRC_OVR (bus 0 bus_irq 0 global_irq 2 dfl dfl)
[    0.239109] ACPI: INT_SRC_OVR (bus 0 bus_irq 5 global_irq 5 high level)
[    0.239112] ACPI: INT_SRC_OVR (bus 0 bus_irq 9 global_irq 9 high level)
[    0.239141] ACPI: INT_SRC_OVR (bus 0 bus_irq 10 global_irq 10 high level)
[    0.239144] ACPI: INT_SRC_OVR (bus 0 bus_irq 11 global_irq 11 high level)
[    0.239153] ACPI: Using ACPI (MADT) for SMP configuration information
[    0.239155] ACPI: HPET id: 0x8086a201 base: 0xfed00000
[    0.239177] CPU topo: Max. logical packages:   1
[    0.239179] CPU topo: Max. logical dies:       1
[    0.239180] CPU topo: Max. dies per package:   1
[    0.239190] CPU topo: Max. threads per core:   1
[    0.239215] CPU topo: Num. cores per package:     4
[    0.239216] CPU topo: Num. threads per package:   4
[    0.239217] CPU topo: Allowing 4 present CPUs plus 0 hotplug CPUs
[    0.239373] kvm-guest: APIC: eoi() replaced with kvm_guest_apic_eoi_write()
[    0.241890] PM: hibernation: Registered nosave memory: [mem 0x00000000-0x00000fff]
[    0.241902] PM: hibernation: Registered nosave memory: [mem 0x0009f000-0x000fffff]
[    0.241907] [mem 0x80000000-0xfeffbfff] available for PCI devices
[    0.242032] Booting paravirtualized kernel on KVM
[    0.242054] clocksource: refined-jiffies: mask: 0xffffffff max_cycles: 0xffffffff, max_idle_ns: 1910969940391419 ns
[    0.266795] setup_percpu: NR_CPUS:64 nr_cpumask_bits:4 nr_cpu_ids:4 nr_node_ids:1
[    0.276232] percpu: Embedded 54 pages/cpu s182680 r8192 d30312 u524288
[    0.276552] Kernel command line: console=ttyS0 panic=-1 corten=on kunit.filter_glob=corten
[    0.277393] corten: requested on, activating at initcall time
[    0.277452] printk: log buffer data + meta data: 262144 + 917504 = 1179648 bytes
[    0.288041] Dentry cache hash table entries: 262144 (order: 9, 2097152 bytes, linear)
[    0.308984] Inode-cache hash table entries: 131072 (order: 8, 1048576 bytes, linear)
[    0.310852] Fallback order for Node 0: 0 
[    0.310881] Built 1 zonelists, mobility grouping on.  Total pages: 524158
[    0.310885] Policy zone: DMA32
[    0.310890] mem auto-init: stack:off, heap alloc:off, heap free:off
[    0.322126] SLUB: HWalign=64, Order=0-3, MinObjects=0, CPUs=4, Nodes=1
[    0.322461] Kernel/User page tables isolation: enabled
[    0.341106] Dynamic Preempt: voluntary
[    0.343379] rcu: Preemptible hierarchical RCU implementation.
[    0.343382] rcu: 	RCU event tracing is enabled.
[    0.343384] rcu: 	RCU restricting CPUs from NR_CPUS=64 to nr_cpu_ids=4.
[    0.343388] 	Trampoline variant of Tasks RCU enabled.
[    0.343389] 	Tracing variant of Tasks RCU enabled.
[    0.343391] rcu: RCU calculated value of scheduler-enlistment delay is 100 jiffies.
[    0.343393] rcu: Adjusting geometry for rcu_fanout_leaf=16, nr_cpu_ids=4
[    0.343491] RCU Tasks: Setting shift to 2 and lim to 1 rcu_task_cb_adjust=1 rcu_task_cpu_ids=4.
[    0.343496] RCU Tasks Trace: Setting shift to 2 and lim to 1 rcu_task_cb_adjust=1 rcu_task_cpu_ids=4.
[    0.359540] NR_IRQS: 4352, nr_irqs: 456, preallocated irqs: 16
[    0.360961] rcu: srcu_init: Setting srcu_struct sizes based on contention.
[    0.435133] Console: colour VGA+ 80x25
[    0.435583] printk: legacy console [ttyS0] enabled
[    1.024193] ACPI: Core revision 20250807
[    1.029993] clocksource: hpet: mask: 0xffffffff max_cycles: 0xffffffff, max_idle_ns: 19112604467 ns
[    1.041176] APIC: Switch to symmetric I/O mode setup
[    1.052034] x2apic enabled
[    1.061804] APIC: Switched APIC routing to: physical x2apic
[    1.091124] ..TIMER: vector=0x30 apic1=0 pin1=2 apic2=-1 pin2=-1
[    1.097757] clocksource: tsc-early: mask: 0xffffffffffffffff max_cycles: 0x22df0d21928, max_idle_ns: 440795225288 ns
[    1.105266] Calibrating delay loop (skipped) preset value.. 4838.39 BogoMIPS (lpj=2419196)
[    1.108041] Last level iTLB entries: 4KB 0, 2MB 0, 4MB 0
[    1.108266] Last level dTLB entries: 4KB 0, 2MB 0, 4MB 0, 1GB 0
[    1.109252] mitigations: Enabled attack vectors: user_kernel, user_user, SMT mitigations: auto
[    1.109485] Speculative Store Bypass: Vulnerable
[    1.110252] Spectre V2 : Mitigation: Retpolines
[    1.110252] ITS: Mitigation: Aligned branch/return thunks
[    1.110252] MDS: Vulnerable: Clear CPU buffers attempted, no microcode
[    1.110265] Spectre V1 : Mitigation: usercopy/swapgs barriers and __user pointer sanitization
[    1.111252] Spectre V2 : Spectre v2 / SpectreRSB: Filling RSB on context switch and VMEXIT
[    1.111257] active return thunk: its_return_thunk
[    1.112252] x86/fpu: x87 FPU will use FXSAVE
[    1.131252] Freeing SMP alternatives memory: 64K
[    1.131252] pid_max: default: 32768 minimum: 301
[    1.131407] LSM: initializing lsm=capability,selinux
[    1.132252] SELinux:  Initializing.
[    1.132252] Mount-cache hash table entries: 4096 (order: 3, 32768 bytes, linear)
[    1.132252] Mountpoint-cache hash table entries: 4096 (order: 3, 32768 bytes, linear)
[    1.141252] smpboot: CPU0: Intel QEMU Virtual CPU version 2.5+ (family: 0xf, model: 0x6b, stepping: 0x1)
[    1.143379] Performance Events: unsupported Netburst CPU model 107 no PMU driver, software events only.
[    1.146317] signal: max sigframe size: 1440
[    1.149338] rcu: Hierarchical SRCU implementation.
[    1.150261] rcu: 	Max phase no-delay instances is 400.
[    1.152858] Timer migration: 1 hierarchy levels; 8 children per group; 1 crossnode level
[    1.164252] corten: page descriptors enabled
[    1.165915] smp: Bringing up secondary CPUs ...
[    1.168252] smpboot: x86: Booting SMP configuration:
[    1.168275] .... node  #0, CPUs:      #1 #2 #3
[    1.183737] smp: Brought up 1 node, 4 CPUs
[    1.186268] smpboot: Total of 4 processors activated (19353.56 BogoMIPS)
[    1.193421] Memory: 2006936K/2096632K available (21430K kernel code, 3199K rwdata, 8952K rodata, 3264K init, 1196K bss, 84532K reserved, 0K cma-reserved)
[    1.197262] devtmpfs: initialized
[    1.205308] clocksource: jiffies: mask: 0xffffffff max_cycles: 0xffffffff, max_idle_ns: 1911260446275000 ns
[    1.206288] posixtimers hash table entries: 2048 (order: 3, 32768 bytes, linear)
[    1.209778] futex hash table entries: 1024 (65536 bytes on 1 NUMA nodes, total 64 KiB, linear).
[    1.212197] PM: RTC time: 08:48:13, date: 2026-09-22
[    1.232516] NET: Registered PF_NETLINK/PF_ROUTE protocol family
[    1.233441] audit: initializing netlink subsys (disabled)
[    1.236266] audit: type=2000 audit(1790066892.868:1): state=initialized audit_enabled=0 res=1
[    1.236865] thermal_sys: Registered thermal governor 'step_wise'
[    1.239264] cpuidle: using governor menu
[    1.245789] PCI: Using configuration type 1 for base access
[    1.247409] kprobes: kprobe jump-optimization is enabled. All kprobes are optimized if possible.
[    1.251688] HugeTLB: registered 2.00 MiB page size, pre-allocated 0 pages
[    1.251688] HugeTLB: 28 KiB vmemmap can be freed for a 2.00 MiB page
[    1.254558] ACPI: Added _OSI(Module Device)
[    1.254558] ACPI: Added _OSI(Processor Device)
[    1.254558] ACPI: Added _OSI(Processor Aggregator Device)
[    1.256252] ACPI: 1 ACPI AML tables successfully acquired and loaded
[    1.261387] ACPI: Interpreter enabled
[    1.261387] ACPI: PM: (supports S0 S3 S4 S5)
[    1.262269] ACPI: Using IOAPIC for interrupt routing
[    1.262640] PCI: Using host bridge windows from ACPI; if necessary, use "pci=nocrs" and report a bug
[    1.263260] PCI: Using E820 reservations for host bridge windows
[    1.263567] ACPI: Enabled 2 GPEs in block 00 to 0F
[    1.264318] ACPI: PCI Root Bridge [PCI0] (domain 0000 [bus 00-ff])
[    1.264318] acpi PNP0A03:00: _OSC: OS supports [ASPM ClockPM Segments MSI HPX-Type3]
[    1.264318] acpi PNP0A03:00: _OSC: not requesting OS control; OS requires [ExtendedConfig ASPM ClockPM MSI]
[    1.265305] acpi PNP0A03:00: fail to add MMCONFIG information, can't access extended configuration space under this bridge
[    1.266673] PCI host bridge to bus 0000:00
[    1.266673] pci_bus 0000:00: root bus resource [io  0x0000-0x0cf7 window]
[    1.266673] pci_bus 0000:00: root bus resource [io  0x0d00-0xffff window]
[    1.267263] pci_bus 0000:00: root bus resource [mem 0x000a0000-0x000bffff window]
[    1.267263] pci_bus 0000:00: root bus resource [mem 0x80000000-0xfebfffff window]
[    1.267268] pci_bus 0000:00: root bus resource [mem 0x100000000-0x17fffffff window]
[    1.268266] pci_bus 0000:00: root bus resource [bus 00-ff]
[    1.268572] pci 0000:00:00.0: [8086:1237] type 00 class 0x060000 conventional PCI endpoint
[    1.270252] pci 0000:00:01.0: [8086:7000] type 00 class 0x060100 conventional PCI endpoint
[    1.270252] pci 0000:00:01.1: [8086:7010] type 00 class 0x010180 conventional PCI endpoint
[    1.271252] pci 0000:00:01.1: BAR 4 [io  0xc040-0xc04f]
[    1.271566] pci 0000:00:01.1: BAR 0 [io  0x01f0-0x01f7]: legacy IDE quirk
[    1.271566] pci 0000:00:01.1: BAR 1 [io  0x03f6]: legacy IDE quirk
[    1.271566] pci 0000:00:01.1: BAR 2 [io  0x0170-0x0177]: legacy IDE quirk
[    1.272261] pci 0000:00:01.1: BAR 3 [io  0x0376]: legacy IDE quirk
[    1.273252] pci 0000:00:01.3: [8086:7113] type 00 class 0x068000 conventional PCI endpoint
[    1.274185] pci 0000:00:01.3: quirk: [io  0x0600-0x063f] claimed by PIIX4 ACPI
[    1.274185] pci 0000:00:01.3: quirk: [io  0x0700-0x070f] claimed by PIIX4 SMB
[    1.274185] pci 0000:00:02.0: [1234:1111] type 00 class 0x030000 conventional PCI endpoint
[    1.289638] pci 0000:00:02.0: BAR 0 [mem 0xfd000000-0xfdffffff pref]
[    1.290259] pci 0000:00:02.0: BAR 2 [mem 0xfebb0000-0xfebb0fff]
[    1.290389] pci 0000:00:02.0: ROM [mem 0xfeba0000-0xfebaffff pref]
[    1.291609] pci 0000:00:02.0: Video device with shadowed ROM at [mem 0x000c0000-0x000dffff]
[    1.296898] pci 0000:00:03.0: [8086:100e] type 00 class 0x020000 conventional PCI endpoint
[    1.297349] pci 0000:00:03.0: BAR 0 [mem 0xfeb80000-0xfeb9ffff]
[    1.297354] pci 0000:00:03.0: BAR 1 [io  0xc000-0xc03f]
[    1.297589] pci 0000:00:03.0: ROM [mem 0xfeb00000-0xfeb7ffff pref]
[    1.302561] ACPI: PCI: Interrupt link LNKA configured for IRQ 10
[    1.302660] ACPI: PCI: Interrupt link LNKB configured for IRQ 10
[    1.303547] ACPI: PCI: Interrupt link LNKC configured for IRQ 11
[    1.303672] ACPI: PCI: Interrupt link LNKD configured for IRQ 11
[    1.304310] ACPI: PCI: Interrupt link LNKS configured for IRQ 9
[    1.307873] iommu: Default domain type: Translated
[    1.308260] iommu: DMA domain TLB invalidation policy: lazy mode
[    1.314967] SCSI subsystem initialized
[    1.320983] ACPI: bus type USB registered
[    1.321144] usbcore: registered new interface driver usbfs
[    1.321439] usbcore: registered new interface driver hub
[    1.321439] usbcore: registered new device driver usb
[    1.322265] pps_core: LinuxPPS API ver. 1 registered
[    1.322265] pps_core: Software ver. 5.3.6 - Copyright 2005-2007 Rodolfo Giometti <giometti@linux.it>
[    1.323274] PTP clock support registered
[    1.324767] Advanced Linux Sound Architecture Driver Initialized.
[    1.329442] NetLabel: Initializing
[    1.330260] NetLabel:  domain hash size = 128
[    1.330260] NetLabel:  protocols = UNLABELED CIPSOv4 CALIPSO
[    1.331809] NetLabel:  unlabeled traffic allowed by default
[    1.332001] PCI: Using ACPI for IRQ routing
[    1.332805] pci 0000:00:02.0: vgaarb: setting as boot VGA device
[    1.333252] pci 0000:00:02.0: vgaarb: bridge control possible
[    1.333252] pci 0000:00:02.0: vgaarb: VGA device added: decodes=io+mem,owns=io+mem,locks=none
[    1.333270] vgaarb: loaded
[    1.334471] hpet: 3 channels of 0 reserved for per-cpu timers
[    1.334646] hpet0: at MMIO 0xfed00000, IRQs 2, 8, 0
[    1.334752] hpet0: 3 comparators, 64-bit 100.000000 MHz counter
[    1.338907] clocksource: Switched to clocksource kvm-clock
[    1.354657] VFS: Disk quotas dquot_6.6.0
[    1.358542] VFS: Dquot-cache hash table entries: 512 (order 0, 4096 bytes)
[    1.370231] pnp: PnP ACPI init
[    1.373743] pnp: PnP ACPI: found 6 devices
[    1.415874] clocksource: acpi_pm: mask: 0xffffff max_cycles: 0xffffff, max_idle_ns: 2085701024 ns
[    1.431967] NET: Registered PF_INET protocol family
[    1.439957] IP idents hash table entries: 32768 (order: 6, 262144 bytes, linear)
[    1.454229] tcp_listen_portaddr_hash hash table entries: 1024 (order: 2, 16384 bytes, linear)
[    1.462955] Table-perturb hash table entries: 65536 (order: 6, 262144 bytes, linear)
[    1.469678] TCP established hash table entries: 16384 (order: 5, 131072 bytes, linear)
[    1.478176] TCP bind hash table entries: 16384 (order: 7, 524288 bytes, linear)
[    1.493513] TCP: Hash tables configured (established 16384 bind 16384)
[    1.504189] UDP hash table entries: 1024 (order: 4, 65536 bytes, linear)
[    1.514826] UDP-Lite hash table entries: 1024 (order: 4, 65536 bytes, linear)
[    1.525449] NET: Registered PF_UNIX/PF_LOCAL protocol family
[    1.534017] RPC: Registered named UNIX socket transport module.
[    1.538589] RPC: Registered udp transport module.
[    1.541112] RPC: Registered tcp transport module.
[    1.545655] RPC: Registered tcp-with-tls transport module.
[    1.550739] RPC: Registered tcp NFSv4.1 backchannel transport module.
[    1.559766] pci_bus 0000:00: resource 4 [io  0x0000-0x0cf7 window]
[    1.564603] pci_bus 0000:00: resource 5 [io  0x0d00-0xffff window]
[    1.569941] pci_bus 0000:00: resource 6 [mem 0x000a0000-0x000bffff window]
[    1.576686] pci_bus 0000:00: resource 7 [mem 0x80000000-0xfebfffff window]
[    1.583269] pci_bus 0000:00: resource 8 [mem 0x100000000-0x17fffffff window]
[    1.590660] pci 0000:00:01.0: PIIX3: Enabling Passive Release
[    1.596775] pci 0000:00:00.0: Limiting direct PCI/PCI transfers
[    1.603945] PCI: CLS 0 bytes, default 64
[    1.609859] clocksource: tsc: mask: 0xffffffffffffffff max_cycles: 0x22df0d21928, max_idle_ns: 440795225288 ns
[    1.660066] Initialise system trusted keyrings
[    1.665444] workingset: timestamp_bits=40 max_order=19 bucket_order=0
[    1.674210] NFS: Registering the id_resolver key type
[    1.679272] Key type id_resolver registered
[    1.683469] Key type id_legacy registered
[    1.688268] 9p: Installing v9fs 9p2000 file system support
[    1.750959] Key type asymmetric registered
[    1.754620] Asymmetric key parser 'x509' registered
[    1.759528] Block layer SCSI generic (bsg) driver version 0.4 loaded (major 251)
[    1.766015] io scheduler mq-deadline registered
[    1.771671] io scheduler kyber registered
[    1.780140] input: Power Button as /devices/LNXSYSTM:00/LNXPWRBN:00/input/input0
[    1.788940] ACPI: button: Power Button [PWRF]
[    1.804909] Serial: 8250/16550 driver, 4 ports, IRQ sharing enabled
[    1.817121] 00:04: ttyS0 at I/O 0x3f8 (irq = 4, base_baud = 115200) is a 16550A
[    1.838948] Non-volatile memory driver v1.3
[    1.842836] Linux agpgart interface v0.103
[    1.884254] ACPI: bus type drm_connector registered
[    1.922848] loop: module loaded
[    1.925677] zram: Added device: zram0
[    1.943467] scsi host0: ata_piix
[    1.951815] scsi host1: ata_piix
[    1.955092] ata1: PATA max MWDMA2 cmd 0x1f0 ctl 0x3f6 bmdma 0xc040 irq 14 lpm-pol 0
[    1.963070] ata2: PATA max MWDMA2 cmd 0x170 ctl 0x376 bmdma 0xc048 irq 15 lpm-pol 0
[    1.974490] tun: Universal TUN/TAP device driver, 1.6
[    1.982754] e100: Intel(R) PRO/100 Network Driver
[    1.989655] e100: Copyright(c) 1999-2006 Intel Corporation
[    1.997204] e1000: Intel(R) PRO/1000 Network Driver
[    2.002175] e1000: Copyright (c) 1999-2006 Intel Corporation.
[    2.055636] ACPI: \_SB_.LNKC: Enabled at IRQ 11
[    2.147583] ata2: found unknown device (class 0)
[    2.163989] ata2.00: ATAPI: QEMU DVD-ROM, 2.5+, max UDMA/100
[    2.185265] scsi 1:0:0:0: CD-ROM            QEMU     QEMU DVD-ROM     2.5+ PQ: 0 ANSI: 5
[    2.290047] sr 1:0:0:0: [sr0] scsi3-mmc drive: 4x/4x cd/rw xa/form2 tray
[    2.297235] cdrom: Uniform CD-ROM driver Revision: 3.20
[    2.339973] sr 1:0:0:0: Attached scsi generic sg0 type 5
[    3.260569] e1000 0000:00:03.0 eth0: (PCI:33MHz:32-bit) 52:54:00:12:34:56
[    3.270933] e1000 0000:00:03.0 eth0: Intel(R) PRO/1000 Network Connection
[    3.278528] e1000e: Intel(R) PRO/1000 Network Driver
[    3.284034] e1000e: Copyright(c) 1999 - 2015 Intel Corporation.
[    3.292657] sky2: driver version 1.30
[    3.297935] usbcore: registered new interface driver usblp
[    3.302824] usbcore: registered new interface driver usb-storage
[    3.310155] i8042: PNP: PS/2 Controller [PNP0303:KBD,PNP0f13:MOU] at 0x60,0x64 irq 1,12
[    3.328806] serio: i8042 KBD port at 0x60,0x64 irq 1
[    3.334578] serio: i8042 AUX port at 0x60,0x64 irq 12
[    3.345456] rtc_cmos 00:05: RTC can wake from S4
[    3.352070] input: AT Translated Set 2 keyboard as /devices/platform/i8042/serio0/input/input1
[    3.361742] rtc_cmos 00:05: registered as rtc0
[    3.366827] rtc_cmos 00:05: alarms up to one day, y3k, 242 bytes nvram, hpet irqs
[    3.379000] device-mapper: ioctl: 4.50.0-ioctl (2025-04-28) initialised: dm-devel@lists.linux.dev
[    3.391932] intel_pstate: CPU model not supported
[    3.392831] hid: raw HID events driver (C) Jiri Kosina
[    3.402504] usbcore: registered new interface driver usbhid
[    3.415579] usbhid: USB HID core driver
[    3.431884] xt_time: kernel timezone is -0000
[    3.439705] Initializing XFRM netlink socket
[    3.445585] NET: Registered PF_INET6 protocol family
[    3.454829] Segment Routing with IPv6
[    3.457776] In-situ OAM (IOAM) with IPv6
[    3.461362] sit: IPv6, IPv4 and MPLS over IPv4 tunneling driver
[    3.467735] NET: Registered PF_PACKET protocol family
[    3.472962] NET: Registered PF_KEY protocol family
[    3.478063] 9pnet: Installing 9P2000 support
[    3.482941] Key type dns_resolver registered
[    3.487340] NET: Registered PF_VSOCK protocol family
[    3.498603] IPI shorthand broadcast: enabled
[    3.520590] sched_clock: Marking stable (2779111891, 741249039)->(4564373013, -1044012083)
[    3.533102] registered taskstats version 1
[    3.537943] Loading compiled-in X.509 certificates
[    3.549996] Demotion targets for Node 0: null
[    3.554972] Key type .fscrypt registered
[    3.560463] Key type fscrypt-provisioning registered
[    3.568769] PM:   Magic number: 10:307:827
[    3.573109] misc hw_random: hash matches
[    3.577707] netconsole: network logging started
[    3.583896] cfg80211: Loading compiled-in X.509 certificates for regulatory database
[    3.602886] kworker/u16:1 (71) used greatest stack depth: 14272 bytes left
[    3.611084] Loaded X.509 cert 'sforshee: 00b28ddf47aef9cea7'
[    3.619920] Loaded X.509 cert 'wens: 61c038651aabdcf94bd0ac7ff06c7248db18c600'
[    3.629992] faux_driver regulatory: Direct firmware load for regulatory.db failed with error -2
[    3.636862] ALSA device list:
[    3.639438] cfg80211: failed to load regulatory.db
[    3.651013]   No soundcards found.
[    3.656723] KTAP version 1
[    3.661529] 1..1
[    3.671708]     KTAP version 1
[    3.675246]     # Subtest: corten
[    3.679411]     # module: corten_test
[    3.679417]     1..25
[    3.691292]     ok 1 corten_test_layout # SKIP corten=on boot
[    3.701105]     ok 2 corten_test_ptdesc_get_put
[    3.713396]     ok 3 corten_test_meta_roundtrip
[    3.722937]     ok 4 corten_test_meta_reinit_cleared
[    3.729755]     ok 5 corten_test_covering_level
[    3.736252]     ok 6 corten_test_covering_base_index
[    3.747826]     ok 7 corten_test_txn_covering
[    3.760475]     ok 8 corten_test_txn_hole
[    3.777132]     ok 9 corten_test_txn_stale_eagain
[    3.780584]     ok 10 corten_test_lock_range_args
[    3.785175]     ok 11 corten_test_txn_state_machine
[    3.789882]     ok 12 corten_test_txn_atomic_validate
[    3.795456]     ok 13 corten_test_txn_real_glue
[    3.858892]     ok 14 corten_test_txn_mutex_overlap
[    3.892776]     ok 15 corten_test_txn_mutex_disjoint
[    3.902797]     ok 16 corten_test_fail_alloc
[    3.912699]     ok 17 corten_test_txn_hole_fill
[    3.920298] input: ImExPS/2 Generic Explorer Mouse as /devices/platform/i8042/serio1/input/input3
[    3.935990]     ok 18 corten_test_txn_hole_race
[    4.177132]     ok 19 corten_test_txn_uninstall_interlock
[    4.196701]     ok 20 corten_test_uninstall_bh_ctx
[    4.207944] ------------[ cut here ]------------
[    4.221862] WARNING: CPU: 2 PID: 124 at mm/corten.c:865 corten_txn_begin+0x191/0x4b0
[    4.234048] Modules linked in:
[    4.238237] CPU: 2 UID: 0 PID: 124 Comm: kunit_try_catch Tainted: G                 N  6.18.32-gd40eae59ba76-dirty #50 PREEMPT(voluntary) 
[    4.255326] Tainted: [N]=TEST
[    4.258572] Hardware name: QEMU Standard PC (i440FX + PIIX, 1996), BIOS 1.15.0-1 04/01/2014
[    4.266501] RIP: 0010:corten_txn_begin+0x191/0x4b0
[    4.271769] Code: 02 00 00 4c 89 ff 48 89 04 24 e8 aa 52 f5 00 4c 89 ff e8 b2 54 f5 00 48 8b 04 24 41 0f b6 4f 25 38 48 25 0f 87 65 ff ff ff 90 <0f> 0b 90 41 80 7e 48 04 0f 86 61 ff ff ff 90 0f 0b 90 48 89 c7 e8
[    4.288523] RSP: 0000:ffffac8b004d7da0 EFLAGS: 00010246
[    4.293486] RAX: ffff974101e46960 RBX: 0000000000000fff RCX: 0000000000000002
[    4.299451] RDX: 0000000000000003 RSI: 000000000000000a RDI: ffff974103319040
[    4.308182] RBP: 0000000000000000 R08: ffff974101f28800 R09: ffffac8b004d7e00
[    4.314881] R10: ffffac8b004d7d58 R11: 0000000000000000 R12: ffffffffb123e510
[    4.322787] R13: ffff974101f28800 R14: ffffac8b004d7e00 R15: ffff974101e46a80
[    4.332046] FS:  0000000000000000(0000) GS:ffff9741cb469000(0000) knlGS:0000000000000000
[    4.339178] CS:  0010 DS: 0000 ES: 0000 CR0: 0000000080050033
[    4.343821] CR2: 0000000000000000 CR3: 000000001ee30000 CR4: 00000000000006f0
[    4.350441] Call Trace:
[    4.353128]  <TASK>
[    4.355432]  ? __pfx_kunit_generic_run_threadfn_adapter+0x10/0x10
[    4.361467]  corten_test_txn_path_overflow+0xb5/0x2a0
[    4.365540]  ? psi_task_switch+0x107/0x290
[    4.369902]  kunit_try_run_case+0x6f/0x150
[    4.374269]  ? __pfx_kunit_generic_run_threadfn_adapter+0x10/0x10
[    4.379889]  kunit_generic_run_threadfn_adapter+0x1c/0x40
[    4.384775]  kthread+0xff/0x1f0
[    4.387901]  ? __pfx_kthread+0x10/0x10
[    4.391317]  ? __pfx_kthread+0x10/0x10
[    4.394985]  ret_from_fork+0x144/0x160
[    4.398733]  ? __pfx_kthread+0x10/0x10
[    4.402200]  ret_from_fork_asm+0x1a/0x30
[    4.407351]  </TASK>
[    4.409890] ---[ end trace 0000000000000000 ]---
[    4.413881] ------------[ cut here ]------------
[    4.418072] WARNING: CPU: 2 PID: 124 at mm/corten.c:812 corten_txn_begin+0x1a0/0x4b0
[    4.425343] Modules linked in:
[    4.428323] CPU: 2 UID: 0 PID: 124 Comm: kunit_try_catch Tainted: G        W        N  6.18.32-gd40eae59ba76-dirty #50 PREEMPT(voluntary) 
[    4.439067] Tainted: [W]=WARN, [N]=TEST
[    4.442947] Hardware name: QEMU Standard PC (i440FX + PIIX, 1996), BIOS 1.15.0-1 04/01/2014
[    4.450672] RIP: 0010:corten_txn_begin+0x1a0/0x4b0
[    4.453943] Code: 4c 89 ff e8 b2 54 f5 00 48 8b 04 24 41 0f b6 4f 25 38 48 25 0f 87 65 ff ff ff 90 0f 0b 90 41 80 7e 48 04 0f 86 61 ff ff ff 90 <0f> 0b 90 48 89 c7 e8 c5 f5 ff ff 41 0f b6 46 48 84 c0 74 28 83 e8
[    4.470020] RSP: 0000:ffffac8b004d7da0 EFLAGS: 00010202
[    4.475695] RAX: ffff974101e467e0 RBX: 0000000000000fff RCX: 0000000000000002
[    4.482011] RDX: 0000000000000003 RSI: 0000000000000025 RDI: ffff974103319040
[    4.491368] RBP: 0000000000000000 R08: ffff974101f28800 R09: ffffac8b004d7e00
[    4.498299] R10: ffffac8b004d7d58 R11: 0000000000000000 R12: ffffffffb123e510
[    4.506214] R13: ffff974101f28800 R14: ffffac8b004d7e00 R15: ffff974101e46780
[    4.514230] FS:  0000000000000000(0000) GS:ffff9741cb469000(0000) knlGS:0000000000000000
[    4.523679] CS:  0010 DS: 0000 ES: 0000 CR0: 0000000080050033
[    4.529248] CR2: 0000000000000000 CR3: 000000001ee30000 CR4: 00000000000006f0
[    4.537887] Call Trace:
[    4.540268]  <TASK>
[    4.542636]  ? __pfx_kunit_generic_run_threadfn_adapter+0x10/0x10
[    4.552132]  corten_test_txn_path_overflow+0xb5/0x2a0
[    4.556036]  ? psi_task_switch+0x107/0x290
[    4.560204]  kunit_try_run_case+0x6f/0x150
[    4.564499]  ? __pfx_kunit_generic_run_threadfn_adapter+0x10/0x10
[    4.570826]  kunit_generic_run_threadfn_adapter+0x1c/0x40
[    4.576262]  kthread+0xff/0x1f0
[    4.580521]  ? __pfx_kthread+0x10/0x10
[    4.584995]  ? __pfx_kthread+0x10/0x10
[    4.589845]  ret_from_fork+0x144/0x160
[    4.593318]  ? __pfx_kthread+0x10/0x10
[    4.598507]  ret_from_fork_asm+0x1a/0x30
[    4.602467]  </TASK>
[    4.604894] ---[ end trace 0000000000000000 ]---
[    4.609978] kunit_try_catch (124) used greatest stack depth: 13520 bytes left
[    4.612298]     ok 21 corten_test_txn_path_overflow
[    4.620967]     ok 22 corten_test_txn_child_err
[    4.632059]     ok 23 corten_test_real_huge_leaf
[    4.641071]     ok 24 corten_test_full_window_atomic
[    4.653119]     ok 25 corten_test_debugfs_content
[    4.658343] # corten: pass:24 fail:0 skip:1 total:25
[    4.663142] # Totals: pass:24 fail:0 skip:1 total:25
[    4.668632] ok 1 corten
[    4.690670] check access for rdinit=/init failed: -2, ignoring
[    4.694123] md: Waiting for all devices to be available before autodetect
[    4.698995] md: If you don't use raid, use raid=noautodetect
[    4.703246] md: Autodetecting RAID arrays.
[    4.707769] md: autorun ...
[    4.709455] md: ... autorun DONE.
[    4.714872] /dev/root: Can't open blockdev
[    4.717778] VFS: Cannot open root device "" or unknown-block(0,0): error -6
[    4.723909] Please append a correct "root=" boot option; here are the available partitions:
[    4.728736] 0b00         1048575 sr0 
[    4.728745]  driver: sr
[    4.732730] List of all bdev filesystems:
[    4.735246]  ext3
[    4.735251]  ext2
[    4.737168]  ext4
[    4.738967]  vfat
[    4.739587]  msdos
[    4.740352]  iso9660
[    4.741138]  f2fs
[    4.742485]  erofs
[    4.743806] 
[    4.746201] Kernel panic - not syncing: VFS: Unable to mount root fs on unknown-block(0,0)
[    4.747590] CPU: 2 UID: 0 PID: 1 Comm: swapper/0 Tainted: G        W        N  6.18.32-gd40eae59ba76-dirty #50 PREEMPT(voluntary) 
[    4.750991] Tainted: [W]=WARN, [N]=TEST
[    4.753645] Hardware name: QEMU Standard PC (i440FX + PIIX, 1996), BIOS 1.15.0-1 04/01/2014
[    4.758493] Call Trace:
[    4.760198]  <TASK>
[    4.762370]  vpanic+0x34f/0x360
[    4.764538]  panic+0x56/0x60
[    4.766371]  mount_root_generic+0x1ff/0x320
[    4.770849]  prepare_namespace+0x63/0x270
[    4.774167]  kernel_init_freeable+0x29f/0x2f0
[    4.776753]  ? __pfx_kernel_init+0x10/0x10
[    4.779554]  kernel_init+0x15/0x1c0
[    4.781549]  ret_from_fork+0x144/0x160
[    4.784462]  ? __pfx_kernel_init+0x10/0x10
[    4.787262]  ret_from_fork_asm+0x1a/0x30
[    4.790010]  </TASK>
[    4.797545] Kernel Offset: 0x2ec00000 from 0xffffffff81000000 (relocation range: 0xffffffff80000000-0xffffffffbfffffff)
