[t5    2s] built hook: /mnt/t5quick/corten_mode_hook.so
[t5    2s] tcmalloc gear: /lib/x86_64-linux-gnu/libtcmalloc_minimal.so.4
[t5    3s] boot: mitigations=off present (EVAL sec 1 OK)
[t5    3s] === T5 compare start (deadline 5400s, threads '1 4 8', reps 1, QUICK=1) ===
[t5    5s] ok: mmbench [mmap/low/t1] arm=base run=1 -> mmbench_mmap_low_t1_run1.base.json
[t5    6s] ok: mmbench [mmap/low/t1] arm=t0 run=1 -> mmbench_mmap_low_t1_run1.t0.json
[t5    8s] ok: mmbench [mmap/low/t4] arm=base run=1 -> mmbench_mmap_low_t4_run1.base.json
[t5   10s] ok: mmbench [mmap/low/t4] arm=t0 run=1 -> mmbench_mmap_low_t4_run1.t0.json
[t5   16s] WARN: strace mmbench_mmap_low_t4: error-multiset DIFFERS under MODE (see /mnt/t5quick/raw/trace/mmbench_mmap_low_t4.err.diff)
[t5   18s] ok: mmbench [mmap/low/t8] arm=base run=1 -> mmbench_mmap_low_t8_run1.base.json
[t5   19s] ok: mmbench [mmap/low/t8] arm=t0 run=1 -> mmbench_mmap_low_t8_run1.t0.json
[t5   21s] ok: mmbench [mmap/high/t1] arm=base run=1 -> mmbench_mmap_high_t1_run1.base.json
[t5   22s] ok: mmbench [mmap/high/t1] arm=t0 run=1 -> mmbench_mmap_high_t1_run1.t0.json
[t5   24s] ok: mmbench [mmap/high/t4] arm=base run=1 -> mmbench_mmap_high_t4_run1.base.json
[t5   26s] ok: mmbench [mmap/high/t4] arm=t0 run=1 -> mmbench_mmap_high_t4_run1.t0.json
[t5   32s] WARN: strace mmbench_mmap_high_t4: error-multiset DIFFERS under MODE (see /mnt/t5quick/raw/trace/mmbench_mmap_high_t4.err.diff)
[t5   34s] ok: mmbench [mmap/high/t8] arm=base run=1 -> mmbench_mmap_high_t8_run1.base.json
[t5   35s] ok: mmbench [mmap/high/t8] arm=t0 run=1 -> mmbench_mmap_high_t8_run1.t0.json
[t5   37s] ok: mmbench [mmap-pf/low/t1] arm=base run=1 -> mmbench_mmap-pf_low_t1_run1.base.json
[t5   38s] ok: mmbench [mmap-pf/low/t1] arm=t0 run=1 -> mmbench_mmap-pf_low_t1_run1.t0.json
[t5   40s] ok: mmbench [mmap-pf/low/t4] arm=base run=1 -> mmbench_mmap-pf_low_t4_run1.base.json
[t5   41s] ok: mmbench [mmap-pf/low/t4] arm=t0 run=1 -> mmbench_mmap-pf_low_t4_run1.t0.json
[t5   48s] WARN: strace mmbench_mmap-pf_low_t4: error-multiset DIFFERS under MODE (see /mnt/t5quick/raw/trace/mmbench_mmap-pf_low_t4.err.diff)
[t5   49s] ok: mmbench [mmap-pf/low/t8] arm=base run=1 -> mmbench_mmap-pf_low_t8_run1.base.json
[t5   51s] ok: mmbench [mmap-pf/low/t8] arm=t0 run=1 -> mmbench_mmap-pf_low_t8_run1.t0.json
[t5   52s] ok: mmbench [mmap-pf/high/t1] arm=base run=1 -> mmbench_mmap-pf_high_t1_run1.base.json
[t5   54s] ok: mmbench [mmap-pf/high/t1] arm=t0 run=1 -> mmbench_mmap-pf_high_t1_run1.t0.json
[t5   56s] ok: mmbench [mmap-pf/high/t4] arm=base run=1 -> mmbench_mmap-pf_high_t4_run1.base.json
[t5   57s] ok: mmbench [mmap-pf/high/t4] arm=t0 run=1 -> mmbench_mmap-pf_high_t4_run1.t0.json
[t5   64s] WARN: strace mmbench_mmap-pf_high_t4: error-multiset DIFFERS under MODE (see /mnt/t5quick/raw/trace/mmbench_mmap-pf_high_t4.err.diff)
[t5   65s] ok: mmbench [mmap-pf/high/t8] arm=base run=1 -> mmbench_mmap-pf_high_t8_run1.base.json
[t5   67s] ok: mmbench [mmap-pf/high/t8] arm=t0 run=1 -> mmbench_mmap-pf_high_t8_run1.t0.json
[t5   68s] ok: mmbench [pf/low/t1] arm=base run=1 -> mmbench_pf_low_t1_run1.base.json
[t5   70s] ok: mmbench [pf/low/t1] arm=t0 run=1 -> mmbench_pf_low_t1_run1.t0.json
[t5   72s] ok: mmbench [pf/low/t4] arm=base run=1 -> mmbench_pf_low_t4_run1.base.json
[t5   73s] ok: mmbench [pf/low/t4] arm=t0 run=1 -> mmbench_pf_low_t4_run1.t0.json
[t5   80s] WARN: strace mmbench_pf_low_t4: error-multiset DIFFERS under MODE (see /mnt/t5quick/raw/trace/mmbench_pf_low_t4.err.diff)
[t5   82s] ok: mmbench [pf/low/t8] arm=base run=1 -> mmbench_pf_low_t8_run1.base.json
[t5   84s] ok: mmbench [pf/low/t8] arm=t0 run=1 -> mmbench_pf_low_t8_run1.t0.json
[t5   86s] ok: mmbench [pf/high/t1] arm=base run=1 -> mmbench_pf_high_t1_run1.base.json
[t5   87s] ok: mmbench [pf/high/t1] arm=t0 run=1 -> mmbench_pf_high_t1_run1.t0.json
[t5   89s] ok: mmbench [pf/high/t4] arm=base run=1 -> mmbench_pf_high_t4_run1.base.json
[t5   91s] ok: mmbench [pf/high/t4] arm=t0 run=1 -> mmbench_pf_high_t4_run1.t0.json
[t5   97s] WARN: strace mmbench_pf_high_t4: error-multiset DIFFERS under MODE (see /mnt/t5quick/raw/trace/mmbench_pf_high_t4.err.diff)
[t5   99s] ok: mmbench [pf/high/t8] arm=base run=1 -> mmbench_pf_high_t8_run1.base.json
[t5  101s] ok: mmbench [pf/high/t8] arm=t0 run=1 -> mmbench_pf_high_t8_run1.t0.json
[t5  102s] ok: mmbench [unmap-virt/low/t1] arm=base run=1 -> mmbench_unmap-virt_low_t1_run1.base.json
[t5  104s] ok: mmbench [unmap-virt/low/t1] arm=t0 run=1 -> mmbench_unmap-virt_low_t1_run1.t0.json
[t5  106s] ok: mmbench [unmap-virt/low/t4] arm=base run=1 -> mmbench_unmap-virt_low_t4_run1.base.json
[t5  107s] ok: mmbench [unmap-virt/low/t4] arm=t0 run=1 -> mmbench_unmap-virt_low_t4_run1.t0.json
[t5  114s] WARN: strace mmbench_unmap-virt_low_t4: error-multiset DIFFERS under MODE (see /mnt/t5quick/raw/trace/mmbench_unmap-virt_low_t4.err.diff)
[t5  115s] ok: mmbench [unmap-virt/low/t8] arm=base run=1 -> mmbench_unmap-virt_low_t8_run1.base.json
[t5  117s] ok: mmbench [unmap-virt/low/t8] arm=t0 run=1 -> mmbench_unmap-virt_low_t8_run1.t0.json
[t5  119s] ok: mmbench [unmap-virt/high/t1] arm=base run=1 -> mmbench_unmap-virt_high_t1_run1.base.json
[t5  120s] ok: mmbench [unmap-virt/high/t1] arm=t0 run=1 -> mmbench_unmap-virt_high_t1_run1.t0.json
[t5  122s] ok: mmbench [unmap-virt/high/t4] arm=base run=1 -> mmbench_unmap-virt_high_t4_run1.base.json
[t5  123s] ok: mmbench [unmap-virt/high/t4] arm=t0 run=1 -> mmbench_unmap-virt_high_t4_run1.t0.json
[t5  130s] strace mmbench_unmap-virt_high_t4: error-multiset equal (base == t0)
[t5  131s] ok: mmbench [unmap-virt/high/t8] arm=base run=1 -> mmbench_unmap-virt_high_t8_run1.base.json
[t5  133s] ok: mmbench [unmap-virt/high/t8] arm=t0 run=1 -> mmbench_unmap-virt_high_t8_run1.t0.json
[t5  135s] ok: mmbench [unmap/low/t1] arm=base run=1 -> mmbench_unmap_low_t1_run1.base.json
[t5  137s] ok: mmbench [unmap/low/t1] arm=t0 run=1 -> mmbench_unmap_low_t1_run1.t0.json
[t5  139s] ok: mmbench [unmap/low/t4] arm=base run=1 -> mmbench_unmap_low_t4_run1.base.json
[t5  141s] ok: mmbench [unmap/low/t4] arm=t0 run=1 -> mmbench_unmap_low_t4_run1.t0.json
[t5  148s] strace mmbench_unmap_low_t4: error-multiset equal (base == t0)
[t5  150s] ok: mmbench [unmap/low/t8] arm=base run=1 -> mmbench_unmap_low_t8_run1.base.json
[t5  152s] ok: mmbench [unmap/low/t8] arm=t0 run=1 -> mmbench_unmap_low_t8_run1.t0.json
[t5  156s] ok: mmbench [unmap/high/t1] arm=base run=1 -> mmbench_unmap_high_t1_run1.base.json
[t5  159s] ok: mmbench [unmap/high/t1] arm=t0 run=1 -> mmbench_unmap_high_t1_run1.t0.json
[t5  162s] ok: mmbench [unmap/high/t4] arm=base run=1 -> mmbench_unmap_high_t4_run1.base.json
[t5  165s] ok: mmbench [unmap/high/t4] arm=t0 run=1 -> mmbench_unmap_high_t4_run1.t0.json
[t5  175s] strace mmbench_unmap_high_t4: error-multiset equal (base == t0)
[t5  178s] ok: mmbench [unmap/high/t8] arm=base run=1 -> mmbench_unmap_high_t8_run1.base.json
[t5  180s] ok: mmbench [unmap/high/t8] arm=t0 run=1 -> mmbench_unmap_high_t8_run1.t0.json
[t5  209s] ok: metis_eq [t8] arm=base run=1 -> metis_eq_run1.base.json
[t5  227s] FAIL: metis_eq [t8] arm=t0 run=1 rc=139 (stderr: metis_eq_run1.t0.json.err)
[t5  239s] strace metis_eq: error-multiset equal (base == t0)
[t5  257s] ok: psearchy_eq [t8] arm=base run=1 -> psearchy_eq_run1.base.json
[t5  263s] FAIL: psearchy_eq [t8] arm=t0 run=1 rc=139 (stderr: psearchy_eq_run1.t0.json.err)
[t5  275s] strace psearchy_eq: error-multiset equal (base == t0)
[t5  301s] ok: dedup_eq [t8/glibc] arm=base run=1 -> dedup_eq_run1.base.json
[t5  301s] FAIL: dedup_eq [t8/glibc] arm=t0 run=1 rc=139 (stderr: dedup_eq_run1.t0.json.err)
[t5  313s] strace dedup_eq: error-multiset equal (base == t0)
[t5  339s] ok: dedup_eq_tcmalloc [t8/tcmalloc] arm=base run=1 -> dedup_eq_tcmalloc_run1.base.json
[t5  647s] ok: dedup_eq_tcmalloc [t8/tcmalloc] arm=t0 run=1 -> dedup_eq_tcmalloc_run1.t0.json
[t5  660s] WARN: strace dedup_eq_tcmalloc: error-multiset DIFFERS under MODE (see /mnt/t5quick/raw/trace/dedup_eq_tcmalloc.err.diff)
[t5  673s] ok: jvm [t2000x3] arm=base run=1 -> jvm_run1.base.json
