[    0.000000] Linux version 6.18.32-gbf2ed6d05794-dirty (ppw@vm) (gcc (Ubuntu 11.4.0-1ubuntu1~22.04.3) 11.4.0, GNU ld (GNU Binutils for Ubuntu) 2.38) #250 SMP PREEMPT_DYNAMIC Sat Sep 26 10:28:13 CST 2026
[    0.000000] Command line: console=ttyS0 panic=-1 kunit.filter_glob=corten* corten=on
[    0.000000] BIOS-provided physical RAM map:
[    0.000000] BIOS-e820: [mem 0x0000000000000000-0x000000000009fbff] usable
[    0.000000] BIOS-e820: [mem 0x000000000009fc00-0x000000000009ffff] reserved
[    0.000000] BIOS-e820: [mem 0x00000000000f0000-0x00000000000fffff] reserved
[    0.000000] BIOS-e820: [mem 0x0000000000100000-0x000000007ffdffff] usable
[    0.000000] BIOS-e820: [mem 0x000000007ffe0000-0x000000007fffffff] reserved
[    0.000000] BIOS-e820: [mem 0x00000000feffc000-0x00000000feffffff] reserved
[    0.000000] BIOS-e820: [mem 0x00000000fffc0000-0x00000000ffffffff] reserved
[    0.000000] NX (Execute Disable) protection: active
[    0.000000] APIC: Static calls initialized
[    0.000000] SMBIOS 2.8 present.
[    0.000000] DMI: QEMU Standard PC (i440FX + PIIX, 1996), BIOS 1.15.0-1 04/01/2014
[    0.000000] DMI: Memory slots populated: 1/1
[    0.000000] Hypervisor detected: KVM
[    0.000000] last_pfn = 0x7ffe0 max_arch_pfn = 0x400000000
[    0.000000] kvm-clock: Using msrs 4b564d01 and 4b564d00
[    0.000006] kvm-clock: using sched offset of 6021097774 cycles
[    0.000011] clocksource: kvm-clock: mask: 0xffffffffffffffff max_cycles: 0x1cd42e4dffb, max_idle_ns: 881590591483 ns
[    0.000018] tsc: Detected 2419.196 MHz processor
[    0.004424] last_pfn = 0x7ffe0 max_arch_pfn = 0x400000000
[    0.004722] MTRR map: 4 entries (3 fixed + 1 variable; max 19), built from 8 variable MTRRs
[    0.004735] x86/PAT: Configuration [0-7]: WB  WC  UC- UC  WB  WP  UC- WT  
[    0.020069] found SMP MP-table at [mem 0x000f5ba0-0x000f5baf]
[    0.020105] Using GB pages for direct mapping
[    0.020287] ACPI: Early table checksum verification disabled
[    0.020296] ACPI: RSDP 0x00000000000F59E0 000014 (v00 BOCHS )
[    0.022001] ACPI: RSDT 0x000000007FFE1A1C 000034 (v01 BOCHS  BXPC     00000001 BXPC 00000001)
[    0.022015] ACPI: FACP 0x000000007FFE18B8 000074 (v01 BOCHS  BXPC     00000001 BXPC 00000001)
[    0.022139] ACPI: DSDT 0x000000007FFE0040 001878 (v01 BOCHS  BXPC     00000001 BXPC 00000001)
[    0.022146] ACPI: FACS 0x000000007FFE0000 000040
[    0.022150] ACPI: APIC 0x000000007FFE192C 000090 (v01 BOCHS  BXPC     00000001 BXPC 00000001)
[    0.022154] ACPI: HPET 0x000000007FFE19BC 000038 (v01 BOCHS  BXPC     00000001 BXPC 00000001)
[    0.022158] ACPI: WAET 0x000000007FFE19F4 000028 (v01 BOCHS  BXPC     00000001 BXPC 00000001)
[    0.022162] ACPI: Reserving FACP table memory at [mem 0x7ffe18b8-0x7ffe192b]
[    0.022165] ACPI: Reserving DSDT table memory at [mem 0x7ffe0040-0x7ffe18b7]
[    0.022167] ACPI: Reserving FACS table memory at [mem 0x7ffe0000-0x7ffe003f]
[    0.022168] ACPI: Reserving APIC table memory at [mem 0x7ffe192c-0x7ffe19bb]
[    0.022169] ACPI: Reserving HPET table memory at [mem 0x7ffe19bc-0x7ffe19f3]
[    0.022170] ACPI: Reserving WAET table memory at [mem 0x7ffe19f4-0x7ffe1a1b]
[    0.027722] No NUMA configuration found
[    0.027729] Faking a node at [mem 0x0000000000000000-0x000000007ffdffff]
[    0.027740] NODE_DATA(0) allocated [mem 0x7ffdc140-0x7ffdffff]
[    0.030578] Zone ranges:
[    0.030583]   DMA      [mem 0x0000000000001000-0x0000000000ffffff]
[    0.030590]   DMA32    [mem 0x0000000001000000-0x000000007ffdffff]
[    0.030593]   Normal   empty
[    0.030596] Movable zone start for each node
[    0.030597] Early memory node ranges
[    0.030598]   node   0: [mem 0x0000000000001000-0x000000000009efff]
[    0.030602]   node   0: [mem 0x0000000000100000-0x000000007ffdffff]
[    0.030606] Initmem setup node 0 [mem 0x0000000000001000-0x000000007ffdffff]
[    0.032111] On node 0, zone DMA: 1 pages in unavailable ranges
[    0.049821] On node 0, zone DMA: 97 pages in unavailable ranges
[    1.728135] On node 0, zone DMA32: 32 pages in unavailable ranges
[    1.728988] ACPI: PM-Timer IO Port: 0x608
[    1.729018] ACPI: LAPIC_NMI (acpi_id[0xff] dfl dfl lint[0x1])
[    1.732011] IOAPIC[0]: apic_id 0, version 17, address 0xfec00000, GSI 0-23
[    1.732018] ACPI: INT_SRC_OVR (bus 0 bus_irq 0 global_irq 2 dfl dfl)
[    1.732020] ACPI: INT_SRC_OVR (bus 0 bus_irq 5 global_irq 5 high level)
[    1.732021] ACPI: INT_SRC_OVR (bus 0 bus_irq 9 global_irq 9 high level)
[    1.732022] ACPI: INT_SRC_OVR (bus 0 bus_irq 10 global_irq 10 high level)
[    1.732023] ACPI: INT_SRC_OVR (bus 0 bus_irq 11 global_irq 11 high level)
[    1.732025] ACPI: Using ACPI (MADT) for SMP configuration information
[    1.732026] ACPI: HPET id: 0x8086a201 base: 0xfed00000
[    1.732030] TSC deadline timer available
[    1.732034] CPU topo: Max. logical packages:   1
[    1.732035] CPU topo: Max. logical dies:       1
[    1.732035] CPU topo: Max. dies per package:   1
[    1.732038] CPU topo: Max. threads per core:   1
[    1.732039] CPU topo: Num. cores per package:     4
[    1.732039] CPU topo: Num. threads per package:   4
[    1.732040] CPU topo: Allowing 4 present CPUs plus 0 hotplug CPUs
[    1.732069] kvm-guest: APIC: eoi() replaced with kvm_guest_apic_eoi_write()
[    1.732106] kvm-guest: KVM setup pv remote TLB flush
[    1.732162] kvm-guest: setup PV sched yield
[    1.732169] PM: hibernation: Registered nosave memory: [mem 0x00000000-0x00000fff]
[    1.732170] PM: hibernation: Registered nosave memory: [mem 0x0009f000-0x000fffff]
[    1.732172] [mem 0x80000000-0xfeffbfff] available for PCI devices
[    1.732173] Booting paravirtualized kernel on KVM
[    1.732175] clocksource: refined-jiffies: mask: 0xffffffff max_cycles: 0xffffffff, max_idle_ns: 1910969940391419 ns
[    1.739164] setup_percpu: NR_CPUS:64 nr_cpumask_bits:4 nr_cpu_ids:4 nr_node_ids:1
[    1.833199] percpu: Embedded 54 pages/cpu s182680 r8192 d30312 u524288
[    1.833561] Kernel command line: console=ttyS0 panic=-1 kunit.filter_glob=corten* corten=on
[    1.833626] corten: requested on, activating at initcall time
[    1.833648] random: crng init done
[    1.833650] printk: log buffer data + meta data: 262144 + 917504 = 1179648 bytes
[    1.934333] Dentry cache hash table entries: 262144 (order: 9, 2097152 bytes, linear)
[    1.986397] Inode-cache hash table entries: 131072 (order: 8, 1048576 bytes, linear)
[    1.990068] Fallback order for Node 0: 0 
[    1.990073] Built 1 zonelists, mobility grouping on.  Total pages: 524158
[    1.990074] Policy zone: DMA32
[    1.990077] mem auto-init: stack:off, heap alloc:off, heap free:off
[    1.997045] SLUB: HWalign=64, Order=0-3, MinObjects=0, CPUs=4, Nodes=1
[    1.999270] Dynamic Preempt: voluntary
[    2.003155] rcu: Preemptible hierarchical RCU implementation.
[    2.003159] rcu: 	RCU event tracing is enabled.
[    2.003160] rcu: 	RCU restricting CPUs from NR_CPUS=64 to nr_cpu_ids=4.
[    2.003165] 	Trampoline variant of Tasks RCU enabled.
[    2.003166] 	Tracing variant of Tasks RCU enabled.
[    2.003167] rcu: RCU calculated value of scheduler-enlistment delay is 100 jiffies.
[    2.003169] rcu: Adjusting geometry for rcu_fanout_leaf=16, nr_cpu_ids=4
[    2.003187] RCU Tasks: Setting shift to 2 and lim to 1 rcu_task_cb_adjust=1 rcu_task_cpu_ids=4.
[    2.003191] RCU Tasks Trace: Setting shift to 2 and lim to 1 rcu_task_cb_adjust=1 rcu_task_cpu_ids=4.
[    2.033192] NR_IRQS: 4352, nr_irqs: 456, preallocated irqs: 16
[    2.072214] rcu: srcu_init: Setting srcu_struct sizes based on contention.
[    2.136750] Console: colour VGA+ 80x25
[    2.136839] printk: legacy console [ttyS0] enabled
[    2.732478] ACPI: Core revision 20250807
[    2.735166] clocksource: hpet: mask: 0xffffffff max_cycles: 0xffffffff, max_idle_ns: 19112604467 ns
[    2.740255] APIC: Switch to symmetric I/O mode setup
[    2.747935] x2apic enabled
[    2.752269] APIC: Switched APIC routing to: physical x2apic
[    2.754518] kvm-guest: APIC: send_IPI_mask() replaced with kvm_send_ipi_mask()
[    2.760666] kvm-guest: APIC: send_IPI_mask_allbutself() replaced with kvm_send_ipi_mask_allbutself()
[    2.767769] kvm-guest: setup PV IPIs
[    2.791388] ..TIMER: vector=0x30 apic1=0 pin1=2 apic2=-1 pin2=-1
[    2.797237] clocksource: tsc-early: mask: 0xffffffffffffffff max_cycles: 0x22df0d21928, max_idle_ns: 440795225288 ns
[    2.808317] Calibrating delay loop (skipped) preset value.. 4838.39 BogoMIPS (lpj=2419196)
[    2.811306] x86/cpu: User Mode Instruction Prevention (UMIP) activated
[    2.812818] Last level iTLB entries: 4KB 0, 2MB 0, 4MB 0
[    2.813312] Last level dTLB entries: 4KB 0, 2MB 0, 4MB 0, 1GB 0
[    2.814357] mitigations: Enabled attack vectors: user_kernel, user_user, SMT mitigations: auto
[    2.815316] Speculative Store Bypass: Mitigation: Speculative Store Bypass disabled via prctl
[    2.816319] Spectre V2 : Mitigation: Enhanced / Automatic IBRS
[    2.817325] ITS: Mitigation: Aligned branch/return thunks
[    2.818314] Spectre V1 : Mitigation: usercopy/swapgs barriers and __user pointer sanitization
[    2.819366] Spectre V2 : Spectre v2 / PBRSB-eIBRS: Retire a single CALL on VMEXIT
[    2.820329] Spectre V2 : mitigation: Enabling conditional Indirect Branch Prediction Barrier
[    2.821324] active return thunk: its_return_thunk
[    2.822682] x86/fpu: Supporting XSAVE feature 0x001: 'x87 floating point registers'
[    2.823328] x86/fpu: Supporting XSAVE feature 0x002: 'SSE registers'
[    2.824324] x86/fpu: Supporting XSAVE feature 0x004: 'AVX registers'
[    2.825318] x86/fpu: Supporting XSAVE feature 0x200: 'Protection Keys User registers'
[    2.826322] x86/fpu: xstate_offset[2]:  576, xstate_sizes[2]:  256
[    2.827326] x86/fpu: xstate_offset[9]:  832, xstate_sizes[9]:    8
[    2.828412] x86/fpu: Enabled xstate features 0x207, context size is 840 bytes, using 'compacted' format.
[    2.966306] Freeing SMP alternatives memory: 64K
[    2.966326] pid_max: default: 32768 minimum: 301
[    2.967379] LSM: initializing lsm=capability,selinux
[    2.968457] SELinux:  Initializing.
[    2.972440] Mount-cache hash table entries: 4096 (order: 3, 32768 bytes, linear)
[    2.975071] Mountpoint-cache hash table entries: 4096 (order: 3, 32768 bytes, linear)
[    3.000967] smpboot: CPU0: 13th Gen Intel(R) Core(TM) i9-13900HX (family: 0x6, model: 0xb7, stepping: 0x1)
[    3.008306] Performance Events: Alderlake Hybrid events, core PMU driver.
[    3.011530] core: CPUID marked event: 'cpu cycles' unavailable
[    3.012319] core: CPUID marked event: 'instructions' unavailable
[    3.013368] core: CPUID marked event: 'bus cycles' unavailable
[    3.014363] core: CPUID marked event: 'cache references' unavailable
[    3.015348] core: CPUID marked event: 'cache misses' unavailable
[    3.016350] core: CPUID marked event: 'branch instructions' unavailable
[    3.017322] core: CPUID marked event: 'branch misses' unavailable
[    3.018496] core: The event 0x100 is not supported as a normal event.
[    3.019360] core: The event 0x300 is not supported as a normal event.
[    3.020322] core: The event 0x400 is not supported as a normal event.
[    3.021322] core: The event 0x8000 is not supported as a normal event.
[    3.022323] core: The event 0x8100 is not supported as a normal event.
[    3.023364] core: The event 0x8200 is not supported as a normal event.
[    3.024364] core: The event 0x8300 is not supported as a normal event.
[    3.025447] core: The event 0x8400 is not supported as a normal event.
[    3.026357] core: The event 0x8500 is not supported as a normal event.
[    3.027356] core: The event 0x8600 is not supported as a normal event.
[    3.028323] core: The event 0x8700 is not supported as a normal event.
[    3.029854] core: cpu_core PMU driver: 
[    3.030354] ... version:                   1
[    3.031323] ... bit width:                 48
[    3.032322] ... generic counters:          6
[    3.033371] ... generic bitmap:            000000000000003f
[    3.034364] ... fixed-purpose counters:    0
[    3.035335] ... fixed-purpose bitmap:      0000000000000000
[    3.036367] ... value mask:                0000ffffffffffff
[    3.037361] ... max period:                000000007fffffff
[    3.038366] ... global_ctrl mask:          000100000000003f
[    3.040964] signal: max sigframe size: 3632
[    3.042358] rcu: Hierarchical SRCU implementation.
[    3.043326] rcu: 	Max phase no-delay instances is 400.
[    3.047729] Timer migration: 1 hierarchy levels; 8 children per group; 1 crossnode level
[    3.057657] corten: page descriptors enabled
[    3.061496] smp: Bringing up secondary CPUs ...
[    3.067979] smpboot: x86: Booting SMP configuration:
[    3.068358] .... node  #0, CPUs:      #1 #2 #3
[    3.095784] smp: Brought up 1 node, 4 CPUs
[    3.097356] smpboot: Total of 4 processors activated (19353.56 BogoMIPS)
[    3.100434] Memory: 2004912K/2096632K available (21674K kernel code, 3203K rwdata, 9120K rodata, 3284K init, 1144K bss, 84532K reserved, 0K cma-reserved)
[    3.107736] devtmpfs: initialized
[    3.124323] clocksource: jiffies: mask: 0xffffffff max_cycles: 0xffffffff, max_idle_ns: 1911260446275000 ns
[    3.125333] posixtimers hash table entries: 2048 (order: 3, 32768 bytes, linear)
[    3.131606] futex hash table entries: 1024 (65536 bytes on 1 NUMA nodes, total 64 KiB, linear).
[    3.134320] PM: RTC time: 02:32:35, date: 2026-09-26
[    3.192933] NET: Registered PF_NETLINK/PF_ROUTE protocol family
[    3.194412] audit: initializing netlink subsys (disabled)
[    3.196841] audit: type=2000 audit(1790389955.499:1): state=initialized audit_enabled=0 res=1
[    3.199378] thermal_sys: Registered thermal governor 'step_wise'
[    3.200494] cpuidle: using governor menu
[    3.204578] PCI: Using configuration type 1 for base access
[    3.209811] kprobes: kprobe jump-optimization is enabled. All kprobes are optimized if possible.
[    3.222821] HugeTLB: registered 2.00 MiB page size, pre-allocated 0 pages
[    3.226362] HugeTLB: 28 KiB vmemmap can be freed for a 2.00 MiB page
[    3.265580] ACPI: Added _OSI(Module Device)
[    3.267364] ACPI: Added _OSI(Processor Device)
[    3.269357] ACPI: Added _OSI(Processor Aggregator Device)
[    3.274803] ACPI: 1 ACPI AML tables successfully acquired and loaded
[    3.289290] ACPI: Interpreter enabled
[    3.291383] ACPI: PM: (supports S0 S3 S4 S5)
[    3.295365] ACPI: Using IOAPIC for interrupt routing
[    3.305857] PCI: Using host bridge windows from ACPI; if necessary, use "pci=nocrs" and report a bug
[    3.312358] PCI: Using E820 reservations for host bridge windows
[    3.318751] ACPI: Enabled 2 GPEs in block 00 to 0F
[    3.341548] ACPI: PCI Root Bridge [PCI0] (domain 0000 [bus 00-ff])
[    3.347386] acpi PNP0A03:00: _OSC: OS supports [ASPM ClockPM Segments MSI HPX-Type3]
[    3.351363] acpi PNP0A03:00: _OSC: not requesting OS control; OS requires [ExtendedConfig ASPM ClockPM MSI]
[    3.358412] acpi PNP0A03:00: fail to add MMCONFIG information, can't access extended configuration space under this bridge
[    3.369923] PCI host bridge to bus 0000:00
[    3.373364] pci_bus 0000:00: root bus resource [io  0x0000-0x0cf7 window]
[    3.384329] pci_bus 0000:00: root bus resource [io  0x0d00-0xffff window]
[    3.391365] pci_bus 0000:00: root bus resource [mem 0x000a0000-0x000bffff window]
[    3.397362] pci_bus 0000:00: root bus resource [mem 0x80000000-0xfebfffff window]
[    3.403373] pci_bus 0000:00: root bus resource [mem 0x100000000-0x17fffffff window]
[    3.410400] pci_bus 0000:00: root bus resource [bus 00-ff]
[    3.414217] pci 0000:00:00.0: [8086:1237] type 00 class 0x060000 conventional PCI endpoint
[    3.423377] pci 0000:00:01.0: [8086:7000] type 00 class 0x060100 conventional PCI endpoint
[    3.431884] pci 0000:00:01.1: [8086:7010] type 00 class 0x010180 conventional PCI endpoint
[    3.440761] pci 0000:00:01.1: BAR 4 [io  0xc040-0xc04f]
[    3.444729] pci 0000:00:01.1: BAR 0 [io  0x01f0-0x01f7]: legacy IDE quirk
[    3.449367] pci 0000:00:01.1: BAR 1 [io  0x03f6]: legacy IDE quirk
[    3.456372] pci 0000:00:01.1: BAR 2 [io  0x0170-0x0177]: legacy IDE quirk
[    3.463365] pci 0000:00:01.1: BAR 3 [io  0x0376]: legacy IDE quirk
[    3.468306] pci 0000:00:01.3: [8086:7113] type 00 class 0x068000 conventional PCI endpoint
[    3.482389] pci 0000:00:01.3: quirk: [io  0x0600-0x063f] claimed by PIIX4 ACPI
[    3.487399] pci 0000:00:01.3: quirk: [io  0x0700-0x070f] claimed by PIIX4 SMB
[    3.494241] pci 0000:00:02.0: [1234:1111] type 00 class 0x030000 conventional PCI endpoint
[    3.517824] pci 0000:00:02.0: BAR 0 [mem 0xfd000000-0xfdffffff pref]
[    3.527535] pci 0000:00:02.0: BAR 2 [mem 0xfebb0000-0xfebb0fff]
[    3.531913] pci 0000:00:02.0: ROM [mem 0xfeba0000-0xfebaffff pref]
[    3.548302] pci 0000:00:02.0: Video device with shadowed ROM at [mem 0x000c0000-0x000dffff]
[    3.602995] pci 0000:00:03.0: [8086:100e] type 00 class 0x020000 conventional PCI endpoint
[    3.618374] pci 0000:00:03.0: BAR 0 [mem 0xfeb80000-0xfeb9ffff]
[    3.624455] pci 0000:00:03.0: BAR 1 [io  0xc000-0xc03f]
[    3.628864] pci 0000:00:03.0: ROM [mem 0xfeb00000-0xfeb7ffff pref]
[    3.653947] ACPI: PCI: Interrupt link LNKA configured for IRQ 10
[    3.655818] ACPI: PCI: Interrupt link LNKB configured for IRQ 10
[    3.660131] ACPI: PCI: Interrupt link LNKC configured for IRQ 11
[    3.663062] ACPI: PCI: Interrupt link LNKD configured for IRQ 11
[    3.664468] ACPI: PCI: Interrupt link LNKS configured for IRQ 9
[    3.684571] iommu: Default domain type: Translated
[    3.687358] iommu: DMA domain TLB invalidation policy: lazy mode
[    3.709251] SCSI subsystem initialized
[    3.731135] ACPI: bus type USB registered
[    3.737817] usbcore: registered new interface driver usbfs
[    3.740692] usbcore: registered new interface driver hub
[    3.746359] usbcore: registered new device driver usb
[    3.756166] pps_core: LinuxPPS API ver. 1 registered
[    3.758323] pps_core: Software ver. 5.3.6 - Copyright 2005-2007 Rodolfo Giometti <giometti@linux.it>
[    3.762379] PTP clock support registered
[    3.774296] Advanced Linux Sound Architecture Driver Initialized.
[    3.813107] NetLabel: Initializing
[    3.817376] NetLabel:  domain hash size = 128
[    3.822360] NetLabel:  protocols = UNLABELED CIPSOv4 CALIPSO
[    3.830125] NetLabel:  unlabeled traffic allowed by default
[    3.846494] PCI: Using ACPI for IRQ routing
[    3.856942] pci 0000:00:02.0: vgaarb: setting as boot VGA device
[    3.857306] pci 0000:00:02.0: vgaarb: bridge control possible
[    3.857306] pci 0000:00:02.0: vgaarb: VGA device added: decodes=io+mem,owns=io+mem,locks=none
[    3.875365] vgaarb: loaded
[    3.890744] hpet0: at MMIO 0xfed00000, IRQs 2, 8, 0
[    3.895358] hpet0: 3 comparators, 64-bit 100.000000 MHz counter
[    3.912863] clocksource: Switched to clocksource kvm-clock
[    4.031480] VFS: Disk quotas dquot_6.6.0
[    4.036852] VFS: Dquot-cache hash table entries: 512 (order 0, 4096 bytes)
[    4.065422] pnp: PnP ACPI init
[    4.076516] pnp: PnP ACPI: found 6 devices
[    4.226737] clocksource: acpi_pm: mask: 0xffffff max_cycles: 0xffffff, max_idle_ns: 2085701024 ns
[    4.239582] NET: Registered PF_INET protocol family
[    4.264903] IP idents hash table entries: 32768 (order: 6, 262144 bytes, linear)
[    4.298604] tcp_listen_portaddr_hash hash table entries: 1024 (order: 2, 16384 bytes, linear)
[    4.309286] Table-perturb hash table entries: 65536 (order: 6, 262144 bytes, linear)
[    4.319693] TCP established hash table entries: 16384 (order: 5, 131072 bytes, linear)
[    4.345781] TCP bind hash table entries: 16384 (order: 7, 524288 bytes, linear)
[    4.393167] TCP: Hash tables configured (established 16384 bind 16384)
[    4.411208] UDP hash table entries: 1024 (order: 4, 65536 bytes, linear)
[    4.422050] UDP-Lite hash table entries: 1024 (order: 4, 65536 bytes, linear)
[    4.440568] NET: Registered PF_UNIX/PF_LOCAL protocol family
[    4.471977] RPC: Registered named UNIX socket transport module.
[    4.479940] RPC: Registered udp transport module.
[    4.484746] RPC: Registered tcp transport module.
[    4.489232] RPC: Registered tcp-with-tls transport module.
[    4.495329] RPC: Registered tcp NFSv4.1 backchannel transport module.
[    4.508304] pci_bus 0000:00: resource 4 [io  0x0000-0x0cf7 window]
[    4.514494] pci_bus 0000:00: resource 5 [io  0x0d00-0xffff window]
[    4.517923] pci_bus 0000:00: resource 6 [mem 0x000a0000-0x000bffff window]
[    4.522691] pci_bus 0000:00: resource 7 [mem 0x80000000-0xfebfffff window]
[    4.526313] pci_bus 0000:00: resource 8 [mem 0x100000000-0x17fffffff window]
[    4.530005] pci 0000:00:01.0: PIIX3: Enabling Passive Release
[    4.533622] pci 0000:00:00.0: Limiting direct PCI/PCI transfers
[    4.538576] PCI: CLS 0 bytes, default 64
[    4.547964] RAPL PMU: API unit is 2^-32 Joules, 0 fixed counters, 10737418240 ms ovfl timer
[    4.551015] clocksource: tsc: mask: 0xffffffffffffffff max_cycles: 0x22df0d21928, max_idle_ns: 440795225288 ns
[    4.571944] Initialise system trusted keyrings
[    4.580883] workingset: timestamp_bits=40 max_order=19 bucket_order=0
[    4.603449] NFS: Registering the id_resolver key type
[    4.608018] Key type id_resolver registered
[    4.613509] Key type id_legacy registered
[    4.617902] 9p: Installing v9fs 9p2000 file system support
[    4.697567] Key type asymmetric registered
[    4.703010] Asymmetric key parser 'x509' registered
[    4.716579] Block layer SCSI generic (bsg) driver version 0.4 loaded (major 251)
[    4.728716] io scheduler mq-deadline registered
[    4.734207] io scheduler kyber registered
[    4.744374] input: Power Button as /devices/LNXSYSTM:00/LNXPWRBN:00/input/input0
[    4.757656] ACPI: button: Power Button [PWRF]
[    4.775340] Serial: 8250/16550 driver, 4 ports, IRQ sharing enabled
[    4.787692] 00:04: ttyS0 at I/O 0x3f8 (irq = 4, base_baud = 115200) is a 16550A
[    4.831513] Non-volatile memory driver v1.3
[    4.837121] Linux agpgart interface v0.103
[    5.230709] ACPI: bus type drm_connector registered
[    5.473580] loop: module loaded
[    5.480850] zram: Added device: zram0
[    5.514833] scsi host0: ata_piix
[    5.527722] scsi host1: ata_piix
[    5.532756] ata1: PATA max MWDMA2 cmd 0x1f0 ctl 0x3f6 bmdma 0xc040 irq 14 lpm-pol 0
[    5.540115] ata2: PATA max MWDMA2 cmd 0x170 ctl 0x376 bmdma 0xc048 irq 15 lpm-pol 0
[    5.552156] tun: Universal TUN/TAP device driver, 1.6
[    5.555686] e100: Intel(R) PRO/100 Network Driver
[    5.557923] e100: Copyright(c) 1999-2006 Intel Corporation
[    5.561198] e1000: Intel(R) PRO/1000 Network Driver
[    5.564881] e1000: Copyright (c) 1999-2006 Intel Corporation.
[    5.593455] ACPI: \_SB_.LNKC: Enabled at IRQ 11
[    5.709608] ata2: found unknown device (class 0)
[    5.716529] ata2.00: ATAPI: QEMU DVD-ROM, 2.5+, max UDMA/100
[    5.743889] scsi 1:0:0:0: CD-ROM            QEMU     QEMU DVD-ROM     2.5+ PQ: 0 ANSI: 5
[    5.798300] sr 1:0:0:0: [sr0] scsi3-mmc drive: 4x/4x cd/rw xa/form2 tray
[    5.806266] cdrom: Uniform CD-ROM driver Revision: 3.20
[    5.843885] sr 1:0:0:0: Attached scsi generic sg0 type 5
[    6.824549] e1000 0000:00:03.0 eth0: (PCI:33MHz:32-bit) 52:54:00:12:34:56
[    6.836412] e1000 0000:00:03.0 eth0: Intel(R) PRO/1000 Network Connection
[    6.848310] e1000e: Intel(R) PRO/1000 Network Driver
[    6.854433] e1000e: Copyright(c) 1999 - 2015 Intel Corporation.
[    6.867987] sky2: driver version 1.30
[    6.883868] usbcore: registered new interface driver usblp
[    6.893881] usbcore: registered new interface driver usb-storage
[    6.906401] i8042: PNP: PS/2 Controller [PNP0303:KBD,PNP0f13:MOU] at 0x60,0x64 irq 1,12
[    6.931295] serio: i8042 KBD port at 0x60,0x64 irq 1
[    6.935796] serio: i8042 AUX port at 0x60,0x64 irq 12
[    6.946294] rtc_cmos 00:05: RTC can wake from S4
[    6.947578] input: AT Translated Set 2 keyboard as /devices/platform/i8042/serio0/input/input1
[    6.968086] rtc_cmos 00:05: registered as rtc0
[    6.978588] rtc_cmos 00:05: alarms up to one day, y3k, 242 bytes nvram, hpet irqs
[    7.001507] device-mapper: ioctl: 4.50.0-ioctl (2025-04-28) initialised: dm-devel@lists.linux.dev
[    7.038646] intel_pstate: CPU model not supported
[    7.052607] hid: raw HID events driver (C) Jiri Kosina
[    7.066562] usbcore: registered new interface driver usbhid
[    7.071883] usbhid: USB HID core driver
[    7.176650] xt_time: kernel timezone is -0000
[    7.185404] Initializing XFRM netlink socket
[    7.190961] NET: Registered PF_INET6 protocol family
[    7.213979] Segment Routing with IPv6
[    7.216100] In-situ OAM (IOAM) with IPv6
[    7.223331] sit: IPv6, IPv4 and MPLS over IPv4 tunneling driver
[    7.232233] NET: Registered PF_PACKET protocol family
[    7.238937] NET: Registered PF_KEY protocol family
[    7.247822] 9pnet: Installing 9P2000 support
[    7.253784] Key type dns_resolver registered
[    7.263069] NET: Registered PF_VSOCK protocol family
[    7.280777] IPI shorthand broadcast: enabled
[    7.331667] sched_clock: Marking stable (6607178486, 724072266)->(8599441439, -1268190687)
[    7.353065] registered taskstats version 1
[    7.369062] Loading compiled-in X.509 certificates
[    7.447464] Demotion targets for Node 0: null
[    7.451743] Key type .fscrypt registered
[    7.459581] Key type fscrypt-provisioning registered
[    7.479019] PM:   Magic number: 10:659:511
[    7.485506] pci 0000:00:01.3: hash matches
[    7.497666] netconsole: network logging started
[    7.506533] cfg80211: Loading compiled-in X.509 certificates for regulatory database
[    7.540648] kworker/u16:1 (73) used greatest stack depth: 14272 bytes left
[    7.555445] Loaded X.509 cert 'sforshee: 00b28ddf47aef9cea7'
[    7.568911] Loaded X.509 cert 'wens: 61c038651aabdcf94bd0ac7ff06c7248db18c600'
[    7.570995] input: ImExPS/2 Generic Explorer Mouse as /devices/platform/i8042/serio1/input/input3
[    7.582486] faux_driver regulatory: Direct firmware load for regulatory.db failed with error -2
[    7.586570] ALSA device list:
[    7.596077] cfg80211: failed to load regulatory.db
[    7.610134]   No soundcards found.
[    7.613144] KTAP version 1
[    7.616012] 1..3
[    7.618915]     KTAP version 1
[    7.620065]     # Subtest: corten
[    7.621109]     # module: corten_test
[    7.621111]     1..25
[    7.627568]     ok 1 corten_test_layout # SKIP corten=on boot
[    7.630495]     ok 2 corten_test_ptdesc_get_put
[    7.637244]     ok 3 corten_test_meta_roundtrip
[    7.645333]     ok 4 corten_test_meta_reinit_cleared
[    7.658515]     ok 5 corten_test_covering_level
[    7.667757]     ok 6 corten_test_covering_base_index
[    7.679903]     ok 7 corten_test_txn_covering
[    7.688316]     ok 8 corten_test_txn_hole
[    7.697141]     ok 9 corten_test_txn_stale_eagain
[    7.705532]     ok 10 corten_test_lock_range_args
[    7.715863]     ok 11 corten_test_txn_state_machine
[    7.724642]     ok 12 corten_test_txn_atomic_validate
[    7.742667]     ok 13 corten_test_txn_real_glue
[    7.811024]     ok 14 corten_test_txn_mutex_overlap
[    7.849296]     ok 15 corten_test_txn_mutex_disjoint
[    7.858818]     ok 16 corten_test_fail_alloc
[    7.871642]     ok 17 corten_test_txn_hole_fill
[    7.887310]     ok 18 corten_test_txn_hole_race
[    8.130665]     ok 19 corten_test_txn_uninstall_interlock
[    8.140585]     ok 20 corten_test_uninstall_bh_ctx
[    8.150565] ------------[ cut here ]------------
[    8.159673] WARNING: CPU: 2 PID: 125 at mm/corten.c:865 corten_txn_begin+0x191/0x4b0
[    8.172992] Modules linked in:
[    8.175728] CPU: 2 UID: 0 PID: 125 Comm: kunit_try_catch Tainted: G                 N  6.18.32-gbf2ed6d05794-dirty #250 PREEMPT(voluntary) 
[    8.190630] Tainted: [N]=TEST
[    8.192523] Hardware name: QEMU Standard PC (i440FX + PIIX, 1996), BIOS 1.15.0-1 04/01/2014
[    8.199967] RIP: 0010:corten_txn_begin+0x191/0x4b0
[    8.206226] Code: 02 00 00 4c 89 ff 48 89 04 24 e8 0a 18 f9 00 4c 89 ff e8 12 1a f9 00 48 8b 04 24 41 0f b6 4f 25 38 48 25 0f 87 65 ff ff ff 90 <0f> 0b 90 41 80 7e 48 04 0f 86 61 ff ff ff 90 0f 0b 90 48 89 c7 e8
[    8.229502] RSP: 0000:ffff9562803ffda0 EFLAGS: 00010246
[    8.236824] RAX: ffff89fb81c74f00 RBX: 0000000000000fff RCX: 0000000000000002
[    8.246073] RDX: 0000000000000003 RSI: 0000000000000019 RDI: ffff89fb821711c0
[    8.255605] RBP: 0000000000000000 R08: ffff89fb81db7800 R09: ffff9562803ffe00
[    8.263395] R10: ffff9562803ffd58 R11: 0000000000000000 R12: ffffffff9143e990
[    8.271343] R13: ffff89fb81db7800 R14: ffff9562803ffe00 R15: ffff89fb82325900
[    8.279365] FS:  0000000000000000(0000) GS:ffff89fc6b25c000(0000) knlGS:0000000000000000
[    8.284554] CS:  0010 DS: 0000 ES: 0000 CR0: 0000000080050033
[    8.287350] CR2: 0000000000000000 CR3: 0000000068c30001 CR4: 0000000000770ef0
[    8.292786] PKRU: 55555554
[    8.294484] Call Trace:
[    8.298825]  <TASK>
[    8.300370]  ? __pfx_kunit_generic_run_threadfn_adapter+0x10/0x10
[    8.311462]  corten_test_txn_path_overflow+0xb5/0x2a0
[    8.315864]  ? psi_task_switch+0x107/0x290
[    8.320925]  kunit_try_run_case+0x6f/0x150
[    8.329621]  ? __pfx_kunit_generic_run_threadfn_adapter+0x10/0x10
[    8.337719]  kunit_generic_run_threadfn_adapter+0x1c/0x40
[    8.344638]  kthread+0xff/0x1f0
[    8.348269]  ? __pfx_kthread+0x10/0x10
[    8.354614]  ? __pfx_kthread+0x10/0x10
[    8.359861]  ret_from_fork+0x144/0x160
[    8.368053]  ? __pfx_kthread+0x10/0x10
[    8.372540]  ret_from_fork_asm+0x1a/0x30
[    8.377451]  </TASK>
[    8.379927] ---[ end trace 0000000000000000 ]---
[    8.384524] ------------[ cut here ]------------
[    8.389858] WARNING: CPU: 2 PID: 125 at mm/corten.c:812 corten_txn_begin+0x1a0/0x4b0
[    8.398893] Modules linked in:
[    8.403710] CPU: 2 UID: 0 PID: 125 Comm: kunit_try_catch Tainted: G        W        N  6.18.32-gbf2ed6d05794-dirty #250 PREEMPT(voluntary) 
[    8.422762] Tainted: [W]=WARN, [N]=TEST
[    8.425837] Hardware name: QEMU Standard PC (i440FX + PIIX, 1996), BIOS 1.15.0-1 04/01/2014
[    8.439997] RIP: 0010:corten_txn_begin+0x1a0/0x4b0
[    8.444909] Code: 4c 89 ff e8 12 1a f9 00 48 8b 04 24 41 0f b6 4f 25 38 48 25 0f 87 65 ff ff ff 90 0f 0b 90 41 80 7e 48 04 0f 86 61 ff ff ff 90 <0f> 0b 90 48 89 c7 e8 c5 f5 ff ff 41 0f b6 46 48 84 c0 74 28 83 e8
[    8.468420] RSP: 0000:ffff9562803ffda0 EFLAGS: 00010202
[    8.474950] RAX: ffff89fb82df30c0 RBX: 0000000000000fff RCX: 0000000000000002
[    8.484137] RDX: 0000000000000003 RSI: 0000000000000031 RDI: ffff89fb821711c0
[    8.493231] RBP: 0000000000000000 R08: ffff89fb81db7800 R09: ffff9562803ffe00
[    8.500231] R10: ffff9562803ffd58 R11: 0000000000000000 R12: ffffffff9143e990
[    8.507976] R13: ffff89fb81db7800 R14: ffff9562803ffe00 R15: ffff89fb82df3060
[    8.517663] FS:  0000000000000000(0000) GS:ffff89fc6b25c000(0000) knlGS:0000000000000000
[    8.528893] CS:  0010 DS: 0000 ES: 0000 CR0: 0000000080050033
[    8.537541] CR2: 0000000000000000 CR3: 0000000068c30001 CR4: 0000000000770ef0
[    8.549045] PKRU: 55555554
[    8.552755] Call Trace:
[    8.554632]  <TASK>
[    8.557307]  ? __pfx_kunit_generic_run_threadfn_adapter+0x10/0x10
[    8.565026]  corten_test_txn_path_overflow+0xb5/0x2a0
[    8.570266]  ? psi_task_switch+0x107/0x290
[    8.575028]  kunit_try_run_case+0x6f/0x150
[    8.580122]  ? __pfx_kunit_generic_run_threadfn_adapter+0x10/0x10
[    8.587124]  kunit_generic_run_threadfn_adapter+0x1c/0x40
[    8.593011]  kthread+0xff/0x1f0
[    8.597544]  ? __pfx_kthread+0x10/0x10
[    8.603021]  ? __pfx_kthread+0x10/0x10
[    8.609444]  ret_from_fork+0x144/0x160
[    8.614084]  ? __pfx_kthread+0x10/0x10
[    8.619916]  ret_from_fork_asm+0x1a/0x30
[    8.623485]  </TASK>
[    8.624398] ---[ end trace 0000000000000000 ]---
[    8.629553] kunit_try_catch (125) used greatest stack depth: 13520 bytes left
[    8.631334]     ok 21 corten_test_txn_path_overflow
[    8.642024]     ok 22 corten_test_txn_child_err
[    8.646602]     ok 23 corten_test_real_huge_leaf
[    8.654722]     ok 24 corten_test_full_window_atomic
[    8.660926]     ok 25 corten_test_debugfs_content
[    8.664332] # corten: pass:24 fail:0 skip:1 total:25
[    8.670384] # Totals: pass:24 fail:0 skip:1 total:25
[    8.674751] ok 1 corten
[    8.678737]     KTAP version 1
[    8.680948]     # Subtest: corten_arena
[    8.682689]     # module: corten_arena_test
[    8.682692]     1..116
[    8.698816]     ok 1 corten_arena_test_sweep_anon_resident
[    8.711563]     ok 2 corten_arena_test_sweep_file_resident
[    8.723058]     ok 3 corten_arena_test_sweep_skip_taxonomy
[    8.735437]     ok 4 corten_arena_test_sweep_empty_anon
[    8.749078]     ok 5 corten_arena_test_sweep_zero_page
[    8.762823]     ok 6 corten_arena_test_declare_reject
[    8.780931]     ok 7 corten_arena_test_declare_reject_flags
[    8.794111]     ok 8 corten_arena_test_declare_query
[    8.803048]     ok 9 corten_arena_test_range_overlaps
[    8.820027]     ok 10 corten_arena_test_release
[    8.830097]     ok 11 corten_arena_test_ref_born_atomic
[    8.838868]     ok 12 corten_arena_test_release_classify
[    8.850059]     ok 13 corten_arena_test_shadow_vma
[    8.861166]     ok 14 corten_arena_test_exit
[    8.869505]     ok 15 corten_arena_test_prctl
[    8.880941]     ok 16 corten_arena_test_mode
[    8.892051]     ok 17 corten_arena_test_auto_classify
[    8.899913]     ok 18 corten_arena_test_auto_classify_file
[    8.912594]     ok 19 corten_arena_test_auto_place
[    8.935386]     ok 20 corten_arena_test_auto_route
[    8.954030]     ok 21 corten_arena_test_auto_attach_release
[    8.972333]     ok 22 corten_arena_test_file_lifecycle
[    8.979580] ------------[ cut here ]------------
[    8.983318] corten: VM_CORTEN vma reached zap_page_range_single()
[    8.989038] WARNING: CPU: 3 PID: 202 at mm/corten_arena.c:1538 corten_zap_single_guard+0x39/0x50
[    8.994936] Modules linked in:
[    8.997899] CPU: 3 UID: 0 PID: 202 Comm: kunit_try_catch Tainted: G        W        N  6.18.32-gbf2ed6d05794-dirty #250 PREEMPT(voluntary) 
[    9.009435] Tainted: [W]=WARN, [N]=TEST
[    9.012608] Hardware name: QEMU Standard PC (i440FX + PIIX, 1996), BIOS 1.15.0-1 04/01/2014
[    9.022669] RIP: 0010:corten_zap_single_guard+0x39/0x50
[    9.028785] Code: 05 0c 88 7a 02 0f b6 05 d6 f0 d2 01 84 c0 74 05 c3 cc cc cc cc c6 05 c6 f0 d2 01 01 90 48 c7 c7 60 88 aa 91 e8 e8 44 cf ff 90 <0f> 0b 90 90 b8 01 00 00 00 c3 cc cc cc cc 66 0f 1f 84 00 00 00 00
[    9.049035] RSP: 0000:ffff956280647d60 EFLAGS: 00010282
[    9.054642] RAX: 0000000000000000 RBX: 0000000000000003 RCX: 00000000ffffdfff
[    9.061877] RDX: 0000000000000000 RSI: 00000000ffffffea RDI: 0000000000000001
[    9.070052] RBP: ffff89fb81c9af00 R08: ffffffff91f3e6c8 R09: 00000000ffffdfff
[    9.077810] R10: ffffffff91e5e6e0 R11: ffffffff91f0e6e0 R12: 0000000001801000
[    9.085407] R13: 0000000000001000 R14: 0000000000000000 R15: ffff89fb81c9af00
[    9.093696] FS:  0000000000000000(0000) GS:ffff89fc6b2dc000(0000) knlGS:0000000000000000
[    9.103895] CS:  0010 DS: 0000 ES: 0000 CR0: 0000000080050033
[    9.110726] CR2: 0000000000000000 CR3: 0000000068c30002 CR4: 0000000000770ef0
[    9.119329] PKRU: 55555554
[    9.122619] Call Trace:
[    9.130849]  <TASK>
[    9.132785]  zap_page_range_single+0x1c/0x50
[    9.138525]  corten_arena_test_truncate_route+0xd8e/0x1dc0
[    9.151735]  ? finish_task_switch.isra.0+0x76/0x250
[    9.160931]  ? __pfx_kunit_generic_run_threadfn_adapter+0x10/0x10
[    9.170453]  kunit_try_run_case+0x6f/0x150
[    9.177597]  ? __pfx_kunit_generic_run_threadfn_adapter+0x10/0x10
[    9.188376]  kunit_generic_run_threadfn_adapter+0x1c/0x40
[    9.194578]  kthread+0xff/0x1f0
[    9.197942]  ? __pfx_kthread+0x10/0x10
[    9.203818]  ? __pfx_kthread+0x10/0x10
[    9.208776]  ret_from_fork+0x144/0x160
[    9.214722]  ? __pfx_kthread+0x10/0x10
[    9.219867]  ret_from_fork_asm+0x1a/0x30
[    9.223997]  </TASK>
[    9.226600] ---[ end trace 0000000000000000 ]---
[    9.230474] ------------[ cut here ]------------
[    9.234361] corten: VM_CORTEN vma in a mapping i_mmap walk (stale node)
[    9.242053] WARNING: CPU: 3 PID: 202 at mm/corten_arena.c:1509 corten_arena_imap_stale_guard+0x39/0x50
[    9.253078] Modules linked in:
[    9.256975] CPU: 3 UID: 0 PID: 202 Comm: kunit_try_catch Tainted: G        W        N  6.18.32-gbf2ed6d05794-dirty #250 PREEMPT(voluntary) 
[    9.270897] Tainted: [W]=WARN, [N]=TEST
[    9.275896] Hardware name: QEMU Standard PC (i440FX + PIIX, 1996), BIOS 1.15.0-1 04/01/2014
[    9.285624] RIP: 0010:corten_arena_imap_stale_guard+0x39/0x50
[    9.293248] Code: 05 64 88 7a 02 0f b6 05 37 f1 d2 01 84 c0 74 05 e9 3c fa f7 00 c6 05 27 f1 d2 01 01 90 48 c7 c7 20 88 aa 91 e8 48 45 cf ff 90 <0f> 0b 90 90 b8 01 00 00 00 e9 19 fa f7 00 66 0f 1f 84 00 00 00 00
[    9.314726] RSP: 0000:ffff956280647d88 EFLAGS: 00010282
[    9.320986] RAX: 0000000000000000 RBX: 0000000000000003 RCX: 00000000ffffdfff
[    9.329240] RDX: 0000000000000000 RSI: 00000000ffffffea RDI: 0000000000000001
[    9.338500] RBP: ffff89fb8337a700 R08: ffffffff91f3e6c8 R09: 00000000ffffdfff
[    9.346823] R10: ffffffff91e5e6e0 R11: ffffffff91f0e6e0 R12: ffff89fb82dd9100
[    9.355623] R13: ffff89fb81e64540 R14: ffff956280013a88 R15: ffff89fb81c9af00
[    9.364360] FS:  0000000000000000(0000) GS:ffff89fc6b2dc000(0000) knlGS:0000000000000000
[    9.374672] CS:  0010 DS: 0000 ES: 0000 CR0: 0000000080050033
[    9.381620] CR2: 0000000000000000 CR3: 0000000068c30002 CR4: 0000000000770ef0
[    9.389898] PKRU: 55555554
[    9.393624] Call Trace:
[    9.396830]  <TASK>
[    9.399839]  corten_arena_test_truncate_route+0xecc/0x1dc0
[    9.406551]  ? finish_task_switch.isra.0+0x76/0x250
[    9.414540]  ? __pfx_kunit_generic_run_threadfn_adapter+0x10/0x10
[    9.423032]  kunit_try_run_case+0x6f/0x150
[    9.429883]  ? __pfx_kunit_generic_run_threadfn_adapter+0x10/0x10
[    9.437126]  kunit_generic_run_threadfn_adapter+0x1c/0x40
[    9.443331]  kthread+0xff/0x1f0
[    9.446896]  ? __pfx_kthread+0x10/0x10
[    9.451437]  ? __pfx_kthread+0x10/0x10
[    9.456370]  ret_from_fork+0x144/0x160
[    9.461062]  ? __pfx_kthread+0x10/0x10
[    9.463717]  ret_from_fork_asm+0x1a/0x30
[    9.468413]  </TASK>
[    9.471166] ---[ end trace 0000000000000000 ]---
[    9.479814] kunit_try_catch (202) used greatest stack depth: 13456 bytes left
[    9.481898]     ok 23 corten_arena_test_truncate_route
[    9.492877] BUG: non-zero pgtables_bytes on freeing mm: 8192
[    9.509497]     ok 24 corten_arena_test_registry_inval
[    9.517628]     ok 25 corten_arena_test_file_read
[    9.527110] BUG: non-zero pgtables_bytes on freeing mm: 8192
[    9.535486]     ok 26 corten_arena_test_file_cow
[    9.537479] BUG: non-zero pgtables_bytes on freeing mm: 8192
[    9.559120]     ok 27 corten_arena_test_file_rmap_shared
[    9.563679] BUG: non-zero pgtables_bytes on freeing mm: 8192
[    9.581103] BUG: non-zero pgtables_bytes on freeing mm: 8192
[    9.590802]     ok 28 corten_arena_test_ttu_file_route
[    9.593750] BUG: non-zero pgtables_bytes on freeing mm: 8192
[    9.608443]     ok 29 corten_arena_test_ttu_declines
[    9.612968] BUG: non-zero pgtables_bytes on freeing mm: 8192
[    9.626281]     ok 30 corten_arena_test_file_fork_mirror
[    9.631476]     ok 31 corten_arena_test_file_fork_cow
[    9.646408] BUG: non-zero pgtables_bytes on freeing mm: 8192
[    9.659051]     ok 32 corten_arena_test_file_fork_pinned
[    9.662551]     ok 33 corten_arena_test_file_hugetlb_route
[    9.667904] BUG: non-zero pgtables_bytes on freeing mm: 8192
[    9.678208] BUG: non-zero pgtables_bytes on freeing mm: 8192
[    9.681899]     ok 34 corten_arena_test_mag_recycle
[    9.683122] BUG: non-zero pgtables_bytes on freeing mm: 8192
[    9.701671]     ok 35 corten_arena_test_mag_marker
[    9.703499] BUG: non-zero pgtables_bytes on freeing mm: 8192
[    9.715977]     ok 36 corten_arena_test_pool_reuse
[    9.725484] BUG: non-zero pgtables_bytes on freeing mm: 8192
[    9.762187]     ok 37 corten_arena_test_pool_limit
[    9.768627]     ok 38 corten_arena_test_pool_mode_exit
[    9.780285]     ok 39 corten_arena_test_pool_fork
[    9.796580]     ok 40 corten_arena_test_noreplace_parked
[    9.809803]     ok 41 corten_arena_test_noreplace_active
[    9.824959]     ok 42 corten_arena_test_mapfixed_over_parked
[    9.835285]     ok 43 corten_arena_test_occupied_incl_idle
[    9.844223] ------------[ cut here ]------------
[    9.851656] corten: foreign vma in parked window 800000-1000000
[    9.857577] WARNING: CPU: 0 PID: 302 at mm/corten_arena.c:11503 corten_arena_pool_reactivate+0x16d/0x180
[    9.867042] Modules linked in:
[    9.872293] CPU: 0 UID: 0 PID: 302 Comm: kunit_try_catch Tainted: G        W        N  6.18.32-gbf2ed6d05794-dirty #250 PREEMPT(voluntary) 
[    9.888807] Tainted: [W]=WARN, [N]=TEST
[    9.893706] Hardware name: QEMU Standard PC (i440FX + PIIX, 1996), BIOS 1.15.0-1 04/01/2014
[    9.903030] RIP: 0010:corten_arena_pool_reactivate+0x16d/0x180
[    9.907209] Code: 0d ff ff eb af 41 bc f4 ff ff ff eb a7 c6 05 a5 7b d2 01 01 90 48 8b 55 08 48 8b 75 00 48 c7 c7 88 89 aa 91 e8 c4 cf ce ff 90 <0f> 0b 90 90 eb b5 66 66 2e 0f 1f 84 00 00 00 00 00 66 90 90 90 90
[    9.929898] RSP: 0000:ffff956280937d50 EFLAGS: 00010286
[    9.936861] RAX: 0000000000000000 RBX: 000000000000000b RCX: 00000000ffffdfff
[    9.946612] RDX: 0000000000000000 RSI: 00000000ffffffea RDI: 0000000000000001
[    9.955248] RBP: ffff89fb81197a00 R08: ffffffff91f3e6c8 R09: 00000000ffffdfff
[    9.964969] R10: ffffffff91e5e6e0 R11: ffffffff91f0e6e0 R12: 0000000000200073
[    9.974713] R13: ffff89fb81158b00 R14: ffff89fb8105b400 R15: 0000000000000800
[    9.983858] FS:  0000000000000000(0000) GS:ffff89fc6b15c000(0000) knlGS:0000000000000000
[    9.996758] CS:  0010 DS: 0000 ES: 0000 CR0: 0000000080050033
[   10.001214] CR2: ffff89fbe9a01000 CR3: 0000000068c30002 CR4: 0000000000770ef0
[   10.008915] PKRU: 55555554
[   10.012820] Call Trace:
[   10.014913]  <TASK>
[   10.018415]  corten_arena_auto_mmap_route+0x3db/0x460
[   10.025873]  ? __pfx_kunit_generic_run_threadfn_adapter+0x10/0x10
[   10.032904]  corten_arena_test_p4_eject+0x1f6/0x6d0
[   10.041906]  ? finish_task_switch.isra.0+0x76/0x250
[   10.047242]  ? __pfx_kunit_generic_run_threadfn_adapter+0x10/0x10
[   10.055503]  kunit_try_run_case+0x6f/0x150
[   10.061504]  ? __pfx_kunit_generic_run_threadfn_adapter+0x10/0x10
[   10.069719]  kunit_generic_run_threadfn_adapter+0x1c/0x40
[   10.079647]  kthread+0xff/0x1f0
[   10.085187]  ? __pfx_kthread+0x10/0x10
[   10.090128]  ? __pfx_kthread+0x10/0x10
[   10.096809]  ret_from_fork+0x144/0x160
[   10.103320]  ? __pfx_kthread+0x10/0x10
[   10.108337]  ret_from_fork_asm+0x1a/0x30
[   10.112912]  </TASK>
[   10.118441] ---[ end trace 0000000000000000 ]---
[   10.125736] kunit_try_catch (302) used greatest stack depth: 13440 bytes left
[   10.127361]     ok 44 corten_arena_test_p4_eject
[   10.140251]     ok 45 corten_arena_test_hint_fence
[   10.149120]     ok 46 corten_arena_test_j1_hooks
[   10.163813]     ok 47 corten_arena_test_j1_self_exempt
[   10.174813]     ok 48 corten_arena_test_uffd_window_reject
[   10.186348]     ok 49 corten_arena_test_j1_implant_exempt
[   10.207563]     ok 50 corten_arena_test_fault_window_shorts
[   10.218567]     ok 51 corten_arena_test_inv_mv2_clean
[   10.227144] ------------[ cut here ]------------
[   10.239557] corten: INV-MV2 violated: 1 window vma(s) outside the implant registry (first at 100000200000)
[   10.247580] WARNING: CPU: 1 PID: 333 at mm/corten_arena.c:13152 corten_audit_j2_scan+0x1e9/0x200
[   10.255982] Modules linked in:
[   10.259438] CPU: 1 UID: 0 PID: 333 Comm: kunit_try_catch Tainted: G        W        N  6.18.32-gbf2ed6d05794-dirty #250 PREEMPT(voluntary) 
[   10.273000] Tainted: [W]=WARN, [N]=TEST
[   10.275630] Hardware name: QEMU Standard PC (i440FX + PIIX, 1996), BIOS 1.15.0-1 04/01/2014
[   10.281243] RIP: 0010:corten_audit_j2_scan+0x1e9/0x200
[   10.287228] Code: 5b 5d 41 5c 41 5d 41 5e 41 5f c3 cc cc cc cc c6 05 d6 6e d3 01 01 90 48 c7 c7 20 87 aa 91 4c 89 e2 44 89 ee e8 f8 c2 cf ff 90 <0f> 0b 90 90 eb ad e8 4c 93 f7 00 66 66 2e 0f 1f 84 00 00 00 00 00
[   10.308213] RSP: 0000:ffff9562809efd58 EFLAGS: 00010282
[   10.310458] RAX: 0000000000000000 RBX: ffff89fb83526ec0 RCX: 00000000ffffdfff
[   10.314946] RDX: 0000000000000000 RSI: 00000000ffffffea RDI: 0000000000000001
[   10.323903] RBP: 00003fffffffffff R08: ffffffff91f3e6c8 R09: 00000000ffffdfff
[   10.332870] R10: ffffffff91e5e6e0 R11: ffffffff91f0e6e0 R12: 0000100000200000
[   10.339079] R13: 0000000000000001 R14: 0000000000000000 R15: 0000000000000000
[   10.343308] FS:  0000000000000000(0000) GS:ffff89fc6b1dc000(0000) knlGS:0000000000000000
[   10.352749] CS:  0010 DS: 0000 ES: 0000 CR0: 0000000080050033
[   10.359962] CR2: 0000000000000000 CR3: 0000000068c30003 CR4: 0000000000770ef0
[   10.368680] PKRU: 55555554
[   10.370136] Call Trace:
[   10.371905]  <TASK>
[   10.375514]  ? vma_link+0x11f/0x1d0
[   10.378320]  corten_audit_j2_walk+0x55/0x70
[   10.382130]  corten_arena_test_inv_mv2_inject+0x121/0x740
[   10.388653]  ? finish_task_switch.isra.0+0x76/0x250
[   10.393834]  ? __pfx_kunit_generic_run_threadfn_adapter+0x10/0x10
[   10.400651]  kunit_try_run_case+0x6f/0x150
[   10.404444]  ? __pfx_kunit_generic_run_threadfn_adapter+0x10/0x10
[   10.410144]  kunit_generic_run_threadfn_adapter+0x1c/0x40
[   10.414407]  kthread+0xff/0x1f0
[   10.416751]  ? __pfx_kthread+0x10/0x10
[   10.421147]  ? __pfx_kthread+0x10/0x10
[   10.425845]  ret_from_fork+0x144/0x160
[   10.429835]  ? __pfx_kthread+0x10/0x10
[   10.434798]  ret_from_fork_asm+0x1a/0x30
[   10.438647]  </TASK>
[   10.441839] ---[ end trace 0000000000000000 ]---
[   10.454681]     ok 52 corten_arena_test_inv_mv2_inject
[   10.462134]     ok 53 corten_arena_test_inv_mv2_stale
[   10.475625]     ok 54 corten_arena_test_inv_mv2_implant_fork
[   10.490822]     ok 55 corten_arena_test_j2_triggers
[   10.509555]     ok 56 corten_arena_test_msync_window_segments
[   10.517384] get_swap_device: Bad swap file entry 400000000000077
[   10.531761] get_swap_device: Bad swap file entry 400000000000077
[   10.541785]     ok 57 corten_arena_test_mincore_route
[   10.546349]     ok 58 corten_arena_test_madvise_parked_terminal
[   10.561003]     ok 59 corten_arena_test_move_pages_window
[   10.568676]     ok 60 corten_arena_test_mvc_row_stream
[   10.578368]     ok 61 corten_arena_test_mvc_merge_first_row
[   10.593458]     ok 62 corten_arena_test_mvc_gup_probe
[   10.605912]     ok 63 corten_arena_test_w3_futex_gup_shapes
[   10.613032] BUG: non-zero pgtables_bytes on freeing mm: 8192
[   10.629571]     ok 64 corten_arena_test_w3_gup_chunk_promoted_perm
[   10.634982] BUG: non-zero pgtables_bytes on freeing mm: 8192
[   10.651194]     ok 65 corten_arena_test_w3_futex_key
[   10.660492]     ok 66 corten_arena_test_gup_loop_window
[   10.668926] BUG: non-zero pgtables_bytes on freeing mm: 8192
[   10.685391]     ok 67 corten_arena_test_gup_loop_legacy
[   10.687392]     ok 68 corten_arena_test_mvc_smaps_pagemap
[   10.692953] BUG: non-zero pgtables_bytes on freeing mm: 8192
[   10.701589] get_swap_device: Bad swap file entry 40000000000005d
[   10.708375]     ok 69 corten_arena_test_exit_lifecycle
[   10.713150] BUG: non-zero pgtables_bytes on freeing mm: 8192
[   10.757400] corten_arena_op (425) used greatest stack depth: 13360 bytes left
[   10.802049] corten_arena_op (438) used greatest stack depth: 13216 bytes left
[   10.818562]     ok 70 corten_arena_test_exit_punchfork
[   10.822344]     ok 71 corten_arena_test_exit_multi_segment
[   10.833658] BUG: non-zero pgtables_bytes on freeing mm: 8192
[   10.849391]     ok 72 corten_arena_test_vma_free_reuse
[   10.853624]     ok 73 corten_arena_test_inv_mv3
[   10.859606] BUG: non-zero pgtables_bytes on freeing mm: 8192
[   10.871102]     ok 74 corten_arena_test_fork_vma_free
[   10.877931]     ok 75 corten_arena_test_vma_free_shrink_pick
[   10.890045]     ok 76 corten_arena_test_carrier_shrink_pick
[   10.900196]     ok 77 corten_arena_test_auto_validate
[   10.914129]     ok 78 corten_arena_test_carrier_vma
[   10.928691]     ok 79 corten_arena_test_fork_punch_novma
[   10.939146] BUG: non-zero pgtables_bytes on freeing mm: 8192
[   10.955813]     ok 80 corten_arena_test_fork_redeclare_content
[   10.961909]     ok 81 corten_arena_test_region_record
[   10.974939]     ok 82 corten_arena_test_region_iter
[   10.984815] BUG: non-zero pgtables_bytes on freeing mm: 8192
[   11.001405]     ok 83 corten_arena_test_region_park
[   11.006700]     ok 84 corten_arena_test_region_fork
[   11.017358]     ok 85 corten_arena_test_mprotect_route
[   11.024610]     ok 86 corten_arena_test_protect_flags_kernel_gate
[   11.029689]     ok 87 corten_arena_test_madvise_route
[   11.293875]     ok 88 corten_arena_test_mremap_route
[   11.303084] BUG: non-zero pgtables_bytes on freeing mm: 8192
[   11.316545]     ok 89 corten_arena_test_fork_faithful
[   11.322076]     ok 90 corten_arena_test_fork_unwind
[   11.336330]     ok 91 corten_arena_test_fork_multipiece
[   11.350692]     ok 92 corten_arena_test_fork_perm
[   11.363328]     ok 93 corten_arena_test_inv7_shared_ro
[   11.373927]     ok 94 corten_arena_test_inv7_swapped
[   11.388889] get_swap_device: Bad swap file entry 400000000000077
[   11.409091] BUG: Bad rss-counter state mm:000000006ca64ff2 type:MM_SWAPENTS val:-1 Comm:kunit_try_catch Pid:513
[   11.430046]     ok 95 corten_arena_test_shrink_registry_count
[   11.433353]     ok 96 corten_arena_test_shrink_aging_two_pass
[   11.446962]     ok 97 corten_arena_test_shrink_rotation
[   11.456852] get_swap_device: Bad swap file entry 400000000000077
[   11.476908] get_swap_device: Bad swap file entry 400000000000077
[   11.485443]     ok 98 corten_arena_test_fork_swapped
[   11.491086] BUG: non-zero pgtables_bytes on freeing mm: 8192
[   11.508494]     ok 99 corten_arena_test_fork_f2_gate
[   21.709813] ------------[ cut here ]------------
[   21.724014] corten: arena [800000,1000000) drain timed out: leaked transaction reference, leaking the descriptor
[   21.733953] WARNING: CPU: 0 PID: 524 at mm/corten_arena.c:793 corten_arena_drain+0x6f/0x80
[   21.742280] Modules linked in:
[   21.749162] CPU: 0 UID: 0 PID: 524 Comm: kunit_try_catch Tainted: G        W        N  6.18.32-gbf2ed6d05794-dirty #250 PREEMPT(voluntary) 
[   21.764797] Tainted: [W]=WARN, [N]=TEST
[   21.768206] Hardware name: QEMU Standard PC (i440FX + PIIX, 1996), BIOS 1.15.0-1 04/01/2014
[   21.776220] RIP: 0010:corten_arena_drain+0x6f/0x80
[   21.783887] Code: c4 08 31 c0 5b e9 11 7e f8 00 88 44 24 07 c6 05 fa 74 d3 01 01 90 48 8b 53 08 48 8b 33 48 c7 c7 98 86 aa 91 e8 12 c9 cf ff 90 <0f> 0b 90 90 0f b6 44 24 07 eb b4 66 0f 1f 44 00 00 90 90 90 90 90
[   21.800403] RSP: 0000:ffff956280e47d40 EFLAGS: 00010282
[   21.805517] RAX: 0000000000000000 RBX: ffff89fb811de000 RCX: 00000000ffffdfff
[   21.814870] RDX: 0000000000000000 RSI: 00000000ffffffea RDI: 0000000000000001
[   21.821599] RBP: ffff89fb81158a00 R08: ffffffff91f3e6c8 R09: 00000000ffffdfff
[   21.830452] R10: ffffffff91e5e6e0 R11: ffffffff91f0e6e0 R12: ffff89fb81158a18
[   21.838231] R13: ffff89fb8105d480 R14: ffff89fb81158a78 R15: ffff89fb811de000
[   21.845937] FS:  0000000000000000(0000) GS:ffff89fc6b15c000(0000) knlGS:0000000000000000
[   21.857611] CS:  0010 DS: 0000 ES: 0000 CR0: 0000000080050033
[   21.869277] CR2: ffff89fbe9a01000 CR3: 000000000238a002 CR4: 0000000000770ef0
[   21.877634] PKRU: 55555554
[   21.878829] Call Trace:
[   21.879975]  <TASK>
[   21.881302]  corten_arena_fork_begin+0x139/0x220
[   21.884397]  corten_arena_test_fork_begin+0x59/0x140
[   21.887262]  corten_arena_test_fork_drain_leak+0x18a/0x800
[   21.889577]  ? psi_task_switch+0x107/0x290
[   21.892707]  ? finish_task_switch.isra.0+0x76/0x250
[   21.895181]  ? __pfx_kunit_generic_run_threadfn_adapter+0x10/0x10
[   21.897774]  kunit_try_run_case+0x6f/0x150
[   21.899201]  ? __pfx_kunit_generic_run_threadfn_adapter+0x10/0x10
[   21.901763]  kunit_generic_run_threadfn_adapter+0x1c/0x40
[   21.904034]  kthread+0xff/0x1f0
[   21.905587]  ? __pfx_kthread+0x10/0x10
[   21.908815]  ? __pfx_kthread+0x10/0x10
[   21.911173]  ret_from_fork+0x144/0x160
[   21.912537]  ? __pfx_kthread+0x10/0x10
[   21.914678]  ret_from_fork_asm+0x1a/0x30
[   21.918239]  </TASK>
[   21.920667] ---[ end trace 0000000000000000 ]---
[   21.954002]     # corten_arena_test_fork_drain_leak: Test should be marked slow (runtime: 10.444014398s)
[   21.956615]     ok 100 corten_arena_test_fork_drain_leak
[   21.976645]     ok 101 corten_arena_test_unshare_pin
[   21.986724]     ok 102 corten_arena_test_fork_reuse_exclusive
[   21.999277]     ok 103 corten_arena_test_gup_state1_uncommitted
[   22.009980]     ok 104 corten_arena_test_gup_state2_committed_rw
[   22.025432]     ok 105 corten_arena_test_gup_state3_fork_cow
[   22.034345]     ok 106 corten_arena_test_gup_state3b_downgrade_restore
[   22.046028]     ok 107 corten_arena_test_gup_state4_pin_zap
[   22.060063] BUG: Bad rss-counter state mm:000000009d465b6c type:MM_SWAPENTS val:-1 Comm:corten_arena_w0 Pid:546
[   22.078648]     ok 108 corten_arena_test_concurrent
[   22.088466]     ok 109 corten_arena_test_concurrent_window
[   22.099439]     ok 110 corten_arena_test_obs_ledger
[   22.108621]     ok 111 corten_arena_test_drain_timeout_stat
[   22.118944]     ok 112 corten_arena_test_novma_rmap
[   22.128993]     ok 113 corten_arena_test_brk_delegation
[   22.148721]     ok 114 corten_arena_test_brk_region_route
[   22.159840]     ok 115 corten_arena_test_brk_region_exit
[   22.168736] ------------[ cut here ]------------
[   22.176759] corten: whitelist violated: 1 window vma(s) unclassified as shadow/implant
[   22.184863] WARNING: CPU: 0 PID: 575 at mm/corten_arena.c:13374 corten_whitelist_scan+0x2b0/0x2c0
[   22.190053] Modules linked in:
[   22.193524] CPU: 0 UID: 0 PID: 575 Comm: kunit_try_catch Tainted: G        W        N  6.18.32-gbf2ed6d05794-dirty #250 PREEMPT(voluntary) 
[   22.204033] Tainted: [W]=WARN, [N]=TEST
[   22.209469] Hardware name: QEMU Standard PC (i440FX + PIIX, 1996), BIOS 1.15.0-1 04/01/2014
[   22.218772] RIP: 0010:corten_whitelist_scan+0x2b0/0x2c0
[   22.224434] Code: 83 44 24 0c 01 f0 48 ff 05 f5 0d 7b 02 e9 06 fe ff ff c6 05 eb 78 d3 01 01 90 48 c7 c7 48 86 aa 91 44 89 fe e8 11 cd cf ff 90 <0f> 0b 90 90 eb 87 e8 65 9d f7 00 0f 1f 44 00 00 90 90 90 90 90 90
[   22.244578] RSP: 0000:ffff956280f97cd8 EFLAGS: 00010286
[   22.249810] RAX: 0000000000000000 RBX: 0000000000000000 RCX: 00000000ffffdfff
[   22.257556] RDX: 0000000000000000 RSI: 00000000ffffffea RDI: 0000000000000001
[   22.266814] RBP: ffff89fb8105ce00 R08: ffffffff91f3e6c8 R09: 00000000ffffdfff
[   22.273200] R10: ffffffff91e5e6e0 R11: ffffffff91f0e6e0 R12: 0000000000000001
[   22.280463] R13: ffff89fb81c87400 R14: 0000100000000000 R15: 0000000000000001
[   22.288490] FS:  0000000000000000(0000) GS:ffff89fc6b15c000(0000) knlGS:0000000000000000
[   22.295643] CS:  0010 DS: 0000 ES: 0000 CR0: 0000000080050033
[   22.297589] CR2: ffff89fbe9a01000 CR3: 0000000001cc8004 CR4: 0000000000770ef0
[   22.299913] PKRU: 55555554
[   22.300846] Call Trace:
[   22.305830]  <TASK>
[   22.308430]  corten_audit_whitelist_walk+0x57/0x70
[   22.311625]  corten_arena_test_whitelist_audit+0x523/0xf10
[   22.317808]  ? __pfx_kunit_generic_run_threadfn_adapter+0x10/0x10
[   22.324962]  kunit_try_run_case+0x6f/0x150
[   22.328991]  ? __pfx_kunit_generic_run_threadfn_adapter+0x10/0x10
[   22.337181]  kunit_generic_run_threadfn_adapter+0x1c/0x40
[   22.341484]  kthread+0xff/0x1f0
[   22.345372]  ? __pfx_kthread+0x10/0x10
[   22.349939]  ? __pfx_kthread+0x10/0x10
[   22.354039]  ret_from_fork+0x144/0x160
[   22.359754]  ? __pfx_kthread+0x10/0x10
[   22.363451]  ret_from_fork_asm+0x1a/0x30
[   22.368781]  </TASK>
[   22.372113] ---[ end trace 0000000000000000 ]---
[   22.379425]     ok 116 corten_arena_test_whitelist_audit
[   22.379649] # corten_arena: pass:116 fail:0 skip:0 total:116
[   22.386896] # Totals: pass:116 fail:0 skip:0 total:116
[   22.395049] ok 2 corten_arena
[   22.404690]     KTAP version 1
[   22.407299]     # Subtest: corten_fault
[   22.414896]     # module: corten_fault_test
[   22.414917]     1..39
[   22.427611]     ok 1 corten_fault_test_dispatch
[   22.430305]     ok 2 corten_fault_test_fig8_cow
[   22.438202]     ok 3 corten_fault_test_unmap_classify
[   22.445372]     ok 4 corten_fault_test_mmap_classify
[   22.458062]     ok 5 corten_fault_test_file_may_matrix
[   22.466571]     ok 6 corten_fault_test_punch_classify
[   22.476988]     ok 7 corten_fault_test_map_anon
[   22.488029]     ok 8 corten_fault_test_zero_page
[   22.496554]     ok 9 corten_fault_test_sigsegv
[   22.505421]     ok 10 corten_fault_test_fresh_fault
[   22.668586]     ok 11 corten_fault_test_churn_repro
[   22.678450]     ok 12 corten_fault_test_untracked_drift
[   22.689922]     ok 13 corten_fault_test_restore
[   22.700596]     ok 14 corten_fault_test_cow_reuse
[   22.715262]     ok 15 corten_fault_test_cow_copy
[   22.721636] ------------[ cut here ]------------
[   22.729918] WARNING: CPU: 0 PID: 608 at ./include/linux/rwsem.h:88 corten_fault_test_foll_force+0x808/0xc50
[   22.736429] Modules linked in:
[   22.740196] CPU: 0 UID: 0 PID: 608 Comm: kunit_try_catch Tainted: G        W        N  6.18.32-gbf2ed6d05794-dirty #250 PREEMPT(voluntary) 
[   22.751089] Tainted: [W]=WARN, [N]=TEST
[   22.755941] Hardware name: QEMU Standard PC (i440FX + PIIX, 1996), BIOS 1.15.0-1 04/01/2014
[   22.764468] RIP: 0010:corten_fault_test_foll_force+0x808/0xc50
[   22.769902] Code: 0f 00 00 0f 85 18 fe ff ff 49 8b 04 24 a8 40 0f 84 0c fe ff ff 49 8b 44 24 48 48 8d 50 ff a8 01 49 0f 44 d4 e9 f8 fd ff ff 90 <0f> 0b 90 e9 64 f8 ff ff 48 98 45 31 c9 49 c7 c0 c0 9f 78 90 48 89
[   22.793560] RSP: 0000:ffff95628105fd80 EFLAGS: 00010246
[   22.800168] RAX: ffff89fb8105c780 RBX: ffff89fb81965280 RCX: 0000000000000000
[   22.809090] RDX: 0000000000000000 RSI: 0000000000000003 RDI: ffff89fb82172380
[   22.814911] RBP: ffff956280013a88 R08: 0000000000001000 R09: 0000000000000000
[   22.821831] R10: ffff95628105fc98 R11: 0000000000000000 R12: ffff89fb82e63e00
[   22.829298] R13: ffff89fb81153438 R14: ffffffff9078a3a0 R15: ffff956280013ac8
[   22.837505] FS:  0000000000000000(0000) GS:ffff89fc6b15c000(0000) knlGS:0000000000000000
[   22.848066] CS:  0010 DS: 0000 ES: 0000 CR0: 0000000080050033
[   22.857770] CR2: ffff89fbe9a01000 CR3: 0000000001cc8004 CR4: 0000000000770ef0
[   22.866242] PKRU: 55555554
[   22.869333] Call Trace:
[   22.872043]  <TASK>
[   22.876059]  ? psi_group_change+0x116/0x300
[   22.880890]  ? psi_task_switch+0x107/0x290
[   22.885619]  ? finish_task_switch.isra.0+0x76/0x250
[   22.891304]  kunit_try_run_case+0x6f/0x150
[   22.897100]  ? __pfx_kunit_generic_run_threadfn_adapter+0x10/0x10
[   22.900317]  kunit_generic_run_threadfn_adapter+0x1c/0x40
[   22.902933]  kthread+0xff/0x1f0
[   22.905899]  ? __pfx_kthread+0x10/0x10
[   22.908972]  ? __pfx_kthread+0x10/0x10
[   22.910736]  ret_from_fork+0x144/0x160
[   22.911947]  ? __pfx_kthread+0x10/0x10
[   22.913466]  ret_from_fork_asm+0x1a/0x30
[   22.916817]  </TASK>
[   22.918322] ---[ end trace 0000000000000000 ]---
[   22.920939] ------------[ cut here ]------------
[   22.923375] WARNING: CPU: 0 PID: 608 at ./include/linux/rwsem.h:88 corten_fault_test_foll_force+0xb62/0xc50
[   22.929611] Modules linked in:
[   22.930990] CPU: 0 UID: 0 PID: 608 Comm: kunit_try_catch Tainted: G        W        N  6.18.32-gbf2ed6d05794-dirty #250 PREEMPT(voluntary) 
[   22.938853] Tainted: [W]=WARN, [N]=TEST
[   22.940500] Hardware name: QEMU Standard PC (i440FX + PIIX, 1996), BIOS 1.15.0-1 04/01/2014
[   22.944898] RIP: 0010:corten_fault_test_foll_force+0xb62/0xc50
[   22.948817] Code: c7 c6 b0 8c 45 91 48 89 ef 48 89 44 24 08 48 c7 04 24 c0 8c 45 91 48 c7 44 24 10 40 00 00 00 e8 34 f3 36 00 e9 44 fb ff ff 90 <0f> 0b 90 e9 ed fa ff ff 48 98 45 31 c9 49 c7 c0 c0 9f 78 90 48 89
[   22.966820] RSP: 0000:ffff95628105fd80 EFLAGS: 00010246
[   22.971468] RAX: ffff89fb8105c780 RBX: ffff89fb81965280 RCX: ffff89fbfdc30340
[   22.979049] RDX: 0000000000000000 RSI: 0000000000000001 RDI: ffff89fb82172380
[   22.987352] RBP: ffff956280013a88 R08: 0000000000000000 R09: 00000000000001dc
[   22.994042] R10: ffff89fbfdc2fac0 R11: 0000000000000000 R12: ffff89fb82e63e00
[   23.004627] R13: 0000000000000000 R14: ffffffff9078a3a0 R15: ffff956280013ac8
[   23.010879] FS:  0000000000000000(0000) GS:ffff89fc6b15c000(0000) knlGS:0000000000000000
[   23.022123] CS:  0010 DS: 0000 ES: 0000 CR0: 0000000080050033
[   23.025069] CR2: ffff89fbe9a01000 CR3: 0000000001cc8004 CR4: 0000000000770ef0
[   23.033471] PKRU: 55555554
[   23.036554] Call Trace:
[   23.040293]  <TASK>
[   23.042807]  ? finish_task_switch.isra.0+0x76/0x250
[   23.050721]  kunit_try_run_case+0x6f/0x150
[   23.055767]  ? __pfx_kunit_generic_run_threadfn_adapter+0x10/0x10
[   23.062472]  kunit_generic_run_threadfn_adapter+0x1c/0x40
[   23.068386]  kthread+0xff/0x1f0
[   23.072575]  ? __pfx_kthread+0x10/0x10
[   23.077341]  ? __pfx_kthread+0x10/0x10
[   23.078835]  ret_from_fork+0x144/0x160
[   23.082793]  ? __pfx_kthread+0x10/0x10
[   23.086430]  ret_from_fork_asm+0x1a/0x30
[   23.089841]  </TASK>
[   23.093793] ---[ end trace 0000000000000000 ]---
[   23.103087]     ok 16 corten_fault_test_foll_force
[   23.116540]     ok 17 corten_fault_test_cow_race
[   23.125358]     ok 18 corten_fault_test_mprotect_pte
[   23.133763]     ok 19 corten_fault_test_mprotect_fresh
[   23.147967]     ok 20 corten_fault_test_zap_keep_perm
[   23.154651]     ok 21 corten_fault_test_zap_keep_perm_downgrade
[   23.161516]     ok 22 corten_fault_test_untracked_rearm
[   23.172932]     ok 23 corten_fault_test_fill_upper_race
[   23.186225]     ok 24 corten_fault_test_map_race
[   23.196590]     ok 25 corten_fault_test_chunk_unmap
[   23.207138]     ok 26 corten_fault_test_punch_hole
[   23.222857]     ok 27 corten_fault_test_punch_head
[   23.234865]     ok 28 corten_fault_test_rmap_guard
[   23.249783]     ok 29 corten_fault_test_ttu_route
[   23.260195]     ok 30 corten_fault_test_ttu_dual_entry
[   23.271654]     ok 31 corten_fault_test_reap_skip
[   23.282703]     ok 32 corten_fault_test_swap_encode
[   23.293959]     ok 33 corten_fault_test_swap_roundtrip # SKIP swap round-trip requires a swap area
[   23.302934]     ok 34 corten_fault_test_swap_zap_free # SKIP swap zap test requires a swap area
[   23.311164]     ok 35 corten_fault_test_driver_keep_noswap
[   23.324412]     ok 36 corten_fault_test_driver_swap_roundtrip # SKIP driver round-trip requires a swap area
[   23.332403]     ok 37 corten_fault_test_swap_mprotect_pending
[   23.347733]     ok 38 corten_fault_test_unuse_windows # SKIP unuse sweep requires a swap area
[   23.353069]     ok 39 corten_fault_test_unuse_windows_cache # SKIP unuse sweep requires a swap area
[   23.363771] # corten_fault: pass:34 fail:0 skip:5 total:39
[   23.376601] # Totals: pass:34 fail:0 skip:5 total:39
[   23.384225] ok 3 corten_fault
[   23.445560] check access for rdinit=/init failed: -2, ignoring
[   23.449592] md: Waiting for all devices to be available before autodetect
[   23.454681] md: If you don't use raid, use raid=noautodetect
[   23.459602] md: Autodetecting RAID arrays.
[   23.466496] md: autorun ...
[   23.468950] md: ... autorun DONE.
[   23.504744] /dev/root: Can't open blockdev
[   23.507383] VFS: Cannot open root device "" or unknown-block(0,0): error -6
[   23.514033] Please append a correct "root=" boot option; here are the available partitions:
[   23.526971] 0b00         1048575 sr0 
[   23.528790]  driver: sr
[   23.535778] List of all bdev filesystems:
[   23.539370]  ext3
[   23.539375]  ext2
[   23.541272]  ext4
[   23.542687]  vfat
[   23.544284]  msdos
[   23.546040]  iso9660
[   23.548776]  f2fs
[   23.550886]  erofs
[   23.552455] 
[   23.556304] Kernel panic - not syncing: VFS: Unable to mount root fs on unknown-block(0,0)
[   23.561034] CPU: 2 UID: 0 PID: 1 Comm: swapper/0 Tainted: G        W        N  6.18.32-gbf2ed6d05794-dirty #250 PREEMPT(voluntary) 
[   23.570256] Tainted: [W]=WARN, [N]=TEST
[   23.573122] Hardware name: QEMU Standard PC (i440FX + PIIX, 1996), BIOS 1.15.0-1 04/01/2014
[   23.580247] Call Trace:
[   23.583542]  <TASK>
[   23.585618]  vpanic+0x34f/0x360
[   23.587765]  panic+0x56/0x60
[   23.589776]  mount_root_generic+0x1ff/0x320
[   23.599056]  prepare_namespace+0x63/0x270
[   23.600943]  kernel_init_freeable+0x29f/0x2f0
[   23.603519]  ? __pfx_kernel_init+0x10/0x10
[   23.607803]  kernel_init+0x15/0x1c0
[   23.610868]  ret_from_fork+0x144/0x160
[   23.613269]  ? __pfx_kernel_init+0x10/0x10
[   23.616960]  ret_from_fork_asm+0x1a/0x30
[   23.620277]  </TASK>
[   23.641508] Kernel Offset: 0xee00000 from 0xffffffff81000000 (relocation range: 0xffffffff80000000-0xffffffffbfffffff)
