tst_tmpdir.c:308: TINFO: Using /tmp/LTP_mmaUxtnHX as tmpdir (tmpfs filesystem)
tst_kconfig.c:90: TINFO: Parsing kernel config '/proc/config.gz'
tst_device.c:103: TINFO: Found free device 0 '/dev/loop0'
tst_supported_fs_types.c:108: TINFO: Kernel supports ext4
tst_supported_fs_types.c:67: TINFO: mkfs.ext4 does exist
tst_test.c:1305: TINFO: Formatting /dev/loop0 with ext4 opts='-b 1024' extra opts='10240'
mke2fs 1.47.2 (1-Jan-2025)
tst_test.c:1317: TINFO: Mounting /dev/loop0 to /tmp/LTP_mmaUxtnHX/mntpoint fstyp=ext4 flags=0
tst_test.c:2067: TINFO: LTP version: 20260930
tst_test.c:2070: TINFO: Tested kernel: 6.18.32-g909bccf49fb5 #119 SMP PREEMPT_DYNAMIC Thu Oct  8 16:28:49 CST 2026 x86_64
tst_test.c:1895: TINFO: Overall timeout per run is 0h 00m 30s
mmap16.c:149: TPASS: bug is not reproduced
mmap16.c:149: TPASS: bug is not reproduced
mmap16.c:149: TPASS: bug is not reproduced
mmap16.c:149: TPASS: bug is not reproduced
mmap16.c:149: TPASS: bug is not reproduced
mmap16.c:149: TPASS: bug is not reproduced
mmap16.c:149: TPASS: bug is not reproduced
mmap16.c:149: TPASS: bug is not reproduced
mmap16.c:149: TPASS: bug is not reproduced
mmap16.c:149: TPASS: bug is not reproduced

Summary:
passed   10
failed   0
broken   0
skipped  0
warnings 0
