[    0.000000] Linux version 6.18.32-g4ca6ef1048f0 (ppw@vm) (gcc (Ubuntu 11.4.0-1ubuntu1~22.04.3) 11.4.0, GNU ld (GNU Binutils for Ubuntu) 2.38) #94 SMP PREEMPT_DYNAMIC Mon Sep 21 12:22:56 CST 2026
[    0.000000] Command line: console=ttyS0 panic=-1 kunit.filter_glob=corten* corten=on
[    0.000000] BIOS-provided physical RAM map:
[    0.000000] BIOS-e820: [mem 0x0000000000000000-0x000000000009fbff] usable
[    0.000000] BIOS-e820: [mem 0x000000000009fc00-0x000000000009ffff] reserved
[    0.000000] BIOS-e820: [mem 0x00000000000f0000-0x00000000000fffff] reserved
[    0.000000] BIOS-e820: [mem 0x0000000000100000-0x000000007ffdffff] usable
[    0.000000] BIOS-e820: [mem 0x000000007ffe0000-0x000000007fffffff] reserved
[    0.000000] BIOS-e820: [mem 0x00000000feffc000-0x00000000feffffff] reserved
[    0.000000] BIOS-e820: [mem 0x00000000fffc0000-0x00000000ffffffff] reserved
[    0.000000] NX (Execute Disable) protection: active
[    0.000000] APIC: Static calls initialized
[    0.000000] SMBIOS 2.8 present.
[    0.000000] DMI: QEMU Standard PC (i440FX + PIIX, 1996), BIOS 1.15.0-1 04/01/2014
[    0.000000] DMI: Memory slots populated: 1/1
[    0.000000] Hypervisor detected: KVM
[    0.000000] last_pfn = 0x7ffe0 max_arch_pfn = 0x400000000
[    0.000000] kvm-clock: Using msrs 4b564d01 and 4b564d00
[    0.000003] kvm-clock: using sched offset of 3930215302 cycles
[    0.000007] clocksource: kvm-clock: mask: 0xffffffffffffffff max_cycles: 0x1cd42e4dffb, max_idle_ns: 881590591483 ns
[    0.000013] tsc: Detected 2419.196 MHz processor
[    0.004285] last_pfn = 0x7ffe0 max_arch_pfn = 0x400000000
[    0.004760] MTRR map: 4 entries (3 fixed + 1 variable; max 19), built from 8 variable MTRRs
[    0.004769] x86/PAT: Configuration [0-7]: WB  WC  UC- UC  WB  WP  UC- WT  
[    0.015829] found SMP MP-table at [mem 0x000f5ba0-0x000f5baf]
[    0.015850] Using GB pages for direct mapping
[    0.015913] ACPI: Early table checksum verification disabled
[    0.015917] ACPI: RSDP 0x00000000000F59E0 000014 (v00 BOCHS )
[    0.015984] ACPI: RSDT 0x000000007FFE1A1C 000034 (v01 BOCHS  BXPC     00000001 BXPC 00000001)
[    0.015989] ACPI: FACP 0x000000007FFE18B8 000074 (v01 BOCHS  BXPC     00000001 BXPC 00000001)
[    0.016023] ACPI: DSDT 0x000000007FFE0040 001878 (v01 BOCHS  BXPC     00000001 BXPC 00000001)
[    0.016026] ACPI: FACS 0x000000007FFE0000 000040
[    0.016028] ACPI: APIC 0x000000007FFE192C 000090 (v01 BOCHS  BXPC     00000001 BXPC 00000001)
[    0.016029] ACPI: HPET 0x000000007FFE19BC 000038 (v01 BOCHS  BXPC     00000001 BXPC 00000001)
[    0.016031] ACPI: WAET 0x000000007FFE19F4 000028 (v01 BOCHS  BXPC     00000001 BXPC 00000001)
[    0.016033] ACPI: Reserving FACP table memory at [mem 0x7ffe18b8-0x7ffe192b]
[    0.016034] ACPI: Reserving DSDT table memory at [mem 0x7ffe0040-0x7ffe18b7]
[    0.016034] ACPI: Reserving FACS table memory at [mem 0x7ffe0000-0x7ffe003f]
[    0.016035] ACPI: Reserving APIC table memory at [mem 0x7ffe192c-0x7ffe19bb]
[    0.016035] ACPI: Reserving HPET table memory at [mem 0x7ffe19bc-0x7ffe19f3]
[    0.016036] ACPI: Reserving WAET table memory at [mem 0x7ffe19f4-0x7ffe1a1b]
[    0.019077] No NUMA configuration found
[    0.019083] Faking a node at [mem 0x0000000000000000-0x000000007ffdffff]
[    0.019092] NODE_DATA(0) allocated [mem 0x7ffdc140-0x7ffdffff]
[    0.020923] Zone ranges:
[    0.020925]   DMA      [mem 0x0000000000001000-0x0000000000ffffff]
[    0.020927]   DMA32    [mem 0x0000000001000000-0x000000007ffdffff]
[    0.020928]   Normal   empty
[    0.020929] Movable zone start for each node
[    0.020929] Early memory node ranges
[    0.020930]   node   0: [mem 0x0000000000001000-0x000000000009efff]
[    0.020931]   node   0: [mem 0x0000000000100000-0x000000007ffdffff]
[    0.020933] Initmem setup node 0 [mem 0x0000000000001000-0x000000007ffdffff]
[    0.021927] On node 0, zone DMA: 1 pages in unavailable ranges
[    0.028050] On node 0, zone DMA: 97 pages in unavailable ranges
[    1.160027] On node 0, zone DMA32: 32 pages in unavailable ranges
[    1.165670] ACPI: PM-Timer IO Port: 0x608
[    1.166730] ACPI: LAPIC_NMI (acpi_id[0xff] dfl dfl lint[0x1])
[    1.168021] IOAPIC[0]: apic_id 0, version 17, address 0xfec00000, GSI 0-23
[    1.168037] ACPI: INT_SRC_OVR (bus 0 bus_irq 0 global_irq 2 dfl dfl)
[    1.168042] ACPI: INT_SRC_OVR (bus 0 bus_irq 5 global_irq 5 high level)
[    1.168601] ACPI: INT_SRC_OVR (bus 0 bus_irq 9 global_irq 9 high level)
[    1.168605] ACPI: INT_SRC_OVR (bus 0 bus_irq 10 global_irq 10 high level)
[    1.168608] ACPI: INT_SRC_OVR (bus 0 bus_irq 11 global_irq 11 high level)
[    1.168631] ACPI: Using ACPI (MADT) for SMP configuration information
[    1.168713] ACPI: HPET id: 0x8086a201 base: 0xfed00000
[    1.169477] TSC deadline timer available
[    1.169649] CPU topo: Max. logical packages:   1
[    1.169652] CPU topo: Max. logical dies:       1
[    1.169653] CPU topo: Max. dies per package:   1
[    1.169663] CPU topo: Max. threads per core:   1
[    1.169665] CPU topo: Num. cores per package:     4
[    1.169666] CPU topo: Num. threads per package:   4
[    1.169667] CPU topo: Allowing 4 present CPUs plus 0 hotplug CPUs
[    1.170070] kvm-guest: APIC: eoi() replaced with kvm_guest_apic_eoi_write()
[    1.170808] kvm-guest: KVM setup pv remote TLB flush
[    1.170825] kvm-guest: setup PV sched yield
[    1.170919] PM: hibernation: Registered nosave memory: [mem 0x00000000-0x00000fff]
[    1.170921] PM: hibernation: Registered nosave memory: [mem 0x0009f000-0x000fffff]
[    1.170922] [mem 0x80000000-0xfeffbfff] available for PCI devices
[    1.170952] Booting paravirtualized kernel on KVM
[    1.171139] clocksource: refined-jiffies: mask: 0xffffffff max_cycles: 0xffffffff, max_idle_ns: 1910969940391419 ns
[    1.205099] setup_percpu: NR_CPUS:64 nr_cpumask_bits:4 nr_cpu_ids:4 nr_node_ids:1
[    1.253970] percpu: Embedded 54 pages/cpu s182680 r8192 d30312 u524288
[    1.255495] Kernel command line: console=ttyS0 panic=-1 kunit.filter_glob=corten* corten=on
[    1.257408] corten: requested on, activating at initcall time
[    1.257827] random: crng init done
[    1.257907] printk: log buffer data + meta data: 262144 + 917504 = 1179648 bytes
[    1.311992] Dentry cache hash table entries: 262144 (order: 9, 2097152 bytes, linear)
[    1.332920] Inode-cache hash table entries: 131072 (order: 8, 1048576 bytes, linear)
[    1.335414] Fallback order for Node 0: 0 
[    1.335513] Built 1 zonelists, mobility grouping on.  Total pages: 524158
[    1.335518] Policy zone: DMA32
[    1.335523] mem auto-init: stack:off, heap alloc:off, heap free:off
[    1.516108] SLUB: HWalign=64, Order=0-3, MinObjects=0, CPUs=4, Nodes=1
[    1.548613] Dynamic Preempt: voluntary
[    1.551270] rcu: Preemptible hierarchical RCU implementation.
[    1.551274] rcu: 	RCU event tracing is enabled.
[    1.551276] rcu: 	RCU restricting CPUs from NR_CPUS=64 to nr_cpu_ids=4.
[    1.551281] 	Trampoline variant of Tasks RCU enabled.
[    1.551282] 	Tracing variant of Tasks RCU enabled.
[    1.551283] rcu: RCU calculated value of scheduler-enlistment delay is 100 jiffies.
[    1.551285] rcu: Adjusting geometry for rcu_fanout_leaf=16, nr_cpu_ids=4
[    1.551453] RCU Tasks: Setting shift to 2 and lim to 1 rcu_task_cb_adjust=1 rcu_task_cpu_ids=4.
[    1.551547] RCU Tasks Trace: Setting shift to 2 and lim to 1 rcu_task_cb_adjust=1 rcu_task_cpu_ids=4.
[    1.580329] NR_IRQS: 4352, nr_irqs: 456, preallocated irqs: 16
[    1.581055] rcu: srcu_init: Setting srcu_struct sizes based on contention.
[    1.645545] Console: colour VGA+ 80x25
[    1.646196] printk: legacy console [ttyS0] enabled
[    2.275440] ACPI: Core revision 20250807
[    2.281360] clocksource: hpet: mask: 0xffffffff max_cycles: 0xffffffff, max_idle_ns: 19112604467 ns
[    2.292181] APIC: Switch to symmetric I/O mode setup
[    2.304433] x2apic enabled
[    2.312657] APIC: Switched APIC routing to: physical x2apic
[    2.317873] kvm-guest: APIC: send_IPI_mask() replaced with kvm_send_ipi_mask()
[    2.323734] kvm-guest: APIC: send_IPI_mask_allbutself() replaced with kvm_send_ipi_mask_allbutself()
[    2.332616] kvm-guest: setup PV IPIs
[    2.357745] ..TIMER: vector=0x30 apic1=0 pin1=2 apic2=-1 pin2=-1
[    2.364253] clocksource: tsc-early: mask: 0xffffffffffffffff max_cycles: 0x22df0d21928, max_idle_ns: 440795225288 ns
[    2.369051] Calibrating delay loop (skipped) preset value.. 4838.39 BogoMIPS (lpj=2419196)
[    2.372630] x86/cpu: User Mode Instruction Prevention (UMIP) activated
[    2.375293] Last level iTLB entries: 4KB 0, 2MB 0, 4MB 0
[    2.376046] Last level dTLB entries: 4KB 0, 2MB 0, 4MB 0, 1GB 0
[    2.377292] mitigations: Enabled attack vectors: user_kernel, user_user, SMT mitigations: auto
[    2.378242] Speculative Store Bypass: Mitigation: Speculative Store Bypass disabled via prctl
[    2.379042] Spectre V2 : Mitigation: Enhanced / Automatic IBRS
[    2.380044] ITS: Mitigation: Aligned branch/return thunks
[    2.381046] Spectre V1 : Mitigation: usercopy/swapgs barriers and __user pointer sanitization
[    2.382092] Spectre V2 : Spectre v2 / PBRSB-eIBRS: Retire a single CALL on VMEXIT
[    2.383053] Spectre V2 : mitigation: Enabling conditional Indirect Branch Prediction Barrier
[    2.384052] active return thunk: its_return_thunk
[    2.385584] x86/fpu: Supporting XSAVE feature 0x001: 'x87 floating point registers'
[    2.386051] x86/fpu: Supporting XSAVE feature 0x002: 'SSE registers'
[    2.387049] x86/fpu: Supporting XSAVE feature 0x004: 'AVX registers'
[    2.388045] x86/fpu: Supporting XSAVE feature 0x200: 'Protection Keys User registers'
[    2.389041] x86/fpu: xstate_offset[2]:  576, xstate_sizes[2]:  256
[    2.390048] x86/fpu: xstate_offset[9]:  832, xstate_sizes[9]:    8
[    2.391038] x86/fpu: Enabled xstate features 0x207, context size is 840 bytes, using 'compacted' format.
[    2.557178] Freeing SMP alternatives memory: 64K
[    2.558055] pid_max: default: 32768 minimum: 301
[    2.559683] LSM: initializing lsm=capability,selinux
[    2.561314] SELinux:  Initializing.
[    2.564666] Mount-cache hash table entries: 4096 (order: 3, 32768 bytes, linear)
[    2.566144] Mountpoint-cache hash table entries: 4096 (order: 3, 32768 bytes, linear)
[    2.577224] smpboot: CPU0: 13th Gen Intel(R) Core(TM) i9-13900HX (family: 0x6, model: 0xb7, stepping: 0x1)
[    2.581033] Performance Events: Alderlake Hybrid events, core PMU driver.
[    2.584084] core: CPUID marked event: 'cpu cycles' unavailable
[    2.585047] core: CPUID marked event: 'instructions' unavailable
[    2.586076] core: CPUID marked event: 'bus cycles' unavailable
[    2.587089] core: CPUID marked event: 'cache references' unavailable
[    2.588083] core: CPUID marked event: 'cache misses' unavailable
[    2.589087] core: CPUID marked event: 'branch instructions' unavailable
[    2.590084] core: CPUID marked event: 'branch misses' unavailable
[    2.591680] core: The event 0x100 is not supported as a normal event.
[    2.592082] core: The event 0x300 is not supported as a normal event.
[    2.593046] core: The event 0x400 is not supported as a normal event.
[    2.594077] core: The event 0x8000 is not supported as a normal event.
[    2.595084] core: The event 0x8100 is not supported as a normal event.
[    2.596080] core: The event 0x8200 is not supported as a normal event.
[    2.597050] core: The event 0x8300 is not supported as a normal event.
[    2.598048] core: The event 0x8400 is not supported as a normal event.
[    2.599077] core: The event 0x8500 is not supported as a normal event.
[    2.600082] core: The event 0x8600 is not supported as a normal event.
[    2.601065] core: The event 0x8700 is not supported as a normal event.
[    2.602740] core: cpu_core PMU driver: 
[    2.603083] ... version:                   1
[    2.604050] ... bit width:                 48
[    2.605081] ... generic counters:          6
[    2.606086] ... generic bitmap:            000000000000003f
[    2.607047] ... fixed-purpose counters:    0
[    2.608106] ... fixed-purpose bitmap:      0000000000000000
[    2.609082] ... value mask:                0000ffffffffffff
[    2.610081] ... max period:                000000007fffffff
[    2.611079] ... global_ctrl mask:          000100000000003f
[    2.613033] signal: max sigframe size: 3632
[    2.614211] rcu: Hierarchical SRCU implementation.
[    2.615084] rcu: 	Max phase no-delay instances is 400.
[    2.617936] Timer migration: 1 hierarchy levels; 8 children per group; 1 crossnode level
[    2.623033] corten: page descriptors enabled
[    2.626033] smp: Bringing up secondary CPUs ...
[    2.630465] smpboot: x86: Booting SMP configuration:
[    2.631090] .... node  #0, CPUs:      #1 #2 #3
[    2.662783] smp: Brought up 1 node, 4 CPUs
[    2.664047] smpboot: Total of 4 processors activated (19353.56 BogoMIPS)
[    2.668554] Memory: 2004908K/2096632K available (21390K kernel code, 3198K rwdata, 8936K rodata, 3256K init, 1208K bss, 84536K reserved, 0K cma-reserved)
[    2.675080] devtmpfs: initialized
[    2.687148] clocksource: jiffies: mask: 0xffffffff max_cycles: 0xffffffff, max_idle_ns: 1911260446275000 ns
[    2.688107] posixtimers hash table entries: 2048 (order: 3, 32768 bytes, linear)
[    2.691584] futex hash table entries: 1024 (65536 bytes on 1 NUMA nodes, total 64 KiB, linear).
[    2.693712] PM: RTC time: 04:27:46, date: 2026-09-21
[    2.747870] NET: Registered PF_NETLINK/PF_ROUTE protocol family
[    2.748892] audit: initializing netlink subsys (disabled)
[    2.750047] audit: type=2000 audit(1789964865.770:1): state=initialized audit_enabled=0 res=1
[    2.751025] thermal_sys: Registered thermal governor 'step_wise'
[    2.752085] cpuidle: using governor menu
[    2.756519] PCI: Using configuration type 1 for base access
[    2.758365] kprobes: kprobe jump-optimization is enabled. All kprobes are optimized if possible.
[    2.778033] HugeTLB: registered 2.00 MiB page size, pre-allocated 0 pages
[    2.782088] HugeTLB: 28 KiB vmemmap can be freed for a 2.00 MiB page
[    2.817118] ACPI: Added _OSI(Module Device)
[    2.821086] ACPI: Added _OSI(Processor Device)
[    2.825081] ACPI: Added _OSI(Processor Aggregator Device)
[    2.833033] ACPI: 1 ACPI AML tables successfully acquired and loaded
[    2.847305] ACPI: Interpreter enabled
[    2.848119] ACPI: PM: (supports S0 S3 S4 S5)
[    2.849049] ACPI: Using IOAPIC for interrupt routing
[    2.850142] PCI: Using host bridge windows from ACPI; if necessary, use "pci=nocrs" and report a bug
[    2.851046] PCI: Using E820 reservations for host bridge windows
[    2.852084] ACPI: Enabled 2 GPEs in block 00 to 0F
[    2.866033] ACPI: PCI Root Bridge [PCI0] (domain 0000 [bus 00-ff])
[    2.866109] acpi PNP0A03:00: _OSC: OS supports [ASPM ClockPM Segments MSI HPX-Type3]
[    2.867093] acpi PNP0A03:00: _OSC: not requesting OS control; OS requires [ExtendedConfig ASPM ClockPM MSI]
[    2.868134] acpi PNP0A03:00: fail to add MMCONFIG information, can't access extended configuration space under this bridge
[    2.869711] PCI host bridge to bus 0000:00
[    2.870105] pci_bus 0000:00: root bus resource [io  0x0000-0x0cf7 window]
[    2.871085] pci_bus 0000:00: root bus resource [io  0x0d00-0xffff window]
[    2.872089] pci_bus 0000:00: root bus resource [mem 0x000a0000-0x000bffff window]
[    2.873235] pci_bus 0000:00: root bus resource [mem 0x80000000-0xfebfffff window]
[    2.874056] pci_bus 0000:00: root bus resource [mem 0x100000000-0x17fffffff window]
[    2.875178] pci_bus 0000:00: root bus resource [bus 00-ff]
[    2.876577] pci 0000:00:00.0: [8086:1237] type 00 class 0x060000 conventional PCI endpoint
[    2.881162] pci 0000:00:01.0: [8086:7000] type 00 class 0x060100 conventional PCI endpoint
[    2.885088] pci 0000:00:01.1: [8086:7010] type 00 class 0x010180 conventional PCI endpoint
[    2.888801] pci 0000:00:01.1: BAR 4 [io  0xc040-0xc04f]
[    2.889261] pci 0000:00:01.1: BAR 0 [io  0x01f0-0x01f7]: legacy IDE quirk
[    2.890084] pci 0000:00:01.1: BAR 1 [io  0x03f6]: legacy IDE quirk
[    2.891091] pci 0000:00:01.1: BAR 2 [io  0x0170-0x0177]: legacy IDE quirk
[    2.892083] pci 0000:00:01.1: BAR 3 [io  0x0376]: legacy IDE quirk
[    2.896176] pci 0000:00:01.3: [8086:7113] type 00 class 0x068000 conventional PCI endpoint
[    2.900033] pci 0000:00:01.3: quirk: [io  0x0600-0x063f] claimed by PIIX4 ACPI
[    2.900184] pci 0000:00:01.3: quirk: [io  0x0700-0x070f] claimed by PIIX4 SMB
[    2.903033] pci 0000:00:02.0: [1234:1111] type 00 class 0x030000 conventional PCI endpoint
[    2.910288] pci 0000:00:02.0: BAR 0 [mem 0xfd000000-0xfdffffff pref]
[    2.912253] pci 0000:00:02.0: BAR 2 [mem 0xfebb0000-0xfebb0fff]
[    2.913500] pci 0000:00:02.0: ROM [mem 0xfeba0000-0xfebaffff pref]
[    2.919857] pci 0000:00:02.0: Video device with shadowed ROM at [mem 0x000c0000-0x000dffff]
[    2.948709] pci 0000:00:03.0: [8086:100e] type 00 class 0x020000 conventional PCI endpoint
[    2.952194] pci 0000:00:03.0: BAR 0 [mem 0xfeb80000-0xfeb9ffff]
[    2.953181] pci 0000:00:03.0: BAR 1 [io  0xc000-0xc03f]
[    2.954474] pci 0000:00:03.0: ROM [mem 0xfeb00000-0xfeb7ffff pref]
[    2.976939] ACPI: PCI: Interrupt link LNKA configured for IRQ 10
[    2.978710] ACPI: PCI: Interrupt link LNKB configured for IRQ 10
[    2.980010] ACPI: PCI: Interrupt link LNKC configured for IRQ 11
[    2.980924] ACPI: PCI: Interrupt link LNKD configured for IRQ 11
[    2.981637] ACPI: PCI: Interrupt link LNKS configured for IRQ 9
[    2.997026] iommu: Default domain type: Translated
[    2.998083] iommu: DMA domain TLB invalidation policy: lazy mode
[    3.014456] SCSI subsystem initialized
[    3.026714] ACPI: bus type USB registered
[    3.028279] usbcore: registered new interface driver usbfs
[    3.029413] usbcore: registered new interface driver hub
[    3.030201] usbcore: registered new device driver usb
[    3.032845] pps_core: LinuxPPS API ver. 1 registered
[    3.033239] pps_core: Software ver. 5.3.6 - Copyright 2005-2007 Rodolfo Giometti <giometti@linux.it>
[    3.034103] PTP clock support registered
[    3.039026] Advanced Linux Sound Architecture Driver Initialized.
[    3.058368] NetLabel: Initializing
[    3.059082] NetLabel:  domain hash size = 128
[    3.060082] NetLabel:  protocols = UNLABELED CIPSOv4 CALIPSO
[    3.062168] NetLabel:  unlabeled traffic allowed by default
[    3.070197] PCI: Using ACPI for IRQ routing
[    3.075310] pci 0000:00:02.0: vgaarb: setting as boot VGA device
[    3.076033] pci 0000:00:02.0: vgaarb: bridge control possible
[    3.076033] pci 0000:00:02.0: vgaarb: VGA device added: decodes=io+mem,owns=io+mem,locks=none
[    3.076093] vgaarb: loaded
[    3.087456] hpet0: at MMIO 0xfed00000, IRQs 2, 8, 0
[    3.088082] hpet0: 3 comparators, 64-bit 100.000000 MHz counter
[    3.093376] clocksource: Switched to clocksource kvm-clock
[    3.116218] VFS: Disk quotas dquot_6.6.0
[    3.121274] VFS: Dquot-cache hash table entries: 512 (order 0, 4096 bytes)
[    3.138373] pnp: PnP ACPI init
[    3.145712] pnp: PnP ACPI: found 6 devices
[    3.224254] clocksource: acpi_pm: mask: 0xffffff max_cycles: 0xffffff, max_idle_ns: 2085701024 ns
[    3.235234] NET: Registered PF_INET protocol family
[    3.248473] IP idents hash table entries: 32768 (order: 6, 262144 bytes, linear)
[    3.267704] tcp_listen_portaddr_hash hash table entries: 1024 (order: 2, 16384 bytes, linear)
[    3.275728] Table-perturb hash table entries: 65536 (order: 6, 262144 bytes, linear)
[    3.285145] TCP established hash table entries: 16384 (order: 5, 131072 bytes, linear)
[    3.298558] TCP bind hash table entries: 16384 (order: 7, 524288 bytes, linear)
[    3.323207] TCP: Hash tables configured (established 16384 bind 16384)
[    3.340431] UDP hash table entries: 1024 (order: 4, 65536 bytes, linear)
[    3.353553] UDP-Lite hash table entries: 1024 (order: 4, 65536 bytes, linear)
[    3.371811] NET: Registered PF_UNIX/PF_LOCAL protocol family
[    3.387768] RPC: Registered named UNIX socket transport module.
[    3.395401] RPC: Registered udp transport module.
[    3.399230] RPC: Registered tcp transport module.
[    3.404493] RPC: Registered tcp-with-tls transport module.
[    3.411194] RPC: Registered tcp NFSv4.1 backchannel transport module.
[    3.426602] pci_bus 0000:00: resource 4 [io  0x0000-0x0cf7 window]
[    3.434330] pci_bus 0000:00: resource 5 [io  0x0d00-0xffff window]
[    3.441513] pci_bus 0000:00: resource 6 [mem 0x000a0000-0x000bffff window]
[    3.449596] pci_bus 0000:00: resource 7 [mem 0x80000000-0xfebfffff window]
[    3.457844] pci_bus 0000:00: resource 8 [mem 0x100000000-0x17fffffff window]
[    3.466719] pci 0000:00:01.0: PIIX3: Enabling Passive Release
[    3.473399] pci 0000:00:00.0: Limiting direct PCI/PCI transfers
[    3.480227] PCI: CLS 0 bytes, default 64
[    3.485309] RAPL PMU: API unit is 2^-32 Joules, 0 fixed counters, 10737418240 ms ovfl timer
[    3.495950] clocksource: tsc: mask: 0xffffffffffffffff max_cycles: 0x22df0d21928, max_idle_ns: 440795225288 ns
[    3.532824] Initialise system trusted keyrings
[    3.540603] workingset: timestamp_bits=40 max_order=19 bucket_order=0
[    3.561303] NFS: Registering the id_resolver key type
[    3.568744] Key type id_resolver registered
[    3.573574] Key type id_legacy registered
[    3.580751] 9p: Installing v9fs 9p2000 file system support
[    3.651616] Key type asymmetric registered
[    3.656277] Asymmetric key parser 'x509' registered
[    3.663470] Block layer SCSI generic (bsg) driver version 0.4 loaded (major 251)
[    3.673396] io scheduler mq-deadline registered
[    3.678228] io scheduler kyber registered
[    3.687595] input: Power Button as /devices/LNXSYSTM:00/LNXPWRBN:00/input/input0
[    3.697700] ACPI: button: Power Button [PWRF]
[    3.712556] Serial: 8250/16550 driver, 4 ports, IRQ sharing enabled
[    3.722033] 00:04: ttyS0 at I/O 0x3f8 (irq = 4, base_baud = 115200) is a 16550A
[    3.744419] Non-volatile memory driver v1.3
[    3.749578] Linux agpgart interface v0.103
[    3.926689] ACPI: bus type drm_connector registered
[    4.036299] loop: module loaded
[    4.044334] zram: Added device: zram0
[    4.069512] scsi host0: ata_piix
[    4.080462] scsi host1: ata_piix
[    4.081364] ata1: PATA max MWDMA2 cmd 0x1f0 ctl 0x3f6 bmdma 0xc040 irq 14 lpm-pol 0
[    4.096164] ata2: PATA max MWDMA2 cmd 0x170 ctl 0x376 bmdma 0xc048 irq 15 lpm-pol 0
[    4.113372] tun: Universal TUN/TAP device driver, 1.6
[    4.122793] e100: Intel(R) PRO/100 Network Driver
[    4.128261] e100: Copyright(c) 1999-2006 Intel Corporation
[    4.134586] e1000: Intel(R) PRO/1000 Network Driver
[    4.137959] e1000: Copyright (c) 1999-2006 Intel Corporation.
[    4.185555] ACPI: \_SB_.LNKC: Enabled at IRQ 11
[    4.268025] ata2: found unknown device (class 0)
[    4.282468] ata2.00: ATAPI: QEMU DVD-ROM, 2.5+, max UDMA/100
[    4.306243] scsi 1:0:0:0: CD-ROM            QEMU     QEMU DVD-ROM     2.5+ PQ: 0 ANSI: 5
[    4.388441] sr 1:0:0:0: [sr0] scsi3-mmc drive: 4x/4x cd/rw xa/form2 tray
[    4.396926] cdrom: Uniform CD-ROM driver Revision: 3.20
[    4.424733] sr 1:0:0:0: Attached scsi generic sg0 type 5
[    5.515941] e1000 0000:00:03.0 eth0: (PCI:33MHz:32-bit) 52:54:00:12:34:56
[    5.524307] e1000 0000:00:03.0 eth0: Intel(R) PRO/1000 Network Connection
[    5.532379] e1000e: Intel(R) PRO/1000 Network Driver
[    5.536464] e1000e: Copyright(c) 1999 - 2015 Intel Corporation.
[    5.545672] sky2: driver version 1.30
[    5.556200] usbcore: registered new interface driver usblp
[    5.563782] usbcore: registered new interface driver usb-storage
[    5.574658] i8042: PNP: PS/2 Controller [PNP0303:KBD,PNP0f13:MOU] at 0x60,0x64 irq 1,12
[    5.595077] serio: i8042 KBD port at 0x60,0x64 irq 1
[    5.601539] serio: i8042 AUX port at 0x60,0x64 irq 12
[    5.611926] rtc_cmos 00:05: RTC can wake from S4
[    5.620701] input: AT Translated Set 2 keyboard as /devices/platform/i8042/serio0/input/input1
[    5.623846] rtc_cmos 00:05: registered as rtc0
[    5.637789] rtc_cmos 00:05: alarms up to one day, y3k, 242 bytes nvram, hpet irqs
[    5.651734] device-mapper: ioctl: 4.50.0-ioctl (2025-04-28) initialised: dm-devel@lists.linux.dev
[    5.665917] intel_pstate: CPU model not supported
[    5.673877] hid: raw HID events driver (C) Jiri Kosina
[    5.689695] usbcore: registered new interface driver usbhid
[    5.701679] usbhid: USB HID core driver
[    5.757307] xt_time: kernel timezone is -0000
[    5.764102] Initializing XFRM netlink socket
[    5.769423] NET: Registered PF_INET6 protocol family
[    5.791480] Segment Routing with IPv6
[    5.794867] In-situ OAM (IOAM) with IPv6
[    5.801443] sit: IPv6, IPv4 and MPLS over IPv4 tunneling driver
[    5.808206] NET: Registered PF_PACKET protocol family
[    5.813819] NET: Registered PF_KEY protocol family
[    5.820419] 9pnet: Installing 9P2000 support
[    5.825867] Key type dns_resolver registered
[    5.831509] NET: Registered PF_VSOCK protocol family
[    5.843802] IPI shorthand broadcast: enabled
[    5.868440] sched_clock: Marking stable (5095104803, 772961135)->(7024661398, -1156595460)
[    5.880770] registered taskstats version 1
[    5.889249] Loading compiled-in X.509 certificates
[    5.918784] Demotion targets for Node 0: null
[    5.926245] Key type .fscrypt registered
[    5.931198] Key type fscrypt-provisioning registered
[    5.941342] PM:   Magic number: 10:943:464
[    5.947268] netconsole: network logging started
[    5.954256] cfg80211: Loading compiled-in X.509 certificates for regulatory database
[    5.967918] kworker/u16:1 (71) used greatest stack depth: 14272 bytes left
[    5.973084] Loaded X.509 cert 'sforshee: 00b28ddf47aef9cea7'
[    5.987230] Loaded X.509 cert 'wens: 61c038651aabdcf94bd0ac7ff06c7248db18c600'
[    5.997116] ALSA device list:
[    6.001500]   No soundcards found.
[    6.002462] faux_driver regulatory: Direct firmware load for regulatory.db failed with error -2
[    6.006757] KTAP version 1
[    6.013424] cfg80211: failed to load regulatory.db
[    6.015697] 1..3
[    6.024900]     KTAP version 1
[    6.026068]     # Subtest: corten
[    6.027276]     # module: corten_test
[    6.027278]     1..25
[    6.033914]     ok 1 corten_test_layout # SKIP corten=on boot
[    6.038743]     ok 2 corten_test_ptdesc_get_put
[    6.047692]     ok 3 corten_test_meta_roundtrip
[    6.056520]     ok 4 corten_test_meta_reinit_cleared
[    6.064859]     ok 5 corten_test_covering_level
[    6.072541]     ok 6 corten_test_covering_base_index
[    6.081500]     ok 7 corten_test_txn_covering
[    6.089533]     ok 8 corten_test_txn_hole
[    6.096666]     ok 9 corten_test_txn_stale_eagain
[    6.101997]     ok 10 corten_test_lock_range_args
[    6.111346]     ok 11 corten_test_txn_state_machine
[    6.119530]     ok 12 corten_test_txn_atomic_validate
[    6.130047]     ok 13 corten_test_txn_real_glue
[    6.198432]     ok 14 corten_test_txn_mutex_overlap
[    6.241686] input: ImExPS/2 Generic Explorer Mouse as /devices/platform/i8042/serio1/input/input3
[    6.242476]     ok 15 corten_test_txn_mutex_disjoint
[    6.268362]     ok 16 corten_test_fail_alloc
[    6.277989] kunit_try_catch (112) used greatest stack depth: 14216 bytes left
[    6.280129]     ok 17 corten_test_txn_hole_fill
[    6.310776]     ok 18 corten_test_txn_hole_race
[    6.563596]     ok 19 corten_test_txn_uninstall_interlock
[    6.577735]     ok 20 corten_test_uninstall_bh_ctx
[    6.583729] ------------[ cut here ]------------
[    6.594033] WARNING: CPU: 1 PID: 124 at mm/corten.c:865 corten_txn_begin+0x191/0x4b0
[    6.604784] Modules linked in:
[    6.608367] CPU: 1 UID: 0 PID: 124 Comm: kunit_try_catch Tainted: G                 N  6.18.32-g4ca6ef1048f0 #94 PREEMPT(voluntary) 
[    6.619251] Tainted: [N]=TEST
[    6.621623] Hardware name: QEMU Standard PC (i440FX + PIIX, 1996), BIOS 1.15.0-1 04/01/2014
[    6.633475] RIP: 0010:corten_txn_begin+0x191/0x4b0
[    6.637569] Code: 02 00 00 4c 89 ff 48 89 04 24 e8 fa b4 f4 00 4c 89 ff e8 02 b7 f4 00 48 8b 04 24 41 0f b6 4f 25 38 48 25 0f 87 65 ff ff ff 90 <0f> 0b 90 41 80 7e 48 04 0f 86 61 ff ff ff 90 0f 0b 90 48 89 c7 e8
[    6.660964] RSP: 0000:ffffb31d804f7da0 EFLAGS: 00010246
[    6.666940] RAX: ffff9b7f43724f00 RBX: 0000000000000fff RCX: 0000000000000002
[    6.673348] RDX: 0000000000000003 RSI: 0000000000000017 RDI: ffff9b7f437a2380
[    6.681293] RBP: 0000000000000000 R08: ffff9b7f41edbc00 R09: ffffb31d804f7e00
[    6.689367] R10: ffffb31d804f7d58 R11: 0000000000000006 R12: ffffffffada3e510
[    6.694895] R13: ffff9b7f41edbc00 R14: ffffb31d804f7e00 R15: ffff9b7f43724ea0
[    6.702646] FS:  0000000000000000(0000) GS:ffff9b800ebec000(0000) knlGS:0000000000000000
[    6.710161] CS:  0010 DS: 0000 ES: 0000 CR0: 0000000080050033
[    6.717367] CR2: 0000000000000000 CR3: 0000000026430001 CR4: 0000000000770ef0
[    6.724334] PKRU: 55555554
[    6.727709] Call Trace:
[    6.731871]  <TASK>
[    6.734315]  ? __pfx_kunit_generic_run_threadfn_adapter+0x10/0x10
[    6.742196]  corten_test_txn_path_overflow+0xb5/0x2a0
[    6.748646]  ? psi_task_switch+0x159/0x290
[    6.754367]  kunit_try_run_case+0x6f/0x150
[    6.760362]  ? __pfx_kunit_generic_run_threadfn_adapter+0x10/0x10
[    6.767613]  kunit_generic_run_threadfn_adapter+0x1c/0x40
[    6.773402]  kthread+0xff/0x1f0
[    6.778197]  ? __pfx_kthread+0x10/0x10
[    6.782444]  ? __pfx_kthread+0x10/0x10
[    6.786768]  ret_from_fork+0x144/0x160
[    6.792207]  ? __pfx_kthread+0x10/0x10
[    6.796508]  ret_from_fork_asm+0x1a/0x30
[    6.801426]  </TASK>
[    6.804058] ---[ end trace 0000000000000000 ]---
[    6.809751] ------------[ cut here ]------------
[    6.815220] WARNING: CPU: 1 PID: 124 at mm/corten.c:812 corten_txn_begin+0x1a0/0x4b0
[    6.824737] Modules linked in:
[    6.828409] CPU: 1 UID: 0 PID: 124 Comm: kunit_try_catch Tainted: G        W        N  6.18.32-g4ca6ef1048f0 #94 PREEMPT(voluntary) 
[    6.841693] Tainted: [W]=WARN, [N]=TEST
[    6.846462] Hardware name: QEMU Standard PC (i440FX + PIIX, 1996), BIOS 1.15.0-1 04/01/2014
[    6.855677] RIP: 0010:corten_txn_begin+0x1a0/0x4b0
[    6.861488] Code: 4c 89 ff e8 02 b7 f4 00 48 8b 04 24 41 0f b6 4f 25 38 48 25 0f 87 65 ff ff ff 90 0f 0b 90 41 80 7e 48 04 0f 86 61 ff ff ff 90 <0f> 0b 90 48 89 c7 e8 c5 f5 ff ff 41 0f b6 46 48 84 c0 74 28 83 e8
[    6.879852] RSP: 0000:ffffb31d804f7da0 EFLAGS: 00010202
[    6.885714] RAX: ffff9b7f43724b40 RBX: 0000000000000fff RCX: 0000000000000002
[    6.893886] RDX: 0000000000000003 RSI: 000000000000001c RDI: ffff9b7f437a2380
[    6.901710] RBP: 0000000000000000 R08: ffff9b7f41edbc00 R09: ffffb31d804f7e00
[    6.909961] R10: ffffb31d804f7d58 R11: 0000000000000006 R12: ffffffffada3e510
[    6.918150] R13: ffff9b7f41edbc00 R14: ffffb31d804f7e00 R15: ffff9b7f437248a0
[    6.926348] FS:  0000000000000000(0000) GS:ffff9b800ebec000(0000) knlGS:0000000000000000
[    6.935432] CS:  0010 DS: 0000 ES: 0000 CR0: 0000000080050033
[    6.942436] CR2: 0000000000000000 CR3: 0000000026430001 CR4: 0000000000770ef0
[    6.950264] PKRU: 55555554
[    6.953832] Call Trace:
[    6.956965]  <TASK>
[    6.959621]  ? __pfx_kunit_generic_run_threadfn_adapter+0x10/0x10
[    6.966539]  corten_test_txn_path_overflow+0xb5/0x2a0
[    6.972522]  ? psi_task_switch+0x159/0x290
[    6.977075]  kunit_try_run_case+0x6f/0x150
[    6.981918]  ? __pfx_kunit_generic_run_threadfn_adapter+0x10/0x10
[    6.988405]  kunit_generic_run_threadfn_adapter+0x1c/0x40
[    6.994389]  kthread+0xff/0x1f0
[    6.998127]  ? __pfx_kthread+0x10/0x10
[    7.002670]  ? __pfx_kthread+0x10/0x10
[    7.007022]  ret_from_fork+0x144/0x160
[    7.011325]  ? __pfx_kthread+0x10/0x10
[    7.015612]  ret_from_fork_asm+0x1a/0x30
[    7.020476]  </TASK>
[    7.023274] ---[ end trace 0000000000000000 ]---
[    7.029881] kunit_try_catch (124) used greatest stack depth: 13520 bytes left
[    7.031907]     ok 21 corten_test_txn_path_overflow
[    7.040706]     ok 22 corten_test_txn_child_err
[    7.050842]     ok 23 corten_test_real_huge_leaf
[    7.057935]     ok 24 corten_test_full_window_atomic
[    7.072461]     ok 25 corten_test_debugfs_content
[    7.078577] # corten: pass:24 fail:0 skip:1 total:25
[    7.085723] # Totals: pass:24 fail:0 skip:1 total:25
[    7.090539] ok 1 corten
[    7.098370]     KTAP version 1
[    7.101537]     # Subtest: corten_arena
[    7.105584]     # module: corten_arena_test
[    7.105594]     1..48
[    7.117940]     ok 1 corten_arena_test_declare_reject
[    7.128525]     ok 2 corten_arena_test_declare_reject_flags
[    7.140189]     ok 3 corten_arena_test_declare_query
[    7.151025]     ok 4 corten_arena_test_range_overlaps
[    7.164729]     ok 5 corten_arena_test_release
[    7.174290]     ok 6 corten_arena_test_ref_born_atomic
[    7.183527]     ok 7 corten_arena_test_release_classify
[    7.198547]     ok 8 corten_arena_test_shadow_vma
[    7.208331]     ok 9 corten_arena_test_exit
[    7.217264]     ok 10 corten_arena_test_prctl
[    7.224683]     ok 11 corten_arena_test_mode
[    7.230792]     ok 12 corten_arena_test_auto_classify
[    7.236533]     ok 13 corten_arena_test_auto_place
[    7.252600]     ok 14 corten_arena_test_auto_route
[    7.276460]     ok 15 corten_arena_test_auto_attach_release
[    7.287769]     ok 16 corten_arena_test_mag_recycle
[    7.301267]     ok 17 corten_arena_test_mag_marker
[    7.319554]     ok 18 corten_arena_test_pool_reuse
[    7.364696] corten_arena_op (208) used greatest stack depth: 12880 bytes left
[    7.371883]     ok 19 corten_arena_test_pool_limit
[    7.389748]     ok 20 corten_arena_test_pool_mode_exit
[    7.407050]     ok 21 corten_arena_test_pool_fork
[    7.422909]     ok 22 corten_arena_test_mprotect_route
[    7.436791]     ok 23 corten_arena_test_protect_flags_kernel_gate
[    7.448256]     ok 24 corten_arena_test_madvise_route
[    7.577349]     ok 25 corten_arena_test_mremap_route
[    7.592173]     ok 26 corten_arena_test_fork_faithful
[    7.606272]     ok 27 corten_arena_test_fork_unwind
[    7.622713]     ok 28 corten_arena_test_fork_multipiece
[    7.635530]     ok 29 corten_arena_test_fork_perm
[    7.647656]     ok 30 corten_arena_test_inv7_shared_ro
[    7.656862]     ok 31 corten_arena_test_inv7_swapped
[    7.670432] get_swap_device: Bad swap file entry 400000000000077
[    7.689925] BUG: Bad rss-counter state mm:000000000df81c11 type:MM_SWAPENTS val:-1 Comm:kunit_try_catch Pid:249
[    7.700011]     ok 32 corten_arena_test_shrink_registry_count
[    7.705306]     ok 33 corten_arena_test_shrink_aging_two_pass
[    7.719604]     ok 34 corten_arena_test_shrink_rotation
[    7.734544] get_swap_device: Bad swap file entry 400000000000077
[    7.753445] get_swap_device: Bad swap file entry 400000000000077
[    7.763165]     ok 35 corten_arena_test_fork_swapped
[    7.768733] BUG: Bad rss-counter state mm:0000000086f698cf type:MM_SWAPENTS val:-1 Comm:corten_arena_op Pid:258
[    7.799287]     ok 36 corten_arena_test_fork_f2_gate
[   18.196214] ------------[ cut here ]------------
[   18.207357] corten: arena [800000,1000000) drain timed out: leaked transaction reference, leaking the descriptor
[   18.219523] WARNING: CPU: 3 PID: 260 at mm/corten_arena.c:496 corten_arena_drain+0x6f/0x80
[   18.229427] Modules linked in:
[   18.233848] CPU: 3 UID: 0 PID: 260 Comm: kunit_try_catch Tainted: G        W        N  6.18.32-g4ca6ef1048f0 #94 PREEMPT(voluntary) 
[   18.247098] Tainted: [W]=WARN, [N]=TEST
[   18.250310] Hardware name: QEMU Standard PC (i440FX + PIIX, 1996), BIOS 1.15.0-1 04/01/2014
[   18.255389] RIP: 0010:corten_arena_drain+0x6f/0x80
[   18.257826] Code: c4 08 31 c0 5b c3 cc cc cc cc 88 44 24 07 c6 05 41 72 d3 01 01 90 48 8b 53 08 48 8b 33 48 c7 c7 88 7d 08 ae e8 42 db cf ff 90 <0f> 0b 90 90 0f b6 44 24 07 eb b4 66 0f 1f 44 00 00 90 90 90 90 90
[   18.279949] RSP: 0000:ffffb31d807efd40 EFLAGS: 00010282
[   18.287875] RAX: 0000000000000000 RBX: ffff9b7f4389c300 RCX: 00000000ffffdfff
[   18.296978] RDX: 0000000000000000 RSI: 00000000ffffffea RDI: 0000000000000001
[   18.307074] RBP: ffff9b7f41a42c00 R08: ffffffffae53e6c8 R09: 00000000ffffdfff
[   18.319200] R10: ffffffffae45e6e0 R11: ffffffffae50e6e0 R12: ffff9b7f41a42c18
[   18.327384] R13: ffff9b7f437b4100 R14: ffff9b7f41a42c78 R15: ffff9b7f4389c300
[   18.336473] FS:  0000000000000000(0000) GS:ffff9b800ecec000(0000) knlGS:0000000000000000
[   18.344471] CS:  0010 DS: 0000 ES: 0000 CR0: 0000000080050033
[   18.350132] CR2: 00001000007ff000 CR3: 00000000038b8004 CR4: 0000000000770ef0
[   18.358555] PKRU: 55555554
[   18.361482] Call Trace:
[   18.365128]  <TASK>
[   18.367203]  corten_arena_fork_begin+0x119/0x1c0
[   18.373220]  corten_arena_test_fork_begin+0x59/0x140
[   18.381842]  corten_arena_test_fork_drain_leak+0x18a/0x800
[   18.386609]  ? psi_task_switch+0x107/0x290
[   18.392816]  ? finish_task_switch.isra.0+0x76/0x250
[   18.398822]  ? __pfx_kunit_generic_run_threadfn_adapter+0x10/0x10
[   18.406415]  kunit_try_run_case+0x6f/0x150
[   18.412586]  ? __pfx_kunit_generic_run_threadfn_adapter+0x10/0x10
[   18.419968]  kunit_generic_run_threadfn_adapter+0x1c/0x40
[   18.425999]  kthread+0xff/0x1f0
[   18.430631]  ? __pfx_kthread+0x10/0x10
[   18.435065]  ? __pfx_kthread+0x10/0x10
[   18.439981]  ret_from_fork+0x144/0x160
[   18.444667]  ? __pfx_kthread+0x10/0x10
[   18.451096]  ret_from_fork_asm+0x1a/0x30
[   18.456396]  </TASK>
[   18.459837] ---[ end trace 0000000000000000 ]---
[   18.475957]     # corten_arena_test_fork_drain_leak: Test should be marked slow (runtime: 10.673677330s)
[   18.478594]     ok 37 corten_arena_test_fork_drain_leak
[   18.515625]     ok 38 corten_arena_test_unshare_pin
[   18.530908]     ok 39 corten_arena_test_fork_reuse_exclusive
[   18.541450]     ok 40 corten_arena_test_gup_state1_uncommitted
[   18.554722]     ok 41 corten_arena_test_gup_state2_committed_rw
[   18.570867]     ok 42 corten_arena_test_gup_state3_fork_cow
[   18.581022]     ok 43 corten_arena_test_gup_state3b_downgrade_restore
[   18.594607]     ok 44 corten_arena_test_gup_state4_pin_zap
[   18.616983]     ok 45 corten_arena_test_concurrent
[   18.631210]     ok 46 corten_arena_test_concurrent_window
[   18.643435]     ok 47 corten_arena_test_obs_ledger
[   18.655641]     ok 48 corten_arena_test_drain_timeout_stat
[   18.663553] # corten_arena: pass:48 fail:0 skip:0 total:48
[   18.670346] # Totals: pass:48 fail:0 skip:0 total:48
[   18.681416] ok 2 corten_arena
[   18.693293]     KTAP version 1
[   18.696658]     # Subtest: corten_fault
[   18.700187]     # module: corten_fault_test
[   18.700189]     1..32
[   18.711149]     ok 1 corten_fault_test_dispatch
[   18.713704]     ok 2 corten_fault_test_fig8_cow
[   18.723522]     ok 3 corten_fault_test_unmap_classify
[   18.732509]     ok 4 corten_fault_test_mmap_classify
[   18.742908]     ok 5 corten_fault_test_punch_classify
[   18.751520]     ok 6 corten_fault_test_map_anon
[   18.762252]     ok 7 corten_fault_test_zero_page
[   18.771873]     ok 8 corten_fault_test_sigsegv
[   18.784362]     ok 9 corten_fault_test_fresh_fault
[   18.847998]     ok 10 corten_fault_test_churn_repro
[   18.853678]     ok 11 corten_fault_test_untracked_drift
[   18.862705]     ok 12 corten_fault_test_restore
[   18.871966]     ok 13 corten_fault_test_cow_reuse
[   18.884032]     ok 14 corten_fault_test_cow_copy
[   18.886672] ------------[ cut here ]------------
[   18.893665] WARNING: CPU: 1 PID: 322 at ./include/linux/rwsem.h:88 corten_fault_test_foll_force+0x808/0xc50
[   18.902616] Modules linked in:
[   18.905038] CPU: 1 UID: 0 PID: 322 Comm: kunit_try_catch Tainted: G        W        N  6.18.32-g4ca6ef1048f0 #94 PREEMPT(voluntary) 
[   18.916699] Tainted: [W]=WARN, [N]=TEST
[   18.920737] Hardware name: QEMU Standard PC (i440FX + PIIX, 1996), BIOS 1.15.0-1 04/01/2014
[   18.929700] RIP: 0010:corten_fault_test_foll_force+0x808/0xc50
[   18.947080] Code: 0f 00 00 0f 85 18 fe ff ff 49 8b 04 24 a8 40 0f 84 0c fe ff ff 49 8b 44 24 48 48 8d 50 ff a8 01 49 0f 44 d4 e9 f8 fd ff ff 90 <0f> 0b 90 e9 64 f8 ff ff 48 98 45 31 c9 49 c7 c0 c0 30 d4 ac 48 89
[   18.968229] RSP: 0000:ffffb31d803a7d80 EFLAGS: 00010246
[   18.974882] RAX: ffff9b7f43762d80 RBX: ffff9b7f41abd1a0 RCX: 0000000000000000
[   18.983265] RDX: 0000000000000000 RSI: 000000000000001e RDI: ffff9b7f436211c0
[   18.991023] RBP: ffffb31d80013a88 R08: 0000000000001000 R09: 0000000000000000
[   18.999072] R10: ffffb31d803a7c98 R11: 0000000000000000 R12: ffff9b7f42427900
[   19.005059] R13: ffff9b7f41e863f0 R14: ffffffffacd434a0 R15: ffffb31d80013ac8
[   19.012088] FS:  0000000000000000(0000) GS:ffff9b800ebec000(0000) knlGS:0000000000000000
[   19.020953] CS:  0010 DS: 0000 ES: 0000 CR0: 0000000080050033
[   19.027375] CR2: 0000000000000000 CR3: 0000000026430004 CR4: 0000000000770ef0
[   19.034808] PKRU: 55555554
[   19.039045] Call Trace:
[   19.041906]  <TASK>
[   19.044477]  ? psi_group_change+0x116/0x300
[   19.049232]  ? psi_task_switch+0x107/0x290
[   19.054158]  ? finish_task_switch.isra.0+0x76/0x250
[   19.061040]  kunit_try_run_case+0x6f/0x150
[   19.067234]  ? __pfx_kunit_generic_run_threadfn_adapter+0x10/0x10
[   19.073748]  kunit_generic_run_threadfn_adapter+0x1c/0x40
[   19.079931]  kthread+0xff/0x1f0
[   19.084311]  ? __pfx_kthread+0x10/0x10
[   19.088696]  ? __pfx_kthread+0x10/0x10
[   19.093816]  ret_from_fork+0x144/0x160
[   19.098725]  ? __pfx_kthread+0x10/0x10
[   19.102950]  ret_from_fork_asm+0x1a/0x30
[   19.108091]  </TASK>
[   19.109527] ---[ end trace 0000000000000000 ]---
[   19.114507] ------------[ cut here ]------------
[   19.120456] WARNING: CPU: 1 PID: 322 at ./include/linux/rwsem.h:88 corten_fault_test_foll_force+0xb62/0xc50
[   19.131831] Modules linked in:
[   19.135437] CPU: 1 UID: 0 PID: 322 Comm: kunit_try_catch Tainted: G        W        N  6.18.32-g4ca6ef1048f0 #94 PREEMPT(voluntary) 
[   19.148665] Tainted: [W]=WARN, [N]=TEST
[   19.152516] Hardware name: QEMU Standard PC (i440FX + PIIX, 1996), BIOS 1.15.0-1 04/01/2014
[   19.162739] RIP: 0010:corten_fault_test_foll_force+0xb62/0xc50
[   19.169968] Code: c7 c6 c0 86 a4 ad 48 89 ef 48 89 44 24 08 48 c7 04 24 d0 86 a4 ad 48 c7 44 24 10 40 00 00 00 e8 44 c7 36 00 e9 44 fb ff ff 90 <0f> 0b 90 e9 ed fa ff ff 48 98 45 31 c9 49 c7 c0 c0 30 d4 ac 48 89
[   19.189973] RSP: 0000:ffffb31d803a7d80 EFLAGS: 00010246
[   19.196177] RAX: ffff9b7f43762d80 RBX: ffff9b7f41abd1a0 RCX: ffff9b7fbdcb0340
[   19.202793] RDX: 0000000000000000 RSI: 0000000000000001 RDI: ffff9b7f436211c0
[   19.211238] RBP: ffffb31d80013a88 R08: 0000000000000000 R09: 00000000000001dc
[   19.220054] R10: ffff9b7fbdcafac0 R11: 0000000000000000 R12: ffff9b7f42427900
[   19.228576] R13: 0000000000000000 R14: ffffffffacd434a0 R15: ffffb31d80013ac8
[   19.237105] FS:  0000000000000000(0000) GS:ffff9b800ebec000(0000) knlGS:0000000000000000
[   19.247614] CS:  0010 DS: 0000 ES: 0000 CR0: 0000000080050033
[   19.254200] CR2: 0000000000000000 CR3: 0000000026430004 CR4: 0000000000770ef0
[   19.262615] PKRU: 55555554
[   19.265228] Call Trace:
[   19.267461]  <TASK>
[   19.270094]  ? finish_task_switch.isra.0+0x76/0x250
[   19.276739]  kunit_try_run_case+0x6f/0x150
[   19.282024]  ? __pfx_kunit_generic_run_threadfn_adapter+0x10/0x10
[   19.289546]  kunit_generic_run_threadfn_adapter+0x1c/0x40
[   19.295531]  kthread+0xff/0x1f0
[   19.300074]  ? __pfx_kthread+0x10/0x10
[   19.306101]  ? __pfx_kthread+0x10/0x10
[   19.307654]  ret_from_fork+0x144/0x160
[   19.310982]  ? __pfx_kthread+0x10/0x10
[   19.314571]  ret_from_fork_asm+0x1a/0x30
[   19.318461]  </TASK>
[   19.323016] ---[ end trace 0000000000000000 ]---
[   19.330696]     ok 15 corten_fault_test_foll_force
[   19.341306]     ok 16 corten_fault_test_cow_race
[   19.350250]     ok 17 corten_fault_test_mprotect_pte
[   19.358323]     ok 18 corten_fault_test_mprotect_fresh
[   19.373036]     ok 19 corten_fault_test_zap_keep_perm
[   19.384652]     ok 20 corten_fault_test_zap_keep_perm_downgrade
[   19.392969]     ok 21 corten_fault_test_untracked_rearm
[   19.407400]     ok 22 corten_fault_test_fill_upper_race
[   19.427785]     ok 23 corten_fault_test_map_race
[   19.445454]     ok 24 corten_fault_test_chunk_unmap
[   19.463816]     ok 25 corten_fault_test_punch_hole
[   19.479235]     ok 26 corten_fault_test_punch_head
[   19.498771]     ok 27 corten_fault_test_rmap_guard
[   19.509679]     ok 28 corten_fault_test_reap_skip
[   19.521434]     ok 29 corten_fault_test_swap_encode
[   19.530933]     ok 30 corten_fault_test_swap_roundtrip # SKIP swap round-trip requires a swap area
[   19.541925]     ok 31 corten_fault_test_swap_zap_free # SKIP swap zap test requires a swap area
[   19.560307]     ok 32 corten_fault_test_swap_mprotect_pending
[   19.574528] # corten_fault: pass:30 fail:0 skip:2 total:32
[   19.582202] # Totals: pass:30 fail:0 skip:2 total:32
[   19.588688] ok 3 corten_fault
[   19.607570] check access for rdinit=/init failed: -2, ignoring
[   19.611565] md: Waiting for all devices to be available before autodetect
[   19.614460] md: If you don't use raid, use raid=noautodetect
[   19.618808] md: Autodetecting RAID arrays.
[   19.622462] md: autorun ...
[   19.624798] md: ... autorun DONE.
[   19.631861] /dev/root: Can't open blockdev
[   19.634837] VFS: Cannot open root device "" or unknown-block(0,0): error -6
[   19.639197] Please append a correct "root=" boot option; here are the available partitions:
[   19.646761] 0b00         1048575 sr0 
[   19.646796]  driver: sr
[   19.650055] List of all bdev filesystems:
[   19.652487]  ext3
[   19.652489]  ext2
[   19.653097]  ext4
[   19.654425]  vfat
[   19.656652]  msdos
[   19.658043]  iso9660
[   19.658495]  f2fs
[   19.660505]  erofs
[   19.661917] 
[   19.664364] Kernel panic - not syncing: VFS: Unable to mount root fs on unknown-block(0,0)
[   19.667241] CPU: 0 UID: 0 PID: 1 Comm: swapper/0 Tainted: G        W        N  6.18.32-g4ca6ef1048f0 #94 PREEMPT(voluntary) 
[   19.673329] Tainted: [W]=WARN, [N]=TEST
[   19.675300] Hardware name: QEMU Standard PC (i440FX + PIIX, 1996), BIOS 1.15.0-1 04/01/2014
[   19.680564] Call Trace:
[   19.681432]  <TASK>
[   19.682897]  vpanic+0x34f/0x360
[   19.685819]  panic+0x56/0x60
[   19.686773]  mount_root_generic+0x1ff/0x320
[   19.691710]  prepare_namespace+0x63/0x270
[   19.693056]  kernel_init_freeable+0x29f/0x2f0
[   19.696111]  ? __pfx_kernel_init+0x10/0x10
[   19.699541]  kernel_init+0x15/0x1c0
[   19.702894]  ret_from_fork+0x144/0x160
[   19.705512]  ? __pfx_kernel_init+0x10/0x10
[   19.708488]  ret_from_fork_asm+0x1a/0x30
[   19.711103]  </TASK>
[   19.715804] Kernel Offset: 0x2b400000 from 0xffffffff81000000 (relocation range: 0xffffffff80000000-0xffffffffbfffffff)
