qemu-system-x86_64: warning: host doesn't support requested feature: CPUID.80000001H:ECX.svm [bit 2]
qemu-system-x86_64: warning: host doesn't support requested feature: CPUID.80000001H:ECX.svm [bit 2]
qemu-system-x86_64: warning: host doesn't support requested feature: CPUID.80000001H:ECX.svm [bit 2]
qemu-system-x86_64: warning: host doesn't support requested feature: CPUID.80000001H:ECX.svm [bit 2]
c[?7l[2J[0mSeaBIOS (version 1.15.0-1)


iPXE (https://ipxe.org) 00:03.0 CA00 PCI2.10 PnP PMM+7FF8B310+7FECB310 CA00
Press Ctrl-B to configure iPXE (PCI 00:03.0)...                                                                               


Booting from ROM...
c[?7l[2J[    0.000000] Linux version 6.18.32-g4ca6ef1048f0 (ppw@vm) (gcc (Ubuntu 11.4.0-1ubuntu1~22.04.3) 11.4.0, GNU ld (GNU Binutils for Ubuntu) 2.38) #94 SMP PREEMPT_DYNAMIC Mon Sep 21 12:22:56 CST 2026
[    0.000000] Command line: console=ttyS0 panic=-1 corten=on kunit.filter_glob=corten
[    0.000000] x86/CPU: Model not found in latest microcode list
[    0.000000] BIOS-provided physical RAM map:
[    0.000000] BIOS-e820: [mem 0x0000000000000000-0x000000000009fbff] usable
[    0.000000] BIOS-e820: [mem 0x000000000009fc00-0x000000000009ffff] reserved
[    0.000000] BIOS-e820: [mem 0x00000000000f0000-0x00000000000fffff] reserved
[    0.000000] BIOS-e820: [mem 0x0000000000100000-0x000000007ffdffff] usable
[    0.000000] BIOS-e820: [mem 0x000000007ffe0000-0x000000007fffffff] reserved
[    0.000000] BIOS-e820: [mem 0x00000000feffc000-0x00000000feffffff] reserved
[    0.000000] BIOS-e820: [mem 0x00000000fffc0000-0x00000000ffffffff] reserved
[    0.000000] NX (Execute Disable) protection: active
[    0.000000] APIC: Static calls initialized
[    0.000000] SMBIOS 2.8 present.
[    0.000000] DMI: QEMU Standard PC (i440FX + PIIX, 1996), BIOS 1.15.0-1 04/01/2014
[    0.000000] DMI: Memory slots populated: 1/1
[    0.000000] Hypervisor detected: KVM
[    0.000000] last_pfn = 0x7ffe0 max_arch_pfn = 0x400000000
[    0.000000] kvm-clock: Using msrs 4b564d01 and 4b564d00
[    0.000002] kvm-clock: using sched offset of 4132386963 cycles
[    0.000004] clocksource: kvm-clock: mask: 0xffffffffffffffff max_cycles: 0x1cd42e4dffb, max_idle_ns: 881590591483 ns
[    0.000027] tsc: Detected 2419.196 MHz processor
[    0.003041] last_pfn = 0x7ffe0 max_arch_pfn = 0x400000000
[    0.003629] MTRR map: 4 entries (3 fixed + 1 variable; max 19), built from 8 variable MTRRs
[    0.003659] x86/PAT: Configuration [0-7]: WB  WC  UC- UC  WB  WP  UC- WT  
[    0.017718] found SMP MP-table at [mem 0x000f5ba0-0x000f5baf]
[    0.018497] ACPI: Early table checksum verification disabled
[    0.018634] ACPI: RSDP 0x00000000000F59E0 000014 (v00 BOCHS )
[    0.018783] ACPI: RSDT 0x000000007FFE1A1C 000034 (v01 BOCHS  BXPC     00000001 BXPC 00000001)
[    0.018898] ACPI: FACP 0x000000007FFE18B8 000074 (v01 BOCHS  BXPC     00000001 BXPC 00000001)
[    0.019034] ACPI: DSDT 0x000000007FFE0040 001878 (v01 BOCHS  BXPC     00000001 BXPC 00000001)
[    0.019065] ACPI: FACS 0x000000007FFE0000 000040
[    0.019072] ACPI: APIC 0x000000007FFE192C 000090 (v01 BOCHS  BXPC     00000001 BXPC 00000001)
[    0.019078] ACPI: HPET 0x000000007FFE19BC 000038 (v01 BOCHS  BXPC     00000001 BXPC 00000001)
[    0.019084] ACPI: WAET 0x000000007FFE19F4 000028 (v01 BOCHS  BXPC     00000001 BXPC 00000001)
[    0.019089] ACPI: Reserving FACP table memory at [mem 0x7ffe18b8-0x7ffe192b]
[    0.019094] ACPI: Reserving DSDT table memory at [mem 0x7ffe0040-0x7ffe18b7]
[    0.019097] ACPI: Reserving FACS table memory at [mem 0x7ffe0000-0x7ffe003f]
[    0.019098] ACPI: Reserving APIC table memory at [mem 0x7ffe192c-0x7ffe19bb]
[    0.019100] ACPI: Reserving HPET table memory at [mem 0x7ffe19bc-0x7ffe19f3]
[    0.019102] ACPI: Reserving WAET table memory at [mem 0x7ffe19f4-0x7ffe1a1b]
[    0.022524] No NUMA configuration found
[    0.022528] Faking a node at [mem 0x0000000000000000-0x000000007ffdffff]
[    0.022537] NODE_DATA(0) allocated [mem 0x7ffdc140-0x7ffdffff]
[    0.023624] Zone ranges:
[    0.023627]   DMA      [mem 0x0000000000001000-0x0000000000ffffff]
[    0.023632]   DMA32    [mem 0x0000000001000000-0x000000007ffdffff]
[    0.023635]   Normal   empty
[    0.023637] Movable zone start for each node
[    0.023639] Early memory node ranges
[    0.023640]   node   0: [mem 0x0000000000001000-0x000000000009efff]
[    0.023643]   node   0: [mem 0x0000000000100000-0x000000007ffdffff]
[    0.023646] Initmem setup node 0 [mem 0x0000000000001000-0x000000007ffdffff]
[    0.026436] On node 0, zone DMA: 1 pages in unavailable ranges
[    0.034060] On node 0, zone DMA: 97 pages in unavailable ranges
[    0.923532] On node 0, zone DMA32: 32 pages in unavailable ranges
[    0.926198] ACPI: PM-Timer IO Port: 0x608
[    0.926227] ACPI: LAPIC_NMI (acpi_id[0xff] dfl dfl lint[0x1])
[    0.927168] IOAPIC[0]: apic_id 0, version 17, address 0xfec00000, GSI 0-23
[    0.927189] ACPI: INT_SRC_OVR (bus 0 bus_irq 0 global_irq 2 dfl dfl)
[    0.927195] ACPI: INT_SRC_OVR (bus 0 bus_irq 5 global_irq 5 high level)
[    0.927198] ACPI: INT_SRC_OVR (bus 0 bus_irq 9 global_irq 9 high level)
[    0.927242] ACPI: INT_SRC_OVR (bus 0 bus_irq 10 global_irq 10 high level)
[    0.927246] ACPI: INT_SRC_OVR (bus 0 bus_irq 11 global_irq 11 high level)
[    0.927255] ACPI: Using ACPI (MADT) for SMP configuration information
[    0.927258] ACPI: HPET id: 0x8086a201 base: 0xfed00000
[    0.927281] CPU topo: Max. logical packages:   1
[    0.927283] CPU topo: Max. logical dies:       1
[    0.927284] CPU topo: Max. dies per package:   1
[    0.927294] CPU topo: Max. threads per core:   1
[    0.927328] CPU topo: Num. cores per package:     4
[    0.927330] CPU topo: Num. threads per package:   4
[    0.927331] CPU topo: Allowing 4 present CPUs plus 0 hotplug CPUs
[    0.927455] kvm-guest: APIC: eoi() replaced with kvm_guest_apic_eoi_write()
[    0.928003] PM: hibernation: Registered nosave memory: [mem 0x00000000-0x00000fff]
[    0.928008] PM: hibernation: Registered nosave memory: [mem 0x0009f000-0x000fffff]
[    0.928013] [mem 0x80000000-0xfeffbfff] available for PCI devices
[    0.928039] Booting paravirtualized kernel on KVM
[    0.928065] clocksource: refined-jiffies: mask: 0xffffffff max_cycles: 0xffffffff, max_idle_ns: 1910969940391419 ns
[    0.950285] setup_percpu: NR_CPUS:64 nr_cpumask_bits:4 nr_cpu_ids:4 nr_node_ids:1
[    1.010922] percpu: Embedded 54 pages/cpu s182680 r8192 d30312 u524288
[    1.011391] Kernel command line: console=ttyS0 panic=-1 corten=on kunit.filter_glob=corten
[    1.012627] corten: requested on, activating at initcall time
[    1.012633] printk: log buffer data + meta data: 262144 + 917504 = 1179648 bytes
[    1.079726] Dentry cache hash table entries: 262144 (order: 9, 2097152 bytes, linear)
[    1.109071] Inode-cache hash table entries: 131072 (order: 8, 1048576 bytes, linear)
[    1.110493] Fallback order for Node 0: 0 
[    1.110498] Built 1 zonelists, mobility grouping on.  Total pages: 524158
[    1.110499] Policy zone: DMA32
[    1.110501] mem auto-init: stack:off, heap alloc:off, heap free:off
[    1.122504] SLUB: HWalign=64, Order=0-3, MinObjects=0, CPUs=4, Nodes=1
[    1.122896] Kernel/User page tables isolation: enabled
[    1.142200] Dynamic Preempt: voluntary
[    1.144844] rcu: Preemptible hierarchical RCU implementation.
[    1.144849] rcu: 	RCU event tracing is enabled.
[    1.144851] rcu: 	RCU restricting CPUs from NR_CPUS=64 to nr_cpu_ids=4.
[    1.144857] 	Trampoline variant of Tasks RCU enabled.
[    1.144858] 	Tracing variant of Tasks RCU enabled.
[    1.144860] rcu: RCU calculated value of scheduler-enlistment delay is 100 jiffies.
[    1.144862] rcu: Adjusting geometry for rcu_fanout_leaf=16, nr_cpu_ids=4
[    1.144930] RCU Tasks: Setting shift to 2 and lim to 1 rcu_task_cb_adjust=1 rcu_task_cpu_ids=4.
[    1.144936] RCU Tasks Trace: Setting shift to 2 and lim to 1 rcu_task_cb_adjust=1 rcu_task_cpu_ids=4.
[    1.158903] NR_IRQS: 4352, nr_irqs: 456, preallocated irqs: 16
[    1.159958] rcu: srcu_init: Setting srcu_struct sizes based on contention.
[    1.233196] Console: colour VGA+ 80x25
[    1.233444] printk: legacy console [ttyS0] enabled
[    1.858349] ACPI: Core revision 20250807
[    1.864241] clocksource: hpet: mask: 0xffffffff max_cycles: 0xffffffff, max_idle_ns: 19112604467 ns
[    1.874676] APIC: Switch to symmetric I/O mode setup
[    1.889805] x2apic enabled
[    1.901385] APIC: Switched APIC routing to: physical x2apic
[    1.926638] ..TIMER: vector=0x30 apic1=0 pin1=2 apic2=-1 pin2=-1
[    1.933265] clocksource: tsc-early: mask: 0xffffffffffffffff max_cycles: 0x22df0d21928, max_idle_ns: 440795225288 ns
[    1.944558] Calibrating delay loop (skipped) preset value.. 4838.39 BogoMIPS (lpj=2419196)
[    1.948548] Last level iTLB entries: 4KB 0, 2MB 0, 4MB 0
[    1.948548] Last level dTLB entries: 4KB 0, 2MB 0, 4MB 0, 1GB 0
[    1.948574] mitigations: Enabled attack vectors: user_kernel, user_user, SMT mitigations: auto
[    1.949567] Speculative Store Bypass: Vulnerable
[    1.950548] Spectre V2 : Mitigation: Retpolines
[    1.950562] ITS: Mitigation: Aligned branch/return thunks
[    1.951567] MDS: Vulnerable: Clear CPU buffers attempted, no microcode
[    1.952561] Spectre V1 : Mitigation: usercopy/swapgs barriers and __user pointer sanitization
[    1.954560] Spectre V2 : Spectre v2 / SpectreRSB: Filling RSB on context switch and VMEXIT
[    1.955556] active return thunk: its_return_thunk
[    1.956712] x86/fpu: x87 FPU will use FXSAVE
[    2.076676] Freeing SMP alternatives memory: 64K
[    2.077572] pid_max: default: 32768 minimum: 301
[    2.078632] LSM: initializing lsm=capability,selinux
[    2.079606] SELinux:  Initializing.
[    2.080808] Mount-cache hash table entries: 4096 (order: 3, 32768 bytes, linear)
[    2.081595] Mountpoint-cache hash table entries: 4096 (order: 3, 32768 bytes, linear)
[    2.187548] smpboot: CPU0: Intel QEMU Virtual CPU version 2.5+ (family: 0xf, model: 0x6b, stepping: 0x1)
[    2.194122] Performance Events: unsupported Netburst CPU model 107 no PMU driver, software events only.
[    2.198843] signal: max sigframe size: 1440
[    2.201991] rcu: Hierarchical SRCU implementation.
[    2.202561] rcu: 	Max phase no-delay instances is 400.
[    2.209230] Timer migration: 1 hierarchy levels; 8 children per group; 1 crossnode level
[    2.225548] corten: page descriptors enabled
[    2.230910] smp: Bringing up secondary CPUs ...
[    2.238045] smpboot: x86: Booting SMP configuration:
[    2.238572] .... node  #0, CPUs:      #1 #2 #3
[    2.284504] smp: Brought up 1 node, 4 CPUs
[    2.285551] smpboot: Total of 4 processors activated (19353.56 BogoMIPS)
[    2.289631] Memory: 2006932K/2096632K available (21390K kernel code, 3198K rwdata, 8936K rodata, 3256K init, 1208K bss, 84536K reserved, 0K cma-reserved)
[    2.301554] devtmpfs: initialized
[    2.313557] clocksource: jiffies: mask: 0xffffffff max_cycles: 0xffffffff, max_idle_ns: 1911260446275000 ns
[    2.314587] posixtimers hash table entries: 2048 (order: 3, 32768 bytes, linear)
[    2.320558] futex hash table entries: 1024 (65536 bytes on 1 NUMA nodes, total 64 KiB, linear).
[    2.323548] PM: RTC time: 04:24:52, date: 2026-09-21
[    2.382150] NET: Registered PF_NETLINK/PF_ROUTE protocol family
[    2.384213] audit: initializing netlink subsys (disabled)
[    2.386696] audit: type=2000 audit(1789964692.599:1): state=initialized audit_enabled=0 res=1
[    2.388257] thermal_sys: Registered thermal governor 'step_wise'
[    2.390553] cpuidle: using governor menu
[    2.396548] PCI: Using configuration type 1 for base access
[    2.397836] kprobes: kprobe jump-optimization is enabled. All kprobes are optimized if possible.
[    2.424563] HugeTLB: registered 2.00 MiB page size, pre-allocated 0 pages
[    2.425559] HugeTLB: 28 KiB vmemmap can be freed for a 2.00 MiB page
[    2.434903] ACPI: Added _OSI(Module Device)
[    2.435561] ACPI: Added _OSI(Processor Device)
[    2.436564] ACPI: Added _OSI(Processor Aggregator Device)
[    2.444097] ACPI: 1 ACPI AML tables successfully acquired and loaded
[    2.459678] ACPI: Interpreter enabled
[    2.461599] ACPI: PM: (supports S0 S3 S4 S5)
[    2.462555] ACPI: Using IOAPIC for interrupt routing
[    2.463583] PCI: Using host bridge windows from ACPI; if necessary, use "pci=nocrs" and report a bug
[    2.464561] PCI: Using E820 reservations for host bridge windows
[    2.467739] ACPI: Enabled 2 GPEs in block 00 to 0F
[    2.491852] ACPI: PCI Root Bridge [PCI0] (domain 0000 [bus 00-ff])
[    2.492578] acpi PNP0A03:00: _OSC: OS supports [ASPM ClockPM Segments MSI HPX-Type3]
[    2.493569] acpi PNP0A03:00: _OSC: not requesting OS control; OS requires [ExtendedConfig ASPM ClockPM MSI]
[    2.495562] acpi PNP0A03:00: fail to add MMCONFIG information, can't access extended configuration space under this bridge
[    2.497926] PCI host bridge to bus 0000:00
[    2.498655] pci_bus 0000:00: root bus resource [io  0x0000-0x0cf7 window]
[    2.499563] pci_bus 0000:00: root bus resource [io  0x0d00-0xffff window]
[    2.501693] pci_bus 0000:00: root bus resource [mem 0x000a0000-0x000bffff window]
[    2.502571] pci_bus 0000:00: root bus resource [mem 0x80000000-0xfebfffff window]
[    2.504560] pci_bus 0000:00: root bus resource [mem 0x100000000-0x17fffffff window]
[    2.505564] pci_bus 0000:00: root bus resource [bus 00-ff]
[    2.506663] pci 0000:00:00.0: [8086:1237] type 00 class 0x060000 conventional PCI endpoint
[    2.516041] pci 0000:00:01.0: [8086:7000] type 00 class 0x060100 conventional PCI endpoint
[    2.524848] pci 0000:00:01.1: [8086:7010] type 00 class 0x010180 conventional PCI endpoint
[    2.533732] pci 0000:00:01.1: BAR 4 [io  0xc040-0xc04f]
[    2.535556] pci 0000:00:01.1: BAR 0 [io  0x01f0-0x01f7]: legacy IDE quirk
[    2.536571] pci 0000:00:01.1: BAR 1 [io  0x03f6]: legacy IDE quirk
[    2.537560] pci 0000:00:01.1: BAR 2 [io  0x0170-0x0177]: legacy IDE quirk
[    2.538564] pci 0000:00:01.1: BAR 3 [io  0x0376]: legacy IDE quirk
[    2.544573] pci 0000:00:01.3: [8086:7113] type 00 class 0x068000 conventional PCI endpoint
[    2.547713] pci 0000:00:01.3: quirk: [io  0x0600-0x063f] claimed by PIIX4 ACPI
[    2.548674] pci 0000:00:01.3: quirk: [io  0x0700-0x070f] claimed by PIIX4 SMB
[    2.554964] pci 0000:00:02.0: [1234:1111] type 00 class 0x030000 conventional PCI endpoint
[    2.567458] pci 0000:00:02.0: BAR 0 [mem 0xfd000000-0xfdffffff pref]
[    2.570629] pci 0000:00:02.0: BAR 2 [mem 0xfebb0000-0xfebb0fff]
[    2.572553] pci 0000:00:02.0: ROM [mem 0xfeba0000-0xfebaffff pref]
[    2.580415] pci 0000:00:02.0: Video device with shadowed ROM at [mem 0x000c0000-0x000dffff]
[    2.608277] pci 0000:00:03.0: [8086:100e] type 00 class 0x020000 conventional PCI endpoint
[    2.614579] pci 0000:00:03.0: BAR 0 [mem 0xfeb80000-0xfeb9ffff]
[    2.615638] pci 0000:00:03.0: BAR 1 [io  0xc000-0xc03f]
[    2.616883] pci 0000:00:03.0: ROM [mem 0xfeb00000-0xfeb7ffff pref]
[    2.640018] ACPI: PCI: Interrupt link LNKA configured for IRQ 10
[    2.640757] ACPI: PCI: Interrupt link LNKB configured for IRQ 10
[    2.643235] ACPI: PCI: Interrupt link LNKC configured for IRQ 11
[    2.644071] ACPI: PCI: Interrupt link LNKD configured for IRQ 11
[    2.645606] ACPI: PCI: Interrupt link LNKS configured for IRQ 9
[    2.663070] iommu: Default domain type: Translated
[    2.664553] iommu: DMA domain TLB invalidation policy: lazy mode
[    2.694896] SCSI subsystem initialized
[    2.715241] ACPI: bus type USB registered
[    2.715968] usbcore: registered new interface driver usbfs
[    2.717166] usbcore: registered new interface driver hub
[    2.717567] usbcore: registered new device driver usb
[    2.721123] pps_core: LinuxPPS API ver. 1 registered
[    2.721558] pps_core: Software ver. 5.3.6 - Copyright 2005-2007 Rodolfo Giometti <giometti@linux.it>
[    2.722586] PTP clock support registered
[    2.736847] Advanced Linux Sound Architecture Driver Initialized.
[    2.751556] NetLabel: Initializing
[    2.752552] NetLabel:  domain hash size = 128
[    2.753556] NetLabel:  protocols = UNLABELED CIPSOv4 CALIPSO
[    2.756846] NetLabel:  unlabeled traffic allowed by default
[    2.778888] PCI: Using ACPI for IRQ routing
[    2.783910] pci 0000:00:02.0: vgaarb: setting as boot VGA device
[    2.784548] pci 0000:00:02.0: vgaarb: bridge control possible
[    2.784548] pci 0000:00:02.0: vgaarb: VGA device added: decodes=io+mem,owns=io+mem,locks=none
[    2.784564] vgaarb: loaded
[    2.793209] hpet: 3 channels of 0 reserved for per-cpu timers
[    2.793891] hpet0: at MMIO 0xfed00000, IRQs 2, 8, 0
[    2.796551] hpet0: 3 comparators, 64-bit 100.000000 MHz counter
[    2.804548] clocksource: Switched to clocksource kvm-clock
[    2.877463] VFS: Disk quotas dquot_6.6.0
[    2.879879] VFS: Dquot-cache hash table entries: 512 (order 0, 4096 bytes)
[    2.910736] pnp: PnP ACPI init
[    2.915426] pnp: PnP ACPI: found 6 devices
[    2.993668] clocksource: acpi_pm: mask: 0xffffff max_cycles: 0xffffff, max_idle_ns: 2085701024 ns
[    3.003882] NET: Registered PF_INET protocol family
[    3.018790] IP idents hash table entries: 32768 (order: 6, 262144 bytes, linear)
[    3.037987] tcp_listen_portaddr_hash hash table entries: 1024 (order: 2, 16384 bytes, linear)
[    3.048763] Table-perturb hash table entries: 65536 (order: 6, 262144 bytes, linear)
[    3.064423] TCP established hash table entries: 16384 (order: 5, 131072 bytes, linear)
[    3.124739] TCP bind hash table entries: 16384 (order: 7, 524288 bytes, linear)
[    3.155780] TCP: Hash tables configured (established 16384 bind 16384)
[    3.184243] UDP hash table entries: 1024 (order: 4, 65536 bytes, linear)
[    3.190858] UDP-Lite hash table entries: 1024 (order: 4, 65536 bytes, linear)
[    3.205219] NET: Registered PF_UNIX/PF_LOCAL protocol family
[    3.222004] RPC: Registered named UNIX socket transport module.
[    3.228593] RPC: Registered udp transport module.
[    3.233938] RPC: Registered tcp transport module.
[    3.239578] RPC: Registered tcp-with-tls transport module.
[    3.244531] RPC: Registered tcp NFSv4.1 backchannel transport module.
[    3.258494] pci_bus 0000:00: resource 4 [io  0x0000-0x0cf7 window]
[    3.263760] pci_bus 0000:00: resource 5 [io  0x0d00-0xffff window]
[    3.269844] pci_bus 0000:00: resource 6 [mem 0x000a0000-0x000bffff window]
[    3.277622] pci_bus 0000:00: resource 7 [mem 0x80000000-0xfebfffff window]
[    3.282560] pci_bus 0000:00: resource 8 [mem 0x100000000-0x17fffffff window]
[    3.286795] pci 0000:00:01.0: PIIX3: Enabling Passive Release
[    3.290359] pci 0000:00:00.0: Limiting direct PCI/PCI transfers
[    3.297515] PCI: CLS 0 bytes, default 64
[    3.301401] clocksource: tsc: mask: 0xffffffffffffffff max_cycles: 0x22df0d21928, max_idle_ns: 440795225288 ns
[    3.345905] Initialise system trusted keyrings
[    3.352740] workingset: timestamp_bits=40 max_order=19 bucket_order=0
[    3.366251] NFS: Registering the id_resolver key type
[    3.371358] Key type id_resolver registered
[    3.375142] Key type id_legacy registered
[    3.380007] 9p: Installing v9fs 9p2000 file system support
[    3.442551] Key type asymmetric registered
[    3.443868] Asymmetric key parser 'x509' registered
[    3.450196] Block layer SCSI generic (bsg) driver version 0.4 loaded (major 251)
[    3.459110] io scheduler mq-deadline registered
[    3.465017] io scheduler kyber registered
[    3.471547] input: Power Button as /devices/LNXSYSTM:00/LNXPWRBN:00/input/input0
[    3.481277] ACPI: button: Power Button [PWRF]
[    3.501793] Serial: 8250/16550 driver, 4 ports, IRQ sharing enabled
[    3.509867] 00:04: ttyS0 at I/O 0x3f8 (irq = 4, base_baud = 115200) is a 16550A
[    3.541640] Non-volatile memory driver v1.3
[    3.545571] Linux agpgart interface v0.103
[    3.759292] ACPI: bus type drm_connector registered
[    3.884025] loop: module loaded
[    3.890714] zram: Added device: zram0
[    3.914491] scsi host0: ata_piix
[    3.927709] scsi host1: ata_piix
[    3.929343] ata1: PATA max MWDMA2 cmd 0x1f0 ctl 0x3f6 bmdma 0xc040 irq 14 lpm-pol 0
[    3.932539] ata2: PATA max MWDMA2 cmd 0x170 ctl 0x376 bmdma 0xc048 irq 15 lpm-pol 0
[    3.941655] tun: Universal TUN/TAP device driver, 1.6
[    3.946803] e100: Intel(R) PRO/100 Network Driver
[    3.949001] e100: Copyright(c) 1999-2006 Intel Corporation
[    3.953416] e1000: Intel(R) PRO/1000 Network Driver
[    3.957919] e1000: Copyright (c) 1999-2006 Intel Corporation.
[    4.010725] ACPI: \_SB_.LNKC: Enabled at IRQ 11
[    4.130891] ata2: found unknown device (class 0)
[    4.144459] ata2.00: ATAPI: QEMU DVD-ROM, 2.5+, max UDMA/100
[    4.165198] scsi 1:0:0:0: CD-ROM            QEMU     QEMU DVD-ROM     2.5+ PQ: 0 ANSI: 5
[    4.244451] sr 1:0:0:0: [sr0] scsi3-mmc drive: 4x/4x cd/rw xa/form2 tray
[    4.252899] cdrom: Uniform CD-ROM driver Revision: 3.20
[    4.288549] sr 1:0:0:0: Attached scsi generic sg0 type 5
[    5.207881] e1000 0000:00:03.0 eth0: (PCI:33MHz:32-bit) 52:54:00:12:34:56
[    5.212715] e1000 0000:00:03.0 eth0: Intel(R) PRO/1000 Network Connection
[    5.217919] e1000e: Intel(R) PRO/1000 Network Driver
[    5.221022] e1000e: Copyright(c) 1999 - 2015 Intel Corporation.
[    5.227051] sky2: driver version 1.30
[    5.234533] usbcore: registered new interface driver usblp
[    5.239429] usbcore: registered new interface driver usb-storage
[    5.246098] i8042: PNP: PS/2 Controller [PNP0303:KBD,PNP0f13:MOU] at 0x60,0x64 irq 1,12
[    5.259539] serio: i8042 KBD port at 0x60,0x64 irq 1
[    5.263765] serio: i8042 AUX port at 0x60,0x64 irq 12
[    5.270333] rtc_cmos 00:05: RTC can wake from S4
[    5.287267] input: AT Translated Set 2 keyboard as /devices/platform/i8042/serio0/input/input1
[    5.287516] rtc_cmos 00:05: registered as rtc0
[    5.301574] rtc_cmos 00:05: alarms up to one day, y3k, 242 bytes nvram, hpet irqs
[    5.317601] device-mapper: ioctl: 4.50.0-ioctl (2025-04-28) initialised: dm-devel@lists.linux.dev
[    5.335214] intel_pstate: CPU model not supported
[    5.343348] hid: raw HID events driver (C) Jiri Kosina
[    5.355382] usbcore: registered new interface driver usbhid
[    5.358767] usbhid: USB HID core driver
[    5.377118] xt_time: kernel timezone is -0000
[    5.379671] Initializing XFRM netlink socket
[    5.381428] NET: Registered PF_INET6 protocol family
[    5.386699] Segment Routing with IPv6
[    5.387765] In-situ OAM (IOAM) with IPv6
[    5.388647] sit: IPv6, IPv4 and MPLS over IPv4 tunneling driver
[    5.390173] NET: Registered PF_PACKET protocol family
[    5.390814] NET: Registered PF_KEY protocol family
[    5.391473] 9pnet: Installing 9P2000 support
[    5.392496] Key type dns_resolver registered
[    5.393494] NET: Registered PF_VSOCK protocol family
[    5.401474] IPI shorthand broadcast: enabled
[    5.413859] sched_clock: Marking stable (4641031368, 772574395)->(6319775779, -906170016)
[    5.421708] registered taskstats version 1
[    5.429073] Loading compiled-in X.509 certificates
[    5.482667] Demotion targets for Node 0: null
[    5.484979] Key type .fscrypt registered
[    5.486820] Key type fscrypt-provisioning registered
[    5.498558] PM:   Magic number: 10:393:414
[    5.506291] netconsole: network logging started
[    5.512150] cfg80211: Loading compiled-in X.509 certificates for regulatory database
[    5.526881] kworker/u16:1 (73) used greatest stack depth: 14272 bytes left
[    5.532590] Loaded X.509 cert 'sforshee: 00b28ddf47aef9cea7'
[    5.538759] Loaded X.509 cert 'wens: 61c038651aabdcf94bd0ac7ff06c7248db18c600'
[    5.543309] ALSA device list:
[    5.547189]   No soundcards found.
[    5.547246] faux_driver regulatory: Direct firmware load for regulatory.db failed with error -2
[    5.549471] KTAP version 1
[    5.556269] cfg80211: failed to load regulatory.db
[    5.559343] 1..1
[    5.568837]     KTAP version 1
[    5.572683]     # Subtest: corten
[    5.576191]     # module: corten_test
[    5.576196]     1..25
[    5.585450]     ok 1 corten_test_layout # SKIP corten=on boot
[    5.589373]     ok 2 corten_test_ptdesc_get_put
[    5.599727]     ok 3 corten_test_meta_roundtrip
[    5.606016]     ok 4 corten_test_meta_reinit_cleared
[    5.614890]     ok 5 corten_test_covering_level
[    5.619151]     ok 6 corten_test_covering_base_index
[    5.629066]     ok 7 corten_test_txn_covering
[    5.641014]     ok 8 corten_test_txn_hole
[    5.652002]     ok 9 corten_test_txn_stale_eagain
[    5.662901]     ok 10 corten_test_lock_range_args
[    5.671145]     ok 11 corten_test_txn_state_machine
[    5.686145]     ok 12 corten_test_txn_atomic_validate
[    5.703976]     ok 13 corten_test_txn_real_glue
[    5.864350]     ok 14 corten_test_txn_mutex_overlap
[    5.905575] input: ImExPS/2 Generic Explorer Mouse as /devices/platform/i8042/serio1/input/input3
[    5.940225]     ok 15 corten_test_txn_mutex_disjoint
[    5.945350]     ok 16 corten_test_fail_alloc
[    5.959443]     ok 17 corten_test_txn_hole_fill
[    5.981121]     ok 18 corten_test_txn_hole_race
[    6.233186]     ok 19 corten_test_txn_uninstall_interlock
[    6.236807]     ok 20 corten_test_uninstall_bh_ctx
[    6.255292] ------------[ cut here ]------------
[    6.262760] WARNING: CPU: 2 PID: 124 at mm/corten.c:865 corten_txn_begin+0x191/0x4b0
[    6.271665] Modules linked in:
[    6.273526] CPU: 2 UID: 0 PID: 124 Comm: kunit_try_catch Tainted: G                 N  6.18.32-g4ca6ef1048f0 #94 PREEMPT(voluntary) 
[    6.285757] Tainted: [N]=TEST
[    6.289005] Hardware name: QEMU Standard PC (i440FX + PIIX, 1996), BIOS 1.15.0-1 04/01/2014
[    6.297568] RIP: 0010:corten_txn_begin+0x191/0x4b0
[    6.302076] Code: 02 00 00 4c 89 ff 48 89 04 24 e8 fa b4 f4 00 4c 89 ff e8 02 b7 f4 00 48 8b 04 24 41 0f b6 4f 25 38 48 25 0f 87 65 ff ff ff 90 <0f> 0b 90 41 80 7e 48 04 0f 86 61 ff ff ff 90 0f 0b 90 48 89 c7 e8
[    6.318721] RSP: 0000:ffffa69d004dfda0 EFLAGS: 00010246
[    6.324145] RAX: ffff8dd683248ae0 RBX: 0000000000000fff RCX: 0000000000000002
[    6.330727] RDX: 0000000000000003 RSI: 0000000000000018 RDI: ffff8dd6818f30c0
[    6.337402] RBP: 0000000000000000 R08: ffff8dd681f95800 R09: ffffa69d004dfe00
[    6.343799] R10: ffffa69d004dfd58 R11: 0000000000000000 R12: ffffffffa0e3e510
[    6.351525] R13: ffff8dd681f95800 R14: ffffa69d004dfe00 R15: ffff8dd683248a80
[    6.358088] FS:  0000000000000000(0000) GS:ffff8dd75b86c000(0000) knlGS:0000000000000000
[    6.364859] CS:  0010 DS: 0000 ES: 0000 CR0: 0000000080050033
[    6.368200] CR2: 0000000000000000 CR3: 0000000041030000 CR4: 00000000000006f0
[    6.375031] Call Trace:
[    6.378187]  <TASK>
[    6.380706]  ? __pfx_kunit_generic_run_threadfn_adapter+0x10/0x10
[    6.387273]  corten_test_txn_path_overflow+0xb5/0x2a0
[    6.392560]  ? psi_task_switch+0x107/0x290
[    6.397504]  kunit_try_run_case+0x6f/0x150
[    6.400939]  ? __pfx_kunit_generic_run_threadfn_adapter+0x10/0x10
[    6.406595]  kunit_generic_run_threadfn_adapter+0x1c/0x40
[    6.412294]  kthread+0xff/0x1f0
[    6.415351]  ? __pfx_kthread+0x10/0x10
[    6.419447]  ? __pfx_kthread+0x10/0x10
[    6.422427]  ret_from_fork+0x144/0x160
[    6.426811]  ? __pfx_kthread+0x10/0x10
[    6.432122]  ret_from_fork_asm+0x1a/0x30
[    6.435126]  </TASK>
[    6.437363] ---[ end trace 0000000000000000 ]---
[    6.442457] ------------[ cut here ]------------
[    6.444620] WARNING: CPU: 2 PID: 124 at mm/corten.c:812 corten_txn_begin+0x1a0/0x4b0
[    6.452405] Modules linked in:
[    6.455724] CPU: 2 UID: 0 PID: 124 Comm: kunit_try_catch Tainted: G        W        N  6.18.32-g4ca6ef1048f0 #94 PREEMPT(voluntary) 
[    6.466729] Tainted: [W]=WARN, [N]=TEST
[    6.467982] Hardware name: QEMU Standard PC (i440FX + PIIX, 1996), BIOS 1.15.0-1 04/01/2014
[    6.475026] RIP: 0010:corten_txn_begin+0x1a0/0x4b0
[    6.480624] Code: 4c 89 ff e8 02 b7 f4 00 48 8b 04 24 41 0f b6 4f 25 38 48 25 0f 87 65 ff ff ff 90 0f 0b 90 41 80 7e 48 04 0f 86 61 ff ff ff 90 <0f> 0b 90 48 89 c7 e8 c5 f5 ff ff 41 0f b6 46 48 84 c0 74 28 83 e8
[    6.497678] RSP: 0000:ffffa69d004dfda0 EFLAGS: 00010202
[    6.501721] RAX: ffff8dd683248c60 RBX: 0000000000000fff RCX: 0000000000000002
[    6.508911] RDX: 0000000000000003 RSI: 0000000000000018 RDI: ffff8dd6818f30c0
[    6.515879] RBP: 0000000000000000 R08: ffff8dd681f95800 R09: ffffa69d004dfe00
[    6.522979] R10: ffffa69d004dfd58 R11: 0000000000000000 R12: ffffffffa0e3e510
[    6.529381] R13: ffff8dd681f95800 R14: ffffa69d004dfe00 R15: ffff8dd683248c00
[    6.535137] FS:  0000000000000000(0000) GS:ffff8dd75b86c000(0000) knlGS:0000000000000000
[    6.540359] CS:  0010 DS: 0000 ES: 0000 CR0: 0000000080050033
[    6.544783] CR2: 0000000000000000 CR3: 0000000041030000 CR4: 00000000000006f0
[    6.549215] Call Trace:
[    6.551583]  <TASK>
[    6.553683]  ? __pfx_kunit_generic_run_threadfn_adapter+0x10/0x10
[    6.558383]  corten_test_txn_path_overflow+0xb5/0x2a0
[    6.563012]  ? psi_task_switch+0x107/0x290
[    6.566615]  kunit_try_run_case+0x6f/0x150
[    6.569878]  ? __pfx_kunit_generic_run_threadfn_adapter+0x10/0x10
[    6.574574]  kunit_generic_run_threadfn_adapter+0x1c/0x40
[    6.579739]  kthread+0xff/0x1f0
[    6.582579]  ? __pfx_kthread+0x10/0x10
[    6.586313]  ? __pfx_kthread+0x10/0x10
[    6.589826]  ret_from_fork+0x144/0x160
[    6.593794]  ? __pfx_kthread+0x10/0x10
[    6.597318]  ret_from_fork_asm+0x1a/0x30
[    6.599333]  </TASK>
[    6.601420] ---[ end trace 0000000000000000 ]---
[    6.607319] kunit_try_catch (124) used greatest stack depth: 13520 bytes left
[    6.609953]     ok 21 corten_test_txn_path_overflow
[    6.618395]     ok 22 corten_test_txn_child_err
[    6.629339]     ok 23 corten_test_real_huge_leaf
[    6.636932]     ok 24 corten_test_full_window_atomic
[    6.644409]     ok 25 corten_test_debugfs_content
[    6.653709] # corten: pass:24 fail:0 skip:1 total:25
[    6.658558] # Totals: pass:24 fail:0 skip:1 total:25
[    6.663348] ok 1 corten
[    6.679462] check access for rdinit=/init failed: -2, ignoring
[    6.682740] md: Waiting for all devices to be available before autodetect
[    6.686324] md: If you don't use raid, use raid=noautodetect
[    6.690299] md: Autodetecting RAID arrays.
[    6.693025] md: autorun ...
[    6.694568] md: ... autorun DONE.
[    6.700322] /dev/root: Can't open blockdev
[    6.702591] VFS: Cannot open root device "" or unknown-block(0,0): error -6
[    6.705396] Please append a correct "root=" boot option; here are the available partitions:
[    6.713559] 0b00         1048575 sr0 
[    6.713567]  driver: sr
[    6.716221] List of all bdev filesystems:
[    6.718964]  ext3
[    6.718970]  ext2
[    6.719639]  ext4
[    6.721746]  vfat
[    6.723227]  msdos
[    6.724932]  iso9660
[    6.725409]  f2fs
[    6.726204]  erofs
[    6.727719] 
[    6.730168] Kernel panic - not syncing: VFS: Unable to mount root fs on unknown-block(0,0)
[    6.734788] CPU: 0 UID: 0 PID: 1 Comm: swapper/0 Tainted: G        W        N  6.18.32-g4ca6ef1048f0 #94 PREEMPT(voluntary) 
[    6.741099] Tainted: [W]=WARN, [N]=TEST
[    6.743702] Hardware name: QEMU Standard PC (i440FX + PIIX, 1996), BIOS 1.15.0-1 04/01/2014
[    6.748958] Call Trace:
[    6.751437]  <TASK>
[    6.752898]  vpanic+0x34f/0x360
[    6.754122]  panic+0x56/0x60
[    6.756502]  mount_root_generic+0x1ff/0x320
[    6.759964]  prepare_namespace+0x63/0x270
[    6.762296]  kernel_init_freeable+0x29f/0x2f0
[    6.764820]  ? __pfx_kernel_init+0x10/0x10
[    6.768526]  kernel_init+0x15/0x1c0
[    6.769783]  ret_from_fork+0x144/0x160
[    6.771431]  ? __pfx_kernel_init+0x10/0x10
[    6.781309]  ret_from_fork_asm+0x1a/0x30
[    6.783618]  </TASK>
[    6.790359] Kernel Offset: 0x1e800000 from 0xffffffff81000000 (relocation range: 0xffffffff80000000-0xffffffffbfffffff)
