qemu-system-x86_64: warning: host doesn't support requested feature: CPUID.80000001H:ECX.svm [bit 2]
qemu-system-x86_64: warning: host doesn't support requested feature: CPUID.80000001H:ECX.svm [bit 2]
qemu-system-x86_64: warning: host doesn't support requested feature: CPUID.80000001H:ECX.svm [bit 2]
qemu-system-x86_64: warning: host doesn't support requested feature: CPUID.80000001H:ECX.svm [bit 2]
c[?7l[2J[0mSeaBIOS (version 1.15.0-1)


iPXE (https://ipxe.org) 00:03.0 CA00 PCI2.10 PnP PMM+7FF8B310+7FECB310 CA00
Press Ctrl-B to configure iPXE (PCI 00:03.0)...                                                                               


Booting from ROM...
c[?7l[2J[    0.000000] Linux version 6.18.32-g3cd07f2351f4-dirty (ppw@vm) (gcc (Ubuntu 11.4.0-1ubuntu1~22.04.3) 11.4.0, GNU ld (GNU Binutils for Ubuntu) 2.38) #136 SMP PREEMPT_DYNAMIC Thu Sep 24 03:04:24 CST 2026
[    0.000000] Command line: console=ttyS0 panic=-1 corten=on kunit.filter_glob=corten*
[    0.000000] x86/CPU: Model not found in latest microcode list
[    0.000000] BIOS-provided physical RAM map:
[    0.000000] BIOS-e820: [mem 0x0000000000000000-0x000000000009fbff] usable
[    0.000000] BIOS-e820: [mem 0x000000000009fc00-0x000000000009ffff] reserved
[    0.000000] BIOS-e820: [mem 0x00000000000f0000-0x00000000000fffff] reserved
[    0.000000] BIOS-e820: [mem 0x0000000000100000-0x000000007ffdffff] usable
[    0.000000] BIOS-e820: [mem 0x000000007ffe0000-0x000000007fffffff] reserved
[    0.000000] BIOS-e820: [mem 0x00000000feffc000-0x00000000feffffff] reserved
[    0.000000] BIOS-e820: [mem 0x00000000fffc0000-0x00000000ffffffff] reserved
[    0.000000] NX (Execute Disable) protection: active
[    0.000000] APIC: Static calls initialized
[    0.000000] SMBIOS 2.8 present.
[    0.000000] DMI: QEMU Standard PC (i440FX + PIIX, 1996), BIOS 1.15.0-1 04/01/2014
[    0.000000] DMI: Memory slots populated: 1/1
[    0.000000] Hypervisor detected: KVM
[    0.000000] last_pfn = 0x7ffe0 max_arch_pfn = 0x400000000
[    0.000000] kvm-clock: Using msrs 4b564d01 and 4b564d00
[    0.000004] kvm-clock: using sched offset of 1960804779 cycles
[    0.000009] clocksource: kvm-clock: mask: 0xffffffffffffffff max_cycles: 0x1cd42e4dffb, max_idle_ns: 881590591483 ns
[    0.000102] tsc: Detected 2419.196 MHz processor
[    0.003043] last_pfn = 0x7ffe0 max_arch_pfn = 0x400000000
[    0.003766] MTRR map: 4 entries (3 fixed + 1 variable; max 19), built from 8 variable MTRRs
[    0.003798] x86/PAT: Configuration [0-7]: WB  WC  UC- UC  WB  WP  UC- WT  
[    0.014183] found SMP MP-table at [mem 0x000f5ba0-0x000f5baf]
[    0.015875] ACPI: Early table checksum verification disabled
[    0.016041] ACPI: RSDP 0x00000000000F59E0 000014 (v00 BOCHS )
[    0.016180] ACPI: RSDT 0x000000007FFE1A1C 000034 (v01 BOCHS  BXPC     00000001 BXPC 00000001)
[    0.016285] ACPI: FACP 0x000000007FFE18B8 000074 (v01 BOCHS  BXPC     00000001 BXPC 00000001)
[    0.016391] ACPI: DSDT 0x000000007FFE0040 001878 (v01 BOCHS  BXPC     00000001 BXPC 00000001)
[    0.016420] ACPI: FACS 0x000000007FFE0000 000040
[    0.016427] ACPI: APIC 0x000000007FFE192C 000090 (v01 BOCHS  BXPC     00000001 BXPC 00000001)
[    0.016433] ACPI: HPET 0x000000007FFE19BC 000038 (v01 BOCHS  BXPC     00000001 BXPC 00000001)
[    0.016439] ACPI: WAET 0x000000007FFE19F4 000028 (v01 BOCHS  BXPC     00000001 BXPC 00000001)
[    0.016444] ACPI: Reserving FACP table memory at [mem 0x7ffe18b8-0x7ffe192b]
[    0.016448] ACPI: Reserving DSDT table memory at [mem 0x7ffe0040-0x7ffe18b7]
[    0.016450] ACPI: Reserving FACS table memory at [mem 0x7ffe0000-0x7ffe003f]
[    0.016452] ACPI: Reserving APIC table memory at [mem 0x7ffe192c-0x7ffe19bb]
[    0.016454] ACPI: Reserving HPET table memory at [mem 0x7ffe19bc-0x7ffe19f3]
[    0.016456] ACPI: Reserving WAET table memory at [mem 0x7ffe19f4-0x7ffe1a1b]
[    0.019496] No NUMA configuration found
[    0.019498] Faking a node at [mem 0x0000000000000000-0x000000007ffdffff]
[    0.019501] NODE_DATA(0) allocated [mem 0x7ffdc140-0x7ffdffff]
[    0.020937] Zone ranges:
[    0.020940]   DMA      [mem 0x0000000000001000-0x0000000000ffffff]
[    0.020946]   DMA32    [mem 0x0000000001000000-0x000000007ffdffff]
[    0.020949]   Normal   empty
[    0.020951] Movable zone start for each node
[    0.020953] Early memory node ranges
[    0.020954]   node   0: [mem 0x0000000000001000-0x000000000009efff]
[    0.020958]   node   0: [mem 0x0000000000100000-0x000000007ffdffff]
[    0.020962] Initmem setup node 0 [mem 0x0000000000001000-0x000000007ffdffff]
[    0.021672] On node 0, zone DMA: 1 pages in unavailable ranges
[    0.022532] On node 0, zone DMA: 97 pages in unavailable ranges
[    0.204502] On node 0, zone DMA32: 32 pages in unavailable ranges
[    0.207788] ACPI: PM-Timer IO Port: 0x608
[    0.207874] ACPI: LAPIC_NMI (acpi_id[0xff] dfl dfl lint[0x1])
[    0.209735] IOAPIC[0]: apic_id 0, version 17, address 0xfec00000, GSI 0-23
[    0.209762] ACPI: INT_SRC_OVR (bus 0 bus_irq 0 global_irq 2 dfl dfl)
[    0.209768] ACPI: INT_SRC_OVR (bus 0 bus_irq 5 global_irq 5 high level)
[    0.209771] ACPI: INT_SRC_OVR (bus 0 bus_irq 9 global_irq 9 high level)
[    0.209805] ACPI: INT_SRC_OVR (bus 0 bus_irq 10 global_irq 10 high level)
[    0.209808] ACPI: INT_SRC_OVR (bus 0 bus_irq 11 global_irq 11 high level)
[    0.209818] ACPI: Using ACPI (MADT) for SMP configuration information
[    0.209821] ACPI: HPET id: 0x8086a201 base: 0xfed00000
[    0.209844] CPU topo: Max. logical packages:   1
[    0.209846] CPU topo: Max. logical dies:       1
[    0.209847] CPU topo: Max. dies per package:   1
[    0.209857] CPU topo: Max. threads per core:   1
[    0.209926] CPU topo: Num. cores per package:     4
[    0.209929] CPU topo: Num. threads per package:   4
[    0.209930] CPU topo: Allowing 4 present CPUs plus 0 hotplug CPUs
[    0.210055] kvm-guest: APIC: eoi() replaced with kvm_guest_apic_eoi_write()
[    0.211220] PM: hibernation: Registered nosave memory: [mem 0x00000000-0x00000fff]
[    0.211229] PM: hibernation: Registered nosave memory: [mem 0x0009f000-0x000fffff]
[    0.211234] [mem 0x80000000-0xfeffbfff] available for PCI devices
[    0.211259] Booting paravirtualized kernel on KVM
[    0.211306] clocksource: refined-jiffies: mask: 0xffffffff max_cycles: 0xffffffff, max_idle_ns: 1910969940391419 ns
[    0.236056] setup_percpu: NR_CPUS:64 nr_cpumask_bits:4 nr_cpu_ids:4 nr_node_ids:1
[    0.249790] percpu: Embedded 54 pages/cpu s182680 r8192 d30312 u524288
[    0.250188] Kernel command line: console=ttyS0 panic=-1 corten=on kunit.filter_glob=corten*
[    0.251832] corten: requested on, activating at initcall time
[    0.251947] printk: log buffer data + meta data: 262144 + 917504 = 1179648 bytes
[    0.264602] Dentry cache hash table entries: 262144 (order: 9, 2097152 bytes, linear)
[    0.284386] Inode-cache hash table entries: 131072 (order: 8, 1048576 bytes, linear)
[    0.285916] Fallback order for Node 0: 0 
[    0.285926] Built 1 zonelists, mobility grouping on.  Total pages: 524158
[    0.285927] Policy zone: DMA32
[    0.285929] mem auto-init: stack:off, heap alloc:off, heap free:off
[    0.301555] SLUB: HWalign=64, Order=0-3, MinObjects=0, CPUs=4, Nodes=1
[    0.302014] Kernel/User page tables isolation: enabled
[    0.323702] Dynamic Preempt: voluntary
[    0.324716] rcu: Preemptible hierarchical RCU implementation.
[    0.324718] rcu: 	RCU event tracing is enabled.
[    0.324718] rcu: 	RCU restricting CPUs from NR_CPUS=64 to nr_cpu_ids=4.
[    0.324721] 	Trampoline variant of Tasks RCU enabled.
[    0.324721] 	Tracing variant of Tasks RCU enabled.
[    0.324721] rcu: RCU calculated value of scheduler-enlistment delay is 100 jiffies.
[    0.324722] rcu: Adjusting geometry for rcu_fanout_leaf=16, nr_cpu_ids=4
[    0.324749] RCU Tasks: Setting shift to 2 and lim to 1 rcu_task_cb_adjust=1 rcu_task_cpu_ids=4.
[    0.324751] RCU Tasks Trace: Setting shift to 2 and lim to 1 rcu_task_cb_adjust=1 rcu_task_cpu_ids=4.
[    0.338363] NR_IRQS: 4352, nr_irqs: 456, preallocated irqs: 16
[    0.339819] rcu: srcu_init: Setting srcu_struct sizes based on contention.
[    0.411764] Console: colour VGA+ 80x25
[    0.412355] printk: legacy console [ttyS0] enabled
[    0.982554] ACPI: Core revision 20250807
[    0.984173] clocksource: hpet: mask: 0xffffffff max_cycles: 0xffffffff, max_idle_ns: 19112604467 ns
[    0.991791] APIC: Switch to symmetric I/O mode setup
[    0.999428] x2apic enabled
[    1.003339] APIC: Switched APIC routing to: physical x2apic
[    1.018016] ..TIMER: vector=0x30 apic1=0 pin1=2 apic2=-1 pin2=-1
[    1.023612] clocksource: tsc-early: mask: 0xffffffffffffffff max_cycles: 0x22df0d21928, max_idle_ns: 440795225288 ns
[    1.033461] Calibrating delay loop (skipped) preset value.. 4838.39 BogoMIPS (lpj=2419196)
[    1.036447] Last level iTLB entries: 4KB 0, 2MB 0, 4MB 0
[    1.036447] Last level dTLB entries: 4KB 0, 2MB 0, 4MB 0, 1GB 0
[    1.036447] mitigations: Enabled attack vectors: user_kernel, user_user, SMT mitigations: auto
[    1.036521] Speculative Store Bypass: Vulnerable
[    1.037447] Spectre V2 : Mitigation: Retpolines
[    1.037457] ITS: Mitigation: Aligned branch/return thunks
[    1.038447] MDS: Vulnerable: Clear CPU buffers attempted, no microcode
[    1.038447] Spectre V1 : Mitigation: usercopy/swapgs barriers and __user pointer sanitization
[    1.038460] Spectre V2 : Spectre v2 / SpectreRSB: Filling RSB on context switch and VMEXIT
[    1.039467] active return thunk: its_return_thunk
[    1.040517] x86/fpu: x87 FPU will use FXSAVE
[    1.081447] Freeing SMP alternatives memory: 64K
[    1.081447] pid_max: default: 32768 minimum: 301
[    1.081529] LSM: initializing lsm=capability,selinux
[    1.082432] SELinux:  Initializing.
[    1.082447] Mount-cache hash table entries: 4096 (order: 3, 32768 bytes, linear)
[    1.082689] Mountpoint-cache hash table entries: 4096 (order: 3, 32768 bytes, linear)
[    1.102447] smpboot: CPU0: Intel QEMU Virtual CPU version 2.5+ (family: 0xf, model: 0x6b, stepping: 0x1)
[    1.105255] Performance Events: unsupported Netburst CPU model 107 no PMU driver, software events only.
[    1.107890] signal: max sigframe size: 1440
[    1.108719] rcu: Hierarchical SRCU implementation.
[    1.109450] rcu: 	Max phase no-delay instances is 400.
[    1.112143] Timer migration: 1 hierarchy levels; 8 children per group; 1 crossnode level
[    1.127447] corten: page descriptors enabled
[    1.129116] smp: Bringing up secondary CPUs ...
[    1.131254] smpboot: x86: Booting SMP configuration:
[    1.132464] .... node  #0, CPUs:      #1 #2 #3
[    1.150820] smp: Brought up 1 node, 4 CPUs
[    1.152452] smpboot: Total of 4 processors activated (19353.56 BogoMIPS)
[    1.159300] Memory: 2006932K/2096632K available (21586K kernel code, 3201K rwdata, 9068K rodata, 3272K init, 1168K bss, 84536K reserved, 0K cma-reserved)
[    1.162458] devtmpfs: initialized
[    1.168479] clocksource: jiffies: mask: 0xffffffff max_cycles: 0xffffffff, max_idle_ns: 1911260446275000 ns
[    1.169459] posixtimers hash table entries: 2048 (order: 3, 32768 bytes, linear)
[    1.171919] futex hash table entries: 1024 (65536 bytes on 1 NUMA nodes, total 64 KiB, linear).
[    1.172768] PM: RTC time: 19:05:25, date: 2026-09-23
[    1.190574] NET: Registered PF_NETLINK/PF_ROUTE protocol family
[    1.192828] audit: initializing netlink subsys (disabled)
[    1.193565] audit: type=2000 audit(1790190325.175:1): state=initialized audit_enabled=0 res=1
[    1.194896] thermal_sys: Registered thermal governor 'step_wise'
[    1.196461] cpuidle: using governor menu
[    1.201447] PCI: Using configuration type 1 for base access
[    1.202662] kprobes: kprobe jump-optimization is enabled. All kprobes are optimized if possible.
[    1.208447] HugeTLB: registered 2.00 MiB page size, pre-allocated 0 pages
[    1.209459] HugeTLB: 28 KiB vmemmap can be freed for a 2.00 MiB page
[    1.216977] ACPI: Added _OSI(Module Device)
[    1.218464] ACPI: Added _OSI(Processor Device)
[    1.218464] ACPI: Added _OSI(Processor Aggregator Device)
[    1.219498] ACPI: 1 ACPI AML tables successfully acquired and loaded
[    1.230705] ACPI: Interpreter enabled
[    1.231517] ACPI: PM: (supports S0 S3 S4 S5)
[    1.232457] ACPI: Using IOAPIC for interrupt routing
[    1.233510] PCI: Using host bridge windows from ACPI; if necessary, use "pci=nocrs" and report a bug
[    1.234452] PCI: Using E820 reservations for host bridge windows
[    1.235825] ACPI: Enabled 2 GPEs in block 00 to 0F
[    1.247708] ACPI: PCI Root Bridge [PCI0] (domain 0000 [bus 00-ff])
[    1.248472] acpi PNP0A03:00: _OSC: OS supports [ASPM ClockPM Segments MSI HPX-Type3]
[    1.249453] acpi PNP0A03:00: _OSC: not requesting OS control; OS requires [ExtendedConfig ASPM ClockPM MSI]
[    1.250470] acpi PNP0A03:00: fail to add MMCONFIG information, can't access extended configuration space under this bridge
[    1.251819] PCI host bridge to bus 0000:00
[    1.252470] pci_bus 0000:00: root bus resource [io  0x0000-0x0cf7 window]
[    1.253461] pci_bus 0000:00: root bus resource [io  0x0d00-0xffff window]
[    1.254462] pci_bus 0000:00: root bus resource [mem 0x000a0000-0x000bffff window]
[    1.255466] pci_bus 0000:00: root bus resource [mem 0x80000000-0xfebfffff window]
[    1.257465] pci_bus 0000:00: root bus resource [mem 0x100000000-0x17fffffff window]
[    1.258463] pci_bus 0000:00: root bus resource [bus 00-ff]
[    1.260567] pci 0000:00:00.0: [8086:1237] type 00 class 0x060000 conventional PCI endpoint
[    1.268447] pci 0000:00:01.0: [8086:7000] type 00 class 0x060100 conventional PCI endpoint
[    1.270802] pci 0000:00:01.1: [8086:7010] type 00 class 0x010180 conventional PCI endpoint
[    1.275447] pci 0000:00:01.1: BAR 4 [io  0xc040-0xc04f]
[    1.275546] pci 0000:00:01.1: BAR 0 [io  0x01f0-0x01f7]: legacy IDE quirk
[    1.276453] pci 0000:00:01.1: BAR 1 [io  0x03f6]: legacy IDE quirk
[    1.277459] pci 0000:00:01.1: BAR 2 [io  0x0170-0x0177]: legacy IDE quirk
[    1.278450] pci 0000:00:01.1: BAR 3 [io  0x0376]: legacy IDE quirk
[    1.279520] pci 0000:00:01.3: [8086:7113] type 00 class 0x068000 conventional PCI endpoint
[    1.282877] pci 0000:00:01.3: quirk: [io  0x0600-0x063f] claimed by PIIX4 ACPI
[    1.283547] pci 0000:00:01.3: quirk: [io  0x0700-0x070f] claimed by PIIX4 SMB
[    1.286261] pci 0000:00:02.0: [1234:1111] type 00 class 0x030000 conventional PCI endpoint
[    1.296472] pci 0000:00:02.0: BAR 0 [mem 0xfd000000-0xfdffffff pref]
[    1.297492] pci 0000:00:02.0: BAR 2 [mem 0xfebb0000-0xfebb0fff]
[    1.298552] pci 0000:00:02.0: ROM [mem 0xfeba0000-0xfebaffff pref]
[    1.306176] pci 0000:00:02.0: Video device with shadowed ROM at [mem 0x000c0000-0x000dffff]
[    1.320536] pci 0000:00:03.0: [8086:100e] type 00 class 0x020000 conventional PCI endpoint
[    1.324480] pci 0000:00:03.0: BAR 0 [mem 0xfeb80000-0xfeb9ffff]
[    1.325475] pci 0000:00:03.0: BAR 1 [io  0xc000-0xc03f]
[    1.326725] pci 0000:00:03.0: ROM [mem 0xfeb00000-0xfeb7ffff pref]
[    1.340196] ACPI: PCI: Interrupt link LNKA configured for IRQ 10
[    1.342837] ACPI: PCI: Interrupt link LNKB configured for IRQ 10
[    1.344849] ACPI: PCI: Interrupt link LNKC configured for IRQ 11
[    1.347634] ACPI: PCI: Interrupt link LNKD configured for IRQ 11
[    1.348773] ACPI: PCI: Interrupt link LNKS configured for IRQ 9
[    1.360023] iommu: Default domain type: Translated
[    1.360451] iommu: DMA domain TLB invalidation policy: lazy mode
[    1.369839] SCSI subsystem initialized
[    1.377046] ACPI: bus type USB registered
[    1.378161] usbcore: registered new interface driver usbfs
[    1.378621] usbcore: registered new interface driver hub
[    1.379510] usbcore: registered new device driver usb
[    1.380715] pps_core: LinuxPPS API ver. 1 registered
[    1.381451] pps_core: Software ver. 5.3.6 - Copyright 2005-2007 Rodolfo Giometti <giometti@linux.it>
[    1.382496] PTP clock support registered
[    1.387734] Advanced Linux Sound Architecture Driver Initialized.
[    1.394958] NetLabel: Initializing
[    1.395452] NetLabel:  domain hash size = 128
[    1.397450] NetLabel:  protocols = UNLABELED CIPSOv4 CALIPSO
[    1.398672] NetLabel:  unlabeled traffic allowed by default
[    1.405453] PCI: Using ACPI for IRQ routing
[    1.411864] pci 0000:00:02.0: vgaarb: setting as boot VGA device
[    1.412447] pci 0000:00:02.0: vgaarb: bridge control possible
[    1.412447] pci 0000:00:02.0: vgaarb: VGA device added: decodes=io+mem,owns=io+mem,locks=none
[    1.412454] vgaarb: loaded
[    1.416829] hpet: 3 channels of 0 reserved for per-cpu timers
[    1.417883] hpet0: at MMIO 0xfed00000, IRQs 2, 8, 0
[    1.420451] hpet0: 3 comparators, 64-bit 100.000000 MHz counter
[    1.426877] clocksource: Switched to clocksource kvm-clock
[    1.438398] VFS: Disk quotas dquot_6.6.0
[    1.443259] VFS: Dquot-cache hash table entries: 512 (order 0, 4096 bytes)
[    1.455979] pnp: PnP ACPI init
[    1.461540] pnp: PnP ACPI: found 6 devices
[    1.510138] clocksource: acpi_pm: mask: 0xffffff max_cycles: 0xffffff, max_idle_ns: 2085701024 ns
[    1.520058] NET: Registered PF_INET protocol family
[    1.527374] IP idents hash table entries: 32768 (order: 6, 262144 bytes, linear)
[    1.539203] tcp_listen_portaddr_hash hash table entries: 1024 (order: 2, 16384 bytes, linear)
[    1.544891] Table-perturb hash table entries: 65536 (order: 6, 262144 bytes, linear)
[    1.552568] TCP established hash table entries: 16384 (order: 5, 131072 bytes, linear)
[    1.561219] TCP bind hash table entries: 16384 (order: 7, 524288 bytes, linear)
[    1.570035] TCP: Hash tables configured (established 16384 bind 16384)
[    1.575023] UDP hash table entries: 1024 (order: 4, 65536 bytes, linear)
[    1.580741] UDP-Lite hash table entries: 1024 (order: 4, 65536 bytes, linear)
[    1.590602] NET: Registered PF_UNIX/PF_LOCAL protocol family
[    1.602362] RPC: Registered named UNIX socket transport module.
[    1.613068] RPC: Registered udp transport module.
[    1.621137] RPC: Registered tcp transport module.
[    1.625566] RPC: Registered tcp-with-tls transport module.
[    1.629216] RPC: Registered tcp NFSv4.1 backchannel transport module.
[    1.639883] pci_bus 0000:00: resource 4 [io  0x0000-0x0cf7 window]
[    1.646331] pci_bus 0000:00: resource 5 [io  0x0d00-0xffff window]
[    1.650147] pci_bus 0000:00: resource 6 [mem 0x000a0000-0x000bffff window]
[    1.654301] pci_bus 0000:00: resource 7 [mem 0x80000000-0xfebfffff window]
[    1.660091] pci_bus 0000:00: resource 8 [mem 0x100000000-0x17fffffff window]
[    1.665195] pci 0000:00:01.0: PIIX3: Enabling Passive Release
[    1.669930] pci 0000:00:00.0: Limiting direct PCI/PCI transfers
[    1.674852] PCI: CLS 0 bytes, default 64
[    1.678585] clocksource: tsc: mask: 0xffffffffffffffff max_cycles: 0x22df0d21928, max_idle_ns: 440795225288 ns
[    1.700108] Initialise system trusted keyrings
[    1.707068] workingset: timestamp_bits=40 max_order=19 bucket_order=0
[    1.715972] NFS: Registering the id_resolver key type
[    1.718972] Key type id_resolver registered
[    1.720802] Key type id_legacy registered
[    1.725366] 9p: Installing v9fs 9p2000 file system support
[    1.779162] Key type asymmetric registered
[    1.783290] Asymmetric key parser 'x509' registered
[    1.788727] Block layer SCSI generic (bsg) driver version 0.4 loaded (major 251)
[    1.795914] io scheduler mq-deadline registered
[    1.797854] io scheduler kyber registered
[    1.802553] input: Power Button as /devices/LNXSYSTM:00/LNXPWRBN:00/input/input0
[    1.810911] ACPI: button: Power Button [PWRF]
[    1.820064] Serial: 8250/16550 driver, 4 ports, IRQ sharing enabled
[    1.830451] 00:04: ttyS0 at I/O 0x3f8 (irq = 4, base_baud = 115200) is a 16550A
[    1.841211] Non-volatile memory driver v1.3
[    1.845316] Linux agpgart interface v0.103
[    1.881057] ACPI: bus type drm_connector registered
[    1.907364] loop: module loaded
[    1.911588] zram: Added device: zram0
[    1.925590] scsi host0: ata_piix
[    1.932489] scsi host1: ata_piix
[    1.935744] ata1: PATA max MWDMA2 cmd 0x1f0 ctl 0x3f6 bmdma 0xc040 irq 14 lpm-pol 0
[    1.940919] ata2: PATA max MWDMA2 cmd 0x170 ctl 0x376 bmdma 0xc048 irq 15 lpm-pol 0
[    1.951417] tun: Universal TUN/TAP device driver, 1.6
[    1.957015] e100: Intel(R) PRO/100 Network Driver
[    1.961883] e100: Copyright(c) 1999-2006 Intel Corporation
[    1.968605] e1000: Intel(R) PRO/1000 Network Driver
[    1.970232] e1000: Copyright (c) 1999-2006 Intel Corporation.
[    2.004648] ACPI: \_SB_.LNKC: Enabled at IRQ 11
[    2.103336] ata2: found unknown device (class 0)
[    2.109844] ata2.00: ATAPI: QEMU DVD-ROM, 2.5+, max UDMA/100
[    2.125497] scsi 1:0:0:0: CD-ROM            QEMU     QEMU DVD-ROM     2.5+ PQ: 0 ANSI: 5
[    2.216991] sr 1:0:0:0: [sr0] scsi3-mmc drive: 4x/4x cd/rw xa/form2 tray
[    2.218842] cdrom: Uniform CD-ROM driver Revision: 3.20
[    2.238062] sr 1:0:0:0: Attached scsi generic sg0 type 5
[    3.109565] e1000 0000:00:03.0 eth0: (PCI:33MHz:32-bit) 52:54:00:12:34:56
[    3.115789] e1000 0000:00:03.0 eth0: Intel(R) PRO/1000 Network Connection
[    3.122294] e1000e: Intel(R) PRO/1000 Network Driver
[    3.124310] e1000e: Copyright(c) 1999 - 2015 Intel Corporation.
[    3.130444] sky2: driver version 1.30
[    3.136526] usbcore: registered new interface driver usblp
[    3.142307] usbcore: registered new interface driver usb-storage
[    3.148353] i8042: PNP: PS/2 Controller [PNP0303:KBD,PNP0f13:MOU] at 0x60,0x64 irq 1,12
[    3.164395] serio: i8042 KBD port at 0x60,0x64 irq 1
[    3.169536] serio: i8042 AUX port at 0x60,0x64 irq 12
[    3.175289] rtc_cmos 00:05: RTC can wake from S4
[    3.183460] input: AT Translated Set 2 keyboard as /devices/platform/i8042/serio0/input/input1
[    3.186946] rtc_cmos 00:05: registered as rtc0
[    3.197737] rtc_cmos 00:05: alarms up to one day, y3k, 242 bytes nvram, hpet irqs
[    3.211725] device-mapper: ioctl: 4.50.0-ioctl (2025-04-28) initialised: dm-devel@lists.linux.dev
[    3.223510] intel_pstate: CPU model not supported
[    3.229534] hid: raw HID events driver (C) Jiri Kosina
[    3.235266] usbcore: registered new interface driver usbhid
[    3.237549] usbhid: USB HID core driver
[    3.248904] xt_time: kernel timezone is -0000
[    3.251171] Initializing XFRM netlink socket
[    3.254506] NET: Registered PF_INET6 protocol family
[    3.263537] Segment Routing with IPv6
[    3.265877] In-situ OAM (IOAM) with IPv6
[    3.268103] sit: IPv6, IPv4 and MPLS over IPv4 tunneling driver
[    3.271026] NET: Registered PF_PACKET protocol family
[    3.273157] NET: Registered PF_KEY protocol family
[    3.277255] 9pnet: Installing 9P2000 support
[    3.280329] Key type dns_resolver registered
[    3.282021] NET: Registered PF_VSOCK protocol family
[    3.290546] IPI shorthand broadcast: enabled
[    3.309667] sched_clock: Marking stable (2620085953, 688582034)->(4088876146, -780208159)
[    3.320341] registered taskstats version 1
[    3.326576] Loading compiled-in X.509 certificates
[    3.346599] Demotion targets for Node 0: null
[    3.351175] Key type .fscrypt registered
[    3.354930] Key type fscrypt-provisioning registered
[    3.360901] PM:   Magic number: 10:277:92
[    3.365427]  container: hash matches
[    3.369039] netconsole: network logging started
[    3.374142] cfg80211: Loading compiled-in X.509 certificates for regulatory database
[    3.386106] kworker/u16:1 (70) used greatest stack depth: 14272 bytes left
[    3.389967] Loaded X.509 cert 'sforshee: 00b28ddf47aef9cea7'
[    3.394144] Loaded X.509 cert 'wens: 61c038651aabdcf94bd0ac7ff06c7248db18c600'
[    3.396089] ALSA device list:
[    3.397744]   No soundcards found.
[    3.402122] faux_driver regulatory: Direct firmware load for regulatory.db failed with error -2
[    3.406635] KTAP version 1
[    3.409086] cfg80211: failed to load regulatory.db
[    3.411425] 1..3
[    3.418387]     KTAP version 1
[    3.421341]     # Subtest: corten
[    3.425566]     # module: corten_test
[    3.425573]     1..25
[    3.433960]     ok 1 corten_test_layout # SKIP corten=on boot
[    3.437586]     ok 2 corten_test_ptdesc_get_put
[    3.444980]     ok 3 corten_test_meta_roundtrip
[    3.450216]     ok 4 corten_test_meta_reinit_cleared
[    3.457541]     ok 5 corten_test_covering_level
[    3.464790]     ok 6 corten_test_covering_base_index
[    3.472549]     ok 7 corten_test_txn_covering
[    3.480833]     ok 8 corten_test_txn_hole
[    3.487849]     ok 9 corten_test_txn_stale_eagain
[    3.491976]     ok 10 corten_test_lock_range_args
[    3.497531]     ok 11 corten_test_txn_state_machine
[    3.504791]     ok 12 corten_test_txn_atomic_validate
[    3.514804]     ok 13 corten_test_txn_real_glue
[    3.570220]     ok 14 corten_test_txn_mutex_overlap
[    3.603357]     ok 15 corten_test_txn_mutex_disjoint
[    3.610804]     ok 16 corten_test_fail_alloc
[    3.617517]     ok 17 corten_test_txn_hole_fill
[    3.627001]     ok 18 corten_test_txn_hole_race
[    3.874609] kunit_try_catch (117) used greatest stack depth: 14008 bytes left
[    3.878402]     ok 19 corten_test_txn_uninstall_interlock
[    3.885946] input: ImExPS/2 Generic Explorer Mouse as /devices/platform/i8042/serio1/input/input3
[    3.890122]     ok 20 corten_test_uninstall_bh_ctx
[    3.896520] ------------[ cut here ]------------
[    3.900954] WARNING: CPU: 1 PID: 123 at mm/corten.c:865 corten_txn_begin+0x191/0x4b0
[    3.907921] Modules linked in:
[    3.911800] CPU: 1 UID: 0 PID: 123 Comm: kunit_try_catch Tainted: G                 N  6.18.32-g3cd07f2351f4-dirty #136 PREEMPT(voluntary) 
[    3.923332] Tainted: [N]=TEST
[    3.926437] Hardware name: QEMU Standard PC (i440FX + PIIX, 1996), BIOS 1.15.0-1 04/01/2014
[    3.934314] RIP: 0010:corten_txn_begin+0x191/0x4b0
[    3.938473] Code: 02 00 00 4c 89 ff 48 89 04 24 e8 aa bb f7 00 4c 89 ff e8 b2 bd f7 00 48 8b 04 24 41 0f b6 4f 25 38 48 25 0f 87 65 ff ff ff 90 <0f> 0b 90 41 80 7e 48 04 0f 86 61 ff ff ff 90 0f 0b 90 48 89 c7 e8
[    3.955958] RSP: 0000:ffff924c803a7da0 EFLAGS: 00010246
[    3.960995] RAX: ffff8fbbc2fe06c0 RBX: 0000000000000fff RCX: 0000000000000002
[    3.967846] RDX: 0000000000000003 RSI: 000000000000002e RDI: ffff8fbbc203c100
[    3.972428] RBP: 0000000000000000 R08: ffff8fbbc2005800 R09: ffff924c803a7e00
[    3.977626] R10: ffff924c803a7d58 R11: 0000000000000000 R12: ffffffffb2c3e990
[    3.983911] R13: ffff8fbbc2005800 R14: ffff924c803a7e00 R15: ffff8fbbc2fe0660
[    3.990375] FS:  0000000000000000(0000) GS:ffff8fbc899e2000(0000) knlGS:0000000000000000
[    3.999285] CS:  0010 DS: 0000 ES: 0000 CR0: 0000000080050033
[    4.001042] CR2: 0000000000000000 CR3: 000000007be30000 CR4: 00000000000006f0
[    4.002870] Call Trace:
[    4.003979]  <TASK>
[    4.004797]  ? __pfx_kunit_generic_run_threadfn_adapter+0x10/0x10
[    4.006848]  corten_test_txn_path_overflow+0xb5/0x2a0
[    4.008400]  ? psi_task_switch+0x107/0x290
[    4.009644]  kunit_try_run_case+0x6f/0x150
[    4.012281]  ? __pfx_kunit_generic_run_threadfn_adapter+0x10/0x10
[    4.016626]  kunit_generic_run_threadfn_adapter+0x1c/0x40
[    4.022097]  kthread+0xff/0x1f0
[    4.023886]  ? __pfx_kthread+0x10/0x10
[    4.027378]  ? __pfx_kthread+0x10/0x10
[    4.031865]  ret_from_fork+0x144/0x160
[    4.034150]  ? __pfx_kthread+0x10/0x10
[    4.037238]  ret_from_fork_asm+0x1a/0x30
[    4.048342]  </TASK>
[    4.050554] ---[ end trace 0000000000000000 ]---
[    4.054631] ------------[ cut here ]------------
[    4.058637] WARNING: CPU: 1 PID: 123 at mm/corten.c:812 corten_txn_begin+0x1a0/0x4b0
[    4.064134] Modules linked in:
[    4.066203] CPU: 1 UID: 0 PID: 123 Comm: kunit_try_catch Tainted: G        W        N  6.18.32-g3cd07f2351f4-dirty #136 PREEMPT(voluntary) 
[    4.077704] Tainted: [W]=WARN, [N]=TEST
[    4.081874] Hardware name: QEMU Standard PC (i440FX + PIIX, 1996), BIOS 1.15.0-1 04/01/2014
[    4.089884] RIP: 0010:corten_txn_begin+0x1a0/0x4b0
[    4.094846] Code: 4c 89 ff e8 b2 bd f7 00 48 8b 04 24 41 0f b6 4f 25 38 48 25 0f 87 65 ff ff ff 90 0f 0b 90 41 80 7e 48 04 0f 86 61 ff ff ff 90 <0f> 0b 90 48 89 c7 e8 c5 f5 ff ff 41 0f b6 46 48 84 c0 74 28 83 e8
[    4.112641] RSP: 0000:ffff924c803a7da0 EFLAGS: 00010202
[    4.117574] RAX: ffff8fbbc2fe0840 RBX: 0000000000000fff RCX: 0000000000000002
[    4.124966] RDX: 0000000000000003 RSI: 0000000000000036 RDI: ffff8fbbc203c100
[    4.131384] RBP: 0000000000000000 R08: ffff8fbbc2005800 R09: ffff924c803a7e00
[    4.137537] R10: ffff924c803a7d58 R11: 0000000000000000 R12: ffffffffb2c3e990
[    4.144062] R13: ffff8fbbc2005800 R14: ffff924c803a7e00 R15: ffff8fbbc2fe07e0
[    4.148299] FS:  0000000000000000(0000) GS:ffff8fbc899e2000(0000) knlGS:0000000000000000
[    4.155426] CS:  0010 DS: 0000 ES: 0000 CR0: 0000000080050033
[    4.159599] CR2: 0000000000000000 CR3: 000000007be30000 CR4: 00000000000006f0
[    4.166125] Call Trace:
[    4.166923]  <TASK>
[    4.167686]  ? __pfx_kunit_generic_run_threadfn_adapter+0x10/0x10
[    4.172070]  corten_test_txn_path_overflow+0xb5/0x2a0
[    4.175553]  ? psi_task_switch+0x107/0x290
[    4.178522]  kunit_try_run_case+0x6f/0x150
[    4.182472]  ? __pfx_kunit_generic_run_threadfn_adapter+0x10/0x10
[    4.187256]  kunit_generic_run_threadfn_adapter+0x1c/0x40
[    4.191905]  kthread+0xff/0x1f0
[    4.194520]  ? __pfx_kthread+0x10/0x10
[    4.197988]  ? __pfx_kthread+0x10/0x10
[    4.201529]  ret_from_fork+0x144/0x160
[    4.204985]  ? __pfx_kthread+0x10/0x10
[    4.209653]  ret_from_fork_asm+0x1a/0x30
[    4.213359]  </TASK>
[    4.214826] ---[ end trace 0000000000000000 ]---
[    4.218817] kunit_try_catch (123) used greatest stack depth: 13520 bytes left
[    4.220085]     ok 21 corten_test_txn_path_overflow
[    4.228816]     ok 22 corten_test_txn_child_err
[    4.234017]     ok 23 corten_test_real_huge_leaf
[    4.238238]     ok 24 corten_test_full_window_atomic
[    4.242558]     ok 25 corten_test_debugfs_content
[    4.244191] # corten: pass:24 fail:0 skip:1 total:25
[    4.245636] # Totals: pass:24 fail:0 skip:1 total:25
[    4.248926] ok 1 corten
[    4.252076]     KTAP version 1
[    4.252824]     # Subtest: corten_arena
[    4.253869]     # module: corten_arena_test
[    4.253871]     1..101
[    4.258021]     ok 1 corten_arena_test_declare_reject
[    4.260130]     ok 2 corten_arena_test_declare_reject_flags
[    4.264272]     ok 3 corten_arena_test_declare_query
[    4.269956]     ok 4 corten_arena_test_range_overlaps
[    4.276968]     ok 5 corten_arena_test_release
[    4.282432]     ok 6 corten_arena_test_ref_born_atomic
[    4.286555]     ok 7 corten_arena_test_release_classify
[    4.295051]     ok 8 corten_arena_test_shadow_vma
[    4.301433]     ok 9 corten_arena_test_exit
[    4.305666]     ok 10 corten_arena_test_prctl
[    4.309629]     ok 11 corten_arena_test_mode
[    4.315883]     ok 12 corten_arena_test_auto_classify
[    4.321154]     ok 13 corten_arena_test_auto_classify_file
[    4.327972]     ok 14 corten_arena_test_auto_place
[    4.339010]     ok 15 corten_arena_test_auto_route
[    4.351836]     ok 16 corten_arena_test_auto_attach_release
[    4.367061]     ok 17 corten_arena_test_file_lifecycle
[    4.371563] ------------[ cut here ]------------
[    4.381835] corten: VM_CORTEN vma reached zap_page_range_single()
[    4.387129] WARNING: CPU: 1 PID: 185 at mm/corten_arena.c:1613 corten_zap_single_guard+0x39/0x50
[    4.391924] Modules linked in:
[    4.393345] CPU: 1 UID: 0 PID: 185 Comm: kunit_try_catch Tainted: G        W        N  6.18.32-g3cd07f2351f4-dirty #136 PREEMPT(voluntary) 
[    4.396494] Tainted: [W]=WARN, [N]=TEST
[    4.397398] Hardware name: QEMU Standard PC (i440FX + PIIX, 1996), BIOS 1.15.0-1 04/01/2014
[    4.402747] RIP: 0010:corten_zap_single_guard+0x39/0x50
[    4.404025] Code: 05 04 4c 7a 02 0f b6 05 44 0f d3 01 84 c0 74 05 e9 4c be f6 00 c6 05 34 0f d3 01 01 90 48 c7 c7 08 00 2a b3 e8 58 69 cf ff 90 <0f> 0b 90 90 b8 01 00 00 00 c3 cc cc cc cc 66 0f 1f 84 00 00 00 00
[    4.413504] RSP: 0000:ffff924c80647d58 EFLAGS: 00010282
[    4.418686] RAX: 0000000000000000 RBX: 0000000000000003 RCX: 00000000ffffdfff
[    4.425278] RDX: 0000000000000000 RSI: 00000000ffffffea RDI: 0000000000000001
[    4.432625] RBP: ffff8fbbc1872c00 R08: ffffffffb373e6c8 R09: 00000000ffffdfff
[    4.437868] R10: ffffffffb365e6e0 R11: ffffffffb370e6e0 R12: 0000000001801000
[    4.444925] R13: 0000000000001000 R14: 0000000000000000 R15: ffff924c80013a88
[    4.452373] FS:  0000000000000000(0000) GS:ffff8fbc899e2000(0000) knlGS:0000000000000000
[    4.459899] CS:  0010 DS: 0000 ES: 0000 CR0: 0000000080050033
[    4.463610] CR2: 0000000000000000 CR3: 000000007be30000 CR4: 00000000000006f0
[    4.470925] Call Trace:
[    4.474309]  <TASK>
[    4.476100]  zap_page_range_single+0x1c/0x50
[    4.481038]  corten_arena_test_truncate_route+0xdac/0x1d90
[    4.484227]  ? __switch_to_asm+0x39/0x70
[    4.488937]  ? finish_task_switch.isra.0+0x76/0x250
[    4.491688]  ? __pfx_kunit_generic_run_threadfn_adapter+0x10/0x10
[    4.497340]  kunit_try_run_case+0x6f/0x150
[    4.498901]  ? __pfx_kunit_generic_run_threadfn_adapter+0x10/0x10
[    4.504241]  kunit_generic_run_threadfn_adapter+0x1c/0x40
[    4.510793]  kthread+0xff/0x1f0
[    4.513976]  ? __pfx_kthread+0x10/0x10
[    4.516600]  ? __pfx_kthread+0x10/0x10
[    4.520067]  ret_from_fork+0x144/0x160
[    4.522408]  ? __pfx_kthread+0x10/0x10
[    4.525785]  ret_from_fork_asm+0x1a/0x30
[    4.528700]  </TASK>
[    4.530678] ---[ end trace 0000000000000000 ]---
[    4.536730] ------------[ cut here ]------------
[    4.540978] corten: VM_CORTEN vma in a mapping i_mmap walk (stale node)
[    4.548905] WARNING: CPU: 1 PID: 185 at mm/corten_arena.c:1584 corten_arena_imap_stale_guard+0x39/0x50
[    4.558763] Modules linked in:
[    4.561678] CPU: 1 UID: 0 PID: 185 Comm: kunit_try_catch Tainted: G        W        N  6.18.32-g3cd07f2351f4-dirty #136 PREEMPT(voluntary) 
[    4.571770] Tainted: [W]=WARN, [N]=TEST
[    4.574865] Hardware name: QEMU Standard PC (i440FX + PIIX, 1996), BIOS 1.15.0-1 04/01/2014
[    4.582885] RIP: 0010:corten_arena_imap_stale_guard+0x39/0x50
[    4.586788] Code: 05 5c 4c 7a 02 0f b6 05 a5 0f d3 01 84 c0 74 05 c3 cc cc cc cc c6 05 95 0f d3 01 01 90 48 c7 c7 c8 ff 29 b3 e8 b8 69 cf ff 90 <0f> 0b 90 90 b8 01 00 00 00 e9 89 be f6 00 66 0f 1f 84 00 00 00 00
[    4.600068] RSP: 0000:ffff924c80647d80 EFLAGS: 00010286
[    4.604957] RAX: 0000000000000000 RBX: 0000000000000003 RCX: 00000000ffffdfff
[    4.612376] RDX: 0000000000000000 RSI: 00000000ffffffea RDI: 0000000000000001
[    4.621138] RBP: ffff8fbbc33aa700 R08: ffffffffb373e6c8 R09: 00000000ffffdfff
[    4.628250] R10: ffffffffb365e6e0 R11: ffffffffb370e6e0 R12: ffff8fbbc2fdc100
[    4.634769] R13: ffff8fbbc1fad220 R14: 0000000000000000 R15: ffff924c80013a88
[    4.640734] FS:  0000000000000000(0000) GS:ffff8fbc899e2000(0000) knlGS:0000000000000000
[    4.648330] CS:  0010 DS: 0000 ES: 0000 CR0: 0000000080050033
[    4.652306] CR2: 0000000000000000 CR3: 000000007be30000 CR4: 00000000000006f0
[    4.657974] Call Trace:
[    4.660301]  <TASK>
[    4.662103]  corten_arena_test_truncate_route+0xeec/0x1d90
[    4.667103]  ? __switch_to_asm+0x39/0x70
[    4.670771]  ? finish_task_switch.isra.0+0x76/0x250
[    4.676903]  ? __pfx_kunit_generic_run_threadfn_adapter+0x10/0x10
[    4.681915]  kunit_try_run_case+0x6f/0x150
[    4.685366]  ? __pfx_kunit_generic_run_threadfn_adapter+0x10/0x10
[    4.689622]  kunit_generic_run_threadfn_adapter+0x1c/0x40
[    4.694545]  kthread+0xff/0x1f0
[    4.697509]  ? __pfx_kthread+0x10/0x10
[    4.700930]  ? __pfx_kthread+0x10/0x10
[    4.704152]  ret_from_fork+0x144/0x160
[    4.706359]  ? __pfx_kthread+0x10/0x10
[    4.709562]  ret_from_fork_asm+0x1a/0x30
[    4.713309]  </TASK>
[    4.714698] ---[ end trace 0000000000000000 ]---
[    4.719431] kunit_try_catch (185) used greatest stack depth: 13440 bytes left
[    4.721544]     ok 18 corten_arena_test_truncate_route
[    4.729538] BUG: non-zero pgtables_bytes on freeing mm: 8192
[    4.740500]     ok 19 corten_arena_test_registry_inval
[    4.745082]     ok 20 corten_arena_test_file_read
[    4.752000] BUG: non-zero pgtables_bytes on freeing mm: 8192
[    4.762182]     ok 21 corten_arena_test_file_cow
[    4.765277] BUG: non-zero pgtables_bytes on freeing mm: 8192
[    4.777652]     ok 22 corten_arena_test_file_fork_mirror
[    4.779736] BUG: non-zero pgtables_bytes on freeing mm: 8192
[    4.788279]     ok 23 corten_arena_test_file_fork_cow
[    4.791279] BUG: non-zero pgtables_bytes on freeing mm: 8192
[    4.798710]     ok 24 corten_arena_test_file_fork_pinned
[    4.803863]     ok 25 corten_arena_test_file_hugetlb_route
[    4.808396] BUG: non-zero pgtables_bytes on freeing mm: 8192
[    4.812829]     ok 26 corten_arena_test_mag_recycle
[    4.814224]     ok 27 corten_arena_test_mag_marker
[    4.818149] BUG: non-zero pgtables_bytes on freeing mm: 8192
[    4.823545]     ok 28 corten_arena_test_pool_reuse
[    4.824874] BUG: non-zero pgtables_bytes on freeing mm: 8192
[    4.833130] BUG: non-zero pgtables_bytes on freeing mm: 8192
[    4.837805] BUG: non-zero pgtables_bytes on freeing mm: 8192
[    4.854000]     ok 29 corten_arena_test_pool_limit
[    4.860328]     ok 30 corten_arena_test_pool_mode_exit
[    4.872167]     ok 31 corten_arena_test_pool_fork
[    4.886475]     ok 32 corten_arena_test_noreplace_parked
[    4.897875]     ok 33 corten_arena_test_noreplace_active
[    4.909200]     ok 34 corten_arena_test_mapfixed_over_parked
[    4.920649]     ok 35 corten_arena_test_occupied_incl_idle
[    4.928818] ------------[ cut here ]------------
[    4.935680] corten: foreign vma in parked window 800000-1000000
[    4.938995] WARNING: CPU: 1 PID: 269 at mm/corten_arena.c:9952 corten_arena_pool_reactivate+0x1b5/0x1c0
[    4.943860] Modules linked in:
[    4.946816] CPU: 1 UID: 0 PID: 269 Comm: kunit_try_catch Tainted: G        W        N  6.18.32-g3cd07f2351f4-dirty #136 PREEMPT(voluntary) 
[    4.957672] Tainted: [W]=WARN, [N]=TEST
[    4.967865] Hardware name: QEMU Standard PC (i440FX + PIIX, 1996), BIOS 1.15.0-1 04/01/2014
[    4.971926] RIP: 0010:corten_arena_pool_reactivate+0x1b5/0x1c0
[    4.974729] Code: 51 01 41 bc f4 ff ff ff e9 68 ff ff ff c6 05 2d a4 d2 01 01 90 48 8b 55 08 48 8b 75 00 48 c7 c7 30 01 2a b3 e8 4c fe ce ff 90 <0f> 0b 90 90 eb a3 0f 1f 44 00 00 90 90 90 90 90 90 90 90 90 90 90
[    4.990483] RSP: 0000:ffff924c807efd50 EFLAGS: 00010286
[    4.996258] RAX: 0000000000000000 RBX: 000000000000000b RCX: 00000000ffffdfff
[    5.003075] RDX: 0000000000000000 RSI: 00000000ffffffea RDI: 0000000000000001
[    5.007704] RBP: ffff8fbbc188e000 R08: ffffffffb373e6c8 R09: 00000000ffffdfff
[    5.013525] R10: ffffffffb365e6e0 R11: ffffffffb370e6e0 R12: 0000000000200073
[    5.018581] R13: ffff8fbbc2fdad00 R14: ffff8fbbc33ac100 R15: 0000000000000800
[    5.023374] FS:  0000000000000000(0000) GS:ffff8fbc899e2000(0000) knlGS:0000000000000000
[    5.025370] CS:  0010 DS: 0000 ES: 0000 CR0: 0000000080050033
[    5.026707] CR2: 0000000000000000 CR3: 000000007be30000 CR4: 00000000000006f0
[    5.028457] Call Trace:
[    5.029207]  <TASK>
[    5.029722]  corten_arena_auto_mmap_route+0x3db/0x460
[    5.035707]  ? __pfx_kunit_generic_run_threadfn_adapter+0x10/0x10
[    5.038664]  corten_arena_test_p4_eject+0x1f6/0x6d0
[    5.043329]  ? finish_task_switch.isra.0+0x76/0x250
[    5.048011]  ? __pfx_kunit_generic_run_threadfn_adapter+0x10/0x10
[    5.053846]  kunit_try_run_case+0x6f/0x150
[    5.057554]  ? __pfx_kunit_generic_run_threadfn_adapter+0x10/0x10
[    5.061418]  kunit_generic_run_threadfn_adapter+0x1c/0x40
[    5.066177]  kthread+0xff/0x1f0
[    5.068143]  ? __pfx_kthread+0x10/0x10
[    5.072516]  ? __pfx_kthread+0x10/0x10
[    5.074391]  ret_from_fork+0x144/0x160
[    5.078002]  ? __pfx_kthread+0x10/0x10
[    5.079917]  ret_from_fork_asm+0x1a/0x30
[    5.082633]  </TASK>
[    5.085049] ---[ end trace 0000000000000000 ]---
[    5.094811]     ok 36 corten_arena_test_p4_eject
[    5.103890]     ok 37 corten_arena_test_hint_fence
[    5.112099]     ok 38 corten_arena_test_j1_hooks
[    5.126212]     ok 39 corten_arena_test_j1_self_exempt
[    5.131926]     ok 40 corten_arena_test_uffd_window_reject
[    5.142560]     ok 41 corten_arena_test_j1_implant_exempt
[    5.150505]     ok 42 corten_arena_test_fault_window_shorts
[    5.161597]     ok 43 corten_arena_test_inv_mv2_clean
[    5.167081] ------------[ cut here ]------------
[    5.172890] corten: INV-MV2 violated: 1 window vma(s) outside the implant registry (first at 100000200000)
[    5.179073] WARNING: CPU: 1 PID: 300 at mm/corten_arena.c:11218 corten_audit_j2_scan+0x1e9/0x200
[    5.185768] Modules linked in:
[    5.188617] CPU: 1 UID: 0 PID: 300 Comm: kunit_try_catch Tainted: G        W        N  6.18.32-g3cd07f2351f4-dirty #136 PREEMPT(voluntary) 
[    5.199227] Tainted: [W]=WARN, [N]=TEST
[    5.201793] Hardware name: QEMU Standard PC (i440FX + PIIX, 1996), BIOS 1.15.0-1 04/01/2014
[    5.209575] RIP: 0010:corten_audit_j2_scan+0x1e9/0x200
[    5.214364] Code: 5b 5d 41 5c 41 5d 41 5e 41 5f e9 82 1b f7 00 c6 05 66 6c d3 01 01 90 48 c7 c7 20 ff 29 b3 4c 89 e2 44 89 ee e8 88 c6 cf ff 90 <0f> 0b 90 90 eb ad e8 dc 36 f6 00 66 66 2e 0f 1f 84 00 00 00 00 00
[    5.233052] RSP: 0000:ffff924c8089fd58 EFLAGS: 00010282
[    5.237834] RAX: 0000000000000000 RBX: ffff8fbbc33ac7c0 RCX: 00000000ffffdfff
[    5.243084] RDX: 0000000000000000 RSI: 00000000ffffffea RDI: 0000000000000001
[    5.251666] RBP: 00003fffffffffff R08: ffffffffb373e6c8 R09: 00000000ffffdfff
[    5.260115] R10: ffffffffb365e6e0 R11: ffffffffb370e6e0 R12: 0000100000200000
[    5.265397] R13: 0000000000000001 R14: 0000000000000000 R15: 0000000000000000
[    5.267630] FS:  0000000000000000(0000) GS:ffff8fbc899e2000(0000) knlGS:0000000000000000
[    5.275755] CS:  0010 DS: 0000 ES: 0000 CR0: 0000000080050033
[    5.280034] CR2: 0000000000000000 CR3: 000000007be30000 CR4: 00000000000006f0
[    5.282331] Call Trace:
[    5.282934]  <TASK>
[    5.283440]  ? vma_link+0x11f/0x1d0
[    5.284626]  corten_audit_j2_walk+0x55/0x70
[    5.285906]  corten_arena_test_inv_mv2_inject+0x121/0x740
[    5.289029]  ? __pfx_kunit_generic_run_threadfn_adapter+0x10/0x10
[    5.293605]  kunit_try_run_case+0x6f/0x150
[    5.295894]  ? __pfx_kunit_generic_run_threadfn_adapter+0x10/0x10
[    5.297419]  kunit_generic_run_threadfn_adapter+0x1c/0x40
[    5.300766]  kthread+0xff/0x1f0
[    5.303635]  ? __pfx_kthread+0x10/0x10
[    5.307316]  ? __pfx_kthread+0x10/0x10
[    5.310519]  ret_from_fork+0x144/0x160
[    5.315364]  ? __pfx_kthread+0x10/0x10
[    5.318098]  ret_from_fork_asm+0x1a/0x30
[    5.319671]  </TASK>
[    5.321470] ---[ end trace 0000000000000000 ]---
[    5.328513]     ok 44 corten_arena_test_inv_mv2_inject
[    5.332846]     ok 45 corten_arena_test_inv_mv2_stale
[    5.343920]     ok 46 corten_arena_test_inv_mv2_implant_fork
[    5.355471]     ok 47 corten_arena_test_j2_triggers
[    5.368246]     ok 48 corten_arena_test_msync_window_segments
[    5.375063] get_swap_device: Bad swap file entry 400000000000077
[    5.385520] get_swap_device: Bad swap file entry 400000000000077
[    5.393010]     ok 49 corten_arena_test_mincore_route
[    5.397404]     ok 50 corten_arena_test_madvise_parked_terminal
[    5.407987]     ok 51 corten_arena_test_move_pages_window
[    5.417939]     ok 52 corten_arena_test_mvc_row_stream
[    5.427226]     ok 53 corten_arena_test_mvc_merge_first_row
[    5.434513]     ok 54 corten_arena_test_mvc_gup_probe
[    5.442828]     ok 55 corten_arena_test_mvc_smaps_pagemap
[    5.445828] BUG: non-zero pgtables_bytes on freeing mm: 8192
[    5.453374] get_swap_device: Bad swap file entry 40000000000005d
[    5.459672]     ok 56 corten_arena_test_exit_lifecycle
[    5.460241] BUG: non-zero pgtables_bytes on freeing mm: 8192
[    5.504940] corten_arena_op (375) used greatest stack depth: 13360 bytes left
[    5.536107] corten_arena_op (388) used greatest stack depth: 13216 bytes left
[    5.548011]     ok 57 corten_arena_test_exit_punchfork
[    5.552613]     ok 58 corten_arena_test_exit_multi_segment
[    5.565046]     ok 59 corten_arena_test_vma_free_reuse
[    5.572034]     ok 60 corten_arena_test_inv_mv3
[    5.576630] BUG: non-zero pgtables_bytes on freeing mm: 8192
[    5.591215]     ok 61 corten_arena_test_fork_vma_free
[    5.595248] BUG: non-zero pgtables_bytes on freeing mm: 8192
[    5.606928]     ok 62 corten_arena_test_vma_free_shrink_pick
[    5.608598]     ok 63 corten_arena_test_carrier_shrink_pick
[    5.615851]     ok 64 corten_arena_test_auto_validate
[    5.623478] BUG: non-zero pgtables_bytes on freeing mm: 8192
[    5.634165]     ok 65 corten_arena_test_carrier_vma
[    5.637611] BUG: non-zero pgtables_bytes on freeing mm: 8192
[    5.646931]     ok 66 corten_arena_test_fork_punch_novma
[    5.652851]     ok 67 corten_arena_test_fork_redeclare_content
[    5.660802]     ok 68 corten_arena_test_region_record
[    5.668446]     ok 69 corten_arena_test_region_iter
[    5.678015] BUG: non-zero pgtables_bytes on freeing mm: 8192
[    5.690506]     ok 70 corten_arena_test_region_park
[    5.693551]     ok 71 corten_arena_test_region_fork
[    5.702413]     ok 72 corten_arena_test_mprotect_route
[    5.709515]     ok 73 corten_arena_test_protect_flags_kernel_gate
[    5.719176]     ok 74 corten_arena_test_madvise_route
[    5.750867]     ok 75 corten_arena_test_mremap_route
[    5.759327]     ok 76 corten_arena_test_fork_faithful
[    5.768768]     ok 77 corten_arena_test_fork_unwind
[    5.778176]     ok 78 corten_arena_test_fork_multipiece
[    5.786224]     ok 79 corten_arena_test_fork_perm
[    5.793010]     ok 80 corten_arena_test_inv7_shared_ro
[    5.800147]     ok 81 corten_arena_test_inv7_swapped
[    5.807027] get_swap_device: Bad swap file entry 400000000000077
[    5.815901] BUG: Bad rss-counter state mm:(____ptrval____) type:MM_SWAPENTS val:-1 Comm:kunit_try_catch Pid:463
[    5.820693]     ok 82 corten_arena_test_shrink_registry_count
[    5.824170]     ok 83 corten_arena_test_shrink_aging_two_pass
[    5.831313]     ok 84 corten_arena_test_shrink_rotation
[    5.837232] get_swap_device: Bad swap file entry 400000000000077
[    5.846030] get_swap_device: Bad swap file entry 400000000000077
[    5.853169]     ok 85 corten_arena_test_fork_swapped
[    5.859999]     ok 86 corten_arena_test_fork_f2_gate
[   16.357218] ------------[ cut here ]------------
[   16.362004] corten: arena [800000,1000000) drain timed out: leaked transaction reference, leaking the descriptor
[   16.369679] WARNING: CPU: 3 PID: 474 at mm/corten_arena.c:725 corten_arena_drain+0x6f/0x80
[   16.373102] Modules linked in:
[   16.375763] CPU: 3 UID: 0 PID: 474 Comm: kunit_try_catch Tainted: G        W        N  6.18.32-g3cd07f2351f4-dirty #136 PREEMPT(voluntary) 
[   16.384631] Tainted: [W]=WARN, [N]=TEST
[   16.385730] Hardware name: QEMU Standard PC (i440FX + PIIX, 1996), BIOS 1.15.0-1 04/01/2014
[   16.392735] RIP: 0010:corten_arena_drain+0x6f/0x80
[   16.397783] Code: c4 08 31 c0 5b c3 cc cc cc cc 88 44 24 07 c6 05 88 72 d3 01 01 90 48 8b 53 08 48 8b 33 48 c7 c7 98 fe 29 b3 e8 a2 cc cf ff 90 <0f> 0b 90 90 0f b6 44 24 07 eb b4 66 0f 1f 44 00 00 90 90 90 90 90
[   16.416143] RSP: 0000:ffff924c80c6fd40 EFLAGS: 00010282
[   16.421762] RAX: 0000000000000000 RBX: ffff8fbbc1893e00 RCX: 00000000ffffdfff
[   16.429145] RDX: 0000000000000000 RSI: 00000000ffffffea RDI: 0000000000000001
[   16.436677] RBP: ffff8fbbc383d200 R08: ffffffffb373e6c8 R09: 00000000ffffdfff
[   16.442376] R10: ffffffffb365e6e0 R11: ffffffffb370e6e0 R12: ffff8fbbc383d218
[   16.451805] R13: ffff8fbbc32fe180 R14: ffff8fbbc383d278 R15: ffff8fbbc1893e00
[   16.459825] FS:  0000000000000000(0000) GS:ffff8fbc89ae2000(0000) knlGS:0000000000000000
[   16.466415] CS:  0010 DS: 0000 ES: 0000 CR0: 0000000080050033
[   16.468342] CR2: 0000000000000000 CR3: 000000007be30000 CR4: 00000000000006f0
[   16.473048] Call Trace:
[   16.476064]  <TASK>
[   16.477981]  corten_arena_fork_begin+0x131/0x220
[   16.482610]  corten_arena_test_fork_begin+0x59/0x140
[   16.487128]  corten_arena_test_fork_drain_leak+0x18a/0x800
[   16.491126]  ? psi_task_switch+0x107/0x290
[   16.494346]  ? __switch_to_asm+0x39/0x70
[   16.497546]  ? finish_task_switch.isra.0+0x76/0x250
[   16.500047]  ? __pfx_kunit_generic_run_threadfn_adapter+0x10/0x10
[   16.502054]  kunit_try_run_case+0x6f/0x150
[   16.503088]  ? __pfx_kunit_generic_run_threadfn_adapter+0x10/0x10
[   16.505378]  kunit_generic_run_threadfn_adapter+0x1c/0x40
[   16.508143]  kthread+0xff/0x1f0
[   16.509836]  ? __pfx_kthread+0x10/0x10
[   16.511646]  ? __pfx_kthread+0x10/0x10
[   16.514248]  ret_from_fork+0x144/0x160
[   16.517250]  ? __pfx_kthread+0x10/0x10
[   16.520374]  ret_from_fork_asm+0x1a/0x30
[   16.522619]  </TASK>
[   16.523255] ---[ end trace 0000000000000000 ]---
[   16.534174]     # corten_arena_test_fork_drain_leak: Test should be marked slow (runtime: 10.670351806s)
[   16.537577]     ok 87 corten_arena_test_fork_drain_leak
[   16.564336]     ok 88 corten_arena_test_unshare_pin
[   16.575376]     ok 89 corten_arena_test_fork_reuse_exclusive
[   16.588369]     ok 90 corten_arena_test_gup_state1_uncommitted
[   16.597965]     ok 91 corten_arena_test_gup_state2_committed_rw
[   16.617101]     ok 92 corten_arena_test_gup_state3_fork_cow
[   16.630167]     ok 93 corten_arena_test_gup_state3b_downgrade_restore
[   16.641398]     ok 94 corten_arena_test_gup_state4_pin_zap
[   16.653705] BUG: Bad rss-counter state mm:(____ptrval____) type:MM_SWAPENTS val:-1 Comm:corten_arena_w0 Pid:496
[   16.680787]     ok 95 corten_arena_test_concurrent
[   16.691273]     ok 96 corten_arena_test_concurrent_window
[   16.696250]     ok 97 corten_arena_test_obs_ledger
[   16.705181]     ok 98 corten_arena_test_drain_timeout_stat
[   16.714701]     ok 99 corten_arena_test_novma_rmap
[   16.716806]     ok 100 corten_arena_test_brk_delegation
[   16.719300] ------------[ cut here ]------------
[   16.732715] corten: whitelist violated: 1 window vma(s) unclassified as shadow/implant
[   16.740318] WARNING: CPU: 2 PID: 513 at mm/corten_arena.c:11440 corten_whitelist_scan+0x2b0/0x2c0
[   16.748258] Modules linked in:
[   16.751765] CPU: 2 UID: 0 PID: 513 Comm: kunit_try_catch Tainted: G        W        N  6.18.32-g3cd07f2351f4-dirty #136 PREEMPT(voluntary) 
[   16.762729] Tainted: [W]=WARN, [N]=TEST
[   16.767060] Hardware name: QEMU Standard PC (i440FX + PIIX, 1996), BIOS 1.15.0-1 04/01/2014
[   16.777005] RIP: 0010:corten_whitelist_scan+0x2b0/0x2c0
[   16.781715] Code: 83 44 24 0c 01 f0 48 ff 05 b5 b1 7a 02 e9 06 fe ff ff c6 05 ab 76 d3 01 01 90 48 c7 c7 48 fe 29 b3 44 89 fe e8 d1 d0 cf ff 90 <0f> 0b 90 90 eb 87 e8 25 41 f6 00 0f 1f 44 00 00 90 90 90 90 90 90
[   16.797311] RSP: 0000:ffff924c80d47cd8 EFLAGS: 00010286
[   16.802393] RAX: 0000000000000000 RBX: 0000000000000000 RCX: 00000000ffffdfff
[   16.806725] RDX: 0000000000000000 RSI: 00000000ffffffea RDI: 0000000000000001
[   16.812535] RBP: ffff8fbbc33df500 R08: ffffffffb373e6c8 R09: 00000000ffffdfff
[   16.819350] R10: ffffffffb365e6e0 R11: ffffffffb370e6e0 R12: 0000000000000001
[   16.825802] R13: ffff8fbbc2a0ac00 R14: 0000100000000000 R15: 0000000000000001
[   16.838123] FS:  0000000000000000(0000) GS:ffff8fbc89a62000(0000) knlGS:0000000000000000
[   16.844189] CS:  0010 DS: 0000 ES: 0000 CR0: 0000000080050033
[   16.848990] CR2: 0000000000000000 CR3: 000000007be30000 CR4: 00000000000006f0
[   16.853567] Call Trace:
[   16.856130]  <TASK>
[   16.857737]  corten_audit_whitelist_walk+0x57/0x70
[   16.862959]  corten_arena_test_whitelist_audit+0x523/0xf10
[   16.868116]  ? __pfx_kunit_generic_run_threadfn_adapter+0x10/0x10
[   16.873752]  kunit_try_run_case+0x6f/0x150
[   16.877859]  ? __pfx_kunit_generic_run_threadfn_adapter+0x10/0x10
[   16.883660]  kunit_generic_run_threadfn_adapter+0x1c/0x40
[   16.888132]  kthread+0xff/0x1f0
[   16.890777]  ? __pfx_kthread+0x10/0x10
[   16.894267]  ? __pfx_kthread+0x10/0x10
[   16.896251]  ret_from_fork+0x144/0x160
[   16.899950]  ? __pfx_kthread+0x10/0x10
[   16.903564]  ret_from_fork_asm+0x1a/0x30
[   16.907250]  </TASK>
[   16.909209] ---[ end trace 0000000000000000 ]---
[   16.915660]     ok 101 corten_arena_test_whitelist_audit
[   16.915668] # corten_arena: pass:101 fail:0 skip:0 total:101
[   16.919499] # Totals: pass:101 fail:0 skip:0 total:101
[   16.924590] ok 2 corten_arena
[   16.930733]     KTAP version 1
[   16.933497]     # Subtest: corten_fault
[   16.937433]     # module: corten_fault_test
[   16.937436]     1..33
[   16.946041]     ok 1 corten_fault_test_dispatch
[   16.949843]     ok 2 corten_fault_test_fig8_cow
[   16.957235]     ok 3 corten_fault_test_unmap_classify
[   16.965254]     ok 4 corten_fault_test_mmap_classify
[   16.970930]     ok 5 corten_fault_test_file_may_matrix
[   16.976808]     ok 6 corten_fault_test_punch_classify
[   16.982098]     ok 7 corten_fault_test_map_anon
[   16.992389]     ok 8 corten_fault_test_zero_page
[   16.996129]     ok 9 corten_fault_test_sigsegv
[   17.003670]     ok 10 corten_fault_test_fresh_fault
[   17.059986]     ok 11 corten_fault_test_churn_repro
[   17.066648]     ok 12 corten_fault_test_untracked_drift
[   17.077302]     ok 13 corten_fault_test_restore
[   17.085223]     ok 14 corten_fault_test_cow_reuse
[   17.091649]     ok 15 corten_fault_test_cow_copy
[   17.096743] ------------[ cut here ]------------
[   17.104170] WARNING: CPU: 1 PID: 546 at ./include/linux/rwsem.h:88 corten_fault_test_foll_force+0x808/0xc50
[   17.110424] Modules linked in:
[   17.113396] CPU: 1 UID: 0 PID: 546 Comm: kunit_try_catch Tainted: G        W        N  6.18.32-g3cd07f2351f4-dirty #136 PREEMPT(voluntary) 
[   17.118841] Tainted: [W]=WARN, [N]=TEST
[   17.120971] Hardware name: QEMU Standard PC (i440FX + PIIX, 1996), BIOS 1.15.0-1 04/01/2014
[   17.126802] RIP: 0010:corten_fault_test_foll_force+0x808/0xc50
[   17.131159] Code: 0f 00 00 0f 85 18 fe ff ff 49 8b 04 24 a8 40 0f 84 0c fe ff ff 49 8b 44 24 48 48 8d 50 ff a8 01 49 0f 44 d4 e9 f8 fd ff ff 90 <0f> 0b 90 e9 64 f8 ff ff 48 98 45 31 c9 49 c7 c0 30 3f f7 b1 48 89
[   17.147398] RSP: 0000:ffff924c80e2fd80 EFLAGS: 00010246
[   17.151648] RAX: ffff8fbbc33a9380 RBX: ffff8fbbc18c3220 RCX: 0000000000000000
[   17.157670] RDX: 0000000000000000 RSI: 0000000000000009 RDI: ffff8fbbc31cb0c0
[   17.162708] RBP: ffff924c80013a88 R08: 0000000000001000 R09: 0000000000000000
[   17.168109] R10: ffff924c80e2fc98 R11: 0000000000000000 R12: ffff8fbbc1873f00
[   17.172248] R13: ffff8fbbc191e438 R14: ffffffffb1f74310 R15: ffff924c80013ac8
[   17.178754] FS:  0000000000000000(0000) GS:ffff8fbc899e2000(0000) knlGS:0000000000000000
[   17.187402] CS:  0010 DS: 0000 ES: 0000 CR0: 0000000080050033
[   17.193259] CR2: 0000000000000000 CR3: 000000007be30000 CR4: 00000000000006f0
[   17.197204] Call Trace:
[   17.199823]  <TASK>
[   17.202452]  ? psi_group_change+0x116/0x300
[   17.203792]  ? psi_task_switch+0x107/0x290
[   17.207636]  ? __switch_to_asm+0x39/0x70
[   17.210097]  ? finish_task_switch.isra.0+0x76/0x250
[   17.212105]  kunit_try_run_case+0x6f/0x150
[   17.215310]  ? __pfx_kunit_generic_run_threadfn_adapter+0x10/0x10
[   17.220027]  kunit_generic_run_threadfn_adapter+0x1c/0x40
[   17.225720]  kthread+0xff/0x1f0
[   17.228464]  ? __pfx_kthread+0x10/0x10
[   17.232518]  ? __pfx_kthread+0x10/0x10
[   17.236174]  ret_from_fork+0x144/0x160
[   17.240120]  ? __pfx_kthread+0x10/0x10
[   17.243058]  ret_from_fork_asm+0x1a/0x30
[   17.244587]  </TASK>
[   17.245672] ---[ end trace 0000000000000000 ]---
[   17.250105] ------------[ cut here ]------------
[   17.252515] WARNING: CPU: 1 PID: 546 at ./include/linux/rwsem.h:88 corten_fault_test_foll_force+0xb62/0xc50
[   17.258734] Modules linked in:
[   17.260022] CPU: 1 UID: 0 PID: 546 Comm: kunit_try_catch Tainted: G        W        N  6.18.32-g3cd07f2351f4-dirty #136 PREEMPT(voluntary) 
[   17.269631] Tainted: [W]=WARN, [N]=TEST
[   17.271827] Hardware name: QEMU Standard PC (i440FX + PIIX, 1996), BIOS 1.15.0-1 04/01/2014
[   17.279704] RIP: 0010:corten_fault_test_foll_force+0xb62/0xc50
[   17.284033] Code: c7 c6 b0 57 c5 b2 48 89 ef 48 89 44 24 08 48 c7 04 24 c0 57 c5 b2 48 c7 44 24 10 40 00 00 00 e8 f4 d1 36 00 e9 44 fb ff ff 90 <0f> 0b 90 e9 ed fa ff ff 48 98 45 31 c9 49 c7 c0 30 3f f7 b1 48 89
[   17.298645] RSP: 0000:ffff924c80e2fd80 EFLAGS: 00010246
[   17.301958] RAX: ffff8fbbc33a9380 RBX: ffff8fbbc18c3220 RCX: ffff8fbc3dcb0340
[   17.304397] RDX: 0000000000000000 RSI: 0000000000000001 RDI: ffff8fbbc31cb0c0
[   17.310639] RBP: ffff924c80013a88 R08: 0000000000000000 R09: 00000000000001dc
[   17.315093] R10: ffff8fbc3dcafac0 R11: 0000000000000000 R12: ffff8fbbc1873f00
[   17.321444] R13: 0000000000000000 R14: ffffffffb1f74310 R15: ffff924c80013ac8
[   17.323332] FS:  0000000000000000(0000) GS:ffff8fbc899e2000(0000) knlGS:0000000000000000
[   17.325499] CS:  0010 DS: 0000 ES: 0000 CR0: 0000000080050033
[   17.327132] CR2: 0000000000000000 CR3: 000000007be30000 CR4: 00000000000006f0
[   17.332927] Call Trace:
[   17.333939]  <TASK>
[   17.335454]  ? finish_task_switch.isra.0+0x76/0x250
[   17.340023]  kunit_try_run_case+0x6f/0x150
[   17.342916]  ? __pfx_kunit_generic_run_threadfn_adapter+0x10/0x10
[   17.348969]  kunit_generic_run_threadfn_adapter+0x1c/0x40
[   17.354143]  kthread+0xff/0x1f0
[   17.357020]  ? __pfx_kthread+0x10/0x10
[   17.360650]  ? __pfx_kthread+0x10/0x10
[   17.364408]  ret_from_fork+0x144/0x160
[   17.367897]  ? __pfx_kthread+0x10/0x10
[   17.371299]  ret_from_fork_asm+0x1a/0x30
[   17.375088]  </TASK>
[   17.377193] ---[ end trace 0000000000000000 ]---
[   17.385169]     ok 16 corten_fault_test_foll_force
[   17.392330]     ok 17 corten_fault_test_cow_race
[   17.400821]     ok 18 corten_fault_test_mprotect_pte
[   17.408040]     ok 19 corten_fault_test_mprotect_fresh
[   17.413608]     ok 20 corten_fault_test_zap_keep_perm
[   17.421082]     ok 21 corten_fault_test_zap_keep_perm_downgrade
[   17.430339]     ok 22 corten_fault_test_untracked_rearm
[   17.442212]     ok 23 corten_fault_test_fill_upper_race
[   17.448437]     ok 24 corten_fault_test_map_race
[   17.456460]     ok 25 corten_fault_test_chunk_unmap
[   17.459243]     ok 26 corten_fault_test_punch_hole
[   17.468813]     ok 27 corten_fault_test_punch_head
[   17.474977]     ok 28 corten_fault_test_rmap_guard
[   17.478974]     ok 29 corten_fault_test_reap_skip
[   17.484239]     ok 30 corten_fault_test_swap_encode
[   17.488230]     ok 31 corten_fault_test_swap_roundtrip # SKIP swap round-trip requires a swap area
[   17.490391]     ok 32 corten_fault_test_swap_zap_free # SKIP swap zap test requires a swap area
[   17.493997]     ok 33 corten_fault_test_swap_mprotect_pending
[   17.499588] # corten_fault: pass:31 fail:0 skip:2 total:33
[   17.503637] # Totals: pass:31 fail:0 skip:2 total:33
[   17.507327] ok 3 corten_fault
[   17.512600] check access for rdinit=/init failed: -2, ignoring
[   17.513828] md: Waiting for all devices to be available before autodetect
[   17.514882] md: If you don't use raid, use raid=noautodetect
[   17.515834] md: Autodetecting RAID arrays.
[   17.516600] md: autorun ...
[   17.517163] md: ... autorun DONE.
[   17.521759] /dev/root: Can't open blockdev
[   17.523853] VFS: Cannot open root device "" or unknown-block(0,0): error -6
[   17.527662] Please append a correct "root=" boot option; here are the available partitions:
[   17.532156] 0b00         1048575 sr0 
[   17.532163]  driver: sr
[   17.535244] List of all bdev filesystems:
[   17.536377]  ext3
[   17.536383]  ext2
[   17.537392]  ext4
[   17.538401]  vfat
[   17.539215]  msdos
[   17.540351]  iso9660
[   17.541753]  f2fs
[   17.543151]  erofs
[   17.544449] 
[   17.546880] Kernel panic - not syncing: VFS: Unable to mount root fs on unknown-block(0,0)
[   17.550705] CPU: 3 UID: 0 PID: 1 Comm: swapper/0 Tainted: G        W        N  6.18.32-g3cd07f2351f4-dirty #136 PREEMPT(voluntary) 
[   17.555776] Tainted: [W]=WARN, [N]=TEST
[   17.557940] Hardware name: QEMU Standard PC (i440FX + PIIX, 1996), BIOS 1.15.0-1 04/01/2014
[   17.561592] Call Trace:
[   17.562557]  <TASK>
[   17.563948]  vpanic+0x34f/0x360
[   17.566237]  panic+0x56/0x60
[   17.567572]  mount_root_generic+0x1ff/0x320
[   17.570706]  prepare_namespace+0x63/0x270
[   17.572936]  kernel_init_freeable+0x29f/0x2f0
[   17.575338]  ? __pfx_kernel_init+0x10/0x10
[   17.578039]  kernel_init+0x15/0x1c0
[   17.580348]  ret_from_fork+0x144/0x160
[   17.582551]  ? __pfx_kernel_init+0x10/0x10
[   17.585083]  ret_from_fork_asm+0x1a/0x30
[   17.587644]  </TASK>
[   17.593177] Kernel Offset: 0x30600000 from 0xffffffff81000000 (relocation range: 0xffffffff80000000-0xffffffffbfffffff)
