12522 execve("/mnt/cortenmm/bench/mmbench/mmbench", ["/mnt/cortenmm/bench/mmbench/mmbench", "mmap-pf", "high", "4", "1", "20262048"], 0x7ffc35b9ea78 /* 29 vars */) = 0
12522 arch_prctl(0x3001 /* ARCH_??? */, 0x7ffdbc5eca10) = -1 EINVAL (Invalid argument)
12522 brk(NULL)                         = 0x356c7000
12522 brk(0x356c7dc0)                   = 0x356c7dc0
12522 arch_prctl(ARCH_SET_FS, 0x356c73c0) = 0
12522 set_tid_address(0x356c7690)       = 12522
12522 set_robust_list(0x356c76a0, 24)   = 0
12522 rseq(0x356c7d60, 0x20, 0, 0x53053053) = 0
12522 uname({sysname="Linux", nodename="syzkaller", ...}) = 0
12522 prlimit64(0, RLIMIT_STACK, NULL, {rlim_cur=8192*1024, rlim_max=RLIM64_INFINITY}) = 0
12522 readlink("/proc/self/exe", "/mnt/cortenmm/bench/mmbench/mmbench", 4096) = 35
12522 getrandom("\xf3\x3c\x97\xd5\x7c\xf2\x2e\x8f", 8, GRND_NONBLOCK) = 8
12522 brk(0x356e8dc0)                   = 0x356e8dc0
12522 brk(0x356e9000)                   = 0x356e9000
12522 mprotect(0x4f6000, 16384, PROT_READ) = 0
12522 prlimit64(0, RLIMIT_AS, NULL, {rlim_cur=RLIM64_INFINITY, rlim_max=RLIM64_INFINITY}) = 0
12522 rt_sigaction(SIGRT_1, {sa_handler=0x497070, sa_mask=[], sa_flags=SA_RESTORER|SA_ONSTACK|SA_RESTART|SA_SIGINFO, sa_restorer=0x47db20}, NULL, 8) = 0
12522 rt_sigprocmask(SIG_UNBLOCK, [RTMIN RT_1], NULL, 8) = 0
12522 mmap(NULL, 8392704, PROT_NONE, MAP_PRIVATE|MAP_ANONYMOUS|MAP_STACK, -1, 0) = 0x7fd4d2bc5000
12522 mprotect(0x7fd4d2bc6000, 8388608, PROT_READ|PROT_WRITE) = 0
12522 rt_sigprocmask(SIG_BLOCK, ~[], [], 8) = 0
12522 clone3({flags=CLONE_VM|CLONE_FS|CLONE_FILES|CLONE_SIGHAND|CLONE_THREAD|CLONE_SYSVSEM|CLONE_SETTLS|CLONE_PARENT_SETTID|CLONE_CHILD_CLEARTID, child_tid=0x7fd4d33c5910, parent_tid=0x7fd4d33c5910, exit_signal=0, stack=0x7fd4d2bc5000, stack_size=0x800280, tls=0x7fd4d33c5640} => {parent_tid=[12525]}, 88) = 12525
12522 rt_sigprocmask(SIG_SETMASK, [],  <unfinished ...>
12525 rseq(0x7fd4d33c5fe0, 0x20, 0, 0x53053053 <unfinished ...>
12522 <... rt_sigprocmask resumed>NULL, 8) = 0
12525 <... rseq resumed>)               = 0
12522 mmap(NULL, 8392704, PROT_NONE, MAP_PRIVATE|MAP_ANONYMOUS|MAP_STACK, -1, 0 <unfinished ...>
12525 set_robust_list(0x7fd4d33c5920, 24 <unfinished ...>
12522 <... mmap resumed>)               = 0x7fd4d23c4000
12525 <... set_robust_list resumed>)    = 0
12522 mprotect(0x7fd4d23c5000, 8388608, PROT_READ|PROT_WRITE <unfinished ...>
12525 rt_sigprocmask(SIG_SETMASK, [],  <unfinished ...>
12522 <... mprotect resumed>)           = 0
12525 <... rt_sigprocmask resumed>NULL, 8) = 0
12522 rt_sigprocmask(SIG_BLOCK, ~[],  <unfinished ...>
12525 futex(0x7ffdbc5ec1b4, FUTEX_WAIT_PRIVATE, 0, NULL <unfinished ...>
12522 <... rt_sigprocmask resumed>[], 8) = 0
12522 clone3({flags=CLONE_VM|CLONE_FS|CLONE_FILES|CLONE_SIGHAND|CLONE_THREAD|CLONE_SYSVSEM|CLONE_SETTLS|CLONE_PARENT_SETTID|CLONE_CHILD_CLEARTID, child_tid=0x7fd4d2bc4910, parent_tid=0x7fd4d2bc4910, exit_signal=0, stack=0x7fd4d23c4000, stack_size=0x800280, tls=0x7fd4d2bc4640} => {parent_tid=[12526]}, 88) = 12526
12526 rseq(0x7fd4d2bc4fe0, 0x20, 0, 0x53053053 <unfinished ...>
12522 rt_sigprocmask(SIG_SETMASK, [],  <unfinished ...>
12526 <... rseq resumed>)               = 0
12522 <... rt_sigprocmask resumed>NULL, 8) = 0
12526 set_robust_list(0x7fd4d2bc4920, 24 <unfinished ...>
12522 mmap(NULL, 8392704, PROT_NONE, MAP_PRIVATE|MAP_ANONYMOUS|MAP_STACK, -1, 0 <unfinished ...>
12526 <... set_robust_list resumed>)    = 0
12522 <... mmap resumed>)               = 0x7fd4d1bc3000
12526 rt_sigprocmask(SIG_SETMASK, [],  <unfinished ...>
12522 mprotect(0x7fd4d1bc4000, 8388608, PROT_READ|PROT_WRITE <unfinished ...>
12526 <... rt_sigprocmask resumed>NULL, 8) = 0
12522 <... mprotect resumed>)           = 0
12526 futex(0x7ffdbc5ec1b4, FUTEX_WAIT_PRIVATE, 0, NULL <unfinished ...>
12522 rt_sigprocmask(SIG_BLOCK, ~[], [], 8) = 0
12522 clone3({flags=CLONE_VM|CLONE_FS|CLONE_FILES|CLONE_SIGHAND|CLONE_THREAD|CLONE_SYSVSEM|CLONE_SETTLS|CLONE_PARENT_SETTID|CLONE_CHILD_CLEARTID, child_tid=0x7fd4d23c3910, parent_tid=0x7fd4d23c3910, exit_signal=0, stack=0x7fd4d1bc3000, stack_size=0x800280, tls=0x7fd4d23c3640} => {parent_tid=[12527]}, 88) = 12527
12522 rt_sigprocmask(SIG_SETMASK, [],  <unfinished ...>
12527 rseq(0x7fd4d23c3fe0, 0x20, 0, 0x53053053 <unfinished ...>
12522 <... rt_sigprocmask resumed>NULL, 8) = 0
12527 <... rseq resumed>)               = 0
12522 mmap(NULL, 8392704, PROT_NONE, MAP_PRIVATE|MAP_ANONYMOUS|MAP_STACK, -1, 0 <unfinished ...>
12527 set_robust_list(0x7fd4d23c3920, 24 <unfinished ...>
12522 <... mmap resumed>)               = 0x7fd4d13c2000
12522 mprotect(0x7fd4d13c3000, 8388608, PROT_READ|PROT_WRITE <unfinished ...>
12527 <... set_robust_list resumed>)    = 0
12522 <... mprotect resumed>)           = 0
12527 rt_sigprocmask(SIG_SETMASK, [],  <unfinished ...>
12522 rt_sigprocmask(SIG_BLOCK, ~[],  <unfinished ...>
12527 <... rt_sigprocmask resumed>NULL, 8) = 0
12522 <... rt_sigprocmask resumed>[], 8) = 0
12527 futex(0x7ffdbc5ec1b4, FUTEX_WAIT_PRIVATE, 0, NULL <unfinished ...>
12522 clone3({flags=CLONE_VM|CLONE_FS|CLONE_FILES|CLONE_SIGHAND|CLONE_THREAD|CLONE_SYSVSEM|CLONE_SETTLS|CLONE_PARENT_SETTID|CLONE_CHILD_CLEARTID, child_tid=0x7fd4d1bc2910, parent_tid=0x7fd4d1bc2910, exit_signal=0, stack=0x7fd4d13c2000, stack_size=0x800280, tls=0x7fd4d1bc2640} => {parent_tid=[12528]}, 88) = 12528
12528 rseq(0x7fd4d1bc2fe0, 0x20, 0, 0x53053053 <unfinished ...>
12522 rt_sigprocmask(SIG_SETMASK, [],  <unfinished ...>
12528 <... rseq resumed>)               = 0
12522 <... rt_sigprocmask resumed>NULL, 8) = 0
12528 set_robust_list(0x7fd4d1bc2920, 24 <unfinished ...>
12522 futex(0x7ffdbc5ec1b4, FUTEX_WAIT_PRIVATE, 0, NULL <unfinished ...>
12528 <... set_robust_list resumed>)    = 0
12528 rt_sigprocmask(SIG_SETMASK, [], NULL, 8) = 0
12528 futex(0x7ffdbc5ec1b4, FUTEX_WAKE_PRIVATE, 2147483647 <unfinished ...>
12522 <... futex resumed>)              = 0
12528 <... futex resumed>)              = 4
12527 <... futex resumed>)              = 0
12526 <... futex resumed>)              = 0
12525 <... futex resumed>)              = 0
12522 futex(0x7ffdbc5ec1d4, FUTEX_WAIT_PRIVATE, 0, NULL <unfinished ...>
12528 mmap(NULL, 16384, PROT_READ|PROT_WRITE, MAP_PRIVATE|MAP_ANONYMOUS|MAP_NORESERVE, -1, 0 <unfinished ...>
12527 mmap(NULL, 16384, PROT_READ|PROT_WRITE, MAP_PRIVATE|MAP_ANONYMOUS|MAP_NORESERVE, -1, 0 <unfinished ...>
12526 mmap(NULL, 16384, PROT_READ|PROT_WRITE, MAP_PRIVATE|MAP_ANONYMOUS|MAP_NORESERVE, -1, 0 <unfinished ...>
12528 <... mmap resumed>)               = 0x7fd4d13be000
12527 <... mmap resumed>)               = 0x7fd4d13ba000
12525 mmap(NULL, 16384, PROT_READ|PROT_WRITE, MAP_PRIVATE|MAP_ANONYMOUS|MAP_NORESERVE, -1, 0 <unfinished ...>
12528 munmap(0x7fd4d13be000, 16384 <unfinished ...>
12527 munmap(0x7fd4d13ba000, 16384 <unfinished ...>
12526 <... mmap resumed>)               = 0x7fd4d13b6000
12528 <... munmap resumed>)             = 0
12527 <... munmap resumed>)             = 0
12525 <... mmap resumed>)               = 0x7fd4d13b2000
12528 mmap(NULL, 16384, PROT_READ|PROT_WRITE, MAP_PRIVATE|MAP_ANONYMOUS|MAP_NORESERVE, -1, 0 <unfinished ...>
12527 mmap(NULL, 16384, PROT_READ|PROT_WRITE, MAP_PRIVATE|MAP_ANONYMOUS|MAP_NORESERVE, -1, 0 <unfinished ...>
12526 munmap(0x7fd4d13b6000, 16384 <unfinished ...>
12528 <... mmap resumed>)               = 0x7fd4d13be000
12527 <... mmap resumed>)               = 0x7fd4d13ba000
12525 munmap(0x7fd4d13b2000, 16384 <unfinished ...>
12528 munmap(0x7fd4d13be000, 16384 <unfinished ...>
12527 munmap(0x7fd4d13ba000, 16384 <unfinished ...>
12526 <... munmap resumed>)             = 0
12528 <... munmap resumed>)             = 0
12527 <... munmap resumed>)             = 0
12525 <... munmap resumed>)             = 0
12528 mmap(NULL, 16384, PROT_READ|PROT_WRITE, MAP_PRIVATE|MAP_ANONYMOUS|MAP_NORESERVE, -1, 0 <unfinished ...>
12527 mmap(NULL, 16384, PROT_READ|PROT_WRITE, MAP_PRIVATE|MAP_ANONYMOUS|MAP_NORESERVE, -1, 0 <unfinished ...>
12526 mmap(NULL, 16384, PROT_READ|PROT_WRITE, MAP_PRIVATE|MAP_ANONYMOUS|MAP_NORESERVE, -1, 0 <unfinished ...>
12528 <... mmap resumed>)               = 0x7fd4d13be000
12527 <... mmap resumed>)               = 0x7fd4d13ba000
12526 <... mmap resumed>)               = 0x7fd4d13b6000
12525 mmap(NULL, 16384, PROT_READ|PROT_WRITE, MAP_PRIVATE|MAP_ANONYMOUS|MAP_NORESERVE, -1, 0 <unfinished ...>
12528 munmap(0x7fd4d13be000, 16384 <unfinished ...>
12527 munmap(0x7fd4d13ba000, 16384 <unfinished ...>
12526 munmap(0x7fd4d13b6000, 16384 <unfinished ...>
12528 <... munmap resumed>)             = 0
12527 <... munmap resumed>)             = 0
12525 <... mmap resumed>)               = 0x7fd4d13b2000
12528 mmap(NULL, 16384, PROT_READ|PROT_WRITE, MAP_PRIVATE|MAP_ANONYMOUS|MAP_NORESERVE, -1, 0 <unfinished ...>
12527 mmap(NULL, 16384, PROT_READ|PROT_WRITE, MAP_PRIVATE|MAP_ANONYMOUS|MAP_NORESERVE, -1, 0 <unfinished ...>
12526 <... munmap resumed>)             = 0
12528 <... mmap resumed>)               = 0x7fd4d13be000
12527 <... mmap resumed>)               = 0x7fd4d13ba000
12525 munmap(0x7fd4d13b2000, 16384 <unfinished ...>
12528 munmap(0x7fd4d13be000, 16384 <unfinished ...>
12527 munmap(0x7fd4d13ba000, 16384 <unfinished ...>
12526 mmap(NULL, 16384, PROT_READ|PROT_WRITE, MAP_PRIVATE|MAP_ANONYMOUS|MAP_NORESERVE, -1, 0 <unfinished ...>
12528 <... munmap resumed>)             = 0
12527 <... munmap resumed>)             = 0
12525 <... munmap resumed>)             = 0
12528 mmap(NULL, 16384, PROT_READ|PROT_WRITE, MAP_PRIVATE|MAP_ANONYMOUS|MAP_NORESERVE, -1, 0 <unfinished ...>
12527 mmap(NULL, 16384, PROT_READ|PROT_WRITE, MAP_PRIVATE|MAP_ANONYMOUS|MAP_NORESERVE, -1, 0 <unfinished ...>
12526 <... mmap resumed>)               = 0x7fd4d13be000
12528 <... mmap resumed>)               = 0x7fd4d13ba000
12527 <... mmap resumed>)               = 0x7fd4d13b6000
12525 mmap(NULL, 16384, PROT_READ|PROT_WRITE, MAP_PRIVATE|MAP_ANONYMOUS|MAP_NORESERVE, -1, 0 <unfinished ...>
12528 munmap(0x7fd4d13ba000, 16384 <unfinished ...>
12527 munmap(0x7fd4d13b6000, 16384 <unfinished ...>
12526 munmap(0x7fd4d13be000, 16384 <unfinished ...>
12528 <... munmap resumed>)             = 0
12527 <... munmap resumed>)             = 0
12525 <... mmap resumed>)               = 0x7fd4d13b2000
12528 mmap(NULL, 16384, PROT_READ|PROT_WRITE, MAP_PRIVATE|MAP_ANONYMOUS|MAP_NORESERVE, -1, 0 <unfinished ...>
12527 mmap(NULL, 16384, PROT_READ|PROT_WRITE, MAP_PRIVATE|MAP_ANONYMOUS|MAP_NORESERVE, -1, 0 <unfinished ...>
12526 <... munmap resumed>)             = 0
12528 <... mmap resumed>)               = 0x7fd4d13be000
12527 <... mmap resumed>)               = 0x7fd4d13ba000
12525 munmap(0x7fd4d13b2000, 16384 <unfinished ...>
12528 munmap(0x7fd4d13be000, 16384 <unfinished ...>
12527 munmap(0x7fd4d13ba000, 16384 <unfinished ...>
12526 mmap(NULL, 16384, PROT_READ|PROT_WRITE, MAP_PRIVATE|MAP_ANONYMOUS|MAP_NORESERVE, -1, 0 <unfinished ...>
12528 <... munmap resumed>)             = 0
12527 <... munmap resumed>)             = 0
12525 <... munmap resumed>)             = 0
12528 mmap(NULL, 16384, PROT_READ|PROT_WRITE, MAP_PRIVATE|MAP_ANONYMOUS|MAP_NORESERVE, -1, 0 <unfinished ...>
12527 mmap(NULL, 16384, PROT_READ|PROT_WRITE, MAP_PRIVATE|MAP_ANONYMOUS|MAP_NORESERVE, -1, 0 <unfinished ...>
12526 <... mmap resumed>)               = 0x7fd4d13be000
12528 <... mmap resumed>)               = 0x7fd4d13ba000
12527 <... mmap resumed>)               = 0x7fd4d13b6000
12525 mmap(NULL, 16384, PROT_READ|PROT_WRITE, MAP_PRIVATE|MAP_ANONYMOUS|MAP_NORESERVE, -1, 0 <unfinished ...>
12528 munmap(0x7fd4d13ba000, 16384 <unfinished ...>
12527 munmap(0x7fd4d13b6000, 16384 <unfinished ...>
12526 munmap(0x7fd4d13be000, 16384 <unfinished ...>
12528 <... munmap resumed>)             = 0
12527 <... munmap resumed>)             = 0
12525 <... mmap resumed>)               = 0x7fd4d13b2000
12528 mmap(NULL, 16384, PROT_READ|PROT_WRITE, MAP_PRIVATE|MAP_ANONYMOUS|MAP_NORESERVE, -1, 0 <unfinished ...>
12527 mmap(NULL, 16384, PROT_READ|PROT_WRITE, MAP_PRIVATE|MAP_ANONYMOUS|MAP_NORESERVE, -1, 0 <unfinished ...>
12526 <... munmap resumed>)             = 0
12528 <... mmap resumed>)               = 0x7fd4d13be000
12527 <... mmap resumed>)               = 0x7fd4d13ba000
12526 mmap(NULL, 16384, PROT_READ|PROT_WRITE, MAP_PRIVATE|MAP_ANONYMOUS|MAP_NORESERVE, -1, 0 <unfinished ...>
12525 munmap(0x7fd4d13b2000, 16384 <unfinished ...>
12528 munmap(0x7fd4d13be000, 16384 <unfinished ...>
12527 munmap(0x7fd4d13ba000, 16384 <unfinished ...>
12526 <... mmap resumed>)               = 0x7fd4d13b6000
12528 <... munmap resumed>)             = 0
12527 <... munmap resumed>)             = 0
12525 <... munmap resumed>)             = 0
12528 mmap(NULL, 16384, PROT_READ|PROT_WRITE, MAP_PRIVATE|MAP_ANONYMOUS|MAP_NORESERVE, -1, 0 <unfinished ...>
12527 mmap(NULL, 16384, PROT_READ|PROT_WRITE, MAP_PRIVATE|MAP_ANONYMOUS|MAP_NORESERVE, -1, 0 <unfinished ...>
12526 munmap(0x7fd4d13b6000, 16384 <unfinished ...>
12528 <... mmap resumed>)               = 0x7fd4d13be000
12527 <... mmap resumed>)               = 0x7fd4d13ba000
12525 mmap(NULL, 16384, PROT_READ|PROT_WRITE, MAP_PRIVATE|MAP_ANONYMOUS|MAP_NORESERVE, -1, 0 <unfinished ...>
12528 munmap(0x7fd4d13be000, 16384 <unfinished ...>
12527 munmap(0x7fd4d13ba000, 16384 <unfinished ...>
12526 <... munmap resumed>)             = 0
12528 <... munmap resumed>)             = 0
12527 <... munmap resumed>)             = 0
12525 <... mmap resumed>)               = 0x7fd4d13b6000
12528 mmap(NULL, 16384, PROT_READ|PROT_WRITE, MAP_PRIVATE|MAP_ANONYMOUS|MAP_NORESERVE, -1, 0 <unfinished ...>
12527 mmap(NULL, 16384, PROT_READ|PROT_WRITE, MAP_PRIVATE|MAP_ANONYMOUS|MAP_NORESERVE, -1, 0 <unfinished ...>
12526 mmap(NULL, 16384, PROT_READ|PROT_WRITE, MAP_PRIVATE|MAP_ANONYMOUS|MAP_NORESERVE, -1, 0 <unfinished ...>
12528 <... mmap resumed>)               = 0x7fd4d13be000
12527 <... mmap resumed>)               = 0x7fd4d13ba000
12525 munmap(0x7fd4d13b6000, 16384 <unfinished ...>
12528 munmap(0x7fd4d13be000, 16384 <unfinished ...>
12527 munmap(0x7fd4d13ba000, 16384 <unfinished ...>
12526 <... mmap resumed>)               = 0x7fd4d13b2000
12528 <... munmap resumed>)             = 0
12527 <... munmap resumed>)             = 0
12525 <... munmap resumed>)             = 0
12528 mmap(NULL, 16384, PROT_READ|PROT_WRITE, MAP_PRIVATE|MAP_ANONYMOUS|MAP_NORESERVE, -1, 0 <unfinished ...>
12527 mmap(NULL, 16384, PROT_READ|PROT_WRITE, MAP_PRIVATE|MAP_ANONYMOUS|MAP_NORESERVE, -1, 0 <unfinished ...>
12526 munmap(0x7fd4d13b2000, 16384 <unfinished ...>
12528 <... mmap resumed>)               = 0x7fd4d13be000
12527 <... mmap resumed>)               = 0x7fd4d13ba000
12525 mmap(NULL, 16384, PROT_READ|PROT_WRITE, MAP_PRIVATE|MAP_ANONYMOUS|MAP_NORESERVE, -1, 0 <unfinished ...>
12528 munmap(0x7fd4d13be000, 16384 <unfinished ...>
12527 munmap(0x7fd4d13ba000, 16384 <unfinished ...>
12526 <... munmap resumed>)             = 0
12528 <... munmap resumed>)             = 0
12527 <... munmap resumed>)             = 0
12526 mmap(NULL, 16384, PROT_READ|PROT_WRITE, MAP_PRIVATE|MAP_ANONYMOUS|MAP_NORESERVE, -1, 0 <unfinished ...>
12525 <... mmap resumed>)               = 0x7fd4d13b6000
12528 mmap(NULL, 16384, PROT_READ|PROT_WRITE, MAP_PRIVATE|MAP_ANONYMOUS|MAP_NORESERVE, -1, 0 <unfinished ...>
12527 mmap(NULL, 16384, PROT_READ|PROT_WRITE, MAP_PRIVATE|MAP_ANONYMOUS|MAP_NORESERVE, -1, 0 <unfinished ...>
12526 <... mmap resumed>)               = 0x7fd4d13be000
12528 <... mmap resumed>)               = 0x7fd4d13ba000
12527 <... mmap resumed>)               = 0x7fd4d13b2000
12525 munmap(0x7fd4d13b6000, 16384 <unfinished ...>
12528 munmap(0x7fd4d13ba000, 16384 <unfinished ...>
12527 munmap(0x7fd4d13b2000, 16384 <unfinished ...>
12526 munmap(0x7fd4d13be000, 16384 <unfinished ...>
12528 <... munmap resumed>)             = 0
12527 <... munmap resumed>)             = 0
12525 <... munmap resumed>)             = 0
12528 mmap(NULL, 16384, PROT_READ|PROT_WRITE, MAP_PRIVATE|MAP_ANONYMOUS|MAP_NORESERVE, -1, 0 <unfinished ...>
12527 mmap(NULL, 16384, PROT_READ|PROT_WRITE, MAP_PRIVATE|MAP_ANONYMOUS|MAP_NORESERVE, -1, 0 <unfinished ...>
12526 <... munmap resumed>)             = 0
12528 <... mmap resumed>)               = 0x7fd4d13be000
12527 <... mmap resumed>)               = 0x7fd4d13ba000
12525 mmap(NULL, 16384, PROT_READ|PROT_WRITE, MAP_PRIVATE|MAP_ANONYMOUS|MAP_NORESERVE, -1, 0 <unfinished ...>
12528 munmap(0x7fd4d13be000, 16384 <unfinished ...>
12527 munmap(0x7fd4d13ba000, 16384 <unfinished ...>
12526 mmap(NULL, 16384, PROT_READ|PROT_WRITE, MAP_PRIVATE|MAP_ANONYMOUS|MAP_NORESERVE, -1, 0 <unfinished ...>
12528 <... munmap resumed>)             = 0
12527 <... munmap resumed>)             = 0
12525 <... mmap resumed>)               = 0x7fd4d13b6000
12528 mmap(NULL, 16384, PROT_READ|PROT_WRITE, MAP_PRIVATE|MAP_ANONYMOUS|MAP_NORESERVE, -1, 0 <unfinished ...>
12527 mmap(NULL, 16384, PROT_READ|PROT_WRITE, MAP_PRIVATE|MAP_ANONYMOUS|MAP_NORESERVE, -1, 0 <unfinished ...>
12526 <... mmap resumed>)               = 0x7fd4d13be000
12528 <... mmap resumed>)               = 0x7fd4d13ba000
12527 <... mmap resumed>)               = 0x7fd4d13b2000
12525 munmap(0x7fd4d13b6000, 16384 <unfinished ...>
12528 munmap(0x7fd4d13ba000, 16384 <unfinished ...>
12527 munmap(0x7fd4d13b2000, 16384 <unfinished ...>
12526 munmap(0x7fd4d13be000, 16384 <unfinished ...>
12525 <... munmap resumed>)             = 0
12528 <... munmap resumed>)             = 0
12527 <... munmap resumed>)             = 0
12526 <... munmap resumed>)             = 0
12528 mmap(NULL, 16384, PROT_READ|PROT_WRITE, MAP_PRIVATE|MAP_ANONYMOUS|MAP_NORESERVE, -1, 0 <unfinished ...>
12527 mmap(NULL, 16384, PROT_READ|PROT_WRITE, MAP_PRIVATE|MAP_ANONYMOUS|MAP_NORESERVE, -1, 0 <unfinished ...>
12525 mmap(NULL, 16384, PROT_READ|PROT_WRITE, MAP_PRIVATE|MAP_ANONYMOUS|MAP_NORESERVE, -1, 0 <unfinished ...>
12528 <... mmap resumed>)               = 0x7fd4d13be000
12527 <... mmap resumed>)               = 0x7fd4d13ba000
12526 mmap(NULL, 16384, PROT_READ|PROT_WRITE, MAP_PRIVATE|MAP_ANONYMOUS|MAP_NORESERVE, -1, 0 <unfinished ...>
12528 munmap(0x7fd4d13be000, 16384 <unfinished ...>
12527 munmap(0x7fd4d13ba000, 16384 <unfinished ...>
12525 <... mmap resumed>)               = 0x7fd4d13b6000
12528 <... munmap resumed>)             = 0
12527 <... munmap resumed>)             = 0
12526 <... mmap resumed>)               = 0x7fd4d13b2000
12528 mmap(NULL, 16384, PROT_READ|PROT_WRITE, MAP_PRIVATE|MAP_ANONYMOUS|MAP_NORESERVE, -1, 0 <unfinished ...>
12527 mmap(NULL, 16384, PROT_READ|PROT_WRITE, MAP_PRIVATE|MAP_ANONYMOUS|MAP_NORESERVE, -1, 0 <unfinished ...>
12525 munmap(0x7fd4d13b6000, 16384 <unfinished ...>
12528 <... mmap resumed>)               = 0x7fd4d13be000
12527 <... mmap resumed>)               = 0x7fd4d13ba000
12526 munmap(0x7fd4d13b2000, 16384 <unfinished ...>
12528 munmap(0x7fd4d13be000, 16384 <unfinished ...>
12527 munmap(0x7fd4d13ba000, 16384 <unfinished ...>
12525 <... munmap resumed>)             = 0
12528 <... munmap resumed>)             = 0
12527 <... munmap resumed>)             = 0
12526 <... munmap resumed>)             = 0
12528 mmap(NULL, 16384, PROT_READ|PROT_WRITE, MAP_PRIVATE|MAP_ANONYMOUS|MAP_NORESERVE, -1, 0 <unfinished ...>
12527 mmap(NULL, 16384, PROT_READ|PROT_WRITE, MAP_PRIVATE|MAP_ANONYMOUS|MAP_NORESERVE, -1, 0 <unfinished ...>
12525 mmap(NULL, 16384, PROT_READ|PROT_WRITE, MAP_PRIVATE|MAP_ANONYMOUS|MAP_NORESERVE, -1, 0 <unfinished ...>
12528 <... mmap resumed>)               = 0x7fd4d13be000
12527 <... mmap resumed>)               = 0x7fd4d13ba000
12526 mmap(NULL, 16384, PROT_READ|PROT_WRITE, MAP_PRIVATE|MAP_ANONYMOUS|MAP_NORESERVE, -1, 0 <unfinished ...>
12528 munmap(0x7fd4d13be000, 16384 <unfinished ...>
12527 munmap(0x7fd4d13ba000, 16384 <unfinished ...>
12525 <... mmap resumed>)               = 0x7fd4d13b6000
12528 <... munmap resumed>)             = 0
12527 <... munmap resumed>)             = 0
12526 <... mmap resumed>)               = 0x7fd4d13b2000
12528 mmap(NULL, 16384, PROT_READ|PROT_WRITE, MAP_PRIVATE|MAP_ANONYMOUS|MAP_NORESERVE, -1, 0 <unfinished ...>
12527 mmap(NULL, 16384, PROT_READ|PROT_WRITE, MAP_PRIVATE|MAP_ANONYMOUS|MAP_NORESERVE, -1, 0 <unfinished ...>
12525 munmap(0x7fd4d13b6000, 16384 <unfinished ...>
12528 <... mmap resumed>)               = 0x7fd4d13be000
12527 <... mmap resumed>)               = 0x7fd4d13ba000
12526 munmap(0x7fd4d13b2000, 16384 <unfinished ...>
12528 munmap(0x7fd4d13be000, 16384 <unfinished ...>
12527 munmap(0x7fd4d13ba000, 16384 <unfinished ...>
12525 <... munmap resumed>)             = 0
12528 <... munmap resumed>)             = 0
12527 <... munmap resumed>)             = 0
12526 <... munmap resumed>)             = 0
12528 mmap(NULL, 16384, PROT_READ|PROT_WRITE, MAP_PRIVATE|MAP_ANONYMOUS|MAP_NORESERVE, -1, 0 <unfinished ...>
12527 mmap(NULL, 16384, PROT_READ|PROT_WRITE, MAP_PRIVATE|MAP_ANONYMOUS|MAP_NORESERVE, -1, 0 <unfinished ...>
12525 mmap(NULL, 16384, PROT_READ|PROT_WRITE, MAP_PRIVATE|MAP_ANONYMOUS|MAP_NORESERVE, -1, 0 <unfinished ...>
12528 <... mmap resumed>)               = 0x7fd4d13be000
12527 <... mmap resumed>)               = 0x7fd4d13ba000
12526 mmap(NULL, 16384, PROT_READ|PROT_WRITE, MAP_PRIVATE|MAP_ANONYMOUS|MAP_NORESERVE, -1, 0 <unfinished ...>
12528 munmap(0x7fd4d13be000, 16384 <unfinished ...>
12527 munmap(0x7fd4d13ba000, 16384 <unfinished ...>
12525 <... mmap resumed>)               = 0x7fd4d13b6000
12528 <... munmap resumed>)             = 0
12527 <... munmap resumed>)             = 0
12526 <... mmap resumed>)               = 0x7fd4d13b2000
12528 mmap(NULL, 16384, PROT_READ|PROT_WRITE, MAP_PRIVATE|MAP_ANONYMOUS|MAP_NORESERVE, -1, 0 <unfinished ...>
12527 mmap(NULL, 16384, PROT_READ|PROT_WRITE, MAP_PRIVATE|MAP_ANONYMOUS|MAP_NORESERVE, -1, 0 <unfinished ...>
12525 munmap(0x7fd4d13b6000, 16384 <unfinished ...>
12528 <... mmap resumed>)               = 0x7fd4d13be000
12527 <... mmap resumed>)               = 0x7fd4d13ba000
12526 munmap(0x7fd4d13b2000, 16384 <unfinished ...>
12528 munmap(0x7fd4d13be000, 16384 <unfinished ...>
12527 munmap(0x7fd4d13ba000, 16384 <unfinished ...>
12525 <... munmap resumed>)             = 0
12528 <... munmap resumed>)             = 0
12527 <... munmap resumed>)             = 0
12526 <... munmap resumed>)             = 0
12528 mmap(NULL, 16384, PROT_READ|PROT_WRITE, MAP_PRIVATE|MAP_ANONYMOUS|MAP_NORESERVE, -1, 0 <unfinished ...>
12527 mmap(NULL, 16384, PROT_READ|PROT_WRITE, MAP_PRIVATE|MAP_ANONYMOUS|MAP_NORESERVE, -1, 0 <unfinished ...>
12525 mmap(NULL, 16384, PROT_READ|PROT_WRITE, MAP_PRIVATE|MAP_ANONYMOUS|MAP_NORESERVE, -1, 0 <unfinished ...>
12528 <... mmap resumed>)               = 0x7fd4d13be000
12527 <... mmap resumed>)               = 0x7fd4d13ba000
12526 mmap(NULL, 16384, PROT_READ|PROT_WRITE, MAP_PRIVATE|MAP_ANONYMOUS|MAP_NORESERVE, -1, 0 <unfinished ...>
12525 <... mmap resumed>)               = 0x7fd4d13b6000
12528 munmap(0x7fd4d13be000, 16384 <unfinished ...>
12527 munmap(0x7fd4d13ba000, 16384 <unfinished ...>
12526 <... mmap resumed>)               = 0x7fd4d13b2000
12528 <... munmap resumed>)             = 0
12527 <... munmap resumed>)             = 0
12525 munmap(0x7fd4d13b6000, 16384 <unfinished ...>
12528 mmap(NULL, 16384, PROT_READ|PROT_WRITE, MAP_PRIVATE|MAP_ANONYMOUS|MAP_NORESERVE, -1, 0 <unfinished ...>
12527 mmap(NULL, 16384, PROT_READ|PROT_WRITE, MAP_PRIVATE|MAP_ANONYMOUS|MAP_NORESERVE, -1, 0 <unfinished ...>
12526 munmap(0x7fd4d13b2000, 16384 <unfinished ...>
12528 <... mmap resumed>)               = 0x7fd4d13be000
12527 <... mmap resumed>)               = 0x7fd4d13ba000
12525 <... munmap resumed>)             = 0
12528 munmap(0x7fd4d13be000, 16384 <unfinished ...>
12527 munmap(0x7fd4d13ba000, 16384 <unfinished ...>
12526 <... munmap resumed>)             = 0
12528 <... munmap resumed>)             = 0
12527 <... munmap resumed>)             = 0
12525 mmap(NULL, 16384, PROT_READ|PROT_WRITE, MAP_PRIVATE|MAP_ANONYMOUS|MAP_NORESERVE, -1, 0 <unfinished ...>
12528 mmap(NULL, 16384, PROT_READ|PROT_WRITE, MAP_PRIVATE|MAP_ANONYMOUS|MAP_NORESERVE, -1, 0 <unfinished ...>
12527 mmap(NULL, 16384, PROT_READ|PROT_WRITE, MAP_PRIVATE|MAP_ANONYMOUS|MAP_NORESERVE, -1, 0 <unfinished ...>
12526 mmap(NULL, 16384, PROT_READ|PROT_WRITE, MAP_PRIVATE|MAP_ANONYMOUS|MAP_NORESERVE, -1, 0 <unfinished ...>
12528 <... mmap resumed>)               = 0x7fd4d13ba000
12527 <... mmap resumed>)               = 0x7fd4d13b6000
12525 <... mmap resumed>)               = 0x7fd4d13be000
12528 munmap(0x7fd4d13ba000, 16384 <unfinished ...>
12527 munmap(0x7fd4d13b6000, 16384 <unfinished ...>
12526 <... mmap resumed>)               = 0x7fd4d13b2000
12528 <... munmap resumed>)             = 0
12527 <... munmap resumed>)             = 0
12525 munmap(0x7fd4d13be000, 16384 <unfinished ...>
12528 mmap(NULL, 16384, PROT_READ|PROT_WRITE, MAP_PRIVATE|MAP_ANONYMOUS|MAP_NORESERVE, -1, 0 <unfinished ...>
12527 mmap(NULL, 16384, PROT_READ|PROT_WRITE, MAP_PRIVATE|MAP_ANONYMOUS|MAP_NORESERVE, -1, 0 <unfinished ...>
12526 munmap(0x7fd4d13b2000, 16384 <unfinished ...>
12528 <... mmap resumed>)               = 0x7fd4d13be000
12527 <... mmap resumed>)               = 0x7fd4d13ba000
12525 <... munmap resumed>)             = 0
12528 munmap(0x7fd4d13be000, 16384 <unfinished ...>
12527 munmap(0x7fd4d13ba000, 16384 <unfinished ...>
12526 <... munmap resumed>)             = 0
12528 <... munmap resumed>)             = 0
12527 <... munmap resumed>)             = 0
12525 mmap(NULL, 16384, PROT_READ|PROT_WRITE, MAP_PRIVATE|MAP_ANONYMOUS|MAP_NORESERVE, -1, 0 <unfinished ...>
12528 mmap(NULL, 16384, PROT_READ|PROT_WRITE, MAP_PRIVATE|MAP_ANONYMOUS|MAP_NORESERVE, -1, 0 <unfinished ...>
12527 mmap(NULL, 16384, PROT_READ|PROT_WRITE, MAP_PRIVATE|MAP_ANONYMOUS|MAP_NORESERVE, -1, 0 <unfinished ...>
12526 mmap(NULL, 16384, PROT_READ|PROT_WRITE, MAP_PRIVATE|MAP_ANONYMOUS|MAP_NORESERVE, -1, 0 <unfinished ...>
12528 <... mmap resumed>)               = 0x7fd4d13ba000
12527 <... mmap resumed>)               = 0x7fd4d13b6000
12525 <... mmap resumed>)               = 0x7fd4d13be000
12528 munmap(0x7fd4d13ba000, 16384 <unfinished ...>
12527 munmap(0x7fd4d13b6000, 16384 <unfinished ...>
12526 <... mmap resumed>)               = 0x7fd4d13b2000
12528 <... munmap resumed>)             = 0
12527 <... munmap resumed>)             = 0
12525 munmap(0x7fd4d13be000, 16384 <unfinished ...>
12528 mmap(NULL, 16384, PROT_READ|PROT_WRITE, MAP_PRIVATE|MAP_ANONYMOUS|MAP_NORESERVE, -1, 0 <unfinished ...>
12527 mmap(NULL, 16384, PROT_READ|PROT_WRITE, MAP_PRIVATE|MAP_ANONYMOUS|MAP_NORESERVE, -1, 0 <unfinished ...>
12526 munmap(0x7fd4d13b2000, 16384 <unfinished ...>
12528 <... mmap resumed>)               = 0x7fd4d13be000
12527 <... mmap resumed>)               = 0x7fd4d13ba000
12525 <... munmap resumed>)             = 0
12528 munmap(0x7fd4d13be000, 16384 <unfinished ...>
12527 munmap(0x7fd4d13ba000, 16384 <unfinished ...>
12526 <... munmap resumed>)             = 0
12528 <... munmap resumed>)             = 0
12527 <... munmap resumed>)             = 0
12525 mmap(NULL, 16384, PROT_READ|PROT_WRITE, MAP_PRIVATE|MAP_ANONYMOUS|MAP_NORESERVE, -1, 0 <unfinished ...>
12528 mmap(NULL, 16384, PROT_READ|PROT_WRITE, MAP_PRIVATE|MAP_ANONYMOUS|MAP_NORESERVE, -1, 0 <unfinished ...>
12527 mmap(NULL, 16384, PROT_READ|PROT_WRITE, MAP_PRIVATE|MAP_ANONYMOUS|MAP_NORESERVE, -1, 0 <unfinished ...>
12526 mmap(NULL, 16384, PROT_READ|PROT_WRITE, MAP_PRIVATE|MAP_ANONYMOUS|MAP_NORESERVE, -1, 0 <unfinished ...>
12528 <... mmap resumed>)               = 0x7fd4d13ba000
12527 <... mmap resumed>)               = 0x7fd4d13b6000
12525 <... mmap resumed>)               = 0x7fd4d13be000
12528 munmap(0x7fd4d13ba000, 16384 <unfinished ...>
12527 munmap(0x7fd4d13b6000, 16384 <unfinished ...>
12526 <... mmap resumed>)               = 0x7fd4d13b2000
12528 <... munmap resumed>)             = 0
12527 <... munmap resumed>)             = 0
12525 munmap(0x7fd4d13be000, 16384 <unfinished ...>
12528 mmap(NULL, 16384, PROT_READ|PROT_WRITE, MAP_PRIVATE|MAP_ANONYMOUS|MAP_NORESERVE, -1, 0 <unfinished ...>
12527 mmap(NULL, 16384, PROT_READ|PROT_WRITE, MAP_PRIVATE|MAP_ANONYMOUS|MAP_NORESERVE, -1, 0 <unfinished ...>
12526 munmap(0x7fd4d13b2000, 16384 <unfinished ...>
12528 <... mmap resumed>)               = 0x7fd4d13be000
12527 <... mmap resumed>)               = 0x7fd4d13ba000
12525 <... munmap resumed>)             = 0
12528 munmap(0x7fd4d13be000, 16384 <unfinished ...>
12527 munmap(0x7fd4d13ba000, 16384 <unfinished ...>
12526 <... munmap resumed>)             = 0
12528 <... munmap resumed>)             = 0
12527 <... munmap resumed>)             = 0
12525 mmap(NULL, 16384, PROT_READ|PROT_WRITE, MAP_PRIVATE|MAP_ANONYMOUS|MAP_NORESERVE, -1, 0 <unfinished ...>
12528 mmap(NULL, 16384, PROT_READ|PROT_WRITE, MAP_PRIVATE|MAP_ANONYMOUS|MAP_NORESERVE, -1, 0 <unfinished ...>
12527 mmap(NULL, 16384, PROT_READ|PROT_WRITE, MAP_PRIVATE|MAP_ANONYMOUS|MAP_NORESERVE, -1, 0 <unfinished ...>
12526 mmap(NULL, 16384, PROT_READ|PROT_WRITE, MAP_PRIVATE|MAP_ANONYMOUS|MAP_NORESERVE, -1, 0 <unfinished ...>
12528 <... mmap resumed>)               = 0x7fd4d13ba000
12527 <... mmap resumed>)               = 0x7fd4d13b6000
12525 <... mmap resumed>)               = 0x7fd4d13be000
12528 munmap(0x7fd4d13ba000, 16384 <unfinished ...>
12527 munmap(0x7fd4d13b6000, 16384 <unfinished ...>
12526 <... mmap resumed>)               = 0x7fd4d13b2000
12528 <... munmap resumed>)             = 0
12527 <... munmap resumed>)             = 0
12525 munmap(0x7fd4d13be000, 16384 <unfinished ...>
12528 mmap(NULL, 16384, PROT_READ|PROT_WRITE, MAP_PRIVATE|MAP_ANONYMOUS|MAP_NORESERVE, -1, 0 <unfinished ...>
12527 mmap(NULL, 16384, PROT_READ|PROT_WRITE, MAP_PRIVATE|MAP_ANONYMOUS|MAP_NORESERVE, -1, 0 <unfinished ...>
12526 munmap(0x7fd4d13b2000, 16384 <unfinished ...>
12528 <... mmap resumed>)               = 0x7fd4d13be000
12527 <... mmap resumed>)               = 0x7fd4d13ba000
12525 <... munmap resumed>)             = 0
12528 munmap(0x7fd4d13be000, 16384 <unfinished ...>
12527 munmap(0x7fd4d13ba000, 16384 <unfinished ...>
12526 <... munmap resumed>)             = 0
12528 <... munmap resumed>)             = 0
12527 <... munmap resumed>)             = 0
12525 mmap(NULL, 16384, PROT_READ|PROT_WRITE, MAP_PRIVATE|MAP_ANONYMOUS|MAP_NORESERVE, -1, 0 <unfinished ...>
12528 mmap(NULL, 16384, PROT_READ|PROT_WRITE, MAP_PRIVATE|MAP_ANONYMOUS|MAP_NORESERVE, -1, 0 <unfinished ...>
12527 mmap(NULL, 16384, PROT_READ|PROT_WRITE, MAP_PRIVATE|MAP_ANONYMOUS|MAP_NORESERVE, -1, 0 <unfinished ...>
12526 mmap(NULL, 16384, PROT_READ|PROT_WRITE, MAP_PRIVATE|MAP_ANONYMOUS|MAP_NORESERVE, -1, 0 <unfinished ...>
12528 <... mmap resumed>)               = 0x7fd4d13ba000
12527 <... mmap resumed>)               = 0x7fd4d13b6000
12525 <... mmap resumed>)               = 0x7fd4d13be000
12528 munmap(0x7fd4d13ba000, 16384 <unfinished ...>
12527 munmap(0x7fd4d13b6000, 16384 <unfinished ...>
12526 <... mmap resumed>)               = 0x7fd4d13b2000
12528 <... munmap resumed>)             = 0
12527 <... munmap resumed>)             = 0
12525 munmap(0x7fd4d13be000, 16384 <unfinished ...>
12528 mmap(NULL, 16384, PROT_READ|PROT_WRITE, MAP_PRIVATE|MAP_ANONYMOUS|MAP_NORESERVE, -1, 0 <unfinished ...>
12527 mmap(NULL, 16384, PROT_READ|PROT_WRITE, MAP_PRIVATE|MAP_ANONYMOUS|MAP_NORESERVE, -1, 0 <unfinished ...>
12526 munmap(0x7fd4d13b2000, 16384 <unfinished ...>
12528 <... mmap resumed>)               = 0x7fd4d13be000
12527 <... mmap resumed>)               = 0x7fd4d13ba000
12525 <... munmap resumed>)             = 0
12528 munmap(0x7fd4d13be000, 16384 <unfinished ...>
12527 munmap(0x7fd4d13ba000, 16384 <unfinished ...>
12526 <... munmap resumed>)             = 0
12528 <... munmap resumed>)             = 0
12527 <... munmap resumed>)             = 0
12525 mmap(NULL, 16384, PROT_READ|PROT_WRITE, MAP_PRIVATE|MAP_ANONYMOUS|MAP_NORESERVE, -1, 0 <unfinished ...>
12528 mmap(NULL, 16384, PROT_READ|PROT_WRITE, MAP_PRIVATE|MAP_ANONYMOUS|MAP_NORESERVE, -1, 0 <unfinished ...>
12527 mmap(NULL, 16384, PROT_READ|PROT_WRITE, MAP_PRIVATE|MAP_ANONYMOUS|MAP_NORESERVE, -1, 0 <unfinished ...>
12526 mmap(NULL, 16384, PROT_READ|PROT_WRITE, MAP_PRIVATE|MAP_ANONYMOUS|MAP_NORESERVE, -1, 0 <unfinished ...>
12528 <... mmap resumed>)               = 0x7fd4d13ba000
12527 <... mmap resumed>)               = 0x7fd4d13b6000
12525 <... mmap resumed>)               = 0x7fd4d13be000
12528 munmap(0x7fd4d13ba000, 16384 <unfinished ...>
12527 munmap(0x7fd4d13b6000, 16384 <unfinished ...>
12526 <... mmap resumed>)               = 0x7fd4d13b2000
12528 <... munmap resumed>)             = 0
12527 <... munmap resumed>)             = 0
12525 munmap(0x7fd4d13be000, 16384 <unfinished ...>
12528 mmap(NULL, 16384, PROT_READ|PROT_WRITE, MAP_PRIVATE|MAP_ANONYMOUS|MAP_NORESERVE, -1, 0 <unfinished ...>
12527 mmap(NULL, 16384, PROT_READ|PROT_WRITE, MAP_PRIVATE|MAP_ANONYMOUS|MAP_NORESERVE, -1, 0 <unfinished ...>
12526 munmap(0x7fd4d13b2000, 16384 <unfinished ...>
12528 <... mmap resumed>)               = 0x7fd4d13be000
12527 <... mmap resumed>)               = 0x7fd4d13ba000
12525 <... munmap resumed>)             = 0
12528 munmap(0x7fd4d13be000, 16384 <unfinished ...>
12527 munmap(0x7fd4d13ba000, 16384 <unfinished ...>
12526 <... munmap resumed>)             = 0
12528 <... munmap resumed>)             = 0
12527 <... munmap resumed>)             = 0
12525 mmap(NULL, 16384, PROT_READ|PROT_WRITE, MAP_PRIVATE|MAP_ANONYMOUS|MAP_NORESERVE, -1, 0 <unfinished ...>
12528 mmap(NULL, 16384, PROT_READ|PROT_WRITE, MAP_PRIVATE|MAP_ANONYMOUS|MAP_NORESERVE, -1, 0 <unfinished ...>
12527 mmap(NULL, 16384, PROT_READ|PROT_WRITE, MAP_PRIVATE|MAP_ANONYMOUS|MAP_NORESERVE, -1, 0 <unfinished ...>
12526 mmap(NULL, 16384, PROT_READ|PROT_WRITE, MAP_PRIVATE|MAP_ANONYMOUS|MAP_NORESERVE, -1, 0 <unfinished ...>
12528 <... mmap resumed>)               = 0x7fd4d13ba000
12527 <... mmap resumed>)               = 0x7fd4d13b6000
12525 <... mmap resumed>)               = 0x7fd4d13be000
12528 munmap(0x7fd4d13ba000, 16384 <unfinished ...>
12527 munmap(0x7fd4d13b6000, 16384 <unfinished ...>
12526 <... mmap resumed>)               = 0x7fd4d13b2000
12528 <... munmap resumed>)             = 0
12527 <... munmap resumed>)             = 0
12525 munmap(0x7fd4d13be000, 16384 <unfinished ...>
12528 mmap(NULL, 16384, PROT_READ|PROT_WRITE, MAP_PRIVATE|MAP_ANONYMOUS|MAP_NORESERVE, -1, 0 <unfinished ...>
12527 mmap(NULL, 16384, PROT_READ|PROT_WRITE, MAP_PRIVATE|MAP_ANONYMOUS|MAP_NORESERVE, -1, 0 <unfinished ...>
12526 munmap(0x7fd4d13b2000, 16384 <unfinished ...>
12528 <... mmap resumed>)               = 0x7fd4d13be000
12527 <... mmap resumed>)               = 0x7fd4d13ba000
12525 <... munmap resumed>)             = 0
12528 munmap(0x7fd4d13be000, 16384 <unfinished ...>
12527 munmap(0x7fd4d13ba000, 16384 <unfinished ...>
12526 <... munmap resumed>)             = 0
12528 <... munmap resumed>)             = 0
12527 <... munmap resumed>)             = 0
12525 mmap(NULL, 16384, PROT_READ|PROT_WRITE, MAP_PRIVATE|MAP_ANONYMOUS|MAP_NORESERVE, -1, 0 <unfinished ...>
12528 mmap(NULL, 16384, PROT_READ|PROT_WRITE, MAP_PRIVATE|MAP_ANONYMOUS|MAP_NORESERVE, -1, 0 <unfinished ...>
12527 mmap(NULL, 16384, PROT_READ|PROT_WRITE, MAP_PRIVATE|MAP_ANONYMOUS|MAP_NORESERVE, -1, 0 <unfinished ...>
12526 mmap(NULL, 16384, PROT_READ|PROT_WRITE, MAP_PRIVATE|MAP_ANONYMOUS|MAP_NORESERVE, -1, 0 <unfinished ...>
12528 <... mmap resumed>)               = 0x7fd4d13ba000
12527 <... mmap resumed>)               = 0x7fd4d13b6000
12525 <... mmap resumed>)               = 0x7fd4d13be000
12528 munmap(0x7fd4d13ba000, 16384 <unfinished ...>
12527 munmap(0x7fd4d13b6000, 16384 <unfinished ...>
12526 <... mmap resumed>)               = 0x7fd4d13b2000
12528 <... munmap resumed>)             = 0
12527 <... munmap resumed>)             = 0
12525 munmap(0x7fd4d13be000, 16384 <unfinished ...>
12528 mmap(NULL, 16384, PROT_READ|PROT_WRITE, MAP_PRIVATE|MAP_ANONYMOUS|MAP_NORESERVE, -1, 0 <unfinished ...>
12527 mmap(NULL, 16384, PROT_READ|PROT_WRITE, MAP_PRIVATE|MAP_ANONYMOUS|MAP_NORESERVE, -1, 0 <unfinished ...>
12526 munmap(0x7fd4d13b2000, 16384 <unfinished ...>
12528 <... mmap resumed>)               = 0x7fd4d13be000
12527 <... mmap resumed>)               = 0x7fd4d13ba000
12525 <... munmap resumed>)             = 0
12528 munmap(0x7fd4d13be000, 16384 <unfinished ...>
12527 munmap(0x7fd4d13ba000, 16384 <unfinished ...>
12526 <... munmap resumed>)             = 0
12528 <... munmap resumed>)             = 0
12527 <... munmap resumed>)             = 0
12525 mmap(NULL, 16384, PROT_READ|PROT_WRITE, MAP_PRIVATE|MAP_ANONYMOUS|MAP_NORESERVE, -1, 0 <unfinished ...>
12528 mmap(NULL, 16384, PROT_READ|PROT_WRITE, MAP_PRIVATE|MAP_ANONYMOUS|MAP_NORESERVE, -1, 0 <unfinished ...>
12527 mmap(NULL, 16384, PROT_READ|PROT_WRITE, MAP_PRIVATE|MAP_ANONYMOUS|MAP_NORESERVE, -1, 0 <unfinished ...>
12526 mmap(NULL, 16384, PROT_READ|PROT_WRITE, MAP_PRIVATE|MAP_ANONYMOUS|MAP_NORESERVE, -1, 0 <unfinished ...>
12528 <... mmap resumed>)               = 0x7fd4d13ba000
12527 <... mmap resumed>)               = 0x7fd4d13b6000
12525 <... mmap resumed>)               = 0x7fd4d13be000
12528 munmap(0x7fd4d13ba000, 16384 <unfinished ...>
12527 munmap(0x7fd4d13b6000, 16384 <unfinished ...>
12526 <... mmap resumed>)               = 0x7fd4d13b2000
12528 <... munmap resumed>)             = 0
12527 <... munmap resumed>)             = 0
12525 munmap(0x7fd4d13be000, 16384 <unfinished ...>
12528 mmap(NULL, 16384, PROT_READ|PROT_WRITE, MAP_PRIVATE|MAP_ANONYMOUS|MAP_NORESERVE, -1, 0 <unfinished ...>
12527 mmap(NULL, 16384, PROT_READ|PROT_WRITE, MAP_PRIVATE|MAP_ANONYMOUS|MAP_NORESERVE, -1, 0 <unfinished ...>
12526 munmap(0x7fd4d13b2000, 16384 <unfinished ...>
12528 <... mmap resumed>)               = 0x7fd4d13be000
12527 <... mmap resumed>)               = 0x7fd4d13ba000
12525 <... munmap resumed>)             = 0
12528 munmap(0x7fd4d13be000, 16384 <unfinished ...>
12527 munmap(0x7fd4d13ba000, 16384 <unfinished ...>
12526 <... munmap resumed>)             = 0
12528 <... munmap resumed>)             = 0
12527 <... munmap resumed>)             = 0
12525 mmap(NULL, 16384, PROT_READ|PROT_WRITE, MAP_PRIVATE|MAP_ANONYMOUS|MAP_NORESERVE, -1, 0 <unfinished ...>
12528 mmap(NULL, 16384, PROT_READ|PROT_WRITE, MAP_PRIVATE|MAP_ANONYMOUS|MAP_NORESERVE, -1, 0 <unfinished ...>
12527 mmap(NULL, 16384, PROT_READ|PROT_WRITE, MAP_PRIVATE|MAP_ANONYMOUS|MAP_NORESERVE, -1, 0 <unfinished ...>
12526 mmap(NULL, 16384, PROT_READ|PROT_WRITE, MAP_PRIVATE|MAP_ANONYMOUS|MAP_NORESERVE, -1, 0 <unfinished ...>
12528 <... mmap resumed>)               = 0x7fd4d13ba000
12527 <... mmap resumed>)               = 0x7fd4d13b6000
12525 <... mmap resumed>)               = 0x7fd4d13be000
12528 munmap(0x7fd4d13ba000, 16384 <unfinished ...>
12527 munmap(0x7fd4d13b6000, 16384 <unfinished ...>
12526 <... mmap resumed>)               = 0x7fd4d13b2000
12528 <... munmap resumed>)             = 0
12527 <... munmap resumed>)             = 0
12525 munmap(0x7fd4d13be000, 16384 <unfinished ...>
12528 mmap(NULL, 16384, PROT_READ|PROT_WRITE, MAP_PRIVATE|MAP_ANONYMOUS|MAP_NORESERVE, -1, 0 <unfinished ...>
12527 mmap(NULL, 16384, PROT_READ|PROT_WRITE, MAP_PRIVATE|MAP_ANONYMOUS|MAP_NORESERVE, -1, 0 <unfinished ...>
12526 munmap(0x7fd4d13b2000, 16384 <unfinished ...>
12528 <... mmap resumed>)               = 0x7fd4d13be000
12527 <... mmap resumed>)               = 0x7fd4d13ba000
12525 <... munmap resumed>)             = 0
12528 munmap(0x7fd4d13be000, 16384 <unfinished ...>
12527 munmap(0x7fd4d13ba000, 16384 <unfinished ...>
12526 <... munmap resumed>)             = 0
12528 <... munmap resumed>)             = 0
12527 <... munmap resumed>)             = 0
12525 mmap(NULL, 16384, PROT_READ|PROT_WRITE, MAP_PRIVATE|MAP_ANONYMOUS|MAP_NORESERVE, -1, 0 <unfinished ...>
12528 mmap(NULL, 16384, PROT_READ|PROT_WRITE, MAP_PRIVATE|MAP_ANONYMOUS|MAP_NORESERVE, -1, 0 <unfinished ...>
12527 mmap(NULL, 16384, PROT_READ|PROT_WRITE, MAP_PRIVATE|MAP_ANONYMOUS|MAP_NORESERVE, -1, 0 <unfinished ...>
12526 mmap(NULL, 16384, PROT_READ|PROT_WRITE, MAP_PRIVATE|MAP_ANONYMOUS|MAP_NORESERVE, -1, 0 <unfinished ...>
12528 <... mmap resumed>)               = 0x7fd4d13ba000
12527 <... mmap resumed>)               = 0x7fd4d13b6000
12525 <... mmap resumed>)               = 0x7fd4d13be000
12528 munmap(0x7fd4d13ba000, 16384 <unfinished ...>
12527 munmap(0x7fd4d13b6000, 16384 <unfinished ...>
12526 <... mmap resumed>)               = 0x7fd4d13b2000
12528 <... munmap resumed>)             = 0
12527 <... munmap resumed>)             = 0
12525 munmap(0x7fd4d13be000, 16384 <unfinished ...>
12528 mmap(NULL, 16384, PROT_READ|PROT_WRITE, MAP_PRIVATE|MAP_ANONYMOUS|MAP_NORESERVE, -1, 0 <unfinished ...>
12527 mmap(NULL, 16384, PROT_READ|PROT_WRITE, MAP_PRIVATE|MAP_ANONYMOUS|MAP_NORESERVE, -1, 0 <unfinished ...>
12526 munmap(0x7fd4d13b2000, 16384 <unfinished ...>
12528 <... mmap resumed>)               = 0x7fd4d13be000
12527 <... mmap resumed>)               = 0x7fd4d13ba000
12525 <... munmap resumed>)             = 0
12528 munmap(0x7fd4d13be000, 16384 <unfinished ...>
12527 munmap(0x7fd4d13ba000, 16384 <unfinished ...>
12526 <... munmap resumed>)             = 0
12528 <... munmap resumed>)             = 0
12527 <... munmap resumed>)             = 0
12525 mmap(NULL, 16384, PROT_READ|PROT_WRITE, MAP_PRIVATE|MAP_ANONYMOUS|MAP_NORESERVE, -1, 0 <unfinished ...>
12528 mmap(NULL, 16384, PROT_READ|PROT_WRITE, MAP_PRIVATE|MAP_ANONYMOUS|MAP_NORESERVE, -1, 0 <unfinished ...>
12527 mmap(NULL, 16384, PROT_READ|PROT_WRITE, MAP_PRIVATE|MAP_ANONYMOUS|MAP_NORESERVE, -1, 0 <unfinished ...>
12526 mmap(NULL, 16384, PROT_READ|PROT_WRITE, MAP_PRIVATE|MAP_ANONYMOUS|MAP_NORESERVE, -1, 0 <unfinished ...>
12528 <... mmap resumed>)               = 0x7fd4d13ba000
12527 <... mmap resumed>)               = 0x7fd4d13b6000
12525 <... mmap resumed>)               = 0x7fd4d13be000
12528 munmap(0x7fd4d13ba000, 16384 <unfinished ...>
12527 munmap(0x7fd4d13b6000, 16384 <unfinished ...>
12526 <... mmap resumed>)               = 0x7fd4d13b2000
12528 <... munmap resumed>)             = 0
12527 <... munmap resumed>)             = 0
12525 munmap(0x7fd4d13be000, 16384 <unfinished ...>
12528 mmap(NULL, 16384, PROT_READ|PROT_WRITE, MAP_PRIVATE|MAP_ANONYMOUS|MAP_NORESERVE, -1, 0 <unfinished ...>
12527 mmap(NULL, 16384, PROT_READ|PROT_WRITE, MAP_PRIVATE|MAP_ANONYMOUS|MAP_NORESERVE, -1, 0 <unfinished ...>
12526 munmap(0x7fd4d13b2000, 16384 <unfinished ...>
12528 <... mmap resumed>)               = 0x7fd4d13be000
12527 <... mmap resumed>)               = 0x7fd4d13ba000
12525 <... munmap resumed>)             = 0
12528 munmap(0x7fd4d13be000, 16384 <unfinished ...>
12527 munmap(0x7fd4d13ba000, 16384 <unfinished ...>
12526 <... munmap resumed>)             = 0
12528 <... munmap resumed>)             = 0
12527 <... munmap resumed>)             = 0
12525 mmap(NULL, 16384, PROT_READ|PROT_WRITE, MAP_PRIVATE|MAP_ANONYMOUS|MAP_NORESERVE, -1, 0 <unfinished ...>
12528 mmap(NULL, 16384, PROT_READ|PROT_WRITE, MAP_PRIVATE|MAP_ANONYMOUS|MAP_NORESERVE, -1, 0 <unfinished ...>
12527 mmap(NULL, 16384, PROT_READ|PROT_WRITE, MAP_PRIVATE|MAP_ANONYMOUS|MAP_NORESERVE, -1, 0 <unfinished ...>
12526 mmap(NULL, 16384, PROT_READ|PROT_WRITE, MAP_PRIVATE|MAP_ANONYMOUS|MAP_NORESERVE, -1, 0 <unfinished ...>
12528 <... mmap resumed>)               = 0x7fd4d13ba000
12527 <... mmap resumed>)               = 0x7fd4d13b6000
12525 <... mmap resumed>)               = 0x7fd4d13be000
12528 munmap(0x7fd4d13ba000, 16384 <unfinished ...>
12527 munmap(0x7fd4d13b6000, 16384 <unfinished ...>
12526 <... mmap resumed>)               = 0x7fd4d13b2000
12528 <... munmap resumed>)             = 0
12527 <... munmap resumed>)             = 0
12525 munmap(0x7fd4d13be000, 16384 <unfinished ...>
12528 mmap(NULL, 16384, PROT_READ|PROT_WRITE, MAP_PRIVATE|MAP_ANONYMOUS|MAP_NORESERVE, -1, 0 <unfinished ...>
12527 mmap(NULL, 16384, PROT_READ|PROT_WRITE, MAP_PRIVATE|MAP_ANONYMOUS|MAP_NORESERVE, -1, 0 <unfinished ...>
12526 munmap(0x7fd4d13b2000, 16384 <unfinished ...>
12528 <... mmap resumed>)               = 0x7fd4d13be000
12527 <... mmap resumed>)               = 0x7fd4d13ba000
12525 <... munmap resumed>)             = 0
12528 munmap(0x7fd4d13be000, 16384 <unfinished ...>
12527 munmap(0x7fd4d13ba000, 16384 <unfinished ...>
12526 <... munmap resumed>)             = 0
12528 <... munmap resumed>)             = 0
12527 <... munmap resumed>)             = 0
12525 mmap(NULL, 16384, PROT_READ|PROT_WRITE, MAP_PRIVATE|MAP_ANONYMOUS|MAP_NORESERVE, -1, 0 <unfinished ...>
12528 mmap(NULL, 16384, PROT_READ|PROT_WRITE, MAP_PRIVATE|MAP_ANONYMOUS|MAP_NORESERVE, -1, 0 <unfinished ...>
12527 mmap(NULL, 16384, PROT_READ|PROT_WRITE, MAP_PRIVATE|MAP_ANONYMOUS|MAP_NORESERVE, -1, 0 <unfinished ...>
12526 mmap(NULL, 16384, PROT_READ|PROT_WRITE, MAP_PRIVATE|MAP_ANONYMOUS|MAP_NORESERVE, -1, 0 <unfinished ...>
12525 <... mmap resumed>)               = 0x7fd4d13be000
12528 <... mmap resumed>)               = 0x7fd4d13ba000
12527 <... mmap resumed>)               = 0x7fd4d13b6000
12526 <... mmap resumed>)               = 0x7fd4d13b2000
12528 munmap(0x7fd4d13ba000, 16384 <unfinished ...>
12527 munmap(0x7fd4d13b6000, 16384 <unfinished ...>
12526 munmap(0x7fd4d13b2000, 16384 <unfinished ...>
12525 munmap(0x7fd4d13be000, 16384 <unfinished ...>
12528 <... munmap resumed>)             = 0
12527 <... munmap resumed>)             = 0
12526 <... munmap resumed>)             = 0
12528 mmap(NULL, 16384, PROT_READ|PROT_WRITE, MAP_PRIVATE|MAP_ANONYMOUS|MAP_NORESERVE, -1, 0 <unfinished ...>
12527 mmap(NULL, 16384, PROT_READ|PROT_WRITE, MAP_PRIVATE|MAP_ANONYMOUS|MAP_NORESERVE, -1, 0 <unfinished ...>
12525 <... munmap resumed>)             = 0
12528 <... mmap resumed>)               = 0x7fd4d13be000
12527 <... mmap resumed>)               = 0x7fd4d13ba000
12526 mmap(NULL, 16384, PROT_READ|PROT_WRITE, MAP_PRIVATE|MAP_ANONYMOUS|MAP_NORESERVE, -1, 0 <unfinished ...>
12528 munmap(0x7fd4d13be000, 16384 <unfinished ...>
12527 munmap(0x7fd4d13ba000, 16384 <unfinished ...>
12525 mmap(NULL, 16384, PROT_READ|PROT_WRITE, MAP_PRIVATE|MAP_ANONYMOUS|MAP_NORESERVE, -1, 0 <unfinished ...>
12528 <... munmap resumed>)             = 0
12527 <... munmap resumed>)             = 0
12526 <... mmap resumed>)               = 0x7fd4d13b6000
12528 mmap(NULL, 16384, PROT_READ|PROT_WRITE, MAP_PRIVATE|MAP_ANONYMOUS|MAP_NORESERVE, -1, 0 <unfinished ...>
12527 mmap(NULL, 16384, PROT_READ|PROT_WRITE, MAP_PRIVATE|MAP_ANONYMOUS|MAP_NORESERVE, -1, 0 <unfinished ...>
12525 <... mmap resumed>)               = 0x7fd4d13be000
12528 <... mmap resumed>)               = 0x7fd4d13ba000
12527 <... mmap resumed>)               = 0x7fd4d13b2000
12526 munmap(0x7fd4d13b6000, 16384 <unfinished ...>
12525 munmap(0x7fd4d13be000, 16384 <unfinished ...>
12528 munmap(0x7fd4d13ba000, 16384 <unfinished ...>
12527 munmap(0x7fd4d13b2000, 16384 <unfinished ...>
12526 <... munmap resumed>)             = 0
12528 <... munmap resumed>)             = 0
12527 <... munmap resumed>)             = 0
12525 <... munmap resumed>)             = 0
12528 futex(0x7ffdbc5ec1d4, FUTEX_WAIT_PRIVATE, 0, NULL <unfinished ...>
12527 futex(0x7ffdbc5ec1d4, FUTEX_WAIT_PRIVATE, 0, NULL <unfinished ...>
12526 futex(0x7ffdbc5ec1d4, FUTEX_WAIT_PRIVATE, 0, NULL <unfinished ...>
12528 <... futex resumed>)              = -1 EAGAIN (Resource temporarily unavailable)
12527 <... futex resumed>)              = -1 EAGAIN (Resource temporarily unavailable)
12525 futex(0x7ffdbc5ec1d4, FUTEX_WAKE_PRIVATE, 2147483647 <unfinished ...>
12528 rt_sigprocmask(SIG_BLOCK, ~[RT_1],  <unfinished ...>
12527 rt_sigprocmask(SIG_BLOCK, ~[RT_1],  <unfinished ...>
12526 <... futex resumed>)              = -1 EAGAIN (Resource temporarily unavailable)
12522 <... futex resumed>)              = 0
12528 <... rt_sigprocmask resumed>NULL, 8) = 0
12527 <... rt_sigprocmask resumed>NULL, 8) = 0
12525 <... futex resumed>)              = 1
12522 futex(0x7fd4d33c5910, FUTEX_WAIT_BITSET|FUTEX_CLOCK_REALTIME, 12525, NULL, FUTEX_BITSET_MATCH_ANY <unfinished ...>
12528 madvise(0x7fd4d13c2000, 8372224, MADV_DONTNEED <unfinished ...>
12527 madvise(0x7fd4d1bc3000, 8372224, MADV_DONTNEED <unfinished ...>
12526 rt_sigprocmask(SIG_BLOCK, ~[RT_1],  <unfinished ...>
12528 <... madvise resumed>)            = 0
12527 <... madvise resumed>)            = 0
12525 rt_sigprocmask(SIG_BLOCK, ~[RT_1],  <unfinished ...>
12528 exit(0 <unfinished ...>
12527 exit(0 <unfinished ...>
12526 <... rt_sigprocmask resumed>NULL, 8) = 0
12525 <... rt_sigprocmask resumed>NULL, 8) = 0
12528 <... exit resumed>)               = ?
12527 <... exit resumed>)               = ?
12526 madvise(0x7fd4d23c4000, 8372224, MADV_DONTNEED <unfinished ...>
12525 madvise(0x7fd4d2bc5000, 8372224, MADV_DONTNEED <unfinished ...>
12526 <... madvise resumed>)            = 0
12525 <... madvise resumed>)            = 0
12526 exit(0 <unfinished ...>
12525 exit(0 <unfinished ...>
12526 <... exit resumed>)               = ?
12525 <... exit resumed>)               = ?
12522 <... futex resumed>)              = 0
12522 openat(AT_FDCWD, "/proc/self/statm", O_RDONLY) = 3
12522 newfstatat(3, "", {st_mode=S_IFREG|0444, st_size=0, ...}, AT_EMPTY_PATH) = 0
12522 read(3, "8548 98 81 199 0 8267 0\n", 1024) = 24
12522 write(2, "mmbench: peak RSS ~0 MB\n", 24) = 24
12522 close(3)                          = 0
12522 uname({sysname="Linux", nodename="syzkaller", ...}) = 0
12522 uname({sysname="Linux", nodename="syzkaller", ...}) = 0
12522 newfstatat(1, "", {st_mode=S_IFCHR|0666, st_rdev=makedev(0x1, 0x3), ...}, AT_EMPTY_PATH) = 0
12522 ioctl(1, TCGETS, 0x7ffdbc5eb8d0)  = -1 ENOTTY (Inappropriate ioctl for device)
12522 write(1, "{\"bench\":\"mmap-pf\",\"contention\":\"high\",\"threads\":4,\"ops\":155,\"elapsed_s\":1.042,\"ops_per_us\":3.82"..., 190) = 190
12522 exit_group(0)                     = ?
