12718 execve("/mnt/cortenmm/bench/mmbench/mmbench", ["/mnt/cortenmm/bench/mmbench/mmbench", "pf", "low", "4", "1", "20262960"], 0x7fffb4fb71c8 /* 31 vars */) = 0
12718 arch_prctl(0x3001 /* ARCH_??? */, 0x7ffda269a8a0) = -1 EINVAL (Invalid argument)
12718 brk(NULL)                         = 0x2d01b000
12718 brk(0x2d01bdc0)                   = 0x2d01bdc0
12718 arch_prctl(ARCH_SET_FS, 0x2d01b3c0) = 0
12718 set_tid_address(0x2d01b690)       = 12718
12718 set_robust_list(0x2d01b6a0, 24)   = 0
12718 rseq(0x2d01bd60, 0x20, 0, 0x53053053) = 0
12718 uname({sysname="Linux", nodename="syzkaller", ...}) = 0
12718 prlimit64(0, RLIMIT_STACK, NULL, {rlim_cur=8192*1024, rlim_max=RLIM64_INFINITY}) = 0
12718 readlink("/proc/self/exe", "/mnt/cortenmm/bench/mmbench/mmbench", 4096) = 35
12718 getrandom("\x05\x15\x16\xb3\x00\xfb\xf8\x95", 8, GRND_NONBLOCK) = 8
12718 brk(0x2d03cdc0)                   = 0x2d03cdc0
12718 brk(0x2d03d000)                   = 0x2d03d000
12718 mprotect(0x4f6000, 16384, PROT_READ) = 0
12718 write(2, "mmbench: bench=pf contention=low threads=4 arena=160 MB (per thread)\n", 69) = 69
12718 prlimit64(0, RLIMIT_AS, NULL, {rlim_cur=RLIM64_INFINITY, rlim_max=RLIM64_INFINITY}) = 0
12718 rt_sigaction(SIGRT_1, {sa_handler=0x497070, sa_mask=[], sa_flags=SA_RESTORER|SA_ONSTACK|SA_RESTART|SA_SIGINFO, sa_restorer=0x47db20}, NULL, 8) = 0
12718 rt_sigprocmask(SIG_UNBLOCK, [RTMIN RT_1], NULL, 8) = 0
12718 mmap(NULL, 8392704, PROT_NONE, MAP_PRIVATE|MAP_ANONYMOUS|MAP_STACK, -1, 0) = 0x7f7b2a013000
12718 mprotect(0x7f7b2a014000, 8388608, PROT_READ|PROT_WRITE) = 0
12718 rt_sigprocmask(SIG_BLOCK, ~[], [], 8) = 0
12718 clone3({flags=CLONE_VM|CLONE_FS|CLONE_FILES|CLONE_SIGHAND|CLONE_THREAD|CLONE_SYSVSEM|CLONE_SETTLS|CLONE_PARENT_SETTID|CLONE_CHILD_CLEARTID, child_tid=0x7f7b2a813910, parent_tid=0x7f7b2a813910, exit_signal=0, stack=0x7f7b2a013000, stack_size=0x800280, tls=0x7f7b2a813640} => {parent_tid=[12721]}, 88) = 12721
12718 rt_sigprocmask(SIG_SETMASK, [],  <unfinished ...>
12721 rseq(0x7f7b2a813fe0, 0x20, 0, 0x53053053 <unfinished ...>
12718 <... rt_sigprocmask resumed>NULL, 8) = 0
12721 <... rseq resumed>)               = 0
12718 mmap(NULL, 8392704, PROT_NONE, MAP_PRIVATE|MAP_ANONYMOUS|MAP_STACK, -1, 0 <unfinished ...>
12721 set_robust_list(0x7f7b2a813920, 24 <unfinished ...>
12718 <... mmap resumed>)               = 0x7f7b29812000
12721 <... set_robust_list resumed>)    = 0
12718 mprotect(0x7f7b29813000, 8388608, PROT_READ|PROT_WRITE <unfinished ...>
12721 rt_sigprocmask(SIG_SETMASK, [],  <unfinished ...>
12718 <... mprotect resumed>)           = 0
12721 <... rt_sigprocmask resumed>NULL, 8) = 0
12718 rt_sigprocmask(SIG_BLOCK, ~[],  <unfinished ...>
12721 mmap(NULL, 134217728, PROT_NONE, MAP_PRIVATE|MAP_ANONYMOUS|MAP_NORESERVE, -1, 0 <unfinished ...>
12718 <... rt_sigprocmask resumed>[], 8) = 0
12721 <... mmap resumed>)               = 0x7f7b21812000
12718 clone3({flags=CLONE_VM|CLONE_FS|CLONE_FILES|CLONE_SIGHAND|CLONE_THREAD|CLONE_SYSVSEM|CLONE_SETTLS|CLONE_PARENT_SETTID|CLONE_CHILD_CLEARTID, child_tid=0x7f7b2a012910, parent_tid=0x7f7b2a012910, exit_signal=0, stack=0x7f7b29812000, stack_size=0x800280, tls=0x7f7b2a012640} <unfinished ...>
12721 munmap(0x7f7b21812000, 41869312)  = 0
12718 <... clone3 resumed> => {parent_tid=[12722]}, 88) = 12722
12722 rseq(0x7f7b2a012fe0, 0x20, 0, 0x53053053 <unfinished ...>
12721 munmap(0x7f7b28000000, 25239552 <unfinished ...>
12718 rt_sigprocmask(SIG_SETMASK, [],  <unfinished ...>
12722 <... rseq resumed>)               = 0
12718 <... rt_sigprocmask resumed>NULL, 8) = 0
12721 <... munmap resumed>)             = 0
12718 mmap(NULL, 8392704, PROT_NONE, MAP_PRIVATE|MAP_ANONYMOUS|MAP_STACK, -1, 0 <unfinished ...>
12722 set_robust_list(0x7f7b2a012920, 24 <unfinished ...>
12718 <... mmap resumed>)               = 0x7f7b29011000
12721 mprotect(0x7f7b24000000, 135168, PROT_READ|PROT_WRITE <unfinished ...>
12718 mprotect(0x7f7b29012000, 8388608, PROT_READ|PROT_WRITE <unfinished ...>
12722 <... set_robust_list resumed>)    = 0
12718 <... mprotect resumed>)           = 0
12721 <... mprotect resumed>)           = 0
12718 rt_sigprocmask(SIG_BLOCK, ~[],  <unfinished ...>
12722 rt_sigprocmask(SIG_SETMASK, [],  <unfinished ...>
12718 <... rt_sigprocmask resumed>[], 8) = 0
12721 mmap(NULL, 167772160, PROT_READ|PROT_WRITE, MAP_PRIVATE|MAP_ANONYMOUS|MAP_NORESERVE, -1, 0 <unfinished ...>
12718 clone3({flags=CLONE_VM|CLONE_FS|CLONE_FILES|CLONE_SIGHAND|CLONE_THREAD|CLONE_SYSVSEM|CLONE_SETTLS|CLONE_PARENT_SETTID|CLONE_CHILD_CLEARTID, child_tid=0x7f7b29811910, parent_tid=0x7f7b29811910, exit_signal=0, stack=0x7f7b29011000, stack_size=0x800280, tls=0x7f7b29811640} <unfinished ...>
12722 <... rt_sigprocmask resumed>NULL, 8) = 0
12721 <... mmap resumed>)               = 0x7f7b1a000000
12718 <... clone3 resumed> => {parent_tid=[12723]}, 88) = 12723
12723 rseq(0x7f7b29811fe0, 0x20, 0, 0x53053053 <unfinished ...>
12722 mmap(NULL, 134217728, PROT_NONE, MAP_PRIVATE|MAP_ANONYMOUS|MAP_NORESERVE, -1, 0 <unfinished ...>
12718 rt_sigprocmask(SIG_SETMASK, [],  <unfinished ...>
12723 <... rseq resumed>)               = 0
12721 futex(0x7ffda269a044, FUTEX_WAIT_PRIVATE, 0, NULL <unfinished ...>
12722 <... mmap resumed>)               = 0x7f7b12000000
12723 set_robust_list(0x7f7b29811920, 24 <unfinished ...>
12722 munmap(0x7f7b12000000, 33554432 <unfinished ...>
12718 <... rt_sigprocmask resumed>NULL, 8) = 0
12723 <... set_robust_list resumed>)    = 0
12718 mmap(NULL, 8392704, PROT_NONE, MAP_PRIVATE|MAP_ANONYMOUS|MAP_STACK, -1, 0 <unfinished ...>
12722 <... munmap resumed>)             = 0
12718 <... mmap resumed>)               = 0x7f7b28810000
12723 rt_sigprocmask(SIG_SETMASK, [],  <unfinished ...>
12718 mprotect(0x7f7b28811000, 8388608, PROT_READ|PROT_WRITE <unfinished ...>
12722 munmap(0x7f7b18000000, 33554432 <unfinished ...>
12718 <... mprotect resumed>)           = 0
12723 <... rt_sigprocmask resumed>NULL, 8) = 0
12718 rt_sigprocmask(SIG_BLOCK, ~[],  <unfinished ...>
12722 <... munmap resumed>)             = 0
12718 <... rt_sigprocmask resumed>[], 8) = 0
12723 mmap(NULL, 134217728, PROT_NONE, MAP_PRIVATE|MAP_ANONYMOUS|MAP_NORESERVE, -1, 0 <unfinished ...>
12718 clone3({flags=CLONE_VM|CLONE_FS|CLONE_FILES|CLONE_SIGHAND|CLONE_THREAD|CLONE_SYSVSEM|CLONE_SETTLS|CLONE_PARENT_SETTID|CLONE_CHILD_CLEARTID, child_tid=0x7f7b29010910, parent_tid=0x7f7b29010910, exit_signal=0, stack=0x7f7b28810000, stack_size=0x800280, tls=0x7f7b29010640} <unfinished ...>
12722 mprotect(0x7f7b14000000, 135168, PROT_READ|PROT_WRITE <unfinished ...>
12723 <... mmap resumed>)               = 0x7f7b0c000000
12718 <... clone3 resumed> => {parent_tid=[12726]}, 88) = 12726
12726 rseq(0x7f7b29010fe0, 0x20, 0, 0x53053053 <unfinished ...>
12722 <... mprotect resumed>)           = 0
12718 rt_sigprocmask(SIG_SETMASK, [],  <unfinished ...>
12726 <... rseq resumed>)               = 0
12723 munmap(0x7f7b10000000, 67108864 <unfinished ...>
12718 <... rt_sigprocmask resumed>NULL, 8) = 0
12726 set_robust_list(0x7f7b29010920, 24 <unfinished ...>
12722 mmap(NULL, 167772160, PROT_READ|PROT_WRITE, MAP_PRIVATE|MAP_ANONYMOUS|MAP_NORESERVE, -1, 0 <unfinished ...>
12718 futex(0x7ffda269a044, FUTEX_WAIT_PRIVATE, 0, NULL <unfinished ...>
12726 <... set_robust_list resumed>)    = 0
12723 <... munmap resumed>)             = 0
12726 rt_sigprocmask(SIG_SETMASK, [],  <unfinished ...>
12722 <... mmap resumed>)               = 0x7f7b02000000
12726 <... rt_sigprocmask resumed>NULL, 8) = 0
12723 mprotect(0x7f7b0c000000, 135168, PROT_READ|PROT_WRITE <unfinished ...>
12726 mmap(0x7f7b10000000, 67108864, PROT_NONE, MAP_PRIVATE|MAP_ANONYMOUS|MAP_NORESERVE, -1, 0 <unfinished ...>
12722 futex(0x7ffda269a044, FUTEX_WAIT_PRIVATE, 0, NULL <unfinished ...>
12726 <... mmap resumed>)               = 0x7f7b10000000
12723 <... mprotect resumed>)           = 0
12726 mprotect(0x7f7b10000000, 135168, PROT_READ|PROT_WRITE <unfinished ...>
12723 mmap(NULL, 167772160, PROT_READ|PROT_WRITE, MAP_PRIVATE|MAP_ANONYMOUS|MAP_NORESERVE, -1, 0 <unfinished ...>
12726 <... mprotect resumed>)           = 0
12723 <... mmap resumed>)               = 0x7f7af8000000
12726 mmap(NULL, 167772160, PROT_READ|PROT_WRITE, MAP_PRIVATE|MAP_ANONYMOUS|MAP_NORESERVE, -1, 0 <unfinished ...>
12723 futex(0x7ffda269a044, FUTEX_WAIT_PRIVATE, 0, NULL <unfinished ...>
12726 <... mmap resumed>)               = 0x7f7aee000000
12726 futex(0x7ffda269a044, FUTEX_WAKE_PRIVATE, 2147483647) = 4
12723 <... futex resumed>)              = 0
12722 <... futex resumed>)              = 0
12721 <... futex resumed>)              = 0
12718 <... futex resumed>)              = 0
12718 futex(0x7ffda269a064, FUTEX_WAIT_PRIVATE, 0, NULL <unfinished ...>
12726 munmap(0x7f7aee000000, 167772160) = 0
12726 mmap(NULL, 167772160, PROT_READ|PROT_WRITE, MAP_PRIVATE|MAP_ANONYMOUS|MAP_NORESERVE, -1, 0) = 0x7f7aee000000
12726 futex(0x7ffda269a064, FUTEX_WAIT_PRIVATE, 0, NULL <unfinished ...>
12723 futex(0x7ffda269a064, FUTEX_WAIT_PRIVATE, 0, NULL <unfinished ...>
12722 futex(0x7ffda269a064, FUTEX_WAIT_PRIVATE, 0, NULL <unfinished ...>
12721 futex(0x7ffda269a064, FUTEX_WAKE_PRIVATE, 2147483647 <unfinished ...>
12722 <... futex resumed>)              = -1 EAGAIN (Resource temporarily unavailable)
12721 <... futex resumed>)              = 3
12718 <... futex resumed>)              = 0
12726 <... futex resumed>)              = 0
12723 <... futex resumed>)              = 0
12718 futex(0x7f7b2a813910, FUTEX_WAIT_BITSET|FUTEX_CLOCK_REALTIME, 12721, NULL, FUTEX_BITSET_MATCH_ANY <unfinished ...>
12726 rt_sigprocmask(SIG_BLOCK, ~[RT_1],  <unfinished ...>
12722 rt_sigprocmask(SIG_BLOCK, ~[RT_1],  <unfinished ...>
12721 rt_sigprocmask(SIG_BLOCK, ~[RT_1],  <unfinished ...>
12726 <... rt_sigprocmask resumed>NULL, 8) = 0
12723 rt_sigprocmask(SIG_BLOCK, ~[RT_1],  <unfinished ...>
12722 <... rt_sigprocmask resumed>NULL, 8) = 0
12726 madvise(0x7f7b28810000, 8372224, MADV_DONTNEED <unfinished ...>
12723 <... rt_sigprocmask resumed>NULL, 8) = 0
12721 <... rt_sigprocmask resumed>NULL, 8) = 0
12726 <... madvise resumed>)            = 0
12723 madvise(0x7f7b29011000, 8372224, MADV_DONTNEED <unfinished ...>
12722 madvise(0x7f7b29812000, 8372224, MADV_DONTNEED <unfinished ...>
12726 exit(0 <unfinished ...>
12723 <... madvise resumed>)            = 0
12721 madvise(0x7f7b2a013000, 8372224, MADV_DONTNEED <unfinished ...>
12726 <... exit resumed>)               = ?
12723 exit(0 <unfinished ...>
12722 <... madvise resumed>)            = 0
12723 <... exit resumed>)               = ?
12722 exit(0 <unfinished ...>
12721 <... madvise resumed>)            = 0
12722 <... exit resumed>)               = ?
12721 exit(0)                           = ?
12718 <... futex resumed>)              = 0
12718 openat(AT_FDCWD, "/proc/self/statm", O_RDONLY) = 3
12718 newfstatat(3, "", {st_mode=S_IFREG|0444, st_size=0, ...}, AT_EMPTY_PATH) = 0
12718 read(3, "237924 76052 89 199 0 172239 0\n", 1024) = 31
12718 write(2, "mmbench: peak RSS ~297 MB\n", 26) = 26
12718 close(3)                          = 0
12718 uname({sysname="Linux", nodename="syzkaller", ...}) = 0
12718 uname({sysname="Linux", nodename="syzkaller", ...}) = 0
12718 newfstatat(1, "", {st_mode=S_IFCHR|0666, st_rdev=makedev(0x1, 0x3), ...}, AT_EMPTY_PATH) = 0
12718 ioctl(1, TCGETS, 0x7ffda2699760)  = -1 ENOTTY (Inappropriate ioctl for device)
12718 write(1, "{\"bench\":\"pf\",\"contention\":\"low\",\"threads\":4,\"ops\":29222,\"elapsed_s\":1.005,\"ops_per_us\":0.007403"..., 187) = 187
12718 exit_group(0)                     = ?
