qemu-system-x86_64: warning: host doesn't support requested feature: CPUID.80000001H:ECX.svm [bit 2]
qemu-system-x86_64: warning: host doesn't support requested feature: CPUID.80000001H:ECX.svm [bit 2]
qemu-system-x86_64: warning: host doesn't support requested feature: CPUID.80000001H:ECX.svm [bit 2]
qemu-system-x86_64: warning: host doesn't support requested feature: CPUID.80000001H:ECX.svm [bit 2]
c[?7l[2J[0mSeaBIOS (version 1.15.0-1)


iPXE (https://ipxe.org) 00:03.0 CA00 PCI2.10 PnP PMM+7FF8B310+7FECB310 CA00
Press Ctrl-B to configure iPXE (PCI 00:03.0)...                                                                               


Booting from ROM...
c[?7l[2J[    0.000000] Linux version 6.18.32-g4ca6ef1048f0 (ppw@vm) (gcc (Ubuntu 11.4.0-1ubuntu1~22.04.3) 11.4.0, GNU ld (GNU Binutils for Ubuntu) 2.38) #1 SMP PREEMPT_DYNAMIC Tue Sep 22 00:16:31 CST 2026
[    0.000000] Command line: console=ttyS0 panic=-1 kunit.filter_glob=corten*
[    0.000000] x86/CPU: Model not found in latest microcode list
[    0.000000] BIOS-provided physical RAM map:
[    0.000000] BIOS-e820: [mem 0x0000000000000000-0x000000000009fbff] usable
[    0.000000] BIOS-e820: [mem 0x000000000009fc00-0x000000000009ffff] reserved
[    0.000000] BIOS-e820: [mem 0x00000000000f0000-0x00000000000fffff] reserved
[    0.000000] BIOS-e820: [mem 0x0000000000100000-0x000000007ffdffff] usable
[    0.000000] BIOS-e820: [mem 0x000000007ffe0000-0x000000007fffffff] reserved
[    0.000000] BIOS-e820: [mem 0x00000000feffc000-0x00000000feffffff] reserved
[    0.000000] BIOS-e820: [mem 0x00000000fffc0000-0x00000000ffffffff] reserved
[    0.000000] NX (Execute Disable) protection: active
[    0.000000] APIC: Static calls initialized
[    0.000000] SMBIOS 2.8 present.
[    0.000000] DMI: QEMU Standard PC (i440FX + PIIX, 1996), BIOS 1.15.0-1 04/01/2014
[    0.000000] DMI: Memory slots populated: 1/1
[    0.000000] Hypervisor detected: KVM
[    0.000000] last_pfn = 0x7ffe0 max_arch_pfn = 0x400000000
[    0.000000] kvm-clock: Using msrs 4b564d01 and 4b564d00
[    0.000002] kvm-clock: using sched offset of 3693892565 cycles
[    0.000004] clocksource: kvm-clock: mask: 0xffffffffffffffff max_cycles: 0x1cd42e4dffb, max_idle_ns: 881590591483 ns
[    0.000008] tsc: Detected 2419.196 MHz processor
[    0.002996] last_pfn = 0x7ffe0 max_arch_pfn = 0x400000000
[    0.003559] MTRR map: 4 entries (3 fixed + 1 variable; max 19), built from 8 variable MTRRs
[    0.003680] x86/PAT: Configuration [0-7]: WB  WC  UC- UC  WB  WP  UC- WT  
[    0.019957] found SMP MP-table at [mem 0x000f5ba0-0x000f5baf]
[    0.020378] ACPI: Early table checksum verification disabled
[    0.020387] ACPI: RSDP 0x00000000000F59E0 000014 (v00 BOCHS )
[    0.020613] ACPI: RSDT 0x000000007FFE1A1C 000034 (v01 BOCHS  BXPC     00000001 BXPC 00000001)
[    0.020627] ACPI: FACP 0x000000007FFE18B8 000074 (v01 BOCHS  BXPC     00000001 BXPC 00000001)
[    0.021519] ACPI: DSDT 0x000000007FFE0040 001878 (v01 BOCHS  BXPC     00000001 BXPC 00000001)
[    0.021541] ACPI: FACS 0x000000007FFE0000 000040
[    0.021550] ACPI: APIC 0x000000007FFE192C 000090 (v01 BOCHS  BXPC     00000001 BXPC 00000001)
[    0.021557] ACPI: HPET 0x000000007FFE19BC 000038 (v01 BOCHS  BXPC     00000001 BXPC 00000001)
[    0.021564] ACPI: WAET 0x000000007FFE19F4 000028 (v01 BOCHS  BXPC     00000001 BXPC 00000001)
[    0.021569] ACPI: Reserving FACP table memory at [mem 0x7ffe18b8-0x7ffe192b]
[    0.021575] ACPI: Reserving DSDT table memory at [mem 0x7ffe0040-0x7ffe18b7]
[    0.021578] ACPI: Reserving FACS table memory at [mem 0x7ffe0000-0x7ffe003f]
[    0.021580] ACPI: Reserving APIC table memory at [mem 0x7ffe192c-0x7ffe19bb]
[    0.021583] ACPI: Reserving HPET table memory at [mem 0x7ffe19bc-0x7ffe19f3]
[    0.021584] ACPI: Reserving WAET table memory at [mem 0x7ffe19f4-0x7ffe1a1b]
[    0.024273] No NUMA configuration found
[    0.024277] Faking a node at [mem 0x0000000000000000-0x000000007ffdffff]
[    0.024287] NODE_DATA(0) allocated [mem 0x7ffdbe40-0x7ffdffff]
[    0.025622] Zone ranges:
[    0.025625]   DMA      [mem 0x0000000000001000-0x0000000000ffffff]
[    0.025632]   DMA32    [mem 0x0000000001000000-0x000000007ffdffff]
[    0.025635]   Normal   empty
[    0.025638] Movable zone start for each node
[    0.025640] Early memory node ranges
[    0.025641]   node   0: [mem 0x0000000000001000-0x000000000009efff]
[    0.025645]   node   0: [mem 0x0000000000100000-0x000000007ffdffff]
[    0.025649] Initmem setup node 0 [mem 0x0000000000001000-0x000000007ffdffff]
[    0.027167] On node 0, zone DMA: 1 pages in unavailable ranges
[    0.032415] On node 0, zone DMA: 97 pages in unavailable ranges
[    0.779329] On node 0, zone DMA32: 32 pages in unavailable ranges
[    0.782828] ACPI: PM-Timer IO Port: 0x608
[    0.782903] ACPI: LAPIC_NMI (acpi_id[0xff] dfl dfl lint[0x1])
[    0.784038] IOAPIC[0]: apic_id 0, version 17, address 0xfec00000, GSI 0-23
[    0.784052] ACPI: INT_SRC_OVR (bus 0 bus_irq 0 global_irq 2 dfl dfl)
[    0.784057] ACPI: INT_SRC_OVR (bus 0 bus_irq 5 global_irq 5 high level)
[    0.784061] ACPI: INT_SRC_OVR (bus 0 bus_irq 9 global_irq 9 high level)
[    0.784064] ACPI: INT_SRC_OVR (bus 0 bus_irq 10 global_irq 10 high level)
[    0.784066] ACPI: INT_SRC_OVR (bus 0 bus_irq 11 global_irq 11 high level)
[    0.784079] ACPI: Using ACPI (MADT) for SMP configuration information
[    0.784081] ACPI: HPET id: 0x8086a201 base: 0xfed00000
[    0.784104] CPU topo: Max. logical packages:   1
[    0.784107] CPU topo: Max. logical dies:       1
[    0.784108] CPU topo: Max. dies per package:   1
[    0.784118] CPU topo: Max. threads per core:   1
[    0.784119] CPU topo: Num. cores per package:     4
[    0.784121] CPU topo: Num. threads per package:   4
[    0.784122] CPU topo: Allowing 4 present CPUs plus 0 hotplug CPUs
[    0.784247] kvm-guest: APIC: eoi() replaced with kvm_guest_apic_eoi_write()
[    0.784342] PM: hibernation: Registered nosave memory: [mem 0x00000000-0x00000fff]
[    0.784347] PM: hibernation: Registered nosave memory: [mem 0x0009f000-0x000fffff]
[    0.784354] [mem 0x80000000-0xfeffbfff] available for PCI devices
[    0.784357] Booting paravirtualized kernel on KVM
[    0.784362] clocksource: refined-jiffies: mask: 0xffffffff max_cycles: 0xffffffff, max_idle_ns: 1910969940391419 ns
[    0.807692] setup_percpu: NR_CPUS:64 nr_cpumask_bits:4 nr_cpu_ids:4 nr_node_ids:1
[    0.867207] percpu: Embedded 56 pages/cpu s192080 r8192 d29104 u524288
[    0.867625] Kernel command line: console=ttyS0 panic=-1 kunit.filter_glob=corten*
[    0.867701] printk: log buffer data + meta data: 262144 + 917504 = 1179648 bytes
[    0.915449] Dentry cache hash table entries: 262144 (order: 9, 2097152 bytes, linear)
[    0.940460] Inode-cache hash table entries: 131072 (order: 8, 1048576 bytes, linear)
[    0.941852] Fallback order for Node 0: 0 
[    0.941869] Built 1 zonelists, mobility grouping on.  Total pages: 524158
[    0.941873] Policy zone: DMA32
[    0.941883] mem auto-init: stack:off, heap alloc:off, heap free:off
[    0.953931] SLUB: HWalign=64, Order=0-3, MinObjects=0, CPUs=4, Nodes=1
[    0.954017] Kernel/User page tables isolation: enabled
[    0.961281] Dynamic Preempt: voluntary
[    0.962831] Running RCU self tests
[    0.962833] Running RCU synchronous self tests
[    0.962840] rcu: Preemptible hierarchical RCU implementation.
[    0.962842] rcu: 	RCU event tracing is enabled.
[    0.962843] rcu: 	RCU lockdep checking is enabled.
[    0.962844] rcu: 	RCU restricting CPUs from NR_CPUS=64 to nr_cpu_ids=4.
[    0.962938] 	Trampoline variant of Tasks RCU enabled.
[    0.962939] 	Tracing variant of Tasks RCU enabled.
[    0.962941] rcu: RCU calculated value of scheduler-enlistment delay is 100 jiffies.
[    0.962943] rcu: Adjusting geometry for rcu_fanout_leaf=16, nr_cpu_ids=4
[    0.963030] Running RCU synchronous self tests
[    0.963035] RCU Tasks: Setting shift to 2 and lim to 1 rcu_task_cb_adjust=1 rcu_task_cpu_ids=4.
[    0.963040] RCU Tasks Trace: Setting shift to 2 and lim to 1 rcu_task_cb_adjust=1 rcu_task_cpu_ids=4.
[    0.973668] NR_IRQS: 4352, nr_irqs: 456, preallocated irqs: 16
[    0.974045] rcu: srcu_init: Setting srcu_struct sizes based on contention.
[    1.049537] Console: colour VGA+ 80x25
[    1.049913] printk: legacy console [ttyS0] enabled
[    1.631527] Lock dependency validator: Copyright (c) 2006 Red Hat, Inc., Ingo Molnar
[    1.638954] ... MAX_LOCKDEP_SUBCLASSES:  8
[    1.642903] ... MAX_LOCK_DEPTH:          48
[    1.646951] ... MAX_LOCKDEP_KEYS:        8192
[    1.651099] ... CLASSHASH_SIZE:          4096
[    1.655155] ... MAX_LOCKDEP_ENTRIES:     32768
[    1.659372] ... MAX_LOCKDEP_CHAINS:      65536
[    1.663534] ... CHAINHASH_SIZE:          32768
[    1.667551]  memory used by lock dependency info: 6429 kB
[    1.672630]  memory used for stack traces: 4224 kB
[    1.677079]  per task-struct memory footprint: 1920 bytes
[    1.682698] ACPI: Core revision 20250807
[    1.688198] clocksource: hpet: mask: 0xffffffff max_cycles: 0xffffffff, max_idle_ns: 19112604467 ns
[    1.696925] APIC: Switch to symmetric I/O mode setup
[    1.707321] x2apic enabled
[    1.716419] APIC: Switched APIC routing to: physical x2apic
[    1.737807] ..TIMER: vector=0x30 apic1=0 pin1=2 apic2=-1 pin2=-1
[    1.743262] clocksource: tsc-early: mask: 0xffffffffffffffff max_cycles: 0x22df0d21928, max_idle_ns: 440795225288 ns
[    1.751100] Calibrating delay loop (skipped) preset value.. 4838.39 BogoMIPS (lpj=2419196)
[    1.754825] Last level iTLB entries: 4KB 0, 2MB 0, 4MB 0
[    1.755075] Last level dTLB entries: 4KB 0, 2MB 0, 4MB 0, 1GB 0
[    1.756063] mitigations: Enabled attack vectors: user_kernel, user_user, SMT mitigations: auto
[    1.756081] Speculative Store Bypass: Vulnerable
[    1.757063] Spectre V2 : Mitigation: Retpolines
[    1.757063] ITS: Mitigation: Aligned branch/return thunks
[    1.757070] MDS: Vulnerable: Clear CPU buffers attempted, no microcode
[    1.758063] Spectre V1 : Mitigation: usercopy/swapgs barriers and __user pointer sanitization
[    1.758063] Spectre V2 : Spectre v2 / SpectreRSB: Filling RSB on context switch and VMEXIT
[    1.758084] active return thunk: its_return_thunk
[    1.759063] x86/fpu: x87 FPU will use FXSAVE
[    1.770063] Freeing SMP alternatives memory: 60K
[    1.770063] pid_max: default: 32768 minimum: 301
[    1.770063] LSM: initializing lsm=capability,selinux
[    1.770231] SELinux:  Initializing.
[    1.772063] Mount-cache hash table entries: 4096 (order: 3, 32768 bytes, linear)
[    1.772111] Mountpoint-cache hash table entries: 4096 (order: 3, 32768 bytes, linear)
[    1.778063] Running RCU synchronous self tests
[    1.778070] Running RCU synchronous self tests
[    1.814724] smpboot: CPU0: Intel QEMU Virtual CPU version 2.5+ (family: 0xf, model: 0x6b, stepping: 0x1)
[    1.821316] Performance Events: unsupported Netburst CPU model 107 no PMU driver, software events only.
[    1.823929] signal: max sigframe size: 1440
[    1.825477] rcu: Hierarchical SRCU implementation.
[    1.826081] rcu: 	Max phase no-delay instances is 400.
[    1.830059] Timer migration: 1 hierarchy levels; 8 children per group; 1 crossnode level
[    1.851063] smp: Bringing up secondary CPUs ...
[    1.857063] smpboot: x86: Booting SMP configuration:
[    1.857085] .... node  #0, CPUs:      #1 #2 #3
[    1.885448] smp: Brought up 1 node, 4 CPUs
[    1.887069] smpboot: Total of 4 processors activated (19353.56 BogoMIPS)
[    1.891897] Memory: 1992848K/2096632K available (23105K kernel code, 3528K rwdata, 9188K rodata, 3548K init, 12544K bss, 98908K reserved, 0K cma-reserved)
[    1.899089] devtmpfs: initialized
[    1.910567] Running RCU synchronous self tests
[    1.911096] Running RCU synchronous self tests
[    1.915182] Running RCU Tasks wait API self tests
[    1.918075] Running RCU Tasks Trace wait API self tests
[    1.938105] clocksource: jiffies: mask: 0xffffffff max_cycles: 0xffffffff, max_idle_ns: 1911260446275000 ns
[    1.939149] posixtimers hash table entries: 2048 (order: 6, 147456 bytes, linear)
[    1.946635] futex hash table entries: 1024 (131072 bytes on 1 NUMA nodes, total 128 KiB, linear).
[    1.950072] PM: RTC time: 16:17:44, date: 2026-09-21
[    1.963088] Callback from call_rcu_tasks_trace() invoked.
[    2.018436] NET: Registered PF_NETLINK/PF_ROUTE protocol family
[    2.023283] audit: initializing netlink subsys (disabled)
[    2.026532] audit: type=2000 audit(1790007463.030:1): state=initialized audit_enabled=0 res=1
[    2.028159] thermal_sys: Registered thermal governor 'step_wise'
[    2.029086] cpuidle: using governor menu
[    2.039060] PCI: Using configuration type 1 for base access
[    2.039433] kprobes: kprobe jump-optimization is enabled. All kprobes are optimized if possible.
[    2.047778] HugeTLB: registered 2.00 MiB page size, pre-allocated 0 pages
[    2.053089] HugeTLB: 28 KiB vmemmap can be freed for a 2.00 MiB page
[    2.058802] ACPI: Added _OSI(Module Device)
[    2.061090] ACPI: Added _OSI(Processor Device)
[    2.062088] ACPI: Added _OSI(Processor Aggregator Device)
[    2.066812] ACPI: 1 ACPI AML tables successfully acquired and loaded
[    2.081447] ACPI: Interpreter enabled
[    2.082242] ACPI: PM: (supports S0 S3 S4 S5)
[    2.084173] ACPI: Using IOAPIC for interrupt routing
[    2.087238] PCI: Using host bridge windows from ACPI; if necessary, use "pci=nocrs" and report a bug
[    2.094072] PCI: Using E820 reservations for host bridge windows
[    2.097284] ACPI: Enabled 2 GPEs in block 00 to 0F
[    2.125683] ACPI: PCI Root Bridge [PCI0] (domain 0000 [bus 00-ff])
[    2.129109] acpi PNP0A03:00: _OSC: OS supports [ASPM ClockPM Segments MSI HPX-Type3]
[    2.134273] acpi PNP0A03:00: _OSC: not requesting OS control; OS requires [ExtendedConfig ASPM ClockPM MSI]
[    2.134273] Callback from call_rcu_tasks() invoked.
[    2.139265] acpi PNP0A03:00: fail to add MMCONFIG information, can't access extended configuration space under this bridge
[    2.150636] PCI host bridge to bus 0000:00
[    2.151074] pci_bus 0000:00: root bus resource [io  0x0000-0x0cf7 window]
[    2.155121] pci_bus 0000:00: root bus resource [io  0x0d00-0xffff window]
[    2.157096] pci_bus 0000:00: root bus resource [mem 0x000a0000-0x000bffff window]
[    2.160088] pci_bus 0000:00: root bus resource [mem 0x80000000-0xfebfffff window]
[    2.163074] pci_bus 0000:00: root bus resource [mem 0x100000000-0x17fffffff window]
[    2.167095] pci_bus 0000:00: root bus resource [bus 00-ff]
[    2.170460] pci 0000:00:00.0: [8086:1237] type 00 class 0x060000 conventional PCI endpoint
[    2.176962] pci 0000:00:01.0: [8086:7000] type 00 class 0x060100 conventional PCI endpoint
[    2.182827] pci 0000:00:01.1: [8086:7010] type 00 class 0x010180 conventional PCI endpoint
[    2.191417] pci 0000:00:01.1: BAR 4 [io  0xc040-0xc04f]
[    2.193409] pci 0000:00:01.1: BAR 0 [io  0x01f0-0x01f7]: legacy IDE quirk
[    2.196078] pci 0000:00:01.1: BAR 1 [io  0x03f6]: legacy IDE quirk
[    2.198075] pci 0000:00:01.1: BAR 2 [io  0x0170-0x0177]: legacy IDE quirk
[    2.202083] pci 0000:00:01.1: BAR 3 [io  0x0376]: legacy IDE quirk
[    2.206661] pci 0000:00:01.3: [8086:7113] type 00 class 0x068000 conventional PCI endpoint
[    2.214456] pci 0000:00:01.3: quirk: [io  0x0600-0x063f] claimed by PIIX4 ACPI
[    2.217177] pci 0000:00:01.3: quirk: [io  0x0700-0x070f] claimed by PIIX4 SMB
[    2.222925] pci 0000:00:02.0: [1234:1111] type 00 class 0x030000 conventional PCI endpoint
[    2.238523] pci 0000:00:02.0: BAR 0 [mem 0xfd000000-0xfdffffff pref]
[    2.243242] pci 0000:00:02.0: BAR 2 [mem 0xfebb0000-0xfebb0fff]
[    2.245323] pci 0000:00:02.0: ROM [mem 0xfeba0000-0xfebaffff pref]
[    2.253446] pci 0000:00:02.0: Video device with shadowed ROM at [mem 0x000c0000-0x000dffff]
[    2.276164] pci 0000:00:03.0: [8086:100e] type 00 class 0x020000 conventional PCI endpoint
[    2.285078] pci 0000:00:03.0: BAR 0 [mem 0xfeb80000-0xfeb9ffff]
[    2.290171] pci 0000:00:03.0: BAR 1 [io  0xc000-0xc03f]
[    2.296418] pci 0000:00:03.0: ROM [mem 0xfeb00000-0xfeb7ffff pref]
[    2.326460] ACPI: PCI: Interrupt link LNKA configured for IRQ 10
[    2.327504] ACPI: PCI: Interrupt link LNKB configured for IRQ 10
[    2.327504] ACPI: PCI: Interrupt link LNKC configured for IRQ 11
[    2.330789] ACPI: PCI: Interrupt link LNKD configured for IRQ 11
[    2.330789] ACPI: PCI: Interrupt link LNKS configured for IRQ 9
[    2.333883] iommu: Default domain type: Translated
[    2.333883] iommu: DMA domain TLB invalidation policy: lazy mode
[    2.341965] SCSI subsystem initialized
[    2.345204] ACPI: bus type USB registered
[    2.346624] usbcore: registered new interface driver usbfs
[    2.346674] usbcore: registered new interface driver hub
[    2.347298] usbcore: registered new device driver usb
[    2.347933] pps_core: LinuxPPS API ver. 1 registered
[    2.347933] pps_core: Software ver. 5.3.6 - Copyright 2005-2007 Rodolfo Giometti <giometti@linux.it>
[    2.348147] PTP clock support registered
[    2.349335] Advanced Linux Sound Architecture Driver Initialized.
[    2.356187] NetLabel: Initializing
[    2.357063] NetLabel:  domain hash size = 128
[    2.357063] NetLabel:  protocols = UNLABELED CIPSOv4 CALIPSO
[    2.357796] NetLabel:  unlabeled traffic allowed by default
[    2.366384] PCI: Using ACPI for IRQ routing
[    2.371815] pci 0000:00:02.0: vgaarb: setting as boot VGA device
[    2.372063] pci 0000:00:02.0: vgaarb: bridge control possible
[    2.372063] pci 0000:00:02.0: vgaarb: VGA device added: decodes=io+mem,owns=io+mem,locks=none
[    2.372082] vgaarb: loaded
[    2.385340] hpet: 3 channels of 0 reserved for per-cpu timers
[    2.387326] hpet0: at MMIO 0xfed00000, IRQs 2, 8, 0
[    2.388076] hpet0: 3 comparators, 64-bit 100.000000 MHz counter
[    2.402200] clocksource: Switched to clocksource kvm-clock
[    2.427216] VFS: Disk quotas dquot_6.6.0
[    2.431172] VFS: Dquot-cache hash table entries: 512 (order 0, 4096 bytes)
[    2.447759] pnp: PnP ACPI init
[    2.454499] pnp: PnP ACPI: found 6 devices
[    2.563538] clocksource: acpi_pm: mask: 0xffffff max_cycles: 0xffffff, max_idle_ns: 2085701024 ns
[    2.580267] NET: Registered PF_INET protocol family
[    2.614435] IP idents hash table entries: 32768 (order: 6, 262144 bytes, linear)
[    2.636345] tcp_listen_portaddr_hash hash table entries: 1024 (order: 5, 73728 bytes, linear)
[    2.646546] Table-perturb hash table entries: 65536 (order: 6, 262144 bytes, linear)
[    2.656805] TCP established hash table entries: 16384 (order: 5, 131072 bytes, linear)
[    2.676861] TCP bind hash table entries: 16384 (order: 10, 2359296 bytes, linear)
[    2.762869] kwatchdog (53) used greatest stack depth: 14776 bytes left
[    2.768017] TCP: Hash tables configured (established 16384 bind 16384)
[    2.809415] UDP hash table entries: 1024 (order: 6, 262144 bytes, linear)
[    2.822153] UDP-Lite hash table entries: 1024 (order: 6, 262144 bytes, linear)
[    2.836670] NET: Registered PF_UNIX/PF_LOCAL protocol family
[    2.854515] RPC: Registered named UNIX socket transport module.
[    2.860218] RPC: Registered udp transport module.
[    2.863708] RPC: Registered tcp transport module.
[    2.867625] RPC: Registered tcp-with-tls transport module.
[    2.872536] RPC: Registered tcp NFSv4.1 backchannel transport module.
[    2.882598] pci_bus 0000:00: resource 4 [io  0x0000-0x0cf7 window]
[    2.888452] pci_bus 0000:00: resource 5 [io  0x0d00-0xffff window]
[    2.894404] pci_bus 0000:00: resource 6 [mem 0x000a0000-0x000bffff window]
[    2.901072] pci_bus 0000:00: resource 7 [mem 0x80000000-0xfebfffff window]
[    2.905836] pci_bus 0000:00: resource 8 [mem 0x100000000-0x17fffffff window]
[    2.912558] pci 0000:00:01.0: PIIX3: Enabling Passive Release
[    2.917618] pci 0000:00:00.0: Limiting direct PCI/PCI transfers
[    2.924920] PCI: CLS 0 bytes, default 64
[    2.933015] clocksource: tsc: mask: 0xffffffffffffffff max_cycles: 0x22df0d21928, max_idle_ns: 440795225288 ns
[    2.969237] Initialise system trusted keyrings
[    2.977212] workingset: timestamp_bits=40 max_order=19 bucket_order=0
[    2.996280] NFS: Registering the id_resolver key type
[    3.002497] Key type id_resolver registered
[    3.007026] Key type id_legacy registered
[    3.014994] 9p: Installing v9fs 9p2000 file system support
[    3.081792] Key type asymmetric registered
[    3.086764] Asymmetric key parser 'x509' registered
[    3.093748] Block layer SCSI generic (bsg) driver version 0.4 loaded (major 251)
[    3.103323] io scheduler mq-deadline registered
[    3.107282] io scheduler kyber registered
[    3.122836] input: Power Button as /devices/LNXSYSTM:00/LNXPWRBN:00/input/input0
[    3.132566] ACPI: button: Power Button [PWRF]
[    3.149485] Serial: 8250/16550 driver, 4 ports, IRQ sharing enabled
[    3.163827] 00:04: ttyS0 at I/O 0x3f8 (irq = 4, base_baud = 115200) is a 16550A
[    3.191675] Non-volatile memory driver v1.3
[    3.194680] Linux agpgart interface v0.103
[    3.389285] ACPI: bus type drm_connector registered
[    3.478425] loop: module loaded
[    3.487173] zram: Added device: zram0
[    3.512222] scsi host0: ata_piix
[    3.522762] scsi host1: ata_piix
[    3.526103] ata1: PATA max MWDMA2 cmd 0x1f0 ctl 0x3f6 bmdma 0xc040 irq 14 lpm-pol 0
[    3.532877] ata2: PATA max MWDMA2 cmd 0x170 ctl 0x376 bmdma 0xc048 irq 15 lpm-pol 0
[    3.548794] tun: Universal TUN/TAP device driver, 1.6
[    3.556120] e100: Intel(R) PRO/100 Network Driver
[    3.559581] e100: Copyright(c) 1999-2006 Intel Corporation
[    3.563363] e1000: Intel(R) PRO/1000 Network Driver
[    3.568798] e1000: Copyright (c) 1999-2006 Intel Corporation.
[    3.705131] ata2: found unknown device (class 0)
[    3.711690] ata2.00: ATAPI: QEMU DVD-ROM, 2.5+, max UDMA/100
[    3.732366] scsi 1:0:0:0: CD-ROM            QEMU     QEMU DVD-ROM     2.5+ PQ: 0 ANSI: 5
[    3.789062] ACPI: \_SB_.LNKC: Enabled at IRQ 11
[    3.803343] sr 1:0:0:0: [sr0] scsi3-mmc drive: 4x/4x cd/rw xa/form2 tray
[    3.806736] cdrom: Uniform CD-ROM driver Revision: 3.20
[    3.852225] sr 1:0:0:0: Attached scsi generic sg0 type 5
[    4.885011] e1000 0000:00:03.0 eth0: (PCI:33MHz:32-bit) 52:54:00:12:34:56
[    4.891709] e1000 0000:00:03.0 eth0: Intel(R) PRO/1000 Network Connection
[    4.898509] e1000e: Intel(R) PRO/1000 Network Driver
[    4.903399] e1000e: Copyright(c) 1999 - 2015 Intel Corporation.
[    4.909321] sky2: driver version 1.30
[    4.916880] usbcore: registered new interface driver usblp
[    4.923567] usbcore: registered new interface driver usb-storage
[    4.931046] i8042: PNP: PS/2 Controller [PNP0303:KBD,PNP0f13:MOU] at 0x60,0x64 irq 1,12
[    4.947436] serio: i8042 KBD port at 0x60,0x64 irq 1
[    4.952052] serio: i8042 AUX port at 0x60,0x64 irq 12
[    4.967759] input: AT Translated Set 2 keyboard as /devices/platform/i8042/serio0/input/input1
[    4.974680] rtc_cmos 00:05: RTC can wake from S4
[    4.995369] rtc_cmos 00:05: registered as rtc0
[    5.004036] rtc_cmos 00:05: alarms up to one day, y3k, 242 bytes nvram, hpet irqs
[    5.021458] device-mapper: ioctl: 4.50.0-ioctl (2025-04-28) initialised: dm-devel@lists.linux.dev
[    5.034955] intel_pstate: CPU model not supported
[    5.040262] hid: raw HID events driver (C) Jiri Kosina
[    5.050681] usbcore: registered new interface driver usbhid
[    5.055612] usbhid: USB HID core driver
[    5.102609] xt_time: kernel timezone is -0000
[    5.108382] Initializing XFRM netlink socket
[    5.113477] NET: Registered PF_INET6 protocol family
[    5.134894] Segment Routing with IPv6
[    5.138970] In-situ OAM (IOAM) with IPv6
[    5.141392] sit: IPv6, IPv4 and MPLS over IPv4 tunneling driver
[    5.148349] NET: Registered PF_PACKET protocol family
[    5.152803] NET: Registered PF_KEY protocol family
[    5.158250] 9pnet: Installing 9P2000 support
[    5.162220] Key type dns_resolver registered
[    5.168701] NET: Registered PF_VSOCK protocol family
[    5.183078] IPI shorthand broadcast: enabled
[    5.283764] sched_clock: Marking stable (4508274203, 775001489)->(6380534871, -1097259179)
[    5.298610] registered taskstats version 1
[    5.303874] Loading compiled-in X.509 certificates
[    5.412516] Demotion targets for Node 0: null
[    5.416688] Key type .fscrypt registered
[    5.419502] Key type fscrypt-provisioning registered
[    5.429168] PM:   Magic number: 10:15:288
[    5.432242] tty tty21: hash matches
[    5.436041] netconsole: network logging started
[    5.442109] cfg80211: Loading compiled-in X.509 certificates for regulatory database
[    5.451505] kworker/u16:2 (73) used greatest stack depth: 14072 bytes left
[    5.461599] Loaded X.509 cert 'sforshee: 00b28ddf47aef9cea7'
[    5.467226] Loaded X.509 cert 'wens: 61c038651aabdcf94bd0ac7ff06c7248db18c600'
[    5.475418] ALSA device list:
[    5.477965]   No soundcards found.
[    5.478477] faux_driver regulatory: Direct firmware load for regulatory.db failed with error -2
[    5.484448] KTAP version 1
[    5.489444] cfg80211: failed to load regulatory.db
[    5.491988] 1..3
[    5.502537]     KTAP version 1
[    5.507550]     # Subtest: corten
[    5.512205]     # module: corten_test
[    5.512211]     1..25
[    5.518732] input: ImExPS/2 Generic Explorer Mouse as /devices/platform/i8042/serio1/input/input3
[    5.524011]     ok 1 corten_test_layout
[    5.529957]     ok 2 corten_test_ptdesc_get_put
[    5.537676]     ok 3 corten_test_meta_roundtrip
[    5.544990]     ok 4 corten_test_meta_reinit_cleared
[    5.552711]     ok 5 corten_test_covering_level
[    5.561567]     ok 6 corten_test_covering_base_index
[    5.569821]     ok 7 corten_test_txn_covering
[    5.577724]     ok 8 corten_test_txn_hole
[    5.585389]     ok 9 corten_test_txn_stale_eagain
[    5.590578]     ok 10 corten_test_lock_range_args
[    5.598465]     ok 11 corten_test_txn_state_machine
[    5.607506]     ok 12 corten_test_txn_atomic_validate
[    5.617601]     ok 13 corten_test_txn_real_glue
[    5.680341]     ok 14 corten_test_txn_mutex_overlap
[    5.714773]     ok 15 corten_test_txn_mutex_disjoint
[    5.723049]     ok 16 corten_test_fail_alloc
[    5.731769]     ok 17 corten_test_txn_hole_fill
[    5.744931]     ok 18 corten_test_txn_hole_race
[    6.002407]     ok 19 corten_test_txn_uninstall_interlock
[    6.013275]     ok 20 corten_test_uninstall_bh_ctx
[    6.022515] ------------[ cut here ]------------
[    6.032706] WARNING: CPU: 2 PID: 125 at mm/corten.c:865 corten_txn_begin+0x191/0x4b0
[    6.041755] Modules linked in:
[    6.044826] CPU: 2 UID: 0 PID: 125 Comm: kunit_try_catch Tainted: G                 N  6.18.32-g4ca6ef1048f0 #1 PREEMPT(voluntary) 
[    6.055419] Tainted: [N]=TEST
[    6.057983] Hardware name: QEMU Standard PC (i440FX + PIIX, 1996), BIOS 1.15.0-1 04/01/2014
[    6.065176] RIP: 0010:corten_txn_begin+0x191/0x4b0
[    6.069717] Code: 02 00 00 4c 89 ff 48 89 04 24 e8 fa 23 08 01 4c 89 ff e8 f2 1d 08 01 48 8b 04 24 41 0f b6 4f 5d 38 48 5d 0f 87 65 ff ff ff 90 <0f> 0b 90 41 80 7e 48 04 0f 86 61 ff ff ff 90 0f 0b 90 48 89 c7 e8
[    6.087843] RSP: 0000:ffffa01640507da0 EFLAGS: 00010246
[    6.092631] RAX: ffff95f841e3ef00 RBX: 0000000000000fff RCX: 0000000000000002
[    6.096205] RDX: 0000000000000001 RSI: ffffffffbe1653a0 RDI: ffff95f8426a5b40
[    6.103021] RBP: 0000000000000000 R08: 0000000000000001 R09: 0000000000000000
[    6.110767] R10: 0000000000000050 R11: 0000000000000000 R12: ffffffffbd63ea50
[    6.117237] R13: ffff95f84185d600 R14: ffffa01640507e00 R15: ffff95f841e3ee40
[    6.125785] FS:  0000000000000000(0000) GS:ffff95f8fef80000(0000) knlGS:0000000000000000
[    6.133831] CS:  0010 DS: 0000 ES: 0000 CR0: 0000000080050033
[    6.139627] CR2: 0000000000000000 CR3: 000000003c450000 CR4: 00000000000006f0
[    6.145897] Call Trace:
[    6.148969]  <TASK>
[    6.151287]  ? __pfx_kunit_generic_run_threadfn_adapter+0x10/0x10
[    6.157703]  corten_test_txn_path_overflow+0xb5/0x2a0
[    6.161877]  ? kunit_try_run_case+0x63/0x150
[    6.165459]  kunit_try_run_case+0x6f/0x150
[    6.168887]  ? __pfx_kunit_generic_run_threadfn_adapter+0x10/0x10
[    6.172896]  kunit_generic_run_threadfn_adapter+0x1c/0x40
[    6.178200]  kthread+0x102/0x200
[    6.181813]  ? __pfx_kthread+0x10/0x10
[    6.185087]  ret_from_fork+0x1ed/0x240
[    6.188171]  ? __pfx_kthread+0x10/0x10
[    6.191729]  ret_from_fork_asm+0x1a/0x30
[    6.195445]  </TASK>
[    6.197493] irq event stamp: 394
[    6.200558] hardirqs last  enabled at (404): [<ffffffffbc142f1d>] __up_console_sem+0x4d/0x60
[    6.208696] hardirqs last disabled at (413): [<ffffffffbc142f02>] __up_console_sem+0x32/0x60
[    6.216915] softirqs last  enabled at (52): [<ffffffffbc4076dc>] corten_ptdesc_install+0x11c/0x170
[    6.225440] softirqs last disabled at (54): [<ffffffffbc407bd8>] corten_txn_begin+0x78/0x4b0
[    6.233434] ---[ end trace 0000000000000000 ]---
[    6.237520] ------------[ cut here ]------------
[    6.242774] WARNING: CPU: 2 PID: 125 at mm/corten.c:812 corten_txn_begin+0x1a0/0x4b0
[    6.248888] Modules linked in:
[    6.251562] CPU: 2 UID: 0 PID: 125 Comm: kunit_try_catch Tainted: G        W        N  6.18.32-g4ca6ef1048f0 #1 PREEMPT(voluntary) 
[    6.262461] Tainted: [W]=WARN, [N]=TEST
[    6.266478] Hardware name: QEMU Standard PC (i440FX + PIIX, 1996), BIOS 1.15.0-1 04/01/2014
[    6.275496] RIP: 0010:corten_txn_begin+0x1a0/0x4b0
[    6.279221] Code: 4c 89 ff e8 f2 1d 08 01 48 8b 04 24 41 0f b6 4f 5d 38 48 5d 0f 87 65 ff ff ff 90 0f 0b 90 41 80 7e 48 04 0f 86 61 ff ff ff 90 <0f> 0b 90 48 89 c7 e8 95 f5 ff ff 41 0f b6 46 48 84 c0 74 28 83 e8
[    6.295472] RSP: 0000:ffffa01640507da0 EFLAGS: 00010202
[    6.300204] RAX: ffff95f8439ea180 RBX: 0000000000000fff RCX: 0000000000000002
[    6.306615] RDX: 0000000000000005 RSI: ffffffffbe1653a0 RDI: ffff95f8426a5be0
[    6.311976] RBP: 0000000000000000 R08: 0000000000000001 R09: 0000000000000000
[    6.318462] R10: 00000000000000f0 R11: 0000000000000000 R12: ffffffffbd63ea50
[    6.325457] R13: ffff95f84185d600 R14: ffffa01640507e00 R15: ffff95f8439ea0c0
[    6.332249] FS:  0000000000000000(0000) GS:ffff95f8fef80000(0000) knlGS:0000000000000000
[    6.341893] CS:  0010 DS: 0000 ES: 0000 CR0: 0000000080050033
[    6.348757] CR2: 0000000000000000 CR3: 000000003c450000 CR4: 00000000000006f0
[    6.356858] Call Trace:
[    6.360116]  <TASK>
[    6.362649]  ? __pfx_kunit_generic_run_threadfn_adapter+0x10/0x10
[    6.368925]  corten_test_txn_path_overflow+0xb5/0x2a0
[    6.373635]  ? kunit_try_run_case+0x63/0x150
[    6.377879]  kunit_try_run_case+0x6f/0x150
[    6.381547]  ? __pfx_kunit_generic_run_threadfn_adapter+0x10/0x10
[    6.387209]  kunit_generic_run_threadfn_adapter+0x1c/0x40
[    6.391929]  kthread+0x102/0x200
[    6.394781]  ? __pfx_kthread+0x10/0x10
[    6.398751]  ret_from_fork+0x1ed/0x240
[    6.402229]  ? __pfx_kthread+0x10/0x10
[    6.405591]  ret_from_fork_asm+0x1a/0x30
[    6.408953]  </TASK>
[    6.410831] irq event stamp: 782
[    6.414178] hardirqs last  enabled at (792): [<ffffffffbc142f1d>] __up_console_sem+0x4d/0x60
[    6.421232] hardirqs last disabled at (801): [<ffffffffbc142f02>] __up_console_sem+0x32/0x60
[    6.431276] softirqs last  enabled at (52): [<ffffffffbc4076dc>] corten_ptdesc_install+0x11c/0x170
[    6.439930] softirqs last disabled at (54): [<ffffffffbc407bd8>] corten_txn_begin+0x78/0x4b0
[    6.450165] ---[ end trace 0000000000000000 ]---
[    6.454599] kunit_try_catch (125) used greatest stack depth: 13448 bytes left
[    6.457328]     ok 21 corten_test_txn_path_overflow
[    6.466442]     ok 22 corten_test_txn_child_err
[    6.474233]     ok 23 corten_test_real_huge_leaf
[    6.482216]     ok 24 corten_test_full_window_atomic
[    6.491707]     ok 25 corten_test_debugfs_content
[    6.496204] # corten: pass:25 fail:0 skip:0 total:25
[    6.500831] # Totals: pass:25 fail:0 skip:0 total:25
[    6.505060] ok 1 corten
[    6.511153]     KTAP version 1
[    6.513456]     # Subtest: corten_arena
[    6.516782]     # module: corten_arena_test
[    6.516789]     1..48
[    6.529835]     ok 1 corten_arena_test_declare_reject
[    6.537303] 
[    6.541723] ================================
[    6.545269] WARNING: inconsistent lock state
[    6.548734] 6.18.32-g4ca6ef1048f0 #1 Tainted: G        W        N 
[    6.553428] --------------------------------
[    6.557370] inconsistent {SOFTIRQ-ON-W} -> {IN-SOFTIRQ-W} usage.
[    6.563382] swapper/0/0 [HC0[0]:SC1[1]:HE0:SE0] takes:
[    6.569438] ffff95f841caa018 (&xa->xa_lock#8){+.?.}-{3:3}, at: xa_destroy+0x5e/0x180
[    6.580485] {SOFTIRQ-ON-W} state was registered at:
[    6.587534]   lock_acquire+0xbd/0x2d0
[    6.591596]   _raw_spin_lock+0x2b/0x40
[    6.595843]   xa_store+0x1c/0x50
[    6.598452]   corten_arena_declare_locked+0x2ab/0x510
[    6.603426]   corten_arena_declare+0xa6/0x170
[    6.608103]   corten_arena_test_declare_reject_flags+0x1a5/0x2e0
[    6.611829]   kunit_try_run_case+0x6f/0x150
[    6.614720]   kunit_generic_run_threadfn_adapter+0x1c/0x40
[    6.619223]   kthread+0x102/0x200
[    6.622136]   ret_from_fork+0x1ed/0x240
[    6.625272]   ret_from_fork_asm+0x1a/0x30
[    6.628973] irq event stamp: 230007
[    6.632313] hardirqs last  enabled at (230006): [<ffffffffbc173b0c>] rcu_core+0x2bc/0x9f0
[    6.639466] hardirqs last disabled at (230007): [<ffffffffbd489773>] _raw_spin_lock_irqsave+0x53/0x60
[    6.645696] softirqs last  enabled at (229982): [<ffffffffbc0a95ee>] handle_softirqs+0x2ee/0x3b0
[    6.653159] softirqs last disabled at (230001): [<ffffffffbc0a9811>] __irq_exit_rcu+0xa1/0xc0
[    6.660994] 
[    6.660994] other info that might help us debug this:
[    6.666721]  Possible unsafe locking scenario:
[    6.666721] 
[    6.673178]        CPU0
[    6.675983]        ----
[    6.677849]   lock(&xa->xa_lock#8);
[    6.681249]   <Interrupt>
[    6.683642]     lock(&xa->xa_lock#8);
[    6.687052] 
[    6.687052]  *** DEADLOCK ***
[    6.687052] 
[    6.692828] 1 lock held by swapper/0/0:
[    6.696120]  #0: ffffffffbe1652e0 (rcu_callback){....}-{0:0}, at: rcu_core+0x2dc/0x9f0
[    6.704715] 
[    6.704715] stack backtrace:
[    6.708688] CPU: 0 UID: 0 PID: 0 Comm: swapper/0 Tainted: G        W        N  6.18.32-g4ca6ef1048f0 #1 PREEMPT(voluntary) 
[    6.708701] Tainted: [W]=WARN, [N]=TEST
[    6.708703] Hardware name: QEMU Standard PC (i440FX + PIIX, 1996), BIOS 1.15.0-1 04/01/2014
[    6.708707] Call Trace:
[    6.708712]  <IRQ>
[    6.708718]  dump_stack_lvl+0x68/0xa0
[    6.708835]  print_usage_bug.part.0+0x22d/0x2d0
[    6.708849]  mark_lock+0x63a/0x6b0
[    6.708854]  ? look_up_lock_class+0x56/0x150
[    6.708947]  ? register_lock_class+0x43/0x570
[    6.708957]  __lock_acquire+0xad1/0x18d0
[    6.709061]  ? __lock_acquire+0x64d/0x18d0
[    6.709070]  lock_acquire+0xbd/0x2d0
[    6.709076]  ? xa_destroy+0x5e/0x180
[    6.709084]  ? rcu_core+0x2dc/0x9f0
[    6.709089]  _raw_spin_lock_irqsave+0x3a/0x60
[    6.709096]  ? xa_destroy+0x5e/0x180
[    6.709100]  xa_destroy+0x5e/0x180
[    6.709106]  corten_arena_state_free+0x2b/0xf0
[    6.709115]  ? rcu_core+0x385/0x9f0
[    6.709119]  rcu_core+0x38a/0x9f0
[    6.709126]  handle_softirqs+0xc0/0x3b0
[    6.709136]  __irq_exit_rcu+0xa1/0xc0
[    6.709141]  irq_exit_rcu+0x9/0x20
[    6.709146]  sysvec_apic_timer_interrupt+0x6f/0x80
[    6.709154]  </IRQ>
[    6.709155]  <TASK>
[    6.709157]  asm_sysvec_apic_timer_interrupt+0x1a/0x20
[    6.709163] RIP: 0010:pv_native_safe_halt+0xf/0x20
[    6.709171] Code: 75 9a 00 e9 93 1b 01 00 0f 1f 00 90 90 90 90 90 90 90 90 90 90 90 90 90 90 90 90 f3 0f 1e fa eb 07 0f 00 2d a5 28 19 00 fb f4 <c3> cc cc cc cc 66 2e 0f 1f 84 00 00 00 00 00 66 90 90 90 90 90 90
[    6.709175] RSP: 0000:ffffffffbe003e70 EFLAGS: 00000202
[    6.709181] RAX: 000000000003826d RBX: 0000000000000000 RCX: 0000000000000000
[    6.709184] RDX: 0000000000000000 RSI: 0000000000000000 RDI: ffffffffbc109630
[    6.709291] RBP: ffffffffbe0289c0 R08: 0000000000000001 R09: 0000000000000000
[    6.709294] R10: 0000000000000001 R11: 0000000000000001 R12: 0000000000000000
[    6.709296] R13: 0000000000000000 R14: 0000000000000000 R15: 0000000000014770
[    6.709303]  ? do_idle+0x260/0x2a0
[    6.709515]  default_idle+0x9/0x10
[    6.709520]  default_idle_call+0x84/0x1e0
[    6.709523]  do_idle+0x260/0x2a0
[    6.709530]  cpu_startup_entry+0x24/0x30
[    6.709535]  rest_init+0xe0/0x180
[    6.709540]  start_kernel+0x90b/0xa50
[    6.710106]  x86_64_start_reservations+0x18/0x30
[    6.710191]  x86_64_start_kernel+0x104/0x120
[    6.710198]  common_startup_64+0x13e/0x148
[    6.710290]  </TASK>
[    6.910528]     ok 2 corten_arena_test_declare_reject_flags
[    6.915465]     ok 3 corten_arena_test_declare_query
[    6.925591]     ok 4 corten_arena_test_range_overlaps # SKIP overlap gate requires corten=on
[    6.946214]     ok 5 corten_arena_test_release
[    6.962549]     ok 6 corten_arena_test_ref_born_atomic
[    6.977935]     ok 7 corten_arena_test_release_classify
[    6.992779]     ok 8 corten_arena_test_shadow_vma
[    7.004481]     ok 9 corten_arena_test_exit
[    7.012302]     ok 10 corten_arena_test_prctl
[    7.024042]     ok 11 corten_arena_test_mode
[    7.033760]     ok 12 corten_arena_test_auto_classify
[    7.044068]     ok 13 corten_arena_test_auto_place
[    7.053335]     ok 14 corten_arena_test_auto_route # SKIP auto-mmap route requires corten=on
[    7.066551]     ok 15 corten_arena_test_auto_attach_release # SKIP munmap routing requires corten=on
[    7.077239]     ok 16 corten_arena_test_mag_recycle # SKIP auto-mmap route requires corten=on
[    7.084675]     ok 17 corten_arena_test_mag_marker # SKIP auto-mmap route requires corten=on
[    7.092270]     ok 18 corten_arena_test_pool_reuse # SKIP pool routing requires corten=on
[    7.107251]     ok 19 corten_arena_test_pool_limit # SKIP pool routing requires corten=on
[    7.110837]     ok 20 corten_arena_test_pool_mode_exit # SKIP pool routing requires corten=on
[    7.130341]     ok 21 corten_arena_test_pool_fork # SKIP pool routing requires corten=on
[    7.143921]     ok 22 corten_arena_test_mprotect_route # SKIP mprotect route requires corten=on
[    7.155663]     ok 23 corten_arena_test_protect_flags_kernel_gate # SKIP mprotect route requires corten=on
[    7.164127]     ok 24 corten_arena_test_madvise_route # SKIP madvise route requires corten=on
[    7.172741]     ok 25 corten_arena_test_mremap_route # SKIP mremap route requires corten=on
[    7.184468]     ok 26 corten_arena_test_fork_faithful # SKIP metadata mirror requires corten=on
[    7.197622]     ok 27 corten_arena_test_fork_unwind
[    7.209305]     ok 28 corten_arena_test_fork_multipiece
[    7.215974]     ok 29 corten_arena_test_fork_perm # SKIP mprotect route requires corten=on
[    7.223213]     ok 30 corten_arena_test_inv7_shared_ro # SKIP metadata mirror requires corten=on
[    7.231972]     ok 31 corten_arena_test_inv7_swapped # SKIP metadata mirror requires corten=on
[    7.242696]     ok 32 corten_arena_test_shrink_registry_count # SKIP shrinker bodies require corten=on
[    7.251630]     ok 33 corten_arena_test_shrink_aging_two_pass # SKIP shrinker bodies require corten=on
[    7.261693]     ok 34 corten_arena_test_shrink_rotation # SKIP shrinker bodies require corten=on
[    7.266040]     ok 35 corten_arena_test_fork_swapped # SKIP fork mirror requires corten=on
[    7.275279]     ok 36 corten_arena_test_fork_f2_gate # SKIP metadata mirror requires corten=on
[    7.285728]     ok 37 corten_arena_test_fork_drain_leak # SKIP metadata mirror requires corten=on
[    7.296986]     ok 38 corten_arena_test_unshare_pin # SKIP metadata mirror requires corten=on
[    7.308385]     ok 39 corten_arena_test_fork_reuse_exclusive # SKIP metadata mirror requires corten=on
[    7.318273]     ok 40 corten_arena_test_gup_state1_uncommitted # SKIP metadata mirror requires corten=on
[    7.331274]     ok 41 corten_arena_test_gup_state2_committed_rw # SKIP metadata mirror requires corten=on
[    7.349003]     ok 42 corten_arena_test_gup_state3_fork_cow # SKIP metadata mirror requires corten=on
[    7.361201]     ok 43 corten_arena_test_gup_state3b_downgrade_restore # SKIP metadata mirror requires corten=on
[    7.372533]     ok 44 corten_arena_test_gup_state4_pin_zap # SKIP metadata mirror requires corten=on
[    7.389297]     ok 45 corten_arena_test_concurrent
[    7.406319]     ok 46 corten_arena_test_concurrent_window
[    7.414820]     ok 47 corten_arena_test_obs_ledger
[    7.422348]     ok 48 corten_arena_test_drain_timeout_stat
[    7.426847] # corten_arena: pass:18 fail:0 skip:30 total:48
[    7.431471] # Totals: pass:18 fail:0 skip:30 total:48
[    7.436517] ok 2 corten_arena
[    7.444314]     KTAP version 1
[    7.447408]     # Subtest: corten_fault
[    7.451218]     # module: corten_fault_test
[    7.451225]     1..32
[    7.463464]     ok 1 corten_fault_test_dispatch
[    7.472661]     ok 2 corten_fault_test_fig8_cow
[    7.480740]     ok 3 corten_fault_test_unmap_classify
[    7.493453]     ok 4 corten_fault_test_mmap_classify
[    7.501311]     ok 5 corten_fault_test_punch_classify
[    7.510025]     ok 6 corten_fault_test_map_anon # SKIP real fault chain requires corten=on
[    7.515221]     ok 7 corten_fault_test_zero_page # SKIP real fault chain requires corten=on
[    7.525588]     ok 8 corten_fault_test_sigsegv # SKIP real fault chain requires corten=on
[    7.537927]     ok 9 corten_fault_test_fresh_fault # SKIP real fault chain requires corten=on
[    7.549615]     ok 10 corten_fault_test_churn_repro # SKIP real fault chain requires corten=on
[    7.559890]     ok 11 corten_fault_test_untracked_drift # SKIP real fault chain requires corten=on
[    7.571799]     ok 12 corten_fault_test_restore # SKIP real fault chain requires corten=on
[    7.575948]     ok 13 corten_fault_test_cow_reuse # SKIP real fault chain requires corten=on
[    7.584987]     ok 14 corten_fault_test_cow_copy # SKIP real fault chain requires corten=on
[    7.595450]     ok 15 corten_fault_test_foll_force # SKIP real fault chain requires corten=on
[    7.606665]     ok 16 corten_fault_test_cow_race # SKIP real fault chain requires corten=on
[    7.619606]     ok 17 corten_fault_test_mprotect_pte # SKIP real fault chain requires corten=on
[    7.627079]     ok 18 corten_fault_test_mprotect_fresh # SKIP real fault chain requires corten=on
[    7.637494]     ok 19 corten_fault_test_zap_keep_perm # SKIP real fault chain requires corten=on
[    7.649008]     ok 20 corten_fault_test_zap_keep_perm_downgrade # SKIP real fault chain requires corten=on
[    7.661063]     ok 21 corten_fault_test_untracked_rearm # SKIP real fault chain requires corten=on
[    7.672811]     ok 22 corten_fault_test_fill_upper_race # SKIP real fault chain requires corten=on
[    7.682598]     ok 23 corten_fault_test_map_race # SKIP real fault chain requires corten=on
[    7.695962]     ok 24 corten_fault_test_chunk_unmap # SKIP real fault chain requires corten=on
[    7.706651]     ok 25 corten_fault_test_punch_hole # SKIP real fault chain requires corten=on
[    7.717984]     ok 26 corten_fault_test_punch_head # SKIP real fault chain requires corten=on
[    7.729822]     ok 27 corten_fault_test_rmap_guard # SKIP reclaim guard requires corten=on
[    7.739469]     ok 28 corten_fault_test_reap_skip # SKIP reap skip requires corten=on
[    7.746206]     ok 29 corten_fault_test_swap_encode
[    7.756477]     ok 30 corten_fault_test_swap_roundtrip # SKIP swap transaction requires corten=on
[    7.765003]     ok 31 corten_fault_test_swap_zap_free # SKIP swap transaction requires corten=on
[    7.776774]     ok 32 corten_fault_test_swap_mprotect_pending # SKIP real fault chain requires corten=on
[    7.783140] # corten_fault: pass:6 fail:0 skip:26 total:32
[    7.793113] # Totals: pass:6 fail:0 skip:26 total:32
[    7.796420] ok 3 corten_fault
[    7.808552] check access for rdinit=/init failed: -2, ignoring
[    7.810690] md: Waiting for all devices to be available before autodetect
[    7.814816] md: If you don't use raid, use raid=noautodetect
[    7.818245] md: Autodetecting RAID arrays.
[    7.820704] md: autorun ...
[    7.822632] md: ... autorun DONE.
[    7.826876] /dev/root: Can't open blockdev
[    7.828249] VFS: Cannot open root device "" or unknown-block(0,0): error -6
[    7.832299] Please append a correct "root=" boot option; here are the available partitions:
[    7.836893] 0b00         1048575 sr0 
[    7.836899]  driver: sr
[    7.841116] List of all bdev filesystems:
[    7.843520]  ext3
[    7.843525]  ext2
[    7.845125]  ext4
[    7.846812]  vfat
[    7.847841]  msdos
[    7.848310]  iso9660
[    7.848650]  f2fs
[    7.849462]  erofs
[    7.851051] 
[    7.852053] Kernel panic - not syncing: VFS: Unable to mount root fs on unknown-block(0,0)
[    7.856101] CPU: 3 UID: 0 PID: 1 Comm: swapper/0 Tainted: G        W        N  6.18.32-g4ca6ef1048f0 #1 PREEMPT(voluntary) 
[    7.861673] Tainted: [W]=WARN, [N]=TEST
[    7.864154] Hardware name: QEMU Standard PC (i440FX + PIIX, 1996), BIOS 1.15.0-1 04/01/2014
[    7.868731] Call Trace:
[    7.870466]  <TASK>
[    7.871711]  vpanic+0x328/0x370
[    7.872793]  panic+0x56/0x60
[    7.874286]  mount_root_generic+0x1ff/0x320
[    7.876529]  prepare_namespace+0x63/0x270
[    7.878660]  kernel_init_freeable+0x3c3/0x410
[    7.880780]  ? __pfx_kernel_init+0x10/0x10
[    7.881978]  kernel_init+0x15/0x1c0
[    7.884147]  ret_from_fork+0x1ed/0x240
[    7.885736]  ? __pfx_kernel_init+0x10/0x10
[    7.887362]  ret_from_fork_asm+0x1a/0x30
[    7.888914]  </TASK>
[    7.893292] Kernel Offset: 0x3ae00000 from 0xffffffff81000000 (relocation range: 0xffffffff80000000-0xffffffffbfffffff)
