=== post-sweep-live counters (process died at fork leg; counters are global) ===
$ grep sweep_ /sys/kernel/debug/corten/arena_stats:
Warning: Permanently added '[127.0.0.1]:10022' (ED25519) to the list of known hosts.
arenas              0
fork_demotes        0
fork_faithful       1
fork_skips          0
file_fork_mirrors   1
j1_probes           0
j1_hits             0
j2_walks            3
j2_violations       0
j2_stale            0
j2_first_violation  0
sweep_anon_adopts   3
sweep_file_adopts   1
sweep_skip_stack    1
sweep_skip_special  0
sweep_skip_shared   0
sweep_skip_window   0
sweep_skip_other    9
sweep_pages_resident 2306
resident_pages      0

$ cat /sys/kernel/debug/corten/audit_gate:
Warning: Permanently added '[127.0.0.1]:10022' (ED25519) to the list of known hosts.
j1_probes          0
j1_hits            0
j2_walks           3
j2_violations      0
j2_stale           0
j2_first_violation 0x0
wl_walks           2
wl_violations      0
wl_brk_vmas        0
wl_delegated_vmas  19
wl_unclassified    6
wl_brk_anomalies   0
gate_pass          1

$ cat /sys/kernel/debug/corten/arenas:
Warning: Permanently added '[127.0.0.1]:10022' (ED25519) to the list of known hosts.
            mm              shadow [start,end)                prot cls  rflg pcs status               rfile     poff

$ dmesg BUG counts:
Warning: Permanently added '[127.0.0.1]:10022' (ED25519) to the list of known hosts.
1
1
2
