4422  execve("/mnt/cortenmm/bench/mmbench/mmbench", ["/mnt/cortenmm/bench/mmbench/mmbench", "pf", "low", "4", "1", "20262960"], 0x7ffcd0f857f8 /* 28 vars */) = 0
4422  arch_prctl(0x3001 /* ARCH_??? */, 0x7fff4c440230) = -1 EINVAL (Invalid argument)
4422  brk(NULL)                         = 0x2b85b000
4422  brk(0x2b85bdc0)                   = 0x2b85bdc0
4422  arch_prctl(ARCH_SET_FS, 0x2b85b3c0) = 0
4422  set_tid_address(0x2b85b690)       = 4422
4422  set_robust_list(0x2b85b6a0, 24)   = 0
4422  rseq(0x2b85bd60, 0x20, 0, 0x53053053) = 0
4422  uname({sysname="Linux", nodename="syzkaller", ...}) = 0
4422  prlimit64(0, RLIMIT_STACK, NULL, {rlim_cur=8192*1024, rlim_max=RLIM64_INFINITY}) = 0
4422  readlink("/proc/self/exe", "/mnt/share/cortenmm/bench/mmbench/mmbench", 4096) = 41
4422  getrandom("\x5b\xce\xfd\x11\x8f\x9f\xd3\x98", 8, GRND_NONBLOCK) = 8
4422  brk(0x2b87cdc0)                   = 0x2b87cdc0
4422  brk(0x2b87d000)                   = 0x2b87d000
4422  mprotect(0x4f6000, 16384, PROT_READ) = 0
4422  write(2, "mmbench: bench=pf contention=low threads=4 arena=160 MB (per thread)\n", 69) = 69
4422  prlimit64(0, RLIMIT_AS, NULL, {rlim_cur=RLIM64_INFINITY, rlim_max=RLIM64_INFINITY}) = 0
4422  rt_sigaction(SIGRT_1, {sa_handler=0x497070, sa_mask=[], sa_flags=SA_RESTORER|SA_ONSTACK|SA_RESTART|SA_SIGINFO, sa_restorer=0x47db20}, NULL, 8) = 0
4422  rt_sigprocmask(SIG_UNBLOCK, [RTMIN RT_1], NULL, 8) = 0
4422  mmap(NULL, 8392704, PROT_NONE, MAP_PRIVATE|MAP_ANONYMOUS|MAP_STACK, -1, 0) = 0x7fe48be8e000
4422  mprotect(0x7fe48be8f000, 8388608, PROT_READ|PROT_WRITE) = 0
4422  rt_sigprocmask(SIG_BLOCK, ~[], [], 8) = 0
4422  clone3({flags=CLONE_VM|CLONE_FS|CLONE_FILES|CLONE_SIGHAND|CLONE_THREAD|CLONE_SYSVSEM|CLONE_SETTLS|CLONE_PARENT_SETTID|CLONE_CHILD_CLEARTID, child_tid=0x7fe48c68e910, parent_tid=0x7fe48c68e910, exit_signal=0, stack=0x7fe48be8e000, stack_size=0x800280, tls=0x7fe48c68e640} => {parent_tid=[4425]}, 88) = 4425
4425  rseq(0x7fe48c68efe0, 0x20, 0, 0x53053053 <unfinished ...>
4422  rt_sigprocmask(SIG_SETMASK, [],  <unfinished ...>
4425  <... rseq resumed>)               = 0
4422  <... rt_sigprocmask resumed>NULL, 8) = 0
4425  set_robust_list(0x7fe48c68e920, 24 <unfinished ...>
4422  mmap(NULL, 8392704, PROT_NONE, MAP_PRIVATE|MAP_ANONYMOUS|MAP_STACK, -1, 0 <unfinished ...>
4425  <... set_robust_list resumed>)    = 0
4422  <... mmap resumed>)               = 0x7fe48b68d000
4425  rt_sigprocmask(SIG_SETMASK, [],  <unfinished ...>
4422  mprotect(0x7fe48b68e000, 8388608, PROT_READ|PROT_WRITE <unfinished ...>
4425  <... rt_sigprocmask resumed>NULL, 8) = 0
4422  <... mprotect resumed>)           = 0
4425  mmap(NULL, 134217728, PROT_NONE, MAP_PRIVATE|MAP_ANONYMOUS|MAP_NORESERVE, -1, 0 <unfinished ...>
4422  rt_sigprocmask(SIG_BLOCK, ~[],  <unfinished ...>
4425  <... mmap resumed>)               = 0x7fe48368d000
4422  <... rt_sigprocmask resumed>[], 8) = 0
4425  munmap(0x7fe48368d000, 9908224 <unfinished ...>
4422  clone3({flags=CLONE_VM|CLONE_FS|CLONE_FILES|CLONE_SIGHAND|CLONE_THREAD|CLONE_SYSVSEM|CLONE_SETTLS|CLONE_PARENT_SETTID|CLONE_CHILD_CLEARTID, child_tid=0x7fe48be8d910, parent_tid=0x7fe48be8d910, exit_signal=0, stack=0x7fe48b68d000, stack_size=0x800280, tls=0x7fe48be8d640} <unfinished ...>
4425  <... munmap resumed>)             = 0
4426  rseq(0x7fe48be8dfe0, 0x20, 0, 0x53053053 <unfinished ...>
4422  <... clone3 resumed> => {parent_tid=[4426]}, 88) = 4426
4425  munmap(0x7fe488000000, 57200640 <unfinished ...>
4422  rt_sigprocmask(SIG_SETMASK, [],  <unfinished ...>
4426  <... rseq resumed>)               = 0
4422  <... rt_sigprocmask resumed>NULL, 8) = 0
4425  <... munmap resumed>)             = 0
4422  mmap(NULL, 8392704, PROT_NONE, MAP_PRIVATE|MAP_ANONYMOUS|MAP_STACK, -1, 0 <unfinished ...>
4426  set_robust_list(0x7fe48be8d920, 24 <unfinished ...>
4422  <... mmap resumed>)               = 0x7fe48ae8c000
4425  mprotect(0x7fe484000000, 135168, PROT_READ|PROT_WRITE <unfinished ...>
4422  mprotect(0x7fe48ae8d000, 8388608, PROT_READ|PROT_WRITE <unfinished ...>
4426  <... set_robust_list resumed>)    = 0
4422  <... mprotect resumed>)           = 0
4425  <... mprotect resumed>)           = 0
4422  rt_sigprocmask(SIG_BLOCK, ~[],  <unfinished ...>
4426  rt_sigprocmask(SIG_SETMASK, [],  <unfinished ...>
4422  <... rt_sigprocmask resumed>[], 8) = 0
4425  mmap(NULL, 167772160, PROT_READ|PROT_WRITE, MAP_PRIVATE|MAP_ANONYMOUS|MAP_NORESERVE, -1, 0 <unfinished ...>
4422  clone3({flags=CLONE_VM|CLONE_FS|CLONE_FILES|CLONE_SIGHAND|CLONE_THREAD|CLONE_SYSVSEM|CLONE_SETTLS|CLONE_PARENT_SETTID|CLONE_CHILD_CLEARTID, child_tid=0x7fe48b68c910, parent_tid=0x7fe48b68c910, exit_signal=0, stack=0x7fe48ae8c000, stack_size=0x800280, tls=0x7fe48b68c640} <unfinished ...>
4426  <... rt_sigprocmask resumed>NULL, 8) = 0
4425  <... mmap resumed>)               = 0x7fe47a000000
4422  <... clone3 resumed> => {parent_tid=[4427]}, 88) = 4427
4427  rseq(0x7fe48b68cfe0, 0x20, 0, 0x53053053 <unfinished ...>
4426  mmap(NULL, 134217728, PROT_NONE, MAP_PRIVATE|MAP_ANONYMOUS|MAP_NORESERVE, -1, 0 <unfinished ...>
4425  futex(0x7fff4c43f9d4, FUTEX_WAIT_PRIVATE, 0, NULL <unfinished ...>
4422  rt_sigprocmask(SIG_SETMASK, [],  <unfinished ...>
4427  <... rseq resumed>)               = 0
4426  <... mmap resumed>)               = 0x7fe472000000
4422  <... rt_sigprocmask resumed>NULL, 8) = 0
4427  set_robust_list(0x7fe48b68c920, 24 <unfinished ...>
4422  mmap(NULL, 8392704, PROT_NONE, MAP_PRIVATE|MAP_ANONYMOUS|MAP_STACK, -1, 0 <unfinished ...>
4426  munmap(0x7fe472000000, 33554432 <unfinished ...>
4422  <... mmap resumed>)               = 0x7fe48a68b000
4427  <... set_robust_list resumed>)    = 0
4422  mprotect(0x7fe48a68c000, 8388608, PROT_READ|PROT_WRITE <unfinished ...>
4426  <... munmap resumed>)             = 0
4422  <... mprotect resumed>)           = 0
4427  rt_sigprocmask(SIG_SETMASK, [],  <unfinished ...>
4422  rt_sigprocmask(SIG_BLOCK, ~[],  <unfinished ...>
4426  munmap(0x7fe478000000, 33554432 <unfinished ...>
4422  <... rt_sigprocmask resumed>[], 8) = 0
4427  <... rt_sigprocmask resumed>NULL, 8) = 0
4422  clone3({flags=CLONE_VM|CLONE_FS|CLONE_FILES|CLONE_SIGHAND|CLONE_THREAD|CLONE_SYSVSEM|CLONE_SETTLS|CLONE_PARENT_SETTID|CLONE_CHILD_CLEARTID, child_tid=0x7fe48ae8b910, parent_tid=0x7fe48ae8b910, exit_signal=0, stack=0x7fe48a68b000, stack_size=0x800280, tls=0x7fe48ae8b640} <unfinished ...>
4426  <... munmap resumed>)             = 0
4427  mmap(NULL, 134217728, PROT_NONE, MAP_PRIVATE|MAP_ANONYMOUS|MAP_NORESERVE, -1, 0 <unfinished ...>
4422  <... clone3 resumed> => {parent_tid=[4428]}, 88) = 4428
4428  rseq(0x7fe48ae8bfe0, 0x20, 0, 0x53053053 <unfinished ...>
4426  mprotect(0x7fe474000000, 135168, PROT_READ|PROT_WRITE <unfinished ...>
4422  rt_sigprocmask(SIG_SETMASK, [],  <unfinished ...>
4428  <... rseq resumed>)               = 0
4427  <... mmap resumed>)               = 0x7fe46c000000
4422  <... rt_sigprocmask resumed>NULL, 8) = 0
4428  set_robust_list(0x7fe48ae8b920, 24 <unfinished ...>
4426  <... mprotect resumed>)           = 0
4422  futex(0x7fff4c43f9d4, FUTEX_WAIT_PRIVATE, 0, NULL <unfinished ...>
4428  <... set_robust_list resumed>)    = 0
4427  munmap(0x7fe470000000, 67108864 <unfinished ...>
4428  rt_sigprocmask(SIG_SETMASK, [],  <unfinished ...>
4426  mmap(NULL, 167772160, PROT_READ|PROT_WRITE, MAP_PRIVATE|MAP_ANONYMOUS|MAP_NORESERVE, -1, 0 <unfinished ...>
4428  <... rt_sigprocmask resumed>NULL, 8) = 0
4427  <... munmap resumed>)             = 0
4428  mmap(0x7fe470000000, 67108864, PROT_NONE, MAP_PRIVATE|MAP_ANONYMOUS|MAP_NORESERVE, -1, 0 <unfinished ...>
4426  <... mmap resumed>)               = 0x7fe462000000
4428  <... mmap resumed>)               = 0x7fe470000000
4427  mprotect(0x7fe46c000000, 135168, PROT_READ|PROT_WRITE <unfinished ...>
4428  mprotect(0x7fe470000000, 135168, PROT_READ|PROT_WRITE <unfinished ...>
4426  futex(0x7fff4c43f9d4, FUTEX_WAIT_PRIVATE, 0, NULL <unfinished ...>
4428  <... mprotect resumed>)           = 0
4427  <... mprotect resumed>)           = 0
4428  mmap(NULL, 167772160, PROT_READ|PROT_WRITE, MAP_PRIVATE|MAP_ANONYMOUS|MAP_NORESERVE, -1, 0 <unfinished ...>
4427  mmap(NULL, 167772160, PROT_READ|PROT_WRITE, MAP_PRIVATE|MAP_ANONYMOUS|MAP_NORESERVE, -1, 0 <unfinished ...>
4428  <... mmap resumed>)               = 0x7fe458000000
4427  <... mmap resumed>)               = 0x7fe44e000000
4428  futex(0x7fff4c43f9d4, FUTEX_WAIT_PRIVATE, 0, NULL <unfinished ...>
4427  futex(0x7fff4c43f9d4, FUTEX_WAKE_PRIVATE, 2147483647 <unfinished ...>
4428  <... futex resumed>)              = -1 EAGAIN (Resource temporarily unavailable)
4422  <... futex resumed>)              = 0
4427  <... futex resumed>)              = 3
4426  <... futex resumed>)              = 0
4425  <... futex resumed>)              = 0
4422  futex(0x7fff4c43f9f4, FUTEX_WAIT_PRIVATE, 0, NULL <unfinished ...>
4426  munmap(0x7fe462000000, 167772160) = 0
4426  mmap(NULL, 167772160, PROT_READ|PROT_WRITE, MAP_PRIVATE|MAP_ANONYMOUS|MAP_NORESERVE, -1, 0) = 0x7fe462000000
4425  munmap(0x7fe47a000000, 167772160 <unfinished ...>
4428  munmap(0x7fe458000000, 167772160 <unfinished ...>
4427  munmap(0x7fe44e000000, 167772160 <unfinished ...>
4425  <... munmap resumed>)             = 0
4425  mmap(NULL, 167772160, PROT_READ|PROT_WRITE, MAP_PRIVATE|MAP_ANONYMOUS|MAP_NORESERVE, -1, 0 <unfinished ...>
4428  <... munmap resumed>)             = 0
4428  mmap(NULL, 167772160, PROT_READ|PROT_WRITE, MAP_PRIVATE|MAP_ANONYMOUS|MAP_NORESERVE, -1, 0 <unfinished ...>
4427  <... munmap resumed>)             = 0
4425  <... mmap resumed>)               = 0x7fe47a000000
4428  <... mmap resumed>)               = 0x7fe458000000
4427  mmap(NULL, 167772160, PROT_READ|PROT_WRITE, MAP_PRIVATE|MAP_ANONYMOUS|MAP_NORESERVE, -1, 0) = 0x7fe44e000000
4425  munmap(0x7fe47a000000, 167772160 <unfinished ...>
4426  munmap(0x7fe462000000, 167772160 <unfinished ...>
4428  munmap(0x7fe458000000, 167772160 <unfinished ...>
4425  <... munmap resumed>)             = 0
4425  mmap(NULL, 167772160, PROT_READ|PROT_WRITE, MAP_PRIVATE|MAP_ANONYMOUS|MAP_NORESERVE, -1, 0 <unfinished ...>
4426  <... munmap resumed>)             = 0
4426  mmap(NULL, 167772160, PROT_READ|PROT_WRITE, MAP_PRIVATE|MAP_ANONYMOUS|MAP_NORESERVE, -1, 0 <unfinished ...>
4428  <... munmap resumed>)             = 0
4425  <... mmap resumed>)               = 0x7fe47a000000
4428  mmap(NULL, 167772160, PROT_READ|PROT_WRITE, MAP_PRIVATE|MAP_ANONYMOUS|MAP_NORESERVE, -1, 0 <unfinished ...>
4426  <... mmap resumed>)               = 0x7fe462000000
4428  <... mmap resumed>)               = 0x7fe458000000
4427  munmap(0x7fe44e000000, 167772160) = 0
4427  mmap(NULL, 167772160, PROT_READ|PROT_WRITE, MAP_PRIVATE|MAP_ANONYMOUS|MAP_NORESERVE, -1, 0) = 0x7fe44e000000
4426  munmap(0x7fe462000000, 167772160 <unfinished ...>
4425  munmap(0x7fe47a000000, 167772160 <unfinished ...>
4426  <... munmap resumed>)             = 0
4426  mmap(NULL, 167772160, PROT_READ|PROT_WRITE, MAP_PRIVATE|MAP_ANONYMOUS|MAP_NORESERVE, -1, 0) = 0x7fe47a000000
4425  <... munmap resumed>)             = 0
4428  munmap(0x7fe458000000, 167772160 <unfinished ...>
4425  mmap(NULL, 167772160, PROT_READ|PROT_WRITE, MAP_PRIVATE|MAP_ANONYMOUS|MAP_NORESERVE, -1, 0 <unfinished ...>
4427  munmap(0x7fe44e000000, 167772160 <unfinished ...>
4428  <... munmap resumed>)             = 0
4425  <... mmap resumed>)               = 0x7fe462000000
4428  mmap(NULL, 167772160, PROT_READ|PROT_WRITE, MAP_PRIVATE|MAP_ANONYMOUS|MAP_NORESERVE, -1, 0 <unfinished ...>
4427  <... munmap resumed>)             = 0
4428  <... mmap resumed>)               = 0x7fe458000000
4427  mmap(NULL, 167772160, PROT_READ|PROT_WRITE, MAP_PRIVATE|MAP_ANONYMOUS|MAP_NORESERVE, -1, 0) = 0x7fe44e000000
4428  futex(0x7fff4c43f9f4, FUTEX_WAIT_PRIVATE, 0, NULL <unfinished ...>
4427  futex(0x7fff4c43f9f4, FUTEX_WAIT_PRIVATE, 0, NULL <unfinished ...>
4426  futex(0x7fff4c43f9f4, FUTEX_WAIT_PRIVATE, 0, NULL <unfinished ...>
4425  futex(0x7fff4c43f9f4, FUTEX_WAKE_PRIVATE, 2147483647 <unfinished ...>
4422  <... futex resumed>)              = 0
4428  <... futex resumed>)              = 0
4427  <... futex resumed>)              = 0
4426  <... futex resumed>)              = 0
4425  <... futex resumed>)              = 4
4422  futex(0x7fe48c68e910, FUTEX_WAIT_BITSET|FUTEX_CLOCK_REALTIME, 4425, NULL, FUTEX_BITSET_MATCH_ANY <unfinished ...>
4428  rt_sigprocmask(SIG_BLOCK, ~[RT_1],  <unfinished ...>
4427  rt_sigprocmask(SIG_BLOCK, ~[RT_1],  <unfinished ...>
4426  rt_sigprocmask(SIG_BLOCK, ~[RT_1],  <unfinished ...>
4428  <... rt_sigprocmask resumed>NULL, 8) = 0
4427  <... rt_sigprocmask resumed>NULL, 8) = 0
4425  rt_sigprocmask(SIG_BLOCK, ~[RT_1],  <unfinished ...>
4428  madvise(0x7fe48a68b000, 8372224, MADV_DONTNEED <unfinished ...>
4427  madvise(0x7fe48ae8c000, 8372224, MADV_DONTNEED <unfinished ...>
4426  <... rt_sigprocmask resumed>NULL, 8) = 0
4428  <... madvise resumed>)            = 0
4427  <... madvise resumed>)            = 0
4425  <... rt_sigprocmask resumed>NULL, 8) = 0
4428  exit(0 <unfinished ...>
4427  exit(0 <unfinished ...>
4426  madvise(0x7fe48b68d000, 8372224, MADV_DONTNEED <unfinished ...>
4428  <... exit resumed>)               = ?
4427  <... exit resumed>)               = ?
4425  madvise(0x7fe48be8e000, 8372224, MADV_DONTNEED <unfinished ...>
4426  <... madvise resumed>)            = 0
4425  <... madvise resumed>)            = 0
4426  exit(0 <unfinished ...>
4425  exit(0 <unfinished ...>
4426  <... exit resumed>)               = ?
4425  <... exit resumed>)               = ?
4422  <... futex resumed>)              = 0
4422  openat(AT_FDCWD, "/proc/self/statm", O_RDONLY) = 3
4422  newfstatat(3, "", {st_mode=S_IFREG|0444, st_size=0, ...}, AT_EMPTY_PATH) = 0
4422  read(3, "237924 56454 88 199 0 172239 0\n", 1024) = 31
4422  write(2, "mmbench: peak RSS ~220 MB\n", 26) = 26
4422  close(3)                          = 0
4422  uname({sysname="Linux", nodename="syzkaller", ...}) = 0
4422  uname({sysname="Linux", nodename="syzkaller", ...}) = 0
4422  newfstatat(1, "", {st_mode=S_IFCHR|0666, st_rdev=makedev(0x1, 0x3), ...}, AT_EMPTY_PATH) = 0
4422  ioctl(1, TCGETS, 0x7fff4c43f0f0)  = -1 ENOTTY (Inappropriate ioctl for device)
4422  write(1, "{\"bench\":\"pf\",\"contention\":\"low\",\"threads\":4,\"ops\":136963,\"elapsed_s\":1.012,\"ops_per_us\":0.04455"..., 193) = 193
4422  exit_group(0)                     = ?
