3984  execve("/mnt/cortenmm/bench/mmbench/mmbench", ["/mnt/cortenmm/bench/mmbench/mmbench", "mmap-pf", "high", "16", "1", "20262132"], 0x7ffda71c64e8 /* 28 vars */) = 0
3984  arch_prctl(0x3001 /* ARCH_??? */, 0x7ffdbd675920) = -1 EINVAL (Invalid argument)
3984  brk(NULL)                         = 0x2eae4000
3984  brk(0x2eae4dc0)                   = 0x2eae4dc0
3984  arch_prctl(ARCH_SET_FS, 0x2eae43c0) = 0
3984  set_tid_address(0x2eae4690)       = 3984
3984  set_robust_list(0x2eae46a0, 24)   = 0
3984  rseq(0x2eae4d60, 0x20, 0, 0x53053053) = 0
3984  uname({sysname="Linux", nodename="syzkaller", ...}) = 0
3984  prlimit64(0, RLIMIT_STACK, NULL, {rlim_cur=8192*1024, rlim_max=RLIM64_INFINITY}) = 0
3984  readlink("/proc/self/exe", "/mnt/share/cortenmm/bench/mmbench/mmbench", 4096) = 41
3984  getrandom("\x3c\x91\x87\x3f\xd1\xb2\x61\xeb", 8, GRND_NONBLOCK) = 8
3984  brk(0x2eb05dc0)                   = 0x2eb05dc0
3984  brk(0x2eb06000)                   = 0x2eb06000
3984  mprotect(0x4f6000, 16384, PROT_READ) = 0
3984  prlimit64(0, RLIMIT_AS, NULL, {rlim_cur=RLIM64_INFINITY, rlim_max=RLIM64_INFINITY}) = 0
3984  rt_sigaction(SIGRT_1, {sa_handler=0x497070, sa_mask=[], sa_flags=SA_RESTORER|SA_ONSTACK|SA_RESTART|SA_SIGINFO, sa_restorer=0x47db20}, NULL, 8) = 0
3984  rt_sigprocmask(SIG_UNBLOCK, [RTMIN RT_1], NULL, 8) = 0
3984  mmap(NULL, 8392704, PROT_NONE, MAP_PRIVATE|MAP_ANONYMOUS|MAP_STACK, -1, 0) = 0x7f9fc1ee9000
3984  mprotect(0x7f9fc1eea000, 8388608, PROT_READ|PROT_WRITE) = 0
3984  rt_sigprocmask(SIG_BLOCK, ~[], [], 8) = 0
3984  clone3({flags=CLONE_VM|CLONE_FS|CLONE_FILES|CLONE_SIGHAND|CLONE_THREAD|CLONE_SYSVSEM|CLONE_SETTLS|CLONE_PARENT_SETTID|CLONE_CHILD_CLEARTID, child_tid=0x7f9fc26e9910, parent_tid=0x7f9fc26e9910, exit_signal=0, stack=0x7f9fc1ee9000, stack_size=0x800280, tls=0x7f9fc26e9640} => {parent_tid=[3985]}, 88) = 3985
3985  rseq(0x7f9fc26e9fe0, 0x20, 0, 0x53053053 <unfinished ...>
3984  rt_sigprocmask(SIG_SETMASK, [],  <unfinished ...>
3985  <... rseq resumed>)               = 0
3984  <... rt_sigprocmask resumed>NULL, 8) = 0
3985  set_robust_list(0x7f9fc26e9920, 24 <unfinished ...>
3984  mmap(NULL, 8392704, PROT_NONE, MAP_PRIVATE|MAP_ANONYMOUS|MAP_STACK, -1, 0 <unfinished ...>
3985  <... set_robust_list resumed>)    = 0
3984  <... mmap resumed>)               = 0x7f9fc16e8000
3985  rt_sigprocmask(SIG_SETMASK, [],  <unfinished ...>
3984  mprotect(0x7f9fc16e9000, 8388608, PROT_READ|PROT_WRITE <unfinished ...>
3985  <... rt_sigprocmask resumed>NULL, 8) = 0
3984  <... mprotect resumed>)           = 0
3985  futex(0x7ffdbd6750c4, FUTEX_WAIT_PRIVATE, 0, NULL <unfinished ...>
3984  rt_sigprocmask(SIG_BLOCK, ~[], [], 8) = 0
3984  clone3({flags=CLONE_VM|CLONE_FS|CLONE_FILES|CLONE_SIGHAND|CLONE_THREAD|CLONE_SYSVSEM|CLONE_SETTLS|CLONE_PARENT_SETTID|CLONE_CHILD_CLEARTID, child_tid=0x7f9fc1ee8910, parent_tid=0x7f9fc1ee8910, exit_signal=0, stack=0x7f9fc16e8000, stack_size=0x800280, tls=0x7f9fc1ee8640} => {parent_tid=[3986]}, 88) = 3986
3986  rseq(0x7f9fc1ee8fe0, 0x20, 0, 0x53053053 <unfinished ...>
3984  rt_sigprocmask(SIG_SETMASK, [],  <unfinished ...>
3986  <... rseq resumed>)               = 0
3984  <... rt_sigprocmask resumed>NULL, 8) = 0
3986  set_robust_list(0x7f9fc1ee8920, 24 <unfinished ...>
3984  mmap(NULL, 8392704, PROT_NONE, MAP_PRIVATE|MAP_ANONYMOUS|MAP_STACK, -1, 0 <unfinished ...>
3986  <... set_robust_list resumed>)    = 0
3984  <... mmap resumed>)               = 0x7f9fc0ee7000
3986  rt_sigprocmask(SIG_SETMASK, [],  <unfinished ...>
3984  mprotect(0x7f9fc0ee8000, 8388608, PROT_READ|PROT_WRITE <unfinished ...>
3986  <... rt_sigprocmask resumed>NULL, 8) = 0
3984  <... mprotect resumed>)           = 0
3986  futex(0x7ffdbd6750c4, FUTEX_WAIT_PRIVATE, 0, NULL <unfinished ...>
3984  rt_sigprocmask(SIG_BLOCK, ~[], [], 8) = 0
3984  clone3({flags=CLONE_VM|CLONE_FS|CLONE_FILES|CLONE_SIGHAND|CLONE_THREAD|CLONE_SYSVSEM|CLONE_SETTLS|CLONE_PARENT_SETTID|CLONE_CHILD_CLEARTID, child_tid=0x7f9fc16e7910, parent_tid=0x7f9fc16e7910, exit_signal=0, stack=0x7f9fc0ee7000, stack_size=0x800280, tls=0x7f9fc16e7640} => {parent_tid=[3989]}, 88) = 3989
3989  rseq(0x7f9fc16e7fe0, 0x20, 0, 0x53053053 <unfinished ...>
3984  rt_sigprocmask(SIG_SETMASK, [],  <unfinished ...>
3989  <... rseq resumed>)               = 0
3984  <... rt_sigprocmask resumed>NULL, 8) = 0
3989  set_robust_list(0x7f9fc16e7920, 24 <unfinished ...>
3984  mmap(NULL, 8392704, PROT_NONE, MAP_PRIVATE|MAP_ANONYMOUS|MAP_STACK, -1, 0 <unfinished ...>
3989  <... set_robust_list resumed>)    = 0
3984  <... mmap resumed>)               = 0x7f9fc06e6000
3989  rt_sigprocmask(SIG_SETMASK, [],  <unfinished ...>
3984  mprotect(0x7f9fc06e7000, 8388608, PROT_READ|PROT_WRITE <unfinished ...>
3989  <... rt_sigprocmask resumed>NULL, 8) = 0
3984  <... mprotect resumed>)           = 0
3989  futex(0x7ffdbd6750c4, FUTEX_WAIT_PRIVATE, 0, NULL <unfinished ...>
3984  rt_sigprocmask(SIG_BLOCK, ~[], [], 8) = 0
3984  clone3({flags=CLONE_VM|CLONE_FS|CLONE_FILES|CLONE_SIGHAND|CLONE_THREAD|CLONE_SYSVSEM|CLONE_SETTLS|CLONE_PARENT_SETTID|CLONE_CHILD_CLEARTID, child_tid=0x7f9fc0ee6910, parent_tid=0x7f9fc0ee6910, exit_signal=0, stack=0x7f9fc06e6000, stack_size=0x800280, tls=0x7f9fc0ee6640} => {parent_tid=[3990]}, 88) = 3990
3990  rseq(0x7f9fc0ee6fe0, 0x20, 0, 0x53053053 <unfinished ...>
3984  rt_sigprocmask(SIG_SETMASK, [],  <unfinished ...>
3990  <... rseq resumed>)               = 0
3984  <... rt_sigprocmask resumed>NULL, 8) = 0
3990  set_robust_list(0x7f9fc0ee6920, 24 <unfinished ...>
3984  mmap(NULL, 8392704, PROT_NONE, MAP_PRIVATE|MAP_ANONYMOUS|MAP_STACK, -1, 0 <unfinished ...>
3990  <... set_robust_list resumed>)    = 0
3984  <... mmap resumed>)               = 0x7f9fbfee5000
3990  rt_sigprocmask(SIG_SETMASK, [],  <unfinished ...>
3984  mprotect(0x7f9fbfee6000, 8388608, PROT_READ|PROT_WRITE <unfinished ...>
3990  <... rt_sigprocmask resumed>NULL, 8) = 0
3984  <... mprotect resumed>)           = 0
3990  futex(0x7ffdbd6750c4, FUTEX_WAIT_PRIVATE, 0, NULL <unfinished ...>
3984  rt_sigprocmask(SIG_BLOCK, ~[], [], 8) = 0
3984  clone3({flags=CLONE_VM|CLONE_FS|CLONE_FILES|CLONE_SIGHAND|CLONE_THREAD|CLONE_SYSVSEM|CLONE_SETTLS|CLONE_PARENT_SETTID|CLONE_CHILD_CLEARTID, child_tid=0x7f9fc06e5910, parent_tid=0x7f9fc06e5910, exit_signal=0, stack=0x7f9fbfee5000, stack_size=0x800280, tls=0x7f9fc06e5640} => {parent_tid=[3991]}, 88) = 3991
3991  rseq(0x7f9fc06e5fe0, 0x20, 0, 0x53053053 <unfinished ...>
3984  rt_sigprocmask(SIG_SETMASK, [],  <unfinished ...>
3991  <... rseq resumed>)               = 0
3984  <... rt_sigprocmask resumed>NULL, 8) = 0
3991  set_robust_list(0x7f9fc06e5920, 24 <unfinished ...>
3984  mmap(NULL, 8392704, PROT_NONE, MAP_PRIVATE|MAP_ANONYMOUS|MAP_STACK, -1, 0 <unfinished ...>
3991  <... set_robust_list resumed>)    = 0
3984  <... mmap resumed>)               = 0x7f9fbf6e4000
3991  rt_sigprocmask(SIG_SETMASK, [],  <unfinished ...>
3984  mprotect(0x7f9fbf6e5000, 8388608, PROT_READ|PROT_WRITE <unfinished ...>
3991  <... rt_sigprocmask resumed>NULL, 8) = 0
3984  <... mprotect resumed>)           = 0
3991  futex(0x7ffdbd6750c4, FUTEX_WAIT_PRIVATE, 0, NULL <unfinished ...>
3984  rt_sigprocmask(SIG_BLOCK, ~[], [], 8) = 0
3984  clone3({flags=CLONE_VM|CLONE_FS|CLONE_FILES|CLONE_SIGHAND|CLONE_THREAD|CLONE_SYSVSEM|CLONE_SETTLS|CLONE_PARENT_SETTID|CLONE_CHILD_CLEARTID, child_tid=0x7f9fbfee4910, parent_tid=0x7f9fbfee4910, exit_signal=0, stack=0x7f9fbf6e4000, stack_size=0x800280, tls=0x7f9fbfee4640} => {parent_tid=[3992]}, 88) = 3992
3992  rseq(0x7f9fbfee4fe0, 0x20, 0, 0x53053053 <unfinished ...>
3984  rt_sigprocmask(SIG_SETMASK, [],  <unfinished ...>
3992  <... rseq resumed>)               = 0
3984  <... rt_sigprocmask resumed>NULL, 8) = 0
3992  set_robust_list(0x7f9fbfee4920, 24 <unfinished ...>
3984  mmap(NULL, 8392704, PROT_NONE, MAP_PRIVATE|MAP_ANONYMOUS|MAP_STACK, -1, 0 <unfinished ...>
3992  <... set_robust_list resumed>)    = 0
3984  <... mmap resumed>)               = 0x7f9fbeee3000
3992  rt_sigprocmask(SIG_SETMASK, [],  <unfinished ...>
3984  mprotect(0x7f9fbeee4000, 8388608, PROT_READ|PROT_WRITE <unfinished ...>
3992  <... rt_sigprocmask resumed>NULL, 8) = 0
3984  <... mprotect resumed>)           = 0
3992  futex(0x7ffdbd6750c4, FUTEX_WAIT_PRIVATE, 0, NULL <unfinished ...>
3984  rt_sigprocmask(SIG_BLOCK, ~[], [], 8) = 0
3984  clone3({flags=CLONE_VM|CLONE_FS|CLONE_FILES|CLONE_SIGHAND|CLONE_THREAD|CLONE_SYSVSEM|CLONE_SETTLS|CLONE_PARENT_SETTID|CLONE_CHILD_CLEARTID, child_tid=0x7f9fbf6e3910, parent_tid=0x7f9fbf6e3910, exit_signal=0, stack=0x7f9fbeee3000, stack_size=0x800280, tls=0x7f9fbf6e3640} => {parent_tid=[3993]}, 88) = 3993
3993  rseq(0x7f9fbf6e3fe0, 0x20, 0, 0x53053053 <unfinished ...>
3984  rt_sigprocmask(SIG_SETMASK, [],  <unfinished ...>
3993  <... rseq resumed>)               = 0
3984  <... rt_sigprocmask resumed>NULL, 8) = 0
3993  set_robust_list(0x7f9fbf6e3920, 24 <unfinished ...>
3984  mmap(NULL, 8392704, PROT_NONE, MAP_PRIVATE|MAP_ANONYMOUS|MAP_STACK, -1, 0 <unfinished ...>
3993  <... set_robust_list resumed>)    = 0
3984  <... mmap resumed>)               = 0x7f9fbe6e2000
3993  rt_sigprocmask(SIG_SETMASK, [],  <unfinished ...>
3984  mprotect(0x7f9fbe6e3000, 8388608, PROT_READ|PROT_WRITE <unfinished ...>
3993  <... rt_sigprocmask resumed>NULL, 8) = 0
3984  <... mprotect resumed>)           = 0
3993  futex(0x7ffdbd6750c4, FUTEX_WAIT_PRIVATE, 0, NULL <unfinished ...>
3984  rt_sigprocmask(SIG_BLOCK, ~[], [], 8) = 0
3984  clone3({flags=CLONE_VM|CLONE_FS|CLONE_FILES|CLONE_SIGHAND|CLONE_THREAD|CLONE_SYSVSEM|CLONE_SETTLS|CLONE_PARENT_SETTID|CLONE_CHILD_CLEARTID, child_tid=0x7f9fbeee2910, parent_tid=0x7f9fbeee2910, exit_signal=0, stack=0x7f9fbe6e2000, stack_size=0x800280, tls=0x7f9fbeee2640} => {parent_tid=[3994]}, 88) = 3994
3994  rseq(0x7f9fbeee2fe0, 0x20, 0, 0x53053053 <unfinished ...>
3984  rt_sigprocmask(SIG_SETMASK, [],  <unfinished ...>
3994  <... rseq resumed>)               = 0
3984  <... rt_sigprocmask resumed>NULL, 8) = 0
3994  set_robust_list(0x7f9fbeee2920, 24 <unfinished ...>
3984  mmap(NULL, 8392704, PROT_NONE, MAP_PRIVATE|MAP_ANONYMOUS|MAP_STACK, -1, 0 <unfinished ...>
3994  <... set_robust_list resumed>)    = 0
3984  <... mmap resumed>)               = 0x7f9fbdee1000
3994  rt_sigprocmask(SIG_SETMASK, [],  <unfinished ...>
3984  mprotect(0x7f9fbdee2000, 8388608, PROT_READ|PROT_WRITE <unfinished ...>
3994  <... rt_sigprocmask resumed>NULL, 8) = 0
3984  <... mprotect resumed>)           = 0
3994  futex(0x7ffdbd6750c4, FUTEX_WAIT_PRIVATE, 0, NULL <unfinished ...>
3984  rt_sigprocmask(SIG_BLOCK, ~[], [], 8) = 0
3984  clone3({flags=CLONE_VM|CLONE_FS|CLONE_FILES|CLONE_SIGHAND|CLONE_THREAD|CLONE_SYSVSEM|CLONE_SETTLS|CLONE_PARENT_SETTID|CLONE_CHILD_CLEARTID, child_tid=0x7f9fbe6e1910, parent_tid=0x7f9fbe6e1910, exit_signal=0, stack=0x7f9fbdee1000, stack_size=0x800280, tls=0x7f9fbe6e1640} => {parent_tid=[3995]}, 88) = 3995
3995  rseq(0x7f9fbe6e1fe0, 0x20, 0, 0x53053053 <unfinished ...>
3984  rt_sigprocmask(SIG_SETMASK, [],  <unfinished ...>
3995  <... rseq resumed>)               = 0
3984  <... rt_sigprocmask resumed>NULL, 8) = 0
3995  set_robust_list(0x7f9fbe6e1920, 24 <unfinished ...>
3984  mmap(NULL, 8392704, PROT_NONE, MAP_PRIVATE|MAP_ANONYMOUS|MAP_STACK, -1, 0 <unfinished ...>
3995  <... set_robust_list resumed>)    = 0
3984  <... mmap resumed>)               = 0x7f9fbd6e0000
3995  rt_sigprocmask(SIG_SETMASK, [],  <unfinished ...>
3984  mprotect(0x7f9fbd6e1000, 8388608, PROT_READ|PROT_WRITE <unfinished ...>
3995  <... rt_sigprocmask resumed>NULL, 8) = 0
3984  <... mprotect resumed>)           = 0
3995  futex(0x7ffdbd6750c4, FUTEX_WAIT_PRIVATE, 0, NULL <unfinished ...>
3984  rt_sigprocmask(SIG_BLOCK, ~[], [], 8) = 0
3984  clone3({flags=CLONE_VM|CLONE_FS|CLONE_FILES|CLONE_SIGHAND|CLONE_THREAD|CLONE_SYSVSEM|CLONE_SETTLS|CLONE_PARENT_SETTID|CLONE_CHILD_CLEARTID, child_tid=0x7f9fbdee0910, parent_tid=0x7f9fbdee0910, exit_signal=0, stack=0x7f9fbd6e0000, stack_size=0x800280, tls=0x7f9fbdee0640} => {parent_tid=[3996]}, 88) = 3996
3996  rseq(0x7f9fbdee0fe0, 0x20, 0, 0x53053053 <unfinished ...>
3984  rt_sigprocmask(SIG_SETMASK, [],  <unfinished ...>
3996  <... rseq resumed>)               = 0
3984  <... rt_sigprocmask resumed>NULL, 8) = 0
3996  set_robust_list(0x7f9fbdee0920, 24 <unfinished ...>
3984  mmap(NULL, 8392704, PROT_NONE, MAP_PRIVATE|MAP_ANONYMOUS|MAP_STACK, -1, 0 <unfinished ...>
3996  <... set_robust_list resumed>)    = 0
3984  <... mmap resumed>)               = 0x7f9fbcedf000
3984  mprotect(0x7f9fbcee0000, 8388608, PROT_READ|PROT_WRITE <unfinished ...>
3996  rt_sigprocmask(SIG_SETMASK, [],  <unfinished ...>
3984  <... mprotect resumed>)           = 0
3996  <... rt_sigprocmask resumed>NULL, 8) = 0
3984  rt_sigprocmask(SIG_BLOCK, ~[],  <unfinished ...>
3996  futex(0x7ffdbd6750c4, FUTEX_WAIT_PRIVATE, 0, NULL <unfinished ...>
3984  <... rt_sigprocmask resumed>[], 8) = 0
3984  clone3({flags=CLONE_VM|CLONE_FS|CLONE_FILES|CLONE_SIGHAND|CLONE_THREAD|CLONE_SYSVSEM|CLONE_SETTLS|CLONE_PARENT_SETTID|CLONE_CHILD_CLEARTID, child_tid=0x7f9fbd6df910, parent_tid=0x7f9fbd6df910, exit_signal=0, stack=0x7f9fbcedf000, stack_size=0x800280, tls=0x7f9fbd6df640} => {parent_tid=[3997]}, 88) = 3997
3997  rseq(0x7f9fbd6dffe0, 0x20, 0, 0x53053053 <unfinished ...>
3984  rt_sigprocmask(SIG_SETMASK, [],  <unfinished ...>
3997  <... rseq resumed>)               = 0
3984  <... rt_sigprocmask resumed>NULL, 8) = 0
3997  set_robust_list(0x7f9fbd6df920, 24 <unfinished ...>
3984  mmap(NULL, 8392704, PROT_NONE, MAP_PRIVATE|MAP_ANONYMOUS|MAP_STACK, -1, 0 <unfinished ...>
3997  <... set_robust_list resumed>)    = 0
3984  <... mmap resumed>)               = 0x7f9fbc6de000
3997  rt_sigprocmask(SIG_SETMASK, [],  <unfinished ...>
3984  mprotect(0x7f9fbc6df000, 8388608, PROT_READ|PROT_WRITE <unfinished ...>
3997  <... rt_sigprocmask resumed>NULL, 8) = 0
3984  <... mprotect resumed>)           = 0
3997  futex(0x7ffdbd6750c4, FUTEX_WAIT_PRIVATE, 0, NULL <unfinished ...>
3984  rt_sigprocmask(SIG_BLOCK, ~[], [], 8) = 0
3984  clone3({flags=CLONE_VM|CLONE_FS|CLONE_FILES|CLONE_SIGHAND|CLONE_THREAD|CLONE_SYSVSEM|CLONE_SETTLS|CLONE_PARENT_SETTID|CLONE_CHILD_CLEARTID, child_tid=0x7f9fbcede910, parent_tid=0x7f9fbcede910, exit_signal=0, stack=0x7f9fbc6de000, stack_size=0x800280, tls=0x7f9fbcede640} => {parent_tid=[3999]}, 88) = 3999
3999  rseq(0x7f9fbcedefe0, 0x20, 0, 0x53053053 <unfinished ...>
3984  rt_sigprocmask(SIG_SETMASK, [], NULL, 8) = 0
3999  <... rseq resumed>)               = 0
3984  mmap(NULL, 8392704, PROT_NONE, MAP_PRIVATE|MAP_ANONYMOUS|MAP_STACK, -1, 0 <unfinished ...>
3999  set_robust_list(0x7f9fbcede920, 24 <unfinished ...>
3984  <... mmap resumed>)               = 0x7f9fbbedd000
3999  <... set_robust_list resumed>)    = 0
3984  mprotect(0x7f9fbbede000, 8388608, PROT_READ|PROT_WRITE) = 0
3984  rt_sigprocmask(SIG_BLOCK, ~[],  <unfinished ...>
3999  rt_sigprocmask(SIG_SETMASK, [],  <unfinished ...>
3984  <... rt_sigprocmask resumed>[], 8) = 0
3999  <... rt_sigprocmask resumed>NULL, 8) = 0
3984  clone3({flags=CLONE_VM|CLONE_FS|CLONE_FILES|CLONE_SIGHAND|CLONE_THREAD|CLONE_SYSVSEM|CLONE_SETTLS|CLONE_PARENT_SETTID|CLONE_CHILD_CLEARTID, child_tid=0x7f9fbc6dd910, parent_tid=0x7f9fbc6dd910, exit_signal=0, stack=0x7f9fbbedd000, stack_size=0x800280, tls=0x7f9fbc6dd640} <unfinished ...>
3999  futex(0x7ffdbd6750c4, FUTEX_WAIT_PRIVATE, 0, NULL <unfinished ...>
3984  <... clone3 resumed> => {parent_tid=[4001]}, 88) = 4001
4001  rseq(0x7f9fbc6ddfe0, 0x20, 0, 0x53053053 <unfinished ...>
3984  rt_sigprocmask(SIG_SETMASK, [],  <unfinished ...>
4001  <... rseq resumed>)               = 0
3984  <... rt_sigprocmask resumed>NULL, 8) = 0
4001  set_robust_list(0x7f9fbc6dd920, 24 <unfinished ...>
3984  mmap(NULL, 8392704, PROT_NONE, MAP_PRIVATE|MAP_ANONYMOUS|MAP_STACK, -1, 0 <unfinished ...>
4001  <... set_robust_list resumed>)    = 0
3984  <... mmap resumed>)               = 0x7f9fbb6dc000
4001  rt_sigprocmask(SIG_SETMASK, [],  <unfinished ...>
3984  mprotect(0x7f9fbb6dd000, 8388608, PROT_READ|PROT_WRITE <unfinished ...>
4001  <... rt_sigprocmask resumed>NULL, 8) = 0
3984  <... mprotect resumed>)           = 0
4001  futex(0x7ffdbd6750c4, FUTEX_WAIT_PRIVATE, 0, NULL <unfinished ...>
3984  rt_sigprocmask(SIG_BLOCK, ~[], [], 8) = 0
3984  clone3({flags=CLONE_VM|CLONE_FS|CLONE_FILES|CLONE_SIGHAND|CLONE_THREAD|CLONE_SYSVSEM|CLONE_SETTLS|CLONE_PARENT_SETTID|CLONE_CHILD_CLEARTID, child_tid=0x7f9fbbedc910, parent_tid=0x7f9fbbedc910, exit_signal=0, stack=0x7f9fbb6dc000, stack_size=0x800280, tls=0x7f9fbbedc640} => {parent_tid=[4002]}, 88) = 4002
4002  rseq(0x7f9fbbedcfe0, 0x20, 0, 0x53053053 <unfinished ...>
3984  rt_sigprocmask(SIG_SETMASK, [],  <unfinished ...>
4002  <... rseq resumed>)               = 0
3984  <... rt_sigprocmask resumed>NULL, 8) = 0
4002  set_robust_list(0x7f9fbbedc920, 24 <unfinished ...>
3984  mmap(NULL, 8392704, PROT_NONE, MAP_PRIVATE|MAP_ANONYMOUS|MAP_STACK, -1, 0 <unfinished ...>
4002  <... set_robust_list resumed>)    = 0
3984  <... mmap resumed>)               = 0x7f9fbaedb000
4002  rt_sigprocmask(SIG_SETMASK, [],  <unfinished ...>
3984  mprotect(0x7f9fbaedc000, 8388608, PROT_READ|PROT_WRITE <unfinished ...>
4002  <... rt_sigprocmask resumed>NULL, 8) = 0
3984  <... mprotect resumed>)           = 0
4002  futex(0x7ffdbd6750c4, FUTEX_WAIT_PRIVATE, 0, NULL <unfinished ...>
3984  rt_sigprocmask(SIG_BLOCK, ~[], [], 8) = 0
3984  clone3({flags=CLONE_VM|CLONE_FS|CLONE_FILES|CLONE_SIGHAND|CLONE_THREAD|CLONE_SYSVSEM|CLONE_SETTLS|CLONE_PARENT_SETTID|CLONE_CHILD_CLEARTID, child_tid=0x7f9fbb6db910, parent_tid=0x7f9fbb6db910, exit_signal=0, stack=0x7f9fbaedb000, stack_size=0x800280, tls=0x7f9fbb6db640} => {parent_tid=[4003]}, 88) = 4003
4003  rseq(0x7f9fbb6dbfe0, 0x20, 0, 0x53053053 <unfinished ...>
3984  rt_sigprocmask(SIG_SETMASK, [],  <unfinished ...>
4003  <... rseq resumed>)               = 0
3984  <... rt_sigprocmask resumed>NULL, 8) = 0
4003  set_robust_list(0x7f9fbb6db920, 24 <unfinished ...>
3984  mmap(NULL, 8392704, PROT_NONE, MAP_PRIVATE|MAP_ANONYMOUS|MAP_STACK, -1, 0 <unfinished ...>
4003  <... set_robust_list resumed>)    = 0
3984  <... mmap resumed>)               = 0x7f9fba6da000
4003  rt_sigprocmask(SIG_SETMASK, [],  <unfinished ...>
3984  mprotect(0x7f9fba6db000, 8388608, PROT_READ|PROT_WRITE <unfinished ...>
4003  <... rt_sigprocmask resumed>NULL, 8) = 0
3984  <... mprotect resumed>)           = 0
4003  futex(0x7ffdbd6750c4, FUTEX_WAIT_PRIVATE, 0, NULL <unfinished ...>
3984  rt_sigprocmask(SIG_BLOCK, ~[], [], 8) = 0
3984  clone3({flags=CLONE_VM|CLONE_FS|CLONE_FILES|CLONE_SIGHAND|CLONE_THREAD|CLONE_SYSVSEM|CLONE_SETTLS|CLONE_PARENT_SETTID|CLONE_CHILD_CLEARTID, child_tid=0x7f9fbaeda910, parent_tid=0x7f9fbaeda910, exit_signal=0, stack=0x7f9fba6da000, stack_size=0x800280, tls=0x7f9fbaeda640} => {parent_tid=[4004]}, 88) = 4004
4004  rseq(0x7f9fbaedafe0, 0x20, 0, 0x53053053 <unfinished ...>
3984  rt_sigprocmask(SIG_SETMASK, [],  <unfinished ...>
4004  <... rseq resumed>)               = 0
3984  <... rt_sigprocmask resumed>NULL, 8) = 0
4004  set_robust_list(0x7f9fbaeda920, 24 <unfinished ...>
3984  futex(0x7ffdbd6750c4, FUTEX_WAIT_PRIVATE, 0, NULL <unfinished ...>
4004  <... set_robust_list resumed>)    = 0
4004  rt_sigprocmask(SIG_SETMASK, [], NULL, 8) = 0
4004  futex(0x7ffdbd6750c4, FUTEX_WAKE_PRIVATE, 2147483647 <unfinished ...>
3991  <... futex resumed>)              = 0
3990  <... futex resumed>)              = 0
3989  <... futex resumed>)              = 0
3986  <... futex resumed>)              = 0
3985  <... futex resumed>)              = 0
3984  <... futex resumed>)              = 0
4004  <... futex resumed>)              = 16
4003  <... futex resumed>)              = 0
4002  <... futex resumed>)              = 0
4001  <... futex resumed>)              = 0
3999  <... futex resumed>)              = 0
3997  <... futex resumed>)              = 0
3996  <... futex resumed>)              = 0
3995  <... futex resumed>)              = 0
3994  <... futex resumed>)              = 0
3993  <... futex resumed>)              = 0
3992  <... futex resumed>)              = 0
3991  mmap(NULL, 16384, PROT_READ|PROT_WRITE, MAP_PRIVATE|MAP_ANONYMOUS|MAP_NORESERVE, -1, 0 <unfinished ...>
3990  mmap(NULL, 16384, PROT_READ|PROT_WRITE, MAP_PRIVATE|MAP_ANONYMOUS|MAP_NORESERVE, -1, 0 <unfinished ...>
3989  mmap(NULL, 16384, PROT_READ|PROT_WRITE, MAP_PRIVATE|MAP_ANONYMOUS|MAP_NORESERVE, -1, 0 <unfinished ...>
3986  mmap(NULL, 16384, PROT_READ|PROT_WRITE, MAP_PRIVATE|MAP_ANONYMOUS|MAP_NORESERVE, -1, 0 <unfinished ...>
3984  futex(0x7ffdbd6750e4, FUTEX_WAIT_PRIVATE, 0, NULL <unfinished ...>
4004  mmap(NULL, 16384, PROT_READ|PROT_WRITE, MAP_PRIVATE|MAP_ANONYMOUS|MAP_NORESERVE, -1, 0 <unfinished ...>
4003  mmap(NULL, 16384, PROT_READ|PROT_WRITE, MAP_PRIVATE|MAP_ANONYMOUS|MAP_NORESERVE, -1, 0 <unfinished ...>
4002  mmap(NULL, 16384, PROT_READ|PROT_WRITE, MAP_PRIVATE|MAP_ANONYMOUS|MAP_NORESERVE, -1, 0 <unfinished ...>
4001  mmap(NULL, 16384, PROT_READ|PROT_WRITE, MAP_PRIVATE|MAP_ANONYMOUS|MAP_NORESERVE, -1, 0 <unfinished ...>
3999  mmap(NULL, 16384, PROT_READ|PROT_WRITE, MAP_PRIVATE|MAP_ANONYMOUS|MAP_NORESERVE, -1, 0 <unfinished ...>
3997  mmap(NULL, 16384, PROT_READ|PROT_WRITE, MAP_PRIVATE|MAP_ANONYMOUS|MAP_NORESERVE, -1, 0 <unfinished ...>
3996  mmap(NULL, 16384, PROT_READ|PROT_WRITE, MAP_PRIVATE|MAP_ANONYMOUS|MAP_NORESERVE, -1, 0 <unfinished ...>
3995  mmap(NULL, 16384, PROT_READ|PROT_WRITE, MAP_PRIVATE|MAP_ANONYMOUS|MAP_NORESERVE, -1, 0 <unfinished ...>
3994  mmap(NULL, 16384, PROT_READ|PROT_WRITE, MAP_PRIVATE|MAP_ANONYMOUS|MAP_NORESERVE, -1, 0 <unfinished ...>
3993  mmap(NULL, 16384, PROT_READ|PROT_WRITE, MAP_PRIVATE|MAP_ANONYMOUS|MAP_NORESERVE, -1, 0 <unfinished ...>
3992  mmap(NULL, 16384, PROT_READ|PROT_WRITE, MAP_PRIVATE|MAP_ANONYMOUS|MAP_NORESERVE, -1, 0 <unfinished ...>
3991  <... mmap resumed>)               = 0x7f9fba6d6000
3990  <... mmap resumed>)               = 0x7f9fba6d2000
3989  <... mmap resumed>)               = 0x7f9fba6ce000
3985  mmap(NULL, 16384, PROT_READ|PROT_WRITE, MAP_PRIVATE|MAP_ANONYMOUS|MAP_NORESERVE, -1, 0 <unfinished ...>
4004  <... mmap resumed>)               = 0x7f9fba6c6000
4003  <... mmap resumed>)               = 0x7f9fba6c2000
4002  <... mmap resumed>)               = 0x7f9fba6be000
4001  <... mmap resumed>)               = 0x7f9fba6ba000
3999  <... mmap resumed>)               = 0x7f9fba6b6000
3997  <... mmap resumed>)               = 0x7f9fba6b2000
3996  <... mmap resumed>)               = 0x7f9fba6ae000
3995  <... mmap resumed>)               = 0x7f9fba6aa000
3994  <... mmap resumed>)               = 0x7f9fba6a6000
3993  <... mmap resumed>)               = 0x7f9fba6a2000
3992  <... mmap resumed>)               = 0x7f9fba69e000
3991  munmap(0x7f9fba6d6000, 16384 <unfinished ...>
3990  munmap(0x7f9fba6d2000, 16384 <unfinished ...>
3989  munmap(0x7f9fba6ce000, 16384 <unfinished ...>
3986  <... mmap resumed>)               = 0x7f9fba6ca000
4004  munmap(0x7f9fba6c6000, 16384 <unfinished ...>
4003  munmap(0x7f9fba6c2000, 16384 <unfinished ...>
4002  munmap(0x7f9fba6be000, 16384 <unfinished ...>
4001  munmap(0x7f9fba6ba000, 16384 <unfinished ...>
3999  munmap(0x7f9fba6b6000, 16384 <unfinished ...>
3997  munmap(0x7f9fba6b2000, 16384 <unfinished ...>
3996  munmap(0x7f9fba6ae000, 16384 <unfinished ...>
3995  munmap(0x7f9fba6aa000, 16384 <unfinished ...>
3994  munmap(0x7f9fba6a6000, 16384 <unfinished ...>
3993  munmap(0x7f9fba6a2000, 16384 <unfinished ...>
3992  munmap(0x7f9fba69e000, 16384 <unfinished ...>
3991  <... munmap resumed>)             = 0
3990  <... munmap resumed>)             = 0
3989  <... munmap resumed>)             = 0
3985  <... mmap resumed>)               = 0x7f9fba69a000
4004  <... munmap resumed>)             = 0
4003  <... munmap resumed>)             = 0
4002  <... munmap resumed>)             = 0
4001  <... munmap resumed>)             = 0
3999  <... munmap resumed>)             = 0
3997  <... munmap resumed>)             = 0
3996  <... munmap resumed>)             = 0
3995  <... munmap resumed>)             = 0
3994  <... munmap resumed>)             = 0
3993  <... munmap resumed>)             = 0
3992  <... munmap resumed>)             = 0
3991  mmap(NULL, 16384, PROT_READ|PROT_WRITE, MAP_PRIVATE|MAP_ANONYMOUS|MAP_NORESERVE, -1, 0 <unfinished ...>
3990  mmap(NULL, 16384, PROT_READ|PROT_WRITE, MAP_PRIVATE|MAP_ANONYMOUS|MAP_NORESERVE, -1, 0 <unfinished ...>
3989  mmap(NULL, 16384, PROT_READ|PROT_WRITE, MAP_PRIVATE|MAP_ANONYMOUS|MAP_NORESERVE, -1, 0 <unfinished ...>
3986  munmap(0x7f9fba6ca000, 16384 <unfinished ...>
4004  mmap(NULL, 16384, PROT_READ|PROT_WRITE, MAP_PRIVATE|MAP_ANONYMOUS|MAP_NORESERVE, -1, 0 <unfinished ...>
4003  mmap(NULL, 16384, PROT_READ|PROT_WRITE, MAP_PRIVATE|MAP_ANONYMOUS|MAP_NORESERVE, -1, 0 <unfinished ...>
4002  mmap(NULL, 16384, PROT_READ|PROT_WRITE, MAP_PRIVATE|MAP_ANONYMOUS|MAP_NORESERVE, -1, 0 <unfinished ...>
4001  mmap(NULL, 16384, PROT_READ|PROT_WRITE, MAP_PRIVATE|MAP_ANONYMOUS|MAP_NORESERVE, -1, 0 <unfinished ...>
3999  mmap(NULL, 16384, PROT_READ|PROT_WRITE, MAP_PRIVATE|MAP_ANONYMOUS|MAP_NORESERVE, -1, 0 <unfinished ...>
3997  mmap(NULL, 16384, PROT_READ|PROT_WRITE, MAP_PRIVATE|MAP_ANONYMOUS|MAP_NORESERVE, -1, 0 <unfinished ...>
3996  mmap(NULL, 16384, PROT_READ|PROT_WRITE, MAP_PRIVATE|MAP_ANONYMOUS|MAP_NORESERVE, -1, 0 <unfinished ...>
3995  mmap(NULL, 16384, PROT_READ|PROT_WRITE, MAP_PRIVATE|MAP_ANONYMOUS|MAP_NORESERVE, -1, 0 <unfinished ...>
3994  mmap(NULL, 16384, PROT_READ|PROT_WRITE, MAP_PRIVATE|MAP_ANONYMOUS|MAP_NORESERVE, -1, 0 <unfinished ...>
3993  mmap(NULL, 16384, PROT_READ|PROT_WRITE, MAP_PRIVATE|MAP_ANONYMOUS|MAP_NORESERVE, -1, 0 <unfinished ...>
3992  mmap(NULL, 16384, PROT_READ|PROT_WRITE, MAP_PRIVATE|MAP_ANONYMOUS|MAP_NORESERVE, -1, 0 <unfinished ...>
3991  <... mmap resumed>)               = 0x7f9fba6d6000
3990  <... mmap resumed>)               = 0x7f9fba6d2000
3989  <... mmap resumed>)               = 0x7f9fba6ce000
3985  munmap(0x7f9fba69a000, 16384 <unfinished ...>
4004  <... mmap resumed>)               = 0x7f9fba6ca000
4003  <... mmap resumed>)               = 0x7f9fba6c6000
4002  <... mmap resumed>)               = 0x7f9fba6c2000
4001  <... mmap resumed>)               = 0x7f9fba6be000
3999  <... mmap resumed>)               = 0x7f9fba6ba000
3997  <... mmap resumed>)               = 0x7f9fba6b6000
3996  <... mmap resumed>)               = 0x7f9fba6b2000
3995  <... mmap resumed>)               = 0x7f9fba6ae000
3994  <... mmap resumed>)               = 0x7f9fba6aa000
3993  <... mmap resumed>)               = 0x7f9fba6a6000
3992  <... mmap resumed>)               = 0x7f9fba6a2000
3991  munmap(0x7f9fba6d6000, 16384 <unfinished ...>
3990  munmap(0x7f9fba6d2000, 16384 <unfinished ...>
3989  munmap(0x7f9fba6ce000, 16384 <unfinished ...>
3986  <... munmap resumed>)             = 0
4004  munmap(0x7f9fba6ca000, 16384 <unfinished ...>
4003  munmap(0x7f9fba6c6000, 16384 <unfinished ...>
4002  munmap(0x7f9fba6c2000, 16384 <unfinished ...>
4001  munmap(0x7f9fba6be000, 16384 <unfinished ...>
3999  munmap(0x7f9fba6ba000, 16384 <unfinished ...>
3997  munmap(0x7f9fba6b6000, 16384 <unfinished ...>
3996  munmap(0x7f9fba6b2000, 16384 <unfinished ...>
3995  munmap(0x7f9fba6ae000, 16384 <unfinished ...>
3994  munmap(0x7f9fba6aa000, 16384 <unfinished ...>
3993  munmap(0x7f9fba6a6000, 16384 <unfinished ...>
3992  munmap(0x7f9fba6a2000, 16384 <unfinished ...>
3991  <... munmap resumed>)             = 0
3990  <... munmap resumed>)             = 0
3989  <... munmap resumed>)             = 0
3985  <... munmap resumed>)             = 0
4004  <... munmap resumed>)             = 0
4003  <... munmap resumed>)             = 0
4002  <... munmap resumed>)             = 0
4001  <... munmap resumed>)             = 0
3999  <... munmap resumed>)             = 0
3997  <... munmap resumed>)             = 0
3996  <... munmap resumed>)             = 0
3995  <... munmap resumed>)             = 0
3994  <... munmap resumed>)             = 0
3993  <... munmap resumed>)             = 0
3992  <... munmap resumed>)             = 0
3991  mmap(NULL, 16384, PROT_READ|PROT_WRITE, MAP_PRIVATE|MAP_ANONYMOUS|MAP_NORESERVE, -1, 0 <unfinished ...>
3990  mmap(NULL, 16384, PROT_READ|PROT_WRITE, MAP_PRIVATE|MAP_ANONYMOUS|MAP_NORESERVE, -1, 0 <unfinished ...>
3989  mmap(NULL, 16384, PROT_READ|PROT_WRITE, MAP_PRIVATE|MAP_ANONYMOUS|MAP_NORESERVE, -1, 0 <unfinished ...>
3986  mmap(NULL, 16384, PROT_READ|PROT_WRITE, MAP_PRIVATE|MAP_ANONYMOUS|MAP_NORESERVE, -1, 0 <unfinished ...>
4004  mmap(NULL, 16384, PROT_READ|PROT_WRITE, MAP_PRIVATE|MAP_ANONYMOUS|MAP_NORESERVE, -1, 0 <unfinished ...>
4003  mmap(NULL, 16384, PROT_READ|PROT_WRITE, MAP_PRIVATE|MAP_ANONYMOUS|MAP_NORESERVE, -1, 0 <unfinished ...>
4002  mmap(NULL, 16384, PROT_READ|PROT_WRITE, MAP_PRIVATE|MAP_ANONYMOUS|MAP_NORESERVE, -1, 0 <unfinished ...>
4001  mmap(NULL, 16384, PROT_READ|PROT_WRITE, MAP_PRIVATE|MAP_ANONYMOUS|MAP_NORESERVE, -1, 0 <unfinished ...>
3999  mmap(NULL, 16384, PROT_READ|PROT_WRITE, MAP_PRIVATE|MAP_ANONYMOUS|MAP_NORESERVE, -1, 0 <unfinished ...>
3997  mmap(NULL, 16384, PROT_READ|PROT_WRITE, MAP_PRIVATE|MAP_ANONYMOUS|MAP_NORESERVE, -1, 0 <unfinished ...>
3996  mmap(NULL, 16384, PROT_READ|PROT_WRITE, MAP_PRIVATE|MAP_ANONYMOUS|MAP_NORESERVE, -1, 0 <unfinished ...>
3995  mmap(NULL, 16384, PROT_READ|PROT_WRITE, MAP_PRIVATE|MAP_ANONYMOUS|MAP_NORESERVE, -1, 0 <unfinished ...>
3994  mmap(NULL, 16384, PROT_READ|PROT_WRITE, MAP_PRIVATE|MAP_ANONYMOUS|MAP_NORESERVE, -1, 0 <unfinished ...>
3993  mmap(NULL, 16384, PROT_READ|PROT_WRITE, MAP_PRIVATE|MAP_ANONYMOUS|MAP_NORESERVE, -1, 0 <unfinished ...>
3992  mmap(NULL, 16384, PROT_READ|PROT_WRITE, MAP_PRIVATE|MAP_ANONYMOUS|MAP_NORESERVE, -1, 0 <unfinished ...>
3991  <... mmap resumed>)               = 0x7f9fba6d6000
3990  <... mmap resumed>)               = 0x7f9fba6d2000
3989  <... mmap resumed>)               = 0x7f9fba6ce000
3986  <... mmap resumed>)               = 0x7f9fba6ca000
3985  mmap(NULL, 16384, PROT_READ|PROT_WRITE, MAP_PRIVATE|MAP_ANONYMOUS|MAP_NORESERVE, -1, 0 <unfinished ...>
4004  <... mmap resumed>)               = 0x7f9fba6c6000
4003  <... mmap resumed>)               = 0x7f9fba6c2000
4002  <... mmap resumed>)               = 0x7f9fba6be000
4001  <... mmap resumed>)               = 0x7f9fba6ba000
3999  <... mmap resumed>)               = 0x7f9fba6b6000
3997  <... mmap resumed>)               = 0x7f9fba6b2000
3996  <... mmap resumed>)               = 0x7f9fba6ae000
3995  <... mmap resumed>)               = 0x7f9fba6aa000
3994  <... mmap resumed>)               = 0x7f9fba6a6000
3993  <... mmap resumed>)               = 0x7f9fba6a2000
3992  <... mmap resumed>)               = 0x7f9fba69e000
3991  munmap(0x7f9fba6d6000, 16384 <unfinished ...>
3990  munmap(0x7f9fba6d2000, 16384 <unfinished ...>
3989  munmap(0x7f9fba6ce000, 16384 <unfinished ...>
3986  munmap(0x7f9fba6ca000, 16384 <unfinished ...>
4004  munmap(0x7f9fba6c6000, 16384 <unfinished ...>
4003  munmap(0x7f9fba6c2000, 16384 <unfinished ...>
4002  munmap(0x7f9fba6be000, 16384 <unfinished ...>
4001  munmap(0x7f9fba6ba000, 16384 <unfinished ...>
3999  munmap(0x7f9fba6b6000, 16384 <unfinished ...>
3997  munmap(0x7f9fba6b2000, 16384 <unfinished ...>
3996  munmap(0x7f9fba6ae000, 16384 <unfinished ...>
3995  munmap(0x7f9fba6aa000, 16384 <unfinished ...>
3994  munmap(0x7f9fba6a6000, 16384 <unfinished ...>
3993  munmap(0x7f9fba6a2000, 16384 <unfinished ...>
3992  munmap(0x7f9fba69e000, 16384 <unfinished ...>
3991  <... munmap resumed>)             = 0
3990  <... munmap resumed>)             = 0
3989  <... munmap resumed>)             = 0
3985  <... mmap resumed>)               = 0x7f9fba69a000
4004  <... munmap resumed>)             = 0
4003  <... munmap resumed>)             = 0
4002  <... munmap resumed>)             = 0
4001  <... munmap resumed>)             = 0
3999  <... munmap resumed>)             = 0
3997  <... munmap resumed>)             = 0
3996  <... munmap resumed>)             = 0
3995  <... munmap resumed>)             = 0
3994  <... munmap resumed>)             = 0
3993  <... munmap resumed>)             = 0
3992  <... munmap resumed>)             = 0
3991  mmap(NULL, 16384, PROT_READ|PROT_WRITE, MAP_PRIVATE|MAP_ANONYMOUS|MAP_NORESERVE, -1, 0 <unfinished ...>
3990  mmap(NULL, 16384, PROT_READ|PROT_WRITE, MAP_PRIVATE|MAP_ANONYMOUS|MAP_NORESERVE, -1, 0 <unfinished ...>
3989  mmap(NULL, 16384, PROT_READ|PROT_WRITE, MAP_PRIVATE|MAP_ANONYMOUS|MAP_NORESERVE, -1, 0 <unfinished ...>
3986  <... munmap resumed>)             = 0
4004  mmap(NULL, 16384, PROT_READ|PROT_WRITE, MAP_PRIVATE|MAP_ANONYMOUS|MAP_NORESERVE, -1, 0 <unfinished ...>
4003  mmap(NULL, 16384, PROT_READ|PROT_WRITE, MAP_PRIVATE|MAP_ANONYMOUS|MAP_NORESERVE, -1, 0 <unfinished ...>
4002  mmap(NULL, 16384, PROT_READ|PROT_WRITE, MAP_PRIVATE|MAP_ANONYMOUS|MAP_NORESERVE, -1, 0 <unfinished ...>
4001  mmap(NULL, 16384, PROT_READ|PROT_WRITE, MAP_PRIVATE|MAP_ANONYMOUS|MAP_NORESERVE, -1, 0 <unfinished ...>
3999  mmap(NULL, 16384, PROT_READ|PROT_WRITE, MAP_PRIVATE|MAP_ANONYMOUS|MAP_NORESERVE, -1, 0 <unfinished ...>
3997  mmap(NULL, 16384, PROT_READ|PROT_WRITE, MAP_PRIVATE|MAP_ANONYMOUS|MAP_NORESERVE, -1, 0 <unfinished ...>
3996  mmap(NULL, 16384, PROT_READ|PROT_WRITE, MAP_PRIVATE|MAP_ANONYMOUS|MAP_NORESERVE, -1, 0 <unfinished ...>
3995  mmap(NULL, 16384, PROT_READ|PROT_WRITE, MAP_PRIVATE|MAP_ANONYMOUS|MAP_NORESERVE, -1, 0 <unfinished ...>
3994  mmap(NULL, 16384, PROT_READ|PROT_WRITE, MAP_PRIVATE|MAP_ANONYMOUS|MAP_NORESERVE, -1, 0 <unfinished ...>
3993  mmap(NULL, 16384, PROT_READ|PROT_WRITE, MAP_PRIVATE|MAP_ANONYMOUS|MAP_NORESERVE, -1, 0 <unfinished ...>
3992  mmap(NULL, 16384, PROT_READ|PROT_WRITE, MAP_PRIVATE|MAP_ANONYMOUS|MAP_NORESERVE, -1, 0 <unfinished ...>
3991  <... mmap resumed>)               = 0x7f9fba6d6000
3990  <... mmap resumed>)               = 0x7f9fba6d2000
3989  <... mmap resumed>)               = 0x7f9fba6ce000
3985  munmap(0x7f9fba69a000, 16384 <unfinished ...>
4004  <... mmap resumed>)               = 0x7f9fba6ca000
4003  <... mmap resumed>)               = 0x7f9fba6c6000
4002  <... mmap resumed>)               = 0x7f9fba6c2000
4001  <... mmap resumed>)               = 0x7f9fba6be000
3999  <... mmap resumed>)               = 0x7f9fba6ba000
3997  <... mmap resumed>)               = 0x7f9fba6b6000
3996  <... mmap resumed>)               = 0x7f9fba6b2000
3995  <... mmap resumed>)               = 0x7f9fba6ae000
3994  <... mmap resumed>)               = 0x7f9fba6aa000
3993  <... mmap resumed>)               = 0x7f9fba6a6000
3992  <... mmap resumed>)               = 0x7f9fba6a2000
3991  munmap(0x7f9fba6d6000, 16384 <unfinished ...>
3990  munmap(0x7f9fba6d2000, 16384 <unfinished ...>
3989  munmap(0x7f9fba6ce000, 16384 <unfinished ...>
3986  mmap(NULL, 16384, PROT_READ|PROT_WRITE, MAP_PRIVATE|MAP_ANONYMOUS|MAP_NORESERVE, -1, 0 <unfinished ...>
4004  munmap(0x7f9fba6ca000, 16384 <unfinished ...>
4003  munmap(0x7f9fba6c6000, 16384 <unfinished ...>
4002  munmap(0x7f9fba6c2000, 16384 <unfinished ...>
4001  munmap(0x7f9fba6be000, 16384 <unfinished ...>
3999  munmap(0x7f9fba6ba000, 16384 <unfinished ...>
3997  munmap(0x7f9fba6b6000, 16384 <unfinished ...>
3996  munmap(0x7f9fba6b2000, 16384 <unfinished ...>
3995  munmap(0x7f9fba6ae000, 16384 <unfinished ...>
3994  munmap(0x7f9fba6aa000, 16384 <unfinished ...>
3993  munmap(0x7f9fba6a6000, 16384 <unfinished ...>
3992  munmap(0x7f9fba6a2000, 16384 <unfinished ...>
3991  <... munmap resumed>)             = 0
3990  <... munmap resumed>)             = 0
3989  <... munmap resumed>)             = 0
3985  <... munmap resumed>)             = 0
4004  <... munmap resumed>)             = 0
4003  <... munmap resumed>)             = 0
4002  <... munmap resumed>)             = 0
4001  <... munmap resumed>)             = 0
3999  <... munmap resumed>)             = 0
3997  <... munmap resumed>)             = 0
3996  <... munmap resumed>)             = 0
3995  <... munmap resumed>)             = 0
3994  <... munmap resumed>)             = 0
3993  <... munmap resumed>)             = 0
3992  <... munmap resumed>)             = 0
3991  mmap(NULL, 16384, PROT_READ|PROT_WRITE, MAP_PRIVATE|MAP_ANONYMOUS|MAP_NORESERVE, -1, 0 <unfinished ...>
3990  mmap(NULL, 16384, PROT_READ|PROT_WRITE, MAP_PRIVATE|MAP_ANONYMOUS|MAP_NORESERVE, -1, 0 <unfinished ...>
3986  <... mmap resumed>)               = 0x7f9fba6d6000
4004  mmap(NULL, 16384, PROT_READ|PROT_WRITE, MAP_PRIVATE|MAP_ANONYMOUS|MAP_NORESERVE, -1, 0 <unfinished ...>
4003  mmap(NULL, 16384, PROT_READ|PROT_WRITE, MAP_PRIVATE|MAP_ANONYMOUS|MAP_NORESERVE, -1, 0 <unfinished ...>
4002  mmap(NULL, 16384, PROT_READ|PROT_WRITE, MAP_PRIVATE|MAP_ANONYMOUS|MAP_NORESERVE, -1, 0 <unfinished ...>
4001  mmap(NULL, 16384, PROT_READ|PROT_WRITE, MAP_PRIVATE|MAP_ANONYMOUS|MAP_NORESERVE, -1, 0 <unfinished ...>
3999  mmap(NULL, 16384, PROT_READ|PROT_WRITE, MAP_PRIVATE|MAP_ANONYMOUS|MAP_NORESERVE, -1, 0 <unfinished ...>
3997  mmap(NULL, 16384, PROT_READ|PROT_WRITE, MAP_PRIVATE|MAP_ANONYMOUS|MAP_NORESERVE, -1, 0 <unfinished ...>
3996  mmap(NULL, 16384, PROT_READ|PROT_WRITE, MAP_PRIVATE|MAP_ANONYMOUS|MAP_NORESERVE, -1, 0 <unfinished ...>
3995  mmap(NULL, 16384, PROT_READ|PROT_WRITE, MAP_PRIVATE|MAP_ANONYMOUS|MAP_NORESERVE, -1, 0 <unfinished ...>
3994  mmap(NULL, 16384, PROT_READ|PROT_WRITE, MAP_PRIVATE|MAP_ANONYMOUS|MAP_NORESERVE, -1, 0 <unfinished ...>
3993  mmap(NULL, 16384, PROT_READ|PROT_WRITE, MAP_PRIVATE|MAP_ANONYMOUS|MAP_NORESERVE, -1, 0 <unfinished ...>
3992  mmap(NULL, 16384, PROT_READ|PROT_WRITE, MAP_PRIVATE|MAP_ANONYMOUS|MAP_NORESERVE, -1, 0 <unfinished ...>
3991  <... mmap resumed>)               = 0x7f9fba6d2000
3990  <... mmap resumed>)               = 0x7f9fba6ce000
3989  mmap(NULL, 16384, PROT_READ|PROT_WRITE, MAP_PRIVATE|MAP_ANONYMOUS|MAP_NORESERVE, -1, 0 <unfinished ...>
3985  mmap(NULL, 16384, PROT_READ|PROT_WRITE, MAP_PRIVATE|MAP_ANONYMOUS|MAP_NORESERVE, -1, 0 <unfinished ...>
4004  <... mmap resumed>)               = 0x7f9fba6ca000
4003  <... mmap resumed>)               = 0x7f9fba6c6000
4002  <... mmap resumed>)               = 0x7f9fba6c2000
4001  <... mmap resumed>)               = 0x7f9fba6be000
3999  <... mmap resumed>)               = 0x7f9fba6ba000
3997  <... mmap resumed>)               = 0x7f9fba6b6000
3996  <... mmap resumed>)               = 0x7f9fba6b2000
3995  <... mmap resumed>)               = 0x7f9fba6ae000
3994  <... mmap resumed>)               = 0x7f9fba6aa000
3993  <... mmap resumed>)               = 0x7f9fba6a6000
3992  <... mmap resumed>)               = 0x7f9fba6a2000
3991  munmap(0x7f9fba6d2000, 16384 <unfinished ...>
3990  munmap(0x7f9fba6ce000, 16384 <unfinished ...>
3989  <... mmap resumed>)               = 0x7f9fba69e000
3986  munmap(0x7f9fba6d6000, 16384 <unfinished ...>
4004  munmap(0x7f9fba6ca000, 16384 <unfinished ...>
4003  munmap(0x7f9fba6c6000, 16384 <unfinished ...>
4002  munmap(0x7f9fba6c2000, 16384 <unfinished ...>
4001  munmap(0x7f9fba6be000, 16384 <unfinished ...>
3999  munmap(0x7f9fba6ba000, 16384 <unfinished ...>
3997  munmap(0x7f9fba6b6000, 16384 <unfinished ...>
3996  munmap(0x7f9fba6b2000, 16384 <unfinished ...>
3995  munmap(0x7f9fba6ae000, 16384 <unfinished ...>
3994  munmap(0x7f9fba6aa000, 16384 <unfinished ...>
3993  munmap(0x7f9fba6a6000, 16384 <unfinished ...>
3992  munmap(0x7f9fba6a2000, 16384 <unfinished ...>
3991  <... munmap resumed>)             = 0
3990  <... munmap resumed>)             = 0
3989  munmap(0x7f9fba69e000, 16384 <unfinished ...>
3985  <... mmap resumed>)               = 0x7f9fba69a000
4004  <... munmap resumed>)             = 0
4003  <... munmap resumed>)             = 0
4002  <... munmap resumed>)             = 0
4001  <... munmap resumed>)             = 0
3999  <... munmap resumed>)             = 0
3997  <... munmap resumed>)             = 0
3996  <... munmap resumed>)             = 0
3995  <... munmap resumed>)             = 0
3994  <... munmap resumed>)             = 0
3993  <... munmap resumed>)             = 0
3992  <... munmap resumed>)             = 0
3991  mmap(NULL, 16384, PROT_READ|PROT_WRITE, MAP_PRIVATE|MAP_ANONYMOUS|MAP_NORESERVE, -1, 0 <unfinished ...>
3990  mmap(NULL, 16384, PROT_READ|PROT_WRITE, MAP_PRIVATE|MAP_ANONYMOUS|MAP_NORESERVE, -1, 0 <unfinished ...>
3989  <... munmap resumed>)             = 0
3986  <... munmap resumed>)             = 0
4004  mmap(NULL, 16384, PROT_READ|PROT_WRITE, MAP_PRIVATE|MAP_ANONYMOUS|MAP_NORESERVE, -1, 0 <unfinished ...>
4003  mmap(NULL, 16384, PROT_READ|PROT_WRITE, MAP_PRIVATE|MAP_ANONYMOUS|MAP_NORESERVE, -1, 0 <unfinished ...>
4002  mmap(NULL, 16384, PROT_READ|PROT_WRITE, MAP_PRIVATE|MAP_ANONYMOUS|MAP_NORESERVE, -1, 0 <unfinished ...>
4001  mmap(NULL, 16384, PROT_READ|PROT_WRITE, MAP_PRIVATE|MAP_ANONYMOUS|MAP_NORESERVE, -1, 0 <unfinished ...>
3999  mmap(NULL, 16384, PROT_READ|PROT_WRITE, MAP_PRIVATE|MAP_ANONYMOUS|MAP_NORESERVE, -1, 0 <unfinished ...>
3997  mmap(NULL, 16384, PROT_READ|PROT_WRITE, MAP_PRIVATE|MAP_ANONYMOUS|MAP_NORESERVE, -1, 0 <unfinished ...>
3996  mmap(NULL, 16384, PROT_READ|PROT_WRITE, MAP_PRIVATE|MAP_ANONYMOUS|MAP_NORESERVE, -1, 0 <unfinished ...>
3995  mmap(NULL, 16384, PROT_READ|PROT_WRITE, MAP_PRIVATE|MAP_ANONYMOUS|MAP_NORESERVE, -1, 0 <unfinished ...>
3994  mmap(NULL, 16384, PROT_READ|PROT_WRITE, MAP_PRIVATE|MAP_ANONYMOUS|MAP_NORESERVE, -1, 0 <unfinished ...>
3993  mmap(NULL, 16384, PROT_READ|PROT_WRITE, MAP_PRIVATE|MAP_ANONYMOUS|MAP_NORESERVE, -1, 0 <unfinished ...>
3992  mmap(NULL, 16384, PROT_READ|PROT_WRITE, MAP_PRIVATE|MAP_ANONYMOUS|MAP_NORESERVE, -1, 0 <unfinished ...>
3991  <... mmap resumed>)               = 0x7f9fba6d6000
3990  <... mmap resumed>)               = 0x7f9fba6d2000
3989  mmap(NULL, 16384, PROT_READ|PROT_WRITE, MAP_PRIVATE|MAP_ANONYMOUS|MAP_NORESERVE, -1, 0 <unfinished ...>
3985  munmap(0x7f9fba69a000, 16384 <unfinished ...>
4004  <... mmap resumed>)               = 0x7f9fba6ce000
4003  <... mmap resumed>)               = 0x7f9fba6ca000
4002  <... mmap resumed>)               = 0x7f9fba6c6000
4001  <... mmap resumed>)               = 0x7f9fba6c2000
3999  <... mmap resumed>)               = 0x7f9fba6be000
3997  <... mmap resumed>)               = 0x7f9fba6ba000
3996  <... mmap resumed>)               = 0x7f9fba6b6000
3995  <... mmap resumed>)               = 0x7f9fba6b2000
3994  <... mmap resumed>)               = 0x7f9fba6ae000
3993  <... mmap resumed>)               = 0x7f9fba6aa000
3992  <... mmap resumed>)               = 0x7f9fba6a6000
3991  munmap(0x7f9fba6d6000, 16384 <unfinished ...>
3990  munmap(0x7f9fba6d2000, 16384 <unfinished ...>
3989  <... mmap resumed>)               = 0x7f9fba6a2000
3986  mmap(NULL, 16384, PROT_READ|PROT_WRITE, MAP_PRIVATE|MAP_ANONYMOUS|MAP_NORESERVE, -1, 0 <unfinished ...>
4004  munmap(0x7f9fba6ce000, 16384 <unfinished ...>
4003  munmap(0x7f9fba6ca000, 16384 <unfinished ...>
4002  munmap(0x7f9fba6c6000, 16384 <unfinished ...>
4001  munmap(0x7f9fba6c2000, 16384 <unfinished ...>
3999  munmap(0x7f9fba6be000, 16384 <unfinished ...>
3997  munmap(0x7f9fba6ba000, 16384 <unfinished ...>
3996  munmap(0x7f9fba6b6000, 16384 <unfinished ...>
3995  munmap(0x7f9fba6b2000, 16384 <unfinished ...>
3994  munmap(0x7f9fba6ae000, 16384 <unfinished ...>
3993  munmap(0x7f9fba6aa000, 16384 <unfinished ...>
3992  munmap(0x7f9fba6a6000, 16384 <unfinished ...>
3991  <... munmap resumed>)             = 0
3990  <... munmap resumed>)             = 0
3989  munmap(0x7f9fba6a2000, 16384 <unfinished ...>
3985  <... munmap resumed>)             = 0
4004  <... munmap resumed>)             = 0
4003  <... munmap resumed>)             = 0
4002  <... munmap resumed>)             = 0
4001  <... munmap resumed>)             = 0
3999  <... munmap resumed>)             = 0
3997  <... munmap resumed>)             = 0
3996  <... munmap resumed>)             = 0
3995  <... munmap resumed>)             = 0
3994  <... munmap resumed>)             = 0
3993  <... munmap resumed>)             = 0
3992  <... munmap resumed>)             = 0
3991  mmap(NULL, 16384, PROT_READ|PROT_WRITE, MAP_PRIVATE|MAP_ANONYMOUS|MAP_NORESERVE, -1, 0 <unfinished ...>
3990  mmap(NULL, 16384, PROT_READ|PROT_WRITE, MAP_PRIVATE|MAP_ANONYMOUS|MAP_NORESERVE, -1, 0 <unfinished ...>
3989  <... munmap resumed>)             = 0
3986  <... mmap resumed>)               = 0x7f9fba6d6000
4004  mmap(NULL, 16384, PROT_READ|PROT_WRITE, MAP_PRIVATE|MAP_ANONYMOUS|MAP_NORESERVE, -1, 0 <unfinished ...>
4003  mmap(NULL, 16384, PROT_READ|PROT_WRITE, MAP_PRIVATE|MAP_ANONYMOUS|MAP_NORESERVE, -1, 0 <unfinished ...>
4002  mmap(NULL, 16384, PROT_READ|PROT_WRITE, MAP_PRIVATE|MAP_ANONYMOUS|MAP_NORESERVE, -1, 0 <unfinished ...>
4001  mmap(NULL, 16384, PROT_READ|PROT_WRITE, MAP_PRIVATE|MAP_ANONYMOUS|MAP_NORESERVE, -1, 0 <unfinished ...>
3999  mmap(NULL, 16384, PROT_READ|PROT_WRITE, MAP_PRIVATE|MAP_ANONYMOUS|MAP_NORESERVE, -1, 0 <unfinished ...>
3997  mmap(NULL, 16384, PROT_READ|PROT_WRITE, MAP_PRIVATE|MAP_ANONYMOUS|MAP_NORESERVE, -1, 0 <unfinished ...>
3996  mmap(NULL, 16384, PROT_READ|PROT_WRITE, MAP_PRIVATE|MAP_ANONYMOUS|MAP_NORESERVE, -1, 0 <unfinished ...>
3995  mmap(NULL, 16384, PROT_READ|PROT_WRITE, MAP_PRIVATE|MAP_ANONYMOUS|MAP_NORESERVE, -1, 0 <unfinished ...>
3994  mmap(NULL, 16384, PROT_READ|PROT_WRITE, MAP_PRIVATE|MAP_ANONYMOUS|MAP_NORESERVE, -1, 0 <unfinished ...>
3993  mmap(NULL, 16384, PROT_READ|PROT_WRITE, MAP_PRIVATE|MAP_ANONYMOUS|MAP_NORESERVE, -1, 0 <unfinished ...>
3992  mmap(NULL, 16384, PROT_READ|PROT_WRITE, MAP_PRIVATE|MAP_ANONYMOUS|MAP_NORESERVE, -1, 0 <unfinished ...>
3991  <... mmap resumed>)               = 0x7f9fba6d2000
3990  <... mmap resumed>)               = 0x7f9fba6ce000
3989  mmap(NULL, 16384, PROT_READ|PROT_WRITE, MAP_PRIVATE|MAP_ANONYMOUS|MAP_NORESERVE, -1, 0 <unfinished ...>
3986  munmap(0x7f9fba6d6000, 16384 <unfinished ...>
3985  mmap(NULL, 16384, PROT_READ|PROT_WRITE, MAP_PRIVATE|MAP_ANONYMOUS|MAP_NORESERVE, -1, 0 <unfinished ...>
4004  <... mmap resumed>)               = 0x7f9fba6ca000
4003  <... mmap resumed>)               = 0x7f9fba6c6000
4002  <... mmap resumed>)               = 0x7f9fba6c2000
4001  <... mmap resumed>)               = 0x7f9fba6be000
3999  <... mmap resumed>)               = 0x7f9fba6ba000
3997  <... mmap resumed>)               = 0x7f9fba6b6000
3996  <... mmap resumed>)               = 0x7f9fba6b2000
3995  <... mmap resumed>)               = 0x7f9fba6ae000
3994  <... mmap resumed>)               = 0x7f9fba6aa000
3993  <... mmap resumed>)               = 0x7f9fba6a6000
3992  <... mmap resumed>)               = 0x7f9fba6a2000
3991  munmap(0x7f9fba6d2000, 16384 <unfinished ...>
3990  munmap(0x7f9fba6ce000, 16384 <unfinished ...>
3989  <... mmap resumed>)               = 0x7f9fba69e000
3986  <... munmap resumed>)             = 0
4004  munmap(0x7f9fba6ca000, 16384 <unfinished ...>
4003  munmap(0x7f9fba6c6000, 16384 <unfinished ...>
4002  munmap(0x7f9fba6c2000, 16384 <unfinished ...>
4001  munmap(0x7f9fba6be000, 16384 <unfinished ...>
3999  munmap(0x7f9fba6ba000, 16384 <unfinished ...>
3997  munmap(0x7f9fba6b6000, 16384 <unfinished ...>
3996  munmap(0x7f9fba6b2000, 16384 <unfinished ...>
3995  munmap(0x7f9fba6ae000, 16384 <unfinished ...>
3994  munmap(0x7f9fba6aa000, 16384 <unfinished ...>
3993  munmap(0x7f9fba6a6000, 16384 <unfinished ...>
3992  munmap(0x7f9fba6a2000, 16384 <unfinished ...>
3991  <... munmap resumed>)             = 0
3990  <... munmap resumed>)             = 0
3989  munmap(0x7f9fba69e000, 16384 <unfinished ...>
3985  <... mmap resumed>)               = 0x7f9fba6d6000
4004  <... munmap resumed>)             = 0
4003  <... munmap resumed>)             = 0
4002  <... munmap resumed>)             = 0
4001  <... munmap resumed>)             = 0
3999  <... munmap resumed>)             = 0
3997  <... munmap resumed>)             = 0
3996  <... munmap resumed>)             = 0
3995  <... munmap resumed>)             = 0
3994  <... munmap resumed>)             = 0
3993  <... munmap resumed>)             = 0
3992  <... munmap resumed>)             = 0
3991  mmap(NULL, 16384, PROT_READ|PROT_WRITE, MAP_PRIVATE|MAP_ANONYMOUS|MAP_NORESERVE, -1, 0 <unfinished ...>
3990  mmap(NULL, 16384, PROT_READ|PROT_WRITE, MAP_PRIVATE|MAP_ANONYMOUS|MAP_NORESERVE, -1, 0 <unfinished ...>
3989  <... munmap resumed>)             = 0
3986  mmap(NULL, 16384, PROT_READ|PROT_WRITE, MAP_PRIVATE|MAP_ANONYMOUS|MAP_NORESERVE, -1, 0 <unfinished ...>
4004  mmap(NULL, 16384, PROT_READ|PROT_WRITE, MAP_PRIVATE|MAP_ANONYMOUS|MAP_NORESERVE, -1, 0 <unfinished ...>
4003  mmap(NULL, 16384, PROT_READ|PROT_WRITE, MAP_PRIVATE|MAP_ANONYMOUS|MAP_NORESERVE, -1, 0 <unfinished ...>
4002  mmap(NULL, 16384, PROT_READ|PROT_WRITE, MAP_PRIVATE|MAP_ANONYMOUS|MAP_NORESERVE, -1, 0 <unfinished ...>
4001  mmap(NULL, 16384, PROT_READ|PROT_WRITE, MAP_PRIVATE|MAP_ANONYMOUS|MAP_NORESERVE, -1, 0 <unfinished ...>
3999  mmap(NULL, 16384, PROT_READ|PROT_WRITE, MAP_PRIVATE|MAP_ANONYMOUS|MAP_NORESERVE, -1, 0 <unfinished ...>
3997  mmap(NULL, 16384, PROT_READ|PROT_WRITE, MAP_PRIVATE|MAP_ANONYMOUS|MAP_NORESERVE, -1, 0 <unfinished ...>
3996  mmap(NULL, 16384, PROT_READ|PROT_WRITE, MAP_PRIVATE|MAP_ANONYMOUS|MAP_NORESERVE, -1, 0 <unfinished ...>
3995  mmap(NULL, 16384, PROT_READ|PROT_WRITE, MAP_PRIVATE|MAP_ANONYMOUS|MAP_NORESERVE, -1, 0 <unfinished ...>
3994  mmap(NULL, 16384, PROT_READ|PROT_WRITE, MAP_PRIVATE|MAP_ANONYMOUS|MAP_NORESERVE, -1, 0 <unfinished ...>
3993  mmap(NULL, 16384, PROT_READ|PROT_WRITE, MAP_PRIVATE|MAP_ANONYMOUS|MAP_NORESERVE, -1, 0 <unfinished ...>
3992  mmap(NULL, 16384, PROT_READ|PROT_WRITE, MAP_PRIVATE|MAP_ANONYMOUS|MAP_NORESERVE, -1, 0 <unfinished ...>
3991  <... mmap resumed>)               = 0x7f9fba6d2000
3990  <... mmap resumed>)               = 0x7f9fba6ce000
3989  mmap(NULL, 16384, PROT_READ|PROT_WRITE, MAP_PRIVATE|MAP_ANONYMOUS|MAP_NORESERVE, -1, 0 <unfinished ...>
3985  munmap(0x7f9fba6d6000, 16384 <unfinished ...>
4004  <... mmap resumed>)               = 0x7f9fba6c6000
4003  <... mmap resumed>)               = 0x7f9fba6c2000
4002  <... mmap resumed>)               = 0x7f9fba6be000
4001  <... mmap resumed>)               = 0x7f9fba6ba000
3999  <... mmap resumed>)               = 0x7f9fba6b6000
3997  <... mmap resumed>)               = 0x7f9fba6b2000
3996  <... mmap resumed>)               = 0x7f9fba6ae000
3995  <... mmap resumed>)               = 0x7f9fba6aa000
3994  <... mmap resumed>)               = 0x7f9fba6a6000
3993  <... mmap resumed>)               = 0x7f9fba6a2000
3992  <... mmap resumed>)               = 0x7f9fba69e000
3991  munmap(0x7f9fba6d2000, 16384 <unfinished ...>
3990  munmap(0x7f9fba6ce000, 16384 <unfinished ...>
3989  <... mmap resumed>)               = 0x7f9fba69a000
3986  <... mmap resumed>)               = 0x7f9fba6ca000
4004  munmap(0x7f9fba6c6000, 16384 <unfinished ...>
4003  munmap(0x7f9fba6c2000, 16384 <unfinished ...>
4002  munmap(0x7f9fba6be000, 16384 <unfinished ...>
4001  munmap(0x7f9fba6ba000, 16384 <unfinished ...>
3999  munmap(0x7f9fba6b6000, 16384 <unfinished ...>
3997  munmap(0x7f9fba6b2000, 16384 <unfinished ...>
3996  munmap(0x7f9fba6ae000, 16384 <unfinished ...>
3995  munmap(0x7f9fba6aa000, 16384 <unfinished ...>
3994  munmap(0x7f9fba6a6000, 16384 <unfinished ...>
3993  munmap(0x7f9fba6a2000, 16384 <unfinished ...>
3992  munmap(0x7f9fba69e000, 16384 <unfinished ...>
3991  <... munmap resumed>)             = 0
3990  <... munmap resumed>)             = 0
3989  munmap(0x7f9fba69a000, 16384 <unfinished ...>
3985  <... munmap resumed>)             = 0
4004  <... munmap resumed>)             = 0
4003  <... munmap resumed>)             = 0
4002  <... munmap resumed>)             = 0
4001  <... munmap resumed>)             = 0
3999  <... munmap resumed>)             = 0
3997  <... munmap resumed>)             = 0
3996  <... munmap resumed>)             = 0
3995  <... munmap resumed>)             = 0
3994  <... munmap resumed>)             = 0
3993  <... munmap resumed>)             = 0
3992  <... munmap resumed>)             = 0
3991  mmap(NULL, 16384, PROT_READ|PROT_WRITE, MAP_PRIVATE|MAP_ANONYMOUS|MAP_NORESERVE, -1, 0 <unfinished ...>
3990  mmap(NULL, 16384, PROT_READ|PROT_WRITE, MAP_PRIVATE|MAP_ANONYMOUS|MAP_NORESERVE, -1, 0 <unfinished ...>
3989  <... munmap resumed>)             = 0
3986  munmap(0x7f9fba6ca000, 16384 <unfinished ...>
4004  mmap(NULL, 16384, PROT_READ|PROT_WRITE, MAP_PRIVATE|MAP_ANONYMOUS|MAP_NORESERVE, -1, 0 <unfinished ...>
4003  mmap(NULL, 16384, PROT_READ|PROT_WRITE, MAP_PRIVATE|MAP_ANONYMOUS|MAP_NORESERVE, -1, 0 <unfinished ...>
4002  mmap(NULL, 16384, PROT_READ|PROT_WRITE, MAP_PRIVATE|MAP_ANONYMOUS|MAP_NORESERVE, -1, 0 <unfinished ...>
4001  mmap(NULL, 16384, PROT_READ|PROT_WRITE, MAP_PRIVATE|MAP_ANONYMOUS|MAP_NORESERVE, -1, 0 <unfinished ...>
3999  mmap(NULL, 16384, PROT_READ|PROT_WRITE, MAP_PRIVATE|MAP_ANONYMOUS|MAP_NORESERVE, -1, 0 <unfinished ...>
3997  mmap(NULL, 16384, PROT_READ|PROT_WRITE, MAP_PRIVATE|MAP_ANONYMOUS|MAP_NORESERVE, -1, 0 <unfinished ...>
3996  mmap(NULL, 16384, PROT_READ|PROT_WRITE, MAP_PRIVATE|MAP_ANONYMOUS|MAP_NORESERVE, -1, 0 <unfinished ...>
3995  mmap(NULL, 16384, PROT_READ|PROT_WRITE, MAP_PRIVATE|MAP_ANONYMOUS|MAP_NORESERVE, -1, 0 <unfinished ...>
3994  mmap(NULL, 16384, PROT_READ|PROT_WRITE, MAP_PRIVATE|MAP_ANONYMOUS|MAP_NORESERVE, -1, 0 <unfinished ...>
3993  mmap(NULL, 16384, PROT_READ|PROT_WRITE, MAP_PRIVATE|MAP_ANONYMOUS|MAP_NORESERVE, -1, 0 <unfinished ...>
3992  mmap(NULL, 16384, PROT_READ|PROT_WRITE, MAP_PRIVATE|MAP_ANONYMOUS|MAP_NORESERVE, -1, 0 <unfinished ...>
3991  <... mmap resumed>)               = 0x7f9fba6d6000
3990  <... mmap resumed>)               = 0x7f9fba6d2000
3989  mmap(NULL, 16384, PROT_READ|PROT_WRITE, MAP_PRIVATE|MAP_ANONYMOUS|MAP_NORESERVE, -1, 0 <unfinished ...>
3985  mmap(NULL, 16384, PROT_READ|PROT_WRITE, MAP_PRIVATE|MAP_ANONYMOUS|MAP_NORESERVE, -1, 0 <unfinished ...>
4004  <... mmap resumed>)               = 0x7f9fba6ce000
4003  <... mmap resumed>)               = 0x7f9fba6ca000
4002  <... mmap resumed>)               = 0x7f9fba6c6000
4001  <... mmap resumed>)               = 0x7f9fba6c2000
3999  <... mmap resumed>)               = 0x7f9fba6be000
3997  <... mmap resumed>)               = 0x7f9fba6ba000
3996  <... mmap resumed>)               = 0x7f9fba6b6000
3995  <... mmap resumed>)               = 0x7f9fba6b2000
3994  <... mmap resumed>)               = 0x7f9fba6ae000
3993  <... mmap resumed>)               = 0x7f9fba6aa000
3992  <... mmap resumed>)               = 0x7f9fba6a6000
3991  munmap(0x7f9fba6d6000, 16384 <unfinished ...>
3990  munmap(0x7f9fba6d2000, 16384 <unfinished ...>
3989  <... mmap resumed>)               = 0x7f9fba6a2000
3986  <... munmap resumed>)             = 0
4004  munmap(0x7f9fba6ce000, 16384 <unfinished ...>
4003  munmap(0x7f9fba6ca000, 16384 <unfinished ...>
4002  munmap(0x7f9fba6c6000, 16384 <unfinished ...>
4001  munmap(0x7f9fba6c2000, 16384 <unfinished ...>
3999  munmap(0x7f9fba6be000, 16384 <unfinished ...>
3997  munmap(0x7f9fba6ba000, 16384 <unfinished ...>
3996  munmap(0x7f9fba6b6000, 16384 <unfinished ...>
3995  munmap(0x7f9fba6b2000, 16384 <unfinished ...>
3994  munmap(0x7f9fba6ae000, 16384 <unfinished ...>
3993  munmap(0x7f9fba6aa000, 16384 <unfinished ...>
3992  munmap(0x7f9fba6a6000, 16384 <unfinished ...>
3991  <... munmap resumed>)             = 0
3990  <... munmap resumed>)             = 0
3989  munmap(0x7f9fba6a2000, 16384 <unfinished ...>
3986  mmap(NULL, 16384, PROT_READ|PROT_WRITE, MAP_PRIVATE|MAP_ANONYMOUS|MAP_NORESERVE, -1, 0 <unfinished ...>
3985  <... mmap resumed>)               = 0x7f9fba69e000
4004  <... munmap resumed>)             = 0
4003  <... munmap resumed>)             = 0
4002  <... munmap resumed>)             = 0
4001  <... munmap resumed>)             = 0
3999  <... munmap resumed>)             = 0
3997  <... munmap resumed>)             = 0
3996  <... munmap resumed>)             = 0
3995  <... munmap resumed>)             = 0
3994  <... munmap resumed>)             = 0
3993  <... munmap resumed>)             = 0
3992  <... munmap resumed>)             = 0
3991  mmap(NULL, 16384, PROT_READ|PROT_WRITE, MAP_PRIVATE|MAP_ANONYMOUS|MAP_NORESERVE, -1, 0 <unfinished ...>
3990  mmap(NULL, 16384, PROT_READ|PROT_WRITE, MAP_PRIVATE|MAP_ANONYMOUS|MAP_NORESERVE, -1, 0 <unfinished ...>
3989  <... munmap resumed>)             = 0
3986  <... mmap resumed>)               = 0x7f9fba6d6000
4004  mmap(NULL, 16384, PROT_READ|PROT_WRITE, MAP_PRIVATE|MAP_ANONYMOUS|MAP_NORESERVE, -1, 0 <unfinished ...>
4003  mmap(NULL, 16384, PROT_READ|PROT_WRITE, MAP_PRIVATE|MAP_ANONYMOUS|MAP_NORESERVE, -1, 0 <unfinished ...>
4002  mmap(NULL, 16384, PROT_READ|PROT_WRITE, MAP_PRIVATE|MAP_ANONYMOUS|MAP_NORESERVE, -1, 0 <unfinished ...>
4001  mmap(NULL, 16384, PROT_READ|PROT_WRITE, MAP_PRIVATE|MAP_ANONYMOUS|MAP_NORESERVE, -1, 0 <unfinished ...>
3999  mmap(NULL, 16384, PROT_READ|PROT_WRITE, MAP_PRIVATE|MAP_ANONYMOUS|MAP_NORESERVE, -1, 0 <unfinished ...>
3997  mmap(NULL, 16384, PROT_READ|PROT_WRITE, MAP_PRIVATE|MAP_ANONYMOUS|MAP_NORESERVE, -1, 0 <unfinished ...>
3996  mmap(NULL, 16384, PROT_READ|PROT_WRITE, MAP_PRIVATE|MAP_ANONYMOUS|MAP_NORESERVE, -1, 0 <unfinished ...>
3995  mmap(NULL, 16384, PROT_READ|PROT_WRITE, MAP_PRIVATE|MAP_ANONYMOUS|MAP_NORESERVE, -1, 0 <unfinished ...>
3994  mmap(NULL, 16384, PROT_READ|PROT_WRITE, MAP_PRIVATE|MAP_ANONYMOUS|MAP_NORESERVE, -1, 0 <unfinished ...>
3993  mmap(NULL, 16384, PROT_READ|PROT_WRITE, MAP_PRIVATE|MAP_ANONYMOUS|MAP_NORESERVE, -1, 0 <unfinished ...>
3992  mmap(NULL, 16384, PROT_READ|PROT_WRITE, MAP_PRIVATE|MAP_ANONYMOUS|MAP_NORESERVE, -1, 0 <unfinished ...>
3991  <... mmap resumed>)               = 0x7f9fba6d2000
3990  <... mmap resumed>)               = 0x7f9fba6ce000
3989  mmap(NULL, 16384, PROT_READ|PROT_WRITE, MAP_PRIVATE|MAP_ANONYMOUS|MAP_NORESERVE, -1, 0 <unfinished ...>
3985  munmap(0x7f9fba69e000, 16384 <unfinished ...>
4004  <... mmap resumed>)               = 0x7f9fba6ca000
4003  <... mmap resumed>)               = 0x7f9fba6c6000
4002  <... mmap resumed>)               = 0x7f9fba6c2000
4001  <... mmap resumed>)               = 0x7f9fba6be000
3999  <... mmap resumed>)               = 0x7f9fba6ba000
3997  <... mmap resumed>)               = 0x7f9fba6b6000
3996  <... mmap resumed>)               = 0x7f9fba6b2000
3995  <... mmap resumed>)               = 0x7f9fba6ae000
3994  <... mmap resumed>)               = 0x7f9fba6aa000
3993  <... mmap resumed>)               = 0x7f9fba6a6000
3992  <... mmap resumed>)               = 0x7f9fba6a2000
3991  munmap(0x7f9fba6d2000, 16384 <unfinished ...>
3990  munmap(0x7f9fba6ce000, 16384 <unfinished ...>
3989  <... mmap resumed>)               = 0x7f9fba69a000
3986  munmap(0x7f9fba6d6000, 16384 <unfinished ...>
4004  munmap(0x7f9fba6ca000, 16384 <unfinished ...>
4003  munmap(0x7f9fba6c6000, 16384 <unfinished ...>
4002  munmap(0x7f9fba6c2000, 16384 <unfinished ...>
4001  munmap(0x7f9fba6be000, 16384 <unfinished ...>
3999  munmap(0x7f9fba6ba000, 16384 <unfinished ...>
3997  munmap(0x7f9fba6b6000, 16384 <unfinished ...>
3996  munmap(0x7f9fba6b2000, 16384 <unfinished ...>
3995  munmap(0x7f9fba6ae000, 16384 <unfinished ...>
3994  munmap(0x7f9fba6aa000, 16384 <unfinished ...>
3993  munmap(0x7f9fba6a6000, 16384 <unfinished ...>
3992  munmap(0x7f9fba6a2000, 16384 <unfinished ...>
3991  <... munmap resumed>)             = 0
3990  <... munmap resumed>)             = 0
3989  munmap(0x7f9fba69a000, 16384 <unfinished ...>
3985  <... munmap resumed>)             = 0
4004  <... munmap resumed>)             = 0
4003  <... munmap resumed>)             = 0
4002  <... munmap resumed>)             = 0
4001  <... munmap resumed>)             = 0
3999  <... munmap resumed>)             = 0
3997  <... munmap resumed>)             = 0
3996  <... munmap resumed>)             = 0
3995  <... munmap resumed>)             = 0
3994  <... munmap resumed>)             = 0
3993  <... munmap resumed>)             = 0
3992  <... munmap resumed>)             = 0
3991  mmap(NULL, 16384, PROT_READ|PROT_WRITE, MAP_PRIVATE|MAP_ANONYMOUS|MAP_NORESERVE, -1, 0 <unfinished ...>
3990  mmap(NULL, 16384, PROT_READ|PROT_WRITE, MAP_PRIVATE|MAP_ANONYMOUS|MAP_NORESERVE, -1, 0 <unfinished ...>
3989  <... munmap resumed>)             = 0
3986  <... munmap resumed>)             = 0
4004  mmap(NULL, 16384, PROT_READ|PROT_WRITE, MAP_PRIVATE|MAP_ANONYMOUS|MAP_NORESERVE, -1, 0 <unfinished ...>
4003  mmap(NULL, 16384, PROT_READ|PROT_WRITE, MAP_PRIVATE|MAP_ANONYMOUS|MAP_NORESERVE, -1, 0 <unfinished ...>
4002  mmap(NULL, 16384, PROT_READ|PROT_WRITE, MAP_PRIVATE|MAP_ANONYMOUS|MAP_NORESERVE, -1, 0 <unfinished ...>
4001  mmap(NULL, 16384, PROT_READ|PROT_WRITE, MAP_PRIVATE|MAP_ANONYMOUS|MAP_NORESERVE, -1, 0 <unfinished ...>
3999  mmap(NULL, 16384, PROT_READ|PROT_WRITE, MAP_PRIVATE|MAP_ANONYMOUS|MAP_NORESERVE, -1, 0 <unfinished ...>
3997  mmap(NULL, 16384, PROT_READ|PROT_WRITE, MAP_PRIVATE|MAP_ANONYMOUS|MAP_NORESERVE, -1, 0 <unfinished ...>
3996  mmap(NULL, 16384, PROT_READ|PROT_WRITE, MAP_PRIVATE|MAP_ANONYMOUS|MAP_NORESERVE, -1, 0 <unfinished ...>
3995  mmap(NULL, 16384, PROT_READ|PROT_WRITE, MAP_PRIVATE|MAP_ANONYMOUS|MAP_NORESERVE, -1, 0 <unfinished ...>
3994  mmap(NULL, 16384, PROT_READ|PROT_WRITE, MAP_PRIVATE|MAP_ANONYMOUS|MAP_NORESERVE, -1, 0 <unfinished ...>
3993  mmap(NULL, 16384, PROT_READ|PROT_WRITE, MAP_PRIVATE|MAP_ANONYMOUS|MAP_NORESERVE, -1, 0 <unfinished ...>
3992  mmap(NULL, 16384, PROT_READ|PROT_WRITE, MAP_PRIVATE|MAP_ANONYMOUS|MAP_NORESERVE, -1, 0 <unfinished ...>
3991  <... mmap resumed>)               = 0x7f9fba6d6000
3990  <... mmap resumed>)               = 0x7f9fba6d2000
3989  mmap(NULL, 16384, PROT_READ|PROT_WRITE, MAP_PRIVATE|MAP_ANONYMOUS|MAP_NORESERVE, -1, 0 <unfinished ...>
3985  mmap(NULL, 16384, PROT_READ|PROT_WRITE, MAP_PRIVATE|MAP_ANONYMOUS|MAP_NORESERVE, -1, 0 <unfinished ...>
4004  <... mmap resumed>)               = 0x7f9fba6ce000
4003  <... mmap resumed>)               = 0x7f9fba6ca000
4002  <... mmap resumed>)               = 0x7f9fba6c6000
4001  <... mmap resumed>)               = 0x7f9fba6c2000
3999  <... mmap resumed>)               = 0x7f9fba6be000
3997  <... mmap resumed>)               = 0x7f9fba6ba000
3996  <... mmap resumed>)               = 0x7f9fba6b6000
3995  <... mmap resumed>)               = 0x7f9fba6b2000
3994  <... mmap resumed>)               = 0x7f9fba6ae000
3993  <... mmap resumed>)               = 0x7f9fba6aa000
3992  <... mmap resumed>)               = 0x7f9fba6a6000
3991  munmap(0x7f9fba6d6000, 16384 <unfinished ...>
3990  munmap(0x7f9fba6d2000, 16384 <unfinished ...>
3989  <... mmap resumed>)               = 0x7f9fba6a2000
3986  mmap(NULL, 16384, PROT_READ|PROT_WRITE, MAP_PRIVATE|MAP_ANONYMOUS|MAP_NORESERVE, -1, 0 <unfinished ...>
3985  <... mmap resumed>)               = 0x7f9fba69e000
4004  munmap(0x7f9fba6ce000, 16384 <unfinished ...>
4003  munmap(0x7f9fba6ca000, 16384 <unfinished ...>
4002  munmap(0x7f9fba6c6000, 16384 <unfinished ...>
4001  munmap(0x7f9fba6c2000, 16384 <unfinished ...>
3999  munmap(0x7f9fba6be000, 16384 <unfinished ...>
3997  munmap(0x7f9fba6ba000, 16384 <unfinished ...>
3996  munmap(0x7f9fba6b6000, 16384 <unfinished ...>
3995  munmap(0x7f9fba6b2000, 16384 <unfinished ...>
3994  munmap(0x7f9fba6ae000, 16384 <unfinished ...>
3993  munmap(0x7f9fba6aa000, 16384 <unfinished ...>
3992  munmap(0x7f9fba6a6000, 16384 <unfinished ...>
3991  <... munmap resumed>)             = 0
3990  <... munmap resumed>)             = 0
3989  munmap(0x7f9fba6a2000, 16384 <unfinished ...>
3986  <... mmap resumed>)               = 0x7f9fba6d6000
4004  <... munmap resumed>)             = 0
4003  <... munmap resumed>)             = 0
4002  <... munmap resumed>)             = 0
4001  <... munmap resumed>)             = 0
3999  <... munmap resumed>)             = 0
3997  <... munmap resumed>)             = 0
3996  <... munmap resumed>)             = 0
3995  <... munmap resumed>)             = 0
3994  <... munmap resumed>)             = 0
3993  <... munmap resumed>)             = 0
3992  <... munmap resumed>)             = 0
3991  mmap(NULL, 16384, PROT_READ|PROT_WRITE, MAP_PRIVATE|MAP_ANONYMOUS|MAP_NORESERVE, -1, 0 <unfinished ...>
3990  mmap(NULL, 16384, PROT_READ|PROT_WRITE, MAP_PRIVATE|MAP_ANONYMOUS|MAP_NORESERVE, -1, 0 <unfinished ...>
3989  <... munmap resumed>)             = 0
3985  munmap(0x7f9fba69e000, 16384 <unfinished ...>
4004  mmap(NULL, 16384, PROT_READ|PROT_WRITE, MAP_PRIVATE|MAP_ANONYMOUS|MAP_NORESERVE, -1, 0 <unfinished ...>
4003  mmap(NULL, 16384, PROT_READ|PROT_WRITE, MAP_PRIVATE|MAP_ANONYMOUS|MAP_NORESERVE, -1, 0 <unfinished ...>
4002  mmap(NULL, 16384, PROT_READ|PROT_WRITE, MAP_PRIVATE|MAP_ANONYMOUS|MAP_NORESERVE, -1, 0 <unfinished ...>
4001  mmap(NULL, 16384, PROT_READ|PROT_WRITE, MAP_PRIVATE|MAP_ANONYMOUS|MAP_NORESERVE, -1, 0 <unfinished ...>
3999  mmap(NULL, 16384, PROT_READ|PROT_WRITE, MAP_PRIVATE|MAP_ANONYMOUS|MAP_NORESERVE, -1, 0 <unfinished ...>
3997  mmap(NULL, 16384, PROT_READ|PROT_WRITE, MAP_PRIVATE|MAP_ANONYMOUS|MAP_NORESERVE, -1, 0 <unfinished ...>
3996  mmap(NULL, 16384, PROT_READ|PROT_WRITE, MAP_PRIVATE|MAP_ANONYMOUS|MAP_NORESERVE, -1, 0 <unfinished ...>
3995  mmap(NULL, 16384, PROT_READ|PROT_WRITE, MAP_PRIVATE|MAP_ANONYMOUS|MAP_NORESERVE, -1, 0 <unfinished ...>
3994  mmap(NULL, 16384, PROT_READ|PROT_WRITE, MAP_PRIVATE|MAP_ANONYMOUS|MAP_NORESERVE, -1, 0 <unfinished ...>
3993  mmap(NULL, 16384, PROT_READ|PROT_WRITE, MAP_PRIVATE|MAP_ANONYMOUS|MAP_NORESERVE, -1, 0 <unfinished ...>
3992  mmap(NULL, 16384, PROT_READ|PROT_WRITE, MAP_PRIVATE|MAP_ANONYMOUS|MAP_NORESERVE, -1, 0 <unfinished ...>
3991  <... mmap resumed>)               = 0x7f9fba6d2000
3990  <... mmap resumed>)               = 0x7f9fba6ce000
3989  mmap(NULL, 16384, PROT_READ|PROT_WRITE, MAP_PRIVATE|MAP_ANONYMOUS|MAP_NORESERVE, -1, 0 <unfinished ...>
3986  munmap(0x7f9fba6d6000, 16384 <unfinished ...>
4004  <... mmap resumed>)               = 0x7f9fba6ca000
4003  <... mmap resumed>)               = 0x7f9fba6c6000
4002  <... mmap resumed>)               = 0x7f9fba6c2000
4001  <... mmap resumed>)               = 0x7f9fba6be000
3999  <... mmap resumed>)               = 0x7f9fba6ba000
3997  <... mmap resumed>)               = 0x7f9fba6b6000
3996  <... mmap resumed>)               = 0x7f9fba6b2000
3995  <... mmap resumed>)               = 0x7f9fba6ae000
3994  <... mmap resumed>)               = 0x7f9fba6aa000
3993  <... mmap resumed>)               = 0x7f9fba6a6000
3992  <... mmap resumed>)               = 0x7f9fba6a2000
3991  munmap(0x7f9fba6d2000, 16384 <unfinished ...>
3990  munmap(0x7f9fba6ce000, 16384 <unfinished ...>
3989  <... mmap resumed>)               = 0x7f9fba69e000
3985  <... munmap resumed>)             = 0
4004  munmap(0x7f9fba6ca000, 16384 <unfinished ...>
4003  munmap(0x7f9fba6c6000, 16384 <unfinished ...>
4002  munmap(0x7f9fba6c2000, 16384 <unfinished ...>
4001  munmap(0x7f9fba6be000, 16384 <unfinished ...>
3999  munmap(0x7f9fba6ba000, 16384 <unfinished ...>
3997  munmap(0x7f9fba6b6000, 16384 <unfinished ...>
3996  munmap(0x7f9fba6b2000, 16384 <unfinished ...>
3995  munmap(0x7f9fba6ae000, 16384 <unfinished ...>
3994  munmap(0x7f9fba6aa000, 16384 <unfinished ...>
3993  munmap(0x7f9fba6a6000, 16384 <unfinished ...>
3992  munmap(0x7f9fba6a2000, 16384 <unfinished ...>
3991  <... munmap resumed>)             = 0
3990  <... munmap resumed>)             = 0
3989  munmap(0x7f9fba69e000, 16384 <unfinished ...>
3986  <... munmap resumed>)             = 0
4004  <... munmap resumed>)             = 0
4003  <... munmap resumed>)             = 0
4002  <... munmap resumed>)             = 0
4001  <... munmap resumed>)             = 0
3999  <... munmap resumed>)             = 0
3997  <... munmap resumed>)             = 0
3996  <... munmap resumed>)             = 0
3995  <... munmap resumed>)             = 0
3994  <... munmap resumed>)             = 0
3993  <... munmap resumed>)             = 0
3992  <... munmap resumed>)             = 0
3991  mmap(NULL, 16384, PROT_READ|PROT_WRITE, MAP_PRIVATE|MAP_ANONYMOUS|MAP_NORESERVE, -1, 0 <unfinished ...>
3990  mmap(NULL, 16384, PROT_READ|PROT_WRITE, MAP_PRIVATE|MAP_ANONYMOUS|MAP_NORESERVE, -1, 0 <unfinished ...>
3989  <... munmap resumed>)             = 0
3985  mmap(NULL, 16384, PROT_READ|PROT_WRITE, MAP_PRIVATE|MAP_ANONYMOUS|MAP_NORESERVE, -1, 0 <unfinished ...>
4004  mmap(NULL, 16384, PROT_READ|PROT_WRITE, MAP_PRIVATE|MAP_ANONYMOUS|MAP_NORESERVE, -1, 0 <unfinished ...>
4003  mmap(NULL, 16384, PROT_READ|PROT_WRITE, MAP_PRIVATE|MAP_ANONYMOUS|MAP_NORESERVE, -1, 0 <unfinished ...>
4002  mmap(NULL, 16384, PROT_READ|PROT_WRITE, MAP_PRIVATE|MAP_ANONYMOUS|MAP_NORESERVE, -1, 0 <unfinished ...>
4001  mmap(NULL, 16384, PROT_READ|PROT_WRITE, MAP_PRIVATE|MAP_ANONYMOUS|MAP_NORESERVE, -1, 0 <unfinished ...>
3999  mmap(NULL, 16384, PROT_READ|PROT_WRITE, MAP_PRIVATE|MAP_ANONYMOUS|MAP_NORESERVE, -1, 0 <unfinished ...>
3997  mmap(NULL, 16384, PROT_READ|PROT_WRITE, MAP_PRIVATE|MAP_ANONYMOUS|MAP_NORESERVE, -1, 0 <unfinished ...>
3996  mmap(NULL, 16384, PROT_READ|PROT_WRITE, MAP_PRIVATE|MAP_ANONYMOUS|MAP_NORESERVE, -1, 0 <unfinished ...>
3995  mmap(NULL, 16384, PROT_READ|PROT_WRITE, MAP_PRIVATE|MAP_ANONYMOUS|MAP_NORESERVE, -1, 0 <unfinished ...>
3994  mmap(NULL, 16384, PROT_READ|PROT_WRITE, MAP_PRIVATE|MAP_ANONYMOUS|MAP_NORESERVE, -1, 0 <unfinished ...>
3993  mmap(NULL, 16384, PROT_READ|PROT_WRITE, MAP_PRIVATE|MAP_ANONYMOUS|MAP_NORESERVE, -1, 0 <unfinished ...>
3992  mmap(NULL, 16384, PROT_READ|PROT_WRITE, MAP_PRIVATE|MAP_ANONYMOUS|MAP_NORESERVE, -1, 0 <unfinished ...>
3991  <... mmap resumed>)               = 0x7f9fba6d6000
3990  <... mmap resumed>)               = 0x7f9fba6d2000
3989  mmap(NULL, 16384, PROT_READ|PROT_WRITE, MAP_PRIVATE|MAP_ANONYMOUS|MAP_NORESERVE, -1, 0 <unfinished ...>
3986  mmap(NULL, 16384, PROT_READ|PROT_WRITE, MAP_PRIVATE|MAP_ANONYMOUS|MAP_NORESERVE, -1, 0 <unfinished ...>
4004  <... mmap resumed>)               = 0x7f9fba6ca000
4003  <... mmap resumed>)               = 0x7f9fba6c6000
4002  <... mmap resumed>)               = 0x7f9fba6c2000
4001  <... mmap resumed>)               = 0x7f9fba6be000
3999  <... mmap resumed>)               = 0x7f9fba6ba000
3997  <... mmap resumed>)               = 0x7f9fba6b6000
3996  <... mmap resumed>)               = 0x7f9fba6b2000
3995  <... mmap resumed>)               = 0x7f9fba6ae000
3994  <... mmap resumed>)               = 0x7f9fba6aa000
3993  <... mmap resumed>)               = 0x7f9fba6a6000
3992  <... mmap resumed>)               = 0x7f9fba6a2000
3991  munmap(0x7f9fba6d6000, 16384 <unfinished ...>
3990  munmap(0x7f9fba6d2000, 16384 <unfinished ...>
3989  <... mmap resumed>)               = 0x7f9fba69e000
3985  <... mmap resumed>)               = 0x7f9fba6ce000
4004  munmap(0x7f9fba6ca000, 16384 <unfinished ...>
4003  munmap(0x7f9fba6c6000, 16384 <unfinished ...>
4002  munmap(0x7f9fba6c2000, 16384 <unfinished ...>
4001  munmap(0x7f9fba6be000, 16384 <unfinished ...>
3999  munmap(0x7f9fba6ba000, 16384 <unfinished ...>
3997  munmap(0x7f9fba6b6000, 16384 <unfinished ...>
3996  munmap(0x7f9fba6b2000, 16384 <unfinished ...>
3995  munmap(0x7f9fba6ae000, 16384 <unfinished ...>
3994  munmap(0x7f9fba6aa000, 16384 <unfinished ...>
3993  munmap(0x7f9fba6a6000, 16384 <unfinished ...>
3992  munmap(0x7f9fba6a2000, 16384 <unfinished ...>
3991  <... munmap resumed>)             = 0
3990  <... munmap resumed>)             = 0
3989  munmap(0x7f9fba69e000, 16384 <unfinished ...>
3986  <... mmap resumed>)               = 0x7f9fba69a000
4004  <... munmap resumed>)             = 0
4003  <... munmap resumed>)             = 0
4002  <... munmap resumed>)             = 0
4001  <... munmap resumed>)             = 0
3999  <... munmap resumed>)             = 0
3997  <... munmap resumed>)             = 0
3996  <... munmap resumed>)             = 0
3995  <... munmap resumed>)             = 0
3994  <... munmap resumed>)             = 0
3993  <... munmap resumed>)             = 0
3992  <... munmap resumed>)             = 0
3991  mmap(NULL, 16384, PROT_READ|PROT_WRITE, MAP_PRIVATE|MAP_ANONYMOUS|MAP_NORESERVE, -1, 0 <unfinished ...>
3990  mmap(NULL, 16384, PROT_READ|PROT_WRITE, MAP_PRIVATE|MAP_ANONYMOUS|MAP_NORESERVE, -1, 0 <unfinished ...>
3989  <... munmap resumed>)             = 0
3985  munmap(0x7f9fba6ce000, 16384 <unfinished ...>
4004  mmap(NULL, 16384, PROT_READ|PROT_WRITE, MAP_PRIVATE|MAP_ANONYMOUS|MAP_NORESERVE, -1, 0 <unfinished ...>
4003  mmap(NULL, 16384, PROT_READ|PROT_WRITE, MAP_PRIVATE|MAP_ANONYMOUS|MAP_NORESERVE, -1, 0 <unfinished ...>
4002  mmap(NULL, 16384, PROT_READ|PROT_WRITE, MAP_PRIVATE|MAP_ANONYMOUS|MAP_NORESERVE, -1, 0 <unfinished ...>
4001  mmap(NULL, 16384, PROT_READ|PROT_WRITE, MAP_PRIVATE|MAP_ANONYMOUS|MAP_NORESERVE, -1, 0 <unfinished ...>
3999  mmap(NULL, 16384, PROT_READ|PROT_WRITE, MAP_PRIVATE|MAP_ANONYMOUS|MAP_NORESERVE, -1, 0 <unfinished ...>
3997  mmap(NULL, 16384, PROT_READ|PROT_WRITE, MAP_PRIVATE|MAP_ANONYMOUS|MAP_NORESERVE, -1, 0 <unfinished ...>
3996  mmap(NULL, 16384, PROT_READ|PROT_WRITE, MAP_PRIVATE|MAP_ANONYMOUS|MAP_NORESERVE, -1, 0 <unfinished ...>
3995  mmap(NULL, 16384, PROT_READ|PROT_WRITE, MAP_PRIVATE|MAP_ANONYMOUS|MAP_NORESERVE, -1, 0 <unfinished ...>
3994  mmap(NULL, 16384, PROT_READ|PROT_WRITE, MAP_PRIVATE|MAP_ANONYMOUS|MAP_NORESERVE, -1, 0 <unfinished ...>
3993  mmap(NULL, 16384, PROT_READ|PROT_WRITE, MAP_PRIVATE|MAP_ANONYMOUS|MAP_NORESERVE, -1, 0 <unfinished ...>
3992  mmap(NULL, 16384, PROT_READ|PROT_WRITE, MAP_PRIVATE|MAP_ANONYMOUS|MAP_NORESERVE, -1, 0 <unfinished ...>
3991  <... mmap resumed>)               = 0x7f9fba6d6000
3990  <... mmap resumed>)               = 0x7f9fba6d2000
3989  mmap(NULL, 16384, PROT_READ|PROT_WRITE, MAP_PRIVATE|MAP_ANONYMOUS|MAP_NORESERVE, -1, 0 <unfinished ...>
3986  munmap(0x7f9fba69a000, 16384 <unfinished ...>
4004  <... mmap resumed>)               = 0x7f9fba6ce000
4003  <... mmap resumed>)               = 0x7f9fba6ca000
4002  <... mmap resumed>)               = 0x7f9fba6c6000
4001  <... mmap resumed>)               = 0x7f9fba6c2000
3999  <... mmap resumed>)               = 0x7f9fba6be000
3997  <... mmap resumed>)               = 0x7f9fba6ba000
3996  <... mmap resumed>)               = 0x7f9fba6b6000
3995  <... mmap resumed>)               = 0x7f9fba6b2000
3994  <... mmap resumed>)               = 0x7f9fba6ae000
3993  <... mmap resumed>)               = 0x7f9fba6aa000
3992  <... mmap resumed>)               = 0x7f9fba6a6000
3991  munmap(0x7f9fba6d6000, 16384 <unfinished ...>
3990  munmap(0x7f9fba6d2000, 16384 <unfinished ...>
3989  <... mmap resumed>)               = 0x7f9fba6a2000
3985  <... munmap resumed>)             = 0
4004  munmap(0x7f9fba6ce000, 16384 <unfinished ...>
4003  munmap(0x7f9fba6ca000, 16384 <unfinished ...>
4002  munmap(0x7f9fba6c6000, 16384 <unfinished ...>
4001  munmap(0x7f9fba6c2000, 16384 <unfinished ...>
3999  munmap(0x7f9fba6be000, 16384 <unfinished ...>
3997  munmap(0x7f9fba6ba000, 16384 <unfinished ...>
3996  munmap(0x7f9fba6b6000, 16384 <unfinished ...>
3995  munmap(0x7f9fba6b2000, 16384 <unfinished ...>
3994  munmap(0x7f9fba6ae000, 16384 <unfinished ...>
3993  munmap(0x7f9fba6aa000, 16384 <unfinished ...>
3992  munmap(0x7f9fba6a6000, 16384 <unfinished ...>
3991  <... munmap resumed>)             = 0
3990  <... munmap resumed>)             = 0
3989  munmap(0x7f9fba6a2000, 16384 <unfinished ...>
3986  <... munmap resumed>)             = 0
4004  <... munmap resumed>)             = 0
4003  <... munmap resumed>)             = 0
4002  <... munmap resumed>)             = 0
4001  <... munmap resumed>)             = 0
3999  <... munmap resumed>)             = 0
3997  <... munmap resumed>)             = 0
3996  <... munmap resumed>)             = 0
3995  <... munmap resumed>)             = 0
3994  <... munmap resumed>)             = 0
3993  <... munmap resumed>)             = 0
3992  <... munmap resumed>)             = 0
3991  futex(0x7ffdbd6750e4, FUTEX_WAIT_PRIVATE, 0, NULL <unfinished ...>
3990  futex(0x7ffdbd6750e4, FUTEX_WAIT_PRIVATE, 0, NULL <unfinished ...>
3989  <... munmap resumed>)             = 0
3985  futex(0x7ffdbd6750e4, FUTEX_WAIT_PRIVATE, 0, NULL <unfinished ...>
4004  futex(0x7ffdbd6750e4, FUTEX_WAIT_PRIVATE, 0, NULL <unfinished ...>
4003  futex(0x7ffdbd6750e4, FUTEX_WAIT_PRIVATE, 0, NULL <unfinished ...>
4002  futex(0x7ffdbd6750e4, FUTEX_WAIT_PRIVATE, 0, NULL <unfinished ...>
4001  futex(0x7ffdbd6750e4, FUTEX_WAIT_PRIVATE, 0, NULL <unfinished ...>
3999  futex(0x7ffdbd6750e4, FUTEX_WAIT_PRIVATE, 0, NULL <unfinished ...>
3997  futex(0x7ffdbd6750e4, FUTEX_WAIT_PRIVATE, 0, NULL <unfinished ...>
3996  futex(0x7ffdbd6750e4, FUTEX_WAIT_PRIVATE, 0, NULL <unfinished ...>
3995  futex(0x7ffdbd6750e4, FUTEX_WAIT_PRIVATE, 0, NULL <unfinished ...>
3994  futex(0x7ffdbd6750e4, FUTEX_WAIT_PRIVATE, 0, NULL <unfinished ...>
3993  futex(0x7ffdbd6750e4, FUTEX_WAIT_PRIVATE, 0, NULL <unfinished ...>
3992  futex(0x7ffdbd6750e4, FUTEX_WAIT_PRIVATE, 0, NULL <unfinished ...>
3989  futex(0x7ffdbd6750e4, FUTEX_WAKE_PRIVATE, 2147483647 <unfinished ...>
3986  futex(0x7ffdbd6750e4, FUTEX_WAIT_PRIVATE, 0, NULL <unfinished ...>
3984  <... futex resumed>)              = 0
4004  <... futex resumed>)              = -1 EAGAIN (Resource temporarily unavailable)
4003  <... futex resumed>)              = -1 EAGAIN (Resource temporarily unavailable)
4002  <... futex resumed>)              = -1 EAGAIN (Resource temporarily unavailable)
4001  <... futex resumed>)              = -1 EAGAIN (Resource temporarily unavailable)
3999  <... futex resumed>)              = -1 EAGAIN (Resource temporarily unavailable)
3997  <... futex resumed>)              = -1 EAGAIN (Resource temporarily unavailable)
3996  <... futex resumed>)              = -1 EAGAIN (Resource temporarily unavailable)
3995  <... futex resumed>)              = -1 EAGAIN (Resource temporarily unavailable)
3994  <... futex resumed>)              = -1 EAGAIN (Resource temporarily unavailable)
3993  <... futex resumed>)              = -1 EAGAIN (Resource temporarily unavailable)
3992  <... futex resumed>)              = -1 EAGAIN (Resource temporarily unavailable)
3991  <... futex resumed>)              = 0
3989  <... futex resumed>)              = 3
3985  <... futex resumed>)              = -1 EAGAIN (Resource temporarily unavailable)
3984  futex(0x7f9fc26e9910, FUTEX_WAIT_BITSET|FUTEX_CLOCK_REALTIME, 3985, NULL, FUTEX_BITSET_MATCH_ANY <unfinished ...>
4004  rt_sigprocmask(SIG_BLOCK, ~[RT_1],  <unfinished ...>
4003  rt_sigprocmask(SIG_BLOCK, ~[RT_1],  <unfinished ...>
4002  rt_sigprocmask(SIG_BLOCK, ~[RT_1],  <unfinished ...>
4001  rt_sigprocmask(SIG_BLOCK, ~[RT_1],  <unfinished ...>
3999  rt_sigprocmask(SIG_BLOCK, ~[RT_1],  <unfinished ...>
3997  rt_sigprocmask(SIG_BLOCK, ~[RT_1],  <unfinished ...>
3996  rt_sigprocmask(SIG_BLOCK, ~[RT_1],  <unfinished ...>
3995  rt_sigprocmask(SIG_BLOCK, ~[RT_1],  <unfinished ...>
3994  rt_sigprocmask(SIG_BLOCK, ~[RT_1],  <unfinished ...>
3993  rt_sigprocmask(SIG_BLOCK, ~[RT_1],  <unfinished ...>
3992  rt_sigprocmask(SIG_BLOCK, ~[RT_1],  <unfinished ...>
3991  rt_sigprocmask(SIG_BLOCK, ~[RT_1],  <unfinished ...>
3990  <... futex resumed>)              = 0
3989  rt_sigprocmask(SIG_BLOCK, ~[RT_1],  <unfinished ...>
3986  <... futex resumed>)              = -1 EAGAIN (Resource temporarily unavailable)
3985  rt_sigprocmask(SIG_BLOCK, ~[RT_1],  <unfinished ...>
4004  <... rt_sigprocmask resumed>NULL, 8) = 0
4003  <... rt_sigprocmask resumed>NULL, 8) = 0
4002  <... rt_sigprocmask resumed>NULL, 8) = 0
4001  <... rt_sigprocmask resumed>NULL, 8) = 0
3999  <... rt_sigprocmask resumed>NULL, 8) = 0
3997  <... rt_sigprocmask resumed>NULL, 8) = 0
3996  <... rt_sigprocmask resumed>NULL, 8) = 0
3995  <... rt_sigprocmask resumed>NULL, 8) = 0
3994  <... rt_sigprocmask resumed>NULL, 8) = 0
3993  <... rt_sigprocmask resumed>NULL, 8) = 0
3992  <... rt_sigprocmask resumed>NULL, 8) = 0
3991  <... rt_sigprocmask resumed>NULL, 8) = 0
3990  rt_sigprocmask(SIG_BLOCK, ~[RT_1],  <unfinished ...>
3989  <... rt_sigprocmask resumed>NULL, 8) = 0
3986  rt_sigprocmask(SIG_BLOCK, ~[RT_1],  <unfinished ...>
4004  madvise(0x7f9fba6da000, 8372224, MADV_DONTNEED <unfinished ...>
4003  madvise(0x7f9fbaedb000, 8372224, MADV_DONTNEED <unfinished ...>
4002  madvise(0x7f9fbb6dc000, 8372224, MADV_DONTNEED <unfinished ...>
4001  madvise(0x7f9fbbedd000, 8372224, MADV_DONTNEED <unfinished ...>
3999  madvise(0x7f9fbc6de000, 8372224, MADV_DONTNEED <unfinished ...>
3997  madvise(0x7f9fbcedf000, 8372224, MADV_DONTNEED <unfinished ...>
3996  madvise(0x7f9fbd6e0000, 8372224, MADV_DONTNEED <unfinished ...>
3995  madvise(0x7f9fbdee1000, 8372224, MADV_DONTNEED <unfinished ...>
3994  madvise(0x7f9fbe6e2000, 8372224, MADV_DONTNEED <unfinished ...>
3993  madvise(0x7f9fbeee3000, 8372224, MADV_DONTNEED <unfinished ...>
3992  madvise(0x7f9fbf6e4000, 8372224, MADV_DONTNEED <unfinished ...>
3991  madvise(0x7f9fbfee5000, 8372224, MADV_DONTNEED <unfinished ...>
3990  <... rt_sigprocmask resumed>NULL, 8) = 0
3989  madvise(0x7f9fc0ee7000, 8372224, MADV_DONTNEED <unfinished ...>
3985  <... rt_sigprocmask resumed>NULL, 8) = 0
4004  <... madvise resumed>)            = 0
4003  <... madvise resumed>)            = 0
4002  <... madvise resumed>)            = 0
4001  <... madvise resumed>)            = 0
3999  <... madvise resumed>)            = 0
3997  <... madvise resumed>)            = 0
3996  <... madvise resumed>)            = 0
3995  <... madvise resumed>)            = 0
3994  <... madvise resumed>)            = 0
3993  <... madvise resumed>)            = 0
3992  <... madvise resumed>)            = 0
3991  <... madvise resumed>)            = 0
3990  madvise(0x7f9fc06e6000, 8372224, MADV_DONTNEED <unfinished ...>
3989  <... madvise resumed>)            = 0
3986  <... rt_sigprocmask resumed>NULL, 8) = 0
4004  exit(0 <unfinished ...>
4003  exit(0 <unfinished ...>
4002  exit(0 <unfinished ...>
4001  exit(0 <unfinished ...>
3999  exit(0 <unfinished ...>
3997  exit(0 <unfinished ...>
3996  exit(0 <unfinished ...>
3995  exit(0 <unfinished ...>
3994  exit(0 <unfinished ...>
3993  exit(0 <unfinished ...>
3992  exit(0 <unfinished ...>
3991  exit(0 <unfinished ...>
3990  <... madvise resumed>)            = 0
3989  exit(0 <unfinished ...>
3985  madvise(0x7f9fc1ee9000, 8372224, MADV_DONTNEED <unfinished ...>
4004  <... exit resumed>)               = ?
4003  <... exit resumed>)               = ?
4002  <... exit resumed>)               = ?
4001  <... exit resumed>)               = ?
3999  <... exit resumed>)               = ?
3997  <... exit resumed>)               = ?
3996  <... exit resumed>)               = ?
3995  <... exit resumed>)               = ?
3994  <... exit resumed>)               = ?
3993  <... exit resumed>)               = ?
3992  <... exit resumed>)               = ?
3991  <... exit resumed>)               = ?
3990  exit(0 <unfinished ...>
3989  <... exit resumed>)               = ?
3986  madvise(0x7f9fc16e8000, 8372224, MADV_DONTNEED <unfinished ...>
3990  <... exit resumed>)               = ?
3985  <... madvise resumed>)            = 0
3986  <... madvise resumed>)            = 0
3985  exit(0 <unfinished ...>
3986  exit(0 <unfinished ...>
3985  <... exit resumed>)               = ?
3986  <... exit resumed>)               = ?
3984  <... futex resumed>)              = 0
3984  munmap(0x7f9fc1ee9000, 8392704)   = 0
3984  munmap(0x7f9fc16e8000, 8392704)   = 0
3984  munmap(0x7f9fc0ee7000, 8392704)   = 0
3984  munmap(0x7f9fc06e6000, 8392704)   = 0
3984  munmap(0x7f9fbfee5000, 8392704)   = 0
3984  munmap(0x7f9fbf6e4000, 8392704)   = 0
3984  munmap(0x7f9fbeee3000, 8392704)   = 0
3984  munmap(0x7f9fbe6e2000, 8392704)   = 0
3984  munmap(0x7f9fbdee1000, 8392704)   = 0
3984  munmap(0x7f9fbd6e0000, 8392704)   = 0
3984  munmap(0x7f9fbcedf000, 8392704)   = 0
3984  munmap(0x7f9fbc6de000, 8392704)   = 0
3984  openat(AT_FDCWD, "/proc/self/statm", O_RDONLY) = 3
3984  newfstatat(3, "", {st_mode=S_IFREG|0444, st_size=0, ...}, AT_EMPTY_PATH) = 0
3984  read(3, "8548 99 82 199 0 8267 0\n", 1024) = 24
3984  write(2, "mmbench: peak RSS ~0 MB\n", 24) = 24
3984  close(3)                          = 0
3984  uname({sysname="Linux", nodename="syzkaller", ...}) = 0
3984  uname({sysname="Linux", nodename="syzkaller", ...}) = 0
3984  newfstatat(1, "", {st_mode=S_IFCHR|0666, st_rdev=makedev(0x1, 0x3), ...}, AT_EMPTY_PATH) = 0
3984  ioctl(1, TCGETS, 0x7ffdbd6747e0)  = -1 ENOTTY (Inappropriate ioctl for device)
3984  write(1, "{\"bench\":\"mmap-pf\",\"contention\":\"high\",\"threads\":16,\"ops\":211,\"elapsed_s\":1.071,\"ops_per_us\":1.2"..., 197) = 197
3984  exit_group(0)                     = ?
