1382  execve("/root/m4t12/bin/mmbench_dyn", ["/root/m4t12/bin/mmbench_dyn", "pf", "low", "4", "1", "20262960"], 0x7ffcfdce13b8 /* 33 vars */) = 0
1382  brk(NULL)                         = 0x55cad2aa6000
1382  mmap(NULL, 8192, PROT_READ|PROT_WRITE, MAP_PRIVATE|MAP_ANONYMOUS, -1, 0) = 0x7f46ae115000
1382  openat(AT_FDCWD, "/root/t5run5-quick/corten_mode_hook.so", O_RDONLY|O_CLOEXEC) = 3
1382  read(3, "\177ELF\2\1\1\0\0\0\0\0\0\0\0\0\3\0>\0\1\0\0\0\0\0\0\0\0\0\0\0@\0\0\0\0\0\0\0H7\0\0\0\0\0\0\0\0\0\0@\08\0\t\0@\0\34\0\33\0\1\0\0\0\4\0\0\0\0\0\0\0\0\0\0\0\0\0\0\0\0\0\0\0\0\0\0\0\0\0\0\0"..., 832) = 832
1382  fstat(3, {st_mode=S_IFREG|0755, st_size=15944, ...}) = 0
1382  mmap(NULL, 16472, PROT_READ, MAP_PRIVATE|MAP_DENYWRITE, 3, 0) = 0x7f46ae110000
1382  mmap(0x7f46ae111000, 4096, PROT_READ|PROT_EXEC, MAP_PRIVATE|MAP_FIXED|MAP_DENYWRITE, 3, 0x1000) = 0x7f46ae111000
1382  mmap(0x7f46ae112000, 4096, PROT_READ, MAP_PRIVATE|MAP_FIXED|MAP_DENYWRITE, 3, 0x2000) = 0x7f46ae112000
1382  mmap(0x7f46ae113000, 8192, PROT_READ|PROT_WRITE, MAP_PRIVATE|MAP_FIXED|MAP_DENYWRITE, 3, 0x2000) = 0x7f46ae113000
1382  close(3)                          = 0
1382  access("/etc/ld.so.preload", R_OK) = -1 ENOENT (No such file or directory)
1382  openat(AT_FDCWD, "/etc/ld.so.cache", O_RDONLY|O_CLOEXEC) = 3
1382  fstat(3, {st_mode=S_IFREG|0644, st_size=27983, ...}) = 0
1382  mmap(NULL, 27983, PROT_READ, MAP_PRIVATE, 3, 0) = 0x7f46ae109000
1382  close(3)                          = 0
1382  openat(AT_FDCWD, "/lib/x86_64-linux-gnu/libc.so.6", O_RDONLY|O_CLOEXEC) = 3
1382  read(3, "\177ELF\2\1\1\3\0\0\0\0\0\0\0\0\3\0>\0\1\0\0\0p\236\2\0\0\0\0\0@\0\0\0\0\0\0\0\220b\36\0\0\0\0\0\0\0\0\0@\08\0\17\0@\0=\0<\0\6\0\0\0\4\0\0\0@\0\0\0\0\0\0\0@\0\0\0\0\0\0\0@\0\0\0\0\0\0\0"..., 832) = 832
1382  pread64(3, "\6\0\0\0\4\0\0\0@\0\0\0\0\0\0\0@\0\0\0\0\0\0\0@\0\0\0\0\0\0\0H\3\0\0\0\0\0\0H\3\0\0\0\0\0\0\10\0\0\0\0\0\0\0\3\0\0\0\4\0\0\0\240\1\36\0\0\0\0\0\240\1\36\0\0\0\0\0\240\1\36\0\0\0\0\0\34\0\0\0\0\0\0\0"..., 840, 64) = 840
1382  fstat(3, {st_mode=S_IFREG|0755, st_size=1995216, ...}) = 0
1382  pread64(3, "\6\0\0\0\4\0\0\0@\0\0\0\0\0\0\0@\0\0\0\0\0\0\0@\0\0\0\0\0\0\0H\3\0\0\0\0\0\0H\3\0\0\0\0\0\0\10\0\0\0\0\0\0\0\3\0\0\0\4\0\0\0\240\1\36\0\0\0\0\0\240\1\36\0\0\0\0\0\240\1\36\0\0\0\0\0\34\0\0\0\0\0\0\0"..., 840, 64) = 840
1382  mmap(NULL, 2047568, PROT_READ, MAP_PRIVATE|MAP_DENYWRITE, 3, 0) = 0x7f46adf15000
1382  mmap(0x7f46adf3d000, 1454080, PROT_READ|PROT_EXEC, MAP_PRIVATE|MAP_FIXED|MAP_DENYWRITE, 3, 0x28000) = 0x7f46adf3d000
1382  mmap(0x7f46ae0a0000, 352256, PROT_READ, MAP_PRIVATE|MAP_FIXED|MAP_DENYWRITE, 3, 0x18b000) = 0x7f46ae0a0000
1382  mmap(0x7f46ae0f6000, 24576, PROT_READ|PROT_WRITE, MAP_PRIVATE|MAP_FIXED|MAP_DENYWRITE, 3, 0x1e0000) = 0x7f46ae0f6000
1382  mmap(0x7f46ae0fc000, 52816, PROT_READ|PROT_WRITE, MAP_PRIVATE|MAP_FIXED|MAP_ANONYMOUS, -1, 0) = 0x7f46ae0fc000
1382  close(3)                          = 0
1382  mmap(NULL, 12288, PROT_READ|PROT_WRITE, MAP_PRIVATE|MAP_ANONYMOUS, -1, 0) = 0x7f46adf12000
1382  arch_prctl(ARCH_SET_FS, 0x7f46adf12740) = 0
1382  set_tid_address(0x7f46adf12a10)   = 1382
1382  set_robust_list(0x7f46adf12a20, 24) = 0
1382  rseq(0x7f46adf12680, 0x20, 0, 0x53053053) = 0
1382  mprotect(0x7f46ae0f6000, 16384, PROT_READ) = 0
1382  mprotect(0x7f46ae113000, 4096, PROT_READ) = 0
1382  mprotect(0x55caa5fda000, 4096, PROT_READ) = 0
1382  mprotect(0x7f46ae167000, 8192, PROT_READ) = 0
1382  prlimit64(0, RLIMIT_STACK, NULL, {rlim_cur=8192*1024, rlim_max=RLIM64_INFINITY}) = 0
1382  munmap(0x7f46ae109000, 27983)     = 0
1382  prctl(0x50 /* PR_??? */, 0x1, 0, 0, 0) = 0
1382  prctl(0x50 /* PR_??? */, 0x3, 0, 0, 0) = 1
1382  getpid()                          = 1382
1382  write(2, "corten_mode_hook: MODE on (pid 1382)\n", 37) = 37
1382  write(2, "mmbench: bench=pf contention=low threads=4 arena=160 MB (per thread)\n", 69) = 69
1382  prlimit64(0, RLIMIT_AS, NULL, {rlim_cur=RLIM64_INFINITY, rlim_max=RLIM64_INFINITY}) = 0
1382  getrandom("\xd8\xa8\x4f\xca\x8a\x6f\xb0\x72", 8, GRND_NONBLOCK) = 8
1382  brk(NULL)                         = 0x55cad2aa6000
1382  brk(0x55cad2ac7000)               = 0x55cad2ac7000
1382  rt_sigaction(SIGRT_1, {sa_handler=0x7f46adfa54b0, sa_mask=[], sa_flags=SA_RESTORER|SA_ONSTACK|SA_RESTART|SA_SIGINFO, sa_restorer=0x7f46adf54df0}, NULL, 8) = 0
1382  rt_sigprocmask(SIG_UNBLOCK, [RTMIN RT_1], NULL, 8) = 0
1382  mmap(NULL, 8392704, PROT_NONE, MAP_PRIVATE|MAP_ANONYMOUS|MAP_STACK, -1, 0) = 0x7f46ad711000
1382  mprotect(0x7f46ad712000, 8388608, PROT_READ|PROT_WRITE) = 0
1382  rt_sigprocmask(SIG_BLOCK, ~[], [], 8) = 0
1382  clone3({flags=CLONE_VM|CLONE_FS|CLONE_FILES|CLONE_SIGHAND|CLONE_THREAD|CLONE_SYSVSEM|CLONE_SETTLS|CLONE_PARENT_SETTID|CLONE_CHILD_CLEARTID, child_tid=0x7f46adf11990, parent_tid=0x7f46adf11990, exit_signal=0, stack=0x7f46ad711000, stack_size=0x7fff80, tls=0x7f46adf116c0} => {parent_tid=[1383]}, 88) = 1383
1383  rseq(0x7f46adf11600, 0x20, 0, 0x53053053 <unfinished ...>
1382  rt_sigprocmask(SIG_SETMASK, [], NULL, 8) = 0
1383  <... rseq resumed>)               = 0
1382  mmap(NULL, 8392704, PROT_NONE, MAP_PRIVATE|MAP_ANONYMOUS|MAP_STACK, -1, 0 <unfinished ...>
1383  set_robust_list(0x7f46adf119a0, 24 <unfinished ...>
1382  <... mmap resumed>)               = 0x7f46acf10000
1383  <... set_robust_list resumed>)    = 0
1382  mprotect(0x7f46acf11000, 8388608, PROT_READ|PROT_WRITE <unfinished ...>
1383  rt_sigprocmask(SIG_SETMASK, [], NULL, 8) = 0
1382  <... mprotect resumed>)           = 0
1383  mmap(NULL, 134217728, PROT_NONE, MAP_PRIVATE|MAP_ANONYMOUS, -1, 0 <unfinished ...>
1382  rt_sigprocmask(SIG_BLOCK, ~[],  <unfinished ...>
1383  <... mmap resumed>)               = 0x100000000000
1383  munmap(0x100004000000, 67108864 <unfinished ...>
1382  <... rt_sigprocmask resumed>[], 8) = 0
1383  <... munmap resumed>)             = 0
1382  clone3({flags=CLONE_VM|CLONE_FS|CLONE_FILES|CLONE_SIGHAND|CLONE_THREAD|CLONE_SYSVSEM|CLONE_SETTLS|CLONE_PARENT_SETTID|CLONE_CHILD_CLEARTID, child_tid=0x7f46ad710990, parent_tid=0x7f46ad710990, exit_signal=0, stack=0x7f46acf10000, stack_size=0x7fff80, tls=0x7f46ad7106c0} <unfinished ...>
1383  mprotect(0x100000000000, 135168, PROT_READ|PROT_WRITE <unfinished ...>
1382  <... clone3 resumed> => {parent_tid=[1384]}, 88) = 1384
1383  <... mprotect resumed>)           = 0
1382  rt_sigprocmask(SIG_SETMASK, [],  <unfinished ...>
1384  rseq(0x7f46ad710600, 0x20, 0, 0x53053053 <unfinished ...>
1382  <... rt_sigprocmask resumed>NULL, 8) = 0
1384  <... rseq resumed>)               = 0
1383  mmap(NULL, 167772160, PROT_READ|PROT_WRITE, MAP_PRIVATE|MAP_ANONYMOUS|MAP_NORESERVE, -1, 0 <unfinished ...>
1382  mmap(NULL, 8392704, PROT_NONE, MAP_PRIVATE|MAP_ANONYMOUS|MAP_STACK, -1, 0) = 0x7f46ac70f000
1383  <... mmap resumed>)               = 0x100008000000
1382  mprotect(0x7f46ac710000, 8388608, PROT_READ|PROT_WRITE) = 0
1384  set_robust_list(0x7f46ad7109a0, 24) = 0
1383  futex(0x7ffdb135edf4, FUTEX_WAIT_PRIVATE, 0, NULL <unfinished ...>
1384  rt_sigprocmask(SIG_SETMASK, [],  <unfinished ...>
1382  rt_sigprocmask(SIG_BLOCK, ~[],  <unfinished ...>
1384  <... rt_sigprocmask resumed>NULL, 8) = 0
1384  mmap(0x100004000000, 67108864, PROT_NONE, MAP_PRIVATE|MAP_ANONYMOUS, -1, 0 <unfinished ...>
1382  <... rt_sigprocmask resumed>[], 8) = 0
1384  <... mmap resumed>)               = 0x7f46a870f000
1382  clone3({flags=CLONE_VM|CLONE_FS|CLONE_FILES|CLONE_SIGHAND|CLONE_THREAD|CLONE_SYSVSEM|CLONE_SETTLS|CLONE_PARENT_SETTID|CLONE_CHILD_CLEARTID, child_tid=0x7f46acf0f990, parent_tid=0x7f46acf0f990, exit_signal=0, stack=0x7f46ac70f000, stack_size=0x7fff80, tls=0x7f46acf0f6c0} <unfinished ...>
1384  munmap(0x7f46a870f000, 67108864)  = 0
1382  <... clone3 resumed> => {parent_tid=[1385]}, 88) = 1385
1385  rseq(0x7f46acf0f600, 0x20, 0, 0x53053053 <unfinished ...>
1384  mmap(NULL, 134217728, PROT_NONE, MAP_PRIVATE|MAP_ANONYMOUS, -1, 0 <unfinished ...>
1382  rt_sigprocmask(SIG_SETMASK, [],  <unfinished ...>
1385  <... rseq resumed>)               = 0
1382  <... rt_sigprocmask resumed>NULL, 8) = 0
1385  set_robust_list(0x7f46acf0f9a0, 24 <unfinished ...>
1384  <... mmap resumed>)               = 0x100040000000
1382  mmap(NULL, 8392704, PROT_NONE, MAP_PRIVATE|MAP_ANONYMOUS|MAP_STACK, -1, 0 <unfinished ...>
1385  <... set_robust_list resumed>)    = 0
1382  <... mmap resumed>)               = 0x7f46abf0e000
1384  munmap(0x100044000000, 67108864 <unfinished ...>
1385  rt_sigprocmask(SIG_SETMASK, [],  <unfinished ...>
1382  mprotect(0x7f46abf0f000, 8388608, PROT_READ|PROT_WRITE <unfinished ...>
1384  <... munmap resumed>)             = 0
1385  <... rt_sigprocmask resumed>NULL, 8) = 0
1385  mmap(0x100044000000, 67108864, PROT_NONE, MAP_PRIVATE|MAP_ANONYMOUS, -1, 0 <unfinished ...>
1382  <... mprotect resumed>)           = 0
1384  mprotect(0x100040000000, 135168, PROT_READ|PROT_WRITE <unfinished ...>
1385  <... mmap resumed>)               = 0x7f46a7f0e000
1382  rt_sigprocmask(SIG_BLOCK, ~[],  <unfinished ...>
1384  <... mprotect resumed>)           = 0
1382  <... rt_sigprocmask resumed>[], 8) = 0
1385  munmap(0x7f46a7f0e000, 67108864 <unfinished ...>
1384  mmap(NULL, 167772160, PROT_READ|PROT_WRITE, MAP_PRIVATE|MAP_ANONYMOUS|MAP_NORESERVE, -1, 0 <unfinished ...>
1382  clone3({flags=CLONE_VM|CLONE_FS|CLONE_FILES|CLONE_SIGHAND|CLONE_THREAD|CLONE_SYSVSEM|CLONE_SETTLS|CLONE_PARENT_SETTID|CLONE_CHILD_CLEARTID, child_tid=0x7f46ac70e990, parent_tid=0x7f46ac70e990, exit_signal=0, stack=0x7f46abf0e000, stack_size=0x7fff80, tls=0x7f46ac70e6c0} <unfinished ...>
1385  <... munmap resumed>)             = 0
1384  <... mmap resumed>)               = 0x100048000000
1382  <... clone3 resumed> => {parent_tid=[1386]}, 88) = 1386
1386  rseq(0x7f46ac70e600, 0x20, 0, 0x53053053 <unfinished ...>
1384  futex(0x7ffdb135edf4, FUTEX_WAIT_PRIVATE, 0, NULL <unfinished ...>
1382  rt_sigprocmask(SIG_SETMASK, [],  <unfinished ...>
1386  <... rseq resumed>)               = 0
1382  <... rt_sigprocmask resumed>NULL, 8) = 0
1386  set_robust_list(0x7f46ac70e9a0, 24 <unfinished ...>
1382  futex(0x7ffdb135edf4, FUTEX_WAIT_PRIVATE, 0, NULL <unfinished ...>
1386  <... set_robust_list resumed>)    = 0
1385  mmap(NULL, 134217728, PROT_NONE, MAP_PRIVATE|MAP_ANONYMOUS, -1, 0 <unfinished ...>
1386  rt_sigprocmask(SIG_SETMASK, [], NULL, 8) = 0
1385  <... mmap resumed>)               = 0x100080000000
1386  mmap(NULL, 134217728, PROT_NONE, MAP_PRIVATE|MAP_ANONYMOUS, -1, 0 <unfinished ...>
1385  munmap(0x100084000000, 67108864 <unfinished ...>
1386  <... mmap resumed>)               = 0x1000c0000000
1385  <... munmap resumed>)             = 0
1386  munmap(0x1000c4000000, 67108864)  = 0
1385  mprotect(0x100080000000, 135168, PROT_READ|PROT_WRITE <unfinished ...>
1386  mprotect(0x1000c0000000, 135168, PROT_READ|PROT_WRITE <unfinished ...>
1385  <... mprotect resumed>)           = 0
1386  <... mprotect resumed>)           = 0
1385  mmap(NULL, 167772160, PROT_READ|PROT_WRITE, MAP_PRIVATE|MAP_ANONYMOUS|MAP_NORESERVE, -1, 0 <unfinished ...>
1386  mmap(NULL, 167772160, PROT_READ|PROT_WRITE, MAP_PRIVATE|MAP_ANONYMOUS|MAP_NORESERVE, -1, 0) = 0x1000c8000000
1386  futex(0x7ffdb135edf4, FUTEX_WAIT_PRIVATE, 0, NULL <unfinished ...>
1385  <... mmap resumed>)               = 0x100088000000
1385  futex(0x7ffdb135edf4, FUTEX_WAKE_PRIVATE, 2147483647) = 4
1384  <... futex resumed>)              = 0
1383  <... futex resumed>)              = 0
1382  <... futex resumed>)              = 0
1386  <... futex resumed>)              = 0
1382  futex(0x7ffdb135ee14, FUTEX_WAIT_PRIVATE, 0, NULL <unfinished ...>
1383  munmap(0x100008000000, 167772160 <unfinished ...>
1386  munmap(0x1000c8000000, 167772160 <unfinished ...>
1385  munmap(0x100088000000, 167772160 <unfinished ...>
1383  <... munmap resumed>)             = 0
1383  mmap(NULL, 167772160, PROT_READ|PROT_WRITE, MAP_PRIVATE|MAP_ANONYMOUS|MAP_NORESERVE, -1, 0 <unfinished ...>
1384  munmap(0x100048000000, 167772160 <unfinished ...>
1386  <... munmap resumed>)             = 0
1386  mmap(NULL, 167772160, PROT_READ|PROT_WRITE, MAP_PRIVATE|MAP_ANONYMOUS|MAP_NORESERVE, -1, 0 <unfinished ...>
1385  <... munmap resumed>)             = 0
1383  <... mmap resumed>)               = 0x100088000000
1385  mmap(NULL, 167772160, PROT_READ|PROT_WRITE, MAP_PRIVATE|MAP_ANONYMOUS|MAP_NORESERVE, -1, 0 <unfinished ...>
1384  <... munmap resumed>)             = 0
1386  <... mmap resumed>)               = 0x100048000000
1384  mmap(NULL, 167772160, PROT_READ|PROT_WRITE, MAP_PRIVATE|MAP_ANONYMOUS|MAP_NORESERVE, -1, 0 <unfinished ...>
1385  <... mmap resumed>)               = 0x1000c8000000
1384  <... mmap resumed>)               = 0x100008000000
1386  munmap(0x100048000000, 167772160 <unfinished ...>
1383  munmap(0x100088000000, 167772160 <unfinished ...>
1385  munmap(0x1000c8000000, 167772160 <unfinished ...>
1386  <... munmap resumed>)             = 0
1386  mmap(NULL, 167772160, PROT_READ|PROT_WRITE, MAP_PRIVATE|MAP_ANONYMOUS|MAP_NORESERVE, -1, 0 <unfinished ...>
1383  <... munmap resumed>)             = 0
1383  mmap(NULL, 167772160, PROT_READ|PROT_WRITE, MAP_PRIVATE|MAP_ANONYMOUS|MAP_NORESERVE, -1, 0 <unfinished ...>
1384  munmap(0x100008000000, 167772160 <unfinished ...>
1385  <... munmap resumed>)             = 0
1386  <... mmap resumed>)               = 0x1000c8000000
1383  <... mmap resumed>)               = 0x100088000000
1385  mmap(NULL, 167772160, PROT_READ|PROT_WRITE, MAP_PRIVATE|MAP_ANONYMOUS|MAP_NORESERVE, -1, 0) = 0x100008000000
1384  <... munmap resumed>)             = 0
1384  mmap(NULL, 167772160, PROT_READ|PROT_WRITE, MAP_PRIVATE|MAP_ANONYMOUS|MAP_NORESERVE, -1, 0) = 0x100048000000
1385  futex(0x7ffdb135ee14, FUTEX_WAIT_PRIVATE, 0, NULL <unfinished ...>
1384  futex(0x7ffdb135ee14, FUTEX_WAIT_PRIVATE, 0, NULL <unfinished ...>
1383  futex(0x7ffdb135ee14, FUTEX_WAIT_PRIVATE, 0, NULL <unfinished ...>
1386  futex(0x7ffdb135ee14, FUTEX_WAKE_PRIVATE, 2147483647 <unfinished ...>
1382  <... futex resumed>)              = 0
1386  <... futex resumed>)              = 4
1385  <... futex resumed>)              = 0
1384  <... futex resumed>)              = 0
1383  <... futex resumed>)              = 0
1382  futex(0x7f46adf11990, FUTEX_WAIT_BITSET|FUTEX_CLOCK_REALTIME, 1383, NULL, FUTEX_BITSET_MATCH_ANY <unfinished ...>
1386  rt_sigprocmask(SIG_BLOCK, ~[RT_1],  <unfinished ...>
1385  rt_sigprocmask(SIG_BLOCK, ~[RT_1],  <unfinished ...>
1386  <... rt_sigprocmask resumed>NULL, 8) = 0
1384  rt_sigprocmask(SIG_BLOCK, ~[RT_1],  <unfinished ...>
1385  <... rt_sigprocmask resumed>NULL, 8) = 0
1383  rt_sigprocmask(SIG_BLOCK, ~[RT_1],  <unfinished ...>
1386  madvise(0x7f46abf0e000, 8368128, MADV_DONTNEED <unfinished ...>
1385  madvise(0x7f46ac70f000, 8368128, MADV_DONTNEED <unfinished ...>
1384  <... rt_sigprocmask resumed>NULL, 8) = 0
1386  <... madvise resumed>)            = 0
1383  <... rt_sigprocmask resumed>NULL, 8) = 0
1385  <... madvise resumed>)            = 0
1384  madvise(0x7f46acf10000, 8368128, MADV_DONTNEED <unfinished ...>
1383  madvise(0x7f46ad711000, 8368128, MADV_DONTNEED <unfinished ...>
1386  exit(0)                           = ?
1385  exit(0 <unfinished ...>
1384  <... madvise resumed>)            = 0
1383  <... madvise resumed>)            = 0
1385  <... exit resumed>)               = ?
1384  exit(0 <unfinished ...>
1383  exit(0 <unfinished ...>
1384  <... exit resumed>)               = ?
1383  <... exit resumed>)               = ?
1382  <... futex resumed>)              = 0
1382  openat(AT_FDCWD, "/proc/self/statm", O_RDONLY) = 3
1382  fstat(3, {st_mode=S_IFREG|0444, st_size=0, ...}) = 0
1382  read(3, "303775 135537 408 2 0 172122 0\n", 1024) = 31
1382  write(2, "mmbench: peak RSS ~529 MB\n", 26) = 26
1382  close(3)                          = 0
1382  uname({sysname="Linux", nodename="syzkaller", ...}) = 0
1382  uname({sysname="Linux", nodename="syzkaller", ...}) = 0
1382  fstat(1, {st_mode=S_IFCHR|0666, st_rdev=makedev(0x1, 0x3), ...}) = 0
1382  ioctl(1, TCGETS, 0x7ffdb135e3c0)  = -1 ENOTTY (Inappropriate ioctl for device)
1382  write(1, "{\"bench\":\"pf\",\"contention\":\"low\",\"threads\":4,\"ops\":115689,\"elapsed_s\":1.005,\"ops_per_us\":0.03555"..., 187) = 187
1382  rt_sigprocmask(SIG_BLOCK, ~[], [], 8) = 0
1382  clone(child_stack=NULL, flags=CLONE_CHILD_CLEARTID|CLONE_CHILD_SETTID|SIGCHLD, child_tidptr=0x7f46adf12a10) = 1397
1397  set_robust_list(0x7f46adf12a20, 24 <unfinished ...>
1382  rt_sigprocmask(SIG_SETMASK, [],  <unfinished ...>
1397  <... set_robust_list resumed>)    = 0
1382  <... rt_sigprocmask resumed>NULL, 8) = 0
1397  rt_sigprocmask(SIG_SETMASK, [],  <unfinished ...>
1382  wait4(1397,  <unfinished ...>
1397  <... rt_sigprocmask resumed>NULL, 8) = 0
1397  exit_group(42)                    = ?
1382  <... wait4 resumed>[{WIFEXITED(s) && WEXITSTATUS(s) == 42}], 0, NULL) = 1397
1382  --- SIGCHLD {si_signo=SIGCHLD, si_code=CLD_EXITED, si_pid=1397, si_uid=0, si_status=42, si_utime=0, si_stime=2 /* 0.02 s */} ---
1382  write(2, "corten_mode_hook: fork-probe OK (threads+arenas alive, child exited 42)\n", 72) = 72
1382  exit_group(0)                     = ?
