[    0.000000] Linux version 6.18.32-g2d3febc401e1-dirty (ppw@vm) (gcc (Ubuntu 11.4.0-1ubuntu1~22.04.3) 11.4.0, GNU ld (GNU Binutils for Ubuntu) 2.38) #14 SMP PREEMPT_DYNAMIC Thu Oct  8 00:05:26 CST 2026
[    0.000000] Command line: console=ttyS0 root=/dev/vda rw net.ifnames=0 mitigations=off kunit.enable=0 log_buf_len=16M corten=on corten_mode_default=on
[    0.000000] BIOS-provided physical RAM map:
[    0.000000] BIOS-e820: [mem 0x0000000000000000-0x000000000009fbff] usable
[    0.000000] BIOS-e820: [mem 0x000000000009fc00-0x000000000009ffff] reserved
[    0.000000] BIOS-e820: [mem 0x00000000000f0000-0x00000000000fffff] reserved
[    0.000000] BIOS-e820: [mem 0x0000000000100000-0x00000000bffdcfff] usable
[    0.000000] BIOS-e820: [mem 0x00000000bffdd000-0x00000000bfffffff] reserved
[    0.000000] BIOS-e820: [mem 0x00000000feffc000-0x00000000feffffff] reserved
[    0.000000] BIOS-e820: [mem 0x00000000fffc0000-0x00000000ffffffff] reserved
[    0.000000] BIOS-e820: [mem 0x0000000100000000-0x000000013fffffff] usable
[    0.000000] NX (Execute Disable) protection: active
[    0.000000] APIC: Static calls initialized
[    0.000000] SMBIOS 2.8 present.
[    0.000000] DMI: QEMU Standard PC (i440FX + PIIX, 1996), BIOS 1.15.0-1 04/01/2014
[    0.000000] DMI: Memory slots populated: 1/1
[    0.000000] Hypervisor detected: KVM
[    0.000000] last_pfn = 0xbffdd max_arch_pfn = 0x400000000
[    0.000000] kvm-clock: Using msrs 4b564d01 and 4b564d00
[    0.000005] kvm-clock: using sched offset of 1710143945 cycles
[    0.000010] clocksource: kvm-clock: mask: 0xffffffffffffffff max_cycles: 0x1cd42e4dffb, max_idle_ns: 881590591483 ns
[    0.000110] tsc: Detected 2419.196 MHz processor
[    0.003561] last_pfn = 0x140000 max_arch_pfn = 0x400000000
[    0.004200] MTRR map: 4 entries (3 fixed + 1 variable; max 19), built from 8 variable MTRRs
[    0.004227] x86/PAT: Configuration [0-7]: WB  WC  UC- UC  WB  WP  UC- WT  
[    0.005079] last_pfn = 0xbffdd max_arch_pfn = 0x400000000
[    0.019403] found SMP MP-table at [mem 0x000f5b90-0x000f5b9f]
[    0.019531] Using GB pages for direct mapping
[    0.378194] printk: log buffer data + meta data: 16777216 + 58720256 = 75497472 bytes
[    0.378201] printk: early log buf free: 260056(99%)
[    0.378422] ACPI: Early table checksum verification disabled
[    0.378564] ACPI: RSDP 0x00000000000F59B0 000014 (v00 BOCHS )
[    0.378689] ACPI: RSDT 0x00000000BFFE1B9C 000034 (v01 BOCHS  BXPC     00000001 BXPC 00000001)
[    0.378787] ACPI: FACP 0x00000000BFFE1A18 000074 (v01 BOCHS  BXPC     00000001 BXPC 00000001)
[    0.378890] ACPI: DSDT 0x00000000BFFE0040 0019D8 (v01 BOCHS  BXPC     00000001 BXPC 00000001)
[    0.378918] ACPI: FACS 0x00000000BFFE0000 000040
[    0.378925] ACPI: APIC 0x00000000BFFE1A8C 0000B0 (v01 BOCHS  BXPC     00000001 BXPC 00000001)
[    0.378931] ACPI: HPET 0x00000000BFFE1B3C 000038 (v01 BOCHS  BXPC     00000001 BXPC 00000001)
[    0.378938] ACPI: WAET 0x00000000BFFE1B74 000028 (v01 BOCHS  BXPC     00000001 BXPC 00000001)
[    0.378943] ACPI: Reserving FACP table memory at [mem 0xbffe1a18-0xbffe1a8b]
[    0.378947] ACPI: Reserving DSDT table memory at [mem 0xbffe0040-0xbffe1a17]
[    0.378950] ACPI: Reserving FACS table memory at [mem 0xbffe0000-0xbffe003f]
[    0.378952] ACPI: Reserving APIC table memory at [mem 0xbffe1a8c-0xbffe1b3b]
[    0.378954] ACPI: Reserving HPET table memory at [mem 0xbffe1b3c-0xbffe1b73]
[    0.378955] ACPI: Reserving WAET table memory at [mem 0xbffe1b74-0xbffe1b9b]
[    0.382100] No NUMA configuration found
[    0.382103] Faking a node at [mem 0x0000000000000000-0x000000013fffffff]
[    0.382107] NODE_DATA(0) allocated [mem 0x13b7fa140-0x13b7fdfff]
[    0.382578] Zone ranges:
[    0.382579]   DMA      [mem 0x0000000000001000-0x0000000000ffffff]
[    0.382581]   DMA32    [mem 0x0000000001000000-0x00000000ffffffff]
[    0.382582]   Normal   [mem 0x0000000100000000-0x000000013fffffff]
[    0.382583] Movable zone start for each node
[    0.382584] Early memory node ranges
[    0.382584]   node   0: [mem 0x0000000000001000-0x000000000009efff]
[    0.382585]   node   0: [mem 0x0000000000100000-0x00000000bffdcfff]
[    0.382586]   node   0: [mem 0x0000000100000000-0x000000013fffffff]
[    0.382587] Initmem setup node 0 [mem 0x0000000000001000-0x000000013fffffff]
[    0.383350] On node 0, zone DMA: 1 pages in unavailable ranges
[    0.384634] On node 0, zone DMA: 97 pages in unavailable ranges
[    0.657425] On node 0, zone Normal: 35 pages in unavailable ranges
[    0.660484] ACPI: PM-Timer IO Port: 0x608
[    0.660653] ACPI: LAPIC_NMI (acpi_id[0xff] dfl dfl lint[0x1])
[    0.662940] IOAPIC[0]: apic_id 0, version 17, address 0xfec00000, GSI 0-23
[    0.662954] ACPI: INT_SRC_OVR (bus 0 bus_irq 0 global_irq 2 dfl dfl)
[    0.662959] ACPI: INT_SRC_OVR (bus 0 bus_irq 5 global_irq 5 high level)
[    0.662962] ACPI: INT_SRC_OVR (bus 0 bus_irq 9 global_irq 9 high level)
[    0.662990] ACPI: INT_SRC_OVR (bus 0 bus_irq 10 global_irq 10 high level)
[    0.662993] ACPI: INT_SRC_OVR (bus 0 bus_irq 11 global_irq 11 high level)
[    0.663002] ACPI: Using ACPI (MADT) for SMP configuration information
[    0.663005] ACPI: HPET id: 0x8086a201 base: 0xfed00000
[    0.663014] TSC deadline timer available
[    0.663024] CPU topo: Max. logical packages:   1
[    0.663026] CPU topo: Max. logical dies:       1
[    0.663027] CPU topo: Max. dies per package:   1
[    0.663037] CPU topo: Max. threads per core:   1
[    0.663077] CPU topo: Num. cores per package:     8
[    0.663078] CPU topo: Num. threads per package:   8
[    0.663079] CPU topo: Allowing 8 present CPUs plus 0 hotplug CPUs
[    0.663185] kvm-guest: APIC: eoi() replaced with kvm_guest_apic_eoi_write()
[    0.663320] kvm-guest: KVM setup pv remote TLB flush
[    0.663376] kvm-guest: setup PV sched yield
[    0.664459] PM: hibernation: Registered nosave memory: [mem 0x00000000-0x00000fff]
[    0.664466] PM: hibernation: Registered nosave memory: [mem 0x0009f000-0x000fffff]
[    0.664470] PM: hibernation: Registered nosave memory: [mem 0xbffdd000-0xffffffff]
[    0.664474] [mem 0xc0000000-0xfeffbfff] available for PCI devices
[    0.664477] Booting paravirtualized kernel on KVM
[    0.664518] clocksource: refined-jiffies: mask: 0xffffffff max_cycles: 0xffffffff, max_idle_ns: 1910969940391419 ns
[    0.682853] setup_percpu: NR_CPUS:64 nr_cpumask_bits:8 nr_cpu_ids:8 nr_node_ids:1
[    0.690064] percpu: Embedded 54 pages/cpu s182680 r8192 d30312 u262144
[    0.690377] Kernel command line: console=ttyS0 root=/dev/vda rw net.ifnames=0 mitigations=off kunit.enable=0 log_buf_len=16M corten=on corten_mode_default=on
[    0.691601] corten: requested on, activating at initcall time
[    0.691622] corten: execve default entry enabled
[    0.691723] random: crng init done
[    0.709123] Dentry cache hash table entries: 524288 (order: 10, 4194304 bytes, linear)
[    0.719736] Inode-cache hash table entries: 262144 (order: 9, 2097152 bytes, linear)
[    0.721203] software IO TLB: area num 8.
[    1.347499] Fallback order for Node 0: 0 
[    1.347536] Built 1 zonelists, mobility grouping on.  Total pages: 1048443
[    1.347541] Policy zone: Normal
[    1.347545] mem auto-init: stack:off, heap alloc:off, heap free:off
[    1.387988] SLUB: HWalign=64, Order=0-3, MinObjects=0, CPUs=8, Nodes=1
[    1.395545] Dynamic Preempt: voluntary
[    1.419728] rcu: Preemptible hierarchical RCU implementation.
[    1.419734] rcu: 	RCU event tracing is enabled.
[    1.419735] rcu: 	RCU restricting CPUs from NR_CPUS=64 to nr_cpu_ids=8.
[    1.419740] 	Trampoline variant of Tasks RCU enabled.
[    1.419741] 	Tracing variant of Tasks RCU enabled.
[    1.419743] rcu: RCU calculated value of scheduler-enlistment delay is 100 jiffies.
[    1.419745] rcu: Adjusting geometry for rcu_fanout_leaf=16, nr_cpu_ids=8
[    1.419848] RCU Tasks: Setting shift to 3 and lim to 1 rcu_task_cb_adjust=1 rcu_task_cpu_ids=8.
[    1.419854] RCU Tasks Trace: Setting shift to 3 and lim to 1 rcu_task_cb_adjust=1 rcu_task_cpu_ids=8.
[    1.431712] NR_IRQS: 4352, nr_irqs: 488, preallocated irqs: 16
[    1.432459] rcu: srcu_init: Setting srcu_struct sizes based on contention.
[    1.500022] Console: colour VGA+ 80x25
[    1.500523] printk: legacy console [ttyS0] enabled
[    2.100148] ACPI: Core revision 20250807
[    2.105109] clocksource: hpet: mask: 0xffffffff max_cycles: 0xffffffff, max_idle_ns: 19112604467 ns
[    2.114298] APIC: Switch to symmetric I/O mode setup
[    2.123549] x2apic enabled
[    2.130224] APIC: Switched APIC routing to: physical x2apic
[    2.135254] kvm-guest: APIC: send_IPI_mask() replaced with kvm_send_ipi_mask()
[    2.141093] kvm-guest: APIC: send_IPI_mask_allbutself() replaced with kvm_send_ipi_mask_allbutself()
[    2.146376] kvm-guest: setup PV IPIs
[    2.165377] ..TIMER: vector=0x30 apic1=0 pin1=2 apic2=-1 pin2=-1
[    2.171553] clocksource: tsc-early: mask: 0xffffffffffffffff max_cycles: 0x22df0d21928, max_idle_ns: 440795225288 ns
[    2.180256] Calibrating delay loop (skipped) preset value.. 4838.39 BogoMIPS (lpj=2419196)
[    2.183247] x86/cpu: User Mode Instruction Prevention (UMIP) activated
[    2.183474] Last level iTLB entries: 4KB 0, 2MB 0, 4MB 0
[    2.184250] Last level dTLB entries: 4KB 0, 2MB 0, 4MB 0, 1GB 0
[    2.185372] mitigations: Enabled attack vectors: SMT mitigations: off
[    2.186360] Speculative Store Bypass: Vulnerable
[    2.187251] Spectre V2 : Vulnerable
[    2.187691] ITS: Vulnerable
[    2.188249] Spectre V1 : Vulnerable: __user pointer sanitization and usercopy barriers only; no swapgs barriers
[    2.189439] x86/fpu: Supporting XSAVE feature 0x001: 'x87 floating point registers'
[    2.190258] x86/fpu: Supporting XSAVE feature 0x002: 'SSE registers'
[    2.191259] x86/fpu: Supporting XSAVE feature 0x004: 'AVX registers'
[    2.192259] x86/fpu: Supporting XSAVE feature 0x200: 'Protection Keys User registers'
[    2.193301] x86/fpu: xstate_offset[2]:  576, xstate_sizes[2]:  256
[    2.194255] x86/fpu: xstate_offset[9]:  832, xstate_sizes[9]:    8
[    2.195252] x86/fpu: Enabled xstate features 0x207, context size is 840 bytes, using 'compacted' format.
[    2.278370] Freeing SMP alternatives memory: 64K
[    2.279264] pid_max: default: 32768 minimum: 301
[    2.280326] LSM: initializing lsm=capability,selinux
[    2.281337] SELinux:  Initializing.
[    2.283426] Mount-cache hash table entries: 8192 (order: 4, 65536 bytes, linear)
[    2.285500] Mountpoint-cache hash table entries: 8192 (order: 4, 65536 bytes, linear)
[    2.291247] smpboot: CPU0: 13th Gen Intel(R) Core(TM) i9-13900HX (family: 0x6, model: 0xb7, stepping: 0x1)
[    2.292620] Performance Events: Alderlake Hybrid events, core PMU driver.
[    2.294268] core: CPUID marked event: 'cpu cycles' unavailable
[    2.295301] core: CPUID marked event: 'instructions' unavailable
[    2.296301] core: CPUID marked event: 'bus cycles' unavailable
[    2.297265] core: CPUID marked event: 'cache references' unavailable
[    2.298299] core: CPUID marked event: 'cache misses' unavailable
[    2.299269] core: CPUID marked event: 'branch instructions' unavailable
[    2.300306] core: CPUID marked event: 'branch misses' unavailable
[    2.302212] core: The event 0x100 is not supported as a normal event.
[    2.302357] core: The event 0x300 is not supported as a normal event.
[    2.303302] core: The event 0x400 is not supported as a normal event.
[    2.304293] core: The event 0x8000 is not supported as a normal event.
[    2.305290] core: The event 0x8100 is not supported as a normal event.
[    2.306292] core: The event 0x8200 is not supported as a normal event.
[    2.307291] core: The event 0x8300 is not supported as a normal event.
[    2.308294] core: The event 0x8400 is not supported as a normal event.
[    2.309291] core: The event 0x8500 is not supported as a normal event.
[    2.310263] core: The event 0x8600 is not supported as a normal event.
[    2.311294] core: The event 0x8700 is not supported as a normal event.
[    2.312828] core: cpu_core PMU driver: 
[    2.313264] ... version:                   1
[    2.314247] ... bit width:                 48
[    2.314262] ... generic counters:          6
[    2.315289] ... generic bitmap:            000000000000003f
[    2.316289] ... fixed-purpose counters:    0
[    2.317288] ... fixed-purpose bitmap:      0000000000000000
[    2.318288] ... value mask:                0000ffffffffffff
[    2.319290] ... max period:                000000007fffffff
[    2.320289] ... global_ctrl mask:          000100000000003f
[    2.322085] signal: max sigframe size: 3632
[    2.322462] rcu: Hierarchical SRCU implementation.
[    2.323291] rcu: 	Max phase no-delay instances is 400.
[    2.324931] Timer migration: 1 hierarchy levels; 8 children per group; 1 crossnode level
[    2.327247] corten: page descriptors enabled
[    2.328345] smp: Bringing up secondary CPUs ...
[    2.330247] smpboot: x86: Booting SMP configuration:
[    2.330303] .... node  #0, CPUs:      #1 #2 #3 #4 #5 #6 #7
[    2.386247] smp: Brought up 1 node, 8 CPUs
[    2.387213] smpboot: Total of 8 processors activated (38707.13 BogoMIPS)
[    2.390853] Memory: 3926872K/4193772K available (21754K kernel code, 3205K rwdata, 9204K rodata, 3288K init, 1128K bss, 261316K reserved, 0K cma-reserved)
[    2.392258] devtmpfs: initialized
[    2.394273] clocksource: jiffies: mask: 0xffffffff max_cycles: 0xffffffff, max_idle_ns: 1911260446275000 ns
[    2.395265] posixtimers hash table entries: 4096 (order: 4, 65536 bytes, linear)
[    2.396416] futex hash table entries: 2048 (131072 bytes on 1 NUMA nodes, total 128 KiB, linear).
[    2.397469] PM: RTC time: 16:06:39, date: 2026-10-07
[    2.405459] NET: Registered PF_NETLINK/PF_ROUTE protocol family
[    2.406833] audit: initializing netlink subsys (disabled)
[    2.408300] audit: type=2000 audit(1791389199.284:1): state=initialized audit_enabled=0 res=1
[    2.408786] thermal_sys: Registered thermal governor 'step_wise'
[    2.409463] cpuidle: using governor menu
[    2.413247] PCI: Using configuration type 1 for base access
[    2.414656] kprobes: kprobe jump-optimization is enabled. All kprobes are optimized if possible.
[    2.418110] HugeTLB: registered 2.00 MiB page size, pre-allocated 0 pages
[    2.418297] HugeTLB: 28 KiB vmemmap can be freed for a 2.00 MiB page
[    2.452036] ACPI: Added _OSI(Module Device)
[    2.452294] ACPI: Added _OSI(Processor Device)
[    2.453292] ACPI: Added _OSI(Processor Aggregator Device)
[    2.456247] ACPI: 1 ACPI AML tables successfully acquired and loaded
[    2.466659] ACPI: Interpreter enabled
[    2.467456] ACPI: PM: (supports S0 S3 S4 S5)
[    2.468299] ACPI: Using IOAPIC for interrupt routing
[    2.469432] PCI: Using host bridge windows from ACPI; if necessary, use "pci=nocrs" and report a bug
[    2.470292] PCI: Using E820 reservations for host bridge windows
[    2.471610] ACPI: Enabled 2 GPEs in block 00 to 0F
[    2.479247] ACPI: PCI Root Bridge [PCI0] (domain 0000 [bus 00-ff])
[    2.479311] acpi PNP0A03:00: _OSC: OS supports [ASPM ClockPM Segments MSI HPX-Type3]
[    2.480299] acpi PNP0A03:00: _OSC: not requesting OS control; OS requires [ExtendedConfig ASPM ClockPM MSI]
[    2.481323] acpi PNP0A03:00: fail to add MMCONFIG information, can't access extended configuration space under this bridge
[    2.482655] PCI host bridge to bus 0000:00
[    2.483303] pci_bus 0000:00: root bus resource [io  0x0000-0x0cf7 window]
[    2.484265] pci_bus 0000:00: root bus resource [io  0x0d00-0xffff window]
[    2.485290] pci_bus 0000:00: root bus resource [mem 0x000a0000-0x000bffff window]
[    2.486299] pci_bus 0000:00: root bus resource [mem 0xc0000000-0xfebfffff window]
[    2.487264] pci_bus 0000:00: root bus resource [mem 0x140000000-0x1bfffffff window]
[    2.488300] pci_bus 0000:00: root bus resource [bus 00-ff]
[    2.489587] pci 0000:00:00.0: [8086:1237] type 00 class 0x060000 conventional PCI endpoint
[    2.493146] pci 0000:00:01.0: [8086:7000] type 00 class 0x060100 conventional PCI endpoint
[    2.495479] pci 0000:00:01.1: [8086:7010] type 00 class 0x010180 conventional PCI endpoint
[    2.498974] pci 0000:00:01.1: BAR 4 [io  0xc0a0-0xc0af]
[    2.499677] pci 0000:00:01.1: BAR 0 [io  0x01f0-0x01f7]: legacy IDE quirk
[    2.500265] pci 0000:00:01.1: BAR 1 [io  0x03f6]: legacy IDE quirk
[    2.501298] pci 0000:00:01.1: BAR 2 [io  0x0170-0x0177]: legacy IDE quirk
[    2.502304] pci 0000:00:01.1: BAR 3 [io  0x0376]: legacy IDE quirk
[    2.503736] pci 0000:00:01.3: [8086:7113] type 00 class 0x068000 conventional PCI endpoint
[    2.507247] pci 0000:00:01.3: quirk: [io  0x0600-0x063f] claimed by PIIX4 ACPI
[    2.507326] pci 0000:00:01.3: quirk: [io  0x0700-0x070f] claimed by PIIX4 SMB
[    2.509638] pci 0000:00:02.0: [1234:1111] type 00 class 0x030000 conventional PCI endpoint
[    2.513597] pci 0000:00:02.0: BAR 0 [mem 0xfd000000-0xfdffffff pref]
[    2.514340] pci 0000:00:02.0: BAR 2 [mem 0xfeb90000-0xfeb90fff]
[    2.515623] pci 0000:00:02.0: ROM [mem 0xfeb80000-0xfeb8ffff pref]
[    2.520247] pci 0000:00:02.0: Video device with shadowed ROM at [mem 0x000c0000-0x000dffff]
[    2.535228] pci 0000:00:03.0: [1af4:1000] type 00 class 0x020000 conventional PCI endpoint
[    2.538247] pci 0000:00:03.0: BAR 0 [io  0xc080-0xc09f]
[    2.539377] pci 0000:00:03.0: BAR 1 [mem 0xfeb91000-0xfeb91fff]
[    2.540631] pci 0000:00:03.0: BAR 4 [mem 0xfe000000-0xfe003fff 64bit pref]
[    2.541290] pci 0000:00:03.0: ROM [mem 0xfeb00000-0xfeb7ffff pref]
[    2.546759] pci 0000:00:04.0: [1af4:1001] type 00 class 0x010000 conventional PCI endpoint
[    2.550385] pci 0000:00:04.0: BAR 0 [io  0xc000-0xc07f]
[    2.551318] pci 0000:00:04.0: BAR 1 [mem 0xfeb92000-0xfeb92fff]
[    2.552442] pci 0000:00:04.0: BAR 4 [mem 0xfe004000-0xfe007fff 64bit pref]
[    2.567129] ACPI: PCI: Interrupt link LNKA configured for IRQ 10
[    2.568055] ACPI: PCI: Interrupt link LNKB configured for IRQ 10
[    2.568516] ACPI: PCI: Interrupt link LNKC configured for IRQ 11
[    2.570119] ACPI: PCI: Interrupt link LNKD configured for IRQ 11
[    2.570563] ACPI: PCI: Interrupt link LNKS configured for IRQ 9
[    2.581742] iommu: Default domain type: Translated
[    2.582296] iommu: DMA domain TLB invalidation policy: lazy mode
[    2.619866] SCSI subsystem initialized
[    2.622451] ACPI: bus type USB registered
[    2.623808] usbcore: registered new interface driver usbfs
[    2.624453] usbcore: registered new interface driver hub
[    2.625498] usbcore: registered new device driver usb
[    2.626585] pps_core: LinuxPPS API ver. 1 registered
[    2.627304] pps_core: Software ver. 5.3.6 - Copyright 2005-2007 Rodolfo Giometti <giometti@linux.it>
[    2.628290] PTP clock support registered
[    2.632019] Advanced Linux Sound Architecture Driver Initialized.
[    2.643344] NetLabel: Initializing
[    2.644296] NetLabel:  domain hash size = 128
[    2.645303] NetLabel:  protocols = UNLABELED CIPSOv4 CALIPSO
[    2.647105] NetLabel:  unlabeled traffic allowed by default
[    2.650476] PCI: Using ACPI for IRQ routing
[    2.653364] pci 0000:00:02.0: vgaarb: setting as boot VGA device
[    2.654247] pci 0000:00:02.0: vgaarb: bridge control possible
[    2.654247] pci 0000:00:02.0: vgaarb: VGA device added: decodes=io+mem,owns=io+mem,locks=none
[    2.654360] vgaarb: loaded
[    2.657800] hpet0: at MMIO 0xfed00000, IRQs 2, 8, 0
[    2.658291] hpet0: 3 comparators, 64-bit 100.000000 MHz counter
[    2.664212] clocksource: Switched to clocksource kvm-clock
[    2.675313] VFS: Disk quotas dquot_6.6.0
[    2.680222] VFS: Dquot-cache hash table entries: 512 (order 0, 4096 bytes)
[    2.692091] pnp: PnP ACPI init
[    2.694878] pnp: PnP ACPI: found 6 devices
[    2.745065] clocksource: acpi_pm: mask: 0xffffff max_cycles: 0xffffff, max_idle_ns: 2085701024 ns
[    2.755226] NET: Registered PF_INET protocol family
[    2.787298] IP idents hash table entries: 65536 (order: 7, 524288 bytes, linear)
[    2.803150] tcp_listen_portaddr_hash hash table entries: 2048 (order: 3, 32768 bytes, linear)
[    2.811387] Table-perturb hash table entries: 65536 (order: 6, 262144 bytes, linear)
[    2.817290] TCP established hash table entries: 32768 (order: 6, 262144 bytes, linear)
[    2.823863] TCP bind hash table entries: 32768 (order: 8, 1048576 bytes, linear)
[    2.858293] TCP: Hash tables configured (established 32768 bind 32768)
[    2.865032] UDP hash table entries: 2048 (order: 5, 131072 bytes, linear)
[    2.871327] UDP-Lite hash table entries: 2048 (order: 5, 131072 bytes, linear)
[    2.878999] NET: Registered PF_UNIX/PF_LOCAL protocol family
[    2.888441] RPC: Registered named UNIX socket transport module.
[    2.893469] RPC: Registered udp transport module.
[    2.898187] RPC: Registered tcp transport module.
[    2.902173] RPC: Registered tcp-with-tls transport module.
[    2.908457] RPC: Registered tcp NFSv4.1 backchannel transport module.
[    2.919422] pci_bus 0000:00: resource 4 [io  0x0000-0x0cf7 window]
[    2.923955] pci_bus 0000:00: resource 5 [io  0x0d00-0xffff window]
[    2.929778] pci_bus 0000:00: resource 6 [mem 0x000a0000-0x000bffff window]
[    2.937897] pci_bus 0000:00: resource 7 [mem 0xc0000000-0xfebfffff window]
[    2.944557] pci_bus 0000:00: resource 8 [mem 0x140000000-0x1bfffffff window]
[    2.953638] pci 0000:00:01.0: PIIX3: Enabling Passive Release
[    2.959076] pci 0000:00:00.0: Limiting direct PCI/PCI transfers
[    2.965304] PCI: CLS 0 bytes, default 64
[    2.969732] PCI-DMA: Using software bounce buffering for IO (SWIOTLB)
[    2.975578] software IO TLB: mapped [mem 0x00000000bbfdd000-0x00000000bffdd000] (64MB)
[    2.981977] RAPL PMU: API unit is 2^-32 Joules, 0 fixed counters, 10737418240 ms ovfl timer
[    2.990389] clocksource: tsc: mask: 0xffffffffffffffff max_cycles: 0x22df0d21928, max_idle_ns: 440795225288 ns
[    3.053558] Initialise system trusted keyrings
[    3.059708] workingset: timestamp_bits=40 max_order=20 bucket_order=0
[    3.087657] NFS: Registering the id_resolver key type
[    3.091864] Key type id_resolver registered
[    3.094959] Key type id_legacy registered
[    3.098670] 9p: Installing v9fs 9p2000 file system support
[    3.170702] Key type asymmetric registered
[    3.172479] Asymmetric key parser 'x509' registered
[    3.178057] Block layer SCSI generic (bsg) driver version 0.4 loaded (major 251)
[    3.188097] io scheduler mq-deadline registered
[    3.193020] io scheduler kyber registered
[    3.201932] input: Power Button as /devices/LNXSYSTM:00/LNXPWRBN:00/input/input0
[    3.210232] ACPI: button: Power Button [PWRF]
[    3.258452] ACPI: \_SB_.LNKC: Enabled at IRQ 11
[    3.310291] ACPI: \_SB_.LNKD: Enabled at IRQ 10
[    3.326454] Serial: 8250/16550 driver, 4 ports, IRQ sharing enabled
[    3.329055] 00:04: ttyS0 at I/O 0x3f8 (irq = 4, base_baud = 115200) is a 16550A
[    3.342102] Non-volatile memory driver v1.3
[    3.343242] Linux agpgart interface v0.103
[    3.521628] ACPI: bus type drm_connector registered
[    3.638631] loop: module loaded
[    3.644851] virtio_blk virtio1: 8/0/0 default/read/poll queues
[    3.692646] virtio_blk virtio1: [vda] 20971520 512-byte logical blocks (10.7 GB/10.0 GiB)
[    3.713761] zram: Added device: zram0
[    3.755403] scsi host0: ata_piix
[    3.762471] scsi host1: ata_piix
[    3.766937] ata1: PATA max MWDMA2 cmd 0x1f0 ctl 0x3f6 bmdma 0xc0a0 irq 14 lpm-pol 0
[    3.774355] ata2: PATA max MWDMA2 cmd 0x170 ctl 0x376 bmdma 0xc0a8 irq 15 lpm-pol 0
[    3.785128] tun: Universal TUN/TAP device driver, 1.6
[    3.801288] e100: Intel(R) PRO/100 Network Driver
[    3.805629] e100: Copyright(c) 1999-2006 Intel Corporation
[    3.811219] e1000: Intel(R) PRO/1000 Network Driver
[    3.816689] e1000: Copyright (c) 1999-2006 Intel Corporation.
[    3.822743] e1000e: Intel(R) PRO/1000 Network Driver
[    3.826878] e1000e: Copyright(c) 1999 - 2015 Intel Corporation.
[    3.832149] sky2: driver version 1.30
[    3.839198] usbcore: registered new interface driver usblp
[    3.840588] usbcore: registered new interface driver usb-storage
[    3.846668] i8042: PNP: PS/2 Controller [PNP0303:KBD,PNP0f13:MOU] at 0x60,0x64 irq 1,12
[    3.862160] serio: i8042 KBD port at 0x60,0x64 irq 1
[    3.867407] serio: i8042 AUX port at 0x60,0x64 irq 12
[    3.875372] rtc_cmos 00:05: RTC can wake from S4
[    3.885739] input: AT Translated Set 2 keyboard as /devices/platform/i8042/serio0/input/input1
[    3.897369] rtc_cmos 00:05: registered as rtc0
[    3.900622] rtc_cmos 00:05: alarms up to one day, y3k, 242 bytes nvram, hpet irqs
[    3.908856] device-mapper: ioctl: 4.50.0-ioctl (2025-04-28) initialised: dm-devel@lists.linux.dev
[    3.946005] ata2: found unknown device (class 0)
[    3.950305] intel_pstate: CPU model not supported
[    3.957635] ata2.00: ATAPI: QEMU DVD-ROM, 2.5+, max UDMA/100
[    3.958595] hid: raw HID events driver (C) Jiri Kosina
[    3.971434] usbcore: registered new interface driver usbhid
[    3.977135] usbhid: USB HID core driver
[    3.977290] scsi 1:0:0:0: CD-ROM            QEMU     QEMU DVD-ROM     2.5+ PQ: 0 ANSI: 5
[    3.987547] xt_time: kernel timezone is -0000
[    3.993189] Initializing XFRM netlink socket
[    3.994683] NET: Registered PF_INET6 protocol family
[    4.006495] Segment Routing with IPv6
[    4.010471] In-situ OAM (IOAM) with IPv6
[    4.017054] sit: IPv6, IPv4 and MPLS over IPv4 tunneling driver
[    4.024613] NET: Registered PF_PACKET protocol family
[    4.027132] NET: Registered PF_KEY protocol family
[    4.029493] sr 1:0:0:0: [sr0] scsi3-mmc drive: 4x/4x cd/rw xa/form2 tray
[    4.031075] 9pnet: Installing 9P2000 support
[    4.038375] cdrom: Uniform CD-ROM driver Revision: 3.20
[    4.042674] Key type dns_resolver registered
[    4.055740] NET: Registered PF_VSOCK protocol family
[    4.063323] IPI shorthand broadcast: enabled
[    4.071615] sr 1:0:0:0: Attached scsi generic sg0 type 5
[    4.098798] sched_clock: Marking stable (3363701466, 734773092)->(5065832921, -967358363)
[    4.112366] registered taskstats version 1
[    4.117320] Loading compiled-in X.509 certificates
[    4.126518] Demotion targets for Node 0: null
[    4.131694] Key type .fscrypt registered
[    4.135889] Key type fscrypt-provisioning registered
[    4.142447] PM:   Magic number: 14:312:135
[    4.147469] netconsole: network logging started
[    4.152403] cfg80211: Loading compiled-in X.509 certificates for regulatory database
[    4.164168] kworker/u32:1 (98) used greatest stack depth: 13936 bytes left
[    4.166953] Loaded X.509 cert 'sforshee: 00b28ddf47aef9cea7'
[    4.177518] Loaded X.509 cert 'wens: 61c038651aabdcf94bd0ac7ff06c7248db18c600'
[    4.181228] faux_driver regulatory: Direct firmware load for regulatory.db failed with error -2
[    4.183264] ALSA device list:
[    4.188077] cfg80211: failed to load regulatory.db
[    4.190978]   No soundcards found.
[    4.197421] kunit: disabled
[    4.205376] check access for rdinit=/init failed: -2, ignoring
[    4.341617] input: ImExPS/2 Generic Explorer Mouse as /devices/platform/i8042/serio1/input/input3
[    4.349597] md: Waiting for all devices to be available before autodetect
[    4.350784] md: If you don't use raid, use raid=noautodetect
[    4.353178] md: Autodetecting RAID arrays.
[    4.355565] md: autorun ...
[    4.357619] md: ... autorun DONE.
[    4.460083] EXT4-fs (vda): recovery complete
[    4.465694] EXT4-fs (vda): mounted filesystem 56b1695a-8891-40bd-bc42-c7c8a70fe76d r/w with ordered data mode. Quota mode: none.
[    4.474294] VFS: Mounted root (ext4 filesystem) on device 253:0.
[    4.482032] devtmpfs: mounted
[    4.505464] Freeing unused kernel image (initmem) memory: 3288K
[    4.511079] Write protecting the kernel read-only data: 32768k
[    4.531375] Freeing unused kernel image (text/rodata gap) memory: 772K
[    4.540375] Freeing unused kernel image (rodata/data gap) memory: 1036K
[    4.569406] x86/mm: Checked W+X mappings: passed, no W+X pages found.
[    4.574510] Run /sbin/init as init process
[    4.622875] corten-dbg: bss DECLARE ok [100000037000,100000038000) prot=3
[    4.628628] corten-dbg: FRESH-gate ACCERR write=1 gate.perm=9 m.perm=9 ar.prot=b ar.rclass=0 addr=100000037000
[    4.633624] corten-dbg: fast ACCERR addr=100000037000 ar=[100000037000,100000038000) st=2
[    4.639469] Kernel panic - not syncing: Attempted to kill init! exitcode=0x0000000b
[    4.643081] CPU: 5 UID: 0 PID: 1 Comm: init Not tainted 6.18.32-g2d3febc401e1-dirty #14 PREEMPT(voluntary) 
[    4.647587] Hardware name: QEMU Standard PC (i440FX + PIIX, 1996), BIOS 1.15.0-1 04/01/2014
[    4.651564] Call Trace:
[    4.653643]  <TASK>
[    4.655444]  vpanic+0x34f/0x360
[    4.658032]  panic+0x56/0x60
[    4.658857]  ? sched_mm_cid_before_execve+0xbc/0xe0
[    4.661283]  do_exit+0x991/0xb60
[    4.663663]  ? complete_signal+0x114/0x300
[    4.666753]  do_group_exit+0x2b/0x80
[    4.669219]  get_signal+0x975/0x980
[    4.671759]  arch_do_signal_or_restart+0x28/0x200
[    4.675242]  ? do_user_addr_fault+0x331/0x890
[    4.678498]  irqentry_exit_to_user_mode+0x13c/0x1a0
[    4.682402]  asm_exc_page_fault+0x26/0x30
[    4.685567] RIP: 0033:0x10000001de6d
[    4.688162] Code: d6 66 48 0f 6e d8 66 0f 6c d3 48 89 e5 41 57 41 56 41 55 41 54 53 48 81 ec 88 00 00 00 48 89 bd 78 ff ff ff 0f 29 55 80 0f 31 <80> 25 82 95 01 00 df 48 8d 0d 65 92 01 00 41 b8 ff ff ff 6f 41 b9
[    4.698223] RSP: 002b:00007ffc641fcdd0 EFLAGS: 00010202
[    4.700922] RAX: 0000000027e8016c RBX: 0000000000000000 RCX: 0000000000000000
[    4.704986] RDX: 0000000000000004 RSI: 0000100000000000 RDI: 00007ffc641fce90
[    4.709335] RBP: 00007ffc641fce80 R08: 0000000000000000 R09: 0000000000000000
[    4.714203] R10: 0000000000000000 R11: 0000000000000000 R12: 0000000000000000
[    4.718012] R13: 0000000000000000 R14: 0000000000000000 R15: 0000000000000000
[    4.723067]  </TASK>
[    4.733179] Kernel Offset: 0x30c00000 from 0xffffffff81000000 (relocation range: 0xffffffff80000000-0xffffffffbfffffff)
[    4.738808] ---[ end Kernel panic - not syncing: Attempted to kill init! exitcode=0x0000000b ]---
