qemu-system-x86_64: warning: host doesn't support requested feature: CPUID.80000001H:ECX.svm [bit 2]
qemu-system-x86_64: warning: host doesn't support requested feature: CPUID.80000001H:ECX.svm [bit 2]
qemu-system-x86_64: warning: host doesn't support requested feature: CPUID.80000001H:ECX.svm [bit 2]
qemu-system-x86_64: warning: host doesn't support requested feature: CPUID.80000001H:ECX.svm [bit 2]
c[?7l[2J[0mSeaBIOS (version 1.15.0-1)


iPXE (https://ipxe.org) 00:03.0 CA00 PCI2.10 PnP PMM+7FF8B310+7FECB310 CA00
Press Ctrl-B to configure iPXE (PCI 00:03.0)...                                                                               


Booting from ROM...
c[?7l[2J[    0.000000] Linux version 6.18.32-g34f1ae661be3-dirty (ppw@vm) (gcc (Ubuntu 11.4.0-1ubuntu1~22.04.3) 11.4.0, GNU ld (GNU Binutils for Ubuntu) 2.38) #39 SMP PREEMPT_DYNAMIC Tue Sep 22 09:16:23 CST 2026
[    0.000000] Command line: console=ttyS0 panic=-1 kunit.filter_glob=corten* log_buf_len=16M corten=on
[    0.000000] x86/CPU: Model not found in latest microcode list
[    0.000000] BIOS-provided physical RAM map:
[    0.000000] BIOS-e820: [mem 0x0000000000000000-0x000000000009fbff] usable
[    0.000000] BIOS-e820: [mem 0x000000000009fc00-0x000000000009ffff] reserved
[    0.000000] BIOS-e820: [mem 0x00000000000f0000-0x00000000000fffff] reserved
[    0.000000] BIOS-e820: [mem 0x0000000000100000-0x000000007ffdffff] usable
[    0.000000] BIOS-e820: [mem 0x000000007ffe0000-0x000000007fffffff] reserved
[    0.000000] BIOS-e820: [mem 0x00000000feffc000-0x00000000feffffff] reserved
[    0.000000] BIOS-e820: [mem 0x00000000fffc0000-0x00000000ffffffff] reserved
[    0.000000] NX (Execute Disable) protection: active
[    0.000000] APIC: Static calls initialized
[    0.000000] SMBIOS 2.8 present.
[    0.000000] DMI: QEMU Standard PC (i440FX + PIIX, 1996), BIOS 1.15.0-1 04/01/2014
[    0.000000] DMI: Memory slots populated: 1/1
[    0.000000] Hypervisor detected: KVM
[    0.000000] last_pfn = 0x7ffe0 max_arch_pfn = 0x400000000
[    0.000000] kvm-clock: Using msrs 4b564d01 and 4b564d00
[    0.000006] kvm-clock: using sched offset of 3613883004 cycles
[    0.000010] clocksource: kvm-clock: mask: 0xffffffffffffffff max_cycles: 0x1cd42e4dffb, max_idle_ns: 881590591483 ns
[    0.000016] tsc: Detected 2419.196 MHz processor
[    0.005005] last_pfn = 0x7ffe0 max_arch_pfn = 0x400000000
[    0.005271] MTRR map: 4 entries (3 fixed + 1 variable; max 19), built from 8 variable MTRRs
[    0.005279] x86/PAT: Configuration [0-7]: WB  WC  UC- UC  WB  WP  UC- WT  
[    0.015215] found SMP MP-table at [mem 0x000f5ba0-0x000f5baf]
[    1.726365] printk: log buffer data + meta data: 16777216 + 58720256 = 75497472 bytes
[    1.726414] printk: early log buf free: 260224(99%)
[    1.726420] ACPI: Early table checksum verification disabled
[    1.726433] ACPI: RSDP 0x00000000000F59E0 000014 (v00 BOCHS )
[    1.726624] ACPI: RSDT 0x000000007FFE1A1C 000034 (v01 BOCHS  BXPC     00000001 BXPC 00000001)
[    1.726639] ACPI: FACP 0x000000007FFE18B8 000074 (v01 BOCHS  BXPC     00000001 BXPC 00000001)
[    1.726808] ACPI: DSDT 0x000000007FFE0040 001878 (v01 BOCHS  BXPC     00000001 BXPC 00000001)
[    1.726816] ACPI: FACS 0x000000007FFE0000 000040
[    1.726818] ACPI: APIC 0x000000007FFE192C 000090 (v01 BOCHS  BXPC     00000001 BXPC 00000001)
[    1.726820] ACPI: HPET 0x000000007FFE19BC 000038 (v01 BOCHS  BXPC     00000001 BXPC 00000001)
[    1.726822] ACPI: WAET 0x000000007FFE19F4 000028 (v01 BOCHS  BXPC     00000001 BXPC 00000001)
[    1.726824] ACPI: Reserving FACP table memory at [mem 0x7ffe18b8-0x7ffe192b]
[    1.726826] ACPI: Reserving DSDT table memory at [mem 0x7ffe0040-0x7ffe18b7]
[    1.726827] ACPI: Reserving FACS table memory at [mem 0x7ffe0000-0x7ffe003f]
[    1.726827] ACPI: Reserving APIC table memory at [mem 0x7ffe192c-0x7ffe19bb]
[    1.726828] ACPI: Reserving HPET table memory at [mem 0x7ffe19bc-0x7ffe19f3]
[    1.726828] ACPI: Reserving WAET table memory at [mem 0x7ffe19f4-0x7ffe1a1b]
[    1.730254] No NUMA configuration found
[    1.730259] Faking a node at [mem 0x0000000000000000-0x000000007ffdffff]
[    1.730270] NODE_DATA(0) allocated [mem 0x7b7dc140-0x7b7dffff]
[    1.731622] Zone ranges:
[    1.731625]   DMA      [mem 0x0000000000001000-0x0000000000ffffff]
[    1.731632]   DMA32    [mem 0x0000000001000000-0x000000007ffdffff]
[    1.731636]   Normal   empty
[    1.731638] Movable zone start for each node
[    1.731640] Early memory node ranges
[    1.731641]   node   0: [mem 0x0000000000001000-0x000000000009efff]
[    1.731644]   node   0: [mem 0x0000000000100000-0x000000007ffdffff]
[    1.731648] Initmem setup node 0 [mem 0x0000000000001000-0x000000007ffdffff]
[    1.732796] On node 0, zone DMA: 1 pages in unavailable ranges
[    1.739447] On node 0, zone DMA: 97 pages in unavailable ranges
[    2.590008] On node 0, zone DMA32: 32 pages in unavailable ranges
[    2.593257] ACPI: PM-Timer IO Port: 0x608
[    2.593538] ACPI: LAPIC_NMI (acpi_id[0xff] dfl dfl lint[0x1])
[    2.594802] IOAPIC[0]: apic_id 0, version 17, address 0xfec00000, GSI 0-23
[    2.594814] ACPI: INT_SRC_OVR (bus 0 bus_irq 0 global_irq 2 dfl dfl)
[    2.594915] ACPI: INT_SRC_OVR (bus 0 bus_irq 5 global_irq 5 high level)
[    2.594919] ACPI: INT_SRC_OVR (bus 0 bus_irq 9 global_irq 9 high level)
[    2.594922] ACPI: INT_SRC_OVR (bus 0 bus_irq 10 global_irq 10 high level)
[    2.594924] ACPI: INT_SRC_OVR (bus 0 bus_irq 11 global_irq 11 high level)
[    2.594933] ACPI: Using ACPI (MADT) for SMP configuration information
[    2.594936] ACPI: HPET id: 0x8086a201 base: 0xfed00000
[    2.595414] CPU topo: Max. logical packages:   1
[    2.595416] CPU topo: Max. logical dies:       1
[    2.595418] CPU topo: Max. dies per package:   1
[    2.595427] CPU topo: Max. threads per core:   1
[    2.595429] CPU topo: Num. cores per package:     4
[    2.595430] CPU topo: Num. threads per package:   4
[    2.595431] CPU topo: Allowing 4 present CPUs plus 0 hotplug CPUs
[    2.596053] kvm-guest: APIC: eoi() replaced with kvm_guest_apic_eoi_write()
[    2.596865] PM: hibernation: Registered nosave memory: [mem 0x00000000-0x00000fff]
[    2.596867] PM: hibernation: Registered nosave memory: [mem 0x0009f000-0x000fffff]
[    2.596868] [mem 0x80000000-0xfeffbfff] available for PCI devices
[    2.596929] Booting paravirtualized kernel on KVM
[    2.597099] clocksource: refined-jiffies: mask: 0xffffffff max_cycles: 0xffffffff, max_idle_ns: 1910969940391419 ns
[    2.625143] setup_percpu: NR_CPUS:64 nr_cpumask_bits:4 nr_cpu_ids:4 nr_node_ids:1
[    2.685270] percpu: Embedded 54 pages/cpu s182680 r8192 d30312 u524288
[    2.685802] Kernel command line: console=ttyS0 panic=-1 kunit.filter_glob=corten* log_buf_len=16M corten=on
[    2.687129] corten: requested on, activating at initcall time
[    2.736788] Dentry cache hash table entries: 262144 (order: 9, 2097152 bytes, linear)
[    2.757858] Inode-cache hash table entries: 131072 (order: 8, 1048576 bytes, linear)
[    2.760193] Fallback order for Node 0: 0 
[    2.760273] Built 1 zonelists, mobility grouping on.  Total pages: 524158
[    2.760277] Policy zone: DMA32
[    2.760282] mem auto-init: stack:off, heap alloc:off, heap free:off
[    2.828557] SLUB: HWalign=64, Order=0-3, MinObjects=0, CPUs=4, Nodes=1
[    2.828735] Kernel/User page tables isolation: enabled
[    2.838260] Dynamic Preempt: voluntary
[    2.840747] rcu: Preemptible hierarchical RCU implementation.
[    2.840751] rcu: 	RCU event tracing is enabled.
[    2.840753] rcu: 	RCU restricting CPUs from NR_CPUS=64 to nr_cpu_ids=4.
[    2.840757] 	Trampoline variant of Tasks RCU enabled.
[    2.840758] 	Tracing variant of Tasks RCU enabled.
[    2.840759] rcu: RCU calculated value of scheduler-enlistment delay is 100 jiffies.
[    2.840761] rcu: Adjusting geometry for rcu_fanout_leaf=16, nr_cpu_ids=4
[    2.840784] RCU Tasks: Setting shift to 2 and lim to 1 rcu_task_cb_adjust=1 rcu_task_cpu_ids=4.
[    2.840789] RCU Tasks Trace: Setting shift to 2 and lim to 1 rcu_task_cb_adjust=1 rcu_task_cpu_ids=4.
[    2.863804] NR_IRQS: 4352, nr_irqs: 456, preallocated irqs: 16
[    2.866735] rcu: srcu_init: Setting srcu_struct sizes based on contention.
[    2.941756] Console: colour VGA+ 80x25
[    2.942180] printk: legacy console [ttyS0] enabled
[    3.523988] ACPI: Core revision 20250807
[    3.530309] clocksource: hpet: mask: 0xffffffff max_cycles: 0xffffffff, max_idle_ns: 19112604467 ns
[    3.539222] APIC: Switch to symmetric I/O mode setup
[    3.542804] x2apic enabled
[    3.547191] APIC: Switched APIC routing to: physical x2apic
[    3.569004] ..TIMER: vector=0x30 apic1=0 pin1=2 apic2=-1 pin2=-1
[    3.575014] clocksource: tsc-early: mask: 0xffffffffffffffff max_cycles: 0x22df0d21928, max_idle_ns: 440795225288 ns
[    3.583827] Calibrating delay loop (skipped) preset value.. 4838.39 BogoMIPS (lpj=2419196)
[    3.585815] Last level iTLB entries: 4KB 0, 2MB 0, 4MB 0
[    3.585815] Last level dTLB entries: 4KB 0, 2MB 0, 4MB 0, 1GB 0
[    3.585815] mitigations: Enabled attack vectors: user_kernel, user_user, SMT mitigations: auto
[    3.585834] Speculative Store Bypass: Vulnerable
[    3.586824] Spectre V2 : Mitigation: Retpolines
[    3.587815] ITS: Mitigation: Aligned branch/return thunks
[    3.587833] MDS: Vulnerable: Clear CPU buffers attempted, no microcode
[    3.588815] Spectre V1 : Mitigation: usercopy/swapgs barriers and __user pointer sanitization
[    3.588826] Spectre V2 : Spectre v2 / SpectreRSB: Filling RSB on context switch and VMEXIT
[    3.589815] active return thunk: its_return_thunk
[    3.589815] x86/fpu: x87 FPU will use FXSAVE
[    3.595815] Freeing SMP alternatives memory: 64K
[    3.595815] pid_max: default: 32768 minimum: 301
[    3.596239] LSM: initializing lsm=capability,selinux
[    3.596815] SELinux:  Initializing.
[    3.596815] Mount-cache hash table entries: 4096 (order: 3, 32768 bytes, linear)
[    3.596940] Mountpoint-cache hash table entries: 4096 (order: 3, 32768 bytes, linear)
[    3.614815] smpboot: CPU0: Intel QEMU Virtual CPU version 2.5+ (family: 0xf, model: 0x6b, stepping: 0x1)
[    3.621930] Performance Events: unsupported Netburst CPU model 107 no PMU driver, software events only.
[    3.623141] signal: max sigframe size: 1440
[    3.625499] rcu: Hierarchical SRCU implementation.
[    3.625818] rcu: 	Max phase no-delay instances is 400.
[    3.630474] Timer migration: 1 hierarchy levels; 8 children per group; 1 crossnode level
[    3.640815] corten: page descriptors enabled
[    3.647211] smp: Bringing up secondary CPUs ...
[    3.655294] smpboot: x86: Booting SMP configuration:
[    3.655829] .... node  #0, CPUs:      #1 #2 #3
[    3.673774] smp: Brought up 1 node, 4 CPUs
[    3.674819] smpboot: Total of 4 processors activated (19353.56 BogoMIPS)
[    3.680022] Memory: 1933200K/2096632K available (21422K kernel code, 3198K rwdata, 8952K rodata, 3260K init, 1200K bss, 158268K reserved, 0K cma-reserved)
[    3.684820] devtmpfs: initialized
[    3.694914] clocksource: jiffies: mask: 0xffffffff max_cycles: 0xffffffff, max_idle_ns: 1911260446275000 ns
[    3.695846] posixtimers hash table entries: 2048 (order: 3, 32768 bytes, linear)
[    3.700309] futex hash table entries: 1024 (65536 bytes on 1 NUMA nodes, total 64 KiB, linear).
[    3.702319] PM: RTC time: 01:18:22, date: 2026-09-22
[    3.762368] NET: Registered PF_NETLINK/PF_ROUTE protocol family
[    3.765633] audit: initializing netlink subsys (disabled)
[    3.768061] audit: type=2000 audit(1790039902.153:1): state=initialized audit_enabled=0 res=1
[    3.771013] thermal_sys: Registered thermal governor 'step_wise'
[    3.772828] cpuidle: using governor menu
[    3.776754] PCI: Using configuration type 1 for base access
[    3.779353] kprobes: kprobe jump-optimization is enabled. All kprobes are optimized if possible.
[    3.786639] HugeTLB: registered 2.00 MiB page size, pre-allocated 0 pages
[    3.789823] HugeTLB: 28 KiB vmemmap can be freed for a 2.00 MiB page
[    3.797308] ACPI: Added _OSI(Module Device)
[    3.799830] ACPI: Added _OSI(Processor Device)
[    3.800826] ACPI: Added _OSI(Processor Aggregator Device)
[    3.806602] ACPI: 1 ACPI AML tables successfully acquired and loaded
[    3.820441] ACPI: Interpreter enabled
[    3.823084] ACPI: PM: (supports S0 S3 S4 S5)
[    3.825823] ACPI: Using IOAPIC for interrupt routing
[    3.831819] PCI: Using host bridge windows from ACPI; if necessary, use "pci=nocrs" and report a bug
[    3.836827] PCI: Using E820 reservations for host bridge windows
[    3.841985] ACPI: Enabled 2 GPEs in block 00 to 0F
[    3.857518] ACPI: PCI Root Bridge [PCI0] (domain 0000 [bus 00-ff])
[    3.859840] acpi PNP0A03:00: _OSC: OS supports [ASPM ClockPM Segments MSI HPX-Type3]
[    3.862834] acpi PNP0A03:00: _OSC: not requesting OS control; OS requires [ExtendedConfig ASPM ClockPM MSI]
[    3.866871] acpi PNP0A03:00: fail to add MMCONFIG information, can't access extended configuration space under this bridge
[    3.872046] PCI host bridge to bus 0000:00
[    3.872815] pci_bus 0000:00: root bus resource [io  0x0000-0x0cf7 window]
[    3.874829] pci_bus 0000:00: root bus resource [io  0x0d00-0xffff window]
[    3.878827] pci_bus 0000:00: root bus resource [mem 0x000a0000-0x000bffff window]
[    3.883830] pci_bus 0000:00: root bus resource [mem 0x80000000-0xfebfffff window]
[    3.886826] pci_bus 0000:00: root bus resource [mem 0x100000000-0x17fffffff window]
[    3.889825] pci_bus 0000:00: root bus resource [bus 00-ff]
[    3.890921] pci 0000:00:00.0: [8086:1237] type 00 class 0x060000 conventional PCI endpoint
[    3.897526] pci 0000:00:01.0: [8086:7000] type 00 class 0x060100 conventional PCI endpoint
[    3.905815] pci 0000:00:01.1: [8086:7010] type 00 class 0x010180 conventional PCI endpoint
[    3.910815] pci 0000:00:01.1: BAR 4 [io  0xc040-0xc04f]
[    3.913149] pci 0000:00:01.1: BAR 0 [io  0x01f0-0x01f7]: legacy IDE quirk
[    3.916828] pci 0000:00:01.1: BAR 1 [io  0x03f6]: legacy IDE quirk
[    3.919825] pci 0000:00:01.1: BAR 2 [io  0x0170-0x0177]: legacy IDE quirk
[    3.922826] pci 0000:00:01.1: BAR 3 [io  0x0376]: legacy IDE quirk
[    3.926855] pci 0000:00:01.3: [8086:7113] type 00 class 0x068000 conventional PCI endpoint
[    3.933815] pci 0000:00:01.3: quirk: [io  0x0600-0x063f] claimed by PIIX4 ACPI
[    3.936897] pci 0000:00:01.3: quirk: [io  0x0700-0x070f] claimed by PIIX4 SMB
[    3.940358] pci 0000:00:02.0: [1234:1111] type 00 class 0x030000 conventional PCI endpoint
[    4.060983] pci 0000:00:02.0: BAR 0 [mem 0xfd000000-0xfdffffff pref]
[    4.062906] pci 0000:00:02.0: BAR 2 [mem 0xfebb0000-0xfebb0fff]
[    4.062952] pci 0000:00:02.0: ROM [mem 0xfeba0000-0xfebaffff pref]
[    4.068088] pci 0000:00:02.0: Video device with shadowed ROM at [mem 0x000c0000-0x000dffff]
[    4.075270] pci 0000:00:03.0: [8086:100e] type 00 class 0x020000 conventional PCI endpoint
[    4.075912] pci 0000:00:03.0: BAR 0 [mem 0xfeb80000-0xfeb9ffff]
[    4.075912] pci 0000:00:03.0: BAR 1 [io  0xc000-0xc03f]
[    4.076135] pci 0000:00:03.0: ROM [mem 0xfeb00000-0xfeb7ffff pref]
[    4.082685] ACPI: PCI: Interrupt link LNKA configured for IRQ 10
[    4.083384] ACPI: PCI: Interrupt link LNKB configured for IRQ 10
[    4.083384] ACPI: PCI: Interrupt link LNKC configured for IRQ 11
[    4.083384] ACPI: PCI: Interrupt link LNKD configured for IRQ 11
[    4.085904] ACPI: PCI: Interrupt link LNKS configured for IRQ 9
[    4.092031] iommu: Default domain type: Translated
[    4.092031] iommu: DMA domain TLB invalidation policy: lazy mode
[    4.096945] SCSI subsystem initialized
[    4.100819] ACPI: bus type USB registered
[    4.100824] usbcore: registered new interface driver usbfs
[    4.100865] usbcore: registered new interface driver hub
[    4.101874] usbcore: registered new device driver usb
[    4.102423] pps_core: LinuxPPS API ver. 1 registered
[    4.102423] pps_core: Software ver. 5.3.6 - Copyright 2005-2007 Rodolfo Giometti <giometti@linux.it>
[    4.102836] PTP clock support registered
[    4.107320] Advanced Linux Sound Architecture Driver Initialized.
[    4.110231] NetLabel: Initializing
[    4.110231] NetLabel:  domain hash size = 128
[    4.110231] NetLabel:  protocols = UNLABELED CIPSOv4 CALIPSO
[    4.110971] NetLabel:  unlabeled traffic allowed by default
[    4.113165] PCI: Using ACPI for IRQ routing
[    4.113245] pci 0000:00:02.0: vgaarb: setting as boot VGA device
[    4.113815] pci 0000:00:02.0: vgaarb: bridge control possible
[    4.113815] pci 0000:00:02.0: vgaarb: VGA device added: decodes=io+mem,owns=io+mem,locks=none
[    4.113823] vgaarb: loaded
[    4.116747] hpet: 3 channels of 0 reserved for per-cpu timers
[    4.117158] hpet0: at MMIO 0xfed00000, IRQs 2, 8, 0
[    4.117158] hpet0: 3 comparators, 64-bit 100.000000 MHz counter
[    4.121542] clocksource: Switched to clocksource kvm-clock
[    4.145384] VFS: Disk quotas dquot_6.6.0
[    4.151797] VFS: Dquot-cache hash table entries: 512 (order 0, 4096 bytes)
[    4.170403] pnp: PnP ACPI init
[    4.180105] pnp: PnP ACPI: found 6 devices
[    4.255410] clocksource: acpi_pm: mask: 0xffffff max_cycles: 0xffffff, max_idle_ns: 2085701024 ns
[    4.264808] NET: Registered PF_INET protocol family
[    4.277533] IP idents hash table entries: 32768 (order: 6, 262144 bytes, linear)
[    4.296797] tcp_listen_portaddr_hash hash table entries: 1024 (order: 2, 16384 bytes, linear)
[    4.304489] Table-perturb hash table entries: 65536 (order: 6, 262144 bytes, linear)
[    4.310708] TCP established hash table entries: 16384 (order: 5, 131072 bytes, linear)
[    4.322143] TCP bind hash table entries: 16384 (order: 7, 524288 bytes, linear)
[    4.338381] TCP: Hash tables configured (established 16384 bind 16384)
[    4.347683] UDP hash table entries: 1024 (order: 4, 65536 bytes, linear)
[    4.355336] UDP-Lite hash table entries: 1024 (order: 4, 65536 bytes, linear)
[    4.382286] NET: Registered PF_UNIX/PF_LOCAL protocol family
[    4.424810] RPC: Registered named UNIX socket transport module.
[    4.424950] RPC: Registered udp transport module.
[    4.426270] RPC: Registered tcp transport module.
[    4.426907] RPC: Registered tcp-with-tls transport module.
[    4.427261] RPC: Registered tcp NFSv4.1 backchannel transport module.
[    4.447277] pci_bus 0000:00: resource 4 [io  0x0000-0x0cf7 window]
[    4.448211] pci_bus 0000:00: resource 5 [io  0x0d00-0xffff window]
[    4.449005] pci_bus 0000:00: resource 6 [mem 0x000a0000-0x000bffff window]
[    4.449890] pci_bus 0000:00: resource 7 [mem 0x80000000-0xfebfffff window]
[    4.450682] pci_bus 0000:00: resource 8 [mem 0x100000000-0x17fffffff window]
[    4.460429] pci 0000:00:01.0: PIIX3: Enabling Passive Release
[    4.461489] pci 0000:00:00.0: Limiting direct PCI/PCI transfers
[    4.462517] PCI: CLS 0 bytes, default 64
[    4.466474] clocksource: tsc: mask: 0xffffffffffffffff max_cycles: 0x22df0d21928, max_idle_ns: 440795225288 ns
[    4.479551] Initialise system trusted keyrings
[    4.481110] workingset: timestamp_bits=40 max_order=19 bucket_order=0
[    4.490734] NFS: Registering the id_resolver key type
[    4.495747] Key type id_resolver registered
[    4.499847] Key type id_legacy registered
[    4.507226] 9p: Installing v9fs 9p2000 file system support
[    4.749218] Key type asymmetric registered
[    4.754387] Asymmetric key parser 'x509' registered
[    4.763850] Block layer SCSI generic (bsg) driver version 0.4 loaded (major 251)
[    4.771472] io scheduler mq-deadline registered
[    4.772112] io scheduler kyber registered
[    4.798376] input: Power Button as /devices/LNXSYSTM:00/LNXPWRBN:00/input/input0
[    4.820343] ACPI: button: Power Button [PWRF]
[    4.841897] Serial: 8250/16550 driver, 4 ports, IRQ sharing enabled
[    4.845489] 00:04: ttyS0 at I/O 0x3f8 (irq = 4, base_baud = 115200) is a 16550A
[    4.855471] Non-volatile memory driver v1.3
[    4.856075] Linux agpgart interface v0.103
[    4.993510] ACPI: bus type drm_connector registered
[    5.182618] loop: module loaded
[    5.183605] zram: Added device: zram0
[    5.226479] scsi host0: ata_piix
[    5.243006] scsi host1: ata_piix
[    5.250631] ata1: PATA max MWDMA2 cmd 0x1f0 ctl 0x3f6 bmdma 0xc040 irq 14 lpm-pol 0
[    5.252312] ata2: PATA max MWDMA2 cmd 0x170 ctl 0x376 bmdma 0xc048 irq 15 lpm-pol 0
[    5.255668] tun: Universal TUN/TAP device driver, 1.6
[    5.257842] e100: Intel(R) PRO/100 Network Driver
[    5.258639] e100: Copyright(c) 1999-2006 Intel Corporation
[    5.260063] e1000: Intel(R) PRO/1000 Network Driver
[    5.260835] e1000: Copyright (c) 1999-2006 Intel Corporation.
[    5.280898] ACPI: \_SB_.LNKC: Enabled at IRQ 11
[    5.423519] ata2: found unknown device (class 0)
[    5.433573] ata2.00: ATAPI: QEMU DVD-ROM, 2.5+, max UDMA/100
[    5.456812] scsi 1:0:0:0: CD-ROM            QEMU     QEMU DVD-ROM     2.5+ PQ: 0 ANSI: 5
[    5.504116] sr 1:0:0:0: [sr0] scsi3-mmc drive: 4x/4x cd/rw xa/form2 tray
[    5.505266] cdrom: Uniform CD-ROM driver Revision: 3.20
[    5.541159] sr 1:0:0:0: Attached scsi generic sg0 type 5
[    6.399147] e1000 0000:00:03.0 eth0: (PCI:33MHz:32-bit) 52:54:00:12:34:56
[    6.413503] e1000 0000:00:03.0 eth0: Intel(R) PRO/1000 Network Connection
[    6.420299] e1000e: Intel(R) PRO/1000 Network Driver
[    6.424266] e1000e: Copyright(c) 1999 - 2015 Intel Corporation.
[    6.429600] sky2: driver version 1.30
[    6.435915] usbcore: registered new interface driver usblp
[    6.441420] usbcore: registered new interface driver usb-storage
[    6.454231] i8042: PNP: PS/2 Controller [PNP0303:KBD,PNP0f13:MOU] at 0x60,0x64 irq 1,12
[    6.478351] serio: i8042 KBD port at 0x60,0x64 irq 1
[    6.485114] serio: i8042 AUX port at 0x60,0x64 irq 12
[    6.501257] rtc_cmos 00:05: RTC can wake from S4
[    6.522638] input: AT Translated Set 2 keyboard as /devices/platform/i8042/serio0/input/input1
[    6.533595] rtc_cmos 00:05: registered as rtc0
[    6.543870] rtc_cmos 00:05: alarms up to one day, y3k, 242 bytes nvram, hpet irqs
[    6.567210] device-mapper: ioctl: 4.50.0-ioctl (2025-04-28) initialised: dm-devel@lists.linux.dev
[    6.580108] intel_pstate: CPU model not supported
[    6.596875] hid: raw HID events driver (C) Jiri Kosina
[    6.610370] usbcore: registered new interface driver usbhid
[    6.616088] usbhid: USB HID core driver
[    6.706076] xt_time: kernel timezone is -0000
[    6.715243] Initializing XFRM netlink socket
[    6.719286] NET: Registered PF_INET6 protocol family
[    6.745789] Segment Routing with IPv6
[    6.750107] In-situ OAM (IOAM) with IPv6
[    6.753945] sit: IPv6, IPv4 and MPLS over IPv4 tunneling driver
[    6.763481] NET: Registered PF_PACKET protocol family
[    6.766829] NET: Registered PF_KEY protocol family
[    6.774557] 9pnet: Installing 9P2000 support
[    6.779069] Key type dns_resolver registered
[    6.784327] NET: Registered PF_VSOCK protocol family
[    6.816292] IPI shorthand broadcast: enabled
[    6.844631] sched_clock: Marking stable (6129204899, 714934023)->(7724349817, -880210895)
[    6.863527] registered taskstats version 1
[    6.872457] Loading compiled-in X.509 certificates
[    6.908981] Demotion targets for Node 0: null
[    6.913460] Key type .fscrypt registered
[    6.917284] Key type fscrypt-provisioning registered
[    6.926540] PM:   Magic number: 10:47:307
[    6.940846] tty tty36: hash matches
[    6.946134] netconsole: network logging started
[    6.952455] cfg80211: Loading compiled-in X.509 certificates for regulatory database
[    6.968528] kworker/u16:1 (72) used greatest stack depth: 14272 bytes left
[    6.975519] Loaded X.509 cert 'sforshee: 00b28ddf47aef9cea7'
[    6.975595] Loaded X.509 cert 'wens: 61c038651aabdcf94bd0ac7ff06c7248db18c600'
[    6.975676] ALSA device list:
[    6.982693] faux_driver regulatory: Direct firmware load for regulatory.db failed with error -2
[    6.983931] cfg80211: failed to load regulatory.db
[    6.985108]   No soundcards found.
[    6.986316] KTAP version 1
[    6.986681] 1..3
[    6.988005]     KTAP version 1
[    6.988439]     # Subtest: corten
[    6.988868]     # module: corten_test
[    6.988870]     1..25
[    6.992733]     ok 1 corten_test_layout # SKIP corten=on boot
[    6.998326]     ok 2 corten_test_ptdesc_get_put
[    7.002007]     ok 3 corten_test_meta_roundtrip
[    7.007847]     ok 4 corten_test_meta_reinit_cleared
[    7.012767]     ok 5 corten_test_covering_level
[    7.020274] input: ImExPS/2 Generic Explorer Mouse as /devices/platform/i8042/serio1/input/input3
[    7.021249]     ok 6 corten_test_covering_base_index
[    7.038906]     ok 7 corten_test_txn_covering
[    7.047342] kunit_try_catch (90) used greatest stack depth: 14144 bytes left
[    7.048577]     ok 8 corten_test_txn_hole
[    7.063512]     ok 9 corten_test_txn_stale_eagain
[    7.066796]     ok 10 corten_test_lock_range_args
[    7.073297]     ok 11 corten_test_txn_state_machine
[    7.082514]     ok 12 corten_test_txn_atomic_validate
[    7.088215]     ok 13 corten_test_txn_real_glue
[    7.138207]     ok 14 corten_test_txn_mutex_overlap
[    7.181677]     ok 15 corten_test_txn_mutex_disjoint
[    7.188563]     ok 16 corten_test_fail_alloc
[    7.195881]     ok 17 corten_test_txn_hole_fill
[    7.204353] kunit_try_catch (114) used greatest stack depth: 14128 bytes left
[    7.205748]     ok 18 corten_test_txn_hole_race
[    7.452009]     ok 19 corten_test_txn_uninstall_interlock
[    7.459519]     ok 20 corten_test_uninstall_bh_ctx
[    7.465005] ------------[ cut here ]------------
[    7.466288] WARNING: CPU: 1 PID: 124 at mm/corten.c:865 corten_txn_begin+0x191/0x4b0
[    7.474880] Modules linked in:
[    7.478128] CPU: 1 UID: 0 PID: 124 Comm: kunit_try_catch Tainted: G                 N  6.18.32-g34f1ae661be3-dirty #39 PREEMPT(voluntary) 
[    7.488489] Tainted: [N]=TEST
[    7.491891] Hardware name: QEMU Standard PC (i440FX + PIIX, 1996), BIOS 1.15.0-1 04/01/2014
[    7.502494] RIP: 0010:corten_txn_begin+0x191/0x4b0
[    7.505607] Code: 02 00 00 4c 89 ff 48 89 04 24 e8 fa 34 f5 00 4c 89 ff e8 02 37 f5 00 48 8b 04 24 41 0f b6 4f 25 38 48 25 0f 87 65 ff ff ff 90 <0f> 0b 90 41 80 7e 48 04 0f 86 61 ff ff ff 90 0f 0b 90 48 89 c7 e8
[    7.521357] RSP: 0000:ffff8a5c804c7da0 EFLAGS: 00010246
[    7.526374] RAX: ffff893681d92b40 RBX: 0000000000000fff RCX: 0000000000000002
[    7.532325] RDX: 0000000000000003 RSI: 0000000000000037 RDI: ffff893682ea6180
[    7.537515] RBP: 0000000000000000 R08: ffff89368188f600 R09: ffff8a5c804c7e00
[    7.543550] R10: ffff8a5c804c7d58 R11: 0000000000000000 R12: ffffffffad83e510
[    7.549280] R13: ffff89368188f600 R14: ffff8a5c804c7e00 R15: ffff893681d92f60
[    7.556376] FS:  0000000000000000(0000) GS:ffff89374a5ea000(0000) knlGS:0000000000000000
[    7.563525] CS:  0010 DS: 0000 ES: 0000 CR0: 0000000080050033
[    7.568956] CR2: 0000000000000000 CR3: 000000005a030000 CR4: 00000000000006f0
[    7.575129] Call Trace:
[    7.576292]  <TASK>
[    7.578317]  ? __pfx_kunit_generic_run_threadfn_adapter+0x10/0x10
[    7.585326]  corten_test_txn_path_overflow+0xb5/0x2a0
[    7.589629]  ? psi_task_switch+0x107/0x290
[    7.592501]  kunit_try_run_case+0x6f/0x150
[    7.597493]  ? __pfx_kunit_generic_run_threadfn_adapter+0x10/0x10
[    7.604667]  kunit_generic_run_threadfn_adapter+0x1c/0x40
[    7.609225]  kthread+0xff/0x1f0
[    7.612720]  ? __pfx_kthread+0x10/0x10
[    7.615681]  ? __pfx_kthread+0x10/0x10
[    7.619260]  ret_from_fork+0x144/0x160
[    7.623908]  ? __pfx_kthread+0x10/0x10
[    7.627535]  ret_from_fork_asm+0x1a/0x30
[    7.631878]  </TASK>
[    7.633920] ---[ end trace 0000000000000000 ]---
[    7.638251] ------------[ cut here ]------------
[    7.642094] WARNING: CPU: 1 PID: 124 at mm/corten.c:812 corten_txn_begin+0x1a0/0x4b0
[    7.648612] Modules linked in:
[    7.651820] CPU: 1 UID: 0 PID: 124 Comm: kunit_try_catch Tainted: G        W        N  6.18.32-g34f1ae661be3-dirty #39 PREEMPT(voluntary) 
[    7.661705] Tainted: [W]=WARN, [N]=TEST
[    7.663338] Hardware name: QEMU Standard PC (i440FX + PIIX, 1996), BIOS 1.15.0-1 04/01/2014
[    7.668228] RIP: 0010:corten_txn_begin+0x1a0/0x4b0
[    7.671174] Code: 4c 89 ff e8 02 37 f5 00 48 8b 04 24 41 0f b6 4f 25 38 48 25 0f 87 65 ff ff ff 90 0f 0b 90 41 80 7e 48 04 0f 86 61 ff ff ff 90 <0f> 0b 90 48 89 c7 e8 c5 f5 ff ff 41 0f b6 46 48 84 c0 74 28 83 e8
[    7.684210] RSP: 0000:ffff8a5c804c7da0 EFLAGS: 00010202
[    7.688746] RAX: ffff893681d92660 RBX: 0000000000000fff RCX: 0000000000000002
[    7.695971] RDX: 0000000000000003 RSI: 0000000000000001 RDI: ffff893682ea6180
[    7.700726] RBP: 0000000000000000 R08: ffff89368188f600 R09: ffff8a5c804c7e00
[    7.706245] R10: ffff8a5c804c7d58 R11: 0000000000000000 R12: ffffffffad83e510
[    7.713040] R13: ffff89368188f600 R14: ffff8a5c804c7e00 R15: ffff893681d92600
[    7.720610] FS:  0000000000000000(0000) GS:ffff89374a5ea000(0000) knlGS:0000000000000000
[    7.727764] CS:  0010 DS: 0000 ES: 0000 CR0: 0000000080050033
[    7.730181] CR2: 0000000000000000 CR3: 000000005a030000 CR4: 00000000000006f0
[    7.734096] Call Trace:
[    7.736299]  <TASK>
[    7.738717]  ? __pfx_kunit_generic_run_threadfn_adapter+0x10/0x10
[    7.742619]  corten_test_txn_path_overflow+0xb5/0x2a0
[    7.747528]  ? psi_task_switch+0x107/0x290
[    7.750614]  kunit_try_run_case+0x6f/0x150
[    7.753627]  ? __pfx_kunit_generic_run_threadfn_adapter+0x10/0x10
[    7.758025]  kunit_generic_run_threadfn_adapter+0x1c/0x40
[    7.761491]  kthread+0xff/0x1f0
[    7.763534]  ? __pfx_kthread+0x10/0x10
[    7.765548]  ? __pfx_kthread+0x10/0x10
[    7.769295]  ret_from_fork+0x144/0x160
[    7.773082]  ? __pfx_kthread+0x10/0x10
[    7.776079]  ret_from_fork_asm+0x1a/0x30
[    7.779084]  </TASK>
[    7.780998] ---[ end trace 0000000000000000 ]---
[    7.785534] kunit_try_catch (124) used greatest stack depth: 13520 bytes left
[    7.787870]     ok 21 corten_test_txn_path_overflow
[    7.793516]     ok 22 corten_test_txn_child_err
[    7.800714]     ok 23 corten_test_real_huge_leaf
[    7.808385]     ok 24 corten_test_full_window_atomic
[    7.814575]     ok 25 corten_test_debugfs_content
[    7.819329] # corten: pass:24 fail:0 skip:1 total:25
[    7.823082] # Totals: pass:24 fail:0 skip:1 total:25
[    7.827792] ok 1 corten
[    7.834184]     KTAP version 1
[    7.837042]     # Subtest: corten_arena
[    7.841724]     # module: corten_arena_test
[    7.841732]     1..57
[    7.854923]     ok 1 corten_arena_test_declare_reject
[    7.861496]     ok 2 corten_arena_test_declare_reject_flags
[    7.869534]     ok 3 corten_arena_test_declare_query
[    7.874895]     ok 4 corten_arena_test_range_overlaps
[    7.892425]     ok 5 corten_arena_test_release
[    7.902801]     ok 6 corten_arena_test_ref_born_atomic
[    7.910653]     ok 7 corten_arena_test_release_classify
[    7.919819]     ok 8 corten_arena_test_shadow_vma
[    7.929193]     ok 9 corten_arena_test_exit
[    7.936945]     ok 10 corten_arena_test_prctl
[    7.946678]     ok 11 corten_arena_test_mode
[    7.955216]     ok 12 corten_arena_test_auto_classify
[    7.963650]     ok 13 corten_arena_test_auto_place
[    7.973505]     ok 14 corten_arena_test_auto_route
[    7.992084]     ok 15 corten_arena_test_auto_attach_release
[    8.003778]     ok 16 corten_arena_test_mag_recycle
[    8.014259]     ok 17 corten_arena_test_mag_marker
[    8.030984]     ok 18 corten_arena_test_pool_reuse
[    8.062524]     ok 19 corten_arena_test_pool_limit
[    8.066378] BUG: non-zero pgtables_bytes on freeing mm: 12288
[    8.071528]     ok 20 corten_arena_test_pool_mode_exit
[    8.078513]     ok 21 corten_arena_test_pool_fork
[    8.087808]     ok 22 corten_arena_test_vma_free_reuse
[    8.107912] BUG: non-zero pgtables_bytes on freeing mm: 12288
[    8.116190]     ok 23 corten_arena_test_inv_mv3
[    8.120439] BUG: non-zero pgtables_bytes on freeing mm: 12288
[    8.125272]     ok 24 corten_arena_test_fork_vma_free
[    8.131331]     ok 25 corten_arena_test_vma_free_shrink_pick
[    8.138533] BUG: non-zero pgtables_bytes on freeing mm: 12288
[    8.151484]     ok 26 corten_arena_test_fork_punch_novma
[    8.155887]     ok 27 corten_arena_test_region_record
[    8.164946]     ok 28 corten_arena_test_region_iter
[    8.178440]     ok 29 corten_arena_test_region_park
[    8.186822]     ok 30 corten_arena_test_region_fork
[    8.196133]     ok 31 corten_arena_test_mprotect_route
[    8.205063]     ok 32 corten_arena_test_protect_flags_kernel_gate
[    8.213433]     ok 33 corten_arena_test_madvise_route
[    8.338798]     ok 34 corten_arena_test_mremap_route
[    8.350144]     ok 35 corten_arena_test_fork_faithful
[    8.355749] BUG: non-zero pgtables_bytes on freeing mm: 12288
[    8.364206]     ok 36 corten_arena_test_fork_unwind
[    8.368896]     ok 37 corten_arena_test_fork_multipiece
[    8.379761]     ok 38 corten_arena_test_fork_perm
[    8.389377]     ok 39 corten_arena_test_inv7_shared_ro
[    8.397017]     ok 40 corten_arena_test_inv7_swapped
[    8.403561] get_swap_device: Bad swap file entry 400000000000077
[    8.414200] BUG: Bad rss-counter state mm:(____ptrval____) type:MM_SWAPENTS val:-1 Comm:kunit_try_catch Pid:279
[    8.422641]     ok 41 corten_arena_test_shrink_registry_count
[    8.428176]     ok 42 corten_arena_test_shrink_aging_two_pass
[    8.434771]     ok 43 corten_arena_test_shrink_rotation
[    8.441928] get_swap_device: Bad swap file entry 400000000000077
[    8.453841] get_swap_device: Bad swap file entry 400000000000077
[    8.460005] corten_arena_op (285) used greatest stack depth: 13440 bytes left
[    8.465972]     ok 44 corten_arena_test_fork_swapped
[    8.472982]     ok 45 corten_arena_test_fork_f2_gate
[   18.916136] ------------[ cut here ]------------
[   18.925040] corten: arena [800000,1000000) drain timed out: leaked transaction reference, leaking the descriptor
[   18.933667] WARNING: CPU: 1 PID: 290 at mm/corten_arena.c:508 corten_arena_drain+0x6f/0x80
[   18.942197] Modules linked in:
[   18.945254] CPU: 1 UID: 0 PID: 290 Comm: kunit_try_catch Tainted: G        W        N  6.18.32-g34f1ae661be3-dirty #39 PREEMPT(voluntary) 
[   18.956031] Tainted: [W]=WARN, [N]=TEST
[   18.958847] Hardware name: QEMU Standard PC (i440FX + PIIX, 1996), BIOS 1.15.0-1 04/01/2014
[   18.963785] RIP: 0010:corten_arena_drain+0x6f/0x80
[   18.967179] Code: c4 08 31 c0 5b c3 cc cc cc cc 88 44 24 07 c6 05 91 74 d3 01 01 90 48 8b 53 08 48 8b 33 48 c7 c7 10 b5 e8 ad e8 12 db cf ff 90 <0f> 0b 90 90 0f b6 44 24 07 eb b4 66 0f 1f 44 00 00 90 90 90 90 90
[   18.980267] RSP: 0000:ffff8a5c808cfd40 EFLAGS: 00010282
[   18.985263] RAX: 0000000000000000 RBX: ffff8936832f7b00 RCX: 00000000fff7ffff
[   18.992126] RDX: 0000000000000000 RSI: 00000000ffffffea RDI: 0000000000000001
[   18.999237] RBP: ffff8936832f7e00 R08: ffff8936fefdffe8 R09: 00000000fff7ffff
[   19.005959] R10: ffff8936fb7e0000 R11: ffff8936fe3e0000 R12: ffff8936832f7e18
[   19.011156] R13: ffff893682ed6e80 R14: ffff8936832f7e78 R15: ffff8936832f7b00
[   19.018900] FS:  0000000000000000(0000) GS:ffff89374a5ea000(0000) knlGS:0000000000000000
[   19.026599] CS:  0010 DS: 0000 ES: 0000 CR0: 0000000080050033
[   19.030245] CR2: 00001000007ff000 CR3: 000000005a030000 CR4: 00000000000006f0
[   19.035159] Call Trace:
[   19.037607]  <TASK>
[   19.039136]  corten_arena_fork_begin+0x119/0x1c0
[   19.042468]  corten_arena_test_fork_begin+0x59/0x140
[   19.046490]  corten_arena_test_fork_drain_leak+0x18a/0x800
[   19.050584]  ? psi_task_switch+0x159/0x290
[   19.053790]  ? __switch_to_asm+0x39/0x70
[   19.057945]  ? finish_task_switch.isra.0+0x76/0x250
[   19.059723]  ? __pfx_kunit_generic_run_threadfn_adapter+0x10/0x10
[   19.061987]  kunit_try_run_case+0x6f/0x150
[   19.065434]  ? __pfx_kunit_generic_run_threadfn_adapter+0x10/0x10
[   19.069022]  kunit_generic_run_threadfn_adapter+0x1c/0x40
[   19.072668]  kthread+0xff/0x1f0
[   19.075440]  ? __pfx_kthread+0x10/0x10
[   19.077742]  ? __pfx_kthread+0x10/0x10
[   19.081570]  ret_from_fork+0x144/0x160
[   19.084579]  ? __pfx_kthread+0x10/0x10
[   19.087134]  ret_from_fork_asm+0x1a/0x30
[   19.089234]  </TASK>
[   19.091059] ---[ end trace 0000000000000000 ]---
[   19.102733]     # corten_arena_test_fork_drain_leak: Test should be marked slow (runtime: 10.622470679s)
[   19.102777] kunit_try_catch (290) used greatest stack depth: 13424 bytes left
[   19.104513]     ok 46 corten_arena_test_fork_drain_leak
[   19.112726]     ok 47 corten_arena_test_unshare_pin
[   19.121196] BUG: Bad rss-counter state mm:(____ptrval____) type:MM_SWAPENTS val:-1 Comm:corten_arena_op Pid:297
[   19.138691]     ok 48 corten_arena_test_fork_reuse_exclusive
[   19.142787]     ok 49 corten_arena_test_gup_state1_uncommitted
[   19.149981]     ok 50 corten_arena_test_gup_state2_committed_rw
[   19.154573]     ok 51 corten_arena_test_gup_state3_fork_cow
[   19.165447]     ok 52 corten_arena_test_gup_state3b_downgrade_restore
[   19.169722]     ok 53 corten_arena_test_gup_state4_pin_zap
[   19.175185]     ok 54 corten_arena_test_concurrent
[   19.184941]     ok 55 corten_arena_test_concurrent_window
[   19.193397]     ok 56 corten_arena_test_obs_ledger
[   19.200620]     ok 57 corten_arena_test_drain_timeout_stat
[   19.202930] # corten_arena: pass:57 fail:0 skip:0 total:57
[   19.207534] # Totals: pass:57 fail:0 skip:0 total:57
[   19.212570] ok 2 corten_arena
[   19.218372]     KTAP version 1
[   19.220733]     # Subtest: corten_fault
[   19.224342]     # module: corten_fault_test
[   19.224350]     1..32
[   19.232992]     ok 1 corten_fault_test_dispatch
[   19.234820]     ok 2 corten_fault_test_fig8_cow
[   19.243853]     ok 3 corten_fault_test_unmap_classify
[   19.252383]     ok 4 corten_fault_test_mmap_classify
[   19.260234]     ok 5 corten_fault_test_punch_classify
[   19.268518]     ok 6 corten_fault_test_map_anon
[   19.277267]     ok 7 corten_fault_test_zero_page
[   19.286173]     ok 8 corten_fault_test_sigsegv
[   19.292858]     ok 9 corten_fault_test_fresh_fault
[   19.406625]     ok 10 corten_fault_test_churn_repro
[   19.414277]     ok 11 corten_fault_test_untracked_drift
[   19.428508]     ok 12 corten_fault_test_restore
[   19.441273]     ok 13 corten_fault_test_cow_reuse
[   19.448651]     ok 14 corten_fault_test_cow_copy
[   19.455012] ------------[ cut here ]------------
[   19.463564] WARNING: CPU: 2 PID: 352 at ./include/linux/rwsem.h:88 corten_fault_test_foll_force+0x808/0xc50
[   19.472075] Modules linked in:
[   19.475230] CPU: 2 UID: 0 PID: 352 Comm: kunit_try_catch Tainted: G        W        N  6.18.32-g34f1ae661be3-dirty #39 PREEMPT(voluntary) 
[   19.485249] Tainted: [W]=WARN, [N]=TEST
[   19.488773] Hardware name: QEMU Standard PC (i440FX + PIIX, 1996), BIOS 1.15.0-1 04/01/2014
[   19.497429] RIP: 0010:corten_fault_test_foll_force+0x808/0xc50
[   19.503036] Code: 0f 00 00 0f 85 18 fe ff ff 49 8b 04 24 a8 40 0f 84 0c fe ff ff 49 8b 44 24 48 48 8d 50 ff a8 01 49 0f 44 d4 e9 f8 fd ff ff 90 <0f> 0b 90 e9 64 f8 ff ff 48 98 45 31 c9 49 c7 c0 b0 ab b4 ac 48 89
[   19.519032] RSP: 0000:ffff8a5c80a4fd80 EFLAGS: 00010246
[   19.523961] RAX: ffff8936831dad80 RBX: ffff893682d958e0 RCX: 0000000000000000
[   19.530371] RDX: 0000000000000000 RSI: 0000000000000001 RDI: ffff89368317d140
[   19.536639] RBP: ffff8a5c80013a88 R08: 0000000000001000 R09: 0000000000000000
[   19.542798] R10: ffff8a5c80a4fc98 R11: 0000000000000000 R12: ffff893682db3f00
[   19.548791] R13: ffff89368201b3f0 R14: ffffffffacb4af90 R15: ffff8a5c80013ac8
[   19.554702] FS:  0000000000000000(0000) GS:ffff89374a66a000(0000) knlGS:0000000000000000
[   19.562605] CS:  0010 DS: 0000 ES: 0000 CR0: 0000000080050033
[   19.567568] CR2: 0000000000000000 CR3: 000000005a030000 CR4: 00000000000006f0
[   19.574422] Call Trace:
[   19.576522]  <TASK>
[   19.578640]  ? psi_group_change+0x116/0x300
[   19.580806]  ? psi_task_switch+0x107/0x290
[   19.584849]  ? __switch_to_asm+0x39/0x70
[   19.587461]  ? finish_task_switch.isra.0+0x76/0x250
[   19.590747]  kunit_try_run_case+0x6f/0x150
[   19.594547]  ? __pfx_kunit_generic_run_threadfn_adapter+0x10/0x10
[   19.600158]  kunit_generic_run_threadfn_adapter+0x1c/0x40
[   19.605195]  kthread+0xff/0x1f0
[   19.608330]  ? __pfx_kthread+0x10/0x10
[   19.611867]  ? __pfx_kthread+0x10/0x10
[   19.614517]  ret_from_fork+0x144/0x160
[   19.616563]  ? __pfx_kthread+0x10/0x10
[   19.619230]  ret_from_fork_asm+0x1a/0x30
[   19.622922]  </TASK>
[   19.625173] ---[ end trace 0000000000000000 ]---
[   19.629803] ------------[ cut here ]------------
[   19.633435] WARNING: CPU: 2 PID: 352 at ./include/linux/rwsem.h:88 corten_fault_test_foll_force+0xb62/0xc50
[   19.639013] Modules linked in:
[   19.642791] CPU: 2 UID: 0 PID: 352 Comm: kunit_try_catch Tainted: G        W        N  6.18.32-g34f1ae661be3-dirty #39 PREEMPT(voluntary) 
[   19.654629] Tainted: [W]=WARN, [N]=TEST
[   19.659378] Hardware name: QEMU Standard PC (i440FX + PIIX, 1996), BIOS 1.15.0-1 04/01/2014
[   19.668363] RIP: 0010:corten_fault_test_foll_force+0xb62/0xc50
[   19.673919] Code: c7 c6 20 a5 84 ad 48 89 ef 48 89 44 24 08 48 c7 04 24 30 a5 84 ad 48 c7 44 24 10 40 00 00 00 e8 44 c7 36 00 e9 44 fb ff ff 90 <0f> 0b 90 e9 ed fa ff ff 48 98 45 31 c9 49 c7 c0 b0 ab b4 ac 48 89
[   19.690973] RSP: 0000:ffff8a5c80a4fd80 EFLAGS: 00010246
[   19.696135] RAX: ffff8936831dad80 RBX: ffff893682d958e0 RCX: ffff8936f9530340
[   19.702272] RDX: 0000000000000000 RSI: 0000000000000001 RDI: ffff89368317d140
[   19.706388] RBP: ffff8a5c80013a88 R08: 0000000000000000 R09: 00000000000001d1
[   19.712472] R10: ffff8936f952fac0 R11: 0000000000000000 R12: ffff893682db3f00
[   19.718274] R13: 0000000000000000 R14: ffffffffacb4af90 R15: ffff8a5c80013ac8
[   19.724760] FS:  0000000000000000(0000) GS:ffff89374a66a000(0000) knlGS:0000000000000000
[   19.732546] CS:  0010 DS: 0000 ES: 0000 CR0: 0000000080050033
[   19.737759] CR2: 0000000000000000 CR3: 000000005a030000 CR4: 00000000000006f0
[   19.744522] Call Trace:
[   19.746879]  <TASK>
[   19.749050]  ? finish_task_switch.isra.0+0x76/0x250
[   19.753509]  kunit_try_run_case+0x6f/0x150
[   19.756586]  ? __pfx_kunit_generic_run_threadfn_adapter+0x10/0x10
[   19.762348]  kunit_generic_run_threadfn_adapter+0x1c/0x40
[   19.767755]  kthread+0xff/0x1f0
[   19.770959]  ? __pfx_kthread+0x10/0x10
[   19.774508]  ? __pfx_kthread+0x10/0x10
[   19.778464]  ret_from_fork+0x144/0x160
[   19.782114]  ? __pfx_kthread+0x10/0x10
[   19.785559]  ret_from_fork_asm+0x1a/0x30
[   19.789553]  </TASK>
[   19.791811] ---[ end trace 0000000000000000 ]---
[   19.798423]     ok 15 corten_fault_test_foll_force
[   19.805872]     ok 16 corten_fault_test_cow_race
[   19.814217]     ok 17 corten_fault_test_mprotect_pte
[   19.822438]     ok 18 corten_fault_test_mprotect_fresh
[   19.830997]     ok 19 corten_fault_test_zap_keep_perm
[   19.834999]     ok 20 corten_fault_test_zap_keep_perm_downgrade
[   19.842164]     ok 21 corten_fault_test_untracked_rearm
[   19.856519]     ok 22 corten_fault_test_fill_upper_race
[   19.867724]     ok 23 corten_fault_test_map_race
[   19.873427]     ok 24 corten_fault_test_chunk_unmap
[   19.879618]     ok 25 corten_fault_test_punch_hole
[   19.891556]     ok 26 corten_fault_test_punch_head
[   19.900273]     ok 27 corten_fault_test_rmap_guard
[   19.909609]     ok 28 corten_fault_test_reap_skip
[   19.915832]     ok 29 corten_fault_test_swap_encode
[   19.924252]     ok 30 corten_fault_test_swap_roundtrip # SKIP swap round-trip requires a swap area
[   19.931170]     ok 31 corten_fault_test_swap_zap_free # SKIP swap zap test requires a swap area
[   19.942618]     ok 32 corten_fault_test_swap_mprotect_pending
[   19.949356] # corten_fault: pass:30 fail:0 skip:2 total:32
[   19.953687] # Totals: pass:30 fail:0 skip:2 total:32
[   19.958023] ok 3 corten_fault
[   19.971781] check access for rdinit=/init failed: -2, ignoring
[   19.975133] md: Waiting for all devices to be available before autodetect
[   19.979183] md: If you don't use raid, use raid=noautodetect
[   19.982505] md: Autodetecting RAID arrays.
[   19.985221] md: autorun ...
[   19.987157] md: ... autorun DONE.
[   19.996146] /dev/root: Can't open blockdev
[   19.997768] VFS: Cannot open root device "" or unknown-block(0,0): error -6
[   20.002638] Please append a correct "root=" boot option; here are the available partitions:
[   20.008619] 0b00         1048575 sr0 
[   20.008651]  driver: sr
[   20.012107] List of all bdev filesystems:
[   20.014197]  ext3
[   20.014201]  ext2
[   20.015346]  ext4
[   20.016536]  vfat
[   20.017084]  msdos
[   20.018607]  iso9660
[   20.019777]  f2fs
[   20.021292]  erofs
[   20.022587] 
[   20.024896] Kernel panic - not syncing: VFS: Unable to mount root fs on unknown-block(0,0)
[   20.029378] CPU: 2 UID: 0 PID: 1 Comm: swapper/0 Tainted: G        W        N  6.18.32-g34f1ae661be3-dirty #39 PREEMPT(voluntary) 
[   20.034705] Tainted: [W]=WARN, [N]=TEST
[   20.037028] Hardware name: QEMU Standard PC (i440FX + PIIX, 1996), BIOS 1.15.0-1 04/01/2014
[   20.041275] Call Trace:
[   20.043582]  <TASK>
[   20.044949]  vpanic+0x34f/0x360
[   20.047857]  panic+0x56/0x60
[   20.049758]  mount_root_generic+0x1ff/0x320
[   20.054281]  prepare_namespace+0x63/0x270
[   20.055681]  kernel_init_freeable+0x29f/0x2f0
[   20.058271]  ? __pfx_kernel_init+0x10/0x10
[   20.062521]  kernel_init+0x15/0x1c0
[   20.064069]  ret_from_fork+0x144/0x160
[   20.066556]  ? __pfx_kernel_init+0x10/0x10
[   20.067463]  ret_from_fork_asm+0x1a/0x30
[   20.068187]  </TASK>
[   20.071119] Kernel Offset: 0x2b200000 from 0xffffffff81000000 (relocation range: 0xffffffff80000000-0xffffffffbfffffff)
