qemu-system-x86_64: warning: host doesn't support requested feature: CPUID.80000001H:ECX.svm [bit 2]
qemu-system-x86_64: warning: host doesn't support requested feature: CPUID.80000001H:ECX.svm [bit 2]
qemu-system-x86_64: warning: host doesn't support requested feature: CPUID.80000001H:ECX.svm [bit 2]
qemu-system-x86_64: warning: host doesn't support requested feature: CPUID.80000001H:ECX.svm [bit 2]
c[?7l[2J[0mSeaBIOS (version 1.15.0-1)


iPXE (https://ipxe.org) 00:03.0 CA00 PCI2.10 PnP PMM+7FF8B310+7FECB310 CA00
Press Ctrl-B to configure iPXE (PCI 00:03.0)...                                                                               


Booting from ROM...
c[?7l[2J[    0.000000] Linux version 6.18.32-g34f1ae661be3-dirty (ppw@vm) (gcc (Ubuntu 11.4.0-1ubuntu1~22.04.3) 11.4.0, GNU ld (GNU Binutils for Ubuntu) 2.38) #40 SMP PREEMPT_DYNAMIC Tue Sep 22 09:39:52 CST 2026
[    0.000000] Command line: console=ttyS0 panic=-1 kunit.filter_glob=corten* log_buf_len=16M corten=on
[    0.000000] x86/CPU: Model not found in latest microcode list
[    0.000000] BIOS-provided physical RAM map:
[    0.000000] BIOS-e820: [mem 0x0000000000000000-0x000000000009fbff] usable
[    0.000000] BIOS-e820: [mem 0x000000000009fc00-0x000000000009ffff] reserved
[    0.000000] BIOS-e820: [mem 0x00000000000f0000-0x00000000000fffff] reserved
[    0.000000] BIOS-e820: [mem 0x0000000000100000-0x000000007ffdffff] usable
[    0.000000] BIOS-e820: [mem 0x000000007ffe0000-0x000000007fffffff] reserved
[    0.000000] BIOS-e820: [mem 0x00000000feffc000-0x00000000feffffff] reserved
[    0.000000] BIOS-e820: [mem 0x00000000fffc0000-0x00000000ffffffff] reserved
[    0.000000] NX (Execute Disable) protection: active
[    0.000000] APIC: Static calls initialized
[    0.000000] SMBIOS 2.8 present.
[    0.000000] DMI: QEMU Standard PC (i440FX + PIIX, 1996), BIOS 1.15.0-1 04/01/2014
[    0.000000] DMI: Memory slots populated: 1/1
[    0.000000] Hypervisor detected: KVM
[    0.000000] last_pfn = 0x7ffe0 max_arch_pfn = 0x400000000
[    0.000000] kvm-clock: Using msrs 4b564d01 and 4b564d00
[    0.000004] kvm-clock: using sched offset of 4091533289 cycles
[    0.000009] clocksource: kvm-clock: mask: 0xffffffffffffffff max_cycles: 0x1cd42e4dffb, max_idle_ns: 881590591483 ns
[    0.000016] tsc: Detected 2419.196 MHz processor
[    0.003223] last_pfn = 0x7ffe0 max_arch_pfn = 0x400000000
[    0.003601] MTRR map: 4 entries (3 fixed + 1 variable; max 19), built from 8 variable MTRRs
[    0.003609] x86/PAT: Configuration [0-7]: WB  WC  UC- UC  WB  WP  UC- WT  
[    0.018142] found SMP MP-table at [mem 0x000f5ba0-0x000f5baf]
[    2.165473] printk: log buffer data + meta data: 16777216 + 58720256 = 75497472 bytes
[    2.165696] printk: early log buf free: 260224(99%)
[    2.166398] ACPI: Early table checksum verification disabled
[    2.166676] ACPI: RSDP 0x00000000000F59E0 000014 (v00 BOCHS )
[    2.167636] ACPI: RSDT 0x000000007FFE1A1C 000034 (v01 BOCHS  BXPC     00000001 BXPC 00000001)
[    2.167910] ACPI: FACP 0x000000007FFE18B8 000074 (v01 BOCHS  BXPC     00000001 BXPC 00000001)
[    2.168145] ACPI: DSDT 0x000000007FFE0040 001878 (v01 BOCHS  BXPC     00000001 BXPC 00000001)
[    2.168358] ACPI: FACS 0x000000007FFE0000 000040
[    2.168371] ACPI: APIC 0x000000007FFE192C 000090 (v01 BOCHS  BXPC     00000001 BXPC 00000001)
[    2.168380] ACPI: HPET 0x000000007FFE19BC 000038 (v01 BOCHS  BXPC     00000001 BXPC 00000001)
[    2.168388] ACPI: WAET 0x000000007FFE19F4 000028 (v01 BOCHS  BXPC     00000001 BXPC 00000001)
[    2.168393] ACPI: Reserving FACP table memory at [mem 0x7ffe18b8-0x7ffe192b]
[    2.168399] ACPI: Reserving DSDT table memory at [mem 0x7ffe0040-0x7ffe18b7]
[    2.168402] ACPI: Reserving FACS table memory at [mem 0x7ffe0000-0x7ffe003f]
[    2.168404] ACPI: Reserving APIC table memory at [mem 0x7ffe192c-0x7ffe19bb]
[    2.168405] ACPI: Reserving HPET table memory at [mem 0x7ffe19bc-0x7ffe19f3]
[    2.168407] ACPI: Reserving WAET table memory at [mem 0x7ffe19f4-0x7ffe1a1b]
[    2.173416] No NUMA configuration found
[    2.173538] Faking a node at [mem 0x0000000000000000-0x000000007ffdffff]
[    2.173652] NODE_DATA(0) allocated [mem 0x7b7dc140-0x7b7dffff]
[    2.174851] Zone ranges:
[    2.175126]   DMA      [mem 0x0000000000001000-0x0000000000ffffff]
[    2.175133]   DMA32    [mem 0x0000000001000000-0x000000007ffdffff]
[    2.175272]   Normal   empty
[    2.175274] Movable zone start for each node
[    2.175276] Early memory node ranges
[    2.175278]   node   0: [mem 0x0000000000001000-0x000000000009efff]
[    2.175282]   node   0: [mem 0x0000000000100000-0x000000007ffdffff]
[    2.175286] Initmem setup node 0 [mem 0x0000000000001000-0x000000007ffdffff]
[    2.178563] On node 0, zone DMA: 1 pages in unavailable ranges
[    2.184086] On node 0, zone DMA: 97 pages in unavailable ranges
[    3.533621] On node 0, zone DMA32: 32 pages in unavailable ranges
[    3.540445] ACPI: PM-Timer IO Port: 0x608
[    3.540536] ACPI: LAPIC_NMI (acpi_id[0xff] dfl dfl lint[0x1])
[    3.545046] IOAPIC[0]: apic_id 0, version 17, address 0xfec00000, GSI 0-23
[    3.545069] ACPI: INT_SRC_OVR (bus 0 bus_irq 0 global_irq 2 dfl dfl)
[    3.545074] ACPI: INT_SRC_OVR (bus 0 bus_irq 5 global_irq 5 high level)
[    3.545077] ACPI: INT_SRC_OVR (bus 0 bus_irq 9 global_irq 9 high level)
[    3.545080] ACPI: INT_SRC_OVR (bus 0 bus_irq 10 global_irq 10 high level)
[    3.545082] ACPI: INT_SRC_OVR (bus 0 bus_irq 11 global_irq 11 high level)
[    3.545091] ACPI: Using ACPI (MADT) for SMP configuration information
[    3.545093] ACPI: HPET id: 0x8086a201 base: 0xfed00000
[    3.545114] CPU topo: Max. logical packages:   1
[    3.545116] CPU topo: Max. logical dies:       1
[    3.545117] CPU topo: Max. dies per package:   1
[    3.545126] CPU topo: Max. threads per core:   1
[    3.545128] CPU topo: Num. cores per package:     4
[    3.545129] CPU topo: Num. threads per package:   4
[    3.545130] CPU topo: Allowing 4 present CPUs plus 0 hotplug CPUs
[    3.545509] kvm-guest: APIC: eoi() replaced with kvm_guest_apic_eoi_write()
[    3.551596] PM: hibernation: Registered nosave memory: [mem 0x00000000-0x00000fff]
[    3.551602] PM: hibernation: Registered nosave memory: [mem 0x0009f000-0x000fffff]
[    3.551607] [mem 0x80000000-0xfeffbfff] available for PCI devices
[    3.551610] Booting paravirtualized kernel on KVM
[    3.551875] clocksource: refined-jiffies: mask: 0xffffffff max_cycles: 0xffffffff, max_idle_ns: 1910969940391419 ns
[    3.596235] setup_percpu: NR_CPUS:64 nr_cpumask_bits:4 nr_cpu_ids:4 nr_node_ids:1
[    3.682286] percpu: Embedded 54 pages/cpu s182680 r8192 d30312 u524288
[    3.682443] Kernel command line: console=ttyS0 panic=-1 kunit.filter_glob=corten* log_buf_len=16M corten=on
[    3.682641] corten: requested on, activating at initcall time
[    3.741452] Dentry cache hash table entries: 262144 (order: 9, 2097152 bytes, linear)
[    3.787975] Inode-cache hash table entries: 131072 (order: 8, 1048576 bytes, linear)
[    3.789784] Fallback order for Node 0: 0 
[    3.789879] Built 1 zonelists, mobility grouping on.  Total pages: 524158
[    3.789883] Policy zone: DMA32
[    3.789887] mem auto-init: stack:off, heap alloc:off, heap free:off
[    3.813662] SLUB: HWalign=64, Order=0-3, MinObjects=0, CPUs=4, Nodes=1
[    3.813986] Kernel/User page tables isolation: enabled
[    3.835159] Dynamic Preempt: voluntary
[    3.842737] rcu: Preemptible hierarchical RCU implementation.
[    3.842741] rcu: 	RCU event tracing is enabled.
[    3.842743] rcu: 	RCU restricting CPUs from NR_CPUS=64 to nr_cpu_ids=4.
[    3.842748] 	Trampoline variant of Tasks RCU enabled.
[    3.842749] 	Tracing variant of Tasks RCU enabled.
[    3.842750] rcu: RCU calculated value of scheduler-enlistment delay is 100 jiffies.
[    3.842752] rcu: Adjusting geometry for rcu_fanout_leaf=16, nr_cpu_ids=4
[    3.842770] RCU Tasks: Setting shift to 2 and lim to 1 rcu_task_cb_adjust=1 rcu_task_cpu_ids=4.
[    3.842775] RCU Tasks Trace: Setting shift to 2 and lim to 1 rcu_task_cb_adjust=1 rcu_task_cpu_ids=4.
[    3.882277] NR_IRQS: 4352, nr_irqs: 456, preallocated irqs: 16
[    3.884630] rcu: srcu_init: Setting srcu_struct sizes based on contention.
[    4.063142] Console: colour VGA+ 80x25
[    4.063414] printk: legacy console [ttyS0] enabled
[    4.730363] ACPI: Core revision 20250807
[    4.736231] clocksource: hpet: mask: 0xffffffff max_cycles: 0xffffffff, max_idle_ns: 19112604467 ns
[    4.746400] APIC: Switch to symmetric I/O mode setup
[    4.751564] x2apic enabled
[    4.760115] APIC: Switched APIC routing to: physical x2apic
[    4.813335] ..TIMER: vector=0x30 apic1=0 pin1=2 apic2=-1 pin2=-1
[    4.826258] clocksource: tsc-early: mask: 0xffffffffffffffff max_cycles: 0x22df0d21928, max_idle_ns: 440795225288 ns
[    4.856111] Calibrating delay loop (skipped) preset value.. 4838.39 BogoMIPS (lpj=2419196)
[    4.860101] Last level iTLB entries: 4KB 0, 2MB 0, 4MB 0
[    4.860114] Last level dTLB entries: 4KB 0, 2MB 0, 4MB 0, 1GB 0
[    4.861129] mitigations: Enabled attack vectors: user_kernel, user_user, SMT mitigations: auto
[    4.862118] Speculative Store Bypass: Vulnerable
[    4.863116] Spectre V2 : Mitigation: Retpolines
[    4.864114] ITS: Mitigation: Aligned branch/return thunks
[    4.865115] MDS: Vulnerable: Clear CPU buffers attempted, no microcode
[    4.866116] Spectre V1 : Mitigation: usercopy/swapgs barriers and __user pointer sanitization
[    4.867117] Spectre V2 : Spectre v2 / SpectreRSB: Filling RSB on context switch and VMEXIT
[    4.868119] active return thunk: its_return_thunk
[    4.869190] x86/fpu: x87 FPU will use FXSAVE
[    4.970101] Freeing SMP alternatives memory: 64K
[    4.970145] pid_max: default: 32768 minimum: 301
[    4.971382] LSM: initializing lsm=capability,selinux
[    4.972338] SELinux:  Initializing.
[    4.974347] Mount-cache hash table entries: 4096 (order: 3, 32768 bytes, linear)
[    4.976901] Mountpoint-cache hash table entries: 4096 (order: 3, 32768 bytes, linear)
[    5.049107] APIC calibration not consistent with PM-Timer: 97ms instead of 100ms
[    5.050101] APIC delta adjusted to PM-Timer: 6243017 (6097404)
[    5.050709] smpboot: CPU0: Intel QEMU Virtual CPU version 2.5+ (family: 0xf, model: 0x6b, stepping: 0x1)
[    5.056642] Performance Events: unsupported Netburst CPU model 107 no PMU driver, software events only.
[    5.060257] signal: max sigframe size: 1440
[    5.063121] rcu: Hierarchical SRCU implementation.
[    5.064114] rcu: 	Max phase no-delay instances is 400.
[    5.069101] Timer migration: 1 hierarchy levels; 8 children per group; 1 crossnode level
[    5.082021] corten: page descriptors enabled
[    5.087080] smp: Bringing up secondary CPUs ...
[    5.092141] smpboot: x86: Booting SMP configuration:
[    5.093120] .... node  #0, CPUs:      #1 #2 #3
[    5.123291] smp: Brought up 1 node, 4 CPUs
[    5.125112] smpboot: Total of 4 processors activated (19353.56 BogoMIPS)
[    5.133155] Memory: 1933204K/2096632K available (21482K kernel code, 3198K rwdata, 8952K rodata, 3268K init, 1180K bss, 158264K reserved, 0K cma-reserved)
[    5.142108] devtmpfs: initialized
[    5.151161] clocksource: jiffies: mask: 0xffffffff max_cycles: 0xffffffff, max_idle_ns: 1911260446275000 ns
[    5.152135] posixtimers hash table entries: 2048 (order: 3, 32768 bytes, linear)
[    5.157442] futex hash table entries: 1024 (65536 bytes on 1 NUMA nodes, total 64 KiB, linear).
[    5.160702] PM: RTC time: 01:44:24, date: 2026-09-22
[    5.236790] NET: Registered PF_NETLINK/PF_ROUTE protocol family
[    5.239484] audit: initializing netlink subsys (disabled)
[    5.242378] audit: type=2000 audit(1790041463.967:1): state=initialized audit_enabled=0 res=1
[    5.244160] thermal_sys: Registered thermal governor 'step_wise'
[    5.246118] cpuidle: using governor menu
[    5.251876] PCI: Using configuration type 1 for base access
[    5.259538] kprobes: kprobe jump-optimization is enabled. All kprobes are optimized if possible.
[    5.276113] HugeTLB: registered 2.00 MiB page size, pre-allocated 0 pages
[    5.279114] HugeTLB: 28 KiB vmemmap can be freed for a 2.00 MiB page
[    5.289249] ACPI: Added _OSI(Module Device)
[    5.294122] ACPI: Added _OSI(Processor Device)
[    5.301117] ACPI: Added _OSI(Processor Aggregator Device)
[    5.310841] ACPI: 1 ACPI AML tables successfully acquired and loaded
[    5.338618] ACPI: Interpreter enabled
[    5.345589] ACPI: PM: (supports S0 S3 S4 S5)
[    5.352112] ACPI: Using IOAPIC for interrupt routing
[    5.358430] PCI: Using host bridge windows from ACPI; if necessary, use "pci=nocrs" and report a bug
[    5.365108] PCI: Using E820 reservations for host bridge windows
[    5.377466] ACPI: Enabled 2 GPEs in block 00 to 0F
[    5.425306] ACPI: PCI Root Bridge [PCI0] (domain 0000 [bus 00-ff])
[    5.438122] acpi PNP0A03:00: _OSC: OS supports [ASPM ClockPM Segments MSI HPX-Type3]
[    5.448116] acpi PNP0A03:00: _OSC: not requesting OS control; OS requires [ExtendedConfig ASPM ClockPM MSI]
[    5.462159] acpi PNP0A03:00: fail to add MMCONFIG information, can't access extended configuration space under this bridge
[    5.469482] PCI host bridge to bus 0000:00
[    5.471126] pci_bus 0000:00: root bus resource [io  0x0000-0x0cf7 window]
[    5.475112] pci_bus 0000:00: root bus resource [io  0x0d00-0xffff window]
[    5.478110] pci_bus 0000:00: root bus resource [mem 0x000a0000-0x000bffff window]
[    5.481119] pci_bus 0000:00: root bus resource [mem 0x80000000-0xfebfffff window]
[    5.484115] pci_bus 0000:00: root bus resource [mem 0x100000000-0x17fffffff window]
[    5.488113] pci_bus 0000:00: root bus resource [bus 00-ff]
[    5.491415] pci 0000:00:00.0: [8086:1237] type 00 class 0x060000 conventional PCI endpoint
[    5.501101] pci 0000:00:01.0: [8086:7000] type 00 class 0x060100 conventional PCI endpoint
[    5.506562] pci 0000:00:01.1: [8086:7010] type 00 class 0x010180 conventional PCI endpoint
[    5.513101] pci 0000:00:01.1: BAR 4 [io  0xc040-0xc04f]
[    5.516557] pci 0000:00:01.1: BAR 0 [io  0x01f0-0x01f7]: legacy IDE quirk
[    5.519117] pci 0000:00:01.1: BAR 1 [io  0x03f6]: legacy IDE quirk
[    5.522115] pci 0000:00:01.1: BAR 2 [io  0x0170-0x0177]: legacy IDE quirk
[    5.525118] pci 0000:00:01.1: BAR 3 [io  0x0376]: legacy IDE quirk
[    5.530608] pci 0000:00:01.3: [8086:7113] type 00 class 0x068000 conventional PCI endpoint
[    5.538583] pci 0000:00:01.3: quirk: [io  0x0600-0x063f] claimed by PIIX4 ACPI
[    5.541187] pci 0000:00:01.3: quirk: [io  0x0700-0x070f] claimed by PIIX4 SMB
[    5.546048] pci 0000:00:02.0: [1234:1111] type 00 class 0x030000 conventional PCI endpoint
[    5.563412] pci 0000:00:02.0: BAR 0 [mem 0xfd000000-0xfdffffff pref]
[    5.570164] pci 0000:00:02.0: BAR 2 [mem 0xfebb0000-0xfebb0fff]
[    5.571101] pci 0000:00:02.0: ROM [mem 0xfeba0000-0xfebaffff pref]
[    5.583556] pci 0000:00:02.0: Video device with shadowed ROM at [mem 0x000c0000-0x000dffff]
[    5.610255] pci 0000:00:03.0: [8086:100e] type 00 class 0x020000 conventional PCI endpoint
[    5.625194] pci 0000:00:03.0: BAR 0 [mem 0xfeb80000-0xfeb9ffff]
[    5.628185] pci 0000:00:03.0: BAR 1 [io  0xc000-0xc03f]
[    5.633183] pci 0000:00:03.0: ROM [mem 0xfeb00000-0xfeb7ffff pref]
[    5.637616] ACPI: PCI: Interrupt link LNKA configured for IRQ 10
[    5.638625] ACPI: PCI: Interrupt link LNKB configured for IRQ 10
[    5.639608] ACPI: PCI: Interrupt link LNKC configured for IRQ 11
[    5.643420] ACPI: PCI: Interrupt link LNKD configured for IRQ 11
[    5.643420] ACPI: PCI: Interrupt link LNKS configured for IRQ 9
[    5.654783] iommu: Default domain type: Translated
[    5.654783] iommu: DMA domain TLB invalidation policy: lazy mode
[    5.662688] SCSI subsystem initialized
[    5.667835] ACPI: bus type USB registered
[    5.667835] usbcore: registered new interface driver usbfs
[    5.667835] usbcore: registered new interface driver hub
[    5.668152] usbcore: registered new device driver usb
[    5.669553] pps_core: LinuxPPS API ver. 1 registered
[    5.669553] pps_core: Software ver. 5.3.6 - Copyright 2005-2007 Rodolfo Giometti <giometti@linux.it>
[    5.669553] PTP clock support registered
[    5.672685] Advanced Linux Sound Architecture Driver Initialized.
[    5.677432] NetLabel: Initializing
[    5.677432] NetLabel:  domain hash size = 128
[    5.679105] NetLabel:  protocols = UNLABELED CIPSOv4 CALIPSO
[    5.679356] NetLabel:  unlabeled traffic allowed by default
[    5.680321] PCI: Using ACPI for IRQ routing
[    5.681208] pci 0000:00:02.0: vgaarb: setting as boot VGA device
[    5.682101] pci 0000:00:02.0: vgaarb: bridge control possible
[    5.682101] pci 0000:00:02.0: vgaarb: VGA device added: decodes=io+mem,owns=io+mem,locks=none
[    5.682118] vgaarb: loaded
[    5.683487] hpet: 3 channels of 0 reserved for per-cpu timers
[    5.683548] hpet0: at MMIO 0xfed00000, IRQs 2, 8, 0
[    5.686110] hpet0: 3 comparators, 64-bit 100.000000 MHz counter
[    5.689341] clocksource: Switched to clocksource kvm-clock
[    5.737335] VFS: Disk quotas dquot_6.6.0
[    5.741532] VFS: Dquot-cache hash table entries: 512 (order 0, 4096 bytes)
[    5.755039] pnp: PnP ACPI init
[    5.761647] pnp: PnP ACPI: found 6 devices
[    5.834305] clocksource: acpi_pm: mask: 0xffffff max_cycles: 0xffffff, max_idle_ns: 2085701024 ns
[    5.844975] NET: Registered PF_INET protocol family
[    5.858611] IP idents hash table entries: 32768 (order: 6, 262144 bytes, linear)
[    5.877703] tcp_listen_portaddr_hash hash table entries: 1024 (order: 2, 16384 bytes, linear)
[    5.887074] Table-perturb hash table entries: 65536 (order: 6, 262144 bytes, linear)
[    5.894112] TCP established hash table entries: 16384 (order: 5, 131072 bytes, linear)
[    5.905675] TCP bind hash table entries: 16384 (order: 7, 524288 bytes, linear)
[    5.924018] TCP: Hash tables configured (established 16384 bind 16384)
[    5.933112] UDP hash table entries: 1024 (order: 4, 65536 bytes, linear)
[    5.941381] UDP-Lite hash table entries: 1024 (order: 4, 65536 bytes, linear)
[    5.950688] NET: Registered PF_UNIX/PF_LOCAL protocol family
[    5.961974] RPC: Registered named UNIX socket transport module.
[    5.967501] RPC: Registered udp transport module.
[    5.971944] RPC: Registered tcp transport module.
[    5.976216] RPC: Registered tcp-with-tls transport module.
[    5.981169] RPC: Registered tcp NFSv4.1 backchannel transport module.
[    5.992233] pci_bus 0000:00: resource 4 [io  0x0000-0x0cf7 window]
[    5.998226] pci_bus 0000:00: resource 5 [io  0x0d00-0xffff window]
[    6.005024] pci_bus 0000:00: resource 6 [mem 0x000a0000-0x000bffff window]
[    6.011617] pci_bus 0000:00: resource 7 [mem 0x80000000-0xfebfffff window]
[    6.017957] pci_bus 0000:00: resource 8 [mem 0x100000000-0x17fffffff window]
[    6.024912] pci 0000:00:01.0: PIIX3: Enabling Passive Release
[    6.030208] pci 0000:00:00.0: Limiting direct PCI/PCI transfers
[    6.035988] PCI: CLS 0 bytes, default 64
[    6.043416] clocksource: tsc: mask: 0xffffffffffffffff max_cycles: 0x22df0d21928, max_idle_ns: 440795225288 ns
[    6.074682] Initialise system trusted keyrings
[    6.082175] workingset: timestamp_bits=40 max_order=19 bucket_order=0
[    6.097002] NFS: Registering the id_resolver key type
[    6.101597] Key type id_resolver registered
[    6.105257] Key type id_legacy registered
[    6.107286] 9p: Installing v9fs 9p2000 file system support
[    6.204856] Key type asymmetric registered
[    6.207074] Asymmetric key parser 'x509' registered
[    6.212949] Block layer SCSI generic (bsg) driver version 0.4 loaded (major 251)
[    6.221095] io scheduler mq-deadline registered
[    6.224026] io scheduler kyber registered
[    6.233282] input: Power Button as /devices/LNXSYSTM:00/LNXPWRBN:00/input/input0
[    6.244381] ACPI: button: Power Button [PWRF]
[    6.259054] Serial: 8250/16550 driver, 4 ports, IRQ sharing enabled
[    6.268309] 00:04: ttyS0 at I/O 0x3f8 (irq = 4, base_baud = 115200) is a 16550A
[    6.285202] Non-volatile memory driver v1.3
[    6.288679] Linux agpgart interface v0.103
[    6.452084] ACPI: bus type drm_connector registered
[    6.526260] loop: module loaded
[    6.531215] zram: Added device: zram0
[    6.551122] scsi host0: ata_piix
[    6.556057] scsi host1: ata_piix
[    6.560437] ata1: PATA max MWDMA2 cmd 0x1f0 ctl 0x3f6 bmdma 0xc040 irq 14 lpm-pol 0
[    6.566799] ata2: PATA max MWDMA2 cmd 0x170 ctl 0x376 bmdma 0xc048 irq 15 lpm-pol 0
[    6.578199] tun: Universal TUN/TAP device driver, 1.6
[    6.584967] e100: Intel(R) PRO/100 Network Driver
[    6.589235] e100: Copyright(c) 1999-2006 Intel Corporation
[    6.593915] e1000: Intel(R) PRO/1000 Network Driver
[    6.599130] e1000: Copyright (c) 1999-2006 Intel Corporation.
[    6.652235] ACPI: \_SB_.LNKC: Enabled at IRQ 11
[    6.730648] ata2: found unknown device (class 0)
[    6.737282] ata2.00: ATAPI: QEMU DVD-ROM, 2.5+, max UDMA/100
[    6.747437] scsi 1:0:0:0: CD-ROM            QEMU     QEMU DVD-ROM     2.5+ PQ: 0 ANSI: 5
[    6.817881] sr 1:0:0:0: [sr0] scsi3-mmc drive: 4x/4x cd/rw xa/form2 tray
[    6.822193] cdrom: Uniform CD-ROM driver Revision: 3.20
[    6.856603] sr 1:0:0:0: Attached scsi generic sg0 type 5
[    7.708327] e1000 0000:00:03.0 eth0: (PCI:33MHz:32-bit) 52:54:00:12:34:56
[    7.711163] e1000 0000:00:03.0 eth0: Intel(R) PRO/1000 Network Connection
[    7.717778] e1000e: Intel(R) PRO/1000 Network Driver
[    7.721984] e1000e: Copyright(c) 1999 - 2015 Intel Corporation.
[    7.727390] sky2: driver version 1.30
[    7.735239] usbcore: registered new interface driver usblp
[    7.739779] usbcore: registered new interface driver usb-storage
[    7.743614] i8042: PNP: PS/2 Controller [PNP0303:KBD,PNP0f13:MOU] at 0x60,0x64 irq 1,12
[    7.755071] serio: i8042 KBD port at 0x60,0x64 irq 1
[    7.757166] serio: i8042 AUX port at 0x60,0x64 irq 12
[    7.765375] rtc_cmos 00:05: RTC can wake from S4
[    7.775601] input: AT Translated Set 2 keyboard as /devices/platform/i8042/serio0/input/input1
[    7.784352] rtc_cmos 00:05: registered as rtc0
[    7.792582] rtc_cmos 00:05: alarms up to one day, y3k, 242 bytes nvram, hpet irqs
[    7.806482] device-mapper: ioctl: 4.50.0-ioctl (2025-04-28) initialised: dm-devel@lists.linux.dev
[    7.819582] intel_pstate: CPU model not supported
[    7.826181] hid: raw HID events driver (C) Jiri Kosina
[    7.837115] usbcore: registered new interface driver usbhid
[    7.841696] usbhid: USB HID core driver
[    7.882173] xt_time: kernel timezone is -0000
[    7.888756] Initializing XFRM netlink socket
[    7.893745] NET: Registered PF_INET6 protocol family
[    7.911781] Segment Routing with IPv6
[    7.916500] In-situ OAM (IOAM) with IPv6
[    7.922779] sit: IPv6, IPv4 and MPLS over IPv4 tunneling driver
[    7.932946] NET: Registered PF_PACKET protocol family
[    7.937931] NET: Registered PF_KEY protocol family
[    7.943905] 9pnet: Installing 9P2000 support
[    7.948738] Key type dns_resolver registered
[    7.954145] NET: Registered PF_VSOCK protocol family
[    7.964241] IPI shorthand broadcast: enabled
[    7.988384] sched_clock: Marking stable (7026297208, 961752326)->(9294702104, -1306652570)
[    8.000722] registered taskstats version 1
[    8.008247] Loading compiled-in X.509 certificates
[    8.035391] Demotion targets for Node 0: null
[    8.042432] Key type .fscrypt registered
[    8.044454] Key type fscrypt-provisioning registered
[    8.051410] PM:   Magic number: 10:459:711
[    8.052078] netconsole: network logging started
[    8.052811] cfg80211: Loading compiled-in X.509 certificates for regulatory database
[    8.063647] kworker/u16:1 (72) used greatest stack depth: 14272 bytes left
[    8.077908] Loaded X.509 cert 'sforshee: 00b28ddf47aef9cea7'
[    8.084693] Loaded X.509 cert 'wens: 61c038651aabdcf94bd0ac7ff06c7248db18c600'
[    8.093479] faux_driver regulatory: Direct firmware load for regulatory.db failed with error -2
[    8.097695] ALSA device list:
[    8.101182] cfg80211: failed to load regulatory.db
[    8.103991]   No soundcards found.
[    8.106472] KTAP version 1
[    8.114278] 1..3
[    8.118307]     KTAP version 1
[    8.121590]     # Subtest: corten
[    8.124766]     # module: corten_test
[    8.124772]     1..25
[    8.134441]     ok 1 corten_test_layout # SKIP corten=on boot
[    8.139103]     ok 2 corten_test_ptdesc_get_put
[    8.146379]     ok 3 corten_test_meta_roundtrip
[    8.153800]     ok 4 corten_test_meta_reinit_cleared
[    8.161011]     ok 5 corten_test_covering_level
[    8.170396]     ok 6 corten_test_covering_base_index
[    8.184815]     ok 7 corten_test_txn_covering
[    8.201161]     ok 8 corten_test_txn_hole
[    8.210758]     ok 9 corten_test_txn_stale_eagain
[    8.218110]     ok 10 corten_test_lock_range_args
[    8.225201]     ok 11 corten_test_txn_state_machine
[    8.230961]     ok 12 corten_test_txn_atomic_validate
[    8.240815]     ok 13 corten_test_txn_real_glue
[    8.301556]     ok 14 corten_test_txn_mutex_overlap
[    8.312457] input: ImExPS/2 Generic Explorer Mouse as /devices/platform/i8042/serio1/input/input3
[    8.338353]     ok 15 corten_test_txn_mutex_disjoint
[    8.342474]     ok 16 corten_test_fail_alloc
[    8.347335]     ok 17 corten_test_txn_hole_fill
[    8.354641] kunit_try_catch (115) used greatest stack depth: 14096 bytes left
[    8.355500]     ok 18 corten_test_txn_hole_race
[    8.586653]     ok 19 corten_test_txn_uninstall_interlock
[    8.596033]     ok 20 corten_test_uninstall_bh_ctx
[    8.601893] ------------[ cut here ]------------
[    8.613070] WARNING: CPU: 0 PID: 125 at mm/corten.c:865 corten_txn_begin+0x191/0x4b0
[    8.623077] Modules linked in:
[    8.626751] CPU: 0 UID: 0 PID: 125 Comm: kunit_try_catch Tainted: G                 N  6.18.32-g34f1ae661be3-dirty #40 PREEMPT(voluntary) 
[    8.639279] Tainted: [N]=TEST
[    8.642094] Hardware name: QEMU Standard PC (i440FX + PIIX, 1996), BIOS 1.15.0-1 04/01/2014
[    8.649899] RIP: 0010:corten_txn_begin+0x191/0x4b0
[    8.654603] Code: 02 00 00 4c 89 ff 48 89 04 24 e8 ca dd f5 00 4c 89 ff e8 d2 df f5 00 48 8b 04 24 41 0f b6 4f 25 38 48 25 0f 87 65 ff ff ff 90 <0f> 0b 90 41 80 7e 48 04 0f 86 61 ff ff ff 90 0f 0b 90 48 89 c7 e8
[    8.672191] RSP: 0000:ffffa6760050fda0 EFLAGS: 00010246
[    8.676707] RAX: ffff8ff18325da80 RBX: 0000000000000fff RCX: 0000000000000002
[    8.681060] RDX: 0000000000000003 RSI: 000000000000003f RDI: ffff8ff1832b9040
[    8.687521] RBP: 0000000000000000 R08: ffff8ff1811ecc00 R09: ffffa6760050fe00
[    8.693897] R10: ffffa6760050fd58 R11: 0000000000000000 R12: ffffffffafe3e510
[    8.700496] R13: ffff8ff1811ecc00 R14: ffffa6760050fe00 R15: ffff8ff18325d7e0
[    8.706435] FS:  0000000000000000(0000) GS:ffff8ff247f65000(0000) knlGS:0000000000000000
[    8.713996] CS:  0010 DS: 0000 ES: 0000 CR0: 0000000080050033
[    8.719321] CR2: ffff8ff1b7401000 CR3: 0000000036630000 CR4: 00000000000006f0
[    8.726239] Call Trace:
[    8.729543]  <TASK>
[    8.732425]  ? __pfx_kunit_generic_run_threadfn_adapter+0x10/0x10
[    8.738434]  corten_test_txn_path_overflow+0xb5/0x2a0
[    8.743206]  ? psi_task_switch+0x107/0x290
[    8.747550]  kunit_try_run_case+0x6f/0x150
[    8.752346]  ? __pfx_kunit_generic_run_threadfn_adapter+0x10/0x10
[    8.757458]  kunit_generic_run_threadfn_adapter+0x1c/0x40
[    8.762083]  kthread+0x10d/0x200
[    8.765372]  ? __pfx_kthread+0x10/0x10
[    8.768920]  ? __pfx_kthread+0x10/0x10
[    8.772381]  ret_from_fork+0x144/0x160
[    8.776403]  ? __pfx_kthread+0x10/0x10
[    8.779956]  ret_from_fork_asm+0x1a/0x30
[    8.787374]  </TASK>
[    8.789688] ---[ end trace 0000000000000000 ]---
[    8.794177] ------------[ cut here ]------------
[    8.798436] WARNING: CPU: 0 PID: 125 at mm/corten.c:812 corten_txn_begin+0x1a0/0x4b0
[    8.808033] Modules linked in:
[    8.810340] CPU: 0 UID: 0 PID: 125 Comm: kunit_try_catch Tainted: G        W        N  6.18.32-g34f1ae661be3-dirty #40 PREEMPT(voluntary) 
[    8.819266] Tainted: [W]=WARN, [N]=TEST
[    8.824371] Hardware name: QEMU Standard PC (i440FX + PIIX, 1996), BIOS 1.15.0-1 04/01/2014
[    8.832172] RIP: 0010:corten_txn_begin+0x1a0/0x4b0
[    8.836531] Code: 4c 89 ff e8 d2 df f5 00 48 8b 04 24 41 0f b6 4f 25 38 48 25 0f 87 65 ff ff ff 90 0f 0b 90 41 80 7e 48 04 0f 86 61 ff ff ff 90 <0f> 0b 90 48 89 c7 e8 c5 f5 ff ff 41 0f b6 46 48 84 c0 74 28 83 e8
[    8.852030] RSP: 0000:ffffa6760050fda0 EFLAGS: 00010202
[    8.856147] RAX: ffff8ff18325dc00 RBX: 0000000000000fff RCX: 0000000000000002
[    8.860967] RDX: 0000000000000003 RSI: 0000000000000012 RDI: ffff8ff1832b9040
[    8.865705] RBP: 0000000000000000 R08: ffff8ff1811ecc00 R09: ffffa6760050fe00
[    8.872568] R10: ffffa6760050fd58 R11: 0000000000000000 R12: ffffffffafe3e510
[    8.878450] R13: ffff8ff1811ecc00 R14: ffffa6760050fe00 R15: ffff8ff18325dba0
[    8.885423] FS:  0000000000000000(0000) GS:ffff8ff247f65000(0000) knlGS:0000000000000000
[    8.893209] CS:  0010 DS: 0000 ES: 0000 CR0: 0000000080050033
[    8.898316] CR2: ffff8ff1b7401000 CR3: 0000000036630000 CR4: 00000000000006f0
[    8.904309] Call Trace:
[    8.905388]  <TASK>
[    8.906426]  ? __pfx_kunit_generic_run_threadfn_adapter+0x10/0x10
[    8.910956]  corten_test_txn_path_overflow+0xb5/0x2a0
[    8.915198]  ? psi_task_switch+0x107/0x290
[    8.918972]  kunit_try_run_case+0x6f/0x150
[    8.921826]  ? __pfx_kunit_generic_run_threadfn_adapter+0x10/0x10
[    8.928444]  kunit_generic_run_threadfn_adapter+0x1c/0x40
[    8.932911]  kthread+0x10d/0x200
[    8.935219]  ? __pfx_kthread+0x10/0x10
[    8.939713]  ? __pfx_kthread+0x10/0x10
[    8.941419]  ret_from_fork+0x144/0x160
[    8.943100]  ? __pfx_kthread+0x10/0x10
[    8.946629]  ret_from_fork_asm+0x1a/0x30
[    8.950444]  </TASK>
[    8.952623] ---[ end trace 0000000000000000 ]---
[    8.957706] kunit_try_catch (125) used greatest stack depth: 13520 bytes left
[    8.958731]     ok 21 corten_test_txn_path_overflow
[    8.962819]     ok 22 corten_test_txn_child_err
[    8.969510]     ok 23 corten_test_real_huge_leaf
[    8.974284]     ok 24 corten_test_full_window_atomic
[    8.982009]     ok 25 corten_test_debugfs_content
[    8.987636] # corten: pass:24 fail:0 skip:1 total:25
[    8.992878] # Totals: pass:24 fail:0 skip:1 total:25
[    8.997974] ok 1 corten
[    9.005363]     KTAP version 1
[    9.008722]     # Subtest: corten_arena
[    9.012666]     # module: corten_arena_test
[    9.012672]     1..57
[    9.027115]     ok 1 corten_arena_test_declare_reject
[    9.032929]     ok 2 corten_arena_test_declare_reject_flags
[    9.038578]     ok 3 corten_arena_test_declare_query
[    9.050207]     ok 4 corten_arena_test_range_overlaps
[    9.061397]     ok 5 corten_arena_test_release
[    9.071874]     ok 6 corten_arena_test_ref_born_atomic
[    9.077167]     ok 7 corten_arena_test_release_classify
[    9.088789]     ok 8 corten_arena_test_shadow_vma
[    9.097958]     ok 9 corten_arena_test_exit
[    9.105799]     ok 10 corten_arena_test_prctl
[    9.114315]     ok 11 corten_arena_test_mode
[    9.123199]     ok 12 corten_arena_test_auto_classify
[    9.130253]     ok 13 corten_arena_test_auto_place
[    9.141555]     ok 14 corten_arena_test_auto_route
[    9.154704]     ok 15 corten_arena_test_auto_attach_release
[    9.167026]     ok 16 corten_arena_test_mag_recycle
[    9.176434]     ok 17 corten_arena_test_mag_marker
[    9.193199]     ok 18 corten_arena_test_pool_reuse
[    9.207960] BUG: non-zero pgtables_bytes on freeing mm: 12288
[    9.234633]     ok 19 corten_arena_test_pool_limit
[    9.244234]     ok 20 corten_arena_test_pool_mode_exit
[    9.256962]     ok 21 corten_arena_test_pool_fork
[    9.269010]     ok 22 corten_arena_test_vma_free_reuse
[    9.277588] BUG: non-zero pgtables_bytes on freeing mm: 12288
[    9.289548]     ok 23 corten_arena_test_inv_mv3
[    9.293311] BUG: non-zero pgtables_bytes on freeing mm: 12288
[    9.306427]     ok 24 corten_arena_test_fork_vma_free
[    9.311748]     ok 25 corten_arena_test_vma_free_shrink_pick
[    9.320278]     ok 26 corten_arena_test_fork_punch_novma
[    9.330809]     ok 27 corten_arena_test_region_record
[    9.340108]     ok 28 corten_arena_test_region_iter
[    9.348552] BUG: non-zero pgtables_bytes on freeing mm: 12288
[    9.361131]     ok 29 corten_arena_test_region_park
[    9.364137]     ok 30 corten_arena_test_region_fork
[    9.372359]     ok 31 corten_arena_test_mprotect_route
[    9.376423]     ok 32 corten_arena_test_protect_flags_kernel_gate
[    9.384183]     ok 33 corten_arena_test_madvise_route
[    9.388452] BUG: non-zero pgtables_bytes on freeing mm: 12288
[    9.491008]     ok 34 corten_arena_test_mremap_route
[    9.496740]     ok 35 corten_arena_test_fork_faithful
[    9.506790]     ok 36 corten_arena_test_fork_unwind
[    9.517579]     ok 37 corten_arena_test_fork_multipiece
[    9.528207]     ok 38 corten_arena_test_fork_perm
[    9.535691]     ok 39 corten_arena_test_inv7_shared_ro
[    9.541382]     ok 40 corten_arena_test_inv7_swapped
[    9.564558] get_swap_device: Bad swap file entry 400000000000077
[    9.580803] BUG: Bad rss-counter state mm:(____ptrval____) type:MM_SWAPENTS val:-1 Comm:kunit_try_catch Pid:280
[    9.596594]     ok 41 corten_arena_test_shrink_registry_count
[    9.599718]     ok 42 corten_arena_test_shrink_aging_two_pass
[    9.617780]     ok 43 corten_arena_test_shrink_rotation
[    9.626629] get_swap_device: Bad swap file entry 400000000000077
[    9.634820] get_swap_device: Bad swap file entry 400000000000077
[    9.647063] corten_arena_op (286) used greatest stack depth: 13440 bytes left
[    9.655061]     ok 44 corten_arena_test_fork_swapped
[    9.672678] BUG: Bad rss-counter state mm:(____ptrval____) type:MM_SWAPENTS val:-1 Comm:corten_arena_op Pid:289
[    9.692612]     ok 45 corten_arena_test_fork_f2_gate
[   20.191315] ------------[ cut here ]------------
[   20.192628] corten: arena [800000,1000000) drain timed out: leaked transaction reference, leaking the descriptor
[   20.201244] WARNING: CPU: 3 PID: 291 at mm/corten_arena.c:508 corten_arena_drain+0x6f/0x80
[   20.212582] Modules linked in:
[   20.215652] CPU: 3 UID: 0 PID: 291 Comm: kunit_try_catch Tainted: G        W        N  6.18.32-g34f1ae661be3-dirty #40 PREEMPT(voluntary) 
[   20.227282] Tainted: [W]=WARN, [N]=TEST
[   20.231116] Hardware name: QEMU Standard PC (i440FX + PIIX, 1996), BIOS 1.15.0-1 04/01/2014
[   20.239675] RIP: 0010:corten_arena_drain+0x6f/0x80
[   20.243553] Code: c4 08 31 c0 5b c3 cc cc cc cc 88 44 24 07 c6 05 52 2e d3 01 01 90 48 8b 53 08 48 8b 33 48 c7 c7 28 bc 48 b0 e8 52 a4 cf ff 90 <0f> 0b 90 90 0f b6 44 24 07 eb b4 66 0f 1f 44 00 00 90 90 90 90 90
[   20.260377] RSP: 0000:ffffa676008f7d40 EFLAGS: 00010282
[   20.264639] RAX: 0000000000000000 RBX: ffff8ff18213f700 RCX: 00000000fff7ffff
[   20.270586] RDX: 0000000000000000 RSI: 00000000ffffffea RDI: 0000000000000001
[   20.276174] RBP: ffff8ff18213f500 R08: ffff8ff1fefdffe8 R09: 00000000fff7ffff
[   20.284892] R10: ffff8ff1fb7e0000 R11: ffff8ff1fe3e0000 R12: ffff8ff18213f518
[   20.290841] R13: ffff8ff183321a00 R14: ffff8ff18213f578 R15: ffff8ff18213f700
[   20.296035] FS:  0000000000000000(0000) GS:ffff8ff2480e5000(0000) knlGS:0000000000000000
[   20.301185] CS:  0010 DS: 0000 ES: 0000 CR0: 0000000080050033
[   20.305080] CR2: 0000000000000000 CR3: 0000000036630000 CR4: 00000000000006f0
[   20.310605] Call Trace:
[   20.313208]  <TASK>
[   20.314892]  corten_arena_fork_begin+0x119/0x1c0
[   20.320690]  corten_arena_test_fork_begin+0x59/0x140
[   20.325644]  corten_arena_test_fork_drain_leak+0x18a/0x800
[   20.331227]  ? psi_task_switch+0x107/0x290
[   20.335408]  ? __switch_to_asm+0x39/0x70
[   20.339293]  ? finish_task_switch.isra.0+0x76/0x250
[   20.344871]  ? __pfx_kunit_generic_run_threadfn_adapter+0x10/0x10
[   20.348478]  kunit_try_run_case+0x6f/0x150
[   20.349707]  ? __pfx_kunit_generic_run_threadfn_adapter+0x10/0x10
[   20.351220]  kunit_generic_run_threadfn_adapter+0x1c/0x40
[   20.354119]  kthread+0x10d/0x200
[   20.355243]  ? __pfx_kthread+0x10/0x10
[   20.356864]  ? __pfx_kthread+0x10/0x10
[   20.358036]  ret_from_fork+0x144/0x160
[   20.359081]  ? __pfx_kthread+0x10/0x10
[   20.360263]  ret_from_fork_asm+0x1a/0x30
[   20.361638]  </TASK>
[   20.362266] ---[ end trace 0000000000000000 ]---
[   20.371343]     # corten_arena_test_fork_drain_leak: Test should be marked slow (runtime: 10.677586159s)
[   20.371435] kunit_try_catch (291) used greatest stack depth: 13424 bytes left
[   20.374357]     ok 46 corten_arena_test_fork_drain_leak
[   20.384039]     ok 47 corten_arena_test_unshare_pin
[   20.389360]     ok 48 corten_arena_test_fork_reuse_exclusive
[   20.393155]     ok 49 corten_arena_test_gup_state1_uncommitted
[   20.400643]     ok 50 corten_arena_test_gup_state2_committed_rw
[   20.408000]     ok 51 corten_arena_test_gup_state3_fork_cow
[   20.413368]     ok 52 corten_arena_test_gup_state3b_downgrade_restore
[   20.415841]     ok 53 corten_arena_test_gup_state4_pin_zap
[   20.421487]     ok 54 corten_arena_test_concurrent
[   20.429304]     ok 55 corten_arena_test_concurrent_window
[   20.436316]     ok 56 corten_arena_test_obs_ledger
[   20.440467]     ok 57 corten_arena_test_drain_timeout_stat
[   20.443006] # corten_arena: pass:57 fail:0 skip:0 total:57
[   20.445528] # Totals: pass:57 fail:0 skip:0 total:57
[   20.447702] ok 2 corten_arena
[   20.449814]     KTAP version 1
[   20.450636]     # Subtest: corten_fault
[   20.452961]     # module: corten_fault_test
[   20.452964]     1..32
[   20.557975]     ok 1 corten_fault_test_dispatch
[   20.560631]     ok 2 corten_fault_test_fig8_cow
[   20.580158]     ok 3 corten_fault_test_unmap_classify
[   20.587628]     ok 4 corten_fault_test_mmap_classify
[   20.591375]     ok 5 corten_fault_test_punch_classify
[   20.614871]     ok 6 corten_fault_test_map_anon
[   20.620629]     ok 7 corten_fault_test_zero_page
[   20.625296]     ok 8 corten_fault_test_sigsegv
[   20.647291]     ok 9 corten_fault_test_fresh_fault
[   20.681971]     ok 10 corten_fault_test_churn_repro
[   20.686366]     ok 11 corten_fault_test_untracked_drift
[   20.689257]     ok 12 corten_fault_test_restore
[   20.692610]     ok 13 corten_fault_test_cow_reuse
[   20.698715]     ok 14 corten_fault_test_cow_copy
[   20.701418] ------------[ cut here ]------------
[   20.702731] WARNING: CPU: 2 PID: 353 at ./include/linux/rwsem.h:88 corten_fault_test_foll_force+0x808/0xc50
[   20.709476] Modules linked in:
[   20.712129] CPU: 2 UID: 0 PID: 353 Comm: kunit_try_catch Tainted: G        W        N  6.18.32-g34f1ae661be3-dirty #40 PREEMPT(voluntary) 
[   20.724150] Tainted: [W]=WARN, [N]=TEST
[   20.727397] Hardware name: QEMU Standard PC (i440FX + PIIX, 1996), BIOS 1.15.0-1 04/01/2014
[   20.737345] RIP: 0010:corten_fault_test_foll_force+0x808/0xc50
[   20.743607] Code: 0f 00 00 0f 85 18 fe ff ff 49 8b 04 24 a8 40 0f 84 0c fe ff ff 49 8b 44 24 48 48 8d 50 ff a8 01 49 0f 44 d4 e9 f8 fd ff ff 90 <0f> 0b 90 e9 64 f8 ff ff 48 98 45 31 c9 49 c7 c0 40 31 15 af 48 89
[   20.761407] RSP: 0000:ffffa67600a8fd80 EFLAGS: 00010246
[   20.774539] RAX: ffff8ff183306800 RBX: ffff8ff181e9d9e0 RCX: 0000000000000000
[   20.789485] RDX: 0000000000000000 RSI: 0000000000000004 RDI: ffff8ff18332e180
[   20.793411] RBP: ffffa67600013a88 R08: 0000000000001000 R09: 0000000000000000
[   20.798135] R10: ffffa67600a8fc98 R11: 0000000000000000 R12: ffff8ff1833b7f00
[   20.805159] R13: ffff8ff1821703f0 R14: ffffffffaf153520 R15: ffffa67600013ac8
[   20.812099] FS:  0000000000000000(0000) GS:ffff8ff248065000(0000) knlGS:0000000000000000
[   20.820362] CS:  0010 DS: 0000 ES: 0000 CR0: 0000000080050033
[   20.827163] CR2: 00001000007ff000 CR3: 0000000036630000 CR4: 00000000000006f0
[   20.837073] Call Trace:
[   20.840630]  <TASK>
[   20.843732]  ? psi_group_change+0x116/0x300
[   20.848935]  ? psi_task_switch+0x107/0x290
[   20.854024]  ? __switch_to_asm+0x39/0x70
[   20.858090]  ? finish_task_switch.isra.0+0x76/0x250
[   20.863510]  kunit_try_run_case+0x6f/0x150
[   20.868493]  ? __pfx_kunit_generic_run_threadfn_adapter+0x10/0x10
[   20.874813]  kunit_generic_run_threadfn_adapter+0x1c/0x40
[   20.879288]  kthread+0x10d/0x200
[   20.883558]  ? __pfx_kthread+0x10/0x10
[   20.887570]  ? __pfx_kthread+0x10/0x10
[   20.891421]  ret_from_fork+0x144/0x160
[   20.894391]  ? __pfx_kthread+0x10/0x10
[   20.898666]  ret_from_fork_asm+0x1a/0x30
[   20.902731]  </TASK>
[   20.904688] ---[ end trace 0000000000000000 ]---
[   20.908151] ------------[ cut here ]------------
[   20.909894] WARNING: CPU: 1 PID: 353 at ./include/linux/rwsem.h:88 corten_fault_test_foll_force+0xb62/0xc50
[   20.916860] Modules linked in:
[   20.918190] CPU: 1 UID: 0 PID: 353 Comm: kunit_try_catch Tainted: G        W        N  6.18.32-g34f1ae661be3-dirty #40 PREEMPT(voluntary) 
[   20.930158] Tainted: [W]=WARN, [N]=TEST
[   20.933864] Hardware name: QEMU Standard PC (i440FX + PIIX, 1996), BIOS 1.15.0-1 04/01/2014
[   20.941087] RIP: 0010:corten_fault_test_foll_force+0xb62/0xc50
[   20.945776] Code: c7 c6 20 a5 e4 af 48 89 ef 48 89 44 24 08 48 c7 04 24 30 a5 e4 af 48 c7 44 24 10 40 00 00 00 e8 64 05 37 00 e9 44 fb ff ff 90 <0f> 0b 90 e9 ed fa ff ff 48 98 45 31 c9 49 c7 c0 40 31 15 af 48 89
[   20.961643] RSP: 0000:ffffa67600a8fd80 EFLAGS: 00010246
[   20.966729] RAX: ffff8ff183306800 RBX: ffff8ff181e9d9e0 RCX: ffff8ff1f94b0340
[   20.973120] RDX: 0000000000000000 RSI: 0000000000000001 RDI: ffff8ff18332e180
[   20.979795] RBP: ffffa67600013a88 R08: 0000000000000000 R09: 00000000000001d1
[   20.986820] R10: ffff8ff1f94afac0 R11: 0000000000000002 R12: ffff8ff1833b7f00
[   20.993655] R13: 0000000000000000 R14: ffffffffaf153520 R15: ffffa67600013ac8
[   21.000327] FS:  0000000000000000(0000) GS:ffff8ff247fe5000(0000) knlGS:0000000000000000
[   21.007978] CS:  0010 DS: 0000 ES: 0000 CR0: 0000000080050033
[   21.013052] CR2: 0000100000000000 CR3: 0000000036630000 CR4: 00000000000006f0
[   21.020041] Call Trace:
[   21.022563]  <TASK>
[   21.024663]  ? finish_task_switch.isra.0+0x76/0x250
[   21.028528]  kunit_try_run_case+0x6f/0x150
[   21.032804]  ? __pfx_kunit_generic_run_threadfn_adapter+0x10/0x10
[   21.038426]  kunit_generic_run_threadfn_adapter+0x1c/0x40
[   21.045009]  kthread+0x10d/0x200
[   21.048184]  ? __pfx_kthread+0x10/0x10
[   21.051862]  ? __pfx_kthread+0x10/0x10
[   21.055734]  ret_from_fork+0x144/0x160
[   21.059476]  ? __pfx_kthread+0x10/0x10
[   21.063161]  ret_from_fork_asm+0x1a/0x30
[   21.067495]  </TASK>
[   21.069631] ---[ end trace 0000000000000000 ]---
[   21.074344]     ok 15 corten_fault_test_foll_force
[   21.080590]     ok 16 corten_fault_test_cow_race
[   21.083884]     ok 17 corten_fault_test_mprotect_pte
[   21.092664]     ok 18 corten_fault_test_mprotect_fresh
[   21.097175]     ok 19 corten_fault_test_zap_keep_perm
[   21.105774]     ok 20 corten_fault_test_zap_keep_perm_downgrade
[   21.113580]     ok 21 corten_fault_test_untracked_rearm
[   21.137297]     ok 22 corten_fault_test_fill_upper_race
[   21.145749]     ok 23 corten_fault_test_map_race
[   21.154736]     ok 24 corten_fault_test_chunk_unmap
[   21.161509]     ok 25 corten_fault_test_punch_hole
[   21.168394]     ok 26 corten_fault_test_punch_head
[   21.174846]     ok 27 corten_fault_test_rmap_guard
[   21.180394]     ok 28 corten_fault_test_reap_skip
[   21.183148]     ok 29 corten_fault_test_swap_encode
[   21.186686]     ok 30 corten_fault_test_swap_roundtrip # SKIP swap round-trip requires a swap area
[   21.189106]     ok 31 corten_fault_test_swap_zap_free # SKIP swap zap test requires a swap area
[   21.192888]     ok 32 corten_fault_test_swap_mprotect_pending
[   21.194091] # corten_fault: pass:30 fail:0 skip:2 total:32
[   21.194880] # Totals: pass:30 fail:0 skip:2 total:32
[   21.195554] ok 3 corten_fault
[   21.201885] check access for rdinit=/init failed: -2, ignoring
[   21.202743] md: Waiting for all devices to be available before autodetect
[   21.203293] md: If you don't use raid, use raid=noautodetect
[   21.203731] md: Autodetecting RAID arrays.
[   21.204094] md: autorun ...
[   21.204319] md: ... autorun DONE.
[   21.207729] /dev/root: Can't open blockdev
[   21.208143] VFS: Cannot open root device "" or unknown-block(0,0): error -6
[   21.208724] Please append a correct "root=" boot option; here are the available partitions:
[   21.211642] 0b00         1048575 sr0 
[   21.211701]  driver: sr
[   21.216191] List of all bdev filesystems:
[   21.218530]  ext3
[   21.218535]  ext2
[   21.219862]  ext4
[   21.221067]  vfat
[   21.222192]  msdos
[   21.223623]  iso9660
[   21.224052]  f2fs
[   21.224807]  erofs
[   21.225783] 
[   21.228374] Kernel panic - not syncing: VFS: Unable to mount root fs on unknown-block(0,0)
[   21.233281] CPU: 3 UID: 0 PID: 1 Comm: swapper/0 Tainted: G        W        N  6.18.32-g34f1ae661be3-dirty #40 PREEMPT(voluntary) 
[   21.242091] Tainted: [W]=WARN, [N]=TEST
[   21.244603] Hardware name: QEMU Standard PC (i440FX + PIIX, 1996), BIOS 1.15.0-1 04/01/2014
[   21.249099] Call Trace:
[   21.251441]  <TASK>
[   21.252960]  vpanic+0x34f/0x360
[   21.255254]  panic+0x56/0x60
[   21.257245]  mount_root_generic+0x1ff/0x320
[   21.260086]  prepare_namespace+0x63/0x270
[   21.261499]  kernel_init_freeable+0x29f/0x2f0
[   21.263450]  ? __pfx_kernel_init+0x10/0x10
[   21.266459]  kernel_init+0x15/0x1c0
[   21.267743]  ret_from_fork+0x144/0x160
[   21.270330]  ? __pfx_kernel_init+0x10/0x10
[   21.273037]  ret_from_fork_asm+0x1a/0x30
[   21.275487]  </TASK>
[   21.280250] Kernel Offset: 0x2d800000 from 0xffffffff81000000 (relocation range: 0xffffffff80000000-0xffffffffbfffffff)
