17404 execve("/root/m4t12/bin/mmbench_dyn", ["/root/m4t12/bin/mmbench_dyn", "mmap-pf", "low", "1", "1", "20261930"], 0x7fff469cc048 /* 32 vars */) = 0
17404 brk(NULL)                         = 0x557a61ab2000
17404 mmap(NULL, 8192, PROT_READ|PROT_WRITE, MAP_PRIVATE|MAP_ANONYMOUS, -1, 0) = 0x7ff48661c000
17404 openat(AT_FDCWD, "/mnt/t5run5/corten_mode_hook.so", O_RDONLY|O_CLOEXEC) = 3
17404 read(3, "\177ELF\2\1\1\0\0\0\0\0\0\0\0\0\3\0>\0\1\0\0\0\0\0\0\0\0\0\0\0@\0\0\0\0\0\0\0H7\0\0\0\0\0\0\0\0\0\0@\08\0\t\0@\0\34\0\33\0\1\0\0\0\4\0\0\0\0\0\0\0\0\0\0\0\0\0\0\0\0\0\0\0\0\0\0\0\0\0\0\0"..., 832) = 832
17404 fstat(3, {st_mode=S_IFREG|0755, st_size=15944, ...}) = 0
17404 mmap(NULL, 16472, PROT_READ, MAP_PRIVATE|MAP_DENYWRITE, 3, 0) = 0x7ff486617000
17404 mmap(0x7ff486618000, 4096, PROT_READ|PROT_EXEC, MAP_PRIVATE|MAP_FIXED|MAP_DENYWRITE, 3, 0x1000) = 0x7ff486618000
17404 mmap(0x7ff486619000, 4096, PROT_READ, MAP_PRIVATE|MAP_FIXED|MAP_DENYWRITE, 3, 0x2000) = 0x7ff486619000
17404 mmap(0x7ff48661a000, 8192, PROT_READ|PROT_WRITE, MAP_PRIVATE|MAP_FIXED|MAP_DENYWRITE, 3, 0x2000) = 0x7ff48661a000
17404 close(3)                          = 0
17404 access("/etc/ld.so.preload", R_OK) = -1 ENOENT (No such file or directory)
17404 openat(AT_FDCWD, "/etc/ld.so.cache", O_RDONLY|O_CLOEXEC) = 3
17404 fstat(3, {st_mode=S_IFREG|0644, st_size=27983, ...}) = 0
17404 mmap(NULL, 27983, PROT_READ, MAP_PRIVATE, 3, 0) = 0x7ff486610000
17404 close(3)                          = 0
17404 openat(AT_FDCWD, "/lib/x86_64-linux-gnu/libc.so.6", O_RDONLY|O_CLOEXEC) = 3
17404 read(3, "\177ELF\2\1\1\3\0\0\0\0\0\0\0\0\3\0>\0\1\0\0\0p\236\2\0\0\0\0\0@\0\0\0\0\0\0\0\220b\36\0\0\0\0\0\0\0\0\0@\08\0\17\0@\0=\0<\0\6\0\0\0\4\0\0\0@\0\0\0\0\0\0\0@\0\0\0\0\0\0\0@\0\0\0\0\0\0\0"..., 832) = 832
17404 pread64(3, "\6\0\0\0\4\0\0\0@\0\0\0\0\0\0\0@\0\0\0\0\0\0\0@\0\0\0\0\0\0\0H\3\0\0\0\0\0\0H\3\0\0\0\0\0\0\10\0\0\0\0\0\0\0\3\0\0\0\4\0\0\0\240\1\36\0\0\0\0\0\240\1\36\0\0\0\0\0\240\1\36\0\0\0\0\0\34\0\0\0\0\0\0\0"..., 840, 64) = 840
17404 fstat(3, {st_mode=S_IFREG|0755, st_size=1995216, ...}) = 0
17404 pread64(3, "\6\0\0\0\4\0\0\0@\0\0\0\0\0\0\0@\0\0\0\0\0\0\0@\0\0\0\0\0\0\0H\3\0\0\0\0\0\0H\3\0\0\0\0\0\0\10\0\0\0\0\0\0\0\3\0\0\0\4\0\0\0\240\1\36\0\0\0\0\0\240\1\36\0\0\0\0\0\240\1\36\0\0\0\0\0\34\0\0\0\0\0\0\0"..., 840, 64) = 840
17404 mmap(NULL, 2047568, PROT_READ, MAP_PRIVATE|MAP_DENYWRITE, 3, 0) = 0x7ff48641c000
17404 mmap(0x7ff486444000, 1454080, PROT_READ|PROT_EXEC, MAP_PRIVATE|MAP_FIXED|MAP_DENYWRITE, 3, 0x28000) = 0x7ff486444000
17404 mmap(0x7ff4865a7000, 352256, PROT_READ, MAP_PRIVATE|MAP_FIXED|MAP_DENYWRITE, 3, 0x18b000) = 0x7ff4865a7000
17404 mmap(0x7ff4865fd000, 24576, PROT_READ|PROT_WRITE, MAP_PRIVATE|MAP_FIXED|MAP_DENYWRITE, 3, 0x1e0000) = 0x7ff4865fd000
17404 mmap(0x7ff486603000, 52816, PROT_READ|PROT_WRITE, MAP_PRIVATE|MAP_FIXED|MAP_ANONYMOUS, -1, 0) = 0x7ff486603000
17404 close(3)                          = 0
17404 mmap(NULL, 12288, PROT_READ|PROT_WRITE, MAP_PRIVATE|MAP_ANONYMOUS, -1, 0) = 0x7ff486419000
17404 arch_prctl(ARCH_SET_FS, 0x7ff486419740) = 0
17404 set_tid_address(0x7ff486419a10)   = 17404
17404 set_robust_list(0x7ff486419a20, 24) = 0
17404 rseq(0x7ff486419680, 0x20, 0, 0x53053053) = 0
17404 mprotect(0x7ff4865fd000, 16384, PROT_READ) = 0
17404 mprotect(0x7ff48661a000, 4096, PROT_READ) = 0
17404 mprotect(0x557a235d6000, 4096, PROT_READ) = 0
17404 mprotect(0x7ff48666e000, 8192, PROT_READ) = 0
17404 prlimit64(0, RLIMIT_STACK, NULL, {rlim_cur=8192*1024, rlim_max=RLIM64_INFINITY}) = 0
17404 munmap(0x7ff486610000, 27983)     = 0
17404 prctl(0x50 /* PR_??? */, 0x1, 0, 0, 0) = 0
17404 prctl(0x50 /* PR_??? */, 0x3, 0, 0, 0) = 1
17404 getpid()                          = 17404
17404 write(2, "corten_mode_hook: MODE on (pid 17404)\n", 38) = 38
17404 prlimit64(0, RLIMIT_AS, NULL, {rlim_cur=RLIM64_INFINITY, rlim_max=RLIM64_INFINITY}) = 0
17404 getrandom("\xf9\xe1\xc1\x59\xc2\x29\xcb\x74", 8, GRND_NONBLOCK) = 8
17404 brk(NULL)                         = 0x557a61ab2000
17404 brk(0x557a61ad3000)               = 0x557a61ad3000
17404 rt_sigaction(SIGRT_1, {sa_handler=0x7ff4864ac4b0, sa_mask=[], sa_flags=SA_RESTORER|SA_ONSTACK|SA_RESTART|SA_SIGINFO, sa_restorer=0x7ff48645bdf0}, NULL, 8) = 0
17404 rt_sigprocmask(SIG_UNBLOCK, [RTMIN RT_1], NULL, 8) = 0
17404 mmap(NULL, 8392704, PROT_NONE, MAP_PRIVATE|MAP_ANONYMOUS|MAP_STACK, -1, 0) = 0x7ff485c18000
17404 mprotect(0x7ff485c19000, 8388608, PROT_READ|PROT_WRITE) = 0
17404 rt_sigprocmask(SIG_BLOCK, ~[], [], 8) = 0
17404 clone3({flags=CLONE_VM|CLONE_FS|CLONE_FILES|CLONE_SIGHAND|CLONE_THREAD|CLONE_SYSVSEM|CLONE_SETTLS|CLONE_PARENT_SETTID|CLONE_CHILD_CLEARTID, child_tid=0x7ff486418990, parent_tid=0x7ff486418990, exit_signal=0, stack=0x7ff485c18000, stack_size=0x7fff80, tls=0x7ff4864186c0} <unfinished ...>
17405 rseq(0x7ff486418600, 0x20, 0, 0x53053053 <unfinished ...>
17404 <... clone3 resumed> => {parent_tid=[17405]}, 88) = 17405
17405 <... rseq resumed>)               = 0
17404 rt_sigprocmask(SIG_SETMASK, [],  <unfinished ...>
17405 set_robust_list(0x7ff4864189a0, 24 <unfinished ...>
17404 <... rt_sigprocmask resumed>NULL, 8) = 0
17405 <... set_robust_list resumed>)    = 0
17404 futex(0x7ffe9cf8f384, FUTEX_WAIT_PRIVATE, 0, NULL <unfinished ...>
17405 rt_sigprocmask(SIG_SETMASK, [], NULL, 8) = 0
17405 futex(0x7ffe9cf8f384, FUTEX_WAKE_PRIVATE, 2147483647 <unfinished ...>
17404 <... futex resumed>)              = 0
17405 <... futex resumed>)              = 1
17404 futex(0x7ffe9cf8f3a4, FUTEX_WAIT_PRIVATE, 0, NULL <unfinished ...>
17405 mmap(NULL, 16384, PROT_READ|PROT_WRITE, MAP_PRIVATE|MAP_ANONYMOUS|MAP_NORESERVE, -1, 0) = 0x100000000000
17405 munmap(0x100000000000, 16384)     = 0
17405 mmap(NULL, 16384, PROT_READ|PROT_WRITE, MAP_PRIVATE|MAP_ANONYMOUS|MAP_NORESERVE, -1, 0) = 0x100000000000
17405 munmap(0x100000000000, 16384)     = 0
17405 mmap(NULL, 16384, PROT_READ|PROT_WRITE, MAP_PRIVATE|MAP_ANONYMOUS|MAP_NORESERVE, -1, 0) = 0x100000000000
17405 munmap(0x100000000000, 16384)     = 0
17405 mmap(NULL, 16384, PROT_READ|PROT_WRITE, MAP_PRIVATE|MAP_ANONYMOUS|MAP_NORESERVE, -1, 0) = 0x100000000000
17405 munmap(0x100000000000, 16384)     = 0
17405 mmap(NULL, 16384, PROT_READ|PROT_WRITE, MAP_PRIVATE|MAP_ANONYMOUS|MAP_NORESERVE, -1, 0) = 0x100000000000
17405 munmap(0x100000000000, 16384)     = 0
17405 mmap(NULL, 16384, PROT_READ|PROT_WRITE, MAP_PRIVATE|MAP_ANONYMOUS|MAP_NORESERVE, -1, 0) = 0x100000000000
17405 munmap(0x100000000000, 16384)     = 0
17405 mmap(NULL, 16384, PROT_READ|PROT_WRITE, MAP_PRIVATE|MAP_ANONYMOUS|MAP_NORESERVE, -1, 0) = 0x100000000000
17405 munmap(0x100000000000, 16384)     = 0
17405 mmap(NULL, 16384, PROT_READ|PROT_WRITE, MAP_PRIVATE|MAP_ANONYMOUS|MAP_NORESERVE, -1, 0) = 0x100000000000
17405 munmap(0x100000000000, 16384)     = 0
17405 mmap(NULL, 16384, PROT_READ|PROT_WRITE, MAP_PRIVATE|MAP_ANONYMOUS|MAP_NORESERVE, -1, 0) = 0x100000000000
17405 munmap(0x100000000000, 16384)     = 0
17405 mmap(NULL, 16384, PROT_READ|PROT_WRITE, MAP_PRIVATE|MAP_ANONYMOUS|MAP_NORESERVE, -1, 0) = 0x100000000000
17405 munmap(0x100000000000, 16384)     = 0
17405 mmap(NULL, 16384, PROT_READ|PROT_WRITE, MAP_PRIVATE|MAP_ANONYMOUS|MAP_NORESERVE, -1, 0) = 0x100000000000
17405 munmap(0x100000000000, 16384)     = 0
17405 mmap(NULL, 16384, PROT_READ|PROT_WRITE, MAP_PRIVATE|MAP_ANONYMOUS|MAP_NORESERVE, -1, 0) = 0x100000000000
17405 munmap(0x100000000000, 16384)     = 0
17405 mmap(NULL, 16384, PROT_READ|PROT_WRITE, MAP_PRIVATE|MAP_ANONYMOUS|MAP_NORESERVE, -1, 0) = 0x100000000000
17405 munmap(0x100000000000, 16384)     = 0
17405 mmap(NULL, 16384, PROT_READ|PROT_WRITE, MAP_PRIVATE|MAP_ANONYMOUS|MAP_NORESERVE, -1, 0) = 0x100000000000
17405 munmap(0x100000000000, 16384)     = 0
17405 mmap(NULL, 16384, PROT_READ|PROT_WRITE, MAP_PRIVATE|MAP_ANONYMOUS|MAP_NORESERVE, -1, 0) = 0x100000000000
17405 munmap(0x100000000000, 16384)     = 0
17405 mmap(NULL, 16384, PROT_READ|PROT_WRITE, MAP_PRIVATE|MAP_ANONYMOUS|MAP_NORESERVE, -1, 0) = 0x100000000000
17405 munmap(0x100000000000, 16384)     = 0
17405 mmap(NULL, 16384, PROT_READ|PROT_WRITE, MAP_PRIVATE|MAP_ANONYMOUS|MAP_NORESERVE, -1, 0) = 0x100000000000
17405 munmap(0x100000000000, 16384)     = 0
17405 mmap(NULL, 16384, PROT_READ|PROT_WRITE, MAP_PRIVATE|MAP_ANONYMOUS|MAP_NORESERVE, -1, 0) = 0x100000000000
17405 munmap(0x100000000000, 16384)     = 0
17405 mmap(NULL, 16384, PROT_READ|PROT_WRITE, MAP_PRIVATE|MAP_ANONYMOUS|MAP_NORESERVE, -1, 0) = 0x100000000000
17405 munmap(0x100000000000, 16384)     = 0
17405 mmap(NULL, 16384, PROT_READ|PROT_WRITE, MAP_PRIVATE|MAP_ANONYMOUS|MAP_NORESERVE, -1, 0) = 0x100000000000
17405 munmap(0x100000000000, 16384)     = 0
17405 mmap(NULL, 16384, PROT_READ|PROT_WRITE, MAP_PRIVATE|MAP_ANONYMOUS|MAP_NORESERVE, -1, 0) = 0x100000000000
17405 munmap(0x100000000000, 16384)     = 0
17405 mmap(NULL, 16384, PROT_READ|PROT_WRITE, MAP_PRIVATE|MAP_ANONYMOUS|MAP_NORESERVE, -1, 0) = 0x100000000000
17405 munmap(0x100000000000, 16384)     = 0
17405 mmap(NULL, 16384, PROT_READ|PROT_WRITE, MAP_PRIVATE|MAP_ANONYMOUS|MAP_NORESERVE, -1, 0) = 0x100000000000
17405 munmap(0x100000000000, 16384)     = 0
17405 mmap(NULL, 16384, PROT_READ|PROT_WRITE, MAP_PRIVATE|MAP_ANONYMOUS|MAP_NORESERVE, -1, 0) = 0x100000000000
17405 munmap(0x100000000000, 16384)     = 0
17405 mmap(NULL, 16384, PROT_READ|PROT_WRITE, MAP_PRIVATE|MAP_ANONYMOUS|MAP_NORESERVE, -1, 0) = 0x100000000000
17405 munmap(0x100000000000, 16384)     = 0
17405 mmap(NULL, 16384, PROT_READ|PROT_WRITE, MAP_PRIVATE|MAP_ANONYMOUS|MAP_NORESERVE, -1, 0) = 0x100000000000
17405 munmap(0x100000000000, 16384)     = 0
17405 mmap(NULL, 16384, PROT_READ|PROT_WRITE, MAP_PRIVATE|MAP_ANONYMOUS|MAP_NORESERVE, -1, 0) = 0x100000000000
17405 munmap(0x100000000000, 16384)     = 0
17405 mmap(NULL, 16384, PROT_READ|PROT_WRITE, MAP_PRIVATE|MAP_ANONYMOUS|MAP_NORESERVE, -1, 0) = 0x100000000000
17405 munmap(0x100000000000, 16384)     = 0
17405 mmap(NULL, 16384, PROT_READ|PROT_WRITE, MAP_PRIVATE|MAP_ANONYMOUS|MAP_NORESERVE, -1, 0) = 0x100000000000
17405 munmap(0x100000000000, 16384)     = 0
17405 mmap(NULL, 16384, PROT_READ|PROT_WRITE, MAP_PRIVATE|MAP_ANONYMOUS|MAP_NORESERVE, -1, 0) = 0x100000000000
17405 munmap(0x100000000000, 16384)     = 0
17405 mmap(NULL, 16384, PROT_READ|PROT_WRITE, MAP_PRIVATE|MAP_ANONYMOUS|MAP_NORESERVE, -1, 0) = 0x100000000000
17405 munmap(0x100000000000, 16384)     = 0
17405 mmap(NULL, 16384, PROT_READ|PROT_WRITE, MAP_PRIVATE|MAP_ANONYMOUS|MAP_NORESERVE, -1, 0) = 0x100000000000
17405 munmap(0x100000000000, 16384)     = 0
17405 mmap(NULL, 16384, PROT_READ|PROT_WRITE, MAP_PRIVATE|MAP_ANONYMOUS|MAP_NORESERVE, -1, 0) = 0x100000000000
17405 munmap(0x100000000000, 16384)     = 0
17405 mmap(NULL, 16384, PROT_READ|PROT_WRITE, MAP_PRIVATE|MAP_ANONYMOUS|MAP_NORESERVE, -1, 0) = 0x100000000000
17405 munmap(0x100000000000, 16384)     = 0
17405 mmap(NULL, 16384, PROT_READ|PROT_WRITE, MAP_PRIVATE|MAP_ANONYMOUS|MAP_NORESERVE, -1, 0) = 0x100000000000
17405 munmap(0x100000000000, 16384)     = 0
17405 mmap(NULL, 16384, PROT_READ|PROT_WRITE, MAP_PRIVATE|MAP_ANONYMOUS|MAP_NORESERVE, -1, 0) = 0x100000000000
17405 munmap(0x100000000000, 16384)     = 0
17405 mmap(NULL, 16384, PROT_READ|PROT_WRITE, MAP_PRIVATE|MAP_ANONYMOUS|MAP_NORESERVE, -1, 0) = 0x100000000000
17405 munmap(0x100000000000, 16384)     = 0
17405 mmap(NULL, 16384, PROT_READ|PROT_WRITE, MAP_PRIVATE|MAP_ANONYMOUS|MAP_NORESERVE, -1, 0) = 0x100000000000
17405 munmap(0x100000000000, 16384)     = 0
17405 mmap(NULL, 16384, PROT_READ|PROT_WRITE, MAP_PRIVATE|MAP_ANONYMOUS|MAP_NORESERVE, -1, 0) = 0x100000000000
17405 munmap(0x100000000000, 16384)     = 0
17405 mmap(NULL, 16384, PROT_READ|PROT_WRITE, MAP_PRIVATE|MAP_ANONYMOUS|MAP_NORESERVE, -1, 0) = 0x100000000000
17405 munmap(0x100000000000, 16384)     = 0
17405 mmap(NULL, 16384, PROT_READ|PROT_WRITE, MAP_PRIVATE|MAP_ANONYMOUS|MAP_NORESERVE, -1, 0) = 0x100000000000
17405 munmap(0x100000000000, 16384)     = 0
17405 mmap(NULL, 16384, PROT_READ|PROT_WRITE, MAP_PRIVATE|MAP_ANONYMOUS|MAP_NORESERVE, -1, 0) = 0x100000000000
17405 munmap(0x100000000000, 16384)     = 0
17405 mmap(NULL, 16384, PROT_READ|PROT_WRITE, MAP_PRIVATE|MAP_ANONYMOUS|MAP_NORESERVE, -1, 0) = 0x100000000000
17405 munmap(0x100000000000, 16384)     = 0
17405 mmap(NULL, 16384, PROT_READ|PROT_WRITE, MAP_PRIVATE|MAP_ANONYMOUS|MAP_NORESERVE, -1, 0) = 0x100000000000
17405 munmap(0x100000000000, 16384)     = 0
17405 mmap(NULL, 16384, PROT_READ|PROT_WRITE, MAP_PRIVATE|MAP_ANONYMOUS|MAP_NORESERVE, -1, 0) = 0x100000000000
17405 munmap(0x100000000000, 16384)     = 0
17405 mmap(NULL, 16384, PROT_READ|PROT_WRITE, MAP_PRIVATE|MAP_ANONYMOUS|MAP_NORESERVE, -1, 0) = 0x100000000000
17405 munmap(0x100000000000, 16384)     = 0
17405 mmap(NULL, 16384, PROT_READ|PROT_WRITE, MAP_PRIVATE|MAP_ANONYMOUS|MAP_NORESERVE, -1, 0) = 0x100000000000
17405 munmap(0x100000000000, 16384)     = 0
17405 mmap(NULL, 16384, PROT_READ|PROT_WRITE, MAP_PRIVATE|MAP_ANONYMOUS|MAP_NORESERVE, -1, 0) = 0x100000000000
17405 munmap(0x100000000000, 16384)     = 0
17405 mmap(NULL, 16384, PROT_READ|PROT_WRITE, MAP_PRIVATE|MAP_ANONYMOUS|MAP_NORESERVE, -1, 0) = 0x100000000000
17405 munmap(0x100000000000, 16384)     = 0
17405 mmap(NULL, 16384, PROT_READ|PROT_WRITE, MAP_PRIVATE|MAP_ANONYMOUS|MAP_NORESERVE, -1, 0) = 0x100000000000
17405 munmap(0x100000000000, 16384)     = 0
17405 mmap(NULL, 16384, PROT_READ|PROT_WRITE, MAP_PRIVATE|MAP_ANONYMOUS|MAP_NORESERVE, -1, 0) = 0x100000000000
17405 munmap(0x100000000000, 16384)     = 0
17405 mmap(NULL, 16384, PROT_READ|PROT_WRITE, MAP_PRIVATE|MAP_ANONYMOUS|MAP_NORESERVE, -1, 0) = 0x100000000000
17405 munmap(0x100000000000, 16384)     = 0
17405 mmap(NULL, 16384, PROT_READ|PROT_WRITE, MAP_PRIVATE|MAP_ANONYMOUS|MAP_NORESERVE, -1, 0) = 0x100000000000
17405 munmap(0x100000000000, 16384)     = 0
17405 mmap(NULL, 16384, PROT_READ|PROT_WRITE, MAP_PRIVATE|MAP_ANONYMOUS|MAP_NORESERVE, -1, 0) = 0x100000000000
17405 munmap(0x100000000000, 16384)     = 0
17405 mmap(NULL, 16384, PROT_READ|PROT_WRITE, MAP_PRIVATE|MAP_ANONYMOUS|MAP_NORESERVE, -1, 0) = 0x100000000000
17405 munmap(0x100000000000, 16384)     = 0
17405 mmap(NULL, 16384, PROT_READ|PROT_WRITE, MAP_PRIVATE|MAP_ANONYMOUS|MAP_NORESERVE, -1, 0) = 0x100000000000
17405 munmap(0x100000000000, 16384)     = 0
17405 mmap(NULL, 16384, PROT_READ|PROT_WRITE, MAP_PRIVATE|MAP_ANONYMOUS|MAP_NORESERVE, -1, 0) = 0x100000000000
17405 munmap(0x100000000000, 16384)     = 0
17405 mmap(NULL, 16384, PROT_READ|PROT_WRITE, MAP_PRIVATE|MAP_ANONYMOUS|MAP_NORESERVE, -1, 0) = 0x100000000000
17405 munmap(0x100000000000, 16384)     = 0
17405 mmap(NULL, 16384, PROT_READ|PROT_WRITE, MAP_PRIVATE|MAP_ANONYMOUS|MAP_NORESERVE, -1, 0) = 0x100000000000
17405 munmap(0x100000000000, 16384)     = 0
17405 mmap(NULL, 16384, PROT_READ|PROT_WRITE, MAP_PRIVATE|MAP_ANONYMOUS|MAP_NORESERVE, -1, 0) = 0x100000000000
17405 munmap(0x100000000000, 16384)     = 0
17405 mmap(NULL, 16384, PROT_READ|PROT_WRITE, MAP_PRIVATE|MAP_ANONYMOUS|MAP_NORESERVE, -1, 0) = 0x100000000000
17405 munmap(0x100000000000, 16384)     = 0
17405 mmap(NULL, 16384, PROT_READ|PROT_WRITE, MAP_PRIVATE|MAP_ANONYMOUS|MAP_NORESERVE, -1, 0) = 0x100000000000
17405 munmap(0x100000000000, 16384)     = 0
17405 mmap(NULL, 16384, PROT_READ|PROT_WRITE, MAP_PRIVATE|MAP_ANONYMOUS|MAP_NORESERVE, -1, 0) = 0x100000000000
17405 munmap(0x100000000000, 16384)     = 0
17405 mmap(NULL, 16384, PROT_READ|PROT_WRITE, MAP_PRIVATE|MAP_ANONYMOUS|MAP_NORESERVE, -1, 0) = 0x100000000000
17405 munmap(0x100000000000, 16384)     = 0
17405 mmap(NULL, 16384, PROT_READ|PROT_WRITE, MAP_PRIVATE|MAP_ANONYMOUS|MAP_NORESERVE, -1, 0) = 0x100000000000
17405 munmap(0x100000000000, 16384)     = 0
17405 mmap(NULL, 16384, PROT_READ|PROT_WRITE, MAP_PRIVATE|MAP_ANONYMOUS|MAP_NORESERVE, -1, 0) = 0x100000000000
17405 munmap(0x100000000000, 16384)     = 0
17405 mmap(NULL, 16384, PROT_READ|PROT_WRITE, MAP_PRIVATE|MAP_ANONYMOUS|MAP_NORESERVE, -1, 0) = 0x100000000000
17405 munmap(0x100000000000, 16384)     = 0
17405 mmap(NULL, 16384, PROT_READ|PROT_WRITE, MAP_PRIVATE|MAP_ANONYMOUS|MAP_NORESERVE, -1, 0) = 0x100000000000
17405 munmap(0x100000000000, 16384)     = 0
17405 mmap(NULL, 16384, PROT_READ|PROT_WRITE, MAP_PRIVATE|MAP_ANONYMOUS|MAP_NORESERVE, -1, 0) = 0x100000000000
17405 munmap(0x100000000000, 16384)     = 0
17405 mmap(NULL, 16384, PROT_READ|PROT_WRITE, MAP_PRIVATE|MAP_ANONYMOUS|MAP_NORESERVE, -1, 0) = 0x100000000000
17405 munmap(0x100000000000, 16384)     = 0
17405 mmap(NULL, 16384, PROT_READ|PROT_WRITE, MAP_PRIVATE|MAP_ANONYMOUS|MAP_NORESERVE, -1, 0) = 0x100000000000
17405 munmap(0x100000000000, 16384)     = 0
17405 mmap(NULL, 16384, PROT_READ|PROT_WRITE, MAP_PRIVATE|MAP_ANONYMOUS|MAP_NORESERVE, -1, 0) = 0x100000000000
17405 munmap(0x100000000000, 16384)     = 0
17405 mmap(NULL, 16384, PROT_READ|PROT_WRITE, MAP_PRIVATE|MAP_ANONYMOUS|MAP_NORESERVE, -1, 0) = 0x100000000000
17405 munmap(0x100000000000, 16384)     = 0
17405 mmap(NULL, 16384, PROT_READ|PROT_WRITE, MAP_PRIVATE|MAP_ANONYMOUS|MAP_NORESERVE, -1, 0) = 0x100000000000
17405 munmap(0x100000000000, 16384)     = 0
17405 mmap(NULL, 16384, PROT_READ|PROT_WRITE, MAP_PRIVATE|MAP_ANONYMOUS|MAP_NORESERVE, -1, 0) = 0x100000000000
17405 munmap(0x100000000000, 16384)     = 0
17405 mmap(NULL, 16384, PROT_READ|PROT_WRITE, MAP_PRIVATE|MAP_ANONYMOUS|MAP_NORESERVE, -1, 0) = 0x100000000000
17405 munmap(0x100000000000, 16384)     = 0
17405 mmap(NULL, 16384, PROT_READ|PROT_WRITE, MAP_PRIVATE|MAP_ANONYMOUS|MAP_NORESERVE, -1, 0) = 0x100000000000
17405 munmap(0x100000000000, 16384)     = 0
17405 mmap(NULL, 16384, PROT_READ|PROT_WRITE, MAP_PRIVATE|MAP_ANONYMOUS|MAP_NORESERVE, -1, 0) = 0x100000000000
17405 munmap(0x100000000000, 16384)     = 0
17405 mmap(NULL, 16384, PROT_READ|PROT_WRITE, MAP_PRIVATE|MAP_ANONYMOUS|MAP_NORESERVE, -1, 0) = 0x100000000000
17405 munmap(0x100000000000, 16384)     = 0
17405 mmap(NULL, 16384, PROT_READ|PROT_WRITE, MAP_PRIVATE|MAP_ANONYMOUS|MAP_NORESERVE, -1, 0) = 0x100000000000
17405 munmap(0x100000000000, 16384)     = 0
17405 mmap(NULL, 16384, PROT_READ|PROT_WRITE, MAP_PRIVATE|MAP_ANONYMOUS|MAP_NORESERVE, -1, 0) = 0x100000000000
17405 munmap(0x100000000000, 16384)     = 0
17405 mmap(NULL, 16384, PROT_READ|PROT_WRITE, MAP_PRIVATE|MAP_ANONYMOUS|MAP_NORESERVE, -1, 0) = 0x100000000000
17405 munmap(0x100000000000, 16384)     = 0
17405 mmap(NULL, 16384, PROT_READ|PROT_WRITE, MAP_PRIVATE|MAP_ANONYMOUS|MAP_NORESERVE, -1, 0) = 0x100000000000
17405 munmap(0x100000000000, 16384)     = 0
17405 mmap(NULL, 16384, PROT_READ|PROT_WRITE, MAP_PRIVATE|MAP_ANONYMOUS|MAP_NORESERVE, -1, 0) = 0x100000000000
17405 munmap(0x100000000000, 16384)     = 0
17405 mmap(NULL, 16384, PROT_READ|PROT_WRITE, MAP_PRIVATE|MAP_ANONYMOUS|MAP_NORESERVE, -1, 0) = 0x100000000000
17405 munmap(0x100000000000, 16384)     = 0
17405 mmap(NULL, 16384, PROT_READ|PROT_WRITE, MAP_PRIVATE|MAP_ANONYMOUS|MAP_NORESERVE, -1, 0) = 0x100000000000
17405 munmap(0x100000000000, 16384)     = 0
17405 mmap(NULL, 16384, PROT_READ|PROT_WRITE, MAP_PRIVATE|MAP_ANONYMOUS|MAP_NORESERVE, -1, 0) = 0x100000000000
17405 munmap(0x100000000000, 16384)     = 0
17405 mmap(NULL, 16384, PROT_READ|PROT_WRITE, MAP_PRIVATE|MAP_ANONYMOUS|MAP_NORESERVE, -1, 0) = 0x100000000000
17405 munmap(0x100000000000, 16384)     = 0
17405 mmap(NULL, 16384, PROT_READ|PROT_WRITE, MAP_PRIVATE|MAP_ANONYMOUS|MAP_NORESERVE, -1, 0) = 0x100000000000
17405 munmap(0x100000000000, 16384)     = 0
17405 mmap(NULL, 16384, PROT_READ|PROT_WRITE, MAP_PRIVATE|MAP_ANONYMOUS|MAP_NORESERVE, -1, 0) = 0x100000000000
17405 munmap(0x100000000000, 16384)     = 0
17405 mmap(NULL, 16384, PROT_READ|PROT_WRITE, MAP_PRIVATE|MAP_ANONYMOUS|MAP_NORESERVE, -1, 0) = 0x100000000000
17405 munmap(0x100000000000, 16384)     = 0
17405 mmap(NULL, 16384, PROT_READ|PROT_WRITE, MAP_PRIVATE|MAP_ANONYMOUS|MAP_NORESERVE, -1, 0) = 0x100000000000
17405 munmap(0x100000000000, 16384)     = 0
17405 mmap(NULL, 16384, PROT_READ|PROT_WRITE, MAP_PRIVATE|MAP_ANONYMOUS|MAP_NORESERVE, -1, 0) = 0x100000000000
17405 munmap(0x100000000000, 16384)     = 0
17405 mmap(NULL, 16384, PROT_READ|PROT_WRITE, MAP_PRIVATE|MAP_ANONYMOUS|MAP_NORESERVE, -1, 0) = 0x100000000000
17405 munmap(0x100000000000, 16384)     = 0
17405 mmap(NULL, 16384, PROT_READ|PROT_WRITE, MAP_PRIVATE|MAP_ANONYMOUS|MAP_NORESERVE, -1, 0) = 0x100000000000
17405 munmap(0x100000000000, 16384)     = 0
17405 mmap(NULL, 16384, PROT_READ|PROT_WRITE, MAP_PRIVATE|MAP_ANONYMOUS|MAP_NORESERVE, -1, 0) = 0x100000000000
17405 munmap(0x100000000000, 16384)     = 0
17405 mmap(NULL, 16384, PROT_READ|PROT_WRITE, MAP_PRIVATE|MAP_ANONYMOUS|MAP_NORESERVE, -1, 0) = 0x100000000000
17405 munmap(0x100000000000, 16384)     = 0
17405 mmap(NULL, 16384, PROT_READ|PROT_WRITE, MAP_PRIVATE|MAP_ANONYMOUS|MAP_NORESERVE, -1, 0) = 0x100000000000
17405 munmap(0x100000000000, 16384)     = 0
17405 mmap(NULL, 16384, PROT_READ|PROT_WRITE, MAP_PRIVATE|MAP_ANONYMOUS|MAP_NORESERVE, -1, 0) = 0x100000000000
17405 munmap(0x100000000000, 16384)     = 0
17405 mmap(NULL, 16384, PROT_READ|PROT_WRITE, MAP_PRIVATE|MAP_ANONYMOUS|MAP_NORESERVE, -1, 0) = 0x100000000000
17405 munmap(0x100000000000, 16384)     = 0
17405 mmap(NULL, 16384, PROT_READ|PROT_WRITE, MAP_PRIVATE|MAP_ANONYMOUS|MAP_NORESERVE, -1, 0) = 0x100000000000
17405 munmap(0x100000000000, 16384)     = 0
17405 mmap(NULL, 16384, PROT_READ|PROT_WRITE, MAP_PRIVATE|MAP_ANONYMOUS|MAP_NORESERVE, -1, 0) = 0x100000000000
17405 munmap(0x100000000000, 16384)     = 0
17405 mmap(NULL, 16384, PROT_READ|PROT_WRITE, MAP_PRIVATE|MAP_ANONYMOUS|MAP_NORESERVE, -1, 0) = 0x100000000000
17405 munmap(0x100000000000, 16384)     = 0
17405 mmap(NULL, 16384, PROT_READ|PROT_WRITE, MAP_PRIVATE|MAP_ANONYMOUS|MAP_NORESERVE, -1, 0) = 0x100000000000
17405 munmap(0x100000000000, 16384)     = 0
17405 mmap(NULL, 16384, PROT_READ|PROT_WRITE, MAP_PRIVATE|MAP_ANONYMOUS|MAP_NORESERVE, -1, 0) = 0x100000000000
17405 munmap(0x100000000000, 16384)     = 0
17405 mmap(NULL, 16384, PROT_READ|PROT_WRITE, MAP_PRIVATE|MAP_ANONYMOUS|MAP_NORESERVE, -1, 0) = 0x100000000000
17405 munmap(0x100000000000, 16384)     = 0
17405 mmap(NULL, 16384, PROT_READ|PROT_WRITE, MAP_PRIVATE|MAP_ANONYMOUS|MAP_NORESERVE, -1, 0) = 0x100000000000
17405 munmap(0x100000000000, 16384)     = 0
17405 mmap(NULL, 16384, PROT_READ|PROT_WRITE, MAP_PRIVATE|MAP_ANONYMOUS|MAP_NORESERVE, -1, 0) = 0x100000000000
17405 munmap(0x100000000000, 16384)     = 0
17405 mmap(NULL, 16384, PROT_READ|PROT_WRITE, MAP_PRIVATE|MAP_ANONYMOUS|MAP_NORESERVE, -1, 0) = 0x100000000000
17405 munmap(0x100000000000, 16384)     = 0
17405 mmap(NULL, 16384, PROT_READ|PROT_WRITE, MAP_PRIVATE|MAP_ANONYMOUS|MAP_NORESERVE, -1, 0) = 0x100000000000
17405 munmap(0x100000000000, 16384)     = 0
17405 mmap(NULL, 16384, PROT_READ|PROT_WRITE, MAP_PRIVATE|MAP_ANONYMOUS|MAP_NORESERVE, -1, 0) = 0x100000000000
17405 munmap(0x100000000000, 16384)     = 0
17405 mmap(NULL, 16384, PROT_READ|PROT_WRITE, MAP_PRIVATE|MAP_ANONYMOUS|MAP_NORESERVE, -1, 0) = 0x100000000000
17405 munmap(0x100000000000, 16384)     = 0
17405 mmap(NULL, 16384, PROT_READ|PROT_WRITE, MAP_PRIVATE|MAP_ANONYMOUS|MAP_NORESERVE, -1, 0) = 0x100000000000
17405 munmap(0x100000000000, 16384)     = 0
17405 mmap(NULL, 16384, PROT_READ|PROT_WRITE, MAP_PRIVATE|MAP_ANONYMOUS|MAP_NORESERVE, -1, 0) = 0x100000000000
17405 munmap(0x100000000000, 16384)     = 0
17405 mmap(NULL, 16384, PROT_READ|PROT_WRITE, MAP_PRIVATE|MAP_ANONYMOUS|MAP_NORESERVE, -1, 0) = 0x100000000000
17405 munmap(0x100000000000, 16384)     = 0
17405 mmap(NULL, 16384, PROT_READ|PROT_WRITE, MAP_PRIVATE|MAP_ANONYMOUS|MAP_NORESERVE, -1, 0) = 0x100000000000
17405 munmap(0x100000000000, 16384)     = 0
17405 mmap(NULL, 16384, PROT_READ|PROT_WRITE, MAP_PRIVATE|MAP_ANONYMOUS|MAP_NORESERVE, -1, 0) = 0x100000000000
17405 munmap(0x100000000000, 16384)     = 0
17405 mmap(NULL, 16384, PROT_READ|PROT_WRITE, MAP_PRIVATE|MAP_ANONYMOUS|MAP_NORESERVE, -1, 0) = 0x100000000000
17405 munmap(0x100000000000, 16384)     = 0
17405 mmap(NULL, 16384, PROT_READ|PROT_WRITE, MAP_PRIVATE|MAP_ANONYMOUS|MAP_NORESERVE, -1, 0) = 0x100000000000
17405 munmap(0x100000000000, 16384)     = 0
17405 mmap(NULL, 16384, PROT_READ|PROT_WRITE, MAP_PRIVATE|MAP_ANONYMOUS|MAP_NORESERVE, -1, 0) = 0x100000000000
17405 munmap(0x100000000000, 16384)     = 0
17405 mmap(NULL, 16384, PROT_READ|PROT_WRITE, MAP_PRIVATE|MAP_ANONYMOUS|MAP_NORESERVE, -1, 0) = 0x100000000000
17405 munmap(0x100000000000, 16384)     = 0
17405 mmap(NULL, 16384, PROT_READ|PROT_WRITE, MAP_PRIVATE|MAP_ANONYMOUS|MAP_NORESERVE, -1, 0) = 0x100000000000
17405 munmap(0x100000000000, 16384)     = 0
17405 mmap(NULL, 16384, PROT_READ|PROT_WRITE, MAP_PRIVATE|MAP_ANONYMOUS|MAP_NORESERVE, -1, 0) = 0x100000000000
17405 munmap(0x100000000000, 16384)     = 0
17405 mmap(NULL, 16384, PROT_READ|PROT_WRITE, MAP_PRIVATE|MAP_ANONYMOUS|MAP_NORESERVE, -1, 0) = 0x100000000000
17405 munmap(0x100000000000, 16384)     = 0
17405 mmap(NULL, 16384, PROT_READ|PROT_WRITE, MAP_PRIVATE|MAP_ANONYMOUS|MAP_NORESERVE, -1, 0) = 0x100000000000
17405 munmap(0x100000000000, 16384)     = 0
17405 mmap(NULL, 16384, PROT_READ|PROT_WRITE, MAP_PRIVATE|MAP_ANONYMOUS|MAP_NORESERVE, -1, 0) = 0x100000000000
17405 munmap(0x100000000000, 16384)     = 0
17405 mmap(NULL, 16384, PROT_READ|PROT_WRITE, MAP_PRIVATE|MAP_ANONYMOUS|MAP_NORESERVE, -1, 0) = 0x100000000000
17405 munmap(0x100000000000, 16384)     = 0
17405 mmap(NULL, 16384, PROT_READ|PROT_WRITE, MAP_PRIVATE|MAP_ANONYMOUS|MAP_NORESERVE, -1, 0) = 0x100000000000
17405 munmap(0x100000000000, 16384)     = 0
17405 mmap(NULL, 16384, PROT_READ|PROT_WRITE, MAP_PRIVATE|MAP_ANONYMOUS|MAP_NORESERVE, -1, 0) = 0x100000000000
17405 munmap(0x100000000000, 16384)     = 0
17405 mmap(NULL, 16384, PROT_READ|PROT_WRITE, MAP_PRIVATE|MAP_ANONYMOUS|MAP_NORESERVE, -1, 0) = 0x100000000000
17405 munmap(0x100000000000, 16384)     = 0
17405 mmap(NULL, 16384, PROT_READ|PROT_WRITE, MAP_PRIVATE|MAP_ANONYMOUS|MAP_NORESERVE, -1, 0) = 0x100000000000
17405 munmap(0x100000000000, 16384)     = 0
17405 mmap(NULL, 16384, PROT_READ|PROT_WRITE, MAP_PRIVATE|MAP_ANONYMOUS|MAP_NORESERVE, -1, 0) = 0x100000000000
17405 munmap(0x100000000000, 16384)     = 0
17405 mmap(NULL, 16384, PROT_READ|PROT_WRITE, MAP_PRIVATE|MAP_ANONYMOUS|MAP_NORESERVE, -1, 0) = 0x100000000000
17405 munmap(0x100000000000, 16384)     = 0
17405 mmap(NULL, 16384, PROT_READ|PROT_WRITE, MAP_PRIVATE|MAP_ANONYMOUS|MAP_NORESERVE, -1, 0) = 0x100000000000
17405 munmap(0x100000000000, 16384)     = 0
17405 mmap(NULL, 16384, PROT_READ|PROT_WRITE, MAP_PRIVATE|MAP_ANONYMOUS|MAP_NORESERVE, -1, 0) = 0x100000000000
17405 munmap(0x100000000000, 16384)     = 0
17405 mmap(NULL, 16384, PROT_READ|PROT_WRITE, MAP_PRIVATE|MAP_ANONYMOUS|MAP_NORESERVE, -1, 0) = 0x100000000000
17405 munmap(0x100000000000, 16384)     = 0
17405 mmap(NULL, 16384, PROT_READ|PROT_WRITE, MAP_PRIVATE|MAP_ANONYMOUS|MAP_NORESERVE, -1, 0) = 0x100000000000
17405 munmap(0x100000000000, 16384)     = 0
17405 mmap(NULL, 16384, PROT_READ|PROT_WRITE, MAP_PRIVATE|MAP_ANONYMOUS|MAP_NORESERVE, -1, 0) = 0x100000000000
17405 munmap(0x100000000000, 16384)     = 0
17405 mmap(NULL, 16384, PROT_READ|PROT_WRITE, MAP_PRIVATE|MAP_ANONYMOUS|MAP_NORESERVE, -1, 0) = 0x100000000000
17405 munmap(0x100000000000, 16384)     = 0
17405 mmap(NULL, 16384, PROT_READ|PROT_WRITE, MAP_PRIVATE|MAP_ANONYMOUS|MAP_NORESERVE, -1, 0) = 0x100000000000
17405 munmap(0x100000000000, 16384)     = 0
17405 mmap(NULL, 16384, PROT_READ|PROT_WRITE, MAP_PRIVATE|MAP_ANONYMOUS|MAP_NORESERVE, -1, 0) = 0x100000000000
17405 munmap(0x100000000000, 16384)     = 0
17405 mmap(NULL, 16384, PROT_READ|PROT_WRITE, MAP_PRIVATE|MAP_ANONYMOUS|MAP_NORESERVE, -1, 0) = 0x100000000000
17405 munmap(0x100000000000, 16384)     = 0
17405 mmap(NULL, 16384, PROT_READ|PROT_WRITE, MAP_PRIVATE|MAP_ANONYMOUS|MAP_NORESERVE, -1, 0) = 0x100000000000
17405 munmap(0x100000000000, 16384)     = 0
17405 mmap(NULL, 16384, PROT_READ|PROT_WRITE, MAP_PRIVATE|MAP_ANONYMOUS|MAP_NORESERVE, -1, 0) = 0x100000000000
17405 munmap(0x100000000000, 16384)     = 0
17405 mmap(NULL, 16384, PROT_READ|PROT_WRITE, MAP_PRIVATE|MAP_ANONYMOUS|MAP_NORESERVE, -1, 0) = 0x100000000000
17405 munmap(0x100000000000, 16384)     = 0
17405 mmap(NULL, 16384, PROT_READ|PROT_WRITE, MAP_PRIVATE|MAP_ANONYMOUS|MAP_NORESERVE, -1, 0) = 0x100000000000
17405 munmap(0x100000000000, 16384)     = 0
17405 mmap(NULL, 16384, PROT_READ|PROT_WRITE, MAP_PRIVATE|MAP_ANONYMOUS|MAP_NORESERVE, -1, 0) = 0x100000000000
17405 munmap(0x100000000000, 16384)     = 0
17405 mmap(NULL, 16384, PROT_READ|PROT_WRITE, MAP_PRIVATE|MAP_ANONYMOUS|MAP_NORESERVE, -1, 0) = 0x100000000000
17405 munmap(0x100000000000, 16384)     = 0
17405 mmap(NULL, 16384, PROT_READ|PROT_WRITE, MAP_PRIVATE|MAP_ANONYMOUS|MAP_NORESERVE, -1, 0) = 0x100000000000
17405 munmap(0x100000000000, 16384)     = 0
17405 mmap(NULL, 16384, PROT_READ|PROT_WRITE, MAP_PRIVATE|MAP_ANONYMOUS|MAP_NORESERVE, -1, 0) = 0x100000000000
17405 munmap(0x100000000000, 16384)     = 0
17405 mmap(NULL, 16384, PROT_READ|PROT_WRITE, MAP_PRIVATE|MAP_ANONYMOUS|MAP_NORESERVE, -1, 0) = 0x100000000000
17405 munmap(0x100000000000, 16384)     = 0
17405 mmap(NULL, 16384, PROT_READ|PROT_WRITE, MAP_PRIVATE|MAP_ANONYMOUS|MAP_NORESERVE, -1, 0) = 0x100000000000
17405 munmap(0x100000000000, 16384)     = 0
17405 mmap(NULL, 16384, PROT_READ|PROT_WRITE, MAP_PRIVATE|MAP_ANONYMOUS|MAP_NORESERVE, -1, 0) = 0x100000000000
17405 munmap(0x100000000000, 16384)     = 0
17405 mmap(NULL, 16384, PROT_READ|PROT_WRITE, MAP_PRIVATE|MAP_ANONYMOUS|MAP_NORESERVE, -1, 0) = 0x100000000000
17405 munmap(0x100000000000, 16384)     = 0
17405 mmap(NULL, 16384, PROT_READ|PROT_WRITE, MAP_PRIVATE|MAP_ANONYMOUS|MAP_NORESERVE, -1, 0) = 0x100000000000
17405 munmap(0x100000000000, 16384)     = 0
17405 mmap(NULL, 16384, PROT_READ|PROT_WRITE, MAP_PRIVATE|MAP_ANONYMOUS|MAP_NORESERVE, -1, 0) = 0x100000000000
17405 munmap(0x100000000000, 16384)     = 0
17405 mmap(NULL, 16384, PROT_READ|PROT_WRITE, MAP_PRIVATE|MAP_ANONYMOUS|MAP_NORESERVE, -1, 0) = 0x100000000000
17405 munmap(0x100000000000, 16384)     = 0
17405 mmap(NULL, 16384, PROT_READ|PROT_WRITE, MAP_PRIVATE|MAP_ANONYMOUS|MAP_NORESERVE, -1, 0) = 0x100000000000
17405 munmap(0x100000000000, 16384)     = 0
17405 mmap(NULL, 16384, PROT_READ|PROT_WRITE, MAP_PRIVATE|MAP_ANONYMOUS|MAP_NORESERVE, -1, 0) = 0x100000000000
17405 munmap(0x100000000000, 16384)     = 0
17405 mmap(NULL, 16384, PROT_READ|PROT_WRITE, MAP_PRIVATE|MAP_ANONYMOUS|MAP_NORESERVE, -1, 0) = 0x100000000000
17405 munmap(0x100000000000, 16384)     = 0
17405 mmap(NULL, 16384, PROT_READ|PROT_WRITE, MAP_PRIVATE|MAP_ANONYMOUS|MAP_NORESERVE, -1, 0) = 0x100000000000
17405 munmap(0x100000000000, 16384)     = 0
17405 mmap(NULL, 16384, PROT_READ|PROT_WRITE, MAP_PRIVATE|MAP_ANONYMOUS|MAP_NORESERVE, -1, 0) = 0x100000000000
17405 munmap(0x100000000000, 16384)     = 0
17405 mmap(NULL, 16384, PROT_READ|PROT_WRITE, MAP_PRIVATE|MAP_ANONYMOUS|MAP_NORESERVE, -1, 0) = 0x100000000000
17405 munmap(0x100000000000, 16384)     = 0
17405 mmap(NULL, 16384, PROT_READ|PROT_WRITE, MAP_PRIVATE|MAP_ANONYMOUS|MAP_NORESERVE, -1, 0) = 0x100000000000
17405 munmap(0x100000000000, 16384)     = 0
17405 mmap(NULL, 16384, PROT_READ|PROT_WRITE, MAP_PRIVATE|MAP_ANONYMOUS|MAP_NORESERVE, -1, 0) = 0x100000000000
17405 munmap(0x100000000000, 16384)     = 0
17405 mmap(NULL, 16384, PROT_READ|PROT_WRITE, MAP_PRIVATE|MAP_ANONYMOUS|MAP_NORESERVE, -1, 0) = 0x100000000000
17405 munmap(0x100000000000, 16384)     = 0
17405 mmap(NULL, 16384, PROT_READ|PROT_WRITE, MAP_PRIVATE|MAP_ANONYMOUS|MAP_NORESERVE, -1, 0) = 0x100000000000
17405 munmap(0x100000000000, 16384)     = 0
17405 mmap(NULL, 16384, PROT_READ|PROT_WRITE, MAP_PRIVATE|MAP_ANONYMOUS|MAP_NORESERVE, -1, 0) = 0x100000000000
17405 munmap(0x100000000000, 16384)     = 0
17405 mmap(NULL, 16384, PROT_READ|PROT_WRITE, MAP_PRIVATE|MAP_ANONYMOUS|MAP_NORESERVE, -1, 0) = 0x100000000000
17405 munmap(0x100000000000, 16384)     = 0
17405 mmap(NULL, 16384, PROT_READ|PROT_WRITE, MAP_PRIVATE|MAP_ANONYMOUS|MAP_NORESERVE, -1, 0) = 0x100000000000
17405 munmap(0x100000000000, 16384)     = 0
17405 mmap(NULL, 16384, PROT_READ|PROT_WRITE, MAP_PRIVATE|MAP_ANONYMOUS|MAP_NORESERVE, -1, 0) = 0x100000000000
17405 munmap(0x100000000000, 16384)     = 0
17405 mmap(NULL, 16384, PROT_READ|PROT_WRITE, MAP_PRIVATE|MAP_ANONYMOUS|MAP_NORESERVE, -1, 0) = 0x100000000000
17405 munmap(0x100000000000, 16384)     = 0
17405 mmap(NULL, 16384, PROT_READ|PROT_WRITE, MAP_PRIVATE|MAP_ANONYMOUS|MAP_NORESERVE, -1, 0) = 0x100000000000
17405 munmap(0x100000000000, 16384)     = 0
17405 mmap(NULL, 16384, PROT_READ|PROT_WRITE, MAP_PRIVATE|MAP_ANONYMOUS|MAP_NORESERVE, -1, 0) = 0x100000000000
17405 munmap(0x100000000000, 16384)     = 0
17405 mmap(NULL, 16384, PROT_READ|PROT_WRITE, MAP_PRIVATE|MAP_ANONYMOUS|MAP_NORESERVE, -1, 0) = 0x100000000000
17405 munmap(0x100000000000, 16384)     = 0
17405 mmap(NULL, 16384, PROT_READ|PROT_WRITE, MAP_PRIVATE|MAP_ANONYMOUS|MAP_NORESERVE, -1, 0) = 0x100000000000
17405 munmap(0x100000000000, 16384)     = 0
17405 mmap(NULL, 16384, PROT_READ|PROT_WRITE, MAP_PRIVATE|MAP_ANONYMOUS|MAP_NORESERVE, -1, 0) = 0x100000000000
17405 munmap(0x100000000000, 16384)     = 0
17405 mmap(NULL, 16384, PROT_READ|PROT_WRITE, MAP_PRIVATE|MAP_ANONYMOUS|MAP_NORESERVE, -1, 0) = 0x100000000000
17405 munmap(0x100000000000, 16384)     = 0
17405 mmap(NULL, 16384, PROT_READ|PROT_WRITE, MAP_PRIVATE|MAP_ANONYMOUS|MAP_NORESERVE, -1, 0) = 0x100000000000
17405 munmap(0x100000000000, 16384)     = 0
17405 mmap(NULL, 16384, PROT_READ|PROT_WRITE, MAP_PRIVATE|MAP_ANONYMOUS|MAP_NORESERVE, -1, 0) = 0x100000000000
17405 munmap(0x100000000000, 16384)     = 0
17405 mmap(NULL, 16384, PROT_READ|PROT_WRITE, MAP_PRIVATE|MAP_ANONYMOUS|MAP_NORESERVE, -1, 0) = 0x100000000000
17405 munmap(0x100000000000, 16384)     = 0
17405 mmap(NULL, 16384, PROT_READ|PROT_WRITE, MAP_PRIVATE|MAP_ANONYMOUS|MAP_NORESERVE, -1, 0) = 0x100000000000
17405 munmap(0x100000000000, 16384)     = 0
17405 mmap(NULL, 16384, PROT_READ|PROT_WRITE, MAP_PRIVATE|MAP_ANONYMOUS|MAP_NORESERVE, -1, 0) = 0x100000000000
17405 munmap(0x100000000000, 16384)     = 0
17405 mmap(NULL, 16384, PROT_READ|PROT_WRITE, MAP_PRIVATE|MAP_ANONYMOUS|MAP_NORESERVE, -1, 0) = 0x100000000000
17405 munmap(0x100000000000, 16384)     = 0
17405 mmap(NULL, 16384, PROT_READ|PROT_WRITE, MAP_PRIVATE|MAP_ANONYMOUS|MAP_NORESERVE, -1, 0) = 0x100000000000
17405 munmap(0x100000000000, 16384)     = 0
17405 mmap(NULL, 16384, PROT_READ|PROT_WRITE, MAP_PRIVATE|MAP_ANONYMOUS|MAP_NORESERVE, -1, 0) = 0x100000000000
17405 munmap(0x100000000000, 16384)     = 0
17405 mmap(NULL, 16384, PROT_READ|PROT_WRITE, MAP_PRIVATE|MAP_ANONYMOUS|MAP_NORESERVE, -1, 0) = 0x100000000000
17405 munmap(0x100000000000, 16384)     = 0
17405 mmap(NULL, 16384, PROT_READ|PROT_WRITE, MAP_PRIVATE|MAP_ANONYMOUS|MAP_NORESERVE, -1, 0) = 0x100000000000
17405 munmap(0x100000000000, 16384)     = 0
17405 mmap(NULL, 16384, PROT_READ|PROT_WRITE, MAP_PRIVATE|MAP_ANONYMOUS|MAP_NORESERVE, -1, 0) = 0x100000000000
17405 munmap(0x100000000000, 16384)     = 0
17405 mmap(NULL, 16384, PROT_READ|PROT_WRITE, MAP_PRIVATE|MAP_ANONYMOUS|MAP_NORESERVE, -1, 0) = 0x100000000000
17405 munmap(0x100000000000, 16384)     = 0
17405 mmap(NULL, 16384, PROT_READ|PROT_WRITE, MAP_PRIVATE|MAP_ANONYMOUS|MAP_NORESERVE, -1, 0) = 0x100000000000
17405 munmap(0x100000000000, 16384)     = 0
17405 mmap(NULL, 16384, PROT_READ|PROT_WRITE, MAP_PRIVATE|MAP_ANONYMOUS|MAP_NORESERVE, -1, 0) = 0x100000000000
17405 munmap(0x100000000000, 16384)     = 0
17405 mmap(NULL, 16384, PROT_READ|PROT_WRITE, MAP_PRIVATE|MAP_ANONYMOUS|MAP_NORESERVE, -1, 0) = 0x100000000000
17405 munmap(0x100000000000, 16384)     = 0
17405 mmap(NULL, 16384, PROT_READ|PROT_WRITE, MAP_PRIVATE|MAP_ANONYMOUS|MAP_NORESERVE, -1, 0) = 0x100000000000
17405 munmap(0x100000000000, 16384)     = 0
17405 mmap(NULL, 16384, PROT_READ|PROT_WRITE, MAP_PRIVATE|MAP_ANONYMOUS|MAP_NORESERVE, -1, 0) = 0x100000000000
17405 munmap(0x100000000000, 16384)     = 0
17405 mmap(NULL, 16384, PROT_READ|PROT_WRITE, MAP_PRIVATE|MAP_ANONYMOUS|MAP_NORESERVE, -1, 0) = 0x100000000000
17405 munmap(0x100000000000, 16384)     = 0
17405 mmap(NULL, 16384, PROT_READ|PROT_WRITE, MAP_PRIVATE|MAP_ANONYMOUS|MAP_NORESERVE, -1, 0) = 0x100000000000
17405 munmap(0x100000000000, 16384)     = 0
17405 mmap(NULL, 16384, PROT_READ|PROT_WRITE, MAP_PRIVATE|MAP_ANONYMOUS|MAP_NORESERVE, -1, 0) = 0x100000000000
17405 munmap(0x100000000000, 16384)     = 0
17405 mmap(NULL, 16384, PROT_READ|PROT_WRITE, MAP_PRIVATE|MAP_ANONYMOUS|MAP_NORESERVE, -1, 0) = 0x100000000000
17405 munmap(0x100000000000, 16384)     = 0
17405 mmap(NULL, 16384, PROT_READ|PROT_WRITE, MAP_PRIVATE|MAP_ANONYMOUS|MAP_NORESERVE, -1, 0) = 0x100000000000
17405 munmap(0x100000000000, 16384)     = 0
17405 mmap(NULL, 16384, PROT_READ|PROT_WRITE, MAP_PRIVATE|MAP_ANONYMOUS|MAP_NORESERVE, -1, 0) = 0x100000000000
17405 munmap(0x100000000000, 16384)     = 0
17405 mmap(NULL, 16384, PROT_READ|PROT_WRITE, MAP_PRIVATE|MAP_ANONYMOUS|MAP_NORESERVE, -1, 0) = 0x100000000000
17405 munmap(0x100000000000, 16384)     = 0
17405 mmap(NULL, 16384, PROT_READ|PROT_WRITE, MAP_PRIVATE|MAP_ANONYMOUS|MAP_NORESERVE, -1, 0) = 0x100000000000
17405 munmap(0x100000000000, 16384)     = 0
17405 mmap(NULL, 16384, PROT_READ|PROT_WRITE, MAP_PRIVATE|MAP_ANONYMOUS|MAP_NORESERVE, -1, 0) = 0x100000000000
17405 munmap(0x100000000000, 16384)     = 0
17405 mmap(NULL, 16384, PROT_READ|PROT_WRITE, MAP_PRIVATE|MAP_ANONYMOUS|MAP_NORESERVE, -1, 0) = 0x100000000000
17405 munmap(0x100000000000, 16384)     = 0
17405 mmap(NULL, 16384, PROT_READ|PROT_WRITE, MAP_PRIVATE|MAP_ANONYMOUS|MAP_NORESERVE, -1, 0) = 0x100000000000
17405 munmap(0x100000000000, 16384)     = 0
17405 mmap(NULL, 16384, PROT_READ|PROT_WRITE, MAP_PRIVATE|MAP_ANONYMOUS|MAP_NORESERVE, -1, 0) = 0x100000000000
17405 munmap(0x100000000000, 16384)     = 0
17405 mmap(NULL, 16384, PROT_READ|PROT_WRITE, MAP_PRIVATE|MAP_ANONYMOUS|MAP_NORESERVE, -1, 0) = 0x100000000000
17405 munmap(0x100000000000, 16384)     = 0
17405 mmap(NULL, 16384, PROT_READ|PROT_WRITE, MAP_PRIVATE|MAP_ANONYMOUS|MAP_NORESERVE, -1, 0) = 0x100000000000
17405 munmap(0x100000000000, 16384)     = 0
17405 mmap(NULL, 16384, PROT_READ|PROT_WRITE, MAP_PRIVATE|MAP_ANONYMOUS|MAP_NORESERVE, -1, 0) = 0x100000000000
17405 munmap(0x100000000000, 16384)     = 0
17405 mmap(NULL, 16384, PROT_READ|PROT_WRITE, MAP_PRIVATE|MAP_ANONYMOUS|MAP_NORESERVE, -1, 0) = 0x100000000000
17405 munmap(0x100000000000, 16384)     = 0
17405 mmap(NULL, 16384, PROT_READ|PROT_WRITE, MAP_PRIVATE|MAP_ANONYMOUS|MAP_NORESERVE, -1, 0) = 0x100000000000
17405 munmap(0x100000000000, 16384)     = 0
17405 mmap(NULL, 16384, PROT_READ|PROT_WRITE, MAP_PRIVATE|MAP_ANONYMOUS|MAP_NORESERVE, -1, 0) = 0x100000000000
17405 munmap(0x100000000000, 16384)     = 0
17405 mmap(NULL, 16384, PROT_READ|PROT_WRITE, MAP_PRIVATE|MAP_ANONYMOUS|MAP_NORESERVE, -1, 0) = 0x100000000000
17405 munmap(0x100000000000, 16384)     = 0
17405 mmap(NULL, 16384, PROT_READ|PROT_WRITE, MAP_PRIVATE|MAP_ANONYMOUS|MAP_NORESERVE, -1, 0) = 0x100000000000
17405 munmap(0x100000000000, 16384)     = 0
17405 mmap(NULL, 16384, PROT_READ|PROT_WRITE, MAP_PRIVATE|MAP_ANONYMOUS|MAP_NORESERVE, -1, 0) = 0x100000000000
17405 munmap(0x100000000000, 16384)     = 0
17405 mmap(NULL, 16384, PROT_READ|PROT_WRITE, MAP_PRIVATE|MAP_ANONYMOUS|MAP_NORESERVE, -1, 0) = 0x100000000000
17405 munmap(0x100000000000, 16384)     = 0
17405 mmap(NULL, 16384, PROT_READ|PROT_WRITE, MAP_PRIVATE|MAP_ANONYMOUS|MAP_NORESERVE, -1, 0) = 0x100000000000
17405 munmap(0x100000000000, 16384)     = 0
17405 mmap(NULL, 16384, PROT_READ|PROT_WRITE, MAP_PRIVATE|MAP_ANONYMOUS|MAP_NORESERVE, -1, 0) = 0x100000000000
17405 munmap(0x100000000000, 16384)     = 0
17405 mmap(NULL, 16384, PROT_READ|PROT_WRITE, MAP_PRIVATE|MAP_ANONYMOUS|MAP_NORESERVE, -1, 0) = 0x100000000000
17405 munmap(0x100000000000, 16384)     = 0
17405 mmap(NULL, 16384, PROT_READ|PROT_WRITE, MAP_PRIVATE|MAP_ANONYMOUS|MAP_NORESERVE, -1, 0) = 0x100000000000
17405 munmap(0x100000000000, 16384)     = 0
17405 mmap(NULL, 16384, PROT_READ|PROT_WRITE, MAP_PRIVATE|MAP_ANONYMOUS|MAP_NORESERVE, -1, 0) = 0x100000000000
17405 munmap(0x100000000000, 16384)     = 0
17405 mmap(NULL, 16384, PROT_READ|PROT_WRITE, MAP_PRIVATE|MAP_ANONYMOUS|MAP_NORESERVE, -1, 0) = 0x100000000000
17405 munmap(0x100000000000, 16384)     = 0
17405 mmap(NULL, 16384, PROT_READ|PROT_WRITE, MAP_PRIVATE|MAP_ANONYMOUS|MAP_NORESERVE, -1, 0) = 0x100000000000
17405 munmap(0x100000000000, 16384)     = 0
17405 mmap(NULL, 16384, PROT_READ|PROT_WRITE, MAP_PRIVATE|MAP_ANONYMOUS|MAP_NORESERVE, -1, 0) = 0x100000000000
17405 munmap(0x100000000000, 16384)     = 0
17405 mmap(NULL, 16384, PROT_READ|PROT_WRITE, MAP_PRIVATE|MAP_ANONYMOUS|MAP_NORESERVE, -1, 0) = 0x100000000000
17405 munmap(0x100000000000, 16384)     = 0
17405 mmap(NULL, 16384, PROT_READ|PROT_WRITE, MAP_PRIVATE|MAP_ANONYMOUS|MAP_NORESERVE, -1, 0) = 0x100000000000
17405 munmap(0x100000000000, 16384)     = 0
17405 mmap(NULL, 16384, PROT_READ|PROT_WRITE, MAP_PRIVATE|MAP_ANONYMOUS|MAP_NORESERVE, -1, 0) = 0x100000000000
17405 munmap(0x100000000000, 16384)     = 0
17405 mmap(NULL, 16384, PROT_READ|PROT_WRITE, MAP_PRIVATE|MAP_ANONYMOUS|MAP_NORESERVE, -1, 0) = 0x100000000000
17405 munmap(0x100000000000, 16384)     = 0
17405 mmap(NULL, 16384, PROT_READ|PROT_WRITE, MAP_PRIVATE|MAP_ANONYMOUS|MAP_NORESERVE, -1, 0) = 0x100000000000
17405 munmap(0x100000000000, 16384)     = 0
17405 mmap(NULL, 16384, PROT_READ|PROT_WRITE, MAP_PRIVATE|MAP_ANONYMOUS|MAP_NORESERVE, -1, 0) = 0x100000000000
17405 munmap(0x100000000000, 16384)     = 0
17405 mmap(NULL, 16384, PROT_READ|PROT_WRITE, MAP_PRIVATE|MAP_ANONYMOUS|MAP_NORESERVE, -1, 0) = 0x100000000000
17405 munmap(0x100000000000, 16384)     = 0
17405 mmap(NULL, 16384, PROT_READ|PROT_WRITE, MAP_PRIVATE|MAP_ANONYMOUS|MAP_NORESERVE, -1, 0) = 0x100000000000
17405 munmap(0x100000000000, 16384)     = 0
17405 mmap(NULL, 16384, PROT_READ|PROT_WRITE, MAP_PRIVATE|MAP_ANONYMOUS|MAP_NORESERVE, -1, 0) = 0x100000000000
17405 munmap(0x100000000000, 16384)     = 0
17405 mmap(NULL, 16384, PROT_READ|PROT_WRITE, MAP_PRIVATE|MAP_ANONYMOUS|MAP_NORESERVE, -1, 0) = 0x100000000000
17405 munmap(0x100000000000, 16384)     = 0
17405 mmap(NULL, 16384, PROT_READ|PROT_WRITE, MAP_PRIVATE|MAP_ANONYMOUS|MAP_NORESERVE, -1, 0) = 0x100000000000
17405 munmap(0x100000000000, 16384)     = 0
17405 mmap(NULL, 16384, PROT_READ|PROT_WRITE, MAP_PRIVATE|MAP_ANONYMOUS|MAP_NORESERVE, -1, 0) = 0x100000000000
17405 munmap(0x100000000000, 16384)     = 0
17405 mmap(NULL, 16384, PROT_READ|PROT_WRITE, MAP_PRIVATE|MAP_ANONYMOUS|MAP_NORESERVE, -1, 0) = 0x100000000000
17405 munmap(0x100000000000, 16384)     = 0
17405 mmap(NULL, 16384, PROT_READ|PROT_WRITE, MAP_PRIVATE|MAP_ANONYMOUS|MAP_NORESERVE, -1, 0) = 0x100000000000
17405 munmap(0x100000000000, 16384)     = 0
17405 mmap(NULL, 16384, PROT_READ|PROT_WRITE, MAP_PRIVATE|MAP_ANONYMOUS|MAP_NORESERVE, -1, 0) = 0x100000000000
17405 munmap(0x100000000000, 16384)     = 0
17405 mmap(NULL, 16384, PROT_READ|PROT_WRITE, MAP_PRIVATE|MAP_ANONYMOUS|MAP_NORESERVE, -1, 0) = 0x100000000000
17405 munmap(0x100000000000, 16384)     = 0
17405 mmap(NULL, 16384, PROT_READ|PROT_WRITE, MAP_PRIVATE|MAP_ANONYMOUS|MAP_NORESERVE, -1, 0) = 0x100000000000
17405 munmap(0x100000000000, 16384)     = 0
17405 mmap(NULL, 16384, PROT_READ|PROT_WRITE, MAP_PRIVATE|MAP_ANONYMOUS|MAP_NORESERVE, -1, 0) = 0x100000000000
17405 munmap(0x100000000000, 16384)     = 0
17405 mmap(NULL, 16384, PROT_READ|PROT_WRITE, MAP_PRIVATE|MAP_ANONYMOUS|MAP_NORESERVE, -1, 0) = 0x100000000000
17405 munmap(0x100000000000, 16384)     = 0
17405 mmap(NULL, 16384, PROT_READ|PROT_WRITE, MAP_PRIVATE|MAP_ANONYMOUS|MAP_NORESERVE, -1, 0) = 0x100000000000
17405 munmap(0x100000000000, 16384)     = 0
17405 mmap(NULL, 16384, PROT_READ|PROT_WRITE, MAP_PRIVATE|MAP_ANONYMOUS|MAP_NORESERVE, -1, 0) = 0x100000000000
17405 munmap(0x100000000000, 16384)     = 0
17405 mmap(NULL, 16384, PROT_READ|PROT_WRITE, MAP_PRIVATE|MAP_ANONYMOUS|MAP_NORESERVE, -1, 0) = 0x100000000000
17405 munmap(0x100000000000, 16384)     = 0
17405 mmap(NULL, 16384, PROT_READ|PROT_WRITE, MAP_PRIVATE|MAP_ANONYMOUS|MAP_NORESERVE, -1, 0) = 0x100000000000
17405 munmap(0x100000000000, 16384)     = 0
17405 mmap(NULL, 16384, PROT_READ|PROT_WRITE, MAP_PRIVATE|MAP_ANONYMOUS|MAP_NORESERVE, -1, 0) = 0x100000000000
17405 munmap(0x100000000000, 16384)     = 0
17405 mmap(NULL, 16384, PROT_READ|PROT_WRITE, MAP_PRIVATE|MAP_ANONYMOUS|MAP_NORESERVE, -1, 0) = 0x100000000000
17405 munmap(0x100000000000, 16384)     = 0
17405 mmap(NULL, 16384, PROT_READ|PROT_WRITE, MAP_PRIVATE|MAP_ANONYMOUS|MAP_NORESERVE, -1, 0) = 0x100000000000
17405 munmap(0x100000000000, 16384)     = 0
17405 mmap(NULL, 16384, PROT_READ|PROT_WRITE, MAP_PRIVATE|MAP_ANONYMOUS|MAP_NORESERVE, -1, 0) = 0x100000000000
17405 munmap(0x100000000000, 16384)     = 0
17405 mmap(NULL, 16384, PROT_READ|PROT_WRITE, MAP_PRIVATE|MAP_ANONYMOUS|MAP_NORESERVE, -1, 0) = 0x100000000000
17405 munmap(0x100000000000, 16384)     = 0
17405 mmap(NULL, 16384, PROT_READ|PROT_WRITE, MAP_PRIVATE|MAP_ANONYMOUS|MAP_NORESERVE, -1, 0) = 0x100000000000
17405 munmap(0x100000000000, 16384)     = 0
17405 mmap(NULL, 16384, PROT_READ|PROT_WRITE, MAP_PRIVATE|MAP_ANONYMOUS|MAP_NORESERVE, -1, 0) = 0x100000000000
17405 munmap(0x100000000000, 16384)     = 0
17405 mmap(NULL, 16384, PROT_READ|PROT_WRITE, MAP_PRIVATE|MAP_ANONYMOUS|MAP_NORESERVE, -1, 0) = 0x100000000000
17405 munmap(0x100000000000, 16384)     = 0
17405 mmap(NULL, 16384, PROT_READ|PROT_WRITE, MAP_PRIVATE|MAP_ANONYMOUS|MAP_NORESERVE, -1, 0) = 0x100000000000
17405 munmap(0x100000000000, 16384)     = 0
17405 mmap(NULL, 16384, PROT_READ|PROT_WRITE, MAP_PRIVATE|MAP_ANONYMOUS|MAP_NORESERVE, -1, 0) = 0x100000000000
17405 munmap(0x100000000000, 16384)     = 0
17405 mmap(NULL, 16384, PROT_READ|PROT_WRITE, MAP_PRIVATE|MAP_ANONYMOUS|MAP_NORESERVE, -1, 0) = 0x100000000000
17405 munmap(0x100000000000, 16384)     = 0
17405 mmap(NULL, 16384, PROT_READ|PROT_WRITE, MAP_PRIVATE|MAP_ANONYMOUS|MAP_NORESERVE, -1, 0) = 0x100000000000
17405 munmap(0x100000000000, 16384)     = 0
17405 mmap(NULL, 16384, PROT_READ|PROT_WRITE, MAP_PRIVATE|MAP_ANONYMOUS|MAP_NORESERVE, -1, 0) = 0x100000000000
17405 munmap(0x100000000000, 16384)     = 0
17405 mmap(NULL, 16384, PROT_READ|PROT_WRITE, MAP_PRIVATE|MAP_ANONYMOUS|MAP_NORESERVE, -1, 0) = 0x100000000000
17405 munmap(0x100000000000, 16384)     = 0
17405 mmap(NULL, 16384, PROT_READ|PROT_WRITE, MAP_PRIVATE|MAP_ANONYMOUS|MAP_NORESERVE, -1, 0) = 0x100000000000
17405 munmap(0x100000000000, 16384)     = 0
17405 mmap(NULL, 16384, PROT_READ|PROT_WRITE, MAP_PRIVATE|MAP_ANONYMOUS|MAP_NORESERVE, -1, 0) = 0x100000000000
17405 munmap(0x100000000000, 16384)     = 0
17405 mmap(NULL, 16384, PROT_READ|PROT_WRITE, MAP_PRIVATE|MAP_ANONYMOUS|MAP_NORESERVE, -1, 0) = 0x100000000000
17405 munmap(0x100000000000, 16384)     = 0
17405 mmap(NULL, 16384, PROT_READ|PROT_WRITE, MAP_PRIVATE|MAP_ANONYMOUS|MAP_NORESERVE, -1, 0) = 0x100000000000
17405 munmap(0x100000000000, 16384)     = 0
17405 mmap(NULL, 16384, PROT_READ|PROT_WRITE, MAP_PRIVATE|MAP_ANONYMOUS|MAP_NORESERVE, -1, 0) = 0x100000000000
17405 munmap(0x100000000000, 16384)     = 0
17405 mmap(NULL, 16384, PROT_READ|PROT_WRITE, MAP_PRIVATE|MAP_ANONYMOUS|MAP_NORESERVE, -1, 0) = 0x100000000000
17405 munmap(0x100000000000, 16384)     = 0
17405 mmap(NULL, 16384, PROT_READ|PROT_WRITE, MAP_PRIVATE|MAP_ANONYMOUS|MAP_NORESERVE, -1, 0) = 0x100000000000
17405 munmap(0x100000000000, 16384)     = 0
17405 mmap(NULL, 16384, PROT_READ|PROT_WRITE, MAP_PRIVATE|MAP_ANONYMOUS|MAP_NORESERVE, -1, 0) = 0x100000000000
17405 munmap(0x100000000000, 16384)     = 0
17405 mmap(NULL, 16384, PROT_READ|PROT_WRITE, MAP_PRIVATE|MAP_ANONYMOUS|MAP_NORESERVE, -1, 0) = 0x100000000000
17405 munmap(0x100000000000, 16384)     = 0
17405 mmap(NULL, 16384, PROT_READ|PROT_WRITE, MAP_PRIVATE|MAP_ANONYMOUS|MAP_NORESERVE, -1, 0) = 0x100000000000
17405 munmap(0x100000000000, 16384)     = 0
17405 mmap(NULL, 16384, PROT_READ|PROT_WRITE, MAP_PRIVATE|MAP_ANONYMOUS|MAP_NORESERVE, -1, 0) = 0x100000000000
17405 munmap(0x100000000000, 16384)     = 0
17405 mmap(NULL, 16384, PROT_READ|PROT_WRITE, MAP_PRIVATE|MAP_ANONYMOUS|MAP_NORESERVE, -1, 0) = 0x100000000000
17405 munmap(0x100000000000, 16384)     = 0
17405 mmap(NULL, 16384, PROT_READ|PROT_WRITE, MAP_PRIVATE|MAP_ANONYMOUS|MAP_NORESERVE, -1, 0) = 0x100000000000
17405 munmap(0x100000000000, 16384)     = 0
17405 mmap(NULL, 16384, PROT_READ|PROT_WRITE, MAP_PRIVATE|MAP_ANONYMOUS|MAP_NORESERVE, -1, 0) = 0x100000000000
17405 munmap(0x100000000000, 16384)     = 0
17405 mmap(NULL, 16384, PROT_READ|PROT_WRITE, MAP_PRIVATE|MAP_ANONYMOUS|MAP_NORESERVE, -1, 0) = 0x100000000000
17405 munmap(0x100000000000, 16384)     = 0
17405 mmap(NULL, 16384, PROT_READ|PROT_WRITE, MAP_PRIVATE|MAP_ANONYMOUS|MAP_NORESERVE, -1, 0) = 0x100000000000
17405 munmap(0x100000000000, 16384)     = 0
17405 mmap(NULL, 16384, PROT_READ|PROT_WRITE, MAP_PRIVATE|MAP_ANONYMOUS|MAP_NORESERVE, -1, 0) = 0x100000000000
17405 munmap(0x100000000000, 16384)     = 0
17405 mmap(NULL, 16384, PROT_READ|PROT_WRITE, MAP_PRIVATE|MAP_ANONYMOUS|MAP_NORESERVE, -1, 0) = 0x100000000000
17405 munmap(0x100000000000, 16384)     = 0
17405 mmap(NULL, 16384, PROT_READ|PROT_WRITE, MAP_PRIVATE|MAP_ANONYMOUS|MAP_NORESERVE, -1, 0) = 0x100000000000
17405 munmap(0x100000000000, 16384)     = 0
17405 mmap(NULL, 16384, PROT_READ|PROT_WRITE, MAP_PRIVATE|MAP_ANONYMOUS|MAP_NORESERVE, -1, 0) = 0x100000000000
17405 munmap(0x100000000000, 16384)     = 0
17405 mmap(NULL, 16384, PROT_READ|PROT_WRITE, MAP_PRIVATE|MAP_ANONYMOUS|MAP_NORESERVE, -1, 0) = 0x100000000000
17405 munmap(0x100000000000, 16384)     = 0
17405 mmap(NULL, 16384, PROT_READ|PROT_WRITE, MAP_PRIVATE|MAP_ANONYMOUS|MAP_NORESERVE, -1, 0) = 0x100000000000
17405 munmap(0x100000000000, 16384)     = 0
17405 mmap(NULL, 16384, PROT_READ|PROT_WRITE, MAP_PRIVATE|MAP_ANONYMOUS|MAP_NORESERVE, -1, 0) = 0x100000000000
17405 munmap(0x100000000000, 16384)     = 0
17405 mmap(NULL, 16384, PROT_READ|PROT_WRITE, MAP_PRIVATE|MAP_ANONYMOUS|MAP_NORESERVE, -1, 0) = 0x100000000000
17405 munmap(0x100000000000, 16384)     = 0
17405 mmap(NULL, 16384, PROT_READ|PROT_WRITE, MAP_PRIVATE|MAP_ANONYMOUS|MAP_NORESERVE, -1, 0) = 0x100000000000
17405 munmap(0x100000000000, 16384)     = 0
17405 mmap(NULL, 16384, PROT_READ|PROT_WRITE, MAP_PRIVATE|MAP_ANONYMOUS|MAP_NORESERVE, -1, 0) = 0x100000000000
17405 munmap(0x100000000000, 16384)     = 0
17405 mmap(NULL, 16384, PROT_READ|PROT_WRITE, MAP_PRIVATE|MAP_ANONYMOUS|MAP_NORESERVE, -1, 0) = 0x100000000000
17405 munmap(0x100000000000, 16384)     = 0
17405 mmap(NULL, 16384, PROT_READ|PROT_WRITE, MAP_PRIVATE|MAP_ANONYMOUS|MAP_NORESERVE, -1, 0) = 0x100000000000
17405 munmap(0x100000000000, 16384)     = 0
17405 mmap(NULL, 16384, PROT_READ|PROT_WRITE, MAP_PRIVATE|MAP_ANONYMOUS|MAP_NORESERVE, -1, 0) = 0x100000000000
17405 munmap(0x100000000000, 16384)     = 0
17405 mmap(NULL, 16384, PROT_READ|PROT_WRITE, MAP_PRIVATE|MAP_ANONYMOUS|MAP_NORESERVE, -1, 0) = 0x100000000000
17405 munmap(0x100000000000, 16384)     = 0
17405 mmap(NULL, 16384, PROT_READ|PROT_WRITE, MAP_PRIVATE|MAP_ANONYMOUS|MAP_NORESERVE, -1, 0) = 0x100000000000
17405 munmap(0x100000000000, 16384)     = 0
17405 mmap(NULL, 16384, PROT_READ|PROT_WRITE, MAP_PRIVATE|MAP_ANONYMOUS|MAP_NORESERVE, -1, 0) = 0x100000000000
17405 munmap(0x100000000000, 16384)     = 0
17405 mmap(NULL, 16384, PROT_READ|PROT_WRITE, MAP_PRIVATE|MAP_ANONYMOUS|MAP_NORESERVE, -1, 0) = 0x100000000000
17405 munmap(0x100000000000, 16384)     = 0
17405 mmap(NULL, 16384, PROT_READ|PROT_WRITE, MAP_PRIVATE|MAP_ANONYMOUS|MAP_NORESERVE, -1, 0) = 0x100000000000
17405 munmap(0x100000000000, 16384)     = 0
17405 mmap(NULL, 16384, PROT_READ|PROT_WRITE, MAP_PRIVATE|MAP_ANONYMOUS|MAP_NORESERVE, -1, 0) = 0x100000000000
17405 munmap(0x100000000000, 16384)     = 0
17405 mmap(NULL, 16384, PROT_READ|PROT_WRITE, MAP_PRIVATE|MAP_ANONYMOUS|MAP_NORESERVE, -1, 0) = 0x100000000000
17405 munmap(0x100000000000, 16384)     = 0
17405 mmap(NULL, 16384, PROT_READ|PROT_WRITE, MAP_PRIVATE|MAP_ANONYMOUS|MAP_NORESERVE, -1, 0) = 0x100000000000
17405 munmap(0x100000000000, 16384)     = 0
17405 mmap(NULL, 16384, PROT_READ|PROT_WRITE, MAP_PRIVATE|MAP_ANONYMOUS|MAP_NORESERVE, -1, 0) = 0x100000000000
17405 munmap(0x100000000000, 16384)     = 0
17405 mmap(NULL, 16384, PROT_READ|PROT_WRITE, MAP_PRIVATE|MAP_ANONYMOUS|MAP_NORESERVE, -1, 0) = 0x100000000000
17405 munmap(0x100000000000, 16384)     = 0
17405 mmap(NULL, 16384, PROT_READ|PROT_WRITE, MAP_PRIVATE|MAP_ANONYMOUS|MAP_NORESERVE, -1, 0) = 0x100000000000
17405 munmap(0x100000000000, 16384)     = 0
17405 mmap(NULL, 16384, PROT_READ|PROT_WRITE, MAP_PRIVATE|MAP_ANONYMOUS|MAP_NORESERVE, -1, 0) = 0x100000000000
17405 munmap(0x100000000000, 16384)     = 0
17405 mmap(NULL, 16384, PROT_READ|PROT_WRITE, MAP_PRIVATE|MAP_ANONYMOUS|MAP_NORESERVE, -1, 0) = 0x100000000000
17405 munmap(0x100000000000, 16384)     = 0
17405 mmap(NULL, 16384, PROT_READ|PROT_WRITE, MAP_PRIVATE|MAP_ANONYMOUS|MAP_NORESERVE, -1, 0) = 0x100000000000
17405 munmap(0x100000000000, 16384)     = 0
17405 mmap(NULL, 16384, PROT_READ|PROT_WRITE, MAP_PRIVATE|MAP_ANONYMOUS|MAP_NORESERVE, -1, 0) = 0x100000000000
17405 munmap(0x100000000000, 16384)     = 0
17405 mmap(NULL, 16384, PROT_READ|PROT_WRITE, MAP_PRIVATE|MAP_ANONYMOUS|MAP_NORESERVE, -1, 0) = 0x100000000000
17405 munmap(0x100000000000, 16384)     = 0
17405 mmap(NULL, 16384, PROT_READ|PROT_WRITE, MAP_PRIVATE|MAP_ANONYMOUS|MAP_NORESERVE, -1, 0) = 0x100000000000
17405 munmap(0x100000000000, 16384)     = 0
17405 mmap(NULL, 16384, PROT_READ|PROT_WRITE, MAP_PRIVATE|MAP_ANONYMOUS|MAP_NORESERVE, -1, 0) = 0x100000000000
17405 munmap(0x100000000000, 16384)     = 0
17405 mmap(NULL, 16384, PROT_READ|PROT_WRITE, MAP_PRIVATE|MAP_ANONYMOUS|MAP_NORESERVE, -1, 0) = 0x100000000000
17405 munmap(0x100000000000, 16384)     = 0
17405 mmap(NULL, 16384, PROT_READ|PROT_WRITE, MAP_PRIVATE|MAP_ANONYMOUS|MAP_NORESERVE, -1, 0) = 0x100000000000
17405 munmap(0x100000000000, 16384)     = 0
17405 mmap(NULL, 16384, PROT_READ|PROT_WRITE, MAP_PRIVATE|MAP_ANONYMOUS|MAP_NORESERVE, -1, 0) = 0x100000000000
17405 munmap(0x100000000000, 16384)     = 0
17405 mmap(NULL, 16384, PROT_READ|PROT_WRITE, MAP_PRIVATE|MAP_ANONYMOUS|MAP_NORESERVE, -1, 0) = 0x100000000000
17405 munmap(0x100000000000, 16384)     = 0
17405 mmap(NULL, 16384, PROT_READ|PROT_WRITE, MAP_PRIVATE|MAP_ANONYMOUS|MAP_NORESERVE, -1, 0) = 0x100000000000
17405 munmap(0x100000000000, 16384)     = 0
17405 mmap(NULL, 16384, PROT_READ|PROT_WRITE, MAP_PRIVATE|MAP_ANONYMOUS|MAP_NORESERVE, -1, 0) = 0x100000000000
17405 munmap(0x100000000000, 16384)     = 0
17405 mmap(NULL, 16384, PROT_READ|PROT_WRITE, MAP_PRIVATE|MAP_ANONYMOUS|MAP_NORESERVE, -1, 0) = 0x100000000000
17405 munmap(0x100000000000, 16384)     = 0
17405 mmap(NULL, 16384, PROT_READ|PROT_WRITE, MAP_PRIVATE|MAP_ANONYMOUS|MAP_NORESERVE, -1, 0) = 0x100000000000
17405 munmap(0x100000000000, 16384)     = 0
17405 mmap(NULL, 16384, PROT_READ|PROT_WRITE, MAP_PRIVATE|MAP_ANONYMOUS|MAP_NORESERVE, -1, 0) = 0x100000000000
17405 munmap(0x100000000000, 16384)     = 0
17405 mmap(NULL, 16384, PROT_READ|PROT_WRITE, MAP_PRIVATE|MAP_ANONYMOUS|MAP_NORESERVE, -1, 0) = 0x100000000000
17405 munmap(0x100000000000, 16384)     = 0
17405 mmap(NULL, 16384, PROT_READ|PROT_WRITE, MAP_PRIVATE|MAP_ANONYMOUS|MAP_NORESERVE, -1, 0) = 0x100000000000
17405 munmap(0x100000000000, 16384)     = 0
17405 mmap(NULL, 16384, PROT_READ|PROT_WRITE, MAP_PRIVATE|MAP_ANONYMOUS|MAP_NORESERVE, -1, 0) = 0x100000000000
17405 munmap(0x100000000000, 16384)     = 0
17405 mmap(NULL, 16384, PROT_READ|PROT_WRITE, MAP_PRIVATE|MAP_ANONYMOUS|MAP_NORESERVE, -1, 0) = 0x100000000000
17405 munmap(0x100000000000, 16384)     = 0
17405 mmap(NULL, 16384, PROT_READ|PROT_WRITE, MAP_PRIVATE|MAP_ANONYMOUS|MAP_NORESERVE, -1, 0) = 0x100000000000
17405 munmap(0x100000000000, 16384)     = 0
17405 mmap(NULL, 16384, PROT_READ|PROT_WRITE, MAP_PRIVATE|MAP_ANONYMOUS|MAP_NORESERVE, -1, 0) = 0x100000000000
17405 munmap(0x100000000000, 16384)     = 0
17405 mmap(NULL, 16384, PROT_READ|PROT_WRITE, MAP_PRIVATE|MAP_ANONYMOUS|MAP_NORESERVE, -1, 0) = 0x100000000000
17405 munmap(0x100000000000, 16384)     = 0
17405 mmap(NULL, 16384, PROT_READ|PROT_WRITE, MAP_PRIVATE|MAP_ANONYMOUS|MAP_NORESERVE, -1, 0) = 0x100000000000
17405 munmap(0x100000000000, 16384)     = 0
17405 mmap(NULL, 16384, PROT_READ|PROT_WRITE, MAP_PRIVATE|MAP_ANONYMOUS|MAP_NORESERVE, -1, 0) = 0x100000000000
17405 munmap(0x100000000000, 16384)     = 0
17405 mmap(NULL, 16384, PROT_READ|PROT_WRITE, MAP_PRIVATE|MAP_ANONYMOUS|MAP_NORESERVE, -1, 0) = 0x100000000000
17405 munmap(0x100000000000, 16384)     = 0
17405 mmap(NULL, 16384, PROT_READ|PROT_WRITE, MAP_PRIVATE|MAP_ANONYMOUS|MAP_NORESERVE, -1, 0) = 0x100000000000
17405 munmap(0x100000000000, 16384)     = 0
17405 mmap(NULL, 16384, PROT_READ|PROT_WRITE, MAP_PRIVATE|MAP_ANONYMOUS|MAP_NORESERVE, -1, 0) = 0x100000000000
17405 munmap(0x100000000000, 16384)     = 0
17405 mmap(NULL, 16384, PROT_READ|PROT_WRITE, MAP_PRIVATE|MAP_ANONYMOUS|MAP_NORESERVE, -1, 0) = 0x100000000000
17405 munmap(0x100000000000, 16384)     = 0
17405 mmap(NULL, 16384, PROT_READ|PROT_WRITE, MAP_PRIVATE|MAP_ANONYMOUS|MAP_NORESERVE, -1, 0) = 0x100000000000
17405 munmap(0x100000000000, 16384)     = 0
17405 mmap(NULL, 16384, PROT_READ|PROT_WRITE, MAP_PRIVATE|MAP_ANONYMOUS|MAP_NORESERVE, -1, 0) = 0x100000000000
17405 munmap(0x100000000000, 16384)     = 0
17405 mmap(NULL, 16384, PROT_READ|PROT_WRITE, MAP_PRIVATE|MAP_ANONYMOUS|MAP_NORESERVE, -1, 0) = 0x100000000000
17405 munmap(0x100000000000, 16384)     = 0
17405 mmap(NULL, 16384, PROT_READ|PROT_WRITE, MAP_PRIVATE|MAP_ANONYMOUS|MAP_NORESERVE, -1, 0) = 0x100000000000
17405 munmap(0x100000000000, 16384)     = 0
17405 mmap(NULL, 16384, PROT_READ|PROT_WRITE, MAP_PRIVATE|MAP_ANONYMOUS|MAP_NORESERVE, -1, 0) = 0x100000000000
17405 munmap(0x100000000000, 16384)     = 0
17405 mmap(NULL, 16384, PROT_READ|PROT_WRITE, MAP_PRIVATE|MAP_ANONYMOUS|MAP_NORESERVE, -1, 0) = 0x100000000000
17405 munmap(0x100000000000, 16384)     = 0
17405 mmap(NULL, 16384, PROT_READ|PROT_WRITE, MAP_PRIVATE|MAP_ANONYMOUS|MAP_NORESERVE, -1, 0) = 0x100000000000
17405 munmap(0x100000000000, 16384)     = 0
17405 mmap(NULL, 16384, PROT_READ|PROT_WRITE, MAP_PRIVATE|MAP_ANONYMOUS|MAP_NORESERVE, -1, 0) = 0x100000000000
17405 munmap(0x100000000000, 16384)     = 0
17405 mmap(NULL, 16384, PROT_READ|PROT_WRITE, MAP_PRIVATE|MAP_ANONYMOUS|MAP_NORESERVE, -1, 0) = 0x100000000000
17405 munmap(0x100000000000, 16384)     = 0
17405 mmap(NULL, 16384, PROT_READ|PROT_WRITE, MAP_PRIVATE|MAP_ANONYMOUS|MAP_NORESERVE, -1, 0) = 0x100000000000
17405 munmap(0x100000000000, 16384)     = 0
17405 mmap(NULL, 16384, PROT_READ|PROT_WRITE, MAP_PRIVATE|MAP_ANONYMOUS|MAP_NORESERVE, -1, 0) = 0x100000000000
17405 munmap(0x100000000000, 16384)     = 0
17405 mmap(NULL, 16384, PROT_READ|PROT_WRITE, MAP_PRIVATE|MAP_ANONYMOUS|MAP_NORESERVE, -1, 0) = 0x100000000000
17405 munmap(0x100000000000, 16384)     = 0
17405 mmap(NULL, 16384, PROT_READ|PROT_WRITE, MAP_PRIVATE|MAP_ANONYMOUS|MAP_NORESERVE, -1, 0) = 0x100000000000
17405 munmap(0x100000000000, 16384)     = 0
17405 mmap(NULL, 16384, PROT_READ|PROT_WRITE, MAP_PRIVATE|MAP_ANONYMOUS|MAP_NORESERVE, -1, 0) = 0x100000000000
17405 munmap(0x100000000000, 16384)     = 0
17405 mmap(NULL, 16384, PROT_READ|PROT_WRITE, MAP_PRIVATE|MAP_ANONYMOUS|MAP_NORESERVE, -1, 0) = 0x100000000000
17405 munmap(0x100000000000, 16384)     = 0
17405 mmap(NULL, 16384, PROT_READ|PROT_WRITE, MAP_PRIVATE|MAP_ANONYMOUS|MAP_NORESERVE, -1, 0) = 0x100000000000
17405 munmap(0x100000000000, 16384)     = 0
17405 mmap(NULL, 16384, PROT_READ|PROT_WRITE, MAP_PRIVATE|MAP_ANONYMOUS|MAP_NORESERVE, -1, 0) = 0x100000000000
17405 munmap(0x100000000000, 16384)     = 0
17405 mmap(NULL, 16384, PROT_READ|PROT_WRITE, MAP_PRIVATE|MAP_ANONYMOUS|MAP_NORESERVE, -1, 0) = 0x100000000000
17405 munmap(0x100000000000, 16384)     = 0
17405 mmap(NULL, 16384, PROT_READ|PROT_WRITE, MAP_PRIVATE|MAP_ANONYMOUS|MAP_NORESERVE, -1, 0) = 0x100000000000
17405 munmap(0x100000000000, 16384)     = 0
17405 mmap(NULL, 16384, PROT_READ|PROT_WRITE, MAP_PRIVATE|MAP_ANONYMOUS|MAP_NORESERVE, -1, 0) = 0x100000000000
17405 munmap(0x100000000000, 16384)     = 0
17405 mmap(NULL, 16384, PROT_READ|PROT_WRITE, MAP_PRIVATE|MAP_ANONYMOUS|MAP_NORESERVE, -1, 0) = 0x100000000000
17405 munmap(0x100000000000, 16384)     = 0
17405 mmap(NULL, 16384, PROT_READ|PROT_WRITE, MAP_PRIVATE|MAP_ANONYMOUS|MAP_NORESERVE, -1, 0) = 0x100000000000
17405 munmap(0x100000000000, 16384)     = 0
17405 mmap(NULL, 16384, PROT_READ|PROT_WRITE, MAP_PRIVATE|MAP_ANONYMOUS|MAP_NORESERVE, -1, 0) = 0x100000000000
17405 munmap(0x100000000000, 16384)     = 0
17405 mmap(NULL, 16384, PROT_READ|PROT_WRITE, MAP_PRIVATE|MAP_ANONYMOUS|MAP_NORESERVE, -1, 0) = 0x100000000000
17405 munmap(0x100000000000, 16384)     = 0
17405 mmap(NULL, 16384, PROT_READ|PROT_WRITE, MAP_PRIVATE|MAP_ANONYMOUS|MAP_NORESERVE, -1, 0) = 0x100000000000
17405 munmap(0x100000000000, 16384)     = 0
17405 mmap(NULL, 16384, PROT_READ|PROT_WRITE, MAP_PRIVATE|MAP_ANONYMOUS|MAP_NORESERVE, -1, 0) = 0x100000000000
17405 munmap(0x100000000000, 16384)     = 0
17405 mmap(NULL, 16384, PROT_READ|PROT_WRITE, MAP_PRIVATE|MAP_ANONYMOUS|MAP_NORESERVE, -1, 0) = 0x100000000000
17405 munmap(0x100000000000, 16384)     = 0
17405 mmap(NULL, 16384, PROT_READ|PROT_WRITE, MAP_PRIVATE|MAP_ANONYMOUS|MAP_NORESERVE, -1, 0) = 0x100000000000
17405 munmap(0x100000000000, 16384)     = 0
17405 mmap(NULL, 16384, PROT_READ|PROT_WRITE, MAP_PRIVATE|MAP_ANONYMOUS|MAP_NORESERVE, -1, 0) = 0x100000000000
17405 munmap(0x100000000000, 16384)     = 0
17405 futex(0x7ffe9cf8f3a4, FUTEX_WAKE_PRIVATE, 2147483647) = 1
17405 rt_sigprocmask(SIG_BLOCK, ~[RT_1], NULL, 8) = 0
17405 madvise(0x7ff485c18000, 8368128, MADV_DONTNEED) = 0
17405 exit(0)                           = ?
17404 <... futex resumed>)              = 0
17404 openat(AT_FDCWD, "/proc/self/statm", O_RDONLY) = 3
17404 fstat(3, {st_mode=S_IFREG|0444, st_size=0, ...}) = 0
17404 read(3, "3228 456 426 2 0 2650 0\n", 1024) = 24
17404 write(2, "mmbench: peak RSS ~1 MB\n", 24) = 24
17404 close(3)                          = 0
17404 uname({sysname="Linux", nodename="syzkaller", ...}) = 0
17404 uname({sysname="Linux", nodename="syzkaller", ...}) = 0
17404 fstat(1, {st_mode=S_IFCHR|0666, st_rdev=makedev(0x1, 0x3), ...}) = 0
17404 ioctl(1, TCGETS, 0x7ffe9cf8e950)  = -1 ENOTTY (Inappropriate ioctl for device)
17404 write(1, "{\"bench\":\"mmap-pf\",\"contention\":\"low\",\"threads\":1,\"ops\":360,\"elapsed_s\":1.004,\"ops_per_us\":0.000"..., 189) = 189
17404 rt_sigprocmask(SIG_BLOCK, ~[], [], 8) = 0
17404 clone(child_stack=NULL, flags=CLONE_CHILD_CLEARTID|CLONE_CHILD_SETTID|SIGCHLD, child_tidptr=0x7ff486419a10) = 17416
17416 set_robust_list(0x7ff486419a20, 24 <unfinished ...>
17404 rt_sigprocmask(SIG_SETMASK, [],  <unfinished ...>
17416 <... set_robust_list resumed>)    = 0
17404 <... rt_sigprocmask resumed>NULL, 8) = 0
17416 rt_sigprocmask(SIG_SETMASK, [],  <unfinished ...>
17404 wait4(17416,  <unfinished ...>
17416 <... rt_sigprocmask resumed>NULL, 8) = 0
17416 exit_group(42)                    = ?
17404 <... wait4 resumed>[{WIFEXITED(s) && WEXITSTATUS(s) == 42}], 0, NULL) = 17416
17404 --- SIGCHLD {si_signo=SIGCHLD, si_code=CLD_EXITED, si_pid=17416, si_uid=0, si_status=42, si_utime=0, si_stime=0} ---
17404 write(2, "corten_mode_hook: fork-probe OK (threads+arenas alive, child exited 42)\n", 72) = 72
17404 exit_group(0)                     = ?
