19389 execve("/root/m4t12/bin/mmbench_dyn", ["/root/m4t12/bin/mmbench_dyn", "pf", "low", "4", "1", "20262960"], 0x7ffcec1ab838 /* 32 vars */) = 0
19389 brk(NULL)                         = 0x563b10561000
19389 mmap(NULL, 8192, PROT_READ|PROT_WRITE, MAP_PRIVATE|MAP_ANONYMOUS, -1, 0) = 0x7f9c8b144000
19389 openat(AT_FDCWD, "/mnt/t5run5/corten_mode_hook.so", O_RDONLY|O_CLOEXEC) = 3
19389 read(3, "\177ELF\2\1\1\0\0\0\0\0\0\0\0\0\3\0>\0\1\0\0\0\0\0\0\0\0\0\0\0@\0\0\0\0\0\0\0H7\0\0\0\0\0\0\0\0\0\0@\08\0\t\0@\0\34\0\33\0\1\0\0\0\4\0\0\0\0\0\0\0\0\0\0\0\0\0\0\0\0\0\0\0\0\0\0\0\0\0\0\0"..., 832) = 832
19389 fstat(3, {st_mode=S_IFREG|0755, st_size=15944, ...}) = 0
19389 mmap(NULL, 16472, PROT_READ, MAP_PRIVATE|MAP_DENYWRITE, 3, 0) = 0x7f9c8b13f000
19389 mmap(0x7f9c8b140000, 4096, PROT_READ|PROT_EXEC, MAP_PRIVATE|MAP_FIXED|MAP_DENYWRITE, 3, 0x1000) = 0x7f9c8b140000
19389 mmap(0x7f9c8b141000, 4096, PROT_READ, MAP_PRIVATE|MAP_FIXED|MAP_DENYWRITE, 3, 0x2000) = 0x7f9c8b141000
19389 mmap(0x7f9c8b142000, 8192, PROT_READ|PROT_WRITE, MAP_PRIVATE|MAP_FIXED|MAP_DENYWRITE, 3, 0x2000) = 0x7f9c8b142000
19389 close(3)                          = 0
19389 access("/etc/ld.so.preload", R_OK) = -1 ENOENT (No such file or directory)
19389 openat(AT_FDCWD, "/etc/ld.so.cache", O_RDONLY|O_CLOEXEC) = 3
19389 fstat(3, {st_mode=S_IFREG|0644, st_size=27983, ...}) = 0
19389 mmap(NULL, 27983, PROT_READ, MAP_PRIVATE, 3, 0) = 0x7f9c8b138000
19389 close(3)                          = 0
19389 openat(AT_FDCWD, "/lib/x86_64-linux-gnu/libc.so.6", O_RDONLY|O_CLOEXEC) = 3
19389 read(3, "\177ELF\2\1\1\3\0\0\0\0\0\0\0\0\3\0>\0\1\0\0\0p\236\2\0\0\0\0\0@\0\0\0\0\0\0\0\220b\36\0\0\0\0\0\0\0\0\0@\08\0\17\0@\0=\0<\0\6\0\0\0\4\0\0\0@\0\0\0\0\0\0\0@\0\0\0\0\0\0\0@\0\0\0\0\0\0\0"..., 832) = 832
19389 pread64(3, "\6\0\0\0\4\0\0\0@\0\0\0\0\0\0\0@\0\0\0\0\0\0\0@\0\0\0\0\0\0\0H\3\0\0\0\0\0\0H\3\0\0\0\0\0\0\10\0\0\0\0\0\0\0\3\0\0\0\4\0\0\0\240\1\36\0\0\0\0\0\240\1\36\0\0\0\0\0\240\1\36\0\0\0\0\0\34\0\0\0\0\0\0\0"..., 840, 64) = 840
19389 fstat(3, {st_mode=S_IFREG|0755, st_size=1995216, ...}) = 0
19389 pread64(3, "\6\0\0\0\4\0\0\0@\0\0\0\0\0\0\0@\0\0\0\0\0\0\0@\0\0\0\0\0\0\0H\3\0\0\0\0\0\0H\3\0\0\0\0\0\0\10\0\0\0\0\0\0\0\3\0\0\0\4\0\0\0\240\1\36\0\0\0\0\0\240\1\36\0\0\0\0\0\240\1\36\0\0\0\0\0\34\0\0\0\0\0\0\0"..., 840, 64) = 840
19389 mmap(NULL, 2047568, PROT_READ, MAP_PRIVATE|MAP_DENYWRITE, 3, 0) = 0x7f9c8af44000
19389 mmap(0x7f9c8af6c000, 1454080, PROT_READ|PROT_EXEC, MAP_PRIVATE|MAP_FIXED|MAP_DENYWRITE, 3, 0x28000) = 0x7f9c8af6c000
19389 mmap(0x7f9c8b0cf000, 352256, PROT_READ, MAP_PRIVATE|MAP_FIXED|MAP_DENYWRITE, 3, 0x18b000) = 0x7f9c8b0cf000
19389 mmap(0x7f9c8b125000, 24576, PROT_READ|PROT_WRITE, MAP_PRIVATE|MAP_FIXED|MAP_DENYWRITE, 3, 0x1e0000) = 0x7f9c8b125000
19389 mmap(0x7f9c8b12b000, 52816, PROT_READ|PROT_WRITE, MAP_PRIVATE|MAP_FIXED|MAP_ANONYMOUS, -1, 0) = 0x7f9c8b12b000
19389 close(3)                          = 0
19389 mmap(NULL, 12288, PROT_READ|PROT_WRITE, MAP_PRIVATE|MAP_ANONYMOUS, -1, 0) = 0x7f9c8af41000
19389 arch_prctl(ARCH_SET_FS, 0x7f9c8af41740) = 0
19389 set_tid_address(0x7f9c8af41a10)   = 19389
19389 set_robust_list(0x7f9c8af41a20, 24) = 0
19389 rseq(0x7f9c8af41680, 0x20, 0, 0x53053053) = 0
19389 mprotect(0x7f9c8b125000, 16384, PROT_READ) = 0
19389 mprotect(0x7f9c8b142000, 4096, PROT_READ) = 0
19389 mprotect(0x563b1035e000, 4096, PROT_READ) = 0
19389 mprotect(0x7f9c8b196000, 8192, PROT_READ) = 0
19389 prlimit64(0, RLIMIT_STACK, NULL, {rlim_cur=8192*1024, rlim_max=RLIM64_INFINITY}) = 0
19389 munmap(0x7f9c8b138000, 27983)     = 0
19389 prctl(0x50 /* PR_??? */, 0x1, 0, 0, 0) = 0
19389 prctl(0x50 /* PR_??? */, 0x3, 0, 0, 0) = 1
19389 getpid()                          = 19389
19389 write(2, "corten_mode_hook: MODE on (pid 19389)\n", 38) = 38
19389 write(2, "mmbench: bench=pf contention=low threads=4 arena=160 MB (per thread)\n", 69) = 69
19389 prlimit64(0, RLIMIT_AS, NULL, {rlim_cur=RLIM64_INFINITY, rlim_max=RLIM64_INFINITY}) = 0
19389 getrandom("\x8c\x46\xa1\x17\x68\x4e\x29\x2d", 8, GRND_NONBLOCK) = 8
19389 brk(NULL)                         = 0x563b10561000
19389 brk(0x563b10582000)               = 0x563b10582000
19389 rt_sigaction(SIGRT_1, {sa_handler=0x7f9c8afd44b0, sa_mask=[], sa_flags=SA_RESTORER|SA_ONSTACK|SA_RESTART|SA_SIGINFO, sa_restorer=0x7f9c8af83df0}, NULL, 8) = 0
19389 rt_sigprocmask(SIG_UNBLOCK, [RTMIN RT_1], NULL, 8) = 0
19389 mmap(NULL, 8392704, PROT_NONE, MAP_PRIVATE|MAP_ANONYMOUS|MAP_STACK, -1, 0) = 0x7f9c8a740000
19389 mprotect(0x7f9c8a741000, 8388608, PROT_READ|PROT_WRITE) = 0
19389 rt_sigprocmask(SIG_BLOCK, ~[], [], 8) = 0
19389 clone3({flags=CLONE_VM|CLONE_FS|CLONE_FILES|CLONE_SIGHAND|CLONE_THREAD|CLONE_SYSVSEM|CLONE_SETTLS|CLONE_PARENT_SETTID|CLONE_CHILD_CLEARTID, child_tid=0x7f9c8af40990, parent_tid=0x7f9c8af40990, exit_signal=0, stack=0x7f9c8a740000, stack_size=0x7fff80, tls=0x7f9c8af406c0} => {parent_tid=[19390]}, 88) = 19390
19389 rt_sigprocmask(SIG_SETMASK, [], NULL, 8) = 0
19390 rseq(0x7f9c8af40600, 0x20, 0, 0x53053053 <unfinished ...>
19389 mmap(NULL, 8392704, PROT_NONE, MAP_PRIVATE|MAP_ANONYMOUS|MAP_STACK, -1, 0) = 0x7f9c89f3f000
19390 <... rseq resumed>)               = 0
19389 mprotect(0x7f9c89f40000, 8388608, PROT_READ|PROT_WRITE <unfinished ...>
19390 set_robust_list(0x7f9c8af409a0, 24 <unfinished ...>
19389 <... mprotect resumed>)           = 0
19389 rt_sigprocmask(SIG_BLOCK, ~[], [], 8) = 0
19390 <... set_robust_list resumed>)    = 0
19389 clone3({flags=CLONE_VM|CLONE_FS|CLONE_FILES|CLONE_SIGHAND|CLONE_THREAD|CLONE_SYSVSEM|CLONE_SETTLS|CLONE_PARENT_SETTID|CLONE_CHILD_CLEARTID, child_tid=0x7f9c8a73f990, parent_tid=0x7f9c8a73f990, exit_signal=0, stack=0x7f9c89f3f000, stack_size=0x7fff80, tls=0x7f9c8a73f6c0} <unfinished ...>
19390 rt_sigprocmask(SIG_SETMASK, [], NULL, 8) = 0
19389 <... clone3 resumed> => {parent_tid=[19391]}, 88) = 19391
19391 rseq(0x7f9c8a73f600, 0x20, 0, 0x53053053 <unfinished ...>
19390 mmap(NULL, 134217728, PROT_NONE, MAP_PRIVATE|MAP_ANONYMOUS, -1, 0 <unfinished ...>
19389 rt_sigprocmask(SIG_SETMASK, [], NULL, 8) = 0
19391 <... rseq resumed>)               = 0
19390 <... mmap resumed>)               = 0x100000000000
19389 mmap(NULL, 8392704, PROT_NONE, MAP_PRIVATE|MAP_ANONYMOUS|MAP_STACK, -1, 0 <unfinished ...>
19391 set_robust_list(0x7f9c8a73f9a0, 24 <unfinished ...>
19390 munmap(0x100004000000, 67108864 <unfinished ...>
19389 <... mmap resumed>)               = 0x7f9c8973e000
19391 <... set_robust_list resumed>)    = 0
19390 <... munmap resumed>)             = 0
19389 mprotect(0x7f9c8973f000, 8388608, PROT_READ|PROT_WRITE <unfinished ...>
19391 rt_sigprocmask(SIG_SETMASK, [],  <unfinished ...>
19390 mprotect(0x100000000000, 135168, PROT_READ|PROT_WRITE <unfinished ...>
19389 <... mprotect resumed>)           = 0
19391 <... rt_sigprocmask resumed>NULL, 8) = 0
19390 <... mprotect resumed>)           = 0
19389 rt_sigprocmask(SIG_BLOCK, ~[],  <unfinished ...>
19391 mmap(0x100004000000, 67108864, PROT_NONE, MAP_PRIVATE|MAP_ANONYMOUS, -1, 0 <unfinished ...>
19390 mmap(NULL, 167772160, PROT_READ|PROT_WRITE, MAP_PRIVATE|MAP_ANONYMOUS|MAP_NORESERVE, -1, 0 <unfinished ...>
19391 <... mmap resumed>)               = 0x7f9c8573e000
19390 <... mmap resumed>)               = 0x100008000000
19389 <... rt_sigprocmask resumed>[], 8) = 0
19391 munmap(0x7f9c8573e000, 67108864 <unfinished ...>
19389 clone3({flags=CLONE_VM|CLONE_FS|CLONE_FILES|CLONE_SIGHAND|CLONE_THREAD|CLONE_SYSVSEM|CLONE_SETTLS|CLONE_PARENT_SETTID|CLONE_CHILD_CLEARTID, child_tid=0x7f9c89f3e990, parent_tid=0x7f9c89f3e990, exit_signal=0, stack=0x7f9c8973e000, stack_size=0x7fff80, tls=0x7f9c89f3e6c0} <unfinished ...>
19391 <... munmap resumed>)             = 0
19390 futex(0x7ffcefbf26f4, FUTEX_WAIT_PRIVATE, 0, NULL <unfinished ...>
19391 mmap(NULL, 134217728, PROT_NONE, MAP_PRIVATE|MAP_ANONYMOUS, -1, 0 <unfinished ...>
19389 <... clone3 resumed> => {parent_tid=[19392]}, 88) = 19392
19391 <... mmap resumed>)               = 0x100040000000
19391 munmap(0x100044000000, 67108864 <unfinished ...>
19389 rt_sigprocmask(SIG_SETMASK, [],  <unfinished ...>
19392 rseq(0x7f9c89f3e600, 0x20, 0, 0x53053053 <unfinished ...>
19389 <... rt_sigprocmask resumed>NULL, 8) = 0
19391 <... munmap resumed>)             = 0
19389 mmap(NULL, 8392704, PROT_NONE, MAP_PRIVATE|MAP_ANONYMOUS|MAP_STACK, -1, 0 <unfinished ...>
19391 mprotect(0x100040000000, 135168, PROT_READ|PROT_WRITE <unfinished ...>
19392 <... rseq resumed>)               = 0
19389 <... mmap resumed>)               = 0x7f9c88f3d000
19392 set_robust_list(0x7f9c89f3e9a0, 24 <unfinished ...>
19391 <... mprotect resumed>)           = 0
19389 mprotect(0x7f9c88f3e000, 8388608, PROT_READ|PROT_WRITE <unfinished ...>
19391 mmap(NULL, 167772160, PROT_READ|PROT_WRITE, MAP_PRIVATE|MAP_ANONYMOUS|MAP_NORESERVE, -1, 0 <unfinished ...>
19392 <... set_robust_list resumed>)    = 0
19389 <... mprotect resumed>)           = 0
19391 <... mmap resumed>)               = 0x100048000000
19389 rt_sigprocmask(SIG_BLOCK, ~[],  <unfinished ...>
19392 rt_sigprocmask(SIG_SETMASK, [],  <unfinished ...>
19389 <... rt_sigprocmask resumed>[], 8) = 0
19391 futex(0x7ffcefbf26f4, FUTEX_WAIT_PRIVATE, 0, NULL <unfinished ...>
19392 <... rt_sigprocmask resumed>NULL, 8) = 0
19392 mmap(0x100044000000, 67108864, PROT_NONE, MAP_PRIVATE|MAP_ANONYMOUS, -1, 0 <unfinished ...>
19389 clone3({flags=CLONE_VM|CLONE_FS|CLONE_FILES|CLONE_SIGHAND|CLONE_THREAD|CLONE_SYSVSEM|CLONE_SETTLS|CLONE_PARENT_SETTID|CLONE_CHILD_CLEARTID, child_tid=0x7f9c8973d990, parent_tid=0x7f9c8973d990, exit_signal=0, stack=0x7f9c88f3d000, stack_size=0x7fff80, tls=0x7f9c8973d6c0} <unfinished ...>
19392 <... mmap resumed>)               = 0x7f9c84f3d000
19389 <... clone3 resumed> => {parent_tid=[19393]}, 88) = 19393
19392 munmap(0x7f9c84f3d000, 67108864 <unfinished ...>
19389 rt_sigprocmask(SIG_SETMASK, [],  <unfinished ...>
19393 rseq(0x7f9c8973d600, 0x20, 0, 0x53053053 <unfinished ...>
19389 <... rt_sigprocmask resumed>NULL, 8) = 0
19389 futex(0x7ffcefbf26f4, FUTEX_WAIT_PRIVATE, 0, NULL <unfinished ...>
19392 <... munmap resumed>)             = 0
19393 <... rseq resumed>)               = 0
19392 mmap(NULL, 134217728, PROT_NONE, MAP_PRIVATE|MAP_ANONYMOUS, -1, 0 <unfinished ...>
19393 set_robust_list(0x7f9c8973d9a0, 24 <unfinished ...>
19392 <... mmap resumed>)               = 0x100080000000
19392 munmap(0x100084000000, 67108864)  = 0
19393 <... set_robust_list resumed>)    = 0
19392 mprotect(0x100080000000, 135168, PROT_READ|PROT_WRITE <unfinished ...>
19393 rt_sigprocmask(SIG_SETMASK, [], NULL, 8) = 0
19392 <... mprotect resumed>)           = 0
19393 mmap(0x100084000000, 67108864, PROT_NONE, MAP_PRIVATE|MAP_ANONYMOUS, -1, 0) = 0x7f9c84f3d000
19392 mmap(NULL, 167772160, PROT_READ|PROT_WRITE, MAP_PRIVATE|MAP_ANONYMOUS|MAP_NORESERVE, -1, 0 <unfinished ...>
19393 munmap(0x7f9c84f3d000, 67108864)  = 0
19393 mmap(NULL, 134217728, PROT_NONE, MAP_PRIVATE|MAP_ANONYMOUS, -1, 0 <unfinished ...>
19392 <... mmap resumed>)               = 0x100088000000
19393 <... mmap resumed>)               = 0x1000c0000000
19392 futex(0x7ffcefbf26f4, FUTEX_WAIT_PRIVATE, 0, NULL <unfinished ...>
19393 munmap(0x1000c4000000, 67108864)  = 0
19393 mprotect(0x1000c0000000, 135168, PROT_READ|PROT_WRITE) = 0
19393 mmap(NULL, 167772160, PROT_READ|PROT_WRITE, MAP_PRIVATE|MAP_ANONYMOUS|MAP_NORESERVE, -1, 0) = 0x1000c8000000
19393 futex(0x7ffcefbf26f4, FUTEX_WAKE_PRIVATE, 2147483647) = 4
19391 <... futex resumed>)              = 0
19390 <... futex resumed>)              = 0
19389 <... futex resumed>)              = 0
19392 <... futex resumed>)              = 0
19389 futex(0x7ffcefbf2714, FUTEX_WAIT_PRIVATE, 0, NULL <unfinished ...>
19390 munmap(0x100008000000, 167772160) = 0
19390 mmap(NULL, 167772160, PROT_READ|PROT_WRITE, MAP_PRIVATE|MAP_ANONYMOUS|MAP_NORESERVE, -1, 0) = 0x100008000000
19393 munmap(0x1000c8000000, 167772160) = 0
19393 mmap(NULL, 167772160, PROT_READ|PROT_WRITE, MAP_PRIVATE|MAP_ANONYMOUS|MAP_NORESERVE, -1, 0) = 0x1000c8000000
19393 futex(0x7ffcefbf2714, FUTEX_WAIT_PRIVATE, 0, NULL <unfinished ...>
19391 futex(0x7ffcefbf2714, FUTEX_WAIT_PRIVATE, 0, NULL <unfinished ...>
19390 futex(0x7ffcefbf2714, FUTEX_WAIT_PRIVATE, 0, NULL <unfinished ...>
19393 <... futex resumed>)              = -1 EAGAIN (Resource temporarily unavailable)
19392 futex(0x7ffcefbf2714, FUTEX_WAKE_PRIVATE, 2147483647 <unfinished ...>
19390 <... futex resumed>)              = -1 EAGAIN (Resource temporarily unavailable)
19393 rt_sigprocmask(SIG_BLOCK, ~[RT_1],  <unfinished ...>
19389 <... futex resumed>)              = 0
19393 <... rt_sigprocmask resumed>NULL, 8) = 0
19390 rt_sigprocmask(SIG_BLOCK, ~[RT_1],  <unfinished ...>
19392 <... futex resumed>)              = 2
19391 <... futex resumed>)              = 0
19389 futex(0x7f9c8af40990, FUTEX_WAIT_BITSET|FUTEX_CLOCK_REALTIME, 19390, NULL, FUTEX_BITSET_MATCH_ANY <unfinished ...>
19393 madvise(0x7f9c88f3d000, 8368128, MADV_DONTNEED <unfinished ...>
19390 <... rt_sigprocmask resumed>NULL, 8) = 0
19392 rt_sigprocmask(SIG_BLOCK, ~[RT_1],  <unfinished ...>
19393 <... madvise resumed>)            = 0
19391 rt_sigprocmask(SIG_BLOCK, ~[RT_1],  <unfinished ...>
19393 exit(0 <unfinished ...>
19392 <... rt_sigprocmask resumed>NULL, 8) = 0
19390 madvise(0x7f9c8a740000, 8368128, MADV_DONTNEED <unfinished ...>
19391 <... rt_sigprocmask resumed>NULL, 8) = 0
19393 <... exit resumed>)               = ?
19392 madvise(0x7f9c8973e000, 8368128, MADV_DONTNEED <unfinished ...>
19391 madvise(0x7f9c89f3f000, 8368128, MADV_DONTNEED <unfinished ...>
19390 <... madvise resumed>)            = 0
19392 <... madvise resumed>)            = 0
19391 <... madvise resumed>)            = 0
19390 exit(0 <unfinished ...>
19392 exit(0 <unfinished ...>
19391 exit(0 <unfinished ...>
19392 <... exit resumed>)               = ?
19391 <... exit resumed>)               = ?
19390 <... exit resumed>)               = ?
19389 <... futex resumed>)              = 0
19389 openat(AT_FDCWD, "/proc/self/statm", O_RDONLY) = 3
19389 fstat(3, {st_mode=S_IFREG|0444, st_size=0, ...}) = 0
19389 read(3, "303775 94310 441 2 0 172122 0\n", 1024) = 30
19389 write(2, "mmbench: peak RSS ~368 MB\n", 26) = 26
19389 close(3)                          = 0
19389 uname({sysname="Linux", nodename="syzkaller", ...}) = 0
19389 uname({sysname="Linux", nodename="syzkaller", ...}) = 0
19389 fstat(1, {st_mode=S_IFCHR|0666, st_rdev=makedev(0x1, 0x3), ...}) = 0
19389 ioctl(1, TCGETS, 0x7ffcefbf1cc0)  = -1 ENOTTY (Inappropriate ioctl for device)
19389 write(1, "{\"bench\":\"pf\",\"contention\":\"low\",\"threads\":4,\"ops\":43934,\"elapsed_s\":1.002,\"ops_per_us\":0.011314"..., 186) = 186
19389 rt_sigprocmask(SIG_BLOCK, ~[], [], 8) = 0
19389 clone(child_stack=NULL, flags=CLONE_CHILD_CLEARTID|CLONE_CHILD_SETTID|SIGCHLD, child_tidptr=0x7f9c8af41a10) = 19404
19404 set_robust_list(0x7f9c8af41a20, 24 <unfinished ...>
19389 rt_sigprocmask(SIG_SETMASK, [],  <unfinished ...>
19404 <... set_robust_list resumed>)    = 0
19389 <... rt_sigprocmask resumed>NULL, 8) = 0
19404 rt_sigprocmask(SIG_SETMASK, [],  <unfinished ...>
19389 wait4(19404,  <unfinished ...>
19404 <... rt_sigprocmask resumed>NULL, 8) = 0
19404 exit_group(42)                    = ?
19389 <... wait4 resumed>[{WIFEXITED(s) && WEXITSTATUS(s) == 42}], 0, NULL) = 19404
19389 --- SIGCHLD {si_signo=SIGCHLD, si_code=CLD_EXITED, si_pid=19404, si_uid=0, si_status=42, si_utime=0, si_stime=1 /* 0.01 s */} ---
19389 write(2, "corten_mode_hook: fork-probe OK (threads+arenas alive, child exited 42)\n", 72) = 72
19389 exit_group(0)                     = ?
