15731 execve("/root/m4t12/bin/mmbench_dyn", ["/root/m4t12/bin/mmbench_dyn", "mmap", "low", "1", "1", "20260921"], 0x7ffd86a43b28 /* 32 vars */) = 0
15731 brk(NULL)                         = 0x563aa698d000
15731 mmap(NULL, 8192, PROT_READ|PROT_WRITE, MAP_PRIVATE|MAP_ANONYMOUS, -1, 0) = 0x7fd3fa50e000
15731 openat(AT_FDCWD, "/mnt/t5run5/corten_mode_hook.so", O_RDONLY|O_CLOEXEC) = 3
15731 read(3, "\177ELF\2\1\1\0\0\0\0\0\0\0\0\0\3\0>\0\1\0\0\0\0\0\0\0\0\0\0\0@\0\0\0\0\0\0\0H7\0\0\0\0\0\0\0\0\0\0@\08\0\t\0@\0\34\0\33\0\1\0\0\0\4\0\0\0\0\0\0\0\0\0\0\0\0\0\0\0\0\0\0\0\0\0\0\0\0\0\0\0"..., 832) = 832
15731 fstat(3, {st_mode=S_IFREG|0755, st_size=15944, ...}) = 0
15731 mmap(NULL, 16472, PROT_READ, MAP_PRIVATE|MAP_DENYWRITE, 3, 0) = 0x7fd3fa509000
15731 mmap(0x7fd3fa50a000, 4096, PROT_READ|PROT_EXEC, MAP_PRIVATE|MAP_FIXED|MAP_DENYWRITE, 3, 0x1000) = 0x7fd3fa50a000
15731 mmap(0x7fd3fa50b000, 4096, PROT_READ, MAP_PRIVATE|MAP_FIXED|MAP_DENYWRITE, 3, 0x2000) = 0x7fd3fa50b000
15731 mmap(0x7fd3fa50c000, 8192, PROT_READ|PROT_WRITE, MAP_PRIVATE|MAP_FIXED|MAP_DENYWRITE, 3, 0x2000) = 0x7fd3fa50c000
15731 close(3)                          = 0
15731 access("/etc/ld.so.preload", R_OK) = -1 ENOENT (No such file or directory)
15731 openat(AT_FDCWD, "/etc/ld.so.cache", O_RDONLY|O_CLOEXEC) = 3
15731 fstat(3, {st_mode=S_IFREG|0644, st_size=27983, ...}) = 0
15731 mmap(NULL, 27983, PROT_READ, MAP_PRIVATE, 3, 0) = 0x7fd3fa502000
15731 close(3)                          = 0
15731 openat(AT_FDCWD, "/lib/x86_64-linux-gnu/libc.so.6", O_RDONLY|O_CLOEXEC) = 3
15731 read(3, "\177ELF\2\1\1\3\0\0\0\0\0\0\0\0\3\0>\0\1\0\0\0p\236\2\0\0\0\0\0@\0\0\0\0\0\0\0\220b\36\0\0\0\0\0\0\0\0\0@\08\0\17\0@\0=\0<\0\6\0\0\0\4\0\0\0@\0\0\0\0\0\0\0@\0\0\0\0\0\0\0@\0\0\0\0\0\0\0"..., 832) = 832
15731 pread64(3, "\6\0\0\0\4\0\0\0@\0\0\0\0\0\0\0@\0\0\0\0\0\0\0@\0\0\0\0\0\0\0H\3\0\0\0\0\0\0H\3\0\0\0\0\0\0\10\0\0\0\0\0\0\0\3\0\0\0\4\0\0\0\240\1\36\0\0\0\0\0\240\1\36\0\0\0\0\0\240\1\36\0\0\0\0\0\34\0\0\0\0\0\0\0"..., 840, 64) = 840
15731 fstat(3, {st_mode=S_IFREG|0755, st_size=1995216, ...}) = 0
15731 pread64(3, "\6\0\0\0\4\0\0\0@\0\0\0\0\0\0\0@\0\0\0\0\0\0\0@\0\0\0\0\0\0\0H\3\0\0\0\0\0\0H\3\0\0\0\0\0\0\10\0\0\0\0\0\0\0\3\0\0\0\4\0\0\0\240\1\36\0\0\0\0\0\240\1\36\0\0\0\0\0\240\1\36\0\0\0\0\0\34\0\0\0\0\0\0\0"..., 840, 64) = 840
15731 mmap(NULL, 2047568, PROT_READ, MAP_PRIVATE|MAP_DENYWRITE, 3, 0) = 0x7fd3fa30e000
15731 mmap(0x7fd3fa336000, 1454080, PROT_READ|PROT_EXEC, MAP_PRIVATE|MAP_FIXED|MAP_DENYWRITE, 3, 0x28000) = 0x7fd3fa336000
15731 mmap(0x7fd3fa499000, 352256, PROT_READ, MAP_PRIVATE|MAP_FIXED|MAP_DENYWRITE, 3, 0x18b000) = 0x7fd3fa499000
15731 mmap(0x7fd3fa4ef000, 24576, PROT_READ|PROT_WRITE, MAP_PRIVATE|MAP_FIXED|MAP_DENYWRITE, 3, 0x1e0000) = 0x7fd3fa4ef000
15731 mmap(0x7fd3fa4f5000, 52816, PROT_READ|PROT_WRITE, MAP_PRIVATE|MAP_FIXED|MAP_ANONYMOUS, -1, 0) = 0x7fd3fa4f5000
15731 close(3)                          = 0
15731 mmap(NULL, 12288, PROT_READ|PROT_WRITE, MAP_PRIVATE|MAP_ANONYMOUS, -1, 0) = 0x7fd3fa30b000
15731 arch_prctl(ARCH_SET_FS, 0x7fd3fa30b740) = 0
15731 set_tid_address(0x7fd3fa30ba10)   = 15731
15731 set_robust_list(0x7fd3fa30ba20, 24) = 0
15731 rseq(0x7fd3fa30b680, 0x20, 0, 0x53053053) = 0
15731 mprotect(0x7fd3fa4ef000, 16384, PROT_READ) = 0
15731 mprotect(0x7fd3fa50c000, 4096, PROT_READ) = 0
15731 mprotect(0x563a944e5000, 4096, PROT_READ) = 0
15731 mprotect(0x7fd3fa560000, 8192, PROT_READ) = 0
15731 prlimit64(0, RLIMIT_STACK, NULL, {rlim_cur=8192*1024, rlim_max=RLIM64_INFINITY}) = 0
15731 munmap(0x7fd3fa502000, 27983)     = 0
15731 prctl(0x50 /* PR_??? */, 0x1, 0, 0, 0) = 0
15731 prctl(0x50 /* PR_??? */, 0x3, 0, 0, 0) = 1
15731 getpid()                          = 15731
15731 write(2, "corten_mode_hook: MODE on (pid 15731)\n", 38) = 38
15731 prlimit64(0, RLIMIT_AS, NULL, {rlim_cur=RLIM64_INFINITY, rlim_max=RLIM64_INFINITY}) = 0
15731 getrandom("\xba\x54\xf9\xec\x51\xe8\xf4\x3d", 8, GRND_NONBLOCK) = 8
15731 brk(NULL)                         = 0x563aa698d000
15731 brk(0x563aa69ae000)               = 0x563aa69ae000
15731 rt_sigaction(SIGRT_1, {sa_handler=0x7fd3fa39e4b0, sa_mask=[], sa_flags=SA_RESTORER|SA_ONSTACK|SA_RESTART|SA_SIGINFO, sa_restorer=0x7fd3fa34ddf0}, NULL, 8) = 0
15731 rt_sigprocmask(SIG_UNBLOCK, [RTMIN RT_1], NULL, 8) = 0
15731 mmap(NULL, 8392704, PROT_NONE, MAP_PRIVATE|MAP_ANONYMOUS|MAP_STACK, -1, 0) = 0x7fd3f9b0a000
15731 mprotect(0x7fd3f9b0b000, 8388608, PROT_READ|PROT_WRITE) = 0
15731 rt_sigprocmask(SIG_BLOCK, ~[], [], 8) = 0
15731 clone3({flags=CLONE_VM|CLONE_FS|CLONE_FILES|CLONE_SIGHAND|CLONE_THREAD|CLONE_SYSVSEM|CLONE_SETTLS|CLONE_PARENT_SETTID|CLONE_CHILD_CLEARTID, child_tid=0x7fd3fa30a990, parent_tid=0x7fd3fa30a990, exit_signal=0, stack=0x7fd3f9b0a000, stack_size=0x7fff80, tls=0x7fd3fa30a6c0} => {parent_tid=[15732]}, 88) = 15732
15732 rseq(0x7fd3fa30a600, 0x20, 0, 0x53053053 <unfinished ...>
15731 rt_sigprocmask(SIG_SETMASK, [],  <unfinished ...>
15732 <... rseq resumed>)               = 0
15731 <... rt_sigprocmask resumed>NULL, 8) = 0
15731 futex(0x7ffdcea284b4, FUTEX_WAIT_PRIVATE, 0, NULL <unfinished ...>
15732 set_robust_list(0x7fd3fa30a9a0, 24) = 0
15732 rt_sigprocmask(SIG_SETMASK, [], NULL, 8) = 0
15732 futex(0x7ffdcea284b4, FUTEX_WAKE_PRIVATE, 2147483647 <unfinished ...>
15731 <... futex resumed>)              = 0
15732 <... futex resumed>)              = 1
15731 futex(0x7ffdcea284d4, FUTEX_WAIT_PRIVATE, 0, NULL <unfinished ...>
15732 mmap(NULL, 16384, PROT_READ|PROT_WRITE, MAP_PRIVATE|MAP_ANONYMOUS|MAP_NORESERVE, -1, 0) = 0x100000000000
15732 munmap(0x100000000000, 16384)     = 0
15732 mmap(NULL, 16384, PROT_READ|PROT_WRITE, MAP_PRIVATE|MAP_ANONYMOUS|MAP_NORESERVE, -1, 0) = 0x100000000000
15732 munmap(0x100000000000, 16384)     = 0
15732 mmap(NULL, 16384, PROT_READ|PROT_WRITE, MAP_PRIVATE|MAP_ANONYMOUS|MAP_NORESERVE, -1, 0) = 0x100000000000
15732 munmap(0x100000000000, 16384)     = 0
15732 mmap(NULL, 16384, PROT_READ|PROT_WRITE, MAP_PRIVATE|MAP_ANONYMOUS|MAP_NORESERVE, -1, 0) = 0x100000000000
15732 munmap(0x100000000000, 16384)     = 0
15732 mmap(NULL, 16384, PROT_READ|PROT_WRITE, MAP_PRIVATE|MAP_ANONYMOUS|MAP_NORESERVE, -1, 0) = 0x100000000000
15732 munmap(0x100000000000, 16384)     = 0
15732 mmap(NULL, 16384, PROT_READ|PROT_WRITE, MAP_PRIVATE|MAP_ANONYMOUS|MAP_NORESERVE, -1, 0) = 0x100000000000
15732 munmap(0x100000000000, 16384)     = 0
15732 mmap(NULL, 16384, PROT_READ|PROT_WRITE, MAP_PRIVATE|MAP_ANONYMOUS|MAP_NORESERVE, -1, 0) = 0x100000000000
15732 munmap(0x100000000000, 16384)     = 0
15732 mmap(NULL, 16384, PROT_READ|PROT_WRITE, MAP_PRIVATE|MAP_ANONYMOUS|MAP_NORESERVE, -1, 0) = 0x100000000000
15732 munmap(0x100000000000, 16384)     = 0
15732 mmap(NULL, 16384, PROT_READ|PROT_WRITE, MAP_PRIVATE|MAP_ANONYMOUS|MAP_NORESERVE, -1, 0) = 0x100000000000
15732 munmap(0x100000000000, 16384)     = 0
15732 mmap(NULL, 16384, PROT_READ|PROT_WRITE, MAP_PRIVATE|MAP_ANONYMOUS|MAP_NORESERVE, -1, 0) = 0x100000000000
15732 munmap(0x100000000000, 16384)     = 0
15732 mmap(NULL, 16384, PROT_READ|PROT_WRITE, MAP_PRIVATE|MAP_ANONYMOUS|MAP_NORESERVE, -1, 0) = 0x100000000000
15732 munmap(0x100000000000, 16384)     = 0
15732 mmap(NULL, 16384, PROT_READ|PROT_WRITE, MAP_PRIVATE|MAP_ANONYMOUS|MAP_NORESERVE, -1, 0) = 0x100000000000
15732 munmap(0x100000000000, 16384)     = 0
15732 mmap(NULL, 16384, PROT_READ|PROT_WRITE, MAP_PRIVATE|MAP_ANONYMOUS|MAP_NORESERVE, -1, 0) = 0x100000000000
15732 munmap(0x100000000000, 16384)     = 0
15732 mmap(NULL, 16384, PROT_READ|PROT_WRITE, MAP_PRIVATE|MAP_ANONYMOUS|MAP_NORESERVE, -1, 0) = 0x100000000000
15732 munmap(0x100000000000, 16384)     = 0
15732 mmap(NULL, 16384, PROT_READ|PROT_WRITE, MAP_PRIVATE|MAP_ANONYMOUS|MAP_NORESERVE, -1, 0) = 0x100000000000
15732 munmap(0x100000000000, 16384)     = 0
15732 mmap(NULL, 16384, PROT_READ|PROT_WRITE, MAP_PRIVATE|MAP_ANONYMOUS|MAP_NORESERVE, -1, 0) = 0x100000000000
15732 munmap(0x100000000000, 16384)     = 0
15732 mmap(NULL, 16384, PROT_READ|PROT_WRITE, MAP_PRIVATE|MAP_ANONYMOUS|MAP_NORESERVE, -1, 0) = 0x100000000000
15732 munmap(0x100000000000, 16384)     = 0
15732 mmap(NULL, 16384, PROT_READ|PROT_WRITE, MAP_PRIVATE|MAP_ANONYMOUS|MAP_NORESERVE, -1, 0) = 0x100000000000
15732 munmap(0x100000000000, 16384)     = 0
15732 mmap(NULL, 16384, PROT_READ|PROT_WRITE, MAP_PRIVATE|MAP_ANONYMOUS|MAP_NORESERVE, -1, 0) = 0x100000000000
15732 munmap(0x100000000000, 16384)     = 0
15732 mmap(NULL, 16384, PROT_READ|PROT_WRITE, MAP_PRIVATE|MAP_ANONYMOUS|MAP_NORESERVE, -1, 0) = 0x100000000000
15732 munmap(0x100000000000, 16384)     = 0
15732 mmap(NULL, 16384, PROT_READ|PROT_WRITE, MAP_PRIVATE|MAP_ANONYMOUS|MAP_NORESERVE, -1, 0) = 0x100000000000
15732 munmap(0x100000000000, 16384)     = 0
15732 mmap(NULL, 16384, PROT_READ|PROT_WRITE, MAP_PRIVATE|MAP_ANONYMOUS|MAP_NORESERVE, -1, 0) = 0x100000000000
15732 munmap(0x100000000000, 16384)     = 0
15732 mmap(NULL, 16384, PROT_READ|PROT_WRITE, MAP_PRIVATE|MAP_ANONYMOUS|MAP_NORESERVE, -1, 0) = 0x100000000000
15732 munmap(0x100000000000, 16384)     = 0
15732 mmap(NULL, 16384, PROT_READ|PROT_WRITE, MAP_PRIVATE|MAP_ANONYMOUS|MAP_NORESERVE, -1, 0) = 0x100000000000
15732 munmap(0x100000000000, 16384)     = 0
15732 mmap(NULL, 16384, PROT_READ|PROT_WRITE, MAP_PRIVATE|MAP_ANONYMOUS|MAP_NORESERVE, -1, 0) = 0x100000000000
15732 munmap(0x100000000000, 16384)     = 0
15732 mmap(NULL, 16384, PROT_READ|PROT_WRITE, MAP_PRIVATE|MAP_ANONYMOUS|MAP_NORESERVE, -1, 0) = 0x100000000000
15732 munmap(0x100000000000, 16384)     = 0
15732 mmap(NULL, 16384, PROT_READ|PROT_WRITE, MAP_PRIVATE|MAP_ANONYMOUS|MAP_NORESERVE, -1, 0) = 0x100000000000
15732 munmap(0x100000000000, 16384)     = 0
15732 mmap(NULL, 16384, PROT_READ|PROT_WRITE, MAP_PRIVATE|MAP_ANONYMOUS|MAP_NORESERVE, -1, 0) = 0x100000000000
15732 munmap(0x100000000000, 16384)     = 0
15732 mmap(NULL, 16384, PROT_READ|PROT_WRITE, MAP_PRIVATE|MAP_ANONYMOUS|MAP_NORESERVE, -1, 0) = 0x100000000000
15732 munmap(0x100000000000, 16384)     = 0
15732 mmap(NULL, 16384, PROT_READ|PROT_WRITE, MAP_PRIVATE|MAP_ANONYMOUS|MAP_NORESERVE, -1, 0) = 0x100000000000
15732 munmap(0x100000000000, 16384)     = 0
15732 mmap(NULL, 16384, PROT_READ|PROT_WRITE, MAP_PRIVATE|MAP_ANONYMOUS|MAP_NORESERVE, -1, 0) = 0x100000000000
15732 munmap(0x100000000000, 16384)     = 0
15732 mmap(NULL, 16384, PROT_READ|PROT_WRITE, MAP_PRIVATE|MAP_ANONYMOUS|MAP_NORESERVE, -1, 0) = 0x100000000000
15732 munmap(0x100000000000, 16384)     = 0
15732 mmap(NULL, 16384, PROT_READ|PROT_WRITE, MAP_PRIVATE|MAP_ANONYMOUS|MAP_NORESERVE, -1, 0) = 0x100000000000
15732 munmap(0x100000000000, 16384)     = 0
15732 mmap(NULL, 16384, PROT_READ|PROT_WRITE, MAP_PRIVATE|MAP_ANONYMOUS|MAP_NORESERVE, -1, 0) = 0x100000000000
15732 munmap(0x100000000000, 16384)     = 0
15732 mmap(NULL, 16384, PROT_READ|PROT_WRITE, MAP_PRIVATE|MAP_ANONYMOUS|MAP_NORESERVE, -1, 0) = 0x100000000000
15732 munmap(0x100000000000, 16384)     = 0
15732 mmap(NULL, 16384, PROT_READ|PROT_WRITE, MAP_PRIVATE|MAP_ANONYMOUS|MAP_NORESERVE, -1, 0) = 0x100000000000
15732 munmap(0x100000000000, 16384)     = 0
15732 mmap(NULL, 16384, PROT_READ|PROT_WRITE, MAP_PRIVATE|MAP_ANONYMOUS|MAP_NORESERVE, -1, 0) = 0x100000000000
15732 munmap(0x100000000000, 16384)     = 0
15732 mmap(NULL, 16384, PROT_READ|PROT_WRITE, MAP_PRIVATE|MAP_ANONYMOUS|MAP_NORESERVE, -1, 0) = 0x100000000000
15732 munmap(0x100000000000, 16384)     = 0
15732 mmap(NULL, 16384, PROT_READ|PROT_WRITE, MAP_PRIVATE|MAP_ANONYMOUS|MAP_NORESERVE, -1, 0) = 0x100000000000
15732 munmap(0x100000000000, 16384)     = 0
15732 mmap(NULL, 16384, PROT_READ|PROT_WRITE, MAP_PRIVATE|MAP_ANONYMOUS|MAP_NORESERVE, -1, 0) = 0x100000000000
15732 munmap(0x100000000000, 16384)     = 0
15732 mmap(NULL, 16384, PROT_READ|PROT_WRITE, MAP_PRIVATE|MAP_ANONYMOUS|MAP_NORESERVE, -1, 0) = 0x100000000000
15732 munmap(0x100000000000, 16384)     = 0
15732 mmap(NULL, 16384, PROT_READ|PROT_WRITE, MAP_PRIVATE|MAP_ANONYMOUS|MAP_NORESERVE, -1, 0) = 0x100000000000
15732 munmap(0x100000000000, 16384)     = 0
15732 mmap(NULL, 16384, PROT_READ|PROT_WRITE, MAP_PRIVATE|MAP_ANONYMOUS|MAP_NORESERVE, -1, 0) = 0x100000000000
15732 munmap(0x100000000000, 16384)     = 0
15732 mmap(NULL, 16384, PROT_READ|PROT_WRITE, MAP_PRIVATE|MAP_ANONYMOUS|MAP_NORESERVE, -1, 0) = 0x100000000000
15732 munmap(0x100000000000, 16384)     = 0
15732 mmap(NULL, 16384, PROT_READ|PROT_WRITE, MAP_PRIVATE|MAP_ANONYMOUS|MAP_NORESERVE, -1, 0) = 0x100000000000
15732 munmap(0x100000000000, 16384)     = 0
15732 mmap(NULL, 16384, PROT_READ|PROT_WRITE, MAP_PRIVATE|MAP_ANONYMOUS|MAP_NORESERVE, -1, 0) = 0x100000000000
15732 munmap(0x100000000000, 16384)     = 0
15732 mmap(NULL, 16384, PROT_READ|PROT_WRITE, MAP_PRIVATE|MAP_ANONYMOUS|MAP_NORESERVE, -1, 0) = 0x100000000000
15732 munmap(0x100000000000, 16384)     = 0
15732 mmap(NULL, 16384, PROT_READ|PROT_WRITE, MAP_PRIVATE|MAP_ANONYMOUS|MAP_NORESERVE, -1, 0) = 0x100000000000
15732 munmap(0x100000000000, 16384)     = 0
15732 mmap(NULL, 16384, PROT_READ|PROT_WRITE, MAP_PRIVATE|MAP_ANONYMOUS|MAP_NORESERVE, -1, 0) = 0x100000000000
15732 munmap(0x100000000000, 16384)     = 0
15732 mmap(NULL, 16384, PROT_READ|PROT_WRITE, MAP_PRIVATE|MAP_ANONYMOUS|MAP_NORESERVE, -1, 0) = 0x100000000000
15732 munmap(0x100000000000, 16384)     = 0
15732 mmap(NULL, 16384, PROT_READ|PROT_WRITE, MAP_PRIVATE|MAP_ANONYMOUS|MAP_NORESERVE, -1, 0) = 0x100000000000
15732 munmap(0x100000000000, 16384)     = 0
15732 mmap(NULL, 16384, PROT_READ|PROT_WRITE, MAP_PRIVATE|MAP_ANONYMOUS|MAP_NORESERVE, -1, 0) = 0x100000000000
15732 munmap(0x100000000000, 16384)     = 0
15732 mmap(NULL, 16384, PROT_READ|PROT_WRITE, MAP_PRIVATE|MAP_ANONYMOUS|MAP_NORESERVE, -1, 0) = 0x100000000000
15732 munmap(0x100000000000, 16384)     = 0
15732 mmap(NULL, 16384, PROT_READ|PROT_WRITE, MAP_PRIVATE|MAP_ANONYMOUS|MAP_NORESERVE, -1, 0) = 0x100000000000
15732 munmap(0x100000000000, 16384)     = 0
15732 mmap(NULL, 16384, PROT_READ|PROT_WRITE, MAP_PRIVATE|MAP_ANONYMOUS|MAP_NORESERVE, -1, 0) = 0x100000000000
15732 munmap(0x100000000000, 16384)     = 0
15732 mmap(NULL, 16384, PROT_READ|PROT_WRITE, MAP_PRIVATE|MAP_ANONYMOUS|MAP_NORESERVE, -1, 0) = 0x100000000000
15732 munmap(0x100000000000, 16384)     = 0
15732 mmap(NULL, 16384, PROT_READ|PROT_WRITE, MAP_PRIVATE|MAP_ANONYMOUS|MAP_NORESERVE, -1, 0) = 0x100000000000
15732 munmap(0x100000000000, 16384)     = 0
15732 mmap(NULL, 16384, PROT_READ|PROT_WRITE, MAP_PRIVATE|MAP_ANONYMOUS|MAP_NORESERVE, -1, 0) = 0x100000000000
15732 munmap(0x100000000000, 16384)     = 0
15732 mmap(NULL, 16384, PROT_READ|PROT_WRITE, MAP_PRIVATE|MAP_ANONYMOUS|MAP_NORESERVE, -1, 0) = 0x100000000000
15732 munmap(0x100000000000, 16384)     = 0
15732 mmap(NULL, 16384, PROT_READ|PROT_WRITE, MAP_PRIVATE|MAP_ANONYMOUS|MAP_NORESERVE, -1, 0) = 0x100000000000
15732 munmap(0x100000000000, 16384)     = 0
15732 mmap(NULL, 16384, PROT_READ|PROT_WRITE, MAP_PRIVATE|MAP_ANONYMOUS|MAP_NORESERVE, -1, 0) = 0x100000000000
15732 munmap(0x100000000000, 16384)     = 0
15732 mmap(NULL, 16384, PROT_READ|PROT_WRITE, MAP_PRIVATE|MAP_ANONYMOUS|MAP_NORESERVE, -1, 0) = 0x100000000000
15732 munmap(0x100000000000, 16384)     = 0
15732 mmap(NULL, 16384, PROT_READ|PROT_WRITE, MAP_PRIVATE|MAP_ANONYMOUS|MAP_NORESERVE, -1, 0) = 0x100000000000
15732 munmap(0x100000000000, 16384)     = 0
15732 mmap(NULL, 16384, PROT_READ|PROT_WRITE, MAP_PRIVATE|MAP_ANONYMOUS|MAP_NORESERVE, -1, 0) = 0x100000000000
15732 munmap(0x100000000000, 16384)     = 0
15732 mmap(NULL, 16384, PROT_READ|PROT_WRITE, MAP_PRIVATE|MAP_ANONYMOUS|MAP_NORESERVE, -1, 0) = 0x100000000000
15732 munmap(0x100000000000, 16384)     = 0
15732 mmap(NULL, 16384, PROT_READ|PROT_WRITE, MAP_PRIVATE|MAP_ANONYMOUS|MAP_NORESERVE, -1, 0) = 0x100000000000
15732 munmap(0x100000000000, 16384)     = 0
15732 mmap(NULL, 16384, PROT_READ|PROT_WRITE, MAP_PRIVATE|MAP_ANONYMOUS|MAP_NORESERVE, -1, 0) = 0x100000000000
15732 munmap(0x100000000000, 16384)     = 0
15732 mmap(NULL, 16384, PROT_READ|PROT_WRITE, MAP_PRIVATE|MAP_ANONYMOUS|MAP_NORESERVE, -1, 0) = 0x100000000000
15732 munmap(0x100000000000, 16384)     = 0
15732 mmap(NULL, 16384, PROT_READ|PROT_WRITE, MAP_PRIVATE|MAP_ANONYMOUS|MAP_NORESERVE, -1, 0) = 0x100000000000
15732 munmap(0x100000000000, 16384)     = 0
15732 mmap(NULL, 16384, PROT_READ|PROT_WRITE, MAP_PRIVATE|MAP_ANONYMOUS|MAP_NORESERVE, -1, 0) = 0x100000000000
15732 munmap(0x100000000000, 16384)     = 0
15732 mmap(NULL, 16384, PROT_READ|PROT_WRITE, MAP_PRIVATE|MAP_ANONYMOUS|MAP_NORESERVE, -1, 0) = 0x100000000000
15732 munmap(0x100000000000, 16384)     = 0
15732 mmap(NULL, 16384, PROT_READ|PROT_WRITE, MAP_PRIVATE|MAP_ANONYMOUS|MAP_NORESERVE, -1, 0) = 0x100000000000
15732 munmap(0x100000000000, 16384)     = 0
15732 mmap(NULL, 16384, PROT_READ|PROT_WRITE, MAP_PRIVATE|MAP_ANONYMOUS|MAP_NORESERVE, -1, 0) = 0x100000000000
15732 munmap(0x100000000000, 16384)     = 0
15732 mmap(NULL, 16384, PROT_READ|PROT_WRITE, MAP_PRIVATE|MAP_ANONYMOUS|MAP_NORESERVE, -1, 0) = 0x100000000000
15732 munmap(0x100000000000, 16384)     = 0
15732 mmap(NULL, 16384, PROT_READ|PROT_WRITE, MAP_PRIVATE|MAP_ANONYMOUS|MAP_NORESERVE, -1, 0) = 0x100000000000
15732 munmap(0x100000000000, 16384)     = 0
15732 mmap(NULL, 16384, PROT_READ|PROT_WRITE, MAP_PRIVATE|MAP_ANONYMOUS|MAP_NORESERVE, -1, 0) = 0x100000000000
15732 munmap(0x100000000000, 16384)     = 0
15732 mmap(NULL, 16384, PROT_READ|PROT_WRITE, MAP_PRIVATE|MAP_ANONYMOUS|MAP_NORESERVE, -1, 0) = 0x100000000000
15732 munmap(0x100000000000, 16384)     = 0
15732 mmap(NULL, 16384, PROT_READ|PROT_WRITE, MAP_PRIVATE|MAP_ANONYMOUS|MAP_NORESERVE, -1, 0) = 0x100000000000
15732 munmap(0x100000000000, 16384)     = 0
15732 mmap(NULL, 16384, PROT_READ|PROT_WRITE, MAP_PRIVATE|MAP_ANONYMOUS|MAP_NORESERVE, -1, 0) = 0x100000000000
15732 munmap(0x100000000000, 16384)     = 0
15732 mmap(NULL, 16384, PROT_READ|PROT_WRITE, MAP_PRIVATE|MAP_ANONYMOUS|MAP_NORESERVE, -1, 0) = 0x100000000000
15732 munmap(0x100000000000, 16384)     = 0
15732 mmap(NULL, 16384, PROT_READ|PROT_WRITE, MAP_PRIVATE|MAP_ANONYMOUS|MAP_NORESERVE, -1, 0) = 0x100000000000
15732 munmap(0x100000000000, 16384)     = 0
15732 mmap(NULL, 16384, PROT_READ|PROT_WRITE, MAP_PRIVATE|MAP_ANONYMOUS|MAP_NORESERVE, -1, 0) = 0x100000000000
15732 munmap(0x100000000000, 16384)     = 0
15732 mmap(NULL, 16384, PROT_READ|PROT_WRITE, MAP_PRIVATE|MAP_ANONYMOUS|MAP_NORESERVE, -1, 0) = 0x100000000000
15732 munmap(0x100000000000, 16384)     = 0
15732 mmap(NULL, 16384, PROT_READ|PROT_WRITE, MAP_PRIVATE|MAP_ANONYMOUS|MAP_NORESERVE, -1, 0) = 0x100000000000
15732 munmap(0x100000000000, 16384)     = 0
15732 mmap(NULL, 16384, PROT_READ|PROT_WRITE, MAP_PRIVATE|MAP_ANONYMOUS|MAP_NORESERVE, -1, 0) = 0x100000000000
15732 munmap(0x100000000000, 16384)     = 0
15732 mmap(NULL, 16384, PROT_READ|PROT_WRITE, MAP_PRIVATE|MAP_ANONYMOUS|MAP_NORESERVE, -1, 0) = 0x100000000000
15732 munmap(0x100000000000, 16384)     = 0
15732 mmap(NULL, 16384, PROT_READ|PROT_WRITE, MAP_PRIVATE|MAP_ANONYMOUS|MAP_NORESERVE, -1, 0) = 0x100000000000
15732 munmap(0x100000000000, 16384)     = 0
15732 mmap(NULL, 16384, PROT_READ|PROT_WRITE, MAP_PRIVATE|MAP_ANONYMOUS|MAP_NORESERVE, -1, 0) = 0x100000000000
15732 munmap(0x100000000000, 16384)     = 0
15732 mmap(NULL, 16384, PROT_READ|PROT_WRITE, MAP_PRIVATE|MAP_ANONYMOUS|MAP_NORESERVE, -1, 0) = 0x100000000000
15732 munmap(0x100000000000, 16384)     = 0
15732 mmap(NULL, 16384, PROT_READ|PROT_WRITE, MAP_PRIVATE|MAP_ANONYMOUS|MAP_NORESERVE, -1, 0) = 0x100000000000
15732 munmap(0x100000000000, 16384)     = 0
15732 mmap(NULL, 16384, PROT_READ|PROT_WRITE, MAP_PRIVATE|MAP_ANONYMOUS|MAP_NORESERVE, -1, 0) = 0x100000000000
15732 munmap(0x100000000000, 16384)     = 0
15732 mmap(NULL, 16384, PROT_READ|PROT_WRITE, MAP_PRIVATE|MAP_ANONYMOUS|MAP_NORESERVE, -1, 0) = 0x100000000000
15732 munmap(0x100000000000, 16384)     = 0
15732 mmap(NULL, 16384, PROT_READ|PROT_WRITE, MAP_PRIVATE|MAP_ANONYMOUS|MAP_NORESERVE, -1, 0) = 0x100000000000
15732 munmap(0x100000000000, 16384)     = 0
15732 mmap(NULL, 16384, PROT_READ|PROT_WRITE, MAP_PRIVATE|MAP_ANONYMOUS|MAP_NORESERVE, -1, 0) = 0x100000000000
15732 munmap(0x100000000000, 16384)     = 0
15732 mmap(NULL, 16384, PROT_READ|PROT_WRITE, MAP_PRIVATE|MAP_ANONYMOUS|MAP_NORESERVE, -1, 0) = 0x100000000000
15732 munmap(0x100000000000, 16384)     = 0
15732 mmap(NULL, 16384, PROT_READ|PROT_WRITE, MAP_PRIVATE|MAP_ANONYMOUS|MAP_NORESERVE, -1, 0) = 0x100000000000
15732 munmap(0x100000000000, 16384)     = 0
15732 mmap(NULL, 16384, PROT_READ|PROT_WRITE, MAP_PRIVATE|MAP_ANONYMOUS|MAP_NORESERVE, -1, 0) = 0x100000000000
15732 munmap(0x100000000000, 16384)     = 0
15732 mmap(NULL, 16384, PROT_READ|PROT_WRITE, MAP_PRIVATE|MAP_ANONYMOUS|MAP_NORESERVE, -1, 0) = 0x100000000000
15732 munmap(0x100000000000, 16384)     = 0
15732 mmap(NULL, 16384, PROT_READ|PROT_WRITE, MAP_PRIVATE|MAP_ANONYMOUS|MAP_NORESERVE, -1, 0) = 0x100000000000
15732 munmap(0x100000000000, 16384)     = 0
15732 mmap(NULL, 16384, PROT_READ|PROT_WRITE, MAP_PRIVATE|MAP_ANONYMOUS|MAP_NORESERVE, -1, 0) = 0x100000000000
15732 munmap(0x100000000000, 16384)     = 0
15732 mmap(NULL, 16384, PROT_READ|PROT_WRITE, MAP_PRIVATE|MAP_ANONYMOUS|MAP_NORESERVE, -1, 0) = 0x100000000000
15732 munmap(0x100000000000, 16384)     = 0
15732 mmap(NULL, 16384, PROT_READ|PROT_WRITE, MAP_PRIVATE|MAP_ANONYMOUS|MAP_NORESERVE, -1, 0) = 0x100000000000
15732 munmap(0x100000000000, 16384)     = 0
15732 mmap(NULL, 16384, PROT_READ|PROT_WRITE, MAP_PRIVATE|MAP_ANONYMOUS|MAP_NORESERVE, -1, 0) = 0x100000000000
15732 munmap(0x100000000000, 16384)     = 0
15732 mmap(NULL, 16384, PROT_READ|PROT_WRITE, MAP_PRIVATE|MAP_ANONYMOUS|MAP_NORESERVE, -1, 0) = 0x100000000000
15732 munmap(0x100000000000, 16384)     = 0
15732 mmap(NULL, 16384, PROT_READ|PROT_WRITE, MAP_PRIVATE|MAP_ANONYMOUS|MAP_NORESERVE, -1, 0) = 0x100000000000
15732 munmap(0x100000000000, 16384)     = 0
15732 mmap(NULL, 16384, PROT_READ|PROT_WRITE, MAP_PRIVATE|MAP_ANONYMOUS|MAP_NORESERVE, -1, 0) = 0x100000000000
15732 munmap(0x100000000000, 16384)     = 0
15732 mmap(NULL, 16384, PROT_READ|PROT_WRITE, MAP_PRIVATE|MAP_ANONYMOUS|MAP_NORESERVE, -1, 0) = 0x100000000000
15732 munmap(0x100000000000, 16384)     = 0
15732 mmap(NULL, 16384, PROT_READ|PROT_WRITE, MAP_PRIVATE|MAP_ANONYMOUS|MAP_NORESERVE, -1, 0) = 0x100000000000
15732 munmap(0x100000000000, 16384)     = 0
15732 mmap(NULL, 16384, PROT_READ|PROT_WRITE, MAP_PRIVATE|MAP_ANONYMOUS|MAP_NORESERVE, -1, 0) = 0x100000000000
15732 munmap(0x100000000000, 16384)     = 0
15732 mmap(NULL, 16384, PROT_READ|PROT_WRITE, MAP_PRIVATE|MAP_ANONYMOUS|MAP_NORESERVE, -1, 0) = 0x100000000000
15732 munmap(0x100000000000, 16384)     = 0
15732 mmap(NULL, 16384, PROT_READ|PROT_WRITE, MAP_PRIVATE|MAP_ANONYMOUS|MAP_NORESERVE, -1, 0) = 0x100000000000
15732 munmap(0x100000000000, 16384)     = 0
15732 mmap(NULL, 16384, PROT_READ|PROT_WRITE, MAP_PRIVATE|MAP_ANONYMOUS|MAP_NORESERVE, -1, 0) = 0x100000000000
15732 munmap(0x100000000000, 16384)     = 0
15732 mmap(NULL, 16384, PROT_READ|PROT_WRITE, MAP_PRIVATE|MAP_ANONYMOUS|MAP_NORESERVE, -1, 0) = 0x100000000000
15732 munmap(0x100000000000, 16384)     = 0
15732 mmap(NULL, 16384, PROT_READ|PROT_WRITE, MAP_PRIVATE|MAP_ANONYMOUS|MAP_NORESERVE, -1, 0) = 0x100000000000
15732 munmap(0x100000000000, 16384)     = 0
15732 mmap(NULL, 16384, PROT_READ|PROT_WRITE, MAP_PRIVATE|MAP_ANONYMOUS|MAP_NORESERVE, -1, 0) = 0x100000000000
15732 munmap(0x100000000000, 16384)     = 0
15732 mmap(NULL, 16384, PROT_READ|PROT_WRITE, MAP_PRIVATE|MAP_ANONYMOUS|MAP_NORESERVE, -1, 0) = 0x100000000000
15732 munmap(0x100000000000, 16384)     = 0
15732 mmap(NULL, 16384, PROT_READ|PROT_WRITE, MAP_PRIVATE|MAP_ANONYMOUS|MAP_NORESERVE, -1, 0) = 0x100000000000
15732 munmap(0x100000000000, 16384)     = 0
15732 mmap(NULL, 16384, PROT_READ|PROT_WRITE, MAP_PRIVATE|MAP_ANONYMOUS|MAP_NORESERVE, -1, 0) = 0x100000000000
15732 munmap(0x100000000000, 16384)     = 0
15732 mmap(NULL, 16384, PROT_READ|PROT_WRITE, MAP_PRIVATE|MAP_ANONYMOUS|MAP_NORESERVE, -1, 0) = 0x100000000000
15732 munmap(0x100000000000, 16384)     = 0
15732 mmap(NULL, 16384, PROT_READ|PROT_WRITE, MAP_PRIVATE|MAP_ANONYMOUS|MAP_NORESERVE, -1, 0) = 0x100000000000
15732 munmap(0x100000000000, 16384)     = 0
15732 mmap(NULL, 16384, PROT_READ|PROT_WRITE, MAP_PRIVATE|MAP_ANONYMOUS|MAP_NORESERVE, -1, 0) = 0x100000000000
15732 munmap(0x100000000000, 16384)     = 0
15732 mmap(NULL, 16384, PROT_READ|PROT_WRITE, MAP_PRIVATE|MAP_ANONYMOUS|MAP_NORESERVE, -1, 0) = 0x100000000000
15732 munmap(0x100000000000, 16384)     = 0
15732 mmap(NULL, 16384, PROT_READ|PROT_WRITE, MAP_PRIVATE|MAP_ANONYMOUS|MAP_NORESERVE, -1, 0) = 0x100000000000
15732 munmap(0x100000000000, 16384)     = 0
15732 mmap(NULL, 16384, PROT_READ|PROT_WRITE, MAP_PRIVATE|MAP_ANONYMOUS|MAP_NORESERVE, -1, 0) = 0x100000000000
15732 munmap(0x100000000000, 16384)     = 0
15732 mmap(NULL, 16384, PROT_READ|PROT_WRITE, MAP_PRIVATE|MAP_ANONYMOUS|MAP_NORESERVE, -1, 0) = 0x100000000000
15732 munmap(0x100000000000, 16384)     = 0
15732 mmap(NULL, 16384, PROT_READ|PROT_WRITE, MAP_PRIVATE|MAP_ANONYMOUS|MAP_NORESERVE, -1, 0) = 0x100000000000
15732 munmap(0x100000000000, 16384)     = 0
15732 mmap(NULL, 16384, PROT_READ|PROT_WRITE, MAP_PRIVATE|MAP_ANONYMOUS|MAP_NORESERVE, -1, 0) = 0x100000000000
15732 munmap(0x100000000000, 16384)     = 0
15732 mmap(NULL, 16384, PROT_READ|PROT_WRITE, MAP_PRIVATE|MAP_ANONYMOUS|MAP_NORESERVE, -1, 0) = 0x100000000000
15732 munmap(0x100000000000, 16384)     = 0
15732 mmap(NULL, 16384, PROT_READ|PROT_WRITE, MAP_PRIVATE|MAP_ANONYMOUS|MAP_NORESERVE, -1, 0) = 0x100000000000
15732 munmap(0x100000000000, 16384)     = 0
15732 mmap(NULL, 16384, PROT_READ|PROT_WRITE, MAP_PRIVATE|MAP_ANONYMOUS|MAP_NORESERVE, -1, 0) = 0x100000000000
15732 munmap(0x100000000000, 16384)     = 0
15732 mmap(NULL, 16384, PROT_READ|PROT_WRITE, MAP_PRIVATE|MAP_ANONYMOUS|MAP_NORESERVE, -1, 0) = 0x100000000000
15732 munmap(0x100000000000, 16384)     = 0
15732 mmap(NULL, 16384, PROT_READ|PROT_WRITE, MAP_PRIVATE|MAP_ANONYMOUS|MAP_NORESERVE, -1, 0) = 0x100000000000
15732 munmap(0x100000000000, 16384)     = 0
15732 mmap(NULL, 16384, PROT_READ|PROT_WRITE, MAP_PRIVATE|MAP_ANONYMOUS|MAP_NORESERVE, -1, 0) = 0x100000000000
15732 munmap(0x100000000000, 16384)     = 0
15732 mmap(NULL, 16384, PROT_READ|PROT_WRITE, MAP_PRIVATE|MAP_ANONYMOUS|MAP_NORESERVE, -1, 0) = 0x100000000000
15732 munmap(0x100000000000, 16384)     = 0
15732 mmap(NULL, 16384, PROT_READ|PROT_WRITE, MAP_PRIVATE|MAP_ANONYMOUS|MAP_NORESERVE, -1, 0) = 0x100000000000
15732 munmap(0x100000000000, 16384)     = 0
15732 mmap(NULL, 16384, PROT_READ|PROT_WRITE, MAP_PRIVATE|MAP_ANONYMOUS|MAP_NORESERVE, -1, 0) = 0x100000000000
15732 munmap(0x100000000000, 16384)     = 0
15732 mmap(NULL, 16384, PROT_READ|PROT_WRITE, MAP_PRIVATE|MAP_ANONYMOUS|MAP_NORESERVE, -1, 0) = 0x100000000000
15732 munmap(0x100000000000, 16384)     = 0
15732 mmap(NULL, 16384, PROT_READ|PROT_WRITE, MAP_PRIVATE|MAP_ANONYMOUS|MAP_NORESERVE, -1, 0) = 0x100000000000
15732 munmap(0x100000000000, 16384)     = 0
15732 mmap(NULL, 16384, PROT_READ|PROT_WRITE, MAP_PRIVATE|MAP_ANONYMOUS|MAP_NORESERVE, -1, 0) = 0x100000000000
15732 munmap(0x100000000000, 16384)     = 0
15732 mmap(NULL, 16384, PROT_READ|PROT_WRITE, MAP_PRIVATE|MAP_ANONYMOUS|MAP_NORESERVE, -1, 0) = 0x100000000000
15732 munmap(0x100000000000, 16384)     = 0
15732 mmap(NULL, 16384, PROT_READ|PROT_WRITE, MAP_PRIVATE|MAP_ANONYMOUS|MAP_NORESERVE, -1, 0) = 0x100000000000
15732 munmap(0x100000000000, 16384)     = 0
15732 mmap(NULL, 16384, PROT_READ|PROT_WRITE, MAP_PRIVATE|MAP_ANONYMOUS|MAP_NORESERVE, -1, 0) = 0x100000000000
15732 munmap(0x100000000000, 16384)     = 0
15732 mmap(NULL, 16384, PROT_READ|PROT_WRITE, MAP_PRIVATE|MAP_ANONYMOUS|MAP_NORESERVE, -1, 0) = 0x100000000000
15732 munmap(0x100000000000, 16384)     = 0
15732 mmap(NULL, 16384, PROT_READ|PROT_WRITE, MAP_PRIVATE|MAP_ANONYMOUS|MAP_NORESERVE, -1, 0) = 0x100000000000
15732 munmap(0x100000000000, 16384)     = 0
15732 mmap(NULL, 16384, PROT_READ|PROT_WRITE, MAP_PRIVATE|MAP_ANONYMOUS|MAP_NORESERVE, -1, 0) = 0x100000000000
15732 munmap(0x100000000000, 16384)     = 0
15732 mmap(NULL, 16384, PROT_READ|PROT_WRITE, MAP_PRIVATE|MAP_ANONYMOUS|MAP_NORESERVE, -1, 0) = 0x100000000000
15732 munmap(0x100000000000, 16384)     = 0
15732 mmap(NULL, 16384, PROT_READ|PROT_WRITE, MAP_PRIVATE|MAP_ANONYMOUS|MAP_NORESERVE, -1, 0) = 0x100000000000
15732 munmap(0x100000000000, 16384)     = 0
15732 mmap(NULL, 16384, PROT_READ|PROT_WRITE, MAP_PRIVATE|MAP_ANONYMOUS|MAP_NORESERVE, -1, 0) = 0x100000000000
15732 munmap(0x100000000000, 16384)     = 0
15732 mmap(NULL, 16384, PROT_READ|PROT_WRITE, MAP_PRIVATE|MAP_ANONYMOUS|MAP_NORESERVE, -1, 0) = 0x100000000000
15732 munmap(0x100000000000, 16384)     = 0
15732 mmap(NULL, 16384, PROT_READ|PROT_WRITE, MAP_PRIVATE|MAP_ANONYMOUS|MAP_NORESERVE, -1, 0) = 0x100000000000
15732 munmap(0x100000000000, 16384)     = 0
15732 mmap(NULL, 16384, PROT_READ|PROT_WRITE, MAP_PRIVATE|MAP_ANONYMOUS|MAP_NORESERVE, -1, 0) = 0x100000000000
15732 munmap(0x100000000000, 16384)     = 0
15732 mmap(NULL, 16384, PROT_READ|PROT_WRITE, MAP_PRIVATE|MAP_ANONYMOUS|MAP_NORESERVE, -1, 0) = 0x100000000000
15732 munmap(0x100000000000, 16384)     = 0
15732 mmap(NULL, 16384, PROT_READ|PROT_WRITE, MAP_PRIVATE|MAP_ANONYMOUS|MAP_NORESERVE, -1, 0) = 0x100000000000
15732 munmap(0x100000000000, 16384)     = 0
15732 mmap(NULL, 16384, PROT_READ|PROT_WRITE, MAP_PRIVATE|MAP_ANONYMOUS|MAP_NORESERVE, -1, 0) = 0x100000000000
15732 munmap(0x100000000000, 16384)     = 0
15732 mmap(NULL, 16384, PROT_READ|PROT_WRITE, MAP_PRIVATE|MAP_ANONYMOUS|MAP_NORESERVE, -1, 0) = 0x100000000000
15732 munmap(0x100000000000, 16384)     = 0
15732 mmap(NULL, 16384, PROT_READ|PROT_WRITE, MAP_PRIVATE|MAP_ANONYMOUS|MAP_NORESERVE, -1, 0) = 0x100000000000
15732 munmap(0x100000000000, 16384)     = 0
15732 mmap(NULL, 16384, PROT_READ|PROT_WRITE, MAP_PRIVATE|MAP_ANONYMOUS|MAP_NORESERVE, -1, 0) = 0x100000000000
15732 munmap(0x100000000000, 16384)     = 0
15732 mmap(NULL, 16384, PROT_READ|PROT_WRITE, MAP_PRIVATE|MAP_ANONYMOUS|MAP_NORESERVE, -1, 0) = 0x100000000000
15732 munmap(0x100000000000, 16384)     = 0
15732 mmap(NULL, 16384, PROT_READ|PROT_WRITE, MAP_PRIVATE|MAP_ANONYMOUS|MAP_NORESERVE, -1, 0) = 0x100000000000
15732 munmap(0x100000000000, 16384)     = 0
15732 mmap(NULL, 16384, PROT_READ|PROT_WRITE, MAP_PRIVATE|MAP_ANONYMOUS|MAP_NORESERVE, -1, 0) = 0x100000000000
15732 munmap(0x100000000000, 16384)     = 0
15732 mmap(NULL, 16384, PROT_READ|PROT_WRITE, MAP_PRIVATE|MAP_ANONYMOUS|MAP_NORESERVE, -1, 0) = 0x100000000000
15732 munmap(0x100000000000, 16384)     = 0
15732 mmap(NULL, 16384, PROT_READ|PROT_WRITE, MAP_PRIVATE|MAP_ANONYMOUS|MAP_NORESERVE, -1, 0) = 0x100000000000
15732 munmap(0x100000000000, 16384)     = 0
15732 mmap(NULL, 16384, PROT_READ|PROT_WRITE, MAP_PRIVATE|MAP_ANONYMOUS|MAP_NORESERVE, -1, 0) = 0x100000000000
15732 munmap(0x100000000000, 16384)     = 0
15732 mmap(NULL, 16384, PROT_READ|PROT_WRITE, MAP_PRIVATE|MAP_ANONYMOUS|MAP_NORESERVE, -1, 0) = 0x100000000000
15732 munmap(0x100000000000, 16384)     = 0
15732 mmap(NULL, 16384, PROT_READ|PROT_WRITE, MAP_PRIVATE|MAP_ANONYMOUS|MAP_NORESERVE, -1, 0) = 0x100000000000
15732 munmap(0x100000000000, 16384)     = 0
15732 mmap(NULL, 16384, PROT_READ|PROT_WRITE, MAP_PRIVATE|MAP_ANONYMOUS|MAP_NORESERVE, -1, 0) = 0x100000000000
15732 munmap(0x100000000000, 16384)     = 0
15732 mmap(NULL, 16384, PROT_READ|PROT_WRITE, MAP_PRIVATE|MAP_ANONYMOUS|MAP_NORESERVE, -1, 0) = 0x100000000000
15732 munmap(0x100000000000, 16384)     = 0
15732 mmap(NULL, 16384, PROT_READ|PROT_WRITE, MAP_PRIVATE|MAP_ANONYMOUS|MAP_NORESERVE, -1, 0) = 0x100000000000
15732 munmap(0x100000000000, 16384)     = 0
15732 mmap(NULL, 16384, PROT_READ|PROT_WRITE, MAP_PRIVATE|MAP_ANONYMOUS|MAP_NORESERVE, -1, 0) = 0x100000000000
15732 munmap(0x100000000000, 16384)     = 0
15732 mmap(NULL, 16384, PROT_READ|PROT_WRITE, MAP_PRIVATE|MAP_ANONYMOUS|MAP_NORESERVE, -1, 0) = 0x100000000000
15732 munmap(0x100000000000, 16384)     = 0
15732 mmap(NULL, 16384, PROT_READ|PROT_WRITE, MAP_PRIVATE|MAP_ANONYMOUS|MAP_NORESERVE, -1, 0) = 0x100000000000
15732 munmap(0x100000000000, 16384)     = 0
15732 mmap(NULL, 16384, PROT_READ|PROT_WRITE, MAP_PRIVATE|MAP_ANONYMOUS|MAP_NORESERVE, -1, 0) = 0x100000000000
15732 munmap(0x100000000000, 16384)     = 0
15732 mmap(NULL, 16384, PROT_READ|PROT_WRITE, MAP_PRIVATE|MAP_ANONYMOUS|MAP_NORESERVE, -1, 0) = 0x100000000000
15732 munmap(0x100000000000, 16384)     = 0
15732 mmap(NULL, 16384, PROT_READ|PROT_WRITE, MAP_PRIVATE|MAP_ANONYMOUS|MAP_NORESERVE, -1, 0) = 0x100000000000
15732 munmap(0x100000000000, 16384)     = 0
15732 mmap(NULL, 16384, PROT_READ|PROT_WRITE, MAP_PRIVATE|MAP_ANONYMOUS|MAP_NORESERVE, -1, 0) = 0x100000000000
15732 munmap(0x100000000000, 16384)     = 0
15732 mmap(NULL, 16384, PROT_READ|PROT_WRITE, MAP_PRIVATE|MAP_ANONYMOUS|MAP_NORESERVE, -1, 0) = 0x100000000000
15732 munmap(0x100000000000, 16384)     = 0
15732 mmap(NULL, 16384, PROT_READ|PROT_WRITE, MAP_PRIVATE|MAP_ANONYMOUS|MAP_NORESERVE, -1, 0) = 0x100000000000
15732 munmap(0x100000000000, 16384)     = 0
15732 mmap(NULL, 16384, PROT_READ|PROT_WRITE, MAP_PRIVATE|MAP_ANONYMOUS|MAP_NORESERVE, -1, 0) = 0x100000000000
15732 munmap(0x100000000000, 16384)     = 0
15732 mmap(NULL, 16384, PROT_READ|PROT_WRITE, MAP_PRIVATE|MAP_ANONYMOUS|MAP_NORESERVE, -1, 0) = 0x100000000000
15732 munmap(0x100000000000, 16384)     = 0
15732 mmap(NULL, 16384, PROT_READ|PROT_WRITE, MAP_PRIVATE|MAP_ANONYMOUS|MAP_NORESERVE, -1, 0) = 0x100000000000
15732 munmap(0x100000000000, 16384)     = 0
15732 mmap(NULL, 16384, PROT_READ|PROT_WRITE, MAP_PRIVATE|MAP_ANONYMOUS|MAP_NORESERVE, -1, 0) = 0x100000000000
15732 munmap(0x100000000000, 16384)     = 0
15732 mmap(NULL, 16384, PROT_READ|PROT_WRITE, MAP_PRIVATE|MAP_ANONYMOUS|MAP_NORESERVE, -1, 0) = 0x100000000000
15732 munmap(0x100000000000, 16384)     = 0
15732 mmap(NULL, 16384, PROT_READ|PROT_WRITE, MAP_PRIVATE|MAP_ANONYMOUS|MAP_NORESERVE, -1, 0) = 0x100000000000
15732 munmap(0x100000000000, 16384)     = 0
15732 mmap(NULL, 16384, PROT_READ|PROT_WRITE, MAP_PRIVATE|MAP_ANONYMOUS|MAP_NORESERVE, -1, 0) = 0x100000000000
15732 munmap(0x100000000000, 16384)     = 0
15732 mmap(NULL, 16384, PROT_READ|PROT_WRITE, MAP_PRIVATE|MAP_ANONYMOUS|MAP_NORESERVE, -1, 0) = 0x100000000000
15732 munmap(0x100000000000, 16384)     = 0
15732 mmap(NULL, 16384, PROT_READ|PROT_WRITE, MAP_PRIVATE|MAP_ANONYMOUS|MAP_NORESERVE, -1, 0) = 0x100000000000
15732 munmap(0x100000000000, 16384)     = 0
15732 mmap(NULL, 16384, PROT_READ|PROT_WRITE, MAP_PRIVATE|MAP_ANONYMOUS|MAP_NORESERVE, -1, 0) = 0x100000000000
15732 munmap(0x100000000000, 16384)     = 0
15732 mmap(NULL, 16384, PROT_READ|PROT_WRITE, MAP_PRIVATE|MAP_ANONYMOUS|MAP_NORESERVE, -1, 0) = 0x100000000000
15732 munmap(0x100000000000, 16384)     = 0
15732 mmap(NULL, 16384, PROT_READ|PROT_WRITE, MAP_PRIVATE|MAP_ANONYMOUS|MAP_NORESERVE, -1, 0) = 0x100000000000
15732 munmap(0x100000000000, 16384)     = 0
15732 mmap(NULL, 16384, PROT_READ|PROT_WRITE, MAP_PRIVATE|MAP_ANONYMOUS|MAP_NORESERVE, -1, 0) = 0x100000000000
15732 munmap(0x100000000000, 16384)     = 0
15732 mmap(NULL, 16384, PROT_READ|PROT_WRITE, MAP_PRIVATE|MAP_ANONYMOUS|MAP_NORESERVE, -1, 0) = 0x100000000000
15732 munmap(0x100000000000, 16384)     = 0
15732 mmap(NULL, 16384, PROT_READ|PROT_WRITE, MAP_PRIVATE|MAP_ANONYMOUS|MAP_NORESERVE, -1, 0) = 0x100000000000
15732 munmap(0x100000000000, 16384)     = 0
15732 mmap(NULL, 16384, PROT_READ|PROT_WRITE, MAP_PRIVATE|MAP_ANONYMOUS|MAP_NORESERVE, -1, 0) = 0x100000000000
15732 munmap(0x100000000000, 16384)     = 0
15732 mmap(NULL, 16384, PROT_READ|PROT_WRITE, MAP_PRIVATE|MAP_ANONYMOUS|MAP_NORESERVE, -1, 0) = 0x100000000000
15732 munmap(0x100000000000, 16384)     = 0
15732 mmap(NULL, 16384, PROT_READ|PROT_WRITE, MAP_PRIVATE|MAP_ANONYMOUS|MAP_NORESERVE, -1, 0) = 0x100000000000
15732 munmap(0x100000000000, 16384)     = 0
15732 mmap(NULL, 16384, PROT_READ|PROT_WRITE, MAP_PRIVATE|MAP_ANONYMOUS|MAP_NORESERVE, -1, 0) = 0x100000000000
15732 munmap(0x100000000000, 16384)     = 0
15732 mmap(NULL, 16384, PROT_READ|PROT_WRITE, MAP_PRIVATE|MAP_ANONYMOUS|MAP_NORESERVE, -1, 0) = 0x100000000000
15732 munmap(0x100000000000, 16384)     = 0
15732 mmap(NULL, 16384, PROT_READ|PROT_WRITE, MAP_PRIVATE|MAP_ANONYMOUS|MAP_NORESERVE, -1, 0) = 0x100000000000
15732 munmap(0x100000000000, 16384)     = 0
15732 mmap(NULL, 16384, PROT_READ|PROT_WRITE, MAP_PRIVATE|MAP_ANONYMOUS|MAP_NORESERVE, -1, 0) = 0x100000000000
15732 munmap(0x100000000000, 16384)     = 0
15732 mmap(NULL, 16384, PROT_READ|PROT_WRITE, MAP_PRIVATE|MAP_ANONYMOUS|MAP_NORESERVE, -1, 0) = 0x100000000000
15732 munmap(0x100000000000, 16384)     = 0
15732 mmap(NULL, 16384, PROT_READ|PROT_WRITE, MAP_PRIVATE|MAP_ANONYMOUS|MAP_NORESERVE, -1, 0) = 0x100000000000
15732 munmap(0x100000000000, 16384)     = 0
15732 mmap(NULL, 16384, PROT_READ|PROT_WRITE, MAP_PRIVATE|MAP_ANONYMOUS|MAP_NORESERVE, -1, 0) = 0x100000000000
15732 munmap(0x100000000000, 16384)     = 0
15732 mmap(NULL, 16384, PROT_READ|PROT_WRITE, MAP_PRIVATE|MAP_ANONYMOUS|MAP_NORESERVE, -1, 0) = 0x100000000000
15732 munmap(0x100000000000, 16384)     = 0
15732 mmap(NULL, 16384, PROT_READ|PROT_WRITE, MAP_PRIVATE|MAP_ANONYMOUS|MAP_NORESERVE, -1, 0) = 0x100000000000
15732 munmap(0x100000000000, 16384)     = 0
15732 mmap(NULL, 16384, PROT_READ|PROT_WRITE, MAP_PRIVATE|MAP_ANONYMOUS|MAP_NORESERVE, -1, 0) = 0x100000000000
15732 munmap(0x100000000000, 16384)     = 0
15732 mmap(NULL, 16384, PROT_READ|PROT_WRITE, MAP_PRIVATE|MAP_ANONYMOUS|MAP_NORESERVE, -1, 0) = 0x100000000000
15732 munmap(0x100000000000, 16384)     = 0
15732 mmap(NULL, 16384, PROT_READ|PROT_WRITE, MAP_PRIVATE|MAP_ANONYMOUS|MAP_NORESERVE, -1, 0) = 0x100000000000
15732 munmap(0x100000000000, 16384)     = 0
15732 mmap(NULL, 16384, PROT_READ|PROT_WRITE, MAP_PRIVATE|MAP_ANONYMOUS|MAP_NORESERVE, -1, 0) = 0x100000000000
15732 munmap(0x100000000000, 16384)     = 0
15732 mmap(NULL, 16384, PROT_READ|PROT_WRITE, MAP_PRIVATE|MAP_ANONYMOUS|MAP_NORESERVE, -1, 0) = 0x100000000000
15732 munmap(0x100000000000, 16384)     = 0
15732 mmap(NULL, 16384, PROT_READ|PROT_WRITE, MAP_PRIVATE|MAP_ANONYMOUS|MAP_NORESERVE, -1, 0) = 0x100000000000
15732 munmap(0x100000000000, 16384)     = 0
15732 mmap(NULL, 16384, PROT_READ|PROT_WRITE, MAP_PRIVATE|MAP_ANONYMOUS|MAP_NORESERVE, -1, 0) = 0x100000000000
15732 munmap(0x100000000000, 16384)     = 0
15732 mmap(NULL, 16384, PROT_READ|PROT_WRITE, MAP_PRIVATE|MAP_ANONYMOUS|MAP_NORESERVE, -1, 0) = 0x100000000000
15732 munmap(0x100000000000, 16384)     = 0
15732 mmap(NULL, 16384, PROT_READ|PROT_WRITE, MAP_PRIVATE|MAP_ANONYMOUS|MAP_NORESERVE, -1, 0) = 0x100000000000
15732 munmap(0x100000000000, 16384)     = 0
15732 mmap(NULL, 16384, PROT_READ|PROT_WRITE, MAP_PRIVATE|MAP_ANONYMOUS|MAP_NORESERVE, -1, 0) = 0x100000000000
15732 munmap(0x100000000000, 16384)     = 0
15732 mmap(NULL, 16384, PROT_READ|PROT_WRITE, MAP_PRIVATE|MAP_ANONYMOUS|MAP_NORESERVE, -1, 0) = 0x100000000000
15732 munmap(0x100000000000, 16384)     = 0
15732 mmap(NULL, 16384, PROT_READ|PROT_WRITE, MAP_PRIVATE|MAP_ANONYMOUS|MAP_NORESERVE, -1, 0) = 0x100000000000
15732 munmap(0x100000000000, 16384)     = 0
15732 mmap(NULL, 16384, PROT_READ|PROT_WRITE, MAP_PRIVATE|MAP_ANONYMOUS|MAP_NORESERVE, -1, 0) = 0x100000000000
15732 munmap(0x100000000000, 16384)     = 0
15732 mmap(NULL, 16384, PROT_READ|PROT_WRITE, MAP_PRIVATE|MAP_ANONYMOUS|MAP_NORESERVE, -1, 0) = 0x100000000000
15732 munmap(0x100000000000, 16384)     = 0
15732 mmap(NULL, 16384, PROT_READ|PROT_WRITE, MAP_PRIVATE|MAP_ANONYMOUS|MAP_NORESERVE, -1, 0) = 0x100000000000
15732 munmap(0x100000000000, 16384)     = 0
15732 mmap(NULL, 16384, PROT_READ|PROT_WRITE, MAP_PRIVATE|MAP_ANONYMOUS|MAP_NORESERVE, -1, 0) = 0x100000000000
15732 munmap(0x100000000000, 16384)     = 0
15732 mmap(NULL, 16384, PROT_READ|PROT_WRITE, MAP_PRIVATE|MAP_ANONYMOUS|MAP_NORESERVE, -1, 0) = 0x100000000000
15732 munmap(0x100000000000, 16384)     = 0
15732 mmap(NULL, 16384, PROT_READ|PROT_WRITE, MAP_PRIVATE|MAP_ANONYMOUS|MAP_NORESERVE, -1, 0) = 0x100000000000
15732 munmap(0x100000000000, 16384)     = 0
15732 mmap(NULL, 16384, PROT_READ|PROT_WRITE, MAP_PRIVATE|MAP_ANONYMOUS|MAP_NORESERVE, -1, 0) = 0x100000000000
15732 munmap(0x100000000000, 16384)     = 0
15732 mmap(NULL, 16384, PROT_READ|PROT_WRITE, MAP_PRIVATE|MAP_ANONYMOUS|MAP_NORESERVE, -1, 0) = 0x100000000000
15732 munmap(0x100000000000, 16384)     = 0
15732 mmap(NULL, 16384, PROT_READ|PROT_WRITE, MAP_PRIVATE|MAP_ANONYMOUS|MAP_NORESERVE, -1, 0) = 0x100000000000
15732 munmap(0x100000000000, 16384)     = 0
15732 mmap(NULL, 16384, PROT_READ|PROT_WRITE, MAP_PRIVATE|MAP_ANONYMOUS|MAP_NORESERVE, -1, 0) = 0x100000000000
15732 munmap(0x100000000000, 16384)     = 0
15732 mmap(NULL, 16384, PROT_READ|PROT_WRITE, MAP_PRIVATE|MAP_ANONYMOUS|MAP_NORESERVE, -1, 0) = 0x100000000000
15732 munmap(0x100000000000, 16384)     = 0
15732 mmap(NULL, 16384, PROT_READ|PROT_WRITE, MAP_PRIVATE|MAP_ANONYMOUS|MAP_NORESERVE, -1, 0) = 0x100000000000
15732 munmap(0x100000000000, 16384)     = 0
15732 mmap(NULL, 16384, PROT_READ|PROT_WRITE, MAP_PRIVATE|MAP_ANONYMOUS|MAP_NORESERVE, -1, 0) = 0x100000000000
15732 munmap(0x100000000000, 16384)     = 0
15732 mmap(NULL, 16384, PROT_READ|PROT_WRITE, MAP_PRIVATE|MAP_ANONYMOUS|MAP_NORESERVE, -1, 0) = 0x100000000000
15732 munmap(0x100000000000, 16384)     = 0
15732 mmap(NULL, 16384, PROT_READ|PROT_WRITE, MAP_PRIVATE|MAP_ANONYMOUS|MAP_NORESERVE, -1, 0) = 0x100000000000
15732 munmap(0x100000000000, 16384)     = 0
15732 mmap(NULL, 16384, PROT_READ|PROT_WRITE, MAP_PRIVATE|MAP_ANONYMOUS|MAP_NORESERVE, -1, 0) = 0x100000000000
15732 munmap(0x100000000000, 16384)     = 0
15732 mmap(NULL, 16384, PROT_READ|PROT_WRITE, MAP_PRIVATE|MAP_ANONYMOUS|MAP_NORESERVE, -1, 0) = 0x100000000000
15732 munmap(0x100000000000, 16384)     = 0
15732 mmap(NULL, 16384, PROT_READ|PROT_WRITE, MAP_PRIVATE|MAP_ANONYMOUS|MAP_NORESERVE, -1, 0) = 0x100000000000
15732 munmap(0x100000000000, 16384)     = 0
15732 mmap(NULL, 16384, PROT_READ|PROT_WRITE, MAP_PRIVATE|MAP_ANONYMOUS|MAP_NORESERVE, -1, 0) = 0x100000000000
15732 munmap(0x100000000000, 16384)     = 0
15732 mmap(NULL, 16384, PROT_READ|PROT_WRITE, MAP_PRIVATE|MAP_ANONYMOUS|MAP_NORESERVE, -1, 0) = 0x100000000000
15732 munmap(0x100000000000, 16384)     = 0
15732 mmap(NULL, 16384, PROT_READ|PROT_WRITE, MAP_PRIVATE|MAP_ANONYMOUS|MAP_NORESERVE, -1, 0) = 0x100000000000
15732 munmap(0x100000000000, 16384)     = 0
15732 mmap(NULL, 16384, PROT_READ|PROT_WRITE, MAP_PRIVATE|MAP_ANONYMOUS|MAP_NORESERVE, -1, 0) = 0x100000000000
15732 munmap(0x100000000000, 16384)     = 0
15732 mmap(NULL, 16384, PROT_READ|PROT_WRITE, MAP_PRIVATE|MAP_ANONYMOUS|MAP_NORESERVE, -1, 0) = 0x100000000000
15732 munmap(0x100000000000, 16384)     = 0
15732 mmap(NULL, 16384, PROT_READ|PROT_WRITE, MAP_PRIVATE|MAP_ANONYMOUS|MAP_NORESERVE, -1, 0) = 0x100000000000
15732 munmap(0x100000000000, 16384)     = 0
15732 mmap(NULL, 16384, PROT_READ|PROT_WRITE, MAP_PRIVATE|MAP_ANONYMOUS|MAP_NORESERVE, -1, 0) = 0x100000000000
15732 munmap(0x100000000000, 16384)     = 0
15732 mmap(NULL, 16384, PROT_READ|PROT_WRITE, MAP_PRIVATE|MAP_ANONYMOUS|MAP_NORESERVE, -1, 0) = 0x100000000000
15732 munmap(0x100000000000, 16384)     = 0
15732 mmap(NULL, 16384, PROT_READ|PROT_WRITE, MAP_PRIVATE|MAP_ANONYMOUS|MAP_NORESERVE, -1, 0) = 0x100000000000
15732 munmap(0x100000000000, 16384)     = 0
15732 mmap(NULL, 16384, PROT_READ|PROT_WRITE, MAP_PRIVATE|MAP_ANONYMOUS|MAP_NORESERVE, -1, 0) = 0x100000000000
15732 munmap(0x100000000000, 16384)     = 0
15732 mmap(NULL, 16384, PROT_READ|PROT_WRITE, MAP_PRIVATE|MAP_ANONYMOUS|MAP_NORESERVE, -1, 0) = 0x100000000000
15732 munmap(0x100000000000, 16384)     = 0
15732 mmap(NULL, 16384, PROT_READ|PROT_WRITE, MAP_PRIVATE|MAP_ANONYMOUS|MAP_NORESERVE, -1, 0) = 0x100000000000
15732 munmap(0x100000000000, 16384)     = 0
15732 mmap(NULL, 16384, PROT_READ|PROT_WRITE, MAP_PRIVATE|MAP_ANONYMOUS|MAP_NORESERVE, -1, 0) = 0x100000000000
15732 munmap(0x100000000000, 16384)     = 0
15732 mmap(NULL, 16384, PROT_READ|PROT_WRITE, MAP_PRIVATE|MAP_ANONYMOUS|MAP_NORESERVE, -1, 0) = 0x100000000000
15732 munmap(0x100000000000, 16384)     = 0
15732 mmap(NULL, 16384, PROT_READ|PROT_WRITE, MAP_PRIVATE|MAP_ANONYMOUS|MAP_NORESERVE, -1, 0) = 0x100000000000
15732 munmap(0x100000000000, 16384)     = 0
15732 mmap(NULL, 16384, PROT_READ|PROT_WRITE, MAP_PRIVATE|MAP_ANONYMOUS|MAP_NORESERVE, -1, 0) = 0x100000000000
15732 munmap(0x100000000000, 16384)     = 0
15732 mmap(NULL, 16384, PROT_READ|PROT_WRITE, MAP_PRIVATE|MAP_ANONYMOUS|MAP_NORESERVE, -1, 0) = 0x100000000000
15732 munmap(0x100000000000, 16384)     = 0
15732 mmap(NULL, 16384, PROT_READ|PROT_WRITE, MAP_PRIVATE|MAP_ANONYMOUS|MAP_NORESERVE, -1, 0) = 0x100000000000
15732 munmap(0x100000000000, 16384)     = 0
15732 mmap(NULL, 16384, PROT_READ|PROT_WRITE, MAP_PRIVATE|MAP_ANONYMOUS|MAP_NORESERVE, -1, 0) = 0x100000000000
15732 munmap(0x100000000000, 16384)     = 0
15732 mmap(NULL, 16384, PROT_READ|PROT_WRITE, MAP_PRIVATE|MAP_ANONYMOUS|MAP_NORESERVE, -1, 0) = 0x100000000000
15732 munmap(0x100000000000, 16384)     = 0
15732 mmap(NULL, 16384, PROT_READ|PROT_WRITE, MAP_PRIVATE|MAP_ANONYMOUS|MAP_NORESERVE, -1, 0) = 0x100000000000
15732 munmap(0x100000000000, 16384)     = 0
15732 mmap(NULL, 16384, PROT_READ|PROT_WRITE, MAP_PRIVATE|MAP_ANONYMOUS|MAP_NORESERVE, -1, 0) = 0x100000000000
15732 munmap(0x100000000000, 16384)     = 0
15732 mmap(NULL, 16384, PROT_READ|PROT_WRITE, MAP_PRIVATE|MAP_ANONYMOUS|MAP_NORESERVE, -1, 0) = 0x100000000000
15732 munmap(0x100000000000, 16384)     = 0
15732 mmap(NULL, 16384, PROT_READ|PROT_WRITE, MAP_PRIVATE|MAP_ANONYMOUS|MAP_NORESERVE, -1, 0) = 0x100000000000
15732 munmap(0x100000000000, 16384)     = 0
15732 mmap(NULL, 16384, PROT_READ|PROT_WRITE, MAP_PRIVATE|MAP_ANONYMOUS|MAP_NORESERVE, -1, 0) = 0x100000000000
15732 munmap(0x100000000000, 16384)     = 0
15732 mmap(NULL, 16384, PROT_READ|PROT_WRITE, MAP_PRIVATE|MAP_ANONYMOUS|MAP_NORESERVE, -1, 0) = 0x100000000000
15732 munmap(0x100000000000, 16384)     = 0
15732 mmap(NULL, 16384, PROT_READ|PROT_WRITE, MAP_PRIVATE|MAP_ANONYMOUS|MAP_NORESERVE, -1, 0) = 0x100000000000
15732 munmap(0x100000000000, 16384)     = 0
15732 mmap(NULL, 16384, PROT_READ|PROT_WRITE, MAP_PRIVATE|MAP_ANONYMOUS|MAP_NORESERVE, -1, 0) = 0x100000000000
15732 munmap(0x100000000000, 16384)     = 0
15732 mmap(NULL, 16384, PROT_READ|PROT_WRITE, MAP_PRIVATE|MAP_ANONYMOUS|MAP_NORESERVE, -1, 0) = 0x100000000000
15732 munmap(0x100000000000, 16384)     = 0
15732 mmap(NULL, 16384, PROT_READ|PROT_WRITE, MAP_PRIVATE|MAP_ANONYMOUS|MAP_NORESERVE, -1, 0) = 0x100000000000
15732 munmap(0x100000000000, 16384)     = 0
15732 mmap(NULL, 16384, PROT_READ|PROT_WRITE, MAP_PRIVATE|MAP_ANONYMOUS|MAP_NORESERVE, -1, 0) = 0x100000000000
15732 munmap(0x100000000000, 16384)     = 0
15732 mmap(NULL, 16384, PROT_READ|PROT_WRITE, MAP_PRIVATE|MAP_ANONYMOUS|MAP_NORESERVE, -1, 0) = 0x100000000000
15732 munmap(0x100000000000, 16384)     = 0
15732 mmap(NULL, 16384, PROT_READ|PROT_WRITE, MAP_PRIVATE|MAP_ANONYMOUS|MAP_NORESERVE, -1, 0) = 0x100000000000
15732 munmap(0x100000000000, 16384)     = 0
15732 mmap(NULL, 16384, PROT_READ|PROT_WRITE, MAP_PRIVATE|MAP_ANONYMOUS|MAP_NORESERVE, -1, 0) = 0x100000000000
15732 munmap(0x100000000000, 16384)     = 0
15732 mmap(NULL, 16384, PROT_READ|PROT_WRITE, MAP_PRIVATE|MAP_ANONYMOUS|MAP_NORESERVE, -1, 0) = 0x100000000000
15732 munmap(0x100000000000, 16384)     = 0
15732 mmap(NULL, 16384, PROT_READ|PROT_WRITE, MAP_PRIVATE|MAP_ANONYMOUS|MAP_NORESERVE, -1, 0) = 0x100000000000
15732 munmap(0x100000000000, 16384)     = 0
15732 mmap(NULL, 16384, PROT_READ|PROT_WRITE, MAP_PRIVATE|MAP_ANONYMOUS|MAP_NORESERVE, -1, 0) = 0x100000000000
15732 munmap(0x100000000000, 16384)     = 0
15732 mmap(NULL, 16384, PROT_READ|PROT_WRITE, MAP_PRIVATE|MAP_ANONYMOUS|MAP_NORESERVE, -1, 0) = 0x100000000000
15732 munmap(0x100000000000, 16384)     = 0
15732 mmap(NULL, 16384, PROT_READ|PROT_WRITE, MAP_PRIVATE|MAP_ANONYMOUS|MAP_NORESERVE, -1, 0) = 0x100000000000
15732 munmap(0x100000000000, 16384)     = 0
15732 mmap(NULL, 16384, PROT_READ|PROT_WRITE, MAP_PRIVATE|MAP_ANONYMOUS|MAP_NORESERVE, -1, 0) = 0x100000000000
15732 munmap(0x100000000000, 16384)     = 0
15732 mmap(NULL, 16384, PROT_READ|PROT_WRITE, MAP_PRIVATE|MAP_ANONYMOUS|MAP_NORESERVE, -1, 0) = 0x100000000000
15732 munmap(0x100000000000, 16384)     = 0
15732 mmap(NULL, 16384, PROT_READ|PROT_WRITE, MAP_PRIVATE|MAP_ANONYMOUS|MAP_NORESERVE, -1, 0) = 0x100000000000
15732 munmap(0x100000000000, 16384)     = 0
15732 mmap(NULL, 16384, PROT_READ|PROT_WRITE, MAP_PRIVATE|MAP_ANONYMOUS|MAP_NORESERVE, -1, 0) = 0x100000000000
15732 munmap(0x100000000000, 16384)     = 0
15732 mmap(NULL, 16384, PROT_READ|PROT_WRITE, MAP_PRIVATE|MAP_ANONYMOUS|MAP_NORESERVE, -1, 0) = 0x100000000000
15732 munmap(0x100000000000, 16384)     = 0
15732 mmap(NULL, 16384, PROT_READ|PROT_WRITE, MAP_PRIVATE|MAP_ANONYMOUS|MAP_NORESERVE, -1, 0) = 0x100000000000
15732 munmap(0x100000000000, 16384)     = 0
15732 mmap(NULL, 16384, PROT_READ|PROT_WRITE, MAP_PRIVATE|MAP_ANONYMOUS|MAP_NORESERVE, -1, 0) = 0x100000000000
15732 munmap(0x100000000000, 16384)     = 0
15732 mmap(NULL, 16384, PROT_READ|PROT_WRITE, MAP_PRIVATE|MAP_ANONYMOUS|MAP_NORESERVE, -1, 0) = 0x100000000000
15732 munmap(0x100000000000, 16384)     = 0
15732 mmap(NULL, 16384, PROT_READ|PROT_WRITE, MAP_PRIVATE|MAP_ANONYMOUS|MAP_NORESERVE, -1, 0) = 0x100000000000
15732 munmap(0x100000000000, 16384)     = 0
15732 mmap(NULL, 16384, PROT_READ|PROT_WRITE, MAP_PRIVATE|MAP_ANONYMOUS|MAP_NORESERVE, -1, 0) = 0x100000000000
15732 munmap(0x100000000000, 16384)     = 0
15732 mmap(NULL, 16384, PROT_READ|PROT_WRITE, MAP_PRIVATE|MAP_ANONYMOUS|MAP_NORESERVE, -1, 0) = 0x100000000000
15732 munmap(0x100000000000, 16384)     = 0
15732 mmap(NULL, 16384, PROT_READ|PROT_WRITE, MAP_PRIVATE|MAP_ANONYMOUS|MAP_NORESERVE, -1, 0) = 0x100000000000
15732 munmap(0x100000000000, 16384)     = 0
15732 mmap(NULL, 16384, PROT_READ|PROT_WRITE, MAP_PRIVATE|MAP_ANONYMOUS|MAP_NORESERVE, -1, 0) = 0x100000000000
15732 munmap(0x100000000000, 16384)     = 0
15732 mmap(NULL, 16384, PROT_READ|PROT_WRITE, MAP_PRIVATE|MAP_ANONYMOUS|MAP_NORESERVE, -1, 0) = 0x100000000000
15732 munmap(0x100000000000, 16384)     = 0
15732 mmap(NULL, 16384, PROT_READ|PROT_WRITE, MAP_PRIVATE|MAP_ANONYMOUS|MAP_NORESERVE, -1, 0) = 0x100000000000
15732 munmap(0x100000000000, 16384)     = 0
15732 mmap(NULL, 16384, PROT_READ|PROT_WRITE, MAP_PRIVATE|MAP_ANONYMOUS|MAP_NORESERVE, -1, 0) = 0x100000000000
15732 munmap(0x100000000000, 16384)     = 0
15732 mmap(NULL, 16384, PROT_READ|PROT_WRITE, MAP_PRIVATE|MAP_ANONYMOUS|MAP_NORESERVE, -1, 0) = 0x100000000000
15732 munmap(0x100000000000, 16384)     = 0
15732 mmap(NULL, 16384, PROT_READ|PROT_WRITE, MAP_PRIVATE|MAP_ANONYMOUS|MAP_NORESERVE, -1, 0) = 0x100000000000
15732 munmap(0x100000000000, 16384)     = 0
15732 mmap(NULL, 16384, PROT_READ|PROT_WRITE, MAP_PRIVATE|MAP_ANONYMOUS|MAP_NORESERVE, -1, 0) = 0x100000000000
15732 munmap(0x100000000000, 16384)     = 0
15732 mmap(NULL, 16384, PROT_READ|PROT_WRITE, MAP_PRIVATE|MAP_ANONYMOUS|MAP_NORESERVE, -1, 0) = 0x100000000000
15732 munmap(0x100000000000, 16384)     = 0
15732 mmap(NULL, 16384, PROT_READ|PROT_WRITE, MAP_PRIVATE|MAP_ANONYMOUS|MAP_NORESERVE, -1, 0) = 0x100000000000
15732 munmap(0x100000000000, 16384)     = 0
15732 mmap(NULL, 16384, PROT_READ|PROT_WRITE, MAP_PRIVATE|MAP_ANONYMOUS|MAP_NORESERVE, -1, 0) = 0x100000000000
15732 munmap(0x100000000000, 16384)     = 0
15732 mmap(NULL, 16384, PROT_READ|PROT_WRITE, MAP_PRIVATE|MAP_ANONYMOUS|MAP_NORESERVE, -1, 0) = 0x100000000000
15732 munmap(0x100000000000, 16384)     = 0
15732 mmap(NULL, 16384, PROT_READ|PROT_WRITE, MAP_PRIVATE|MAP_ANONYMOUS|MAP_NORESERVE, -1, 0) = 0x100000000000
15732 munmap(0x100000000000, 16384)     = 0
15732 mmap(NULL, 16384, PROT_READ|PROT_WRITE, MAP_PRIVATE|MAP_ANONYMOUS|MAP_NORESERVE, -1, 0) = 0x100000000000
15732 munmap(0x100000000000, 16384)     = 0
15732 mmap(NULL, 16384, PROT_READ|PROT_WRITE, MAP_PRIVATE|MAP_ANONYMOUS|MAP_NORESERVE, -1, 0) = 0x100000000000
15732 munmap(0x100000000000, 16384)     = 0
15732 mmap(NULL, 16384, PROT_READ|PROT_WRITE, MAP_PRIVATE|MAP_ANONYMOUS|MAP_NORESERVE, -1, 0) = 0x100000000000
15732 munmap(0x100000000000, 16384)     = 0
15732 mmap(NULL, 16384, PROT_READ|PROT_WRITE, MAP_PRIVATE|MAP_ANONYMOUS|MAP_NORESERVE, -1, 0) = 0x100000000000
15732 munmap(0x100000000000, 16384)     = 0
15732 mmap(NULL, 16384, PROT_READ|PROT_WRITE, MAP_PRIVATE|MAP_ANONYMOUS|MAP_NORESERVE, -1, 0) = 0x100000000000
15732 munmap(0x100000000000, 16384)     = 0
15732 mmap(NULL, 16384, PROT_READ|PROT_WRITE, MAP_PRIVATE|MAP_ANONYMOUS|MAP_NORESERVE, -1, 0) = 0x100000000000
15732 munmap(0x100000000000, 16384)     = 0
15732 mmap(NULL, 16384, PROT_READ|PROT_WRITE, MAP_PRIVATE|MAP_ANONYMOUS|MAP_NORESERVE, -1, 0) = 0x100000000000
15732 munmap(0x100000000000, 16384)     = 0
15732 mmap(NULL, 16384, PROT_READ|PROT_WRITE, MAP_PRIVATE|MAP_ANONYMOUS|MAP_NORESERVE, -1, 0) = 0x100000000000
15732 munmap(0x100000000000, 16384)     = 0
15732 mmap(NULL, 16384, PROT_READ|PROT_WRITE, MAP_PRIVATE|MAP_ANONYMOUS|MAP_NORESERVE, -1, 0) = 0x100000000000
15732 munmap(0x100000000000, 16384)     = 0
15732 mmap(NULL, 16384, PROT_READ|PROT_WRITE, MAP_PRIVATE|MAP_ANONYMOUS|MAP_NORESERVE, -1, 0) = 0x100000000000
15732 munmap(0x100000000000, 16384)     = 0
15732 mmap(NULL, 16384, PROT_READ|PROT_WRITE, MAP_PRIVATE|MAP_ANONYMOUS|MAP_NORESERVE, -1, 0) = 0x100000000000
15732 munmap(0x100000000000, 16384)     = 0
15732 mmap(NULL, 16384, PROT_READ|PROT_WRITE, MAP_PRIVATE|MAP_ANONYMOUS|MAP_NORESERVE, -1, 0) = 0x100000000000
15732 munmap(0x100000000000, 16384)     = 0
15732 mmap(NULL, 16384, PROT_READ|PROT_WRITE, MAP_PRIVATE|MAP_ANONYMOUS|MAP_NORESERVE, -1, 0) = 0x100000000000
15732 munmap(0x100000000000, 16384)     = 0
15732 mmap(NULL, 16384, PROT_READ|PROT_WRITE, MAP_PRIVATE|MAP_ANONYMOUS|MAP_NORESERVE, -1, 0) = 0x100000000000
15732 munmap(0x100000000000, 16384)     = 0
15732 mmap(NULL, 16384, PROT_READ|PROT_WRITE, MAP_PRIVATE|MAP_ANONYMOUS|MAP_NORESERVE, -1, 0) = 0x100000000000
15732 munmap(0x100000000000, 16384)     = 0
15732 mmap(NULL, 16384, PROT_READ|PROT_WRITE, MAP_PRIVATE|MAP_ANONYMOUS|MAP_NORESERVE, -1, 0) = 0x100000000000
15732 munmap(0x100000000000, 16384)     = 0
15732 mmap(NULL, 16384, PROT_READ|PROT_WRITE, MAP_PRIVATE|MAP_ANONYMOUS|MAP_NORESERVE, -1, 0) = 0x100000000000
15732 munmap(0x100000000000, 16384)     = 0
15732 mmap(NULL, 16384, PROT_READ|PROT_WRITE, MAP_PRIVATE|MAP_ANONYMOUS|MAP_NORESERVE, -1, 0) = 0x100000000000
15732 munmap(0x100000000000, 16384)     = 0
15732 mmap(NULL, 16384, PROT_READ|PROT_WRITE, MAP_PRIVATE|MAP_ANONYMOUS|MAP_NORESERVE, -1, 0) = 0x100000000000
15732 munmap(0x100000000000, 16384)     = 0
15732 mmap(NULL, 16384, PROT_READ|PROT_WRITE, MAP_PRIVATE|MAP_ANONYMOUS|MAP_NORESERVE, -1, 0) = 0x100000000000
15732 munmap(0x100000000000, 16384)     = 0
15732 mmap(NULL, 16384, PROT_READ|PROT_WRITE, MAP_PRIVATE|MAP_ANONYMOUS|MAP_NORESERVE, -1, 0) = 0x100000000000
15732 munmap(0x100000000000, 16384)     = 0
15732 mmap(NULL, 16384, PROT_READ|PROT_WRITE, MAP_PRIVATE|MAP_ANONYMOUS|MAP_NORESERVE, -1, 0) = 0x100000000000
15732 munmap(0x100000000000, 16384)     = 0
15732 mmap(NULL, 16384, PROT_READ|PROT_WRITE, MAP_PRIVATE|MAP_ANONYMOUS|MAP_NORESERVE, -1, 0) = 0x100000000000
15732 munmap(0x100000000000, 16384)     = 0
15732 mmap(NULL, 16384, PROT_READ|PROT_WRITE, MAP_PRIVATE|MAP_ANONYMOUS|MAP_NORESERVE, -1, 0) = 0x100000000000
15732 munmap(0x100000000000, 16384)     = 0
15732 mmap(NULL, 16384, PROT_READ|PROT_WRITE, MAP_PRIVATE|MAP_ANONYMOUS|MAP_NORESERVE, -1, 0) = 0x100000000000
15732 munmap(0x100000000000, 16384)     = 0
15732 mmap(NULL, 16384, PROT_READ|PROT_WRITE, MAP_PRIVATE|MAP_ANONYMOUS|MAP_NORESERVE, -1, 0) = 0x100000000000
15732 munmap(0x100000000000, 16384)     = 0
15732 mmap(NULL, 16384, PROT_READ|PROT_WRITE, MAP_PRIVATE|MAP_ANONYMOUS|MAP_NORESERVE, -1, 0) = 0x100000000000
15732 munmap(0x100000000000, 16384)     = 0
15732 mmap(NULL, 16384, PROT_READ|PROT_WRITE, MAP_PRIVATE|MAP_ANONYMOUS|MAP_NORESERVE, -1, 0) = 0x100000000000
15732 munmap(0x100000000000, 16384)     = 0
15732 mmap(NULL, 16384, PROT_READ|PROT_WRITE, MAP_PRIVATE|MAP_ANONYMOUS|MAP_NORESERVE, -1, 0) = 0x100000000000
15732 munmap(0x100000000000, 16384)     = 0
15732 mmap(NULL, 16384, PROT_READ|PROT_WRITE, MAP_PRIVATE|MAP_ANONYMOUS|MAP_NORESERVE, -1, 0) = 0x100000000000
15732 munmap(0x100000000000, 16384)     = 0
15732 mmap(NULL, 16384, PROT_READ|PROT_WRITE, MAP_PRIVATE|MAP_ANONYMOUS|MAP_NORESERVE, -1, 0) = 0x100000000000
15732 munmap(0x100000000000, 16384)     = 0
15732 mmap(NULL, 16384, PROT_READ|PROT_WRITE, MAP_PRIVATE|MAP_ANONYMOUS|MAP_NORESERVE, -1, 0) = 0x100000000000
15732 munmap(0x100000000000, 16384)     = 0
15732 mmap(NULL, 16384, PROT_READ|PROT_WRITE, MAP_PRIVATE|MAP_ANONYMOUS|MAP_NORESERVE, -1, 0) = 0x100000000000
15732 munmap(0x100000000000, 16384)     = 0
15732 mmap(NULL, 16384, PROT_READ|PROT_WRITE, MAP_PRIVATE|MAP_ANONYMOUS|MAP_NORESERVE, -1, 0) = 0x100000000000
15732 munmap(0x100000000000, 16384)     = 0
15732 mmap(NULL, 16384, PROT_READ|PROT_WRITE, MAP_PRIVATE|MAP_ANONYMOUS|MAP_NORESERVE, -1, 0) = 0x100000000000
15732 munmap(0x100000000000, 16384)     = 0
15732 mmap(NULL, 16384, PROT_READ|PROT_WRITE, MAP_PRIVATE|MAP_ANONYMOUS|MAP_NORESERVE, -1, 0) = 0x100000000000
15732 munmap(0x100000000000, 16384)     = 0
15732 mmap(NULL, 16384, PROT_READ|PROT_WRITE, MAP_PRIVATE|MAP_ANONYMOUS|MAP_NORESERVE, -1, 0) = 0x100000000000
15732 munmap(0x100000000000, 16384)     = 0
15732 mmap(NULL, 16384, PROT_READ|PROT_WRITE, MAP_PRIVATE|MAP_ANONYMOUS|MAP_NORESERVE, -1, 0) = 0x100000000000
15732 munmap(0x100000000000, 16384)     = 0
15732 mmap(NULL, 16384, PROT_READ|PROT_WRITE, MAP_PRIVATE|MAP_ANONYMOUS|MAP_NORESERVE, -1, 0) = 0x100000000000
15732 munmap(0x100000000000, 16384)     = 0
15732 mmap(NULL, 16384, PROT_READ|PROT_WRITE, MAP_PRIVATE|MAP_ANONYMOUS|MAP_NORESERVE, -1, 0) = 0x100000000000
15732 munmap(0x100000000000, 16384)     = 0
15732 mmap(NULL, 16384, PROT_READ|PROT_WRITE, MAP_PRIVATE|MAP_ANONYMOUS|MAP_NORESERVE, -1, 0) = 0x100000000000
15732 munmap(0x100000000000, 16384)     = 0
15732 mmap(NULL, 16384, PROT_READ|PROT_WRITE, MAP_PRIVATE|MAP_ANONYMOUS|MAP_NORESERVE, -1, 0) = 0x100000000000
15732 munmap(0x100000000000, 16384)     = 0
15732 mmap(NULL, 16384, PROT_READ|PROT_WRITE, MAP_PRIVATE|MAP_ANONYMOUS|MAP_NORESERVE, -1, 0) = 0x100000000000
15732 munmap(0x100000000000, 16384)     = 0
15732 mmap(NULL, 16384, PROT_READ|PROT_WRITE, MAP_PRIVATE|MAP_ANONYMOUS|MAP_NORESERVE, -1, 0) = 0x100000000000
15732 munmap(0x100000000000, 16384)     = 0
15732 mmap(NULL, 16384, PROT_READ|PROT_WRITE, MAP_PRIVATE|MAP_ANONYMOUS|MAP_NORESERVE, -1, 0) = 0x100000000000
15732 munmap(0x100000000000, 16384)     = 0
15732 mmap(NULL, 16384, PROT_READ|PROT_WRITE, MAP_PRIVATE|MAP_ANONYMOUS|MAP_NORESERVE, -1, 0) = 0x100000000000
15732 munmap(0x100000000000, 16384)     = 0
15732 mmap(NULL, 16384, PROT_READ|PROT_WRITE, MAP_PRIVATE|MAP_ANONYMOUS|MAP_NORESERVE, -1, 0) = 0x100000000000
15732 munmap(0x100000000000, 16384)     = 0
15732 mmap(NULL, 16384, PROT_READ|PROT_WRITE, MAP_PRIVATE|MAP_ANONYMOUS|MAP_NORESERVE, -1, 0) = 0x100000000000
15732 munmap(0x100000000000, 16384)     = 0
15732 mmap(NULL, 16384, PROT_READ|PROT_WRITE, MAP_PRIVATE|MAP_ANONYMOUS|MAP_NORESERVE, -1, 0) = 0x100000000000
15732 munmap(0x100000000000, 16384)     = 0
15732 mmap(NULL, 16384, PROT_READ|PROT_WRITE, MAP_PRIVATE|MAP_ANONYMOUS|MAP_NORESERVE, -1, 0) = 0x100000000000
15732 munmap(0x100000000000, 16384)     = 0
15732 mmap(NULL, 16384, PROT_READ|PROT_WRITE, MAP_PRIVATE|MAP_ANONYMOUS|MAP_NORESERVE, -1, 0) = 0x100000000000
15732 munmap(0x100000000000, 16384)     = 0
15732 mmap(NULL, 16384, PROT_READ|PROT_WRITE, MAP_PRIVATE|MAP_ANONYMOUS|MAP_NORESERVE, -1, 0) = 0x100000000000
15732 munmap(0x100000000000, 16384)     = 0
15732 mmap(NULL, 16384, PROT_READ|PROT_WRITE, MAP_PRIVATE|MAP_ANONYMOUS|MAP_NORESERVE, -1, 0) = 0x100000000000
15732 munmap(0x100000000000, 16384)     = 0
15732 mmap(NULL, 16384, PROT_READ|PROT_WRITE, MAP_PRIVATE|MAP_ANONYMOUS|MAP_NORESERVE, -1, 0) = 0x100000000000
15732 munmap(0x100000000000, 16384)     = 0
15732 mmap(NULL, 16384, PROT_READ|PROT_WRITE, MAP_PRIVATE|MAP_ANONYMOUS|MAP_NORESERVE, -1, 0) = 0x100000000000
15732 munmap(0x100000000000, 16384)     = 0
15732 mmap(NULL, 16384, PROT_READ|PROT_WRITE, MAP_PRIVATE|MAP_ANONYMOUS|MAP_NORESERVE, -1, 0) = 0x100000000000
15732 munmap(0x100000000000, 16384)     = 0
15732 mmap(NULL, 16384, PROT_READ|PROT_WRITE, MAP_PRIVATE|MAP_ANONYMOUS|MAP_NORESERVE, -1, 0) = 0x100000000000
15732 munmap(0x100000000000, 16384)     = 0
15732 mmap(NULL, 16384, PROT_READ|PROT_WRITE, MAP_PRIVATE|MAP_ANONYMOUS|MAP_NORESERVE, -1, 0) = 0x100000000000
15732 munmap(0x100000000000, 16384)     = 0
15732 mmap(NULL, 16384, PROT_READ|PROT_WRITE, MAP_PRIVATE|MAP_ANONYMOUS|MAP_NORESERVE, -1, 0) = 0x100000000000
15732 munmap(0x100000000000, 16384)     = 0
15732 mmap(NULL, 16384, PROT_READ|PROT_WRITE, MAP_PRIVATE|MAP_ANONYMOUS|MAP_NORESERVE, -1, 0) = 0x100000000000
15732 munmap(0x100000000000, 16384)     = 0
15732 mmap(NULL, 16384, PROT_READ|PROT_WRITE, MAP_PRIVATE|MAP_ANONYMOUS|MAP_NORESERVE, -1, 0) = 0x100000000000
15732 munmap(0x100000000000, 16384)     = 0
15732 mmap(NULL, 16384, PROT_READ|PROT_WRITE, MAP_PRIVATE|MAP_ANONYMOUS|MAP_NORESERVE, -1, 0) = 0x100000000000
15732 munmap(0x100000000000, 16384)     = 0
15732 mmap(NULL, 16384, PROT_READ|PROT_WRITE, MAP_PRIVATE|MAP_ANONYMOUS|MAP_NORESERVE, -1, 0) = 0x100000000000
15732 munmap(0x100000000000, 16384)     = 0
15732 mmap(NULL, 16384, PROT_READ|PROT_WRITE, MAP_PRIVATE|MAP_ANONYMOUS|MAP_NORESERVE, -1, 0) = 0x100000000000
15732 munmap(0x100000000000, 16384)     = 0
15732 mmap(NULL, 16384, PROT_READ|PROT_WRITE, MAP_PRIVATE|MAP_ANONYMOUS|MAP_NORESERVE, -1, 0) = 0x100000000000
15732 munmap(0x100000000000, 16384)     = 0
15732 mmap(NULL, 16384, PROT_READ|PROT_WRITE, MAP_PRIVATE|MAP_ANONYMOUS|MAP_NORESERVE, -1, 0) = 0x100000000000
15732 munmap(0x100000000000, 16384)     = 0
15732 mmap(NULL, 16384, PROT_READ|PROT_WRITE, MAP_PRIVATE|MAP_ANONYMOUS|MAP_NORESERVE, -1, 0) = 0x100000000000
15732 munmap(0x100000000000, 16384)     = 0
15732 mmap(NULL, 16384, PROT_READ|PROT_WRITE, MAP_PRIVATE|MAP_ANONYMOUS|MAP_NORESERVE, -1, 0) = 0x100000000000
15732 munmap(0x100000000000, 16384)     = 0
15732 mmap(NULL, 16384, PROT_READ|PROT_WRITE, MAP_PRIVATE|MAP_ANONYMOUS|MAP_NORESERVE, -1, 0) = 0x100000000000
15732 munmap(0x100000000000, 16384)     = 0
15732 mmap(NULL, 16384, PROT_READ|PROT_WRITE, MAP_PRIVATE|MAP_ANONYMOUS|MAP_NORESERVE, -1, 0) = 0x100000000000
15732 munmap(0x100000000000, 16384)     = 0
15732 mmap(NULL, 16384, PROT_READ|PROT_WRITE, MAP_PRIVATE|MAP_ANONYMOUS|MAP_NORESERVE, -1, 0) = 0x100000000000
15732 munmap(0x100000000000, 16384)     = 0
15732 mmap(NULL, 16384, PROT_READ|PROT_WRITE, MAP_PRIVATE|MAP_ANONYMOUS|MAP_NORESERVE, -1, 0) = 0x100000000000
15732 munmap(0x100000000000, 16384)     = 0
15732 mmap(NULL, 16384, PROT_READ|PROT_WRITE, MAP_PRIVATE|MAP_ANONYMOUS|MAP_NORESERVE, -1, 0) = 0x100000000000
15732 munmap(0x100000000000, 16384)     = 0
15732 mmap(NULL, 16384, PROT_READ|PROT_WRITE, MAP_PRIVATE|MAP_ANONYMOUS|MAP_NORESERVE, -1, 0) = 0x100000000000
15732 munmap(0x100000000000, 16384)     = 0
15732 mmap(NULL, 16384, PROT_READ|PROT_WRITE, MAP_PRIVATE|MAP_ANONYMOUS|MAP_NORESERVE, -1, 0) = 0x100000000000
15732 munmap(0x100000000000, 16384)     = 0
15732 mmap(NULL, 16384, PROT_READ|PROT_WRITE, MAP_PRIVATE|MAP_ANONYMOUS|MAP_NORESERVE, -1, 0) = 0x100000000000
15732 munmap(0x100000000000, 16384)     = 0
15732 mmap(NULL, 16384, PROT_READ|PROT_WRITE, MAP_PRIVATE|MAP_ANONYMOUS|MAP_NORESERVE, -1, 0) = 0x100000000000
15732 munmap(0x100000000000, 16384)     = 0
15732 mmap(NULL, 16384, PROT_READ|PROT_WRITE, MAP_PRIVATE|MAP_ANONYMOUS|MAP_NORESERVE, -1, 0) = 0x100000000000
15732 munmap(0x100000000000, 16384)     = 0
15732 mmap(NULL, 16384, PROT_READ|PROT_WRITE, MAP_PRIVATE|MAP_ANONYMOUS|MAP_NORESERVE, -1, 0) = 0x100000000000
15732 munmap(0x100000000000, 16384)     = 0
15732 mmap(NULL, 16384, PROT_READ|PROT_WRITE, MAP_PRIVATE|MAP_ANONYMOUS|MAP_NORESERVE, -1, 0) = 0x100000000000
15732 munmap(0x100000000000, 16384)     = 0
15732 mmap(NULL, 16384, PROT_READ|PROT_WRITE, MAP_PRIVATE|MAP_ANONYMOUS|MAP_NORESERVE, -1, 0) = 0x100000000000
15732 munmap(0x100000000000, 16384)     = 0
15732 mmap(NULL, 16384, PROT_READ|PROT_WRITE, MAP_PRIVATE|MAP_ANONYMOUS|MAP_NORESERVE, -1, 0) = 0x100000000000
15732 munmap(0x100000000000, 16384)     = 0
15732 mmap(NULL, 16384, PROT_READ|PROT_WRITE, MAP_PRIVATE|MAP_ANONYMOUS|MAP_NORESERVE, -1, 0) = 0x100000000000
15732 munmap(0x100000000000, 16384)     = 0
15732 mmap(NULL, 16384, PROT_READ|PROT_WRITE, MAP_PRIVATE|MAP_ANONYMOUS|MAP_NORESERVE, -1, 0) = 0x100000000000
15732 munmap(0x100000000000, 16384)     = 0
15732 mmap(NULL, 16384, PROT_READ|PROT_WRITE, MAP_PRIVATE|MAP_ANONYMOUS|MAP_NORESERVE, -1, 0) = 0x100000000000
15732 munmap(0x100000000000, 16384)     = 0
15732 mmap(NULL, 16384, PROT_READ|PROT_WRITE, MAP_PRIVATE|MAP_ANONYMOUS|MAP_NORESERVE, -1, 0) = 0x100000000000
15732 munmap(0x100000000000, 16384)     = 0
15732 mmap(NULL, 16384, PROT_READ|PROT_WRITE, MAP_PRIVATE|MAP_ANONYMOUS|MAP_NORESERVE, -1, 0) = 0x100000000000
15732 munmap(0x100000000000, 16384)     = 0
15732 mmap(NULL, 16384, PROT_READ|PROT_WRITE, MAP_PRIVATE|MAP_ANONYMOUS|MAP_NORESERVE, -1, 0) = 0x100000000000
15732 munmap(0x100000000000, 16384)     = 0
15732 mmap(NULL, 16384, PROT_READ|PROT_WRITE, MAP_PRIVATE|MAP_ANONYMOUS|MAP_NORESERVE, -1, 0) = 0x100000000000
15732 munmap(0x100000000000, 16384)     = 0
15732 mmap(NULL, 16384, PROT_READ|PROT_WRITE, MAP_PRIVATE|MAP_ANONYMOUS|MAP_NORESERVE, -1, 0) = 0x100000000000
15732 munmap(0x100000000000, 16384)     = 0
15732 mmap(NULL, 16384, PROT_READ|PROT_WRITE, MAP_PRIVATE|MAP_ANONYMOUS|MAP_NORESERVE, -1, 0) = 0x100000000000
15732 munmap(0x100000000000, 16384)     = 0
15732 mmap(NULL, 16384, PROT_READ|PROT_WRITE, MAP_PRIVATE|MAP_ANONYMOUS|MAP_NORESERVE, -1, 0) = 0x100000000000
15732 munmap(0x100000000000, 16384)     = 0
15732 mmap(NULL, 16384, PROT_READ|PROT_WRITE, MAP_PRIVATE|MAP_ANONYMOUS|MAP_NORESERVE, -1, 0) = 0x100000000000
15732 munmap(0x100000000000, 16384)     = 0
15732 mmap(NULL, 16384, PROT_READ|PROT_WRITE, MAP_PRIVATE|MAP_ANONYMOUS|MAP_NORESERVE, -1, 0) = 0x100000000000
15732 munmap(0x100000000000, 16384)     = 0
15732 mmap(NULL, 16384, PROT_READ|PROT_WRITE, MAP_PRIVATE|MAP_ANONYMOUS|MAP_NORESERVE, -1, 0) = 0x100000000000
15732 munmap(0x100000000000, 16384)     = 0
15732 mmap(NULL, 16384, PROT_READ|PROT_WRITE, MAP_PRIVATE|MAP_ANONYMOUS|MAP_NORESERVE, -1, 0) = 0x100000000000
15732 munmap(0x100000000000, 16384)     = 0
15732 mmap(NULL, 16384, PROT_READ|PROT_WRITE, MAP_PRIVATE|MAP_ANONYMOUS|MAP_NORESERVE, -1, 0) = 0x100000000000
15732 munmap(0x100000000000, 16384)     = 0
15732 mmap(NULL, 16384, PROT_READ|PROT_WRITE, MAP_PRIVATE|MAP_ANONYMOUS|MAP_NORESERVE, -1, 0) = 0x100000000000
15732 munmap(0x100000000000, 16384)     = 0
15732 mmap(NULL, 16384, PROT_READ|PROT_WRITE, MAP_PRIVATE|MAP_ANONYMOUS|MAP_NORESERVE, -1, 0) = 0x100000000000
15732 munmap(0x100000000000, 16384)     = 0
15732 mmap(NULL, 16384, PROT_READ|PROT_WRITE, MAP_PRIVATE|MAP_ANONYMOUS|MAP_NORESERVE, -1, 0) = 0x100000000000
15732 munmap(0x100000000000, 16384)     = 0
15732 mmap(NULL, 16384, PROT_READ|PROT_WRITE, MAP_PRIVATE|MAP_ANONYMOUS|MAP_NORESERVE, -1, 0) = 0x100000000000
15732 munmap(0x100000000000, 16384)     = 0
15732 mmap(NULL, 16384, PROT_READ|PROT_WRITE, MAP_PRIVATE|MAP_ANONYMOUS|MAP_NORESERVE, -1, 0) = 0x100000000000
15732 munmap(0x100000000000, 16384)     = 0
15732 mmap(NULL, 16384, PROT_READ|PROT_WRITE, MAP_PRIVATE|MAP_ANONYMOUS|MAP_NORESERVE, -1, 0) = 0x100000000000
15732 munmap(0x100000000000, 16384)     = 0
15732 mmap(NULL, 16384, PROT_READ|PROT_WRITE, MAP_PRIVATE|MAP_ANONYMOUS|MAP_NORESERVE, -1, 0) = 0x100000000000
15732 munmap(0x100000000000, 16384)     = 0
15732 mmap(NULL, 16384, PROT_READ|PROT_WRITE, MAP_PRIVATE|MAP_ANONYMOUS|MAP_NORESERVE, -1, 0) = 0x100000000000
15732 munmap(0x100000000000, 16384)     = 0
15732 mmap(NULL, 16384, PROT_READ|PROT_WRITE, MAP_PRIVATE|MAP_ANONYMOUS|MAP_NORESERVE, -1, 0) = 0x100000000000
15732 munmap(0x100000000000, 16384)     = 0
15732 mmap(NULL, 16384, PROT_READ|PROT_WRITE, MAP_PRIVATE|MAP_ANONYMOUS|MAP_NORESERVE, -1, 0) = 0x100000000000
15732 munmap(0x100000000000, 16384)     = 0
15732 mmap(NULL, 16384, PROT_READ|PROT_WRITE, MAP_PRIVATE|MAP_ANONYMOUS|MAP_NORESERVE, -1, 0) = 0x100000000000
15732 munmap(0x100000000000, 16384)     = 0
15732 futex(0x7ffdcea284d4, FUTEX_WAKE_PRIVATE, 2147483647 <unfinished ...>
15731 <... futex resumed>)              = 0
15732 <... futex resumed>)              = 1
15731 futex(0x7fd3fa30a990, FUTEX_WAIT_BITSET|FUTEX_CLOCK_REALTIME, 15732, NULL, FUTEX_BITSET_MATCH_ANY <unfinished ...>
15732 rt_sigprocmask(SIG_BLOCK, ~[RT_1], NULL, 8) = 0
15732 madvise(0x7fd3f9b0a000, 8368128, MADV_DONTNEED) = 0
15732 exit(0)                           = ?
15731 <... futex resumed>)              = 0
15731 openat(AT_FDCWD, "/proc/self/statm", O_RDONLY) = 3
15731 fstat(3, {st_mode=S_IFREG|0444, st_size=0, ...}) = 0
15731 read(3, "3228 468 438 2 0 2650 0\n", 1024) = 24
15731 write(2, "mmbench: peak RSS ~1 MB\n", 24) = 24
15731 close(3)                          = 0
15731 uname({sysname="Linux", nodename="syzkaller", ...}) = 0
15731 uname({sysname="Linux", nodename="syzkaller", ...}) = 0
15731 fstat(1, {st_mode=S_IFCHR|0666, st_rdev=makedev(0x1, 0x3), ...}) = 0
15731 ioctl(1, TCGETS, 0x7ffdcea27a80)  = -1 ENOTTY (Inappropriate ioctl for device)
15731 write(1, "{\"bench\":\"mmap\",\"contention\":\"low\",\"threads\":1,\"ops\":405,\"elapsed_s\":1.003,\"ops_per_us\":0.000404"..., 186) = 186
15731 rt_sigprocmask(SIG_BLOCK, ~[], [], 8) = 0
15731 clone(child_stack=NULL, flags=CLONE_CHILD_CLEARTID|CLONE_CHILD_SETTID|SIGCHLD, child_tidptr=0x7fd3fa30ba10) = 15743
15743 set_robust_list(0x7fd3fa30ba20, 24 <unfinished ...>
15731 rt_sigprocmask(SIG_SETMASK, [],  <unfinished ...>
15743 <... set_robust_list resumed>)    = 0
15731 <... rt_sigprocmask resumed>NULL, 8) = 0
15743 rt_sigprocmask(SIG_SETMASK, [],  <unfinished ...>
15731 wait4(15743,  <unfinished ...>
15743 <... rt_sigprocmask resumed>NULL, 8) = 0
15743 exit_group(42)                    = ?
15731 <... wait4 resumed>[{WIFEXITED(s) && WEXITSTATUS(s) == 42}], 0, NULL) = 15743
15731 --- SIGCHLD {si_signo=SIGCHLD, si_code=CLD_EXITED, si_pid=15743, si_uid=0, si_status=42, si_utime=0, si_stime=0} ---
15731 write(2, "corten_mode_hook: fork-probe OK (threads+arenas alive, child exited 42)\n", 72) = 72
15731 exit_group(0)                     = ?
