qemu-system-x86_64: warning: host doesn't support requested feature: CPUID.80000001H:ECX.svm [bit 2]
qemu-system-x86_64: warning: host doesn't support requested feature: CPUID.80000001H:ECX.svm [bit 2]
qemu-system-x86_64: warning: host doesn't support requested feature: CPUID.80000001H:ECX.svm [bit 2]
qemu-system-x86_64: warning: host doesn't support requested feature: CPUID.80000001H:ECX.svm [bit 2]
c[?7l[2J[0mSeaBIOS (version 1.15.0-1)


iPXE (https://ipxe.org) 00:03.0 CA00 PCI2.10 PnP PMM+7FF8B310+7FECB310 CA00
Press Ctrl-B to configure iPXE (PCI 00:03.0)...                                                                               


Booting from ROM...
c[?7l[2J[    0.000000] Linux version 6.18.32-g1284a235f751-dirty (ppw@vm) (gcc (Ubuntu 11.4.0-1ubuntu1~22.04.3) 11.4.0, GNU ld (GNU Binutils for Ubuntu) 2.38) #15 SMP PREEMPT_DYNAMIC Sun Sep 13 09:33:02 CST 2026
[    0.000000] Command line: console=ttyS0 panic=-1 kunit.filter_glob=corten
[    0.000000] x86/CPU: Model not found in latest microcode list
[    0.000000] BIOS-provided physical RAM map:
[    0.000000] BIOS-e820: [mem 0x0000000000000000-0x000000000009fbff] usable
[    0.000000] BIOS-e820: [mem 0x000000000009fc00-0x000000000009ffff] reserved
[    0.000000] BIOS-e820: [mem 0x00000000000f0000-0x00000000000fffff] reserved
[    0.000000] BIOS-e820: [mem 0x0000000000100000-0x000000007ffdffff] usable
[    0.000000] BIOS-e820: [mem 0x000000007ffe0000-0x000000007fffffff] reserved
[    0.000000] BIOS-e820: [mem 0x00000000feffc000-0x00000000feffffff] reserved
[    0.000000] BIOS-e820: [mem 0x00000000fffc0000-0x00000000ffffffff] reserved
[    0.000000] NX (Execute Disable) protection: active
[    0.000000] APIC: Static calls initialized
[    0.000000] SMBIOS 2.8 present.
[    0.000000] DMI: QEMU Standard PC (i440FX + PIIX, 1996), BIOS 1.15.0-1 04/01/2014
[    0.000000] DMI: Memory slots populated: 1/1
[    0.000000] Hypervisor detected: KVM
[    0.000000] last_pfn = 0x7ffe0 max_arch_pfn = 0x400000000
[    0.000000] kvm-clock: Using msrs 4b564d01 and 4b564d00
[    0.000005] kvm-clock: using sched offset of 1810858830 cycles
[    0.000030] clocksource: kvm-clock: mask: 0xffffffffffffffff max_cycles: 0x1cd42e4dffb, max_idle_ns: 881590591483 ns
[    0.000073] tsc: Detected 2419.200 MHz processor
[    0.003103] last_pfn = 0x7ffe0 max_arch_pfn = 0x400000000
[    0.003706] MTRR map: 4 entries (3 fixed + 1 variable; max 19), built from 8 variable MTRRs
[    0.003802] x86/PAT: Configuration [0-7]: WB  WC  UC- UC  WB  WP  UC- WT  
[    0.017862] found SMP MP-table at [mem 0x000f5ba0-0x000f5baf]
[    0.018679] ACPI: Early table checksum verification disabled
[    0.018739] ACPI: RSDP 0x00000000000F59E0 000014 (v00 BOCHS )
[    0.018788] ACPI: RSDT 0x000000007FFE1A1C 000034 (v01 BOCHS  BXPC     00000001 BXPC 00000001)
[    0.018824] ACPI: FACP 0x000000007FFE18B8 000074 (v01 BOCHS  BXPC     00000001 BXPC 00000001)
[    0.018857] ACPI: DSDT 0x000000007FFE0040 001878 (v01 BOCHS  BXPC     00000001 BXPC 00000001)
[    0.018860] ACPI: FACS 0x000000007FFE0000 000040
[    0.018861] ACPI: APIC 0x000000007FFE192C 000090 (v01 BOCHS  BXPC     00000001 BXPC 00000001)
[    0.018863] ACPI: HPET 0x000000007FFE19BC 000038 (v01 BOCHS  BXPC     00000001 BXPC 00000001)
[    0.018865] ACPI: WAET 0x000000007FFE19F4 000028 (v01 BOCHS  BXPC     00000001 BXPC 00000001)
[    0.018866] ACPI: Reserving FACP table memory at [mem 0x7ffe18b8-0x7ffe192b]
[    0.018867] ACPI: Reserving DSDT table memory at [mem 0x7ffe0040-0x7ffe18b7]
[    0.018868] ACPI: Reserving FACS table memory at [mem 0x7ffe0000-0x7ffe003f]
[    0.018868] ACPI: Reserving APIC table memory at [mem 0x7ffe192c-0x7ffe19bb]
[    0.018869] ACPI: Reserving HPET table memory at [mem 0x7ffe19bc-0x7ffe19f3]
[    0.018869] ACPI: Reserving WAET table memory at [mem 0x7ffe19f4-0x7ffe1a1b]
[    0.023668] No NUMA configuration found
[    0.023674] Faking a node at [mem 0x0000000000000000-0x000000007ffdffff]
[    0.023683] NODE_DATA(0) allocated [mem 0x7ffdc140-0x7ffdffff]
[    0.025119] Zone ranges:
[    0.025122]   DMA      [mem 0x0000000000001000-0x0000000000ffffff]
[    0.025127]   DMA32    [mem 0x0000000001000000-0x000000007ffdffff]
[    0.025131]   Normal   empty
[    0.025133] Movable zone start for each node
[    0.025134] Early memory node ranges
[    0.025136]   node   0: [mem 0x0000000000001000-0x000000000009efff]
[    0.025159]   node   0: [mem 0x0000000000100000-0x000000007ffdffff]
[    0.025162] Initmem setup node 0 [mem 0x0000000000001000-0x000000007ffdffff]
[    0.025946] On node 0, zone DMA: 1 pages in unavailable ranges
[    0.027168] On node 0, zone DMA: 97 pages in unavailable ranges
[    0.173846] On node 0, zone DMA32: 32 pages in unavailable ranges
[    0.176650] ACPI: PM-Timer IO Port: 0x608
[    0.177001] ACPI: LAPIC_NMI (acpi_id[0xff] dfl dfl lint[0x1])
[    0.179499] IOAPIC[0]: apic_id 0, version 17, address 0xfec00000, GSI 0-23
[    0.179522] ACPI: INT_SRC_OVR (bus 0 bus_irq 0 global_irq 2 dfl dfl)
[    0.179527] ACPI: INT_SRC_OVR (bus 0 bus_irq 5 global_irq 5 high level)
[    0.179530] ACPI: INT_SRC_OVR (bus 0 bus_irq 9 global_irq 9 high level)
[    0.179560] ACPI: INT_SRC_OVR (bus 0 bus_irq 10 global_irq 10 high level)
[    0.179563] ACPI: INT_SRC_OVR (bus 0 bus_irq 11 global_irq 11 high level)
[    0.179573] ACPI: Using ACPI (MADT) for SMP configuration information
[    0.179575] ACPI: HPET id: 0x8086a201 base: 0xfed00000
[    0.179597] CPU topo: Max. logical packages:   1
[    0.179599] CPU topo: Max. logical dies:       1
[    0.179600] CPU topo: Max. dies per package:   1
[    0.179610] CPU topo: Max. threads per core:   1
[    0.179634] CPU topo: Num. cores per package:     4
[    0.179636] CPU topo: Num. threads per package:   4
[    0.179637] CPU topo: Allowing 4 present CPUs plus 0 hotplug CPUs
[    0.179755] kvm-guest: APIC: eoi() replaced with kvm_guest_apic_eoi_write()
[    0.181159] PM: hibernation: Registered nosave memory: [mem 0x00000000-0x00000fff]
[    0.181166] PM: hibernation: Registered nosave memory: [mem 0x0009f000-0x000fffff]
[    0.181171] [mem 0x80000000-0xfeffbfff] available for PCI devices
[    0.181174] Booting paravirtualized kernel on KVM
[    0.181198] clocksource: refined-jiffies: mask: 0xffffffff max_cycles: 0xffffffff, max_idle_ns: 1910969940391419 ns
[    0.200504] setup_percpu: NR_CPUS:64 nr_cpumask_bits:4 nr_cpu_ids:4 nr_node_ids:1
[    0.207789] percpu: Embedded 52 pages/cpu s174808 r8192 d29992 u524288
[    0.207902] Kernel command line: console=ttyS0 panic=-1 kunit.filter_glob=corten
[    0.207940] printk: log buffer data + meta data: 262144 + 917504 = 1179648 bytes
[    0.238636] Dentry cache hash table entries: 262144 (order: 9, 2097152 bytes, linear)
[    0.243432] Inode-cache hash table entries: 131072 (order: 8, 1048576 bytes, linear)
[    0.244387] Fallback order for Node 0: 0 
[    0.244397] Built 1 zonelists, mobility grouping on.  Total pages: 524158
[    0.244400] Policy zone: DMA32
[    0.244406] mem auto-init: stack:off, heap alloc:off, heap free:off
[    0.256816] SLUB: HWalign=64, Order=0-3, MinObjects=0, CPUs=4, Nodes=1
[    0.257387] Kernel/User page tables isolation: enabled
[    0.271442] Dynamic Preempt: voluntary
[    0.273046] rcu: Preemptible hierarchical RCU implementation.
[    0.273049] rcu: 	RCU event tracing is enabled.
[    0.273051] rcu: 	RCU restricting CPUs from NR_CPUS=64 to nr_cpu_ids=4.
[    0.273055] 	Trampoline variant of Tasks RCU enabled.
[    0.273056] 	Tracing variant of Tasks RCU enabled.
[    0.273057] rcu: RCU calculated value of scheduler-enlistment delay is 100 jiffies.
[    0.273059] rcu: Adjusting geometry for rcu_fanout_leaf=16, nr_cpu_ids=4
[    0.273156] RCU Tasks: Setting shift to 2 and lim to 1 rcu_task_cb_adjust=1 rcu_task_cpu_ids=4.
[    0.273162] RCU Tasks Trace: Setting shift to 2 and lim to 1 rcu_task_cb_adjust=1 rcu_task_cpu_ids=4.
[    0.287313] NR_IRQS: 4352, nr_irqs: 456, preallocated irqs: 16
[    0.287718] rcu: srcu_init: Setting srcu_struct sizes based on contention.
[    0.354477] Console: colour VGA+ 80x25
[    0.355058] printk: legacy console [ttyS0] enabled
[    0.901395] ACPI: Core revision 20250807
[    0.906645] clocksource: hpet: mask: 0xffffffff max_cycles: 0xffffffff, max_idle_ns: 19112604467 ns
[    0.915376] APIC: Switch to symmetric I/O mode setup
[    0.923097] x2apic enabled
[    0.931104] APIC: Switched APIC routing to: physical x2apic
[    0.955386] ..TIMER: vector=0x30 apic1=0 pin1=2 apic2=-1 pin2=-1
[    0.961146] clocksource: tsc-early: mask: 0xffffffffffffffff max_cycles: 0x22df1149949, max_idle_ns: 440795312789 ns
[    0.969630] Calibrating delay loop (skipped) preset value.. 4838.40 BogoMIPS (lpj=2419200)
[    0.974919] Last level iTLB entries: 4KB 0, 2MB 0, 4MB 0
[    0.975629] Last level dTLB entries: 4KB 0, 2MB 0, 4MB 0, 1GB 0
[    0.976727] mitigations: Enabled attack vectors: user_kernel, user_user, SMT mitigations: auto
[    0.977639] Speculative Store Bypass: Vulnerable
[    0.978630] Spectre V2 : Mitigation: Retpolines
[    0.979629] ITS: Mitigation: Aligned branch/return thunks
[    0.980632] MDS: Vulnerable: Clear CPU buffers attempted, no microcode
[    0.981609] Spectre V1 : Mitigation: usercopy/swapgs barriers and __user pointer sanitization
[    0.981639] Spectre V2 : Spectre v2 / SpectreRSB: Filling RSB on context switch and VMEXIT
[    0.982639] active return thunk: its_return_thunk
[    0.983746] x86/fpu: x87 FPU will use FXSAVE
[    1.074144] Freeing SMP alternatives memory: 56K
[    1.074644] pid_max: default: 32768 minimum: 301
[    1.075794] LSM: initializing lsm=capability,selinux
[    1.076644] SELinux:  Initializing.
[    1.080029] Mount-cache hash table entries: 4096 (order: 3, 32768 bytes, linear)
[    1.080742] Mountpoint-cache hash table entries: 4096 (order: 3, 32768 bytes, linear)
[    1.174790] smpboot: CPU0: Intel QEMU Virtual CPU version 2.5+ (family: 0xf, model: 0x6b, stepping: 0x1)
[    1.177804] Performance Events: unsupported Netburst CPU model 107 no PMU driver, software events only.
[    1.180097] signal: max sigframe size: 1440
[    1.181774] rcu: Hierarchical SRCU implementation.
[    1.182629] rcu: 	Max phase no-delay instances is 400.
[    1.185193] Timer migration: 1 hierarchy levels; 8 children per group; 1 crossnode level
[    1.198746] smp: Bringing up secondary CPUs ...
[    1.202153] smpboot: x86: Booting SMP configuration:
[    1.202637] .... node  #0, CPUs:      #1 #2 #3
[    1.223901] smp: Brought up 1 node, 4 CPUs
[    1.225636] smpboot: Total of 4 processors activated (19353.60 BogoMIPS)
[    1.230641] Memory: 2011104K/2096632K available (18919K kernel code, 2960K rwdata, 7980K rodata, 3040K init, 2292K bss, 80416K reserved, 0K cma-reserved)
[    1.235631] devtmpfs: initialized
[    1.242634] clocksource: jiffies: mask: 0xffffffff max_cycles: 0xffffffff, max_idle_ns: 1911260446275000 ns
[    1.243655] posixtimers hash table entries: 2048 (order: 3, 32768 bytes, linear)
[    1.246131] futex hash table entries: 1024 (65536 bytes on 1 NUMA nodes, total 64 KiB, linear).
[    1.248628] PM: RTC time: 01:35:42, date: 2026-09-13
[    1.250203] NET: Registered PF_NETLINK/PF_ROUTE protocol family
[    1.251724] audit: initializing netlink subsys (disabled)
[    1.253643] audit: type=2000 audit(1789263341.529:1): state=initialized audit_enabled=0 res=1
[    1.253828] thermal_sys: Registered thermal governor 'step_wise'
[    1.255631] cpuidle: using governor menu
[    1.259732] PCI: Using configuration type 1 for base access
[    1.261675] kprobes: kprobe jump-optimization is enabled. All kprobes are optimized if possible.
[    1.266625] HugeTLB: registered 2.00 MiB page size, pre-allocated 0 pages
[    1.270638] HugeTLB: 28 KiB vmemmap can be freed for a 2.00 MiB page
[    1.276144] ACPI: Added _OSI(Module Device)
[    1.277636] ACPI: Added _OSI(Processor Device)
[    1.278634] ACPI: Added _OSI(Processor Aggregator Device)
[    1.284515] ACPI: 1 ACPI AML tables successfully acquired and loaded
[    1.293814] ACPI: Interpreter enabled
[    1.295639] ACPI: PM: (supports S0 S3 S4 S5)
[    1.297641] ACPI: Using IOAPIC for interrupt routing
[    1.301914] PCI: Using host bridge windows from ACPI; if necessary, use "pci=nocrs" and report a bug
[    1.305629] PCI: Using E820 reservations for host bridge windows
[    1.307987] ACPI: Enabled 2 GPEs in block 00 to 0F
[    1.315157] ACPI: PCI Root Bridge [PCI0] (domain 0000 [bus 00-ff])
[    1.318650] acpi PNP0A03:00: _OSC: OS supports [ASPM ClockPM Segments MSI HPX-Type3]
[    1.320632] acpi PNP0A03:00: _OSC: not requesting OS control; OS requires [ExtendedConfig ASPM ClockPM MSI]
[    1.327708] acpi PNP0A03:00: fail to add MMCONFIG information, can't access extended configuration space under this bridge
[    1.333920] PCI host bridge to bus 0000:00
[    1.337650] pci_bus 0000:00: root bus resource [io  0x0000-0x0cf7 window]
[    1.341636] pci_bus 0000:00: root bus resource [io  0x0d00-0xffff window]
[    1.346637] pci_bus 0000:00: root bus resource [mem 0x000a0000-0x000bffff window]
[    1.349628] pci_bus 0000:00: root bus resource [mem 0x80000000-0xfebfffff window]
[    1.352633] pci_bus 0000:00: root bus resource [mem 0x100000000-0x17fffffff window]
[    1.354633] pci_bus 0000:00: root bus resource [bus 00-ff]
[    1.358741] pci 0000:00:00.0: [8086:1237] type 00 class 0x060000 conventional PCI endpoint
[    1.363625] pci 0000:00:01.0: [8086:7000] type 00 class 0x060100 conventional PCI endpoint
[    1.368021] pci 0000:00:01.1: [8086:7010] type 00 class 0x010180 conventional PCI endpoint
[    1.376844] pci 0000:00:01.1: BAR 4 [io  0xc040-0xc04f]
[    1.380815] pci 0000:00:01.1: BAR 0 [io  0x01f0-0x01f7]: legacy IDE quirk
[    1.384638] pci 0000:00:01.1: BAR 1 [io  0x03f6]: legacy IDE quirk
[    1.388635] pci 0000:00:01.1: BAR 2 [io  0x0170-0x0177]: legacy IDE quirk
[    1.394641] pci 0000:00:01.1: BAR 3 [io  0x0376]: legacy IDE quirk
[    1.402164] pci 0000:00:01.3: [8086:7113] type 00 class 0x068000 conventional PCI endpoint
[    1.412625] pci 0000:00:01.3: quirk: [io  0x0600-0x063f] claimed by PIIX4 ACPI
[    1.418725] pci 0000:00:01.3: quirk: [io  0x0700-0x070f] claimed by PIIX4 SMB
[    1.424325] pci 0000:00:02.0: [1234:1111] type 00 class 0x030000 conventional PCI endpoint
[    1.444434] pci 0000:00:02.0: BAR 0 [mem 0xfd000000-0xfdffffff pref]
[    1.447699] pci 0000:00:02.0: BAR 2 [mem 0xfebb0000-0xfebb0fff]
[    1.451891] pci 0000:00:02.0: ROM [mem 0xfeba0000-0xfebaffff pref]
[    1.458533] pci 0000:00:02.0: Video device with shadowed ROM at [mem 0x000c0000-0x000dffff]
[    1.481773] pci 0000:00:03.0: [8086:100e] type 00 class 0x020000 conventional PCI endpoint
[    1.490718] pci 0000:00:03.0: BAR 0 [mem 0xfeb80000-0xfeb9ffff]
[    1.494628] pci 0000:00:03.0: BAR 1 [io  0xc000-0xc03f]
[    1.497639] pci 0000:00:03.0: ROM [mem 0xfeb00000-0xfeb7ffff pref]
[    1.518051] ACPI: PCI: Interrupt link LNKA configured for IRQ 10
[    1.521711] ACPI: PCI: Interrupt link LNKB configured for IRQ 10
[    1.525063] ACPI: PCI: Interrupt link LNKC configured for IRQ 11
[    1.531063] ACPI: PCI: Interrupt link LNKD configured for IRQ 11
[    1.535747] ACPI: PCI: Interrupt link LNKS configured for IRQ 9
[    1.547571] iommu: Default domain type: Translated
[    1.548630] iommu: DMA domain TLB invalidation policy: lazy mode
[    1.558990] SCSI subsystem initialized
[    1.566728] ACPI: bus type USB registered
[    1.571426] usbcore: registered new interface driver usbfs
[    1.578097] usbcore: registered new interface driver hub
[    1.583679] usbcore: registered new device driver usb
[    1.588718] pps_core: LinuxPPS API ver. 1 registered
[    1.591628] pps_core: Software ver. 5.3.6 - Copyright 2005-2007 Rodolfo Giometti <giometti@linux.it>
[    1.595653] PTP clock support registered
[    1.601268] Advanced Linux Sound Architecture Driver Initialized.
[    1.611707] NetLabel: Initializing
[    1.613633] NetLabel:  domain hash size = 128
[    1.618630] NetLabel:  protocols = UNLABELED CIPSOv4 CALIPSO
[    1.623717] NetLabel:  unlabeled traffic allowed by default
[    1.633159] PCI: Using ACPI for IRQ routing
[    1.637723] pci 0000:00:02.0: vgaarb: setting as boot VGA device
[    1.638625] pci 0000:00:02.0: vgaarb: bridge control possible
[    1.638625] pci 0000:00:02.0: vgaarb: VGA device added: decodes=io+mem,owns=io+mem,locks=none
[    1.649650] vgaarb: loaded
[    1.655434] hpet: 3 channels of 0 reserved for per-cpu timers
[    1.661949] hpet0: at MMIO 0xfed00000, IRQs 2, 8, 0
[    1.666628] hpet0: 3 comparators, 64-bit 100.000000 MHz counter
[    1.676251] clocksource: Switched to clocksource kvm-clock
[    1.688610] VFS: Disk quotas dquot_6.6.0
[    1.692896] VFS: Dquot-cache hash table entries: 512 (order 0, 4096 bytes)
[    1.702272] pnp: PnP ACPI init
[    1.707985] pnp: PnP ACPI: found 6 devices
[    1.777880] clocksource: acpi_pm: mask: 0xffffff max_cycles: 0xffffff, max_idle_ns: 2085701024 ns
[    1.785049] NET: Registered PF_INET protocol family
[    1.790255] IP idents hash table entries: 32768 (order: 6, 262144 bytes, linear)
[    1.801808] tcp_listen_portaddr_hash hash table entries: 1024 (order: 2, 16384 bytes, linear)
[    1.808209] Table-perturb hash table entries: 65536 (order: 6, 262144 bytes, linear)
[    1.812945] TCP established hash table entries: 16384 (order: 5, 131072 bytes, linear)
[    1.819831] TCP bind hash table entries: 16384 (order: 7, 524288 bytes, linear)
[    1.828278] TCP: Hash tables configured (established 16384 bind 16384)
[    1.834346] UDP hash table entries: 1024 (order: 4, 65536 bytes, linear)
[    1.839806] UDP-Lite hash table entries: 1024 (order: 4, 65536 bytes, linear)
[    1.849463] NET: Registered PF_UNIX/PF_LOCAL protocol family
[    1.859521] RPC: Registered named UNIX socket transport module.
[    1.865122] RPC: Registered udp transport module.
[    1.869044] RPC: Registered tcp transport module.
[    1.873491] RPC: Registered tcp-with-tls transport module.
[    1.878904] RPC: Registered tcp NFSv4.1 backchannel transport module.
[    1.888669] pci_bus 0000:00: resource 4 [io  0x0000-0x0cf7 window]
[    1.893321] pci_bus 0000:00: resource 5 [io  0x0d00-0xffff window]
[    1.898034] pci_bus 0000:00: resource 6 [mem 0x000a0000-0x000bffff window]
[    1.902536] pci_bus 0000:00: resource 7 [mem 0x80000000-0xfebfffff window]
[    1.907931] pci_bus 0000:00: resource 8 [mem 0x100000000-0x17fffffff window]
[    1.914304] pci 0000:00:01.0: PIIX3: Enabling Passive Release
[    1.919841] pci 0000:00:00.0: Limiting direct PCI/PCI transfers
[    1.923357] PCI: CLS 0 bytes, default 64
[    1.927715] clocksource: tsc: mask: 0xffffffffffffffff max_cycles: 0x22df1149949, max_idle_ns: 440795312789 ns
[    1.949198] Initialise system trusted keyrings
[    1.954467] workingset: timestamp_bits=40 max_order=19 bucket_order=0
[    1.963276] NFS: Registering the id_resolver key type
[    1.967031] Key type id_resolver registered
[    1.971949] Key type id_legacy registered
[    1.977521] 9p: Installing v9fs 9p2000 file system support
[    2.019658] Key type asymmetric registered
[    2.023247] Asymmetric key parser 'x509' registered
[    2.027843] Block layer SCSI generic (bsg) driver version 0.4 loaded (major 251)
[    2.028793] io scheduler mq-deadline registered
[    2.032372] io scheduler kyber registered
[    2.039723] input: Power Button as /devices/LNXSYSTM:00/LNXPWRBN:00/input/input0
[    2.049838] ACPI: button: Power Button [PWRF]
[    2.059696] Serial: 8250/16550 driver, 4 ports, IRQ sharing enabled
[    2.067316] 00:04: ttyS0 at I/O 0x3f8 (irq = 4, base_baud = 115200) is a 16550A
[    2.081762] Non-volatile memory driver v1.3
[    2.085313] Linux agpgart interface v0.103
[    2.117183] ACPI: bus type drm_connector registered
[    2.146848] loop: module loaded
[    2.152226] zram: Added device: zram0
[    2.161111] scsi host0: ata_piix
[    2.166625] scsi host1: ata_piix
[    2.167120] ata1: PATA max MWDMA2 cmd 0x1f0 ctl 0x3f6 bmdma 0xc040 irq 14 lpm-pol 0
[    2.167981] ata2: PATA max MWDMA2 cmd 0x170 ctl 0x376 bmdma 0xc048 irq 15 lpm-pol 0
[    2.176720] e100: Intel(R) PRO/100 Network Driver
[    2.183469] e100: Copyright(c) 1999-2006 Intel Corporation
[    2.189103] e1000: Intel(R) PRO/1000 Network Driver
[    2.193269] e1000: Copyright (c) 1999-2006 Intel Corporation.
[    2.235464] ACPI: \_SB_.LNKC: Enabled at IRQ 11
[    2.339538] ata2: found unknown device (class 0)
[    2.348197] ata2.00: ATAPI: QEMU DVD-ROM, 2.5+, max UDMA/100
[    2.360709] scsi 1:0:0:0: CD-ROM            QEMU     QEMU DVD-ROM     2.5+ PQ: 0 ANSI: 5
[    2.407565] sr 1:0:0:0: [sr0] scsi3-mmc drive: 4x/4x cd/rw xa/form2 tray
[    2.412652] cdrom: Uniform CD-ROM driver Revision: 3.20
[    2.433178] sr 1:0:0:0: Attached scsi generic sg0 type 5
[    3.324082] e1000 0000:00:03.0 eth0: (PCI:33MHz:32-bit) 52:54:00:12:34:56
[    3.329784] e1000 0000:00:03.0 eth0: Intel(R) PRO/1000 Network Connection
[    3.335353] e1000e: Intel(R) PRO/1000 Network Driver
[    3.341324] e1000e: Copyright(c) 1999 - 2015 Intel Corporation.
[    3.347981] sky2: driver version 1.30
[    3.352212] usbcore: registered new interface driver usblp
[    3.359139] usbcore: registered new interface driver usb-storage
[    3.364411] i8042: PNP: PS/2 Controller [PNP0303:KBD,PNP0f13:MOU] at 0x60,0x64 irq 1,12
[    3.380743] serio: i8042 KBD port at 0x60,0x64 irq 1
[    3.385926] serio: i8042 AUX port at 0x60,0x64 irq 12
[    3.394554] rtc_cmos 00:05: RTC can wake from S4
[    3.405083] input: AT Translated Set 2 keyboard as /devices/platform/i8042/serio0/input/input1
[    3.405450] rtc_cmos 00:05: registered as rtc0
[    3.416279] rtc_cmos 00:05: alarms up to one day, y3k, 242 bytes nvram, hpet irqs
[    3.425402] device-mapper: ioctl: 4.50.0-ioctl (2025-04-28) initialised: dm-devel@lists.linux.dev
[    3.434987] intel_pstate: CPU model not supported
[    3.444552] hid: raw HID events driver (C) Jiri Kosina
[    3.452374] usbcore: registered new interface driver usbhid
[    3.458393] usbhid: USB HID core driver
[    3.473693] Initializing XFRM netlink socket
[    3.478966] NET: Registered PF_INET6 protocol family
[    3.489891] Segment Routing with IPv6
[    3.494180] In-situ OAM (IOAM) with IPv6
[    3.496448] sit: IPv6, IPv4 and MPLS over IPv4 tunneling driver
[    3.504384] NET: Registered PF_PACKET protocol family
[    3.510593] 9pnet: Installing 9P2000 support
[    3.512941] Key type dns_resolver registered
[    3.523125] IPI shorthand broadcast: enabled
[    3.539263] sched_clock: Marking stable (2865242312, 673896209)->(3879934478, -340795957)
[    3.549683] registered taskstats version 1
[    3.554493] Loading compiled-in X.509 certificates
[    3.568258] Demotion targets for Node 0: null
[    3.576013] PM:   Magic number: 10:128:559
[    3.577357] netconsole: network logging started
[    3.579153] cfg80211: Loading compiled-in X.509 certificates for regulatory database
[    3.589911] kworker/u16:1 (69) used greatest stack depth: 14272 bytes left
[    3.597643] Loaded X.509 cert 'sforshee: 00b28ddf47aef9cea7'
[    3.603976] Loaded X.509 cert 'wens: 61c038651aabdcf94bd0ac7ff06c7248db18c600'
[    3.611388] ALSA device list:
[    3.613294] faux_driver regulatory: Direct firmware load for regulatory.db failed with error -2
[    3.613397]   No soundcards found.
[    3.620802] cfg80211: failed to load regulatory.db
[    3.623709] KTAP version 1
[    3.623711] 1..1
[    3.633182]     KTAP version 1
[    3.633187]     # Subtest: corten
[    3.633362]     # module: corten_test
[    3.641642]     1..24
[    3.649224]     ok 1 corten_test_layout
[    3.653850]     ok 2 corten_test_ptdesc_get_put
[    3.662280]     ok 3 corten_test_meta_roundtrip
[    3.670516]     ok 4 corten_test_meta_reinit_cleared
[    3.678604]     ok 5 corten_test_covering_level
[    3.690288]     ok 6 corten_test_covering_base_index
[    3.699351]     ok 7 corten_test_txn_covering
[    3.707909]     ok 8 corten_test_txn_hole
[    3.718081]     ok 9 corten_test_txn_stale_eagain
[    3.725524]     ok 10 corten_test_lock_range_args
[    3.730303]     ok 11 corten_test_txn_state_machine
[    3.737844]     ok 12 corten_test_txn_atomic_validate
[    3.744383]     ok 13 corten_test_txn_real_glue
[    3.812991]     ok 14 corten_test_txn_mutex_overlap
[    3.849169]     ok 15 corten_test_txn_mutex_disjoint
[    3.855088]     ok 16 corten_test_fail_alloc
[    3.860792]     ok 17 corten_test_txn_hole_fill
[    3.870385]     ok 18 corten_test_txn_hole_race
[    3.876729] input: ImExPS/2 Generic Explorer Mouse as /devices/platform/i8042/serio1/input/input3
[    4.119876]     ok 19 corten_test_txn_uninstall_interlock
[    4.121451] ------------[ cut here ]------------
[    4.132224] WARNING: CPU: 3 PID: 121 at mm/corten.c:755 corten_txn_begin+0x1c2/0x490
[    4.140259] Modules linked in:
[    4.142878] CPU: 3 UID: 0 PID: 121 Comm: kunit_try_catch Tainted: G                 N  6.18.32-g1284a235f751-dirty #15 PREEMPT(voluntary) 
[    4.154500] Tainted: [N]=TEST
[    4.157784] Hardware name: QEMU Standard PC (i440FX + PIIX, 1996), BIOS 1.15.0-1 04/01/2014
[    4.161457] RIP: 0010:corten_txn_begin+0x1c2/0x490
[    4.165365] Code: 0f 87 81 02 00 00 4c 89 ff 48 89 04 24 e8 76 13 d8 00 4c 89 ff e8 9e 17 d8 00 41 80 7e 48 04 4c 8b 3c 24 0f 86 af fe ff ff 90 <0f> 0b 90 4c 89 ff e8 83 f6 ff ff 41 0f b6 46 48 84 c0 74 28 83 e8
[    4.182274] RSP: 0000:ffff9ab780397da0 EFLAGS: 00010202
[    4.185425] RAX: ffff987882671d80 RBX: 0000000000000fff RCX: 0000000000000003
[    4.192277] RDX: 0000000000000003 RSI: 0000000000000029 RDI: ffff987882de0000
[    4.200855] RBP: 0000000000000000 R08: ffff987881a86a00 R09: ffff9ab780397e00
[    4.207666] R10: ffff9ab780397d58 R11: ffffdcf08009ea40 R12: ffffffff92631f50
[    4.213167] R13: ffff987881a86a00 R14: ffff9ab780397e00 R15: ffff987882671d80
[    4.219184] FS:  0000000000000000(0000) GS:ffff98796c3f7000(0000) knlGS:0000000000000000
[    4.226307] CS:  0010 DS: 0000 ES: 0000 CR0: 0000000080050033
[    4.232436] CR2: 0000000000000000 CR3: 000000007d630000 CR4: 00000000000006f0
[    4.240208] Call Trace:
[    4.243431]  <TASK>
[    4.244849]  ? __pfx_kunit_generic_run_threadfn_adapter+0x10/0x10
[    4.252424]  corten_test_txn_path_overflow+0xb5/0x2a0
[    4.256132]  ? psi_task_switch+0x107/0x290
[    4.260395]  kunit_try_run_case+0x6f/0x150
[    4.264019]  ? __pfx_kunit_generic_run_threadfn_adapter+0x10/0x10
[    4.270624]  kunit_generic_run_threadfn_adapter+0x1c/0x40
[    4.276507]  kthread+0xff/0x1f0
[    4.278447]  ? __pfx_kthread+0x10/0x10
[    4.281554]  ? __pfx_kthread+0x10/0x10
[    4.284420]  ret_from_fork+0x144/0x160
[    4.289099]  ? __pfx_kthread+0x10/0x10
[    4.293092]  ret_from_fork_asm+0x1a/0x30
[    4.297926]  </TASK>
[    4.298751] ---[ end trace 0000000000000000 ]---
[    4.303404] kunit_try_catch (121) used greatest stack depth: 13520 bytes left
[    4.304341]     ok 20 corten_test_txn_path_overflow
[    4.311389]     ok 21 corten_test_txn_child_err
[    4.318540]     ok 22 corten_test_real_huge_leaf
[    4.324923]     ok 23 corten_test_full_window_atomic
[    4.330761]     ok 24 corten_test_debugfs_content
[    4.335946] # corten: pass:24 fail:0 skip:0 total:24
[    4.340464] # Totals: pass:24 fail:0 skip:0 total:24
[    4.345719] ok 1 corten
[    4.356842] check access for rdinit=/init failed: -2, ignoring
[    4.360782] md: Waiting for all devices to be available before autodetect
[    4.363055] md: If you don't use raid, use raid=noautodetect
[    4.366709] md: Autodetecting RAID arrays.
[    4.369506] md: autorun ...
[    4.371388] md: ... autorun DONE.
[    4.375520] /dev/root: Can't open blockdev
[    4.376476] VFS: Cannot open root device "" or unknown-block(0,0): error -6
[    4.376984] Please append a correct "root=" boot option; here are the available partitions:
[    4.381857] 0b00         1048575 sr0 
[    4.381864]  driver: sr
[    4.385096] List of all bdev filesystems:
[    4.387757]  ext3
[    4.387760]  ext2
[    4.389348]  ext4
[    4.390335]  vfat
[    4.391481]  msdos
[    4.391898]  iso9660
[    4.392392] 
[    4.394452] Kernel panic - not syncing: VFS: Unable to mount root fs on unknown-block(0,0)
[    4.399103] CPU: 2 UID: 0 PID: 1 Comm: swapper/0 Tainted: G        W        N  6.18.32-g1284a235f751-dirty #15 PREEMPT(voluntary) 
[    4.405925] Tainted: [W]=WARN, [N]=TEST
[    4.408475] Hardware name: QEMU Standard PC (i440FX + PIIX, 1996), BIOS 1.15.0-1 04/01/2014
[    4.412378] Call Trace:
[    4.412915]  <TASK>
[    4.414341]  vpanic+0x34f/0x360
[    4.416326]  panic+0x56/0x60
[    4.418456]  mount_root_generic+0x1ff/0x320
[    4.420204]  prepare_namespace+0x63/0x270
[    4.422883]  kernel_init_freeable+0x29f/0x2f0
[    4.424076]  ? __pfx_kernel_init+0x10/0x10
[    4.427264]  kernel_init+0x15/0x1c0
[    4.429123]  ret_from_fork+0x144/0x160
[    4.429968]  ? __pfx_kernel_init+0x10/0x10
[    4.431879]  ret_from_fork_asm+0x1a/0x30
[    4.434405]  </TASK>
[    4.438279] Kernel Offset: 0x10200000 from 0xffffffff81000000 (relocation range: 0xffffffff80000000-0xffffffffbfffffff)
