make -C "runtest" \
	-f "/root/ltp/runtest/Makefile" install
make[1]: Entering directory '/root/ltp/runtest'
install -m 00644   "/root/ltp/runtest/can" /opt/ltp/runtest/can
install -m 00644   "/root/ltp/runtest/capability" /opt/ltp/runtest/capability
install -m 00644   "/root/ltp/runtest/commands" /opt/ltp/runtest/commands
install -m 00644   "/root/ltp/runtest/containers" /opt/ltp/runtest/containers
install -m 00644   "/root/ltp/runtest/controllers" /opt/ltp/runtest/controllers
install -m 00644   "/root/ltp/runtest/cpuhotplug" /opt/ltp/runtest/cpuhotplug
install -m 00644   "/root/ltp/runtest/crashme" /opt/ltp/runtest/crashme
install -m 00644   "/root/ltp/runtest/crypto" /opt/ltp/runtest/crypto
install -m 00644   "/root/ltp/runtest/cve" /opt/ltp/runtest/cve
install -m 00644   "/root/ltp/runtest/dio" /opt/ltp/runtest/dio
install -m 00644   "/root/ltp/runtest/dma_thread_diotest" /opt/ltp/runtest/dma_thread_diotest
install -m 00644   "/root/ltp/runtest/fcntl-locktests" /opt/ltp/runtest/fcntl-locktests
install -m 00644   "/root/ltp/runtest/fs" /opt/ltp/runtest/fs
install -m 00644   "/root/ltp/runtest/fs_bind" /opt/ltp/runtest/fs_bind
install -m 00644   "/root/ltp/runtest/fs_perms_simple" /opt/ltp/runtest/fs_perms_simple
install -m 00644   "/root/ltp/runtest/fs_readonly" /opt/ltp/runtest/fs_readonly
install -m 00644   "/root/ltp/runtest/hugetlb" /opt/ltp/runtest/hugetlb
install -m 00644   "/root/ltp/runtest/hyperthreading" /opt/ltp/runtest/hyperthreading
install -m 00644   "/root/ltp/runtest/ima" /opt/ltp/runtest/ima
install -m 00644   "/root/ltp/runtest/input" /opt/ltp/runtest/input
install -m 00644   "/root/ltp/runtest/kernel_misc" /opt/ltp/runtest/kernel_misc
install -m 00644   "/root/ltp/runtest/kvm" /opt/ltp/runtest/kvm
install -m 00644   "/root/ltp/runtest/ltp-aio-stress" /opt/ltp/runtest/ltp-aio-stress
install -m 00644   "/root/ltp/runtest/ltp-aiodio.part1" /opt/ltp/runtest/ltp-aiodio.part1
install -m 00644   "/root/ltp/runtest/ltp-aiodio.part2" /opt/ltp/runtest/ltp-aiodio.part2
install -m 00644   "/root/ltp/runtest/ltp-aiodio.part3" /opt/ltp/runtest/ltp-aiodio.part3
install -m 00644   "/root/ltp/runtest/ltp-aiodio.part4" /opt/ltp/runtest/ltp-aiodio.part4
install -m 00644   "/root/ltp/runtest/math" /opt/ltp/runtest/math
install -m 00644   "/root/ltp/runtest/mm" /opt/ltp/runtest/mm
install -m 00644   "/root/ltp/runtest/net.features" /opt/ltp/runtest/net.features
install -m 00644   "/root/ltp/runtest/net.ipv6" /opt/ltp/runtest/net.ipv6
install -m 00644   "/root/ltp/runtest/net.ipv6_lib" /opt/ltp/runtest/net.ipv6_lib
install -m 00644   "/root/ltp/runtest/net.multicast" /opt/ltp/runtest/net.multicast
install -m 00644   "/root/ltp/runtest/net.nfs" /opt/ltp/runtest/net.nfs
install -m 00644   "/root/ltp/runtest/net.rpc_tests" /opt/ltp/runtest/net.rpc_tests
install -m 00644   "/root/ltp/runtest/net.sctp" /opt/ltp/runtest/net.sctp
install -m 00644   "/root/ltp/runtest/net.tcp_cmds" /opt/ltp/runtest/net.tcp_cmds
install -m 00644   "/root/ltp/runtest/net.tirpc_tests" /opt/ltp/runtest/net.tirpc_tests
install -m 00644   "/root/ltp/runtest/net_stress.appl" /opt/ltp/runtest/net_stress.appl
install -m 00644   "/root/ltp/runtest/net_stress.broken_ip" /opt/ltp/runtest/net_stress.broken_ip
install -m 00644   "/root/ltp/runtest/net_stress.interface" /opt/ltp/runtest/net_stress.interface
install -m 00644   "/root/ltp/runtest/net_stress.ipsec_dccp" /opt/ltp/runtest/net_stress.ipsec_dccp
install -m 00644   "/root/ltp/runtest/net_stress.ipsec_icmp" /opt/ltp/runtest/net_stress.ipsec_icmp
install -m 00644   "/root/ltp/runtest/net_stress.ipsec_sctp" /opt/ltp/runtest/net_stress.ipsec_sctp
install -m 00644   "/root/ltp/runtest/net_stress.ipsec_tcp" /opt/ltp/runtest/net_stress.ipsec_tcp
install -m 00644   "/root/ltp/runtest/net_stress.ipsec_udp" /opt/ltp/runtest/net_stress.ipsec_udp
install -m 00644   "/root/ltp/runtest/net_stress.multicast" /opt/ltp/runtest/net_stress.multicast
install -m 00644   "/root/ltp/runtest/net_stress.route" /opt/ltp/runtest/net_stress.route
install -m 00644   "/root/ltp/runtest/nptl" /opt/ltp/runtest/nptl
install -m 00644   "/root/ltp/runtest/numa" /opt/ltp/runtest/numa
install -m 00644   "/root/ltp/runtest/power_management_tests" /opt/ltp/runtest/power_management_tests
install -m 00644   "/root/ltp/runtest/pty" /opt/ltp/runtest/pty
install -m 00644   "/root/ltp/runtest/sched" /opt/ltp/runtest/sched
install -m 00644   "/root/ltp/runtest/scsi_debug.part1" /opt/ltp/runtest/scsi_debug.part1
install -m 00644   "/root/ltp/runtest/smack" /opt/ltp/runtest/smack
install -m 00644   "/root/ltp/runtest/smoketest" /opt/ltp/runtest/smoketest
install -m 00644   "/root/ltp/runtest/staging" /opt/ltp/runtest/staging
install -m 00644   "/root/ltp/runtest/syscalls" /opt/ltp/runtest/syscalls
install -m 00644   "/root/ltp/runtest/syscalls-ipc" /opt/ltp/runtest/syscalls-ipc
install -m 00644   "/root/ltp/runtest/sysfs" /opt/ltp/runtest/sysfs
install -m 00644   "/root/ltp/runtest/thermal" /opt/ltp/runtest/thermal
install -m 00644   "/root/ltp/runtest/tpm_tools" /opt/ltp/runtest/tpm_tools
install -m 00644   "/root/ltp/runtest/tracing" /opt/ltp/runtest/tracing
install -m 00644   "/root/ltp/runtest/watchqueue" /opt/ltp/runtest/watchqueue
make[1]: Leaving directory '/root/ltp/runtest'
make -C "testscripts" \
	-f "/root/ltp/testscripts/Makefile" install
make[1]: Entering directory '/root/ltp/testscripts'
install -m 00755   "/root/ltp/testscripts/test_realtime.sh" /opt/ltp/testscripts/test_realtime.sh
make[1]: Leaving directory '/root/ltp/testscripts'
make -C "utils" \
	-f "/root/ltp/utils/Makefile" install
make[1]: Entering directory '/root/ltp/utils'
install -m 00775   "/root/ltp/utils/benchmark/ebizzy-0.3/ebizzy" /opt/ltp/testcases/bin/ebizzy
install -m 00775   "/root/ltp/utils/benchmark/kernbench-0.42/kernbench" /opt/ltp/testcases/bin/kernbench
install -m 00775   "/root/ltp/utils/sctp/func_tests/test_1_to_1_accept_close" /opt/ltp/testcases/bin/test_1_to_1_accept_close
install -m 00775   "/root/ltp/utils/sctp/func_tests/test_1_to_1_addrs" /opt/ltp/testcases/bin/test_1_to_1_addrs
install: error copying '/root/ltp/utils/sctp/func_tests/test_1_to_1_addrs' to '/opt/ltp/testcases/bin/test_1_to_1_addrs': No space left on device
make[3]: *** [../../../include/mk/env_post.mk:65: /opt/ltp/testcases/bin/test_1_to_1_addrs] Error 1
make[2]: *** [../../include/mk/generic_trunk_target.inc:92: install] Error 2
make[1]: *** [../include/mk/generic_trunk_target.inc:92: install] Error 2
make[1]: Leaving directory '/root/ltp/utils'
make: *** [Makefile:117: utils-install] Error 2
