qemu-system-x86_64: warning: host doesn't support requested feature: CPUID.80000001H:ECX.svm [bit 2]
qemu-system-x86_64: warning: host doesn't support requested feature: CPUID.80000001H:ECX.svm [bit 2]
qemu-system-x86_64: warning: host doesn't support requested feature: CPUID.80000001H:ECX.svm [bit 2]
qemu-system-x86_64: warning: host doesn't support requested feature: CPUID.80000001H:ECX.svm [bit 2]
c[?7l[2J[0mSeaBIOS (version 1.15.0-1)


iPXE (https://ipxe.org) 00:03.0 CA00 PCI2.10 PnP PMM+7FF8B310+7FECB310 CA00
Press Ctrl-B to configure iPXE (PCI 00:03.0)...                                                                               


Booting from ROM...
c[?7l[2J[    0.000000] Linux version 6.18.32-g9d74b22a1348-dirty (ppw@vm) (gcc (Ubuntu 11.4.0-1ubuntu1~22.04.3) 11.4.0, GNU ld (GNU Binutils for Ubuntu) 2.38) #10 SMP PREEMPT_DYNAMIC Fri Sep 18 04:37:50 CST 2026
[    0.000000] Command line: console=ttyS0 panic=-1 corten=on kunit.filter_glob=corten*
[    0.000000] x86/CPU: Model not found in latest microcode list
[    0.000000] BIOS-provided physical RAM map:
[    0.000000] BIOS-e820: [mem 0x0000000000000000-0x000000000009fbff] usable
[    0.000000] BIOS-e820: [mem 0x000000000009fc00-0x000000000009ffff] reserved
[    0.000000] BIOS-e820: [mem 0x00000000000f0000-0x00000000000fffff] reserved
[    0.000000] BIOS-e820: [mem 0x0000000000100000-0x000000007ffdffff] usable
[    0.000000] BIOS-e820: [mem 0x000000007ffe0000-0x000000007fffffff] reserved
[    0.000000] BIOS-e820: [mem 0x00000000feffc000-0x00000000feffffff] reserved
[    0.000000] BIOS-e820: [mem 0x00000000fffc0000-0x00000000ffffffff] reserved
[    0.000000] NX (Execute Disable) protection: active
[    0.000000] APIC: Static calls initialized
[    0.000000] SMBIOS 2.8 present.
[    0.000000] DMI: QEMU Standard PC (i440FX + PIIX, 1996), BIOS 1.15.0-1 04/01/2014
[    0.000000] DMI: Memory slots populated: 1/1
[    0.000000] Hypervisor detected: KVM
[    0.000000] last_pfn = 0x7ffe0 max_arch_pfn = 0x400000000
[    0.000000] kvm-clock: Using msrs 4b564d01 and 4b564d00
[    0.000006] kvm-clock: using sched offset of 2329612710 cycles
[    0.000031] clocksource: kvm-clock: mask: 0xffffffffffffffff max_cycles: 0x1cd42e4dffb, max_idle_ns: 881590591483 ns
[    0.000076] tsc: Detected 2419.196 MHz processor
[    0.003311] last_pfn = 0x7ffe0 max_arch_pfn = 0x400000000
[    0.004005] MTRR map: 4 entries (3 fixed + 1 variable; max 19), built from 8 variable MTRRs
[    0.004035] x86/PAT: Configuration [0-7]: WB  WC  UC- UC  WB  WP  UC- WT  
[    0.025863] found SMP MP-table at [mem 0x000f5ba0-0x000f5baf]
[    0.026844] ACPI: Early table checksum verification disabled
[    0.027000] ACPI: RSDP 0x00000000000F59E0 000014 (v00 BOCHS )
[    0.027472] ACPI: RSDT 0x000000007FFE1A1C 000034 (v01 BOCHS  BXPC     00000001 BXPC 00000001)
[    0.027573] ACPI: FACP 0x000000007FFE18B8 000074 (v01 BOCHS  BXPC     00000001 BXPC 00000001)
[    0.027805] ACPI: DSDT 0x000000007FFE0040 001878 (v01 BOCHS  BXPC     00000001 BXPC 00000001)
[    0.027840] ACPI: FACS 0x000000007FFE0000 000040
[    0.027847] ACPI: APIC 0x000000007FFE192C 000090 (v01 BOCHS  BXPC     00000001 BXPC 00000001)
[    0.027854] ACPI: HPET 0x000000007FFE19BC 000038 (v01 BOCHS  BXPC     00000001 BXPC 00000001)
[    0.027859] ACPI: WAET 0x000000007FFE19F4 000028 (v01 BOCHS  BXPC     00000001 BXPC 00000001)
[    0.027865] ACPI: Reserving FACP table memory at [mem 0x7ffe18b8-0x7ffe192b]
[    0.027869] ACPI: Reserving DSDT table memory at [mem 0x7ffe0040-0x7ffe18b7]
[    0.027871] ACPI: Reserving FACS table memory at [mem 0x7ffe0000-0x7ffe003f]
[    0.027873] ACPI: Reserving APIC table memory at [mem 0x7ffe192c-0x7ffe19bb]
[    0.027875] ACPI: Reserving HPET table memory at [mem 0x7ffe19bc-0x7ffe19f3]
[    0.027876] ACPI: Reserving WAET table memory at [mem 0x7ffe19f4-0x7ffe1a1b]
[    0.033864] No NUMA configuration found
[    0.033869] Faking a node at [mem 0x0000000000000000-0x000000007ffdffff]
[    0.033879] NODE_DATA(0) allocated [mem 0x7ffdc140-0x7ffdffff]
[    0.035694] Zone ranges:
[    0.035698]   DMA      [mem 0x0000000000001000-0x0000000000ffffff]
[    0.035704]   DMA32    [mem 0x0000000001000000-0x000000007ffdffff]
[    0.035708]   Normal   empty
[    0.035710] Movable zone start for each node
[    0.035711] Early memory node ranges
[    0.035712]   node   0: [mem 0x0000000000001000-0x000000000009efff]
[    0.035717]   node   0: [mem 0x0000000000100000-0x000000007ffdffff]
[    0.035720] Initmem setup node 0 [mem 0x0000000000001000-0x000000007ffdffff]
[    0.037669] On node 0, zone DMA: 1 pages in unavailable ranges
[    0.039224] On node 0, zone DMA: 97 pages in unavailable ranges
[    0.229624] On node 0, zone DMA32: 32 pages in unavailable ranges
[    0.233662] ACPI: PM-Timer IO Port: 0x608
[    0.233760] ACPI: LAPIC_NMI (acpi_id[0xff] dfl dfl lint[0x1])
[    0.236034] IOAPIC[0]: apic_id 0, version 17, address 0xfec00000, GSI 0-23
[    0.236056] ACPI: INT_SRC_OVR (bus 0 bus_irq 0 global_irq 2 dfl dfl)
[    0.236061] ACPI: INT_SRC_OVR (bus 0 bus_irq 5 global_irq 5 high level)
[    0.236064] ACPI: INT_SRC_OVR (bus 0 bus_irq 9 global_irq 9 high level)
[    0.236095] ACPI: INT_SRC_OVR (bus 0 bus_irq 10 global_irq 10 high level)
[    0.236098] ACPI: INT_SRC_OVR (bus 0 bus_irq 11 global_irq 11 high level)
[    0.236108] ACPI: Using ACPI (MADT) for SMP configuration information
[    0.236110] ACPI: HPET id: 0x8086a201 base: 0xfed00000
[    0.236133] CPU topo: Max. logical packages:   1
[    0.236134] CPU topo: Max. logical dies:       1
[    0.236136] CPU topo: Max. dies per package:   1
[    0.236145] CPU topo: Max. threads per core:   1
[    0.236206] CPU topo: Num. cores per package:     4
[    0.236208] CPU topo: Num. threads per package:   4
[    0.236209] CPU topo: Allowing 4 present CPUs plus 0 hotplug CPUs
[    0.236328] kvm-guest: APIC: eoi() replaced with kvm_guest_apic_eoi_write()
[    0.237477] PM: hibernation: Registered nosave memory: [mem 0x00000000-0x00000fff]
[    0.237484] PM: hibernation: Registered nosave memory: [mem 0x0009f000-0x000fffff]
[    0.237488] [mem 0x80000000-0xfeffbfff] available for PCI devices
[    0.237492] Booting paravirtualized kernel on KVM
[    0.237516] clocksource: refined-jiffies: mask: 0xffffffff max_cycles: 0xffffffff, max_idle_ns: 1910969940391419 ns
[    0.262038] setup_percpu: NR_CPUS:64 nr_cpumask_bits:4 nr_cpu_ids:4 nr_node_ids:1
[    0.274837] percpu: Embedded 52 pages/cpu s174808 r8192 d29992 u524288
[    0.275227] Kernel command line: console=ttyS0 panic=-1 corten=on kunit.filter_glob=corten*
[    0.275528] corten: requested on, activating at initcall time
[    0.275580] printk: log buffer data + meta data: 262144 + 917504 = 1179648 bytes
[    0.285215] Dentry cache hash table entries: 262144 (order: 9, 2097152 bytes, linear)
[    0.306477] Inode-cache hash table entries: 131072 (order: 8, 1048576 bytes, linear)
[    0.308662] Fallback order for Node 0: 0 
[    0.308676] Built 1 zonelists, mobility grouping on.  Total pages: 524158
[    0.308680] Policy zone: DMA32
[    0.308686] mem auto-init: stack:off, heap alloc:off, heap free:off
[    0.330409] SLUB: HWalign=64, Order=0-3, MinObjects=0, CPUs=4, Nodes=1
[    0.331404] Kernel/User page tables isolation: enabled
[    0.343970] Dynamic Preempt: voluntary
[    0.344816] rcu: Preemptible hierarchical RCU implementation.
[    0.344818] rcu: 	RCU event tracing is enabled.
[    0.344819] rcu: 	RCU restricting CPUs from NR_CPUS=64 to nr_cpu_ids=4.
[    0.344822] 	Trampoline variant of Tasks RCU enabled.
[    0.344822] 	Tracing variant of Tasks RCU enabled.
[    0.344823] rcu: RCU calculated value of scheduler-enlistment delay is 100 jiffies.
[    0.344825] rcu: Adjusting geometry for rcu_fanout_leaf=16, nr_cpu_ids=4
[    0.344896] RCU Tasks: Setting shift to 2 and lim to 1 rcu_task_cb_adjust=1 rcu_task_cpu_ids=4.
[    0.344900] RCU Tasks Trace: Setting shift to 2 and lim to 1 rcu_task_cb_adjust=1 rcu_task_cpu_ids=4.
[    0.357260] NR_IRQS: 4352, nr_irqs: 456, preallocated irqs: 16
[    0.358123] rcu: srcu_init: Setting srcu_struct sizes based on contention.
[    0.447922] Console: colour VGA+ 80x25
[    0.448417] printk: legacy console [ttyS0] enabled
[    1.203775] ACPI: Core revision 20250807
[    1.209443] clocksource: hpet: mask: 0xffffffff max_cycles: 0xffffffff, max_idle_ns: 19112604467 ns
[    1.221611] APIC: Switch to symmetric I/O mode setup
[    1.237683] x2apic enabled
[    1.249633] APIC: Switched APIC routing to: physical x2apic
[    1.285902] ..TIMER: vector=0x30 apic1=0 pin1=2 apic2=-1 pin2=-1
[    1.295858] clocksource: tsc-early: mask: 0xffffffffffffffff max_cycles: 0x22df0d21928, max_idle_ns: 440795225288 ns
[    1.316208] Calibrating delay loop (skipped) preset value.. 4838.39 BogoMIPS (lpj=2419196)
[    1.320196] Last level iTLB entries: 4KB 0, 2MB 0, 4MB 0
[    1.320206] Last level dTLB entries: 4KB 0, 2MB 0, 4MB 0, 1GB 0
[    1.322209] mitigations: Enabled attack vectors: user_kernel, user_user, SMT mitigations: auto
[    1.323315] Speculative Store Bypass: Vulnerable
[    1.325200] Spectre V2 : Mitigation: Retpolines
[    1.326210] ITS: Mitigation: Aligned branch/return thunks
[    1.327202] MDS: Vulnerable: Clear CPU buffers attempted, no microcode
[    1.328206] Spectre V1 : Mitigation: usercopy/swapgs barriers and __user pointer sanitization
[    1.329210] Spectre V2 : Spectre v2 / SpectreRSB: Filling RSB on context switch and VMEXIT
[    1.330204] active return thunk: its_return_thunk
[    1.331196] x86/fpu: x87 FPU will use FXSAVE
[    1.439196] Freeing SMP alternatives memory: 56K
[    1.439237] pid_max: default: 32768 minimum: 301
[    1.440359] LSM: initializing lsm=capability,selinux
[    1.441279] SELinux:  Initializing.
[    1.442650] Mount-cache hash table entries: 4096 (order: 3, 32768 bytes, linear)
[    1.444535] Mountpoint-cache hash table entries: 4096 (order: 3, 32768 bytes, linear)
[    1.523183] smpboot: CPU0: Intel QEMU Virtual CPU version 2.5+ (family: 0xf, model: 0x6b, stepping: 0x1)
[    1.525196] Performance Events: unsupported Netburst CPU model 107 no PMU driver, software events only.
[    1.526759] signal: max sigframe size: 1440
[    1.528429] rcu: Hierarchical SRCU implementation.
[    1.529214] rcu: 	Max phase no-delay instances is 400.
[    1.532722] Timer migration: 1 hierarchy levels; 8 children per group; 1 crossnode level
[    1.545627] corten: page descriptors enabled
[    1.548311] smp: Bringing up secondary CPUs ...
[    1.550667] smpboot: x86: Booting SMP configuration:
[    1.551210] .... node  #0, CPUs:      #1 #2 #3
[    1.572932] smp: Brought up 1 node, 4 CPUs
[    1.574208] smpboot: Total of 4 processors activated (19353.56 BogoMIPS)
[    1.578307] Memory: 2011104K/2096632K available (19023K kernel code, 2965K rwdata, 8064K rodata, 3048K init, 2264K bss, 80416K reserved, 0K cma-reserved)
[    1.583283] devtmpfs: initialized
[    1.590311] clocksource: jiffies: mask: 0xffffffff max_cycles: 0xffffffff, max_idle_ns: 1911260446275000 ns
[    1.591220] posixtimers hash table entries: 2048 (order: 3, 32768 bytes, linear)
[    1.594338] futex hash table entries: 1024 (65536 bytes on 1 NUMA nodes, total 64 KiB, linear).
[    1.598204] PM: RTC time: 20:42:04, date: 2026-09-17
[    1.603661] NET: Registered PF_NETLINK/PF_ROUTE protocol family
[    1.605964] audit: initializing netlink subsys (disabled)
[    1.607243] audit: type=2000 audit(1789677723.616:1): state=initialized audit_enabled=0 res=1
[    1.607893] thermal_sys: Registered thermal governor 'step_wise'
[    1.608259] cpuidle: using governor menu
[    1.612538] PCI: Using configuration type 1 for base access
[    1.616247] kprobes: kprobe jump-optimization is enabled. All kprobes are optimized if possible.
[    1.622209] HugeTLB: registered 2.00 MiB page size, pre-allocated 0 pages
[    1.623201] HugeTLB: 28 KiB vmemmap can be freed for a 2.00 MiB page
[    1.626695] ACPI: Added _OSI(Module Device)
[    1.628210] ACPI: Added _OSI(Processor Device)
[    1.629215] ACPI: Added _OSI(Processor Aggregator Device)
[    1.633947] ACPI: 1 ACPI AML tables successfully acquired and loaded
[    1.653567] ACPI: Interpreter enabled
[    1.655238] ACPI: PM: (supports S0 S3 S4 S5)
[    1.656205] ACPI: Using IOAPIC for interrupt routing
[    1.657686] PCI: Using host bridge windows from ACPI; if necessary, use "pci=nocrs" and report a bug
[    1.658205] PCI: Using E820 reservations for host bridge windows
[    1.659263] ACPI: Enabled 2 GPEs in block 00 to 0F
[    1.668354] ACPI: PCI Root Bridge [PCI0] (domain 0000 [bus 00-ff])
[    1.669206] acpi PNP0A03:00: _OSC: OS supports [ASPM ClockPM Segments MSI HPX-Type3]
[    1.670212] acpi PNP0A03:00: _OSC: not requesting OS control; OS requires [ExtendedConfig ASPM ClockPM MSI]
[    1.671247] acpi PNP0A03:00: fail to add MMCONFIG information, can't access extended configuration space under this bridge
[    1.672666] PCI host bridge to bus 0000:00
[    1.673213] pci_bus 0000:00: root bus resource [io  0x0000-0x0cf7 window]
[    1.674204] pci_bus 0000:00: root bus resource [io  0x0d00-0xffff window]
[    1.675210] pci_bus 0000:00: root bus resource [mem 0x000a0000-0x000bffff window]
[    1.676213] pci_bus 0000:00: root bus resource [mem 0x80000000-0xfebfffff window]
[    1.677211] pci_bus 0000:00: root bus resource [mem 0x100000000-0x17fffffff window]
[    1.678213] pci_bus 0000:00: root bus resource [bus 00-ff]
[    1.679522] pci 0000:00:00.0: [8086:1237] type 00 class 0x060000 conventional PCI endpoint
[    1.683196] pci 0000:00:01.0: [8086:7000] type 00 class 0x060100 conventional PCI endpoint
[    1.687710] pci 0000:00:01.1: [8086:7010] type 00 class 0x010180 conventional PCI endpoint
[    1.693519] pci 0000:00:01.1: BAR 4 [io  0xc040-0xc04f]
[    1.694355] pci 0000:00:01.1: BAR 0 [io  0x01f0-0x01f7]: legacy IDE quirk
[    1.695203] pci 0000:00:01.1: BAR 1 [io  0x03f6]: legacy IDE quirk
[    1.696208] pci 0000:00:01.1: BAR 2 [io  0x0170-0x0177]: legacy IDE quirk
[    1.697211] pci 0000:00:01.1: BAR 3 [io  0x0376]: legacy IDE quirk
[    1.699562] pci 0000:00:01.3: [8086:7113] type 00 class 0x068000 conventional PCI endpoint
[    1.704164] pci 0000:00:01.3: quirk: [io  0x0600-0x063f] claimed by PIIX4 ACPI
[    1.705208] pci 0000:00:01.3: quirk: [io  0x0700-0x070f] claimed by PIIX4 SMB
[    1.708023] pci 0000:00:02.0: [1234:1111] type 00 class 0x030000 conventional PCI endpoint
[    1.717951] pci 0000:00:02.0: BAR 0 [mem 0xfd000000-0xfdffffff pref]
[    1.719243] pci 0000:00:02.0: BAR 2 [mem 0xfebb0000-0xfebb0fff]
[    1.720464] pci 0000:00:02.0: ROM [mem 0xfeba0000-0xfebaffff pref]
[    1.731182] pci 0000:00:02.0: Video device with shadowed ROM at [mem 0x000c0000-0x000dffff]
[    1.757541] pci 0000:00:03.0: [8086:100e] type 00 class 0x020000 conventional PCI endpoint
[    1.760236] pci 0000:00:03.0: BAR 0 [mem 0xfeb80000-0xfeb9ffff]
[    1.761225] pci 0000:00:03.0: BAR 1 [io  0xc000-0xc03f]
[    1.763011] pci 0000:00:03.0: ROM [mem 0xfeb00000-0xfeb7ffff pref]
[    1.783834] ACPI: PCI: Interrupt link LNKA configured for IRQ 10
[    1.786558] ACPI: PCI: Interrupt link LNKB configured for IRQ 10
[    1.787412] ACPI: PCI: Interrupt link LNKC configured for IRQ 11
[    1.788389] ACPI: PCI: Interrupt link LNKD configured for IRQ 11
[    1.789302] ACPI: PCI: Interrupt link LNKS configured for IRQ 9
[    1.804316] iommu: Default domain type: Translated
[    1.806204] iommu: DMA domain TLB invalidation policy: lazy mode
[    1.815792] SCSI subsystem initialized
[    1.825428] ACPI: bus type USB registered
[    1.827862] usbcore: registered new interface driver usbfs
[    1.829551] usbcore: registered new interface driver hub
[    1.830257] usbcore: registered new device driver usb
[    1.833734] pps_core: LinuxPPS API ver. 1 registered
[    1.834206] pps_core: Software ver. 5.3.6 - Copyright 2005-2007 Rodolfo Giometti <giometti@linux.it>
[    1.835239] PTP clock support registered
[    1.841901] Advanced Linux Sound Architecture Driver Initialized.
[    1.853653] NetLabel: Initializing
[    1.854206] NetLabel:  domain hash size = 128
[    1.855207] NetLabel:  protocols = UNLABELED CIPSOv4 CALIPSO
[    1.857229] NetLabel:  unlabeled traffic allowed by default
[    1.864202] PCI: Using ACPI for IRQ routing
[    1.872501] pci 0000:00:02.0: vgaarb: setting as boot VGA device
[    1.873196] pci 0000:00:02.0: vgaarb: bridge control possible
[    1.873196] pci 0000:00:02.0: vgaarb: VGA device added: decodes=io+mem,owns=io+mem,locks=none
[    1.873208] vgaarb: loaded
[    1.880835] hpet: 3 channels of 0 reserved for per-cpu timers
[    1.882483] hpet0: at MMIO 0xfed00000, IRQs 2, 8, 0
[    1.884207] hpet0: 3 comparators, 64-bit 100.000000 MHz counter
[    1.895314] clocksource: Switched to clocksource kvm-clock
[    1.907833] VFS: Disk quotas dquot_6.6.0
[    1.912278] VFS: Dquot-cache hash table entries: 512 (order 0, 4096 bytes)
[    1.926284] pnp: PnP ACPI init
[    1.934184] pnp: PnP ACPI: found 6 devices
[    2.073470] clocksource: acpi_pm: mask: 0xffffff max_cycles: 0xffffff, max_idle_ns: 2085701024 ns
[    2.083443] NET: Registered PF_INET protocol family
[    2.091585] IP idents hash table entries: 32768 (order: 6, 262144 bytes, linear)
[    2.117082] tcp_listen_portaddr_hash hash table entries: 1024 (order: 2, 16384 bytes, linear)
[    2.126124] Table-perturb hash table entries: 65536 (order: 6, 262144 bytes, linear)
[    2.132030] TCP established hash table entries: 16384 (order: 5, 131072 bytes, linear)
[    2.143236] TCP bind hash table entries: 16384 (order: 7, 524288 bytes, linear)
[    2.157893] TCP: Hash tables configured (established 16384 bind 16384)
[    2.171502] UDP hash table entries: 1024 (order: 4, 65536 bytes, linear)
[    2.181033] UDP-Lite hash table entries: 1024 (order: 4, 65536 bytes, linear)
[    2.189773] NET: Registered PF_UNIX/PF_LOCAL protocol family
[    2.208216] RPC: Registered named UNIX socket transport module.
[    2.217330] RPC: Registered udp transport module.
[    2.224515] RPC: Registered tcp transport module.
[    2.230756] RPC: Registered tcp-with-tls transport module.
[    2.237809] RPC: Registered tcp NFSv4.1 backchannel transport module.
[    2.250263] pci_bus 0000:00: resource 4 [io  0x0000-0x0cf7 window]
[    2.258673] pci_bus 0000:00: resource 5 [io  0x0d00-0xffff window]
[    2.265878] pci_bus 0000:00: resource 6 [mem 0x000a0000-0x000bffff window]
[    2.272840] pci_bus 0000:00: resource 7 [mem 0x80000000-0xfebfffff window]
[    2.278263] pci_bus 0000:00: resource 8 [mem 0x100000000-0x17fffffff window]
[    2.284766] pci 0000:00:01.0: PIIX3: Enabling Passive Release
[    2.290249] pci 0000:00:00.0: Limiting direct PCI/PCI transfers
[    2.295119] PCI: CLS 0 bytes, default 64
[    2.301050] clocksource: tsc: mask: 0xffffffffffffffff max_cycles: 0x22df0d21928, max_idle_ns: 440795225288 ns
[    2.327210] Initialise system trusted keyrings
[    2.333614] workingset: timestamp_bits=40 max_order=19 bucket_order=0
[    2.344429] NFS: Registering the id_resolver key type
[    2.345939] Key type id_resolver registered
[    2.349707] Key type id_legacy registered
[    2.354690] 9p: Installing v9fs 9p2000 file system support
[    2.400354] Key type asymmetric registered
[    2.405125] Asymmetric key parser 'x509' registered
[    2.410273] Block layer SCSI generic (bsg) driver version 0.4 loaded (major 251)
[    2.417874] io scheduler mq-deadline registered
[    2.422509] io scheduler kyber registered
[    2.429803] input: Power Button as /devices/LNXSYSTM:00/LNXPWRBN:00/input/input0
[    2.438964] ACPI: button: Power Button [PWRF]
[    2.451202] Serial: 8250/16550 driver, 4 ports, IRQ sharing enabled
[    2.456575] 00:04: ttyS0 at I/O 0x3f8 (irq = 4, base_baud = 115200) is a 16550A
[    2.471244] Non-volatile memory driver v1.3
[    2.480099] Linux agpgart interface v0.103
[    2.518711] ACPI: bus type drm_connector registered
[    2.567548] loop: module loaded
[    2.572911] zram: Added device: zram0
[    2.590214] scsi host0: ata_piix
[    2.598018] scsi host1: ata_piix
[    2.601013] ata1: PATA max MWDMA2 cmd 0x1f0 ctl 0x3f6 bmdma 0xc040 irq 14 lpm-pol 0
[    2.608777] ata2: PATA max MWDMA2 cmd 0x170 ctl 0x376 bmdma 0xc048 irq 15 lpm-pol 0
[    2.622472] e100: Intel(R) PRO/100 Network Driver
[    2.631732] e100: Copyright(c) 1999-2006 Intel Corporation
[    2.638136] e1000: Intel(R) PRO/1000 Network Driver
[    2.643526] e1000: Copyright (c) 1999-2006 Intel Corporation.
[    2.711234] ACPI: \_SB_.LNKC: Enabled at IRQ 11
[    2.787209] ata2: found unknown device (class 0)
[    2.795354] ata2.00: ATAPI: QEMU DVD-ROM, 2.5+, max UDMA/100
[    2.813931] scsi 1:0:0:0: CD-ROM            QEMU     QEMU DVD-ROM     2.5+ PQ: 0 ANSI: 5
[    2.867754] sr 1:0:0:0: [sr0] scsi3-mmc drive: 4x/4x cd/rw xa/form2 tray
[    2.877452] cdrom: Uniform CD-ROM driver Revision: 3.20
[    2.905762] sr 1:0:0:0: Attached scsi generic sg0 type 5
[    4.020239] e1000 0000:00:03.0 eth0: (PCI:33MHz:32-bit) 52:54:00:12:34:56
[    4.031248] e1000 0000:00:03.0 eth0: Intel(R) PRO/1000 Network Connection
[    4.041934] e1000e: Intel(R) PRO/1000 Network Driver
[    4.052249] e1000e: Copyright(c) 1999 - 2015 Intel Corporation.
[    4.070648] sky2: driver version 1.30
[    4.078337] usbcore: registered new interface driver usblp
[    4.085664] usbcore: registered new interface driver usb-storage
[    4.094250] i8042: PNP: PS/2 Controller [PNP0303:KBD,PNP0f13:MOU] at 0x60,0x64 irq 1,12
[    4.114561] serio: i8042 KBD port at 0x60,0x64 irq 1
[    4.120720] serio: i8042 AUX port at 0x60,0x64 irq 12
[    4.134527] input: AT Translated Set 2 keyboard as /devices/platform/i8042/serio0/input/input1
[    4.143752] rtc_cmos 00:05: RTC can wake from S4
[    4.159856] rtc_cmos 00:05: registered as rtc0
[    4.166316] rtc_cmos 00:05: alarms up to one day, y3k, 242 bytes nvram, hpet irqs
[    4.183425] device-mapper: ioctl: 4.50.0-ioctl (2025-04-28) initialised: dm-devel@lists.linux.dev
[    4.200909] intel_pstate: CPU model not supported
[    4.209448] hid: raw HID events driver (C) Jiri Kosina
[    4.218779] usbcore: registered new interface driver usbhid
[    4.227765] usbhid: USB HID core driver
[    4.241001] Initializing XFRM netlink socket
[    4.244305] NET: Registered PF_INET6 protocol family
[    4.256386] Segment Routing with IPv6
[    4.260405] In-situ OAM (IOAM) with IPv6
[    4.264428] sit: IPv6, IPv4 and MPLS over IPv4 tunneling driver
[    4.270669] NET: Registered PF_PACKET protocol family
[    4.274931] 9pnet: Installing 9P2000 support
[    4.277927] Key type dns_resolver registered
[    4.282873] IPI shorthand broadcast: enabled
[    4.296380] sched_clock: Marking stable (3356077568, 940052984)->(5138455649, -842325097)
[    4.307800] registered taskstats version 1
[    4.311065] Loading compiled-in X.509 certificates
[    4.322975] Demotion targets for Node 0: null
[    4.326950] PM:   Magic number: 10:104:751
[    4.331915] ata_link link2: hash matches
[    4.336059]  link2: hash matches
[    4.338824] tty ttyS2: hash matches
[    4.342754] netconsole: network logging started
[    4.347797] cfg80211: Loading compiled-in X.509 certificates for regulatory database
[    4.359185] kworker/u16:1 (71) used greatest stack depth: 14272 bytes left
[    4.366526] Loaded X.509 cert 'sforshee: 00b28ddf47aef9cea7'
[    4.376472] Loaded X.509 cert 'wens: 61c038651aabdcf94bd0ac7ff06c7248db18c600'
[    4.383955] faux_driver regulatory: Direct firmware load for regulatory.db failed with error -2
[    4.385054] ALSA device list:
[    4.391349] cfg80211: failed to load regulatory.db
[    4.394289]   No soundcards found.
[    4.404830] KTAP version 1
[    4.408493] 1..3
[    4.414302]     KTAP version 1
[    4.417304]     # Subtest: corten
[    4.421492]     # module: corten_test
[    4.421496]     1..25
[    4.431378]     ok 1 corten_test_layout # SKIP corten=on boot
[    4.435102]     ok 2 corten_test_ptdesc_get_put
[    4.445740]     ok 3 corten_test_meta_roundtrip
[    4.457434]     ok 4 corten_test_meta_reinit_cleared
[    4.467216]     ok 5 corten_test_covering_level
[    4.479246]     ok 6 corten_test_covering_base_index
[    4.490105]     ok 7 corten_test_txn_covering
[    4.498807]     ok 8 corten_test_txn_hole
[    4.509753]     ok 9 corten_test_txn_stale_eagain
[    4.520395]     ok 10 corten_test_lock_range_args
[    4.530546]     ok 11 corten_test_txn_state_machine
[    4.539038]     ok 12 corten_test_txn_atomic_validate
[    4.551586]     ok 13 corten_test_txn_real_glue
[    4.628686]     ok 14 corten_test_txn_mutex_overlap
[    4.668472]     ok 15 corten_test_txn_mutex_disjoint
[    4.686037]     ok 16 corten_test_fail_alloc
[    4.692592] input: ImExPS/2 Generic Explorer Mouse as /devices/platform/i8042/serio1/input/input3
[    4.696066]     ok 17 corten_test_txn_hole_fill
[    4.710608]     ok 18 corten_test_txn_hole_race
[    4.959599]     ok 19 corten_test_txn_uninstall_interlock
[    4.966610]     ok 20 corten_test_uninstall_bh_ctx
[    4.973637] ------------[ cut here ]------------
[    4.982715] WARNING: CPU: 1 PID: 123 at mm/corten.c:864 corten_txn_begin+0x191/0x4b0
[    4.991667] Modules linked in:
[    4.995460] CPU: 1 UID: 0 PID: 123 Comm: kunit_try_catch Tainted: G                 N  6.18.32-g9d74b22a1348-dirty #10 PREEMPT(voluntary) 
[    5.017608] Tainted: [N]=TEST
[    5.023507] Hardware name: QEMU Standard PC (i440FX + PIIX, 1996), BIOS 1.15.0-1 04/01/2014
[    5.041237] RIP: 0010:corten_txn_begin+0x191/0x4b0
[    5.046334] Code: 02 00 00 4c 89 ff 48 89 04 24 e8 9a a5 d9 00 4c 89 ff e8 a2 a7 d9 00 48 8b 04 24 41 0f b6 4f 25 38 48 25 0f 87 65 ff ff ff 90 <0f> 0b 90 41 80 7e 48 04 0f 86 61 ff ff ff 90 0f 0b 90 48 89 c7 e8
[    5.064848] RSP: 0000:ffffaea3803dfda0 EFLAGS: 00010246
[    5.069868] RAX: ffff98fb423b3b80 RBX: 0000000000000fff RCX: 0000000000000002
[    5.079355] RDX: 0000000000000003 RSI: 000000000000000f RDI: ffff98fb42e37000
[    5.085611] RBP: 0000000000000000 R08: ffff98fb41883400 R09: ffffaea3803dfe00
[    5.093334] R10: ffffaea3803dfd58 R11: ffffe74ec0096bc0 R12: ffffffffb8832270
[    5.101731] R13: ffff98fb41883400 R14: ffffaea3803dfe00 R15: ffff98fb423b3b40
[    5.107622] FS:  0000000000000000(0000) GS:ffff98fc040f0000(0000) knlGS:0000000000000000
[    5.120917] CS:  0010 DS: 0000 ES: 0000 CR0: 0000000080050033
[    5.126466] CR2: 0000000000000000 CR3: 0000000079230000 CR4: 00000000000006f0
[    5.141953] Call Trace:
[    5.147916]  <TASK>
[    5.154380]  ? __pfx_kunit_generic_run_threadfn_adapter+0x10/0x10
[    5.166838]  corten_test_txn_path_overflow+0xb5/0x2a0
[    5.180455]  ? psi_task_switch+0x107/0x290
[    5.186763]  kunit_try_run_case+0x6f/0x150
[    5.193531]  ? __pfx_kunit_generic_run_threadfn_adapter+0x10/0x10
[    5.205819]  kunit_generic_run_threadfn_adapter+0x1c/0x40
[    5.212542]  kthread+0xff/0x1f0
[    5.215898]  ? __pfx_kthread+0x10/0x10
[    5.219484]  ? __pfx_kthread+0x10/0x10
[    5.223043]  ret_from_fork+0x144/0x160
[    5.228776]  ? __pfx_kthread+0x10/0x10
[    5.233269]  ret_from_fork_asm+0x1a/0x30
[    5.238258]  </TASK>
[    5.241411] ---[ end trace 0000000000000000 ]---
[    5.247852] ------------[ cut here ]------------
[    5.252084] WARNING: CPU: 1 PID: 123 at mm/corten.c:811 corten_txn_begin+0x1a0/0x4b0
[    5.261160] Modules linked in:
[    5.264244] CPU: 1 UID: 0 PID: 123 Comm: kunit_try_catch Tainted: G        W        N  6.18.32-g9d74b22a1348-dirty #10 PREEMPT(voluntary) 
[    5.277318] Tainted: [W]=WARN, [N]=TEST
[    5.281100] Hardware name: QEMU Standard PC (i440FX + PIIX, 1996), BIOS 1.15.0-1 04/01/2014
[    5.290286] RIP: 0010:corten_txn_begin+0x1a0/0x4b0
[    5.294576] Code: 4c 89 ff e8 a2 a7 d9 00 48 8b 04 24 41 0f b6 4f 25 38 48 25 0f 87 65 ff ff ff 90 0f 0b 90 41 80 7e 48 04 0f 86 61 ff ff ff 90 <0f> 0b 90 48 89 c7 e8 c5 f5 ff ff 41 0f b6 46 48 84 c0 74 28 83 e8
[    5.311033] RSP: 0000:ffffaea3803dfda0 EFLAGS: 00010202
[    5.316187] RAX: ffff98fb423b3c80 RBX: 0000000000000fff RCX: 0000000000000002
[    5.324115] RDX: 0000000000000003 RSI: 000000000000002f RDI: ffff98fb42e37000
[    5.328439] RBP: 0000000000000000 R08: ffff98fb41883400 R09: ffffaea3803dfe00
[    5.335785] R10: ffffaea3803dfd58 R11: ffffe74ec0096bc0 R12: ffffffffb8832270
[    5.338417] R13: ffff98fb41883400 R14: ffffaea3803dfe00 R15: ffff98fb423b3c40
[    5.340566] FS:  0000000000000000(0000) GS:ffff98fc040f0000(0000) knlGS:0000000000000000
[    5.347579] CS:  0010 DS: 0000 ES: 0000 CR0: 0000000080050033
[    5.352877] CR2: 0000000000000000 CR3: 0000000079230000 CR4: 00000000000006f0
[    5.356449] Call Trace:
[    5.358955]  <TASK>
[    5.361073]  ? __pfx_kunit_generic_run_threadfn_adapter+0x10/0x10
[    5.367177]  corten_test_txn_path_overflow+0xb5/0x2a0
[    5.371153]  ? psi_task_switch+0x107/0x290
[    5.373975]  kunit_try_run_case+0x6f/0x150
[    5.375994]  ? __pfx_kunit_generic_run_threadfn_adapter+0x10/0x10
[    5.381485]  kunit_generic_run_threadfn_adapter+0x1c/0x40
[    5.386481]  kthread+0xff/0x1f0
[    5.389508]  ? __pfx_kthread+0x10/0x10
[    5.392833]  ? __pfx_kthread+0x10/0x10
[    5.396587]  ret_from_fork+0x144/0x160
[    5.400022]  ? __pfx_kthread+0x10/0x10
[    5.403514]  ret_from_fork_asm+0x1a/0x30
[    5.407088]  </TASK>
[    5.409481] ---[ end trace 0000000000000000 ]---
[    5.414088] kunit_try_catch (123) used greatest stack depth: 13520 bytes left
[    5.415000]     ok 21 corten_test_txn_path_overflow
[    5.425267]     ok 22 corten_test_txn_child_err
[    5.433799]     ok 23 corten_test_real_huge_leaf
[    5.437975]     ok 24 corten_test_full_window_atomic
[    5.445525]     ok 25 corten_test_debugfs_content
[    5.454926] # corten: pass:24 fail:0 skip:1 total:25
[    5.460920] # Totals: pass:24 fail:0 skip:1 total:25
[    5.479204] ok 1 corten
[    5.508225]     KTAP version 1
[    5.514222]     # Subtest: corten_arena
[    5.518891]     # module: corten_arena_test
[    5.518898]     1..22
[    5.532049]     ok 1 corten_arena_test_declare_reject
[    5.548532]     ok 2 corten_arena_test_declare_reject_flags
[    5.581720]     ok 3 corten_arena_test_declare_query
[    5.602766]     ok 4 corten_arena_test_range_overlaps
[    5.640790]     ok 5 corten_arena_test_release
[    5.648864]     ok 6 corten_arena_test_release_classify
[    5.673727]     ok 7 corten_arena_test_shadow_vma
[    5.705739]     ok 8 corten_arena_test_exit
[    5.713805]     ok 9 corten_arena_test_prctl
[    5.733716]     ok 10 corten_arena_test_mode
[    5.740663]     ok 11 corten_arena_test_auto_classify
[    5.748674]     ok 12 corten_arena_test_auto_place
[    5.764790]     ok 13 corten_arena_test_auto_route
[    5.803916]     ok 14 corten_arena_test_auto_attach_release
[    5.824907]     ok 15 corten_arena_test_mprotect_route
[    5.859390]     ok 16 corten_arena_test_madvise_route
[    5.965022]     ok 17 corten_arena_test_mremap_route
[    5.998359] ------------[ cut here ]------------
[    6.015719] WARNING: CPU: 2 PID: 181 at ./include/linux/rwsem.h:88 corten_arena_fork_demote+0x24f/0x260
[    6.027333] Modules linked in:
[    6.030279] CPU: 2 UID: 0 PID: 181 Comm: kunit_try_catch Tainted: G        W        N  6.18.32-g9d74b22a1348-dirty #10 PREEMPT(voluntary) 
[    6.041648] Tainted: [W]=WARN, [N]=TEST
[    6.045167] Hardware name: QEMU Standard PC (i440FX + PIIX, 1996), BIOS 1.15.0-1 04/01/2014
[    6.052855] RIP: 0010:corten_arena_fork_demote+0x24f/0x260
[    6.057915] Code: eb 08 4c 89 f7 e8 51 e0 ff ff 49 8b 46 08 48 8d 7c 24 20 48 8d 70 ff e8 ff dc d5 00 48 89 c6 48 85 c0 75 de e9 13 ff ff ff 90 <0f> 0b 90 e9 fe fd ff ff e8 14 14 d8 00 0f 1f 40 00 90 90 90 90 90
[    6.074526] RSP: 0000:ffffaea3805bfd70 EFLAGS: 00010246
[    6.080272] RAX: 0000000000000000 RBX: ffff98fb43020120 RCX: ffff98fb42e397d0
[    6.086946] RDX: ffff98fb42e39820 RSI: ffff98fb4305a700 RDI: ffff98fb42e39380
[    6.093881] RBP: ffffaea380013a88 R08: ffff98fb42e39820 R09: 0000000000000000
[    6.099973] R10: ffffcea37fd80bc0 R11: 00000000000002f4 R12: ffff98fb4305a700
[    6.106662] R13: ffff98fb42e39380 R14: ffff98fb4305ad80 R15: 0000000000000000
[    6.113265] FS:  0000000000000000(0000) GS:ffff98fc04170000(0000) knlGS:0000000000000000
[    6.120618] CS:  0010 DS: 0000 ES: 0000 CR0: 0000000080050033
[    6.126360] CR2: 0000000000000000 CR3: 0000000079230000 CR4: 00000000000006f0
[    6.132695] Call Trace:
[    6.135940]  <TASK>
[    6.137148]  ? __percpu_counter_init_many+0xc8/0x100
[    6.139468]  corten_arena_test_fork_demote+0x2f5/0x9d0
[    6.141876]  ? __pfx_kunit_generic_run_threadfn_adapter+0x10/0x10
[    6.144621]  kunit_try_run_case+0x6f/0x150
[    6.146390]  ? __pfx_kunit_generic_run_threadfn_adapter+0x10/0x10
[    6.149170]  kunit_generic_run_threadfn_adapter+0x1c/0x40
[    6.151568]  kthread+0xff/0x1f0
[    6.153014]  ? __pfx_kthread+0x10/0x10
[    6.154753]  ? __pfx_kthread+0x10/0x10
[    6.156369]  ret_from_fork+0x144/0x160
[    6.158163]  ? __pfx_kthread+0x10/0x10
[    6.159973]  ret_from_fork_asm+0x1a/0x30
[    6.161960]  </TASK>
[    6.162921] ---[ end trace 0000000000000000 ]---
[    6.166024] ------------[ cut here ]------------
[    6.168356] WARNING: CPU: 1 PID: 181 at ./include/linux/rwsem.h:88 corten_arena_fork_demote+0x24f/0x260
[    6.172611] Modules linked in:
[    6.174845] CPU: 1 UID: 0 PID: 181 Comm: kunit_try_catch Tainted: G        W        N  6.18.32-g9d74b22a1348-dirty #10 PREEMPT(voluntary) 
[    6.186681] Tainted: [W]=WARN, [N]=TEST
[    6.189832] Hardware name: QEMU Standard PC (i440FX + PIIX, 1996), BIOS 1.15.0-1 04/01/2014
[    6.199945] RIP: 0010:corten_arena_fork_demote+0x24f/0x260
[    6.207599] Code: eb 08 4c 89 f7 e8 51 e0 ff ff 49 8b 46 08 48 8d 7c 24 20 48 8d 70 ff e8 ff dc d5 00 48 89 c6 48 85 c0 75 de e9 13 ff ff ff 90 <0f> 0b 90 e9 fe fd ff ff e8 14 14 d8 00 0f 1f 40 00 90 90 90 90 90
[    6.229894] RSP: 0000:ffffaea3805bfd70 EFLAGS: 00010246
[    6.239186] RAX: 0000000000000000 RBX: ffff98fb43020180 RCX: 0000000000000070
[    6.250415] RDX: 0000000000000000 RSI: ffff98fb4305b400 RDI: ffff98fb42e39380
[    6.257300] RBP: ffffaea380013a88 R08: 0000000000000001 R09: 0000000000000000
[    6.267237] R10: ffffcea37fd80bf0 R11: 0000000000000318 R12: ffff98fb4305a700
[    6.276447] R13: ffff98fb42e39380 R14: ffff98fb4305ad80 R15: 0000000000000000
[    6.282590] FS:  0000000000000000(0000) GS:ffff98fc040f0000(0000) knlGS:0000000000000000
[    6.292226] CS:  0010 DS: 0000 ES: 0000 CR0: 0000000080050033
[    6.298793] CR2: 00001000007ff000 CR3: 000000000242a000 CR4: 00000000000006f0
[    6.305631] Call Trace:
[    6.308018]  <TASK>
[    6.310174]  ? mutex_lock+0xd/0x30
[    6.313682]  corten_arena_test_fork_demote+0x396/0x9d0
[    6.319213]  ? __pfx_kunit_generic_run_threadfn_adapter+0x10/0x10
[    6.324960]  kunit_try_run_case+0x6f/0x150
[    6.329030]  ? __pfx_kunit_generic_run_threadfn_adapter+0x10/0x10
[    6.335016]  kunit_generic_run_threadfn_adapter+0x1c/0x40
[    6.340562]  kthread+0xff/0x1f0
[    6.343620]  ? __pfx_kthread+0x10/0x10
[    6.348060]  ? __pfx_kthread+0x10/0x10
[    6.351847]  ret_from_fork+0x144/0x160
[    6.355372]  ? __pfx_kthread+0x10/0x10
[    6.359498]  ret_from_fork_asm+0x1a/0x30
[    6.363478]  </TASK>
[    6.365588] ---[ end trace 0000000000000000 ]---
[    6.370869] kunit_try_catch (181) used greatest stack depth: 13472 bytes left
[    6.372733]     ok 18 corten_arena_test_fork_demote
[    6.536456]     ok 19 corten_arena_test_concurrent
[    6.731922]     ok 20 corten_arena_test_concurrent_window
[    6.761059]     ok 21 corten_arena_test_obs_ledger
[    6.780923]     ok 22 corten_arena_test_drain_timeout_stat
[    6.787246] # corten_arena: pass:22 fail:0 skip:0 total:22
[    6.794797] # Totals: pass:22 fail:0 skip:0 total:22
[    6.803607] ok 2 corten_arena
[    6.812489]     KTAP version 1
[    6.816518]     # Subtest: corten_fault
[    6.819914]     # module: corten_fault_test
[    6.819916]     1..19
[    6.828988]     ok 1 corten_fault_test_dispatch
[    6.840569]     ok 2 corten_fault_test_unmap_classify
[    6.852764]     ok 3 corten_fault_test_mmap_classify
[    6.859441]     ok 4 corten_fault_test_punch_classify
[    6.883511]     ok 5 corten_fault_test_map_anon
[    6.902899]     ok 6 corten_fault_test_zero_page
[    6.923761]     ok 7 corten_fault_test_sigsegv
[    6.950048]     ok 8 corten_fault_test_fresh_fault
[    7.018800]     ok 9 corten_fault_test_churn_repro
[    7.035402]     ok 10 corten_fault_test_untracked_drift
[    7.048841]     ok 11 corten_fault_test_restore
[    7.066763]     ok 12 corten_fault_test_mprotect_pte
[    7.086454]     ok 13 corten_fault_test_mprotect_fresh
[    7.096811]     ok 14 corten_fault_test_untracked_rearm
[    7.118767]     ok 15 corten_fault_test_fill_upper_race
[    7.138559]     ok 16 corten_fault_test_map_race
[    7.151374]     ok 17 corten_fault_test_chunk_unmap
[    7.166078]     ok 18 corten_fault_test_punch_hole
[    7.190896]     ok 19 corten_fault_test_punch_head
[    7.193483] # corten_fault: pass:19 fail:0 skip:0 total:19
[    7.195127] # Totals: pass:19 fail:0 skip:0 total:19
[    7.204985] ok 3 corten_fault
[    7.233762] check access for rdinit=/init failed: -2, ignoring
[    7.238916] md: Waiting for all devices to be available before autodetect
[    7.248638] md: If you don't use raid, use raid=noautodetect
[    7.253050] md: Autodetecting RAID arrays.
[    7.256255] md: autorun ...
[    7.258080] md: ... autorun DONE.
[    7.263712] /dev/root: Can't open blockdev
[    7.265966] VFS: Cannot open root device "" or unknown-block(0,0): error -6
[    7.270309] Please append a correct "root=" boot option; here are the available partitions:
[    7.274657] 0b00         1048575 sr0 
[    7.274663]  driver: sr
[    7.276623] List of all bdev filesystems:
[    7.278821]  ext3
[    7.278824]  ext2
[    7.280124]  ext4
[    7.281504]  vfat
[    7.282614]  msdos
[    7.283907]  iso9660
[    7.286024] 
[    7.288570] Kernel panic - not syncing: VFS: Unable to mount root fs on unknown-block(0,0)
[    7.293451] CPU: 0 UID: 0 PID: 1 Comm: swapper/0 Tainted: G        W        N  6.18.32-g9d74b22a1348-dirty #10 PREEMPT(voluntary) 
[    7.298918] Tainted: [W]=WARN, [N]=TEST
[    7.301040] Hardware name: QEMU Standard PC (i440FX + PIIX, 1996), BIOS 1.15.0-1 04/01/2014
[    7.306406] Call Trace:
[    7.308063]  <TASK>
[    7.309390]  vpanic+0x34f/0x360
[    7.311354]  panic+0x56/0x60
[    7.312964]  mount_root_generic+0x1ff/0x320
[    7.315942]  prepare_namespace+0x63/0x270
[    7.318192]  kernel_init_freeable+0x29f/0x2f0
[    7.320954]  ? __pfx_kernel_init+0x10/0x10
[    7.323516]  kernel_init+0x15/0x1c0
[    7.325625]  ret_from_fork+0x144/0x160
[    7.327769]  ? __pfx_kernel_init+0x10/0x10
[    7.330731]  ret_from_fork_asm+0x1a/0x30
[    7.332964]  </TASK>
[    7.337755] Kernel Offset: 0x36400000 from 0xffffffff81000000 (relocation range: 0xffffffff80000000-0xffffffffbfffffff)
