4636  execve("/mnt/cortenmm/bench/mmbench/mmbench", ["/mnt/cortenmm/bench/mmbench/mmbench", "pf", "low", "8", "1", "20262988"], 0x7ffd2b47f6b8 /* 30 vars */) = 0
4636  arch_prctl(0x3001 /* ARCH_??? */, 0x7fff98f848d0) = -1 EINVAL (Invalid argument)
4636  brk(NULL)                         = 0x11cb5000
4636  brk(0x11cb5dc0)                   = 0x11cb5dc0
4636  arch_prctl(ARCH_SET_FS, 0x11cb53c0) = 0
4636  set_tid_address(0x11cb5690)       = 4636
4636  set_robust_list(0x11cb56a0, 24)   = 0
4636  rseq(0x11cb5d60, 0x20, 0, 0x53053053) = 0
4636  uname({sysname="Linux", nodename="syzkaller", ...}) = 0
4636  prlimit64(0, RLIMIT_STACK, NULL, {rlim_cur=8192*1024, rlim_max=RLIM64_INFINITY}) = 0
4636  readlink("/proc/self/exe", "/mnt/share/cortenmm/bench/mmbench/mmbench", 4096) = 41
4636  getrandom("\x63\x31\xb3\x13\xc9\x1b\xf5\x89", 8, GRND_NONBLOCK) = 8
4636  brk(0x11cd6dc0)                   = 0x11cd6dc0
4636  brk(0x11cd7000)                   = 0x11cd7000
4636  mprotect(0x4f6000, 16384, PROT_READ) = 0
4636  write(2, "mmbench: arena clamped to 89 MB/thread (requested 160 MB) to keep VA+RSS <= 1500 MB\n", 84) = 84
4636  write(2, "mmbench: bench=pf contention=low threads=8 arena=89 MB (per thread)\n", 68) = 68
4636  prlimit64(0, RLIMIT_AS, NULL, {rlim_cur=RLIM64_INFINITY, rlim_max=RLIM64_INFINITY}) = 0
4636  rt_sigaction(SIGRT_1, {sa_handler=0x497070, sa_mask=[], sa_flags=SA_RESTORER|SA_ONSTACK|SA_RESTART|SA_SIGINFO, sa_restorer=0x47db20}, NULL, 8) = 0
4636  rt_sigprocmask(SIG_UNBLOCK, [RTMIN RT_1], NULL, 8) = 0
4636  mmap(NULL, 8392704, PROT_NONE, MAP_PRIVATE|MAP_ANONYMOUS|MAP_STACK, -1, 0) = 0x7f8cfc8b1000
4636  mprotect(0x7f8cfc8b2000, 8388608, PROT_READ|PROT_WRITE) = 0
4636  rt_sigprocmask(SIG_BLOCK, ~[], [], 8) = 0
4636  clone3({flags=CLONE_VM|CLONE_FS|CLONE_FILES|CLONE_SIGHAND|CLONE_THREAD|CLONE_SYSVSEM|CLONE_SETTLS|CLONE_PARENT_SETTID|CLONE_CHILD_CLEARTID, child_tid=0x7f8cfd0b1910, parent_tid=0x7f8cfd0b1910, exit_signal=0, stack=0x7f8cfc8b1000, stack_size=0x800280, tls=0x7f8cfd0b1640} => {parent_tid=[4639]}, 88) = 4639
4639  rseq(0x7f8cfd0b1fe0, 0x20, 0, 0x53053053 <unfinished ...>
4636  rt_sigprocmask(SIG_SETMASK, [],  <unfinished ...>
4639  <... rseq resumed>)               = 0
4636  <... rt_sigprocmask resumed>NULL, 8) = 0
4639  set_robust_list(0x7f8cfd0b1920, 24 <unfinished ...>
4636  mmap(NULL, 8392704, PROT_NONE, MAP_PRIVATE|MAP_ANONYMOUS|MAP_STACK, -1, 0 <unfinished ...>
4639  <... set_robust_list resumed>)    = 0
4636  <... mmap resumed>)               = 0x7f8cfc0b0000
4639  rt_sigprocmask(SIG_SETMASK, [],  <unfinished ...>
4636  mprotect(0x7f8cfc0b1000, 8388608, PROT_READ|PROT_WRITE <unfinished ...>
4639  <... rt_sigprocmask resumed>NULL, 8) = 0
4636  <... mprotect resumed>)           = 0
4639  mmap(NULL, 134217728, PROT_NONE, MAP_PRIVATE|MAP_ANONYMOUS|MAP_NORESERVE, -1, 0 <unfinished ...>
4636  rt_sigprocmask(SIG_BLOCK, ~[],  <unfinished ...>
4639  <... mmap resumed>)               = 0x7f8cf40b0000
4636  <... rt_sigprocmask resumed>[], 8) = 0
4639  munmap(0x7f8cf40b0000, 66387968 <unfinished ...>
4636  clone3({flags=CLONE_VM|CLONE_FS|CLONE_FILES|CLONE_SIGHAND|CLONE_THREAD|CLONE_SYSVSEM|CLONE_SETTLS|CLONE_PARENT_SETTID|CLONE_CHILD_CLEARTID, child_tid=0x7f8cfc8b0910, parent_tid=0x7f8cfc8b0910, exit_signal=0, stack=0x7f8cfc0b0000, stack_size=0x800280, tls=0x7f8cfc8b0640} <unfinished ...>
4639  <... munmap resumed>)             = 0
4636  <... clone3 resumed> => {parent_tid=[4640]}, 88) = 4640
4640  rseq(0x7f8cfc8b0fe0, 0x20, 0, 0x53053053 <unfinished ...>
4639  munmap(0x7f8cfc000000, 720896 <unfinished ...>
4636  rt_sigprocmask(SIG_SETMASK, [],  <unfinished ...>
4640  <... rseq resumed>)               = 0
4636  <... rt_sigprocmask resumed>NULL, 8) = 0
4639  <... munmap resumed>)             = 0
4636  mmap(NULL, 8392704, PROT_NONE, MAP_PRIVATE|MAP_ANONYMOUS|MAP_STACK, -1, 0 <unfinished ...>
4640  set_robust_list(0x7f8cfc8b0920, 24 <unfinished ...>
4636  <... mmap resumed>)               = 0x7f8cf77ff000
4639  mprotect(0x7f8cf8000000, 135168, PROT_READ|PROT_WRITE <unfinished ...>
4636  mprotect(0x7f8cf7800000, 8388608, PROT_READ|PROT_WRITE <unfinished ...>
4640  <... set_robust_list resumed>)    = 0
4636  <... mprotect resumed>)           = 0
4639  <... mprotect resumed>)           = 0
4636  rt_sigprocmask(SIG_BLOCK, ~[],  <unfinished ...>
4640  rt_sigprocmask(SIG_SETMASK, [],  <unfinished ...>
4636  <... rt_sigprocmask resumed>[], 8) = 0
4639  mmap(NULL, 93323264, PROT_READ|PROT_WRITE, MAP_PRIVATE|MAP_ANONYMOUS|MAP_NORESERVE, -1, 0 <unfinished ...>
4636  clone3({flags=CLONE_VM|CLONE_FS|CLONE_FILES|CLONE_SIGHAND|CLONE_THREAD|CLONE_SYSVSEM|CLONE_SETTLS|CLONE_PARENT_SETTID|CLONE_CHILD_CLEARTID, child_tid=0x7f8cf7fff910, parent_tid=0x7f8cf7fff910, exit_signal=0, stack=0x7f8cf77ff000, stack_size=0x800280, tls=0x7f8cf7fff640} <unfinished ...>
4640  <... rt_sigprocmask resumed>NULL, 8) = 0
4639  <... mmap resumed>)               = 0x7f8cf1eff000
4636  <... clone3 resumed> => {parent_tid=[4641]}, 88) = 4641
4641  rseq(0x7f8cf7ffffe0, 0x20, 0, 0x53053053 <unfinished ...>
4640  mmap(NULL, 134217728, PROT_NONE, MAP_PRIVATE|MAP_ANONYMOUS|MAP_NORESERVE, -1, 0 <unfinished ...>
4636  rt_sigprocmask(SIG_SETMASK, [],  <unfinished ...>
4641  <... rseq resumed>)               = 0
4639  futex(0x7fff98f84074, FUTEX_WAIT_PRIVATE, 0, NULL <unfinished ...>
4636  <... rt_sigprocmask resumed>NULL, 8) = 0
4641  set_robust_list(0x7f8cf7fff920, 24 <unfinished ...>
4640  <... mmap resumed>)               = 0x7f8ce9eff000
4636  mmap(NULL, 8392704, PROT_NONE, MAP_PRIVATE|MAP_ANONYMOUS|MAP_STACK, -1, 0 <unfinished ...>
4641  <... set_robust_list resumed>)    = 0
4636  <... mmap resumed>)               = 0x7f8ce96fe000
4640  munmap(0x7f8ce9eff000, 34607104 <unfinished ...>
4636  mprotect(0x7f8ce96ff000, 8388608, PROT_READ|PROT_WRITE <unfinished ...>
4641  rt_sigprocmask(SIG_SETMASK, [],  <unfinished ...>
4636  <... mprotect resumed>)           = 0
4640  <... munmap resumed>)             = 0
4636  rt_sigprocmask(SIG_BLOCK, ~[],  <unfinished ...>
4641  <... rt_sigprocmask resumed>NULL, 8) = 0
4636  <... rt_sigprocmask resumed>[], 8) = 0
4640  munmap(0x7f8cf0000000, 32501760 <unfinished ...>
4636  clone3({flags=CLONE_VM|CLONE_FS|CLONE_FILES|CLONE_SIGHAND|CLONE_THREAD|CLONE_SYSVSEM|CLONE_SETTLS|CLONE_PARENT_SETTID|CLONE_CHILD_CLEARTID, child_tid=0x7f8ce9efe910, parent_tid=0x7f8ce9efe910, exit_signal=0, stack=0x7f8ce96fe000, stack_size=0x800280, tls=0x7f8ce9efe640} <unfinished ...>
4641  mmap(NULL, 134217728, PROT_NONE, MAP_PRIVATE|MAP_ANONYMOUS|MAP_NORESERVE, -1, 0 <unfinished ...>
4640  <... munmap resumed>)             = 0
4636  <... clone3 resumed> => {parent_tid=[4642]}, 88) = 4642
4642  rseq(0x7f8ce9efefe0, 0x20, 0, 0x53053053 <unfinished ...>
4641  <... mmap resumed>)               = 0x7f8ce16fe000
4636  rt_sigprocmask(SIG_SETMASK, [],  <unfinished ...>
4642  <... rseq resumed>)               = 0
4640  mprotect(0x7f8cec000000, 135168, PROT_READ|PROT_WRITE <unfinished ...>
4636  <... rt_sigprocmask resumed>NULL, 8) = 0
4642  set_robust_list(0x7f8ce9efe920, 24 <unfinished ...>
4641  munmap(0x7f8ce16fe000, 42999808 <unfinished ...>
4636  mmap(NULL, 8392704, PROT_NONE, MAP_PRIVATE|MAP_ANONYMOUS|MAP_STACK, -1, 0 <unfinished ...>
4642  <... set_robust_list resumed>)    = 0
4640  <... mprotect resumed>)           = 0
4636  <... mmap resumed>)               = 0x7f8cf16fe000
4642  rt_sigprocmask(SIG_SETMASK, [],  <unfinished ...>
4641  <... munmap resumed>)             = 0
4636  mprotect(0x7f8cf16ff000, 8388608, PROT_READ|PROT_WRITE <unfinished ...>
4642  <... rt_sigprocmask resumed>NULL, 8) = 0
4640  mmap(NULL, 93323264, PROT_READ|PROT_WRITE, MAP_PRIVATE|MAP_ANONYMOUS|MAP_NORESERVE, -1, 0 <unfinished ...>
4636  <... mprotect resumed>)           = 0
4642  mmap(NULL, 134217728, PROT_NONE, MAP_PRIVATE|MAP_ANONYMOUS|MAP_NORESERVE, -1, 0 <unfinished ...>
4641  munmap(0x7f8ce8000000, 24109056 <unfinished ...>
4640  <... mmap resumed>)               = 0x7f8cde700000
4636  rt_sigprocmask(SIG_BLOCK, ~[],  <unfinished ...>
4642  <... mmap resumed>)               = 0x7f8cd6700000
4641  <... munmap resumed>)             = 0
4636  <... rt_sigprocmask resumed>[], 8) = 0
4642  munmap(0x7f8cd6700000, 26214400 <unfinished ...>
4640  futex(0x7fff98f84074, FUTEX_WAIT_PRIVATE, 0, NULL <unfinished ...>
4636  clone3({flags=CLONE_VM|CLONE_FS|CLONE_FILES|CLONE_SIGHAND|CLONE_THREAD|CLONE_SYSVSEM|CLONE_SETTLS|CLONE_PARENT_SETTID|CLONE_CHILD_CLEARTID, child_tid=0x7f8cf1efe910, parent_tid=0x7f8cf1efe910, exit_signal=0, stack=0x7f8cf16fe000, stack_size=0x800280, tls=0x7f8cf1efe640} <unfinished ...>
4642  <... munmap resumed>)             = 0
4641  mprotect(0x7f8ce4000000, 135168, PROT_READ|PROT_WRITE <unfinished ...>
4642  munmap(0x7f8cdc000000, 40894464 <unfinished ...>
4636  <... clone3 resumed> => {parent_tid=[4643]}, 88) = 4643
4643  rseq(0x7f8cf1efefe0, 0x20, 0, 0x53053053 <unfinished ...>
4641  <... mprotect resumed>)           = 0
4636  rt_sigprocmask(SIG_SETMASK, [],  <unfinished ...>
4643  <... rseq resumed>)               = 0
4642  <... munmap resumed>)             = 0
4636  <... rt_sigprocmask resumed>NULL, 8) = 0
4643  set_robust_list(0x7f8cf1efe920, 24 <unfinished ...>
4641  mmap(NULL, 93323264, PROT_READ|PROT_WRITE, MAP_PRIVATE|MAP_ANONYMOUS|MAP_NORESERVE, -1, 0 <unfinished ...>
4636  mmap(NULL, 8392704, PROT_NONE, MAP_PRIVATE|MAP_ANONYMOUS|MAP_STACK, -1, 0 <unfinished ...>
4643  <... set_robust_list resumed>)    = 0
4642  mprotect(0x7f8cd8000000, 135168, PROT_READ|PROT_WRITE <unfinished ...>
4636  <... mmap resumed>)               = 0x7f8cf0efd000
4643  rt_sigprocmask(SIG_SETMASK, [],  <unfinished ...>
4641  <... mmap resumed>)               = 0x7f8cd2700000
4636  mprotect(0x7f8cf0efe000, 8388608, PROT_READ|PROT_WRITE <unfinished ...>
4643  <... rt_sigprocmask resumed>NULL, 8) = 0
4642  <... mprotect resumed>)           = 0
4636  <... mprotect resumed>)           = 0
4643  mmap(NULL, 134217728, PROT_NONE, MAP_PRIVATE|MAP_ANONYMOUS|MAP_NORESERVE, -1, 0 <unfinished ...>
4641  futex(0x7fff98f84074, FUTEX_WAIT_PRIVATE, 0, NULL <unfinished ...>
4636  rt_sigprocmask(SIG_BLOCK, ~[],  <unfinished ...>
4643  <... mmap resumed>)               = 0x7f8cca700000
4642  mmap(NULL, 93323264, PROT_READ|PROT_WRITE, MAP_PRIVATE|MAP_ANONYMOUS|MAP_NORESERVE, -1, 0 <unfinished ...>
4636  <... rt_sigprocmask resumed>[], 8) = 0
4643  munmap(0x7f8cca700000, 26214400 <unfinished ...>
4636  clone3({flags=CLONE_VM|CLONE_FS|CLONE_FILES|CLONE_SIGHAND|CLONE_THREAD|CLONE_SYSVSEM|CLONE_SETTLS|CLONE_PARENT_SETTID|CLONE_CHILD_CLEARTID, child_tid=0x7f8cf16fd910, parent_tid=0x7f8cf16fd910, exit_signal=0, stack=0x7f8cf0efd000, stack_size=0x800280, tls=0x7f8cf16fd640} <unfinished ...>
4642  <... mmap resumed>)               = 0x7f8cc4e00000
4643  <... munmap resumed>)             = 0
4642  futex(0x7fff98f84074, FUTEX_WAIT_PRIVATE, 0, NULL <unfinished ...>
4636  <... clone3 resumed> => {parent_tid=[4644]}, 88) = 4644
4644  rseq(0x7f8cf16fdfe0, 0x20, 0, 0x53053053 <unfinished ...>
4643  munmap(0x7f8cd0000000, 40894464 <unfinished ...>
4636  rt_sigprocmask(SIG_SETMASK, [],  <unfinished ...>
4644  <... rseq resumed>)               = 0
4636  <... rt_sigprocmask resumed>NULL, 8) = 0
4643  <... munmap resumed>)             = 0
4636  mmap(NULL, 8392704, PROT_NONE, MAP_PRIVATE|MAP_ANONYMOUS|MAP_STACK, -1, 0 <unfinished ...>
4644  set_robust_list(0x7f8cf16fd920, 24 <unfinished ...>
4636  <... mmap resumed>)               = 0x7f8cf06fc000
4644  <... set_robust_list resumed>)    = 0
4643  mprotect(0x7f8ccc000000, 135168, PROT_READ|PROT_WRITE <unfinished ...>
4636  mprotect(0x7f8cf06fd000, 8388608, PROT_READ|PROT_WRITE <unfinished ...>
4644  rt_sigprocmask(SIG_SETMASK, [],  <unfinished ...>
4636  <... mprotect resumed>)           = 0
4643  <... mprotect resumed>)           = 0
4636  rt_sigprocmask(SIG_BLOCK, ~[],  <unfinished ...>
4644  <... rt_sigprocmask resumed>NULL, 8) = 0
4636  <... rt_sigprocmask resumed>[], 8) = 0
4643  mmap(NULL, 93323264, PROT_READ|PROT_WRITE, MAP_PRIVATE|MAP_ANONYMOUS|MAP_NORESERVE, -1, 0 <unfinished ...>
4636  clone3({flags=CLONE_VM|CLONE_FS|CLONE_FILES|CLONE_SIGHAND|CLONE_THREAD|CLONE_SYSVSEM|CLONE_SETTLS|CLONE_PARENT_SETTID|CLONE_CHILD_CLEARTID, child_tid=0x7f8cf0efc910, parent_tid=0x7f8cf0efc910, exit_signal=0, stack=0x7f8cf06fc000, stack_size=0x800280, tls=0x7f8cf0efc640} <unfinished ...>
4644  mmap(NULL, 134217728, PROT_NONE, MAP_PRIVATE|MAP_ANONYMOUS|MAP_NORESERVE, -1, 0 <unfinished ...>
4643  <... mmap resumed>)               = 0x7f8cbf500000
4636  <... clone3 resumed> => {parent_tid=[4647]}, 88) = 4647
4647  rseq(0x7f8cf0efcfe0, 0x20, 0, 0x53053053 <unfinished ...>
4644  <... mmap resumed>)               = 0x7f8cb7500000
4636  rt_sigprocmask(SIG_SETMASK, [],  <unfinished ...>
4647  <... rseq resumed>)               = 0
4643  futex(0x7fff98f84074, FUTEX_WAIT_PRIVATE, 0, NULL <unfinished ...>
4636  <... rt_sigprocmask resumed>NULL, 8) = 0
4647  set_robust_list(0x7f8cf0efc920, 24 <unfinished ...>
4644  munmap(0x7f8cb7500000, 11534336 <unfinished ...>
4636  mmap(NULL, 8392704, PROT_NONE, MAP_PRIVATE|MAP_ANONYMOUS|MAP_STACK, -1, 0 <unfinished ...>
4647  <... set_robust_list resumed>)    = 0
4636  <... mmap resumed>)               = 0x7f8ceb7ff000
4644  <... munmap resumed>)             = 0
4636  mprotect(0x7f8ceb800000, 8388608, PROT_READ|PROT_WRITE <unfinished ...>
4647  rt_sigprocmask(SIG_SETMASK, [],  <unfinished ...>
4636  <... mprotect resumed>)           = 0
4644  munmap(0x7f8cbc000000, 55574528 <unfinished ...>
4636  rt_sigprocmask(SIG_BLOCK, ~[],  <unfinished ...>
4647  <... rt_sigprocmask resumed>NULL, 8) = 0
4636  <... rt_sigprocmask resumed>[], 8) = 0
4644  <... munmap resumed>)             = 0
4636  clone3({flags=CLONE_VM|CLONE_FS|CLONE_FILES|CLONE_SIGHAND|CLONE_THREAD|CLONE_SYSVSEM|CLONE_SETTLS|CLONE_PARENT_SETTID|CLONE_CHILD_CLEARTID, child_tid=0x7f8cebfff910, parent_tid=0x7f8cebfff910, exit_signal=0, stack=0x7f8ceb7ff000, stack_size=0x800280, tls=0x7f8cebfff640} <unfinished ...>
4647  mmap(NULL, 134217728, PROT_NONE, MAP_PRIVATE|MAP_ANONYMOUS|MAP_NORESERVE, -1, 0 <unfinished ...>
4644  mprotect(0x7f8cb8000000, 135168, PROT_READ|PROT_WRITE <unfinished ...>
4636  <... clone3 resumed> => {parent_tid=[4648]}, 88) = 4648
4648  rseq(0x7f8cebffffe0, 0x20, 0, 0x53053053 <unfinished ...>
4647  <... mmap resumed>)               = 0x7f8cb0000000
4636  rt_sigprocmask(SIG_SETMASK, [],  <unfinished ...>
4648  <... rseq resumed>)               = 0
4644  <... mprotect resumed>)           = 0
4636  <... rt_sigprocmask resumed>NULL, 8) = 0
4648  set_robust_list(0x7f8cebfff920, 24 <unfinished ...>
4647  munmap(0x7f8cb4000000, 67108864 <unfinished ...>
4636  futex(0x7fff98f84074, FUTEX_WAIT_PRIVATE, 0, NULL <unfinished ...>
4648  <... set_robust_list resumed>)    = 0
4644  mmap(NULL, 93323264, PROT_READ|PROT_WRITE, MAP_PRIVATE|MAP_ANONYMOUS|MAP_NORESERVE, -1, 0 <unfinished ...>
4648  rt_sigprocmask(SIG_SETMASK, [],  <unfinished ...>
4647  <... munmap resumed>)             = 0
4648  <... rt_sigprocmask resumed>NULL, 8) = 0
4644  <... mmap resumed>)               = 0x7f8caa700000
4648  mmap(0x7f8cb4000000, 67108864, PROT_NONE, MAP_PRIVATE|MAP_ANONYMOUS|MAP_NORESERVE, -1, 0 <unfinished ...>
4647  mprotect(0x7f8cb0000000, 135168, PROT_READ|PROT_WRITE <unfinished ...>
4648  <... mmap resumed>)               = 0x7f8cb4000000
4644  futex(0x7fff98f84074, FUTEX_WAIT_PRIVATE, 0, NULL <unfinished ...>
4648  mprotect(0x7f8cb4000000, 135168, PROT_READ|PROT_WRITE <unfinished ...>
4647  <... mprotect resumed>)           = 0
4648  <... mprotect resumed>)           = 0
4647  mmap(NULL, 93323264, PROT_READ|PROT_WRITE, MAP_PRIVATE|MAP_ANONYMOUS|MAP_NORESERVE, -1, 0 <unfinished ...>
4648  mmap(NULL, 93323264, PROT_READ|PROT_WRITE, MAP_PRIVATE|MAP_ANONYMOUS|MAP_NORESERVE, -1, 0 <unfinished ...>
4647  <... mmap resumed>)               = 0x7f8ca4e00000
4648  <... mmap resumed>)               = 0x7f8c9f500000
4647  futex(0x7fff98f84074, FUTEX_WAIT_PRIVATE, 0, NULL <unfinished ...>
4648  futex(0x7fff98f84074, FUTEX_WAKE_PRIVATE, 2147483647 <unfinished ...>
4647  <... futex resumed>)              = -1 EAGAIN (Resource temporarily unavailable)
4636  <... futex resumed>)              = 0
4648  <... futex resumed>)              = 7
4644  <... futex resumed>)              = 0
4643  <... futex resumed>)              = 0
4642  <... futex resumed>)              = 0
4641  <... futex resumed>)              = 0
4640  <... futex resumed>)              = 0
4639  <... futex resumed>)              = 0
4636  futex(0x7fff98f84094, FUTEX_WAIT_PRIVATE, 0, NULL <unfinished ...>
4647  munmap(0x7f8ca4e00000, 93323264 <unfinished ...>
4641  munmap(0x7f8cd2700000, 93323264 <unfinished ...>
4643  munmap(0x7f8cbf500000, 93323264 <unfinished ...>
4644  munmap(0x7f8caa700000, 93323264 <unfinished ...>
4648  munmap(0x7f8c9f500000, 93323264 <unfinished ...>
4639  munmap(0x7f8cf1eff000, 93323264 <unfinished ...>
4647  <... munmap resumed>)             = 0
4647  mmap(NULL, 93323264, PROT_READ|PROT_WRITE, MAP_PRIVATE|MAP_ANONYMOUS|MAP_NORESERVE, -1, 0 <unfinished ...>
4642  munmap(0x7f8cc4e00000, 93323264 <unfinished ...>
4641  <... munmap resumed>)             = 0
4641  mmap(NULL, 93323264, PROT_READ|PROT_WRITE, MAP_PRIVATE|MAP_ANONYMOUS|MAP_NORESERVE, -1, 0 <unfinished ...>
4640  munmap(0x7f8cde700000, 93323264 <unfinished ...>
4643  <... munmap resumed>)             = 0
4643  mmap(NULL, 93323264, PROT_READ|PROT_WRITE, MAP_PRIVATE|MAP_ANONYMOUS|MAP_NORESERVE, -1, 0 <unfinished ...>
4644  <... munmap resumed>)             = 0
4644  mmap(NULL, 93323264, PROT_READ|PROT_WRITE, MAP_PRIVATE|MAP_ANONYMOUS|MAP_NORESERVE, -1, 0 <unfinished ...>
4648  <... munmap resumed>)             = 0
4648  mmap(NULL, 93323264, PROT_READ|PROT_WRITE, MAP_PRIVATE|MAP_ANONYMOUS|MAP_NORESERVE, -1, 0 <unfinished ...>
4647  <... mmap resumed>)               = 0x7f8cf1eff000
4639  <... munmap resumed>)             = 0
4639  mmap(NULL, 93323264, PROT_READ|PROT_WRITE, MAP_PRIVATE|MAP_ANONYMOUS|MAP_NORESERVE, -1, 0 <unfinished ...>
4642  <... munmap resumed>)             = 0
4641  <... mmap resumed>)               = 0x7f8cd2700000
4642  mmap(NULL, 93323264, PROT_READ|PROT_WRITE, MAP_PRIVATE|MAP_ANONYMOUS|MAP_NORESERVE, -1, 0 <unfinished ...>
4640  <... munmap resumed>)             = 0
4648  <... mmap resumed>)               = 0x7f8cc0e00000
4644  <... mmap resumed>)               = 0x7f8cc6700000
4643  <... mmap resumed>)               = 0x7f8cde700000
4642  <... mmap resumed>)               = 0x7f8ca4e00000
4639  <... mmap resumed>)               = 0x7f8caa700000
4640  mmap(NULL, 93323264, PROT_READ|PROT_WRITE, MAP_PRIVATE|MAP_ANONYMOUS|MAP_NORESERVE, -1, 0) = 0x7f8c9f500000
4641  munmap(0x7f8cd2700000, 93323264 <unfinished ...>
4648  munmap(0x7f8cc0e00000, 93323264 <unfinished ...>
4647  munmap(0x7f8cf1eff000, 93323264 <unfinished ...>
4639  munmap(0x7f8caa700000, 93323264 <unfinished ...>
4641  <... munmap resumed>)             = 0
4641  mmap(NULL, 93323264, PROT_READ|PROT_WRITE, MAP_PRIVATE|MAP_ANONYMOUS|MAP_NORESERVE, -1, 0 <unfinished ...>
4648  <... munmap resumed>)             = 0
4648  mmap(NULL, 93323264, PROT_READ|PROT_WRITE, MAP_PRIVATE|MAP_ANONYMOUS|MAP_NORESERVE, -1, 0 <unfinished ...>
4640  munmap(0x7f8c9f500000, 93323264 <unfinished ...>
4642  munmap(0x7f8ca4e00000, 93323264 <unfinished ...>
4643  munmap(0x7f8cde700000, 93323264 <unfinished ...>
4647  <... munmap resumed>)             = 0
4647  mmap(NULL, 93323264, PROT_READ|PROT_WRITE, MAP_PRIVATE|MAP_ANONYMOUS|MAP_NORESERVE, -1, 0 <unfinished ...>
4643  <... munmap resumed>)             = 0
4643  mmap(NULL, 93323264, PROT_READ|PROT_WRITE, MAP_PRIVATE|MAP_ANONYMOUS|MAP_NORESERVE, -1, 0 <unfinished ...>
4644  munmap(0x7f8cc6700000, 93323264 <unfinished ...>
4648  <... mmap resumed>)               = 0x7f8cde700000
4641  <... mmap resumed>)               = 0x7f8cf1eff000
4639  <... munmap resumed>)             = 0
4639  mmap(NULL, 93323264, PROT_READ|PROT_WRITE, MAP_PRIVATE|MAP_ANONYMOUS|MAP_NORESERVE, -1, 0 <unfinished ...>
4640  <... munmap resumed>)             = 0
4640  mmap(NULL, 93323264, PROT_READ|PROT_WRITE, MAP_PRIVATE|MAP_ANONYMOUS|MAP_NORESERVE, -1, 0 <unfinished ...>
4642  <... munmap resumed>)             = 0
4647  <... mmap resumed>)               = 0x7f8cd2700000
4643  <... mmap resumed>)               = 0x7f8cc0e00000
4642  mmap(NULL, 93323264, PROT_READ|PROT_WRITE, MAP_PRIVATE|MAP_ANONYMOUS|MAP_NORESERVE, -1, 0 <unfinished ...>
4644  <... munmap resumed>)             = 0
4639  <... mmap resumed>)               = 0x7f8cc6700000
4644  mmap(NULL, 93323264, PROT_READ|PROT_WRITE, MAP_PRIVATE|MAP_ANONYMOUS|MAP_NORESERVE, -1, 0 <unfinished ...>
4642  <... mmap resumed>)               = 0x7f8ca4e00000
4640  <... mmap resumed>)               = 0x7f8caa700000
4644  <... mmap resumed>)               = 0x7f8c9f500000
4648  munmap(0x7f8cde700000, 93323264 <unfinished ...>
4641  munmap(0x7f8cf1eff000, 93323264 <unfinished ...>
4648  <... munmap resumed>)             = 0
4648  mmap(NULL, 93323264, PROT_READ|PROT_WRITE, MAP_PRIVATE|MAP_ANONYMOUS|MAP_NORESERVE, -1, 0) = 0x7f8cf1eff000
4641  <... munmap resumed>)             = 0
4641  mmap(NULL, 93323264, PROT_READ|PROT_WRITE, MAP_PRIVATE|MAP_ANONYMOUS|MAP_NORESERVE, -1, 0) = 0x7f8cde700000
4640  munmap(0x7f8caa700000, 93323264 <unfinished ...>
4647  munmap(0x7f8cd2700000, 93323264 <unfinished ...>
4639  munmap(0x7f8cc6700000, 93323264 <unfinished ...>
4643  munmap(0x7f8cc0e00000, 93323264 <unfinished ...>
4640  <... munmap resumed>)             = 0
4640  mmap(NULL, 93323264, PROT_READ|PROT_WRITE, MAP_PRIVATE|MAP_ANONYMOUS|MAP_NORESERVE, -1, 0 <unfinished ...>
4642  munmap(0x7f8ca4e00000, 93323264 <unfinished ...>
4647  <... munmap resumed>)             = 0
4647  mmap(NULL, 93323264, PROT_READ|PROT_WRITE, MAP_PRIVATE|MAP_ANONYMOUS|MAP_NORESERVE, -1, 0 <unfinished ...>
4644  munmap(0x7f8c9f500000, 93323264 <unfinished ...>
4639  <... munmap resumed>)             = 0
4639  mmap(NULL, 93323264, PROT_READ|PROT_WRITE, MAP_PRIVATE|MAP_ANONYMOUS|MAP_NORESERVE, -1, 0 <unfinished ...>
4643  <... munmap resumed>)             = 0
4640  <... mmap resumed>)               = 0x7f8cd2700000
4643  mmap(NULL, 93323264, PROT_READ|PROT_WRITE, MAP_PRIVATE|MAP_ANONYMOUS|MAP_NORESERVE, -1, 0 <unfinished ...>
4647  <... mmap resumed>)               = 0x7f8cc6700000
4642  <... munmap resumed>)             = 0
4642  mmap(NULL, 93323264, PROT_READ|PROT_WRITE, MAP_PRIVATE|MAP_ANONYMOUS|MAP_NORESERVE, -1, 0 <unfinished ...>
4644  <... munmap resumed>)             = 0
4643  <... mmap resumed>)               = 0x7f8caa700000
4642  <... mmap resumed>)               = 0x7f8ca4e00000
4639  <... mmap resumed>)               = 0x7f8cc0e00000
4644  mmap(NULL, 93323264, PROT_READ|PROT_WRITE, MAP_PRIVATE|MAP_ANONYMOUS|MAP_NORESERVE, -1, 0) = 0x7f8c9f500000
4648  munmap(0x7f8cf1eff000, 93323264 <unfinished ...>
4641  munmap(0x7f8cde700000, 93323264 <unfinished ...>
4648  <... munmap resumed>)             = 0
4648  mmap(NULL, 93323264, PROT_READ|PROT_WRITE, MAP_PRIVATE|MAP_ANONYMOUS|MAP_NORESERVE, -1, 0) = 0x7f8cf1eff000
4641  <... munmap resumed>)             = 0
4641  mmap(NULL, 93323264, PROT_READ|PROT_WRITE, MAP_PRIVATE|MAP_ANONYMOUS|MAP_NORESERVE, -1, 0) = 0x7f8cde700000
4647  munmap(0x7f8cc6700000, 93323264 <unfinished ...>
4640  munmap(0x7f8cd2700000, 93323264 <unfinished ...>
4643  munmap(0x7f8caa700000, 93323264 <unfinished ...>
4647  <... munmap resumed>)             = 0
4647  mmap(NULL, 93323264, PROT_READ|PROT_WRITE, MAP_PRIVATE|MAP_ANONYMOUS|MAP_NORESERVE, -1, 0 <unfinished ...>
4642  munmap(0x7f8ca4e00000, 93323264 <unfinished ...>
4639  munmap(0x7f8cc0e00000, 93323264 <unfinished ...>
4640  <... munmap resumed>)             = 0
4640  mmap(NULL, 93323264, PROT_READ|PROT_WRITE, MAP_PRIVATE|MAP_ANONYMOUS|MAP_NORESERVE, -1, 0 <unfinished ...>
4644  munmap(0x7f8c9f500000, 93323264 <unfinished ...>
4647  <... mmap resumed>)               = 0x7f8cd2700000
4643  <... munmap resumed>)             = 0
4643  mmap(NULL, 93323264, PROT_READ|PROT_WRITE, MAP_PRIVATE|MAP_ANONYMOUS|MAP_NORESERVE, -1, 0 <unfinished ...>
4642  <... munmap resumed>)             = 0
4642  mmap(NULL, 93323264, PROT_READ|PROT_WRITE, MAP_PRIVATE|MAP_ANONYMOUS|MAP_NORESERVE, -1, 0 <unfinished ...>
4640  <... mmap resumed>)               = 0x7f8cc6700000
4639  <... munmap resumed>)             = 0
4639  mmap(NULL, 93323264, PROT_READ|PROT_WRITE, MAP_PRIVATE|MAP_ANONYMOUS|MAP_NORESERVE, -1, 0 <unfinished ...>
4644  <... munmap resumed>)             = 0
4643  <... mmap resumed>)               = 0x7f8cc0e00000
4642  <... mmap resumed>)               = 0x7f8caa700000
4644  mmap(NULL, 93323264, PROT_READ|PROT_WRITE, MAP_PRIVATE|MAP_ANONYMOUS|MAP_NORESERVE, -1, 0 <unfinished ...>
4639  <... mmap resumed>)               = 0x7f8ca4e00000
4644  <... mmap resumed>)               = 0x7f8c9f500000
4648  munmap(0x7f8cf1eff000, 93323264 <unfinished ...>
4641  munmap(0x7f8cde700000, 93323264 <unfinished ...>
4648  <... munmap resumed>)             = 0
4648  mmap(NULL, 93323264, PROT_READ|PROT_WRITE, MAP_PRIVATE|MAP_ANONYMOUS|MAP_NORESERVE, -1, 0 <unfinished ...>
4641  <... munmap resumed>)             = 0
4648  <... mmap resumed>)               = 0x7f8cf1eff000
4641  mmap(NULL, 93323264, PROT_READ|PROT_WRITE, MAP_PRIVATE|MAP_ANONYMOUS|MAP_NORESERVE, -1, 0) = 0x7f8cde700000
4647  futex(0x7fff98f84094, FUTEX_WAIT_PRIVATE, 0, NULL <unfinished ...>
4648  futex(0x7fff98f84094, FUTEX_WAIT_PRIVATE, 0, NULL <unfinished ...>
4644  futex(0x7fff98f84094, FUTEX_WAIT_PRIVATE, 0, NULL <unfinished ...>
4643  futex(0x7fff98f84094, FUTEX_WAIT_PRIVATE, 0, NULL <unfinished ...>
4642  futex(0x7fff98f84094, FUTEX_WAIT_PRIVATE, 0, NULL <unfinished ...>
4641  futex(0x7fff98f84094, FUTEX_WAIT_PRIVATE, 0, NULL <unfinished ...>
4640  futex(0x7fff98f84094, FUTEX_WAIT_PRIVATE, 0, NULL <unfinished ...>
4639  futex(0x7fff98f84094, FUTEX_WAKE_PRIVATE, 2147483647 <unfinished ...>
4640  <... futex resumed>)              = -1 EAGAIN (Resource temporarily unavailable)
4636  <... futex resumed>)              = 0
4648  <... futex resumed>)              = 0
4647  <... futex resumed>)              = 0
4644  <... futex resumed>)              = 0
4643  <... futex resumed>)              = 0
4642  <... futex resumed>)              = 0
4641  <... futex resumed>)              = 0
4639  <... futex resumed>)              = 7
4636  futex(0x7f8cfd0b1910, FUTEX_WAIT_BITSET|FUTEX_CLOCK_REALTIME, 4639, NULL, FUTEX_BITSET_MATCH_ANY <unfinished ...>
4648  rt_sigprocmask(SIG_BLOCK, ~[RT_1],  <unfinished ...>
4647  rt_sigprocmask(SIG_BLOCK, ~[RT_1],  <unfinished ...>
4644  rt_sigprocmask(SIG_BLOCK, ~[RT_1],  <unfinished ...>
4643  rt_sigprocmask(SIG_BLOCK, ~[RT_1],  <unfinished ...>
4642  rt_sigprocmask(SIG_BLOCK, ~[RT_1],  <unfinished ...>
4641  rt_sigprocmask(SIG_BLOCK, ~[RT_1],  <unfinished ...>
4640  rt_sigprocmask(SIG_BLOCK, ~[RT_1],  <unfinished ...>
4648  <... rt_sigprocmask resumed>NULL, 8) = 0
4647  <... rt_sigprocmask resumed>NULL, 8) = 0
4644  <... rt_sigprocmask resumed>NULL, 8) = 0
4643  <... rt_sigprocmask resumed>NULL, 8) = 0
4642  <... rt_sigprocmask resumed>NULL, 8) = 0
4641  <... rt_sigprocmask resumed>NULL, 8) = 0
4639  rt_sigprocmask(SIG_BLOCK, ~[RT_1],  <unfinished ...>
4648  madvise(0x7f8ceb7ff000, 8372224, MADV_DONTNEED <unfinished ...>
4647  madvise(0x7f8cf06fc000, 8372224, MADV_DONTNEED <unfinished ...>
4644  madvise(0x7f8cf0efd000, 8372224, MADV_DONTNEED <unfinished ...>
4643  madvise(0x7f8cf16fe000, 8372224, MADV_DONTNEED <unfinished ...>
4642  madvise(0x7f8ce96fe000, 8372224, MADV_DONTNEED <unfinished ...>
4641  madvise(0x7f8cf77ff000, 8372224, MADV_DONTNEED <unfinished ...>
4640  <... rt_sigprocmask resumed>NULL, 8) = 0
4648  <... madvise resumed>)            = 0
4647  <... madvise resumed>)            = 0
4644  <... madvise resumed>)            = 0
4643  <... madvise resumed>)            = 0
4642  <... madvise resumed>)            = 0
4641  <... madvise resumed>)            = 0
4639  <... rt_sigprocmask resumed>NULL, 8) = 0
4648  exit(0 <unfinished ...>
4647  exit(0 <unfinished ...>
4644  exit(0 <unfinished ...>
4643  exit(0 <unfinished ...>
4642  exit(0 <unfinished ...>
4641  exit(0 <unfinished ...>
4640  madvise(0x7f8cfc0b0000, 8372224, MADV_DONTNEED <unfinished ...>
4648  <... exit resumed>)               = ?
4647  <... exit resumed>)               = ?
4644  <... exit resumed>)               = ?
4643  <... exit resumed>)               = ?
4642  <... exit resumed>)               = ?
4641  <... exit resumed>)               = ?
4639  madvise(0x7f8cfc8b1000, 8372224, MADV_DONTNEED <unfinished ...>
4640  <... madvise resumed>)            = 0
4639  <... madvise resumed>)            = 0
4640  exit(0 <unfinished ...>
4639  exit(0 <unfinished ...>
4640  <... exit resumed>)               = ?
4639  <... exit resumed>)               = ?
4636  <... futex resumed>)              = 0
4636  munmap(0x7f8cfc8b1000, 8392704)   = 0
4636  munmap(0x7f8cfc0b0000, 8392704)   = 0
4636  munmap(0x7f8cf77ff000, 8392704)   = 0
4636  munmap(0x7f8ce96fe000, 8392704)   = 0
4636  openat(AT_FDCWD, "/proc/self/statm", O_RDONLY) = 3
4636  newfstatat(3, "", {st_mode=S_IFREG|0444, st_size=0, ...}, AT_EMPTY_PATH) = 0
4636  read(3, "321892 109107 89 199 0 190803 0\n", 1024) = 32
4636  write(2, "mmbench: peak RSS ~426 MB\n", 26) = 26
4636  close(3)                          = 0
4636  uname({sysname="Linux", nodename="syzkaller", ...}) = 0
4636  uname({sysname="Linux", nodename="syzkaller", ...}) = 0
4636  newfstatat(1, "", {st_mode=S_IFCHR|0666, st_rdev=makedev(0x1, 0x3), ...}, AT_EMPTY_PATH) = 0
4636  ioctl(1, TCGETS, 0x7fff98f83790)  = -1 ENOTTY (Inappropriate ioctl for device)
4636  write(1, "{\"bench\":\"pf\",\"contention\":\"low\",\"threads\":8,\"ops\":220908,\"elapsed_s\":1.021,\"ops_per_us\":0.04215"..., 192) = 192
4636  exit_group(0)                     = ?
