6309  execve("/mnt/cortenmm/bench/mmbench/mmbench", ["/mnt/cortenmm/bench/mmbench/mmbench", "unmap-virt", "low", "8", "1", "20263997"], 0x7ffda29d5758 /* 28 vars */) = 0
6309  arch_prctl(0x3001 /* ARCH_??? */, 0x7ffc041f58a0) = -1 EINVAL (Invalid argument)
6309  brk(NULL)                         = 0x3abf2000
6309  brk(0x3abf2dc0)                   = 0x3abf2dc0
6309  arch_prctl(ARCH_SET_FS, 0x3abf23c0) = 0
6309  set_tid_address(0x3abf2690)       = 6309
6309  set_robust_list(0x3abf26a0, 24)   = 0
6309  rseq(0x3abf2d60, 0x20, 0, 0x53053053) = 0
6309  uname({sysname="Linux", nodename="syzkaller", ...}) = 0
6309  prlimit64(0, RLIMIT_STACK, NULL, {rlim_cur=8192*1024, rlim_max=RLIM64_INFINITY}) = 0
6309  readlink("/proc/self/exe", "/mnt/share/cortenmm/bench/mmbench/mmbench", 4096) = 41
6309  getrandom("\xcd\x62\xeb\x53\x96\xe2\xff\xff", 8, GRND_NONBLOCK) = 8
6309  brk(0x3ac13dc0)                   = 0x3ac13dc0
6309  brk(0x3ac14000)                   = 0x3ac14000
6309  mprotect(0x4f6000, 16384, PROT_READ) = 0
6309  write(2, "mmbench: bench=unmap-virt contention=low threads=8 arena=160 MB (per thread)\n", 77) = 77
6309  prlimit64(0, RLIMIT_AS, NULL, {rlim_cur=RLIM64_INFINITY, rlim_max=RLIM64_INFINITY}) = 0
6309  rt_sigaction(SIGRT_1, {sa_handler=0x497070, sa_mask=[], sa_flags=SA_RESTORER|SA_ONSTACK|SA_RESTART|SA_SIGINFO, sa_restorer=0x47db20}, NULL, 8) = 0
6309  rt_sigprocmask(SIG_UNBLOCK, [RTMIN RT_1], NULL, 8) = 0
6309  mmap(NULL, 8392704, PROT_NONE, MAP_PRIVATE|MAP_ANONYMOUS|MAP_STACK, -1, 0) = 0x7f3ef33bd000
6309  mprotect(0x7f3ef33be000, 8388608, PROT_READ|PROT_WRITE) = 0
6309  rt_sigprocmask(SIG_BLOCK, ~[], [], 8) = 0
6309  clone3({flags=CLONE_VM|CLONE_FS|CLONE_FILES|CLONE_SIGHAND|CLONE_THREAD|CLONE_SYSVSEM|CLONE_SETTLS|CLONE_PARENT_SETTID|CLONE_CHILD_CLEARTID, child_tid=0x7f3ef3bbd910, parent_tid=0x7f3ef3bbd910, exit_signal=0, stack=0x7f3ef33bd000, stack_size=0x800280, tls=0x7f3ef3bbd640} => {parent_tid=[6311]}, 88) = 6311
6311  rseq(0x7f3ef3bbdfe0, 0x20, 0, 0x53053053 <unfinished ...>
6309  rt_sigprocmask(SIG_SETMASK, [],  <unfinished ...>
6311  <... rseq resumed>)               = 0
6309  <... rt_sigprocmask resumed>NULL, 8) = 0
6311  set_robust_list(0x7f3ef3bbd920, 24 <unfinished ...>
6309  mmap(NULL, 8392704, PROT_NONE, MAP_PRIVATE|MAP_ANONYMOUS|MAP_STACK, -1, 0 <unfinished ...>
6311  <... set_robust_list resumed>)    = 0
6309  <... mmap resumed>)               = 0x7f3ef2bbc000
6311  rt_sigprocmask(SIG_SETMASK, [],  <unfinished ...>
6309  mprotect(0x7f3ef2bbd000, 8388608, PROT_READ|PROT_WRITE <unfinished ...>
6311  <... rt_sigprocmask resumed>NULL, 8) = 0
6309  <... mprotect resumed>)           = 0
6309  rt_sigprocmask(SIG_BLOCK, ~[], [], 8) = 0
6311  mmap(NULL, 134217728, PROT_NONE, MAP_PRIVATE|MAP_ANONYMOUS|MAP_NORESERVE, -1, 0 <unfinished ...>
6309  clone3({flags=CLONE_VM|CLONE_FS|CLONE_FILES|CLONE_SIGHAND|CLONE_THREAD|CLONE_SYSVSEM|CLONE_SETTLS|CLONE_PARENT_SETTID|CLONE_CHILD_CLEARTID, child_tid=0x7f3ef33bc910, parent_tid=0x7f3ef33bc910, exit_signal=0, stack=0x7f3ef2bbc000, stack_size=0x800280, tls=0x7f3ef33bc640} <unfinished ...>
6311  <... mmap resumed>)               = 0x7f3eeabbc000
6313  rseq(0x7f3ef33bcfe0, 0x20, 0, 0x53053053 <unfinished ...>
6311  munmap(0x7f3eeabbc000, 21250048 <unfinished ...>
6309  <... clone3 resumed> => {parent_tid=[6313]}, 88) = 6313
6313  <... rseq resumed>)               = 0
6311  <... munmap resumed>)             = 0
6309  rt_sigprocmask(SIG_SETMASK, [],  <unfinished ...>
6313  set_robust_list(0x7f3ef33bc920, 24 <unfinished ...>
6309  <... rt_sigprocmask resumed>NULL, 8) = 0
6311  munmap(0x7f3ef0000000, 45858816 <unfinished ...>
6309  mmap(NULL, 8392704, PROT_NONE, MAP_PRIVATE|MAP_ANONYMOUS|MAP_STACK, -1, 0 <unfinished ...>
6313  <... set_robust_list resumed>)    = 0
6309  <... mmap resumed>)               = 0x7f3ef23bb000
6311  <... munmap resumed>)             = 0
6309  mprotect(0x7f3ef23bc000, 8388608, PROT_READ|PROT_WRITE <unfinished ...>
6313  rt_sigprocmask(SIG_SETMASK, [],  <unfinished ...>
6309  <... mprotect resumed>)           = 0
6311  mprotect(0x7f3eec000000, 135168, PROT_READ|PROT_WRITE <unfinished ...>
6309  rt_sigprocmask(SIG_BLOCK, ~[],  <unfinished ...>
6313  <... rt_sigprocmask resumed>NULL, 8) = 0
6309  <... rt_sigprocmask resumed>[], 8) = 0
6311  <... mprotect resumed>)           = 0
6309  clone3({flags=CLONE_VM|CLONE_FS|CLONE_FILES|CLONE_SIGHAND|CLONE_THREAD|CLONE_SYSVSEM|CLONE_SETTLS|CLONE_PARENT_SETTID|CLONE_CHILD_CLEARTID, child_tid=0x7f3ef2bbb910, parent_tid=0x7f3ef2bbb910, exit_signal=0, stack=0x7f3ef23bb000, stack_size=0x800280, tls=0x7f3ef2bbb640} <unfinished ...>
6313  mmap(NULL, 134217728, PROT_NONE, MAP_PRIVATE|MAP_ANONYMOUS|MAP_NORESERVE, -1, 0 <unfinished ...>
6311  mmap(NULL, 167772160, PROT_READ|PROT_WRITE, MAP_PRIVATE|MAP_ANONYMOUS|MAP_NORESERVE, -1, 0 <unfinished ...>
6309  <... clone3 resumed> => {parent_tid=[6314]}, 88) = 6314
6314  rseq(0x7f3ef2bbbfe0, 0x20, 0, 0x53053053 <unfinished ...>
6313  <... mmap resumed>)               = 0x7f3ee4000000
6309  rt_sigprocmask(SIG_SETMASK, [],  <unfinished ...>
6314  <... rseq resumed>)               = 0
6311  <... mmap resumed>)               = 0x7f3eda000000
6309  <... rt_sigprocmask resumed>NULL, 8) = 0
6314  set_robust_list(0x7f3ef2bbb920, 24 <unfinished ...>
6313  munmap(0x7f3ee8000000, 67108864 <unfinished ...>
6309  mmap(NULL, 8392704, PROT_NONE, MAP_PRIVATE|MAP_ANONYMOUS|MAP_STACK, -1, 0 <unfinished ...>
6314  <... set_robust_list resumed>)    = 0
6311  futex(0x7ffc041f5044, FUTEX_WAIT_PRIVATE, 0, NULL <unfinished ...>
6309  <... mmap resumed>)               = 0x7f3ef1bba000
6314  rt_sigprocmask(SIG_SETMASK, [],  <unfinished ...>
6313  <... munmap resumed>)             = 0
6309  mprotect(0x7f3ef1bbb000, 8388608, PROT_READ|PROT_WRITE <unfinished ...>
6314  <... rt_sigprocmask resumed>NULL, 8) = 0
6309  <... mprotect resumed>)           = 0
6313  mprotect(0x7f3ee4000000, 135168, PROT_READ|PROT_WRITE <unfinished ...>
6309  rt_sigprocmask(SIG_BLOCK, ~[],  <unfinished ...>
6314  mmap(0x7f3ee8000000, 67108864, PROT_NONE, MAP_PRIVATE|MAP_ANONYMOUS|MAP_NORESERVE, -1, 0 <unfinished ...>
6309  <... rt_sigprocmask resumed>[], 8) = 0
6313  <... mprotect resumed>)           = 0
6309  clone3({flags=CLONE_VM|CLONE_FS|CLONE_FILES|CLONE_SIGHAND|CLONE_THREAD|CLONE_SYSVSEM|CLONE_SETTLS|CLONE_PARENT_SETTID|CLONE_CHILD_CLEARTID, child_tid=0x7f3ef23ba910, parent_tid=0x7f3ef23ba910, exit_signal=0, stack=0x7f3ef1bba000, stack_size=0x800280, tls=0x7f3ef23ba640} <unfinished ...>
6314  <... mmap resumed>)               = 0x7f3ee8000000
6313  mmap(NULL, 167772160, PROT_READ|PROT_WRITE, MAP_PRIVATE|MAP_ANONYMOUS|MAP_NORESERVE, -1, 0 <unfinished ...>
6309  <... clone3 resumed> => {parent_tid=[6315]}, 88) = 6315
6315  rseq(0x7f3ef23bafe0, 0x20, 0, 0x53053053 <unfinished ...>
6314  mprotect(0x7f3ee8000000, 135168, PROT_READ|PROT_WRITE <unfinished ...>
6309  rt_sigprocmask(SIG_SETMASK, [],  <unfinished ...>
6315  <... rseq resumed>)               = 0
6313  <... mmap resumed>)               = 0x7f3ed0000000
6309  <... rt_sigprocmask resumed>NULL, 8) = 0
6315  set_robust_list(0x7f3ef23ba920, 24 <unfinished ...>
6314  <... mprotect resumed>)           = 0
6309  mmap(NULL, 8392704, PROT_NONE, MAP_PRIVATE|MAP_ANONYMOUS|MAP_STACK, -1, 0 <unfinished ...>
6315  <... set_robust_list resumed>)    = 0
6313  futex(0x7ffc041f5044, FUTEX_WAIT_PRIVATE, 0, NULL <unfinished ...>
6309  <... mmap resumed>)               = 0x7f3ef13b9000
6315  rt_sigprocmask(SIG_SETMASK, [],  <unfinished ...>
6314  mmap(NULL, 167772160, PROT_READ|PROT_WRITE, MAP_PRIVATE|MAP_ANONYMOUS|MAP_NORESERVE, -1, 0 <unfinished ...>
6309  mprotect(0x7f3ef13ba000, 8388608, PROT_READ|PROT_WRITE <unfinished ...>
6315  <... rt_sigprocmask resumed>NULL, 8) = 0
6309  <... mprotect resumed>)           = 0
6314  <... mmap resumed>)               = 0x7f3ec6000000
6309  rt_sigprocmask(SIG_BLOCK, ~[],  <unfinished ...>
6315  mmap(NULL, 134217728, PROT_NONE, MAP_PRIVATE|MAP_ANONYMOUS|MAP_NORESERVE, -1, 0 <unfinished ...>
6309  <... rt_sigprocmask resumed>[], 8) = 0
6314  futex(0x7ffc041f5044, FUTEX_WAIT_PRIVATE, 0, NULL <unfinished ...>
6309  clone3({flags=CLONE_VM|CLONE_FS|CLONE_FILES|CLONE_SIGHAND|CLONE_THREAD|CLONE_SYSVSEM|CLONE_SETTLS|CLONE_PARENT_SETTID|CLONE_CHILD_CLEARTID, child_tid=0x7f3ef1bb9910, parent_tid=0x7f3ef1bb9910, exit_signal=0, stack=0x7f3ef13b9000, stack_size=0x800280, tls=0x7f3ef1bb9640} <unfinished ...>
6315  <... mmap resumed>)               = 0x7f3ebe000000
6309  <... clone3 resumed> => {parent_tid=[6316]}, 88) = 6316
6316  rseq(0x7f3ef1bb9fe0, 0x20, 0, 0x53053053 <unfinished ...>
6315  munmap(0x7f3ebe000000, 33554432 <unfinished ...>
6309  rt_sigprocmask(SIG_SETMASK, [],  <unfinished ...>
6316  <... rseq resumed>)               = 0
6309  <... rt_sigprocmask resumed>NULL, 8) = 0
6315  <... munmap resumed>)             = 0
6309  mmap(NULL, 8392704, PROT_NONE, MAP_PRIVATE|MAP_ANONYMOUS|MAP_STACK, -1, 0 <unfinished ...>
6316  set_robust_list(0x7f3ef1bb9920, 24 <unfinished ...>
6309  <... mmap resumed>)               = 0x7f3ef0bb8000
6315  munmap(0x7f3ec4000000, 33554432 <unfinished ...>
6309  mprotect(0x7f3ef0bb9000, 8388608, PROT_READ|PROT_WRITE <unfinished ...>
6316  <... set_robust_list resumed>)    = 0
6309  <... mprotect resumed>)           = 0
6315  <... munmap resumed>)             = 0
6309  rt_sigprocmask(SIG_BLOCK, ~[],  <unfinished ...>
6316  rt_sigprocmask(SIG_SETMASK, [],  <unfinished ...>
6309  <... rt_sigprocmask resumed>[], 8) = 0
6315  mprotect(0x7f3ec0000000, 135168, PROT_READ|PROT_WRITE <unfinished ...>
6309  clone3({flags=CLONE_VM|CLONE_FS|CLONE_FILES|CLONE_SIGHAND|CLONE_THREAD|CLONE_SYSVSEM|CLONE_SETTLS|CLONE_PARENT_SETTID|CLONE_CHILD_CLEARTID, child_tid=0x7f3ef13b8910, parent_tid=0x7f3ef13b8910, exit_signal=0, stack=0x7f3ef0bb8000, stack_size=0x800280, tls=0x7f3ef13b8640} <unfinished ...>
6316  <... rt_sigprocmask resumed>NULL, 8) = 0
6315  <... mprotect resumed>)           = 0
6309  <... clone3 resumed> => {parent_tid=[6317]}, 88) = 6317
6317  rseq(0x7f3ef13b8fe0, 0x20, 0, 0x53053053 <unfinished ...>
6316  mmap(NULL, 134217728, PROT_NONE, MAP_PRIVATE|MAP_ANONYMOUS|MAP_NORESERVE, -1, 0 <unfinished ...>
6309  rt_sigprocmask(SIG_SETMASK, [],  <unfinished ...>
6317  <... rseq resumed>)               = 0
6315  mmap(NULL, 167772160, PROT_READ|PROT_WRITE, MAP_PRIVATE|MAP_ANONYMOUS|MAP_NORESERVE, -1, 0 <unfinished ...>
6309  <... rt_sigprocmask resumed>NULL, 8) = 0
6317  set_robust_list(0x7f3ef13b8920, 24 <unfinished ...>
6316  <... mmap resumed>)               = 0x7f3eb8000000
6309  mmap(NULL, 8392704, PROT_NONE, MAP_PRIVATE|MAP_ANONYMOUS|MAP_STACK, -1, 0 <unfinished ...>
6317  <... set_robust_list resumed>)    = 0
6315  <... mmap resumed>)               = 0x7f3eae000000
6309  <... mmap resumed>)               = 0x7f3ef03b7000
6317  rt_sigprocmask(SIG_SETMASK, [],  <unfinished ...>
6316  munmap(0x7f3ebc000000, 67108864 <unfinished ...>
6309  mprotect(0x7f3ef03b8000, 8388608, PROT_READ|PROT_WRITE <unfinished ...>
6317  <... rt_sigprocmask resumed>NULL, 8) = 0
6315  futex(0x7ffc041f5044, FUTEX_WAIT_PRIVATE, 0, NULL <unfinished ...>
6309  <... mprotect resumed>)           = 0
6317  mmap(0x7f3ebc000000, 67108864, PROT_NONE, MAP_PRIVATE|MAP_ANONYMOUS|MAP_NORESERVE, -1, 0 <unfinished ...>
6316  <... munmap resumed>)             = 0
6309  rt_sigprocmask(SIG_BLOCK, ~[],  <unfinished ...>
6317  <... mmap resumed>)               = 0x7f3ebc000000
6316  mprotect(0x7f3eb8000000, 135168, PROT_READ|PROT_WRITE <unfinished ...>
6309  <... rt_sigprocmask resumed>[], 8) = 0
6317  mprotect(0x7f3ebc000000, 135168, PROT_READ|PROT_WRITE <unfinished ...>
6309  clone3({flags=CLONE_VM|CLONE_FS|CLONE_FILES|CLONE_SIGHAND|CLONE_THREAD|CLONE_SYSVSEM|CLONE_SETTLS|CLONE_PARENT_SETTID|CLONE_CHILD_CLEARTID, child_tid=0x7f3ef0bb7910, parent_tid=0x7f3ef0bb7910, exit_signal=0, stack=0x7f3ef03b7000, stack_size=0x800280, tls=0x7f3ef0bb7640} <unfinished ...>
6316  <... mprotect resumed>)           = 0
6317  <... mprotect resumed>)           = 0
6309  <... clone3 resumed> => {parent_tid=[6318]}, 88) = 6318
6318  rseq(0x7f3ef0bb7fe0, 0x20, 0, 0x53053053 <unfinished ...>
6316  mmap(NULL, 167772160, PROT_READ|PROT_WRITE, MAP_PRIVATE|MAP_ANONYMOUS|MAP_NORESERVE, -1, 0 <unfinished ...>
6309  rt_sigprocmask(SIG_SETMASK, [],  <unfinished ...>
6318  <... rseq resumed>)               = 0
6317  mmap(NULL, 167772160, PROT_READ|PROT_WRITE, MAP_PRIVATE|MAP_ANONYMOUS|MAP_NORESERVE, -1, 0 <unfinished ...>
6309  <... rt_sigprocmask resumed>NULL, 8) = 0
6318  set_robust_list(0x7f3ef0bb7920, 24 <unfinished ...>
6316  <... mmap resumed>)               = 0x7f3ea4000000
6309  mmap(NULL, 8392704, PROT_NONE, MAP_PRIVATE|MAP_ANONYMOUS|MAP_STACK, -1, 0 <unfinished ...>
6318  <... set_robust_list resumed>)    = 0
6317  <... mmap resumed>)               = 0x7f3e9a000000
6309  <... mmap resumed>)               = 0x7f3ec57ff000
6318  rt_sigprocmask(SIG_SETMASK, [],  <unfinished ...>
6316  futex(0x7ffc041f5044, FUTEX_WAIT_PRIVATE, 0, NULL <unfinished ...>
6309  mprotect(0x7f3ec5800000, 8388608, PROT_READ|PROT_WRITE <unfinished ...>
6318  <... rt_sigprocmask resumed>NULL, 8) = 0
6317  futex(0x7ffc041f5044, FUTEX_WAIT_PRIVATE, 0, NULL <unfinished ...>
6309  <... mprotect resumed>)           = 0
6318  mmap(NULL, 134217728, PROT_NONE, MAP_PRIVATE|MAP_ANONYMOUS|MAP_NORESERVE, -1, 0 <unfinished ...>
6309  rt_sigprocmask(SIG_BLOCK, ~[], [], 8) = 0
6318  <... mmap resumed>)               = 0x7f3e92000000
6309  clone3({flags=CLONE_VM|CLONE_FS|CLONE_FILES|CLONE_SIGHAND|CLONE_THREAD|CLONE_SYSVSEM|CLONE_SETTLS|CLONE_PARENT_SETTID|CLONE_CHILD_CLEARTID, child_tid=0x7f3ec5fff910, parent_tid=0x7f3ec5fff910, exit_signal=0, stack=0x7f3ec57ff000, stack_size=0x800280, tls=0x7f3ec5fff640} <unfinished ...>
6318  munmap(0x7f3e92000000, 33554432 <unfinished ...>
6309  <... clone3 resumed> => {parent_tid=[6319]}, 88) = 6319
6309  rt_sigprocmask(SIG_SETMASK, [],  <unfinished ...>
6319  rseq(0x7f3ec5ffffe0, 0x20, 0, 0x53053053 <unfinished ...>
6318  <... munmap resumed>)             = 0
6309  <... rt_sigprocmask resumed>NULL, 8) = 0
6319  <... rseq resumed>)               = 0
6318  munmap(0x7f3e98000000, 33554432 <unfinished ...>
6309  futex(0x7ffc041f5044, FUTEX_WAIT_PRIVATE, 0, NULL <unfinished ...>
6319  set_robust_list(0x7f3ec5fff920, 24 <unfinished ...>
6318  <... munmap resumed>)             = 0
6319  <... set_robust_list resumed>)    = 0
6318  mprotect(0x7f3e94000000, 135168, PROT_READ|PROT_WRITE <unfinished ...>
6319  rt_sigprocmask(SIG_SETMASK, [],  <unfinished ...>
6318  <... mprotect resumed>)           = 0
6319  <... rt_sigprocmask resumed>NULL, 8) = 0
6318  mmap(NULL, 167772160, PROT_READ|PROT_WRITE, MAP_PRIVATE|MAP_ANONYMOUS|MAP_NORESERVE, -1, 0 <unfinished ...>
6319  mmap(NULL, 134217728, PROT_NONE, MAP_PRIVATE|MAP_ANONYMOUS|MAP_NORESERVE, -1, 0 <unfinished ...>
6318  <... mmap resumed>)               = 0x7f3e8a000000
6319  <... mmap resumed>)               = 0x7f3e82000000
6318  futex(0x7ffc041f5044, FUTEX_WAIT_PRIVATE, 0, NULL <unfinished ...>
6319  munmap(0x7f3e82000000, 33554432)  = 0
6319  munmap(0x7f3e88000000, 33554432)  = 0
6319  mprotect(0x7f3e84000000, 135168, PROT_READ|PROT_WRITE) = 0
6319  mmap(NULL, 167772160, PROT_READ|PROT_WRITE, MAP_PRIVATE|MAP_ANONYMOUS|MAP_NORESERVE, -1, 0) = 0x7f3e7a000000
6319  futex(0x7ffc041f5044, FUTEX_WAKE_PRIVATE, 2147483647 <unfinished ...>
6315  <... futex resumed>)              = 0
6314  <... futex resumed>)              = 0
6311  <... futex resumed>)              = 0
6309  <... futex resumed>)              = 0
6319  <... futex resumed>)              = 8
6318  <... futex resumed>)              = 0
6317  <... futex resumed>)              = 0
6316  <... futex resumed>)              = 0
6315  munmap(0x7f3eae3bc000, 16384 <unfinished ...>
6314  munmap(0x7f3ec96fc000, 16384 <unfinished ...>
6313  <... futex resumed>)              = 0
6309  futex(0x7ffc041f5064, FUTEX_WAIT_PRIVATE, 0, NULL <unfinished ...>
6319  munmap(0x7f3e7e35c000, 16384 <unfinished ...>
6318  munmap(0x7f3e8be84000, 16384 <unfinished ...>
6317  munmap(0x7f3e9ae90000, 16384 <unfinished ...>
6316  munmap(0x7f3eaaa08000, 16384 <unfinished ...>
6315  <... munmap resumed>)             = 0
6314  <... munmap resumed>)             = 0
6311  munmap(0x7f3edb3d0000, 16384 <unfinished ...>
6319  <... munmap resumed>)             = 0
6318  <... munmap resumed>)             = 0
6317  <... munmap resumed>)             = 0
6316  <... munmap resumed>)             = 0
6315  mmap(0x7f3eae3bc000, 16384, PROT_READ|PROT_WRITE, MAP_PRIVATE|MAP_FIXED|MAP_ANONYMOUS|MAP_NORESERVE, -1, 0 <unfinished ...>
6314  mmap(0x7f3ec96fc000, 16384, PROT_READ|PROT_WRITE, MAP_PRIVATE|MAP_FIXED|MAP_ANONYMOUS|MAP_NORESERVE, -1, 0 <unfinished ...>
6313  munmap(0x7f3ed379c000, 16384 <unfinished ...>
6319  mmap(0x7f3e7e35c000, 16384, PROT_READ|PROT_WRITE, MAP_PRIVATE|MAP_FIXED|MAP_ANONYMOUS|MAP_NORESERVE, -1, 0 <unfinished ...>
6318  mmap(0x7f3e8be84000, 16384, PROT_READ|PROT_WRITE, MAP_PRIVATE|MAP_FIXED|MAP_ANONYMOUS|MAP_NORESERVE, -1, 0 <unfinished ...>
6317  mmap(0x7f3e9ae90000, 16384, PROT_READ|PROT_WRITE, MAP_PRIVATE|MAP_FIXED|MAP_ANONYMOUS|MAP_NORESERVE, -1, 0 <unfinished ...>
6316  mmap(0x7f3eaaa08000, 16384, PROT_READ|PROT_WRITE, MAP_PRIVATE|MAP_FIXED|MAP_ANONYMOUS|MAP_NORESERVE, -1, 0 <unfinished ...>
6315  <... mmap resumed>)               = 0x7f3eae3bc000
6314  <... mmap resumed>)               = 0x7f3ec96fc000
6311  <... munmap resumed>)             = 0
6319  <... mmap resumed>)               = 0x7f3e7e35c000
6318  <... mmap resumed>)               = 0x7f3e8be84000
6317  <... mmap resumed>)               = 0x7f3e9ae90000
6316  <... mmap resumed>)               = 0x7f3eaaa08000
6315  munmap(0x7f3eb2074000, 16384 <unfinished ...>
6314  munmap(0x7f3eccfc8000, 16384 <unfinished ...>
6313  <... munmap resumed>)             = 0
6319  munmap(0x7f3e803d4000, 16384 <unfinished ...>
6318  munmap(0x7f3e8eb74000, 16384 <unfinished ...>
6317  munmap(0x7f3ea2c88000, 16384 <unfinished ...>
6316  munmap(0x7f3ea5c5c000, 16384 <unfinished ...>
6315  <... munmap resumed>)             = 0
6314  <... munmap resumed>)             = 0
6313  mmap(0x7f3ed379c000, 16384, PROT_READ|PROT_WRITE, MAP_PRIVATE|MAP_FIXED|MAP_ANONYMOUS|MAP_NORESERVE, -1, 0 <unfinished ...>
6311  mmap(0x7f3edb3d0000, 16384, PROT_READ|PROT_WRITE, MAP_PRIVATE|MAP_FIXED|MAP_ANONYMOUS|MAP_NORESERVE, -1, 0 <unfinished ...>
6319  <... munmap resumed>)             = 0
6318  <... munmap resumed>)             = 0
6317  <... munmap resumed>)             = 0
6316  <... munmap resumed>)             = 0
6315  mmap(0x7f3eb2074000, 16384, PROT_READ|PROT_WRITE, MAP_PRIVATE|MAP_FIXED|MAP_ANONYMOUS|MAP_NORESERVE, -1, 0 <unfinished ...>
6314  mmap(0x7f3eccfc8000, 16384, PROT_READ|PROT_WRITE, MAP_PRIVATE|MAP_FIXED|MAP_ANONYMOUS|MAP_NORESERVE, -1, 0 <unfinished ...>
6313  <... mmap resumed>)               = 0x7f3ed379c000
6319  mmap(0x7f3e803d4000, 16384, PROT_READ|PROT_WRITE, MAP_PRIVATE|MAP_FIXED|MAP_ANONYMOUS|MAP_NORESERVE, -1, 0 <unfinished ...>
6318  mmap(0x7f3e8eb74000, 16384, PROT_READ|PROT_WRITE, MAP_PRIVATE|MAP_FIXED|MAP_ANONYMOUS|MAP_NORESERVE, -1, 0 <unfinished ...>
6317  mmap(0x7f3ea2c88000, 16384, PROT_READ|PROT_WRITE, MAP_PRIVATE|MAP_FIXED|MAP_ANONYMOUS|MAP_NORESERVE, -1, 0 <unfinished ...>
6316  mmap(0x7f3ea5c5c000, 16384, PROT_READ|PROT_WRITE, MAP_PRIVATE|MAP_FIXED|MAP_ANONYMOUS|MAP_NORESERVE, -1, 0 <unfinished ...>
6315  <... mmap resumed>)               = 0x7f3eb2074000
6314  <... mmap resumed>)               = 0x7f3eccfc8000
6311  <... mmap resumed>)               = 0x7f3edb3d0000
6319  <... mmap resumed>)               = 0x7f3e803d4000
6318  <... mmap resumed>)               = 0x7f3e8eb74000
6317  <... mmap resumed>)               = 0x7f3ea2c88000
6316  <... mmap resumed>)               = 0x7f3ea5c5c000
6315  munmap(0x7f3eb3720000, 16384 <unfinished ...>
6313  munmap(0x7f3ed9ed0000, 16384 <unfinished ...>
6319  munmap(0x7f3e81738000, 16384 <unfinished ...>
6318  munmap(0x7f3e9351c000, 16384 <unfinished ...>
6317  munmap(0x7f3e9cc4c000, 16384 <unfinished ...>
6316  munmap(0x7f3eac2f8000, 16384 <unfinished ...>
6315  <... munmap resumed>)             = 0
6314  munmap(0x7f3ece3ec000, 16384 <unfinished ...>
6311  munmap(0x7f3ede3ac000, 16384 <unfinished ...>
6319  <... munmap resumed>)             = 0
6318  <... munmap resumed>)             = 0
6317  <... munmap resumed>)             = 0
6316  <... munmap resumed>)             = 0
6315  mmap(0x7f3eb3720000, 16384, PROT_READ|PROT_WRITE, MAP_PRIVATE|MAP_FIXED|MAP_ANONYMOUS|MAP_NORESERVE, -1, 0 <unfinished ...>
6314  <... munmap resumed>)             = 0
6313  <... munmap resumed>)             = 0
6319  mmap(0x7f3e81738000, 16384, PROT_READ|PROT_WRITE, MAP_PRIVATE|MAP_FIXED|MAP_ANONYMOUS|MAP_NORESERVE, -1, 0 <unfinished ...>
6318  mmap(0x7f3e9351c000, 16384, PROT_READ|PROT_WRITE, MAP_PRIVATE|MAP_FIXED|MAP_ANONYMOUS|MAP_NORESERVE, -1, 0 <unfinished ...>
6317  mmap(0x7f3e9cc4c000, 16384, PROT_READ|PROT_WRITE, MAP_PRIVATE|MAP_FIXED|MAP_ANONYMOUS|MAP_NORESERVE, -1, 0 <unfinished ...>
6316  mmap(0x7f3eac2f8000, 16384, PROT_READ|PROT_WRITE, MAP_PRIVATE|MAP_FIXED|MAP_ANONYMOUS|MAP_NORESERVE, -1, 0 <unfinished ...>
6315  <... mmap resumed>)               = 0x7f3eb3720000
6314  mmap(0x7f3ece3ec000, 16384, PROT_READ|PROT_WRITE, MAP_PRIVATE|MAP_FIXED|MAP_ANONYMOUS|MAP_NORESERVE, -1, 0 <unfinished ...>
6311  <... munmap resumed>)             = 0
6319  <... mmap resumed>)               = 0x7f3e81738000
6318  <... mmap resumed>)               = 0x7f3e9351c000
6317  <... mmap resumed>)               = 0x7f3e9cc4c000
6316  <... mmap resumed>)               = 0x7f3eac2f8000
6315  munmap(0x7f3eb54dc000, 16384 <unfinished ...>
6314  <... mmap resumed>)               = 0x7f3ece3ec000
6313  mmap(0x7f3ed9ed0000, 16384, PROT_READ|PROT_WRITE, MAP_PRIVATE|MAP_FIXED|MAP_ANONYMOUS|MAP_NORESERVE, -1, 0 <unfinished ...>
6319  munmap(0x7f3e824b8000, 16384 <unfinished ...>
6318  munmap(0x7f3e8e3a0000, 16384 <unfinished ...>
6317  munmap(0x7f3e9c26c000, 16384 <unfinished ...>
6316  munmap(0x7f3ead930000, 16384 <unfinished ...>
6315  <... munmap resumed>)             = 0
6314  munmap(0x7f3ec67b8000, 16384 <unfinished ...>
6311  mmap(0x7f3ede3ac000, 16384, PROT_READ|PROT_WRITE, MAP_PRIVATE|MAP_FIXED|MAP_ANONYMOUS|MAP_NORESERVE, -1, 0 <unfinished ...>
6319  <... munmap resumed>)             = 0
6318  <... munmap resumed>)             = 0
6317  <... munmap resumed>)             = 0
6316  <... munmap resumed>)             = 0
6315  mmap(0x7f3eb54dc000, 16384, PROT_READ|PROT_WRITE, MAP_PRIVATE|MAP_FIXED|MAP_ANONYMOUS|MAP_NORESERVE, -1, 0 <unfinished ...>
6314  <... munmap resumed>)             = 0
6313  <... mmap resumed>)               = 0x7f3ed9ed0000
6319  mmap(0x7f3e824b8000, 16384, PROT_READ|PROT_WRITE, MAP_PRIVATE|MAP_FIXED|MAP_ANONYMOUS|MAP_NORESERVE, -1, 0 <unfinished ...>
6318  mmap(0x7f3e8e3a0000, 16384, PROT_READ|PROT_WRITE, MAP_PRIVATE|MAP_FIXED|MAP_ANONYMOUS|MAP_NORESERVE, -1, 0 <unfinished ...>
6317  mmap(0x7f3e9c26c000, 16384, PROT_READ|PROT_WRITE, MAP_PRIVATE|MAP_FIXED|MAP_ANONYMOUS|MAP_NORESERVE, -1, 0 <unfinished ...>
6316  mmap(0x7f3ead930000, 16384, PROT_READ|PROT_WRITE, MAP_PRIVATE|MAP_FIXED|MAP_ANONYMOUS|MAP_NORESERVE, -1, 0 <unfinished ...>
6315  <... mmap resumed>)               = 0x7f3eb54dc000
6314  mmap(0x7f3ec67b8000, 16384, PROT_READ|PROT_WRITE, MAP_PRIVATE|MAP_FIXED|MAP_ANONYMOUS|MAP_NORESERVE, -1, 0 <unfinished ...>
6311  <... mmap resumed>)               = 0x7f3ede3ac000
6319  <... mmap resumed>)               = 0x7f3e824b8000
6318  <... mmap resumed>)               = 0x7f3e8e3a0000
6317  <... mmap resumed>)               = 0x7f3e9c26c000
6316  <... mmap resumed>)               = 0x7f3ead930000
6315  munmap(0x7f3eb77b4000, 16384 <unfinished ...>
6314  <... mmap resumed>)               = 0x7f3ec67b8000
6313  munmap(0x7f3ed92d0000, 16384 <unfinished ...>
6319  munmap(0x7f3e822e4000, 16384 <unfinished ...>
6318  munmap(0x7f3e8a4e8000, 16384 <unfinished ...>
6317  munmap(0x7f3ea1a8c000, 16384 <unfinished ...>
6316  munmap(0x7f3ead0c4000, 16384 <unfinished ...>
6315  <... munmap resumed>)             = 0
6314  munmap(0x7f3ec7c98000, 16384 <unfinished ...>
6311  munmap(0x7f3ee1678000, 16384 <unfinished ...>
6319  <... munmap resumed>)             = 0
6318  <... munmap resumed>)             = 0
6317  <... munmap resumed>)             = 0
6316  <... munmap resumed>)             = 0
6315  mmap(0x7f3eb77b4000, 16384, PROT_READ|PROT_WRITE, MAP_PRIVATE|MAP_FIXED|MAP_ANONYMOUS|MAP_NORESERVE, -1, 0 <unfinished ...>
6314  <... munmap resumed>)             = 0
6313  <... munmap resumed>)             = 0
6319  mmap(0x7f3e822e4000, 16384, PROT_READ|PROT_WRITE, MAP_PRIVATE|MAP_FIXED|MAP_ANONYMOUS|MAP_NORESERVE, -1, 0 <unfinished ...>
6318  mmap(0x7f3e8a4e8000, 16384, PROT_READ|PROT_WRITE, MAP_PRIVATE|MAP_FIXED|MAP_ANONYMOUS|MAP_NORESERVE, -1, 0 <unfinished ...>
6317  mmap(0x7f3ea1a8c000, 16384, PROT_READ|PROT_WRITE, MAP_PRIVATE|MAP_FIXED|MAP_ANONYMOUS|MAP_NORESERVE, -1, 0 <unfinished ...>
6316  mmap(0x7f3ead0c4000, 16384, PROT_READ|PROT_WRITE, MAP_PRIVATE|MAP_FIXED|MAP_ANONYMOUS|MAP_NORESERVE, -1, 0 <unfinished ...>
6315  <... mmap resumed>)               = 0x7f3eb77b4000
6314  mmap(0x7f3ec7c98000, 16384, PROT_READ|PROT_WRITE, MAP_PRIVATE|MAP_FIXED|MAP_ANONYMOUS|MAP_NORESERVE, -1, 0 <unfinished ...>
6311  <... munmap resumed>)             = 0
6319  <... mmap resumed>)               = 0x7f3e822e4000
6318  <... mmap resumed>)               = 0x7f3e8a4e8000
6317  <... mmap resumed>)               = 0x7f3ea1a8c000
6316  <... mmap resumed>)               = 0x7f3ead0c4000
6315  munmap(0x7f3eb437c000, 16384 <unfinished ...>
6314  <... mmap resumed>)               = 0x7f3ec7c98000
6313  mmap(0x7f3ed92d0000, 16384, PROT_READ|PROT_WRITE, MAP_PRIVATE|MAP_FIXED|MAP_ANONYMOUS|MAP_NORESERVE, -1, 0 <unfinished ...>
6311  mmap(0x7f3ee1678000, 16384, PROT_READ|PROT_WRITE, MAP_PRIVATE|MAP_FIXED|MAP_ANONYMOUS|MAP_NORESERVE, -1, 0 <unfinished ...>
6319  munmap(0x7f3e7e498000, 16384 <unfinished ...>
6318  munmap(0x7f3e8abbc000, 16384 <unfinished ...>
6317  munmap(0x7f3e9e1fc000, 16384 <unfinished ...>
6316  munmap(0x7f3ea9338000, 16384 <unfinished ...>
6315  <... munmap resumed>)             = 0
6314  munmap(0x7f3ec8324000, 16384 <unfinished ...>
6313  <... mmap resumed>)               = 0x7f3ed92d0000
6319  <... munmap resumed>)             = 0
6318  <... munmap resumed>)             = 0
6317  <... munmap resumed>)             = 0
6316  <... munmap resumed>)             = 0
6315  mmap(0x7f3eb437c000, 16384, PROT_READ|PROT_WRITE, MAP_PRIVATE|MAP_FIXED|MAP_ANONYMOUS|MAP_NORESERVE, -1, 0 <unfinished ...>
6314  <... munmap resumed>)             = 0
6311  <... mmap resumed>)               = 0x7f3ee1678000
6319  mmap(0x7f3e7e498000, 16384, PROT_READ|PROT_WRITE, MAP_PRIVATE|MAP_FIXED|MAP_ANONYMOUS|MAP_NORESERVE, -1, 0 <unfinished ...>
6318  mmap(0x7f3e8abbc000, 16384, PROT_READ|PROT_WRITE, MAP_PRIVATE|MAP_FIXED|MAP_ANONYMOUS|MAP_NORESERVE, -1, 0 <unfinished ...>
6317  mmap(0x7f3e9e1fc000, 16384, PROT_READ|PROT_WRITE, MAP_PRIVATE|MAP_FIXED|MAP_ANONYMOUS|MAP_NORESERVE, -1, 0 <unfinished ...>
6316  mmap(0x7f3ea9338000, 16384, PROT_READ|PROT_WRITE, MAP_PRIVATE|MAP_FIXED|MAP_ANONYMOUS|MAP_NORESERVE, -1, 0 <unfinished ...>
6315  <... mmap resumed>)               = 0x7f3eb437c000
6314  mmap(0x7f3ec8324000, 16384, PROT_READ|PROT_WRITE, MAP_PRIVATE|MAP_FIXED|MAP_ANONYMOUS|MAP_NORESERVE, -1, 0 <unfinished ...>
6313  munmap(0x7f3ed1c7c000, 16384 <unfinished ...>
6319  <... mmap resumed>)               = 0x7f3e7e498000
6318  <... mmap resumed>)               = 0x7f3e8abbc000
6317  <... mmap resumed>)               = 0x7f3e9e1fc000
6316  <... mmap resumed>)               = 0x7f3ea9338000
6315  munmap(0x7f3eb5980000, 16384 <unfinished ...>
6314  <... mmap resumed>)               = 0x7f3ec8324000
6311  munmap(0x7f3eda43c000, 16384 <unfinished ...>
6319  munmap(0x7f3e7a400000, 16384 <unfinished ...>
6318  munmap(0x7f3e90024000, 16384 <unfinished ...>
6317  munmap(0x7f3ea294c000, 16384 <unfinished ...>
6316  munmap(0x7f3eacc54000, 16384 <unfinished ...>
6315  <... munmap resumed>)             = 0
6314  munmap(0x7f3ec6690000, 16384 <unfinished ...>
6313  <... munmap resumed>)             = 0
6319  <... munmap resumed>)             = 0
6318  <... munmap resumed>)             = 0
6317  <... munmap resumed>)             = 0
6316  <... munmap resumed>)             = 0
6315  mmap(0x7f3eb5980000, 16384, PROT_READ|PROT_WRITE, MAP_PRIVATE|MAP_FIXED|MAP_ANONYMOUS|MAP_NORESERVE, -1, 0 <unfinished ...>
6314  <... munmap resumed>)             = 0
6311  <... munmap resumed>)             = 0
6319  mmap(0x7f3e7a400000, 16384, PROT_READ|PROT_WRITE, MAP_PRIVATE|MAP_FIXED|MAP_ANONYMOUS|MAP_NORESERVE, -1, 0 <unfinished ...>
6318  mmap(0x7f3e90024000, 16384, PROT_READ|PROT_WRITE, MAP_PRIVATE|MAP_FIXED|MAP_ANONYMOUS|MAP_NORESERVE, -1, 0 <unfinished ...>
6317  mmap(0x7f3ea294c000, 16384, PROT_READ|PROT_WRITE, MAP_PRIVATE|MAP_FIXED|MAP_ANONYMOUS|MAP_NORESERVE, -1, 0 <unfinished ...>
6316  mmap(0x7f3eacc54000, 16384, PROT_READ|PROT_WRITE, MAP_PRIVATE|MAP_FIXED|MAP_ANONYMOUS|MAP_NORESERVE, -1, 0 <unfinished ...>
6315  <... mmap resumed>)               = 0x7f3eb5980000
6314  mmap(0x7f3ec6690000, 16384, PROT_READ|PROT_WRITE, MAP_PRIVATE|MAP_FIXED|MAP_ANONYMOUS|MAP_NORESERVE, -1, 0 <unfinished ...>
6313  mmap(0x7f3ed1c7c000, 16384, PROT_READ|PROT_WRITE, MAP_PRIVATE|MAP_FIXED|MAP_ANONYMOUS|MAP_NORESERVE, -1, 0 <unfinished ...>
6319  <... mmap resumed>)               = 0x7f3e7a400000
6318  <... mmap resumed>)               = 0x7f3e90024000
6317  <... mmap resumed>)               = 0x7f3ea294c000
6316  <... mmap resumed>)               = 0x7f3eacc54000
6315  munmap(0x7f3eb64c0000, 16384 <unfinished ...>
6314  <... mmap resumed>)               = 0x7f3ec6690000
6311  mmap(0x7f3eda43c000, 16384, PROT_READ|PROT_WRITE, MAP_PRIVATE|MAP_FIXED|MAP_ANONYMOUS|MAP_NORESERVE, -1, 0 <unfinished ...>
6319  munmap(0x7f3e826b0000, 16384 <unfinished ...>
6318  munmap(0x7f3e8dc44000, 16384 <unfinished ...>
6317  munmap(0x7f3e9b9d4000, 16384 <unfinished ...>
6316  munmap(0x7f3ea54ec000, 16384 <unfinished ...>
6315  <... munmap resumed>)             = 0
6314  munmap(0x7f3ecb2e4000, 16384 <unfinished ...>
6313  <... mmap resumed>)               = 0x7f3ed1c7c000
6319  <... munmap resumed>)             = 0
6318  <... munmap resumed>)             = 0
6317  <... munmap resumed>)             = 0
6316  <... munmap resumed>)             = 0
6315  mmap(0x7f3eb64c0000, 16384, PROT_READ|PROT_WRITE, MAP_PRIVATE|MAP_FIXED|MAP_ANONYMOUS|MAP_NORESERVE, -1, 0 <unfinished ...>
6314  <... munmap resumed>)             = 0
6311  <... mmap resumed>)               = 0x7f3eda43c000
6319  mmap(0x7f3e826b0000, 16384, PROT_READ|PROT_WRITE, MAP_PRIVATE|MAP_FIXED|MAP_ANONYMOUS|MAP_NORESERVE, -1, 0 <unfinished ...>
6318  mmap(0x7f3e8dc44000, 16384, PROT_READ|PROT_WRITE, MAP_PRIVATE|MAP_FIXED|MAP_ANONYMOUS|MAP_NORESERVE, -1, 0 <unfinished ...>
6317  mmap(0x7f3e9b9d4000, 16384, PROT_READ|PROT_WRITE, MAP_PRIVATE|MAP_FIXED|MAP_ANONYMOUS|MAP_NORESERVE, -1, 0 <unfinished ...>
6316  mmap(0x7f3ea54ec000, 16384, PROT_READ|PROT_WRITE, MAP_PRIVATE|MAP_FIXED|MAP_ANONYMOUS|MAP_NORESERVE, -1, 0 <unfinished ...>
6315  <... mmap resumed>)               = 0x7f3eb64c0000
6314  mmap(0x7f3ecb2e4000, 16384, PROT_READ|PROT_WRITE, MAP_PRIVATE|MAP_FIXED|MAP_ANONYMOUS|MAP_NORESERVE, -1, 0 <unfinished ...>
6313  munmap(0x7f3ed65c4000, 16384 <unfinished ...>
6311  munmap(0x7f3edaaf0000, 16384 <unfinished ...>
6319  <... mmap resumed>)               = 0x7f3e826b0000
6318  <... mmap resumed>)               = 0x7f3e8dc44000
6317  <... mmap resumed>)               = 0x7f3e9b9d4000
6316  <... mmap resumed>)               = 0x7f3ea54ec000
6315  munmap(0x7f3eaef48000, 16384 <unfinished ...>
6314  <... mmap resumed>)               = 0x7f3ecb2e4000
6313  <... munmap resumed>)             = 0
6319  munmap(0x7f3e7c6a4000, 16384 <unfinished ...>
6318  munmap(0x7f3e90d64000, 16384 <unfinished ...>
6317  munmap(0x7f3ea07fc000, 16384 <unfinished ...>
6316  munmap(0x7f3eaad44000, 16384 <unfinished ...>
6315  <... munmap resumed>)             = 0
6314  munmap(0x7f3ecc3f4000, 16384 <unfinished ...>
6311  <... munmap resumed>)             = 0
6319  <... munmap resumed>)             = 0
6318  <... munmap resumed>)             = 0
6317  <... munmap resumed>)             = 0
6316  <... munmap resumed>)             = 0
6315  mmap(0x7f3eaef48000, 16384, PROT_READ|PROT_WRITE, MAP_PRIVATE|MAP_FIXED|MAP_ANONYMOUS|MAP_NORESERVE, -1, 0 <unfinished ...>
6314  <... munmap resumed>)             = 0
6313  mmap(0x7f3ed65c4000, 16384, PROT_READ|PROT_WRITE, MAP_PRIVATE|MAP_FIXED|MAP_ANONYMOUS|MAP_NORESERVE, -1, 0 <unfinished ...>
6319  mmap(0x7f3e7c6a4000, 16384, PROT_READ|PROT_WRITE, MAP_PRIVATE|MAP_FIXED|MAP_ANONYMOUS|MAP_NORESERVE, -1, 0 <unfinished ...>
6318  mmap(0x7f3e90d64000, 16384, PROT_READ|PROT_WRITE, MAP_PRIVATE|MAP_FIXED|MAP_ANONYMOUS|MAP_NORESERVE, -1, 0 <unfinished ...>
6317  mmap(0x7f3ea07fc000, 16384, PROT_READ|PROT_WRITE, MAP_PRIVATE|MAP_FIXED|MAP_ANONYMOUS|MAP_NORESERVE, -1, 0 <unfinished ...>
6316  mmap(0x7f3eaad44000, 16384, PROT_READ|PROT_WRITE, MAP_PRIVATE|MAP_FIXED|MAP_ANONYMOUS|MAP_NORESERVE, -1, 0 <unfinished ...>
6315  <... mmap resumed>)               = 0x7f3eaef48000
6314  mmap(0x7f3ecc3f4000, 16384, PROT_READ|PROT_WRITE, MAP_PRIVATE|MAP_FIXED|MAP_ANONYMOUS|MAP_NORESERVE, -1, 0 <unfinished ...>
6311  mmap(0x7f3edaaf0000, 16384, PROT_READ|PROT_WRITE, MAP_PRIVATE|MAP_FIXED|MAP_ANONYMOUS|MAP_NORESERVE, -1, 0 <unfinished ...>
6319  <... mmap resumed>)               = 0x7f3e7c6a4000
6318  <... mmap resumed>)               = 0x7f3e90d64000
6317  <... mmap resumed>)               = 0x7f3ea07fc000
6316  <... mmap resumed>)               = 0x7f3eaad44000
6315  munmap(0x7f3eb3078000, 16384 <unfinished ...>
6314  <... mmap resumed>)               = 0x7f3ecc3f4000
6313  <... mmap resumed>)               = 0x7f3ed65c4000
6319  munmap(0x7f3e7a984000, 16384 <unfinished ...>
6318  munmap(0x7f3e8f484000, 16384 <unfinished ...>
6317  munmap(0x7f3e9eeb4000, 16384 <unfinished ...>
6316  munmap(0x7f3ea9744000, 16384 <unfinished ...>
6315  <... munmap resumed>)             = 0
6314  munmap(0x7f3ecb4dc000, 16384 <unfinished ...>
6311  <... mmap resumed>)               = 0x7f3edaaf0000
6319  <... munmap resumed>)             = 0
6318  <... munmap resumed>)             = 0
6317  <... munmap resumed>)             = 0
6316  <... munmap resumed>)             = 0
6315  mmap(0x7f3eb3078000, 16384, PROT_READ|PROT_WRITE, MAP_PRIVATE|MAP_FIXED|MAP_ANONYMOUS|MAP_NORESERVE, -1, 0 <unfinished ...>
6314  <... munmap resumed>)             = 0
6313  munmap(0x7f3ed6600000, 16384 <unfinished ...>
6311  munmap(0x7f3ee37f0000, 16384 <unfinished ...>
6319  mmap(0x7f3e7a984000, 16384, PROT_READ|PROT_WRITE, MAP_PRIVATE|MAP_FIXED|MAP_ANONYMOUS|MAP_NORESERVE, -1, 0 <unfinished ...>
6318  mmap(0x7f3e8f484000, 16384, PROT_READ|PROT_WRITE, MAP_PRIVATE|MAP_FIXED|MAP_ANONYMOUS|MAP_NORESERVE, -1, 0 <unfinished ...>
6317  mmap(0x7f3e9eeb4000, 16384, PROT_READ|PROT_WRITE, MAP_PRIVATE|MAP_FIXED|MAP_ANONYMOUS|MAP_NORESERVE, -1, 0 <unfinished ...>
6316  mmap(0x7f3ea9744000, 16384, PROT_READ|PROT_WRITE, MAP_PRIVATE|MAP_FIXED|MAP_ANONYMOUS|MAP_NORESERVE, -1, 0 <unfinished ...>
6315  <... mmap resumed>)               = 0x7f3eb3078000
6314  mmap(0x7f3ecb4dc000, 16384, PROT_READ|PROT_WRITE, MAP_PRIVATE|MAP_FIXED|MAP_ANONYMOUS|MAP_NORESERVE, -1, 0 <unfinished ...>
6313  <... munmap resumed>)             = 0
6319  <... mmap resumed>)               = 0x7f3e7a984000
6318  <... mmap resumed>)               = 0x7f3e8f484000
6317  <... mmap resumed>)               = 0x7f3e9eeb4000
6316  <... mmap resumed>)               = 0x7f3ea9744000
6315  munmap(0x7f3eb49b0000, 16384 <unfinished ...>
6314  <... mmap resumed>)               = 0x7f3ecb4dc000
6311  <... munmap resumed>)             = 0
6319  munmap(0x7f3e82a0c000, 16384 <unfinished ...>
6318  munmap(0x7f3e8f080000, 16384 <unfinished ...>
6317  munmap(0x7f3e9c770000, 16384 <unfinished ...>
6316  munmap(0x7f3ea8dd8000, 16384 <unfinished ...>
6315  <... munmap resumed>)             = 0
6314  munmap(0x7f3ec9f00000, 16384 <unfinished ...>
6313  mmap(0x7f3ed6600000, 16384, PROT_READ|PROT_WRITE, MAP_PRIVATE|MAP_FIXED|MAP_ANONYMOUS|MAP_NORESERVE, -1, 0 <unfinished ...>
6319  <... munmap resumed>)             = 0
6318  <... munmap resumed>)             = 0
6317  <... munmap resumed>)             = 0
6316  <... munmap resumed>)             = 0
6315  mmap(0x7f3eb49b0000, 16384, PROT_READ|PROT_WRITE, MAP_PRIVATE|MAP_FIXED|MAP_ANONYMOUS|MAP_NORESERVE, -1, 0 <unfinished ...>
6314  <... munmap resumed>)             = 0
6311  mmap(0x7f3ee37f0000, 16384, PROT_READ|PROT_WRITE, MAP_PRIVATE|MAP_FIXED|MAP_ANONYMOUS|MAP_NORESERVE, -1, 0 <unfinished ...>
6319  mmap(0x7f3e82a0c000, 16384, PROT_READ|PROT_WRITE, MAP_PRIVATE|MAP_FIXED|MAP_ANONYMOUS|MAP_NORESERVE, -1, 0 <unfinished ...>
6318  mmap(0x7f3e8f080000, 16384, PROT_READ|PROT_WRITE, MAP_PRIVATE|MAP_FIXED|MAP_ANONYMOUS|MAP_NORESERVE, -1, 0 <unfinished ...>
6317  mmap(0x7f3e9c770000, 16384, PROT_READ|PROT_WRITE, MAP_PRIVATE|MAP_FIXED|MAP_ANONYMOUS|MAP_NORESERVE, -1, 0 <unfinished ...>
6316  mmap(0x7f3ea8dd8000, 16384, PROT_READ|PROT_WRITE, MAP_PRIVATE|MAP_FIXED|MAP_ANONYMOUS|MAP_NORESERVE, -1, 0 <unfinished ...>
6315  <... mmap resumed>)               = 0x7f3eb49b0000
6314  mmap(0x7f3ec9f00000, 16384, PROT_READ|PROT_WRITE, MAP_PRIVATE|MAP_FIXED|MAP_ANONYMOUS|MAP_NORESERVE, -1, 0 <unfinished ...>
6313  <... mmap resumed>)               = 0x7f3ed6600000
6319  <... mmap resumed>)               = 0x7f3e82a0c000
6318  <... mmap resumed>)               = 0x7f3e8f080000
6317  <... mmap resumed>)               = 0x7f3e9c770000
6316  <... mmap resumed>)               = 0x7f3ea8dd8000
6315  munmap(0x7f3eb6b50000, 16384 <unfinished ...>
6314  <... mmap resumed>)               = 0x7f3ec9f00000
6311  <... mmap resumed>)               = 0x7f3ee37f0000
6319  munmap(0x7f3e7d3c4000, 16384 <unfinished ...>
6318  munmap(0x7f3e91180000, 16384 <unfinished ...>
6317  munmap(0x7f3e9bc94000, 16384 <unfinished ...>
6316  munmap(0x7f3ea85ac000, 16384 <unfinished ...>
6315  <... munmap resumed>)             = 0
6314  munmap(0x7f3ecdcc8000, 16384 <unfinished ...>
6313  munmap(0x7f3ed65e8000, 16384 <unfinished ...>
6311  munmap(0x7f3edcb6c000, 16384 <unfinished ...>
6319  <... munmap resumed>)             = 0
6318  <... munmap resumed>)             = 0
6317  <... munmap resumed>)             = 0
6316  <... munmap resumed>)             = 0
6315  mmap(0x7f3eb6b50000, 16384, PROT_READ|PROT_WRITE, MAP_PRIVATE|MAP_FIXED|MAP_ANONYMOUS|MAP_NORESERVE, -1, 0 <unfinished ...>
6314  <... munmap resumed>)             = 0
6313  <... munmap resumed>)             = 0
6319  mmap(0x7f3e7d3c4000, 16384, PROT_READ|PROT_WRITE, MAP_PRIVATE|MAP_FIXED|MAP_ANONYMOUS|MAP_NORESERVE, -1, 0 <unfinished ...>
6318  mmap(0x7f3e91180000, 16384, PROT_READ|PROT_WRITE, MAP_PRIVATE|MAP_FIXED|MAP_ANONYMOUS|MAP_NORESERVE, -1, 0 <unfinished ...>
6317  mmap(0x7f3e9bc94000, 16384, PROT_READ|PROT_WRITE, MAP_PRIVATE|MAP_FIXED|MAP_ANONYMOUS|MAP_NORESERVE, -1, 0 <unfinished ...>
6316  mmap(0x7f3ea85ac000, 16384, PROT_READ|PROT_WRITE, MAP_PRIVATE|MAP_FIXED|MAP_ANONYMOUS|MAP_NORESERVE, -1, 0 <unfinished ...>
6315  <... mmap resumed>)               = 0x7f3eb6b50000
6314  mmap(0x7f3ecdcc8000, 16384, PROT_READ|PROT_WRITE, MAP_PRIVATE|MAP_FIXED|MAP_ANONYMOUS|MAP_NORESERVE, -1, 0 <unfinished ...>
6311  <... munmap resumed>)             = 0
6319  <... mmap resumed>)               = 0x7f3e7d3c4000
6318  <... mmap resumed>)               = 0x7f3e91180000
6317  <... mmap resumed>)               = 0x7f3e9bc94000
6316  <... mmap resumed>)               = 0x7f3ea85ac000
6315  munmap(0x7f3eb3f20000, 16384 <unfinished ...>
6314  <... mmap resumed>)               = 0x7f3ecdcc8000
6313  mmap(0x7f3ed65e8000, 16384, PROT_READ|PROT_WRITE, MAP_PRIVATE|MAP_FIXED|MAP_ANONYMOUS|MAP_NORESERVE, -1, 0 <unfinished ...>
6319  munmap(0x7f3e7ae68000, 16384 <unfinished ...>
6318  munmap(0x7f3e9204c000, 16384 <unfinished ...>
6317  munmap(0x7f3e9c9e0000, 16384 <unfinished ...>
6316  munmap(0x7f3ea9ee8000, 16384 <unfinished ...>
6315  <... munmap resumed>)             = 0
6314  munmap(0x7f3ec6c7c000, 16384 <unfinished ...>
6311  mmap(0x7f3edcb6c000, 16384, PROT_READ|PROT_WRITE, MAP_PRIVATE|MAP_FIXED|MAP_ANONYMOUS|MAP_NORESERVE, -1, 0 <unfinished ...>
6319  <... munmap resumed>)             = 0
6318  <... munmap resumed>)             = 0
6317  <... munmap resumed>)             = 0
6316  <... munmap resumed>)             = 0
6315  mmap(0x7f3eb3f20000, 16384, PROT_READ|PROT_WRITE, MAP_PRIVATE|MAP_FIXED|MAP_ANONYMOUS|MAP_NORESERVE, -1, 0 <unfinished ...>
6314  <... munmap resumed>)             = 0
6313  <... mmap resumed>)               = 0x7f3ed65e8000
6319  mmap(0x7f3e7ae68000, 16384, PROT_READ|PROT_WRITE, MAP_PRIVATE|MAP_FIXED|MAP_ANONYMOUS|MAP_NORESERVE, -1, 0 <unfinished ...>
6318  mmap(0x7f3e9204c000, 16384, PROT_READ|PROT_WRITE, MAP_PRIVATE|MAP_FIXED|MAP_ANONYMOUS|MAP_NORESERVE, -1, 0 <unfinished ...>
6317  mmap(0x7f3e9c9e0000, 16384, PROT_READ|PROT_WRITE, MAP_PRIVATE|MAP_FIXED|MAP_ANONYMOUS|MAP_NORESERVE, -1, 0 <unfinished ...>
6316  mmap(0x7f3ea9ee8000, 16384, PROT_READ|PROT_WRITE, MAP_PRIVATE|MAP_FIXED|MAP_ANONYMOUS|MAP_NORESERVE, -1, 0 <unfinished ...>
6315  <... mmap resumed>)               = 0x7f3eb3f20000
6314  mmap(0x7f3ec6c7c000, 16384, PROT_READ|PROT_WRITE, MAP_PRIVATE|MAP_FIXED|MAP_ANONYMOUS|MAP_NORESERVE, -1, 0 <unfinished ...>
6311  <... mmap resumed>)               = 0x7f3edcb6c000
6319  <... mmap resumed>)               = 0x7f3e7ae68000
6318  <... mmap resumed>)               = 0x7f3e9204c000
6317  <... mmap resumed>)               = 0x7f3e9c9e0000
6316  <... mmap resumed>)               = 0x7f3ea9ee8000
6315  munmap(0x7f3eaef58000, 16384 <unfinished ...>
6314  <... mmap resumed>)               = 0x7f3ec6c7c000
6313  munmap(0x7f3ed63d8000, 16384 <unfinished ...>
6319  munmap(0x7f3e816f0000, 16384 <unfinished ...>
6318  munmap(0x7f3e90720000, 16384 <unfinished ...>
6317  munmap(0x7f3e9d6ec000, 16384 <unfinished ...>
6316  munmap(0x7f3ea9fe4000, 16384 <unfinished ...>
6315  <... munmap resumed>)             = 0
6314  munmap(0x7f3ec7b48000, 16384 <unfinished ...>
6311  munmap(0x7f3edb618000, 16384 <unfinished ...>
6319  <... munmap resumed>)             = 0
6318  <... munmap resumed>)             = 0
6317  <... munmap resumed>)             = 0
6316  <... munmap resumed>)             = 0
6315  mmap(0x7f3eaef58000, 16384, PROT_READ|PROT_WRITE, MAP_PRIVATE|MAP_FIXED|MAP_ANONYMOUS|MAP_NORESERVE, -1, 0 <unfinished ...>
6314  <... munmap resumed>)             = 0
6313  <... munmap resumed>)             = 0
6319  mmap(0x7f3e816f0000, 16384, PROT_READ|PROT_WRITE, MAP_PRIVATE|MAP_FIXED|MAP_ANONYMOUS|MAP_NORESERVE, -1, 0 <unfinished ...>
6318  mmap(0x7f3e90720000, 16384, PROT_READ|PROT_WRITE, MAP_PRIVATE|MAP_FIXED|MAP_ANONYMOUS|MAP_NORESERVE, -1, 0 <unfinished ...>
6317  mmap(0x7f3e9d6ec000, 16384, PROT_READ|PROT_WRITE, MAP_PRIVATE|MAP_FIXED|MAP_ANONYMOUS|MAP_NORESERVE, -1, 0 <unfinished ...>
6316  mmap(0x7f3ea9fe4000, 16384, PROT_READ|PROT_WRITE, MAP_PRIVATE|MAP_FIXED|MAP_ANONYMOUS|MAP_NORESERVE, -1, 0 <unfinished ...>
6315  <... mmap resumed>)               = 0x7f3eaef58000
6314  mmap(0x7f3ec7b48000, 16384, PROT_READ|PROT_WRITE, MAP_PRIVATE|MAP_FIXED|MAP_ANONYMOUS|MAP_NORESERVE, -1, 0 <unfinished ...>
6311  <... munmap resumed>)             = 0
6319  <... mmap resumed>)               = 0x7f3e816f0000
6318  <... mmap resumed>)               = 0x7f3e90720000
6317  <... mmap resumed>)               = 0x7f3e9d6ec000
6316  <... mmap resumed>)               = 0x7f3ea9fe4000
6315  munmap(0x7f3eb6ed0000, 16384 <unfinished ...>
6314  <... mmap resumed>)               = 0x7f3ec7b48000
6313  mmap(0x7f3ed63d8000, 16384, PROT_READ|PROT_WRITE, MAP_PRIVATE|MAP_FIXED|MAP_ANONYMOUS|MAP_NORESERVE, -1, 0 <unfinished ...>
6319  munmap(0x7f3e83e20000, 16384 <unfinished ...>
6318  munmap(0x7f3e8e72c000, 16384 <unfinished ...>
6317  munmap(0x7f3ea2490000, 16384 <unfinished ...>
6316  munmap(0x7f3eaafd0000, 16384 <unfinished ...>
6315  <... munmap resumed>)             = 0
6314  munmap(0x7f3eca1c8000, 16384 <unfinished ...>
6311  mmap(0x7f3edb618000, 16384, PROT_READ|PROT_WRITE, MAP_PRIVATE|MAP_FIXED|MAP_ANONYMOUS|MAP_NORESERVE, -1, 0 <unfinished ...>
6319  <... munmap resumed>)             = 0
6318  <... munmap resumed>)             = 0
6317  <... munmap resumed>)             = 0
6316  <... munmap resumed>)             = 0
6315  mmap(0x7f3eb6ed0000, 16384, PROT_READ|PROT_WRITE, MAP_PRIVATE|MAP_FIXED|MAP_ANONYMOUS|MAP_NORESERVE, -1, 0 <unfinished ...>
6314  <... munmap resumed>)             = 0
6313  <... mmap resumed>)               = 0x7f3ed63d8000
6319  mmap(0x7f3e83e20000, 16384, PROT_READ|PROT_WRITE, MAP_PRIVATE|MAP_FIXED|MAP_ANONYMOUS|MAP_NORESERVE, -1, 0 <unfinished ...>
6318  mmap(0x7f3e8e72c000, 16384, PROT_READ|PROT_WRITE, MAP_PRIVATE|MAP_FIXED|MAP_ANONYMOUS|MAP_NORESERVE, -1, 0 <unfinished ...>
6317  mmap(0x7f3ea2490000, 16384, PROT_READ|PROT_WRITE, MAP_PRIVATE|MAP_FIXED|MAP_ANONYMOUS|MAP_NORESERVE, -1, 0 <unfinished ...>
6316  mmap(0x7f3eaafd0000, 16384, PROT_READ|PROT_WRITE, MAP_PRIVATE|MAP_FIXED|MAP_ANONYMOUS|MAP_NORESERVE, -1, 0 <unfinished ...>
6315  <... mmap resumed>)               = 0x7f3eb6ed0000
6314  mmap(0x7f3eca1c8000, 16384, PROT_READ|PROT_WRITE, MAP_PRIVATE|MAP_FIXED|MAP_ANONYMOUS|MAP_NORESERVE, -1, 0 <unfinished ...>
6311  <... mmap resumed>)               = 0x7f3edb618000
6319  <... mmap resumed>)               = 0x7f3e83e20000
6318  <... mmap resumed>)               = 0x7f3e8e72c000
6317  <... mmap resumed>)               = 0x7f3ea2490000
6316  <... mmap resumed>)               = 0x7f3eaafd0000
6315  munmap(0x7f3eb24a8000, 16384 <unfinished ...>
6314  <... mmap resumed>)               = 0x7f3eca1c8000
6313  munmap(0x7f3ed3908000, 16384 <unfinished ...>
6319  munmap(0x7f3e7d87c000, 16384 <unfinished ...>
6318  munmap(0x7f3e916d4000, 16384 <unfinished ...>
6317  munmap(0x7f3ea0554000, 16384 <unfinished ...>
6316  munmap(0x7f3ea5810000, 16384 <unfinished ...>
6315  <... munmap resumed>)             = 0
6314  munmap(0x7f3ecf1f8000, 16384 <unfinished ...>
6311  munmap(0x7f3ee16a4000, 16384 <unfinished ...>
6319  <... munmap resumed>)             = 0
6318  <... munmap resumed>)             = 0
6317  <... munmap resumed>)             = 0
6316  <... munmap resumed>)             = 0
6315  mmap(0x7f3eb24a8000, 16384, PROT_READ|PROT_WRITE, MAP_PRIVATE|MAP_FIXED|MAP_ANONYMOUS|MAP_NORESERVE, -1, 0 <unfinished ...>
6314  <... munmap resumed>)             = 0
6313  <... munmap resumed>)             = 0
6319  mmap(0x7f3e7d87c000, 16384, PROT_READ|PROT_WRITE, MAP_PRIVATE|MAP_FIXED|MAP_ANONYMOUS|MAP_NORESERVE, -1, 0 <unfinished ...>
6318  mmap(0x7f3e916d4000, 16384, PROT_READ|PROT_WRITE, MAP_PRIVATE|MAP_FIXED|MAP_ANONYMOUS|MAP_NORESERVE, -1, 0 <unfinished ...>
6317  mmap(0x7f3ea0554000, 16384, PROT_READ|PROT_WRITE, MAP_PRIVATE|MAP_FIXED|MAP_ANONYMOUS|MAP_NORESERVE, -1, 0 <unfinished ...>
6316  mmap(0x7f3ea5810000, 16384, PROT_READ|PROT_WRITE, MAP_PRIVATE|MAP_FIXED|MAP_ANONYMOUS|MAP_NORESERVE, -1, 0 <unfinished ...>
6315  <... mmap resumed>)               = 0x7f3eb24a8000
6314  mmap(0x7f3ecf1f8000, 16384, PROT_READ|PROT_WRITE, MAP_PRIVATE|MAP_FIXED|MAP_ANONYMOUS|MAP_NORESERVE, -1, 0 <unfinished ...>
6311  <... munmap resumed>)             = 0
6319  <... mmap resumed>)               = 0x7f3e7d87c000
6318  <... mmap resumed>)               = 0x7f3e916d4000
6317  <... mmap resumed>)               = 0x7f3ea0554000
6316  <... mmap resumed>)               = 0x7f3ea5810000
6315  munmap(0x7f3eae9ac000, 16384 <unfinished ...>
6314  <... mmap resumed>)               = 0x7f3ecf1f8000
6313  mmap(0x7f3ed3908000, 16384, PROT_READ|PROT_WRITE, MAP_PRIVATE|MAP_FIXED|MAP_ANONYMOUS|MAP_NORESERVE, -1, 0 <unfinished ...>
6319  munmap(0x7f3e7cd64000, 16384 <unfinished ...>
6318  munmap(0x7f3e93254000, 16384 <unfinished ...>
6317  munmap(0x7f3e9afb0000, 16384 <unfinished ...>
6316  munmap(0x7f3ea5fd0000, 16384 <unfinished ...>
6315  <... munmap resumed>)             = 0
6314  munmap(0x7f3ecc6c4000, 16384 <unfinished ...>
6311  mmap(0x7f3ee16a4000, 16384, PROT_READ|PROT_WRITE, MAP_PRIVATE|MAP_FIXED|MAP_ANONYMOUS|MAP_NORESERVE, -1, 0 <unfinished ...>
6319  <... munmap resumed>)             = 0
6318  <... munmap resumed>)             = 0
6317  <... munmap resumed>)             = 0
6316  <... munmap resumed>)             = 0
6315  mmap(0x7f3eae9ac000, 16384, PROT_READ|PROT_WRITE, MAP_PRIVATE|MAP_FIXED|MAP_ANONYMOUS|MAP_NORESERVE, -1, 0 <unfinished ...>
6314  <... munmap resumed>)             = 0
6313  <... mmap resumed>)               = 0x7f3ed3908000
6311  <... mmap resumed>)               = 0x7f3ee16a4000
6319  mmap(0x7f3e7cd64000, 16384, PROT_READ|PROT_WRITE, MAP_PRIVATE|MAP_FIXED|MAP_ANONYMOUS|MAP_NORESERVE, -1, 0 <unfinished ...>
6318  mmap(0x7f3e93254000, 16384, PROT_READ|PROT_WRITE, MAP_PRIVATE|MAP_FIXED|MAP_ANONYMOUS|MAP_NORESERVE, -1, 0 <unfinished ...>
6317  mmap(0x7f3e9afb0000, 16384, PROT_READ|PROT_WRITE, MAP_PRIVATE|MAP_FIXED|MAP_ANONYMOUS|MAP_NORESERVE, -1, 0 <unfinished ...>
6316  mmap(0x7f3ea5fd0000, 16384, PROT_READ|PROT_WRITE, MAP_PRIVATE|MAP_FIXED|MAP_ANONYMOUS|MAP_NORESERVE, -1, 0 <unfinished ...>
6315  <... mmap resumed>)               = 0x7f3eae9ac000
6314  mmap(0x7f3ecc6c4000, 16384, PROT_READ|PROT_WRITE, MAP_PRIVATE|MAP_FIXED|MAP_ANONYMOUS|MAP_NORESERVE, -1, 0 <unfinished ...>
6313  munmap(0x7f3ed7c90000, 16384 <unfinished ...>
6319  <... mmap resumed>)               = 0x7f3e7cd64000
6318  <... mmap resumed>)               = 0x7f3e93254000
6317  <... mmap resumed>)               = 0x7f3e9afb0000
6316  <... mmap resumed>)               = 0x7f3ea5fd0000
6315  munmap(0x7f3eb5bb0000, 16384 <unfinished ...>
6314  <... mmap resumed>)               = 0x7f3ecc6c4000
6311  munmap(0x7f3edf008000, 16384 <unfinished ...>
6319  munmap(0x7f3e7b25c000, 16384 <unfinished ...>
6318  munmap(0x7f3e90ce4000, 16384 <unfinished ...>
6317  munmap(0x7f3e9ef34000, 16384 <unfinished ...>
6316  munmap(0x7f3eac620000, 16384 <unfinished ...>
6315  <... munmap resumed>)             = 0
6314  munmap(0x7f3eccce0000, 16384 <unfinished ...>
6313  <... munmap resumed>)             = 0
6319  <... munmap resumed>)             = 0
6318  <... munmap resumed>)             = 0
6317  <... munmap resumed>)             = 0
6316  <... munmap resumed>)             = 0
6315  mmap(0x7f3eb5bb0000, 16384, PROT_READ|PROT_WRITE, MAP_PRIVATE|MAP_FIXED|MAP_ANONYMOUS|MAP_NORESERVE, -1, 0 <unfinished ...>
6314  <... munmap resumed>)             = 0
6311  <... munmap resumed>)             = 0
6319  mmap(0x7f3e7b25c000, 16384, PROT_READ|PROT_WRITE, MAP_PRIVATE|MAP_FIXED|MAP_ANONYMOUS|MAP_NORESERVE, -1, 0 <unfinished ...>
6318  mmap(0x7f3e90ce4000, 16384, PROT_READ|PROT_WRITE, MAP_PRIVATE|MAP_FIXED|MAP_ANONYMOUS|MAP_NORESERVE, -1, 0 <unfinished ...>
6317  mmap(0x7f3e9ef34000, 16384, PROT_READ|PROT_WRITE, MAP_PRIVATE|MAP_FIXED|MAP_ANONYMOUS|MAP_NORESERVE, -1, 0 <unfinished ...>
6316  mmap(0x7f3eac620000, 16384, PROT_READ|PROT_WRITE, MAP_PRIVATE|MAP_FIXED|MAP_ANONYMOUS|MAP_NORESERVE, -1, 0 <unfinished ...>
6315  <... mmap resumed>)               = 0x7f3eb5bb0000
6314  mmap(0x7f3eccce0000, 16384, PROT_READ|PROT_WRITE, MAP_PRIVATE|MAP_FIXED|MAP_ANONYMOUS|MAP_NORESERVE, -1, 0 <unfinished ...>
6313  mmap(0x7f3ed7c90000, 16384, PROT_READ|PROT_WRITE, MAP_PRIVATE|MAP_FIXED|MAP_ANONYMOUS|MAP_NORESERVE, -1, 0 <unfinished ...>
6319  <... mmap resumed>)               = 0x7f3e7b25c000
6318  <... mmap resumed>)               = 0x7f3e90ce4000
6317  <... mmap resumed>)               = 0x7f3e9ef34000
6316  <... mmap resumed>)               = 0x7f3eac620000
6315  munmap(0x7f3eb4ac0000, 16384 <unfinished ...>
6314  <... mmap resumed>)               = 0x7f3eccce0000
6311  mmap(0x7f3edf008000, 16384, PROT_READ|PROT_WRITE, MAP_PRIVATE|MAP_FIXED|MAP_ANONYMOUS|MAP_NORESERVE, -1, 0 <unfinished ...>
6319  munmap(0x7f3e7fa80000, 16384 <unfinished ...>
6318  munmap(0x7f3e8b57c000, 16384 <unfinished ...>
6317  munmap(0x7f3e9c368000, 16384 <unfinished ...>
6316  munmap(0x7f3ea5c48000, 16384 <unfinished ...>
6315  <... munmap resumed>)             = 0
6314  munmap(0x7f3ecf1b0000, 16384 <unfinished ...>
6313  <... mmap resumed>)               = 0x7f3ed7c90000
6319  <... munmap resumed>)             = 0
6318  <... munmap resumed>)             = 0
6317  <... munmap resumed>)             = 0
6316  <... munmap resumed>)             = 0
6315  mmap(0x7f3eb4ac0000, 16384, PROT_READ|PROT_WRITE, MAP_PRIVATE|MAP_FIXED|MAP_ANONYMOUS|MAP_NORESERVE, -1, 0 <unfinished ...>
6314  <... munmap resumed>)             = 0
6311  <... mmap resumed>)               = 0x7f3edf008000
6319  mmap(0x7f3e7fa80000, 16384, PROT_READ|PROT_WRITE, MAP_PRIVATE|MAP_FIXED|MAP_ANONYMOUS|MAP_NORESERVE, -1, 0 <unfinished ...>
6318  mmap(0x7f3e8b57c000, 16384, PROT_READ|PROT_WRITE, MAP_PRIVATE|MAP_FIXED|MAP_ANONYMOUS|MAP_NORESERVE, -1, 0 <unfinished ...>
6317  mmap(0x7f3e9c368000, 16384, PROT_READ|PROT_WRITE, MAP_PRIVATE|MAP_FIXED|MAP_ANONYMOUS|MAP_NORESERVE, -1, 0 <unfinished ...>
6316  mmap(0x7f3ea5c48000, 16384, PROT_READ|PROT_WRITE, MAP_PRIVATE|MAP_FIXED|MAP_ANONYMOUS|MAP_NORESERVE, -1, 0 <unfinished ...>
6315  <... mmap resumed>)               = 0x7f3eb4ac0000
6314  mmap(0x7f3ecf1b0000, 16384, PROT_READ|PROT_WRITE, MAP_PRIVATE|MAP_FIXED|MAP_ANONYMOUS|MAP_NORESERVE, -1, 0 <unfinished ...>
6313  munmap(0x7f3ed0b18000, 16384 <unfinished ...>
6319  <... mmap resumed>)               = 0x7f3e7fa80000
6318  <... mmap resumed>)               = 0x7f3e8b57c000
6317  <... mmap resumed>)               = 0x7f3e9c368000
6316  <... mmap resumed>)               = 0x7f3ea5c48000
6315  munmap(0x7f3eb4af0000, 16384 <unfinished ...>
6314  <... mmap resumed>)               = 0x7f3ecf1b0000
6311  munmap(0x7f3eda8b4000, 16384 <unfinished ...>
6319  munmap(0x7f3e822c0000, 16384 <unfinished ...>
6318  munmap(0x7f3e8e4ac000, 16384 <unfinished ...>
6317  munmap(0x7f3e9d2b8000, 16384 <unfinished ...>
6316  munmap(0x7f3eaac84000, 16384 <unfinished ...>
6315  <... munmap resumed>)             = 0
6314  munmap(0x7f3ec8178000, 16384 <unfinished ...>
6313  <... munmap resumed>)             = 0
6319  <... munmap resumed>)             = 0
6318  <... munmap resumed>)             = 0
6317  <... munmap resumed>)             = 0
6316  <... munmap resumed>)             = 0
6315  mmap(0x7f3eb4af0000, 16384, PROT_READ|PROT_WRITE, MAP_PRIVATE|MAP_FIXED|MAP_ANONYMOUS|MAP_NORESERVE, -1, 0 <unfinished ...>
6314  <... munmap resumed>)             = 0
6311  <... munmap resumed>)             = 0
6319  mmap(0x7f3e822c0000, 16384, PROT_READ|PROT_WRITE, MAP_PRIVATE|MAP_FIXED|MAP_ANONYMOUS|MAP_NORESERVE, -1, 0 <unfinished ...>
6318  mmap(0x7f3e8e4ac000, 16384, PROT_READ|PROT_WRITE, MAP_PRIVATE|MAP_FIXED|MAP_ANONYMOUS|MAP_NORESERVE, -1, 0 <unfinished ...>
6317  mmap(0x7f3e9d2b8000, 16384, PROT_READ|PROT_WRITE, MAP_PRIVATE|MAP_FIXED|MAP_ANONYMOUS|MAP_NORESERVE, -1, 0 <unfinished ...>
6316  mmap(0x7f3eaac84000, 16384, PROT_READ|PROT_WRITE, MAP_PRIVATE|MAP_FIXED|MAP_ANONYMOUS|MAP_NORESERVE, -1, 0 <unfinished ...>
6315  <... mmap resumed>)               = 0x7f3eb4af0000
6314  mmap(0x7f3ec8178000, 16384, PROT_READ|PROT_WRITE, MAP_PRIVATE|MAP_FIXED|MAP_ANONYMOUS|MAP_NORESERVE, -1, 0 <unfinished ...>
6313  mmap(0x7f3ed0b18000, 16384, PROT_READ|PROT_WRITE, MAP_PRIVATE|MAP_FIXED|MAP_ANONYMOUS|MAP_NORESERVE, -1, 0 <unfinished ...>
6319  <... mmap resumed>)               = 0x7f3e822c0000
6318  <... mmap resumed>)               = 0x7f3e8e4ac000
6317  <... mmap resumed>)               = 0x7f3e9d2b8000
6316  <... mmap resumed>)               = 0x7f3eaac84000
6315  munmap(0x7f3eafc18000, 16384 <unfinished ...>
6314  <... mmap resumed>)               = 0x7f3ec8178000
6311  mmap(0x7f3eda8b4000, 16384, PROT_READ|PROT_WRITE, MAP_PRIVATE|MAP_FIXED|MAP_ANONYMOUS|MAP_NORESERVE, -1, 0 <unfinished ...>
6319  munmap(0x7f3e825b0000, 16384 <unfinished ...>
6318  munmap(0x7f3e8bb6c000, 16384 <unfinished ...>
6317  munmap(0x7f3ea3ce8000, 16384 <unfinished ...>
6316  munmap(0x7f3eadd60000, 16384 <unfinished ...>
6315  <... munmap resumed>)             = 0
6314  munmap(0x7f3ecea3c000, 16384 <unfinished ...>
6313  <... mmap resumed>)               = 0x7f3ed0b18000
6319  <... munmap resumed>)             = 0
6318  <... munmap resumed>)             = 0
6317  <... munmap resumed>)             = 0
6316  <... munmap resumed>)             = 0
6315  mmap(0x7f3eafc18000, 16384, PROT_READ|PROT_WRITE, MAP_PRIVATE|MAP_FIXED|MAP_ANONYMOUS|MAP_NORESERVE, -1, 0 <unfinished ...>
6314  <... munmap resumed>)             = 0
6311  <... mmap resumed>)               = 0x7f3eda8b4000
6319  mmap(0x7f3e825b0000, 16384, PROT_READ|PROT_WRITE, MAP_PRIVATE|MAP_FIXED|MAP_ANONYMOUS|MAP_NORESERVE, -1, 0 <unfinished ...>
6318  mmap(0x7f3e8bb6c000, 16384, PROT_READ|PROT_WRITE, MAP_PRIVATE|MAP_FIXED|MAP_ANONYMOUS|MAP_NORESERVE, -1, 0 <unfinished ...>
6317  mmap(0x7f3ea3ce8000, 16384, PROT_READ|PROT_WRITE, MAP_PRIVATE|MAP_FIXED|MAP_ANONYMOUS|MAP_NORESERVE, -1, 0 <unfinished ...>
6316  mmap(0x7f3eadd60000, 16384, PROT_READ|PROT_WRITE, MAP_PRIVATE|MAP_FIXED|MAP_ANONYMOUS|MAP_NORESERVE, -1, 0 <unfinished ...>
6315  <... mmap resumed>)               = 0x7f3eafc18000
6314  mmap(0x7f3ecea3c000, 16384, PROT_READ|PROT_WRITE, MAP_PRIVATE|MAP_FIXED|MAP_ANONYMOUS|MAP_NORESERVE, -1, 0 <unfinished ...>
6313  munmap(0x7f3ed6600000, 16384 <unfinished ...>
6319  <... mmap resumed>)               = 0x7f3e825b0000
6318  <... mmap resumed>)               = 0x7f3e8bb6c000
6317  <... mmap resumed>)               = 0x7f3ea3ce8000
6316  <... mmap resumed>)               = 0x7f3eadd60000
6315  munmap(0x7f3eb6ee8000, 16384 <unfinished ...>
6314  <... mmap resumed>)               = 0x7f3ecea3c000
6311  munmap(0x7f3edda7c000, 16384 <unfinished ...>
6319  munmap(0x7f3e824ac000, 16384 <unfinished ...>
6318  munmap(0x7f3e8a0ec000, 16384 <unfinished ...>
6317  munmap(0x7f3e9d3b0000, 16384 <unfinished ...>
6316  munmap(0x7f3eac0e8000, 16384 <unfinished ...>
6315  <... munmap resumed>)             = 0
6314  munmap(0x7f3ec87d8000, 16384 <unfinished ...>
6313  <... munmap resumed>)             = 0
6319  <... munmap resumed>)             = 0
6318  <... munmap resumed>)             = 0
6317  <... munmap resumed>)             = 0
6316  <... munmap resumed>)             = 0
6315  mmap(0x7f3eb6ee8000, 16384, PROT_READ|PROT_WRITE, MAP_PRIVATE|MAP_FIXED|MAP_ANONYMOUS|MAP_NORESERVE, -1, 0 <unfinished ...>
6314  <... munmap resumed>)             = 0
6311  <... munmap resumed>)             = 0
6319  mmap(0x7f3e824ac000, 16384, PROT_READ|PROT_WRITE, MAP_PRIVATE|MAP_FIXED|MAP_ANONYMOUS|MAP_NORESERVE, -1, 0 <unfinished ...>
6318  mmap(0x7f3e8a0ec000, 16384, PROT_READ|PROT_WRITE, MAP_PRIVATE|MAP_FIXED|MAP_ANONYMOUS|MAP_NORESERVE, -1, 0 <unfinished ...>
6317  mmap(0x7f3e9d3b0000, 16384, PROT_READ|PROT_WRITE, MAP_PRIVATE|MAP_FIXED|MAP_ANONYMOUS|MAP_NORESERVE, -1, 0 <unfinished ...>
6316  mmap(0x7f3eac0e8000, 16384, PROT_READ|PROT_WRITE, MAP_PRIVATE|MAP_FIXED|MAP_ANONYMOUS|MAP_NORESERVE, -1, 0 <unfinished ...>
6315  <... mmap resumed>)               = 0x7f3eb6ee8000
6314  mmap(0x7f3ec87d8000, 16384, PROT_READ|PROT_WRITE, MAP_PRIVATE|MAP_FIXED|MAP_ANONYMOUS|MAP_NORESERVE, -1, 0 <unfinished ...>
6313  mmap(0x7f3ed6600000, 16384, PROT_READ|PROT_WRITE, MAP_PRIVATE|MAP_FIXED|MAP_ANONYMOUS|MAP_NORESERVE, -1, 0 <unfinished ...>
6319  <... mmap resumed>)               = 0x7f3e824ac000
6318  <... mmap resumed>)               = 0x7f3e8a0ec000
6317  <... mmap resumed>)               = 0x7f3e9d3b0000
6316  <... mmap resumed>)               = 0x7f3eac0e8000
6315  munmap(0x7f3eafae8000, 16384 <unfinished ...>
6314  <... mmap resumed>)               = 0x7f3ec87d8000
6311  mmap(0x7f3edda7c000, 16384, PROT_READ|PROT_WRITE, MAP_PRIVATE|MAP_FIXED|MAP_ANONYMOUS|MAP_NORESERVE, -1, 0 <unfinished ...>
6319  munmap(0x7f3e7b984000, 16384 <unfinished ...>
6318  munmap(0x7f3e90154000, 16384 <unfinished ...>
6317  munmap(0x7f3e9f96c000, 16384 <unfinished ...>
6316  munmap(0x7f3ea7584000, 16384 <unfinished ...>
6315  <... munmap resumed>)             = 0
6314  munmap(0x7f3ec8818000, 16384 <unfinished ...>
6313  <... mmap resumed>)               = 0x7f3ed6600000
6319  <... munmap resumed>)             = 0
6318  <... munmap resumed>)             = 0
6317  <... munmap resumed>)             = 0
6316  <... munmap resumed>)             = 0
6315  mmap(0x7f3eafae8000, 16384, PROT_READ|PROT_WRITE, MAP_PRIVATE|MAP_FIXED|MAP_ANONYMOUS|MAP_NORESERVE, -1, 0 <unfinished ...>
6314  <... munmap resumed>)             = 0
6311  <... mmap resumed>)               = 0x7f3edda7c000
6319  mmap(0x7f3e7b984000, 16384, PROT_READ|PROT_WRITE, MAP_PRIVATE|MAP_FIXED|MAP_ANONYMOUS|MAP_NORESERVE, -1, 0 <unfinished ...>
6318  mmap(0x7f3e90154000, 16384, PROT_READ|PROT_WRITE, MAP_PRIVATE|MAP_FIXED|MAP_ANONYMOUS|MAP_NORESERVE, -1, 0 <unfinished ...>
6317  mmap(0x7f3e9f96c000, 16384, PROT_READ|PROT_WRITE, MAP_PRIVATE|MAP_FIXED|MAP_ANONYMOUS|MAP_NORESERVE, -1, 0 <unfinished ...>
6316  mmap(0x7f3ea7584000, 16384, PROT_READ|PROT_WRITE, MAP_PRIVATE|MAP_FIXED|MAP_ANONYMOUS|MAP_NORESERVE, -1, 0 <unfinished ...>
6315  <... mmap resumed>)               = 0x7f3eafae8000
6314  mmap(0x7f3ec8818000, 16384, PROT_READ|PROT_WRITE, MAP_PRIVATE|MAP_FIXED|MAP_ANONYMOUS|MAP_NORESERVE, -1, 0 <unfinished ...>
6313  munmap(0x7f3ed82b4000, 16384 <unfinished ...>
6319  <... mmap resumed>)               = 0x7f3e7b984000
6318  <... mmap resumed>)               = 0x7f3e90154000
6317  <... mmap resumed>)               = 0x7f3e9f96c000
6316  <... mmap resumed>)               = 0x7f3ea7584000
6315  munmap(0x7f3eafbbc000, 16384 <unfinished ...>
6314  <... mmap resumed>)               = 0x7f3ec8818000
6311  munmap(0x7f3ee124c000, 16384 <unfinished ...>
6319  munmap(0x7f3e7c560000, 16384 <unfinished ...>
6318  munmap(0x7f3e8bfcc000, 16384 <unfinished ...>
6317  munmap(0x7f3ea2020000, 16384 <unfinished ...>
6316  munmap(0x7f3ea8388000, 16384 <unfinished ...>
6315  <... munmap resumed>)             = 0
6314  munmap(0x7f3ece5c8000, 16384 <unfinished ...>
6313  <... munmap resumed>)             = 0
6319  <... munmap resumed>)             = 0
6318  <... munmap resumed>)             = 0
6317  <... munmap resumed>)             = 0
6316  <... munmap resumed>)             = 0
6315  mmap(0x7f3eafbbc000, 16384, PROT_READ|PROT_WRITE, MAP_PRIVATE|MAP_FIXED|MAP_ANONYMOUS|MAP_NORESERVE, -1, 0 <unfinished ...>
6314  <... munmap resumed>)             = 0
6311  <... munmap resumed>)             = 0
6319  mmap(0x7f3e7c560000, 16384, PROT_READ|PROT_WRITE, MAP_PRIVATE|MAP_FIXED|MAP_ANONYMOUS|MAP_NORESERVE, -1, 0 <unfinished ...>
6318  mmap(0x7f3e8bfcc000, 16384, PROT_READ|PROT_WRITE, MAP_PRIVATE|MAP_FIXED|MAP_ANONYMOUS|MAP_NORESERVE, -1, 0 <unfinished ...>
6317  mmap(0x7f3ea2020000, 16384, PROT_READ|PROT_WRITE, MAP_PRIVATE|MAP_FIXED|MAP_ANONYMOUS|MAP_NORESERVE, -1, 0 <unfinished ...>
6316  mmap(0x7f3ea8388000, 16384, PROT_READ|PROT_WRITE, MAP_PRIVATE|MAP_FIXED|MAP_ANONYMOUS|MAP_NORESERVE, -1, 0 <unfinished ...>
6315  <... mmap resumed>)               = 0x7f3eafbbc000
6314  mmap(0x7f3ece5c8000, 16384, PROT_READ|PROT_WRITE, MAP_PRIVATE|MAP_FIXED|MAP_ANONYMOUS|MAP_NORESERVE, -1, 0 <unfinished ...>
6313  mmap(0x7f3ed82b4000, 16384, PROT_READ|PROT_WRITE, MAP_PRIVATE|MAP_FIXED|MAP_ANONYMOUS|MAP_NORESERVE, -1, 0 <unfinished ...>
6319  <... mmap resumed>)               = 0x7f3e7c560000
6318  <... mmap resumed>)               = 0x7f3e8bfcc000
6317  <... mmap resumed>)               = 0x7f3ea2020000
6316  <... mmap resumed>)               = 0x7f3ea8388000
6315  munmap(0x7f3eb5890000, 16384 <unfinished ...>
6314  <... mmap resumed>)               = 0x7f3ece5c8000
6311  mmap(0x7f3ee124c000, 16384, PROT_READ|PROT_WRITE, MAP_PRIVATE|MAP_FIXED|MAP_ANONYMOUS|MAP_NORESERVE, -1, 0 <unfinished ...>
6319  munmap(0x7f3e7bef4000, 16384 <unfinished ...>
6318  munmap(0x7f3e8d23c000, 16384 <unfinished ...>
6317  munmap(0x7f3e9e9e0000, 16384 <unfinished ...>
6316  munmap(0x7f3eac6f8000, 16384 <unfinished ...>
6315  <... munmap resumed>)             = 0
6314  munmap(0x7f3ece074000, 16384 <unfinished ...>
6313  <... mmap resumed>)               = 0x7f3ed82b4000
6319  <... munmap resumed>)             = 0
6318  <... munmap resumed>)             = 0
6317  <... munmap resumed>)             = 0
6316  <... munmap resumed>)             = 0
6315  mmap(0x7f3eb5890000, 16384, PROT_READ|PROT_WRITE, MAP_PRIVATE|MAP_FIXED|MAP_ANONYMOUS|MAP_NORESERVE, -1, 0 <unfinished ...>
6314  <... munmap resumed>)             = 0
6311  <... mmap resumed>)               = 0x7f3ee124c000
6319  mmap(0x7f3e7bef4000, 16384, PROT_READ|PROT_WRITE, MAP_PRIVATE|MAP_FIXED|MAP_ANONYMOUS|MAP_NORESERVE, -1, 0 <unfinished ...>
6318  mmap(0x7f3e8d23c000, 16384, PROT_READ|PROT_WRITE, MAP_PRIVATE|MAP_FIXED|MAP_ANONYMOUS|MAP_NORESERVE, -1, 0 <unfinished ...>
6317  mmap(0x7f3e9e9e0000, 16384, PROT_READ|PROT_WRITE, MAP_PRIVATE|MAP_FIXED|MAP_ANONYMOUS|MAP_NORESERVE, -1, 0 <unfinished ...>
6316  mmap(0x7f3eac6f8000, 16384, PROT_READ|PROT_WRITE, MAP_PRIVATE|MAP_FIXED|MAP_ANONYMOUS|MAP_NORESERVE, -1, 0 <unfinished ...>
6315  <... mmap resumed>)               = 0x7f3eb5890000
6314  mmap(0x7f3ece074000, 16384, PROT_READ|PROT_WRITE, MAP_PRIVATE|MAP_FIXED|MAP_ANONYMOUS|MAP_NORESERVE, -1, 0 <unfinished ...>
6313  munmap(0x7f3ed19fc000, 16384 <unfinished ...>
6319  <... mmap resumed>)               = 0x7f3e7bef4000
6318  <... mmap resumed>)               = 0x7f3e8d23c000
6317  <... mmap resumed>)               = 0x7f3e9e9e0000
6316  <... mmap resumed>)               = 0x7f3eac6f8000
6315  munmap(0x7f3eaed98000, 16384 <unfinished ...>
6314  <... mmap resumed>)               = 0x7f3ece074000
6311  munmap(0x7f3ede80c000, 16384 <unfinished ...>
6319  munmap(0x7f3e7ab08000, 16384 <unfinished ...>
6318  munmap(0x7f3e91f58000, 16384 <unfinished ...>
6317  munmap(0x7f3ea2128000, 16384 <unfinished ...>
6316  munmap(0x7f3ea4348000, 16384 <unfinished ...>
6315  <... munmap resumed>)             = 0
6314  munmap(0x7f3ec8a3c000, 16384 <unfinished ...>
6313  <... munmap resumed>)             = 0
6319  <... munmap resumed>)             = 0
6318  <... munmap resumed>)             = 0
6317  <... munmap resumed>)             = 0
6316  <... munmap resumed>)             = 0
6315  mmap(0x7f3eaed98000, 16384, PROT_READ|PROT_WRITE, MAP_PRIVATE|MAP_FIXED|MAP_ANONYMOUS|MAP_NORESERVE, -1, 0 <unfinished ...>
6314  <... munmap resumed>)             = 0
6311  <... munmap resumed>)             = 0
6319  mmap(0x7f3e7ab08000, 16384, PROT_READ|PROT_WRITE, MAP_PRIVATE|MAP_FIXED|MAP_ANONYMOUS|MAP_NORESERVE, -1, 0 <unfinished ...>
6318  mmap(0x7f3e91f58000, 16384, PROT_READ|PROT_WRITE, MAP_PRIVATE|MAP_FIXED|MAP_ANONYMOUS|MAP_NORESERVE, -1, 0 <unfinished ...>
6317  mmap(0x7f3ea2128000, 16384, PROT_READ|PROT_WRITE, MAP_PRIVATE|MAP_FIXED|MAP_ANONYMOUS|MAP_NORESERVE, -1, 0 <unfinished ...>
6316  mmap(0x7f3ea4348000, 16384, PROT_READ|PROT_WRITE, MAP_PRIVATE|MAP_FIXED|MAP_ANONYMOUS|MAP_NORESERVE, -1, 0 <unfinished ...>
6315  <... mmap resumed>)               = 0x7f3eaed98000
6314  mmap(0x7f3ec8a3c000, 16384, PROT_READ|PROT_WRITE, MAP_PRIVATE|MAP_FIXED|MAP_ANONYMOUS|MAP_NORESERVE, -1, 0 <unfinished ...>
6313  mmap(0x7f3ed19fc000, 16384, PROT_READ|PROT_WRITE, MAP_PRIVATE|MAP_FIXED|MAP_ANONYMOUS|MAP_NORESERVE, -1, 0 <unfinished ...>
6319  <... mmap resumed>)               = 0x7f3e7ab08000
6318  <... mmap resumed>)               = 0x7f3e91f58000
6317  <... mmap resumed>)               = 0x7f3ea2128000
6316  <... mmap resumed>)               = 0x7f3ea4348000
6315  munmap(0x7f3eb2e1c000, 16384 <unfinished ...>
6314  <... mmap resumed>)               = 0x7f3ec8a3c000
6311  mmap(0x7f3ede80c000, 16384, PROT_READ|PROT_WRITE, MAP_PRIVATE|MAP_FIXED|MAP_ANONYMOUS|MAP_NORESERVE, -1, 0 <unfinished ...>
6319  munmap(0x7f3e7cd60000, 16384 <unfinished ...>
6318  munmap(0x7f3e8a970000, 16384 <unfinished ...>
6317  munmap(0x7f3e9ccb4000, 16384 <unfinished ...>
6316  munmap(0x7f3ea63ec000, 16384 <unfinished ...>
6315  <... munmap resumed>)             = 0
6314  munmap(0x7f3ecd618000, 16384 <unfinished ...>
6313  <... mmap resumed>)               = 0x7f3ed19fc000
6319  <... munmap resumed>)             = 0
6318  <... munmap resumed>)             = 0
6317  <... munmap resumed>)             = 0
6316  <... munmap resumed>)             = 0
6315  mmap(0x7f3eb2e1c000, 16384, PROT_READ|PROT_WRITE, MAP_PRIVATE|MAP_FIXED|MAP_ANONYMOUS|MAP_NORESERVE, -1, 0 <unfinished ...>
6314  <... munmap resumed>)             = 0
6311  <... mmap resumed>)               = 0x7f3ede80c000
6319  mmap(0x7f3e7cd60000, 16384, PROT_READ|PROT_WRITE, MAP_PRIVATE|MAP_FIXED|MAP_ANONYMOUS|MAP_NORESERVE, -1, 0 <unfinished ...>
6318  mmap(0x7f3e8a970000, 16384, PROT_READ|PROT_WRITE, MAP_PRIVATE|MAP_FIXED|MAP_ANONYMOUS|MAP_NORESERVE, -1, 0 <unfinished ...>
6317  mmap(0x7f3e9ccb4000, 16384, PROT_READ|PROT_WRITE, MAP_PRIVATE|MAP_FIXED|MAP_ANONYMOUS|MAP_NORESERVE, -1, 0 <unfinished ...>
6316  mmap(0x7f3ea63ec000, 16384, PROT_READ|PROT_WRITE, MAP_PRIVATE|MAP_FIXED|MAP_ANONYMOUS|MAP_NORESERVE, -1, 0 <unfinished ...>
6315  <... mmap resumed>)               = 0x7f3eb2e1c000
6314  mmap(0x7f3ecd618000, 16384, PROT_READ|PROT_WRITE, MAP_PRIVATE|MAP_FIXED|MAP_ANONYMOUS|MAP_NORESERVE, -1, 0 <unfinished ...>
6313  munmap(0x7f3ed8940000, 16384 <unfinished ...>
6319  <... mmap resumed>)               = 0x7f3e7cd60000
6318  <... mmap resumed>)               = 0x7f3e8a970000
6317  <... mmap resumed>)               = 0x7f3e9ccb4000
6316  <... mmap resumed>)               = 0x7f3ea63ec000
6315  munmap(0x7f3eb6750000, 16384 <unfinished ...>
6314  <... mmap resumed>)               = 0x7f3ecd618000
6311  munmap(0x7f3ede9c8000, 16384 <unfinished ...>
6319  munmap(0x7f3e81ff4000, 16384 <unfinished ...>
6318  munmap(0x7f3e91128000, 16384 <unfinished ...>
6317  munmap(0x7f3e9e1ac000, 16384 <unfinished ...>
6316  munmap(0x7f3ea671c000, 16384 <unfinished ...>
6315  <... munmap resumed>)             = 0
6314  munmap(0x7f3ec7b78000, 16384 <unfinished ...>
6313  <... munmap resumed>)             = 0
6319  <... munmap resumed>)             = 0
6318  <... munmap resumed>)             = 0
6317  <... munmap resumed>)             = 0
6316  <... munmap resumed>)             = 0
6315  mmap(0x7f3eb6750000, 16384, PROT_READ|PROT_WRITE, MAP_PRIVATE|MAP_FIXED|MAP_ANONYMOUS|MAP_NORESERVE, -1, 0 <unfinished ...>
6314  <... munmap resumed>)             = 0
6311  <... munmap resumed>)             = 0
6319  mmap(0x7f3e81ff4000, 16384, PROT_READ|PROT_WRITE, MAP_PRIVATE|MAP_FIXED|MAP_ANONYMOUS|MAP_NORESERVE, -1, 0 <unfinished ...>
6318  mmap(0x7f3e91128000, 16384, PROT_READ|PROT_WRITE, MAP_PRIVATE|MAP_FIXED|MAP_ANONYMOUS|MAP_NORESERVE, -1, 0 <unfinished ...>
6317  mmap(0x7f3e9e1ac000, 16384, PROT_READ|PROT_WRITE, MAP_PRIVATE|MAP_FIXED|MAP_ANONYMOUS|MAP_NORESERVE, -1, 0 <unfinished ...>
6316  mmap(0x7f3ea671c000, 16384, PROT_READ|PROT_WRITE, MAP_PRIVATE|MAP_FIXED|MAP_ANONYMOUS|MAP_NORESERVE, -1, 0 <unfinished ...>
6315  <... mmap resumed>)               = 0x7f3eb6750000
6314  mmap(0x7f3ec7b78000, 16384, PROT_READ|PROT_WRITE, MAP_PRIVATE|MAP_FIXED|MAP_ANONYMOUS|MAP_NORESERVE, -1, 0 <unfinished ...>
6313  mmap(0x7f3ed8940000, 16384, PROT_READ|PROT_WRITE, MAP_PRIVATE|MAP_FIXED|MAP_ANONYMOUS|MAP_NORESERVE, -1, 0 <unfinished ...>
6319  <... mmap resumed>)               = 0x7f3e81ff4000
6318  <... mmap resumed>)               = 0x7f3e91128000
6317  <... mmap resumed>)               = 0x7f3e9e1ac000
6316  <... mmap resumed>)               = 0x7f3ea671c000
6315  munmap(0x7f3eafb90000, 16384 <unfinished ...>
6314  <... mmap resumed>)               = 0x7f3ec7b78000
6311  mmap(0x7f3ede9c8000, 16384, PROT_READ|PROT_WRITE, MAP_PRIVATE|MAP_FIXED|MAP_ANONYMOUS|MAP_NORESERVE, -1, 0 <unfinished ...>
6319  munmap(0x7f3e7e0a8000, 16384 <unfinished ...>
6318  munmap(0x7f3e92550000, 16384 <unfinished ...>
6317  munmap(0x7f3ea0d64000, 16384 <unfinished ...>
6316  munmap(0x7f3eab368000, 16384 <unfinished ...>
6315  <... munmap resumed>)             = 0
6314  munmap(0x7f3ecf828000, 16384 <unfinished ...>
6313  <... mmap resumed>)               = 0x7f3ed8940000
6319  <... munmap resumed>)             = 0
6318  <... munmap resumed>)             = 0
6317  <... munmap resumed>)             = 0
6316  <... munmap resumed>)             = 0
6315  mmap(0x7f3eafb90000, 16384, PROT_READ|PROT_WRITE, MAP_PRIVATE|MAP_FIXED|MAP_ANONYMOUS|MAP_NORESERVE, -1, 0 <unfinished ...>
6314  <... munmap resumed>)             = 0
6311  <... mmap resumed>)               = 0x7f3ede9c8000
6319  mmap(0x7f3e7e0a8000, 16384, PROT_READ|PROT_WRITE, MAP_PRIVATE|MAP_FIXED|MAP_ANONYMOUS|MAP_NORESERVE, -1, 0 <unfinished ...>
6318  mmap(0x7f3e92550000, 16384, PROT_READ|PROT_WRITE, MAP_PRIVATE|MAP_FIXED|MAP_ANONYMOUS|MAP_NORESERVE, -1, 0 <unfinished ...>
6317  mmap(0x7f3ea0d64000, 16384, PROT_READ|PROT_WRITE, MAP_PRIVATE|MAP_FIXED|MAP_ANONYMOUS|MAP_NORESERVE, -1, 0 <unfinished ...>
6316  mmap(0x7f3eab368000, 16384, PROT_READ|PROT_WRITE, MAP_PRIVATE|MAP_FIXED|MAP_ANONYMOUS|MAP_NORESERVE, -1, 0 <unfinished ...>
6315  <... mmap resumed>)               = 0x7f3eafb90000
6314  mmap(0x7f3ecf828000, 16384, PROT_READ|PROT_WRITE, MAP_PRIVATE|MAP_FIXED|MAP_ANONYMOUS|MAP_NORESERVE, -1, 0 <unfinished ...>
6313  munmap(0x7f3ed8d00000, 16384 <unfinished ...>
6319  <... mmap resumed>)               = 0x7f3e7e0a8000
6318  <... mmap resumed>)               = 0x7f3e92550000
6317  <... mmap resumed>)               = 0x7f3ea0d64000
6316  <... mmap resumed>)               = 0x7f3eab368000
6315  munmap(0x7f3eb265c000, 16384 <unfinished ...>
6314  <... mmap resumed>)               = 0x7f3ecf828000
6311  munmap(0x7f3ede6c0000, 16384 <unfinished ...>
6319  munmap(0x7f3e7e50c000, 16384 <unfinished ...>
6318  munmap(0x7f3e8c85c000, 16384 <unfinished ...>
6317  munmap(0x7f3ea1354000, 16384 <unfinished ...>
6316  munmap(0x7f3eac92c000, 16384 <unfinished ...>
6315  <... munmap resumed>)             = 0
6314  munmap(0x7f3ec6ab4000, 16384 <unfinished ...>
6313  <... munmap resumed>)             = 0
6319  <... munmap resumed>)             = 0
6318  <... munmap resumed>)             = 0
6317  <... munmap resumed>)             = 0
6316  <... munmap resumed>)             = 0
6315  mmap(0x7f3eb265c000, 16384, PROT_READ|PROT_WRITE, MAP_PRIVATE|MAP_FIXED|MAP_ANONYMOUS|MAP_NORESERVE, -1, 0 <unfinished ...>
6314  <... munmap resumed>)             = 0
6311  <... munmap resumed>)             = 0
6319  mmap(0x7f3e7e50c000, 16384, PROT_READ|PROT_WRITE, MAP_PRIVATE|MAP_FIXED|MAP_ANONYMOUS|MAP_NORESERVE, -1, 0 <unfinished ...>
6318  mmap(0x7f3e8c85c000, 16384, PROT_READ|PROT_WRITE, MAP_PRIVATE|MAP_FIXED|MAP_ANONYMOUS|MAP_NORESERVE, -1, 0 <unfinished ...>
6317  mmap(0x7f3ea1354000, 16384, PROT_READ|PROT_WRITE, MAP_PRIVATE|MAP_FIXED|MAP_ANONYMOUS|MAP_NORESERVE, -1, 0 <unfinished ...>
6316  mmap(0x7f3eac92c000, 16384, PROT_READ|PROT_WRITE, MAP_PRIVATE|MAP_FIXED|MAP_ANONYMOUS|MAP_NORESERVE, -1, 0 <unfinished ...>
6315  <... mmap resumed>)               = 0x7f3eb265c000
6314  mmap(0x7f3ec6ab4000, 16384, PROT_READ|PROT_WRITE, MAP_PRIVATE|MAP_FIXED|MAP_ANONYMOUS|MAP_NORESERVE, -1, 0 <unfinished ...>
6313  mmap(0x7f3ed8d00000, 16384, PROT_READ|PROT_WRITE, MAP_PRIVATE|MAP_FIXED|MAP_ANONYMOUS|MAP_NORESERVE, -1, 0 <unfinished ...>
6319  <... mmap resumed>)               = 0x7f3e7e50c000
6318  <... mmap resumed>)               = 0x7f3e8c85c000
6317  <... mmap resumed>)               = 0x7f3ea1354000
6316  <... mmap resumed>)               = 0x7f3eac92c000
6315  futex(0x7ffc041f5064, FUTEX_WAIT_PRIVATE, 0, NULL <unfinished ...>
6314  <... mmap resumed>)               = 0x7f3ec6ab4000
6311  mmap(0x7f3ede6c0000, 16384, PROT_READ|PROT_WRITE, MAP_PRIVATE|MAP_FIXED|MAP_ANONYMOUS|MAP_NORESERVE, -1, 0 <unfinished ...>
6319  futex(0x7ffc041f5064, FUTEX_WAIT_PRIVATE, 0, NULL <unfinished ...>
6318  futex(0x7ffc041f5064, FUTEX_WAIT_PRIVATE, 0, NULL <unfinished ...>
6317  futex(0x7ffc041f5064, FUTEX_WAIT_PRIVATE, 0, NULL <unfinished ...>
6316  futex(0x7ffc041f5064, FUTEX_WAIT_PRIVATE, 0, NULL <unfinished ...>
6314  futex(0x7ffc041f5064, FUTEX_WAIT_PRIVATE, 0, NULL <unfinished ...>
6313  <... mmap resumed>)               = 0x7f3ed8d00000
6311  <... mmap resumed>)               = 0x7f3ede6c0000
6313  futex(0x7ffc041f5064, FUTEX_WAIT_PRIVATE, 0, NULL <unfinished ...>
6311  futex(0x7ffc041f5064, FUTEX_WAKE_PRIVATE, 2147483647 <unfinished ...>
6313  <... futex resumed>)              = -1 EAGAIN (Resource temporarily unavailable)
6309  <... futex resumed>)              = 0
6318  <... futex resumed>)              = 0
6317  <... futex resumed>)              = 0
6316  <... futex resumed>)              = 0
6315  <... futex resumed>)              = 0
6311  <... futex resumed>)              = 7
6309  futex(0x7f3ef3bbd910, FUTEX_WAIT_BITSET|FUTEX_CLOCK_REALTIME, 6311, NULL, FUTEX_BITSET_MATCH_ANY <unfinished ...>
6319  <... futex resumed>)              = 0
6318  rt_sigprocmask(SIG_BLOCK, ~[RT_1],  <unfinished ...>
6317  rt_sigprocmask(SIG_BLOCK, ~[RT_1],  <unfinished ...>
6316  rt_sigprocmask(SIG_BLOCK, ~[RT_1],  <unfinished ...>
6315  rt_sigprocmask(SIG_BLOCK, ~[RT_1],  <unfinished ...>
6314  <... futex resumed>)              = 0
6313  rt_sigprocmask(SIG_BLOCK, ~[RT_1],  <unfinished ...>
6319  rt_sigprocmask(SIG_BLOCK, ~[RT_1],  <unfinished ...>
6318  <... rt_sigprocmask resumed>NULL, 8) = 0
6317  <... rt_sigprocmask resumed>NULL, 8) = 0
6316  <... rt_sigprocmask resumed>NULL, 8) = 0
6315  <... rt_sigprocmask resumed>NULL, 8) = 0
6314  rt_sigprocmask(SIG_BLOCK, ~[RT_1],  <unfinished ...>
6311  rt_sigprocmask(SIG_BLOCK, ~[RT_1],  <unfinished ...>
6319  <... rt_sigprocmask resumed>NULL, 8) = 0
6318  madvise(0x7f3ef03b7000, 8372224, MADV_DONTNEED <unfinished ...>
6317  madvise(0x7f3ef0bb8000, 8372224, MADV_DONTNEED <unfinished ...>
6316  madvise(0x7f3ef13b9000, 8372224, MADV_DONTNEED <unfinished ...>
6315  madvise(0x7f3ef1bba000, 8372224, MADV_DONTNEED <unfinished ...>
6314  <... rt_sigprocmask resumed>NULL, 8) = 0
6313  <... rt_sigprocmask resumed>NULL, 8) = 0
6319  madvise(0x7f3ec57ff000, 8372224, MADV_DONTNEED <unfinished ...>
6318  <... madvise resumed>)            = 0
6317  <... madvise resumed>)            = 0
6316  <... madvise resumed>)            = 0
6315  <... madvise resumed>)            = 0
6314  madvise(0x7f3ef23bb000, 8372224, MADV_DONTNEED <unfinished ...>
6311  <... rt_sigprocmask resumed>NULL, 8) = 0
6319  <... madvise resumed>)            = 0
6318  exit(0 <unfinished ...>
6317  exit(0 <unfinished ...>
6316  exit(0 <unfinished ...>
6315  exit(0 <unfinished ...>
6314  <... madvise resumed>)            = 0
6313  madvise(0x7f3ef2bbc000, 8372224, MADV_DONTNEED <unfinished ...>
6319  exit(0 <unfinished ...>
6318  <... exit resumed>)               = ?
6317  <... exit resumed>)               = ?
6316  <... exit resumed>)               = ?
6315  <... exit resumed>)               = ?
6314  exit(0 <unfinished ...>
6311  madvise(0x7f3ef33bd000, 8372224, MADV_DONTNEED <unfinished ...>
6319  <... exit resumed>)               = ?
6314  <... exit resumed>)               = ?
6313  <... madvise resumed>)            = 0
6311  <... madvise resumed>)            = 0
6313  exit(0 <unfinished ...>
6311  exit(0 <unfinished ...>
6313  <... exit resumed>)               = ?
6311  <... exit resumed>)               = ?
6309  <... futex resumed>)              = 0
6309  munmap(0x7f3ef33bd000, 8392704)   = 0
6309  munmap(0x7f3ef2bbc000, 8392704)   = 0
6309  munmap(0x7f3ef23bb000, 8392704)   = 0
6309  munmap(0x7f3ef1bba000, 8392704)   = 0
6309  openat(AT_FDCWD, "/proc/self/statm", O_RDONLY) = 3
6309  newfstatat(3, "", {st_mode=S_IFREG|0444, st_size=0, ...}, AT_EMPTY_PATH) = 0
6309  read(3, "467300 139 88 199 0 336211 0\n", 1024) = 29
6309  write(2, "mmbench: peak RSS ~0 MB\n", 24) = 24
6309  close(3)                          = 0
6309  uname({sysname="Linux", nodename="syzkaller", ...}) = 0
6309  uname({sysname="Linux", nodename="syzkaller", ...}) = 0
6309  newfstatat(1, "", {st_mode=S_IFCHR|0666, st_rdev=makedev(0x1, 0x3), ...}, AT_EMPTY_PATH) = 0
6309  ioctl(1, TCGETS, 0x7ffc041f4760)  = -1 ENOTTY (Inappropriate ioctl for device)
6309  write(1, "{\"bench\":\"unmap-virt\",\"contention\":\"low\",\"threads\":8,\"ops\":212,\"elapsed_s\":1.023,\"ops_per_us\":5."..., 200) = 200
6309  exit_group(0)                     = ?
