[    0.000000] Linux version 6.18.32-g7545ed299aab-dirty (ppw@vm) (gcc (Ubuntu 11.4.0-1ubuntu1~22.04.3) 11.4.0, GNU ld (GNU Binutils for Ubuntu) 2.38) #361 SMP PREEMPT_DYNAMIC Mon Oct  5 00:52:57 CST 2026
[    0.000000] Command line: console=ttyS0 corten=on console=ttyS0 kunit.filter_glob=corten* panic=-1
[    0.000000] BIOS-provided physical RAM map:
[    0.000000] BIOS-e820: [mem 0x0000000000000000-0x000000000009fbff] usable
[    0.000000] BIOS-e820: [mem 0x000000000009fc00-0x000000000009ffff] reserved
[    0.000000] BIOS-e820: [mem 0x00000000000f0000-0x00000000000fffff] reserved
[    0.000000] BIOS-e820: [mem 0x0000000000100000-0x000000007ffdffff] usable
[    0.000000] BIOS-e820: [mem 0x000000007ffe0000-0x000000007fffffff] reserved
[    0.000000] BIOS-e820: [mem 0x00000000feffc000-0x00000000feffffff] reserved
[    0.000000] BIOS-e820: [mem 0x00000000fffc0000-0x00000000ffffffff] reserved
[    0.000000] NX (Execute Disable) protection: active
[    0.000000] APIC: Static calls initialized
[    0.000000] SMBIOS 2.8 present.
[    0.000000] DMI: QEMU Standard PC (i440FX + PIIX, 1996), BIOS 1.15.0-1 04/01/2014
[    0.000000] DMI: Memory slots populated: 1/1
[    0.000000] Hypervisor detected: KVM
[    0.000000] last_pfn = 0x7ffe0 max_arch_pfn = 0x400000000
[    0.000000] kvm-clock: Using msrs 4b564d01 and 4b564d00
[    0.000004] kvm-clock: using sched offset of 2263662453 cycles
[    0.000061] clocksource: kvm-clock: mask: 0xffffffffffffffff max_cycles: 0x1cd42e4dffb, max_idle_ns: 881590591483 ns
[    0.000168] tsc: Detected 2419.196 MHz processor
[    0.003308] last_pfn = 0x7ffe0 max_arch_pfn = 0x400000000
[    0.004070] MTRR map: 4 entries (3 fixed + 1 variable; max 19), built from 8 variable MTRRs
[    0.004096] x86/PAT: Configuration [0-7]: WB  WC  UC- UC  WB  WP  UC- WT  
[    0.020848] found SMP MP-table at [mem 0x000f5ba0-0x000f5baf]
[    0.021151] Using GB pages for direct mapping
[    0.021592] ACPI: Early table checksum verification disabled
[    0.021742] ACPI: RSDP 0x00000000000F59E0 000014 (v00 BOCHS )
[    0.021896] ACPI: RSDT 0x000000007FFE1B95 000034 (v01 BOCHS  BXPC     00000001 BXPC 00000001)
[    0.022012] ACPI: FACP 0x000000007FFE1A11 000074 (v01 BOCHS  BXPC     00000001 BXPC 00000001)
[    0.022126] ACPI: DSDT 0x000000007FFE0040 0019D1 (v01 BOCHS  BXPC     00000001 BXPC 00000001)
[    0.022135] ACPI: FACS 0x000000007FFE0000 000040
[    0.022140] ACPI: APIC 0x000000007FFE1A85 0000B0 (v01 BOCHS  BXPC     00000001 BXPC 00000001)
[    0.022146] ACPI: HPET 0x000000007FFE1B35 000038 (v01 BOCHS  BXPC     00000001 BXPC 00000001)
[    0.022152] ACPI: WAET 0x000000007FFE1B6D 000028 (v01 BOCHS  BXPC     00000001 BXPC 00000001)
[    0.022157] ACPI: Reserving FACP table memory at [mem 0x7ffe1a11-0x7ffe1a84]
[    0.022161] ACPI: Reserving DSDT table memory at [mem 0x7ffe0040-0x7ffe1a10]
[    0.022163] ACPI: Reserving FACS table memory at [mem 0x7ffe0000-0x7ffe003f]
[    0.022164] ACPI: Reserving APIC table memory at [mem 0x7ffe1a85-0x7ffe1b34]
[    0.022166] ACPI: Reserving HPET table memory at [mem 0x7ffe1b35-0x7ffe1b6c]
[    0.022167] ACPI: Reserving WAET table memory at [mem 0x7ffe1b6d-0x7ffe1b94]
[    0.028499] No NUMA configuration found
[    0.028504] Faking a node at [mem 0x0000000000000000-0x000000007ffdffff]
[    0.028515] NODE_DATA(0) allocated [mem 0x7ffdc140-0x7ffdffff]
[    0.029878] Zone ranges:
[    0.029881]   DMA      [mem 0x0000000000001000-0x0000000000ffffff]
[    0.029886]   DMA32    [mem 0x0000000001000000-0x000000007ffdffff]
[    0.029888]   Normal   empty
[    0.029890] Movable zone start for each node
[    0.029891] Early memory node ranges
[    0.029892]   node   0: [mem 0x0000000000001000-0x000000000009efff]
[    0.029906]   node   0: [mem 0x0000000000100000-0x000000007ffdffff]
[    0.029909] Initmem setup node 0 [mem 0x0000000000001000-0x000000007ffdffff]
[    0.030414] On node 0, zone DMA: 1 pages in unavailable ranges
[    0.031185] On node 0, zone DMA: 97 pages in unavailable ranges
[    0.214910] On node 0, zone DMA32: 32 pages in unavailable ranges
[    0.218005] ACPI: PM-Timer IO Port: 0x608
[    0.218093] ACPI: LAPIC_NMI (acpi_id[0xff] dfl dfl lint[0x1])
[    0.220459] IOAPIC[0]: apic_id 0, version 17, address 0xfec00000, GSI 0-23
[    0.220479] ACPI: INT_SRC_OVR (bus 0 bus_irq 0 global_irq 2 dfl dfl)
[    0.220484] ACPI: INT_SRC_OVR (bus 0 bus_irq 5 global_irq 5 high level)
[    0.220487] ACPI: INT_SRC_OVR (bus 0 bus_irq 9 global_irq 9 high level)
[    0.220516] ACPI: INT_SRC_OVR (bus 0 bus_irq 10 global_irq 10 high level)
[    0.220520] ACPI: INT_SRC_OVR (bus 0 bus_irq 11 global_irq 11 high level)
[    0.220533] ACPI: Using ACPI (MADT) for SMP configuration information
[    0.220535] ACPI: HPET id: 0x8086a201 base: 0xfed00000
[    0.220545] TSC deadline timer available
[    0.220556] CPU topo: Max. logical packages:   1
[    0.220557] CPU topo: Max. logical dies:       1
[    0.220558] CPU topo: Max. dies per package:   1
[    0.220568] CPU topo: Max. threads per core:   1
[    0.220591] CPU topo: Num. cores per package:     8
[    0.220593] CPU topo: Num. threads per package:   8
[    0.220594] CPU topo: Allowing 8 present CPUs plus 0 hotplug CPUs
[    0.220786] kvm-guest: APIC: eoi() replaced with kvm_guest_apic_eoi_write()
[    0.220923] kvm-guest: KVM setup pv remote TLB flush
[    0.220979] kvm-guest: setup PV sched yield
[    0.224768] PM: hibernation: Registered nosave memory: [mem 0x00000000-0x00000fff]
[    0.224777] PM: hibernation: Registered nosave memory: [mem 0x0009f000-0x000fffff]
[    0.224790] [mem 0x80000000-0xfeffbfff] available for PCI devices
[    0.224792] Booting paravirtualized kernel on KVM
[    0.224829] clocksource: refined-jiffies: mask: 0xffffffff max_cycles: 0xffffffff, max_idle_ns: 1910969940391419 ns
[    0.251290] setup_percpu: NR_CPUS:64 nr_cpumask_bits:8 nr_cpu_ids:8 nr_node_ids:1
[    0.262465] percpu: Embedded 54 pages/cpu s182680 r8192 d30312 u262144
[    0.263480] Kernel command line: console=ttyS0 corten=on console=ttyS0 kunit.filter_glob=corten* panic=-1
[    0.265291] corten: requested on, activating at initcall time
[    0.265525] random: crng init done
[    0.265530] printk: log buffer data + meta data: 262144 + 917504 = 1179648 bytes
[    0.276043] Dentry cache hash table entries: 262144 (order: 9, 2097152 bytes, linear)
[    0.299275] Inode-cache hash table entries: 131072 (order: 8, 1048576 bytes, linear)
[    0.302224] Fallback order for Node 0: 0 
[    0.302255] Built 1 zonelists, mobility grouping on.  Total pages: 524158
[    0.302259] Policy zone: DMA32
[    0.302263] mem auto-init: stack:off, heap alloc:off, heap free:off
[    0.313291] SLUB: HWalign=64, Order=0-3, MinObjects=0, CPUs=8, Nodes=1
[    0.330006] Dynamic Preempt: voluntary
[    0.331561] rcu: Preemptible hierarchical RCU implementation.
[    0.331563] rcu: 	RCU event tracing is enabled.
[    0.331564] rcu: 	RCU restricting CPUs from NR_CPUS=64 to nr_cpu_ids=8.
[    0.331566] 	Trampoline variant of Tasks RCU enabled.
[    0.331567] 	Tracing variant of Tasks RCU enabled.
[    0.331567] rcu: RCU calculated value of scheduler-enlistment delay is 100 jiffies.
[    0.331568] rcu: Adjusting geometry for rcu_fanout_leaf=16, nr_cpu_ids=8
[    0.331632] RCU Tasks: Setting shift to 3 and lim to 1 rcu_task_cb_adjust=1 rcu_task_cpu_ids=8.
[    0.331635] RCU Tasks Trace: Setting shift to 3 and lim to 1 rcu_task_cb_adjust=1 rcu_task_cpu_ids=8.
[    0.345873] NR_IRQS: 4352, nr_irqs: 488, preallocated irqs: 16
[    0.347962] rcu: srcu_init: Setting srcu_struct sizes based on contention.
[    0.434834] Console: colour VGA+ 80x25
[    0.435313] printk: legacy console [ttyS0] enabled
[    1.075749] ACPI: Core revision 20250807
[    1.081097] clocksource: hpet: mask: 0xffffffff max_cycles: 0xffffffff, max_idle_ns: 19112604467 ns
[    1.089792] APIC: Switch to symmetric I/O mode setup
[    1.096842] x2apic enabled
[    1.107967] APIC: Switched APIC routing to: physical x2apic
[    1.113764] kvm-guest: APIC: send_IPI_mask() replaced with kvm_send_ipi_mask()
[    1.119135] kvm-guest: APIC: send_IPI_mask_allbutself() replaced with kvm_send_ipi_mask_allbutself()
[    1.130365] kvm-guest: setup PV IPIs
[    1.146822] ..TIMER: vector=0x30 apic1=0 pin1=2 apic2=-1 pin2=-1
[    1.149590] clocksource: tsc-early: mask: 0xffffffffffffffff max_cycles: 0x22df0d21928, max_idle_ns: 440795225288 ns
[    1.162628] Calibrating delay loop (skipped) preset value.. 4838.39 BogoMIPS (lpj=2419196)
[    1.166499] x86/cpu: User Mode Instruction Prevention (UMIP) activated
[    1.167921] Last level iTLB entries: 4KB 0, 2MB 0, 4MB 0
[    1.168627] Last level dTLB entries: 4KB 0, 2MB 0, 4MB 0, 1GB 0
[    1.169780] mitigations: Enabled attack vectors: user_kernel, user_user, SMT mitigations: auto
[    1.170725] Speculative Store Bypass: Mitigation: Speculative Store Bypass disabled via prctl
[    1.171627] Spectre V2 : Mitigation: Enhanced / Automatic IBRS
[    1.172628] ITS: Mitigation: Aligned branch/return thunks
[    1.173624] Spectre V1 : Mitigation: usercopy/swapgs barriers and __user pointer sanitization
[    1.174669] Spectre V2 : Spectre v2 / PBRSB-eIBRS: Retire a single CALL on VMEXIT
[    1.175636] Spectre V2 : mitigation: Enabling conditional Indirect Branch Prediction Barrier
[    1.176633] active return thunk: its_return_thunk
[    1.178114] x86/fpu: Supporting XSAVE feature 0x001: 'x87 floating point registers'
[    1.178630] x86/fpu: Supporting XSAVE feature 0x002: 'SSE registers'
[    1.179633] x86/fpu: Supporting XSAVE feature 0x004: 'AVX registers'
[    1.180630] x86/fpu: Supporting XSAVE feature 0x200: 'Protection Keys User registers'
[    1.181632] x86/fpu: xstate_offset[2]:  576, xstate_sizes[2]:  256
[    1.182624] x86/fpu: xstate_offset[9]:  832, xstate_sizes[9]:    8
[    1.183628] x86/fpu: Enabled xstate features 0x207, context size is 840 bytes, using 'compacted' format.
[    1.293191] Freeing SMP alternatives memory: 64K
[    1.293634] pid_max: default: 32768 minimum: 301
[    1.294819] LSM: initializing lsm=capability,selinux
[    1.295675] SELinux:  Initializing.
[    1.298746] Mount-cache hash table entries: 4096 (order: 3, 32768 bytes, linear)
[    1.299743] Mountpoint-cache hash table entries: 4096 (order: 3, 32768 bytes, linear)
[    1.305619] smpboot: CPU0: 13th Gen Intel(R) Core(TM) i9-13900HX (family: 0x6, model: 0xb7, stepping: 0x1)
[    1.307619] Performance Events: Alderlake Hybrid events, core PMU driver.
[    1.309669] core: CPUID marked event: 'cpu cycles' unavailable
[    1.310667] core: CPUID marked event: 'instructions' unavailable
[    1.311669] core: CPUID marked event: 'bus cycles' unavailable
[    1.312668] core: CPUID marked event: 'cache references' unavailable
[    1.313633] core: CPUID marked event: 'cache misses' unavailable
[    1.314669] core: CPUID marked event: 'branch instructions' unavailable
[    1.315660] core: CPUID marked event: 'branch misses' unavailable
[    1.317543] core: The event 0x100 is not supported as a normal event.
[    1.317672] core: The event 0x300 is not supported as a normal event.
[    1.318669] core: The event 0x400 is not supported as a normal event.
[    1.319664] core: The event 0x8000 is not supported as a normal event.
[    1.320635] core: The event 0x8100 is not supported as a normal event.
[    1.321669] core: The event 0x8200 is not supported as a normal event.
[    1.322667] core: The event 0x8300 is not supported as a normal event.
[    1.323797] core: The event 0x8400 is not supported as a normal event.
[    1.324641] core: The event 0x8500 is not supported as a normal event.
[    1.325668] core: The event 0x8600 is not supported as a normal event.
[    1.326668] core: The event 0x8700 is not supported as a normal event.
[    1.328442] core: cpu_core PMU driver: 
[    1.328668] ... version:                   1
[    1.329667] ... bit width:                 48
[    1.330664] ... generic counters:          6
[    1.331928] ... generic bitmap:            000000000000003f
[    1.332667] ... fixed-purpose counters:    0
[    1.333718] ... fixed-purpose bitmap:      0000000000000000
[    1.334667] ... value mask:                0000ffffffffffff
[    1.335667] ... max period:                000000007fffffff
[    1.336670] ... global_ctrl mask:          000100000000003f
[    1.338551] signal: max sigframe size: 3632
[    1.338860] rcu: Hierarchical SRCU implementation.
[    1.339668] rcu: 	Max phase no-delay instances is 400.
[    1.341561] Timer migration: 1 hierarchy levels; 8 children per group; 1 crossnode level
[    1.347150] corten: page descriptors enabled
[    1.348916] smp: Bringing up secondary CPUs ...
[    1.351681] smpboot: x86: Booting SMP configuration:
[    1.352669] .... node  #0, CPUs:      #1 #2 #3 #4 #5 #6 #7
[    1.394246] smp: Brought up 1 node, 8 CPUs
[    1.395644] smpboot: Total of 8 processors activated (38707.13 BogoMIPS)
[    1.400974] Memory: 2003448K/2096632K available (21730K kernel code, 3204K rwdata, 9184K rodata, 3288K init, 1132K bss, 85428K reserved, 0K cma-reserved)
[    1.402630] devtmpfs: initialized
[    1.404783] clocksource: jiffies: mask: 0xffffffff max_cycles: 0xffffffff, max_idle_ns: 1911260446275000 ns
[    1.405649] posixtimers hash table entries: 4096 (order: 4, 65536 bytes, linear)
[    1.407209] futex hash table entries: 2048 (131072 bytes on 1 NUMA nodes, total 128 KiB, linear).
[    1.408619] PM: RTC time: 16:54:12, date: 2026-10-04
[    1.417818] NET: Registered PF_NETLINK/PF_ROUTE protocol family
[    1.418792] audit: initializing netlink subsys (disabled)
[    1.421894] audit: type=2000 audit(1791132851.589:1): state=initialized audit_enabled=0 res=1
[    1.422195] thermal_sys: Registered thermal governor 'step_wise'
[    1.422784] cpuidle: using governor menu
[    1.426522] PCI: Using configuration type 1 for base access
[    1.427240] kprobes: kprobe jump-optimization is enabled. All kprobes are optimized if possible.
[    1.430967] HugeTLB: registered 2.00 MiB page size, pre-allocated 0 pages
[    1.431667] HugeTLB: 28 KiB vmemmap can be freed for a 2.00 MiB page
[    1.469095] ACPI: Added _OSI(Module Device)
[    1.469670] ACPI: Added _OSI(Processor Device)
[    1.470669] ACPI: Added _OSI(Processor Aggregator Device)
[    1.475002] ACPI: 1 ACPI AML tables successfully acquired and loaded
[    1.488016] ACPI: Interpreter enabled
[    1.488761] ACPI: PM: (supports S0 S3 S4 S5)
[    1.489664] ACPI: Using IOAPIC for interrupt routing
[    1.490683] PCI: Using host bridge windows from ACPI; if necessary, use "pci=nocrs" and report a bug
[    1.491770] PCI: Using E820 reservations for host bridge windows
[    1.492951] ACPI: Enabled 2 GPEs in block 00 to 0F
[    1.504898] ACPI: PCI Root Bridge [PCI0] (domain 0000 [bus 00-ff])
[    1.505676] acpi PNP0A03:00: _OSC: OS supports [ASPM ClockPM Segments MSI HPX-Type3]
[    1.506635] acpi PNP0A03:00: _OSC: not requesting OS control; OS requires [ExtendedConfig ASPM ClockPM MSI]
[    1.508253] acpi PNP0A03:00: fail to add MMCONFIG information, can't access extended configuration space under this bridge
[    1.508977] PCI host bridge to bus 0000:00
[    1.509684] pci_bus 0000:00: root bus resource [io  0x0000-0x0cf7 window]
[    1.510673] pci_bus 0000:00: root bus resource [io  0x0d00-0xffff window]
[    1.511638] pci_bus 0000:00: root bus resource [mem 0x000a0000-0x000bffff window]
[    1.512669] pci_bus 0000:00: root bus resource [mem 0x80000000-0xfebfffff window]
[    1.513636] pci_bus 0000:00: root bus resource [mem 0x100000000-0x17fffffff window]
[    1.514671] pci_bus 0000:00: root bus resource [bus 00-ff]
[    1.516017] pci 0000:00:00.0: [8086:1237] type 00 class 0x060000 conventional PCI endpoint
[    1.522766] pci 0000:00:01.0: [8086:7000] type 00 class 0x060100 conventional PCI endpoint
[    1.529619] pci 0000:00:01.1: [8086:7010] type 00 class 0x010180 conventional PCI endpoint
[    1.533458] pci 0000:00:01.1: BAR 4 [io  0xc040-0xc04f]
[    1.533798] pci 0000:00:01.1: BAR 0 [io  0x01f0-0x01f7]: legacy IDE quirk
[    1.534673] pci 0000:00:01.1: BAR 1 [io  0x03f6]: legacy IDE quirk
[    1.535672] pci 0000:00:01.1: BAR 2 [io  0x0170-0x0177]: legacy IDE quirk
[    1.536636] pci 0000:00:01.1: BAR 3 [io  0x0376]: legacy IDE quirk
[    1.539669] pci 0000:00:01.3: [8086:7113] type 00 class 0x068000 conventional PCI endpoint
[    1.544053] pci 0000:00:01.3: quirk: [io  0x0600-0x063f] claimed by PIIX4 ACPI
[    1.545186] pci 0000:00:01.3: quirk: [io  0x0700-0x070f] claimed by PIIX4 SMB
[    1.547576] pci 0000:00:02.0: [1234:1111] type 00 class 0x030000 conventional PCI endpoint
[    1.554351] pci 0000:00:02.0: BAR 0 [mem 0xfd000000-0xfdffffff pref]
[    1.555704] pci 0000:00:02.0: BAR 2 [mem 0xfebb0000-0xfebb0fff]
[    1.556983] pci 0000:00:02.0: ROM [mem 0xfeba0000-0xfebaffff pref]
[    1.562151] pci 0000:00:02.0: Video device with shadowed ROM at [mem 0x000c0000-0x000dffff]
[    1.580636] pci 0000:00:03.0: [8086:100e] type 00 class 0x020000 conventional PCI endpoint
[    1.587768] pci 0000:00:03.0: BAR 0 [mem 0xfeb80000-0xfeb9ffff]
[    1.588763] pci 0000:00:03.0: BAR 1 [io  0xc000-0xc03f]
[    1.589843] pci 0000:00:03.0: ROM [mem 0xfeb00000-0xfeb7ffff pref]
[    1.610378] ACPI: PCI: Interrupt link LNKA configured for IRQ 10
[    1.611529] ACPI: PCI: Interrupt link LNKB configured for IRQ 10
[    1.612452] ACPI: PCI: Interrupt link LNKC configured for IRQ 11
[    1.613619] ACPI: PCI: Interrupt link LNKD configured for IRQ 11
[    1.614231] ACPI: PCI: Interrupt link LNKS configured for IRQ 9
[    1.627962] iommu: Default domain type: Translated
[    1.628640] iommu: DMA domain TLB invalidation policy: lazy mode
[    1.640364] SCSI subsystem initialized
[    1.645278] ACPI: bus type USB registered
[    1.646199] usbcore: registered new interface driver usbfs
[    1.646808] usbcore: registered new interface driver hub
[    1.647972] usbcore: registered new device driver usb
[    1.648748] pps_core: LinuxPPS API ver. 1 registered
[    1.649637] pps_core: Software ver. 5.3.6 - Copyright 2005-2007 Rodolfo Giometti <giometti@linux.it>
[    1.650649] PTP clock support registered
[    1.653992] Advanced Linux Sound Architecture Driver Initialized.
[    1.659819] NetLabel: Initializing
[    1.660669] NetLabel:  domain hash size = 128
[    1.661664] NetLabel:  protocols = UNLABELED CIPSOv4 CALIPSO
[    1.663014] NetLabel:  unlabeled traffic allowed by default
[    1.664835] PCI: Using ACPI for IRQ routing
[    1.666685] pci 0000:00:02.0: vgaarb: setting as boot VGA device
[    1.667619] pci 0000:00:02.0: vgaarb: bridge control possible
[    1.667619] pci 0000:00:02.0: vgaarb: VGA device added: decodes=io+mem,owns=io+mem,locks=none
[    1.667682] vgaarb: loaded
[    1.669474] hpet0: at MMIO 0xfed00000, IRQs 2, 8, 0
[    1.669666] hpet0: 3 comparators, 64-bit 100.000000 MHz counter
[    1.676582] clocksource: Switched to clocksource kvm-clock
[    1.689351] VFS: Disk quotas dquot_6.6.0
[    1.694307] VFS: Dquot-cache hash table entries: 512 (order 0, 4096 bytes)
[    1.705302] pnp: PnP ACPI init
[    1.706603] pnp: PnP ACPI: found 6 devices
[    1.756642] clocksource: acpi_pm: mask: 0xffffff max_cycles: 0xffffff, max_idle_ns: 2085701024 ns
[    1.765578] NET: Registered PF_INET protocol family
[    1.772428] IP idents hash table entries: 32768 (order: 6, 262144 bytes, linear)
[    1.791332] tcp_listen_portaddr_hash hash table entries: 1024 (order: 2, 16384 bytes, linear)
[    1.802954] Table-perturb hash table entries: 65536 (order: 6, 262144 bytes, linear)
[    1.813279] TCP established hash table entries: 16384 (order: 5, 131072 bytes, linear)
[    1.820274] TCP bind hash table entries: 16384 (order: 7, 524288 bytes, linear)
[    1.841327] TCP: Hash tables configured (established 16384 bind 16384)
[    1.856383] UDP hash table entries: 1024 (order: 4, 65536 bytes, linear)
[    1.865933] UDP-Lite hash table entries: 1024 (order: 4, 65536 bytes, linear)
[    1.877658] NET: Registered PF_UNIX/PF_LOCAL protocol family
[    1.890957] RPC: Registered named UNIX socket transport module.
[    1.898588] RPC: Registered udp transport module.
[    1.904366] RPC: Registered tcp transport module.
[    1.910624] RPC: Registered tcp-with-tls transport module.
[    1.918272] RPC: Registered tcp NFSv4.1 backchannel transport module.
[    1.931309] pci_bus 0000:00: resource 4 [io  0x0000-0x0cf7 window]
[    1.941405] pci_bus 0000:00: resource 5 [io  0x0d00-0xffff window]
[    1.948975] pci_bus 0000:00: resource 6 [mem 0x000a0000-0x000bffff window]
[    1.958303] pci_bus 0000:00: resource 7 [mem 0x80000000-0xfebfffff window]
[    1.966414] pci_bus 0000:00: resource 8 [mem 0x100000000-0x17fffffff window]
[    1.977085] pci 0000:00:01.0: PIIX3: Enabling Passive Release
[    1.984765] pci 0000:00:00.0: Limiting direct PCI/PCI transfers
[    1.993612] PCI: CLS 0 bytes, default 64
[    2.000592] RAPL PMU: API unit is 2^-32 Joules, 0 fixed counters, 10737418240 ms ovfl timer
[    2.012326] clocksource: tsc: mask: 0xffffffffffffffff max_cycles: 0x22df0d21928, max_idle_ns: 440795225288 ns
[    2.080042] Initialise system trusted keyrings
[    2.087607] workingset: timestamp_bits=40 max_order=19 bucket_order=0
[    2.097853] NFS: Registering the id_resolver key type
[    2.104476] Key type id_resolver registered
[    2.110015] Key type id_legacy registered
[    2.116603] 9p: Installing v9fs 9p2000 file system support
[    2.187618] Key type asymmetric registered
[    2.193216] Asymmetric key parser 'x509' registered
[    2.199873] Block layer SCSI generic (bsg) driver version 0.4 loaded (major 251)
[    2.209522] io scheduler mq-deadline registered
[    2.215420] io scheduler kyber registered
[    2.226046] input: Power Button as /devices/LNXSYSTM:00/LNXPWRBN:00/input/input0
[    2.236052] ACPI: button: Power Button [PWRF]
[    2.251036] Serial: 8250/16550 driver, 4 ports, IRQ sharing enabled
[    2.261227] 00:04: ttyS0 at I/O 0x3f8 (irq = 4, base_baud = 115200) is a 16550A
[    2.277927] Non-volatile memory driver v1.3
[    2.284796] Linux agpgart interface v0.103
[    2.349428] ACPI: bus type drm_connector registered
[    2.398446] loop: module loaded
[    2.403934] zram: Added device: zram0
[    2.421872] scsi host0: ata_piix
[    2.433526] scsi host1: ata_piix
[    2.434500] ata1: PATA max MWDMA2 cmd 0x1f0 ctl 0x3f6 bmdma 0xc040 irq 14 lpm-pol 0
[    2.440156] ata2: PATA max MWDMA2 cmd 0x170 ctl 0x376 bmdma 0xc048 irq 15 lpm-pol 0
[    2.448999] tun: Universal TUN/TAP device driver, 1.6
[    2.466109] e100: Intel(R) PRO/100 Network Driver
[    2.467459] e100: Copyright(c) 1999-2006 Intel Corporation
[    2.474341] e1000: Intel(R) PRO/1000 Network Driver
[    2.479507] e1000: Copyright (c) 1999-2006 Intel Corporation.
[    2.522620] ACPI: \_SB_.LNKC: Enabled at IRQ 11
[    2.614871] ata2: found unknown device (class 0)
[    2.623988] ata2.00: ATAPI: QEMU DVD-ROM, 2.5+, max UDMA/100
[    2.644368] scsi 1:0:0:0: CD-ROM            QEMU     QEMU DVD-ROM     2.5+ PQ: 0 ANSI: 5
[    2.696372] sr 1:0:0:0: [sr0] scsi3-mmc drive: 4x/4x cd/rw xa/form2 tray
[    2.705236] cdrom: Uniform CD-ROM driver Revision: 3.20
[    2.728957] sr 1:0:0:0: Attached scsi generic sg0 type 5
[    3.794011] e1000 0000:00:03.0 eth0: (PCI:33MHz:32-bit) 52:54:00:12:34:56
[    3.799915] e1000 0000:00:03.0 eth0: Intel(R) PRO/1000 Network Connection
[    3.809516] e1000e: Intel(R) PRO/1000 Network Driver
[    3.819626] e1000e: Copyright(c) 1999 - 2015 Intel Corporation.
[    3.828115] sky2: driver version 1.30
[    3.834439] usbcore: registered new interface driver usblp
[    3.842444] usbcore: registered new interface driver usb-storage
[    3.851077] i8042: PNP: PS/2 Controller [PNP0303:KBD,PNP0f13:MOU] at 0x60,0x64 irq 1,12
[    3.872950] serio: i8042 KBD port at 0x60,0x64 irq 1
[    3.879867] serio: i8042 AUX port at 0x60,0x64 irq 12
[    3.888934] rtc_cmos 00:05: RTC can wake from S4
[    3.905171] input: AT Translated Set 2 keyboard as /devices/platform/i8042/serio0/input/input1
[    3.923892] rtc_cmos 00:05: registered as rtc0
[    3.930960] rtc_cmos 00:05: alarms up to one day, y3k, 242 bytes nvram, hpet irqs
[    3.946551] device-mapper: ioctl: 4.50.0-ioctl (2025-04-28) initialised: dm-devel@lists.linux.dev
[    3.975589] intel_pstate: CPU model not supported
[    3.991838] hid: raw HID events driver (C) Jiri Kosina
[    4.003842] usbcore: registered new interface driver usbhid
[    4.012099] usbhid: USB HID core driver
[    4.036887] xt_time: kernel timezone is -0000
[    4.046461] Initializing XFRM netlink socket
[    4.053316] NET: Registered PF_INET6 protocol family
[    4.102781] Segment Routing with IPv6
[    4.108923] In-situ OAM (IOAM) with IPv6
[    4.113856] sit: IPv6, IPv4 and MPLS over IPv4 tunneling driver
[    4.119387] NET: Registered PF_PACKET protocol family
[    4.121680] NET: Registered PF_KEY protocol family
[    4.125293] 9pnet: Installing 9P2000 support
[    4.129503] Key type dns_resolver registered
[    4.136179] NET: Registered PF_VSOCK protocol family
[    4.148324] IPI shorthand broadcast: enabled
[    4.164336] sched_clock: Marking stable (3361230456, 802619663)->(5582300530, -1418450411)
[    4.178899] registered taskstats version 1
[    4.180246] Loading compiled-in X.509 certificates
[    4.193430] Demotion targets for Node 0: null
[    4.200833] Key type .fscrypt registered
[    4.205790] Key type fscrypt-provisioning registered
[    4.214135] PM:   Magic number: 14:911:943
[    4.218250] tty tty0: hash matches
[    4.224861] tty console: hash matches
[    4.231043] netconsole: network logging started
[    4.241232] cfg80211: Loading compiled-in X.509 certificates for regulatory database
[    4.257020] kworker/u32:1 (96) used greatest stack depth: 13936 bytes left
[    4.260922] Loaded X.509 cert 'sforshee: 00b28ddf47aef9cea7'
[    4.274351] Loaded X.509 cert 'wens: 61c038651aabdcf94bd0ac7ff06c7248db18c600'
[    4.288600] ALSA device list:
[    4.288720] faux_driver regulatory: Direct firmware load for regulatory.db failed with error -2
[    4.289413]   No soundcards found.
[    4.289477] KTAP version 1
[    4.307781] cfg80211: failed to load regulatory.db
[    4.325563] 1..3
[    4.334515]     KTAP version 1
[    4.342223]     # Subtest: corten
[    4.349717]     # module: corten_test
[    4.349719]     1..25
[    4.367225]     ok 1 corten_test_layout # SKIP corten=on boot
[    4.370499]     ok 2 corten_test_ptdesc_get_put
[    4.387495]     ok 3 corten_test_meta_roundtrip
[    4.399994]     ok 4 corten_test_meta_reinit_cleared
[    4.409510]     ok 5 corten_test_covering_level
[    4.420296]     ok 6 corten_test_covering_base_index
[    4.430673]     ok 7 corten_test_txn_covering
[    4.439438]     ok 8 corten_test_txn_hole
[    4.450255]     ok 9 corten_test_txn_stale_eagain
[    4.461399]     ok 10 corten_test_lock_range_args
[    4.469258]     ok 11 corten_test_txn_state_machine
[    4.475511] input: ImExPS/2 Generic Explorer Mouse as /devices/platform/i8042/serio1/input/input3
[    4.479380]     ok 12 corten_test_txn_atomic_validate
[    4.521083]     ok 13 corten_test_txn_real_glue
[    4.622454]     ok 14 corten_test_txn_mutex_overlap
[    4.662701]     ok 15 corten_test_txn_mutex_disjoint
[    4.668008]     ok 16 corten_test_fail_alloc
[    4.675530]     ok 17 corten_test_txn_hole_fill
[    4.691376]     ok 18 corten_test_txn_hole_race
[    4.925330]     ok 19 corten_test_txn_uninstall_interlock
[    4.935981]     ok 20 corten_test_uninstall_bh_ctx
[    4.945927] ------------[ cut here ]------------
[    4.956953] WARNING: CPU: 6 PID: 152 at mm/corten.c:865 corten_txn_begin+0x191/0x4b0
[    4.974977] Modules linked in:
[    4.989402] CPU: 6 UID: 0 PID: 152 Comm: kunit_try_catch Tainted: G                 N  6.18.32-g7545ed299aab-dirty #361 PREEMPT(voluntary) 
[    5.050450] Tainted: [N]=TEST
[    5.057067] Hardware name: QEMU Standard PC (i440FX + PIIX, 1996), BIOS 1.15.0-1 04/01/2014
[    5.064291] RIP: 0010:corten_txn_begin+0x191/0x4b0
[    5.065871] Code: 02 00 00 4c 89 ff 48 89 04 24 e8 fa f6 f9 00 4c 89 ff e8 02 f9 f9 00 48 8b 04 24 41 0f b6 4f 25 38 48 25 0f 87 65 ff ff ff 90 <0f> 0b 90 41 80 7e 48 04 0f 86 61 ff ff ff 90 0f 0b 90 48 89 c7 e8
[    5.071864] RSP: 0000:ffffac84805c7da0 EFLAGS: 00010246
[    5.073929] RAX: ffffa0d401f52f00 RBX: 0000000000000fff RCX: 0000000000000002
[    5.078978] RDX: 0000000000000003 RSI: 000000000000002d RDI: ffffa0d4045aea80
[    5.085515] RBP: 0000000000000000 R08: ffffa0d40390c600 R09: ffffac84805c7e00
[    5.089372] R10: ffffac84805c7d58 R11: 0000000000000000 R12: ffffffffb563e990
[    5.092675] R13: ffffa0d40390c600 R14: ffffac84805c7e00 R15: ffffa0d401f52ea0
[    5.097457] FS:  0000000000000000(0000) GS:ffffa0d4c70d9000(0000) knlGS:0000000000000000
[    5.107216] CS:  0010 DS: 0000 ES: 0000 CR0: 0000000080050033
[    5.112468] CR2: 0000000000000000 CR3: 000000006b430001 CR4: 0000000000770ef0
[    5.122200] PKRU: 55555554
[    5.125656] Call Trace:
[    5.130016]  <TASK>
[    5.133033]  ? __pfx_kunit_generic_run_threadfn_adapter+0x10/0x10
[    5.140319]  corten_test_txn_path_overflow+0xb5/0x2a0
[    5.144243]  ? psi_task_switch+0x107/0x290
[    5.149396]  kunit_try_run_case+0x6f/0x150
[    5.154133]  ? __pfx_kunit_generic_run_threadfn_adapter+0x10/0x10
[    5.162239]  kunit_generic_run_threadfn_adapter+0x1c/0x40
[    5.170165]  kthread+0xff/0x1f0
[    5.173458]  ? __pfx_kthread+0x10/0x10
[    5.178120]  ? __pfx_kthread+0x10/0x10
[    5.181292]  ret_from_fork+0x144/0x160
[    5.197905]  ? __pfx_kthread+0x10/0x10
[    5.212456]  ret_from_fork_asm+0x1a/0x30
[    5.218923]  </TASK>
[    5.221497] ---[ end trace 0000000000000000 ]---
[    5.233132] ------------[ cut here ]------------
[    5.243474] WARNING: CPU: 6 PID: 152 at mm/corten.c:812 corten_txn_begin+0x1a0/0x4b0
[    5.255436] Modules linked in:
[    5.261444] CPU: 6 UID: 0 PID: 152 Comm: kunit_try_catch Tainted: G        W        N  6.18.32-g7545ed299aab-dirty #361 PREEMPT(voluntary) 
[    5.296963] Tainted: [W]=WARN, [N]=TEST
[    5.303759] Hardware name: QEMU Standard PC (i440FX + PIIX, 1996), BIOS 1.15.0-1 04/01/2014
[    5.321407] RIP: 0010:corten_txn_begin+0x1a0/0x4b0
[    5.337111] Code: 4c 89 ff e8 02 f9 f9 00 48 8b 04 24 41 0f b6 4f 25 38 48 25 0f 87 65 ff ff ff 90 0f 0b 90 41 80 7e 48 04 0f 86 61 ff ff ff 90 <0f> 0b 90 48 89 c7 e8 c5 f5 ff ff 41 0f b6 46 48 84 c0 74 28 83 e8
[    5.390756] RSP: 0000:ffffac84805c7da0 EFLAGS: 00010202
[    5.398027] RAX: ffffa0d401f52ba0 RBX: 0000000000000fff RCX: 0000000000000002
[    5.410792] RDX: 0000000000000003 RSI: 000000000000000c RDI: ffffa0d4045aea80
[    5.423342] RBP: 0000000000000000 R08: ffffa0d40390c600 R09: ffffac84805c7e00
[    5.435564] R10: ffffac84805c7d58 R11: 0000000000000000 R12: ffffffffb563e990
[    5.446898] R13: ffffa0d40390c600 R14: ffffac84805c7e00 R15: ffffa0d401f52900
[    5.463418] FS:  0000000000000000(0000) GS:ffffa0d4c70d9000(0000) knlGS:0000000000000000
[    5.483036] CS:  0010 DS: 0000 ES: 0000 CR0: 0000000080050033
[    5.492211] CR2: 0000000000000000 CR3: 000000006b430001 CR4: 0000000000770ef0
[    5.531123] PKRU: 55555554
[    5.536153] Call Trace:
[    5.540917]  <TASK>
[    5.545165]  ? __pfx_kunit_generic_run_threadfn_adapter+0x10/0x10
[    5.569381]  corten_test_txn_path_overflow+0xb5/0x2a0
[    5.577016]  ? psi_task_switch+0x107/0x290
[    5.584835]  kunit_try_run_case+0x6f/0x150
[    5.596989]  ? __pfx_kunit_generic_run_threadfn_adapter+0x10/0x10
[    5.602324]  kunit_generic_run_threadfn_adapter+0x1c/0x40
[    5.608230]  kthread+0xff/0x1f0
[    5.610941]  ? __pfx_kthread+0x10/0x10
[    5.614861]  ? __pfx_kthread+0x10/0x10
[    5.619792]  ret_from_fork+0x144/0x160
[    5.623516]  ? __pfx_kthread+0x10/0x10
[    5.627222]  ret_from_fork_asm+0x1a/0x30
[    5.636320]  </TASK>
[    5.640858] ---[ end trace 0000000000000000 ]---
[    5.654066] kunit_try_catch (152) used greatest stack depth: 13520 bytes left
[    5.655614]     ok 21 corten_test_txn_path_overflow
[    5.662111]     ok 22 corten_test_txn_child_err
[    5.666968]     ok 23 corten_test_real_huge_leaf
[    5.672401]     ok 24 corten_test_full_window_atomic
[    5.678576]     ok 25 corten_test_debugfs_content
[    5.682022] # corten: pass:24 fail:0 skip:1 total:25
[    5.689646] # Totals: pass:24 fail:0 skip:1 total:25
[    5.694496] ok 1 corten
[    5.703288]     KTAP version 1
[    5.706524]     # Subtest: corten_arena
[    5.711320]     # module: corten_arena_test
[    5.711323]     1..136
[    5.734605]     ok 1 corten_arena_test_sweep_anon_resident
[    5.741558]     ok 2 corten_arena_test_sweep_file_resident
[    5.757382]     ok 3 corten_arena_test_sweep_skip_taxonomy
[    5.767646]     ok 4 corten_arena_test_sweep_skip_special_mapping
[    5.777565]     ok 5 corten_arena_test_sweep_skip_brk
[    5.798685]     ok 6 corten_arena_test_sweep_empty_anon
[    5.825662]     ok 7 corten_arena_test_sweep_zero_page
[    5.836674]     ok 8 corten_arena_test_sweep_fork_flags
[    5.851515]     ok 9 corten_arena_test_sweep_fork_mirror
[    5.863318]     ok 10 corten_arena_test_sweep_file_exit
[    5.884454]     ok 11 corten_arena_test_sweep_mixed_frame_exit
[    5.899569]     ok 12 corten_arena_test_sweep_exit_refusal
[    5.933209]     ok 13 corten_arena_test_w7_frame_share_adopt
[    5.947388]     ok 14 corten_arena_test_w7_frame_share_fork
[    5.963036]     ok 15 corten_arena_test_w7_frame_share_exit
[    5.975304]     ok 16 corten_arena_test_w7_frame_share_punch
[    6.005464]     ok 17 corten_arena_test_exec_default_off
[    6.025848]     ok 18 corten_arena_test_exec_default_enter
[    6.046513]     ok 19 corten_arena_test_exec_interp_route
[    6.072387]     ok 20 corten_arena_test_exec_interp_multiseg
[    6.085054]     ok 21 corten_arena_test_declare_reject
[    6.118601]     ok 22 corten_arena_test_declare_reject_flags
[    6.146420]     ok 23 corten_arena_test_declare_query
[    6.168870]     ok 24 corten_arena_test_range_overlaps
[    6.198321]     ok 25 corten_arena_test_release
[    6.220396]     ok 26 corten_arena_test_ref_born_atomic
[    6.242049]     ok 27 corten_arena_test_release_classify
[    6.256586]     ok 28 corten_arena_test_shadow_vma
[    6.284644]     ok 29 corten_arena_test_exit
[    6.289783]     ok 30 corten_arena_test_prctl
[    6.299763]     ok 31 corten_arena_test_mode
[    6.325398]     ok 32 corten_arena_test_auto_classify
[    6.341451]     ok 33 corten_arena_test_auto_classify_file
[    6.351661]     ok 34 corten_arena_test_auto_place
[    6.411879]     ok 35 corten_arena_test_auto_route
[    6.447348]     ok 36 corten_arena_test_auto_attach_release
[    6.471444]     ok 37 corten_arena_test_file_lifecycle
[    6.487919] ------------[ cut here ]------------
[    6.499854] corten: VM_CORTEN vma reached zap_page_range_single()
[    6.507315] WARNING: CPU: 3 PID: 275 at mm/corten_arena.c:1992 corten_zap_single_guard+0x39/0x50
[    6.521176] Modules linked in:
[    6.535961] CPU: 3 UID: 0 PID: 275 Comm: kunit_try_catch Tainted: G        W        N  6.18.32-g7545ed299aab-dirty #361 PREEMPT(voluntary) 
[    6.571477] Tainted: [W]=WARN, [N]=TEST
[    6.581011] Hardware name: QEMU Standard PC (i440FX + PIIX, 1996), BIOS 1.15.0-1 04/01/2014
[    6.601409] RIP: 0010:corten_zap_single_guard+0x39/0x50
[    6.610855] Code: 05 c4 a7 7a 02 0f b6 05 97 e5 d2 01 84 c0 74 05 c3 cc cc cc cc c6 05 87 e5 d2 01 01 90 48 c7 c7 f8 1b cb b5 e8 18 34 cf ff 90 <0f> 0b 90 90 b8 01 00 00 00 c3 cc cc cc cc 66 0f 1f 84 00 00 00 00
[    6.636000] RSP: 0000:ffffac848099fd60 EFLAGS: 00010282
[    6.642367] RAX: 0000000000000000 RBX: 0000000000000003 RCX: 00000000ffffdfff
[    6.648335] RDX: 0000000000000000 RSI: 00000000ffffffea RDI: 0000000000000001
[    6.658553] RBP: ffffa0d402411b00 R08: ffffffffb613e6c8 R09: 00000000ffffdfff
[    6.663848] R10: ffffffffb605e6e0 R11: ffffffffb610e6e0 R12: 0000000001801000
[    6.667387] R13: 0000000000001000 R14: 0000000000000000 R15: ffffa0d402411b00
[    6.671118] FS:  0000000000000000(0000) GS:ffffa0d4c7019000(0000) knlGS:0000000000000000
[    6.684381] CS:  0010 DS: 0000 ES: 0000 CR0: 0000000080050033
[    6.690330] CR2: 0000000000000000 CR3: 000000006b430002 CR4: 0000000000770ef0
[    6.693946] PKRU: 55555554
[    6.696804] Call Trace:
[    6.698911]  <TASK>
[    6.702473]  zap_page_range_single+0x1c/0x50
[    6.710911]  corten_arena_test_truncate_route+0xd8e/0x1dc0
[    6.718824]  ? finish_task_switch.isra.0+0x76/0x250
[    6.723386]  ? __pfx_kunit_generic_run_threadfn_adapter+0x10/0x10
[    6.732625]  kunit_try_run_case+0x6f/0x150
[    6.738232]  ? __pfx_kunit_generic_run_threadfn_adapter+0x10/0x10
[    6.747523]  kunit_generic_run_threadfn_adapter+0x1c/0x40
[    6.754849]  kthread+0xff/0x1f0
[    6.759549]  ? __pfx_kthread+0x10/0x10
[    6.765379]  ? __pfx_kthread+0x10/0x10
[    6.771907]  ret_from_fork+0x144/0x160
[    6.791724]  ? __pfx_kthread+0x10/0x10
[    6.806026]  ret_from_fork_asm+0x1a/0x30
[    6.820197]  </TASK>
[    6.823424] ---[ end trace 0000000000000000 ]---
[    6.832437] ------------[ cut here ]------------
[    6.846051] corten: VM_CORTEN vma in a mapping i_mmap walk (stale node)
[    6.858738] WARNING: CPU: 3 PID: 275 at mm/corten_arena.c:1963 corten_arena_imap_stale_guard+0x39/0x50
[    6.876569] Modules linked in:
[    6.884746] CPU: 3 UID: 0 PID: 275 Comm: kunit_try_catch Tainted: G        W        N  6.18.32-g7545ed299aab-dirty #361 PREEMPT(voluntary) 
[    6.920604] Tainted: [W]=WARN, [N]=TEST
[    6.940348] Hardware name: QEMU Standard PC (i440FX + PIIX, 1996), BIOS 1.15.0-1 04/01/2014
[    6.953769] RIP: 0010:corten_arena_imap_stale_guard+0x39/0x50
[    6.963323] Code: 05 1c a8 7a 02 0f b6 05 f8 e5 d2 01 84 c0 74 05 e9 7c c9 f8 00 c6 05 e8 e5 d2 01 01 90 48 c7 c7 b8 1b cb b5 e8 78 34 cf ff 90 <0f> 0b 90 90 b8 01 00 00 00 e9 59 c9 f8 00 66 0f 1f 84 00 00 00 00
[    6.987570] RSP: 0000:ffffac848099fd88 EFLAGS: 00010282
[    6.992073] RAX: 0000000000000000 RBX: 0000000000000003 RCX: 00000000ffffdfff
[    7.004773] RDX: 0000000000000000 RSI: 00000000ffffffea RDI: 0000000000000001
[    7.014449] RBP: ffffa0d4044e4780 R08: ffffffffb613e6c8 R09: 00000000ffffdfff
[    7.022497] R10: ffffffffb605e6e0 R11: ffffffffb610e6e0 R12: ffffa0d402414100
[    7.031982] R13: ffffa0d4023fa8a8 R14: ffffac8480013a88 R15: ffffa0d402411b00
[    7.043817] FS:  0000000000000000(0000) GS:ffffa0d4c7019000(0000) knlGS:0000000000000000
[    7.052790] CS:  0010 DS: 0000 ES: 0000 CR0: 0000000080050033
[    7.061078] CR2: 0000000000000000 CR3: 000000006b430002 CR4: 0000000000770ef0
[    7.071557] PKRU: 55555554
[    7.078392] Call Trace:
[    7.084429]  <TASK>
[    7.089821]  corten_arena_test_truncate_route+0xecc/0x1dc0
[    7.097977]  ? finish_task_switch.isra.0+0x76/0x250
[    7.110048]  ? __pfx_kunit_generic_run_threadfn_adapter+0x10/0x10
[    7.140987]  kunit_try_run_case+0x6f/0x150
[    7.172622]  ? __pfx_kunit_generic_run_threadfn_adapter+0x10/0x10
[    7.182848]  kunit_generic_run_threadfn_adapter+0x1c/0x40
[    7.195053]  kthread+0xff/0x1f0
[    7.202870]  ? __pfx_kthread+0x10/0x10
[    7.205381]  ? __pfx_kthread+0x10/0x10
[    7.209436]  ret_from_fork+0x144/0x160
[    7.218873]  ? __pfx_kthread+0x10/0x10
[    7.232374]  ret_from_fork_asm+0x1a/0x30
[    7.236885]  </TASK>
[    7.243608] ---[ end trace 0000000000000000 ]---
[    7.265440] kunit_try_catch (275) used greatest stack depth: 13456 bytes left
[    7.267521]     ok 38 corten_arena_test_truncate_route
[    7.283017]     ok 39 corten_arena_test_registry_inval
[    7.297794] BUG: non-zero pgtables_bytes on freeing mm: 8192
[    7.312290]     ok 40 corten_arena_test_file_read
[    7.321371] BUG: non-zero pgtables_bytes on freeing mm: 8192
[    7.396362]     ok 41 corten_arena_test_file_cow
[    7.400559] BUG: non-zero pgtables_bytes on freeing mm: 8192
[    7.420897] BUG: non-zero pgtables_bytes on freeing mm: 8192
[    7.451142]     ok 42 corten_arena_test_file_rmap_shared
[    7.470393]     ok 43 corten_arena_test_ttu_file_route
[    7.482163] BUG: non-zero pgtables_bytes on freeing mm: 8192
[    7.498924]     ok 44 corten_arena_test_ttu_declines
[    7.511399]     ok 45 corten_arena_test_file_fork_mirror
[    7.523751] BUG: non-zero pgtables_bytes on freeing mm: 8192
[    7.535946]     ok 46 corten_arena_test_file_fork_cow
[    7.544606] BUG: non-zero pgtables_bytes on freeing mm: 8192
[    7.554960]     ok 47 corten_arena_test_file_fork_pinned
[    7.561166]     ok 48 corten_arena_test_file_hugetlb_route
[    7.570599] BUG: non-zero pgtables_bytes on freeing mm: 8192
[    7.587785]     ok 49 corten_arena_test_mag_recycle
[    7.591317] BUG: non-zero pgtables_bytes on freeing mm: 8192
[    7.600155]     ok 50 corten_arena_test_mag_marker
[    7.603548] BUG: non-zero pgtables_bytes on freeing mm: 8192
[    7.622243] BUG: non-zero pgtables_bytes on freeing mm: 8192
[    7.637897]     ok 51 corten_arena_test_pool_reuse
[    7.654908] BUG: non-zero pgtables_bytes on freeing mm: 8192
[    7.668742] BUG: non-zero pgtables_bytes on freeing mm: 8192
[    7.681603]     ok 52 corten_arena_test_pool_limit
[    7.685561]     ok 53 corten_arena_test_pool_mode_exit
[    7.698660]     ok 54 corten_arena_test_pool_fork
[    7.704151]     ok 55 corten_arena_test_noreplace_parked
[    7.711907]     ok 56 corten_arena_test_noreplace_active
[    7.723461]     ok 57 corten_arena_test_mapfixed_over_parked
[    7.738038]     ok 58 corten_arena_test_explicit_anon_region
[    7.751946]     ok 59 corten_arena_test_explicit_file_region
[    7.774759]     ok 60 corten_arena_test_occupied_incl_idle
[    7.791082] ------------[ cut here ]------------
[    7.801117] corten: foreign vma in parked window 800000-1000000
[    7.805779] WARNING: CPU: 1 PID: 387 at mm/corten_arena.c:12416 corten_arena_pool_reactivate+0x179/0x180
[    7.814643] Modules linked in:
[    7.817553] CPU: 1 UID: 0 PID: 387 Comm: kunit_try_catch Tainted: G        W        N  6.18.32-g7545ed299aab-dirty #361 PREEMPT(voluntary) 
[    7.838328] Tainted: [W]=WARN, [N]=TEST
[    7.855596] Hardware name: QEMU Standard PC (i440FX + PIIX, 1996), BIOS 1.15.0-1 04/01/2014
[    7.894827] RIP: 0010:corten_arena_pool_reactivate+0x179/0x180
[    7.910400] Code: ff ff eb ac 41 bc f4 ff ff ff eb a4 c6 05 5a 67 d2 01 01 90 49 8b 54 24 08 49 8b 34 24 48 c7 c7 20 1d cb b5 e8 e8 b5 ce ff 90 <0f> 0b 90 90 eb b1 90 90 90 90 90 90 90 90 90 90 90 90 90 90 90 90
[    7.938508] RSP: 0000:ffffac8480d1fd50 EFLAGS: 00010286
[    7.963092] RAX: 0000000000000000 RBX: 000000000000000b RCX: 00000000ffffdfff
[    7.980086] RDX: 0000000000000000 RSI: 00000000ffffffea RDI: 0000000000000001
[    7.994356] RBP: 0000000000200073 R08: ffffffffb613e6c8 R09: 00000000ffffdfff
[    8.007232] R10: ffffffffb605e6e0 R11: ffffffffb610e6e0 R12: ffffa0d4023aac00
[    8.011544] R13: ffffa0d401b20900 R14: ffffa0d4042d9380 R15: 0000000000000800
[    8.023408] FS:  0000000000000000(0000) GS:ffffa0d4c6f99000(0000) knlGS:0000000000000000
[    8.038849] CS:  0010 DS: 0000 ES: 0000 CR0: 0000000080050033
[    8.046444] CR2: 0000000000000000 CR3: 0000000004547005 CR4: 0000000000770ef0
[    8.057706] PKRU: 55555554
[    8.062466] Call Trace:
[    8.066066]  <TASK>
[    8.074672]  corten_arena_auto_mmap_route+0x3de/0x460
[    8.081416]  ? __pfx_kunit_generic_run_threadfn_adapter+0x10/0x10
[    8.090713]  corten_arena_test_p4_eject+0x1f6/0x6d0
[    8.099525]  ? finish_task_switch.isra.0+0x76/0x250
[    8.103721]  ? __pfx_kunit_generic_run_threadfn_adapter+0x10/0x10
[    8.115891]  kunit_try_run_case+0x6f/0x150
[    8.124467]  ? __pfx_kunit_generic_run_threadfn_adapter+0x10/0x10
[    8.136987]  kunit_generic_run_threadfn_adapter+0x1c/0x40
[    8.146116]  kthread+0xff/0x1f0
[    8.148159]  ? __pfx_kthread+0x10/0x10
[    8.150457]  ? __pfx_kthread+0x10/0x10
[    8.161100]  ret_from_fork+0x144/0x160
[    8.165816]  ? __pfx_kthread+0x10/0x10
[    8.171790]  ret_from_fork_asm+0x1a/0x30
[    8.180214]  </TASK>
[    8.186845] ---[ end trace 0000000000000000 ]---
[    8.198616] kunit_try_catch (387) used greatest stack depth: 13440 bytes left
[    8.199778]     ok 61 corten_arena_test_p4_eject
[    8.215437]     ok 62 corten_arena_test_hint_fence
[    8.229812]     ok 63 corten_arena_test_j1_hooks
[    8.253250]     ok 64 corten_arena_test_j1_self_exempt
[    8.263450]     ok 65 corten_arena_test_uffd_window_reject
[    8.274152]     ok 66 corten_arena_test_j1_implant_exempt
[    8.288168] BUG: non-zero pgtables_bytes on freeing mm: 12288
[    8.299181]     ok 67 corten_arena_test_fault_window_shorts
[    8.305139]     ok 68 corten_arena_test_inv_mv2_clean
[    8.310668] ------------[ cut here ]------------
[    8.348721] corten: INV-MV2 violated: 1 window vma(s) outside the implant registry (first at 100000200000)
[    8.382163] WARNING: CPU: 3 PID: 418 at mm/corten_arena.c:14225 corten_audit_j2_scan+0x1e9/0x200
[    8.396897] Modules linked in:
[    8.401600] CPU: 3 UID: 0 PID: 418 Comm: kunit_try_catch Tainted: G        W        N  6.18.32-g7545ed299aab-dirty #361 PREEMPT(voluntary) 
[    8.415071] Tainted: [W]=WARN, [N]=TEST
[    8.429733] Hardware name: QEMU Standard PC (i440FX + PIIX, 1996), BIOS 1.15.0-1 04/01/2014
[    8.451956] RIP: 0010:corten_audit_j2_scan+0x1e9/0x200
[    8.459778] Code: 5b 5d 41 5c 41 5d 41 5e 41 5f c3 cc cc cc cc c6 05 46 71 d3 01 01 90 48 c7 c7 58 1a cb b5 4c 89 e2 44 89 ee e8 d8 bf cf ff 90 <0f> 0b 90 90 eb ad e8 3c 70 f8 00 66 66 2e 0f 1f 84 00 00 00 00 00
[    8.502919] RSP: 0000:ffffac8480e17d58 EFLAGS: 00010282
[    8.510454] RAX: 0000000000000000 RBX: ffffa0d4044e61c0 RCX: 00000000ffffdfff
[    8.527316] RDX: 0000000000000000 RSI: 00000000ffffffea RDI: 0000000000000001
[    8.552668] RBP: 00003fffffffffff R08: ffffffffb613e6c8 R09: 00000000ffffdfff
[    8.565161] R10: ffffffffb605e6e0 R11: ffffffffb610e6e0 R12: 0000100000200000
[    8.578258] R13: 0000000000000001 R14: 0000000000000000 R15: 0000000000000000
[    8.591894] FS:  0000000000000000(0000) GS:ffffa0d4c7019000(0000) knlGS:0000000000000000
[    8.603588] CS:  0010 DS: 0000 ES: 0000 CR0: 0000000080050033
[    8.612298] CR2: 0000000000000000 CR3: 000000006b430004 CR4: 0000000000770ef0
[    8.624595] PKRU: 55555554
[    8.629591] Call Trace:
[    8.633310]  <TASK>
[    8.636572]  ? vma_link+0x11f/0x1d0
[    8.642000]  corten_audit_j2_walk+0x55/0x70
[    8.647197]  corten_arena_test_inv_mv2_inject+0x121/0x740
[    8.656017]  ? finish_task_switch.isra.0+0x76/0x250
[    8.662961]  ? __pfx_kunit_generic_run_threadfn_adapter+0x10/0x10
[    8.666042]  kunit_try_run_case+0x6f/0x150
[    8.669470]  ? __pfx_kunit_generic_run_threadfn_adapter+0x10/0x10
[    8.676095]  kunit_generic_run_threadfn_adapter+0x1c/0x40
[    8.680080]  kthread+0xff/0x1f0
[    8.683283]  ? __pfx_kthread+0x10/0x10
[    8.686827]  ? __pfx_kthread+0x10/0x10
[    8.690427]  ret_from_fork+0x144/0x160
[    8.692649]  ? __pfx_kthread+0x10/0x10
[    8.698290]  ret_from_fork_asm+0x1a/0x30
[    8.700478]  </TASK>
[    8.702674] ---[ end trace 0000000000000000 ]---
[    8.707785]     ok 69 corten_arena_test_inv_mv2_inject
[    8.709720]     ok 70 corten_arena_test_inv_mv2_stale
[    8.715228]     ok 71 corten_arena_test_inv_mv2_implant_fork
[    8.723616]     ok 72 corten_arena_test_j2_triggers
[    8.743283]     ok 73 corten_arena_test_msync_window_segments
[    8.749773] get_swap_device: Bad swap file entry 400000000000077
[    8.764286] get_swap_device: Bad swap file entry 400000000000077
[    8.773365]     ok 74 corten_arena_test_mincore_route
[    8.776291] BUG: non-zero pgtables_bytes on freeing mm: 12288
[    8.796956]     ok 75 corten_arena_test_madvise_parked_terminal
[    8.803475]     ok 76 corten_arena_test_move_pages_window
[    8.819084]     ok 77 corten_arena_test_mvc_row_stream
[    8.826329]     ok 78 corten_arena_test_mvc_merge_first_row
[    8.840683]     ok 79 corten_arena_test_mvc_gup_probe
[    8.853078]     ok 80 corten_arena_test_w3_futex_gup_shapes
[    8.865671]     ok 81 corten_arena_test_w3_gup_chunk_promoted_perm
[    8.881625]     ok 82 corten_arena_test_w3_futex_key
[    8.896361]     ok 83 corten_arena_test_gup_loop_window
[    8.909186]     ok 84 corten_arena_test_gup_loop_legacy
[    8.914381] BUG: non-zero pgtables_bytes on freeing mm: 8192
[    8.933466]     ok 85 corten_arena_test_remote_access_window
[    8.938303]     ok 86 corten_arena_test_remote_poke_cow
[    8.950249]     ok 87 corten_arena_test_punch_bare_frame_pte
[    8.965095]     ok 88 corten_arena_test_mvc_smaps_pagemap
[    8.975997] get_swap_device: Bad swap file entry 40000000000005d
[    8.992165]     ok 89 corten_arena_test_exit_lifecycle
[    8.994354] BUG: non-zero pgtables_bytes on freeing mm: 8192
[    9.010748] BUG: non-zero pgtables_bytes on freeing mm: 8192
[    9.019835] BUG: non-zero pgtables_bytes on freeing mm: 8192
[    9.024932] ------------[ cut here ]------------
[    9.030179] WARNING: CPU: 4 PID: 500 at mm/corten_arena.c:917 corten_slot_insert+0x1c6/0x230
[    9.038088] Modules linked in:
[    9.042252] CPU: 4 UID: 0 PID: 500 Comm: corten_arena_op Tainted: G        W        N  6.18.32-g7545ed299aab-dirty #361 PREEMPT(voluntary) 
[    9.065030] Tainted: [W]=WARN, [N]=TEST
[    9.076553] Hardware name: QEMU Standard PC (i440FX + PIIX, 1996), BIOS 1.15.0-1 04/01/2014
[    9.088296] RIP: 0010:corten_slot_insert+0x1c6/0x230
[    9.095156] Code: 83 fa 02 0f 85 54 ff ff ff 48 3d 05 c0 ff ff 0f 86 48 ff ff ff 48 c1 f8 02 41 89 c5 85 c0 0f 84 3c ff ff ff e9 54 ff ff ff 90 <0f> 0b 90 41 bd ef ff ff ff 5b 5d 44 89 e8 41 5c 41 5d 41 5e 41 5f
[    9.114535] RSP: 0000:ffffac84810a7be8 EFLAGS: 00010246
[    9.121803] RAX: ffffa0d40394ee00 RBX: ffffa0d40394ee00 RCX: 0000000000000000
[    9.129137] RDX: ffffa0d401624920 RSI: 0000000000000001 RDI: ffffa0d404c13540
[    9.133483] RBP: ffffa0d4044e6e80 R08: 0000000000000001 R09: 0000000000000005
[    9.139033] R10: 0000000000000011 R11: 0000000000000000 R12: 0000100000000000
[    9.147493] R13: ffffa0d40394ee00 R14: ffffa0d4025ead00 R15: 0000000000800001
[    9.157758] FS:  0000000000000000(0000) GS:ffffa0d4c7059000(0000) knlGS:0000000000000000
[    9.166287] CS:  0010 DS: 0000 ES: 0000 CR0: 0000000080050033
[    9.172315] CR2: 0000000000000000 CR3: 0000000004ace003 CR4: 0000000000770ef0
[    9.183510] PKRU: 55555554
[    9.187653] Call Trace:
[    9.192128]  <TASK>
[    9.195673]  corten_arena_mmap_punch_route+0x3b9/0x780
[    9.203773]  corten_arena_mmap_route+0x21c/0x850
[    9.211709]  ? _prb_read_valid+0x288/0x330
[    9.218181]  ? console_flush_all+0x171/0x3f0
[    9.221403]  do_mmap+0x1f5/0x7d0
[    9.225753]  ? __pfx_corten_arena_test_op_thread+0x10/0x10
[    9.233892]  corten_arena_test_op_punch+0x76/0x100
[    9.241599]  corten_arena_test_op_thread+0x1c/0x40
[    9.250002]  kthread+0xff/0x1f0
[    9.253768]  ? __pfx_kthread+0x10/0x10
[    9.260040]  ? __pfx_kthread+0x10/0x10
[    9.265448]  ret_from_fork+0x144/0x160
[    9.271137]  ? __pfx_kthread+0x10/0x10
[    9.277682]  ret_from_fork_asm+0x1a/0x30
[    9.284946]  </TASK>
[    9.289067] ---[ end trace 0000000000000000 ]---
[    9.297031] corten_arena_op (500) used greatest stack depth: 13072 bytes left
[    9.422350]     ok 90 corten_arena_test_exit_punchfork
[    9.423941]     ok 91 corten_arena_test_exit_multi_segment
[    9.444465]     ok 92 corten_arena_test_vma_free_reuse
[    9.463187]     ok 93 corten_arena_test_inv_mv3
[    9.499701]     ok 94 corten_arena_test_fork_vma_free
[    9.507244] BUG: non-zero pgtables_bytes on freeing mm: 8192
[    9.524990]     ok 95 corten_arena_test_vma_free_shrink_pick
[    9.532594]     ok 96 corten_arena_test_carrier_shrink_pick
[    9.547341]     ok 97 corten_arena_test_auto_validate
[    9.563020]     ok 98 corten_arena_test_carrier_vma
[    9.576883] BUG: non-zero pgtables_bytes on freeing mm: 8192
[    9.591764]     ok 99 corten_arena_test_fork_punch_novma
[    9.594160] BUG: non-zero pgtables_bytes on freeing mm: 8192
[    9.608625]     ok 100 corten_arena_test_fork_redeclare_content
[    9.613271]     ok 101 corten_arena_test_region_record
[    9.626344]     ok 102 corten_arena_test_region_iter
[    9.637848] BUG: non-zero pgtables_bytes on freeing mm: 8192
[    9.654474]     ok 103 corten_arena_test_region_park
[    9.656361]     ok 104 corten_arena_test_region_fork
[    9.666326]     ok 105 corten_arena_test_mprotect_route
[    9.676937]     ok 106 corten_arena_test_protect_flags_kernel_gate
[    9.687056]     ok 107 corten_arena_test_madvise_route
[    9.709632]     ok 108 corten_arena_test_mremap_route
[    9.716544] BUG: non-zero pgtables_bytes on freeing mm: 8192
[    9.721269]     ok 109 corten_arena_test_fork_faithful
[    9.724860]     ok 110 corten_arena_test_fork_unwind
[    9.731230]     ok 111 corten_arena_test_fork_multipiece
[    9.737988]     ok 112 corten_arena_test_fork_perm
[    9.743961]     ok 113 corten_arena_test_inv7_shared_ro
[    9.751457]     ok 114 corten_arena_test_inv7_swapped
[    9.761426] get_swap_device: Bad swap file entry 400000000000077
[    9.776182] BUG: Bad rss-counter state mm:0000000069b52cca type:MM_SWAPENTS val:-1 Comm:kunit_try_catch Pid:605
[    9.788430]     ok 115 corten_arena_test_shrink_registry_count
[    9.790964]     ok 116 corten_arena_test_shrink_aging_two_pass
[    9.800980]     ok 117 corten_arena_test_shrink_rotation
[    9.810378] get_swap_device: Bad swap file entry 400000000000077
[    9.826010] get_swap_device: Bad swap file entry 400000000000077
[    9.834444]     ok 118 corten_arena_test_fork_swapped
[    9.839946]     ok 119 corten_arena_test_fork_f2_gate
[   20.063348] ------------[ cut here ]------------
[   20.078682] corten: arena [800000,1000000) drain timed out: leaked transaction reference, leaking the descriptor
[   20.093643] WARNING: CPU: 3 PID: 616 at mm/corten_arena.c:1246 corten_arena_drain+0x6f/0x80
[   20.106314] Modules linked in:
[   20.108504] CPU: 3 UID: 0 PID: 616 Comm: kunit_try_catch Tainted: G        W        N  6.18.32-g7545ed299aab-dirty #361 PREEMPT(voluntary) 
[   20.124567] Tainted: [W]=WARN, [N]=TEST
[   20.131877] Hardware name: QEMU Standard PC (i440FX + PIIX, 1996), BIOS 1.15.0-1 04/01/2014
[   20.141828] RIP: 0010:corten_arena_drain+0x6f/0x80
[   20.147386] Code: c4 08 31 c0 5b c3 cc cc cc cc 88 44 24 07 c6 05 8b 76 d3 01 01 90 48 8b 53 08 48 8b 33 48 c7 c7 d0 19 cb b5 e8 12 c5 cf ff 90 <0f> 0b 90 90 0f b6 44 24 07 eb b4 66 0f 1f 44 00 00 90 90 90 90 90
[   20.167542] RSP: 0000:ffffac848142fd28 EFLAGS: 00010282
[   20.174520] RAX: 0000000000000000 RBX: ffffa0d403868400 RCX: 00000000ffffdfff
[   20.181721] RDX: 0000000000000000 RSI: 00000000ffffffea RDI: 0000000000000001
[   20.191381] RBP: ffffa0d402413320 R08: ffffffffb613e6c8 R09: 00000000ffffdfff
[   20.200385] R10: ffffffffb605e6e0 R11: ffffffffb610e6e0 R12: ffffa0d402413318
[   20.209214] R13: ffffa0d4044e5480 R14: ffffa0d402413378 R15: ffffa0d403868400
[   20.217743] FS:  0000000000000000(0000) GS:ffffa0d4c7019000(0000) knlGS:0000000000000000
[   20.227096] CS:  0010 DS: 0000 ES: 0000 CR0: 0000000080050033
[   20.234392] CR2: 0000000000000000 CR3: 00000000049e1006 CR4: 0000000000770ef0
[   20.243933] PKRU: 55555554
[   20.247826] Call Trace:
[   20.252435]  <TASK>
[   20.258559]  corten_arena_fork_begin+0x10a/0x1f0
[   20.281054]  corten_arena_test_fork_begin+0x59/0x140
[   20.288975]  corten_arena_test_fork_drain_leak+0x18a/0x800
[   20.296898]  ? psi_task_switch+0x107/0x290
[   20.302344]  ? finish_task_switch.isra.0+0x76/0x250
[   20.309901]  ? __pfx_kunit_generic_run_threadfn_adapter+0x10/0x10
[   20.318557]  kunit_try_run_case+0x6f/0x150
[   20.325038]  ? __pfx_kunit_generic_run_threadfn_adapter+0x10/0x10
[   20.332005]  kunit_generic_run_threadfn_adapter+0x1c/0x40
[   20.338919]  kthread+0xff/0x1f0
[   20.342828]  ? __pfx_kthread+0x10/0x10
[   20.347396]  ? __pfx_kthread+0x10/0x10
[   20.352071]  ret_from_fork+0x144/0x160
[   20.357075]  ? __pfx_kthread+0x10/0x10
[   20.360126]  ret_from_fork_asm+0x1a/0x30
[   20.364528]  </TASK>
[   20.367702] ---[ end trace 0000000000000000 ]---
[   20.375915]     # corten_arena_test_fork_drain_leak: Test should be marked slow (runtime: 10.530987327s)
[   20.378779]     ok 120 corten_arena_test_fork_drain_leak
[   20.405385]     ok 121 corten_arena_test_unshare_pin
[   20.428869]     ok 122 corten_arena_test_fork_reuse_exclusive
[   20.453031]     ok 123 corten_arena_test_gup_state1_uncommitted
[   20.470321]     ok 124 corten_arena_test_gup_state2_committed_rw
[   20.487542]     ok 125 corten_arena_test_gup_state3_fork_cow
[   20.505989]     ok 126 corten_arena_test_gup_state3b_downgrade_restore
[   20.549011]     ok 127 corten_arena_test_gup_state4_pin_zap
[   20.599087]     ok 128 corten_arena_test_concurrent
[   20.616122] BUG: Bad rss-counter state mm:0000000049f37046 type:MM_SWAPENTS val:-1 Comm:corten_arena_w0 Pid:642
[   20.656073]     ok 129 corten_arena_test_concurrent_window
[   20.663060]     ok 130 corten_arena_test_obs_ledger
[   20.672524]     ok 131 corten_arena_test_drain_timeout_stat
[   20.684076]     ok 132 corten_arena_test_novma_rmap
[   20.691289]     ok 133 corten_arena_test_brk_delegation
[   20.699472]     ok 134 corten_arena_test_brk_region_route
[   20.705622]     ok 135 corten_arena_test_brk_region_exit
[   20.708313] ------------[ cut here ]------------
[   20.711717] corten: whitelist violated: 1 window vma(s) unclassified as shadow/implant
[   20.716751] WARNING: CPU: 7 PID: 667 at mm/corten_arena.c:14484 corten_whitelist_scan+0x358/0x370
[   20.721029] Modules linked in:
[   20.723915] CPU: 7 UID: 0 PID: 667 Comm: kunit_try_catch Tainted: G        W        N  6.18.32-g7545ed299aab-dirty #361 PREEMPT(voluntary) 
[   20.735281] Tainted: [W]=WARN, [N]=TEST
[   20.739805] Hardware name: QEMU Standard PC (i440FX + PIIX, 1996), BIOS 1.15.0-1 04/01/2014
[   20.748584] RIP: 0010:corten_whitelist_scan+0x358/0x370
[   20.753261] Code: f0 48 01 05 fa 39 7b 02 80 3d 2d 7a d3 01 00 75 86 c6 05 24 7a d3 01 01 90 8b 74 24 04 48 c7 c7 58 19 cb b5 e8 b9 c8 cf ff 90 <0f> 0b 90 90 e9 64 ff ff ff e8 1a 79 f8 00 66 2e 0f 1f 84 00 00 00
[   20.774818] RSP: 0000:ffffac848158fcd8 EFLAGS: 00010286
[   20.780740] RAX: 0000000000000000 RBX: 0000000000000000 RCX: 00000000ffffdfff
[   20.796452] RDX: 0000000000000000 RSI: 00000000ffffffea RDI: 0000000000000001
[   20.824986] RBP: ffffa0d4025ca080 R08: ffffffffb613e6c8 R09: 00000000ffffdfff
[   20.840001] R10: ffffffffb605e6e0 R11: ffffffffb610e6e0 R12: 0000000000000007
[   20.856654] R13: 0000000000000001 R14: ffffa0d4025aaa00 R15: 0000000000000000
[   20.863618] FS:  0000000000000000(0000) GS:ffffa0d4c7119000(0000) knlGS:0000000000000000
[   20.870377] CS:  0010 DS: 0000 ES: 0000 CR0: 0000000080050033
[   20.875256] CR2: 0000000000000000 CR3: 000000006b430001 CR4: 0000000000770ef0
[   20.880724] PKRU: 55555554
[   20.883361] Call Trace:
[   20.884484]  <TASK>
[   20.885640]  corten_audit_whitelist_walk+0x5d/0x80
[   20.889042]  corten_arena_test_whitelist_audit+0x523/0xf10
[   20.892747]  ? __pfx_kunit_generic_run_threadfn_adapter+0x10/0x10
[   20.898855]  kunit_try_run_case+0x6f/0x150
[   20.900211]  ? __pfx_kunit_generic_run_threadfn_adapter+0x10/0x10
[   20.903503]  kunit_generic_run_threadfn_adapter+0x1c/0x40
[   20.905430]  kthread+0xff/0x1f0
[   20.906424]  ? __pfx_kthread+0x10/0x10
[   20.907905]  ? __pfx_kthread+0x10/0x10
[   20.910748]  ret_from_fork+0x144/0x160
[   20.915136]  ? __pfx_kthread+0x10/0x10
[   20.918336]  ret_from_fork_asm+0x1a/0x30
[   20.922004]  </TASK>
[   20.922711] ---[ end trace 0000000000000000 ]---
[   20.929537]     ok 136 corten_arena_test_whitelist_audit
[   20.929577] # corten_arena: pass:136 fail:0 skip:0 total:136
[   20.934183] # Totals: pass:136 fail:0 skip:0 total:136
[   20.940473] ok 2 corten_arena
[   20.947679]     KTAP version 1
[   20.950840]     # Subtest: corten_fault
[   20.955577]     # module: corten_fault_test
[   20.955584]     1..39
[   20.969996]     ok 1 corten_fault_test_dispatch
[   20.973476]     ok 2 corten_fault_test_fig8_cow
[   20.983806]     ok 3 corten_fault_test_unmap_classify
[   20.996000]     ok 4 corten_fault_test_mmap_classify
[   21.005763]     ok 5 corten_fault_test_file_may_matrix
[   21.011528]     ok 6 corten_fault_test_punch_classify
[   21.018261]     ok 7 corten_fault_test_map_anon
[   21.023200]     ok 8 corten_fault_test_zero_page
[   21.027648]     ok 9 corten_fault_test_sigsegv
[   21.040598]     ok 10 corten_fault_test_fresh_fault
[   21.074245]     ok 11 corten_fault_test_churn_repro
[   21.085835]     ok 12 corten_fault_test_untracked_drift
[   21.102875]     ok 13 corten_fault_test_restore
[   21.114925]     ok 14 corten_fault_test_cow_reuse
[   21.136074]     ok 15 corten_fault_test_cow_copy
[   21.201653] ------------[ cut here ]------------
[   21.226971] WARNING: CPU: 7 PID: 700 at ./include/linux/rwsem.h:88 corten_fault_test_foll_force+0x808/0xc50
[   21.264197] Modules linked in:
[   21.270148] CPU: 7 UID: 0 PID: 700 Comm: kunit_try_catch Tainted: G        W        N  6.18.32-g7545ed299aab-dirty #361 PREEMPT(voluntary) 
[   21.294376] Tainted: [W]=WARN, [N]=TEST
[   21.303561] Hardware name: QEMU Standard PC (i440FX + PIIX, 1996), BIOS 1.15.0-1 04/01/2014
[   21.319968] RIP: 0010:corten_fault_test_foll_force+0x808/0xc50
[   21.336271] Code: 0f 00 00 0f 85 18 fe ff ff 49 8b 04 24 a8 40 0f 84 0c fe ff ff 49 8b 44 24 48 48 8d 50 ff a8 01 49 0f 44 d4 e9 f8 fd ff ff 90 <0f> 0b 90 e9 64 f8 ff ff 48 98 45 31 c9 49 c7 c0 f0 79 99 b4 48 89
[   21.382531] RSP: 0000:ffffac8481697d80 EFLAGS: 00010246
[   21.396016] RAX: ffffa0d4025ca700 RBX: ffffa0d401f90340 RCX: 0000000000000000
[   21.406404] RDX: 0000000000000000 RSI: 0000000000000020 RDI: ffffa0d4024ed8c0
[   21.426103] RBP: ffffac8480013a88 R08: 0000000000001000 R09: 0000000000000000
[   21.439721] R10: ffffac8481697c98 R11: 0000000000000000 R12: ffffa0d4025ad100
[   21.457366] R13: ffffa0d401e85438 R14: ffffffffb4997dd0 R15: ffffac8480013ac8
[   21.474312] FS:  0000000000000000(0000) GS:ffffa0d4c7119000(0000) knlGS:0000000000000000
[   21.491835] CS:  0010 DS: 0000 ES: 0000 CR0: 0000000080050033
[   21.504130] CR2: 0000000000000000 CR3: 000000006b430001 CR4: 0000000000770ef0
[   21.536587] PKRU: 55555554
[   21.539285] Call Trace:
[   21.542716]  <TASK>
[   21.550248]  ? psi_group_change+0x116/0x300
[   21.565775]  ? psi_task_switch+0x107/0x290
[   21.580460]  ? finish_task_switch.isra.0+0x76/0x250
[   21.590230]  kunit_try_run_case+0x6f/0x150
[   21.602575]  ? __pfx_kunit_generic_run_threadfn_adapter+0x10/0x10
[   21.649557]  kunit_generic_run_threadfn_adapter+0x1c/0x40
[   21.657600]  kthread+0xff/0x1f0
[   21.660470]  ? __pfx_kthread+0x10/0x10
[   21.670772]  ? __pfx_kthread+0x10/0x10
[   21.676946]  ret_from_fork+0x144/0x160
[   21.683760]  ? __pfx_kthread+0x10/0x10
[   21.690926]  ret_from_fork_asm+0x1a/0x30
[   21.699955]  </TASK>
[   21.702725] ---[ end trace 0000000000000000 ]---
[   21.709239] ------------[ cut here ]------------
[   21.715439] WARNING: CPU: 7 PID: 700 at ./include/linux/rwsem.h:88 corten_fault_test_foll_force+0xb62/0xc50
[   21.725504] Modules linked in:
[   21.734657] CPU: 7 UID: 0 PID: 700 Comm: kunit_try_catch Tainted: G        W        N  6.18.32-g7545ed299aab-dirty #361 PREEMPT(voluntary) 
[   21.751245] Tainted: [W]=WARN, [N]=TEST
[   21.757073] Hardware name: QEMU Standard PC (i440FX + PIIX, 1996), BIOS 1.15.0-1 04/01/2014
[   21.768771] RIP: 0010:corten_fault_test_foll_force+0xb62/0xc50
[   21.775194] Code: c7 c6 d0 c8 65 b5 48 89 ef 48 89 44 24 08 48 c7 04 24 e0 c8 65 b5 48 c7 44 24 10 40 00 00 00 e8 94 f2 36 00 e9 44 fb ff ff 90 <0f> 0b 90 e9 ed fa ff ff 48 98 45 31 c9 49 c7 c0 f0 79 99 b4 48 89
[   21.806469] RSP: 0000:ffffac8481697d80 EFLAGS: 00010246
[   21.819923] RAX: ffffa0d4025ca700 RBX: ffffa0d401f90340 RCX: ffffa0d47ddf0340
[   21.837309] RDX: 0000000000000000 RSI: 0000000000000001 RDI: ffffa0d4024ed8c0
[   21.850546] RBP: ffffac8480013a88 R08: 0000000000000000 R09: 00000000000000fc
[   21.874616] R10: ffffa0d47ddefac0 R11: 0000000000000001 R12: ffffa0d4025ad100
[   21.885780] R13: 0000000000000000 R14: ffffffffb4997dd0 R15: ffffac8480013ac8
[   21.890991] FS:  0000000000000000(0000) GS:ffffa0d4c7119000(0000) knlGS:0000000000000000
[   21.897799] CS:  0010 DS: 0000 ES: 0000 CR0: 0000000080050033
[   21.903530] CR2: 0000000000000000 CR3: 000000006b430001 CR4: 0000000000770ef0
[   21.908270] PKRU: 55555554
[   21.911802] Call Trace:
[   21.912755]  <TASK>
[   21.913496]  ? finish_task_switch.isra.0+0x76/0x250
[   21.917087]  kunit_try_run_case+0x6f/0x150
[   21.921210]  ? __pfx_kunit_generic_run_threadfn_adapter+0x10/0x10
[   21.926718]  kunit_generic_run_threadfn_adapter+0x1c/0x40
[   21.931862]  kthread+0xff/0x1f0
[   21.936080]  ? __pfx_kthread+0x10/0x10
[   21.940879]  ? __pfx_kthread+0x10/0x10
[   21.944488]  ret_from_fork+0x144/0x160
[   21.949063]  ? __pfx_kthread+0x10/0x10
[   21.953764]  ret_from_fork_asm+0x1a/0x30
[   21.958238]  </TASK>
[   21.960863] ---[ end trace 0000000000000000 ]---
[   21.968687]     ok 16 corten_fault_test_foll_force
[   21.974500]     ok 17 corten_fault_test_cow_race
[   21.990659]     ok 18 corten_fault_test_mprotect_pte
[   22.008700]     ok 19 corten_fault_test_mprotect_fresh
[   22.024785]     ok 20 corten_fault_test_zap_keep_perm
[   22.036363]     ok 21 corten_fault_test_zap_keep_perm_downgrade
[   22.046714]     ok 22 corten_fault_test_untracked_rearm
[   22.056492]     ok 23 corten_fault_test_fill_upper_race
[   22.069443]     ok 24 corten_fault_test_map_race
[   22.089353]     ok 25 corten_fault_test_chunk_unmap
[   22.097702]     ok 26 corten_fault_test_punch_hole
[   22.110079]     ok 27 corten_fault_test_punch_head
[   22.124801]     ok 28 corten_fault_test_rmap_guard
[   22.134300]     ok 29 corten_fault_test_ttu_route
[   22.149204]     ok 30 corten_fault_test_ttu_dual_entry
[   22.153246]     ok 31 corten_fault_test_reap_skip
[   22.161456]     ok 32 corten_fault_test_swap_encode
[   22.171755]     ok 33 corten_fault_test_swap_roundtrip # SKIP swap round-trip requires a swap area
[   22.179424]     ok 34 corten_fault_test_swap_zap_free # SKIP swap zap test requires a swap area
[   22.189315]     ok 35 corten_fault_test_driver_keep_noswap
[   22.203394]     ok 36 corten_fault_test_driver_swap_roundtrip # SKIP driver round-trip requires a swap area
[   22.215338]     ok 37 corten_fault_test_swap_mprotect_pending
[   22.236746]     ok 38 corten_fault_test_unuse_windows # SKIP unuse sweep requires a swap area
[   22.246978]     ok 39 corten_fault_test_unuse_windows_cache # SKIP unuse sweep requires a swap area
[   22.257049] # corten_fault: pass:34 fail:0 skip:5 total:39
[   22.265937] # Totals: pass:34 fail:0 skip:5 total:39
[   22.272790] ok 3 corten_fault
[   22.291637] check access for rdinit=/init failed: -2, ignoring
[   22.296732] md: Waiting for all devices to be available before autodetect
[   22.303091] md: If you don't use raid, use raid=noautodetect
[   22.310510] md: Autodetecting RAID arrays.
[   22.319186] md: autorun ...
[   22.323404] md: ... autorun DONE.
[   22.329596] /dev/root: Can't open blockdev
[   22.331433] VFS: Cannot open root device "" or unknown-block(0,0): error -6
[   22.338121] Please append a correct "root=" boot option; here are the available partitions:
[   22.345669] 0b00         1048575 sr0 
[   22.345675]  driver: sr
[   22.348416] List of all bdev filesystems:
[   22.350697]  ext3
[   22.350700]  ext2
[   22.351546]  ext4
[   22.352434]  vfat
[   22.353332]  msdos
[   22.354929]  iso9660
[   22.359285]  f2fs
[   22.364363]  erofs
[   22.367958] 
[   22.374298] Kernel panic - not syncing: VFS: Unable to mount root fs on unknown-block(0,0)
[   22.381269] CPU: 0 UID: 0 PID: 1 Comm: swapper/0 Tainted: G        W        N  6.18.32-g7545ed299aab-dirty #361 PREEMPT(voluntary) 
[   22.389666] Tainted: [W]=WARN, [N]=TEST
[   22.396256] Hardware name: QEMU Standard PC (i440FX + PIIX, 1996), BIOS 1.15.0-1 04/01/2014
[   22.400675] Call Trace:
[   22.405755]  <TASK>
[   22.408938]  vpanic+0x34f/0x360
[   22.414597]  panic+0x56/0x60
[   22.418484]  mount_root_generic+0x1ff/0x320
[   22.424505]  prepare_namespace+0x63/0x270
[   22.429561]  kernel_init_freeable+0x29f/0x2f0
[   22.433400]  ? __pfx_kernel_init+0x10/0x10
[   22.437435]  kernel_init+0x15/0x1c0
[   22.442279]  ret_from_fork+0x144/0x160
[   22.446298]  ? __pfx_kernel_init+0x10/0x10
[   22.450418]  ret_from_fork_asm+0x1a/0x30
[   22.454200]  </TASK>
[   22.464623] Kernel Offset: 0x33000000 from 0xffffffff81000000 (relocation range: 0xffffffff80000000-0xffffffffbfffffff)
