qemu-system-x86_64: warning: host doesn't support requested feature: CPUID.80000001H:ECX.svm [bit 2]
qemu-system-x86_64: warning: host doesn't support requested feature: CPUID.80000001H:ECX.svm [bit 2]
qemu-system-x86_64: warning: host doesn't support requested feature: CPUID.80000001H:ECX.svm [bit 2]
qemu-system-x86_64: warning: host doesn't support requested feature: CPUID.80000001H:ECX.svm [bit 2]
c[?7l[2J[0mSeaBIOS (version 1.15.0-1)


iPXE (https://ipxe.org) 00:03.0 CA00 PCI2.10 PnP PMM+7FF8B310+7FECB310 CA00
Press Ctrl-B to configure iPXE (PCI 00:03.0)...                                                                               


Booting from ROM...
c[?7l[2J[    0.000000] Linux version 6.18.32-gf5848730958e-dirty (ppw@vm) (gcc (Ubuntu 11.4.0-1ubuntu1~22.04.3) 11.4.0, GNU ld (GNU Binutils for Ubuntu) 2.38) #188 SMP PREEMPT_DYNAMIC Thu Sep 24 23:10:12 CST 2026
[    0.000000] Command line: console=ttyS0 panic=-1 kunit.filter_glob=corten*
[    0.000000] x86/CPU: Model not found in latest microcode list
[    0.000000] BIOS-provided physical RAM map:
[    0.000000] BIOS-e820: [mem 0x0000000000000000-0x000000000009fbff] usable
[    0.000000] BIOS-e820: [mem 0x000000000009fc00-0x000000000009ffff] reserved
[    0.000000] BIOS-e820: [mem 0x00000000000f0000-0x00000000000fffff] reserved
[    0.000000] BIOS-e820: [mem 0x0000000000100000-0x000000007ffdffff] usable
[    0.000000] BIOS-e820: [mem 0x000000007ffe0000-0x000000007fffffff] reserved
[    0.000000] BIOS-e820: [mem 0x00000000feffc000-0x00000000feffffff] reserved
[    0.000000] BIOS-e820: [mem 0x00000000fffc0000-0x00000000ffffffff] reserved
[    0.000000] NX (Execute Disable) protection: active
[    0.000000] APIC: Static calls initialized
[    0.000000] SMBIOS 2.8 present.
[    0.000000] DMI: QEMU Standard PC (i440FX + PIIX, 1996), BIOS 1.15.0-1 04/01/2014
[    0.000000] DMI: Memory slots populated: 1/1
[    0.000000] Hypervisor detected: KVM
[    0.000000] last_pfn = 0x7ffe0 max_arch_pfn = 0x400000000
[    0.000000] kvm-clock: Using msrs 4b564d01 and 4b564d00
[    0.000002] kvm-clock: using sched offset of 1847855782 cycles
[    0.000004] clocksource: kvm-clock: mask: 0xffffffffffffffff max_cycles: 0x1cd42e4dffb, max_idle_ns: 881590591483 ns
[    0.000031] tsc: Detected 2419.196 MHz processor
[    0.001276] last_pfn = 0x7ffe0 max_arch_pfn = 0x400000000
[    0.001462] MTRR map: 4 entries (3 fixed + 1 variable; max 19), built from 8 variable MTRRs
[    0.001469] x86/PAT: Configuration [0-7]: WB  WC  UC- UC  WB  WP  UC- WT  
[    0.008147] found SMP MP-table at [mem 0x000f5ba0-0x000f5baf]
[    0.008403] ACPI: Early table checksum verification disabled
[    0.008551] ACPI: RSDP 0x00000000000F59E0 000014 (v00 BOCHS )
[    0.008931] ACPI: RSDT 0x000000007FFE1A1C 000034 (v01 BOCHS  BXPC     00000001 BXPC 00000001)
[    0.009027] ACPI: FACP 0x000000007FFE18B8 000074 (v01 BOCHS  BXPC     00000001 BXPC 00000001)
[    0.009152] ACPI: DSDT 0x000000007FFE0040 001878 (v01 BOCHS  BXPC     00000001 BXPC 00000001)
[    0.009156] ACPI: FACS 0x000000007FFE0000 000040
[    0.009158] ACPI: APIC 0x000000007FFE192C 000090 (v01 BOCHS  BXPC     00000001 BXPC 00000001)
[    0.009261] ACPI: HPET 0x000000007FFE19BC 000038 (v01 BOCHS  BXPC     00000001 BXPC 00000001)
[    0.009264] ACPI: WAET 0x000000007FFE19F4 000028 (v01 BOCHS  BXPC     00000001 BXPC 00000001)
[    0.009266] ACPI: Reserving FACP table memory at [mem 0x7ffe18b8-0x7ffe192b]
[    0.009268] ACPI: Reserving DSDT table memory at [mem 0x7ffe0040-0x7ffe18b7]
[    0.009269] ACPI: Reserving FACS table memory at [mem 0x7ffe0000-0x7ffe003f]
[    0.009269] ACPI: Reserving APIC table memory at [mem 0x7ffe192c-0x7ffe19bb]
[    0.009270] ACPI: Reserving HPET table memory at [mem 0x7ffe19bc-0x7ffe19f3]
[    0.009270] ACPI: Reserving WAET table memory at [mem 0x7ffe19f4-0x7ffe1a1b]
[    0.012676] No NUMA configuration found
[    0.012678] Faking a node at [mem 0x0000000000000000-0x000000007ffdffff]
[    0.012682] NODE_DATA(0) allocated [mem 0x7ffdc140-0x7ffdffff]
[    0.013273] Zone ranges:
[    0.013274]   DMA      [mem 0x0000000000001000-0x0000000000ffffff]
[    0.013275]   DMA32    [mem 0x0000000001000000-0x000000007ffdffff]
[    0.013276]   Normal   empty
[    0.013277] Movable zone start for each node
[    0.013278] Early memory node ranges
[    0.013278]   node   0: [mem 0x0000000000001000-0x000000000009efff]
[    0.013286]   node   0: [mem 0x0000000000100000-0x000000007ffdffff]
[    0.013288] Initmem setup node 0 [mem 0x0000000000001000-0x000000007ffdffff]
[    0.013769] On node 0, zone DMA: 1 pages in unavailable ranges
[    0.014186] On node 0, zone DMA: 97 pages in unavailable ranges
[    0.104631] On node 0, zone DMA32: 32 pages in unavailable ranges
[    0.107275] ACPI: PM-Timer IO Port: 0x608
[    0.107362] ACPI: LAPIC_NMI (acpi_id[0xff] dfl dfl lint[0x1])
[    0.109655] IOAPIC[0]: apic_id 0, version 17, address 0xfec00000, GSI 0-23
[    0.109669] ACPI: INT_SRC_OVR (bus 0 bus_irq 0 global_irq 2 dfl dfl)
[    0.109673] ACPI: INT_SRC_OVR (bus 0 bus_irq 5 global_irq 5 high level)
[    0.109676] ACPI: INT_SRC_OVR (bus 0 bus_irq 9 global_irq 9 high level)
[    0.109704] ACPI: INT_SRC_OVR (bus 0 bus_irq 10 global_irq 10 high level)
[    0.109707] ACPI: INT_SRC_OVR (bus 0 bus_irq 11 global_irq 11 high level)
[    0.109717] ACPI: Using ACPI (MADT) for SMP configuration information
[    0.109719] ACPI: HPET id: 0x8086a201 base: 0xfed00000
[    0.109738] CPU topo: Max. logical packages:   1
[    0.109740] CPU topo: Max. logical dies:       1
[    0.109741] CPU topo: Max. dies per package:   1
[    0.109751] CPU topo: Max. threads per core:   1
[    0.109774] CPU topo: Num. cores per package:     4
[    0.109776] CPU topo: Num. threads per package:   4
[    0.109777] CPU topo: Allowing 4 present CPUs plus 0 hotplug CPUs
[    0.109890] kvm-guest: APIC: eoi() replaced with kvm_guest_apic_eoi_write()
[    0.110837] PM: hibernation: Registered nosave memory: [mem 0x00000000-0x00000fff]
[    0.110840] PM: hibernation: Registered nosave memory: [mem 0x0009f000-0x000fffff]
[    0.110842] [mem 0x80000000-0xfeffbfff] available for PCI devices
[    0.110843] Booting paravirtualized kernel on KVM
[    0.110858] clocksource: refined-jiffies: mask: 0xffffffff max_cycles: 0xffffffff, max_idle_ns: 1910969940391419 ns
[    0.129189] setup_percpu: NR_CPUS:64 nr_cpumask_bits:4 nr_cpu_ids:4 nr_node_ids:1
[    0.140119] percpu: Embedded 54 pages/cpu s182680 r8192 d30312 u524288
[    0.140405] Kernel command line: console=ttyS0 panic=-1 kunit.filter_glob=corten*
[    0.141746] printk: log buffer data + meta data: 262144 + 917504 = 1179648 bytes
[    0.149865] Dentry cache hash table entries: 262144 (order: 9, 2097152 bytes, linear)
[    0.168473] Inode-cache hash table entries: 131072 (order: 8, 1048576 bytes, linear)
[    0.169862] Fallback order for Node 0: 0 
[    0.169888] Built 1 zonelists, mobility grouping on.  Total pages: 524158
[    0.169892] Policy zone: DMA32
[    0.169896] mem auto-init: stack:off, heap alloc:off, heap free:off
[    0.181338] SLUB: HWalign=64, Order=0-3, MinObjects=0, CPUs=4, Nodes=1
[    0.181712] Kernel/User page tables isolation: enabled
[    0.202044] Dynamic Preempt: voluntary
[    0.203629] rcu: Preemptible hierarchical RCU implementation.
[    0.203632] rcu: 	RCU event tracing is enabled.
[    0.203634] rcu: 	RCU restricting CPUs from NR_CPUS=64 to nr_cpu_ids=4.
[    0.203639] 	Trampoline variant of Tasks RCU enabled.
[    0.203640] 	Tracing variant of Tasks RCU enabled.
[    0.203641] rcu: RCU calculated value of scheduler-enlistment delay is 100 jiffies.
[    0.203643] rcu: Adjusting geometry for rcu_fanout_leaf=16, nr_cpu_ids=4
[    0.204044] RCU Tasks: Setting shift to 2 and lim to 1 rcu_task_cb_adjust=1 rcu_task_cpu_ids=4.
[    0.204048] RCU Tasks Trace: Setting shift to 2 and lim to 1 rcu_task_cb_adjust=1 rcu_task_cpu_ids=4.
[    0.221699] NR_IRQS: 4352, nr_irqs: 456, preallocated irqs: 16
[    0.223285] rcu: srcu_init: Setting srcu_struct sizes based on contention.
[    0.296480] Console: colour VGA+ 80x25
[    0.297024] printk: legacy console [ttyS0] enabled
[    0.846591] ACPI: Core revision 20250807
[    0.851250] clocksource: hpet: mask: 0xffffffff max_cycles: 0xffffffff, max_idle_ns: 19112604467 ns
[    0.861523] APIC: Switch to symmetric I/O mode setup
[    0.865955] x2apic enabled
[    0.874155] APIC: Switched APIC routing to: physical x2apic
[    0.887569] ..TIMER: vector=0x30 apic1=0 pin1=2 apic2=-1 pin2=-1
[    0.891865] clocksource: tsc-early: mask: 0xffffffffffffffff max_cycles: 0x22df0d21928, max_idle_ns: 440795225288 ns
[    0.900307] Calibrating delay loop (skipped) preset value.. 4838.39 BogoMIPS (lpj=2419196)
[    0.901301] Last level iTLB entries: 4KB 0, 2MB 0, 4MB 0
[    0.901313] Last level dTLB entries: 4KB 0, 2MB 0, 4MB 0, 1GB 0
[    0.902301] mitigations: Enabled attack vectors: user_kernel, user_user, SMT mitigations: auto
[    0.902395] Speculative Store Bypass: Vulnerable
[    0.903301] Spectre V2 : Mitigation: Retpolines
[    0.903301] ITS: Mitigation: Aligned branch/return thunks
[    0.903301] MDS: Vulnerable: Clear CPU buffers attempted, no microcode
[    0.903317] Spectre V1 : Mitigation: usercopy/swapgs barriers and __user pointer sanitization
[    0.904301] Spectre V2 : Spectre v2 / SpectreRSB: Filling RSB on context switch and VMEXIT
[    0.904322] active return thunk: its_return_thunk
[    0.905301] x86/fpu: x87 FPU will use FXSAVE
[    0.910301] Freeing SMP alternatives memory: 64K
[    0.910329] pid_max: default: 32768 minimum: 301
[    0.911301] LSM: initializing lsm=capability,selinux
[    0.911301] SELinux:  Initializing.
[    0.911301] Mount-cache hash table entries: 4096 (order: 3, 32768 bytes, linear)
[    0.911488] Mountpoint-cache hash table entries: 4096 (order: 3, 32768 bytes, linear)
[    0.921301] smpboot: CPU0: Intel QEMU Virtual CPU version 2.5+ (family: 0xf, model: 0x6b, stepping: 0x1)
[    0.923406] Performance Events: unsupported Netburst CPU model 107 no PMU driver, software events only.
[    0.926437] signal: max sigframe size: 1440
[    0.927497] rcu: Hierarchical SRCU implementation.
[    0.928312] rcu: 	Max phase no-delay instances is 400.
[    0.931584] Timer migration: 1 hierarchy levels; 8 children per group; 1 crossnode level
[    0.945764] smp: Bringing up secondary CPUs ...
[    0.948318] smpboot: x86: Booting SMP configuration:
[    0.949312] .... node  #0, CPUs:      #1 #2 #3
[    0.964109] smp: Brought up 1 node, 4 CPUs
[    0.965312] smpboot: Total of 4 processors activated (19353.56 BogoMIPS)
[    0.971699] Memory: 2006932K/2096632K available (21638K kernel code, 3202K rwdata, 9088K rodata, 3276K init, 1156K bss, 84536K reserved, 0K cma-reserved)
[    0.975308] devtmpfs: initialized
[    0.979324] clocksource: jiffies: mask: 0xffffffff max_cycles: 0xffffffff, max_idle_ns: 1911260446275000 ns
[    0.980308] posixtimers hash table entries: 2048 (order: 3, 32768 bytes, linear)
[    0.983329] futex hash table entries: 1024 (65536 bytes on 1 NUMA nodes, total 64 KiB, linear).
[    0.985106] PM: RTC time: 15:13:14, date: 2026-09-24
[    0.997879] NET: Registered PF_NETLINK/PF_ROUTE protocol family
[    0.999604] audit: initializing netlink subsys (disabled)
[    1.001317] audit: type=2000 audit(1790262793.750:1): state=initialized audit_enabled=0 res=1
[    1.002007] thermal_sys: Registered thermal governor 'step_wise'
[    1.004313] cpuidle: using governor menu
[    1.009301] PCI: Using configuration type 1 for base access
[    1.010588] kprobes: kprobe jump-optimization is enabled. All kprobes are optimized if possible.
[    1.016574] HugeTLB: registered 2.00 MiB page size, pre-allocated 0 pages
[    1.019311] HugeTLB: 28 KiB vmemmap can be freed for a 2.00 MiB page
[    1.025469] ACPI: Added _OSI(Module Device)
[    1.026024] ACPI: Added _OSI(Processor Device)
[    1.026301] ACPI: Added _OSI(Processor Aggregator Device)
[    1.028244] ACPI: 1 ACPI AML tables successfully acquired and loaded
[    1.038724] ACPI: Interpreter enabled
[    1.041376] ACPI: PM: (supports S0 S3 S4 S5)
[    1.043311] ACPI: Using IOAPIC for interrupt routing
[    1.045303] PCI: Using host bridge windows from ACPI; if necessary, use "pci=nocrs" and report a bug
[    1.051306] PCI: Using E820 reservations for host bridge windows
[    1.053662] ACPI: Enabled 2 GPEs in block 00 to 0F
[    1.062434] ACPI: PCI Root Bridge [PCI0] (domain 0000 [bus 00-ff])
[    1.064310] acpi PNP0A03:00: _OSC: OS supports [ASPM ClockPM Segments MSI HPX-Type3]
[    1.069317] acpi PNP0A03:00: _OSC: not requesting OS control; OS requires [ExtendedConfig ASPM ClockPM MSI]
[    1.078326] acpi PNP0A03:00: fail to add MMCONFIG information, can't access extended configuration space under this bridge
[    1.085698] PCI host bridge to bus 0000:00
[    1.087332] pci_bus 0000:00: root bus resource [io  0x0000-0x0cf7 window]
[    1.092316] pci_bus 0000:00: root bus resource [io  0x0d00-0xffff window]
[    1.097306] pci_bus 0000:00: root bus resource [mem 0x000a0000-0x000bffff window]
[    1.101312] pci_bus 0000:00: root bus resource [mem 0x80000000-0xfebfffff window]
[    1.105320] pci_bus 0000:00: root bus resource [mem 0x100000000-0x17fffffff window]
[    1.108309] pci_bus 0000:00: root bus resource [bus 00-ff]
[    1.110512] pci 0000:00:00.0: [8086:1237] type 00 class 0x060000 conventional PCI endpoint
[    1.115301] pci 0000:00:01.0: [8086:7000] type 00 class 0x060100 conventional PCI endpoint
[    1.118434] pci 0000:00:01.1: [8086:7010] type 00 class 0x010180 conventional PCI endpoint
[    1.120163] pci 0000:00:01.1: BAR 4 [io  0xc040-0xc04f]
[    1.122692] pci 0000:00:01.1: BAR 0 [io  0x01f0-0x01f7]: legacy IDE quirk
[    1.126317] pci 0000:00:01.1: BAR 1 [io  0x03f6]: legacy IDE quirk
[    1.128317] pci 0000:00:01.1: BAR 2 [io  0x0170-0x0177]: legacy IDE quirk
[    1.132318] pci 0000:00:01.1: BAR 3 [io  0x0376]: legacy IDE quirk
[    1.135768] pci 0000:00:01.3: [8086:7113] type 00 class 0x068000 conventional PCI endpoint
[    1.139009] pci 0000:00:01.3: quirk: [io  0x0600-0x063f] claimed by PIIX4 ACPI
[    1.141337] pci 0000:00:01.3: quirk: [io  0x0700-0x070f] claimed by PIIX4 SMB
[    1.143064] pci 0000:00:02.0: [1234:1111] type 00 class 0x030000 conventional PCI endpoint
[    1.151438] pci 0000:00:02.0: BAR 0 [mem 0xfd000000-0xfdffffff pref]
[    1.153351] pci 0000:00:02.0: BAR 2 [mem 0xfebb0000-0xfebb0fff]
[    1.155714] pci 0000:00:02.0: ROM [mem 0xfeba0000-0xfebaffff pref]
[    1.164600] pci 0000:00:02.0: Video device with shadowed ROM at [mem 0x000c0000-0x000dffff]
[    1.177491] pci 0000:00:03.0: [8086:100e] type 00 class 0x020000 conventional PCI endpoint
[    1.186407] pci 0000:00:03.0: BAR 0 [mem 0xfeb80000-0xfeb9ffff]
[    1.189332] pci 0000:00:03.0: BAR 1 [io  0xc000-0xc03f]
[    1.194628] pci 0000:00:03.0: ROM [mem 0xfeb00000-0xfeb7ffff pref]
[    1.211852] ACPI: PCI: Interrupt link LNKA configured for IRQ 10
[    1.213500] ACPI: PCI: Interrupt link LNKB configured for IRQ 10
[    1.217792] ACPI: PCI: Interrupt link LNKC configured for IRQ 11
[    1.221627] ACPI: PCI: Interrupt link LNKD configured for IRQ 11
[    1.226393] ACPI: PCI: Interrupt link LNKS configured for IRQ 9
[    1.240392] iommu: Default domain type: Translated
[    1.242312] iommu: DMA domain TLB invalidation policy: lazy mode
[    1.243711] SCSI subsystem initialized
[    1.245043] ACPI: bus type USB registered
[    1.245043] usbcore: registered new interface driver usbfs
[    1.245390] usbcore: registered new interface driver hub
[    1.245390] usbcore: registered new device driver usb
[    1.245472] pps_core: LinuxPPS API ver. 1 registered
[    1.246307] pps_core: Software ver. 5.3.6 - Copyright 2005-2007 Rodolfo Giometti <giometti@linux.it>
[    1.246346] PTP clock support registered
[    1.246743] Advanced Linux Sound Architecture Driver Initialized.
[    1.248852] NetLabel: Initializing
[    1.249311] NetLabel:  domain hash size = 128
[    1.249311] NetLabel:  protocols = UNLABELED CIPSOv4 CALIPSO
[    1.249618] NetLabel:  unlabeled traffic allowed by default
[    1.250996] PCI: Using ACPI for IRQ routing
[    1.252021] pci 0000:00:02.0: vgaarb: setting as boot VGA device
[    1.252301] pci 0000:00:02.0: vgaarb: bridge control possible
[    1.252301] pci 0000:00:02.0: vgaarb: VGA device added: decodes=io+mem,owns=io+mem,locks=none
[    1.252310] vgaarb: loaded
[    1.252427] hpet: 3 channels of 0 reserved for per-cpu timers
[    1.252427] hpet0: at MMIO 0xfed00000, IRQs 2, 8, 0
[    1.252442] hpet0: 3 comparators, 64-bit 100.000000 MHz counter
[    1.253374] clocksource: Switched to clocksource kvm-clock
[    1.258181] VFS: Disk quotas dquot_6.6.0
[    1.259478] VFS: Dquot-cache hash table entries: 512 (order 0, 4096 bytes)
[    1.268703] pnp: PnP ACPI init
[    1.271010] pnp: PnP ACPI: found 6 devices
[    1.328078] clocksource: acpi_pm: mask: 0xffffff max_cycles: 0xffffff, max_idle_ns: 2085701024 ns
[    1.333645] NET: Registered PF_INET protocol family
[    1.340286] IP idents hash table entries: 32768 (order: 6, 262144 bytes, linear)
[    1.351711] tcp_listen_portaddr_hash hash table entries: 1024 (order: 2, 16384 bytes, linear)
[    1.359151] Table-perturb hash table entries: 65536 (order: 6, 262144 bytes, linear)
[    1.366144] TCP established hash table entries: 16384 (order: 5, 131072 bytes, linear)
[    1.380590] TCP bind hash table entries: 16384 (order: 7, 524288 bytes, linear)
[    1.389937] TCP: Hash tables configured (established 16384 bind 16384)
[    1.397284] UDP hash table entries: 1024 (order: 4, 65536 bytes, linear)
[    1.400269] UDP-Lite hash table entries: 1024 (order: 4, 65536 bytes, linear)
[    1.404907] NET: Registered PF_UNIX/PF_LOCAL protocol family
[    1.411807] RPC: Registered named UNIX socket transport module.
[    1.415758] RPC: Registered udp transport module.
[    1.416732] RPC: Registered tcp transport module.
[    1.418608] RPC: Registered tcp-with-tls transport module.
[    1.421282] RPC: Registered tcp NFSv4.1 backchannel transport module.
[    1.426637] pci_bus 0000:00: resource 4 [io  0x0000-0x0cf7 window]
[    1.428442] pci_bus 0000:00: resource 5 [io  0x0d00-0xffff window]
[    1.431454] pci_bus 0000:00: resource 6 [mem 0x000a0000-0x000bffff window]
[    1.434968] pci_bus 0000:00: resource 7 [mem 0x80000000-0xfebfffff window]
[    1.436694] pci_bus 0000:00: resource 8 [mem 0x100000000-0x17fffffff window]
[    1.438470] pci 0000:00:01.0: PIIX3: Enabling Passive Release
[    1.440101] pci 0000:00:00.0: Limiting direct PCI/PCI transfers
[    1.441974] PCI: CLS 0 bytes, default 64
[    1.444098] clocksource: tsc: mask: 0xffffffffffffffff max_cycles: 0x22df0d21928, max_idle_ns: 440795225288 ns
[    1.456507] Initialise system trusted keyrings
[    1.459337] workingset: timestamp_bits=40 max_order=19 bucket_order=0
[    1.464750] NFS: Registering the id_resolver key type
[    1.468611] Key type id_resolver registered
[    1.469539] Key type id_legacy registered
[    1.473650] 9p: Installing v9fs 9p2000 file system support
[    1.504872] Key type asymmetric registered
[    1.507386] Asymmetric key parser 'x509' registered
[    1.510859] Block layer SCSI generic (bsg) driver version 0.4 loaded (major 251)
[    1.518798] io scheduler mq-deadline registered
[    1.521826] io scheduler kyber registered
[    1.529245] input: Power Button as /devices/LNXSYSTM:00/LNXPWRBN:00/input/input0
[    1.538538] ACPI: button: Power Button [PWRF]
[    1.548552] Serial: 8250/16550 driver, 4 ports, IRQ sharing enabled
[    1.556141] 00:04: ttyS0 at I/O 0x3f8 (irq = 4, base_baud = 115200) is a 16550A
[    1.569765] Non-volatile memory driver v1.3
[    1.574437] Linux agpgart interface v0.103
[    1.615252] ACPI: bus type drm_connector registered
[    1.648104] loop: module loaded
[    1.652133] zram: Added device: zram0
[    1.668850] scsi host0: ata_piix
[    1.676157] scsi host1: ata_piix
[    1.680301] ata1: PATA max MWDMA2 cmd 0x1f0 ctl 0x3f6 bmdma 0xc040 irq 14 lpm-pol 0
[    1.690773] ata2: PATA max MWDMA2 cmd 0x170 ctl 0x376 bmdma 0xc048 irq 15 lpm-pol 0
[    1.703405] tun: Universal TUN/TAP device driver, 1.6
[    1.712381] e100: Intel(R) PRO/100 Network Driver
[    1.719743] e100: Copyright(c) 1999-2006 Intel Corporation
[    1.727153] e1000: Intel(R) PRO/1000 Network Driver
[    1.731581] e1000: Copyright (c) 1999-2006 Intel Corporation.
[    1.773094] ACPI: \_SB_.LNKC: Enabled at IRQ 11
[    1.866066] ata2: found unknown device (class 0)
[    1.874982] ata2.00: ATAPI: QEMU DVD-ROM, 2.5+, max UDMA/100
[    1.895014] scsi 1:0:0:0: CD-ROM            QEMU     QEMU DVD-ROM     2.5+ PQ: 0 ANSI: 5
[    1.966576] sr 1:0:0:0: [sr0] scsi3-mmc drive: 4x/4x cd/rw xa/form2 tray
[    1.972572] cdrom: Uniform CD-ROM driver Revision: 3.20
[    2.014071] sr 1:0:0:0: Attached scsi generic sg0 type 5
[    2.783830] e1000 0000:00:03.0 eth0: (PCI:33MHz:32-bit) 52:54:00:12:34:56
[    2.790395] e1000 0000:00:03.0 eth0: Intel(R) PRO/1000 Network Connection
[    2.796534] e1000e: Intel(R) PRO/1000 Network Driver
[    2.800598] e1000e: Copyright(c) 1999 - 2015 Intel Corporation.
[    2.808735] sky2: driver version 1.30
[    2.814972] usbcore: registered new interface driver usblp
[    2.820299] usbcore: registered new interface driver usb-storage
[    2.825734] i8042: PNP: PS/2 Controller [PNP0303:KBD,PNP0f13:MOU] at 0x60,0x64 irq 1,12
[    2.836447] serio: i8042 KBD port at 0x60,0x64 irq 1
[    2.840329] serio: i8042 AUX port at 0x60,0x64 irq 12
[    2.847516] rtc_cmos 00:05: RTC can wake from S4
[    2.855582] input: AT Translated Set 2 keyboard as /devices/platform/i8042/serio0/input/input1
[    2.858709] rtc_cmos 00:05: registered as rtc0
[    2.868201] rtc_cmos 00:05: alarms up to one day, y3k, 242 bytes nvram, hpet irqs
[    2.877856] device-mapper: ioctl: 4.50.0-ioctl (2025-04-28) initialised: dm-devel@lists.linux.dev
[    2.893340] intel_pstate: CPU model not supported
[    2.899793] hid: raw HID events driver (C) Jiri Kosina
[    2.907940] usbcore: registered new interface driver usbhid
[    2.916201] usbhid: USB HID core driver
[    2.929386] xt_time: kernel timezone is -0000
[    2.935226] Initializing XFRM netlink socket
[    2.938820] NET: Registered PF_INET6 protocol family
[    2.948088] Segment Routing with IPv6
[    2.951414] In-situ OAM (IOAM) with IPv6
[    2.957442] sit: IPv6, IPv4 and MPLS over IPv4 tunneling driver
[    2.960040] NET: Registered PF_PACKET protocol family
[    2.963717] NET: Registered PF_KEY protocol family
[    2.969240] 9pnet: Installing 9P2000 support
[    2.974271] Key type dns_resolver registered
[    2.979639] NET: Registered PF_VSOCK protocol family
[    2.984801] IPI shorthand broadcast: enabled
[    2.995254] sched_clock: Marking stable (2321030263, 673958561)->(3605520787, -610531963)
[    3.008372] registered taskstats version 1
[    3.014222] Loading compiled-in X.509 certificates
[    3.025808] Demotion targets for Node 0: null
[    3.035303] Key type .fscrypt registered
[    3.038028] Key type fscrypt-provisioning registered
[    3.046031] PM:   Magic number: 10:581:235
[    3.050918] netconsole: network logging started
[    3.055559] cfg80211: Loading compiled-in X.509 certificates for regulatory database
[    3.065282] kworker/u16:1 (73) used greatest stack depth: 14272 bytes left
[    3.071289] Loaded X.509 cert 'sforshee: 00b28ddf47aef9cea7'
[    3.081752] Loaded X.509 cert 'wens: 61c038651aabdcf94bd0ac7ff06c7248db18c600'
[    3.087640] faux_driver regulatory: Direct firmware load for regulatory.db failed with error -2
[    3.091227] ALSA device list:
[    3.093597]   No soundcards found.
[    3.098359] cfg80211: failed to load regulatory.db
[    3.102905] KTAP version 1
[    3.105834] 1..3
[    3.109327]     KTAP version 1
[    3.110929]     # Subtest: corten
[    3.113790]     # module: corten_test
[    3.113836]     1..25
[    3.120414]     ok 1 corten_test_layout
[    3.124245]     ok 2 corten_test_ptdesc_get_put
[    3.131516]     ok 3 corten_test_meta_roundtrip
[    3.140723]     ok 4 corten_test_meta_reinit_cleared
[    3.150845]     ok 5 corten_test_covering_level
[    3.159150]     ok 6 corten_test_covering_base_index
[    3.165999]     ok 7 corten_test_txn_covering
[    3.174556]     ok 8 corten_test_txn_hole
[    3.180547] kunit_try_catch (92) used greatest stack depth: 14144 bytes left
[    3.181343]     ok 9 corten_test_txn_stale_eagain
[    3.194238]     ok 10 corten_test_lock_range_args
[    3.213580]     ok 11 corten_test_txn_state_machine
[    3.227707]     ok 12 corten_test_txn_atomic_validate
[    3.239767]     ok 13 corten_test_txn_real_glue
[    3.301819]     ok 14 corten_test_txn_mutex_overlap
[    3.336795]     ok 15 corten_test_txn_mutex_disjoint
[    3.345057]     ok 16 corten_test_fail_alloc
[    3.350560]     ok 17 corten_test_txn_hole_fill
[    3.362488]     ok 18 corten_test_txn_hole_race
[    3.374158] input: ImExPS/2 Generic Explorer Mouse as /devices/platform/i8042/serio1/input/input3
[    3.648589]     ok 19 corten_test_txn_uninstall_interlock
[    3.653192]     ok 20 corten_test_uninstall_bh_ctx
[    3.663247] ------------[ cut here ]------------
[    3.673417] WARNING: CPU: 2 PID: 124 at mm/corten.c:865 corten_txn_begin+0x191/0x4b0
[    3.682132] Modules linked in:
[    3.685368] CPU: 2 UID: 0 PID: 124 Comm: kunit_try_catch Tainted: G                 N  6.18.32-gf5848730958e-dirty #188 PREEMPT(voluntary) 
[    3.697950] Tainted: [N]=TEST
[    3.700750] Hardware name: QEMU Standard PC (i440FX + PIIX, 1996), BIOS 1.15.0-1 04/01/2014
[    3.713272] RIP: 0010:corten_txn_begin+0x191/0x4b0
[    3.721321] Code: 02 00 00 4c 89 ff 48 89 04 24 e8 9a 8c f8 00 4c 89 ff e8 a2 8e f8 00 48 8b 04 24 41 0f b6 4f 25 38 48 25 0f 87 65 ff ff ff 90 <0f> 0b 90 41 80 7e 48 04 0f 86 61 ff ff ff 90 0f 0b 90 48 89 c7 e8
[    3.744934] RSP: 0000:ffffa4a9c04dfda0 EFLAGS: 00010246
[    3.750413] RAX: ffff88f7429cc840 RBX: 0000000000000fff RCX: 0000000000000002
[    3.757912] RDX: 0000000000000003 RSI: 000000000000001d RDI: ffff88f74308e180
[    3.767762] RBP: 0000000000000000 R08: ffff88f741bd7a00 R09: ffffa4a9c04dfe00
[    3.774954] R10: ffffa4a9c04dfd58 R11: 0000000000000000 R12: ffffffffb9a3e990
[    3.783249] R13: ffff88f741bd7a00 R14: ffffa4a9c04dfe00 R15: ffff88f7429cc7e0
[    3.790142] FS:  0000000000000000(0000) GS:ffff88f802c5f000(0000) knlGS:0000000000000000
[    3.798838] CS:  0010 DS: 0000 ES: 0000 CR0: 0000000080050033
[    3.807077] CR2: 0000000000000000 CR3: 0000000026230000 CR4: 00000000000006f0
[    3.816898] Call Trace:
[    3.821576]  <TASK>
[    3.824886]  ? __pfx_kunit_generic_run_threadfn_adapter+0x10/0x10
[    3.835474]  corten_test_txn_path_overflow+0xb5/0x2a0
[    3.840973]  ? psi_task_switch+0x107/0x290
[    3.844380]  kunit_try_run_case+0x6f/0x150
[    3.849986]  ? __pfx_kunit_generic_run_threadfn_adapter+0x10/0x10
[    3.856149]  kunit_generic_run_threadfn_adapter+0x1c/0x40
[    3.860740]  kthread+0xff/0x1f0
[    3.863585]  ? __pfx_kthread+0x10/0x10
[    3.866553]  ? __pfx_kthread+0x10/0x10
[    3.869036]  ret_from_fork+0x144/0x160
[    3.871117]  ? __pfx_kthread+0x10/0x10
[    3.873888]  ret_from_fork_asm+0x1a/0x30
[    3.877762]  </TASK>
[    3.879893] ---[ end trace 0000000000000000 ]---
[    3.882811] ------------[ cut here ]------------
[    3.887339] WARNING: CPU: 2 PID: 124 at mm/corten.c:812 corten_txn_begin+0x1a0/0x4b0
[    3.891776] Modules linked in:
[    3.893789] CPU: 2 UID: 0 PID: 124 Comm: kunit_try_catch Tainted: G        W        N  6.18.32-gf5848730958e-dirty #188 PREEMPT(voluntary) 
[    3.896776] Tainted: [W]=WARN, [N]=TEST
[    3.898580] Hardware name: QEMU Standard PC (i440FX + PIIX, 1996), BIOS 1.15.0-1 04/01/2014
[    3.900969] RIP: 0010:corten_txn_begin+0x1a0/0x4b0
[    3.902171] Code: 4c 89 ff e8 a2 8e f8 00 48 8b 04 24 41 0f b6 4f 25 38 48 25 0f 87 65 ff ff ff 90 0f 0b 90 41 80 7e 48 04 0f 86 61 ff ff ff 90 <0f> 0b 90 48 89 c7 e8 c5 f5 ff ff 41 0f b6 46 48 84 c0 74 28 83 e8
[    3.912588] RSP: 0000:ffffa4a9c04dfda0 EFLAGS: 00010202
[    3.916578] RAX: ffff88f7429cc9c0 RBX: 0000000000000fff RCX: 0000000000000002
[    3.921027] RDX: 0000000000000003 RSI: 0000000000000019 RDI: ffff88f74308e180
[    3.927073] RBP: 0000000000000000 R08: ffff88f741bd7a00 R09: ffffa4a9c04dfe00
[    3.932749] R10: ffffa4a9c04dfd58 R11: 0000000000000000 R12: ffffffffb9a3e990
[    3.938116] R13: ffff88f741bd7a00 R14: ffffa4a9c04dfe00 R15: ffff88f7429cc960
[    3.944803] FS:  0000000000000000(0000) GS:ffff88f802c5f000(0000) knlGS:0000000000000000
[    3.951142] CS:  0010 DS: 0000 ES: 0000 CR0: 0000000080050033
[    3.956663] CR2: 0000000000000000 CR3: 0000000026230000 CR4: 00000000000006f0
[    3.962873] Call Trace:
[    3.965028]  <TASK>
[    3.966635]  ? __pfx_kunit_generic_run_threadfn_adapter+0x10/0x10
[    3.972144]  corten_test_txn_path_overflow+0xb5/0x2a0
[    3.977877]  ? psi_task_switch+0x107/0x290
[    3.979268]  kunit_try_run_case+0x6f/0x150
[    3.980962]  ? __pfx_kunit_generic_run_threadfn_adapter+0x10/0x10
[    3.985651]  kunit_generic_run_threadfn_adapter+0x1c/0x40
[    3.991237]  kthread+0xff/0x1f0
[    3.993944]  ? __pfx_kthread+0x10/0x10
[    3.995076]  ? __pfx_kthread+0x10/0x10
[    3.999625]  ret_from_fork+0x144/0x160
[    4.004484]  ? __pfx_kthread+0x10/0x10
[    4.009664]  ret_from_fork_asm+0x1a/0x30
[    4.013195]  </TASK>
[    4.016196] ---[ end trace 0000000000000000 ]---
[    4.021937] kunit_try_catch (124) used greatest stack depth: 13520 bytes left
[    4.022939]     ok 21 corten_test_txn_path_overflow
[    4.038853]     ok 22 corten_test_txn_child_err
[    4.051364]     ok 23 corten_test_real_huge_leaf
[    4.065378]     ok 24 corten_test_full_window_atomic
[    4.081074]     ok 25 corten_test_debugfs_content
[    4.085159] # corten: pass:25 fail:0 skip:0 total:25
[    4.088724] # Totals: pass:25 fail:0 skip:0 total:25
[    4.090692] ok 1 corten
[    4.097168]     KTAP version 1
[    4.100840]     # Subtest: corten_arena
[    4.106311]     # module: corten_arena_test
[    4.106314]     1..105
[    4.119661]     ok 1 corten_arena_test_declare_reject
[    4.127750]     ok 2 corten_arena_test_declare_reject_flags
[    4.135127]     ok 3 corten_arena_test_declare_query
[    4.140972]     ok 4 corten_arena_test_range_overlaps # SKIP overlap gate requires corten=on
[    4.160076]     ok 5 corten_arena_test_release
[    4.166846]     ok 6 corten_arena_test_ref_born_atomic
[    4.174270]     ok 7 corten_arena_test_release_classify
[    4.186296]     ok 8 corten_arena_test_shadow_vma
[    4.196496]     ok 9 corten_arena_test_exit
[    4.208967]     ok 10 corten_arena_test_prctl
[    4.219364]     ok 11 corten_arena_test_mode
[    4.226001]     ok 12 corten_arena_test_auto_classify
[    4.232753]     ok 13 corten_arena_test_auto_classify_file
[    4.241223]     ok 14 corten_arena_test_auto_place
[    4.260332]     ok 15 corten_arena_test_auto_route # SKIP auto-mmap route requires corten=on
[    4.277295]     ok 16 corten_arena_test_auto_attach_release # SKIP munmap routing requires corten=on
[    4.288215]     ok 17 corten_arena_test_file_lifecycle # SKIP FILE lifecycle requires corten=on
[    4.302826]     ok 18 corten_arena_test_truncate_route # SKIP H7 gate requires corten=on
[    4.325679]     ok 19 corten_arena_test_registry_inval # SKIP W1.b registry requires corten=on
[    4.330347]     ok 20 corten_arena_test_file_read # SKIP FILE read arm requires corten=on
[    4.345919]     ok 21 corten_arena_test_file_cow # SKIP FILE COW arm requires corten=on
[    4.361491]     ok 22 corten_arena_test_file_rmap_shared # SKIP FILE rmap anchor requires corten=on
[    4.371691]     ok 23 corten_arena_test_ttu_file_route # SKIP W1.d ttu route requires corten=on
[    4.383566]     ok 24 corten_arena_test_ttu_declines # SKIP W1.d ttu declines require corten=on
[    4.402963]     ok 25 corten_arena_test_file_fork_mirror # SKIP FILE fork mirror requires corten=on
[    4.417105]     ok 26 corten_arena_test_file_fork_cow # SKIP FILE fork COW requires corten=on
[    4.423659]     ok 27 corten_arena_test_file_fork_pinned # SKIP FILE fork pinned copy requires corten=on
[    4.428884]     ok 28 corten_arena_test_file_hugetlb_route # SKIP hugetlb route gate requires corten=on
[    4.434428]     ok 29 corten_arena_test_mag_recycle # SKIP auto-mmap route requires corten=on
[    4.439951]     ok 30 corten_arena_test_mag_marker # SKIP auto-mmap route requires corten=on
[    4.444669]     ok 31 corten_arena_test_pool_reuse # SKIP pool routing requires corten=on
[    4.453262]     ok 32 corten_arena_test_pool_limit # SKIP pool routing requires corten=on
[    4.460184]     ok 33 corten_arena_test_pool_mode_exit # SKIP pool routing requires corten=on
[    4.466248]     ok 34 corten_arena_test_pool_fork # SKIP pool routing requires corten=on
[    4.476174]     ok 35 corten_arena_test_noreplace_parked # SKIP placement guards require corten=on
[    4.483748]     ok 36 corten_arena_test_noreplace_active # SKIP placement guards require corten=on
[    4.495398]     ok 37 corten_arena_test_mapfixed_over_parked # SKIP placement guards require corten=on
[    4.505547]     ok 38 corten_arena_test_occupied_incl_idle # SKIP placement guards require corten=on
[    4.518616]     ok 39 corten_arena_test_p4_eject # SKIP placement guards require corten=on
[    4.527811]     ok 40 corten_arena_test_hint_fence # SKIP placement guards require corten=on
[    4.536265]     ok 41 corten_arena_test_j1_hooks # SKIP J1 hooks require corten=on
[    4.543007]     ok 42 corten_arena_test_j1_self_exempt # SKIP J1 exemption requires corten=on
[    4.558263]     ok 43 corten_arena_test_uffd_window_reject # SKIP uffd short-circuit requires corten=on
[    4.570210]     ok 44 corten_arena_test_j1_implant_exempt # SKIP J1 implant exemption requires corten=on
[    4.587694]     ok 45 corten_arena_test_fault_window_shorts # SKIP fault short-circuit requires corten=on
[    4.603943]     ok 46 corten_arena_test_inv_mv2_clean # SKIP J2 walker requires corten=on
[    4.617200]     ok 47 corten_arena_test_inv_mv2_inject # SKIP J2 injection requires corten=on
[    4.624838]     ok 48 corten_arena_test_inv_mv2_stale # SKIP J2 stale class requires corten=on
[    4.635677]     ok 49 corten_arena_test_inv_mv2_implant_fork # SKIP J2 implant fork requires corten=on
[    4.649664]     ok 50 corten_arena_test_j2_triggers # SKIP J2 triggers require corten=on
[    4.661344]     ok 51 corten_arena_test_msync_window_segments # SKIP msync terminals require corten=on
[    4.672740]     ok 52 corten_arena_test_mincore_route # SKIP mincore terminal requires corten=on
[    4.677356]     ok 53 corten_arena_test_madvise_parked_terminal # SKIP madvise terminal requires corten=on
[    4.690386]     ok 54 corten_arena_test_move_pages_window # SKIP move_pages terminal requires corten=on
[    4.700156]     ok 55 corten_arena_test_mvc_row_stream # SKIP row stream requires corten=on
[    4.706156]     ok 56 corten_arena_test_mvc_merge_first_row # SKIP row stream requires corten=on
[    4.711751]     ok 57 corten_arena_test_mvc_gup_probe # SKIP gup probe requires corten=on
[    4.727682]     ok 58 corten_arena_test_mvc_smaps_pagemap # SKIP smaps/pagemap aggregation requires corten=on
[    4.742830]     ok 59 corten_arena_test_exit_lifecycle # SKIP lifecycle ledger requires corten=on
[    4.762002]     ok 60 corten_arena_test_exit_punchfork # SKIP punchfork exit ledger requires corten=on
[    4.782316]     ok 61 corten_arena_test_exit_multi_segment # SKIP multi-segment exit requires corten=on
[    4.804319]     ok 62 corten_arena_test_vma_free_reuse # SKIP VMA-free reuse requires corten=on
[    4.824996]     ok 63 corten_arena_test_inv_mv3 # SKIP INV-MV3 requires corten=on
[    4.845960]     ok 64 corten_arena_test_fork_vma_free # SKIP VMA-free fork requires corten=on
[    4.852065]     ok 65 corten_arena_test_vma_free_shrink_pick # SKIP shrinker bodies require corten=on
[    4.864822]     ok 66 corten_arena_test_carrier_shrink_pick # SKIP shrinker bodies require corten=on
[    4.891393]     ok 67 corten_arena_test_auto_validate
[    4.904663]     ok 68 corten_arena_test_carrier_vma # SKIP auto-arena record requires corten=on
[    4.912382]     ok 69 corten_arena_test_fork_punch_novma # SKIP fork mirror requires corten=on
[    4.919861]     ok 70 corten_arena_test_fork_redeclare_content # SKIP fork mirror requires corten=on
[    4.926426]     ok 71 corten_arena_test_region_record
[    4.932500]     ok 72 corten_arena_test_region_iter
[    4.938672]     ok 73 corten_arena_test_region_park # SKIP park routing requires corten=on
[    4.946199]     ok 74 corten_arena_test_region_fork
[    4.954903]     ok 75 corten_arena_test_mprotect_route # SKIP mprotect route requires corten=on
[    4.961330]     ok 76 corten_arena_test_protect_flags_kernel_gate # SKIP mprotect route requires corten=on
[    4.972334]     ok 77 corten_arena_test_madvise_route # SKIP madvise route requires corten=on
[    4.983479]     ok 78 corten_arena_test_mremap_route # SKIP mremap route requires corten=on
[    4.992581]     ok 79 corten_arena_test_fork_faithful # SKIP metadata mirror requires corten=on
[    5.009297]     ok 80 corten_arena_test_fork_unwind
[    5.023147]     ok 81 corten_arena_test_fork_multipiece
[    5.032634]     ok 82 corten_arena_test_fork_perm # SKIP mprotect route requires corten=on
[    5.042819]     ok 83 corten_arena_test_inv7_shared_ro # SKIP metadata mirror requires corten=on
[    5.056787]     ok 84 corten_arena_test_inv7_swapped # SKIP metadata mirror requires corten=on
[    5.071703]     ok 85 corten_arena_test_shrink_registry_count # SKIP shrinker bodies require corten=on
[    5.091006]     ok 86 corten_arena_test_shrink_aging_two_pass # SKIP shrinker bodies require corten=on
[    5.101244]     ok 87 corten_arena_test_shrink_rotation # SKIP shrinker bodies require corten=on
[    5.111167]     ok 88 corten_arena_test_fork_swapped # SKIP fork mirror requires corten=on
[    5.124726]     ok 89 corten_arena_test_fork_f2_gate # SKIP metadata mirror requires corten=on
[    5.137014]     ok 90 corten_arena_test_fork_drain_leak # SKIP metadata mirror requires corten=on
[    5.148099]     ok 91 corten_arena_test_unshare_pin # SKIP metadata mirror requires corten=on
[    5.152453]     ok 92 corten_arena_test_fork_reuse_exclusive # SKIP metadata mirror requires corten=on
[    5.163823]     ok 93 corten_arena_test_gup_state1_uncommitted # SKIP metadata mirror requires corten=on
[    5.173978]     ok 94 corten_arena_test_gup_state2_committed_rw # SKIP metadata mirror requires corten=on
[    5.188480]     ok 95 corten_arena_test_gup_state3_fork_cow # SKIP metadata mirror requires corten=on
[    5.197173]     ok 96 corten_arena_test_gup_state3b_downgrade_restore # SKIP metadata mirror requires corten=on
[    5.209482]     ok 97 corten_arena_test_gup_state4_pin_zap # SKIP metadata mirror requires corten=on
[    5.226380]     ok 98 corten_arena_test_concurrent
[    5.239373]     ok 99 corten_arena_test_concurrent_window
[    5.249433]     ok 100 corten_arena_test_obs_ledger
[    5.255307]     ok 101 corten_arena_test_drain_timeout_stat
[    5.262845]     ok 102 corten_arena_test_novma_rmap
[    5.271147]     ok 103 corten_arena_test_brk_delegation # SKIP brk ledger requires corten=on
[    5.278305]     ok 104 corten_arena_test_brk_region_route # SKIP brk region migration requires corten=on
[    5.290325]     ok 105 corten_arena_test_whitelist_audit # SKIP whitelist audit requires corten=on
[    5.293980] # corten_arena: pass:24 fail:0 skip:81 total:105
[    5.309668] # Totals: pass:24 fail:0 skip:81 total:105
[    5.311774] ok 2 corten_arena
[    5.316152]     KTAP version 1
[    5.318524]     # Subtest: corten_fault
[    5.319487]     # module: corten_fault_test
[    5.319489]     1..39
[    5.327196]     ok 1 corten_fault_test_dispatch
[    5.329460]     ok 2 corten_fault_test_fig8_cow
[    5.338568]     ok 3 corten_fault_test_unmap_classify
[    5.350395]     ok 4 corten_fault_test_mmap_classify
[    5.364515]     ok 5 corten_fault_test_file_may_matrix
[    5.371907]     ok 6 corten_fault_test_punch_classify
[    5.378420]     ok 7 corten_fault_test_map_anon # SKIP real fault chain requires corten=on
[    5.389617]     ok 8 corten_fault_test_zero_page # SKIP real fault chain requires corten=on
[    5.405318]     ok 9 corten_fault_test_sigsegv # SKIP real fault chain requires corten=on
[    5.424874]     ok 10 corten_fault_test_fresh_fault # SKIP real fault chain requires corten=on
[    5.431236]     ok 11 corten_fault_test_churn_repro # SKIP real fault chain requires corten=on
[    5.436588]     ok 12 corten_fault_test_untracked_drift # SKIP real fault chain requires corten=on
[    5.440887]     ok 13 corten_fault_test_restore # SKIP real fault chain requires corten=on
[    5.447815]     ok 14 corten_fault_test_cow_reuse # SKIP real fault chain requires corten=on
[    5.455629]     ok 15 corten_fault_test_cow_copy # SKIP real fault chain requires corten=on
[    5.460316]     ok 16 corten_fault_test_foll_force # SKIP real fault chain requires corten=on
[    5.467189]     ok 17 corten_fault_test_cow_race # SKIP real fault chain requires corten=on
[    5.473861]     ok 18 corten_fault_test_mprotect_pte # SKIP real fault chain requires corten=on
[    5.478640]     ok 19 corten_fault_test_mprotect_fresh # SKIP real fault chain requires corten=on
[    5.485242]     ok 20 corten_fault_test_zap_keep_perm # SKIP real fault chain requires corten=on
[    5.493851]     ok 21 corten_fault_test_zap_keep_perm_downgrade # SKIP real fault chain requires corten=on
[    5.499798]     ok 22 corten_fault_test_untracked_rearm # SKIP real fault chain requires corten=on
[    5.508752]     ok 23 corten_fault_test_fill_upper_race # SKIP real fault chain requires corten=on
[    5.515484]     ok 24 corten_fault_test_map_race # SKIP real fault chain requires corten=on
[    5.523861]     ok 25 corten_fault_test_chunk_unmap # SKIP real fault chain requires corten=on
[    5.530963]     ok 26 corten_fault_test_punch_hole # SKIP real fault chain requires corten=on
[    5.543634]     ok 27 corten_fault_test_punch_head # SKIP real fault chain requires corten=on
[    5.555505]     ok 28 corten_fault_test_rmap_guard # SKIP reclaim guard requires corten=on
[    5.569814]     ok 29 corten_fault_test_ttu_route # SKIP ttu route requires corten=on
[    5.580326]     ok 30 corten_fault_test_ttu_dual_entry # SKIP ttu dual entry requires corten=on
[    5.590789]     ok 31 corten_fault_test_reap_skip # SKIP reap skip requires corten=on
[    5.602822]     ok 32 corten_fault_test_swap_encode
[    5.610870]     ok 33 corten_fault_test_swap_roundtrip # SKIP swap transaction requires corten=on
[    5.618779]     ok 34 corten_fault_test_swap_zap_free # SKIP swap transaction requires corten=on
[    5.628775]     ok 35 corten_fault_test_driver_keep_noswap # SKIP driver requires corten=on
[    5.638836]     ok 36 corten_fault_test_driver_swap_roundtrip # SKIP driver requires corten=on
[    5.648359]     ok 37 corten_fault_test_swap_mprotect_pending # SKIP real fault chain requires corten=on
[    5.658745]     ok 38 corten_fault_test_unuse_windows # SKIP unuse sweep requires corten=on
[    5.670177]     ok 39 corten_fault_test_unuse_windows_cache # SKIP unuse sweep requires corten=on
[    5.677139] # corten_fault: pass:7 fail:0 skip:32 total:39
[    5.683287] # Totals: pass:7 fail:0 skip:32 total:39
[    5.687370] ok 3 corten_fault
[    5.698217] check access for rdinit=/init failed: -2, ignoring
[    5.701851] md: Waiting for all devices to be available before autodetect
[    5.706056] md: If you don't use raid, use raid=noautodetect
[    5.707964] md: Autodetecting RAID arrays.
[    5.710813] md: autorun ...
[    5.711894] md: ... autorun DONE.
[    5.716429] /dev/root: Can't open blockdev
[    5.718740] VFS: Cannot open root device "" or unknown-block(0,0): error -6
[    5.720512] Please append a correct "root=" boot option; here are the available partitions:
[    5.723053] 0b00         1048575 sr0 
[    5.723056]  driver: sr
[    5.726761] List of all bdev filesystems:
[    5.727753]  ext3
[    5.727755]  ext2
[    5.728418]  ext4
[    5.729835]  vfat
[    5.731206]  msdos
[    5.732559]  iso9660
[    5.733722]  f2fs
[    5.735150]  erofs
[    5.735546] 
[    5.737098] Kernel panic - not syncing: VFS: Unable to mount root fs on unknown-block(0,0)
[    5.741850] CPU: 0 UID: 0 PID: 1 Comm: swapper/0 Tainted: G        W        N  6.18.32-gf5848730958e-dirty #188 PREEMPT(voluntary) 
[    5.746789] Tainted: [W]=WARN, [N]=TEST
[    5.748982] Hardware name: QEMU Standard PC (i440FX + PIIX, 1996), BIOS 1.15.0-1 04/01/2014
[    5.752592] Call Trace:
[    5.754124]  <TASK>
[    5.755454]  vpanic+0x34f/0x360
[    5.757339]  panic+0x56/0x60
[    5.759069]  mount_root_generic+0x1ff/0x320
[    5.761110]  prepare_namespace+0x63/0x270
[    5.763427]  kernel_init_freeable+0x29f/0x2f0
[    5.764865]  ? __pfx_kernel_init+0x10/0x10
[    5.767504]  kernel_init+0x15/0x1c0
[    5.769057]  ret_from_fork+0x144/0x160
[    5.771109]  ? __pfx_kernel_init+0x10/0x10
[    5.773519]  ret_from_fork_asm+0x1a/0x30
[    5.776458]  </TASK>
[    5.781506] Kernel Offset: 0x37400000 from 0xffffffff81000000 (relocation range: 0xffffffff80000000-0xffffffffbfffffff)
