qemu-system-x86_64: warning: host doesn't support requested feature: CPUID.80000001H:ECX.svm [bit 2]
qemu-system-x86_64: warning: host doesn't support requested feature: CPUID.80000001H:ECX.svm [bit 2]
qemu-system-x86_64: warning: host doesn't support requested feature: CPUID.80000001H:ECX.svm [bit 2]
qemu-system-x86_64: warning: host doesn't support requested feature: CPUID.80000001H:ECX.svm [bit 2]
c[?7l[2J[0mSeaBIOS (version 1.15.0-1)


iPXE (https://ipxe.org) 00:03.0 CA00 PCI2.10 PnP PMM+7FF8B310+7FECB310 CA00
Press Ctrl-B to configure iPXE (PCI 00:03.0)...                                                                               


Booting from ROM...
c[?7l[2J[    0.000000] Linux version 6.18.32-gc4d3b55f5959-dirty (ppw@vm) (gcc (Ubuntu 11.4.0-1ubuntu1~22.04.3) 11.4.0, GNU ld (GNU Binutils for Ubuntu) 2.38) #65 SMP PREEMPT_DYNAMIC Wed Sep 23 03:48:56 CST 2026
[    0.000000] Command line: console=ttyS0 panic=-1 corten=on kunit.filter_glob=corten*
[    0.000000] x86/CPU: Model not found in latest microcode list
[    0.000000] BIOS-provided physical RAM map:
[    0.000000] BIOS-e820: [mem 0x0000000000000000-0x000000000009fbff] usable
[    0.000000] BIOS-e820: [mem 0x000000000009fc00-0x000000000009ffff] reserved
[    0.000000] BIOS-e820: [mem 0x00000000000f0000-0x00000000000fffff] reserved
[    0.000000] BIOS-e820: [mem 0x0000000000100000-0x000000007ffdffff] usable
[    0.000000] BIOS-e820: [mem 0x000000007ffe0000-0x000000007fffffff] reserved
[    0.000000] BIOS-e820: [mem 0x00000000feffc000-0x00000000feffffff] reserved
[    0.000000] BIOS-e820: [mem 0x00000000fffc0000-0x00000000ffffffff] reserved
[    0.000000] NX (Execute Disable) protection: active
[    0.000000] APIC: Static calls initialized
[    0.000000] SMBIOS 2.8 present.
[    0.000000] DMI: QEMU Standard PC (i440FX + PIIX, 1996), BIOS 1.15.0-1 04/01/2014
[    0.000000] DMI: Memory slots populated: 1/1
[    0.000000] Hypervisor detected: KVM
[    0.000000] last_pfn = 0x7ffe0 max_arch_pfn = 0x400000000
[    0.000000] kvm-clock: Using msrs 4b564d01 and 4b564d00
[    0.000004] kvm-clock: using sched offset of 1720376210 cycles
[    0.000009] clocksource: kvm-clock: mask: 0xffffffffffffffff max_cycles: 0x1cd42e4dffb, max_idle_ns: 881590591483 ns
[    0.000088] tsc: Detected 2419.196 MHz processor
[    0.004175] last_pfn = 0x7ffe0 max_arch_pfn = 0x400000000
[    0.004892] MTRR map: 4 entries (3 fixed + 1 variable; max 19), built from 8 variable MTRRs
[    0.004919] x86/PAT: Configuration [0-7]: WB  WC  UC- UC  WB  WP  UC- WT  
[    0.020256] found SMP MP-table at [mem 0x000f5ba0-0x000f5baf]
[    0.020532] ACPI: Early table checksum verification disabled
[    0.020580] ACPI: RSDP 0x00000000000F59E0 000014 (v00 BOCHS )
[    0.020650] ACPI: RSDT 0x000000007FFE1A1C 000034 (v01 BOCHS  BXPC     00000001 BXPC 00000001)
[    0.020675] ACPI: FACP 0x000000007FFE18B8 000074 (v01 BOCHS  BXPC     00000001 BXPC 00000001)
[    0.020709] ACPI: DSDT 0x000000007FFE0040 001878 (v01 BOCHS  BXPC     00000001 BXPC 00000001)
[    0.020717] ACPI: FACS 0x000000007FFE0000 000040
[    0.020718] ACPI: APIC 0x000000007FFE192C 000090 (v01 BOCHS  BXPC     00000001 BXPC 00000001)
[    0.020720] ACPI: HPET 0x000000007FFE19BC 000038 (v01 BOCHS  BXPC     00000001 BXPC 00000001)
[    0.020722] ACPI: WAET 0x000000007FFE19F4 000028 (v01 BOCHS  BXPC     00000001 BXPC 00000001)
[    0.020723] ACPI: Reserving FACP table memory at [mem 0x7ffe18b8-0x7ffe192b]
[    0.020724] ACPI: Reserving DSDT table memory at [mem 0x7ffe0040-0x7ffe18b7]
[    0.020725] ACPI: Reserving FACS table memory at [mem 0x7ffe0000-0x7ffe003f]
[    0.020725] ACPI: Reserving APIC table memory at [mem 0x7ffe192c-0x7ffe19bb]
[    0.020726] ACPI: Reserving HPET table memory at [mem 0x7ffe19bc-0x7ffe19f3]
[    0.020726] ACPI: Reserving WAET table memory at [mem 0x7ffe19f4-0x7ffe1a1b]
[    0.025965] No NUMA configuration found
[    0.025972] Faking a node at [mem 0x0000000000000000-0x000000007ffdffff]
[    0.025982] NODE_DATA(0) allocated [mem 0x7ffdc140-0x7ffdffff]
[    0.027278] Zone ranges:
[    0.027280]   DMA      [mem 0x0000000000001000-0x0000000000ffffff]
[    0.027286]   DMA32    [mem 0x0000000001000000-0x000000007ffdffff]
[    0.027289]   Normal   empty
[    0.027291] Movable zone start for each node
[    0.027293] Early memory node ranges
[    0.027294]   node   0: [mem 0x0000000000001000-0x000000000009efff]
[    0.027298]   node   0: [mem 0x0000000000100000-0x000000007ffdffff]
[    0.027301] Initmem setup node 0 [mem 0x0000000000001000-0x000000007ffdffff]
[    0.028907] On node 0, zone DMA: 1 pages in unavailable ranges
[    0.030195] On node 0, zone DMA: 97 pages in unavailable ranges
[    0.219515] On node 0, zone DMA32: 32 pages in unavailable ranges
[    0.222972] ACPI: PM-Timer IO Port: 0x608
[    0.223066] ACPI: LAPIC_NMI (acpi_id[0xff] dfl dfl lint[0x1])
[    0.225608] IOAPIC[0]: apic_id 0, version 17, address 0xfec00000, GSI 0-23
[    0.225613] ACPI: INT_SRC_OVR (bus 0 bus_irq 0 global_irq 2 dfl dfl)
[    0.225615] ACPI: INT_SRC_OVR (bus 0 bus_irq 5 global_irq 5 high level)
[    0.225616] ACPI: INT_SRC_OVR (bus 0 bus_irq 9 global_irq 9 high level)
[    0.225636] ACPI: INT_SRC_OVR (bus 0 bus_irq 10 global_irq 10 high level)
[    0.225637] ACPI: INT_SRC_OVR (bus 0 bus_irq 11 global_irq 11 high level)
[    0.225640] ACPI: Using ACPI (MADT) for SMP configuration information
[    0.225641] ACPI: HPET id: 0x8086a201 base: 0xfed00000
[    0.225650] CPU topo: Max. logical packages:   1
[    0.225650] CPU topo: Max. logical dies:       1
[    0.225651] CPU topo: Max. dies per package:   1
[    0.225654] CPU topo: Max. threads per core:   1
[    0.225662] CPU topo: Num. cores per package:     4
[    0.225662] CPU topo: Num. threads per package:   4
[    0.225663] CPU topo: Allowing 4 present CPUs plus 0 hotplug CPUs
[    0.225701] kvm-guest: APIC: eoi() replaced with kvm_guest_apic_eoi_write()
[    0.227103] PM: hibernation: Registered nosave memory: [mem 0x00000000-0x00000fff]
[    0.227110] PM: hibernation: Registered nosave memory: [mem 0x0009f000-0x000fffff]
[    0.227114] [mem 0x80000000-0xfeffbfff] available for PCI devices
[    0.227118] Booting paravirtualized kernel on KVM
[    0.227157] clocksource: refined-jiffies: mask: 0xffffffff max_cycles: 0xffffffff, max_idle_ns: 1910969940391419 ns
[    0.245874] setup_percpu: NR_CPUS:64 nr_cpumask_bits:4 nr_cpu_ids:4 nr_node_ids:1
[    0.257679] percpu: Embedded 54 pages/cpu s182680 r8192 d30312 u524288
[    0.258127] Kernel command line: console=ttyS0 panic=-1 corten=on kunit.filter_glob=corten*
[    0.258743] corten: requested on, activating at initcall time
[    0.258784] printk: log buffer data + meta data: 262144 + 917504 = 1179648 bytes
[    0.264050] Dentry cache hash table entries: 262144 (order: 9, 2097152 bytes, linear)
[    0.274283] Inode-cache hash table entries: 131072 (order: 8, 1048576 bytes, linear)
[    0.274696] Fallback order for Node 0: 0 
[    0.274709] Built 1 zonelists, mobility grouping on.  Total pages: 524158
[    0.274710] Policy zone: DMA32
[    0.274713] mem auto-init: stack:off, heap alloc:off, heap free:off
[    0.280291] SLUB: HWalign=64, Order=0-3, MinObjects=0, CPUs=4, Nodes=1
[    0.280707] Kernel/User page tables isolation: enabled
[    0.291268] Dynamic Preempt: voluntary
[    0.293550] rcu: Preemptible hierarchical RCU implementation.
[    0.293553] rcu: 	RCU event tracing is enabled.
[    0.293554] rcu: 	RCU restricting CPUs from NR_CPUS=64 to nr_cpu_ids=4.
[    0.293559] 	Trampoline variant of Tasks RCU enabled.
[    0.293560] 	Tracing variant of Tasks RCU enabled.
[    0.293561] rcu: RCU calculated value of scheduler-enlistment delay is 100 jiffies.
[    0.293563] rcu: Adjusting geometry for rcu_fanout_leaf=16, nr_cpu_ids=4
[    0.293714] RCU Tasks: Setting shift to 2 and lim to 1 rcu_task_cb_adjust=1 rcu_task_cpu_ids=4.
[    0.293719] RCU Tasks Trace: Setting shift to 2 and lim to 1 rcu_task_cb_adjust=1 rcu_task_cpu_ids=4.
[    0.302223] NR_IRQS: 4352, nr_irqs: 456, preallocated irqs: 16
[    0.303212] rcu: srcu_init: Setting srcu_struct sizes based on contention.
[    0.347583] Console: colour VGA+ 80x25
[    0.348054] printk: legacy console [ttyS0] enabled
[    0.891392] ACPI: Core revision 20250807
[    0.895413] clocksource: hpet: mask: 0xffffffff max_cycles: 0xffffffff, max_idle_ns: 19112604467 ns
[    0.904022] APIC: Switch to symmetric I/O mode setup
[    0.910008] x2apic enabled
[    0.913358] APIC: Switched APIC routing to: physical x2apic
[    0.933631] ..TIMER: vector=0x30 apic1=0 pin1=2 apic2=-1 pin2=-1
[    0.939636] clocksource: tsc-early: mask: 0xffffffffffffffff max_cycles: 0x22df0d21928, max_idle_ns: 440795225288 ns
[    0.943231] Calibrating delay loop (skipped) preset value.. 4838.39 BogoMIPS (lpj=2419196)
[    0.944226] Last level iTLB entries: 4KB 0, 2MB 0, 4MB 0
[    0.944236] Last level dTLB entries: 4KB 0, 2MB 0, 4MB 0, 1GB 0
[    0.945226] mitigations: Enabled attack vectors: user_kernel, user_user, SMT mitigations: auto
[    0.945226] Speculative Store Bypass: Vulnerable
[    0.945241] Spectre V2 : Mitigation: Retpolines
[    0.946226] ITS: Mitigation: Aligned branch/return thunks
[    0.946226] MDS: Vulnerable: Clear CPU buffers attempted, no microcode
[    0.946241] Spectre V1 : Mitigation: usercopy/swapgs barriers and __user pointer sanitization
[    0.947226] Spectre V2 : Spectre v2 / SpectreRSB: Filling RSB on context switch and VMEXIT
[    0.947226] active return thunk: its_return_thunk
[    0.947226] x86/fpu: x87 FPU will use FXSAVE
[    0.952226] Freeing SMP alternatives memory: 64K
[    0.952226] pid_max: default: 32768 minimum: 301
[    0.952377] LSM: initializing lsm=capability,selinux
[    0.953226] SELinux:  Initializing.
[    0.953226] Mount-cache hash table entries: 4096 (order: 3, 32768 bytes, linear)
[    0.953226] Mountpoint-cache hash table entries: 4096 (order: 3, 32768 bytes, linear)
[    0.964226] smpboot: CPU0: Intel QEMU Virtual CPU version 2.5+ (family: 0xf, model: 0x6b, stepping: 0x1)
[    0.966390] Performance Events: unsupported Netburst CPU model 107 no PMU driver, software events only.
[    0.968566] signal: max sigframe size: 1440
[    0.970440] rcu: Hierarchical SRCU implementation.
[    0.971239] rcu: 	Max phase no-delay instances is 400.
[    0.972788] Timer migration: 1 hierarchy levels; 8 children per group; 1 crossnode level
[    0.988226] corten: page descriptors enabled
[    0.989985] smp: Bringing up secondary CPUs ...
[    0.991575] smpboot: x86: Booting SMP configuration:
[    0.992226] .... node  #0, CPUs:      #1 #2 #3
[    1.003237] smp: Brought up 1 node, 4 CPUs
[    1.004237] smpboot: Total of 4 processors activated (19353.56 BogoMIPS)
[    1.011337] Memory: 2006936K/2096632K available (21510K kernel code, 3200K rwdata, 9020K rodata, 3264K init, 1184K bss, 84532K reserved, 0K cma-reserved)
[    1.015237] devtmpfs: initialized
[    1.021854] clocksource: jiffies: mask: 0xffffffff max_cycles: 0xffffffff, max_idle_ns: 1911260446275000 ns
[    1.022258] posixtimers hash table entries: 2048 (order: 3, 32768 bytes, linear)
[    1.024332] futex hash table entries: 1024 (65536 bytes on 1 NUMA nodes, total 64 KiB, linear).
[    1.026231] PM: RTC time: 19:50:04, date: 2026-09-22
[    1.047595] NET: Registered PF_NETLINK/PF_ROUTE protocol family
[    1.049341] audit: initializing netlink subsys (disabled)
[    1.052474] thermal_sys: Registered thermal governor 'step_wise'
[    1.052246] audit: type=2000 audit(1790106603.378:1): state=initialized audit_enabled=0 res=1
[    1.053239] cpuidle: using governor menu
[    1.060322] PCI: Using configuration type 1 for base access
[    1.062554] kprobes: kprobe jump-optimization is enabled. All kprobes are optimized if possible.
[    1.068594] HugeTLB: registered 2.00 MiB page size, pre-allocated 0 pages
[    1.072240] HugeTLB: 28 KiB vmemmap can be freed for a 2.00 MiB page
[    1.077957] ACPI: Added _OSI(Module Device)
[    1.083234] ACPI: Added _OSI(Processor Device)
[    1.086231] ACPI: Added _OSI(Processor Aggregator Device)
[    1.091178] ACPI: 1 ACPI AML tables successfully acquired and loaded
[    1.099381] ACPI: Interpreter enabled
[    1.100288] ACPI: PM: (supports S0 S3 S4 S5)
[    1.102240] ACPI: Using IOAPIC for interrupt routing
[    1.106746] PCI: Using host bridge windows from ACPI; if necessary, use "pci=nocrs" and report a bug
[    1.111234] PCI: Using E820 reservations for host bridge windows
[    1.113591] ACPI: Enabled 2 GPEs in block 00 to 0F
[    1.120273] ACPI: PCI Root Bridge [PCI0] (domain 0000 [bus 00-ff])
[    1.123247] acpi PNP0A03:00: _OSC: OS supports [ASPM ClockPM Segments MSI HPX-Type3]
[    1.128238] acpi PNP0A03:00: _OSC: not requesting OS control; OS requires [ExtendedConfig ASPM ClockPM MSI]
[    1.133285] acpi PNP0A03:00: fail to add MMCONFIG information, can't access extended configuration space under this bridge
[    1.139430] PCI host bridge to bus 0000:00
[    1.141247] pci_bus 0000:00: root bus resource [io  0x0000-0x0cf7 window]
[    1.143247] pci_bus 0000:00: root bus resource [io  0x0d00-0xffff window]
[    1.146235] pci_bus 0000:00: root bus resource [mem 0x000a0000-0x000bffff window]
[    1.153256] pci_bus 0000:00: root bus resource [mem 0x80000000-0xfebfffff window]
[    1.156250] pci_bus 0000:00: root bus resource [mem 0x100000000-0x17fffffff window]
[    1.161237] pci_bus 0000:00: root bus resource [bus 00-ff]
[    1.162552] pci 0000:00:00.0: [8086:1237] type 00 class 0x060000 conventional PCI endpoint
[    1.170226] pci 0000:00:01.0: [8086:7000] type 00 class 0x060100 conventional PCI endpoint
[    1.175708] pci 0000:00:01.1: [8086:7010] type 00 class 0x010180 conventional PCI endpoint
[    1.180558] pci 0000:00:01.1: BAR 4 [io  0xc040-0xc04f]
[    1.182544] pci 0000:00:01.1: BAR 0 [io  0x01f0-0x01f7]: legacy IDE quirk
[    1.185231] pci 0000:00:01.1: BAR 1 [io  0x03f6]: legacy IDE quirk
[    1.187231] pci 0000:00:01.1: BAR 2 [io  0x0170-0x0177]: legacy IDE quirk
[    1.189233] pci 0000:00:01.1: BAR 3 [io  0x0376]: legacy IDE quirk
[    1.190848] pci 0000:00:01.3: [8086:7113] type 00 class 0x068000 conventional PCI endpoint
[    1.194226] pci 0000:00:01.3: quirk: [io  0x0600-0x063f] claimed by PIIX4 ACPI
[    1.197319] pci 0000:00:01.3: quirk: [io  0x0700-0x070f] claimed by PIIX4 SMB
[    1.201986] pci 0000:00:02.0: [1234:1111] type 00 class 0x030000 conventional PCI endpoint
[    1.211428] pci 0000:00:02.0: BAR 0 [mem 0xfd000000-0xfdffffff pref]
[    1.214403] pci 0000:00:02.0: BAR 2 [mem 0xfebb0000-0xfebb0fff]
[    1.220312] pci 0000:00:02.0: ROM [mem 0xfeba0000-0xfebaffff pref]
[    1.226413] pci 0000:00:02.0: Video device with shadowed ROM at [mem 0x000c0000-0x000dffff]
[    1.252354] pci 0000:00:03.0: [8086:100e] type 00 class 0x020000 conventional PCI endpoint
[    1.258325] pci 0000:00:03.0: BAR 0 [mem 0xfeb80000-0xfeb9ffff]
[    1.260255] pci 0000:00:03.0: BAR 1 [io  0xc000-0xc03f]
[    1.261320] pci 0000:00:03.0: ROM [mem 0xfeb00000-0xfeb7ffff pref]
[    1.273616] ACPI: PCI: Interrupt link LNKA configured for IRQ 10
[    1.276595] ACPI: PCI: Interrupt link LNKB configured for IRQ 10
[    1.278334] ACPI: PCI: Interrupt link LNKC configured for IRQ 11
[    1.280371] ACPI: PCI: Interrupt link LNKD configured for IRQ 11
[    1.282240] ACPI: PCI: Interrupt link LNKS configured for IRQ 9
[    1.288086] iommu: Default domain type: Translated
[    1.290239] iommu: DMA domain TLB invalidation policy: lazy mode
[    1.300339] SCSI subsystem initialized
[    1.307937] ACPI: bus type USB registered
[    1.311435] usbcore: registered new interface driver usbfs
[    1.312307] usbcore: registered new interface driver hub
[    1.312307] usbcore: registered new device driver usb
[    1.312320] pps_core: LinuxPPS API ver. 1 registered
[    1.313226] pps_core: Software ver. 5.3.6 - Copyright 2005-2007 Rodolfo Giometti <giometti@linux.it>
[    1.313226] PTP clock support registered
[    1.313659] Advanced Linux Sound Architecture Driver Initialized.
[    1.314427] NetLabel: Initializing
[    1.315233] NetLabel:  domain hash size = 128
[    1.316226] NetLabel:  protocols = UNLABELED CIPSOv4 CALIPSO
[    1.316226] NetLabel:  unlabeled traffic allowed by default
[    1.316226] PCI: Using ACPI for IRQ routing
[    1.316226] pci 0000:00:02.0: vgaarb: setting as boot VGA device
[    1.316226] pci 0000:00:02.0: vgaarb: bridge control possible
[    1.316226] pci 0000:00:02.0: vgaarb: VGA device added: decodes=io+mem,owns=io+mem,locks=none
[    1.317241] vgaarb: loaded
[    1.317460] hpet: 3 channels of 0 reserved for per-cpu timers
[    1.317460] hpet0: at MMIO 0xfed00000, IRQs 2, 8, 0
[    1.317545] hpet0: 3 comparators, 64-bit 100.000000 MHz counter
[    1.321656] clocksource: Switched to clocksource kvm-clock
[    1.341566] VFS: Disk quotas dquot_6.6.0
[    1.345903] VFS: Dquot-cache hash table entries: 512 (order 0, 4096 bytes)
[    1.360050] pnp: PnP ACPI init
[    1.366798] pnp: PnP ACPI: found 6 devices
[    1.460582] clocksource: acpi_pm: mask: 0xffffff max_cycles: 0xffffff, max_idle_ns: 2085701024 ns
[    1.469271] NET: Registered PF_INET protocol family
[    1.477407] IP idents hash table entries: 32768 (order: 6, 262144 bytes, linear)
[    1.491349] tcp_listen_portaddr_hash hash table entries: 1024 (order: 2, 16384 bytes, linear)
[    1.501331] Table-perturb hash table entries: 65536 (order: 6, 262144 bytes, linear)
[    1.513506] TCP established hash table entries: 16384 (order: 5, 131072 bytes, linear)
[    1.521273] TCP bind hash table entries: 16384 (order: 7, 524288 bytes, linear)
[    1.531437] TCP: Hash tables configured (established 16384 bind 16384)
[    1.540473] UDP hash table entries: 1024 (order: 4, 65536 bytes, linear)
[    1.546443] UDP-Lite hash table entries: 1024 (order: 4, 65536 bytes, linear)
[    1.554638] NET: Registered PF_UNIX/PF_LOCAL protocol family
[    1.565843] RPC: Registered named UNIX socket transport module.
[    1.571647] RPC: Registered udp transport module.
[    1.576532] RPC: Registered tcp transport module.
[    1.581314] RPC: Registered tcp-with-tls transport module.
[    1.585458] RPC: Registered tcp NFSv4.1 backchannel transport module.
[    1.594581] pci_bus 0000:00: resource 4 [io  0x0000-0x0cf7 window]
[    1.658745] pci_bus 0000:00: resource 5 [io  0x0d00-0xffff window]
[    1.662901] pci_bus 0000:00: resource 6 [mem 0x000a0000-0x000bffff window]
[    1.669167] pci_bus 0000:00: resource 7 [mem 0x80000000-0xfebfffff window]
[    1.676203] pci_bus 0000:00: resource 8 [mem 0x100000000-0x17fffffff window]
[    1.684946] pci 0000:00:01.0: PIIX3: Enabling Passive Release
[    1.689314] pci 0000:00:00.0: Limiting direct PCI/PCI transfers
[    1.691456] PCI: CLS 0 bytes, default 64
[    1.693945] clocksource: tsc: mask: 0xffffffffffffffff max_cycles: 0x22df0d21928, max_idle_ns: 440795225288 ns
[    1.707313] Initialise system trusted keyrings
[    1.708928] workingset: timestamp_bits=40 max_order=19 bucket_order=0
[    1.711577] NFS: Registering the id_resolver key type
[    1.712883] Key type id_resolver registered
[    1.713948] Key type id_legacy registered
[    1.715852] 9p: Installing v9fs 9p2000 file system support
[    1.735807] Key type asymmetric registered
[    1.736922] Asymmetric key parser 'x509' registered
[    1.738214] Block layer SCSI generic (bsg) driver version 0.4 loaded (major 251)
[    1.740151] io scheduler mq-deadline registered
[    1.743127] io scheduler kyber registered
[    1.745598] input: Power Button as /devices/LNXSYSTM:00/LNXPWRBN:00/input/input0
[    1.748278] ACPI: button: Power Button [PWRF]
[    1.756300] Serial: 8250/16550 driver, 4 ports, IRQ sharing enabled
[    1.760676] 00:04: ttyS0 at I/O 0x3f8 (irq = 4, base_baud = 115200) is a 16550A
[    1.774344] Non-volatile memory driver v1.3
[    1.778401] Linux agpgart interface v0.103
[    1.821523] ACPI: bus type drm_connector registered
[    1.860580] loop: module loaded
[    1.865735] zram: Added device: zram0
[    1.877669] scsi host0: ata_piix
[    1.886317] scsi host1: ata_piix
[    1.895902] ata1: PATA max MWDMA2 cmd 0x1f0 ctl 0x3f6 bmdma 0xc040 irq 14 lpm-pol 0
[    1.909373] ata2: PATA max MWDMA2 cmd 0x170 ctl 0x376 bmdma 0xc048 irq 15 lpm-pol 0
[    1.918895] tun: Universal TUN/TAP device driver, 1.6
[    1.925460] e100: Intel(R) PRO/100 Network Driver
[    1.930452] e100: Copyright(c) 1999-2006 Intel Corporation
[    1.935413] e1000: Intel(R) PRO/1000 Network Driver
[    1.940106] e1000: Copyright (c) 1999-2006 Intel Corporation.
[    1.978215] ACPI: \_SB_.LNKC: Enabled at IRQ 11
[    2.078919] ata2: found unknown device (class 0)
[    2.088275] ata2.00: ATAPI: QEMU DVD-ROM, 2.5+, max UDMA/100
[    2.098791] scsi 1:0:0:0: CD-ROM            QEMU     QEMU DVD-ROM     2.5+ PQ: 0 ANSI: 5
[    2.173217] sr 1:0:0:0: [sr0] scsi3-mmc drive: 4x/4x cd/rw xa/form2 tray
[    2.179983] cdrom: Uniform CD-ROM driver Revision: 3.20
[    2.205305] sr 1:0:0:0: Attached scsi generic sg0 type 5
[    3.020133] e1000 0000:00:03.0 eth0: (PCI:33MHz:32-bit) 52:54:00:12:34:56
[    3.028531] e1000 0000:00:03.0 eth0: Intel(R) PRO/1000 Network Connection
[    3.032724] e1000e: Intel(R) PRO/1000 Network Driver
[    3.037534] e1000e: Copyright(c) 1999 - 2015 Intel Corporation.
[    3.043782] sky2: driver version 1.30
[    3.049206] usbcore: registered new interface driver usblp
[    3.053537] usbcore: registered new interface driver usb-storage
[    3.061576] i8042: PNP: PS/2 Controller [PNP0303:KBD,PNP0f13:MOU] at 0x60,0x64 irq 1,12
[    3.078944] serio: i8042 KBD port at 0x60,0x64 irq 1
[    3.085510] serio: i8042 AUX port at 0x60,0x64 irq 12
[    3.092618] rtc_cmos 00:05: RTC can wake from S4
[    3.106393] rtc_cmos 00:05: registered as rtc0
[    3.109531] input: AT Translated Set 2 keyboard as /devices/platform/i8042/serio0/input/input1
[    3.109910] rtc_cmos 00:05: alarms up to one day, y3k, 242 bytes nvram, hpet irqs
[    3.132125] device-mapper: ioctl: 4.50.0-ioctl (2025-04-28) initialised: dm-devel@lists.linux.dev
[    3.145521] intel_pstate: CPU model not supported
[    3.152879] hid: raw HID events driver (C) Jiri Kosina
[    3.156665] usbcore: registered new interface driver usbhid
[    3.160516] usbhid: USB HID core driver
[    3.171867] xt_time: kernel timezone is -0000
[    3.179022] Initializing XFRM netlink socket
[    3.186101] NET: Registered PF_INET6 protocol family
[    3.197264] Segment Routing with IPv6
[    3.200381] In-situ OAM (IOAM) with IPv6
[    3.204444] sit: IPv6, IPv4 and MPLS over IPv4 tunneling driver
[    3.212470] NET: Registered PF_PACKET protocol family
[    3.217594] NET: Registered PF_KEY protocol family
[    3.221139] 9pnet: Installing 9P2000 support
[    3.224536] Key type dns_resolver registered
[    3.229123] NET: Registered PF_VSOCK protocol family
[    3.238111] IPI shorthand broadcast: enabled
[    3.251288] sched_clock: Marking stable (2614026797, 636997928)->(3847894272, -596869547)
[    3.257306] registered taskstats version 1
[    3.261664] Loading compiled-in X.509 certificates
[    3.275356] Demotion targets for Node 0: null
[    3.282156] Key type .fscrypt registered
[    3.286901] Key type fscrypt-provisioning registered
[    3.295382] PM:   Magic number: 10:476:850
[    3.300080] netconsole: network logging started
[    3.304381] cfg80211: Loading compiled-in X.509 certificates for regulatory database
[    3.315082] kworker/u16:1 (71) used greatest stack depth: 13968 bytes left
[    3.318388] Loaded X.509 cert 'sforshee: 00b28ddf47aef9cea7'
[    3.322687] Loaded X.509 cert 'wens: 61c038651aabdcf94bd0ac7ff06c7248db18c600'
[    3.334992] faux_driver regulatory: Direct firmware load for regulatory.db failed with error -2
[    3.339666] ALSA device list:
[    3.346310] cfg80211: failed to load regulatory.db
[    3.359894]   No soundcards found.
[    3.364348] KTAP version 1
[    3.368214] 1..3
[    3.373202]     KTAP version 1
[    3.377808]     # Subtest: corten
[    3.382237]     # module: corten_test
[    3.382243]     1..25
[    3.401817]     ok 1 corten_test_layout # SKIP corten=on boot
[    3.404219]     ok 2 corten_test_ptdesc_get_put
[    3.418559]     ok 3 corten_test_meta_roundtrip
[    3.428867]     ok 4 corten_test_meta_reinit_cleared
[    3.442919]     ok 5 corten_test_covering_level
[    3.453924]     ok 6 corten_test_covering_base_index
[    3.463739]     ok 7 corten_test_txn_covering
[    3.474684]     ok 8 corten_test_txn_hole
[    3.488621]     ok 9 corten_test_txn_stale_eagain
[    3.499542]     ok 10 corten_test_lock_range_args
[    3.509707]     ok 11 corten_test_txn_state_machine
[    3.522687]     ok 12 corten_test_txn_atomic_validate
[    3.546664]     ok 13 corten_test_txn_real_glue
[    3.651296]     ok 14 corten_test_txn_mutex_overlap
[    3.693928] input: ImExPS/2 Generic Explorer Mouse as /devices/platform/i8042/serio1/input/input3
[    3.700905]     ok 15 corten_test_txn_mutex_disjoint
[    3.720602]     ok 16 corten_test_fail_alloc
[    3.738618]     ok 17 corten_test_txn_hole_fill
[    3.749942]     ok 18 corten_test_txn_hole_race
[    4.015932]     ok 19 corten_test_txn_uninstall_interlock
[    4.025451]     ok 20 corten_test_uninstall_bh_ctx
[    4.038971] ------------[ cut here ]------------
[    4.044232] WARNING: CPU: 2 PID: 123 at mm/corten.c:865 corten_txn_begin+0x191/0x4b0
[    4.049309] Modules linked in:
[    4.050596] CPU: 2 UID: 0 PID: 123 Comm: kunit_try_catch Tainted: G                 N  6.18.32-gc4d3b55f5959-dirty #65 PREEMPT(voluntary) 
[    4.071127] Tainted: [N]=TEST
[    4.074982] Hardware name: QEMU Standard PC (i440FX + PIIX, 1996), BIOS 1.15.0-1 04/01/2014
[    4.084681] RIP: 0010:corten_txn_begin+0x191/0x4b0
[    4.095082] Code: 02 00 00 4c 89 ff 48 89 04 24 e8 aa 90 f6 00 4c 89 ff e8 b2 92 f6 00 48 8b 04 24 41 0f b6 4f 25 38 48 25 0f 87 65 ff ff ff 90 <0f> 0b 90 41 80 7e 48 04 0f 86 61 ff ff ff 90 0f 0b 90 48 89 c7 e8
[    4.121456] RSP: 0000:ffffbab100507da0 EFLAGS: 00010246
[    4.128615] RAX: ffffa213429f2ae0 RBX: 0000000000000fff RCX: 0000000000000002
[    4.137340] RDX: 0000000000000003 RSI: 0000000000000005 RDI: ffffa213431c0000
[    4.144368] RBP: 0000000000000000 R08: ffffa21341893400 R09: ffffbab100507e00
[    4.150407] R10: ffffbab100507d58 R11: 0000000000000000 R12: ffffffffba43e510
[    4.156976] R13: ffffa21341893400 R14: ffffbab100507e00 R15: ffffa213429f2ba0
[    4.164392] FS:  0000000000000000(0000) GS:ffffa21402266000(0000) knlGS:0000000000000000
[    4.173396] CS:  0010 DS: 0000 ES: 0000 CR0: 0000000080050033
[    4.181711] CR2: 0000000000000000 CR3: 0000000015e30000 CR4: 00000000000006f0
[    4.191935] Call Trace:
[    4.194375]  <TASK>
[    4.196223]  ? __pfx_kunit_generic_run_threadfn_adapter+0x10/0x10
[    4.202683]  corten_test_txn_path_overflow+0xb5/0x2a0
[    4.207092]  ? psi_task_switch+0x107/0x290
[    4.211006]  kunit_try_run_case+0x6f/0x150
[    4.214505]  ? __pfx_kunit_generic_run_threadfn_adapter+0x10/0x10
[    4.217443]  kunit_generic_run_threadfn_adapter+0x1c/0x40
[    4.219632]  kthread+0xff/0x1f0
[    4.221115]  ? __pfx_kthread+0x10/0x10
[    4.222635]  ? __pfx_kthread+0x10/0x10
[    4.224332]  ret_from_fork+0x144/0x160
[    4.227523]  ? __pfx_kthread+0x10/0x10
[    4.230010]  ret_from_fork_asm+0x1a/0x30
[    4.232320]  </TASK>
[    4.233317] ---[ end trace 0000000000000000 ]---
[    4.236166] ------------[ cut here ]------------
[    4.238253] WARNING: CPU: 2 PID: 123 at mm/corten.c:812 corten_txn_begin+0x1a0/0x4b0
[    4.240826] Modules linked in:
[    4.242753] CPU: 2 UID: 0 PID: 123 Comm: kunit_try_catch Tainted: G        W        N  6.18.32-gc4d3b55f5959-dirty #65 PREEMPT(voluntary) 
[    4.251550] Tainted: [W]=WARN, [N]=TEST
[    4.254595] Hardware name: QEMU Standard PC (i440FX + PIIX, 1996), BIOS 1.15.0-1 04/01/2014
[    4.262066] RIP: 0010:corten_txn_begin+0x1a0/0x4b0
[    4.266334] Code: 4c 89 ff e8 b2 92 f6 00 48 8b 04 24 41 0f b6 4f 25 38 48 25 0f 87 65 ff ff ff 90 0f 0b 90 41 80 7e 48 04 0f 86 61 ff ff ff 90 <0f> 0b 90 48 89 c7 e8 c5 f5 ff ff 41 0f b6 46 48 84 c0 74 28 83 e8
[    4.282451] RSP: 0000:ffffbab100507da0 EFLAGS: 00010202
[    4.287117] RAX: ffffa213429f2960 RBX: 0000000000000fff RCX: 0000000000000002
[    4.291819] RDX: 0000000000000003 RSI: 0000000000000009 RDI: ffffa213431c0000
[    4.295514] RBP: 0000000000000000 R08: ffffa21341893400 R09: ffffbab100507e00
[    4.299381] R10: ffffbab100507d58 R11: 0000000000000000 R12: ffffffffba43e510
[    4.308862] R13: ffffa21341893400 R14: ffffbab100507e00 R15: ffffa213429f29c0
[    4.322393] FS:  0000000000000000(0000) GS:ffffa21402266000(0000) knlGS:0000000000000000
[    4.339278] CS:  0010 DS: 0000 ES: 0000 CR0: 0000000080050033
[    4.346355] CR2: 0000000000000000 CR3: 0000000015e30000 CR4: 00000000000006f0
[    4.352581] Call Trace:
[    4.355736]  <TASK>
[    4.357815]  ? __pfx_kunit_generic_run_threadfn_adapter+0x10/0x10
[    4.363887]  corten_test_txn_path_overflow+0xb5/0x2a0
[    4.370604]  ? psi_task_switch+0x107/0x290
[    4.374279]  kunit_try_run_case+0x6f/0x150
[    4.377210]  ? __pfx_kunit_generic_run_threadfn_adapter+0x10/0x10
[    4.380893]  kunit_generic_run_threadfn_adapter+0x1c/0x40
[    4.389285]  kthread+0xff/0x1f0
[    4.394369]  ? __pfx_kthread+0x10/0x10
[    4.401536]  ? __pfx_kthread+0x10/0x10
[    4.404973]  ret_from_fork+0x144/0x160
[    4.412508]  ? __pfx_kthread+0x10/0x10
[    4.416887]  ret_from_fork_asm+0x1a/0x30
[    4.425623]  </TASK>
[    4.426952] ---[ end trace 0000000000000000 ]---
[    4.429771] kunit_try_catch (123) used greatest stack depth: 13520 bytes left
[    4.432295]     ok 21 corten_test_txn_path_overflow
[    4.441234]     ok 22 corten_test_txn_child_err
[    4.453855]     ok 23 corten_test_real_huge_leaf
[    4.467674]     ok 24 corten_test_full_window_atomic
[    4.493162]     ok 25 corten_test_debugfs_content
[    4.504503] # corten: pass:24 fail:0 skip:1 total:25
[    4.508846] # Totals: pass:24 fail:0 skip:1 total:25
[    4.516295] ok 1 corten
[    4.530279]     KTAP version 1
[    4.534039]     # Subtest: corten_arena
[    4.537619]     # module: corten_arena_test
[    4.537628]     1..80
[    4.550470]     ok 1 corten_arena_test_declare_reject
[    4.559058]     ok 2 corten_arena_test_declare_reject_flags
[    4.583023]     ok 3 corten_arena_test_declare_query
[    4.599618]     ok 4 corten_arena_test_range_overlaps
[    4.655700]     ok 5 corten_arena_test_release
[    4.671464]     ok 6 corten_arena_test_ref_born_atomic
[    4.686242]     ok 7 corten_arena_test_release_classify
[    4.690876]     ok 8 corten_arena_test_shadow_vma
[    4.702442]     ok 9 corten_arena_test_exit
[    4.707629]     ok 10 corten_arena_test_prctl
[    4.739264]     ok 11 corten_arena_test_mode
[    4.744195]     ok 12 corten_arena_test_auto_classify
[    4.752773]     ok 13 corten_arena_test_auto_classify_file
[    4.760017]     ok 14 corten_arena_test_auto_place
[    4.786681]     ok 15 corten_arena_test_auto_route
[    4.798217]     ok 16 corten_arena_test_auto_attach_release
[    4.826645] BUG: non-zero pgtables_bytes on freeing mm: 12288
[    4.842008] BUG: non-zero pgtables_bytes on freeing mm: 12288
[    4.859355]     ok 17 corten_arena_test_file_lifecycle
[    4.860662] ------------[ cut here ]------------
[    4.864916] corten: VM_CORTEN vma reached zap_page_range_single()
[    4.867682] WARNING: CPU: 0 PID: 186 at mm/corten_arena.c:1397 corten_zap_single_guard+0x39/0x50
[    4.871868] Modules linked in:
[    4.873291] CPU: 0 UID: 0 PID: 186 Comm: kunit_try_catch Tainted: G        W        N  6.18.32-gc4d3b55f5959-dirty #65 PREEMPT(voluntary) 
[    4.893188] Tainted: [W]=WARN, [N]=TEST
[    4.899283] Hardware name: QEMU Standard PC (i440FX + PIIX, 1996), BIOS 1.15.0-1 04/01/2014
[    4.913352] RIP: 0010:corten_zap_single_guard+0x39/0x50
[    4.921485] Code: 05 24 1d 7a 02 0f b6 05 a1 1b d3 01 84 c0 74 05 c3 cc cc cc cc c6 05 91 1b d3 01 01 90 48 c7 c7 10 6c a9 ba e8 78 7b cf ff 90 <0f> 0b 90 90 b8 01 00 00 00 e9 49 a0 f5 00 66 0f 1f 84 00 00 00 00
[    4.937243] RSP: 0000:ffffbab100667d60 EFLAGS: 00010282
[    4.943173] RAX: 0000000000000000 RBX: 0000000000000003 RCX: 00000000ffffdfff
[    4.949455] RDX: 0000000000000000 RSI: 00000000ffffffea RDI: 0000000000000001
[    4.963188] RBP: ffffa21342b7cd00 R08: ffffffffbaf3e6c8 R09: 00000000ffffdfff
[    4.970399] R10: ffffffffbae5e6e0 R11: ffffffffbaf0e6e0 R12: 0000000001801000
[    4.978650] R13: 0000000000001000 R14: 0000000000000000 R15: 0000000000000000
[    4.984463] FS:  0000000000000000(0000) GS:ffffa21402166000(0000) knlGS:0000000000000000
[    4.991870] CS:  0010 DS: 0000 ES: 0000 CR0: 0000000080050033
[    4.996137] CR2: ffffa21356c01000 CR3: 0000000015e30000 CR4: 00000000000006f0
[    5.003379] Call Trace:
[    5.009270]  <TASK>
[    5.011322]  zap_page_range_single+0x1c/0x50
[    5.016569]  corten_arena_test_truncate_route+0xd08/0x18f0
[    5.030406]  ? __switch_to_asm+0x39/0x70
[    5.036929]  ? finish_task_switch.isra.0+0x76/0x250
[    5.044819]  ? __pfx_kunit_generic_run_threadfn_adapter+0x10/0x10
[    5.051206]  kunit_try_run_case+0x6f/0x150
[    5.056879]  ? __pfx_kunit_generic_run_threadfn_adapter+0x10/0x10
[    5.059527]  kunit_generic_run_threadfn_adapter+0x1c/0x40
[    5.066162]  kthread+0xff/0x1f0
[    5.069209]  ? __pfx_kthread+0x10/0x10
[    5.074216]  ? __pfx_kthread+0x10/0x10
[    5.076455]  ret_from_fork+0x144/0x160
[    5.084942]  ? __pfx_kthread+0x10/0x10
[    5.092961]  ret_from_fork_asm+0x1a/0x30
[    5.096516]  </TASK>
[    5.098477] ---[ end trace 0000000000000000 ]---
[    5.106929] kunit_try_catch (186) used greatest stack depth: 13456 bytes left
[    5.108585]     ok 18 corten_arena_test_truncate_route
[    5.115277]     ok 19 corten_arena_test_file_read
[    5.125155] BUG: non-zero pgtables_bytes on freeing mm: 16384
[    5.137188]     ok 20 corten_arena_test_file_cow
[    5.144311] BUG: non-zero pgtables_bytes on freeing mm: 12288
[    5.166244]     ok 21 corten_arena_test_file_fork_mirror
[    5.170798] BUG: non-zero pgtables_bytes on freeing mm: 12288
[    5.183207] BUG: non-zero pgtables_bytes on freeing mm: 12288
[    5.191316]     ok 22 corten_arena_test_file_fork_cow
[    5.193368] BUG: non-zero pgtables_bytes on freeing mm: 12288
[    5.200946] BUG: non-zero pgtables_bytes on freeing mm: 16384
[    5.206617]     ok 23 corten_arena_test_file_fork_pinned
[    5.208608] BUG: non-zero pgtables_bytes on freeing mm: 12288
[    5.220074]     ok 24 corten_arena_test_file_hugetlb_route
[    5.222918] BUG: non-zero pgtables_bytes on freeing mm: 12288
[    5.229655] BUG: non-zero pgtables_bytes on freeing mm: 12288
[    5.232960]     ok 25 corten_arena_test_mag_recycle
[    5.234748]     ok 26 corten_arena_test_mag_marker
[    5.243827]     ok 27 corten_arena_test_pool_reuse
[    5.246823] BUG: non-zero pgtables_bytes on freeing mm: 24576
[    5.250594] BUG: non-zero pgtables_bytes on freeing mm: 16384
[    5.257899] BUG: non-zero pgtables_bytes on freeing mm: 12288
[    5.278104]     ok 28 corten_arena_test_pool_limit
[    5.285276]     ok 29 corten_arena_test_pool_mode_exit
[    5.296406]     ok 30 corten_arena_test_pool_fork
[    5.310240]     ok 31 corten_arena_test_noreplace_parked
[    5.319625]     ok 32 corten_arena_test_noreplace_active
[    5.339306]     ok 33 corten_arena_test_mapfixed_over_parked
[    5.368423]     ok 34 corten_arena_test_occupied_incl_idle
[    5.378380] ------------[ cut here ]------------
[    5.385135] corten: foreign vma in parked window 800000-1000000
[    5.390729] WARNING: CPU: 2 PID: 266 at mm/corten_arena.c:8591 corten_arena_pool_reactivate+0x18c/0x1a0
[    5.401581] Modules linked in:
[    5.407637] CPU: 2 UID: 0 PID: 266 Comm: kunit_try_catch Tainted: G        W        N  6.18.32-gc4d3b55f5959-dirty #65 PREEMPT(voluntary) 
[    5.413724] Tainted: [W]=WARN, [N]=TEST
[    5.416248] Hardware name: QEMU Standard PC (i440FX + PIIX, 1996), BIOS 1.15.0-1 04/01/2014
[    5.420973] RIP: 0010:corten_arena_pool_reactivate+0x18c/0x1a0
[    5.423876] Code: eb 95 c6 45 51 01 b8 f4 ff ff ff eb 8a c6 05 e4 20 d3 01 01 90 48 8b 55 08 48 8b 75 00 48 c7 c7 e0 6b a9 ba e8 c5 80 cf ff 90 <0f> 0b 90 90 eb ac 66 66 2e 0f 1f 84 00 00 00 00 00 0f 1f 00 90 90
[    5.442857] RSP: 0000:ffffbab1007e7d50 EFLAGS: 00010286
[    5.450383] RAX: 0000000000000000 RBX: 000000000000000b RCX: 00000000ffffdfff
[    5.458323] RDX: 0000000000000000 RSI: 00000000ffffffea RDI: 0000000000000001
[    5.467752] RBP: ffffa21341aff500 R08: ffffffffbaf3e6c8 R09: 00000000ffffdfff
[    5.479880] R10: ffffffffbae5e6e0 R11: ffffffffbaf0e6e0 R12: 0000000000200073
[    5.495671] R13: ffffa21342b9cc00 R14: 0000000000000800 R15: ffffa2134345e800
[    5.501669] FS:  0000000000000000(0000) GS:ffffa21402266000(0000) knlGS:0000000000000000
[    5.508414] CS:  0010 DS: 0000 ES: 0000 CR0: 0000000080050033
[    5.513117] CR2: 0000000000000000 CR3: 0000000015e30000 CR4: 00000000000006f0
[    5.520233] Call Trace:
[    5.521263]  <TASK>
[    5.524073]  corten_arena_auto_mmap_route+0x3d6/0x420
[    5.529260]  ? __pfx_kunit_generic_run_threadfn_adapter+0x10/0x10
[    5.540630]  corten_arena_test_p4_eject+0x1f6/0x6d0
[    5.545979]  ? finish_task_switch.isra.0+0x76/0x250
[    5.551131]  ? __pfx_kunit_generic_run_threadfn_adapter+0x10/0x10
[    5.559804]  kunit_try_run_case+0x6f/0x150
[    5.567906]  ? __pfx_kunit_generic_run_threadfn_adapter+0x10/0x10
[    5.575770]  kunit_generic_run_threadfn_adapter+0x1c/0x40
[    5.581982]  kthread+0xff/0x1f0
[    5.584294]  ? __pfx_kthread+0x10/0x10
[    5.588925]  ? __pfx_kthread+0x10/0x10
[    5.592511]  ret_from_fork+0x144/0x160
[    5.598132]  ? __pfx_kthread+0x10/0x10
[    5.603687]  ret_from_fork_asm+0x1a/0x30
[    5.614277]  </TASK>
[    5.617948] ---[ end trace 0000000000000000 ]---
[    5.632573] kunit_try_catch (266) used greatest stack depth: 13440 bytes left
[    5.641324]     ok 35 corten_arena_test_p4_eject
[    5.664942]     ok 36 corten_arena_test_hint_fence
[    5.689341]     ok 37 corten_arena_test_j1_hooks
[    5.732345]     ok 38 corten_arena_test_j1_self_exempt
[    5.749162]     ok 39 corten_arena_test_uffd_window_reject
[    5.772294]     ok 40 corten_arena_test_fault_window_shorts
[    5.779185]     ok 41 corten_arena_test_vma_free_reuse
[    5.791670] BUG: non-zero pgtables_bytes on freeing mm: 16384
[    5.811449]     ok 42 corten_arena_test_inv_mv3
[    5.813016] BUG: non-zero pgtables_bytes on freeing mm: 12288
[    5.830226]     ok 43 corten_arena_test_fork_vma_free
[    5.841334]     ok 44 corten_arena_test_vma_free_shrink_pick
[    5.851826]     ok 45 corten_arena_test_carrier_shrink_pick
[    5.866244]     ok 46 corten_arena_test_auto_validate
[    5.880393] BUG: non-zero pgtables_bytes on freeing mm: 12288
[    5.897612]     ok 47 corten_arena_test_carrier_vma
[    5.912125] BUG: non-zero pgtables_bytes on freeing mm: 12288
[    5.940987]     ok 48 corten_arena_test_fork_punch_novma
[    5.950119] BUG: non-zero pgtables_bytes on freeing mm: 16384
[    5.977738] BUG: non-zero pgtables_bytes on freeing mm: 12288
[    5.993612]     ok 49 corten_arena_test_fork_redeclare_content
[    6.000186]     ok 50 corten_arena_test_region_record
[    6.018268]     ok 51 corten_arena_test_region_iter
[    6.032497] BUG: non-zero pgtables_bytes on freeing mm: 12288
[    6.044481]     ok 52 corten_arena_test_region_park
[    6.057210]     ok 53 corten_arena_test_region_fork
[    6.072099]     ok 54 corten_arena_test_mprotect_route
[    6.085017]     ok 55 corten_arena_test_protect_flags_kernel_gate
[    6.096328]     ok 56 corten_arena_test_madvise_route
[    6.132545]     ok 57 corten_arena_test_mremap_route
[    6.145454] BUG: non-zero pgtables_bytes on freeing mm: 24576
[    6.161510]     ok 58 corten_arena_test_fork_faithful
[    6.173470]     ok 59 corten_arena_test_fork_unwind
[    6.180571]     ok 60 corten_arena_test_fork_multipiece
[    6.192331]     ok 61 corten_arena_test_fork_perm
[    6.211362]     ok 62 corten_arena_test_inv7_shared_ro
[    6.217112]     ok 63 corten_arena_test_inv7_swapped
[    6.223587] get_swap_device: Bad swap file entry 400000000000077
[    6.231619] BUG: Bad rss-counter state mm:(____ptrval____) type:MM_SWAPENTS val:-1 Comm:kunit_try_catch Pid:360
[    6.236377]     ok 64 corten_arena_test_shrink_registry_count
[    6.239872]     ok 65 corten_arena_test_shrink_aging_two_pass
[    6.246082]     ok 66 corten_arena_test_shrink_rotation
[    6.251495] get_swap_device: Bad swap file entry 400000000000077
[    6.255376] get_swap_device: Bad swap file entry 400000000000077
[    6.262037]     ok 67 corten_arena_test_fork_swapped
[    6.265337] BUG: Bad rss-counter state mm:(____ptrval____) type:MM_SWAPENTS val:-1 Comm:corten_arena_op Pid:369
[    6.272245]     ok 68 corten_arena_test_fork_f2_gate
[   16.782334] ------------[ cut here ]------------
[   16.798142] corten: arena [800000,1000000) drain timed out: leaked transaction reference, leaking the descriptor
[   16.808616] WARNING: CPU: 0 PID: 371 at mm/corten_arena.c:606 corten_arena_drain+0x6f/0x80
[   16.817269] Modules linked in:
[   16.820407] CPU: 0 UID: 0 PID: 371 Comm: kunit_try_catch Tainted: G        W        N  6.18.32-gc4d3b55f5959-dirty #65 PREEMPT(voluntary) 
[   16.830543] Tainted: [W]=WARN, [N]=TEST
[   16.832966] Hardware name: QEMU Standard PC (i440FX + PIIX, 1996), BIOS 1.15.0-1 04/01/2014
[   16.844937] RIP: 0010:corten_arena_drain+0x6f/0x80
[   16.848468] Code: c4 08 31 c0 5b c3 cc cc cc cc 88 44 24 07 c6 05 93 75 d3 01 01 90 48 8b 53 08 48 8b 33 48 c7 c7 80 6b a9 ba e8 72 d5 cf ff 90 <0f> 0b 90 90 0f b6 44 24 07 eb b4 66 0f 1f 44 00 00 90 90 90 90 90
[   16.867896] RSP: 0000:ffffbab100a57d40 EFLAGS: 00010282
[   16.878279] RAX: 0000000000000000 RBX: ffffa21342b3c100 RCX: 00000000ffffdfff
[   16.886095] RDX: 0000000000000000 RSI: 00000000ffffffea RDI: 0000000000000001
[   16.892012] RBP: ffffa21342b3c000 R08: ffffffffbaf3e6c8 R09: 00000000ffffdfff
[   16.898362] R10: ffffffffbae5e6e0 R11: ffffffffbaf0e6e0 R12: ffffa21342b3c018
[   16.913643] R13: ffffa21341067500 R14: ffffa21342b3c078 R15: ffffa21342b3c100
[   16.925241] FS:  0000000000000000(0000) GS:ffffa21402166000(0000) knlGS:0000000000000000
[   16.941716] CS:  0010 DS: 0000 ES: 0000 CR0: 0000000080050033
[   16.949742] CR2: ffffa21356c01000 CR3: 0000000015e30000 CR4: 00000000000006f0
[   16.959826] Call Trace:
[   16.962174]  <TASK>
[   16.963838]  corten_arena_fork_begin+0x119/0x1c0
[   16.976809]  corten_arena_test_fork_begin+0x59/0x140
[   16.988837]  corten_arena_test_fork_drain_leak+0x18a/0x800
[   17.008023]  ? psi_task_switch+0x107/0x290
[   17.019942]  ? __switch_to_asm+0x39/0x70
[   17.025191]  ? finish_task_switch.isra.0+0x76/0x250
[   17.028978]  ? __pfx_kunit_generic_run_threadfn_adapter+0x10/0x10
[   17.033317]  kunit_try_run_case+0x6f/0x150
[   17.039079]  ? __pfx_kunit_generic_run_threadfn_adapter+0x10/0x10
[   17.053409]  kunit_generic_run_threadfn_adapter+0x1c/0x40
[   17.059001]  kthread+0xff/0x1f0
[   17.065437]  ? __pfx_kthread+0x10/0x10
[   17.075560]  ? __pfx_kthread+0x10/0x10
[   17.084071]  ret_from_fork+0x144/0x160
[   17.088876]  ? __pfx_kthread+0x10/0x10
[   17.098897]  ret_from_fork_asm+0x1a/0x30
[   17.105088]  </TASK>
[   17.108383] ---[ end trace 0000000000000000 ]---
[   17.123960]     # corten_arena_test_fork_drain_leak: Test should be marked slow (runtime: 10.851144984s)
[   17.124160] kunit_try_catch (371) used greatest stack depth: 13424 bytes left
[   17.127373]     ok 69 corten_arena_test_fork_drain_leak
[   17.160640]     ok 70 corten_arena_test_unshare_pin
[   17.188538]     ok 71 corten_arena_test_fork_reuse_exclusive
[   17.209544]     ok 72 corten_arena_test_gup_state1_uncommitted
[   17.225282]     ok 73 corten_arena_test_gup_state2_committed_rw
[   17.251551]     ok 74 corten_arena_test_gup_state3_fork_cow
[   17.271295]     ok 75 corten_arena_test_gup_state3b_downgrade_restore
[   17.282947]     ok 76 corten_arena_test_gup_state4_pin_zap
[   17.292091]     ok 77 corten_arena_test_concurrent
[   17.299302]     ok 78 corten_arena_test_concurrent_window
[   17.304735]     ok 79 corten_arena_test_obs_ledger
[   17.308467]     ok 80 corten_arena_test_drain_timeout_stat
[   17.313093] # corten_arena: pass:80 fail:0 skip:0 total:80
[   17.318492] # Totals: pass:80 fail:0 skip:0 total:80
[   17.322311] ok 2 corten_arena
[   17.327404]     KTAP version 1
[   17.328366]     # Subtest: corten_fault
[   17.329719]     # module: corten_fault_test
[   17.329725]     1..33
[   17.335984]     ok 1 corten_fault_test_dispatch
[   17.338733]     ok 2 corten_fault_test_fig8_cow
[   17.342896]     ok 3 corten_fault_test_unmap_classify
[   17.348347]     ok 4 corten_fault_test_mmap_classify
[   17.357762]     ok 5 corten_fault_test_file_may_matrix
[   17.370267]     ok 6 corten_fault_test_punch_classify
[   17.378020]     ok 7 corten_fault_test_map_anon
[   17.398287]     ok 8 corten_fault_test_zero_page
[   17.417846]     ok 9 corten_fault_test_sigsegv
[   17.434272]     ok 10 corten_fault_test_fresh_fault
[   17.521301]     ok 11 corten_fault_test_churn_repro
[   17.532727]     ok 12 corten_fault_test_untracked_drift
[   17.542501]     ok 13 corten_fault_test_restore
[   17.547209]     ok 14 corten_fault_test_cow_reuse
[   17.554255]     ok 15 corten_fault_test_cow_copy
[   17.560852] ------------[ cut here ]------------
[   17.567988] WARNING: CPU: 1 PID: 435 at ./include/linux/rwsem.h:88 corten_fault_test_foll_force+0x808/0xc50
[   17.580223] Modules linked in:
[   17.585999] CPU: 1 UID: 0 PID: 435 Comm: kunit_try_catch Tainted: G        W        N  6.18.32-gc4d3b55f5959-dirty #65 PREEMPT(voluntary) 
[   17.611725] Tainted: [W]=WARN, [N]=TEST
[   17.629517] Hardware name: QEMU Standard PC (i440FX + PIIX, 1996), BIOS 1.15.0-1 04/01/2014
[   17.645714] RIP: 0010:corten_fault_test_foll_force+0x808/0xc50
[   17.647246] Code: 0f 00 00 0f 85 18 fe ff ff 49 8b 04 24 a8 40 0f 84 0c fe ff ff 49 8b 44 24 48 48 8d 50 ff a8 01 49 0f 44 d4 e9 f8 fd ff ff 90 <0f> 0b 90 e9 64 f8 ff ff 48 98 45 31 c9 49 c7 c0 c0 11 76 b9 48 89
[   17.652406] RSP: 0000:ffffbab100bcfd80 EFLAGS: 00010246
[   17.653838] RAX: ffffa2134330d480 RBX: ffffa21341e82e00 RCX: 0000000000000000
[   17.655766] RDX: 0000000000000000 RSI: 0000000000000016 RDI: ffffa2134331a080
[   17.657601] RBP: ffffbab100013a88 R08: 0000000000001000 R09: 0000000000000000
[   17.659417] R10: ffffbab100bcfc98 R11: 0000000000000000 R12: ffffa213420a9900
[   17.661251] R13: ffffa2134115a438 R14: ffffffffb97615a0 R15: ffffbab100013ac8
[   17.663080] FS:  0000000000000000(0000) GS:ffffa214021e6000(0000) knlGS:0000000000000000
[   17.665136] CS:  0010 DS: 0000 ES: 0000 CR0: 0000000080050033
[   17.666528] CR2: 0000000000000000 CR3: 0000000015e30000 CR4: 00000000000006f0
[   17.668562] Call Trace:
[   17.669398]  <TASK>
[   17.670169]  ? psi_group_change+0x116/0x300
[   17.671327]  ? psi_task_switch+0x107/0x290
[   17.673249]  ? __switch_to_asm+0x39/0x70
[   17.674307]  ? finish_task_switch.isra.0+0x76/0x250
[   17.676027]  kunit_try_run_case+0x6f/0x150
[   17.677126]  ? __pfx_kunit_generic_run_threadfn_adapter+0x10/0x10
[   17.678644]  kunit_generic_run_threadfn_adapter+0x1c/0x40
[   17.680234]  kthread+0xff/0x1f0
[   17.681318]  ? __pfx_kthread+0x10/0x10
[   17.682404]  ? __pfx_kthread+0x10/0x10
[   17.684191]  ret_from_fork+0x144/0x160
[   17.686001]  ? __pfx_kthread+0x10/0x10
[   17.687964]  ret_from_fork_asm+0x1a/0x30
[   17.717045]  </TASK>
[   17.719565] ---[ end trace 0000000000000000 ]---
[   17.734029] ------------[ cut here ]------------
[   17.735762] WARNING: CPU: 2 PID: 435 at ./include/linux/rwsem.h:88 corten_fault_test_foll_force+0xb62/0xc50
[   17.740255] Modules linked in:
[   17.741965] CPU: 2 UID: 0 PID: 435 Comm: kunit_try_catch Tainted: G        W        N  6.18.32-gc4d3b55f5959-dirty #65 PREEMPT(voluntary) 
[   17.748396] Tainted: [W]=WARN, [N]=TEST
[   17.750693] Hardware name: QEMU Standard PC (i440FX + PIIX, 1996), BIOS 1.15.0-1 04/01/2014
[   17.754272] RIP: 0010:corten_fault_test_foll_force+0xb62/0xc50
[   17.756840] Code: c7 c6 10 06 45 ba 48 89 ef 48 89 44 24 08 48 c7 04 24 20 06 45 ba 48 c7 44 24 10 40 00 00 00 e8 44 c7 36 00 e9 44 fb ff ff 90 <0f> 0b 90 e9 ed fa ff ff 48 98 45 31 c9 49 c7 c0 c0 11 76 b9 48 89
[   17.762953] RSP: 0000:ffffbab100bcfd80 EFLAGS: 00010246
[   17.766103] RAX: ffffa2134330d480 RBX: ffffa21341e82e00 RCX: ffffa213bdd30340
[   17.772157] RDX: 0000000000000000 RSI: 0000000000000001 RDI: ffffa2134331a080
[   17.779399] RBP: ffffbab100013a88 R08: 0000000000000000 R09: 00000000000001dc
[   17.783465] R10: ffffa213bdd2fac0 R11: 0000000000000008 R12: ffffa213420a9900
[   17.787890] R13: 0000000000000000 R14: ffffffffb97615a0 R15: ffffbab100013ac8
[   17.794302] FS:  0000000000000000(0000) GS:ffffa21402266000(0000) knlGS:0000000000000000
[   17.802497] CS:  0010 DS: 0000 ES: 0000 CR0: 0000000080050033
[   17.806791] CR2: 0000000000000000 CR3: 0000000015e30000 CR4: 00000000000006f0
[   17.811900] Call Trace:
[   17.814292]  <TASK>
[   17.815035]  ? finish_task_switch.isra.0+0x76/0x250
[   17.819581]  kunit_try_run_case+0x6f/0x150
[   17.823085]  ? __pfx_kunit_generic_run_threadfn_adapter+0x10/0x10
[   17.825657]  kunit_generic_run_threadfn_adapter+0x1c/0x40
[   17.828147]  kthread+0xff/0x1f0
[   17.831018]  ? __pfx_kthread+0x10/0x10
[   17.832511]  ? __pfx_kthread+0x10/0x10
[   17.835063]  ret_from_fork+0x144/0x160
[   17.836483]  ? __pfx_kthread+0x10/0x10
[   17.839558]  ret_from_fork_asm+0x1a/0x30
[   17.840784]  </TASK>
[   17.842273] ---[ end trace 0000000000000000 ]---
[   17.847076]     ok 16 corten_fault_test_foll_force
[   17.853914]     ok 17 corten_fault_test_cow_race
[   17.859119]     ok 18 corten_fault_test_mprotect_pte
[   17.866399]     ok 19 corten_fault_test_mprotect_fresh
[   17.873269]     ok 20 corten_fault_test_zap_keep_perm
[   17.879698]     ok 21 corten_fault_test_zap_keep_perm_downgrade
[   17.888219]     ok 22 corten_fault_test_untracked_rearm
[   17.900626]     ok 23 corten_fault_test_fill_upper_race
[   17.913732]     ok 24 corten_fault_test_map_race
[   17.922688]     ok 25 corten_fault_test_chunk_unmap
[   17.928530]     ok 26 corten_fault_test_punch_hole
[   17.942720]     ok 27 corten_fault_test_punch_head
[   17.950565]     ok 28 corten_fault_test_rmap_guard
[   17.961012]     ok 29 corten_fault_test_reap_skip
[   17.965619]     ok 30 corten_fault_test_swap_encode
[   17.969178]     ok 31 corten_fault_test_swap_roundtrip # SKIP swap round-trip requires a swap area
[   17.976071]     ok 32 corten_fault_test_swap_zap_free # SKIP swap zap test requires a swap area
[   18.017782]     ok 33 corten_fault_test_swap_mprotect_pending
[   18.040614] # corten_fault: pass:31 fail:0 skip:2 total:33
[   18.047603] # Totals: pass:31 fail:0 skip:2 total:33
[   18.062286] ok 3 corten_fault
[   18.092632] check access for rdinit=/init failed: -2, ignoring
[   18.096403] md: Waiting for all devices to be available before autodetect
[   18.102898] md: If you don't use raid, use raid=noautodetect
[   18.109712] md: Autodetecting RAID arrays.
[   18.113185] md: autorun ...
[   18.116231] md: ... autorun DONE.
[   18.132284] /dev/root: Can't open blockdev
[   18.140359] VFS: Cannot open root device "" or unknown-block(0,0): error -6
[   18.148355] Please append a correct "root=" boot option; here are the available partitions:
[   18.161790] 0b00         1048575 sr0 
[   18.161799]  driver: sr
[   18.167546] List of all bdev filesystems:
[   18.169913]  ext3
[   18.169917]  ext2
[   18.172364]  ext4
[   18.173875]  vfat
[   18.175140]  msdos
[   18.183305]  iso9660
[   18.185092]  f2fs
[   18.191342]  erofs
[   18.193410] 
[   18.203358] Kernel panic - not syncing: VFS: Unable to mount root fs on unknown-block(0,0)
[   18.208932] CPU: 0 UID: 0 PID: 1 Comm: swapper/0 Tainted: G        W        N  6.18.32-gc4d3b55f5959-dirty #65 PREEMPT(voluntary) 
[   18.217310] Tainted: [W]=WARN, [N]=TEST
[   18.219073] Hardware name: QEMU Standard PC (i440FX + PIIX, 1996), BIOS 1.15.0-1 04/01/2014
[   18.225530] Call Trace:
[   18.227827]  <TASK>
[   18.229708]  vpanic+0x34f/0x360
[   18.231309]  panic+0x56/0x60
[   18.232976]  mount_root_generic+0x1ff/0x320
[   18.235772]  prepare_namespace+0x63/0x270
[   18.237510]  kernel_init_freeable+0x29f/0x2f0
[   18.238776]  ? __pfx_kernel_init+0x10/0x10
[   18.242630]  kernel_init+0x15/0x1c0
[   18.244585]  ret_from_fork+0x144/0x160
[   18.245767]  ? __pfx_kernel_init+0x10/0x10
[   18.250169]  ret_from_fork_asm+0x1a/0x30
[   18.253674]  </TASK>
[   18.271996] Kernel Offset: 0x37e00000 from 0xffffffff81000000 (relocation range: 0xffffffff80000000-0xffffffffbfffffff)
