qemu-system-x86_64: warning: host doesn't support requested feature: CPUID.80000001H:ECX.svm [bit 2]
qemu-system-x86_64: warning: host doesn't support requested feature: CPUID.80000001H:ECX.svm [bit 2]
c[?7l[2J[0mSeaBIOS (version 1.15.0-1)


iPXE (https://ipxe.org) 00:03.0 CA00 PCI2.10 PnP PMM+7FF8B310+7FECB310 CA00
Press Ctrl-B to configure iPXE (PCI 00:03.0)...                                                                               


Booting from ROM...
c[?7l[2J[    0.000000] Linux version 6.18.32-ge911b31adb9c-dirty (ppw@vm) (gcc (Ubuntu 11.4.0-1ubuntu1~22.04.3) 11.4.0, GNU ld (GNU Binutils for Ubuntu) 2.38) #32 SMP PREEMPT_DYNAMIC Wed Sep 16 03:42:12 CST 2026
[    0.000000] Command line: console=ttyS0 panic=-1 kunit.filter_glob=corten* corten=on
[    0.000000] x86/CPU: Model not found in latest microcode list
[    0.000000] BIOS-provided physical RAM map:
[    0.000000] BIOS-e820: [mem 0x0000000000000000-0x000000000009fbff] usable
[    0.000000] BIOS-e820: [mem 0x000000000009fc00-0x000000000009ffff] reserved
[    0.000000] BIOS-e820: [mem 0x00000000000f0000-0x00000000000fffff] reserved
[    0.000000] BIOS-e820: [mem 0x0000000000100000-0x000000007ffdffff] usable
[    0.000000] BIOS-e820: [mem 0x000000007ffe0000-0x000000007fffffff] reserved
[    0.000000] BIOS-e820: [mem 0x00000000feffc000-0x00000000feffffff] reserved
[    0.000000] BIOS-e820: [mem 0x00000000fffc0000-0x00000000ffffffff] reserved
[    0.000000] NX (Execute Disable) protection: active
[    0.000000] APIC: Static calls initialized
[    0.000000] SMBIOS 2.8 present.
[    0.000000] DMI: QEMU Standard PC (i440FX + PIIX, 1996), BIOS 1.15.0-1 04/01/2014
[    0.000000] DMI: Memory slots populated: 1/1
[    0.000000] Hypervisor detected: KVM
[    0.000000] last_pfn = 0x7ffe0 max_arch_pfn = 0x400000000
[    0.000000] kvm-clock: Using msrs 4b564d01 and 4b564d00
[    0.000004] kvm-clock: using sched offset of 2163412875 cycles
[    0.000025] clocksource: kvm-clock: mask: 0xffffffffffffffff max_cycles: 0x1cd42e4dffb, max_idle_ns: 881590591483 ns
[    0.000042] tsc: Detected 2419.196 MHz processor
[    0.002544] last_pfn = 0x7ffe0 max_arch_pfn = 0x400000000
[    0.003209] MTRR map: 4 entries (3 fixed + 1 variable; max 19), built from 8 variable MTRRs
[    0.003260] x86/PAT: Configuration [0-7]: WB  WC  UC- UC  WB  WP  UC- WT  
[    0.023404] found SMP MP-table at [mem 0x000f5ba0-0x000f5baf]
[    0.024254] ACPI: Early table checksum verification disabled
[    0.024681] ACPI: RSDP 0x00000000000F59E0 000014 (v00 BOCHS )
[    0.025103] ACPI: RSDT 0x000000007FFE1960 000034 (v01 BOCHS  BXPC     00000001 BXPC 00000001)
[    0.025199] ACPI: FACP 0x000000007FFE180C 000074 (v01 BOCHS  BXPC     00000001 BXPC 00000001)
[    0.025361] ACPI: DSDT 0x000000007FFE0040 0017CC (v01 BOCHS  BXPC     00000001 BXPC 00000001)
[    0.025389] ACPI: FACS 0x000000007FFE0000 000040
[    0.025396] ACPI: APIC 0x000000007FFE1880 000080 (v01 BOCHS  BXPC     00000001 BXPC 00000001)
[    0.025402] ACPI: HPET 0x000000007FFE1900 000038 (v01 BOCHS  BXPC     00000001 BXPC 00000001)
[    0.025408] ACPI: WAET 0x000000007FFE1938 000028 (v01 BOCHS  BXPC     00000001 BXPC 00000001)
[    0.025413] ACPI: Reserving FACP table memory at [mem 0x7ffe180c-0x7ffe187f]
[    0.025418] ACPI: Reserving DSDT table memory at [mem 0x7ffe0040-0x7ffe180b]
[    0.025421] ACPI: Reserving FACS table memory at [mem 0x7ffe0000-0x7ffe003f]
[    0.025423] ACPI: Reserving APIC table memory at [mem 0x7ffe1880-0x7ffe18ff]
[    0.025424] ACPI: Reserving HPET table memory at [mem 0x7ffe1900-0x7ffe1937]
[    0.025426] ACPI: Reserving WAET table memory at [mem 0x7ffe1938-0x7ffe195f]
[    0.034539] No NUMA configuration found
[    0.034545] Faking a node at [mem 0x0000000000000000-0x000000007ffdffff]
[    0.034555] NODE_DATA(0) allocated [mem 0x7ffdc140-0x7ffdffff]
[    0.035807] Zone ranges:
[    0.035813]   DMA      [mem 0x0000000000001000-0x0000000000ffffff]
[    0.035820]   DMA32    [mem 0x0000000001000000-0x000000007ffdffff]
[    0.035824]   Normal   empty
[    0.035826] Movable zone start for each node
[    0.035828] Early memory node ranges
[    0.035829]   node   0: [mem 0x0000000000001000-0x000000000009efff]
[    0.035833]   node   0: [mem 0x0000000000100000-0x000000007ffdffff]
[    0.035837] Initmem setup node 0 [mem 0x0000000000001000-0x000000007ffdffff]
[    0.037065] On node 0, zone DMA: 1 pages in unavailable ranges
[    0.038481] On node 0, zone DMA: 97 pages in unavailable ranges
[    0.265417] On node 0, zone DMA32: 32 pages in unavailable ranges
[    0.267154] ACPI: PM-Timer IO Port: 0x608
[    0.267248] ACPI: LAPIC_NMI (acpi_id[0xff] dfl dfl lint[0x1])
[    0.270046] IOAPIC[0]: apic_id 0, version 17, address 0xfec00000, GSI 0-23
[    0.270065] ACPI: INT_SRC_OVR (bus 0 bus_irq 0 global_irq 2 dfl dfl)
[    0.270070] ACPI: INT_SRC_OVR (bus 0 bus_irq 5 global_irq 5 high level)
[    0.270073] ACPI: INT_SRC_OVR (bus 0 bus_irq 9 global_irq 9 high level)
[    0.270105] ACPI: INT_SRC_OVR (bus 0 bus_irq 10 global_irq 10 high level)
[    0.270108] ACPI: INT_SRC_OVR (bus 0 bus_irq 11 global_irq 11 high level)
[    0.270117] ACPI: Using ACPI (MADT) for SMP configuration information
[    0.270120] ACPI: HPET id: 0x8086a201 base: 0xfed00000
[    0.270142] CPU topo: Max. logical packages:   1
[    0.270144] CPU topo: Max. logical dies:       1
[    0.270145] CPU topo: Max. dies per package:   1
[    0.270154] CPU topo: Max. threads per core:   1
[    0.270270] CPU topo: Num. cores per package:     2
[    0.270275] CPU topo: Num. threads per package:   2
[    0.270277] CPU topo: Allowing 2 present CPUs plus 0 hotplug CPUs
[    0.270433] kvm-guest: APIC: eoi() replaced with kvm_guest_apic_eoi_write()
[    0.271620] PM: hibernation: Registered nosave memory: [mem 0x00000000-0x00000fff]
[    0.271626] PM: hibernation: Registered nosave memory: [mem 0x0009f000-0x000fffff]
[    0.271631] [mem 0x80000000-0xfeffbfff] available for PCI devices
[    0.271724] Booting paravirtualized kernel on KVM
[    0.271805] clocksource: refined-jiffies: mask: 0xffffffff max_cycles: 0xffffffff, max_idle_ns: 1910969940391419 ns
[    0.301589] setup_percpu: NR_CPUS:64 nr_cpumask_bits:2 nr_cpu_ids:2 nr_node_ids:1
[    0.313139] percpu: Embedded 52 pages/cpu s174808 r8192 d29992 u1048576
[    0.313456] Kernel command line: console=ttyS0 panic=-1 kunit.filter_glob=corten* corten=on
[    0.313577] corten: requested on, activating at initcall time
[    0.313586] printk: log buffer data + meta data: 262144 + 917504 = 1179648 bytes
[    0.325377] Dentry cache hash table entries: 262144 (order: 9, 2097152 bytes, linear)
[    0.344027] Inode-cache hash table entries: 131072 (order: 8, 1048576 bytes, linear)
[    0.345445] Fallback order for Node 0: 0 
[    0.345460] Built 1 zonelists, mobility grouping on.  Total pages: 524158
[    0.345464] Policy zone: DMA32
[    0.345469] mem auto-init: stack:off, heap alloc:off, heap free:off
[    0.357039] SLUB: HWalign=64, Order=0-3, MinObjects=0, CPUs=2, Nodes=1
[    0.357328] Kernel/User page tables isolation: enabled
[    0.368304] Dynamic Preempt: voluntary
[    0.370185] rcu: Preemptible hierarchical RCU implementation.
[    0.370190] rcu: 	RCU event tracing is enabled.
[    0.370191] rcu: 	RCU restricting CPUs from NR_CPUS=64 to nr_cpu_ids=2.
[    0.370195] 	Trampoline variant of Tasks RCU enabled.
[    0.370196] 	Tracing variant of Tasks RCU enabled.
[    0.370197] rcu: RCU calculated value of scheduler-enlistment delay is 100 jiffies.
[    0.370198] rcu: Adjusting geometry for rcu_fanout_leaf=16, nr_cpu_ids=2
[    0.370243] RCU Tasks: Setting shift to 1 and lim to 1 rcu_task_cb_adjust=1 rcu_task_cpu_ids=2.
[    0.370247] RCU Tasks Trace: Setting shift to 1 and lim to 1 rcu_task_cb_adjust=1 rcu_task_cpu_ids=2.
[    0.383883] NR_IRQS: 4352, nr_irqs: 440, preallocated irqs: 16
[    0.385146] rcu: srcu_init: Setting srcu_struct sizes based on contention.
[    0.468708] Console: colour VGA+ 80x25
[    0.469536] printk: legacy console [ttyS0] enabled
[    1.232790] ACPI: Core revision 20250807
[    1.239888] clocksource: hpet: mask: 0xffffffff max_cycles: 0xffffffff, max_idle_ns: 19112604467 ns
[    1.250362] APIC: Switch to symmetric I/O mode setup
[    1.261961] x2apic enabled
[    1.271589] APIC: Switched APIC routing to: physical x2apic
[    1.289750] ..TIMER: vector=0x30 apic1=0 pin1=2 apic2=-1 pin2=-1
[    1.296383] clocksource: tsc-early: mask: 0xffffffffffffffff max_cycles: 0x22df0d21928, max_idle_ns: 440795225288 ns
[    1.308560] Calibrating delay loop (skipped) preset value.. 4838.39 BogoMIPS (lpj=2419196)
[    1.311461] Last level iTLB entries: 4KB 0, 2MB 0, 4MB 0
[    1.311551] Last level dTLB entries: 4KB 0, 2MB 0, 4MB 0, 1GB 0
[    1.312668] mitigations: Enabled attack vectors: user_kernel, user_user, SMT mitigations: auto
[    1.314651] Speculative Store Bypass: Vulnerable
[    1.315563] Spectre V2 : Mitigation: Retpolines
[    1.316563] ITS: Mitigation: Aligned branch/return thunks
[    1.317563] MDS: Vulnerable: Clear CPU buffers attempted, no microcode
[    1.318558] Spectre V1 : Mitigation: usercopy/swapgs barriers and __user pointer sanitization
[    1.319559] Spectre V2 : Spectre v2 / SpectreRSB: Filling RSB on context switch and VMEXIT
[    1.320565] active return thunk: its_return_thunk
[    1.321667] x86/fpu: x87 FPU will use FXSAVE
[    1.412097] Freeing SMP alternatives memory: 56K
[    1.412581] pid_max: default: 32768 minimum: 301
[    1.413790] LSM: initializing lsm=capability,selinux
[    1.414623] SELinux:  Initializing.
[    1.417488] Mount-cache hash table entries: 4096 (order: 3, 32768 bytes, linear)
[    1.417695] Mountpoint-cache hash table entries: 4096 (order: 3, 32768 bytes, linear)
[    1.500559] APIC calibration not consistent with PM-Timer: 101ms instead of 100ms
[    1.501547] APIC delta adjusted to PM-Timer: 6213944 (6305360)
[    1.501759] smpboot: CPU0: Intel QEMU Virtual CPU version 2.5+ (family: 0xf, model: 0x6b, stepping: 0x1)
[    1.504659] Performance Events: unsupported Netburst CPU model 107 no PMU driver, software events only.
[    1.507614] signal: max sigframe size: 1440
[    1.508775] rcu: Hierarchical SRCU implementation.
[    1.509560] rcu: 	Max phase no-delay instances is 400.
[    1.512321] Timer migration: 1 hierarchy levels; 8 children per group; 1 crossnode level
[    1.533342] corten: page descriptors enabled
[    1.533905] smp: Bringing up secondary CPUs ...
[    1.537565] smpboot: x86: Booting SMP configuration:
[    1.538559] .... node  #0, CPUs:      #1
[    1.548092] smp: Brought up 1 node, 2 CPUs
[    1.549554] smpboot: Total of 2 processors activated (9676.78 BogoMIPS)
[    1.553919] Memory: 2012556K/2096632K available (18967K kernel code, 2963K rwdata, 8012K rodata, 3044K init, 2276K bss, 79980K reserved, 0K cma-reserved)
[    1.557604] devtmpfs: initialized
[    1.563852] clocksource: jiffies: mask: 0xffffffff max_cycles: 0xffffffff, max_idle_ns: 1911260446275000 ns
[    1.564575] posixtimers hash table entries: 1024 (order: 2, 16384 bytes, linear)
[    1.567794] futex hash table entries: 512 (32768 bytes on 1 NUMA nodes, total 32 KiB, linear).
[    1.570436] PM: RTC time: 19:43:21, date: 2026-09-15
[    1.573127] NET: Registered PF_NETLINK/PF_ROUTE protocol family
[    1.574945] audit: initializing netlink subsys (disabled)
[    1.578562] audit: type=2000 audit(1789501400.237:1): state=initialized audit_enabled=0 res=1
[    1.578562] thermal_sys: Registered thermal governor 'step_wise'
[    1.580563] cpuidle: using governor menu
[    1.588801] PCI: Using configuration type 1 for base access
[    1.594656] kprobes: kprobe jump-optimization is enabled. All kprobes are optimized if possible.
[    1.600746] HugeTLB: registered 2.00 MiB page size, pre-allocated 0 pages
[    1.603552] HugeTLB: 28 KiB vmemmap can be freed for a 2.00 MiB page
[    1.608055] ACPI: Added _OSI(Module Device)
[    1.611578] ACPI: Added _OSI(Processor Device)
[    1.613556] ACPI: Added _OSI(Processor Aggregator Device)
[    1.617575] ACPI: 1 ACPI AML tables successfully acquired and loaded
[    1.631703] ACPI: Interpreter enabled
[    1.633649] ACPI: PM: (supports S0 S3 S4 S5)
[    1.635558] ACPI: Using IOAPIC for interrupt routing
[    1.638662] PCI: Using host bridge windows from ACPI; if necessary, use "pci=nocrs" and report a bug
[    1.645555] PCI: Using E820 reservations for host bridge windows
[    1.648867] ACPI: Enabled 2 GPEs in block 00 to 0F
[    1.657824] ACPI: PCI Root Bridge [PCI0] (domain 0000 [bus 00-ff])
[    1.661586] acpi PNP0A03:00: _OSC: OS supports [ASPM ClockPM Segments MSI HPX-Type3]
[    1.665559] acpi PNP0A03:00: _OSC: not requesting OS control; OS requires [ExtendedConfig ASPM ClockPM MSI]
[    1.670599] acpi PNP0A03:00: fail to add MMCONFIG information, can't access extended configuration space under this bridge
[    1.679626] PCI host bridge to bus 0000:00
[    1.682567] pci_bus 0000:00: root bus resource [io  0x0000-0x0cf7 window]
[    1.685556] pci_bus 0000:00: root bus resource [io  0x0d00-0xffff window]
[    1.688557] pci_bus 0000:00: root bus resource [mem 0x000a0000-0x000bffff window]
[    1.693556] pci_bus 0000:00: root bus resource [mem 0x80000000-0xfebfffff window]
[    1.697564] pci_bus 0000:00: root bus resource [mem 0x100000000-0x17fffffff window]
[    1.702557] pci_bus 0000:00: root bus resource [bus 00-ff]
[    1.705874] pci 0000:00:00.0: [8086:1237] type 00 class 0x060000 conventional PCI endpoint
[    1.717129] pci 0000:00:01.0: [8086:7000] type 00 class 0x060100 conventional PCI endpoint
[    1.726547] pci 0000:00:01.1: [8086:7010] type 00 class 0x010180 conventional PCI endpoint
[    1.736964] pci 0000:00:01.1: BAR 4 [io  0xc040-0xc04f]
[    1.739866] pci 0000:00:01.1: BAR 0 [io  0x01f0-0x01f7]: legacy IDE quirk
[    1.742561] pci 0000:00:01.1: BAR 1 [io  0x03f6]: legacy IDE quirk
[    1.748558] pci 0000:00:01.1: BAR 2 [io  0x0170-0x0177]: legacy IDE quirk
[    1.752556] pci 0000:00:01.1: BAR 3 [io  0x0376]: legacy IDE quirk
[    1.757001] pci 0000:00:01.3: [8086:7113] type 00 class 0x068000 conventional PCI endpoint
[    1.762531] pci 0000:00:01.3: quirk: [io  0x0600-0x063f] claimed by PIIX4 ACPI
[    1.767561] pci 0000:00:01.3: quirk: [io  0x0700-0x070f] claimed by PIIX4 SMB
[    1.777889] pci 0000:00:01.3: quirk_piix4_acpi+0x0/0x170 took 14648 usecs
[    1.786176] pci 0000:00:02.0: [1234:1111] type 00 class 0x030000 conventional PCI endpoint
[    1.808767] pci 0000:00:02.0: BAR 0 [mem 0xfd000000-0xfdffffff pref]
[    1.815697] pci 0000:00:02.0: BAR 2 [mem 0xfebb0000-0xfebb0fff]
[    1.819825] pci 0000:00:02.0: ROM [mem 0xfeba0000-0xfebaffff pref]
[    1.827931] pci 0000:00:02.0: Video device with shadowed ROM at [mem 0x000c0000-0x000dffff]
[    1.847658] pci 0000:00:03.0: [8086:100e] type 00 class 0x020000 conventional PCI endpoint
[    1.852642] pci 0000:00:03.0: BAR 0 [mem 0xfeb80000-0xfeb9ffff]
[    1.857815] pci 0000:00:03.0: BAR 1 [io  0xc000-0xc03f]
[    1.862883] pci 0000:00:03.0: ROM [mem 0xfeb00000-0xfeb7ffff pref]
[    1.885624] ACPI: PCI: Interrupt link LNKA configured for IRQ 10
[    1.892836] ACPI: PCI: Interrupt link LNKB configured for IRQ 10
[    1.897657] ACPI: PCI: Interrupt link LNKC configured for IRQ 11
[    1.902661] ACPI: PCI: Interrupt link LNKD configured for IRQ 11
[    1.907589] ACPI: PCI: Interrupt link LNKS configured for IRQ 9
[    1.922108] iommu: Default domain type: Translated
[    1.925559] iommu: DMA domain TLB invalidation policy: lazy mode
[    1.939106] SCSI subsystem initialized
[    1.949818] ACPI: bus type USB registered
[    1.951809] usbcore: registered new interface driver usbfs
[    1.956615] usbcore: registered new interface driver hub
[    1.959684] usbcore: registered new device driver usb
[    1.965079] pps_core: LinuxPPS API ver. 1 registered
[    1.968562] pps_core: Software ver. 5.3.6 - Copyright 2005-2007 Rodolfo Giometti <giometti@linux.it>
[    1.974578] PTP clock support registered
[    1.980136] Advanced Linux Sound Architecture Driver Initialized.
[    1.989861] NetLabel: Initializing
[    1.992553] NetLabel:  domain hash size = 128
[    1.995562] NetLabel:  protocols = UNLABELED CIPSOv4 CALIPSO
[    2.000103] NetLabel:  unlabeled traffic allowed by default
[    2.007846] PCI: Using ACPI for IRQ routing
[    2.013918] pci 0000:00:02.0: vgaarb: setting as boot VGA device
[    2.014547] pci 0000:00:02.0: vgaarb: bridge control possible
[    2.014547] pci 0000:00:02.0: vgaarb: VGA device added: decodes=io+mem,owns=io+mem,locks=none
[    2.026560] vgaarb: loaded
[    2.033367] hpet: 3 channels of 0 reserved for per-cpu timers
[    2.037752] hpet0: at MMIO 0xfed00000, IRQs 2, 8, 0
[    2.042553] hpet0: 3 comparators, 64-bit 100.000000 MHz counter
[    2.049695] clocksource: Switched to clocksource kvm-clock
[    2.071554] VFS: Disk quotas dquot_6.6.0
[    2.076141] VFS: Dquot-cache hash table entries: 512 (order 0, 4096 bytes)
[    2.089607] pnp: PnP ACPI init
[    2.097330] pnp: PnP ACPI: found 6 devices
[    2.221738] clocksource: acpi_pm: mask: 0xffffff max_cycles: 0xffffff, max_idle_ns: 2085701024 ns
[    2.238937] NET: Registered PF_INET protocol family
[    2.247340] IP idents hash table entries: 32768 (order: 6, 262144 bytes, linear)
[    2.260506] tcp_listen_portaddr_hash hash table entries: 1024 (order: 2, 16384 bytes, linear)
[    2.276696] Table-perturb hash table entries: 65536 (order: 6, 262144 bytes, linear)
[    2.286797] TCP established hash table entries: 16384 (order: 5, 131072 bytes, linear)
[    2.294354] TCP bind hash table entries: 16384 (order: 7, 524288 bytes, linear)
[    2.306283] TCP: Hash tables configured (established 16384 bind 16384)
[    2.319204] kwatchdog (41) used greatest stack depth: 15120 bytes left
[    2.320110] UDP hash table entries: 1024 (order: 4, 65536 bytes, linear)
[    2.336141] UDP-Lite hash table entries: 1024 (order: 4, 65536 bytes, linear)
[    2.344581] NET: Registered PF_UNIX/PF_LOCAL protocol family
[    2.358304] RPC: Registered named UNIX socket transport module.
[    2.366484] RPC: Registered udp transport module.
[    2.371367] RPC: Registered tcp transport module.
[    2.376107] RPC: Registered tcp-with-tls transport module.
[    2.381960] RPC: Registered tcp NFSv4.1 backchannel transport module.
[    2.391694] pci_bus 0000:00: resource 4 [io  0x0000-0x0cf7 window]
[    2.399625] pci_bus 0000:00: resource 5 [io  0x0d00-0xffff window]
[    2.406876] pci_bus 0000:00: resource 6 [mem 0x000a0000-0x000bffff window]
[    2.415986] pci_bus 0000:00: resource 7 [mem 0x80000000-0xfebfffff window]
[    2.424010] pci_bus 0000:00: resource 8 [mem 0x100000000-0x17fffffff window]
[    2.437684] pci 0000:00:01.0: PIIX3: Enabling Passive Release
[    2.444608] pci 0000:00:00.0: Limiting direct PCI/PCI transfers
[    2.453020] PCI: CLS 0 bytes, default 64
[    2.458607] clocksource: tsc: mask: 0xffffffffffffffff max_cycles: 0x22df0d21928, max_idle_ns: 440795225288 ns
[    2.475156] Initialise system trusted keyrings
[    2.482086] workingset: timestamp_bits=40 max_order=19 bucket_order=0
[    2.495608] NFS: Registering the id_resolver key type
[    2.500817] Key type id_resolver registered
[    2.506120] Key type id_legacy registered
[    2.510411] 9p: Installing v9fs 9p2000 file system support
[    2.556853] Key type asymmetric registered
[    2.560559] Asymmetric key parser 'x509' registered
[    2.565727] Block layer SCSI generic (bsg) driver version 0.4 loaded (major 251)
[    2.573079] io scheduler mq-deadline registered
[    2.577034] io scheduler kyber registered
[    2.584637] input: Power Button as /devices/LNXSYSTM:00/LNXPWRBN:00/input/input0
[    2.592583] ACPI: button: Power Button [PWRF]
[    2.603590] Serial: 8250/16550 driver, 4 ports, IRQ sharing enabled
[    2.612524] 00:04: ttyS0 at I/O 0x3f8 (irq = 4, base_baud = 115200) is a 16550A
[    2.626547] Non-volatile memory driver v1.3
[    2.631843] Linux agpgart interface v0.103
[    2.665274] ACPI: bus type drm_connector registered
[    2.716889] loop: module loaded
[    2.723552] zram: Added device: zram0
[    2.739812] scsi host0: ata_piix
[    2.745854] scsi host1: ata_piix
[    2.750784] ata1: PATA max MWDMA2 cmd 0x1f0 ctl 0x3f6 bmdma 0xc040 irq 14 lpm-pol 0
[    2.761613] ata2: PATA max MWDMA2 cmd 0x170 ctl 0x376 bmdma 0xc048 irq 15 lpm-pol 0
[    2.773292] e100: Intel(R) PRO/100 Network Driver
[    2.778835] e100: Copyright(c) 1999-2006 Intel Corporation
[    2.784296] e1000: Intel(R) PRO/1000 Network Driver
[    2.789112] e1000: Copyright (c) 1999-2006 Intel Corporation.
[    2.828420] ACPI: \_SB_.LNKC: Enabled at IRQ 11
[    2.932393] ata2: found unknown device (class 0)
[    2.943816] ata2.00: ATAPI: QEMU DVD-ROM, 2.5+, max UDMA/100
[    2.959259] scsi 1:0:0:0: CD-ROM            QEMU     QEMU DVD-ROM     2.5+ PQ: 0 ANSI: 5
[    3.017929] sr 1:0:0:0: [sr0] scsi3-mmc drive: 4x/4x cd/rw xa/form2 tray
[    3.026485] cdrom: Uniform CD-ROM driver Revision: 3.20
[    3.045380] sr 1:0:0:0: Attached scsi generic sg0 type 5
[    4.112036] e1000 0000:00:03.0 eth0: (PCI:33MHz:32-bit) 52:54:00:12:34:56
[    4.119428] e1000 0000:00:03.0 eth0: Intel(R) PRO/1000 Network Connection
[    4.127125] e1000e: Intel(R) PRO/1000 Network Driver
[    4.134366] e1000e: Copyright(c) 1999 - 2015 Intel Corporation.
[    4.141644] sky2: driver version 1.30
[    4.150068] usbcore: registered new interface driver usblp
[    4.153099] usbcore: registered new interface driver usb-storage
[    4.156470] i8042: PNP: PS/2 Controller [PNP0303:KBD,PNP0f13:MOU] at 0x60,0x64 irq 1,12
[    4.163753] serio: i8042 KBD port at 0x60,0x64 irq 1
[    4.168670] serio: i8042 AUX port at 0x60,0x64 irq 12
[    4.180064] rtc_cmos 00:05: RTC can wake from S4
[    4.196510] rtc_cmos 00:05: registered as rtc0
[    4.196667] input: AT Translated Set 2 keyboard as /devices/platform/i8042/serio0/input/input1
[    4.201865] rtc_cmos 00:05: alarms up to one day, y3k, 242 bytes nvram, hpet irqs
[    4.225377] device-mapper: ioctl: 4.50.0-ioctl (2025-04-28) initialised: dm-devel@lists.linux.dev
[    4.236701] intel_pstate: CPU model not supported
[    4.242142] hid: raw HID events driver (C) Jiri Kosina
[    4.251890] usbcore: registered new interface driver usbhid
[    4.257732] usbhid: USB HID core driver
[    4.272586] Initializing XFRM netlink socket
[    4.277025] NET: Registered PF_INET6 protocol family
[    4.288076] Segment Routing with IPv6
[    4.290788] In-situ OAM (IOAM) with IPv6
[    4.295674] sit: IPv6, IPv4 and MPLS over IPv4 tunneling driver
[    4.302107] NET: Registered PF_PACKET protocol family
[    4.308343] 9pnet: Installing 9P2000 support
[    4.312656] Key type dns_resolver registered
[    4.323672] IPI shorthand broadcast: enabled
[    4.343486] sched_clock: Marking stable (3431287022, 911348247)->(4872478683, -529843414)
[    4.355907] registered taskstats version 1
[    4.360007] Loading compiled-in X.509 certificates
[    4.374031] Demotion targets for Node 0: null
[    4.376497] PM:   Magic number: 10:845:748
[    4.380402] alarmtimer alarmtimer.0.auto: hash matches
[    4.384138] netconsole: network logging started
[    4.391282] cfg80211: Loading compiled-in X.509 certificates for regulatory database
[    4.402915] kworker/u8:1 (57) used greatest stack depth: 14272 bytes left
[    4.411030] kworker/u8:1 (58) used greatest stack depth: 13968 bytes left
[    4.418612] Loaded X.509 cert 'sforshee: 00b28ddf47aef9cea7'
[    4.419269] Loaded X.509 cert 'wens: 61c038651aabdcf94bd0ac7ff06c7248db18c600'
[    4.432494] faux_driver regulatory: Direct firmware load for regulatory.db failed with error -2
[    4.434071] ALSA device list:
[    4.441675] cfg80211: failed to load regulatory.db
[    4.445080]   No soundcards found.
[    4.445513] KTAP version 1
[    4.445516] 1..3
[    4.456190]     KTAP version 1
[    4.461224]     # Subtest: corten
[    4.464578]     # module: corten_test
[    4.464584]     1..25
[    4.471586]     ok 1 corten_test_layout # SKIP corten=on boot
[    4.473040]     ok 2 corten_test_ptdesc_get_put
[    4.482885]     ok 3 corten_test_meta_roundtrip
[    4.489064]     ok 4 corten_test_meta_reinit_cleared
[    4.496997]     ok 5 corten_test_covering_level
[    4.505060]     ok 6 corten_test_covering_base_index
[    4.512058]     ok 7 corten_test_txn_covering
[    4.519257]     ok 8 corten_test_txn_hole
[    4.527793]     ok 9 corten_test_txn_stale_eagain
[    4.536285]     ok 10 corten_test_lock_range_args
[    4.543845]     ok 11 corten_test_txn_state_machine
[    4.550238]     ok 12 corten_test_txn_atomic_validate
[    4.559023]     ok 13 corten_test_txn_real_glue
[    4.564873]     ok 14 corten_test_txn_mutex_overlap # SKIP need 3 online CPUs for worker placement
[    4.575763]     ok 15 corten_test_txn_mutex_disjoint # SKIP need 3 online CPUs for worker placement
[    4.589828]     ok 16 corten_test_fail_alloc
[    4.603804]     ok 17 corten_test_txn_hole_fill
[    4.611202]     ok 18 corten_test_txn_hole_race # SKIP need 3 online CPUs for worker placement
[    4.615751]     ok 19 corten_test_txn_uninstall_interlock # SKIP need 3 online CPUs for worker placement
[    4.629341]     ok 20 corten_test_uninstall_bh_ctx
[    4.642210] ------------[ cut here ]------------
[    4.651309] WARNING: CPU: 0 PID: 101 at mm/corten.c:848 corten_txn_begin+0x191/0x4b0
[    4.665231] Modules linked in:
[    4.672952] CPU: 0 UID: 0 PID: 101 Comm: kunit_try_catch Tainted: G                 N  6.18.32-ge911b31adb9c-dirty #32 PREEMPT(voluntary) 
[    4.688215] Tainted: [N]=TEST
[    4.694068] Hardware name: QEMU Standard PC (i440FX + PIIX, 1996), BIOS 1.15.0-1 04/01/2014
[    4.702522] RIP: 0010:corten_txn_begin+0x191/0x4b0
[    4.710498] Code: 02 00 00 4c 89 ff 48 89 04 24 e8 ba c8 d8 00 4c 89 ff e8 c2 ca d8 00 48 8b 04 24 41 0f b6 4f 25 38 48 25 0f 87 65 ff ff ff 90 <0f> 0b 90 41 80 7e 48 04 0f 86 61 ff ff ff 90 0f 0b 90 48 89 c7 e8
[    4.729557] RSP: 0000:ffff9dab00437da0 EFLAGS: 00010246
[    4.734106] RAX: ffff93e1c19d9f80 RBX: 0000000000000fff RCX: 0000000000000002
[    4.738528] RDX: 0000000000000003 RSI: 000000000000003a RDI: ffff93e1c2511000
[    4.744993] RBP: 0000000000000000 R08: ffff93e1c121f800 R09: ffff9dab00437e00
[    4.751954] R10: ffff9dab00437d58 R11: ffffd9f040068f80 R12: ffffffffbae32010
[    4.759293] R13: ffff93e1c121f800 R14: ffff9dab00437e00 R15: ffff93e1c19d9f40
[    4.766334] FS:  0000000000000000(0000) GS:ffff93e281a73000(0000) knlGS:0000000000000000
[    4.774842] CS:  0010 DS: 0000 ES: 0000 CR0: 0000000080050033
[    4.780089] CR2: ffff93e201a01000 CR3: 0000000040c30000 CR4: 00000000000006f0
[    4.786856] Call Trace:
[    4.790031]  <TASK>
[    4.792644]  ? __pfx_kunit_generic_run_threadfn_adapter+0x10/0x10
[    4.799606]  corten_test_txn_path_overflow+0xb5/0x2a0
[    4.804768]  ? psi_task_switch+0x159/0x290
[    4.809469]  kunit_try_run_case+0x6f/0x150
[    4.816545]  ? __pfx_kunit_generic_run_threadfn_adapter+0x10/0x10
[    4.820876]  kunit_generic_run_threadfn_adapter+0x1c/0x40
[    4.827278]  kthread+0xff/0x1f0
[    4.831686]  ? __pfx_kthread+0x10/0x10
[    4.835213]  ? __pfx_kthread+0x10/0x10
[    4.839226]  ret_from_fork+0x144/0x160
[    4.843221]  ? __pfx_kthread+0x10/0x10
[    4.847851]  ret_from_fork_asm+0x1a/0x30
[    4.851426]  </TASK>
[    4.853285] ---[ end trace 0000000000000000 ]---
[    4.857527] ------------[ cut here ]------------
[    4.861435] WARNING: CPU: 0 PID: 101 at mm/corten.c:795 corten_txn_begin+0x1a0/0x4b0
[    4.866366] Modules linked in:
[    4.868540] CPU: 0 UID: 0 PID: 101 Comm: kunit_try_catch Tainted: G        W        N  6.18.32-ge911b31adb9c-dirty #32 PREEMPT(voluntary) 
[    4.877112] Tainted: [W]=WARN, [N]=TEST
[    4.881250] Hardware name: QEMU Standard PC (i440FX + PIIX, 1996), BIOS 1.15.0-1 04/01/2014
[    4.889752] RIP: 0010:corten_txn_begin+0x1a0/0x4b0
[    4.895106] Code: 4c 89 ff e8 c2 ca d8 00 48 8b 04 24 41 0f b6 4f 25 38 48 25 0f 87 65 ff ff ff 90 0f 0b 90 41 80 7e 48 04 0f 86 61 ff ff ff 90 <0f> 0b 90 48 89 c7 e8 f5 f5 ff ff 41 0f b6 46 48 84 c0 74 28 83 e8
[    4.915196] RSP: 0000:ffff9dab00437da0 EFLAGS: 00010202
[    4.919583] RAX: ffff93e1c19d9dc0 RBX: 0000000000000fff RCX: 0000000000000002
[    4.928082] RDX: 0000000000000003 RSI: 000000000000003e RDI: ffff93e1c2511000
[    4.935330] RBP: 0000000000000000 R08: ffff93e1c121f800 R09: ffff9dab00437e00
[    4.944276] R10: ffff9dab00437d58 R11: ffffd9f040068f80 R12: ffffffffbae32010
[    4.950691] R13: ffff93e1c121f800 R14: ffff9dab00437e00 R15: ffff93e1c19d9ec0
[    4.957963] FS:  0000000000000000(0000) GS:ffff93e281a73000(0000) knlGS:0000000000000000
[    4.968509] CS:  0010 DS: 0000 ES: 0000 CR0: 0000000080050033
[    4.976252] CR2: ffff93e201a01000 CR3: 0000000040c30000 CR4: 00000000000006f0
[    4.982446] Call Trace:
[    4.985662]  <TASK>
[    4.990099]  ? __pfx_kunit_generic_run_threadfn_adapter+0x10/0x10
[    4.999222]  corten_test_txn_path_overflow+0xb5/0x2a0
[    5.005316]  ? psi_task_switch+0x159/0x290
[    5.010689]  kunit_try_run_case+0x6f/0x150
[    5.015533]  ? __pfx_kunit_generic_run_threadfn_adapter+0x10/0x10
[    5.021328]  kunit_generic_run_threadfn_adapter+0x1c/0x40
[    5.027091]  kthread+0xff/0x1f0
[    5.029775]  ? __pfx_kthread+0x10/0x10
[    5.033280]  ? __pfx_kthread+0x10/0x10
[    5.035956]  ret_from_fork+0x144/0x160
[    5.041545]  ? __pfx_kthread+0x10/0x10
[    5.047127]  ret_from_fork_asm+0x1a/0x30
[    5.052961]  </TASK>
[    5.056843] ---[ end trace 0000000000000000 ]---
[    5.061276] kunit_try_catch (101) used greatest stack depth: 13520 bytes left
[    5.067808]     ok 21 corten_test_txn_path_overflow
[    5.070173]     ok 22 corten_test_txn_child_err
[    5.077230]     ok 23 corten_test_real_huge_leaf
[    5.078702] input: ImExPS/2 Generic Explorer Mouse as /devices/platform/i8042/serio1/input/input3
[    5.083501]     ok 24 corten_test_full_window_atomic
[    5.097781]     ok 25 corten_test_debugfs_content
[    5.102479] # corten: pass:20 fail:0 skip:5 total:25
[    5.107082] # Totals: pass:20 fail:0 skip:5 total:25
[    5.112072] ok 1 corten
[    5.119571]     KTAP version 1
[    5.123997]     # Subtest: corten_arena
[    5.125133]     # module: corten_arena_test
[    5.125136]     1..9
[    5.129098]     ok 1 corten_arena_test_declare_reject
[    5.142226]     ok 2 corten_arena_test_declare_reject_flags
[    5.178713]     ok 3 corten_arena_test_declare_query
[    5.189745]     ok 4 corten_arena_test_range_overlaps
[    5.209531]     ok 5 corten_arena_test_release
[    5.223124]     ok 6 corten_arena_test_shadow_vma
[    5.250141]     ok 7 corten_arena_test_exit
[    5.253387]     ok 8 corten_arena_test_prctl
[    5.367000]     ok 9 corten_arena_test_concurrent
[    5.373223] # corten_arena: pass:9 fail:0 skip:0 total:9
[    5.379486] # Totals: pass:9 fail:0 skip:0 total:9
[    5.386141] ok 2 corten_arena
[    5.396444]     KTAP version 1
[    5.400435]     # Subtest: corten_fault
[    5.405397]     # module: corten_fault_test
[    5.405401]     1..12
[    5.417124]     ok 1 corten_fault_test_dispatch
[    5.419464]     ok 2 corten_fault_test_unmap_classify
[    5.429180]     ok 3 corten_fault_test_mmap_classify
[    5.452684]     ok 4 corten_fault_test_map_anon
[    5.484458]     ok 5 corten_fault_test_zero_page
[    5.505812]     ok 6 corten_fault_test_sigsegv
[    5.525129]     ok 7 corten_fault_test_fresh_fault
[    5.588525]     ok 8 corten_fault_test_churn_repro
[    5.608108]     ok 9 corten_fault_test_restore
[    5.626549]     ok 10 corten_fault_test_fill_upper_race
[    5.639812]     ok 11 corten_fault_test_map_race
[    5.658816]     ok 12 corten_fault_test_chunk_unmap
[    5.661732] # corten_fault: pass:12 fail:0 skip:0 total:12
[    5.664033] # Totals: pass:12 fail:0 skip:0 total:12
[    5.668541] ok 3 corten_fault
[    5.707854] check access for rdinit=/init failed: -2, ignoring
[    5.712729] md: Waiting for all devices to be available before autodetect
[    5.717797] md: If you don't use raid, use raid=noautodetect
[    5.722242] md: Autodetecting RAID arrays.
[    5.725065] md: autorun ...
[    5.727473] md: ... autorun DONE.
[    5.731851] /dev/root: Can't open blockdev
[    5.733867] VFS: Cannot open root device "" or unknown-block(0,0): error -6
[    5.738431] Please append a correct "root=" boot option; here are the available partitions:
[    5.743920] 0b00         1048575 sr0 
[    5.743927]  driver: sr
[    5.747520] List of all bdev filesystems:
[    5.749703]  ext3
[    5.749707]  ext2
[    5.751229]  ext4
[    5.752505]  vfat
[    5.753611]  msdos
[    5.755116]  iso9660
[    5.756490] 
[    5.758090] Kernel panic - not syncing: VFS: Unable to mount root fs on unknown-block(0,0)
[    5.761765] CPU: 0 UID: 0 PID: 1 Comm: swapper/0 Tainted: G        W        N  6.18.32-ge911b31adb9c-dirty #32 PREEMPT(voluntary) 
[    5.767207] Tainted: [W]=WARN, [N]=TEST
[    5.769595] Hardware name: QEMU Standard PC (i440FX + PIIX, 1996), BIOS 1.15.0-1 04/01/2014
[    5.772452] Call Trace:
[    5.774754]  <TASK>
[    5.775956]  vpanic+0x34f/0x360
[    5.778487]  panic+0x56/0x60
[    5.780096]  mount_root_generic+0x1ff/0x320
[    5.782654]  prepare_namespace+0x63/0x270
[    5.785315]  kernel_init_freeable+0x29f/0x2f0
[    5.788156]  ? __pfx_kernel_init+0x10/0x10
[    5.791103]  kernel_init+0x15/0x1c0
[    5.793736]  ret_from_fork+0x144/0x160
[    5.795672]  ? __pfx_kernel_init+0x10/0x10
[    5.797958]  ret_from_fork_asm+0x1a/0x30
[    5.799833]  </TASK>
[    5.805776] Kernel Offset: 0x38a00000 from 0xffffffff81000000 (relocation range: 0xffffffff80000000-0xffffffffbfffffff)
