qemu-system-x86_64: warning: host doesn't support requested feature: CPUID.80000001H:ECX.svm [bit 2]
qemu-system-x86_64: warning: host doesn't support requested feature: CPUID.80000001H:ECX.svm [bit 2]
qemu-system-x86_64: warning: host doesn't support requested feature: CPUID.80000001H:ECX.svm [bit 2]
qemu-system-x86_64: warning: host doesn't support requested feature: CPUID.80000001H:ECX.svm [bit 2]
c[?7l[2J[0mSeaBIOS (version 1.15.0-1)


iPXE (https://ipxe.org) 00:03.0 CA00 PCI2.10 PnP PMM+7FF8B310+7FECB310 CA00
Press Ctrl-B to configure iPXE (PCI 00:03.0)...                                                                               


Booting from ROM...
c[?7l[2J[    0.000000] Linux version 6.18.32-g5ef7d968cf47-dirty (ppw@vm) (gcc (Ubuntu 11.4.0-1ubuntu1~22.04.3) 11.4.0, GNU ld (GNU Binutils for Ubuntu) 2.38) #149 SMP PREEMPT_DYNAMIC Thu Sep 24 07:04:08 CST 2026
[    0.000000] Command line: console=ttyS0 panic=-1 corten=on kunit.filter_glob=corten*
[    0.000000] x86/CPU: Model not found in latest microcode list
[    0.000000] BIOS-provided physical RAM map:
[    0.000000] BIOS-e820: [mem 0x0000000000000000-0x000000000009fbff] usable
[    0.000000] BIOS-e820: [mem 0x000000000009fc00-0x000000000009ffff] reserved
[    0.000000] BIOS-e820: [mem 0x00000000000f0000-0x00000000000fffff] reserved
[    0.000000] BIOS-e820: [mem 0x0000000000100000-0x000000007ffdffff] usable
[    0.000000] BIOS-e820: [mem 0x000000007ffe0000-0x000000007fffffff] reserved
[    0.000000] BIOS-e820: [mem 0x00000000feffc000-0x00000000feffffff] reserved
[    0.000000] BIOS-e820: [mem 0x00000000fffc0000-0x00000000ffffffff] reserved
[    0.000000] NX (Execute Disable) protection: active
[    0.000000] APIC: Static calls initialized
[    0.000000] SMBIOS 2.8 present.
[    0.000000] DMI: QEMU Standard PC (i440FX + PIIX, 1996), BIOS 1.15.0-1 04/01/2014
[    0.000000] DMI: Memory slots populated: 1/1
[    0.000000] Hypervisor detected: KVM
[    0.000000] last_pfn = 0x7ffe0 max_arch_pfn = 0x400000000
[    0.000000] kvm-clock: Using msrs 4b564d01 and 4b564d00
[    0.000006] kvm-clock: using sched offset of 3116229564 cycles
[    0.000012] clocksource: kvm-clock: mask: 0xffffffffffffffff max_cycles: 0x1cd42e4dffb, max_idle_ns: 881590591483 ns
[    0.000088] tsc: Detected 2419.196 MHz processor
[    0.003056] last_pfn = 0x7ffe0 max_arch_pfn = 0x400000000
[    0.003310] MTRR map: 4 entries (3 fixed + 1 variable; max 19), built from 8 variable MTRRs
[    0.003319] x86/PAT: Configuration [0-7]: WB  WC  UC- UC  WB  WP  UC- WT  
[    0.016238] found SMP MP-table at [mem 0x000f5ba0-0x000f5baf]
[    0.016621] ACPI: Early table checksum verification disabled
[    0.017584] ACPI: RSDP 0x00000000000F59E0 000014 (v00 BOCHS )
[    0.017722] ACPI: RSDT 0x000000007FFE1A1C 000034 (v01 BOCHS  BXPC     00000001 BXPC 00000001)
[    0.017889] ACPI: FACP 0x000000007FFE18B8 000074 (v01 BOCHS  BXPC     00000001 BXPC 00000001)
[    0.018017] ACPI: DSDT 0x000000007FFE0040 001878 (v01 BOCHS  BXPC     00000001 BXPC 00000001)
[    0.018025] ACPI: FACS 0x000000007FFE0000 000040
[    0.018030] ACPI: APIC 0x000000007FFE192C 000090 (v01 BOCHS  BXPC     00000001 BXPC 00000001)
[    0.018037] ACPI: HPET 0x000000007FFE19BC 000038 (v01 BOCHS  BXPC     00000001 BXPC 00000001)
[    0.018042] ACPI: WAET 0x000000007FFE19F4 000028 (v01 BOCHS  BXPC     00000001 BXPC 00000001)
[    0.018047] ACPI: Reserving FACP table memory at [mem 0x7ffe18b8-0x7ffe192b]
[    0.018052] ACPI: Reserving DSDT table memory at [mem 0x7ffe0040-0x7ffe18b7]
[    0.018054] ACPI: Reserving FACS table memory at [mem 0x7ffe0000-0x7ffe003f]
[    0.018056] ACPI: Reserving APIC table memory at [mem 0x7ffe192c-0x7ffe19bb]
[    0.018057] ACPI: Reserving HPET table memory at [mem 0x7ffe19bc-0x7ffe19f3]
[    0.018059] ACPI: Reserving WAET table memory at [mem 0x7ffe19f4-0x7ffe1a1b]
[    0.020633] No NUMA configuration found
[    0.020637] Faking a node at [mem 0x0000000000000000-0x000000007ffdffff]
[    0.020646] NODE_DATA(0) allocated [mem 0x7ffdc140-0x7ffdffff]
[    0.022161] Zone ranges:
[    0.022166]   DMA      [mem 0x0000000000001000-0x0000000000ffffff]
[    0.022174]   DMA32    [mem 0x0000000001000000-0x000000007ffdffff]
[    0.022178]   Normal   empty
[    0.022180] Movable zone start for each node
[    0.022181] Early memory node ranges
[    0.022182]   node   0: [mem 0x0000000000001000-0x000000000009efff]
[    0.022212]   node   0: [mem 0x0000000000100000-0x000000007ffdffff]
[    0.022218] Initmem setup node 0 [mem 0x0000000000001000-0x000000007ffdffff]
[    0.028180] On node 0, zone DMA: 1 pages in unavailable ranges
[    0.036551] On node 0, zone DMA: 97 pages in unavailable ranges
[    1.573058] On node 0, zone DMA32: 32 pages in unavailable ranges
[    1.576414] ACPI: PM-Timer IO Port: 0x608
[    1.576518] ACPI: LAPIC_NMI (acpi_id[0xff] dfl dfl lint[0x1])
[    1.578079] IOAPIC[0]: apic_id 0, version 17, address 0xfec00000, GSI 0-23
[    1.578087] ACPI: INT_SRC_OVR (bus 0 bus_irq 0 global_irq 2 dfl dfl)
[    1.578089] ACPI: INT_SRC_OVR (bus 0 bus_irq 5 global_irq 5 high level)
[    1.578090] ACPI: INT_SRC_OVR (bus 0 bus_irq 9 global_irq 9 high level)
[    1.578103] ACPI: INT_SRC_OVR (bus 0 bus_irq 10 global_irq 10 high level)
[    1.578104] ACPI: INT_SRC_OVR (bus 0 bus_irq 11 global_irq 11 high level)
[    1.578107] ACPI: Using ACPI (MADT) for SMP configuration information
[    1.578108] ACPI: HPET id: 0x8086a201 base: 0xfed00000
[    1.578116] CPU topo: Max. logical packages:   1
[    1.578117] CPU topo: Max. logical dies:       1
[    1.578117] CPU topo: Max. dies per package:   1
[    1.578120] CPU topo: Max. threads per core:   1
[    1.578131] CPU topo: Num. cores per package:     4
[    1.578132] CPU topo: Num. threads per package:   4
[    1.578132] CPU topo: Allowing 4 present CPUs plus 0 hotplug CPUs
[    1.578171] kvm-guest: APIC: eoi() replaced with kvm_guest_apic_eoi_write()
[    1.578654] PM: hibernation: Registered nosave memory: [mem 0x00000000-0x00000fff]
[    1.578659] PM: hibernation: Registered nosave memory: [mem 0x0009f000-0x000fffff]
[    1.578663] [mem 0x80000000-0xfeffbfff] available for PCI devices
[    1.578666] Booting paravirtualized kernel on KVM
[    1.578698] clocksource: refined-jiffies: mask: 0xffffffff max_cycles: 0xffffffff, max_idle_ns: 1910969940391419 ns
[    1.596245] setup_percpu: NR_CPUS:64 nr_cpumask_bits:4 nr_cpu_ids:4 nr_node_ids:1
[    1.677656] percpu: Embedded 54 pages/cpu s182680 r8192 d30312 u524288
[    1.677768] Kernel command line: console=ttyS0 panic=-1 corten=on kunit.filter_glob=corten*
[    1.678477] corten: requested on, activating at initcall time
[    1.678493] printk: log buffer data + meta data: 262144 + 917504 = 1179648 bytes
[    1.762090] Dentry cache hash table entries: 262144 (order: 9, 2097152 bytes, linear)
[    1.782103] Inode-cache hash table entries: 131072 (order: 8, 1048576 bytes, linear)
[    1.782741] Fallback order for Node 0: 0 
[    1.782753] Built 1 zonelists, mobility grouping on.  Total pages: 524158
[    1.782757] Policy zone: DMA32
[    1.782763] mem auto-init: stack:off, heap alloc:off, heap free:off
[    1.793905] SLUB: HWalign=64, Order=0-3, MinObjects=0, CPUs=4, Nodes=1
[    1.794256] Kernel/User page tables isolation: enabled
[    1.811478] Dynamic Preempt: voluntary
[    1.820432] rcu: Preemptible hierarchical RCU implementation.
[    1.820434] rcu: 	RCU event tracing is enabled.
[    1.820434] rcu: 	RCU restricting CPUs from NR_CPUS=64 to nr_cpu_ids=4.
[    1.820436] 	Trampoline variant of Tasks RCU enabled.
[    1.820437] 	Tracing variant of Tasks RCU enabled.
[    1.820437] rcu: RCU calculated value of scheduler-enlistment delay is 100 jiffies.
[    1.820438] rcu: Adjusting geometry for rcu_fanout_leaf=16, nr_cpu_ids=4
[    1.820541] RCU Tasks: Setting shift to 2 and lim to 1 rcu_task_cb_adjust=1 rcu_task_cpu_ids=4.
[    1.820547] RCU Tasks Trace: Setting shift to 2 and lim to 1 rcu_task_cb_adjust=1 rcu_task_cpu_ids=4.
[    1.833764] NR_IRQS: 4352, nr_irqs: 456, preallocated irqs: 16
[    1.835608] rcu: srcu_init: Setting srcu_struct sizes based on contention.
[    1.897471] Console: colour VGA+ 80x25
[    1.897766] printk: legacy console [ttyS0] enabled
[    2.443833] ACPI: Core revision 20250807
[    2.448586] clocksource: hpet: mask: 0xffffffff max_cycles: 0xffffffff, max_idle_ns: 19112604467 ns
[    2.456506] APIC: Switch to symmetric I/O mode setup
[    2.466863] x2apic enabled
[    2.473062] APIC: Switched APIC routing to: physical x2apic
[    2.502016] ..TIMER: vector=0x30 apic1=0 pin1=2 apic2=-1 pin2=-1
[    2.505485] clocksource: tsc-early: mask: 0xffffffffffffffff max_cycles: 0x22df0d21928, max_idle_ns: 440795225288 ns
[    2.517111] Calibrating delay loop (skipped) preset value.. 4838.39 BogoMIPS (lpj=2419196)
[    2.522784] Last level iTLB entries: 4KB 0, 2MB 0, 4MB 0
[    2.523101] Last level dTLB entries: 4KB 0, 2MB 0, 4MB 0, 1GB 0
[    2.524125] mitigations: Enabled attack vectors: user_kernel, user_user, SMT mitigations: auto
[    2.525108] Speculative Store Bypass: Vulnerable
[    2.526111] Spectre V2 : Mitigation: Retpolines
[    2.528105] ITS: Mitigation: Aligned branch/return thunks
[    2.529109] MDS: Vulnerable: Clear CPU buffers attempted, no microcode
[    2.530111] Spectre V1 : Mitigation: usercopy/swapgs barriers and __user pointer sanitization
[    2.531107] Spectre V2 : Spectre v2 / SpectreRSB: Filling RSB on context switch and VMEXIT
[    2.532111] active return thunk: its_return_thunk
[    2.533312] x86/fpu: x87 FPU will use FXSAVE
[    2.575097] Freeing SMP alternatives memory: 64K
[    2.575097] pid_max: default: 32768 minimum: 301
[    2.575097] LSM: initializing lsm=capability,selinux
[    2.575097] SELinux:  Initializing.
[    2.575563] Mount-cache hash table entries: 4096 (order: 3, 32768 bytes, linear)
[    2.576097] Mountpoint-cache hash table entries: 4096 (order: 3, 32768 bytes, linear)
[    2.595097] smpboot: CPU0: Intel QEMU Virtual CPU version 2.5+ (family: 0xf, model: 0x6b, stepping: 0x1)
[    2.598285] Performance Events: unsupported Netburst CPU model 107 no PMU driver, software events only.
[    2.601657] signal: max sigframe size: 1440
[    2.602336] rcu: Hierarchical SRCU implementation.
[    2.603106] rcu: 	Max phase no-delay instances is 400.
[    2.609399] Timer migration: 1 hierarchy levels; 8 children per group; 1 crossnode level
[    2.621068] corten: page descriptors enabled
[    2.623701] smp: Bringing up secondary CPUs ...
[    2.630097] smpboot: x86: Booting SMP configuration:
[    2.630102] .... node  #0, CPUs:      #1 #2 #3
[    2.647419] smp: Brought up 1 node, 4 CPUs
[    2.649108] smpboot: Total of 4 processors activated (19353.56 BogoMIPS)
[    2.657535] Memory: 2006932K/2096632K available (21614K kernel code, 3202K rwdata, 9084K rodata, 3280K init, 1156K bss, 84536K reserved, 0K cma-reserved)
[    2.663118] devtmpfs: initialized
[    2.671249] clocksource: jiffies: mask: 0xffffffff max_cycles: 0xffffffff, max_idle_ns: 1911260446275000 ns
[    2.672107] posixtimers hash table entries: 2048 (order: 3, 32768 bytes, linear)
[    2.675583] futex hash table entries: 1024 (65536 bytes on 1 NUMA nodes, total 64 KiB, linear).
[    2.677869] PM: RTC time: 23:05:43, date: 2026-09-23
[    2.711547] NET: Registered PF_NETLINK/PF_ROUTE protocol family
[    2.713547] audit: initializing netlink subsys (disabled)
[    2.716114] audit: type=2000 audit(1790204742.768:1): state=initialized audit_enabled=0 res=1
[    2.717936] thermal_sys: Registered thermal governor 'step_wise'
[    2.719331] cpuidle: using governor menu
[    2.724529] PCI: Using configuration type 1 for base access
[    2.729292] kprobes: kprobe jump-optimization is enabled. All kprobes are optimized if possible.
[    2.741101] HugeTLB: registered 2.00 MiB page size, pre-allocated 0 pages
[    2.744100] HugeTLB: 28 KiB vmemmap can be freed for a 2.00 MiB page
[    2.750325] ACPI: Added _OSI(Module Device)
[    2.752100] ACPI: Added _OSI(Processor Device)
[    2.753110] ACPI: Added _OSI(Processor Aggregator Device)
[    2.758280] ACPI: 1 ACPI AML tables successfully acquired and loaded
[    2.771580] ACPI: Interpreter enabled
[    2.772145] ACPI: PM: (supports S0 S3 S4 S5)
[    2.774109] ACPI: Using IOAPIC for interrupt routing
[    2.778299] PCI: Using host bridge windows from ACPI; if necessary, use "pci=nocrs" and report a bug
[    2.784108] PCI: Using E820 reservations for host bridge windows
[    2.789439] ACPI: Enabled 2 GPEs in block 00 to 0F
[    2.804513] ACPI: PCI Root Bridge [PCI0] (domain 0000 [bus 00-ff])
[    2.808105] acpi PNP0A03:00: _OSC: OS supports [ASPM ClockPM Segments MSI HPX-Type3]
[    2.814112] acpi PNP0A03:00: _OSC: not requesting OS control; OS requires [ExtendedConfig ASPM ClockPM MSI]
[    2.818120] acpi PNP0A03:00: fail to add MMCONFIG information, can't access extended configuration space under this bridge
[    2.825276] PCI host bridge to bus 0000:00
[    2.826097] pci_bus 0000:00: root bus resource [io  0x0000-0x0cf7 window]
[    2.829115] pci_bus 0000:00: root bus resource [io  0x0d00-0xffff window]
[    2.834110] pci_bus 0000:00: root bus resource [mem 0x000a0000-0x000bffff window]
[    2.836101] pci_bus 0000:00: root bus resource [mem 0x80000000-0xfebfffff window]
[    2.840108] pci_bus 0000:00: root bus resource [mem 0x100000000-0x17fffffff window]
[    2.843110] pci_bus 0000:00: root bus resource [bus 00-ff]
[    2.846409] pci 0000:00:00.0: [8086:1237] type 00 class 0x060000 conventional PCI endpoint
[    2.851894] pci 0000:00:01.0: [8086:7000] type 00 class 0x060100 conventional PCI endpoint
[    2.856127] pci 0000:00:01.1: [8086:7010] type 00 class 0x010180 conventional PCI endpoint
[    2.865332] pci 0000:00:01.1: BAR 4 [io  0xc040-0xc04f]
[    2.868173] pci 0000:00:01.1: BAR 0 [io  0x01f0-0x01f7]: legacy IDE quirk
[    2.873110] pci 0000:00:01.1: BAR 1 [io  0x03f6]: legacy IDE quirk
[    2.877115] pci 0000:00:01.1: BAR 2 [io  0x0170-0x0177]: legacy IDE quirk
[    2.883107] pci 0000:00:01.1: BAR 3 [io  0x0376]: legacy IDE quirk
[    2.888727] pci 0000:00:01.3: [8086:7113] type 00 class 0x068000 conventional PCI endpoint
[    2.894206] pci 0000:00:01.3: quirk: [io  0x0600-0x063f] claimed by PIIX4 ACPI
[    2.898105] pci 0000:00:01.3: quirk: [io  0x0700-0x070f] claimed by PIIX4 SMB
[    2.904194] pci 0000:00:02.0: [1234:1111] type 00 class 0x030000 conventional PCI endpoint
[    2.920548] pci 0000:00:02.0: BAR 0 [mem 0xfd000000-0xfdffffff pref]
[    2.930253] pci 0000:00:02.0: BAR 2 [mem 0xfebb0000-0xfebb0fff]
[    2.933369] pci 0000:00:02.0: ROM [mem 0xfeba0000-0xfebaffff pref]
[    2.945340] pci 0000:00:02.0: Video device with shadowed ROM at [mem 0x000c0000-0x000dffff]
[    2.993236] pci 0000:00:03.0: [8086:100e] type 00 class 0x020000 conventional PCI endpoint
[    3.024135] pci 0000:00:03.0: BAR 0 [mem 0xfeb80000-0xfeb9ffff]
[    3.024957] pci 0000:00:03.0: BAR 1 [io  0xc000-0xc03f]
[    3.030111] pci 0000:00:03.0: ROM [mem 0xfeb00000-0xfeb7ffff pref]
[    3.062394] ACPI: PCI: Interrupt link LNKA configured for IRQ 10
[    3.068374] ACPI: PCI: Interrupt link LNKB configured for IRQ 10
[    3.074384] ACPI: PCI: Interrupt link LNKC configured for IRQ 11
[    3.080371] ACPI: PCI: Interrupt link LNKD configured for IRQ 11
[    3.084265] ACPI: PCI: Interrupt link LNKS configured for IRQ 9
[    3.096104] iommu: Default domain type: Translated
[    3.097101] iommu: DMA domain TLB invalidation policy: lazy mode
[    3.104145] SCSI subsystem initialized
[    3.108205] ACPI: bus type USB registered
[    3.110868] usbcore: registered new interface driver usbfs
[    3.112230] usbcore: registered new interface driver hub
[    3.113113] usbcore: registered new device driver usb
[    3.113753] pps_core: LinuxPPS API ver. 1 registered
[    3.114104] pps_core: Software ver. 5.3.6 - Copyright 2005-2007 Rodolfo Giometti <giometti@linux.it>
[    3.116111] PTP clock support registered
[    3.118520] Advanced Linux Sound Architecture Driver Initialized.
[    3.123271] NetLabel: Initializing
[    3.123271] NetLabel:  domain hash size = 128
[    3.125115] NetLabel:  protocols = UNLABELED CIPSOv4 CALIPSO
[    3.127288] NetLabel:  unlabeled traffic allowed by default
[    3.131100] PCI: Using ACPI for IRQ routing
[    3.133684] pci 0000:00:02.0: vgaarb: setting as boot VGA device
[    3.134097] pci 0000:00:02.0: vgaarb: bridge control possible
[    3.134097] pci 0000:00:02.0: vgaarb: VGA device added: decodes=io+mem,owns=io+mem,locks=none
[    3.135104] vgaarb: loaded
[    3.144254] hpet: 3 channels of 0 reserved for per-cpu timers
[    3.146183] hpet0: at MMIO 0xfed00000, IRQs 2, 8, 0
[    3.147097] hpet0: 3 comparators, 64-bit 100.000000 MHz counter
[    3.148910] clocksource: Switched to clocksource kvm-clock
[    3.188899] VFS: Disk quotas dquot_6.6.0
[    3.191564] VFS: Dquot-cache hash table entries: 512 (order 0, 4096 bytes)
[    3.202847] pnp: PnP ACPI init
[    3.210205] pnp: PnP ACPI: found 6 devices
[    3.280774] clocksource: acpi_pm: mask: 0xffffff max_cycles: 0xffffff, max_idle_ns: 2085701024 ns
[    3.291891] NET: Registered PF_INET protocol family
[    3.303300] IP idents hash table entries: 32768 (order: 6, 262144 bytes, linear)
[    3.327172] tcp_listen_portaddr_hash hash table entries: 1024 (order: 2, 16384 bytes, linear)
[    3.336661] Table-perturb hash table entries: 65536 (order: 6, 262144 bytes, linear)
[    3.345762] TCP established hash table entries: 16384 (order: 5, 131072 bytes, linear)
[    3.354602] TCP bind hash table entries: 16384 (order: 7, 524288 bytes, linear)
[    3.366007] TCP: Hash tables configured (established 16384 bind 16384)
[    3.371994] UDP hash table entries: 1024 (order: 4, 65536 bytes, linear)
[    3.378350] UDP-Lite hash table entries: 1024 (order: 4, 65536 bytes, linear)
[    3.389614] NET: Registered PF_UNIX/PF_LOCAL protocol family
[    3.398256] RPC: Registered named UNIX socket transport module.
[    3.404254] RPC: Registered udp transport module.
[    3.407286] RPC: Registered tcp transport module.
[    3.409136] RPC: Registered tcp-with-tls transport module.
[    3.412671] RPC: Registered tcp NFSv4.1 backchannel transport module.
[    3.423928] pci_bus 0000:00: resource 4 [io  0x0000-0x0cf7 window]
[    3.429048] pci_bus 0000:00: resource 5 [io  0x0d00-0xffff window]
[    3.433007] pci_bus 0000:00: resource 6 [mem 0x000a0000-0x000bffff window]
[    3.438385] pci_bus 0000:00: resource 7 [mem 0x80000000-0xfebfffff window]
[    3.443747] pci_bus 0000:00: resource 8 [mem 0x100000000-0x17fffffff window]
[    3.449858] pci 0000:00:01.0: PIIX3: Enabling Passive Release
[    3.455726] pci 0000:00:00.0: Limiting direct PCI/PCI transfers
[    3.459823] PCI: CLS 0 bytes, default 64
[    3.467559] clocksource: tsc: mask: 0xffffffffffffffff max_cycles: 0x22df0d21928, max_idle_ns: 440795225288 ns
[    3.510848] Initialise system trusted keyrings
[    3.515021] workingset: timestamp_bits=40 max_order=19 bucket_order=0
[    3.528741] NFS: Registering the id_resolver key type
[    3.533047] Key type id_resolver registered
[    3.534821] Key type id_legacy registered
[    3.536475] 9p: Installing v9fs 9p2000 file system support
[    3.604598] Key type asymmetric registered
[    3.611204] Asymmetric key parser 'x509' registered
[    3.615412] Block layer SCSI generic (bsg) driver version 0.4 loaded (major 251)
[    3.622362] io scheduler mq-deadline registered
[    3.627911] io scheduler kyber registered
[    3.634069] input: Power Button as /devices/LNXSYSTM:00/LNXPWRBN:00/input/input0
[    3.643586] ACPI: button: Power Button [PWRF]
[    3.657350] Serial: 8250/16550 driver, 4 ports, IRQ sharing enabled
[    3.667001] 00:04: ttyS0 at I/O 0x3f8 (irq = 4, base_baud = 115200) is a 16550A
[    3.683542] Non-volatile memory driver v1.3
[    3.686156] Linux agpgart interface v0.103
[    3.803086] ACPI: bus type drm_connector registered
[    3.881880] loop: module loaded
[    3.884475] zram: Added device: zram0
[    3.890168] scsi host0: ata_piix
[    3.893625] scsi host1: ata_piix
[    3.894134] ata1: PATA max MWDMA2 cmd 0x1f0 ctl 0x3f6 bmdma 0xc040 irq 14 lpm-pol 0
[    3.895093] ata2: PATA max MWDMA2 cmd 0x170 ctl 0x376 bmdma 0xc048 irq 15 lpm-pol 0
[    3.896959] tun: Universal TUN/TAP device driver, 1.6
[    3.899541] e100: Intel(R) PRO/100 Network Driver
[    3.902591] e100: Copyright(c) 1999-2006 Intel Corporation
[    3.903819] e1000: Intel(R) PRO/1000 Network Driver
[    3.904390] e1000: Copyright (c) 1999-2006 Intel Corporation.
[    3.927082] ACPI: \_SB_.LNKC: Enabled at IRQ 11
[    4.053689] ata2: found unknown device (class 0)
[    4.061722] ata2.00: ATAPI: QEMU DVD-ROM, 2.5+, max UDMA/100
[    4.075416] scsi 1:0:0:0: CD-ROM            QEMU     QEMU DVD-ROM     2.5+ PQ: 0 ANSI: 5
[    4.120110] sr 1:0:0:0: [sr0] scsi3-mmc drive: 4x/4x cd/rw xa/form2 tray
[    4.126923] cdrom: Uniform CD-ROM driver Revision: 3.20
[    4.168971] sr 1:0:0:0: Attached scsi generic sg0 type 5
[    4.956893] e1000 0000:00:03.0 eth0: (PCI:33MHz:32-bit) 52:54:00:12:34:56
[    4.963651] e1000 0000:00:03.0 eth0: Intel(R) PRO/1000 Network Connection
[    4.968110] e1000e: Intel(R) PRO/1000 Network Driver
[    4.971976] e1000e: Copyright(c) 1999 - 2015 Intel Corporation.
[    4.977062] sky2: driver version 1.30
[    4.983075] usbcore: registered new interface driver usblp
[    4.987693] usbcore: registered new interface driver usb-storage
[    4.994289] i8042: PNP: PS/2 Controller [PNP0303:KBD,PNP0f13:MOU] at 0x60,0x64 irq 1,12
[    5.017848] serio: i8042 KBD port at 0x60,0x64 irq 1
[    5.019930] serio: i8042 AUX port at 0x60,0x64 irq 12
[    5.028406] rtc_cmos 00:05: RTC can wake from S4
[    5.030188] input: AT Translated Set 2 keyboard as /devices/platform/i8042/serio0/input/input1
[    5.044836] rtc_cmos 00:05: registered as rtc0
[    5.054987] rtc_cmos 00:05: alarms up to one day, y3k, 242 bytes nvram, hpet irqs
[    5.070682] device-mapper: ioctl: 4.50.0-ioctl (2025-04-28) initialised: dm-devel@lists.linux.dev
[    5.080428] intel_pstate: CPU model not supported
[    5.087896] hid: raw HID events driver (C) Jiri Kosina
[    5.095430] usbcore: registered new interface driver usbhid
[    5.101334] usbhid: USB HID core driver
[    5.136836] xt_time: kernel timezone is -0000
[    5.144144] Initializing XFRM netlink socket
[    5.147676] NET: Registered PF_INET6 protocol family
[    5.161042] Segment Routing with IPv6
[    5.164129] In-situ OAM (IOAM) with IPv6
[    5.167324] sit: IPv6, IPv4 and MPLS over IPv4 tunneling driver
[    5.173314] NET: Registered PF_PACKET protocol family
[    5.175011] NET: Registered PF_KEY protocol family
[    5.179444] 9pnet: Installing 9P2000 support
[    5.181601] Key type dns_resolver registered
[    5.185039] NET: Registered PF_VSOCK protocol family
[    5.193948] IPI shorthand broadcast: enabled
[    5.215071] sched_clock: Marking stable (4542114985, 672444643)->(6033419091, -818859463)
[    5.238867] registered taskstats version 1
[    5.245234] Loading compiled-in X.509 certificates
[    5.258585] Demotion targets for Node 0: null
[    5.263372] Key type .fscrypt registered
[    5.266733] Key type fscrypt-provisioning registered
[    5.272105] PM:   Magic number: 10:701:100
[    5.274743] netconsole: network logging started
[    5.280055] cfg80211: Loading compiled-in X.509 certificates for regulatory database
[    5.292200] kworker/u16:1 (73) used greatest stack depth: 14272 bytes left
[    5.298482] Loaded X.509 cert 'sforshee: 00b28ddf47aef9cea7'
[    5.302102] Loaded X.509 cert 'wens: 61c038651aabdcf94bd0ac7ff06c7248db18c600'
[    5.308807] ALSA device list:
[    5.309781] faux_driver regulatory: Direct firmware load for regulatory.db failed with error -2
[    5.311863]   No soundcards found.
[    5.319510] cfg80211: failed to load regulatory.db
[    5.321641] KTAP version 1
[    5.326512] 1..3
[    5.331939]     KTAP version 1
[    5.336286]     # Subtest: corten
[    5.340236]     # module: corten_test
[    5.340244]     1..25
[    5.350097]     ok 1 corten_test_layout # SKIP corten=on boot
[    5.353920]     ok 2 corten_test_ptdesc_get_put
[    5.363457]     ok 3 corten_test_meta_roundtrip
[    5.369433]     ok 4 corten_test_meta_reinit_cleared
[    5.376643]     ok 5 corten_test_covering_level
[    5.386134]     ok 6 corten_test_covering_base_index
[    5.393916]     ok 7 corten_test_txn_covering
[    5.400634]     ok 8 corten_test_txn_hole
[    5.408017]     ok 9 corten_test_txn_stale_eagain
[    5.413635]     ok 10 corten_test_lock_range_args
[    5.423993]     ok 11 corten_test_txn_state_machine
[    5.428296]     ok 12 corten_test_txn_atomic_validate
[    5.437243]     ok 13 corten_test_txn_real_glue
[    5.497354]     ok 14 corten_test_txn_mutex_overlap
[    5.531341]     ok 15 corten_test_txn_mutex_disjoint
[    5.536603]     ok 16 corten_test_fail_alloc
[    5.543697]     ok 17 corten_test_txn_hole_fill
[    5.548094]     ok 18 corten_test_txn_hole_race
[    5.779553]     ok 19 corten_test_txn_uninstall_interlock
[    5.782499]     ok 20 corten_test_uninstall_bh_ctx
[    5.792999] input: ImExPS/2 Generic Explorer Mouse as /devices/platform/i8042/serio1/input/input3
[    5.797031] ------------[ cut here ]------------
[    5.809539] WARNING: CPU: 0 PID: 124 at mm/corten.c:865 corten_txn_begin+0x191/0x4b0
[    5.818848] Modules linked in:
[    5.824676] CPU: 0 UID: 0 PID: 124 Comm: kunit_try_catch Tainted: G                 N  6.18.32-g5ef7d968cf47-dirty #149 PREEMPT(voluntary) 
[    5.838642] Tainted: [N]=TEST
[    5.842464] Hardware name: QEMU Standard PC (i440FX + PIIX, 1996), BIOS 1.15.0-1 04/01/2014
[    5.854230] RIP: 0010:corten_txn_begin+0x191/0x4b0
[    5.874614] Code: 02 00 00 4c 89 ff 48 89 04 24 e8 9a 2b f8 00 4c 89 ff e8 a2 2d f8 00 48 8b 04 24 41 0f b6 4f 25 38 48 25 0f 87 65 ff ff ff 90 <0f> 0b 90 41 80 7e 48 04 0f 86 61 ff ff ff 90 0f 0b 90 48 89 c7 e8
[    5.886771] RSP: 0000:ffffa315c04afda0 EFLAGS: 00010246
[    5.892021] RAX: ffff8e5301fc4ae0 RBX: 0000000000000fff RCX: 0000000000000002
[    5.899748] RDX: 0000000000000003 RSI: 000000000000001e RDI: ffff8e5303379040
[    5.907195] RBP: 0000000000000000 R08: ffff8e53011eda00 R09: ffffa315c04afe00
[    5.913949] R10: ffffa315c04afd58 R11: 0000000000000000 R12: ffffffff9503e990
[    5.921521] R13: ffff8e53011eda00 R14: ffffa315c04afe00 R15: ffff8e5301fc45a0
[    5.929087] FS:  0000000000000000(0000) GS:ffff8e53e755f000(0000) knlGS:0000000000000000
[    5.936891] CS:  0010 DS: 0000 ES: 0000 CR0: 0000000080050033
[    5.942555] CR2: ffff8e5331a01000 CR3: 0000000030c30000 CR4: 00000000000006f0
[    5.948748] Call Trace:
[    5.952138]  <TASK>
[    5.954444]  ? __pfx_kunit_generic_run_threadfn_adapter+0x10/0x10
[    5.962974]  corten_test_txn_path_overflow+0xb5/0x2a0
[    5.970125]  ? psi_task_switch+0x107/0x290
[    5.974908]  kunit_try_run_case+0x6f/0x150
[    5.978942]  ? __pfx_kunit_generic_run_threadfn_adapter+0x10/0x10
[    5.983437]  kunit_generic_run_threadfn_adapter+0x1c/0x40
[    5.989611]  kthread+0xff/0x1f0
[    5.994585]  ? __pfx_kthread+0x10/0x10
[    5.997686]  ? __pfx_kthread+0x10/0x10
[    6.001230]  ret_from_fork+0x144/0x160
[    6.006798]  ? __pfx_kthread+0x10/0x10
[    6.010597]  ret_from_fork_asm+0x1a/0x30
[    6.015186]  </TASK>
[    6.017840] ---[ end trace 0000000000000000 ]---
[    6.023457] ------------[ cut here ]------------
[    6.028161] WARNING: CPU: 0 PID: 124 at mm/corten.c:812 corten_txn_begin+0x1a0/0x4b0
[    6.035670] Modules linked in:
[    6.039391] CPU: 0 UID: 0 PID: 124 Comm: kunit_try_catch Tainted: G        W        N  6.18.32-g5ef7d968cf47-dirty #149 PREEMPT(voluntary) 
[    6.052904] Tainted: [W]=WARN, [N]=TEST
[    6.056633] Hardware name: QEMU Standard PC (i440FX + PIIX, 1996), BIOS 1.15.0-1 04/01/2014
[    6.065347] RIP: 0010:corten_txn_begin+0x1a0/0x4b0
[    6.069869] Code: 4c 89 ff e8 a2 2d f8 00 48 8b 04 24 41 0f b6 4f 25 38 48 25 0f 87 65 ff ff ff 90 0f 0b 90 41 80 7e 48 04 0f 86 61 ff ff ff 90 <0f> 0b 90 48 89 c7 e8 c5 f5 ff ff 41 0f b6 46 48 84 c0 74 28 83 e8
[    6.086496] RSP: 0000:ffffa315c04afda0 EFLAGS: 00010202
[    6.091075] RAX: ffff8e5301fc4540 RBX: 0000000000000fff RCX: 0000000000000002
[    6.097190] RDX: 0000000000000003 RSI: 000000000000003f RDI: ffff8e5303379040
[    6.102991] RBP: 0000000000000000 R08: ffff8e53011eda00 R09: ffffa315c04afe00
[    6.109403] R10: ffffa315c04afd58 R11: 0000000000000000 R12: ffffffff9503e990
[    6.116229] R13: ffff8e53011eda00 R14: ffffa315c04afe00 R15: ffff8e5301fc4e40
[    6.123449] FS:  0000000000000000(0000) GS:ffff8e53e755f000(0000) knlGS:0000000000000000
[    6.131438] CS:  0010 DS: 0000 ES: 0000 CR0: 0000000080050033
[    6.135361] CR2: ffff8e5331a01000 CR3: 0000000030c30000 CR4: 00000000000006f0
[    6.137770] Call Trace:
[    6.138519]  <TASK>
[    6.139588]  ? __pfx_kunit_generic_run_threadfn_adapter+0x10/0x10
[    6.142544]  corten_test_txn_path_overflow+0xb5/0x2a0
[    6.144894]  ? psi_task_switch+0x107/0x290
[    6.148584]  kunit_try_run_case+0x6f/0x150
[    6.150914]  ? __pfx_kunit_generic_run_threadfn_adapter+0x10/0x10
[    6.153989]  kunit_generic_run_threadfn_adapter+0x1c/0x40
[    6.157464]  kthread+0xff/0x1f0
[    6.160388]  ? __pfx_kthread+0x10/0x10
[    6.163229]  ? __pfx_kthread+0x10/0x10
[    6.166702]  ret_from_fork+0x144/0x160
[    6.171650]  ? __pfx_kthread+0x10/0x10
[    6.175117]  ret_from_fork_asm+0x1a/0x30
[    6.178281]  </TASK>
[    6.180138] ---[ end trace 0000000000000000 ]---
[    6.183291] kunit_try_catch (124) used greatest stack depth: 13520 bytes left
[    6.183767]     ok 21 corten_test_txn_path_overflow
[    6.190677]     ok 22 corten_test_txn_child_err
[    6.196212]     ok 23 corten_test_real_huge_leaf
[    6.199861]     ok 24 corten_test_full_window_atomic
[    6.215162]     ok 25 corten_test_debugfs_content
[    6.220202] # corten: pass:24 fail:0 skip:1 total:25
[    6.223002] # Totals: pass:24 fail:0 skip:1 total:25
[    6.227591] ok 1 corten
[    6.229943]     KTAP version 1
[    6.233417]     # Subtest: corten_arena
[    6.236613]     # module: corten_arena_test
[    6.236621]     1..104
[    6.250567]     ok 1 corten_arena_test_declare_reject
[    6.257921]     ok 2 corten_arena_test_declare_reject_flags
[    6.264225]     ok 3 corten_arena_test_declare_query
[    6.280402]     ok 4 corten_arena_test_range_overlaps
[    6.297370]     ok 5 corten_arena_test_release
[    6.306376]     ok 6 corten_arena_test_ref_born_atomic
[    6.312392]     ok 7 corten_arena_test_release_classify
[    6.321197]     ok 8 corten_arena_test_shadow_vma
[    6.329455]     ok 9 corten_arena_test_exit
[    6.331244]     ok 10 corten_arena_test_prctl
[    6.341036]     ok 11 corten_arena_test_mode
[    6.351498]     ok 12 corten_arena_test_auto_classify
[    6.362167]     ok 13 corten_arena_test_auto_classify_file
[    6.370988]     ok 14 corten_arena_test_auto_place
[    6.383988]     ok 15 corten_arena_test_auto_route
[    6.409736]     ok 16 corten_arena_test_auto_attach_release
[    6.437934]     ok 17 corten_arena_test_file_lifecycle
[    6.449585] ------------[ cut here ]------------
[    6.458480] corten: VM_CORTEN vma reached zap_page_range_single()
[    6.464140] WARNING: CPU: 0 PID: 186 at mm/corten_arena.c:1629 corten_zap_single_guard+0x39/0x50
[    6.474041] Modules linked in:
[    6.476948] CPU: 0 UID: 0 PID: 186 Comm: kunit_try_catch Tainted: G        W        N  6.18.32-g5ef7d968cf47-dirty #149 PREEMPT(voluntary) 
[    6.488062] Tainted: [W]=WARN, [N]=TEST
[    6.492304] Hardware name: QEMU Standard PC (i440FX + PIIX, 1996), BIOS 1.15.0-1 04/01/2014
[    6.500577] RIP: 0010:corten_zap_single_guard+0x39/0x50
[    6.505784] Code: 05 2c 77 7a 02 0f b6 05 d5 0b d3 01 84 c0 74 05 c3 cc cc cc cc c6 05 c5 0b d3 01 01 90 48 c7 c7 50 2f 6a 95 e8 68 64 cf ff 90 <0f> 0b 90 90 b8 01 00 00 00 c3 cc cc cc cc 66 0f 1f 84 00 00 00 00
[    6.521719] RSP: 0000:ffffa315c064fd58 EFLAGS: 00010282
[    6.525195] RAX: 0000000000000000 RBX: 0000000000000003 RCX: 00000000ffffdfff
[    6.530607] RDX: 0000000000000000 RSI: 00000000ffffffea RDI: 0000000000000001
[    6.536891] RBP: ffff8e5301fc6f00 R08: ffffffff95b3e6c8 R09: 00000000ffffdfff
[    6.544015] R10: ffffffff95a5e6e0 R11: ffffffff95b0e6e0 R12: 0000000001801000
[    6.559654] R13: 0000000000001000 R14: 0000000000000000 R15: ffffa315c0013a88
[    6.578265] FS:  0000000000000000(0000) GS:ffff8e53e755f000(0000) knlGS:0000000000000000
[    6.595927] CS:  0010 DS: 0000 ES: 0000 CR0: 0000000080050033
[    6.605275] CR2: ffff8e5331a01000 CR3: 0000000030c30000 CR4: 00000000000006f0
[    6.618114] Call Trace:
[    6.634444]  <TASK>
[    6.637262]  zap_page_range_single+0x1c/0x50
[    6.642892]  corten_arena_test_truncate_route+0xdac/0x1d90
[    6.648942]  ? __pfx_kunit_generic_run_threadfn_adapter+0x10/0x10
[    6.654591]  ? __pfx_corten_arena_test_truncate_route+0x10/0x10
[    6.660619]  ? __pfx_kunit_generic_run_threadfn_adapter+0x10/0x10
[    6.666753]  kunit_try_run_case+0x6f/0x150
[    6.672852]  ? __pfx_kunit_generic_run_threadfn_adapter+0x10/0x10
[    6.681299]  kunit_generic_run_threadfn_adapter+0x1c/0x40
[    6.685563]  kthread+0xff/0x1f0
[    6.689069]  ? __pfx_kthread+0x10/0x10
[    6.693437]  ? __pfx_kthread+0x10/0x10
[    6.696310]  ret_from_fork+0x144/0x160
[    6.700016]  ? __pfx_kthread+0x10/0x10
[    6.705648]  ret_from_fork_asm+0x1a/0x30
[    6.710937]  </TASK>
[    6.713271] ---[ end trace 0000000000000000 ]---
[    6.719687] ------------[ cut here ]------------
[    6.727236] corten: VM_CORTEN vma in a mapping i_mmap walk (stale node)
[    6.734154] WARNING: CPU: 0 PID: 186 at mm/corten_arena.c:1600 corten_arena_imap_stale_guard+0x39/0x50
[    6.748805] Modules linked in:
[    6.752234] CPU: 0 UID: 0 PID: 186 Comm: kunit_try_catch Tainted: G        W        N  6.18.32-g5ef7d968cf47-dirty #149 PREEMPT(voluntary) 
[    6.762597] Tainted: [W]=WARN, [N]=TEST
[    6.766402] Hardware name: QEMU Standard PC (i440FX + PIIX, 1996), BIOS 1.15.0-1 04/01/2014
[    6.773719] RIP: 0010:corten_arena_imap_stale_guard+0x39/0x50
[    6.779045] Code: 05 84 77 7a 02 0f b6 05 36 0c d3 01 84 c0 74 05 e9 bc 29 f7 00 c6 05 26 0c d3 01 01 90 48 c7 c7 10 2f 6a 95 e8 c8 64 cf ff 90 <0f> 0b 90 90 b8 01 00 00 00 e9 99 29 f7 00 66 0f 1f 84 00 00 00 00
[    6.797057] RSP: 0000:ffffa315c064fd80 EFLAGS: 00010286
[    6.802117] RAX: 0000000000000000 RBX: 0000000000000003 RCX: 00000000ffffdfff
[    6.809034] RDX: 0000000000000000 RSI: 00000000ffffffea RDI: 0000000000000001
[    6.815844] RBP: ffff8e5301062700 R08: ffffffff95b3e6c8 R09: 00000000ffffdfff
[    6.822921] R10: ffffffff95a5e6e0 R11: ffffffff95b0e6e0 R12: ffff8e5301d51000
[    6.829734] R13: ffff8e5301254540 R14: 0000000000000000 R15: ffffa315c0013a88
[    6.836904] FS:  0000000000000000(0000) GS:ffff8e53e755f000(0000) knlGS:0000000000000000
[    6.845130] CS:  0010 DS: 0000 ES: 0000 CR0: 0000000080050033
[    6.850468] CR2: ffff8e5331a01000 CR3: 0000000030c30000 CR4: 00000000000006f0
[    6.854832] Call Trace:
[    6.857364]  <TASK>
[    6.860614]  corten_arena_test_truncate_route+0xeec/0x1d90
[    6.866648]  ? __pfx_kunit_generic_run_threadfn_adapter+0x10/0x10
[    6.873896]  ? __pfx_corten_arena_test_truncate_route+0x10/0x10
[    6.880175]  ? __pfx_kunit_generic_run_threadfn_adapter+0x10/0x10
[    6.885635]  kunit_try_run_case+0x6f/0x150
[    6.890238]  ? __pfx_kunit_generic_run_threadfn_adapter+0x10/0x10
[    6.895811]  kunit_generic_run_threadfn_adapter+0x1c/0x40
[    6.898813]  kthread+0xff/0x1f0
[    6.901847]  ? __pfx_kthread+0x10/0x10
[    6.905835]  ? __pfx_kthread+0x10/0x10
[    6.910062]  ret_from_fork+0x144/0x160
[    6.913556]  ? __pfx_kthread+0x10/0x10
[    6.916964]  ret_from_fork_asm+0x1a/0x30
[    6.919799]  </TASK>
[    6.922332] ---[ end trace 0000000000000000 ]---
[    6.926890] kunit_try_catch (186) used greatest stack depth: 13440 bytes left
[    6.928759]     ok 18 corten_arena_test_truncate_route
[    6.938389]     ok 19 corten_arena_test_registry_inval
[    6.947214]     ok 20 corten_arena_test_file_read
[    6.956091] BUG: non-zero pgtables_bytes on freeing mm: 8192
[    6.970099]     ok 21 corten_arena_test_file_cow
[    6.974744] BUG: non-zero pgtables_bytes on freeing mm: 8192
[    6.988219] BUG: non-zero pgtables_bytes on freeing mm: 8192
[    7.002021]     ok 22 corten_arena_test_file_rmap_shared
[    7.005619] BUG: non-zero pgtables_bytes on freeing mm: 8192
[    7.027251]     ok 23 corten_arena_test_ttu_file_route
[    7.030430] BUG: non-zero pgtables_bytes on freeing mm: 8192
[    7.047002]     ok 24 corten_arena_test_ttu_declines
[    7.055187]     ok 25 corten_arena_test_file_fork_mirror
[    7.064882] BUG: non-zero pgtables_bytes on freeing mm: 8192
[    7.080669]     ok 26 corten_arena_test_file_fork_cow
[    7.083874] BUG: non-zero pgtables_bytes on freeing mm: 8192
[    7.092611]     ok 27 corten_arena_test_file_fork_pinned
[    7.096074] BUG: non-zero pgtables_bytes on freeing mm: 8192
[    7.109518]     ok 28 corten_arena_test_file_hugetlb_route
[    7.112336] BUG: non-zero pgtables_bytes on freeing mm: 8192
[    7.122215] BUG: non-zero pgtables_bytes on freeing mm: 8192
[    7.128129]     ok 29 corten_arena_test_mag_recycle
[    7.132723]     ok 30 corten_arena_test_mag_marker
[    7.157032]     ok 31 corten_arena_test_pool_reuse
[    7.162947] BUG: non-zero pgtables_bytes on freeing mm: 8192
[    7.178319] BUG: non-zero pgtables_bytes on freeing mm: 8192
[    7.192529]     ok 32 corten_arena_test_pool_limit
[    7.193909] BUG: non-zero pgtables_bytes on freeing mm: 8192
[    7.200458]     ok 33 corten_arena_test_pool_mode_exit
[    7.205272]     ok 34 corten_arena_test_pool_fork
[    7.212420]     ok 35 corten_arena_test_noreplace_parked
[    7.216153]     ok 36 corten_arena_test_noreplace_active
[    7.223580]     ok 37 corten_arena_test_mapfixed_over_parked
[    7.231380]     ok 38 corten_arena_test_occupied_incl_idle
[    7.240305] ------------[ cut here ]------------
[    7.247974] corten: foreign vma in parked window 800000-1000000
[    7.251188] WARNING: CPU: 0 PID: 286 at mm/corten_arena.c:10004 corten_arena_pool_reactivate+0x1b5/0x1c0
[    7.258438] Modules linked in:
[    7.260876] CPU: 0 UID: 0 PID: 286 Comm: kunit_try_catch Tainted: G        W        N  6.18.32-g5ef7d968cf47-dirty #149 PREEMPT(voluntary) 
[    7.272228] Tainted: [W]=WARN, [N]=TEST
[    7.276063] Hardware name: QEMU Standard PC (i440FX + PIIX, 1996), BIOS 1.15.0-1 04/01/2014
[    7.283641] RIP: 0010:corten_arena_pool_reactivate+0x1b5/0x1c0
[    7.288992] Code: 51 01 41 bc f4 ff ff ff e9 68 ff ff ff c6 05 5e a0 d2 01 01 90 48 8b 55 08 48 8b 75 00 48 c7 c7 78 30 6a 95 e8 fc f8 ce ff 90 <0f> 0b 90 90 eb a3 0f 1f 44 00 00 90 90 90 90 90 90 90 90 90 90 90
[    7.303366] RSP: 0000:ffffa315c08b7d50 EFLAGS: 00010286
[    7.307449] RAX: 0000000000000000 RBX: 000000000000000b RCX: 00000000ffffdfff
[    7.314051] RDX: 0000000000000000 RSI: 00000000ffffffea RDI: 0000000000000001
[    7.319669] RBP: ffff8e5301cb8e00 R08: ffffffff95b3e6c8 R09: 00000000ffffdfff
[    7.326582] R10: ffffffff95a5e6e0 R11: ffffffff95b0e6e0 R12: 0000000000200073
[    7.333191] R13: ffff8e5301afee00 R14: ffff8e5301064e00 R15: 0000000000000800
[    7.340159] FS:  0000000000000000(0000) GS:ffff8e53e755f000(0000) knlGS:0000000000000000
[    7.348015] CS:  0010 DS: 0000 ES: 0000 CR0: 0000000080050033
[    7.353811] CR2: ffff8e5331a01000 CR3: 0000000030c30000 CR4: 00000000000006f0
[    7.361082] Call Trace:
[    7.365221]  <TASK>
[    7.367436]  corten_arena_auto_mmap_route+0x3db/0x460
[    7.373602]  ? __pfx_kunit_generic_run_threadfn_adapter+0x10/0x10
[    7.379156]  corten_arena_test_p4_eject+0x1f6/0x6d0
[    7.384094]  ? __pfx_kunit_generic_run_threadfn_adapter+0x10/0x10
[    7.389405]  kunit_try_run_case+0x6f/0x150
[    7.394062]  ? __pfx_kunit_generic_run_threadfn_adapter+0x10/0x10
[    7.397874]  kunit_generic_run_threadfn_adapter+0x1c/0x40
[    7.403157]  kthread+0xff/0x1f0
[    7.406700]  ? __pfx_kthread+0x10/0x10
[    7.410650]  ? __pfx_kthread+0x10/0x10
[    7.414905]  ret_from_fork+0x144/0x160
[    7.418880]  ? __pfx_kthread+0x10/0x10
[    7.422470]  ret_from_fork_asm+0x1a/0x30
[    7.426111]  </TASK>
[    7.427359] ---[ end trace 0000000000000000 ]---
[    7.435346]     ok 39 corten_arena_test_p4_eject
[    7.442003]     ok 40 corten_arena_test_hint_fence
[    7.448974]     ok 41 corten_arena_test_j1_hooks
[    7.462188]     ok 42 corten_arena_test_j1_self_exempt
[    7.470720]     ok 43 corten_arena_test_uffd_window_reject
[    7.482165]     ok 44 corten_arena_test_j1_implant_exempt
[    7.503518]     ok 45 corten_arena_test_fault_window_shorts
[    7.516750]     ok 46 corten_arena_test_inv_mv2_clean
[    7.523997] ------------[ cut here ]------------
[    7.525361] corten: INV-MV2 violated: 1 window vma(s) outside the implant registry (first at 100000200000)
[    7.539272] WARNING: CPU: 2 PID: 317 at mm/corten_arena.c:11270 corten_audit_j2_scan+0x1e9/0x200
[    7.548844] Modules linked in:
[    7.552177] CPU: 2 UID: 0 PID: 317 Comm: kunit_try_catch Tainted: G        W        N  6.18.32-g5ef7d968cf47-dirty #149 PREEMPT(voluntary) 
[    7.562698] Tainted: [W]=WARN, [N]=TEST
[    7.565273] Hardware name: QEMU Standard PC (i440FX + PIIX, 1996), BIOS 1.15.0-1 04/01/2014
[    7.572114] RIP: 0010:corten_audit_j2_scan+0x1e9/0x200
[    7.576882] Code: 5b 5d 41 5c 41 5d 41 5e 41 5f c3 cc cc cc cc c6 05 c7 6e d3 01 01 90 48 c7 c7 38 2e 6a 95 4c 89 e2 44 89 ee e8 68 c7 cf ff 90 <0f> 0b 90 90 eb ad e8 bc a7 f6 00 66 66 2e 0f 1f 84 00 00 00 00 00
[    7.594001] RSP: 0000:ffffa315c098fd58 EFLAGS: 00010282
[    7.599678] RAX: 0000000000000000 RBX: ffff8e53033954c0 RCX: 00000000ffffdfff
[    7.606231] RDX: 0000000000000000 RSI: 00000000ffffffea RDI: 0000000000000001
[    7.612683] RBP: 00003fffffffffff R08: ffffffff95b3e6c8 R09: 00000000ffffdfff
[    7.617429] R10: ffffffff95a5e6e0 R11: ffffffff95b0e6e0 R12: 0000100000200000
[    7.623053] R13: 0000000000000001 R14: 0000000000000000 R15: 0000000000000000
[    7.629689] FS:  0000000000000000(0000) GS:ffff8e53e765f000(0000) knlGS:0000000000000000
[    7.635642] CS:  0010 DS: 0000 ES: 0000 CR0: 0000000080050033
[    7.639237] CR2: 0000000000000000 CR3: 0000000030c30000 CR4: 00000000000006f0
[    7.645172] Call Trace:
[    7.647741]  <TASK>
[    7.649642]  ? vma_link+0x11f/0x1d0
[    7.653183]  corten_audit_j2_walk+0x55/0x70
[    7.654614]  corten_arena_test_inv_mv2_inject+0x121/0x740
[    7.659371]  ? finish_task_switch.isra.0+0x76/0x250
[    7.661784]  ? __pfx_kunit_generic_run_threadfn_adapter+0x10/0x10
[    7.666184]  kunit_try_run_case+0x6f/0x150
[    7.668833]  ? __pfx_kunit_generic_run_threadfn_adapter+0x10/0x10
[    7.673347]  kunit_generic_run_threadfn_adapter+0x1c/0x40
[    7.678348]  kthread+0xff/0x1f0
[    7.681355]  ? __pfx_kthread+0x10/0x10
[    7.684687]  ? __pfx_kthread+0x10/0x10
[    7.688218]  ret_from_fork+0x144/0x160
[    7.690905]  ? __pfx_kthread+0x10/0x10
[    7.692450]  ret_from_fork_asm+0x1a/0x30
[    7.694952]  </TASK>
[    7.696034] ---[ end trace 0000000000000000 ]---
[    7.704196]     ok 47 corten_arena_test_inv_mv2_inject
[    7.709770]     ok 48 corten_arena_test_inv_mv2_stale
[    7.724657]     ok 49 corten_arena_test_inv_mv2_implant_fork
[    7.740053]     ok 50 corten_arena_test_j2_triggers
[    7.761768]     ok 51 corten_arena_test_msync_window_segments
[    7.767404] get_swap_device: Bad swap file entry 400000000000077
[    7.783442] get_swap_device: Bad swap file entry 400000000000077
[    7.790389]     ok 52 corten_arena_test_mincore_route
[    7.795742]     ok 53 corten_arena_test_madvise_parked_terminal
[    7.802165]     ok 54 corten_arena_test_move_pages_window
[    7.812792]     ok 55 corten_arena_test_mvc_row_stream
[    7.824055]     ok 56 corten_arena_test_mvc_merge_first_row
[    7.834850]     ok 57 corten_arena_test_mvc_gup_probe
[    7.846447]     ok 58 corten_arena_test_mvc_smaps_pagemap
[    7.854509] BUG: non-zero pgtables_bytes on freeing mm: 8192
[    7.865054] get_swap_device: Bad swap file entry 40000000000005d
[    7.872135]     ok 59 corten_arena_test_exit_lifecycle
[    7.879623] BUG: non-zero pgtables_bytes on freeing mm: 8192
[    7.918782] corten_arena_op (392) used greatest stack depth: 13360 bytes left
[    7.946142] corten_arena_op (405) used greatest stack depth: 13216 bytes left
[    7.956451]     ok 60 corten_arena_test_exit_punchfork
[    7.957999]     ok 61 corten_arena_test_exit_multi_segment
[    7.970124]     ok 62 corten_arena_test_vma_free_reuse
[    7.980117]     ok 63 corten_arena_test_inv_mv3
[    7.987128] BUG: non-zero pgtables_bytes on freeing mm: 8192
[    8.001053]     ok 64 corten_arena_test_fork_vma_free
[    8.007607]     ok 65 corten_arena_test_vma_free_shrink_pick
[    8.012986]     ok 66 corten_arena_test_carrier_shrink_pick
[    8.021451]     ok 67 corten_arena_test_auto_validate
[    8.025059] BUG: non-zero pgtables_bytes on freeing mm: 8192
[    8.033908]     ok 68 corten_arena_test_carrier_vma
[    8.036255] BUG: non-zero pgtables_bytes on freeing mm: 8192
[    8.043189]     ok 69 corten_arena_test_fork_punch_novma
[    8.047748] BUG: non-zero pgtables_bytes on freeing mm: 8192
[    8.058457]     ok 70 corten_arena_test_fork_redeclare_content
[    8.061535]     ok 71 corten_arena_test_region_record
[    8.074581]     ok 72 corten_arena_test_region_iter
[    8.086021]     ok 73 corten_arena_test_region_park
[    8.094008]     ok 74 corten_arena_test_region_fork
[    8.104328]     ok 75 corten_arena_test_mprotect_route
[    8.115220]     ok 76 corten_arena_test_protect_flags_kernel_gate
[    8.124349]     ok 77 corten_arena_test_madvise_route
[    8.233733]     ok 78 corten_arena_test_mremap_route
[    8.237116] BUG: non-zero pgtables_bytes on freeing mm: 8192
[    8.239941]     ok 79 corten_arena_test_fork_faithful
[    8.243238]     ok 80 corten_arena_test_fork_unwind
[    8.253790]     ok 81 corten_arena_test_fork_multipiece
[    8.263185]     ok 82 corten_arena_test_fork_perm
[    8.271884]     ok 83 corten_arena_test_inv7_shared_ro
[    8.281282]     ok 84 corten_arena_test_inv7_swapped
[    8.287442] get_swap_device: Bad swap file entry 400000000000077
[    8.298167] BUG: Bad rss-counter state mm:(____ptrval____) type:MM_SWAPENTS val:-1 Comm:kunit_try_catch Pid:480
[    8.305682]     ok 85 corten_arena_test_shrink_registry_count
[    8.308393]     ok 86 corten_arena_test_shrink_aging_two_pass
[    8.316152]     ok 87 corten_arena_test_shrink_rotation
[    8.322240] get_swap_device: Bad swap file entry 400000000000077
[    8.334239] get_swap_device: Bad swap file entry 400000000000077
[    8.341790]     ok 88 corten_arena_test_fork_swapped
[    8.347206]     ok 89 corten_arena_test_fork_f2_gate
[   18.860910] ------------[ cut here ]------------
[   18.869929] corten: arena [800000,1000000) drain timed out: leaked transaction reference, leaking the descriptor
[   18.879422] WARNING: CPU: 1 PID: 491 at mm/corten_arena.c:741 corten_arena_drain+0x6f/0x80
[   18.887893] Modules linked in:
[   18.890207] CPU: 1 UID: 0 PID: 491 Comm: kunit_try_catch Tainted: G        W        N  6.18.32-g5ef7d968cf47-dirty #149 PREEMPT(voluntary) 
[   18.899110] Tainted: [W]=WARN, [N]=TEST
[   18.900603] Hardware name: QEMU Standard PC (i440FX + PIIX, 1996), BIOS 1.15.0-1 04/01/2014
[   18.906088] RIP: 0010:corten_arena_drain+0x6f/0x80
[   18.912052] Code: c4 08 31 c0 5b e9 81 92 f7 00 88 44 24 07 c6 05 e9 74 d3 01 01 90 48 8b 53 08 48 8b 33 48 c7 c7 b0 2d 6a 95 e8 82 cd cf ff 90 <0f> 0b 90 90 0f b6 44 24 07 eb b4 66 0f 1f 44 00 00 90 90 90 90 90
[   18.931086] RSP: 0000:ffffa315c059fd40 EFLAGS: 00010282
[   18.936282] RAX: 0000000000000000 RBX: ffff8e530189b200 RCX: 00000000ffffdfff
[   18.943026] RDX: 0000000000000000 RSI: 00000000ffffffea RDI: 0000000000000001
[   18.952537] RBP: ffff8e5303865300 R08: ffffffff95b3e6c8 R09: 00000000ffffdfff
[   18.970367] R10: ffffffff95a5e6e0 R11: ffffffff95b0e6e0 R12: ffff8e5303865318
[   18.982954] R13: ffff8e53030fe180 R14: ffff8e5303865378 R15: ffff8e530189b200
[   19.000542] FS:  0000000000000000(0000) GS:ffff8e53e75df000(0000) knlGS:0000000000000000
[   19.019092] CS:  0010 DS: 0000 ES: 0000 CR0: 0000000080050033
[   19.029272] CR2: 0000000000000000 CR3: 0000000030c30000 CR4: 00000000000006f0
[   19.047873] Call Trace:
[   19.050342]  <TASK>
[   19.053354]  corten_arena_fork_begin+0x131/0x220
[   19.057794]  corten_arena_test_fork_begin+0x59/0x140
[   19.063068]  corten_arena_test_fork_drain_leak+0x18a/0x800
[   19.068466]  ? psi_task_switch+0x107/0x290
[   19.072611]  ? __switch_to_asm+0x39/0x70
[   19.076477]  ? finish_task_switch.isra.0+0x76/0x250
[   19.081075]  ? __pfx_kunit_generic_run_threadfn_adapter+0x10/0x10
[   19.088576]  kunit_try_run_case+0x6f/0x150
[   19.093212]  ? __pfx_kunit_generic_run_threadfn_adapter+0x10/0x10
[   19.099704]  kunit_generic_run_threadfn_adapter+0x1c/0x40
[   19.107101]  kthread+0xff/0x1f0
[   19.110143]  ? __pfx_kthread+0x10/0x10
[   19.113689]  ? __pfx_kthread+0x10/0x10
[   19.117769]  ret_from_fork+0x144/0x160
[   19.120523]  ? __pfx_kthread+0x10/0x10
[   19.125606]  ret_from_fork_asm+0x1a/0x30
[   19.129804]  </TASK>
[   19.132108] ---[ end trace 0000000000000000 ]---
[   19.141586]     # corten_arena_test_fork_drain_leak: Test should be marked slow (runtime: 10.790086428s)
[   19.146823]     ok 90 corten_arena_test_fork_drain_leak
[   19.161341] BUG: Bad rss-counter state mm:(____ptrval____) type:MM_SWAPENTS val:-1 Comm:corten_arena_op Pid:495
[   19.174719]     ok 91 corten_arena_test_unshare_pin
[   19.182540]     ok 92 corten_arena_test_fork_reuse_exclusive
[   19.188178]     ok 93 corten_arena_test_gup_state1_uncommitted
[   19.194385]     ok 94 corten_arena_test_gup_state2_committed_rw
[   19.202104]     ok 95 corten_arena_test_gup_state3_fork_cow
[   19.212511]     ok 96 corten_arena_test_gup_state3b_downgrade_restore
[   19.221802]     ok 97 corten_arena_test_gup_state4_pin_zap
[   19.228537]     ok 98 corten_arena_test_concurrent
[   19.241316]     ok 99 corten_arena_test_concurrent_window
[   19.244986]     ok 100 corten_arena_test_obs_ledger
[   19.254060]     ok 101 corten_arena_test_drain_timeout_stat
[   19.260371]     ok 102 corten_arena_test_novma_rmap
[   19.267814]     ok 103 corten_arena_test_brk_delegation
[   19.274148] ------------[ cut here ]------------
[   19.284887] corten: whitelist violated: 1 window vma(s) unclassified as shadow/implant
[   19.297432] WARNING: CPU: 3 PID: 530 at mm/corten_arena.c:11492 corten_whitelist_scan+0x2b0/0x2c0
[   19.306167] Modules linked in:
[   19.309615] CPU: 3 UID: 0 PID: 530 Comm: kunit_try_catch Tainted: G        W        N  6.18.32-g5ef7d968cf47-dirty #149 PREEMPT(voluntary) 
[   19.323291] Tainted: [W]=WARN, [N]=TEST
[   19.329574] Hardware name: QEMU Standard PC (i440FX + PIIX, 1996), BIOS 1.15.0-1 04/01/2014
[   19.340865] RIP: 0010:corten_whitelist_scan+0x2b0/0x2c0
[   19.345543] Code: 83 44 24 0c 01 f0 48 ff 05 a5 e1 7a 02 e9 06 fe ff ff c6 05 1c 78 d3 01 01 90 48 c7 c7 60 2d 6a 95 44 89 fe e8 c1 d0 cf ff 90 <0f> 0b 90 90 eb 87 e8 15 b1 f6 00 0f 1f 44 00 00 90 90 90 90 90 90
[   19.362901] RSP: 0000:ffffa315c0eb7cd8 EFLAGS: 00010286
[   19.367228] RAX: 0000000000000000 RBX: 0000000000000000 RCX: 00000000ffffdfff
[   19.373987] RDX: 0000000000000000 RSI: 00000000ffffffea RDI: 0000000000000001
[   19.379266] RBP: ffff8e5303095480 R08: ffffffff95b3e6c8 R09: 00000000ffffdfff
[   19.386381] R10: ffffffff95a5e6e0 R11: ffffffff95b0e6e0 R12: 0000000000000001
[   19.391257] R13: ffff8e5301cfea00 R14: 0000100000000000 R15: 0000000000000001
[   19.397658] FS:  0000000000000000(0000) GS:ffff8e53e76df000(0000) knlGS:0000000000000000
[   19.404648] CS:  0010 DS: 0000 ES: 0000 CR0: 0000000080050033
[   19.408519] CR2: 0000000000000000 CR3: 0000000030c30000 CR4: 00000000000006f0
[   19.413802] Call Trace:
[   19.414631]  <TASK>
[   19.415369]  corten_audit_whitelist_walk+0x57/0x70
[   19.419372]  corten_arena_test_whitelist_audit+0x523/0xf10
[   19.425642]  ? __pfx_kunit_generic_run_threadfn_adapter+0x10/0x10
[   19.430741]  kunit_try_run_case+0x6f/0x150
[   19.433328]  ? __pfx_kunit_generic_run_threadfn_adapter+0x10/0x10
[   19.438623]  kunit_generic_run_threadfn_adapter+0x1c/0x40
[   19.443639]  kthread+0xff/0x1f0
[   19.446936]  ? __pfx_kthread+0x10/0x10
[   19.450049]  ? __pfx_kthread+0x10/0x10
[   19.452503]  ret_from_fork+0x144/0x160
[   19.453772]  ? __pfx_kthread+0x10/0x10
[   19.454961]  ret_from_fork_asm+0x1a/0x30
[   19.456681]  </TASK>
[   19.457745] ---[ end trace 0000000000000000 ]---
[   19.462340]     ok 104 corten_arena_test_whitelist_audit
[   19.462344] # corten_arena: pass:104 fail:0 skip:0 total:104
[   19.464663] # Totals: pass:104 fail:0 skip:0 total:104
[   19.466237] ok 2 corten_arena
[   19.470836]     KTAP version 1
[   19.472403]     # Subtest: corten_fault
[   19.474715]     # module: corten_fault_test
[   19.474718]     1..35
[   19.478465]     ok 1 corten_fault_test_dispatch
[   19.480032]     ok 2 corten_fault_test_fig8_cow
[   19.484938]     ok 3 corten_fault_test_unmap_classify
[   19.488928]     ok 4 corten_fault_test_mmap_classify
[   19.492246]     ok 5 corten_fault_test_file_may_matrix
[   19.496649]     ok 6 corten_fault_test_punch_classify
[   19.507405]     ok 7 corten_fault_test_map_anon
[   19.517088]     ok 8 corten_fault_test_zero_page
[   19.522005]     ok 9 corten_fault_test_sigsegv
[   19.528637]     ok 10 corten_fault_test_fresh_fault
[   19.585311]     ok 11 corten_fault_test_churn_repro
[   19.595128]     ok 12 corten_fault_test_untracked_drift
[   19.612053]     ok 13 corten_fault_test_restore
[   19.619512]     ok 14 corten_fault_test_cow_reuse
[   19.628395]     ok 15 corten_fault_test_cow_copy
[   19.634506] ------------[ cut here ]------------
[   19.642993] WARNING: CPU: 1 PID: 563 at ./include/linux/rwsem.h:88 corten_fault_test_foll_force+0x808/0xc50
[   19.650012] Modules linked in:
[   19.654520] CPU: 1 UID: 0 PID: 563 Comm: kunit_try_catch Tainted: G        W        N  6.18.32-g5ef7d968cf47-dirty #149 PREEMPT(voluntary) 
[   19.666592] Tainted: [W]=WARN, [N]=TEST
[   19.668363] Hardware name: QEMU Standard PC (i440FX + PIIX, 1996), BIOS 1.15.0-1 04/01/2014
[   19.671535] RIP: 0010:corten_fault_test_foll_force+0x808/0xc50
[   19.677202] Code: 0f 00 00 0f 85 18 fe ff ff 49 8b 04 24 a8 40 0f 84 0c fe ff ff 49 8b 44 24 48 48 8d 50 ff a8 01 49 0f 44 d4 e9 f8 fd ff ff 90 <0f> 0b 90 e9 64 f8 ff ff 48 98 45 31 c9 49 c7 c0 50 a9 37 94 48 89
[   19.692185] RSP: 0000:ffffa315c0f7fd80 EFLAGS: 00010246
[   19.698318] RAX: ffff8e53030ff500 RBX: ffff8e5302a117a0 RCX: 0000000000000000
[   19.703430] RDX: 0000000000000000 RSI: 0000000000000018 RDI: ffff8e53030ee180
[   19.708223] RBP: ffffa315c0013a88 R08: 0000000000001000 R09: 0000000000000000
[   19.716979] R10: ffffa315c0f7fc98 R11: 0000000000000000 R12: ffff8e5302b6b200
[   19.724277] R13: ffff8e5302191438 R14: ffffffff9437ad30 R15: ffffa315c0013ac8
[   19.733856] FS:  0000000000000000(0000) GS:ffff8e53e75df000(0000) knlGS:0000000000000000
[   19.742264] CS:  0010 DS: 0000 ES: 0000 CR0: 0000000080050033
[   19.748687] CR2: 0000000000000000 CR3: 0000000030c30000 CR4: 00000000000006f0
[   19.755919] Call Trace:
[   19.762676]  <TASK>
[   19.765307]  ? psi_group_change+0x116/0x300
[   19.768591]  ? psi_task_switch+0x107/0x290
[   19.772709]  ? __switch_to_asm+0x39/0x70
[   19.776548]  ? finish_task_switch.isra.0+0x76/0x250
[   19.782749]  kunit_try_run_case+0x6f/0x150
[   19.787027]  ? __pfx_kunit_generic_run_threadfn_adapter+0x10/0x10
[   19.793058]  kunit_generic_run_threadfn_adapter+0x1c/0x40
[   19.797794]  kthread+0xff/0x1f0
[   19.801047]  ? __pfx_kthread+0x10/0x10
[   19.804948]  ? __pfx_kthread+0x10/0x10
[   19.808472]  ret_from_fork+0x144/0x160
[   19.812174]  ? __pfx_kthread+0x10/0x10
[   19.816122]  ret_from_fork_asm+0x1a/0x30
[   19.820211]  </TASK>
[   19.822438] ---[ end trace 0000000000000000 ]---
[   19.827495] ------------[ cut here ]------------
[   19.831871] WARNING: CPU: 3 PID: 563 at ./include/linux/rwsem.h:88 corten_fault_test_foll_force+0xb62/0xc50
[   19.839777] Modules linked in:
[   19.842127] CPU: 3 UID: 0 PID: 563 Comm: kunit_try_catch Tainted: G        W        N  6.18.32-g5ef7d968cf47-dirty #149 PREEMPT(voluntary) 
[   19.849921] Tainted: [W]=WARN, [N]=TEST
[   19.851799] Hardware name: QEMU Standard PC (i440FX + PIIX, 1996), BIOS 1.15.0-1 04/01/2014
[   19.859031] RIP: 0010:corten_fault_test_foll_force+0xb62/0xc50
[   19.864597] Code: c7 c6 50 6c 05 95 48 89 ef 48 89 44 24 08 48 c7 04 24 60 6c 05 95 48 c7 44 24 10 40 00 00 00 e8 f4 d1 36 00 e9 44 fb ff ff 90 <0f> 0b 90 e9 ed fa ff ff 48 98 45 31 c9 49 c7 c0 50 a9 37 94 48 89
[   19.880544] RSP: 0000:ffffa315c0f7fd80 EFLAGS: 00010246
[   19.885287] RAX: ffff8e53030ff500 RBX: ffff8e5302a117a0 RCX: ffff8e537ddb0340
[   19.891534] RDX: 0000000000000000 RSI: 0000000000000001 RDI: ffff8e53030ee180
[   19.897110] RBP: ffffa315c0013a88 R08: 0000000000000000 R09: 00000000000001dc
[   19.903423] R10: ffff8e537ddafac0 R11: 0000000000000002 R12: ffff8e5302b6b200
[   19.909370] R13: 0000000000000000 R14: ffffffff9437ad30 R15: ffffa315c0013ac8
[   19.913124] FS:  0000000000000000(0000) GS:ffff8e53e76df000(0000) knlGS:0000000000000000
[   19.919676] CS:  0010 DS: 0000 ES: 0000 CR0: 0000000080050033
[   19.921967] CR2: 0000000000000000 CR3: 0000000030c30000 CR4: 00000000000006f0
[   19.928924] Call Trace:
[   19.931991]  <TASK>
[   19.934326]  ? finish_task_switch.isra.0+0x76/0x250
[   19.939552]  kunit_try_run_case+0x6f/0x150
[   19.942601]  ? __pfx_kunit_generic_run_threadfn_adapter+0x10/0x10
[   19.948193]  kunit_generic_run_threadfn_adapter+0x1c/0x40
[   19.953379]  kthread+0xff/0x1f0
[   19.955959]  ? __pfx_kthread+0x10/0x10
[   19.959730]  ? __pfx_kthread+0x10/0x10
[   19.962820]  ret_from_fork+0x144/0x160
[   19.965932]  ? __pfx_kthread+0x10/0x10
[   19.969811]  ret_from_fork_asm+0x1a/0x30
[   19.971543]  </TASK>
[   19.973794] ---[ end trace 0000000000000000 ]---
[   19.981631]     ok 16 corten_fault_test_foll_force
[   19.988965]     ok 17 corten_fault_test_cow_race
[   19.995877]     ok 18 corten_fault_test_mprotect_pte
[   20.002509]     ok 19 corten_fault_test_mprotect_fresh
[   20.010694]     ok 20 corten_fault_test_zap_keep_perm
[   20.018846]     ok 21 corten_fault_test_zap_keep_perm_downgrade
[   20.027512]     ok 22 corten_fault_test_untracked_rearm
[   20.033702]     ok 23 corten_fault_test_fill_upper_race
[   20.045167]     ok 24 corten_fault_test_map_race
[   20.048934]     ok 25 corten_fault_test_chunk_unmap
[   20.057339]     ok 26 corten_fault_test_punch_hole
[   20.067275]     ok 27 corten_fault_test_punch_head
[   20.075545]     ok 28 corten_fault_test_rmap_guard
[   20.079451]     ok 29 corten_fault_test_reap_skip
[   20.087403]     ok 30 corten_fault_test_swap_encode
[   20.095541]     ok 31 corten_fault_test_swap_roundtrip # SKIP swap round-trip requires a swap area
[   20.103251]     ok 32 corten_fault_test_swap_zap_free # SKIP swap zap test requires a swap area
[   20.108174]     ok 33 corten_fault_test_driver_keep_noswap
[   20.117303]     ok 34 corten_fault_test_driver_swap_roundtrip # SKIP driver round-trip requires a swap area
[   20.125919]     ok 35 corten_fault_test_swap_mprotect_pending
[   20.135082] # corten_fault: pass:32 fail:0 skip:3 total:35
[   20.139795] # Totals: pass:32 fail:0 skip:3 total:35
[   20.145825] ok 3 corten_fault
[   20.159960] check access for rdinit=/init failed: -2, ignoring
[   20.163801] md: Waiting for all devices to be available before autodetect
[   20.167921] md: If you don't use raid, use raid=noautodetect
[   20.169951] md: Autodetecting RAID arrays.
[   20.172791] md: autorun ...
[   20.174280] md: ... autorun DONE.
[   20.179377] /dev/root: Can't open blockdev
[   20.181923] VFS: Cannot open root device "" or unknown-block(0,0): error -6
[   20.186289] Please append a correct "root=" boot option; here are the available partitions:
[   20.190836] 0b00         1048575 sr0 
[   20.190843]  driver: sr
[   20.194944] List of all bdev filesystems:
[   20.196700]  ext3
[   20.196702]  ext2
[   20.197061]  ext4
[   20.197410]  vfat
[   20.198133]  msdos
[   20.198491]  iso9660
[   20.199731]  f2fs
[   20.200714]  erofs
[   20.201463] 
[   20.202233] Kernel panic - not syncing: VFS: Unable to mount root fs on unknown-block(0,0)
[   20.203614] CPU: 1 UID: 0 PID: 1 Comm: swapper/0 Tainted: G        W        N  6.18.32-g5ef7d968cf47-dirty #149 PREEMPT(voluntary) 
[   20.206691] Tainted: [W]=WARN, [N]=TEST
[   20.207275] Hardware name: QEMU Standard PC (i440FX + PIIX, 1996), BIOS 1.15.0-1 04/01/2014
[   20.208544] Call Trace:
[   20.209117]  <TASK>
[   20.209481]  vpanic+0x34f/0x360
[   20.210592]  panic+0x56/0x60
[   20.211246]  mount_root_generic+0x1ff/0x320
[   20.216786]  prepare_namespace+0x63/0x270
[   20.219498]  kernel_init_freeable+0x29f/0x2f0
[   20.221968]  ? __pfx_kernel_init+0x10/0x10
[   20.226139]  kernel_init+0x15/0x1c0
[   20.227117]  ret_from_fork+0x144/0x160
[   20.229453]  ? __pfx_kernel_init+0x10/0x10
[   20.231917]  ret_from_fork_asm+0x1a/0x30
[   20.234194]  </TASK>
[   20.238483] Kernel Offset: 0x12a00000 from 0xffffffff81000000 (relocation range: 0xffffffff80000000-0xffffffffbfffffff)
