  SYNC    include/config/auto.conf.cmd
  HOSTCC  scripts/basic/fixdep
  HOSTCC  scripts/basic/fixdep
  DESCEND objtool
  UPD     include/config/kernel.release
  UPD     include/generated/utsrelease.h
  INSTALL libsubcmd_headers
  CALL    scripts/checksyscalls.sh
  LDS     scripts/module.lds
  LDS     arch/x86/realmode/rm/realmode.lds
  LD      arch/x86/realmode/rm/realmode.elf
  CC      init/version.o
  RELOCS  arch/x86/realmode/rm/realmode.relocs
  OBJCOPY arch/x86/realmode/rm/realmode.bin
  AS      arch/x86/realmode/rmpiggy.o
  LDS     arch/x86/entry/vdso/vdso.lds
  CC      arch/x86/mm/fault.o
  AR      arch/x86/realmode/built-in.a
  LDS     arch/x86/entry/vdso/vdso32/vdso32.lds
  VDSO    arch/x86/entry/vdso/vdso64.so.dbg
  VDSO    arch/x86/entry/vdso/vdso32.so.dbg
  OBJCOPY arch/x86/entry/vdso/vdso64.so
  OBJCOPY arch/x86/entry/vdso/vdso32.so
  VDSO2C  arch/x86/entry/vdso/vdso-image-64.c
  VDSO2C  arch/x86/entry/vdso/vdso-image-32.c
  CC      arch/x86/entry/vdso/vdso-image-64.o
  CC      fs/exec.o
  CC      arch/x86/entry/vdso/vdso-image-32.o
  CC      kernel/sys.o
  CC      mm/oom_kill.o
  CC      arch/x86/kernel/sys_x86_64.o
  AR      arch/x86/entry/vdso/built-in.a
  AR      arch/x86/entry/built-in.a
  AR      init/built-in.a
  CC      drivers/base/firmware_loader/main.o
  AR      arch/x86/mm/built-in.a
  LDS     arch/x86/kernel/vmlinux.lds
  AR      arch/x86/kernel/built-in.a
  AR      arch/x86/built-in.a
  CC      kernel/module/main.o
  CC      kernel/futex/core.o
  CC      fs/proc_namespace.o
  CC      mm/gup.o
  CC      mm/mmap_lock.o
  CC      mm/memory.o
  CC      mm/mincore.o
  CC      mm/mlock.o
  UPD     kernel/config_data
  CC      mm/mmap.o
  CC      mm/mprotect.o
  AR      drivers/base/firmware_loader/built-in.a
  AR      drivers/base/built-in.a
  CC      mm/mremap.o
  CC      fs/proc/task_mmu.o
  CC      fs/proc/inode.o
  AR      kernel/futex/built-in.a
  CC      mm/msync.o
  CC      fs/proc/root.o
  AR      drivers/built-in.a
  CC      mm/rmap.o
  AR      kernel/module/built-in.a
  CC      mm/vma.o
  CC      fs/proc/base.o
  CC      fs/proc/generic.o
  CC      mm/mseal.o
  GZIP    kernel/config_data.gz
  CC      kernel/configs.o
  CC      fs/proc/array.o
  CC      fs/proc/fd.o
  CC      fs/proc/proc_tty.o
  CC      fs/proc/cmdline.o
  AR      kernel/built-in.a
  CC      fs/proc/devices.o
  CC      fs/proc/loadavg.o
  CC      mm/madvise.o
  CC      fs/proc/meminfo.o
  CC      fs/proc/uptime.o
  CC      fs/proc/util.o
  CC      mm/swapfile.o
  CC      fs/proc/version.o
  CC      fs/proc/softirqs.o
  CC      fs/proc/namespaces.o
  CC      fs/proc/self.o
  CC      mm/mempolicy.o
  CC      fs/proc/thread_self.o
  CC      fs/proc/proc_sysctl.o
  CC      fs/proc/proc_net.o
  CC      fs/proc/kcore.o
  CC      fs/proc/vmcore.o
  CC      fs/proc/page.o
  CC      mm/migrate.o
  CC      mm/corten.o
  CC      mm/corten_arena.o
  CC      mm/corten_arena_test.o
  CC      mm/corten_fault_test.o
  AR      fs/proc/built-in.a
  AR      fs/built-in.a
  AR      mm/built-in.a
  AR      built-in.a
  AR      vmlinux.a
  LD      vmlinux.o
vmlinux.o: warning: objtool: cpuidle_enter_state+0x142: return with instrumentation enabled
  MODPOST Module.symvers
WARNING: modpost: vmlinux: memblock_end_of_DRAM: EXPORT_SYMBOL used for init symbol. Remove __init or EXPORT_SYMBOL.
  CC [M]  .module-common.o
  UPD     include/generated/utsversion.h
  CC      init/version-timestamp.o
  LD [M]  fs/efivarfs/efivarfs.ko
  LD [M]  drivers/thermal/intel/x86_pkg_temp_thermal.ko
  LD [M]  net/netfilter/xt_addrtype.ko
  KSYMS   .tmp_vmlinux0.kallsyms.S
  AS      .tmp_vmlinux0.kallsyms.o
  LD      .tmp_vmlinux1
  NM      .tmp_vmlinux1.syms
  KSYMS   .tmp_vmlinux1.kallsyms.S
  AS      .tmp_vmlinux1.kallsyms.o
  LD      .tmp_vmlinux2
  NM      .tmp_vmlinux2.syms
  KSYMS   .tmp_vmlinux2.kallsyms.S
  AS      .tmp_vmlinux2.kallsyms.o
  LD      vmlinux.unstripped
  NM      System.map
  SORTTAB vmlinux.unstripped
  OBJCOPY vmlinux
  GEN     modules.builtin.modinfo
  GEN     modules.builtin
  CC      arch/x86/boot/version.o
  LDS     arch/x86/boot/compressed/vmlinux.lds
  VOFFSET arch/x86/boot/compressed/../voffset.h
  OBJCOPY arch/x86/boot/compressed/vmlinux.bin
  RELOCS  arch/x86/boot/compressed/vmlinux.relocs
  CC      arch/x86/boot/compressed/kaslr.o
  GZIP    arch/x86/boot/compressed/vmlinux.bin.gz
  CC      arch/x86/boot/compressed/misc.o
  MKPIGGY arch/x86/boot/compressed/piggy.S
  AS      arch/x86/boot/compressed/piggy.o
  LD      arch/x86/boot/compressed/vmlinux
  ZOFFSET arch/x86/boot/zoffset.h
  OBJCOPY arch/x86/boot/vmlinux.bin
  AS      arch/x86/boot/header.o
  LD      arch/x86/boot/setup.elf
  OBJCOPY arch/x86/boot/setup.bin
  BUILD   arch/x86/boot/bzImage
Kernel: arch/x86/boot/bzImage is ready  (#327)
