[    0.000000] Linux version 6.18.32-g87220166a815-dirty (ppw@vm) (gcc (Ubuntu 11.4.0-1ubuntu1~22.04.3) 11.4.0, GNU ld (GNU Binutils for Ubuntu) 2.38) #335 SMP PREEMPT_DYNAMIC Sun Oct  4 19:27:21 CST 2026
[    0.000000] Command line: console=ttyS0 kunit.filter_glob=corten* panic=-1
[    0.000000] BIOS-provided physical RAM map:
[    0.000000] BIOS-e820: [mem 0x0000000000000000-0x000000000009fbff] usable
[    0.000000] BIOS-e820: [mem 0x000000000009fc00-0x000000000009ffff] reserved
[    0.000000] BIOS-e820: [mem 0x00000000000f0000-0x00000000000fffff] reserved
[    0.000000] BIOS-e820: [mem 0x0000000000100000-0x000000007ffdffff] usable
[    0.000000] BIOS-e820: [mem 0x000000007ffe0000-0x000000007fffffff] reserved
[    0.000000] BIOS-e820: [mem 0x00000000feffc000-0x00000000feffffff] reserved
[    0.000000] BIOS-e820: [mem 0x00000000fffc0000-0x00000000ffffffff] reserved
[    0.000000] NX (Execute Disable) protection: active
[    0.000000] APIC: Static calls initialized
[    0.000000] SMBIOS 2.8 present.
[    0.000000] DMI: QEMU Standard PC (i440FX + PIIX, 1996), BIOS 1.15.0-1 04/01/2014
[    0.000000] DMI: Memory slots populated: 1/1
[    0.000000] Hypervisor detected: KVM
[    0.000000] last_pfn = 0x7ffe0 max_arch_pfn = 0x400000000
[    0.000000] kvm-clock: Using msrs 4b564d01 and 4b564d00
[    0.000004] kvm-clock: using sched offset of 1602879702 cycles
[    0.000008] clocksource: kvm-clock: mask: 0xffffffffffffffff max_cycles: 0x1cd42e4dffb, max_idle_ns: 881590591483 ns
[    0.000104] tsc: Detected 2419.196 MHz processor
[    0.003208] last_pfn = 0x7ffe0 max_arch_pfn = 0x400000000
[    0.003939] MTRR map: 4 entries (3 fixed + 1 variable; max 19), built from 8 variable MTRRs
[    0.003948] x86/PAT: Configuration [0-7]: WB  WC  UC- UC  WB  WP  UC- WT  
[    0.011704] found SMP MP-table at [mem 0x000f5ba0-0x000f5baf]
[    0.011784] Using GB pages for direct mapping
[    0.011906] ACPI: Early table checksum verification disabled
[    0.011947] ACPI: RSDP 0x00000000000F59E0 000014 (v00 BOCHS )
[    0.012002] ACPI: RSDT 0x000000007FFE1B95 000034 (v01 BOCHS  BXPC     00000001 BXPC 00000001)
[    0.012036] ACPI: FACP 0x000000007FFE1A11 000074 (v01 BOCHS  BXPC     00000001 BXPC 00000001)
[    0.012069] ACPI: DSDT 0x000000007FFE0040 0019D1 (v01 BOCHS  BXPC     00000001 BXPC 00000001)
[    0.012071] ACPI: FACS 0x000000007FFE0000 000040
[    0.012073] ACPI: APIC 0x000000007FFE1A85 0000B0 (v01 BOCHS  BXPC     00000001 BXPC 00000001)
[    0.012074] ACPI: HPET 0x000000007FFE1B35 000038 (v01 BOCHS  BXPC     00000001 BXPC 00000001)
[    0.012076] ACPI: WAET 0x000000007FFE1B6D 000028 (v01 BOCHS  BXPC     00000001 BXPC 00000001)
[    0.012077] ACPI: Reserving FACP table memory at [mem 0x7ffe1a11-0x7ffe1a84]
[    0.012078] ACPI: Reserving DSDT table memory at [mem 0x7ffe0040-0x7ffe1a10]
[    0.012079] ACPI: Reserving FACS table memory at [mem 0x7ffe0000-0x7ffe003f]
[    0.012079] ACPI: Reserving APIC table memory at [mem 0x7ffe1a85-0x7ffe1b34]
[    0.012080] ACPI: Reserving HPET table memory at [mem 0x7ffe1b35-0x7ffe1b6c]
[    0.012080] ACPI: Reserving WAET table memory at [mem 0x7ffe1b6d-0x7ffe1b94]
[    0.016205] No NUMA configuration found
[    0.016206] Faking a node at [mem 0x0000000000000000-0x000000007ffdffff]
[    0.016210] NODE_DATA(0) allocated [mem 0x7ffdc140-0x7ffdffff]
[    0.016561] Zone ranges:
[    0.016562]   DMA      [mem 0x0000000000001000-0x0000000000ffffff]
[    0.016564]   DMA32    [mem 0x0000000001000000-0x000000007ffdffff]
[    0.016565]   Normal   empty
[    0.016566] Movable zone start for each node
[    0.016567] Early memory node ranges
[    0.016567]   node   0: [mem 0x0000000000001000-0x000000000009efff]
[    0.016575]   node   0: [mem 0x0000000000100000-0x000000007ffdffff]
[    0.016576] Initmem setup node 0 [mem 0x0000000000001000-0x000000007ffdffff]
[    0.016953] On node 0, zone DMA: 1 pages in unavailable ranges
[    0.017257] On node 0, zone DMA: 97 pages in unavailable ranges
[    0.125464] On node 0, zone DMA32: 32 pages in unavailable ranges
[    0.127439] ACPI: PM-Timer IO Port: 0x608
[    0.127530] ACPI: LAPIC_NMI (acpi_id[0xff] dfl dfl lint[0x1])
[    0.128769] IOAPIC[0]: apic_id 0, version 17, address 0xfec00000, GSI 0-23
[    0.128775] ACPI: INT_SRC_OVR (bus 0 bus_irq 0 global_irq 2 dfl dfl)
[    0.128780] ACPI: INT_SRC_OVR (bus 0 bus_irq 5 global_irq 5 high level)
[    0.128782] ACPI: INT_SRC_OVR (bus 0 bus_irq 9 global_irq 9 high level)
[    0.128809] ACPI: INT_SRC_OVR (bus 0 bus_irq 10 global_irq 10 high level)
[    0.128813] ACPI: INT_SRC_OVR (bus 0 bus_irq 11 global_irq 11 high level)
[    0.128821] ACPI: Using ACPI (MADT) for SMP configuration information
[    0.128824] ACPI: HPET id: 0x8086a201 base: 0xfed00000
[    0.128834] TSC deadline timer available
[    0.128844] CPU topo: Max. logical packages:   1
[    0.128846] CPU topo: Max. logical dies:       1
[    0.128847] CPU topo: Max. dies per package:   1
[    0.128857] CPU topo: Max. threads per core:   1
[    0.128880] CPU topo: Num. cores per package:     8
[    0.128882] CPU topo: Num. threads per package:   8
[    0.128883] CPU topo: Allowing 8 present CPUs plus 0 hotplug CPUs
[    0.128970] kvm-guest: APIC: eoi() replaced with kvm_guest_apic_eoi_write()
[    0.129034] kvm-guest: KVM setup pv remote TLB flush
[    0.129059] kvm-guest: setup PV sched yield
[    0.130787] PM: hibernation: Registered nosave memory: [mem 0x00000000-0x00000fff]
[    0.130795] PM: hibernation: Registered nosave memory: [mem 0x0009f000-0x000fffff]
[    0.130800] [mem 0x80000000-0xfeffbfff] available for PCI devices
[    0.130803] Booting paravirtualized kernel on KVM
[    0.130829] clocksource: refined-jiffies: mask: 0xffffffff max_cycles: 0xffffffff, max_idle_ns: 1910969940391419 ns
[    0.149884] setup_percpu: NR_CPUS:64 nr_cpumask_bits:8 nr_cpu_ids:8 nr_node_ids:1
[    0.158845] percpu: Embedded 54 pages/cpu s182680 r8192 d30312 u262144
[    0.159368] Kernel command line: console=ttyS0 kunit.filter_glob=corten* panic=-1
[    0.160438] random: crng init done
[    0.160442] printk: log buffer data + meta data: 262144 + 917504 = 1179648 bytes
[    0.171928] Dentry cache hash table entries: 262144 (order: 9, 2097152 bytes, linear)
[    0.190367] Inode-cache hash table entries: 131072 (order: 8, 1048576 bytes, linear)
[    0.192016] Fallback order for Node 0: 0 
[    0.192037] Built 1 zonelists, mobility grouping on.  Total pages: 524158
[    0.192039] Policy zone: DMA32
[    0.192043] mem auto-init: stack:off, heap alloc:off, heap free:off
[    0.200538] SLUB: HWalign=64, Order=0-3, MinObjects=0, CPUs=8, Nodes=1
[    0.214958] Dynamic Preempt: voluntary
[    0.216508] rcu: Preemptible hierarchical RCU implementation.
[    0.216511] rcu: 	RCU event tracing is enabled.
[    0.216512] rcu: 	RCU restricting CPUs from NR_CPUS=64 to nr_cpu_ids=8.
[    0.216517] 	Trampoline variant of Tasks RCU enabled.
[    0.216518] 	Tracing variant of Tasks RCU enabled.
[    0.216520] rcu: RCU calculated value of scheduler-enlistment delay is 100 jiffies.
[    0.216522] rcu: Adjusting geometry for rcu_fanout_leaf=16, nr_cpu_ids=8
[    0.216620] RCU Tasks: Setting shift to 3 and lim to 1 rcu_task_cb_adjust=1 rcu_task_cpu_ids=8.
[    0.216625] RCU Tasks Trace: Setting shift to 3 and lim to 1 rcu_task_cb_adjust=1 rcu_task_cpu_ids=8.
[    0.231543] NR_IRQS: 4352, nr_irqs: 488, preallocated irqs: 16
[    0.232796] rcu: srcu_init: Setting srcu_struct sizes based on contention.
[    0.316369] Console: colour VGA+ 80x25
[    0.316878] printk: legacy console [ttyS0] enabled
[    0.788051] ACPI: Core revision 20250807
[    0.791180] clocksource: hpet: mask: 0xffffffff max_cycles: 0xffffffff, max_idle_ns: 19112604467 ns
[    0.797224] APIC: Switch to symmetric I/O mode setup
[    0.804439] x2apic enabled
[    0.812888] APIC: Switched APIC routing to: physical x2apic
[    0.818864] kvm-guest: APIC: send_IPI_mask() replaced with kvm_send_ipi_mask()
[    0.822361] kvm-guest: APIC: send_IPI_mask_allbutself() replaced with kvm_send_ipi_mask_allbutself()
[    0.830496] kvm-guest: setup PV IPIs
[    0.840688] ..TIMER: vector=0x30 apic1=0 pin1=2 apic2=-1 pin2=-1
[    0.845324] clocksource: tsc-early: mask: 0xffffffffffffffff max_cycles: 0x22df0d21928, max_idle_ns: 440795225288 ns
[    0.850571] Calibrating delay loop (skipped) preset value.. 4838.39 BogoMIPS (lpj=2419196)
[    0.853195] x86/cpu: User Mode Instruction Prevention (UMIP) activated
[    0.855142] Last level iTLB entries: 4KB 0, 2MB 0, 4MB 0
[    0.855573] Last level dTLB entries: 4KB 0, 2MB 0, 4MB 0, 1GB 0
[    0.856615] mitigations: Enabled attack vectors: user_kernel, user_user, SMT mitigations: auto
[    0.857617] Speculative Store Bypass: Mitigation: Speculative Store Bypass disabled via prctl
[    0.858578] Spectre V2 : Mitigation: Enhanced / Automatic IBRS
[    0.859571] ITS: Mitigation: Aligned branch/return thunks
[    0.860570] Spectre V1 : Mitigation: usercopy/swapgs barriers and __user pointer sanitization
[    0.861576] Spectre V2 : Spectre v2 / PBRSB-eIBRS: Retire a single CALL on VMEXIT
[    0.862578] Spectre V2 : mitigation: Enabling conditional Indirect Branch Prediction Barrier
[    0.863582] active return thunk: its_return_thunk
[    0.864927] x86/fpu: Supporting XSAVE feature 0x001: 'x87 floating point registers'
[    0.865578] x86/fpu: Supporting XSAVE feature 0x002: 'SSE registers'
[    0.866578] x86/fpu: Supporting XSAVE feature 0x004: 'AVX registers'
[    0.867579] x86/fpu: Supporting XSAVE feature 0x200: 'Protection Keys User registers'
[    0.868578] x86/fpu: xstate_offset[2]:  576, xstate_sizes[2]:  256
[    0.870577] x86/fpu: xstate_offset[9]:  832, xstate_sizes[9]:    8
[    0.871571] x86/fpu: Enabled xstate features 0x207, context size is 840 bytes, using 'compacted' format.
[    0.953619] Freeing SMP alternatives memory: 64K
[    0.954585] pid_max: default: 32768 minimum: 301
[    0.955668] LSM: initializing lsm=capability,selinux
[    0.957577] SELinux:  Initializing.
[    0.959625] Mount-cache hash table entries: 4096 (order: 3, 32768 bytes, linear)
[    0.961688] Mountpoint-cache hash table entries: 4096 (order: 3, 32768 bytes, linear)
[    0.965566] smpboot: CPU0: 13th Gen Intel(R) Core(TM) i9-13900HX (family: 0x6, model: 0xb7, stepping: 0x1)
[    0.966814] Performance Events: Alderlake Hybrid events, core PMU driver.
[    0.968615] core: CPUID marked event: 'cpu cycles' unavailable
[    0.969795] core: CPUID marked event: 'instructions' unavailable
[    0.970618] core: CPUID marked event: 'bus cycles' unavailable
[    0.971582] core: CPUID marked event: 'cache references' unavailable
[    0.972619] core: CPUID marked event: 'cache misses' unavailable
[    0.973587] core: CPUID marked event: 'branch instructions' unavailable
[    0.974584] core: CPUID marked event: 'branch misses' unavailable
[    0.975675] core: The event 0x100 is not supported as a normal event.
[    0.976780] core: The event 0x300 is not supported as a normal event.
[    0.977583] core: The event 0x400 is not supported as a normal event.
[    0.978600] core: The event 0x8000 is not supported as a normal event.
[    0.979582] core: The event 0x8100 is not supported as a normal event.
[    0.980583] core: The event 0x8200 is not supported as a normal event.
[    0.981624] core: The event 0x8300 is not supported as a normal event.
[    0.982588] core: The event 0x8400 is not supported as a normal event.
[    0.983582] core: The event 0x8500 is not supported as a normal event.
[    0.984624] core: The event 0x8600 is not supported as a normal event.
[    0.985620] core: The event 0x8700 is not supported as a normal event.
[    0.987089] core: cpu_core PMU driver: 
[    0.987595] ... version:                   1
[    0.988608] ... bit width:                 48
[    0.989608] ... generic counters:          6
[    0.990601] ... generic bitmap:            000000000000003f
[    0.991619] ... fixed-purpose counters:    0
[    0.992619] ... fixed-purpose bitmap:      0000000000000000
[    0.993617] ... value mask:                0000ffffffffffff
[    0.994614] ... max period:                000000007fffffff
[    0.995618] ... global_ctrl mask:          000100000000003f
[    0.997000] signal: max sigframe size: 3632
[    0.997796] rcu: Hierarchical SRCU implementation.
[    0.998619] rcu: 	Max phase no-delay instances is 400.
[    0.999895] Timer migration: 1 hierarchy levels; 8 children per group; 1 crossnode level
[    1.003530] smp: Bringing up secondary CPUs ...
[    1.005237] smpboot: x86: Booting SMP configuration:
[    1.005589] .... node  #0, CPUs:      #1 #2 #3 #4 #5 #6 #7
[    1.046425] smp: Brought up 1 node, 8 CPUs
[    1.047581] smpboot: Total of 8 processors activated (38707.13 BogoMIPS)
[    1.052136] Memory: 2003448K/2096632K available (21722K kernel code, 3204K rwdata, 9184K rodata, 3288K init, 1132K bss, 85428K reserved, 0K cma-reserved)
[    1.054154] devtmpfs: initialized
[    1.057025] clocksource: jiffies: mask: 0xffffffff max_cycles: 0xffffffff, max_idle_ns: 1911260446275000 ns
[    1.057604] posixtimers hash table entries: 4096 (order: 4, 65536 bytes, linear)
[    1.059705] futex hash table entries: 2048 (131072 bytes on 1 NUMA nodes, total 128 KiB, linear).
[    1.061017] PM: RTC time: 11:30:08, date: 2026-10-04
[    1.069773] NET: Registered PF_NETLINK/PF_ROUTE protocol family
[    1.071083] audit: initializing netlink subsys (disabled)
[    1.072811] audit: type=2000 audit(1791113408.713:1): state=initialized audit_enabled=0 res=1
[    1.073279] thermal_sys: Registered thermal governor 'step_wise'
[    1.073758] cpuidle: using governor menu
[    1.077477] PCI: Using configuration type 1 for base access
[    1.077765] kprobes: kprobe jump-optimization is enabled. All kprobes are optimized if possible.
[    1.081584] HugeTLB: registered 2.00 MiB page size, pre-allocated 0 pages
[    1.082582] HugeTLB: 28 KiB vmemmap can be freed for a 2.00 MiB page
[    1.117457] ACPI: Added _OSI(Module Device)
[    1.117585] ACPI: Added _OSI(Processor Device)
[    1.118613] ACPI: Added _OSI(Processor Aggregator Device)
[    1.121566] ACPI: 1 ACPI AML tables successfully acquired and loaded
[    1.131005] ACPI: Interpreter enabled
[    1.131847] ACPI: PM: (supports S0 S3 S4 S5)
[    1.132585] ACPI: Using IOAPIC for interrupt routing
[    1.133869] PCI: Using host bridge windows from ACPI; if necessary, use "pci=nocrs" and report a bug
[    1.134587] PCI: Using E820 reservations for host bridge windows
[    1.135780] ACPI: Enabled 2 GPEs in block 00 to 0F
[    1.145930] ACPI: PCI Root Bridge [PCI0] (domain 0000 [bus 00-ff])
[    1.146634] acpi PNP0A03:00: _OSC: OS supports [ASPM ClockPM Segments MSI HPX-Type3]
[    1.147621] acpi PNP0A03:00: _OSC: not requesting OS control; OS requires [ExtendedConfig ASPM ClockPM MSI]
[    1.148660] acpi PNP0A03:00: fail to add MMCONFIG information, can't access extended configuration space under this bridge
[    1.149732] PCI host bridge to bus 0000:00
[    1.150645] pci_bus 0000:00: root bus resource [io  0x0000-0x0cf7 window]
[    1.151624] pci_bus 0000:00: root bus resource [io  0x0d00-0xffff window]
[    1.152624] pci_bus 0000:00: root bus resource [mem 0x000a0000-0x000bffff window]
[    1.153622] pci_bus 0000:00: root bus resource [mem 0x80000000-0xfebfffff window]
[    1.154625] pci_bus 0000:00: root bus resource [mem 0x100000000-0x17fffffff window]
[    1.155623] pci_bus 0000:00: root bus resource [bus 00-ff]
[    1.156861] pci 0000:00:00.0: [8086:1237] type 00 class 0x060000 conventional PCI endpoint
[    1.160202] pci 0000:00:01.0: [8086:7000] type 00 class 0x060100 conventional PCI endpoint
[    1.164261] pci 0000:00:01.1: [8086:7010] type 00 class 0x010180 conventional PCI endpoint
[    1.167566] pci 0000:00:01.1: BAR 4 [io  0xc040-0xc04f]
[    1.168009] pci 0000:00:01.1: BAR 0 [io  0x01f0-0x01f7]: legacy IDE quirk
[    1.168625] pci 0000:00:01.1: BAR 1 [io  0x03f6]: legacy IDE quirk
[    1.169587] pci 0000:00:01.1: BAR 2 [io  0x0170-0x0177]: legacy IDE quirk
[    1.170641] pci 0000:00:01.1: BAR 3 [io  0x0376]: legacy IDE quirk
[    1.172868] pci 0000:00:01.3: [8086:7113] type 00 class 0x068000 conventional PCI endpoint
[    1.176365] pci 0000:00:01.3: quirk: [io  0x0600-0x063f] claimed by PIIX4 ACPI
[    1.176713] pci 0000:00:01.3: quirk: [io  0x0700-0x070f] claimed by PIIX4 SMB
[    1.178310] pci 0000:00:02.0: [1234:1111] type 00 class 0x030000 conventional PCI endpoint
[    1.182267] pci 0000:00:02.0: BAR 0 [mem 0xfd000000-0xfdffffff pref]
[    1.183793] pci 0000:00:02.0: BAR 2 [mem 0xfebb0000-0xfebb0fff]
[    1.184715] pci 0000:00:02.0: ROM [mem 0xfeba0000-0xfebaffff pref]
[    1.186846] pci 0000:00:02.0: Video device with shadowed ROM at [mem 0x000c0000-0x000dffff]
[    1.194035] pci 0000:00:03.0: [8086:100e] type 00 class 0x020000 conventional PCI endpoint
[    1.195618] pci 0000:00:03.0: BAR 0 [mem 0xfeb80000-0xfeb9ffff]
[    1.196721] pci 0000:00:03.0: BAR 1 [io  0xc000-0xc03f]
[    1.198336] pci 0000:00:03.0: ROM [mem 0xfeb00000-0xfeb7ffff pref]
[    1.212060] ACPI: PCI: Interrupt link LNKA configured for IRQ 10
[    1.212835] ACPI: PCI: Interrupt link LNKB configured for IRQ 10
[    1.214437] ACPI: PCI: Interrupt link LNKC configured for IRQ 11
[    1.215173] ACPI: PCI: Interrupt link LNKD configured for IRQ 11
[    1.215844] ACPI: PCI: Interrupt link LNKS configured for IRQ 9
[    1.221566] iommu: Default domain type: Translated
[    1.222581] iommu: DMA domain TLB invalidation policy: lazy mode
[    1.230467] SCSI subsystem initialized
[    1.234450] ACPI: bus type USB registered
[    1.234812] usbcore: registered new interface driver usbfs
[    1.235680] usbcore: registered new interface driver hub
[    1.236719] usbcore: registered new device driver usb
[    1.237933] pps_core: LinuxPPS API ver. 1 registered
[    1.238609] pps_core: Software ver. 5.3.6 - Copyright 2005-2007 Rodolfo Giometti <giometti@linux.it>
[    1.239806] PTP clock support registered
[    1.241044] Advanced Linux Sound Architecture Driver Initialized.
[    1.246590] NetLabel: Initializing
[    1.247651] NetLabel:  domain hash size = 128
[    1.248613] NetLabel:  protocols = UNLABELED CIPSOv4 CALIPSO
[    1.250173] NetLabel:  unlabeled traffic allowed by default
[    1.252733] PCI: Using ACPI for IRQ routing
[    1.255890] pci 0000:00:02.0: vgaarb: setting as boot VGA device
[    1.256566] pci 0000:00:02.0: vgaarb: bridge control possible
[    1.256566] pci 0000:00:02.0: vgaarb: VGA device added: decodes=io+mem,owns=io+mem,locks=none
[    1.256631] vgaarb: loaded
[    1.259789] hpet0: at MMIO 0xfed00000, IRQs 2, 8, 0
[    1.260583] hpet0: 3 comparators, 64-bit 100.000000 MHz counter
[    1.264551] clocksource: Switched to clocksource kvm-clock
[    1.275271] VFS: Disk quotas dquot_6.6.0
[    1.277609] VFS: Dquot-cache hash table entries: 512 (order 0, 4096 bytes)
[    1.285756] pnp: PnP ACPI init
[    1.289798] pnp: PnP ACPI: found 6 devices
[    1.333921] clocksource: acpi_pm: mask: 0xffffff max_cycles: 0xffffff, max_idle_ns: 2085701024 ns
[    1.342986] NET: Registered PF_INET protocol family
[    1.346168] IP idents hash table entries: 32768 (order: 6, 262144 bytes, linear)
[    1.355207] tcp_listen_portaddr_hash hash table entries: 1024 (order: 2, 16384 bytes, linear)
[    1.363234] Table-perturb hash table entries: 65536 (order: 6, 262144 bytes, linear)
[    1.370916] TCP established hash table entries: 16384 (order: 5, 131072 bytes, linear)
[    1.377908] TCP bind hash table entries: 16384 (order: 7, 524288 bytes, linear)
[    1.386287] TCP: Hash tables configured (established 16384 bind 16384)
[    1.392308] UDP hash table entries: 1024 (order: 4, 65536 bytes, linear)
[    1.400353] UDP-Lite hash table entries: 1024 (order: 4, 65536 bytes, linear)
[    1.408294] NET: Registered PF_UNIX/PF_LOCAL protocol family
[    1.418620] RPC: Registered named UNIX socket transport module.
[    1.423159] RPC: Registered udp transport module.
[    1.427197] RPC: Registered tcp transport module.
[    1.433382] RPC: Registered tcp-with-tls transport module.
[    1.437166] RPC: Registered tcp NFSv4.1 backchannel transport module.
[    1.446804] pci_bus 0000:00: resource 4 [io  0x0000-0x0cf7 window]
[    1.450377] pci_bus 0000:00: resource 5 [io  0x0d00-0xffff window]
[    1.454941] pci_bus 0000:00: resource 6 [mem 0x000a0000-0x000bffff window]
[    1.464981] pci_bus 0000:00: resource 7 [mem 0x80000000-0xfebfffff window]
[    1.472950] pci_bus 0000:00: resource 8 [mem 0x100000000-0x17fffffff window]
[    1.485148] pci 0000:00:01.0: PIIX3: Enabling Passive Release
[    1.492061] pci 0000:00:00.0: Limiting direct PCI/PCI transfers
[    1.497486] PCI: CLS 0 bytes, default 64
[    1.501618] RAPL PMU: API unit is 2^-32 Joules, 0 fixed counters, 10737418240 ms ovfl timer
[    1.508423] clocksource: tsc: mask: 0xffffffffffffffff max_cycles: 0x22df0d21928, max_idle_ns: 440795225288 ns
[    1.552238] Initialise system trusted keyrings
[    1.562729] workingset: timestamp_bits=40 max_order=19 bucket_order=0
[    1.574724] NFS: Registering the id_resolver key type
[    1.582551] Key type id_resolver registered
[    1.585768] Key type id_legacy registered
[    1.589441] 9p: Installing v9fs 9p2000 file system support
[    1.632097] Key type asymmetric registered
[    1.636723] Asymmetric key parser 'x509' registered
[    1.642171] Block layer SCSI generic (bsg) driver version 0.4 loaded (major 251)
[    1.648419] io scheduler mq-deadline registered
[    1.654821] io scheduler kyber registered
[    1.661493] input: Power Button as /devices/LNXSYSTM:00/LNXPWRBN:00/input/input0
[    1.670918] ACPI: button: Power Button [PWRF]
[    1.683958] Serial: 8250/16550 driver, 4 ports, IRQ sharing enabled
[    1.689698] 00:04: ttyS0 at I/O 0x3f8 (irq = 4, base_baud = 115200) is a 16550A
[    1.707120] Non-volatile memory driver v1.3
[    1.712345] Linux agpgart interface v0.103
[    1.761218] ACPI: bus type drm_connector registered
[    1.784989] loop: module loaded
[    1.789374] zram: Added device: zram0
[    1.804447] scsi host0: ata_piix
[    1.807533] scsi host1: ata_piix
[    1.812860] ata1: PATA max MWDMA2 cmd 0x1f0 ctl 0x3f6 bmdma 0xc040 irq 14 lpm-pol 0
[    1.821930] ata2: PATA max MWDMA2 cmd 0x170 ctl 0x376 bmdma 0xc048 irq 15 lpm-pol 0
[    1.833781] tun: Universal TUN/TAP device driver, 1.6
[    1.841600] e100: Intel(R) PRO/100 Network Driver
[    1.847039] e100: Copyright(c) 1999-2006 Intel Corporation
[    1.853906] e1000: Intel(R) PRO/1000 Network Driver
[    1.858335] e1000: Copyright (c) 1999-2006 Intel Corporation.
[    1.894153] ACPI: \_SB_.LNKC: Enabled at IRQ 11
[    1.993585] ata2: found unknown device (class 0)
[    2.001845] ata2.00: ATAPI: QEMU DVD-ROM, 2.5+, max UDMA/100
[    2.015936] scsi 1:0:0:0: CD-ROM            QEMU     QEMU DVD-ROM     2.5+ PQ: 0 ANSI: 5
[    2.075413] sr 1:0:0:0: [sr0] scsi3-mmc drive: 4x/4x cd/rw xa/form2 tray
[    2.078138] cdrom: Uniform CD-ROM driver Revision: 3.20
[    2.106789] sr 1:0:0:0: Attached scsi generic sg0 type 5
[    3.006725] e1000 0000:00:03.0 eth0: (PCI:33MHz:32-bit) 52:54:00:12:34:56
[    3.012731] e1000 0000:00:03.0 eth0: Intel(R) PRO/1000 Network Connection
[    3.018461] e1000e: Intel(R) PRO/1000 Network Driver
[    3.022518] e1000e: Copyright(c) 1999 - 2015 Intel Corporation.
[    3.029412] sky2: driver version 1.30
[    3.035973] usbcore: registered new interface driver usblp
[    3.042574] usbcore: registered new interface driver usb-storage
[    3.047047] i8042: PNP: PS/2 Controller [PNP0303:KBD,PNP0f13:MOU] at 0x60,0x64 irq 1,12
[    3.066072] serio: i8042 KBD port at 0x60,0x64 irq 1
[    3.076353] serio: i8042 AUX port at 0x60,0x64 irq 12
[    3.095335] rtc_cmos 00:05: RTC can wake from S4
[    3.103077] rtc_cmos 00:05: registered as rtc0
[    3.106258] input: AT Translated Set 2 keyboard as /devices/platform/i8042/serio0/input/input1
[    3.128315] rtc_cmos 00:05: alarms up to one day, y3k, 242 bytes nvram, hpet irqs
[    3.164106] device-mapper: ioctl: 4.50.0-ioctl (2025-04-28) initialised: dm-devel@lists.linux.dev
[    3.178673] intel_pstate: CPU model not supported
[    3.187297] hid: raw HID events driver (C) Jiri Kosina
[    3.193646] usbcore: registered new interface driver usbhid
[    3.196408] usbhid: USB HID core driver
[    3.206703] xt_time: kernel timezone is -0000
[    3.213416] Initializing XFRM netlink socket
[    3.218381] NET: Registered PF_INET6 protocol family
[    3.230237] Segment Routing with IPv6
[    3.236064] In-situ OAM (IOAM) with IPv6
[    3.245038] sit: IPv6, IPv4 and MPLS over IPv4 tunneling driver
[    3.251369] NET: Registered PF_PACKET protocol family
[    3.256957] NET: Registered PF_KEY protocol family
[    3.267065] 9pnet: Installing 9P2000 support
[    3.273898] Key type dns_resolver registered
[    3.279417] NET: Registered PF_VSOCK protocol family
[    3.290954] IPI shorthand broadcast: enabled
[    3.306935] sched_clock: Marking stable (2701099209, 605727291)->(4143573005, -836746505)
[    3.315300] registered taskstats version 1
[    3.323054] Loading compiled-in X.509 certificates
[    3.334315] Demotion targets for Node 0: null
[    3.338044] Key type .fscrypt registered
[    3.340803] Key type fscrypt-provisioning registered
[    3.344695] PM:   Magic number: 14:966:528
[    3.349875] netconsole: network logging started
[    3.351970] cfg80211: Loading compiled-in X.509 certificates for regulatory database
[    3.363715] kworker/u32:1 (95) used greatest stack depth: 13936 bytes left
[    3.367083] Loaded X.509 cert 'sforshee: 00b28ddf47aef9cea7'
[    3.373643] Loaded X.509 cert 'wens: 61c038651aabdcf94bd0ac7ff06c7248db18c600'
[    3.382341] ALSA device list:
[    3.387087] faux_driver regulatory: Direct firmware load for regulatory.db failed with error -2
[    3.392286]   No soundcards found.
[    3.399567] cfg80211: failed to load regulatory.db
[    3.404291] KTAP version 1
[    3.413311] 1..3
[    3.417461]     KTAP version 1
[    3.418718]     # Subtest: corten
[    3.420158]     # module: corten_test
[    3.420301]     1..25
[    3.428311]     ok 1 corten_test_layout
[    3.431309]     ok 2 corten_test_ptdesc_get_put
[    3.439269]     ok 3 corten_test_meta_roundtrip
[    3.447414]     ok 4 corten_test_meta_reinit_cleared
[    3.454664]     ok 5 corten_test_covering_level
[    3.459499]     ok 6 corten_test_covering_base_index
[    3.466325]     ok 7 corten_test_txn_covering
[    3.474565]     ok 8 corten_test_txn_hole
[    3.483407]     ok 9 corten_test_txn_stale_eagain
[    3.490383]     ok 10 corten_test_lock_range_args
[    3.497468]     ok 11 corten_test_txn_state_machine
[    3.507728]     ok 12 corten_test_txn_atomic_validate
[    3.515415]     ok 13 corten_test_txn_real_glue
[    3.579238]     ok 14 corten_test_txn_mutex_overlap
[    3.631203]     ok 15 corten_test_txn_mutex_disjoint
[    3.634532] input: ImExPS/2 Generic Explorer Mouse as /devices/platform/i8042/serio1/input/input3
[    3.635672]     ok 16 corten_test_fail_alloc
[    3.642027]     ok 17 corten_test_txn_hole_fill
[    3.646413]     ok 18 corten_test_txn_hole_race
[    3.870029]     ok 19 corten_test_txn_uninstall_interlock
[    3.874327]     ok 20 corten_test_uninstall_bh_ctx
[    3.880734] ------------[ cut here ]------------
[    3.889877] WARNING: CPU: 3 PID: 153 at mm/corten.c:865 corten_txn_begin+0x191/0x4b0
[    3.899712] Modules linked in:
[    3.903968] CPU: 3 UID: 0 PID: 153 Comm: kunit_try_catch Tainted: G                 N  6.18.32-g87220166a815-dirty #335 PREEMPT(voluntary) 
[    3.919291] Tainted: [N]=TEST
[    3.922603] Hardware name: QEMU Standard PC (i440FX + PIIX, 1996), BIOS 1.15.0-1 04/01/2014
[    3.931102] RIP: 0010:corten_txn_begin+0x191/0x4b0
[    3.937709] Code: 02 00 00 4c 89 ff 48 89 04 24 e8 4a d7 f9 00 4c 89 ff e8 52 d9 f9 00 48 8b 04 24 41 0f b6 4f 25 38 48 25 0f 87 65 ff ff ff 90 <0f> 0b 90 41 80 7e 48 04 0f 86 61 ff ff ff 90 0f 0b 90 48 89 c7 e8
[    3.956699] RSP: 0000:ffffba12405cfda0 EFLAGS: 00010246
[    3.962169] RAX: ffff9cf6c35fa6c0 RBX: 0000000000000fff RCX: 0000000000000002
[    3.970400] RDX: 0000000000000003 RSI: 0000000000000002 RDI: ffff9cf6c3edd8c0
[    3.979119] RBP: 0000000000000000 R08: ffff9cf6c26f5800 R09: ffffba12405cfe00
[    3.985943] R10: ffffba12405cfd58 R11: 0000000000000000 R12: ffffffff8ae3e990
[    3.994080] R13: ffff9cf6c26f5800 R14: ffffba12405cfe00 R15: ffff9cf6c35fa660
[    4.002640] FS:  0000000000000000(0000) GS:ffff9cf7b1819000(0000) knlGS:0000000000000000
[    4.009509] CS:  0010 DS: 0000 ES: 0000 CR0: 0000000080050033
[    4.014121] CR2: 0000000000000000 CR3: 000000001dc30001 CR4: 0000000000770ef0
[    4.021236] PKRU: 55555554
[    4.022714] Call Trace:
[    4.024245]  <TASK>
[    4.025282]  ? __pfx_kunit_generic_run_threadfn_adapter+0x10/0x10
[    4.028839]  corten_test_txn_path_overflow+0xb5/0x2a0
[    4.031295]  ? psi_task_switch+0x107/0x290
[    4.033082]  kunit_try_run_case+0x6f/0x150
[    4.034926]  ? __pfx_kunit_generic_run_threadfn_adapter+0x10/0x10
[    4.042470]  kunit_generic_run_threadfn_adapter+0x1c/0x40
[    4.049041]  kthread+0xff/0x1f0
[    4.050584]  ? __pfx_kthread+0x10/0x10
[    4.055363]  ? __pfx_kthread+0x10/0x10
[    4.060521]  ret_from_fork+0x144/0x160
[    4.063233]  ? __pfx_kthread+0x10/0x10
[    4.067330]  ret_from_fork_asm+0x1a/0x30
[    4.069711]  </TASK>
[    4.071168] ---[ end trace 0000000000000000 ]---
[    4.074645] ------------[ cut here ]------------
[    4.078242] WARNING: CPU: 3 PID: 153 at mm/corten.c:812 corten_txn_begin+0x1a0/0x4b0
[    4.087906] Modules linked in:
[    4.091766] CPU: 3 UID: 0 PID: 153 Comm: kunit_try_catch Tainted: G        W        N  6.18.32-g87220166a815-dirty #335 PREEMPT(voluntary) 
[    4.098507] Tainted: [W]=WARN, [N]=TEST
[    4.100105] Hardware name: QEMU Standard PC (i440FX + PIIX, 1996), BIOS 1.15.0-1 04/01/2014
[    4.103844] RIP: 0010:corten_txn_begin+0x1a0/0x4b0
[    4.105906] Code: 4c 89 ff e8 52 d9 f9 00 48 8b 04 24 41 0f b6 4f 25 38 48 25 0f 87 65 ff ff ff 90 0f 0b 90 41 80 7e 48 04 0f 86 61 ff ff ff 90 <0f> 0b 90 48 89 c7 e8 c5 f5 ff ff 41 0f b6 46 48 84 c0 74 28 83 e8
[    4.113217] RSP: 0000:ffffba12405cfda0 EFLAGS: 00010202
[    4.115664] RAX: ffff9cf6c35fa1e0 RBX: 0000000000000fff RCX: 0000000000000002
[    4.122294] RDX: 0000000000000003 RSI: 000000000000003e RDI: ffff9cf6c3edd8c0
[    4.132748] RBP: 0000000000000000 R08: ffff9cf6c26f5800 R09: ffffba12405cfe00
[    4.139150] R10: ffffba12405cfd58 R11: 0000000000000000 R12: ffffffff8ae3e990
[    4.144610] R13: ffff9cf6c26f5800 R14: ffffba12405cfe00 R15: ffff9cf6c35fa600
[    4.152989] FS:  0000000000000000(0000) GS:ffff9cf7b1819000(0000) knlGS:0000000000000000
[    4.158622] CS:  0010 DS: 0000 ES: 0000 CR0: 0000000080050033
[    4.161374] CR2: 0000000000000000 CR3: 000000001dc30001 CR4: 0000000000770ef0
[    4.166349] PKRU: 55555554
[    4.167745] Call Trace:
[    4.169832]  <TASK>
[    4.171338]  ? __pfx_kunit_generic_run_threadfn_adapter+0x10/0x10
[    4.176997]  corten_test_txn_path_overflow+0xb5/0x2a0
[    4.181364]  ? psi_task_switch+0x107/0x290
[    4.187655]  kunit_try_run_case+0x6f/0x150
[    4.192181]  ? __pfx_kunit_generic_run_threadfn_adapter+0x10/0x10
[    4.201009]  kunit_generic_run_threadfn_adapter+0x1c/0x40
[    4.208591]  kthread+0xff/0x1f0
[    4.209813]  ? __pfx_kthread+0x10/0x10
[    4.215002]  ? __pfx_kthread+0x10/0x10
[    4.220226]  ret_from_fork+0x144/0x160
[    4.221931]  ? __pfx_kthread+0x10/0x10
[    4.225945]  ret_from_fork_asm+0x1a/0x30
[    4.229600]  </TASK>
[    4.231008] ---[ end trace 0000000000000000 ]---
[    4.232883] kunit_try_catch (153) used greatest stack depth: 13520 bytes left
[    4.234307]     ok 21 corten_test_txn_path_overflow
[    4.237377]     ok 22 corten_test_txn_child_err
[    4.242558]     ok 23 corten_test_real_huge_leaf
[    4.247923]     ok 24 corten_test_full_window_atomic
[    4.256606]     ok 25 corten_test_debugfs_content
[    4.262841] # corten: pass:25 fail:0 skip:0 total:25
[    4.268739] # Totals: pass:25 fail:0 skip:0 total:25
[    4.274582] ok 1 corten
[    4.284815]     KTAP version 1
[    4.288519]     # Subtest: corten_arena
[    4.291920]     # module: corten_arena_test
[    4.291923]     1..132
[    4.300165]     ok 1 corten_arena_test_sweep_anon_resident # SKIP resident-stock sweep requires corten=on
[    4.303055]     ok 2 corten_arena_test_sweep_file_resident # SKIP resident-stock sweep requires corten=on
[    4.326012]     ok 3 corten_arena_test_sweep_skip_taxonomy
[    4.339010]     ok 4 corten_arena_test_sweep_skip_special_mapping # SKIP sweep requires corten=on
[    4.345869]     ok 5 corten_arena_test_sweep_skip_brk # SKIP sweep requires corten=on
[    4.354593]     ok 6 corten_arena_test_sweep_empty_anon
[    4.363097]     ok 7 corten_arena_test_sweep_zero_page # SKIP resident-stock sweep requires corten=on
[    4.368118]     ok 8 corten_arena_test_sweep_fork_flags # SKIP resident-stock sweep requires corten=on
[    4.379839]     ok 9 corten_arena_test_sweep_fork_mirror # SKIP sweep fork mirror requires corten=on
[    4.387746]     ok 10 corten_arena_test_sweep_file_exit # SKIP sweep file exit requires corten=on
[    4.399194]     ok 11 corten_arena_test_sweep_mixed_frame_exit # SKIP sweep mixed frame exit requires corten=on
[    4.423439]     ok 12 corten_arena_test_sweep_exit_refusal # SKIP sweep exit refusal requires corten=on
[    4.442139]     ok 13 corten_arena_test_w7_frame_share_adopt # SKIP W-7 frame share requires corten=on
[    4.454994]     ok 14 corten_arena_test_w7_frame_share_fork # SKIP W-7 frame-share fork requires corten=on
[    4.471023]     ok 15 corten_arena_test_w7_frame_share_exit # SKIP W-7 frame-share exit requires corten=on
[    4.487541]     ok 16 corten_arena_test_w7_frame_share_punch # SKIP W-7 frame-share punch requires corten=on
[    4.507689]     ok 17 corten_arena_test_exec_default_off
[    4.530106]     ok 18 corten_arena_test_exec_default_enter # SKIP exec default entry requires corten=on
[    4.535078]     ok 19 corten_arena_test_declare_reject
[    4.545439]     ok 20 corten_arena_test_declare_reject_flags
[    4.554985]     ok 21 corten_arena_test_declare_query
[    4.567485]     ok 22 corten_arena_test_range_overlaps # SKIP overlap gate requires corten=on
[    4.579997]     ok 23 corten_arena_test_release
[    4.587697]     ok 24 corten_arena_test_ref_born_atomic
[    4.593001]     ok 25 corten_arena_test_release_classify
[    4.602719]     ok 26 corten_arena_test_shadow_vma
[    4.612785]     ok 27 corten_arena_test_exit
[    4.616930]     ok 28 corten_arena_test_prctl
[    4.623684]     ok 29 corten_arena_test_mode
[    4.634139]     ok 30 corten_arena_test_auto_classify
[    4.639710]     ok 31 corten_arena_test_auto_classify_file
[    4.646208]     ok 32 corten_arena_test_auto_place
[    4.651372]     ok 33 corten_arena_test_auto_route # SKIP auto-mmap route requires corten=on
[    4.656986]     ok 34 corten_arena_test_auto_attach_release # SKIP munmap routing requires corten=on
[    4.663219]     ok 35 corten_arena_test_file_lifecycle # SKIP FILE lifecycle requires corten=on
[    4.675510]     ok 36 corten_arena_test_truncate_route # SKIP H7 gate requires corten=on
[    4.686354]     ok 37 corten_arena_test_registry_inval # SKIP W1.b registry requires corten=on
[    4.696582]     ok 38 corten_arena_test_file_read # SKIP FILE read arm requires corten=on
[    4.708563]     ok 39 corten_arena_test_file_cow # SKIP FILE COW arm requires corten=on
[    4.722195]     ok 40 corten_arena_test_file_rmap_shared # SKIP FILE rmap anchor requires corten=on
[    4.734284]     ok 41 corten_arena_test_ttu_file_route # SKIP W1.d ttu route requires corten=on
[    4.750328]     ok 42 corten_arena_test_ttu_declines # SKIP W1.d ttu declines require corten=on
[    4.762208]     ok 43 corten_arena_test_file_fork_mirror # SKIP FILE fork mirror requires corten=on
[    4.775721]     ok 44 corten_arena_test_file_fork_cow # SKIP FILE fork COW requires corten=on
[    4.787625]     ok 45 corten_arena_test_file_fork_pinned # SKIP FILE fork pinned copy requires corten=on
[    4.801721]     ok 46 corten_arena_test_file_hugetlb_route # SKIP hugetlb route gate requires corten=on
[    4.817021]     ok 47 corten_arena_test_mag_recycle # SKIP auto-mmap route requires corten=on
[    4.829645]     ok 48 corten_arena_test_mag_marker # SKIP auto-mmap route requires corten=on
[    4.848950]     ok 49 corten_arena_test_pool_reuse # SKIP pool routing requires corten=on
[    4.875216]     ok 50 corten_arena_test_pool_limit # SKIP pool routing requires corten=on
[    4.889206]     ok 51 corten_arena_test_pool_mode_exit # SKIP pool routing requires corten=on
[    4.905636]     ok 52 corten_arena_test_pool_fork # SKIP pool routing requires corten=on
[    4.916754]     ok 53 corten_arena_test_noreplace_parked # SKIP placement guards require corten=on
[    4.928343]     ok 54 corten_arena_test_noreplace_active # SKIP placement guards require corten=on
[    4.942764]     ok 55 corten_arena_test_mapfixed_over_parked # SKIP placement guards require corten=on
[    4.953634]     ok 56 corten_arena_test_explicit_anon_region # SKIP explicit region route requires corten=on
[    4.964415]     ok 57 corten_arena_test_explicit_file_region # SKIP explicit region route requires corten=on
[    4.975511]     ok 58 corten_arena_test_occupied_incl_idle # SKIP placement guards require corten=on
[    4.987982]     ok 59 corten_arena_test_p4_eject # SKIP placement guards require corten=on
[    5.001184]     ok 60 corten_arena_test_hint_fence # SKIP placement guards require corten=on
[    5.011410]     ok 61 corten_arena_test_j1_hooks # SKIP J1 hooks require corten=on
[    5.025547]     ok 62 corten_arena_test_j1_self_exempt # SKIP J1 exemption requires corten=on
[    5.031469]     ok 63 corten_arena_test_uffd_window_reject # SKIP uffd short-circuit requires corten=on
[    5.038635]     ok 64 corten_arena_test_j1_implant_exempt # SKIP J1 implant exemption requires corten=on
[    5.044483]     ok 65 corten_arena_test_fault_window_shorts # SKIP fault short-circuit requires corten=on
[    5.053443]     ok 66 corten_arena_test_inv_mv2_clean # SKIP J2 walker requires corten=on
[    5.060405]     ok 67 corten_arena_test_inv_mv2_inject # SKIP J2 injection requires corten=on
[    5.067313]     ok 68 corten_arena_test_inv_mv2_stale # SKIP J2 stale class requires corten=on
[    5.074108]     ok 69 corten_arena_test_inv_mv2_implant_fork # SKIP J2 implant fork requires corten=on
[    5.080603]     ok 70 corten_arena_test_j2_triggers # SKIP J2 triggers require corten=on
[    5.091505]     ok 71 corten_arena_test_msync_window_segments # SKIP msync terminals require corten=on
[    5.095871]     ok 72 corten_arena_test_mincore_route # SKIP mincore terminal requires corten=on
[    5.102086]     ok 73 corten_arena_test_madvise_parked_terminal # SKIP madvise terminal requires corten=on
[    5.107651]     ok 74 corten_arena_test_move_pages_window # SKIP move_pages terminal requires corten=on
[    5.117423]     ok 75 corten_arena_test_mvc_row_stream # SKIP row stream requires corten=on
[    5.123371]     ok 76 corten_arena_test_mvc_merge_first_row # SKIP row stream requires corten=on
[    5.128505]     ok 77 corten_arena_test_mvc_gup_probe # SKIP gup probe requires corten=on
[    5.136001]     ok 78 corten_arena_test_w3_futex_gup_shapes # SKIP futex GUP shapes require corten=on
[    5.144503]     ok 79 corten_arena_test_w3_gup_chunk_promoted_perm # SKIP chunk perm probe requires corten=on
[    5.161778]     ok 80 corten_arena_test_w3_futex_key # SKIP futex key arm requires corten=on
[    5.171614]     ok 81 corten_arena_test_gup_loop_window # SKIP loop anchors require corten=on
[    5.178975]     ok 82 corten_arena_test_gup_loop_legacy # SKIP loop anchors require corten=on
[    5.185584]     ok 83 corten_arena_test_remote_access_window # SKIP remote access anchors require corten=on
[    5.194327]     ok 84 corten_arena_test_mvc_smaps_pagemap # SKIP smaps/pagemap aggregation requires corten=on
[    5.200805]     ok 85 corten_arena_test_exit_lifecycle # SKIP lifecycle ledger requires corten=on
[    5.209051]     ok 86 corten_arena_test_exit_punchfork # SKIP punchfork exit ledger requires corten=on
[    5.216370]     ok 87 corten_arena_test_exit_multi_segment # SKIP multi-segment exit requires corten=on
[    5.234864]     ok 88 corten_arena_test_vma_free_reuse # SKIP VMA-free reuse requires corten=on
[    5.243584]     ok 89 corten_arena_test_inv_mv3 # SKIP INV-MV3 requires corten=on
[    5.256303]     ok 90 corten_arena_test_fork_vma_free # SKIP VMA-free fork requires corten=on
[    5.266049]     ok 91 corten_arena_test_vma_free_shrink_pick # SKIP shrinker bodies require corten=on
[    5.275970]     ok 92 corten_arena_test_carrier_shrink_pick # SKIP shrinker bodies require corten=on
[    5.288238]     ok 93 corten_arena_test_auto_validate
[    5.298165]     ok 94 corten_arena_test_carrier_vma # SKIP auto-arena record requires corten=on
[    5.307675]     ok 95 corten_arena_test_fork_punch_novma # SKIP fork mirror requires corten=on
[    5.319903]     ok 96 corten_arena_test_fork_redeclare_content # SKIP fork mirror requires corten=on
[    5.329968]     ok 97 corten_arena_test_region_record
[    5.342704]     ok 98 corten_arena_test_region_iter
[    5.350588]     ok 99 corten_arena_test_region_park # SKIP park routing requires corten=on
[    5.364344]     ok 100 corten_arena_test_region_fork
[    5.382664]     ok 101 corten_arena_test_mprotect_route # SKIP mprotect route requires corten=on
[    5.392056]     ok 102 corten_arena_test_protect_flags_kernel_gate # SKIP mprotect route requires corten=on
[    5.410581]     ok 103 corten_arena_test_madvise_route # SKIP madvise route requires corten=on
[    5.431046]     ok 104 corten_arena_test_mremap_route # SKIP mremap route requires corten=on
[    5.442949]     ok 105 corten_arena_test_fork_faithful # SKIP metadata mirror requires corten=on
[    5.461295]     ok 106 corten_arena_test_fork_unwind
[    5.483870]     ok 107 corten_arena_test_fork_multipiece
[    5.493117]     ok 108 corten_arena_test_fork_perm # SKIP mprotect route requires corten=on
[    5.500185]     ok 109 corten_arena_test_inv7_shared_ro # SKIP metadata mirror requires corten=on
[    5.508671]     ok 110 corten_arena_test_inv7_swapped # SKIP metadata mirror requires corten=on
[    5.519360]     ok 111 corten_arena_test_shrink_registry_count # SKIP shrinker bodies require corten=on
[    5.529149]     ok 112 corten_arena_test_shrink_aging_two_pass # SKIP shrinker bodies require corten=on
[    5.542024]     ok 113 corten_arena_test_shrink_rotation # SKIP shrinker bodies require corten=on
[    5.550032]     ok 114 corten_arena_test_fork_swapped # SKIP fork mirror requires corten=on
[    5.563226]     ok 115 corten_arena_test_fork_f2_gate # SKIP metadata mirror requires corten=on
[    5.634365]     ok 116 corten_arena_test_fork_drain_leak # SKIP metadata mirror requires corten=on
[    5.676613]     ok 117 corten_arena_test_unshare_pin # SKIP metadata mirror requires corten=on
[    5.687916]     ok 118 corten_arena_test_fork_reuse_exclusive # SKIP metadata mirror requires corten=on
[    5.692901]     ok 119 corten_arena_test_gup_state1_uncommitted # SKIP metadata mirror requires corten=on
[    5.701595]     ok 120 corten_arena_test_gup_state2_committed_rw # SKIP metadata mirror requires corten=on
[    5.712010]     ok 121 corten_arena_test_gup_state3_fork_cow # SKIP metadata mirror requires corten=on
[    5.721213]     ok 122 corten_arena_test_gup_state3b_downgrade_restore # SKIP metadata mirror requires corten=on
[    5.733042]     ok 123 corten_arena_test_gup_state4_pin_zap # SKIP metadata mirror requires corten=on
[    5.758824]     ok 124 corten_arena_test_concurrent
[    5.776656]     ok 125 corten_arena_test_concurrent_window
[    5.787297]     ok 126 corten_arena_test_obs_ledger
[    5.790577]     ok 127 corten_arena_test_drain_timeout_stat
[    5.795335]     ok 128 corten_arena_test_novma_rmap
[    5.800731]     ok 129 corten_arena_test_brk_delegation # SKIP brk ledger requires corten=on
[    5.805100]     ok 130 corten_arena_test_brk_region_route # SKIP brk region migration requires corten=on
[    5.809846]     ok 131 corten_arena_test_brk_region_exit # SKIP brk region migration requires corten=on
[    5.816062]     ok 132 corten_arena_test_whitelist_audit # SKIP whitelist audit requires corten=on
[    5.821608] # corten_arena: pass:27 fail:0 skip:105 total:132
[    5.826851] # Totals: pass:27 fail:0 skip:105 total:132
[    5.832012] ok 2 corten_arena
[    5.837833]     KTAP version 1
[    5.840017]     # Subtest: corten_fault
[    5.843467]     # module: corten_fault_test
[    5.843474]     1..39
[    5.852916]     ok 1 corten_fault_test_dispatch
[    5.854737]     ok 2 corten_fault_test_fig8_cow
[    5.859559]     ok 3 corten_fault_test_unmap_classify
[    5.865875]     ok 4 corten_fault_test_mmap_classify
[    5.871006]     ok 5 corten_fault_test_file_may_matrix
[    5.874714]     ok 6 corten_fault_test_punch_classify
[    5.883580]     ok 7 corten_fault_test_map_anon # SKIP real fault chain requires corten=on
[    5.892463]     ok 8 corten_fault_test_zero_page # SKIP real fault chain requires corten=on
[    5.902243]     ok 9 corten_fault_test_sigsegv # SKIP real fault chain requires corten=on
[    5.913724]     ok 10 corten_fault_test_fresh_fault # SKIP real fault chain requires corten=on
[    5.927472]     ok 11 corten_fault_test_churn_repro # SKIP real fault chain requires corten=on
[    5.936919]     ok 12 corten_fault_test_untracked_drift # SKIP real fault chain requires corten=on
[    5.951721]     ok 13 corten_fault_test_restore # SKIP real fault chain requires corten=on
[    5.963109]     ok 14 corten_fault_test_cow_reuse # SKIP real fault chain requires corten=on
[    5.971148]     ok 15 corten_fault_test_cow_copy # SKIP real fault chain requires corten=on
[    5.981433]     ok 16 corten_fault_test_foll_force # SKIP real fault chain requires corten=on
[    5.999790]     ok 17 corten_fault_test_cow_race # SKIP real fault chain requires corten=on
[    6.011592]     ok 18 corten_fault_test_mprotect_pte # SKIP real fault chain requires corten=on
[    6.020866]     ok 19 corten_fault_test_mprotect_fresh # SKIP real fault chain requires corten=on
[    6.032641]     ok 20 corten_fault_test_zap_keep_perm # SKIP real fault chain requires corten=on
[    6.042618]     ok 21 corten_fault_test_zap_keep_perm_downgrade # SKIP real fault chain requires corten=on
[    6.051249]     ok 22 corten_fault_test_untracked_rearm # SKIP real fault chain requires corten=on
[    6.058756]     ok 23 corten_fault_test_fill_upper_race # SKIP real fault chain requires corten=on
[    6.065558]     ok 24 corten_fault_test_map_race # SKIP real fault chain requires corten=on
[    6.071039]     ok 25 corten_fault_test_chunk_unmap # SKIP real fault chain requires corten=on
[    6.081312]     ok 26 corten_fault_test_punch_hole # SKIP real fault chain requires corten=on
[    6.092005]     ok 27 corten_fault_test_punch_head # SKIP real fault chain requires corten=on
[    6.096604]     ok 28 corten_fault_test_rmap_guard # SKIP reclaim guard requires corten=on
[    6.106177]     ok 29 corten_fault_test_ttu_route # SKIP ttu route requires corten=on
[    6.112832]     ok 30 corten_fault_test_ttu_dual_entry # SKIP ttu dual entry requires corten=on
[    6.119201]     ok 31 corten_fault_test_reap_skip # SKIP reap skip requires corten=on
[    6.132217]     ok 32 corten_fault_test_swap_encode
[    6.140293]     ok 33 corten_fault_test_swap_roundtrip # SKIP swap transaction requires corten=on
[    6.146765]     ok 34 corten_fault_test_swap_zap_free # SKIP swap transaction requires corten=on
[    6.154967]     ok 35 corten_fault_test_driver_keep_noswap # SKIP driver requires corten=on
[    6.163600]     ok 36 corten_fault_test_driver_swap_roundtrip # SKIP driver requires corten=on
[    6.167973]     ok 37 corten_fault_test_swap_mprotect_pending # SKIP real fault chain requires corten=on
[    6.171530]     ok 38 corten_fault_test_unuse_windows # SKIP unuse sweep requires corten=on
[    6.176491]     ok 39 corten_fault_test_unuse_windows_cache # SKIP unuse sweep requires corten=on
[    6.181756] # corten_fault: pass:7 fail:0 skip:32 total:39
[    6.192121] # Totals: pass:7 fail:0 skip:32 total:39
[    6.199174] ok 3 corten_fault
[    6.212895] check access for rdinit=/init failed: -2, ignoring
[    6.214503] md: Waiting for all devices to be available before autodetect
[    6.217377] md: If you don't use raid, use raid=noautodetect
[    6.220657] md: Autodetecting RAID arrays.
[    6.222201] md: autorun ...
[    6.222775] md: ... autorun DONE.
[    6.224825] /dev/root: Can't open blockdev
[    6.226162] VFS: Cannot open root device "" or unknown-block(0,0): error -6
[    6.229300] Please append a correct "root=" boot option; here are the available partitions:
[    6.234497] 0b00         1048575 sr0 
[    6.234500]  driver: sr
[    6.239293] List of all bdev filesystems:
[    6.242562]  ext3
[    6.242564]  ext2
[    6.243003]  ext4
[    6.245477]  vfat
[    6.246514]  msdos
[    6.247697]  iso9660
[    6.249780]  f2fs
[    6.251636]  erofs
[    6.254189] 
[    6.257811] Kernel panic - not syncing: VFS: Unable to mount root fs on unknown-block(0,0)
[    6.263204] CPU: 2 UID: 0 PID: 1 Comm: swapper/0 Tainted: G        W        N  6.18.32-g87220166a815-dirty #335 PREEMPT(voluntary) 
[    6.270086] Tainted: [W]=WARN, [N]=TEST
[    6.273039] Hardware name: QEMU Standard PC (i440FX + PIIX, 1996), BIOS 1.15.0-1 04/01/2014
[    6.279267] Call Trace:
[    6.282084]  <TASK>
[    6.283829]  vpanic+0x34f/0x360
[    6.285751]  panic+0x56/0x60
[    6.287854]  mount_root_generic+0x1ff/0x320
[    6.291915]  prepare_namespace+0x63/0x270
[    6.295177]  kernel_init_freeable+0x29f/0x2f0
[    6.298374]  ? __pfx_kernel_init+0x10/0x10
[    6.301048]  kernel_init+0x15/0x1c0
[    6.304915]  ret_from_fork+0x144/0x160
[    6.307842]  ? __pfx_kernel_init+0x10/0x10
[    6.310031]  ret_from_fork_asm+0x1a/0x30
[    6.313371]  </TASK>
[    6.321151] Kernel Offset: 0x8800000 from 0xffffffff81000000 (relocation range: 0xffffffff80000000-0xffffffffbfffffff)
