[    0.000000] Linux version 6.18.32-gb4b425245193-dirty (ppw@vm) (gcc (Ubuntu 11.4.0-1ubuntu1~22.04.3) 11.4.0, GNU ld (GNU Binutils for Ubuntu) 2.38) #395 SMP PREEMPT_DYNAMIC Tue Oct  6 11:41:06 CST 2026
[    0.000000] Command line: console=ttyS0 corten=on console=ttyS0 kunit.filter_glob=corten* panic=-1
[    0.000000] BIOS-provided physical RAM map:
[    0.000000] BIOS-e820: [mem 0x0000000000000000-0x000000000009fbff] usable
[    0.000000] BIOS-e820: [mem 0x000000000009fc00-0x000000000009ffff] reserved
[    0.000000] BIOS-e820: [mem 0x00000000000f0000-0x00000000000fffff] reserved
[    0.000000] BIOS-e820: [mem 0x0000000000100000-0x000000007ffdffff] usable
[    0.000000] BIOS-e820: [mem 0x000000007ffe0000-0x000000007fffffff] reserved
[    0.000000] BIOS-e820: [mem 0x00000000feffc000-0x00000000feffffff] reserved
[    0.000000] BIOS-e820: [mem 0x00000000fffc0000-0x00000000ffffffff] reserved
[    0.000000] NX (Execute Disable) protection: active
[    0.000000] APIC: Static calls initialized
[    0.000000] SMBIOS 2.8 present.
[    0.000000] DMI: QEMU Standard PC (i440FX + PIIX, 1996), BIOS 1.15.0-1 04/01/2014
[    0.000000] DMI: Memory slots populated: 1/1
[    0.000000] Hypervisor detected: KVM
[    0.000000] last_pfn = 0x7ffe0 max_arch_pfn = 0x400000000
[    0.000000] kvm-clock: Using msrs 4b564d01 and 4b564d00
[    0.000007] kvm-clock: using sched offset of 2422764355 cycles
[    0.000012] clocksource: kvm-clock: mask: 0xffffffffffffffff max_cycles: 0x1cd42e4dffb, max_idle_ns: 881590591483 ns
[    0.000139] tsc: Detected 2419.196 MHz processor
[    0.003232] last_pfn = 0x7ffe0 max_arch_pfn = 0x400000000
[    0.003922] MTRR map: 4 entries (3 fixed + 1 variable; max 19), built from 8 variable MTRRs
[    0.003950] x86/PAT: Configuration [0-7]: WB  WC  UC- UC  WB  WP  UC- WT  
[    0.019931] found SMP MP-table at [mem 0x000f5ba0-0x000f5baf]
[    0.019974] Using GB pages for direct mapping
[    0.020662] ACPI: Early table checksum verification disabled
[    0.020813] ACPI: RSDP 0x00000000000F59E0 000014 (v00 BOCHS )
[    0.020965] ACPI: RSDT 0x000000007FFE1B95 000034 (v01 BOCHS  BXPC     00000001 BXPC 00000001)
[    0.021258] ACPI: FACP 0x000000007FFE1A11 000074 (v01 BOCHS  BXPC     00000001 BXPC 00000001)
[    0.021353] ACPI: DSDT 0x000000007FFE0040 0019D1 (v01 BOCHS  BXPC     00000001 BXPC 00000001)
[    0.021356] ACPI: FACS 0x000000007FFE0000 000040
[    0.021357] ACPI: APIC 0x000000007FFE1A85 0000B0 (v01 BOCHS  BXPC     00000001 BXPC 00000001)
[    0.021359] ACPI: HPET 0x000000007FFE1B35 000038 (v01 BOCHS  BXPC     00000001 BXPC 00000001)
[    0.021361] ACPI: WAET 0x000000007FFE1B6D 000028 (v01 BOCHS  BXPC     00000001 BXPC 00000001)
[    0.021363] ACPI: Reserving FACP table memory at [mem 0x7ffe1a11-0x7ffe1a84]
[    0.021364] ACPI: Reserving DSDT table memory at [mem 0x7ffe0040-0x7ffe1a10]
[    0.021365] ACPI: Reserving FACS table memory at [mem 0x7ffe0000-0x7ffe003f]
[    0.021365] ACPI: Reserving APIC table memory at [mem 0x7ffe1a85-0x7ffe1b34]
[    0.021366] ACPI: Reserving HPET table memory at [mem 0x7ffe1b35-0x7ffe1b6c]
[    0.021366] ACPI: Reserving WAET table memory at [mem 0x7ffe1b6d-0x7ffe1b94]
[    0.023592] No NUMA configuration found
[    0.023595] Faking a node at [mem 0x0000000000000000-0x000000007ffdffff]
[    0.023598] NODE_DATA(0) allocated [mem 0x7ffdbe40-0x7ffdffff]
[    0.024901] Zone ranges:
[    0.024904]   DMA      [mem 0x0000000000001000-0x0000000000ffffff]
[    0.024909]   DMA32    [mem 0x0000000001000000-0x000000007ffdffff]
[    0.024913]   Normal   empty
[    0.024915] Movable zone start for each node
[    0.024916] Early memory node ranges
[    0.024917]   node   0: [mem 0x0000000000001000-0x000000000009efff]
[    0.024920]   node   0: [mem 0x0000000000100000-0x000000007ffdffff]
[    0.024924] Initmem setup node 0 [mem 0x0000000000001000-0x000000007ffdffff]
[    0.031368] On node 0, zone DMA: 1 pages in unavailable ranges
[    0.041354] On node 0, zone DMA: 97 pages in unavailable ranges
[    1.185888] On node 0, zone DMA32: 32 pages in unavailable ranges
[    1.189690] ACPI: PM-Timer IO Port: 0x608
[    1.189795] ACPI: LAPIC_NMI (acpi_id[0xff] dfl dfl lint[0x1])
[    1.193313] IOAPIC[0]: apic_id 0, version 17, address 0xfec00000, GSI 0-23
[    1.193329] ACPI: INT_SRC_OVR (bus 0 bus_irq 0 global_irq 2 dfl dfl)
[    1.193335] ACPI: INT_SRC_OVR (bus 0 bus_irq 5 global_irq 5 high level)
[    1.193339] ACPI: INT_SRC_OVR (bus 0 bus_irq 9 global_irq 9 high level)
[    1.193394] ACPI: INT_SRC_OVR (bus 0 bus_irq 10 global_irq 10 high level)
[    1.193398] ACPI: INT_SRC_OVR (bus 0 bus_irq 11 global_irq 11 high level)
[    1.193437] ACPI: Using ACPI (MADT) for SMP configuration information
[    1.193440] ACPI: HPET id: 0x8086a201 base: 0xfed00000
[    1.193697] TSC deadline timer available
[    1.193798] CPU topo: Max. logical packages:   1
[    1.193801] CPU topo: Max. logical dies:       1
[    1.193802] CPU topo: Max. dies per package:   1
[    1.193812] CPU topo: Max. threads per core:   1
[    1.193814] CPU topo: Num. cores per package:     8
[    1.193815] CPU topo: Num. threads per package:   8
[    1.193816] CPU topo: Allowing 8 present CPUs plus 0 hotplug CPUs
[    1.194158] kvm-guest: APIC: eoi() replaced with kvm_guest_apic_eoi_write()
[    1.194402] kvm-guest: KVM setup pv remote TLB flush
[    1.194462] kvm-guest: setup PV sched yield
[    1.195676] PM: hibernation: Registered nosave memory: [mem 0x00000000-0x00000fff]
[    1.195682] PM: hibernation: Registered nosave memory: [mem 0x0009f000-0x000fffff]
[    1.195689] [mem 0x80000000-0xfeffbfff] available for PCI devices
[    1.195785] Booting paravirtualized kernel on KVM
[    1.196034] clocksource: refined-jiffies: mask: 0xffffffff max_cycles: 0xffffffff, max_idle_ns: 1910969940391419 ns
[    1.222219] setup_percpu: NR_CPUS:64 nr_cpumask_bits:8 nr_cpu_ids:8 nr_node_ids:1
[    1.304586] percpu: Embedded 56 pages/cpu s192080 r8192 d29104 u262144
[    1.305931] Kernel command line: console=ttyS0 corten=on console=ttyS0 kunit.filter_glob=corten* panic=-1
[    1.307076] corten: requested on, activating at initcall time
[    1.307527] random: crng init done
[    1.307531] printk: log buffer data + meta data: 262144 + 917504 = 1179648 bytes
[    1.384493] Dentry cache hash table entries: 262144 (order: 9, 2097152 bytes, linear)
[    1.403701] Inode-cache hash table entries: 131072 (order: 8, 1048576 bytes, linear)
[    1.407225] Fallback order for Node 0: 0 
[    1.407237] Built 1 zonelists, mobility grouping on.  Total pages: 524158
[    1.407241] Policy zone: DMA32
[    1.407250] mem auto-init: stack:off, heap alloc:off, heap free:off
[    1.579585] SLUB: HWalign=64, Order=0-3, MinObjects=0, CPUs=8, Nodes=1
[    1.608624] Dynamic Preempt: voluntary
[    1.620279] Running RCU self tests
[    1.620285] Running RCU synchronous self tests
[    1.620288] rcu: Preemptible hierarchical RCU implementation.
[    1.620289] rcu: 	RCU event tracing is enabled.
[    1.620290] rcu: 	RCU lockdep checking is enabled.
[    1.620291] rcu: 	RCU restricting CPUs from NR_CPUS=64 to nr_cpu_ids=8.
[    1.620296] 	Trampoline variant of Tasks RCU enabled.
[    1.620297] 	Tracing variant of Tasks RCU enabled.
[    1.620324] rcu: RCU calculated value of scheduler-enlistment delay is 100 jiffies.
[    1.620327] rcu: Adjusting geometry for rcu_fanout_leaf=16, nr_cpu_ids=8
[    1.621073] Running RCU synchronous self tests
[    1.621084] RCU Tasks: Setting shift to 3 and lim to 1 rcu_task_cb_adjust=1 rcu_task_cpu_ids=8.
[    1.621091] RCU Tasks Trace: Setting shift to 3 and lim to 1 rcu_task_cb_adjust=1 rcu_task_cpu_ids=8.
[    1.636183] NR_IRQS: 4352, nr_irqs: 488, preallocated irqs: 16
[    1.638315] rcu: srcu_init: Setting srcu_struct sizes based on contention.
[    1.678482] Console: colour VGA+ 80x25
[    1.678835] printk: legacy console [ttyS0] enabled
[    2.211176] Lock dependency validator: Copyright (c) 2006 Red Hat, Inc., Ingo Molnar
[    2.216439] ... MAX_LOCKDEP_SUBCLASSES:  8
[    2.221060] ... MAX_LOCK_DEPTH:          48
[    2.224958] ... MAX_LOCKDEP_KEYS:        8192
[    2.228199] ... CLASSHASH_SIZE:          4096
[    2.231099] ... MAX_LOCKDEP_ENTRIES:     32768
[    2.234822] ... MAX_LOCKDEP_CHAINS:      65536
[    2.236284] ... CHAINHASH_SIZE:          32768
[    2.239030]  memory used by lock dependency info: 6429 kB
[    2.243185]  memory used for stack traces: 4224 kB
[    2.246431]  per task-struct memory footprint: 1920 bytes
[    2.250978] ACPI: Core revision 20250807
[    2.256699] clocksource: hpet: mask: 0xffffffff max_cycles: 0xffffffff, max_idle_ns: 19112604467 ns
[    2.265664] APIC: Switch to symmetric I/O mode setup
[    2.275834] x2apic enabled
[    2.284717] APIC: Switched APIC routing to: physical x2apic
[    2.290623] kvm-guest: APIC: send_IPI_mask() replaced with kvm_send_ipi_mask()
[    2.296963] kvm-guest: APIC: send_IPI_mask_allbutself() replaced with kvm_send_ipi_mask_allbutself()
[    2.304831] kvm-guest: setup PV IPIs
[    2.331371] ..TIMER: vector=0x30 apic1=0 pin1=2 apic2=-1 pin2=-1
[    2.337839] clocksource: tsc-early: mask: 0xffffffffffffffff max_cycles: 0x22df0d21928, max_idle_ns: 440795225288 ns
[    2.347241] Calibrating delay loop (skipped) preset value.. 4838.39 BogoMIPS (lpj=2419196)
[    2.351168] x86/cpu: User Mode Instruction Prevention (UMIP) activated
[    2.353482] Last level iTLB entries: 4KB 0, 2MB 0, 4MB 0
[    2.354224] Last level dTLB entries: 4KB 0, 2MB 0, 4MB 0, 1GB 0
[    2.355320] mitigations: Enabled attack vectors: user_kernel, user_user, SMT mitigations: auto
[    2.356227] Speculative Store Bypass: Mitigation: Speculative Store Bypass disabled via prctl
[    2.357219] Spectre V2 : Mitigation: Enhanced / Automatic IBRS
[    2.358225] ITS: Mitigation: Aligned branch/return thunks
[    2.359223] Spectre V1 : Mitigation: usercopy/swapgs barriers and __user pointer sanitization
[    2.360269] Spectre V2 : Spectre v2 / PBRSB-eIBRS: Retire a single CALL on VMEXIT
[    2.361236] Spectre V2 : mitigation: Enabling conditional Indirect Branch Prediction Barrier
[    2.362250] active return thunk: its_return_thunk
[    2.365288] x86/fpu: Supporting XSAVE feature 0x001: 'x87 floating point registers'
[    2.366231] x86/fpu: Supporting XSAVE feature 0x002: 'SSE registers'
[    2.367221] x86/fpu: Supporting XSAVE feature 0x004: 'AVX registers'
[    2.368227] x86/fpu: Supporting XSAVE feature 0x200: 'Protection Keys User registers'
[    2.369237] x86/fpu: xstate_offset[2]:  576, xstate_sizes[2]:  256
[    2.370223] x86/fpu: xstate_offset[9]:  832, xstate_sizes[9]:    8
[    2.371222] x86/fpu: Enabled xstate features 0x207, context size is 840 bytes, using 'compacted' format.
[    2.522912] Freeing SMP alternatives memory: 64K
[    2.523240] pid_max: default: 32768 minimum: 301
[    2.524438] LSM: initializing lsm=capability,selinux
[    2.525347] SELinux:  Initializing.
[    2.530592] Mount-cache hash table entries: 4096 (order: 3, 32768 bytes, linear)
[    2.531382] Mountpoint-cache hash table entries: 4096 (order: 3, 32768 bytes, linear)
[    2.544358] Running RCU synchronous self tests
[    2.545223] Running RCU synchronous self tests
[    2.551549] smpboot: CPU0: 13th Gen Intel(R) Core(TM) i9-13900HX (family: 0x6, model: 0xb7, stepping: 0x1)
[    2.556214] Performance Events: Alderlake Hybrid events, core PMU driver.
[    2.560242] core: CPUID marked event: 'cpu cycles' unavailable
[    2.561263] core: CPUID marked event: 'instructions' unavailable
[    2.562274] core: CPUID marked event: 'bus cycles' unavailable
[    2.563268] core: CPUID marked event: 'cache references' unavailable
[    2.564262] core: CPUID marked event: 'cache misses' unavailable
[    2.565260] core: CPUID marked event: 'branch instructions' unavailable
[    2.566273] core: CPUID marked event: 'branch misses' unavailable
[    2.569076] core: The event 0x100 is not supported as a normal event.
[    2.569272] core: The event 0x300 is not supported as a normal event.
[    2.570265] core: The event 0x400 is not supported as a normal event.
[    2.571264] core: The event 0x8000 is not supported as a normal event.
[    2.572261] core: The event 0x8100 is not supported as a normal event.
[    2.573241] core: The event 0x8200 is not supported as a normal event.
[    2.574267] core: The event 0x8300 is not supported as a normal event.
[    2.575263] core: The event 0x8400 is not supported as a normal event.
[    2.576243] core: The event 0x8500 is not supported as a normal event.
[    2.577260] core: The event 0x8600 is not supported as a normal event.
[    2.578262] core: The event 0x8700 is not supported as a normal event.
[    2.579902] core: cpu_core PMU driver: 
[    2.580263] ... version:                   1
[    2.581260] ... bit width:                 48
[    2.582259] ... generic counters:          6
[    2.583260] ... generic bitmap:            000000000000003f
[    2.584234] ... fixed-purpose counters:    0
[    2.585277] ... fixed-purpose bitmap:      0000000000000000
[    2.586239] ... value mask:                0000ffffffffffff
[    2.587343] ... max period:                000000007fffffff
[    2.588274] ... global_ctrl mask:          000100000000003f
[    2.590518] signal: max sigframe size: 3632
[    2.592584] rcu: Hierarchical SRCU implementation.
[    2.593270] rcu: 	Max phase no-delay instances is 400.
[    2.598007] Timer migration: 1 hierarchy levels; 8 children per group; 1 crossnode level
[    2.613604] corten: page descriptors enabled
[    2.622214] smp: Bringing up secondary CPUs ...
[    2.628427] smpboot: x86: Booting SMP configuration:
[    2.629266] .... node  #0, CPUs:      #1 #2 #3 #4 #5 #6 #7
[    2.707401] smp: Brought up 1 node, 8 CPUs
[    2.709267] smpboot: Total of 8 processors activated (38707.13 BogoMIPS)
[    2.713672] Memory: 1988352K/2096632K available (23528K kernel code, 3536K rwdata, 9452K rodata, 3596K init, 12440K bss, 99840K reserved, 0K cma-reserved)
[    2.724271] devtmpfs: initialized
[    2.739745] Running RCU synchronous self tests
[    2.740327] Running RCU synchronous self tests
[    2.745361] Running RCU Tasks wait API self tests
[    2.747314] Running RCU Tasks Trace wait API self tests
[    2.763349] clocksource: jiffies: mask: 0xffffffff max_cycles: 0xffffffff, max_idle_ns: 1911260446275000 ns
[    2.764300] posixtimers hash table entries: 4096 (order: 7, 294912 bytes, linear)
[    2.785254] Callback from call_rcu_tasks_trace() invoked.
[    2.786575] futex hash table entries: 2048 (262144 bytes on 1 NUMA nodes, total 256 KiB, linear).
[    2.791874] PM: RTC time: 03:50:37, date: 2026-10-06
[    2.863691] NET: Registered PF_NETLINK/PF_ROUTE protocol family
[    2.867214] audit: initializing netlink subsys (disabled)
[    2.869564] audit: type=2000 audit(1791258636.996:1): state=initialized audit_enabled=0 res=1
[    2.871963] thermal_sys: Registered thermal governor 'step_wise'
[    2.872721] cpuidle: using governor menu
[    2.878214] PCI: Using configuration type 1 for base access
[    2.879626] kprobes: kprobe jump-optimization is enabled. All kprobes are optimized if possible.
[    2.895175] HugeTLB: registered 2.00 MiB page size, pre-allocated 0 pages
[    2.895280] HugeTLB: 28 KiB vmemmap can be freed for a 2.00 MiB page
[    2.942214] ACPI: Added _OSI(Module Device)
[    2.942325] ACPI: Added _OSI(Processor Device)
[    2.943241] ACPI: Added _OSI(Processor Aggregator Device)
[    2.950342] ACPI: 1 ACPI AML tables successfully acquired and loaded
[    2.959239] Callback from call_rcu_tasks() invoked.
[    2.968214] ACPI: Interpreter enabled
[    2.968427] ACPI: PM: (supports S0 S3 S4 S5)
[    2.969295] ACPI: Using IOAPIC for interrupt routing
[    2.970408] PCI: Using host bridge windows from ACPI; if necessary, use "pci=nocrs" and report a bug
[    2.971276] PCI: Using E820 reservations for host bridge windows
[    2.973021] ACPI: Enabled 2 GPEs in block 00 to 0F
[    3.002578] ACPI: PCI Root Bridge [PCI0] (domain 0000 [bus 00-ff])
[    3.003244] acpi PNP0A03:00: _OSC: OS supports [ASPM ClockPM Segments MSI HPX-Type3]
[    3.004232] acpi PNP0A03:00: _OSC: not requesting OS control; OS requires [ExtendedConfig ASPM ClockPM MSI]
[    3.005861] acpi PNP0A03:00: fail to add MMCONFIG information, can't access extended configuration space under this bridge
[    3.008023] PCI host bridge to bus 0000:00
[    3.008308] pci_bus 0000:00: root bus resource [io  0x0000-0x0cf7 window]
[    3.009233] pci_bus 0000:00: root bus resource [io  0x0d00-0xffff window]
[    3.010292] pci_bus 0000:00: root bus resource [mem 0x000a0000-0x000bffff window]
[    3.011288] pci_bus 0000:00: root bus resource [mem 0x80000000-0xfebfffff window]
[    3.012287] pci_bus 0000:00: root bus resource [mem 0x100000000-0x17fffffff window]
[    3.013274] pci_bus 0000:00: root bus resource [bus 00-ff]
[    3.015214] pci 0000:00:00.0: [8086:1237] type 00 class 0x060000 conventional PCI endpoint
[    3.021164] pci 0000:00:01.0: [8086:7000] type 00 class 0x060100 conventional PCI endpoint
[    3.027214] pci 0000:00:01.1: [8086:7010] type 00 class 0x010180 conventional PCI endpoint
[    3.031648] pci 0000:00:01.1: BAR 4 [io  0xc040-0xc04f]
[    3.032676] pci 0000:00:01.1: BAR 0 [io  0x01f0-0x01f7]: legacy IDE quirk
[    3.033268] pci 0000:00:01.1: BAR 1 [io  0x03f6]: legacy IDE quirk
[    3.034272] pci 0000:00:01.1: BAR 2 [io  0x0170-0x0177]: legacy IDE quirk
[    3.035262] pci 0000:00:01.1: BAR 3 [io  0x0376]: legacy IDE quirk
[    3.037812] pci 0000:00:01.3: [8086:7113] type 00 class 0x068000 conventional PCI endpoint
[    3.040532] pci 0000:00:01.3: quirk: [io  0x0600-0x063f] claimed by PIIX4 ACPI
[    3.041368] pci 0000:00:01.3: quirk: [io  0x0700-0x070f] claimed by PIIX4 SMB
[    3.045214] pci 0000:00:02.0: [1234:1111] type 00 class 0x030000 conventional PCI endpoint
[    3.053803] pci 0000:00:02.0: BAR 0 [mem 0xfd000000-0xfdffffff pref]
[    3.055473] pci 0000:00:02.0: BAR 2 [mem 0xfebb0000-0xfebb0fff]
[    3.056727] pci 0000:00:02.0: ROM [mem 0xfeba0000-0xfebaffff pref]
[    3.064773] pci 0000:00:02.0: Video device with shadowed ROM at [mem 0x000c0000-0x000dffff]
[    3.088020] pci 0000:00:03.0: [8086:100e] type 00 class 0x020000 conventional PCI endpoint
[    3.091336] pci 0000:00:03.0: BAR 0 [mem 0xfeb80000-0xfeb9ffff]
[    3.092377] pci 0000:00:03.0: BAR 1 [io  0xc000-0xc03f]
[    3.093765] pci 0000:00:03.0: ROM [mem 0xfeb00000-0xfeb7ffff pref]
[    3.123572] ACPI: PCI: Interrupt link LNKA configured for IRQ 10
[    3.125214] ACPI: PCI: Interrupt link LNKB configured for IRQ 10
[    3.126176] ACPI: PCI: Interrupt link LNKC configured for IRQ 11
[    3.127122] ACPI: PCI: Interrupt link LNKD configured for IRQ 11
[    3.127930] ACPI: PCI: Interrupt link LNKS configured for IRQ 9
[    3.151301] iommu: Default domain type: Translated
[    3.152270] iommu: DMA domain TLB invalidation policy: lazy mode
[    3.188204] SCSI subsystem initialized
[    3.197616] ACPI: bus type USB registered
[    3.198895] usbcore: registered new interface driver usbfs
[    3.199357] usbcore: registered new interface driver hub
[    3.200377] usbcore: registered new device driver usb
[    3.203526] pps_core: LinuxPPS API ver. 1 registered
[    3.204239] pps_core: Software ver. 5.3.6 - Copyright 2005-2007 Rodolfo Giometti <giometti@linux.it>
[    3.205331] PTP clock support registered
[    3.211027] Advanced Linux Sound Architecture Driver Initialized.
[    3.235571] NetLabel: Initializing
[    3.236266] NetLabel:  domain hash size = 128
[    3.237265] NetLabel:  protocols = UNLABELED CIPSOv4 CALIPSO
[    3.239891] NetLabel:  unlabeled traffic allowed by default
[    3.248445] PCI: Using ACPI for IRQ routing
[    3.252177] pci 0000:00:02.0: vgaarb: setting as boot VGA device
[    3.252214] pci 0000:00:02.0: vgaarb: bridge control possible
[    3.252214] pci 0000:00:02.0: vgaarb: VGA device added: decodes=io+mem,owns=io+mem,locks=none
[    3.252271] vgaarb: loaded
[    3.257666] hpet0: at MMIO 0xfed00000, IRQs 2, 8, 0
[    3.258263] hpet0: 3 comparators, 64-bit 100.000000 MHz counter
[    3.273080] clocksource: Switched to clocksource kvm-clock
[    3.332497] VFS: Disk quotas dquot_6.6.0
[    3.337310] VFS: Dquot-cache hash table entries: 512 (order 0, 4096 bytes)
[    3.350712] pnp: PnP ACPI init
[    3.363160] pnp: PnP ACPI: found 6 devices
[    3.446966] clocksource: acpi_pm: mask: 0xffffff max_cycles: 0xffffff, max_idle_ns: 2085701024 ns
[    3.460572] NET: Registered PF_INET protocol family
[    3.480512] IP idents hash table entries: 32768 (order: 6, 262144 bytes, linear)
[    3.545858] tcp_listen_portaddr_hash hash table entries: 1024 (order: 5, 73728 bytes, linear)
[    3.572089] Table-perturb hash table entries: 65536 (order: 6, 262144 bytes, linear)
[    3.582424] TCP established hash table entries: 16384 (order: 5, 131072 bytes, linear)
[    3.594288] TCP bind hash table entries: 16384 (order: 10, 2359296 bytes, linear)
[    3.629623] TCP: Hash tables configured (established 16384 bind 16384)
[    3.640861] UDP hash table entries: 1024 (order: 6, 262144 bytes, linear)
[    3.649235] UDP-Lite hash table entries: 1024 (order: 6, 262144 bytes, linear)
[    3.663674] NET: Registered PF_UNIX/PF_LOCAL protocol family
[    3.681328] RPC: Registered named UNIX socket transport module.
[    3.688238] RPC: Registered udp transport module.
[    3.694388] RPC: Registered tcp transport module.
[    3.700533] RPC: Registered tcp-with-tls transport module.
[    3.707242] RPC: Registered tcp NFSv4.1 backchannel transport module.
[    3.720817] pci_bus 0000:00: resource 4 [io  0x0000-0x0cf7 window]
[    3.728208] pci_bus 0000:00: resource 5 [io  0x0d00-0xffff window]
[    3.736340] pci_bus 0000:00: resource 6 [mem 0x000a0000-0x000bffff window]
[    3.744638] pci_bus 0000:00: resource 7 [mem 0x80000000-0xfebfffff window]
[    3.753204] pci_bus 0000:00: resource 8 [mem 0x100000000-0x17fffffff window]
[    3.762855] pci 0000:00:01.0: PIIX3: Enabling Passive Release
[    3.766083] pci 0000:00:00.0: Limiting direct PCI/PCI transfers
[    3.773520] PCI: CLS 0 bytes, default 64
[    3.781706] RAPL PMU: API unit is 2^-32 Joules, 0 fixed counters, 10737418240 ms ovfl timer
[    3.790629] clocksource: tsc: mask: 0xffffffffffffffff max_cycles: 0x22df0d21928, max_idle_ns: 440795225288 ns
[    3.863863] Initialise system trusted keyrings
[    3.874729] workingset: timestamp_bits=40 max_order=19 bucket_order=0
[    3.896372] NFS: Registering the id_resolver key type
[    3.904227] Key type id_resolver registered
[    3.909729] Key type id_legacy registered
[    3.915909] 9p: Installing v9fs 9p2000 file system support
[    4.003011] Key type asymmetric registered
[    4.007443] Asymmetric key parser 'x509' registered
[    4.015073] Block layer SCSI generic (bsg) driver version 0.4 loaded (major 251)
[    4.026485] io scheduler mq-deadline registered
[    4.031572] io scheduler kyber registered
[    4.044852] input: Power Button as /devices/LNXSYSTM:00/LNXPWRBN:00/input/input0
[    4.057650] ACPI: button: Power Button [PWRF]
[    4.076251] Serial: 8250/16550 driver, 4 ports, IRQ sharing enabled
[    4.099459] 00:04: ttyS0 at I/O 0x3f8 (irq = 4, base_baud = 115200) is a 16550A
[    4.117434] Non-volatile memory driver v1.3
[    4.122585] Linux agpgart interface v0.103
[    4.415746] ACPI: bus type drm_connector registered
[    4.537802] loop: module loaded
[    4.545495] zram: Added device: zram0
[    4.569724] scsi host0: ata_piix
[    4.578696] scsi host1: ata_piix
[    4.584041] ata1: PATA max MWDMA2 cmd 0x1f0 ctl 0x3f6 bmdma 0xc040 irq 14 lpm-pol 0
[    4.592943] ata2: PATA max MWDMA2 cmd 0x170 ctl 0x376 bmdma 0xc048 irq 15 lpm-pol 0
[    4.607341] tun: Universal TUN/TAP device driver, 1.6
[    4.614853] e100: Intel(R) PRO/100 Network Driver
[    4.620155] e100: Copyright(c) 1999-2006 Intel Corporation
[    4.627115] e1000: Intel(R) PRO/1000 Network Driver
[    4.631866] e1000: Copyright (c) 1999-2006 Intel Corporation.
[    4.760921] ata2: found unknown device (class 0)
[    4.767813] ata2.00: ATAPI: QEMU DVD-ROM, 2.5+, max UDMA/100
[    4.786290] scsi 1:0:0:0: CD-ROM            QEMU     QEMU DVD-ROM     2.5+ PQ: 0 ANSI: 5
[    4.838628] sr 1:0:0:0: [sr0] scsi3-mmc drive: 4x/4x cd/rw xa/form2 tray
[    4.843178] cdrom: Uniform CD-ROM driver Revision: 3.20
[    4.852046] ACPI: \_SB_.LNKC: Enabled at IRQ 11
[    4.884327] sr 1:0:0:0: Attached scsi generic sg0 type 5
[    5.975307] e1000 0000:00:03.0 eth0: (PCI:33MHz:32-bit) 52:54:00:12:34:56
[    5.983681] e1000 0000:00:03.0 eth0: Intel(R) PRO/1000 Network Connection
[    5.991877] e1000e: Intel(R) PRO/1000 Network Driver
[    5.999098] e1000e: Copyright(c) 1999 - 2015 Intel Corporation.
[    6.006607] sky2: driver version 1.30
[    6.015466] usbcore: registered new interface driver usblp
[    6.022411] usbcore: registered new interface driver usb-storage
[    6.026900] i8042: PNP: PS/2 Controller [PNP0303:KBD,PNP0f13:MOU] at 0x60,0x64 irq 1,12
[    6.047341] serio: i8042 KBD port at 0x60,0x64 irq 1
[    6.052554] serio: i8042 AUX port at 0x60,0x64 irq 12
[    6.063540] rtc_cmos 00:05: RTC can wake from S4
[    6.070190] input: AT Translated Set 2 keyboard as /devices/platform/i8042/serio0/input/input1
[    6.087830] rtc_cmos 00:05: registered as rtc0
[    6.096144] rtc_cmos 00:05: alarms up to one day, y3k, 242 bytes nvram, hpet irqs
[    6.115664] device-mapper: ioctl: 4.50.0-ioctl (2025-04-28) initialised: dm-devel@lists.linux.dev
[    6.131836] intel_pstate: CPU model not supported
[    6.137258] hid: raw HID events driver (C) Jiri Kosina
[    6.145314] usbcore: registered new interface driver usbhid
[    6.147216] usbhid: USB HID core driver
[    6.179231] xt_time: kernel timezone is -0000
[    6.185483] Initializing XFRM netlink socket
[    6.191815] NET: Registered PF_INET6 protocol family
[    6.210880] Segment Routing with IPv6
[    6.214305] In-situ OAM (IOAM) with IPv6
[    6.220015] sit: IPv6, IPv4 and MPLS over IPv4 tunneling driver
[    6.230487] NET: Registered PF_PACKET protocol family
[    6.236035] NET: Registered PF_KEY protocol family
[    6.242161] 9pnet: Installing 9P2000 support
[    6.249222] Key type dns_resolver registered
[    6.255259] NET: Registered PF_VSOCK protocol family
[    6.275855] IPI shorthand broadcast: enabled
[    6.358246] sched_clock: Marking stable (5662197576, 695857730)->(7661082139, -1303026833)
[    6.372502] registered taskstats version 1
[    6.380631] Loading compiled-in X.509 certificates
[    6.453578] Demotion targets for Node 0: null
[    6.461365] Key type .fscrypt registered
[    6.465331] Key type fscrypt-provisioning registered
[    6.474804] PM:   Magic number: 14:577:815
[    6.480385] netconsole: network logging started
[    6.487640] cfg80211: Loading compiled-in X.509 certificates for regulatory database
[    6.507195] kworker/u32:1 (96) used greatest stack depth: 12952 bytes left
[    6.514541] Loaded X.509 cert 'sforshee: 00b28ddf47aef9cea7'
[    6.521919] Loaded X.509 cert 'wens: 61c038651aabdcf94bd0ac7ff06c7248db18c600'
[    6.535232] ALSA device list:
[    6.540423] faux_driver regulatory: Direct firmware load for regulatory.db failed with error -2
[    6.542282]   No soundcards found.
[    6.551276] cfg80211: failed to load regulatory.db
[    6.555306] KTAP version 1
[    6.562042] 1..3
[    6.569842]     KTAP version 1
[    6.572021]     # Subtest: corten
[    6.575832]     # module: corten_test
[    6.575844]     1..27
[    6.589135]     ok 1 corten_test_layout # SKIP corten=on boot
[    6.593927]     ok 2 corten_test_ptdesc_get_put
[    6.599346] input: ImExPS/2 Generic Explorer Mouse as /devices/platform/i8042/serio1/input/input3
[    6.605304]     ok 3 corten_test_meta_roundtrip
[    6.623666]     ok 4 corten_test_meta_reinit_cleared
[    6.632617]     ok 5 corten_test_covering_level
[    6.643954]     ok 6 corten_test_covering_base_index
[    6.652685]     ok 7 corten_test_txn_covering
[    6.660493]     ok 8 corten_test_txn_hole
[    6.667532]     ok 9 corten_test_txn_stale_eagain
[    6.675372]     ok 10 corten_test_lock_range_args
[    6.679203]     ok 11 corten_test_txn_state_machine
[    6.687385]     ok 12 corten_test_txn_atomic_validate
[    6.698444]     ok 13 corten_test_txn_real_glue
[    6.761692]     ok 14 corten_test_txn_mutex_overlap
[    6.795687]     ok 15 corten_test_txn_mutex_disjoint
[    6.803674]     ok 16 corten_test_fail_alloc
[    6.812211]     ok 17 corten_test_txn_hole_fill
[    6.827193]     ok 18 corten_test_txn_hole_race
[    7.052446]     ok 19 corten_test_txn_uninstall_interlock
[    7.060286]     ok 20 corten_test_uninstall_bh_ctx
[    7.067507] ------------[ cut here ]------------
[    7.078974] WARNING: CPU: 2 PID: 150 at mm/corten.c:868 corten_txn_begin+0x191/0x4b0
[    7.087952] Modules linked in:
[    7.092170] CPU: 2 UID: 0 PID: 150 Comm: kunit_try_catch Tainted: G                 N  6.18.32-gb4b425245193-dirty #395 PREEMPT(voluntary) 
[    7.106366] Tainted: [N]=TEST
[    7.109920] Hardware name: QEMU Standard PC (i440FX + PIIX, 1996), BIOS 1.15.0-1 04/01/2014
[    7.117356] RIP: 0010:corten_txn_begin+0x191/0x4b0
[    7.123130] Code: 02 00 00 4c 89 ff 48 89 04 24 e8 0a 77 0e 01 4c 89 ff e8 02 71 0e 01 48 8b 04 24 41 0f b6 4f 5d 38 48 5d 0f 87 65 ff ff ff 90 <0f> 0b 90 41 80 7e 48 04 0f 86 61 ff ff ff 90 0f 0b 90 48 89 c7 e8
[    7.144292] RSP: 0000:ffffa1f1805bfda0 EFLAGS: 00010246
[    7.150026] RAX: ffffa0e3c2030cc0 RBX: 0000000000000fff RCX: 0000000000000002
[    7.159692] RDX: 0000000000000001 RSI: ffffffff939653a0 RDI: ffffa0e3c4af8b08
[    7.168475] RBP: 0000000000000000 R08: 0000000000000001 R09: 0000000000000000
[    7.176487] R10: 0000000000000050 R11: 0000000000000000 R12: ffffffff92e3f6c0
[    7.185403] R13: ffffa0e3c2064a00 R14: ffffa1f1805bfe00 R15: ffffa0e3c2030c00
[    7.193002] FS:  0000000000000000(0000) GS:ffffa0e4a96e7000(0000) knlGS:0000000000000000
[    7.201613] CS:  0010 DS: 0000 ES: 0000 CR0: 0000000080050033
[    7.208092] CR2: 0000000000000000 CR3: 0000000020850001 CR4: 0000000000770ef0
[    7.214858] PKRU: 55555554
[    7.217781] Call Trace:
[    7.220159]  <TASK>
[    7.222600]  ? __pfx_kunit_generic_run_threadfn_adapter+0x10/0x10
[    7.229235]  corten_test_txn_path_overflow+0xb5/0x2a0
[    7.235621]  ? kunit_try_run_case+0x63/0x150
[    7.241345]  kunit_try_run_case+0x6f/0x150
[    7.246277]  ? __pfx_kunit_generic_run_threadfn_adapter+0x10/0x10
[    7.250977]  kunit_generic_run_threadfn_adapter+0x1c/0x40
[    7.257367]  kthread+0x110/0x210
[    7.261438]  ? __pfx_kthread+0x10/0x10
[    7.265767]  ret_from_fork+0x1ed/0x240
[    7.270690]  ? __pfx_kthread+0x10/0x10
[    7.275012]  ret_from_fork_asm+0x1a/0x30
[    7.279607]  </TASK>
[    7.281976] irq event stamp: 406
[    7.284076] hardirqs last  enabled at (416): [<ffffffff919448ad>] __up_console_sem+0x4d/0x60
[    7.294836] hardirqs last disabled at (425): [<ffffffff91944892>] __up_console_sem+0x32/0x60
[    7.299405] softirqs last  enabled at (56): [<ffffffff91c0c293>] corten_ptdesc_install+0x123/0x180
[    7.307725] softirqs last disabled at (58): [<ffffffff91c0c798>] corten_txn_begin+0x78/0x4b0
[    7.318074] ---[ end trace 0000000000000000 ]---
[    7.324357] ------------[ cut here ]------------
[    7.328725] WARNING: CPU: 2 PID: 150 at mm/corten.c:815 corten_txn_begin+0x1a0/0x4b0
[    7.334415] Modules linked in:
[    7.335910] CPU: 2 UID: 0 PID: 150 Comm: kunit_try_catch Tainted: G        W        N  6.18.32-gb4b425245193-dirty #395 PREEMPT(voluntary) 
[    7.344210] Tainted: [W]=WARN, [N]=TEST
[    7.345778] Hardware name: QEMU Standard PC (i440FX + PIIX, 1996), BIOS 1.15.0-1 04/01/2014
[    7.348476] RIP: 0010:corten_txn_begin+0x1a0/0x4b0
[    7.350014] Code: 4c 89 ff e8 02 71 0e 01 48 8b 04 24 41 0f b6 4f 5d 38 48 5d 0f 87 65 ff ff ff 90 0f 0b 90 41 80 7e 48 04 0f 86 61 ff ff ff 90 <0f> 0b 90 48 89 c7 e8 85 f5 ff ff 41 0f b6 46 48 84 c0 74 28 83 e8
[    7.355821] RSP: 0000:ffffa1f1805bfda0 EFLAGS: 00010202
[    7.357659] RAX: ffffa0e3c455c000 RBX: 0000000000000fff RCX: 0000000000000002
[    7.364504] RDX: 0000000000000005 RSI: ffffffff939653a0 RDI: ffffa0e3c4af8ba8
[    7.369484] RBP: 0000000000000000 R08: 0000000000000001 R09: 0000000000000000
[    7.376394] R10: 00000000000000f0 R11: 0000000000000000 R12: ffffffff92e3f6c0
[    7.384626] R13: ffffa0e3c2064a00 R14: ffffa1f1805bfe00 R15: ffffa0e3c2030f00
[    7.388199] FS:  0000000000000000(0000) GS:ffffa0e4a96e7000(0000) knlGS:0000000000000000
[    7.390806] CS:  0010 DS: 0000 ES: 0000 CR0: 0000000080050033
[    7.392968] CR2: 0000000000000000 CR3: 0000000020850001 CR4: 0000000000770ef0
[    7.399417] PKRU: 55555554
[    7.402298] Call Trace:
[    7.404827]  <TASK>
[    7.407622]  ? __pfx_kunit_generic_run_threadfn_adapter+0x10/0x10
[    7.414283]  corten_test_txn_path_overflow+0xb5/0x2a0
[    7.420073]  ? kunit_try_run_case+0x63/0x150
[    7.424931]  kunit_try_run_case+0x6f/0x150
[    7.429677]  ? __pfx_kunit_generic_run_threadfn_adapter+0x10/0x10
[    7.436796]  kunit_generic_run_threadfn_adapter+0x1c/0x40
[    7.442523]  kthread+0x110/0x210
[    7.445292]  ? __pfx_kthread+0x10/0x10
[    7.449523]  ret_from_fork+0x1ed/0x240
[    7.453980]  ? __pfx_kthread+0x10/0x10
[    7.459133]  ret_from_fork_asm+0x1a/0x30
[    7.465136]  </TASK>
[    7.468125] irq event stamp: 796
[    7.471803] hardirqs last  enabled at (806): [<ffffffff919448ad>] __up_console_sem+0x4d/0x60
[    7.482857] hardirqs last disabled at (815): [<ffffffff91944892>] __up_console_sem+0x32/0x60
[    7.494633] softirqs last  enabled at (56): [<ffffffff91c0c293>] corten_ptdesc_install+0x123/0x180
[    7.507280] softirqs last disabled at (58): [<ffffffff91c0c798>] corten_txn_begin+0x78/0x4b0
[    7.516649] ---[ end trace 0000000000000000 ]---
[    7.524230]     ok 21 corten_test_txn_path_overflow
[    7.527811]     ok 22 corten_test_txn_child_err
[    7.538116]     ok 23 corten_test_real_huge_leaf
[    7.546536]     ok 24 corten_test_full_window_atomic
[    7.549749]     ok 25 corten_test_unmap_dirty_clamp
[    7.555202]     ok 26 corten_test_unmap_dirty_empty
[    7.564196]     ok 27 corten_test_debugfs_content
[    7.570134] # corten: pass:26 fail:0 skip:1 total:27
[    7.575783] # Totals: pass:26 fail:0 skip:1 total:27
[    7.581597] ok 1 corten
[    7.591022]     KTAP version 1
[    7.592912]     # Subtest: corten_arena
[    7.600657]     # module: corten_arena_test
[    7.600670]     1..141
[    7.627625]     ok 1 corten_arena_test_sweep_anon_resident
[    7.642586]     ok 2 corten_arena_test_sweep_file_resident
[    7.656593]     ok 3 corten_arena_test_sweep_skip_taxonomy
[    7.668030]     ok 4 corten_arena_test_sweep_skip_special_mapping
[    7.672708]     ok 5 corten_arena_test_sweep_skip_brk
[    7.684744]     ok 6 corten_arena_test_sweep_empty_anon
[    7.694830]     ok 7 corten_arena_test_sweep_zero_page
[    7.707767]     ok 8 corten_arena_test_sweep_fork_flags
[    7.721642]     ok 9 corten_arena_test_sweep_fork_mirror
[    7.734243]     ok 10 corten_arena_test_sweep_file_exit
[    7.745198]     ok 11 corten_arena_test_sweep_mixed_frame_exit
[    7.760007]     ok 12 corten_arena_test_sweep_exit_refusal
[    7.776887]     ok 13 corten_arena_test_w7_frame_share_adopt
[    7.786556]     ok 14 corten_arena_test_w7_frame_share_fork
[    7.800181]     ok 15 corten_arena_test_w7_frame_share_exit
[    7.817396]     ok 16 corten_arena_test_w7_frame_share_punch
[    7.828469]     ok 17 corten_arena_test_exec_default_off
[    7.840110]     ok 18 corten_arena_test_exec_default_enter
[    7.848105]     ok 19 corten_arena_test_exec_interp_route
[    7.863725]     ok 20 corten_arena_test_exec_interp_multiseg
[    7.873417]     ok 21 corten_arena_test_declare_reject
[    7.885243]     ok 22 corten_arena_test_declare_reject_flags
[    7.895239]     ok 23 corten_arena_test_declare_query
[    7.903682]     ok 24 corten_arena_test_range_overlaps
[    7.918020]     ok 25 corten_arena_test_release
[    7.929118]     ok 26 corten_arena_test_ref_born_atomic
[    7.936702]     ok 27 corten_arena_test_release_classify
[    7.948636]     ok 28 corten_arena_test_shadow_vma
[    7.959911]     ok 29 corten_arena_test_exit
[    7.967325]     ok 30 corten_arena_test_prctl
[    7.977904]     ok 31 corten_arena_test_mode
[    7.986283]     ok 32 corten_arena_test_auto_classify
[    7.990184]     ok 33 corten_arena_test_auto_classify_file
[    7.997886]     ok 34 corten_arena_test_auto_place
[    8.030483]     ok 35 corten_arena_test_auto_route
[    8.045272]     ok 36 corten_arena_test_auto_attach_release
[    8.073922]     ok 37 corten_arena_test_file_lifecycle
[    8.083708] ------------[ cut here ]------------
[    8.093277] corten: VM_CORTEN vma reached zap_page_range_single()
[    8.099881] WARNING: CPU: 5 PID: 280 at mm/corten_arena.c:2059 corten_zap_single_guard+0x39/0x50
[    8.108355] Modules linked in:
[    8.111573] CPU: 5 UID: 0 PID: 280 Comm: kunit_try_catch Tainted: G        W        N  6.18.32-gb4b425245193-dirty #395 PREEMPT(voluntary) 
[    8.124635] Tainted: [W]=WARN, [N]=TEST
[    8.129575] Hardware name: QEMU Standard PC (i440FX + PIIX, 1996), BIOS 1.15.0-1 04/01/2014
[    8.138661] RIP: 0010:corten_zap_single_guard+0x39/0x50
[    8.145124] Code: 05 e4 83 49 03 0f b6 05 ae 2d f0 01 84 c0 74 05 c3 cc cc cc cc c6 05 9e 2d f0 01 01 90 48 c7 c7 f0 22 4e 93 e8 18 ad c7 ff 90 <0f> 0b 90 90 b8 01 00 00 00 c3 cc cc cc cc 66 0f 1f 84 00 00 00 00
[    8.165790] RSP: 0000:ffffa1f1809afd60 EFLAGS: 00010282
[    8.171798] RAX: 0000000000000000 RBX: 0000000000000003 RCX: 00000000ffffdfff
[    8.180166] RDX: 0000000000000000 RSI: 00000000ffffffea RDI: 0000000000000001
[    8.188293] RBP: ffffa0e3c23eb900 R08: ffffffff93962828 R09: 00000000ffffdfff
[    8.196351] R10: ffffffff93882840 R11: ffffffff93932840 R12: 0000000001801000
[    8.204830] R13: 0000000000001000 R14: 0000000000000000 R15: ffffa0e3c23eb900
[    8.211852] FS:  0000000000000000(0000) GS:ffffa0e4a97a7000(0000) knlGS:0000000000000000
[    8.222689] CS:  0010 DS: 0000 ES: 0000 CR0: 0000000080050033
[    8.229616] CR2: 0000000000000000 CR3: 0000000020850002 CR4: 0000000000770ef0
[    8.238255] PKRU: 55555554
[    8.241538] Call Trace:
[    8.245094]  <TASK>
[    8.248360]  zap_page_range_single+0x1c/0x50
[    8.251265]  corten_arena_test_truncate_route+0xd91/0x1de0
[    8.257248]  ? find_held_lock+0x2b/0x80
[    8.261717]  ? __pfx_kunit_generic_run_threadfn_adapter+0x10/0x10
[    8.268125]  kunit_try_run_case+0x6f/0x150
[    8.273108]  ? __pfx_kunit_generic_run_threadfn_adapter+0x10/0x10
[    8.278376]  kunit_generic_run_threadfn_adapter+0x1c/0x40
[    8.284475]  kthread+0x110/0x210
[    8.288589]  ? __pfx_kthread+0x10/0x10
[    8.293085]  ret_from_fork+0x1ed/0x240
[    8.298043]  ? __pfx_kthread+0x10/0x10
[    8.302389]  ret_from_fork_asm+0x1a/0x30
[    8.307227]  </TASK>
[    8.310053] irq event stamp: 1211
[    8.314714] hardirqs last  enabled at (1243): [<ffffffff919448ad>] __up_console_sem+0x4d/0x60
[    8.325776] hardirqs last disabled at (1284): [<ffffffff91944892>] __up_console_sem+0x32/0x60
[    8.336462] softirqs last  enabled at (1314): [<ffffffff918aa60e>] handle_softirqs+0x2ee/0x3b0
[    8.339809] softirqs last disabled at (1293): [<ffffffff918aa7e1>] __irq_exit_rcu+0xa1/0xc0
[    8.347655] ---[ end trace 0000000000000000 ]---
[    8.353661] ------------[ cut here ]------------
[    8.357129] corten: VM_CORTEN vma in a mapping i_mmap walk (stale node)
[    8.360275] WARNING: CPU: 5 PID: 280 at mm/corten_arena.c:2030 corten_arena_imap_stale_guard+0x39/0x50
[    8.364929] Modules linked in:
[    8.366167] CPU: 5 UID: 0 PID: 280 Comm: kunit_try_catch Tainted: G        W        N  6.18.32-gb4b425245193-dirty #395 PREEMPT(voluntary) 
[    8.372037] Tainted: [W]=WARN, [N]=TEST
[    8.373288] Hardware name: QEMU Standard PC (i440FX + PIIX, 1996), BIOS 1.15.0-1 04/01/2014
[    8.375928] RIP: 0010:corten_arena_imap_stale_guard+0x39/0x50
[    8.377758] Code: 05 3c 84 49 03 0f b6 05 0f 2e f0 01 84 c0 74 05 e9 7c 0a 0d 01 c6 05 ff 2d f0 01 01 90 48 c7 c7 b0 22 4e 93 e8 78 ad c7 ff 90 <0f> 0b 90 90 b8 01 00 00 00 e9 59 0a 0d 01 66 0f 1f 84 00 00 00 00
[    8.383680] RSP: 0000:ffffa1f1809afd88 EFLAGS: 00010282
[    8.385324] RAX: 0000000000000000 RBX: 0000000000000003 RCX: 00000000ffffdfff
[    8.387557] RDX: 0000000000000000 RSI: 00000000ffffffea RDI: 0000000000000001
[    8.389752] RBP: ffffa0e3c4a8d600 R08: ffffffff93962828 R09: 00000000ffffdfff
[    8.392038] R10: ffffffff93882840 R11: ffffffff93932840 R12: ffffa0e3c23ee180
[    8.394225] R13: ffffa0e3c4a91000 R14: ffffa1f180013a08 R15: ffffa0e3c23eb900
[    8.396623] FS:  0000000000000000(0000) GS:ffffa0e4a97a7000(0000) knlGS:0000000000000000
[    8.399435] CS:  0010 DS: 0000 ES: 0000 CR0: 0000000080050033
[    8.403478] CR2: 0000000000000000 CR3: 0000000020850002 CR4: 0000000000770ef0
[    8.409251] PKRU: 55555554
[    8.410454] Call Trace:
[    8.413571]  <TASK>
[    8.416222]  corten_arena_test_truncate_route+0xecf/0x1de0
[    8.421153]  ? find_held_lock+0x2b/0x80
[    8.426237]  ? __pfx_kunit_generic_run_threadfn_adapter+0x10/0x10
[    8.433200]  kunit_try_run_case+0x6f/0x150
[    8.438824]  ? __pfx_kunit_generic_run_threadfn_adapter+0x10/0x10
[    8.447682]  kunit_generic_run_threadfn_adapter+0x1c/0x40
[    8.453275]  kthread+0x110/0x210
[    8.457134]  ? __pfx_kthread+0x10/0x10
[    8.462019]  ret_from_fork+0x1ed/0x240
[    8.466604]  ? __pfx_kthread+0x10/0x10
[    8.471567]  ret_from_fork_asm+0x1a/0x30
[    8.476560]  </TASK>
[    8.478819] irq event stamp: 2175
[    8.483149] hardirqs last  enabled at (2209): [<ffffffff919448ad>] __up_console_sem+0x4d/0x60
[    8.493735] hardirqs last disabled at (2240): [<ffffffff91944892>] __up_console_sem+0x32/0x60
[    8.504547] softirqs last  enabled at (2270): [<ffffffff918aa60e>] handle_softirqs+0x2ee/0x3b0
[    8.515167] softirqs last disabled at (2281): [<ffffffff918aa7e1>] __irq_exit_rcu+0xa1/0xc0
[    8.526463] ---[ end trace 0000000000000000 ]---
[    8.536444]     ok 38 corten_arena_test_truncate_route
[    8.541682]     ok 39 corten_arena_test_registry_inval
[    8.557861]     ok 40 corten_arena_test_file_read
[    8.629741] BUG: non-zero pgtables_bytes on freeing mm: 8192
[    8.637687]     ok 41 corten_arena_test_file_cow
[    8.639881] BUG: non-zero pgtables_bytes on freeing mm: 8192
[    8.647779] BUG: non-zero pgtables_bytes on freeing mm: 8192
[    8.660584]     ok 42 corten_arena_test_file_rmap_shared
[    8.666022] BUG: non-zero pgtables_bytes on freeing mm: 8192
[    8.678811]     ok 43 corten_arena_test_ttu_file_route
[    8.682221] BUG: non-zero pgtables_bytes on freeing mm: 8192
[    8.695199] BUG: non-zero pgtables_bytes on freeing mm: 8192
[    8.708471]     ok 44 corten_arena_test_ttu_declines
[    8.715417]     ok 45 corten_arena_test_file_fork_mirror
[    8.725581] BUG: non-zero pgtables_bytes on freeing mm: 8192
[    8.742525]     ok 46 corten_arena_test_file_fork_cow
[    8.747368] BUG: non-zero pgtables_bytes on freeing mm: 8192
[    8.762415]     ok 47 corten_arena_test_file_fork_pinned
[    8.765534] BUG: non-zero pgtables_bytes on freeing mm: 8192
[    8.774836]     ok 48 corten_arena_test_file_hugetlb_route
[    8.781851]     ok 49 corten_arena_test_mag_recycle
[    8.791016] BUG: non-zero pgtables_bytes on freeing mm: 8192
[    8.805131]     ok 50 corten_arena_test_mag_marker
[    8.809172] BUG: non-zero pgtables_bytes on freeing mm: 8192
[    8.828210]     ok 51 corten_arena_test_pool_reuse
[    8.837832] BUG: non-zero pgtables_bytes on freeing mm: 8192
[    8.867188]     ok 52 corten_arena_test_pool_limit
[    8.870850] BUG: non-zero pgtables_bytes on freeing mm: 8192
[    8.883513]     ok 53 corten_arena_test_pool_mode_exit
[    8.890555]     ok 54 corten_arena_test_pool_fork
[    8.901381]     ok 55 corten_arena_test_noreplace_parked
[    8.914467]     ok 56 corten_arena_test_noreplace_active
[    8.928951]     ok 57 corten_arena_test_mapfixed_over_parked
[    8.946632]     ok 58 corten_arena_test_explicit_anon_region
[    8.960479]     ok 59 corten_arena_test_explicit_file_region
[    8.974653]     ok 60 corten_arena_test_occupied_incl_idle
[    8.984737] ------------[ cut here ]------------
[    8.995613] corten: foreign vma in parked window 800000-1000000
[    9.002932] WARNING: CPU: 6 PID: 392 at mm/corten_arena.c:12702 corten_arena_pool_reactivate+0x18b/0x1a0
[    9.013602] Modules linked in:
[    9.017547] CPU: 6 UID: 0 PID: 392 Comm: kunit_try_catch Tainted: G        W        N  6.18.32-gb4b425245193-dirty #395 PREEMPT(voluntary) 
[    9.032726] Tainted: [W]=WARN, [N]=TEST
[    9.037537] Hardware name: QEMU Standard PC (i440FX + PIIX, 1996), BIOS 1.15.0-1 04/01/2014
[    9.049177] RIP: 0010:corten_arena_pool_reactivate+0x18b/0x1a0
[    9.053758] Code: ff ff eb a9 41 bc f4 ff ff ff eb a1 c6 05 7f 90 ef 01 01 90 49 8b 54 24 08 49 8b 34 24 48 c7 c7 48 24 4e 93 e8 f6 0f c7 ff 90 <0f> 0b 90 90 eb b1 66 66 2e 0f 1f 84 00 00 00 00 00 0f 1f 40 00 90
[    9.075093] RSP: 0000:ffffa1f180d2fd50 EFLAGS: 00010286
[    9.081429] RAX: 0000000000000000 RBX: 000000000000000b RCX: 00000000ffffdfff
[    9.089660] RDX: 0000000000000000 RSI: 00000000ffffffea RDI: 0000000000000001
[    9.097838] RBP: 0000000000200073 R08: ffffffff93962828 R09: 00000000ffffdfff
[    9.106135] R10: ffffffff93882840 R11: ffffffff93932840 R12: ffffa0e3c2acf800
[    9.114597] R13: ffffa0e3c2ac4000 R14: ffffa0e3c2aba040 R15: 0000000000000800
[    9.122430] FS:  0000000000000000(0000) GS:ffffa0e4a97e7000(0000) knlGS:0000000000000000
[    9.129621] CS:  0010 DS: 0000 ES: 0000 CR0: 0000000080050033
[    9.135875] CR2: 0000000000000000 CR3: 0000000020850003 CR4: 0000000000770ef0
[    9.144538] PKRU: 55555554
[    9.147735] Call Trace:
[    9.150093]  <TASK>
[    9.152753]  corten_arena_auto_mmap_route+0x418/0x4a0
[    9.158057]  ? __pfx_kunit_generic_run_threadfn_adapter+0x10/0x10
[    9.166443]  corten_arena_test_p4_eject+0x1f6/0x6f0
[    9.172193]  ? __pfx_kunit_generic_run_threadfn_adapter+0x10/0x10
[    9.179356]  kunit_try_run_case+0x6f/0x150
[    9.184230]  ? __pfx_kunit_generic_run_threadfn_adapter+0x10/0x10
[    9.191435]  kunit_generic_run_threadfn_adapter+0x1c/0x40
[    9.197748]  kthread+0x110/0x210
[    9.201977]  ? __pfx_kthread+0x10/0x10
[    9.205665]  ret_from_fork+0x1ed/0x240
[    9.207925]  ? __pfx_kthread+0x10/0x10
[    9.212184]  ret_from_fork_asm+0x1a/0x30
[    9.217062]  </TASK>
[    9.220076] irq event stamp: 437
[    9.223935] hardirqs last  enabled at (447): [<ffffffff919448ad>] __up_console_sem+0x4d/0x60
[    9.233747] hardirqs last disabled at (456): [<ffffffff91944892>] __up_console_sem+0x32/0x60
[    9.243665] softirqs last  enabled at (470): [<ffffffff918aa60e>] handle_softirqs+0x2ee/0x3b0
[    9.251333] softirqs last disabled at (465): [<ffffffff918aa7e1>] __irq_exit_rcu+0xa1/0xc0
[    9.258663] ---[ end trace 0000000000000000 ]---
[    9.264515]     ok 61 corten_arena_test_p4_eject
[    9.266410] BUG: non-zero pgtables_bytes on freeing mm: 12288
[    9.279337]     ok 62 corten_arena_test_hint_fence
[    9.282754]     ok 63 corten_arena_test_j1_hooks
[    9.298957]     ok 64 corten_arena_test_j1_self_exempt
[    9.307827]     ok 65 corten_arena_test_uffd_window_reject
[    9.317558]     ok 66 corten_arena_test_j1_implant_exempt
[    9.325306] BUG: non-zero pgtables_bytes on freeing mm: 12288
[    9.342213]     ok 67 corten_arena_test_fault_window_shorts
[    9.345635]     ok 68 corten_arena_test_inv_mv2_clean
[    9.353319] ------------[ cut here ]------------
[    9.356683] corten: INV-MV2 violated: 1 window vma(s) outside the implant registry (first at 100000200000)
[    9.360278] WARNING: CPU: 7 PID: 423 at mm/corten_arena.c:14529 corten_audit_j2_scan+0x2de/0x2f0
[    9.363365] Modules linked in:
[    9.364364] CPU: 7 UID: 0 PID: 423 Comm: kunit_try_catch Tainted: G        W        N  6.18.32-gb4b425245193-dirty #395 PREEMPT(voluntary) 
[    9.368344] Tainted: [W]=WARN, [N]=TEST
[    9.369803] Hardware name: QEMU Standard PC (i440FX + PIIX, 1996), BIOS 1.15.0-1 04/01/2014
[    9.375403] RIP: 0010:corten_audit_j2_scan+0x2de/0x2f0
[    9.377258] Code: f1 c2 f0 01 01 e8 d2 35 d1 ff e9 de fd ff ff c6 05 48 d3 f0 01 01 90 48 c7 c7 00 21 4e 93 4c 89 e2 44 89 ee e8 c3 52 c8 ff 90 <0f> 0b 90 90 e9 10 ff ff ff e8 74 89 0c 01 0f 1f 40 00 90 90 90 90
[    9.388208] RSP: 0000:ffffa1f180e07d58 EFLAGS: 00010282
[    9.391433] RAX: 0000000000000000 RBX: ffffa0e3c2b14b80 RCX: 00000000ffffdfff
[    9.395893] RDX: 0000000000000000 RSI: 00000000ffffffea RDI: 0000000000000001
[    9.398725] RBP: 00003fffffffffff R08: ffffffff93962828 R09: 00000000ffffdfff
[    9.401759] R10: ffffffff93882840 R11: ffffffff93932840 R12: 0000100000200000
[    9.406107] R13: 0000000000000001 R14: 0000000000000000 R15: 0000000000000000
[    9.410115] FS:  0000000000000000(0000) GS:ffffa0e4a9827000(0000) knlGS:0000000000000000
[    9.416063] CS:  0010 DS: 0000 ES: 0000 CR0: 0000000080050033
[    9.422939] CR2: 0000000000000000 CR3: 0000000020850004 CR4: 0000000000770ef0
[    9.431222] PKRU: 55555554
[    9.433526] Call Trace:
[    9.436532]  <TASK>
[    9.440117]  corten_audit_j2_walk+0x5d/0x80
[    9.443446]  corten_arena_test_inv_mv2_inject+0x121/0x750
[    9.448975]  ? __pfx_kunit_generic_run_threadfn_adapter+0x10/0x10
[    9.453721]  kunit_try_run_case+0x6f/0x150
[    9.458250]  ? __pfx_kunit_generic_run_threadfn_adapter+0x10/0x10
[    9.465564]  kunit_generic_run_threadfn_adapter+0x1c/0x40
[    9.471037]  kthread+0x110/0x210
[    9.475047]  ? __pfx_kthread+0x10/0x10
[    9.479552]  ret_from_fork+0x1ed/0x240
[    9.483460]  ? __pfx_kthread+0x10/0x10
[    9.486768]  ret_from_fork_asm+0x1a/0x30
[    9.491880]  </TASK>
[    9.495150] irq event stamp: 403
[    9.498215] hardirqs last  enabled at (413): [<ffffffff919448ad>] __up_console_sem+0x4d/0x60
[    9.507503] hardirqs last disabled at (422): [<ffffffff91944892>] __up_console_sem+0x32/0x60
[    9.515279] softirqs last  enabled at (86): [<ffffffff918aa60e>] handle_softirqs+0x2ee/0x3b0
[    9.523443] softirqs last disabled at (81): [<ffffffff918aa7e1>] __irq_exit_rcu+0xa1/0xc0
[    9.533070] ---[ end trace 0000000000000000 ]---
[    9.542371]     ok 69 corten_arena_test_inv_mv2_inject
[    9.548197]     ok 70 corten_arena_test_inv_mv2_stale
[    9.559712]     ok 71 corten_arena_test_inv_mv2_implant_fork
[    9.579873]     ok 72 corten_arena_test_j2_triggers
[    9.597623]     ok 73 corten_arena_test_msync_window_segments
[    9.603757] ------------[ cut here ]------------
[    9.616729] WARNING: CPU: 6 PID: 447 at mm/vmstat.c:397 __mod_node_page_state+0x79/0xb0
[    9.622334] Modules linked in:
[    9.624632] CPU: 6 UID: 0 PID: 447 Comm: kunit_try_catch Tainted: G        W        N  6.18.32-gb4b425245193-dirty #395 PREEMPT(voluntary) 
[    9.639610] Tainted: [W]=WARN, [N]=TEST
[    9.643127] Hardware name: QEMU Standard PC (i440FX + PIIX, 1996), BIOS 1.15.0-1 04/01/2014
[    9.653214] RIP: 0010:__mod_node_page_state+0x79/0xb0
[    9.657957] Code: 48 0f 48 c2 48 39 c6 7c 26 65 88 17 e9 90 67 1a 01 65 f7 05 55 de a5 02 ff ff ff 7f 75 cf 65 8b 05 a8 1d a6 02 85 c0 74 c4 90 <0f> 0b 90 eb be 4a 8d 04 cd 08 40 00 00 f0 48 01 14 01 48 2d 08 40
[    9.677311] RSP: 0000:ffffa1f180ec7db0 EFLAGS: 00010202
[    9.682586] RAX: 0000000000000001 RBX: fffff5f48013e5c0 RCX: ffffa0e43ffdbe40
[    9.690764] RDX: ffffffffffffffff RSI: 000000000000000c RDI: ffffffff945cba9a
[    9.701632] RBP: ffffa1f180013a08 R08: ffffffff945cba88 R09: 0000000000000011
[    9.709330] R10: 0000000000000000 R11: 0000000000000000 R12: ffffa0e3c2abcb40
[    9.716126] R13: fffff5f48013e5c0 R14: ffffffff92070fb0 R15: ffffa1f180013a48
[    9.721050] FS:  0000000000000000(0000) GS:ffffa0e4a97e7000(0000) knlGS:0000000000000000
[    9.730012] CS:  0010 DS: 0000 ES: 0000 CR0: 0000000080050033
[    9.737555] CR2: 0000000000000000 CR3: 0000000020850004 CR4: 0000000000770ef0
[    9.746677] PKRU: 55555554
[    9.750085] Call Trace:
[    9.752972]  <TASK>
[    9.755456]  folio_remove_anon_rmap_novma+0x23/0x30
[    9.761566]  corten_arena_test_mincore_route+0x372/0xf80
[    9.767320]  ? find_held_lock+0x2b/0x80
[    9.772623]  ? kunit_try_run_case+0x63/0x150
[    9.778205]  ? lock_release+0xc6/0x290
[    9.782855]  kunit_try_run_case+0x6f/0x150
[    9.787807]  ? __pfx_kunit_generic_run_threadfn_adapter+0x10/0x10
[    9.794757]  kunit_generic_run_threadfn_adapter+0x1c/0x40
[    9.801147]  kthread+0x110/0x210
[    9.805072]  ? __pfx_kthread+0x10/0x10
[    9.808309]  ret_from_fork+0x1ed/0x240
[    9.813961]  ? __pfx_kthread+0x10/0x10
[    9.818391]  ret_from_fork_asm+0x1a/0x30
[    9.822983]  </TASK>
[    9.825795] irq event stamp: 443
[    9.829453] hardirqs last  enabled at (453): [<ffffffff919448ad>] __up_console_sem+0x4d/0x60
[    9.838651] hardirqs last disabled at (462): [<ffffffff91944892>] __up_console_sem+0x32/0x60
[    9.843757] softirqs last  enabled at (90): [<ffffffff918aa60e>] handle_softirqs+0x2ee/0x3b0
[    9.852923] softirqs last disabled at (481): [<ffffffff918aa7e1>] __irq_exit_rcu+0xa1/0xc0
[    9.859182] ---[ end trace 0000000000000000 ]---
[    9.865817] get_swap_device: Bad swap file entry 400000000000077
[    9.874381] get_swap_device: Bad swap file entry 400000000000077
[    9.885919]     ok 74 corten_arena_test_mincore_route
[    9.891477]     ok 75 corten_arena_test_madvise_parked_terminal
[    9.902601]     ok 76 corten_arena_test_move_pages_window
[    9.923929]     ok 77 corten_arena_test_mvc_row_stream
[    9.937129]     ok 78 corten_arena_test_mvc_merge_first_row
[    9.952727]     ok 79 corten_arena_test_mvc_gup_probe
[    9.968971]     ok 80 corten_arena_test_w3_futex_gup_shapes
[    9.980668]     ok 81 corten_arena_test_w3_gup_chunk_promoted_perm
[    9.997639]     ok 82 corten_arena_test_w3_futex_key
[   10.010258] BUG: non-zero pgtables_bytes on freeing mm: 8192
[   10.023985]     ok 83 corten_arena_test_gup_loop_window
[   10.028776]     ok 84 corten_arena_test_gup_loop_legacy
[   10.037950] BUG: non-zero pgtables_bytes on freeing mm: 8192
[   10.051997]     ok 85 corten_arena_test_remote_access_window
[   10.057988]     ok 86 corten_arena_test_remote_poke_cow
[   10.070404]     ok 87 corten_arena_test_punch_bare_frame_pte
[   10.083783]     ok 88 corten_arena_test_mvc_smaps_pagemap
[   10.095057] get_swap_device: Bad swap file entry 40000000000005d
[   10.111670]     ok 89 corten_arena_test_exit_lifecycle
[   10.118277] BUG: non-zero pgtables_bytes on freeing mm: 8192
[   10.131262] ------------[ cut here ]------------
[   10.136082] WARNING: CPU: 6 PID: 505 at mm/corten_arena.c:964 corten_slot_insert+0x1c6/0x230
[   10.145735] Modules linked in:
[   10.149804] CPU: 6 UID: 0 PID: 505 Comm: corten_arena_op Tainted: G        W        N  6.18.32-gb4b425245193-dirty #395 PREEMPT(voluntary) 
[   10.162650] Tainted: [W]=WARN, [N]=TEST
[   10.164697] Hardware name: QEMU Standard PC (i440FX + PIIX, 1996), BIOS 1.15.0-1 04/01/2014
[   10.174167] RIP: 0010:corten_slot_insert+0x1c6/0x230
[   10.181031] Code: 83 fa 02 0f 85 54 ff ff ff 48 3d 05 c0 ff ff 0f 86 48 ff ff ff 48 c1 f8 02 41 89 c5 85 c0 0f 84 3c ff ff ff e9 54 ff ff ff 90 <0f> 0b 90 41 bd ef ff ff ff 5b 5d 44 89 e8 41 5c 41 5d 41 5e 41 5f
[   10.202223] RSP: 0000:ffffa1f181097be8 EFLAGS: 00010246
[   10.209928] RAX: ffffa0e3c2acc800 RBX: ffffa0e3c2acc800 RCX: ffffa1f181097b5c
[   10.219967] RDX: 0000000000000001 RSI: ffffffff939653a0 RDI: ffffa0e3c4b04388
[   10.224045] RBP: ffffa0e3c4a89580 R08: 0000000000000001 R09: 0000000000000000
[   10.228693] R10: 0000000000000028 R11: 0000000000000000 R12: 0000100000000000
[   10.236015] R13: ffffa0e3c2acc800 R14: ffffa0e3c2ac5000 R15: 0000000000800001
[   10.244117] FS:  0000000000000000(0000) GS:ffffa0e4a97e7000(0000) knlGS:0000000000000000
[   10.252576] CS:  0010 DS: 0000 ES: 0000 CR0: 0000000080050033
[   10.257441] CR2: 0000000000000000 CR3: 0000000005075001 CR4: 0000000000770ef0
[   10.266402] PKRU: 55555554
[   10.269371] Call Trace:
[   10.271761]  <TASK>
[   10.274747]  corten_arena_mmap_punch_route+0x4d7/0x960
[   10.283427]  corten_arena_mmap_route+0x222/0x790
[   10.287853]  ? look_up_lock_class+0x56/0x150
[   10.294095]  ? register_lock_class+0x43/0x570
[   10.300535]  ? __lock_acquire+0xb96/0x18d0
[   10.307165]  do_mmap+0x1fa/0x7e0
[   10.309357]  ? __pfx_corten_arena_test_op_thread+0x10/0x10
[   10.316042]  corten_arena_test_op_punch+0x76/0x120
[   10.320212]  corten_arena_test_op_thread+0x1c/0x40
[   10.324316]  kthread+0x110/0x210
[   10.328333]  ? __pfx_kthread+0x10/0x10
[   10.332218]  ret_from_fork+0x1ed/0x240
[   10.335311]  ? __pfx_kthread+0x10/0x10
[   10.336650]  ret_from_fork_asm+0x1a/0x30
[   10.338037]  </TASK>
[   10.338785] irq event stamp: 423
[   10.339792] hardirqs last  enabled at (431): [<ffffffff919448ad>] __up_console_sem+0x4d/0x60
[   10.342569] hardirqs last disabled at (440): [<ffffffff91944892>] __up_console_sem+0x32/0x60
[   10.346991] softirqs last  enabled at (66): [<ffffffff918aa60e>] handle_softirqs+0x2ee/0x3b0
[   10.350252] softirqs last disabled at (61): [<ffffffff918aa7e1>] __irq_exit_rcu+0xa1/0xc0
[   10.353447] ---[ end trace 0000000000000000 ]---
[   10.387998] corten_arena_op (521) used greatest stack depth: 12712 bytes left
[   10.442457]     ok 90 corten_arena_test_exit_punchfork
[   10.445902]     ok 91 corten_arena_test_exit_multi_segment
[   10.457087]     ok 92 corten_arena_test_vma_free_reuse
[   10.468927]     ok 93 corten_arena_test_inv_mv3
[   10.482333]     ok 94 corten_arena_test_fork_vma_free
[   10.490845] BUG: non-zero pgtables_bytes on freeing mm: 8192
[   10.504381]     ok 95 corten_arena_test_vma_free_shrink_pick
[   10.508597]     ok 96 corten_arena_test_carrier_shrink_pick
[   10.517088]     ok 97 corten_arena_test_auto_validate
[   10.524252] BUG: non-zero pgtables_bytes on freeing mm: 8192
[   10.535565]     ok 98 corten_arena_test_carrier_vma
[   10.542539]     ok 99 corten_arena_test_fork_punch_novma
[   10.553644] BUG: non-zero pgtables_bytes on freeing mm: 8192
[   10.570017]     ok 100 corten_arena_test_fork_redeclare_content
[   10.574762]     ok 101 corten_arena_test_region_record
[   10.587000]     ok 102 corten_arena_test_region_iter
[   10.599847]     ok 103 corten_arena_test_region_park
[   10.610243]     ok 104 corten_arena_test_region_fork
[   10.619275]     ok 105 corten_arena_test_mprotect_route
[   10.628420]     ok 106 corten_arena_test_protect_flags_kernel_gate
[   10.639635]     ok 107 corten_arena_test_madvise_route
[   10.755419]     ok 108 corten_arena_test_mremap_route
[   10.764785] BUG: non-zero pgtables_bytes on freeing mm: 8192
[   10.776873]     ok 109 corten_arena_test_fork_faithful
[   10.782157]     ok 110 corten_arena_test_fork_unwind
[   10.793167]     ok 111 corten_arena_test_fork_multipiece
[   10.804023]     ok 112 corten_arena_test_fork_perm
[   10.813752]     ok 113 corten_arena_test_inv7_shared_ro
[   10.823023]     ok 114 corten_arena_test_inv7_swapped
[   10.833233] get_swap_device: Bad swap file entry 400000000000077
[   10.846845] BUG: Bad rss-counter state mm:00000000e7ef1f0e type:MM_SWAPENTS val:-1 Comm:kunit_try_catch Pid:609
[   10.859127]     ok 115 corten_arena_test_shrink_registry_count
[   10.862804]     ok 116 corten_arena_test_shrink_aging_two_pass
[   10.874052]     ok 117 corten_arena_test_shrink_rotation
[   10.882096] get_swap_device: Bad swap file entry 400000000000077
[   10.896676] get_swap_device: Bad swap file entry 400000000000077
[   10.904140]     ok 118 corten_arena_test_fork_swapped
[   10.907219] BUG: non-zero pgtables_bytes on freeing mm: 8192
[   10.918801]     ok 119 corten_arena_test_fork_f2_gate
[   21.246505] ------------[ cut here ]------------
[   21.252987] corten: arena [800000,1000000) drain timed out: leaked transaction reference, leaking the descriptor
[   21.262383] WARNING: CPU: 7 PID: 620 at mm/corten_arena.c:1313 corten_arena_drain+0x6f/0x80
[   21.272129] Modules linked in:
[   21.276001] CPU: 7 UID: 0 PID: 620 Comm: kunit_try_catch Tainted: G        W        N  6.18.32-gb4b425245193-dirty #395 PREEMPT(voluntary) 
[   21.289659] Tainted: [W]=WARN, [N]=TEST
[   21.295167] Hardware name: QEMU Standard PC (i440FX + PIIX, 1996), BIOS 1.15.0-1 04/01/2014
[   21.304856] RIP: 0010:corten_arena_drain+0x6f/0x80
[   21.310789] Code: c4 08 31 c0 5b e9 11 c6 0d 01 88 44 24 07 c6 05 92 e9 f0 01 01 90 48 8b 53 08 48 8b 33 48 c7 c7 50 20 4e 93 e8 02 69 c8 ff 90 <0f> 0b 90 90 0f b6 44 24 07 eb b4 66 0f 1f 44 00 00 90 90 90 90 90
[   21.333657] RSP: 0000:ffffa1f18142fd28 EFLAGS: 00010282
[   21.337808] RAX: 0000000000000000 RBX: ffffa0e3c2b41a00 RCX: 00000000ffffdfff
[   21.345939] RDX: 0000000000000000 RSI: 00000000ffffffea RDI: 0000000000000001
[   21.349936] RBP: ffffa0e3c2b26498 R08: ffffffff93962828 R09: 00000000ffffdfff
[   21.352133] R10: ffffffff93882840 R11: ffffffff93932840 R12: ffffa0e3c2b26458
[   21.357728] R13: ffffa0e3c2b14b40 R14: ffffa0e3c2b26528 R15: ffffa0e3c2b41a00
[   21.363612] FS:  0000000000000000(0000) GS:ffffa0e4a9827000(0000) knlGS:0000000000000000
[   21.366747] CS:  0010 DS: 0000 ES: 0000 CR0: 0000000080050033
[   21.372171] CR2: 0000000000000000 CR3: 0000000004e4a001 CR4: 0000000000770ef0
[   21.380399] PKRU: 55555554
[   21.381339] Call Trace:
[   21.382716]  <TASK>
[   21.384268]  corten_arena_fork_begin+0x12a/0x250
[   21.386734]  corten_arena_test_fork_begin+0x5e/0x170
[   21.388668]  corten_arena_test_fork_drain_leak+0x18a/0x8f0
[   21.390995]  ? __pfx_kunit_generic_run_threadfn_adapter+0x10/0x10
[   21.394665]  ? __pfx_corten_arena_test_fork_drain_leak+0x10/0x10
[   21.399165]  ? __pfx_kunit_generic_run_threadfn_adapter+0x10/0x10
[   21.405784]  kunit_try_run_case+0x6f/0x150
[   21.407362]  ? __pfx_kunit_generic_run_threadfn_adapter+0x10/0x10
[   21.411956]  kunit_generic_run_threadfn_adapter+0x1c/0x40
[   21.415356]  kthread+0x110/0x210
[   21.418390]  ? __pfx_kthread+0x10/0x10
[   21.422094]  ret_from_fork+0x1ed/0x240
[   21.423353]  ? __pfx_kthread+0x10/0x10
[   21.425574]  ret_from_fork_asm+0x1a/0x30
[   21.426974]  </TASK>
[   21.428559] irq event stamp: 481
[   21.430253] hardirqs last  enabled at (491): [<ffffffff919448ad>] __up_console_sem+0x4d/0x60
[   21.437142] hardirqs last disabled at (500): [<ffffffff91944892>] __up_console_sem+0x32/0x60
[   21.444634] softirqs last  enabled at (110): [<ffffffff918aa60e>] handle_softirqs+0x2ee/0x3b0
[   21.452826] softirqs last disabled at (97): [<ffffffff918aa7e1>] __irq_exit_rcu+0xa1/0xc0
[   21.462379] ---[ end trace 0000000000000000 ]---
[   21.470279] BUG: Bad rss-counter state mm:000000006bb18895 type:MM_SWAPENTS val:-1 Comm:corten_arena_op Pid:621
[   21.481951]     # corten_arena_test_fork_drain_leak: Test should be marked slow (runtime: 10.562091233s)
[   21.482752]     ok 120 corten_arena_test_fork_drain_leak
[   21.497123]     ok 121 corten_arena_test_unshare_pin
[   21.507421]     ok 122 corten_arena_test_fork_reuse_exclusive
[   21.515699]     ok 123 corten_arena_test_gup_state1_uncommitted
[   21.525615]     ok 124 corten_arena_test_gup_state2_committed_rw
[   21.535317]     ok 125 corten_arena_test_gup_state3_fork_cow
[   21.545872]     ok 126 corten_arena_test_gup_state3b_downgrade_restore
[   21.555678]     ok 127 corten_arena_test_gup_state4_pin_zap
[   21.571748]     ok 128 corten_arena_test_concurrent
[   21.588236]     ok 129 corten_arena_test_concurrent_window
[   21.598327]     ok 130 corten_arena_test_obs_ledger
[   21.606177]     ok 131 corten_arena_test_drain_timeout_stat
[   21.616118]     ok 132 corten_arena_test_declare_probe_stale_pt
[   21.630772] BUG: non-zero pgtables_bytes on freeing mm: 8192
[   21.648278]     ok 133 corten_arena_test_brk_boundary_strand
[   21.653079]     ok 134 corten_arena_test_dirty_range_park
[   21.662810]     ok 135 corten_arena_test_dirty_range_scattered
[   21.670421]     ok 136 corten_arena_test_stats_walk_budget
[   21.678314]     ok 137 corten_arena_test_novma_rmap
[   21.690406]     ok 138 corten_arena_test_brk_delegation
[   21.707457]     ok 139 corten_arena_test_brk_region_route
[   21.719773]     ok 140 corten_arena_test_brk_region_exit
[   21.726530] ------------[ cut here ]------------
[   21.736121] corten: whitelist violated: 1 window vma(s) unclassified as shadow/implant
[   21.742225] WARNING: CPU: 4 PID: 691 at mm/corten_arena.c:14788 corten_whitelist_scan+0x3ad/0x460
[   21.749705] Modules linked in:
[   21.753487] CPU: 4 UID: 0 PID: 691 Comm: kunit_try_catch Tainted: G        W        N  6.18.32-gb4b425245193-dirty #395 PREEMPT(voluntary) 
[   21.766244] Tainted: [W]=WARN, [N]=TEST
[   21.771064] Hardware name: QEMU Standard PC (i440FX + PIIX, 1996), BIOS 1.15.0-1 04/01/2014
[   21.780760] RIP: 0010:corten_whitelist_scan+0x3ad/0x460
[   21.787305] Code: f0 48 01 05 4d 0f 4a 03 80 3d 6f bb f0 01 00 75 82 c6 05 66 bb f0 01 01 90 8b 74 24 04 48 c7 c7 58 21 4e 93 e8 e4 3a c8 ff 90 <0f> 0b 90 90 e9 60 ff ff ff e8 e5 df d4 ff 84 c0 0f 85 1c ff ff ff
[   21.812078] RSP: 0000:ffffa1f181667cd0 EFLAGS: 00010282
[   21.818628] RAX: 0000000000000000 RBX: 0000000000000000 RCX: 00000000ffffdfff
[   21.828329] RDX: 0000000000000000 RSI: 00000000ffffffea RDI: 0000000000000001
[   21.834680] RBP: ffffa0e3c4b0eb80 R08: ffffffff93962828 R09: 00000000ffffdfff
[   21.841311] R10: ffffffff93882840 R11: ffffffff93932840 R12: 0000000000000007
[   21.850619] R13: 0000000000000001 R14: ffffa0e3c21c2000 R15: 0000000000000000
[   21.859497] FS:  0000000000000000(0000) GS:ffffa0e4a9767000(0000) knlGS:0000000000000000
[   21.869251] CS:  0010 DS: 0000 ES: 0000 CR0: 0000000080050033
[   21.875866] CR2: 0000000000000000 CR3: 0000000020850004 CR4: 0000000000770ef0
[   21.884213] PKRU: 55555554
[   21.887673] Call Trace:
[   21.890814]  <TASK>
[   21.893643]  corten_audit_whitelist_walk+0x65/0x80
[   21.899351]  corten_arena_test_whitelist_audit+0x551/0x1050
[   21.906228]  ? find_held_lock+0x2b/0x80
[   21.910010]  ? __pfx_kunit_generic_run_threadfn_adapter+0x10/0x10
[   21.913053]  kunit_try_run_case+0x6f/0x150
[   21.916241]  ? __pfx_kunit_generic_run_threadfn_adapter+0x10/0x10
[   21.922335]  kunit_generic_run_threadfn_adapter+0x1c/0x40
[   21.930805]  kthread+0x110/0x210
[   21.934981]  ? __pfx_kthread+0x10/0x10
[   21.938544]  ret_from_fork+0x1ed/0x240
[   21.943056]  ? __pfx_kthread+0x10/0x10
[   21.946628]  ret_from_fork_asm+0x1a/0x30
[   21.951022]  </TASK>
[   21.953915] irq event stamp: 1039
[   21.957886] hardirqs last  enabled at (1071): [<ffffffff919448ad>] __up_console_sem+0x4d/0x60
[   21.967783] hardirqs last disabled at (1104): [<ffffffff91944892>] __up_console_sem+0x32/0x60
[   21.977202] softirqs last  enabled at (1134): [<ffffffff918aa60e>] handle_softirqs+0x2ee/0x3b0
[   21.986024] softirqs last disabled at (1145): [<ffffffff918aa7e1>] __irq_exit_rcu+0xa1/0xc0
[   21.994258] ---[ end trace 0000000000000000 ]---
[   22.003490]     ok 141 corten_arena_test_whitelist_audit
[   22.003503] # corten_arena: pass:141 fail:0 skip:0 total:141
[   22.010227] # Totals: pass:141 fail:0 skip:0 total:141
[   22.018083] ok 2 corten_arena
[   22.028130]     KTAP version 1
[   22.031723]     # Subtest: corten_fault
[   22.036585]     # module: corten_fault_test
[   22.036594]     1..39
[   22.048201]     ok 1 corten_fault_test_dispatch
[   22.049657]     ok 2 corten_fault_test_fig8_cow
[   22.057367]     ok 3 corten_fault_test_unmap_classify
[   22.066559]     ok 4 corten_fault_test_mmap_classify
[   22.078401]     ok 5 corten_fault_test_file_may_matrix
[   22.088385]     ok 6 corten_fault_test_punch_classify
[   22.095858]     ok 7 corten_fault_test_map_anon
[   22.106083]     ok 8 corten_fault_test_zero_page
[   22.115562]     ok 9 corten_fault_test_sigsegv
[   22.121631]     ok 10 corten_fault_test_fresh_fault
[   22.337974]     ok 11 corten_fault_test_churn_repro
[   22.341856]     ok 12 corten_fault_test_untracked_drift
[   22.345498]     ok 13 corten_fault_test_restore
[   22.349537]     ok 14 corten_fault_test_cow_reuse
[   22.355288]     ok 15 corten_fault_test_cow_copy
[   22.357702] ------------[ cut here ]------------
[   22.364832] WARNING: CPU: 5 PID: 724 at ./include/linux/rwsem.h:225 corten_fault_test_foll_force+0x897/0xde0
[   22.375119] Modules linked in:
[   22.378871] CPU: 5 UID: 0 PID: 724 Comm: kunit_try_catch Tainted: G        W        N  6.18.32-gb4b425245193-dirty #395 PREEMPT(voluntary) 
[   22.393500] Tainted: [W]=WARN, [N]=TEST
[   22.398366] Hardware name: QEMU Standard PC (i440FX + PIIX, 1996), BIOS 1.15.0-1 04/01/2014
[   22.403883] RIP: 0010:corten_fault_test_foll_force+0x897/0xde0
[   22.411648] Code: 00 48 81 c4 d0 00 00 00 5b 5d 41 5c 41 5d c3 cc cc cc cc 48 81 c7 f0 01 00 00 31 f6 e8 42 3c 03 01 85 c0 0f 85 c7 00 00 00 90 <0f> 0b 90 49 8b 7c 24 10 e9 ce f7 ff ff 4c 89 e0 41 f7 c4 ff 0f 00
[   22.434463] RSP: 0000:ffffa1f18176fd80 EFLAGS: 00010246
[   22.440668] RAX: 0000000000000000 RBX: ffffa0e3c22746e0 RCX: 0000000000000001
[   22.448985] RDX: 0000000000000000 RSI: 0000000000000000 RDI: ffffa0e3c4a881f0
[   22.455327] RBP: ffffa1f180013a08 R08: 0000000000000000 R09: 0000000000000000
[   22.463702] R10: 0000000000000000 R11: 0000000000000000 R12: ffffa0e3c4a7f700
[   22.471752] R13: ffffa0e3c2006438 R14: ffffffff92070fb0 R15: ffffa1f180013a48
[   22.479816] FS:  0000000000000000(0000) GS:ffffa0e4a97a7000(0000) knlGS:0000000000000000
[   22.486667] CS:  0010 DS: 0000 ES: 0000 CR0: 0000000080050033
[   22.492800] CR2: 0000000000000000 CR3: 0000000020850001 CR4: 0000000000770ef0
[   22.500169] PKRU: 55555554
[   22.501059] Call Trace:
[   22.503454]  <TASK>
[   22.504845]  ? lock_acquire+0xbd/0x2d0
[   22.506241]  ? find_held_lock+0x2b/0x80
[   22.507514]  ? kunit_try_run_case+0x63/0x150
[   22.508972]  ? lock_release+0xc6/0x290
[   22.510368]  kunit_try_run_case+0x6f/0x150
[   22.515035]  ? __pfx_kunit_generic_run_threadfn_adapter+0x10/0x10
[   22.520133]  kunit_generic_run_threadfn_adapter+0x1c/0x40
[   22.526454]  kthread+0x110/0x210
[   22.529798]  ? __pfx_kthread+0x10/0x10
[   22.534180]  ret_from_fork+0x1ed/0x240
[   22.538316]  ? __pfx_kthread+0x10/0x10
[   22.542431]  ret_from_fork_asm+0x1a/0x30
[   22.547358]  </TASK>
[   22.550171] irq event stamp: 405
[   22.554938] hardirqs last  enabled at (415): [<ffffffff919448ad>] __up_console_sem+0x4d/0x60
[   22.564389] hardirqs last disabled at (424): [<ffffffff91944892>] __up_console_sem+0x32/0x60
[   22.574018] softirqs last  enabled at (68): [<ffffffff918aa60e>] handle_softirqs+0x2ee/0x3b0
[   22.582275] softirqs last disabled at (53): [<ffffffff918aa7e1>] __irq_exit_rcu+0xa1/0xc0
[   22.590221] ---[ end trace 0000000000000000 ]---
[   22.595736] ------------[ cut here ]------------
[   22.601202] WARNING: CPU: 5 PID: 724 at ./include/linux/rwsem.h:225 corten_fault_test_foll_force+0x8ed/0xde0
[   22.612174] Modules linked in:
[   22.615076] CPU: 5 UID: 0 PID: 724 Comm: kunit_try_catch Tainted: G        W        N  6.18.32-gb4b425245193-dirty #395 PREEMPT(voluntary) 
[   22.630359] Tainted: [W]=WARN, [N]=TEST
[   22.635063] Hardware name: QEMU Standard PC (i440FX + PIIX, 1996), BIOS 1.15.0-1 04/01/2014
[   22.644692] RIP: 0010:corten_fault_test_foll_force+0x8ed/0xde0
[   22.651457] Code: 4c 24 48 48 8d 41 ff 83 e1 01 49 0f 44 c4 e9 e3 fd ff ff 48 81 c7 f0 01 00 00 31 f6 e8 ec 3b 03 01 85 c0 0f 85 a8 00 00 00 90 <0f> 0b 90 49 8b 7c 24 10 e9 2d fe ff ff e9 26 ff ff ff 41 83 e4 42
[   22.672468] RSP: 0000:ffffa1f18176fd80 EFLAGS: 00010246
[   22.681264] RAX: 0000000000000000 RBX: ffffa0e3c22746e0 RCX: 0000000000000001
[   22.690510] RDX: 0000000000000000 RSI: 0000000000000000 RDI: ffffa0e3c4a881f0
[   22.695712] RBP: ffffa1f180013a08 R08: 0000000000000000 R09: 0000000000000000
[   22.701385] R10: 0000000000000000 R11: 0000000000000000 R12: ffffa0e3c4a7f700
[   22.709933] R13: 0000000000000000 R14: ffffffff92070fb0 R15: ffffa1f180013a48
[   22.718477] FS:  0000000000000000(0000) GS:ffffa0e4a97a7000(0000) knlGS:0000000000000000
[   22.728417] CS:  0010 DS: 0000 ES: 0000 CR0: 0000000080050033
[   22.733246] CR2: 0000000000000000 CR3: 0000000020850001 CR4: 0000000000770ef0
[   22.739657] PKRU: 55555554
[   22.743589] Call Trace:
[   22.746924]  <TASK>
[   22.749628]  ? find_held_lock+0x2b/0x80
[   22.754657]  ? _copy_to_iter+0x110/0x7c0
[   22.759468]  kunit_try_run_case+0x6f/0x150
[   22.763759]  ? __pfx_kunit_generic_run_threadfn_adapter+0x10/0x10
[   22.769393]  kunit_generic_run_threadfn_adapter+0x1c/0x40
[   22.776042]  kthread+0x110/0x210
[   22.779298]  ? __pfx_kthread+0x10/0x10
[   22.783167]  ret_from_fork+0x1ed/0x240
[   22.787543]  ? __pfx_kthread+0x10/0x10
[   22.791884]  ret_from_fork_asm+0x1a/0x30
[   22.795587]  </TASK>
[   22.797134] irq event stamp: 901
[   22.801151] hardirqs last  enabled at (911): [<ffffffff919448ad>] __up_console_sem+0x4d/0x60
[   22.807697] hardirqs last disabled at (920): [<ffffffff91944892>] __up_console_sem+0x32/0x60
[   22.816054] softirqs last  enabled at (594): [<ffffffff918aa60e>] handle_softirqs+0x2ee/0x3b0
[   22.826119] softirqs last disabled at (579): [<ffffffff918aa7e1>] __irq_exit_rcu+0xa1/0xc0
[   22.836278] ---[ end trace 0000000000000000 ]---
[   22.843604]     ok 16 corten_fault_test_foll_force
[   22.852124]     ok 17 corten_fault_test_cow_race
[   22.860363]     ok 18 corten_fault_test_mprotect_pte
[   22.864346]     ok 19 corten_fault_test_mprotect_fresh
[   22.874376]     ok 20 corten_fault_test_zap_keep_perm
[   22.885155]     ok 21 corten_fault_test_zap_keep_perm_downgrade
[   22.894859]     ok 22 corten_fault_test_untracked_rearm
[   22.911225]     ok 23 corten_fault_test_fill_upper_race
[   22.923691]     ok 24 corten_fault_test_map_race
[   22.930038]     ok 25 corten_fault_test_chunk_unmap
[   22.937156]     ok 26 corten_fault_test_punch_hole
[   22.943571] 
[   22.950151] =============================
[   22.953225] WARNING: suspicious RCU usage
[   22.957100] 6.18.32-gb4b425245193-dirty #395 Tainted: G        W        N 
[   22.963468] -----------------------------
[   22.967390] mm/corten_arena.c:4934 arena lookup without rcu_read_lock() protection!
[   22.974931] 
[   22.974931] other info that might help us debug this:
[   22.974931] 
[   22.983364] 
[   22.983364] rcu_scheduler_active = 2, debug_locks = 1
[   22.990853] no locks held by kunit_try_catch/752.
[   22.994126] 
[   22.994126] stack backtrace:
[   22.999301] CPU: 4 UID: 0 PID: 752 Comm: kunit_try_catch Tainted: G        W        N  6.18.32-gb4b425245193-dirty #395 PREEMPT(voluntary) 
[   22.999313] Tainted: [W]=WARN, [N]=TEST
[   22.999315] Hardware name: QEMU Standard PC (i440FX + PIIX, 1996), BIOS 1.15.0-1 04/01/2014
[   22.999318] Call Trace:
[   22.999324]  <TASK>
[   22.999329]  dump_stack_lvl+0x83/0xa0
[   22.999428]  lockdep_rcu_suspicious+0x148/0x1b0
[   22.999444]  corten_arena_lookup+0xea/0x110
[   22.999456]  corten_fault_test_punch_head+0x3c0/0xdc0
[   22.999474]  ? kunit_try_run_case+0x63/0x150
[   22.999482]  ? lock_release+0xc6/0x290
[   22.999498]  ? __pfx_kunit_generic_run_threadfn_adapter+0x10/0x10
[   22.999504]  kunit_try_run_case+0x6f/0x150
[   22.999518]  ? __pfx_kunit_generic_run_threadfn_adapter+0x10/0x10
[   22.999524]  kunit_generic_run_threadfn_adapter+0x1c/0x40
[   22.999531]  kthread+0x110/0x210
[   22.999540]  ? __pfx_kthread+0x10/0x10
[   22.999549]  ret_from_fork+0x1ed/0x240
[   22.999555]  ? __pfx_kthread+0x10/0x10
[   22.999561]  ret_from_fork_asm+0x1a/0x30
[   22.999587]  </TASK>
[   23.104855]     ok 27 corten_fault_test_punch_head
[   23.107756]     ok 28 corten_fault_test_rmap_guard
[   23.122105]     ok 29 corten_fault_test_ttu_route
[   23.131519]     ok 30 corten_fault_test_ttu_dual_entry
[   23.140634]     ok 31 corten_fault_test_reap_skip
[   23.148111]     ok 32 corten_fault_test_swap_encode
[   23.154903]     ok 33 corten_fault_test_swap_roundtrip # SKIP swap round-trip requires a swap area
[   23.162309]     ok 34 corten_fault_test_swap_zap_free # SKIP swap zap test requires a swap area
[   23.177478]     ok 35 corten_fault_test_driver_keep_noswap
[   23.186537]     ok 36 corten_fault_test_driver_swap_roundtrip # SKIP driver round-trip requires a swap area
[   23.195727]     ok 37 corten_fault_test_swap_mprotect_pending
[   23.204665]     ok 38 corten_fault_test_unuse_windows # SKIP unuse sweep requires a swap area
[   23.213512]     ok 39 corten_fault_test_unuse_windows_cache # SKIP unuse sweep requires a swap area
[   23.224381] # corten_fault: pass:34 fail:0 skip:5 total:39
[   23.232999] # Totals: pass:34 fail:0 skip:5 total:39
[   23.240669] ok 3 corten_fault
[   23.259497] check access for rdinit=/init failed: -2, ignoring
[   23.264084] md: Waiting for all devices to be available before autodetect
[   23.269055] md: If you don't use raid, use raid=noautodetect
[   23.273482] md: Autodetecting RAID arrays.
[   23.277099] md: autorun ...
[   23.279068] md: ... autorun DONE.
[   23.285327] /dev/root: Can't open blockdev
[   23.287078] VFS: Cannot open root device "" or unknown-block(0,0): error -6
[   23.292364] Please append a correct "root=" boot option; here are the available partitions:
[   23.298442] 0b00         1048575 sr0 
[   23.298450]  driver: sr
[   23.303188] List of all bdev filesystems:
[   23.306139]  ext3
[   23.306145]  ext2
[   23.307858]  ext4
[   23.309555]  vfat
[   23.311349]  msdos
[   23.313016]  iso9660
[   23.315227]  f2fs
[   23.317164]  erofs
[   23.318581] 
[   23.322036] Kernel panic - not syncing: VFS: Unable to mount root fs on unknown-block(0,0)
[   23.327725] CPU: 0 UID: 0 PID: 1 Comm: swapper/0 Tainted: G        W        N  6.18.32-gb4b425245193-dirty #395 PREEMPT(voluntary) 
[   23.334511] Tainted: [W]=WARN, [N]=TEST
[   23.337928] Hardware name: QEMU Standard PC (i440FX + PIIX, 1996), BIOS 1.15.0-1 04/01/2014
[   23.341743] Call Trace:
[   23.342971]  <TASK>
[   23.343652]  vpanic+0x328/0x370
[   23.344959]  panic+0x56/0x60
[   23.347133]  mount_root_generic+0x1ff/0x320
[   23.350453]  prepare_namespace+0x63/0x270
[   23.352880]  kernel_init_freeable+0x3c3/0x410
[   23.353921]  ? __pfx_kernel_init+0x10/0x10
[   23.354725]  kernel_init+0x15/0x1c0
[   23.355400]  ret_from_fork+0x1ed/0x240
[   23.356114]  ? __pfx_kernel_init+0x10/0x10
[   23.356926]  ret_from_fork_asm+0x1a/0x30
[   23.357739]  </TASK>
[   23.360625] Kernel Offset: 0x10600000 from 0xffffffff81000000 (relocation range: 0xffffffff80000000-0xffffffffbfffffff)
