1456  execve("/root/m4t12/bin/mmbench_dyn", ["/root/m4t12/bin/mmbench_dyn", "pf", "high", "4", "1", "20263057"], 0x7ffca595d538 /* 30 vars */) = 0
1456  brk(NULL)                         = 0x55dbf6a58000
1456  mmap(NULL, 8192, PROT_READ|PROT_WRITE, MAP_PRIVATE|MAP_ANONYMOUS, -1, 0) = 0x7f10e3c40000
1456  access("/etc/ld.so.preload", R_OK) = -1 ENOENT (No such file or directory)
1456  openat(AT_FDCWD, "/etc/ld.so.cache", O_RDONLY|O_CLOEXEC) = 3
1456  fstat(3, {st_mode=S_IFREG|0644, st_size=27983, ...}) = 0
1456  mmap(NULL, 27983, PROT_READ, MAP_PRIVATE, 3, 0) = 0x7f10e3c39000
1456  close(3)                          = 0
1456  openat(AT_FDCWD, "/lib/x86_64-linux-gnu/libc.so.6", O_RDONLY|O_CLOEXEC) = 3
1456  read(3, "\177ELF\2\1\1\3\0\0\0\0\0\0\0\0\3\0>\0\1\0\0\0p\236\2\0\0\0\0\0@\0\0\0\0\0\0\0\220b\36\0\0\0\0\0\0\0\0\0@\08\0\17\0@\0=\0<\0\6\0\0\0\4\0\0\0@\0\0\0\0\0\0\0@\0\0\0\0\0\0\0@\0\0\0\0\0\0\0"..., 832) = 832
1456  pread64(3, "\6\0\0\0\4\0\0\0@\0\0\0\0\0\0\0@\0\0\0\0\0\0\0@\0\0\0\0\0\0\0H\3\0\0\0\0\0\0H\3\0\0\0\0\0\0\10\0\0\0\0\0\0\0\3\0\0\0\4\0\0\0\240\1\36\0\0\0\0\0\240\1\36\0\0\0\0\0\240\1\36\0\0\0\0\0\34\0\0\0\0\0\0\0"..., 840, 64) = 840
1456  fstat(3, {st_mode=S_IFREG|0755, st_size=1995216, ...}) = 0
1456  pread64(3, "\6\0\0\0\4\0\0\0@\0\0\0\0\0\0\0@\0\0\0\0\0\0\0@\0\0\0\0\0\0\0H\3\0\0\0\0\0\0H\3\0\0\0\0\0\0\10\0\0\0\0\0\0\0\3\0\0\0\4\0\0\0\240\1\36\0\0\0\0\0\240\1\36\0\0\0\0\0\240\1\36\0\0\0\0\0\34\0\0\0\0\0\0\0"..., 840, 64) = 840
1456  mmap(NULL, 2047568, PROT_READ, MAP_PRIVATE|MAP_DENYWRITE, 3, 0) = 0x7f10e3a45000
1456  mmap(0x7f10e3a6d000, 1454080, PROT_READ|PROT_EXEC, MAP_PRIVATE|MAP_FIXED|MAP_DENYWRITE, 3, 0x28000) = 0x7f10e3a6d000
1456  mmap(0x7f10e3bd0000, 352256, PROT_READ, MAP_PRIVATE|MAP_FIXED|MAP_DENYWRITE, 3, 0x18b000) = 0x7f10e3bd0000
1456  mmap(0x7f10e3c26000, 24576, PROT_READ|PROT_WRITE, MAP_PRIVATE|MAP_FIXED|MAP_DENYWRITE, 3, 0x1e0000) = 0x7f10e3c26000
1456  mmap(0x7f10e3c2c000, 52816, PROT_READ|PROT_WRITE, MAP_PRIVATE|MAP_FIXED|MAP_ANONYMOUS, -1, 0) = 0x7f10e3c2c000
1456  close(3)                          = 0
1456  mmap(NULL, 12288, PROT_READ|PROT_WRITE, MAP_PRIVATE|MAP_ANONYMOUS, -1, 0) = 0x7f10e3a42000
1456  arch_prctl(ARCH_SET_FS, 0x7f10e3a42740) = 0
1456  set_tid_address(0x7f10e3a42a10)   = 1456
1456  set_robust_list(0x7f10e3a42a20, 24) = 0
1456  rseq(0x7f10e3a42680, 0x20, 0, 0x53053053) = 0
1456  mprotect(0x7f10e3c26000, 16384, PROT_READ) = 0
1456  mprotect(0x55dbf222e000, 4096, PROT_READ) = 0
1456  mprotect(0x7f10e3c92000, 8192, PROT_READ) = 0
1456  prlimit64(0, RLIMIT_STACK, NULL, {rlim_cur=8192*1024, rlim_max=RLIM64_INFINITY}) = 0
1456  munmap(0x7f10e3c39000, 27983)     = 0
1456  write(2, "mmbench: arena clamped to 718 MB/thread (requested 1024 MB) to keep VA+RSS <= 1500 MB\n", 86) = 86
1456  write(2, "mmbench: bench=pf contention=high threads=4 arena=718 MB (shared)\n", 66) = 66
1456  prlimit64(0, RLIMIT_AS, NULL, {rlim_cur=RLIM64_INFINITY, rlim_max=RLIM64_INFINITY}) = 0
1456  getrandom("\xae\x5b\xef\x1f\x6c\x7c\x86\xe1", 8, GRND_NONBLOCK) = 8
1456  brk(NULL)                         = 0x55dbf6a58000
1456  brk(0x55dbf6a79000)               = 0x55dbf6a79000
1456  mmap(NULL, 752877568, PROT_READ|PROT_WRITE, MAP_PRIVATE|MAP_ANONYMOUS|MAP_NORESERVE, -1, 0) = 0x7f10b6c42000
1456  write(2, "mmbench: shared arena 718 MB, 45952 chunks, bitmap 45952 B\n", 59) = 59
1456  rt_sigaction(SIGRT_1, {sa_handler=0x7f10e3ad54b0, sa_mask=[], sa_flags=SA_RESTORER|SA_ONSTACK|SA_RESTART|SA_SIGINFO, sa_restorer=0x7f10e3a84df0}, NULL, 8) = 0
1456  rt_sigprocmask(SIG_UNBLOCK, [RTMIN RT_1], NULL, 8) = 0
1456  mmap(NULL, 8392704, PROT_NONE, MAP_PRIVATE|MAP_ANONYMOUS|MAP_STACK, -1, 0) = 0x7f10b6441000
1456  mprotect(0x7f10b6442000, 8388608, PROT_READ|PROT_WRITE) = 0
1456  rt_sigprocmask(SIG_BLOCK, ~[], [], 8) = 0
1456  clone3({flags=CLONE_VM|CLONE_FS|CLONE_FILES|CLONE_SIGHAND|CLONE_THREAD|CLONE_SYSVSEM|CLONE_SETTLS|CLONE_PARENT_SETTID|CLONE_CHILD_CLEARTID, child_tid=0x7f10b6c41990, parent_tid=0x7f10b6c41990, exit_signal=0, stack=0x7f10b6441000, stack_size=0x7fff80, tls=0x7f10b6c416c0} => {parent_tid=[1457]}, 88) = 1457
1456  rt_sigprocmask(SIG_SETMASK, [],  <unfinished ...>
1457  rseq(0x7f10b6c41600, 0x20, 0, 0x53053053 <unfinished ...>
1456  <... rt_sigprocmask resumed>NULL, 8) = 0
1457  <... rseq resumed>)               = 0
1456  mmap(NULL, 8392704, PROT_NONE, MAP_PRIVATE|MAP_ANONYMOUS|MAP_STACK, -1, 0 <unfinished ...>
1457  set_robust_list(0x7f10b6c419a0, 24) = 0
1456  <... mmap resumed>)               = 0x7f10b5c40000
1456  mprotect(0x7f10b5c41000, 8388608, PROT_READ|PROT_WRITE <unfinished ...>
1457  rt_sigprocmask(SIG_SETMASK, [], NULL, 8) = 0
1456  <... mprotect resumed>)           = 0
1457  futex(0x7ffebb5b02e4, FUTEX_WAIT_PRIVATE, 0, NULL <unfinished ...>
1456  rt_sigprocmask(SIG_BLOCK, ~[], [], 8) = 0
1456  clone3({flags=CLONE_VM|CLONE_FS|CLONE_FILES|CLONE_SIGHAND|CLONE_THREAD|CLONE_SYSVSEM|CLONE_SETTLS|CLONE_PARENT_SETTID|CLONE_CHILD_CLEARTID, child_tid=0x7f10b6440990, parent_tid=0x7f10b6440990, exit_signal=0, stack=0x7f10b5c40000, stack_size=0x7fff80, tls=0x7f10b64406c0} <unfinished ...>
1458  rseq(0x7f10b6440600, 0x20, 0, 0x53053053 <unfinished ...>
1456  <... clone3 resumed> => {parent_tid=[1458]}, 88) = 1458
1458  <... rseq resumed>)               = 0
1456  rt_sigprocmask(SIG_SETMASK, [],  <unfinished ...>
1458  set_robust_list(0x7f10b64409a0, 24 <unfinished ...>
1456  <... rt_sigprocmask resumed>NULL, 8) = 0
1458  <... set_robust_list resumed>)    = 0
1456  mmap(NULL, 8392704, PROT_NONE, MAP_PRIVATE|MAP_ANONYMOUS|MAP_STACK, -1, 0 <unfinished ...>
1458  rt_sigprocmask(SIG_SETMASK, [],  <unfinished ...>
1456  <... mmap resumed>)               = 0x7f10b543f000
1458  <... rt_sigprocmask resumed>NULL, 8) = 0
1456  mprotect(0x7f10b5440000, 8388608, PROT_READ|PROT_WRITE <unfinished ...>
1458  futex(0x7ffebb5b02e4, FUTEX_WAIT_PRIVATE, 0, NULL <unfinished ...>
1456  <... mprotect resumed>)           = 0
1456  rt_sigprocmask(SIG_BLOCK, ~[], [], 8) = 0
1456  clone3({flags=CLONE_VM|CLONE_FS|CLONE_FILES|CLONE_SIGHAND|CLONE_THREAD|CLONE_SYSVSEM|CLONE_SETTLS|CLONE_PARENT_SETTID|CLONE_CHILD_CLEARTID, child_tid=0x7f10b5c3f990, parent_tid=0x7f10b5c3f990, exit_signal=0, stack=0x7f10b543f000, stack_size=0x7fff80, tls=0x7f10b5c3f6c0} => {parent_tid=[1459]}, 88) = 1459
1459  rseq(0x7f10b5c3f600, 0x20, 0, 0x53053053 <unfinished ...>
1456  rt_sigprocmask(SIG_SETMASK, [],  <unfinished ...>
1459  <... rseq resumed>)               = 0
1456  <... rt_sigprocmask resumed>NULL, 8) = 0
1459  set_robust_list(0x7f10b5c3f9a0, 24) = 0
1456  mmap(NULL, 8392704, PROT_NONE, MAP_PRIVATE|MAP_ANONYMOUS|MAP_STACK, -1, 0) = 0x7f10b4c3e000
1459  rt_sigprocmask(SIG_SETMASK, [],  <unfinished ...>
1456  mprotect(0x7f10b4c3f000, 8388608, PROT_READ|PROT_WRITE <unfinished ...>
1459  <... rt_sigprocmask resumed>NULL, 8) = 0
1456  <... mprotect resumed>)           = 0
1459  futex(0x7ffebb5b02e4, FUTEX_WAIT_PRIVATE, 0, NULL <unfinished ...>
1456  rt_sigprocmask(SIG_BLOCK, ~[], [], 8) = 0
1456  clone3({flags=CLONE_VM|CLONE_FS|CLONE_FILES|CLONE_SIGHAND|CLONE_THREAD|CLONE_SYSVSEM|CLONE_SETTLS|CLONE_PARENT_SETTID|CLONE_CHILD_CLEARTID, child_tid=0x7f10b543e990, parent_tid=0x7f10b543e990, exit_signal=0, stack=0x7f10b4c3e000, stack_size=0x7fff80, tls=0x7f10b543e6c0} => {parent_tid=[1460]}, 88) = 1460
1460  rseq(0x7f10b543e600, 0x20, 0, 0x53053053 <unfinished ...>
1456  rt_sigprocmask(SIG_SETMASK, [],  <unfinished ...>
1460  <... rseq resumed>)               = 0
1456  <... rt_sigprocmask resumed>NULL, 8) = 0
1460  set_robust_list(0x7f10b543e9a0, 24 <unfinished ...>
1456  futex(0x7ffebb5b02e4, FUTEX_WAIT_PRIVATE, 0, NULL <unfinished ...>
1460  <... set_robust_list resumed>)    = 0
1460  rt_sigprocmask(SIG_SETMASK, [], NULL, 8) = 0
1460  futex(0x7ffebb5b02e4, FUTEX_WAKE_PRIVATE, 2147483647 <unfinished ...>
1456  <... futex resumed>)              = 0
1460  <... futex resumed>)              = 4
1456  futex(0x7ffebb5b0304, FUTEX_WAIT_PRIVATE, 0, NULL <unfinished ...>
1459  <... futex resumed>)              = 0
1458  <... futex resumed>)              = 0
1457  <... futex resumed>)              = 0
1460  futex(0x7ffebb5b0350, FUTEX_WAIT_PRIVATE, 2, NULL <unfinished ...>
1459  futex(0x7ffebb5b0350, FUTEX_WAIT_PRIVATE, 2, NULL <unfinished ...>
1458  futex(0x7ffebb5b0350, FUTEX_WAIT_PRIVATE, 2, NULL <unfinished ...>
1457  sched_yield()                     = 0
1457  munmap(0x7f10b6c42000, 752877568) = 0
1457  mmap(NULL, 752877568, PROT_READ|PROT_WRITE, MAP_PRIVATE|MAP_ANONYMOUS|MAP_NORESERVE, -1, 0) = 0x7f10b6c42000
1457  futex(0x7ffebb5b0350, FUTEX_WAKE_PRIVATE, 1 <unfinished ...>
1460  <... futex resumed>)              = 0
1457  <... futex resumed>)              = 1
1460  futex(0x7ffebb5b0350, FUTEX_WAKE_PRIVATE, 1) = 1
1459  <... futex resumed>)              = 0
1459  futex(0x7ffebb5b0350, FUTEX_WAKE_PRIVATE, 1) = 1
1458  <... futex resumed>)              = 0
1458  futex(0x7ffebb5b0350, FUTEX_WAKE_PRIVATE, 1) = 0
1460  futex(0x7ffebb5b0350, FUTEX_WAIT_PRIVATE, 2, NULL <unfinished ...>
1459  futex(0x7ffebb5b0350, FUTEX_WAIT_PRIVATE, 2, NULL <unfinished ...>
1458  sched_yield( <unfinished ...>
1457  futex(0x7ffebb5b0350, FUTEX_WAIT_PRIVATE, 2, NULL <unfinished ...>
1458  <... sched_yield resumed>)        = 0
1458  munmap(0x7f10b6c42000, 752877568) = 0
1458  mmap(NULL, 752877568, PROT_READ|PROT_WRITE, MAP_PRIVATE|MAP_ANONYMOUS|MAP_NORESERVE, -1, 0) = 0x7f10b6c42000
1458  futex(0x7ffebb5b0350, FUTEX_WAKE_PRIVATE, 1) = 1
1460  <... futex resumed>)              = 0
1460  futex(0x7ffebb5b0350, FUTEX_WAKE_PRIVATE, 1) = 1
1457  <... futex resumed>)              = 0
1457  futex(0x7ffebb5b0350, FUTEX_WAKE_PRIVATE, 1 <unfinished ...>
1459  <... futex resumed>)              = 0
1457  <... futex resumed>)              = 1
1459  futex(0x7ffebb5b0350, FUTEX_WAKE_PRIVATE, 1) = 0
1460  futex(0x7ffebb5b0304, FUTEX_WAIT_PRIVATE, 0, NULL <unfinished ...>
1457  futex(0x7ffebb5b0304, FUTEX_WAIT_PRIVATE, 0, NULL <unfinished ...>
1458  futex(0x7ffebb5b0304, FUTEX_WAIT_PRIVATE, 0, NULL <unfinished ...>
1459  futex(0x7ffebb5b0304, FUTEX_WAKE_PRIVATE, 2147483647 <unfinished ...>
1456  <... futex resumed>)              = 0
1460  <... futex resumed>)              = 0
1459  <... futex resumed>)              = 4
1457  <... futex resumed>)              = 0
1456  futex(0x7f10b6c41990, FUTEX_WAIT_BITSET|FUTEX_CLOCK_REALTIME, 1457, NULL, FUTEX_BITSET_MATCH_ANY <unfinished ...>
1460  rt_sigprocmask(SIG_BLOCK, ~[RT_1],  <unfinished ...>
1458  <... futex resumed>)              = 0
1459  rt_sigprocmask(SIG_BLOCK, ~[RT_1],  <unfinished ...>
1457  rt_sigprocmask(SIG_BLOCK, ~[RT_1],  <unfinished ...>
1460  <... rt_sigprocmask resumed>NULL, 8) = 0
1457  <... rt_sigprocmask resumed>NULL, 8) = 0
1459  <... rt_sigprocmask resumed>NULL, 8) = 0
1460  madvise(0x7f10b4c3e000, 8368128, MADV_DONTNEED <unfinished ...>
1457  madvise(0x7f10b6441000, 8368128, MADV_DONTNEED <unfinished ...>
1459  madvise(0x7f10b543f000, 8368128, MADV_DONTNEED <unfinished ...>
1458  rt_sigprocmask(SIG_BLOCK, ~[RT_1],  <unfinished ...>
1460  <... madvise resumed>)            = 0
1457  <... madvise resumed>)            = 0
1459  <... madvise resumed>)            = 0
1458  <... rt_sigprocmask resumed>NULL, 8) = 0
1460  exit(0 <unfinished ...>
1459  exit(0 <unfinished ...>
1458  madvise(0x7f10b5c40000, 8368128, MADV_DONTNEED <unfinished ...>
1460  <... exit resumed>)               = ?
1458  <... madvise resumed>)            = 0
1457  exit(0 <unfinished ...>
1459  <... exit resumed>)               = ?
1458  exit(0 <unfinished ...>
1457  <... exit resumed>)               = ?
1458  <... exit resumed>)               = ?
1456  <... futex resumed>)              = 0
1456  openat(AT_FDCWD, "/proc/self/statm", O_RDONLY) = 3
1456  fstat(3, {st_mode=S_IFREG|0444, st_size=0, ...}) = 0
1456  read(3, "192666 131122 405 2 0 192089 0\n", 1024) = 31
1456  write(2, "mmbench: peak RSS ~512 MB\n", 26) = 26
1456  close(3)                          = 0
1456  uname({sysname="Linux", nodename="syzkaller", ...}) = 0
1456  uname({sysname="Linux", nodename="syzkaller", ...}) = 0
1456  fstat(1, {st_mode=S_IFCHR|0666, st_rdev=makedev(0x1, 0x3), ...}) = 0
1456  ioctl(1, TCGETS, 0x7ffebb5af8b0)  = -1 ENOTTY (Inappropriate ioctl for device)
1456  write(1, "{\"bench\":\"pf\",\"contention\":\"high\",\"threads\":4,\"ops\":124572,\"elapsed_s\":1.004,\"ops_per_us\":0.0415"..., 188) = 188
1456  munmap(0x7f10b6c42000, 752877568) = 0
1456  exit_group(0)                     = ?
