qemu-system-x86_64: warning: host doesn't support requested feature: CPUID.80000001H:ECX.svm [bit 2]
qemu-system-x86_64: warning: host doesn't support requested feature: CPUID.80000001H:ECX.svm [bit 2]
qemu-system-x86_64: warning: host doesn't support requested feature: CPUID.80000001H:ECX.svm [bit 2]
qemu-system-x86_64: warning: host doesn't support requested feature: CPUID.80000001H:ECX.svm [bit 2]
c[?7l[2J[0mSeaBIOS (version 1.15.0-1)


iPXE (https://ipxe.org) 00:03.0 CA00 PCI2.10 PnP PMM+7FF8B310+7FECB310 CA00
Press Ctrl-B to configure iPXE (PCI 00:03.0)...                                                                               


Booting from ROM...
c[?7l[2J[    0.000000] Linux version 6.18.32-g893c8043990d-dirty (ppw@vm) (gcc (Ubuntu 11.4.0-1ubuntu1~22.04.3) 11.4.0, GNU ld (GNU Binutils for Ubuntu) 2.38) #285 SMP PREEMPT_DYNAMIC Sat Oct  3 22:34:57 CST 2026
[    0.000000] Command line: console=ttyS0 kunit.filter_glob=corten* panic=-1
[    0.000000] x86/CPU: Model not found in latest microcode list
[    0.000000] BIOS-provided physical RAM map:
[    0.000000] BIOS-e820: [mem 0x0000000000000000-0x000000000009fbff] usable
[    0.000000] BIOS-e820: [mem 0x000000000009fc00-0x000000000009ffff] reserved
[    0.000000] BIOS-e820: [mem 0x00000000000f0000-0x00000000000fffff] reserved
[    0.000000] BIOS-e820: [mem 0x0000000000100000-0x000000007ffdffff] usable
[    0.000000] BIOS-e820: [mem 0x000000007ffe0000-0x000000007fffffff] reserved
[    0.000000] BIOS-e820: [mem 0x00000000feffc000-0x00000000feffffff] reserved
[    0.000000] BIOS-e820: [mem 0x00000000fffc0000-0x00000000ffffffff] reserved
[    0.000000] NX (Execute Disable) protection: active
[    0.000000] APIC: Static calls initialized
[    0.000000] SMBIOS 2.8 present.
[    0.000000] DMI: QEMU Standard PC (i440FX + PIIX, 1996), BIOS 1.15.0-1 04/01/2014
[    0.000000] DMI: Memory slots populated: 1/1
[    0.000000] Hypervisor detected: KVM
[    0.000000] last_pfn = 0x7ffe0 max_arch_pfn = 0x400000000
[    0.000000] kvm-clock: Using msrs 4b564d01 and 4b564d00
[    0.000002] kvm-clock: using sched offset of 2272979819 cycles
[    0.000004] clocksource: kvm-clock: mask: 0xffffffffffffffff max_cycles: 0x1cd42e4dffb, max_idle_ns: 881590591483 ns
[    0.000034] tsc: Detected 2419.196 MHz processor
[    0.002993] last_pfn = 0x7ffe0 max_arch_pfn = 0x400000000
[    0.003623] MTRR map: 4 entries (3 fixed + 1 variable; max 19), built from 8 variable MTRRs
[    0.003649] x86/PAT: Configuration [0-7]: WB  WC  UC- UC  WB  WP  UC- WT  
[    0.018445] found SMP MP-table at [mem 0x000f5ba0-0x000f5baf]
[    0.019205] ACPI: Early table checksum verification disabled
[    0.019337] ACPI: RSDP 0x00000000000F59E0 000014 (v00 BOCHS )
[    0.019458] ACPI: RSDT 0x000000007FFE1A1C 000034 (v01 BOCHS  BXPC     00000001 BXPC 00000001)
[    0.019554] ACPI: FACP 0x000000007FFE18B8 000074 (v01 BOCHS  BXPC     00000001 BXPC 00000001)
[    0.019652] ACPI: DSDT 0x000000007FFE0040 001878 (v01 BOCHS  BXPC     00000001 BXPC 00000001)
[    0.019678] ACPI: FACS 0x000000007FFE0000 000040
[    0.019685] ACPI: APIC 0x000000007FFE192C 000090 (v01 BOCHS  BXPC     00000001 BXPC 00000001)
[    0.019691] ACPI: HPET 0x000000007FFE19BC 000038 (v01 BOCHS  BXPC     00000001 BXPC 00000001)
[    0.019696] ACPI: WAET 0x000000007FFE19F4 000028 (v01 BOCHS  BXPC     00000001 BXPC 00000001)
[    0.019701] ACPI: Reserving FACP table memory at [mem 0x7ffe18b8-0x7ffe192b]
[    0.019705] ACPI: Reserving DSDT table memory at [mem 0x7ffe0040-0x7ffe18b7]
[    0.019707] ACPI: Reserving FACS table memory at [mem 0x7ffe0000-0x7ffe003f]
[    0.019709] ACPI: Reserving APIC table memory at [mem 0x7ffe192c-0x7ffe19bb]
[    0.019711] ACPI: Reserving HPET table memory at [mem 0x7ffe19bc-0x7ffe19f3]
[    0.019712] ACPI: Reserving WAET table memory at [mem 0x7ffe19f4-0x7ffe1a1b]
[    0.026353] No NUMA configuration found
[    0.026356] Faking a node at [mem 0x0000000000000000-0x000000007ffdffff]
[    0.026360] NODE_DATA(0) allocated [mem 0x7ffdc140-0x7ffdffff]
[    0.028326] Zone ranges:
[    0.028330]   DMA      [mem 0x0000000000001000-0x0000000000ffffff]
[    0.028336]   DMA32    [mem 0x0000000001000000-0x000000007ffdffff]
[    0.028339]   Normal   empty
[    0.028342] Movable zone start for each node
[    0.028343] Early memory node ranges
[    0.028344]   node   0: [mem 0x0000000000001000-0x000000000009efff]
[    0.028348]   node   0: [mem 0x0000000000100000-0x000000007ffdffff]
[    0.028351] Initmem setup node 0 [mem 0x0000000000001000-0x000000007ffdffff]
[    0.029675] On node 0, zone DMA: 1 pages in unavailable ranges
[    0.030894] On node 0, zone DMA: 97 pages in unavailable ranges
[    0.204988] On node 0, zone DMA32: 32 pages in unavailable ranges
[    0.207449] ACPI: PM-Timer IO Port: 0x608
[    0.207639] ACPI: LAPIC_NMI (acpi_id[0xff] dfl dfl lint[0x1])
[    0.210531] IOAPIC[0]: apic_id 0, version 17, address 0xfec00000, GSI 0-23
[    0.210550] ACPI: INT_SRC_OVR (bus 0 bus_irq 0 global_irq 2 dfl dfl)
[    0.210555] ACPI: INT_SRC_OVR (bus 0 bus_irq 5 global_irq 5 high level)
[    0.210558] ACPI: INT_SRC_OVR (bus 0 bus_irq 9 global_irq 9 high level)
[    0.210587] ACPI: INT_SRC_OVR (bus 0 bus_irq 10 global_irq 10 high level)
[    0.210591] ACPI: INT_SRC_OVR (bus 0 bus_irq 11 global_irq 11 high level)
[    0.210600] ACPI: Using ACPI (MADT) for SMP configuration information
[    0.210602] ACPI: HPET id: 0x8086a201 base: 0xfed00000
[    0.210622] CPU topo: Max. logical packages:   1
[    0.210623] CPU topo: Max. logical dies:       1
[    0.210625] CPU topo: Max. dies per package:   1
[    0.210634] CPU topo: Max. threads per core:   1
[    0.210658] CPU topo: Num. cores per package:     4
[    0.210659] CPU topo: Num. threads per package:   4
[    0.210660] CPU topo: Allowing 4 present CPUs plus 0 hotplug CPUs
[    0.210821] kvm-guest: APIC: eoi() replaced with kvm_guest_apic_eoi_write()
[    0.212213] PM: hibernation: Registered nosave memory: [mem 0x00000000-0x00000fff]
[    0.212215] PM: hibernation: Registered nosave memory: [mem 0x0009f000-0x000fffff]
[    0.212217] [mem 0x80000000-0xfeffbfff] available for PCI devices
[    0.212225] Booting paravirtualized kernel on KVM
[    0.212237] clocksource: refined-jiffies: mask: 0xffffffff max_cycles: 0xffffffff, max_idle_ns: 1910969940391419 ns
[    0.235199] setup_percpu: NR_CPUS:64 nr_cpumask_bits:4 nr_cpu_ids:4 nr_node_ids:1
[    0.245353] percpu: Embedded 54 pages/cpu s182680 r8192 d30312 u524288
[    0.245667] Kernel command line: console=ttyS0 kunit.filter_glob=corten* panic=-1
[    0.248420] printk: log buffer data + meta data: 262144 + 917504 = 1179648 bytes
[    0.259960] Dentry cache hash table entries: 262144 (order: 9, 2097152 bytes, linear)
[    0.278283] Inode-cache hash table entries: 131072 (order: 8, 1048576 bytes, linear)
[    0.279965] Fallback order for Node 0: 0 
[    0.279992] Built 1 zonelists, mobility grouping on.  Total pages: 524158
[    0.279996] Policy zone: DMA32
[    0.280000] mem auto-init: stack:off, heap alloc:off, heap free:off
[    0.292419] SLUB: HWalign=64, Order=0-3, MinObjects=0, CPUs=4, Nodes=1
[    0.293108] Kernel/User page tables isolation: enabled
[    0.313669] Dynamic Preempt: voluntary
[    0.315567] rcu: Preemptible hierarchical RCU implementation.
[    0.315570] rcu: 	RCU event tracing is enabled.
[    0.315572] rcu: 	RCU restricting CPUs from NR_CPUS=64 to nr_cpu_ids=4.
[    0.315576] 	Trampoline variant of Tasks RCU enabled.
[    0.315578] 	Tracing variant of Tasks RCU enabled.
[    0.315579] rcu: RCU calculated value of scheduler-enlistment delay is 100 jiffies.
[    0.315581] rcu: Adjusting geometry for rcu_fanout_leaf=16, nr_cpu_ids=4
[    0.315784] RCU Tasks: Setting shift to 2 and lim to 1 rcu_task_cb_adjust=1 rcu_task_cpu_ids=4.
[    0.315789] RCU Tasks Trace: Setting shift to 2 and lim to 1 rcu_task_cb_adjust=1 rcu_task_cpu_ids=4.
[    0.329859] NR_IRQS: 4352, nr_irqs: 456, preallocated irqs: 16
[    0.330980] rcu: srcu_init: Setting srcu_struct sizes based on contention.
[    0.412717] Console: colour VGA+ 80x25
[    0.412875] printk: legacy console [ttyS0] enabled
[    1.011392] ACPI: Core revision 20250807
[    1.015200] clocksource: hpet: mask: 0xffffffff max_cycles: 0xffffffff, max_idle_ns: 19112604467 ns
[    1.026137] APIC: Switch to symmetric I/O mode setup
[    1.037079] x2apic enabled
[    1.046261] APIC: Switched APIC routing to: physical x2apic
[    1.074402] ..TIMER: vector=0x30 apic1=0 pin1=2 apic2=-1 pin2=-1
[    1.080651] clocksource: tsc-early: mask: 0xffffffffffffffff max_cycles: 0x22df0d21928, max_idle_ns: 440795225288 ns
[    1.092208] Calibrating delay loop (skipped) preset value.. 4838.39 BogoMIPS (lpj=2419196)
[    1.096204] Last level iTLB entries: 4KB 0, 2MB 0, 4MB 0
[    1.096214] Last level dTLB entries: 4KB 0, 2MB 0, 4MB 0, 1GB 0
[    1.097309] mitigations: Enabled attack vectors: user_kernel, user_user, SMT mitigations: auto
[    1.098240] Speculative Store Bypass: Vulnerable
[    1.099213] Spectre V2 : Mitigation: Retpolines
[    1.100213] ITS: Mitigation: Aligned branch/return thunks
[    1.101212] MDS: Vulnerable: Clear CPU buffers attempted, no microcode
[    1.102214] Spectre V1 : Mitigation: usercopy/swapgs barriers and __user pointer sanitization
[    1.103209] Spectre V2 : Spectre v2 / SpectreRSB: Filling RSB on context switch and VMEXIT
[    1.104217] active return thunk: its_return_thunk
[    1.105414] x86/fpu: x87 FPU will use FXSAVE
[    1.212348] Freeing SMP alternatives memory: 64K
[    1.213222] pid_max: default: 32768 minimum: 301
[    1.214314] LSM: initializing lsm=capability,selinux
[    1.215266] SELinux:  Initializing.
[    1.216464] Mount-cache hash table entries: 4096 (order: 3, 32768 bytes, linear)
[    1.217325] Mountpoint-cache hash table entries: 4096 (order: 3, 32768 bytes, linear)
[    1.297204] smpboot: CPU0: Intel QEMU Virtual CPU version 2.5+ (family: 0xf, model: 0x6b, stepping: 0x1)
[    1.299510] Performance Events: unsupported Netburst CPU model 107 no PMU driver, software events only.
[    1.302469] signal: max sigframe size: 1440
[    1.304400] rcu: Hierarchical SRCU implementation.
[    1.305214] rcu: 	Max phase no-delay instances is 400.
[    1.307865] Timer migration: 1 hierarchy levels; 8 children per group; 1 crossnode level
[    1.318306] smp: Bringing up secondary CPUs ...
[    1.321204] smpboot: x86: Booting SMP configuration:
[    1.321216] .... node  #0, CPUs:      #1 #2 #3
[    1.340284] smp: Brought up 1 node, 4 CPUs
[    1.343208] smpboot: Total of 4 processors activated (19353.56 BogoMIPS)
[    1.351051] Memory: 2006928K/2096632K available (21698K kernel code, 3203K rwdata, 9152K rodata, 3284K init, 1140K bss, 84540K reserved, 0K cma-reserved)
[    1.353217] devtmpfs: initialized
[    1.360283] clocksource: jiffies: mask: 0xffffffff max_cycles: 0xffffffff, max_idle_ns: 1911260446275000 ns
[    1.361213] posixtimers hash table entries: 2048 (order: 3, 32768 bytes, linear)
[    1.363598] futex hash table entries: 1024 (65536 bytes on 1 NUMA nodes, total 64 KiB, linear).
[    1.366126] PM: RTC time: 14:38:15, date: 2026-10-03
[    1.387449] NET: Registered PF_NETLINK/PF_ROUTE protocol family
[    1.389888] audit: initializing netlink subsys (disabled)
[    1.391386] audit: type=2000 audit(1791038295.859:1): state=initialized audit_enabled=0 res=1
[    1.391593] thermal_sys: Registered thermal governor 'step_wise'
[    1.393217] cpuidle: using governor menu
[    1.398593] PCI: Using configuration type 1 for base access
[    1.401348] kprobes: kprobe jump-optimization is enabled. All kprobes are optimized if possible.
[    1.405409] HugeTLB: registered 2.00 MiB page size, pre-allocated 0 pages
[    1.408212] HugeTLB: 28 KiB vmemmap can be freed for a 2.00 MiB page
[    1.416396] ACPI: Added _OSI(Module Device)
[    1.420215] ACPI: Added _OSI(Processor Device)
[    1.423211] ACPI: Added _OSI(Processor Aggregator Device)
[    1.430613] ACPI: 1 ACPI AML tables successfully acquired and loaded
[    1.442293] ACPI: Interpreter enabled
[    1.443216] ACPI: PM: (supports S0 S3 S4 S5)
[    1.443723] ACPI: Using IOAPIC for interrupt routing
[    1.445221] PCI: Using host bridge windows from ACPI; if necessary, use "pci=nocrs" and report a bug
[    1.453216] PCI: Using E820 reservations for host bridge windows
[    1.457527] ACPI: Enabled 2 GPEs in block 00 to 0F
[    1.472599] ACPI: PCI Root Bridge [PCI0] (domain 0000 [bus 00-ff])
[    1.479224] acpi PNP0A03:00: _OSC: OS supports [ASPM ClockPM Segments MSI HPX-Type3]
[    1.489271] acpi PNP0A03:00: _OSC: not requesting OS control; OS requires [ExtendedConfig ASPM ClockPM MSI]
[    1.497242] acpi PNP0A03:00: fail to add MMCONFIG information, can't access extended configuration space under this bridge
[    1.512245] PCI host bridge to bus 0000:00
[    1.515214] pci_bus 0000:00: root bus resource [io  0x0000-0x0cf7 window]
[    1.521209] pci_bus 0000:00: root bus resource [io  0x0d00-0xffff window]
[    1.527216] pci_bus 0000:00: root bus resource [mem 0x000a0000-0x000bffff window]
[    1.534216] pci_bus 0000:00: root bus resource [mem 0x80000000-0xfebfffff window]
[    1.542216] pci_bus 0000:00: root bus resource [mem 0x100000000-0x17fffffff window]
[    1.548217] pci_bus 0000:00: root bus resource [bus 00-ff]
[    1.552327] pci 0000:00:00.0: [8086:1237] type 00 class 0x060000 conventional PCI endpoint
[    1.568785] pci 0000:00:01.0: [8086:7000] type 00 class 0x060100 conventional PCI endpoint
[    1.576871] pci 0000:00:01.1: [8086:7010] type 00 class 0x010180 conventional PCI endpoint
[    1.591582] pci 0000:00:01.1: BAR 4 [io  0xc040-0xc04f]
[    1.595557] pci 0000:00:01.1: BAR 0 [io  0x01f0-0x01f7]: legacy IDE quirk
[    1.599208] pci 0000:00:01.1: BAR 1 [io  0x03f6]: legacy IDE quirk
[    1.603215] pci 0000:00:01.1: BAR 2 [io  0x0170-0x0177]: legacy IDE quirk
[    1.608212] pci 0000:00:01.1: BAR 3 [io  0x0376]: legacy IDE quirk
[    1.611426] pci 0000:00:01.3: [8086:7113] type 00 class 0x068000 conventional PCI endpoint
[    1.617204] pci 0000:00:01.3: quirk: [io  0x0600-0x063f] claimed by PIIX4 ACPI
[    1.622304] pci 0000:00:01.3: quirk: [io  0x0700-0x070f] claimed by PIIX4 SMB
[    1.626361] pci 0000:00:02.0: [1234:1111] type 00 class 0x030000 conventional PCI endpoint
[    1.665528] pci 0000:00:02.0: BAR 0 [mem 0xfd000000-0xfdffffff pref]
[    1.674353] pci 0000:00:02.0: BAR 2 [mem 0xfebb0000-0xfebb0fff]
[    1.679467] pci 0000:00:02.0: ROM [mem 0xfeba0000-0xfebaffff pref]
[    1.685670] pci 0000:00:02.0: Video device with shadowed ROM at [mem 0x000c0000-0x000dffff]
[    1.704321] pci 0000:00:03.0: [8086:100e] type 00 class 0x020000 conventional PCI endpoint
[    1.727300] pci 0000:00:03.0: BAR 0 [mem 0xfeb80000-0xfeb9ffff]
[    1.735293] pci 0000:00:03.0: BAR 1 [io  0xc000-0xc03f]
[    1.745526] pci 0000:00:03.0: ROM [mem 0xfeb00000-0xfeb7ffff pref]
[    1.778457] ACPI: PCI: Interrupt link LNKA configured for IRQ 10
[    1.786531] ACPI: PCI: Interrupt link LNKB configured for IRQ 10
[    1.793437] ACPI: PCI: Interrupt link LNKC configured for IRQ 11
[    1.802688] ACPI: PCI: Interrupt link LNKD configured for IRQ 11
[    1.809331] ACPI: PCI: Interrupt link LNKS configured for IRQ 9
[    1.833379] iommu: Default domain type: Translated
[    1.836210] iommu: DMA domain TLB invalidation policy: lazy mode
[    1.847981] SCSI subsystem initialized
[    1.860364] ACPI: bus type USB registered
[    1.861086] usbcore: registered new interface driver usbfs
[    1.864401] usbcore: registered new interface driver hub
[    1.869238] usbcore: registered new device driver usb
[    1.870269] pps_core: LinuxPPS API ver. 1 registered
[    1.873210] pps_core: Software ver. 5.3.6 - Copyright 2005-2007 Rodolfo Giometti <giometti@linux.it>
[    1.875214] PTP clock support registered
[    1.877739] Advanced Linux Sound Architecture Driver Initialized.
[    1.899816] NetLabel: Initializing
[    1.905258] NetLabel:  domain hash size = 128
[    1.919213] NetLabel:  protocols = UNLABELED CIPSOv4 CALIPSO
[    1.945618] NetLabel:  unlabeled traffic allowed by default
[    1.970212] PCI: Using ACPI for IRQ routing
[    1.986560] pci 0000:00:02.0: vgaarb: setting as boot VGA device
[    1.987204] pci 0000:00:02.0: vgaarb: bridge control possible
[    1.987204] pci 0000:00:02.0: vgaarb: VGA device added: decodes=io+mem,owns=io+mem,locks=none
[    1.987217] vgaarb: loaded
[    1.993800] hpet: 3 channels of 0 reserved for per-cpu timers
[    1.996211] hpet0: at MMIO 0xfed00000, IRQs 2, 8, 0
[    1.997213] hpet0: 3 comparators, 64-bit 100.000000 MHz counter
[    2.003467] clocksource: Switched to clocksource kvm-clock
[    2.022779] VFS: Disk quotas dquot_6.6.0
[    2.025733] VFS: Dquot-cache hash table entries: 512 (order 0, 4096 bytes)
[    2.037105] pnp: PnP ACPI init
[    2.045399] pnp: PnP ACPI: found 6 devices
[    2.088371] clocksource: acpi_pm: mask: 0xffffff max_cycles: 0xffffff, max_idle_ns: 2085701024 ns
[    2.105664] kwatchdog (51) used greatest stack depth: 15496 bytes left
[    2.109629] NET: Registered PF_INET protocol family
[    2.131972] IP idents hash table entries: 32768 (order: 6, 262144 bytes, linear)
[    2.173012] tcp_listen_portaddr_hash hash table entries: 1024 (order: 2, 16384 bytes, linear)
[    2.185857] Table-perturb hash table entries: 65536 (order: 6, 262144 bytes, linear)
[    2.195579] TCP established hash table entries: 16384 (order: 5, 131072 bytes, linear)
[    2.206375] TCP bind hash table entries: 16384 (order: 7, 524288 bytes, linear)
[    2.215039] TCP: Hash tables configured (established 16384 bind 16384)
[    2.221953] UDP hash table entries: 1024 (order: 4, 65536 bytes, linear)
[    2.227211] UDP-Lite hash table entries: 1024 (order: 4, 65536 bytes, linear)
[    2.235716] NET: Registered PF_UNIX/PF_LOCAL protocol family
[    2.248735] RPC: Registered named UNIX socket transport module.
[    2.257900] RPC: Registered udp transport module.
[    2.262810] RPC: Registered tcp transport module.
[    2.267834] RPC: Registered tcp-with-tls transport module.
[    2.273933] RPC: Registered tcp NFSv4.1 backchannel transport module.
[    2.283638] pci_bus 0000:00: resource 4 [io  0x0000-0x0cf7 window]
[    2.289598] pci_bus 0000:00: resource 5 [io  0x0d00-0xffff window]
[    2.295012] pci_bus 0000:00: resource 6 [mem 0x000a0000-0x000bffff window]
[    2.302006] pci_bus 0000:00: resource 7 [mem 0x80000000-0xfebfffff window]
[    2.308958] pci_bus 0000:00: resource 8 [mem 0x100000000-0x17fffffff window]
[    2.317273] pci 0000:00:01.0: PIIX3: Enabling Passive Release
[    2.322951] pci 0000:00:00.0: Limiting direct PCI/PCI transfers
[    2.329681] PCI: CLS 0 bytes, default 64
[    2.336039] clocksource: tsc: mask: 0xffffffffffffffff max_cycles: 0x22df0d21928, max_idle_ns: 440795225288 ns
[    2.359730] Initialise system trusted keyrings
[    2.366967] workingset: timestamp_bits=40 max_order=19 bucket_order=0
[    2.377068] NFS: Registering the id_resolver key type
[    2.382522] Key type id_resolver registered
[    2.387267] Key type id_legacy registered
[    2.392733] 9p: Installing v9fs 9p2000 file system support
[    2.459593] Key type asymmetric registered
[    2.464134] Asymmetric key parser 'x509' registered
[    2.470105] Block layer SCSI generic (bsg) driver version 0.4 loaded (major 251)
[    2.479422] io scheduler mq-deadline registered
[    2.484315] io scheduler kyber registered
[    2.490391] input: Power Button as /devices/LNXSYSTM:00/LNXPWRBN:00/input/input0
[    2.494793] ACPI: button: Power Button [PWRF]
[    2.499819] Serial: 8250/16550 driver, 4 ports, IRQ sharing enabled
[    2.502321] 00:04: ttyS0 at I/O 0x3f8 (irq = 4, base_baud = 115200) is a 16550A
[    2.507526] Non-volatile memory driver v1.3
[    2.510648] Linux agpgart interface v0.103
[    2.534487] ACPI: bus type drm_connector registered
[    2.565434] loop: module loaded
[    2.569691] zram: Added device: zram0
[    2.581152] scsi host0: ata_piix
[    2.583319] scsi host1: ata_piix
[    2.584887] ata1: PATA max MWDMA2 cmd 0x1f0 ctl 0x3f6 bmdma 0xc040 irq 14 lpm-pol 0
[    2.588714] ata2: PATA max MWDMA2 cmd 0x170 ctl 0x376 bmdma 0xc048 irq 15 lpm-pol 0
[    2.594422] tun: Universal TUN/TAP device driver, 1.6
[    2.601595] e100: Intel(R) PRO/100 Network Driver
[    2.609324] e100: Copyright(c) 1999-2006 Intel Corporation
[    2.618180] e1000: Intel(R) PRO/1000 Network Driver
[    2.624105] e1000: Copyright (c) 1999-2006 Intel Corporation.
[    2.676315] ACPI: \_SB_.LNKC: Enabled at IRQ 11
[    2.769245] ata2: found unknown device (class 0)
[    2.777996] ata2.00: ATAPI: QEMU DVD-ROM, 2.5+, max UDMA/100
[    2.793918] scsi 1:0:0:0: CD-ROM            QEMU     QEMU DVD-ROM     2.5+ PQ: 0 ANSI: 5
[    2.844895] sr 1:0:0:0: [sr0] scsi3-mmc drive: 4x/4x cd/rw xa/form2 tray
[    2.850082] cdrom: Uniform CD-ROM driver Revision: 3.20
[    2.868980] sr 1:0:0:0: Attached scsi generic sg0 type 5
[    3.805830] e1000 0000:00:03.0 eth0: (PCI:33MHz:32-bit) 52:54:00:12:34:56
[    3.812796] e1000 0000:00:03.0 eth0: Intel(R) PRO/1000 Network Connection
[    3.819242] e1000e: Intel(R) PRO/1000 Network Driver
[    3.824827] e1000e: Copyright(c) 1999 - 2015 Intel Corporation.
[    3.831493] sky2: driver version 1.30
[    3.838017] usbcore: registered new interface driver usblp
[    3.844398] usbcore: registered new interface driver usb-storage
[    3.850934] i8042: PNP: PS/2 Controller [PNP0303:KBD,PNP0f13:MOU] at 0x60,0x64 irq 1,12
[    3.863098] serio: i8042 KBD port at 0x60,0x64 irq 1
[    3.865772] serio: i8042 AUX port at 0x60,0x64 irq 12
[    3.871686] rtc_cmos 00:05: RTC can wake from S4
[    3.874597] input: AT Translated Set 2 keyboard as /devices/platform/i8042/serio0/input/input1
[    3.884113] rtc_cmos 00:05: registered as rtc0
[    3.895946] rtc_cmos 00:05: alarms up to one day, y3k, 242 bytes nvram, hpet irqs
[    3.901918] device-mapper: ioctl: 4.50.0-ioctl (2025-04-28) initialised: dm-devel@lists.linux.dev
[    3.918617] intel_pstate: CPU model not supported
[    3.921836] hid: raw HID events driver (C) Jiri Kosina
[    3.925305] usbcore: registered new interface driver usbhid
[    3.928932] usbhid: USB HID core driver
[    3.948012] xt_time: kernel timezone is -0000
[    3.974649] Initializing XFRM netlink socket
[    3.981922] NET: Registered PF_INET6 protocol family
[    3.999079] Segment Routing with IPv6
[    4.003020] In-situ OAM (IOAM) with IPv6
[    4.007772] sit: IPv6, IPv4 and MPLS over IPv4 tunneling driver
[    4.018039] NET: Registered PF_PACKET protocol family
[    4.026779] NET: Registered PF_KEY protocol family
[    4.032975] 9pnet: Installing 9P2000 support
[    4.038117] Key type dns_resolver registered
[    4.047060] NET: Registered PF_VSOCK protocol family
[    4.057623] IPI shorthand broadcast: enabled
[    4.083920] sched_clock: Marking stable (3330603262, 753169006)->(4562888532, -479116264)
[    4.096587] registered taskstats version 1
[    4.102065] Loading compiled-in X.509 certificates
[    4.113312] Demotion targets for Node 0: null
[    4.118159] Key type .fscrypt registered
[    4.122223] Key type fscrypt-provisioning registered
[    4.129167] PM:   Magic number: 14:315:636
[    4.132789] netconsole: network logging started
[    4.139204] cfg80211: Loading compiled-in X.509 certificates for regulatory database
[    4.150124] kworker/u16:1 (73) used greatest stack depth: 14272 bytes left
[    4.155146] Loaded X.509 cert 'sforshee: 00b28ddf47aef9cea7'
[    4.158026] kworker/u16:1 (74) used greatest stack depth: 13968 bytes left
[    4.176385] Loaded X.509 cert 'wens: 61c038651aabdcf94bd0ac7ff06c7248db18c600'
[    4.184969] ALSA device list:
[    4.186704]   No soundcards found.
[    4.188219] faux_driver regulatory: Direct firmware load for regulatory.db failed with error -2
[    4.191704] KTAP version 1
[    4.200792] cfg80211: failed to load regulatory.db
[    4.206737] 1..3
[    4.224530]     KTAP version 1
[    4.229097]     # Subtest: corten
[    4.235101]     # module: corten_test
[    4.235108]     1..25
[    4.248859]     ok 1 corten_test_layout
[    4.259483]     ok 2 corten_test_ptdesc_get_put
[    4.289709]     ok 3 corten_test_meta_roundtrip
[    4.309949]     ok 4 corten_test_meta_reinit_cleared
[    4.325125]     ok 5 corten_test_covering_level
[    4.340699]     ok 6 corten_test_covering_base_index
[    4.352622]     ok 7 corten_test_txn_covering
[    4.360145]     ok 8 corten_test_txn_hole
[    4.370525]     ok 9 corten_test_txn_stale_eagain
[    4.379117]     ok 10 corten_test_lock_range_args
[    4.392110]     ok 11 corten_test_txn_state_machine
[    4.401535]     ok 12 corten_test_txn_atomic_validate
[    4.413211]     ok 13 corten_test_txn_real_glue
[    4.500821]     ok 14 corten_test_txn_mutex_overlap
[    4.514459] input: ImExPS/2 Generic Explorer Mouse as /devices/platform/i8042/serio1/input/input3
[    4.533936]     ok 15 corten_test_txn_mutex_disjoint
[    4.535870]     ok 16 corten_test_fail_alloc
[    4.539951]     ok 17 corten_test_txn_hole_fill
[    4.546673]     ok 18 corten_test_txn_hole_race
[    4.773026]     ok 19 corten_test_txn_uninstall_interlock
[    4.804376]     ok 20 corten_test_uninstall_bh_ctx
[    4.819141] ------------[ cut here ]------------
[    4.826897] WARNING: CPU: 2 PID: 126 at mm/corten.c:865 corten_txn_begin+0x191/0x4b0
[    4.835260] Modules linked in:
[    4.841174] CPU: 2 UID: 0 PID: 126 Comm: kunit_try_catch Tainted: G                 N  6.18.32-g893c8043990d-dirty #285 PREEMPT(voluntary) 
[    4.859819] Tainted: [N]=TEST
[    4.863395] Hardware name: QEMU Standard PC (i440FX + PIIX, 1996), BIOS 1.15.0-1 04/01/2014
[    4.869096] RIP: 0010:corten_txn_begin+0x191/0x4b0
[    4.871768] Code: 02 00 00 4c 89 ff 48 89 04 24 e8 2a 78 f9 00 4c 89 ff e8 32 7a f9 00 48 8b 04 24 41 0f b6 4f 25 38 48 25 0f 87 65 ff ff ff 90 <0f> 0b 90 41 80 7e 48 04 0f 86 61 ff ff ff 90 0f 0b 90 48 89 c7 e8
[    4.888866] RSP: 0000:ffff9b8ac04f7da0 EFLAGS: 00010246
[    4.891100] RAX: ffff8ec602983840 RBX: 0000000000000fff RCX: 0000000000000002
[    4.897419] RDX: 0000000000000003 RSI: 000000000000003f RDI: ffff8ec602d21040
[    4.904119] RBP: 0000000000000000 R08: ffff8ec601d76e00 R09: ffff9b8ac04f7e00
[    4.910682] R10: ffff9b8ac04f7d58 R11: 0000000000000000 R12: ffffffff9ac3e990
[    4.916227] R13: ffff8ec601d76e00 R14: ffff9b8ac04f7e00 R15: ffff8ec6029837e0
[    4.923056] FS:  0000000000000000(0000) GS:ffff8ec6e1a5b000(0000) knlGS:0000000000000000
[    4.927967] CS:  0010 DS: 0000 ES: 0000 CR0: 0000000080050033
[    4.933792] CR2: 0000000000000000 CR3: 0000000046830000 CR4: 00000000000006f0
[    4.940621] Call Trace:
[    4.943789]  <TASK>
[    4.945235]  ? __pfx_kunit_generic_run_threadfn_adapter+0x10/0x10
[    4.948015]  corten_test_txn_path_overflow+0xb5/0x2a0
[    4.949395]  ? psi_task_switch+0x107/0x290
[    4.951475]  kunit_try_run_case+0x6f/0x150
[    4.955800]  ? __pfx_kunit_generic_run_threadfn_adapter+0x10/0x10
[    4.961577]  kunit_generic_run_threadfn_adapter+0x1c/0x40
[    4.967030]  kthread+0xff/0x1f0
[    4.969666]  ? __pfx_kthread+0x10/0x10
[    4.973299]  ? __pfx_kthread+0x10/0x10
[    4.975675]  ret_from_fork+0x144/0x160
[    4.980638]  ? __pfx_kthread+0x10/0x10
[    4.984529]  ret_from_fork_asm+0x1a/0x30
[    4.988696]  </TASK>
[    4.991405] ---[ end trace 0000000000000000 ]---
[    4.996481] ------------[ cut here ]------------
[    5.001290] WARNING: CPU: 2 PID: 126 at mm/corten.c:812 corten_txn_begin+0x1a0/0x4b0
[    5.007034] Modules linked in:
[    5.009667] CPU: 2 UID: 0 PID: 126 Comm: kunit_try_catch Tainted: G        W        N  6.18.32-g893c8043990d-dirty #285 PREEMPT(voluntary) 
[    5.020632] Tainted: [W]=WARN, [N]=TEST
[    5.023150] Hardware name: QEMU Standard PC (i440FX + PIIX, 1996), BIOS 1.15.0-1 04/01/2014
[    5.029788] RIP: 0010:corten_txn_begin+0x1a0/0x4b0
[    5.033920] Code: 4c 89 ff e8 32 7a f9 00 48 8b 04 24 41 0f b6 4f 25 38 48 25 0f 87 65 ff ff ff 90 0f 0b 90 41 80 7e 48 04 0f 86 61 ff ff ff 90 <0f> 0b 90 48 89 c7 e8 c5 f5 ff ff 41 0f b6 46 48 84 c0 74 28 83 e8
[    5.049889] RSP: 0000:ffff9b8ac04f7da0 EFLAGS: 00010202
[    5.054821] RAX: ffff8ec6029839c0 RBX: 0000000000000fff RCX: 0000000000000002
[    5.060829] RDX: 0000000000000003 RSI: 000000000000000e RDI: ffff8ec602d21040
[    5.065600] RBP: 0000000000000000 R08: ffff8ec601d76e00 R09: ffff9b8ac04f7e00
[    5.071529] R10: ffff9b8ac04f7d58 R11: 0000000000000000 R12: ffffffff9ac3e990
[    5.078862] R13: ffff8ec601d76e00 R14: ffff9b8ac04f7e00 R15: ffff8ec602983960
[    5.087872] FS:  0000000000000000(0000) GS:ffff8ec6e1a5b000(0000) knlGS:0000000000000000
[    5.096724] CS:  0010 DS: 0000 ES: 0000 CR0: 0000000080050033
[    5.100977] CR2: 0000000000000000 CR3: 0000000046830000 CR4: 00000000000006f0
[    5.108719] Call Trace:
[    5.113226]  <TASK>
[    5.114229]  ? __pfx_kunit_generic_run_threadfn_adapter+0x10/0x10
[    5.120168]  corten_test_txn_path_overflow+0xb5/0x2a0
[    5.125342]  ? psi_task_switch+0x107/0x290
[    5.128898]  kunit_try_run_case+0x6f/0x150
[    5.132745]  ? __pfx_kunit_generic_run_threadfn_adapter+0x10/0x10
[    5.138391]  kunit_generic_run_threadfn_adapter+0x1c/0x40
[    5.145255]  kthread+0xff/0x1f0
[    5.150156]  ? __pfx_kthread+0x10/0x10
[    5.154589]  ? __pfx_kthread+0x10/0x10
[    5.159188]  ret_from_fork+0x144/0x160
[    5.163620]  ? __pfx_kthread+0x10/0x10
[    5.167743]  ret_from_fork_asm+0x1a/0x30
[    5.171384]  </TASK>
[    5.173665] ---[ end trace 0000000000000000 ]---
[    5.179011] kunit_try_catch (126) used greatest stack depth: 13520 bytes left
[    5.179915]     ok 21 corten_test_txn_path_overflow
[    5.187441]     ok 22 corten_test_txn_child_err
[    5.196598]     ok 23 corten_test_real_huge_leaf
[    5.206174]     ok 24 corten_test_full_window_atomic
[    5.209663]     ok 25 corten_test_debugfs_content
[    5.214497] # corten: pass:25 fail:0 skip:0 total:25
[    5.219089] # Totals: pass:25 fail:0 skip:0 total:25
[    5.224128] ok 1 corten
[    5.231293]     KTAP version 1
[    5.234181]     # Subtest: corten_arena
[    5.238010]     # module: corten_arena_test
[    5.238015]     1..123
[    5.251856]     ok 1 corten_arena_test_sweep_anon_resident # SKIP resident-stock sweep requires corten=on
[    5.260773]     ok 2 corten_arena_test_sweep_file_resident # SKIP resident-stock sweep requires corten=on
[    5.287167]     ok 3 corten_arena_test_sweep_skip_taxonomy
[    5.302741]     ok 4 corten_arena_test_sweep_empty_anon
[    5.312069]     ok 5 corten_arena_test_sweep_zero_page # SKIP resident-stock sweep requires corten=on
[    5.322769]     ok 6 corten_arena_test_sweep_fork_flags # SKIP resident-stock sweep requires corten=on
[    5.350122]     ok 7 corten_arena_test_sweep_fork_mirror # SKIP sweep fork mirror requires corten=on
[    5.364923]     ok 8 corten_arena_test_sweep_file_exit # SKIP sweep file exit requires corten=on
[    5.381440]     ok 9 corten_arena_test_sweep_mixed_frame_exit # SKIP sweep mixed frame exit requires corten=on
[    5.401701]     ok 10 corten_arena_test_sweep_exit_refusal # SKIP sweep exit refusal requires corten=on
[    5.420450]     ok 11 corten_arena_test_declare_reject
[    5.438377]     ok 12 corten_arena_test_declare_reject_flags
[    5.444332]     ok 13 corten_arena_test_declare_query
[    5.453638]     ok 14 corten_arena_test_range_overlaps # SKIP overlap gate requires corten=on
[    5.479540]     ok 15 corten_arena_test_release
[    5.496369]     ok 16 corten_arena_test_ref_born_atomic
[    5.502105]     ok 17 corten_arena_test_release_classify
[    5.515606]     ok 18 corten_arena_test_shadow_vma
[    5.527136]     ok 19 corten_arena_test_exit
[    5.533708]     ok 20 corten_arena_test_prctl
[    5.541041]     ok 21 corten_arena_test_mode
[    5.546643]     ok 22 corten_arena_test_auto_classify
[    5.553928]     ok 23 corten_arena_test_auto_classify_file
[    5.559473]     ok 24 corten_arena_test_auto_place
[    5.565852]     ok 25 corten_arena_test_auto_route # SKIP auto-mmap route requires corten=on
[    5.572186]     ok 26 corten_arena_test_auto_attach_release # SKIP munmap routing requires corten=on
[    5.578494]     ok 27 corten_arena_test_file_lifecycle # SKIP FILE lifecycle requires corten=on
[    5.587159]     ok 28 corten_arena_test_truncate_route # SKIP H7 gate requires corten=on
[    5.597497]     ok 29 corten_arena_test_registry_inval # SKIP W1.b registry requires corten=on
[    5.607762]     ok 30 corten_arena_test_file_read # SKIP FILE read arm requires corten=on
[    5.618829]     ok 31 corten_arena_test_file_cow # SKIP FILE COW arm requires corten=on
[    5.628838]     ok 32 corten_arena_test_file_rmap_shared # SKIP FILE rmap anchor requires corten=on
[    5.644778]     ok 33 corten_arena_test_ttu_file_route # SKIP W1.d ttu route requires corten=on
[    5.656962]     ok 34 corten_arena_test_ttu_declines # SKIP W1.d ttu declines require corten=on
[    5.670427]     ok 35 corten_arena_test_file_fork_mirror # SKIP FILE fork mirror requires corten=on
[    5.682571]     ok 36 corten_arena_test_file_fork_cow # SKIP FILE fork COW requires corten=on
[    5.696468]     ok 37 corten_arena_test_file_fork_pinned # SKIP FILE fork pinned copy requires corten=on
[    5.709922]     ok 38 corten_arena_test_file_hugetlb_route # SKIP hugetlb route gate requires corten=on
[    5.724878]     ok 39 corten_arena_test_mag_recycle # SKIP auto-mmap route requires corten=on
[    5.737630]     ok 40 corten_arena_test_mag_marker # SKIP auto-mmap route requires corten=on
[    5.740974]     ok 41 corten_arena_test_pool_reuse # SKIP pool routing requires corten=on
[    5.752662]     ok 42 corten_arena_test_pool_limit # SKIP pool routing requires corten=on
[    5.760992]     ok 43 corten_arena_test_pool_mode_exit # SKIP pool routing requires corten=on
[    5.774118]     ok 44 corten_arena_test_pool_fork # SKIP pool routing requires corten=on
[    5.786724]     ok 45 corten_arena_test_noreplace_parked # SKIP placement guards require corten=on
[    5.799647]     ok 46 corten_arena_test_noreplace_active # SKIP placement guards require corten=on
[    5.810597]     ok 47 corten_arena_test_mapfixed_over_parked # SKIP placement guards require corten=on
[    5.814039]     ok 48 corten_arena_test_explicit_anon_region # SKIP explicit region route requires corten=on
[    5.825722]     ok 49 corten_arena_test_explicit_file_region # SKIP explicit region route requires corten=on
[    5.846427]     ok 50 corten_arena_test_occupied_incl_idle # SKIP placement guards require corten=on
[    5.873950]     ok 51 corten_arena_test_p4_eject # SKIP placement guards require corten=on
[    5.889007]     ok 52 corten_arena_test_hint_fence # SKIP placement guards require corten=on
[    5.901502]     ok 53 corten_arena_test_j1_hooks # SKIP J1 hooks require corten=on
[    5.923611]     ok 54 corten_arena_test_j1_self_exempt # SKIP J1 exemption requires corten=on
[    5.933074]     ok 55 corten_arena_test_uffd_window_reject # SKIP uffd short-circuit requires corten=on
[    5.941343]     ok 56 corten_arena_test_j1_implant_exempt # SKIP J1 implant exemption requires corten=on
[    5.951984]     ok 57 corten_arena_test_fault_window_shorts # SKIP fault short-circuit requires corten=on
[    5.967795]     ok 58 corten_arena_test_inv_mv2_clean # SKIP J2 walker requires corten=on
[    5.977843]     ok 59 corten_arena_test_inv_mv2_inject # SKIP J2 injection requires corten=on
[    5.991848]     ok 60 corten_arena_test_inv_mv2_stale # SKIP J2 stale class requires corten=on
[    6.003185]     ok 61 corten_arena_test_inv_mv2_implant_fork # SKIP J2 implant fork requires corten=on
[    6.019750]     ok 62 corten_arena_test_j2_triggers # SKIP J2 triggers require corten=on
[    6.031802]     ok 63 corten_arena_test_msync_window_segments # SKIP msync terminals require corten=on
[    6.043530]     ok 64 corten_arena_test_mincore_route # SKIP mincore terminal requires corten=on
[    6.057767]     ok 65 corten_arena_test_madvise_parked_terminal # SKIP madvise terminal requires corten=on
[    6.073926]     ok 66 corten_arena_test_move_pages_window # SKIP move_pages terminal requires corten=on
[    6.090838]     ok 67 corten_arena_test_mvc_row_stream # SKIP row stream requires corten=on
[    6.096779]     ok 68 corten_arena_test_mvc_merge_first_row # SKIP row stream requires corten=on
[    6.120824]     ok 69 corten_arena_test_mvc_gup_probe # SKIP gup probe requires corten=on
[    6.123776]     ok 70 corten_arena_test_w3_futex_gup_shapes # SKIP futex GUP shapes require corten=on
[    6.134873]     ok 71 corten_arena_test_w3_gup_chunk_promoted_perm # SKIP chunk perm probe requires corten=on
[    6.147773]     ok 72 corten_arena_test_w3_futex_key # SKIP futex key arm requires corten=on
[    6.159421]     ok 73 corten_arena_test_gup_loop_window # SKIP loop anchors require corten=on
[    6.173462]     ok 74 corten_arena_test_gup_loop_legacy # SKIP loop anchors require corten=on
[    6.184366]     ok 75 corten_arena_test_mvc_smaps_pagemap # SKIP smaps/pagemap aggregation requires corten=on
[    6.191160]     ok 76 corten_arena_test_exit_lifecycle # SKIP lifecycle ledger requires corten=on
[    6.197173]     ok 77 corten_arena_test_exit_punchfork # SKIP punchfork exit ledger requires corten=on
[    6.213009]     ok 78 corten_arena_test_exit_multi_segment # SKIP multi-segment exit requires corten=on
[    6.227941]     ok 79 corten_arena_test_vma_free_reuse # SKIP VMA-free reuse requires corten=on
[    6.244209]     ok 80 corten_arena_test_inv_mv3 # SKIP INV-MV3 requires corten=on
[    6.260245]     ok 81 corten_arena_test_fork_vma_free # SKIP VMA-free fork requires corten=on
[    6.276488]     ok 82 corten_arena_test_vma_free_shrink_pick # SKIP shrinker bodies require corten=on
[    6.280437]     ok 83 corten_arena_test_carrier_shrink_pick # SKIP shrinker bodies require corten=on
[    6.290520]     ok 84 corten_arena_test_auto_validate
[    6.305802]     ok 85 corten_arena_test_carrier_vma # SKIP auto-arena record requires corten=on
[    6.318691]     ok 86 corten_arena_test_fork_punch_novma # SKIP fork mirror requires corten=on
[    6.345029]     ok 87 corten_arena_test_fork_redeclare_content # SKIP fork mirror requires corten=on
[    6.368085]     ok 88 corten_arena_test_region_record
[    6.380906]     ok 89 corten_arena_test_region_iter
[    6.391874]     ok 90 corten_arena_test_region_park # SKIP park routing requires corten=on
[    6.414225]     ok 91 corten_arena_test_region_fork
[    6.434960]     ok 92 corten_arena_test_mprotect_route # SKIP mprotect route requires corten=on
[    6.444138]     ok 93 corten_arena_test_protect_flags_kernel_gate # SKIP mprotect route requires corten=on
[    6.450775]     ok 94 corten_arena_test_madvise_route # SKIP madvise route requires corten=on
[    6.463697]     ok 95 corten_arena_test_mremap_route # SKIP mremap route requires corten=on
[    6.477653]     ok 96 corten_arena_test_fork_faithful # SKIP metadata mirror requires corten=on
[    6.495871]     ok 97 corten_arena_test_fork_unwind
[    6.510493]     ok 98 corten_arena_test_fork_multipiece
[    6.519541]     ok 99 corten_arena_test_fork_perm # SKIP mprotect route requires corten=on
[    6.531537]     ok 100 corten_arena_test_inv7_shared_ro # SKIP metadata mirror requires corten=on
[    6.545106]     ok 101 corten_arena_test_inv7_swapped # SKIP metadata mirror requires corten=on
[    6.555582]     ok 102 corten_arena_test_shrink_registry_count # SKIP shrinker bodies require corten=on
[    6.561385]     ok 103 corten_arena_test_shrink_aging_two_pass # SKIP shrinker bodies require corten=on
[    6.569463]     ok 104 corten_arena_test_shrink_rotation # SKIP shrinker bodies require corten=on
[    6.574363]     ok 105 corten_arena_test_fork_swapped # SKIP fork mirror requires corten=on
[    6.582471]     ok 106 corten_arena_test_fork_f2_gate # SKIP metadata mirror requires corten=on
[    6.587394]     ok 107 corten_arena_test_fork_drain_leak # SKIP metadata mirror requires corten=on
[    6.590833]     ok 108 corten_arena_test_unshare_pin # SKIP metadata mirror requires corten=on
[    6.595411]     ok 109 corten_arena_test_fork_reuse_exclusive # SKIP metadata mirror requires corten=on
[    6.603358]     ok 110 corten_arena_test_gup_state1_uncommitted # SKIP metadata mirror requires corten=on
[    6.613802]     ok 111 corten_arena_test_gup_state2_committed_rw # SKIP metadata mirror requires corten=on
[    6.620712]     ok 112 corten_arena_test_gup_state3_fork_cow # SKIP metadata mirror requires corten=on
[    6.634022]     ok 113 corten_arena_test_gup_state3b_downgrade_restore # SKIP metadata mirror requires corten=on
[    6.645683]     ok 114 corten_arena_test_gup_state4_pin_zap # SKIP metadata mirror requires corten=on
[    6.654138]     ok 115 corten_arena_test_concurrent
[    6.667612]     ok 116 corten_arena_test_concurrent_window
[    6.676457]     ok 117 corten_arena_test_obs_ledger
[    6.678290]     ok 118 corten_arena_test_drain_timeout_stat
[    6.686795]     ok 119 corten_arena_test_novma_rmap
[    6.693367]     ok 120 corten_arena_test_brk_delegation # SKIP brk ledger requires corten=on
[    6.702141]     ok 121 corten_arena_test_brk_region_route # SKIP brk region migration requires corten=on
[    6.716828]     ok 122 corten_arena_test_brk_region_exit # SKIP brk region migration requires corten=on
[    6.732337]     ok 123 corten_arena_test_whitelist_audit # SKIP whitelist audit requires corten=on
[    6.738983] # corten_arena: pass:26 fail:0 skip:97 total:123
[    6.743907] # Totals: pass:26 fail:0 skip:97 total:123
[    6.749959] ok 2 corten_arena
[    6.758716]     KTAP version 1
[    6.761871]     # Subtest: corten_fault
[    6.765689]     # module: corten_fault_test
[    6.765694]     1..39
[    6.776943]     ok 1 corten_fault_test_dispatch
[    6.778917]     ok 2 corten_fault_test_fig8_cow
[    6.784771]     ok 3 corten_fault_test_unmap_classify
[    6.791984]     ok 4 corten_fault_test_mmap_classify
[    6.798417]     ok 5 corten_fault_test_file_may_matrix
[    6.807058]     ok 6 corten_fault_test_punch_classify
[    6.815021]     ok 7 corten_fault_test_map_anon # SKIP real fault chain requires corten=on
[    6.822838]     ok 8 corten_fault_test_zero_page # SKIP real fault chain requires corten=on
[    6.833402]     ok 9 corten_fault_test_sigsegv # SKIP real fault chain requires corten=on
[    6.847273]     ok 10 corten_fault_test_fresh_fault # SKIP real fault chain requires corten=on
[    6.851352]     ok 11 corten_fault_test_churn_repro # SKIP real fault chain requires corten=on
[    6.868708]     ok 12 corten_fault_test_untracked_drift # SKIP real fault chain requires corten=on
[    6.881523]     ok 13 corten_fault_test_restore # SKIP real fault chain requires corten=on
[    6.891061]     ok 14 corten_fault_test_cow_reuse # SKIP real fault chain requires corten=on
[    6.895757]     ok 15 corten_fault_test_cow_copy # SKIP real fault chain requires corten=on
[    6.907113]     ok 16 corten_fault_test_foll_force # SKIP real fault chain requires corten=on
[    6.921110]     ok 17 corten_fault_test_cow_race # SKIP real fault chain requires corten=on
[    6.933257]     ok 18 corten_fault_test_mprotect_pte # SKIP real fault chain requires corten=on
[    6.946079]     ok 19 corten_fault_test_mprotect_fresh # SKIP real fault chain requires corten=on
[    6.956210]     ok 20 corten_fault_test_zap_keep_perm # SKIP real fault chain requires corten=on
[    6.959568]     ok 21 corten_fault_test_zap_keep_perm_downgrade # SKIP real fault chain requires corten=on
[    6.971993]     ok 22 corten_fault_test_untracked_rearm # SKIP real fault chain requires corten=on
[    6.985152]     ok 23 corten_fault_test_fill_upper_race # SKIP real fault chain requires corten=on
[    6.996208]     ok 24 corten_fault_test_map_race # SKIP real fault chain requires corten=on
[    7.011211]     ok 25 corten_fault_test_chunk_unmap # SKIP real fault chain requires corten=on
[    7.024629]     ok 26 corten_fault_test_punch_hole # SKIP real fault chain requires corten=on
[    7.035709]     ok 27 corten_fault_test_punch_head # SKIP real fault chain requires corten=on
[    7.047663]     ok 28 corten_fault_test_rmap_guard # SKIP reclaim guard requires corten=on
[    7.063192]     ok 29 corten_fault_test_ttu_route # SKIP ttu route requires corten=on
[    7.079986]     ok 30 corten_fault_test_ttu_dual_entry # SKIP ttu dual entry requires corten=on
[    7.095263]     ok 31 corten_fault_test_reap_skip # SKIP reap skip requires corten=on
[    7.106989]     ok 32 corten_fault_test_swap_encode
[    7.117520]     ok 33 corten_fault_test_swap_roundtrip # SKIP swap transaction requires corten=on
[    7.125119]     ok 34 corten_fault_test_swap_zap_free # SKIP swap transaction requires corten=on
[    7.136671]     ok 35 corten_fault_test_driver_keep_noswap # SKIP driver requires corten=on
[    7.147920]     ok 36 corten_fault_test_driver_swap_roundtrip # SKIP driver requires corten=on
[    7.159649]     ok 37 corten_fault_test_swap_mprotect_pending # SKIP real fault chain requires corten=on
[    7.170479]     ok 38 corten_fault_test_unuse_windows # SKIP unuse sweep requires corten=on
[    7.179275]     ok 39 corten_fault_test_unuse_windows_cache # SKIP unuse sweep requires corten=on
[    7.185885] # corten_fault: pass:7 fail:0 skip:32 total:39
[    7.190514] # Totals: pass:7 fail:0 skip:32 total:39
[    7.195447] ok 3 corten_fault
[    7.209901] check access for rdinit=/init failed: -2, ignoring
[    7.213262] md: Waiting for all devices to be available before autodetect
[    7.218233] md: If you don't use raid, use raid=noautodetect
[    7.222435] md: Autodetecting RAID arrays.
[    7.226114] md: autorun ...
[    7.227902] md: ... autorun DONE.
[    7.230913] /dev/root: Can't open blockdev
[    7.234205] VFS: Cannot open root device "" or unknown-block(0,0): error -6
[    7.237356] Please append a correct "root=" boot option; here are the available partitions:
[    7.243122] 0b00         1048575 sr0 
[    7.243129]  driver: sr
[    7.247789] List of all bdev filesystems:
[    7.250455]  ext3
[    7.250461]  ext2
[    7.252468]  ext4
[    7.253876]  vfat
[    7.255473]  msdos
[    7.256807]  iso9660
[    7.258248]  f2fs
[    7.260065]  erofs
[    7.261674] 
[    7.264750] Kernel panic - not syncing: VFS: Unable to mount root fs on unknown-block(0,0)
[    7.269235] CPU: 2 UID: 0 PID: 1 Comm: swapper/0 Tainted: G        W        N  6.18.32-g893c8043990d-dirty #285 PREEMPT(voluntary) 
[    7.276220] Tainted: [W]=WARN, [N]=TEST
[    7.278732] Hardware name: QEMU Standard PC (i440FX + PIIX, 1996), BIOS 1.15.0-1 04/01/2014
[    7.284174] Call Trace:
[    7.285718]  <TASK>
[    7.286244]  vpanic+0x34f/0x360
[    7.287844]  panic+0x56/0x60
[    7.289912]  mount_root_generic+0x1ff/0x320
[    7.293675]  prepare_namespace+0x63/0x270
[    7.297261]  kernel_init_freeable+0x29f/0x2f0
[    7.299202]  ? __pfx_kernel_init+0x10/0x10
[    7.302159]  kernel_init+0x15/0x1c0
[    7.305373]  ret_from_fork+0x144/0x160
[    7.307866]  ? __pfx_kernel_init+0x10/0x10
[    7.311086]  ret_from_fork_asm+0x1a/0x30
[    7.314366]  </TASK>
[    7.320674] Kernel Offset: 0x18600000 from 0xffffffff81000000 (relocation range: 0xffffffff80000000-0xffffffffbfffffff)
