qemu-system-x86_64: warning: host doesn't support requested feature: CPUID.80000001H:ECX.svm [bit 2]
qemu-system-x86_64: warning: host doesn't support requested feature: CPUID.80000001H:ECX.svm [bit 2]
qemu-system-x86_64: warning: host doesn't support requested feature: CPUID.80000001H:ECX.svm [bit 2]
qemu-system-x86_64: warning: host doesn't support requested feature: CPUID.80000001H:ECX.svm [bit 2]
c[?7l[2J[0mSeaBIOS (version 1.15.0-1)


iPXE (https://ipxe.org) 00:03.0 CA00 PCI2.10 PnP PMM+7FF8B310+7FECB310 CA00
Press Ctrl-B to configure iPXE (PCI 00:03.0)...                                                                               


Booting from ROM...
c[?7l[2J[    0.000000] Linux version 6.18.32-gb280246bb2f2-dirty (ppw@vm) (gcc (Ubuntu 11.4.0-1ubuntu1~22.04.3) 11.4.0, GNU ld (GNU Binutils for Ubuntu) 2.38) #163 SMP PREEMPT_DYNAMIC Thu Sep 24 12:22:44 CST 2026
[    0.000000] Command line: console=ttyS0 panic=-1 corten=on kunit.filter_glob=corten*
[    0.000000] x86/CPU: Model not found in latest microcode list
[    0.000000] BIOS-provided physical RAM map:
[    0.000000] BIOS-e820: [mem 0x0000000000000000-0x000000000009fbff] usable
[    0.000000] BIOS-e820: [mem 0x000000000009fc00-0x000000000009ffff] reserved
[    0.000000] BIOS-e820: [mem 0x00000000000f0000-0x00000000000fffff] reserved
[    0.000000] BIOS-e820: [mem 0x0000000000100000-0x000000007ffdffff] usable
[    0.000000] BIOS-e820: [mem 0x000000007ffe0000-0x000000007fffffff] reserved
[    0.000000] BIOS-e820: [mem 0x00000000feffc000-0x00000000feffffff] reserved
[    0.000000] BIOS-e820: [mem 0x00000000fffc0000-0x00000000ffffffff] reserved
[    0.000000] NX (Execute Disable) protection: active
[    0.000000] APIC: Static calls initialized
[    0.000000] SMBIOS 2.8 present.
[    0.000000] DMI: QEMU Standard PC (i440FX + PIIX, 1996), BIOS 1.15.0-1 04/01/2014
[    0.000000] DMI: Memory slots populated: 1/1
[    0.000000] Hypervisor detected: KVM
[    0.000000] last_pfn = 0x7ffe0 max_arch_pfn = 0x400000000
[    0.000000] kvm-clock: Using msrs 4b564d01 and 4b564d00
[    0.000003] kvm-clock: using sched offset of 2167377931 cycles
[    0.000006] clocksource: kvm-clock: mask: 0xffffffffffffffff max_cycles: 0x1cd42e4dffb, max_idle_ns: 881590591483 ns
[    0.000056] tsc: Detected 2419.196 MHz processor
[    0.003243] last_pfn = 0x7ffe0 max_arch_pfn = 0x400000000
[    0.003955] MTRR map: 4 entries (3 fixed + 1 variable; max 19), built from 8 variable MTRRs
[    0.003982] x86/PAT: Configuration [0-7]: WB  WC  UC- UC  WB  WP  UC- WT  
[    0.021907] found SMP MP-table at [mem 0x000f5ba0-0x000f5baf]
[    0.022905] ACPI: Early table checksum verification disabled
[    0.023052] ACPI: RSDP 0x00000000000F59E0 000014 (v00 BOCHS )
[    0.023199] ACPI: RSDT 0x000000007FFE1A1C 000034 (v01 BOCHS  BXPC     00000001 BXPC 00000001)
[    0.023265] ACPI: FACP 0x000000007FFE18B8 000074 (v01 BOCHS  BXPC     00000001 BXPC 00000001)
[    0.023576] ACPI: DSDT 0x000000007FFE0040 001878 (v01 BOCHS  BXPC     00000001 BXPC 00000001)
[    0.023600] ACPI: FACS 0x000000007FFE0000 000040
[    0.023604] ACPI: APIC 0x000000007FFE192C 000090 (v01 BOCHS  BXPC     00000001 BXPC 00000001)
[    0.023609] ACPI: HPET 0x000000007FFE19BC 000038 (v01 BOCHS  BXPC     00000001 BXPC 00000001)
[    0.023613] ACPI: WAET 0x000000007FFE19F4 000028 (v01 BOCHS  BXPC     00000001 BXPC 00000001)
[    0.023616] ACPI: Reserving FACP table memory at [mem 0x7ffe18b8-0x7ffe192b]
[    0.023620] ACPI: Reserving DSDT table memory at [mem 0x7ffe0040-0x7ffe18b7]
[    0.023622] ACPI: Reserving FACS table memory at [mem 0x7ffe0000-0x7ffe003f]
[    0.023623] ACPI: Reserving APIC table memory at [mem 0x7ffe192c-0x7ffe19bb]
[    0.023624] ACPI: Reserving HPET table memory at [mem 0x7ffe19bc-0x7ffe19f3]
[    0.023625] ACPI: Reserving WAET table memory at [mem 0x7ffe19f4-0x7ffe1a1b]
[    0.028516] No NUMA configuration found
[    0.028523] Faking a node at [mem 0x0000000000000000-0x000000007ffdffff]
[    0.028533] NODE_DATA(0) allocated [mem 0x7ffdc140-0x7ffdffff]
[    0.031121] Zone ranges:
[    0.031125]   DMA      [mem 0x0000000000001000-0x0000000000ffffff]
[    0.031131]   DMA32    [mem 0x0000000001000000-0x000000007ffdffff]
[    0.031133]   Normal   empty
[    0.031135] Movable zone start for each node
[    0.031136] Early memory node ranges
[    0.031137]   node   0: [mem 0x0000000000001000-0x000000000009efff]
[    0.031140]   node   0: [mem 0x0000000000100000-0x000000007ffdffff]
[    0.031143] Initmem setup node 0 [mem 0x0000000000001000-0x000000007ffdffff]
[    0.032677] On node 0, zone DMA: 1 pages in unavailable ranges
[    0.034386] On node 0, zone DMA: 97 pages in unavailable ranges
[    0.175133] On node 0, zone DMA32: 32 pages in unavailable ranges
[    0.178129] ACPI: PM-Timer IO Port: 0x608
[    0.178221] ACPI: LAPIC_NMI (acpi_id[0xff] dfl dfl lint[0x1])
[    0.180485] IOAPIC[0]: apic_id 0, version 17, address 0xfec00000, GSI 0-23
[    0.180496] ACPI: INT_SRC_OVR (bus 0 bus_irq 0 global_irq 2 dfl dfl)
[    0.180500] ACPI: INT_SRC_OVR (bus 0 bus_irq 5 global_irq 5 high level)
[    0.180501] ACPI: INT_SRC_OVR (bus 0 bus_irq 9 global_irq 9 high level)
[    0.180520] ACPI: INT_SRC_OVR (bus 0 bus_irq 10 global_irq 10 high level)
[    0.180521] ACPI: INT_SRC_OVR (bus 0 bus_irq 11 global_irq 11 high level)
[    0.180527] ACPI: Using ACPI (MADT) for SMP configuration information
[    0.180528] ACPI: HPET id: 0x8086a201 base: 0xfed00000
[    0.180568] CPU topo: Max. logical packages:   1
[    0.180570] CPU topo: Max. logical dies:       1
[    0.180570] CPU topo: Max. dies per package:   1
[    0.180576] CPU topo: Max. threads per core:   1
[    0.180592] CPU topo: Num. cores per package:     4
[    0.180593] CPU topo: Num. threads per package:   4
[    0.180594] CPU topo: Allowing 4 present CPUs plus 0 hotplug CPUs
[    0.180715] kvm-guest: APIC: eoi() replaced with kvm_guest_apic_eoi_write()
[    0.182186] PM: hibernation: Registered nosave memory: [mem 0x00000000-0x00000fff]
[    0.182198] PM: hibernation: Registered nosave memory: [mem 0x0009f000-0x000fffff]
[    0.182202] [mem 0x80000000-0xfeffbfff] available for PCI devices
[    0.182228] Booting paravirtualized kernel on KVM
[    0.182271] clocksource: refined-jiffies: mask: 0xffffffff max_cycles: 0xffffffff, max_idle_ns: 1910969940391419 ns
[    0.206250] setup_percpu: NR_CPUS:64 nr_cpumask_bits:4 nr_cpu_ids:4 nr_node_ids:1
[    0.214805] percpu: Embedded 54 pages/cpu s182680 r8192 d30312 u524288
[    0.215043] Kernel command line: console=ttyS0 panic=-1 corten=on kunit.filter_glob=corten*
[    0.215676] corten: requested on, activating at initcall time
[    0.215716] printk: log buffer data + meta data: 262144 + 917504 = 1179648 bytes
[    0.223234] Dentry cache hash table entries: 262144 (order: 9, 2097152 bytes, linear)
[    0.233304] Inode-cache hash table entries: 131072 (order: 8, 1048576 bytes, linear)
[    0.234153] Fallback order for Node 0: 0 
[    0.234180] Built 1 zonelists, mobility grouping on.  Total pages: 524158
[    0.234182] Policy zone: DMA32
[    0.234185] mem auto-init: stack:off, heap alloc:off, heap free:off
[    0.250328] SLUB: HWalign=64, Order=0-3, MinObjects=0, CPUs=4, Nodes=1
[    0.250663] Kernel/User page tables isolation: enabled
[    0.272706] Dynamic Preempt: voluntary
[    0.277531] rcu: Preemptible hierarchical RCU implementation.
[    0.277535] rcu: 	RCU event tracing is enabled.
[    0.277537] rcu: 	RCU restricting CPUs from NR_CPUS=64 to nr_cpu_ids=4.
[    0.277541] 	Trampoline variant of Tasks RCU enabled.
[    0.277542] 	Tracing variant of Tasks RCU enabled.
[    0.277544] rcu: RCU calculated value of scheduler-enlistment delay is 100 jiffies.
[    0.277546] rcu: Adjusting geometry for rcu_fanout_leaf=16, nr_cpu_ids=4
[    0.277645] RCU Tasks: Setting shift to 2 and lim to 1 rcu_task_cb_adjust=1 rcu_task_cpu_ids=4.
[    0.277650] RCU Tasks Trace: Setting shift to 2 and lim to 1 rcu_task_cb_adjust=1 rcu_task_cpu_ids=4.
[    0.295303] NR_IRQS: 4352, nr_irqs: 456, preallocated irqs: 16
[    0.297172] rcu: srcu_init: Setting srcu_struct sizes based on contention.
[    0.390534] Console: colour VGA+ 80x25
[    0.391111] printk: legacy console [ttyS0] enabled
[    1.024993] ACPI: Core revision 20250807
[    1.031627] clocksource: hpet: mask: 0xffffffff max_cycles: 0xffffffff, max_idle_ns: 19112604467 ns
[    1.041737] APIC: Switch to symmetric I/O mode setup
[    1.050847] x2apic enabled
[    1.060306] APIC: Switched APIC routing to: physical x2apic
[    1.089421] ..TIMER: vector=0x30 apic1=0 pin1=2 apic2=-1 pin2=-1
[    1.096766] clocksource: tsc-early: mask: 0xffffffffffffffff max_cycles: 0x22df0d21928, max_idle_ns: 440795225288 ns
[    1.105833] Calibrating delay loop (skipped) preset value.. 4838.39 BogoMIPS (lpj=2419196)
[    1.107235] Last level iTLB entries: 4KB 0, 2MB 0, 4MB 0
[    1.107814] Last level dTLB entries: 4KB 0, 2MB 0, 4MB 0, 1GB 0
[    1.107814] mitigations: Enabled attack vectors: user_kernel, user_user, SMT mitigations: auto
[    1.107946] Speculative Store Bypass: Vulnerable
[    1.108814] Spectre V2 : Mitigation: Retpolines
[    1.108814] ITS: Mitigation: Aligned branch/return thunks
[    1.108814] MDS: Vulnerable: Clear CPU buffers attempted, no microcode
[    1.108830] Spectre V1 : Mitigation: usercopy/swapgs barriers and __user pointer sanitization
[    1.109814] Spectre V2 : Spectre v2 / SpectreRSB: Filling RSB on context switch and VMEXIT
[    1.109827] active return thunk: its_return_thunk
[    1.110814] x86/fpu: x87 FPU will use FXSAVE
[    1.120814] Freeing SMP alternatives memory: 64K
[    1.120814] pid_max: default: 32768 minimum: 301
[    1.120841] LSM: initializing lsm=capability,selinux
[    1.121814] SELinux:  Initializing.
[    1.121814] Mount-cache hash table entries: 4096 (order: 3, 32768 bytes, linear)
[    1.121952] Mountpoint-cache hash table entries: 4096 (order: 3, 32768 bytes, linear)
[    1.131814] smpboot: CPU0: Intel QEMU Virtual CPU version 2.5+ (family: 0xf, model: 0x6b, stepping: 0x1)
[    1.134328] Performance Events: unsupported Netburst CPU model 107 no PMU driver, software events only.
[    1.137475] signal: max sigframe size: 1440
[    1.140183] rcu: Hierarchical SRCU implementation.
[    1.140821] rcu: 	Max phase no-delay instances is 400.
[    1.143567] Timer migration: 1 hierarchy levels; 8 children per group; 1 crossnode level
[    1.162131] corten: page descriptors enabled
[    1.164038] smp: Bringing up secondary CPUs ...
[    1.166814] smpboot: x86: Booting SMP configuration:
[    1.166827] .... node  #0, CPUs:      #1 #2 #3
[    1.181048] smp: Brought up 1 node, 4 CPUs
[    1.182825] smpboot: Total of 4 processors activated (19353.56 BogoMIPS)
[    1.190040] Memory: 2006936K/2096632K available (21626K kernel code, 3202K rwdata, 9088K rodata, 3280K init, 1156K bss, 84532K reserved, 0K cma-reserved)
[    1.193831] devtmpfs: initialized
[    1.198843] clocksource: jiffies: mask: 0xffffffff max_cycles: 0xffffffff, max_idle_ns: 1911260446275000 ns
[    1.199823] posixtimers hash table entries: 2048 (order: 3, 32768 bytes, linear)
[    1.201017] futex hash table entries: 1024 (65536 bytes on 1 NUMA nodes, total 64 KiB, linear).
[    1.202592] PM: RTC time: 04:24:19, date: 2026-09-24
[    1.220543] NET: Registered PF_NETLINK/PF_ROUTE protocol family
[    1.221256] audit: initializing netlink subsys (disabled)
[    1.224869] audit: type=2000 audit(1790223858.729:1): state=initialized audit_enabled=0 res=1
[    1.225046] thermal_sys: Registered thermal governor 'step_wise'
[    1.225865] cpuidle: using governor menu
[    1.229257] PCI: Using configuration type 1 for base access
[    1.231360] kprobes: kprobe jump-optimization is enabled. All kprobes are optimized if possible.
[    1.236983] HugeTLB: registered 2.00 MiB page size, pre-allocated 0 pages
[    1.237816] HugeTLB: 28 KiB vmemmap can be freed for a 2.00 MiB page
[    1.239263] ACPI: Added _OSI(Module Device)
[    1.239263] ACPI: Added _OSI(Processor Device)
[    1.239814] ACPI: Added _OSI(Processor Aggregator Device)
[    1.239814] ACPI: 1 ACPI AML tables successfully acquired and loaded
[    1.242916] ACPI: Interpreter enabled
[    1.243978] ACPI: PM: (supports S0 S3 S4 S5)
[    1.244822] ACPI: Using IOAPIC for interrupt routing
[    1.246821] PCI: Using host bridge windows from ACPI; if necessary, use "pci=nocrs" and report a bug
[    1.247823] PCI: Using E820 reservations for host bridge windows
[    1.250038] ACPI: Enabled 2 GPEs in block 00 to 0F
[    1.260889] ACPI: PCI Root Bridge [PCI0] (domain 0000 [bus 00-ff])
[    1.261900] acpi PNP0A03:00: _OSC: OS supports [ASPM ClockPM Segments MSI HPX-Type3]
[    1.262828] acpi PNP0A03:00: _OSC: not requesting OS control; OS requires [ExtendedConfig ASPM ClockPM MSI]
[    1.263870] acpi PNP0A03:00: fail to add MMCONFIG information, can't access extended configuration space under this bridge
[    1.266188] PCI host bridge to bus 0000:00
[    1.266854] pci_bus 0000:00: root bus resource [io  0x0000-0x0cf7 window]
[    1.267826] pci_bus 0000:00: root bus resource [io  0x0d00-0xffff window]
[    1.268839] pci_bus 0000:00: root bus resource [mem 0x000a0000-0x000bffff window]
[    1.270822] pci_bus 0000:00: root bus resource [mem 0x80000000-0xfebfffff window]
[    1.271836] pci_bus 0000:00: root bus resource [mem 0x100000000-0x17fffffff window]
[    1.272988] pci_bus 0000:00: root bus resource [bus 00-ff]
[    1.275138] pci 0000:00:00.0: [8086:1237] type 00 class 0x060000 conventional PCI endpoint
[    1.280814] pci 0000:00:01.0: [8086:7000] type 00 class 0x060100 conventional PCI endpoint
[    1.283385] pci 0000:00:01.1: [8086:7010] type 00 class 0x010180 conventional PCI endpoint
[    1.287163] pci 0000:00:01.1: BAR 4 [io  0xc040-0xc04f]
[    1.288155] pci 0000:00:01.1: BAR 0 [io  0x01f0-0x01f7]: legacy IDE quirk
[    1.288830] pci 0000:00:01.1: BAR 1 [io  0x03f6]: legacy IDE quirk
[    1.289827] pci 0000:00:01.1: BAR 2 [io  0x0170-0x0177]: legacy IDE quirk
[    1.292818] pci 0000:00:01.1: BAR 3 [io  0x0376]: legacy IDE quirk
[    1.296909] pci 0000:00:01.3: [8086:7113] type 00 class 0x068000 conventional PCI endpoint
[    1.300450] pci 0000:00:01.3: quirk: [io  0x0600-0x063f] claimed by PIIX4 ACPI
[    1.301062] pci 0000:00:01.3: quirk: [io  0x0700-0x070f] claimed by PIIX4 SMB
[    1.304193] pci 0000:00:02.0: [1234:1111] type 00 class 0x030000 conventional PCI endpoint
[    1.311664] pci 0000:00:02.0: BAR 0 [mem 0xfd000000-0xfdffffff pref]
[    1.314934] pci 0000:00:02.0: BAR 2 [mem 0xfebb0000-0xfebb0fff]
[    1.316118] pci 0000:00:02.0: ROM [mem 0xfeba0000-0xfebaffff pref]
[    1.320814] pci 0000:00:02.0: Video device with shadowed ROM at [mem 0x000c0000-0x000dffff]
[    1.339066] pci 0000:00:03.0: [8086:100e] type 00 class 0x020000 conventional PCI endpoint
[    1.342825] pci 0000:00:03.0: BAR 0 [mem 0xfeb80000-0xfeb9ffff]
[    1.343900] pci 0000:00:03.0: BAR 1 [io  0xc000-0xc03f]
[    1.346060] pci 0000:00:03.0: ROM [mem 0xfeb00000-0xfeb7ffff pref]
[    1.360220] ACPI: PCI: Interrupt link LNKA configured for IRQ 10
[    1.362147] ACPI: PCI: Interrupt link LNKB configured for IRQ 10
[    1.364204] ACPI: PCI: Interrupt link LNKC configured for IRQ 11
[    1.365308] ACPI: PCI: Interrupt link LNKD configured for IRQ 11
[    1.366872] ACPI: PCI: Interrupt link LNKS configured for IRQ 9
[    1.376159] iommu: Default domain type: Translated
[    1.376819] iommu: DMA domain TLB invalidation policy: lazy mode
[    1.386231] SCSI subsystem initialized
[    1.388684] ACPI: bus type USB registered
[    1.390084] usbcore: registered new interface driver usbfs
[    1.391064] usbcore: registered new interface driver hub
[    1.391852] usbcore: registered new device driver usb
[    1.394162] pps_core: LinuxPPS API ver. 1 registered
[    1.394817] pps_core: Software ver. 5.3.6 - Copyright 2005-2007 Rodolfo Giometti <giometti@linux.it>
[    1.395903] PTP clock support registered
[    1.402131] Advanced Linux Sound Architecture Driver Initialized.
[    1.412241] NetLabel: Initializing
[    1.412816] NetLabel:  domain hash size = 128
[    1.413827] NetLabel:  protocols = UNLABELED CIPSOv4 CALIPSO
[    1.414968] NetLabel:  unlabeled traffic allowed by default
[    1.420471] PCI: Using ACPI for IRQ routing
[    1.424354] pci 0000:00:02.0: vgaarb: setting as boot VGA device
[    1.424814] pci 0000:00:02.0: vgaarb: bridge control possible
[    1.424814] pci 0000:00:02.0: vgaarb: VGA device added: decodes=io+mem,owns=io+mem,locks=none
[    1.424829] vgaarb: loaded
[    1.429470] hpet: 3 channels of 0 reserved for per-cpu timers
[    1.430161] hpet0: at MMIO 0xfed00000, IRQs 2, 8, 0
[    1.430819] hpet0: 3 comparators, 64-bit 100.000000 MHz counter
[    1.440833] clocksource: Switched to clocksource kvm-clock
[    1.460839] VFS: Disk quotas dquot_6.6.0
[    1.465872] VFS: Dquot-cache hash table entries: 512 (order 0, 4096 bytes)
[    1.488386] pnp: PnP ACPI init
[    1.491441] pnp: PnP ACPI: found 6 devices
[    1.599833] clocksource: acpi_pm: mask: 0xffffff max_cycles: 0xffffff, max_idle_ns: 2085701024 ns
[    1.604367] NET: Registered PF_INET protocol family
[    1.607974] IP idents hash table entries: 32768 (order: 6, 262144 bytes, linear)
[    1.614727] tcp_listen_portaddr_hash hash table entries: 1024 (order: 2, 16384 bytes, linear)
[    1.618735] Table-perturb hash table entries: 65536 (order: 6, 262144 bytes, linear)
[    1.622440] TCP established hash table entries: 16384 (order: 5, 131072 bytes, linear)
[    1.627204] TCP bind hash table entries: 16384 (order: 7, 524288 bytes, linear)
[    1.633194] TCP: Hash tables configured (established 16384 bind 16384)
[    1.637007] UDP hash table entries: 1024 (order: 4, 65536 bytes, linear)
[    1.645015] UDP-Lite hash table entries: 1024 (order: 4, 65536 bytes, linear)
[    1.655563] NET: Registered PF_UNIX/PF_LOCAL protocol family
[    1.674937] RPC: Registered named UNIX socket transport module.
[    1.683928] RPC: Registered udp transport module.
[    1.690909] RPC: Registered tcp transport module.
[    1.696663] RPC: Registered tcp-with-tls transport module.
[    1.702405] RPC: Registered tcp NFSv4.1 backchannel transport module.
[    1.720547] pci_bus 0000:00: resource 4 [io  0x0000-0x0cf7 window]
[    1.727461] pci_bus 0000:00: resource 5 [io  0x0d00-0xffff window]
[    1.733164] pci_bus 0000:00: resource 6 [mem 0x000a0000-0x000bffff window]
[    1.737935] pci_bus 0000:00: resource 7 [mem 0x80000000-0xfebfffff window]
[    1.743947] pci_bus 0000:00: resource 8 [mem 0x100000000-0x17fffffff window]
[    1.749498] pci 0000:00:01.0: PIIX3: Enabling Passive Release
[    1.759873] pci 0000:00:00.0: quirk_passive_release+0x0/0xa0 took 10297 usecs
[    1.765908] pci 0000:00:00.0: Limiting direct PCI/PCI transfers
[    1.771455] PCI: CLS 0 bytes, default 64
[    1.777320] clocksource: tsc: mask: 0xffffffffffffffff max_cycles: 0x22df0d21928, max_idle_ns: 440795225288 ns
[    1.800020] Initialise system trusted keyrings
[    1.802312] workingset: timestamp_bits=40 max_order=19 bucket_order=0
[    1.808836] NFS: Registering the id_resolver key type
[    1.812842] Key type id_resolver registered
[    1.816232] Key type id_legacy registered
[    1.820585] 9p: Installing v9fs 9p2000 file system support
[    1.861520] Key type asymmetric registered
[    1.865597] Asymmetric key parser 'x509' registered
[    1.870599] Block layer SCSI generic (bsg) driver version 0.4 loaded (major 251)
[    1.878943] io scheduler mq-deadline registered
[    1.883621] io scheduler kyber registered
[    1.891030] input: Power Button as /devices/LNXSYSTM:00/LNXPWRBN:00/input/input0
[    1.899890] ACPI: button: Power Button [PWRF]
[    1.912155] Serial: 8250/16550 driver, 4 ports, IRQ sharing enabled
[    1.920840] 00:04: ttyS0 at I/O 0x3f8 (irq = 4, base_baud = 115200) is a 16550A
[    1.940733] Non-volatile memory driver v1.3
[    1.947979] Linux agpgart interface v0.103
[    2.005542] ACPI: bus type drm_connector registered
[    2.053440] loop: module loaded
[    2.058535] zram: Added device: zram0
[    2.076669] scsi host0: ata_piix
[    2.086865] scsi host1: ata_piix
[    2.089783] ata1: PATA max MWDMA2 cmd 0x1f0 ctl 0x3f6 bmdma 0xc040 irq 14 lpm-pol 0
[    2.096483] ata2: PATA max MWDMA2 cmd 0x170 ctl 0x376 bmdma 0xc048 irq 15 lpm-pol 0
[    2.108525] tun: Universal TUN/TAP device driver, 1.6
[    2.117067] e100: Intel(R) PRO/100 Network Driver
[    2.125274] e100: Copyright(c) 1999-2006 Intel Corporation
[    2.131561] e1000: Intel(R) PRO/1000 Network Driver
[    2.137117] e1000: Copyright (c) 1999-2006 Intel Corporation.
[    2.225251] ACPI: \_SB_.LNKC: Enabled at IRQ 11
[    2.279488] ata2: found unknown device (class 0)
[    2.292043] ata2.00: ATAPI: QEMU DVD-ROM, 2.5+, max UDMA/100
[    2.309236] scsi 1:0:0:0: CD-ROM            QEMU     QEMU DVD-ROM     2.5+ PQ: 0 ANSI: 5
[    2.391306] sr 1:0:0:0: [sr0] scsi3-mmc drive: 4x/4x cd/rw xa/form2 tray
[    2.398594] cdrom: Uniform CD-ROM driver Revision: 3.20
[    2.443677] sr 1:0:0:0: Attached scsi generic sg0 type 5
[    3.442866] e1000 0000:00:03.0 eth0: (PCI:33MHz:32-bit) 52:54:00:12:34:56
[    3.451320] e1000 0000:00:03.0 eth0: Intel(R) PRO/1000 Network Connection
[    3.459163] e1000e: Intel(R) PRO/1000 Network Driver
[    3.464665] e1000e: Copyright(c) 1999 - 2015 Intel Corporation.
[    3.470619] sky2: driver version 1.30
[    3.478290] usbcore: registered new interface driver usblp
[    3.482570] usbcore: registered new interface driver usb-storage
[    3.488314] i8042: PNP: PS/2 Controller [PNP0303:KBD,PNP0f13:MOU] at 0x60,0x64 irq 1,12
[    3.504840] serio: i8042 KBD port at 0x60,0x64 irq 1
[    3.510127] serio: i8042 AUX port at 0x60,0x64 irq 12
[    3.519055] rtc_cmos 00:05: RTC can wake from S4
[    3.537874] input: AT Translated Set 2 keyboard as /devices/platform/i8042/serio0/input/input1
[    3.538519] rtc_cmos 00:05: registered as rtc0
[    3.552305] rtc_cmos 00:05: alarms up to one day, y3k, 242 bytes nvram, hpet irqs
[    3.565143] device-mapper: ioctl: 4.50.0-ioctl (2025-04-28) initialised: dm-devel@lists.linux.dev
[    3.580990] intel_pstate: CPU model not supported
[    3.586781] hid: raw HID events driver (C) Jiri Kosina
[    3.593787] usbcore: registered new interface driver usbhid
[    3.603876] usbhid: USB HID core driver
[    3.622038] xt_time: kernel timezone is -0000
[    3.632005] Initializing XFRM netlink socket
[    3.640906] NET: Registered PF_INET6 protocol family
[    3.658080] Segment Routing with IPv6
[    3.662379] In-situ OAM (IOAM) with IPv6
[    3.666979] sit: IPv6, IPv4 and MPLS over IPv4 tunneling driver
[    3.674096] NET: Registered PF_PACKET protocol family
[    3.679199] NET: Registered PF_KEY protocol family
[    3.683900] 9pnet: Installing 9P2000 support
[    3.687952] Key type dns_resolver registered
[    3.694280] NET: Registered PF_VSOCK protocol family
[    3.707869] IPI shorthand broadcast: enabled
[    3.729203] sched_clock: Marking stable (2922125019, 806598082)->(4596337108, -867614007)
[    3.739358] registered taskstats version 1
[    3.746112] Loading compiled-in X.509 certificates
[    3.759321] Demotion targets for Node 0: null
[    3.762887] Key type .fscrypt registered
[    3.764029] Key type fscrypt-provisioning registered
[    3.773998] PM:   Magic number: 10:618:414
[    3.777577] netconsole: network logging started
[    3.781520] cfg80211: Loading compiled-in X.509 certificates for regulatory database
[    3.792870] kworker/u16:1 (72) used greatest stack depth: 14272 bytes left
[    3.796351] Loaded X.509 cert 'sforshee: 00b28ddf47aef9cea7'
[    3.802079] Loaded X.509 cert 'wens: 61c038651aabdcf94bd0ac7ff06c7248db18c600'
[    3.807705] faux_driver regulatory: Direct firmware load for regulatory.db failed with error -2
[    3.815853] ALSA device list:
[    3.818779]   No soundcards found.
[    3.821500] KTAP version 1
[    3.825071] 1..3
[    3.827024] cfg80211: failed to load regulatory.db
[    3.835882]     KTAP version 1
[    3.839405]     # Subtest: corten
[    3.842018]     # module: corten_test
[    3.842020]     1..25
[    3.848252]     ok 1 corten_test_layout # SKIP corten=on boot
[    3.850067]     ok 2 corten_test_ptdesc_get_put
[    3.855073]     ok 3 corten_test_meta_roundtrip
[    3.859058]     ok 4 corten_test_meta_reinit_cleared
[    3.863930]     ok 5 corten_test_covering_level
[    3.868787]     ok 6 corten_test_covering_base_index
[    3.875176]     ok 7 corten_test_txn_covering
[    3.880495]     ok 8 corten_test_txn_hole
[    3.884519]     ok 9 corten_test_txn_stale_eagain
[    3.891781]     ok 10 corten_test_lock_range_args
[    3.899914]     ok 11 corten_test_txn_state_machine
[    3.908196]     ok 12 corten_test_txn_atomic_validate
[    3.916217]     ok 13 corten_test_txn_real_glue
[    3.986904]     ok 14 corten_test_txn_mutex_overlap
[    4.041426]     ok 15 corten_test_txn_mutex_disjoint
[    4.057800]     ok 16 corten_test_fail_alloc
[    4.069618]     ok 17 corten_test_txn_hole_fill
[    4.085489] kunit_try_catch (114) used greatest stack depth: 14128 bytes left
[    4.090287]     ok 18 corten_test_txn_hole_race
[    4.349969] input: ImExPS/2 Generic Explorer Mouse as /devices/platform/i8042/serio1/input/input3
[    4.366915]     ok 19 corten_test_txn_uninstall_interlock
[    4.369955]     ok 20 corten_test_uninstall_bh_ctx
[    4.378427] ------------[ cut here ]------------
[    4.389917] WARNING: CPU: 0 PID: 124 at mm/corten.c:865 corten_txn_begin+0x191/0x4b0
[    4.396979] Modules linked in:
[    4.399549] CPU: 0 UID: 0 PID: 124 Comm: kunit_try_catch Tainted: G                 N  6.18.32-gb280246bb2f2-dirty #163 PREEMPT(voluntary) 
[    4.412362] Tainted: [N]=TEST
[    4.413499] Hardware name: QEMU Standard PC (i440FX + PIIX, 1996), BIOS 1.15.0-1 04/01/2014
[    4.421534] RIP: 0010:corten_txn_begin+0x191/0x4b0
[    4.427009] Code: 02 00 00 4c 89 ff 48 89 04 24 e8 2a 5e f8 00 4c 89 ff e8 32 60 f8 00 48 8b 04 24 41 0f b6 4f 25 38 48 25 0f 87 65 ff ff ff 90 <0f> 0b 90 41 80 7e 48 04 0f 86 61 ff ff ff 90 0f 0b 90 48 89 c7 e8
[    4.443566] RSP: 0000:ffffbc44004c7da0 EFLAGS: 00010246
[    4.447494] RAX: ffffa367c1b494e0 RBX: 0000000000000fff RCX: 0000000000000002
[    4.453575] RDX: 0000000000000003 RSI: 0000000000000005 RDI: ffffa367c3135140
[    4.459423] RBP: 0000000000000000 R08: ffffa367c11e4800 R09: ffffbc44004c7e00
[    4.465802] R10: ffffbc44004c7d58 R11: 0000000000000000 R12: ffffffffac23e990
[    4.471941] R13: ffffa367c11e4800 R14: ffffbc44004c7e00 R15: ffffa367c1b49480
[    4.478786] FS:  0000000000000000(0000) GS:ffffa3689035f000(0000) knlGS:0000000000000000
[    4.487630] CS:  0010 DS: 0000 ES: 0000 CR0: 0000000080050033
[    4.493707] CR2: ffffa36837801000 CR3: 0000000076a30000 CR4: 00000000000006f0
[    4.500782] Call Trace:
[    4.504826]  <TASK>
[    4.507051]  ? __pfx_kunit_generic_run_threadfn_adapter+0x10/0x10
[    4.513617]  corten_test_txn_path_overflow+0xb5/0x2a0
[    4.519524]  ? psi_task_switch+0x107/0x290
[    4.524257]  kunit_try_run_case+0x6f/0x150
[    4.528599]  ? __pfx_kunit_generic_run_threadfn_adapter+0x10/0x10
[    4.535194]  kunit_generic_run_threadfn_adapter+0x1c/0x40
[    4.540336]  kthread+0xff/0x1f0
[    4.543784]  ? __pfx_kthread+0x10/0x10
[    4.547767]  ? __pfx_kthread+0x10/0x10
[    4.551022]  ret_from_fork+0x144/0x160
[    4.555205]  ? __pfx_kthread+0x10/0x10
[    4.558613]  ret_from_fork_asm+0x1a/0x30
[    4.563609]  </TASK>
[    4.564873] ---[ end trace 0000000000000000 ]---
[    4.569739] ------------[ cut here ]------------
[    4.574211] WARNING: CPU: 0 PID: 124 at mm/corten.c:812 corten_txn_begin+0x1a0/0x4b0
[    4.581485] Modules linked in:
[    4.584482] CPU: 0 UID: 0 PID: 124 Comm: kunit_try_catch Tainted: G        W        N  6.18.32-gb280246bb2f2-dirty #163 PREEMPT(voluntary) 
[    4.597760] Tainted: [W]=WARN, [N]=TEST
[    4.601600] Hardware name: QEMU Standard PC (i440FX + PIIX, 1996), BIOS 1.15.0-1 04/01/2014
[    4.610054] RIP: 0010:corten_txn_begin+0x1a0/0x4b0
[    4.614972] Code: 4c 89 ff e8 32 60 f8 00 48 8b 04 24 41 0f b6 4f 25 38 48 25 0f 87 65 ff ff ff 90 0f 0b 90 41 80 7e 48 04 0f 86 61 ff ff ff 90 <0f> 0b 90 48 89 c7 e8 c5 f5 ff ff 41 0f b6 46 48 84 c0 74 28 83 e8
[    4.632475] RSP: 0000:ffffbc44004c7da0 EFLAGS: 00010202
[    4.637697] RAX: ffffa367c1b49660 RBX: 0000000000000fff RCX: 0000000000000002
[    4.645253] RDX: 0000000000000003 RSI: 0000000000000029 RDI: ffffa367c3135140
[    4.652284] RBP: 0000000000000000 R08: ffffa367c11e4800 R09: ffffbc44004c7e00
[    4.661529] R10: ffffbc44004c7d58 R11: 0000000000000000 R12: ffffffffac23e990
[    4.667623] R13: ffffa367c11e4800 R14: ffffbc44004c7e00 R15: ffffa367c1b49600
[    4.673112] FS:  0000000000000000(0000) GS:ffffa3689035f000(0000) knlGS:0000000000000000
[    4.680317] CS:  0010 DS: 0000 ES: 0000 CR0: 0000000080050033
[    4.687946] CR2: ffffa36837801000 CR3: 0000000076a30000 CR4: 00000000000006f0
[    4.695155] Call Trace:
[    4.696257]  <TASK>
[    4.699601]  ? __pfx_kunit_generic_run_threadfn_adapter+0x10/0x10
[    4.705771]  corten_test_txn_path_overflow+0xb5/0x2a0
[    4.709097]  ? psi_task_switch+0x107/0x290
[    4.714283]  kunit_try_run_case+0x6f/0x150
[    4.718864]  ? __pfx_kunit_generic_run_threadfn_adapter+0x10/0x10
[    4.724947]  kunit_generic_run_threadfn_adapter+0x1c/0x40
[    4.730470]  kthread+0xff/0x1f0
[    4.733601]  ? __pfx_kthread+0x10/0x10
[    4.736534]  ? __pfx_kthread+0x10/0x10
[    4.739520]  ret_from_fork+0x144/0x160
[    4.743190]  ? __pfx_kthread+0x10/0x10
[    4.747056]  ret_from_fork_asm+0x1a/0x30
[    4.750778]  </TASK>
[    4.752979] ---[ end trace 0000000000000000 ]---
[    4.757380] kunit_try_catch (124) used greatest stack depth: 13520 bytes left
[    4.759556]     ok 21 corten_test_txn_path_overflow
[    4.768626]     ok 22 corten_test_txn_child_err
[    4.778213]     ok 23 corten_test_real_huge_leaf
[    4.788183]     ok 24 corten_test_full_window_atomic
[    4.794033]     ok 25 corten_test_debugfs_content
[    4.797237] # corten: pass:24 fail:0 skip:1 total:25
[    4.802173] # Totals: pass:24 fail:0 skip:1 total:25
[    4.804522] ok 1 corten
[    4.811143]     KTAP version 1
[    4.814168]     # Subtest: corten_arena
[    4.817571]     # module: corten_arena_test
[    4.817579]     1..104
[    4.830068]     ok 1 corten_arena_test_declare_reject
[    4.836521]     ok 2 corten_arena_test_declare_reject_flags
[    4.842323]     ok 3 corten_arena_test_declare_query
[    4.851885]     ok 4 corten_arena_test_range_overlaps
[    4.867881]     ok 5 corten_arena_test_release
[    4.873579]     ok 6 corten_arena_test_ref_born_atomic
[    4.877560]     ok 7 corten_arena_test_release_classify
[    4.882327]     ok 8 corten_arena_test_shadow_vma
[    4.887145]     ok 9 corten_arena_test_exit
[    4.889481]     ok 10 corten_arena_test_prctl
[    4.896429]     ok 11 corten_arena_test_mode
[    4.902138]     ok 12 corten_arena_test_auto_classify
[    4.904938]     ok 13 corten_arena_test_auto_classify_file
[    4.907794]     ok 14 corten_arena_test_auto_place
[    4.918440]     ok 15 corten_arena_test_auto_route
[    4.933635]     ok 16 corten_arena_test_auto_attach_release
[    4.951631]     ok 17 corten_arena_test_file_lifecycle
[    4.957652] ------------[ cut here ]------------
[    4.962311] corten: VM_CORTEN vma reached zap_page_range_single()
[    4.967616] WARNING: CPU: 3 PID: 186 at mm/corten_arena.c:1635 corten_zap_single_guard+0x39/0x50
[    4.974090] Modules linked in:
[    4.976918] CPU: 3 UID: 0 PID: 186 Comm: kunit_try_catch Tainted: G        W        N  6.18.32-gb280246bb2f2-dirty #163 PREEMPT(voluntary) 
[    4.986480] Tainted: [W]=WARN, [N]=TEST
[    4.987788] Hardware name: QEMU Standard PC (i440FX + PIIX, 1996), BIOS 1.15.0-1 04/01/2014
[    4.993704] RIP: 0010:corten_zap_single_guard+0x39/0x50
[    4.998083] Code: 05 1c 79 7a 02 0f b6 05 c5 0e d3 01 84 c0 74 05 e9 4c 5b f7 00 c6 05 b5 0e d3 01 01 90 48 c7 c7 c8 48 8a ac e8 58 66 cf ff 90 <0f> 0b 90 90 b8 01 00 00 00 c3 cc cc cc cc 66 0f 1f 84 00 00 00 00
[    5.011624] RSP: 0000:ffffbc44005dfd58 EFLAGS: 00010282
[    5.016370] RAX: 0000000000000000 RBX: 0000000000000003 RCX: 00000000ffffdfff
[    5.023302] RDX: 0000000000000000 RSI: 00000000ffffffea RDI: 0000000000000001
[    5.028556] RBP: ffffa367c216f400 R08: ffffffffacd3e6c8 R09: 00000000ffffdfff
[    5.034341] R10: ffffffffacc5e6e0 R11: ffffffffacd0e6e0 R12: 0000000001801000
[    5.041592] R13: 0000000000001000 R14: 0000000000000000 R15: ffffbc4400013a88
[    5.048315] FS:  0000000000000000(0000) GS:ffffa368904df000(0000) knlGS:0000000000000000
[    5.054939] CS:  0010 DS: 0000 ES: 0000 CR0: 0000000080050033
[    5.062159] CR2: 0000000000000000 CR3: 0000000076a30000 CR4: 00000000000006f0
[    5.069500] Call Trace:
[    5.071349]  <TASK>
[    5.073379]  zap_page_range_single+0x1c/0x50
[    5.076189]  corten_arena_test_truncate_route+0xdac/0x1d90
[    5.081304]  ? __switch_to_asm+0x39/0x70
[    5.083839]  ? finish_task_switch.isra.0+0x76/0x250
[    5.087761]  ? __pfx_kunit_generic_run_threadfn_adapter+0x10/0x10
[    5.094033]  kunit_try_run_case+0x6f/0x150
[    5.097331]  ? __pfx_kunit_generic_run_threadfn_adapter+0x10/0x10
[    5.103234]  kunit_generic_run_threadfn_adapter+0x1c/0x40
[    5.108037]  kthread+0xff/0x1f0
[    5.110999]  ? __pfx_kthread+0x10/0x10
[    5.114400]  ? __pfx_kthread+0x10/0x10
[    5.117853]  ret_from_fork+0x144/0x160
[    5.121274]  ? __pfx_kthread+0x10/0x10
[    5.124827]  ret_from_fork_asm+0x1a/0x30
[    5.128693]  </TASK>
[    5.131191] ---[ end trace 0000000000000000 ]---
[    5.135411] ------------[ cut here ]------------
[    5.139566] corten: VM_CORTEN vma in a mapping i_mmap walk (stale node)
[    5.144336] WARNING: CPU: 3 PID: 186 at mm/corten_arena.c:1606 corten_arena_imap_stale_guard+0x39/0x50
[    5.152456] Modules linked in:
[    5.155349] CPU: 3 UID: 0 PID: 186 Comm: kunit_try_catch Tainted: G        W        N  6.18.32-gb280246bb2f2-dirty #163 PREEMPT(voluntary) 
[    5.166481] Tainted: [W]=WARN, [N]=TEST
[    5.167422] Hardware name: QEMU Standard PC (i440FX + PIIX, 1996), BIOS 1.15.0-1 04/01/2014
[    5.172897] RIP: 0010:corten_arena_imap_stale_guard+0x39/0x50
[    5.178028] Code: 05 74 79 7a 02 0f b6 05 26 0f d3 01 84 c0 74 05 c3 cc cc cc cc c6 05 16 0f d3 01 01 90 48 c7 c7 88 48 8a ac e8 b8 66 cf ff 90 <0f> 0b 90 90 b8 01 00 00 00 e9 89 5b f7 00 66 0f 1f 84 00 00 00 00
[    5.195644] RSP: 0000:ffffbc44005dfd80 EFLAGS: 00010286
[    5.198687] RAX: 0000000000000000 RBX: 0000000000000003 RCX: 00000000ffffdfff
[    5.204226] RDX: 0000000000000000 RSI: 00000000ffffffea RDI: 0000000000000001
[    5.210406] RBP: ffffa367c3142700 R08: ffffffffacd3e6c8 R09: 00000000ffffdfff
[    5.213802] R10: ffffffffacc5e6e0 R11: ffffffffacd0e6e0 R12: ffffa367c1b74000
[    5.219176] R13: ffffa367c2089890 R14: 0000000000000000 R15: ffffbc4400013a88
[    5.223463] FS:  0000000000000000(0000) GS:ffffa368904df000(0000) knlGS:0000000000000000
[    5.230008] CS:  0010 DS: 0000 ES: 0000 CR0: 0000000080050033
[    5.234202] CR2: 0000000000000000 CR3: 0000000076a30000 CR4: 00000000000006f0
[    5.238880] Call Trace:
[    5.240848]  <TASK>
[    5.242030]  corten_arena_test_truncate_route+0xeec/0x1d90
[    5.246487]  ? __switch_to_asm+0x39/0x70
[    5.250272]  ? finish_task_switch.isra.0+0x76/0x250
[    5.253565]  ? __pfx_kunit_generic_run_threadfn_adapter+0x10/0x10
[    5.259781]  kunit_try_run_case+0x6f/0x150
[    5.261246]  ? __pfx_kunit_generic_run_threadfn_adapter+0x10/0x10
[    5.266565]  kunit_generic_run_threadfn_adapter+0x1c/0x40
[    5.268754]  kthread+0xff/0x1f0
[    5.269844]  ? __pfx_kthread+0x10/0x10
[    5.271971]  ? __pfx_kthread+0x10/0x10
[    5.273721]  ret_from_fork+0x144/0x160
[    5.276945]  ? __pfx_kthread+0x10/0x10
[    5.280907]  ret_from_fork_asm+0x1a/0x30
[    5.284834]  </TASK>
[    5.286823] ---[ end trace 0000000000000000 ]---
[    5.293885] kunit_try_catch (186) used greatest stack depth: 13440 bytes left
[    5.295917]     ok 18 corten_arena_test_truncate_route
[    5.310056]     ok 19 corten_arena_test_registry_inval
[    5.321214]     ok 20 corten_arena_test_file_read
[    5.328600] BUG: non-zero pgtables_bytes on freeing mm: 8192
[    5.339925]     ok 21 corten_arena_test_file_cow
[    5.343147] BUG: non-zero pgtables_bytes on freeing mm: 8192
[    5.355221] BUG: non-zero pgtables_bytes on freeing mm: 8192
[    5.367716]     ok 22 corten_arena_test_file_rmap_shared
[    5.373108] BUG: non-zero pgtables_bytes on freeing mm: 8192
[    5.384109] BUG: non-zero pgtables_bytes on freeing mm: 8192
[    5.391904]     ok 23 corten_arena_test_ttu_file_route
[    5.396156] BUG: non-zero pgtables_bytes on freeing mm: 8192
[    5.406170]     ok 24 corten_arena_test_ttu_declines
[    5.411177]     ok 25 corten_arena_test_file_fork_mirror
[    5.417474] BUG: non-zero pgtables_bytes on freeing mm: 8192
[    5.429546]     ok 26 corten_arena_test_file_fork_cow
[    5.437740]     ok 27 corten_arena_test_file_fork_pinned
[    5.446598] BUG: non-zero pgtables_bytes on freeing mm: 8192
[    5.458420]     ok 28 corten_arena_test_file_hugetlb_route
[    5.461454] BUG: non-zero pgtables_bytes on freeing mm: 8192
[    5.473119] BUG: non-zero pgtables_bytes on freeing mm: 8192
[    5.484110]     ok 29 corten_arena_test_mag_recycle
[    5.493725]     ok 30 corten_arena_test_mag_marker
[    5.502137] BUG: non-zero pgtables_bytes on freeing mm: 8192
[    5.514659]     ok 31 corten_arena_test_pool_reuse
[    5.515861] BUG: non-zero pgtables_bytes on freeing mm: 8192
[    5.542082] BUG: non-zero pgtables_bytes on freeing mm: 8192
[    5.560676]     ok 32 corten_arena_test_pool_limit
[    5.570112]     ok 33 corten_arena_test_pool_mode_exit
[    5.593762]     ok 34 corten_arena_test_pool_fork
[    5.629217]     ok 35 corten_arena_test_noreplace_parked
[    5.645157]     ok 36 corten_arena_test_noreplace_active
[    5.660079]     ok 37 corten_arena_test_mapfixed_over_parked
[    5.678319]     ok 38 corten_arena_test_occupied_incl_idle
[    5.687542] ------------[ cut here ]------------
[    5.698483] corten: foreign vma in parked window 800000-1000000
[    5.707703] WARNING: CPU: 3 PID: 286 at mm/corten_arena.c:10019 corten_arena_pool_reactivate+0x1b5/0x1c0
[    5.717078] Modules linked in:
[    5.719001] CPU: 3 UID: 0 PID: 286 Comm: kunit_try_catch Tainted: G        W        N  6.18.32-gb280246bb2f2-dirty #163 PREEMPT(voluntary) 
[    5.730232] Tainted: [W]=WARN, [N]=TEST
[    5.731860] Hardware name: QEMU Standard PC (i440FX + PIIX, 1996), BIOS 1.15.0-1 04/01/2014
[    5.735357] RIP: 0010:corten_arena_pool_reactivate+0x1b5/0x1c0
[    5.740262] Code: 51 01 41 bc f4 ff ff ff e9 68 ff ff ff c6 05 3e a3 d2 01 01 90 48 8b 55 08 48 8b 75 00 48 c7 c7 f0 49 8a ac e8 dc fa ce ff 90 <0f> 0b 90 90 eb a3 0f 1f 44 00 00 90 90 90 90 90 90 90 90 90 90 90
[    5.757154] RSP: 0000:ffffbc440082fd50 EFLAGS: 00010286
[    5.762637] RAX: 0000000000000000 RBX: 000000000000000b RCX: 00000000ffffdfff
[    5.770128] RDX: 0000000000000000 RSI: 00000000ffffffea RDI: 0000000000000001
[    5.776865] RBP: ffffa367c20c8c00 R08: ffffffffacd3e6c8 R09: 00000000ffffdfff
[    5.783294] R10: ffffffffacc5e6e0 R11: ffffffffacd0e6e0 R12: 0000000000200073
[    5.790422] R13: ffffa367c1b1d600 R14: ffffa367c3145480 R15: 0000000000000800
[    5.797391] FS:  0000000000000000(0000) GS:ffffa368904df000(0000) knlGS:0000000000000000
[    5.803852] CS:  0010 DS: 0000 ES: 0000 CR0: 0000000080050033
[    5.809493] CR2: 0000000000000000 CR3: 0000000076a30000 CR4: 00000000000006f0
[    5.814370] Call Trace:
[    5.816168]  <TASK>
[    5.817880]  corten_arena_auto_mmap_route+0x3db/0x460
[    5.823425]  ? __pfx_kunit_generic_run_threadfn_adapter+0x10/0x10
[    5.828769]  corten_arena_test_p4_eject+0x1f6/0x6d0
[    5.833651]  ? finish_task_switch.isra.0+0x76/0x250
[    5.837721]  ? __pfx_kunit_generic_run_threadfn_adapter+0x10/0x10
[    5.843760]  kunit_try_run_case+0x6f/0x150
[    5.844981]  ? __pfx_kunit_generic_run_threadfn_adapter+0x10/0x10
[    5.846496]  kunit_generic_run_threadfn_adapter+0x1c/0x40
[    5.847816]  kthread+0xff/0x1f0
[    5.848620]  ? __pfx_kthread+0x10/0x10
[    5.849563]  ? __pfx_kthread+0x10/0x10
[    5.850536]  ret_from_fork+0x144/0x160
[    5.852593]  ? __pfx_kthread+0x10/0x10
[    5.856126]  ret_from_fork_asm+0x1a/0x30
[    5.859833]  </TASK>
[    5.861922] ---[ end trace 0000000000000000 ]---
[    5.873762]     ok 39 corten_arena_test_p4_eject
[    5.879460]     ok 40 corten_arena_test_hint_fence
[    5.886453]     ok 41 corten_arena_test_j1_hooks
[    5.896980]     ok 42 corten_arena_test_j1_self_exempt
[    5.907461]     ok 43 corten_arena_test_uffd_window_reject
[    5.915490]     ok 44 corten_arena_test_j1_implant_exempt
[    5.927551]     ok 45 corten_arena_test_fault_window_shorts
[    5.937971]     ok 46 corten_arena_test_inv_mv2_clean
[    5.944113] ------------[ cut here ]------------
[    5.953052] corten: INV-MV2 violated: 1 window vma(s) outside the implant registry (first at 100000200000)
[    5.963444] WARNING: CPU: 0 PID: 317 at mm/corten_arena.c:11285 corten_audit_j2_scan+0x1e9/0x200
[    5.972446] Modules linked in:
[    5.975565] CPU: 0 UID: 0 PID: 317 Comm: kunit_try_catch Tainted: G        W        N  6.18.32-gb280246bb2f2-dirty #163 PREEMPT(voluntary) 
[    5.986616] Tainted: [W]=WARN, [N]=TEST
[    5.989401] Hardware name: QEMU Standard PC (i440FX + PIIX, 1996), BIOS 1.15.0-1 04/01/2014
[    5.998747] RIP: 0010:corten_audit_j2_scan+0x1e9/0x200
[    6.006353] Code: 5b 5d 41 5c 41 5d 41 5e 41 5f c3 cc cc cc cc c6 05 57 72 d3 01 01 90 48 c7 c7 b0 47 8a ac 4c 89 e2 44 89 ee e8 f8 c9 cf ff 90 <0f> 0b 90 90 eb ad e8 4c da f6 00 66 66 2e 0f 1f 84 00 00 00 00 00
[    6.025715] RSP: 0000:ffffbc44008c7d58 EFLAGS: 00010282
[    6.030186] RAX: 0000000000000000 RBX: ffffa367c1063ac0 RCX: 00000000ffffdfff
[    6.037645] RDX: 0000000000000000 RSI: 00000000ffffffea RDI: 0000000000000001
[    6.042327] RBP: 00003fffffffffff R08: ffffffffacd3e6c8 R09: 00000000ffffdfff
[    6.051043] R10: ffffffffacc5e6e0 R11: ffffffffacd0e6e0 R12: 0000100000200000
[    6.056574] R13: 0000000000000001 R14: 0000000000000000 R15: 0000000000000000
[    6.062603] FS:  0000000000000000(0000) GS:ffffa3689035f000(0000) knlGS:0000000000000000
[    6.069835] CS:  0010 DS: 0000 ES: 0000 CR0: 0000000080050033
[    6.074816] CR2: ffffa36837801000 CR3: 0000000076a30000 CR4: 00000000000006f0
[    6.082948] Call Trace:
[    6.085855]  <TASK>
[    6.089804]  ? vma_link+0x11f/0x1d0
[    6.094230]  corten_audit_j2_walk+0x55/0x70
[    6.097927]  corten_arena_test_inv_mv2_inject+0x121/0x740
[    6.102339]  ? __pfx_kunit_generic_run_threadfn_adapter+0x10/0x10
[    6.111575]  kunit_try_run_case+0x6f/0x150
[    6.118463]  ? __pfx_kunit_generic_run_threadfn_adapter+0x10/0x10
[    6.125555]  kunit_generic_run_threadfn_adapter+0x1c/0x40
[    6.131926]  kthread+0xff/0x1f0
[    6.135032]  ? __pfx_kthread+0x10/0x10
[    6.138533]  ? __pfx_kthread+0x10/0x10
[    6.142542]  ret_from_fork+0x144/0x160
[    6.146135]  ? __pfx_kthread+0x10/0x10
[    6.147759]  ret_from_fork_asm+0x1a/0x30
[    6.150365]  </TASK>
[    6.152784] ---[ end trace 0000000000000000 ]---
[    6.162983]     ok 47 corten_arena_test_inv_mv2_inject
[    6.169810]     ok 48 corten_arena_test_inv_mv2_stale
[    6.181179]     ok 49 corten_arena_test_inv_mv2_implant_fork
[    6.208081]     ok 50 corten_arena_test_j2_triggers
[    6.236120]     ok 51 corten_arena_test_msync_window_segments
[    6.244110] get_swap_device: Bad swap file entry 400000000000077
[    6.257145] get_swap_device: Bad swap file entry 400000000000077
[    6.270163]     ok 52 corten_arena_test_mincore_route
[    6.280382]     ok 53 corten_arena_test_madvise_parked_terminal
[    6.299616]     ok 54 corten_arena_test_move_pages_window
[    6.316439]     ok 55 corten_arena_test_mvc_row_stream
[    6.332339]     ok 56 corten_arena_test_mvc_merge_first_row
[    6.348866]     ok 57 corten_arena_test_mvc_gup_probe
[    6.360284]     ok 58 corten_arena_test_mvc_smaps_pagemap
[    6.370963] BUG: non-zero pgtables_bytes on freeing mm: 8192
[    6.381477] get_swap_device: Bad swap file entry 40000000000005d
[    6.395285]     ok 59 corten_arena_test_exit_lifecycle
[    6.399144] BUG: non-zero pgtables_bytes on freeing mm: 8192
[    6.454546] corten_arena_op (392) used greatest stack depth: 13360 bytes left
[    6.489525] corten_arena_op (405) used greatest stack depth: 13216 bytes left
[    6.501489]     ok 60 corten_arena_test_exit_punchfork
[    6.506010]     ok 61 corten_arena_test_exit_multi_segment
[    6.517938]     ok 62 corten_arena_test_vma_free_reuse
[    6.526195] BUG: non-zero pgtables_bytes on freeing mm: 8192
[    6.544244]     ok 63 corten_arena_test_inv_mv3
[    6.555135]     ok 64 corten_arena_test_fork_vma_free
[    6.563097] BUG: non-zero pgtables_bytes on freeing mm: 8192
[    6.578366]     ok 65 corten_arena_test_vma_free_shrink_pick
[    6.583492]     ok 66 corten_arena_test_carrier_shrink_pick
[    6.592825]     ok 67 corten_arena_test_auto_validate
[    6.601791] BUG: non-zero pgtables_bytes on freeing mm: 8192
[    6.614377]     ok 68 corten_arena_test_carrier_vma
[    6.623538]     ok 69 corten_arena_test_fork_punch_novma
[    6.632865] BUG: non-zero pgtables_bytes on freeing mm: 8192
[    6.652978]     ok 70 corten_arena_test_fork_redeclare_content
[    6.656592]     ok 71 corten_arena_test_region_record
[    6.667521]     ok 72 corten_arena_test_region_iter
[    6.681510]     ok 73 corten_arena_test_region_park
[    6.693358]     ok 74 corten_arena_test_region_fork
[    6.704528]     ok 75 corten_arena_test_mprotect_route
[    6.716416]     ok 76 corten_arena_test_protect_flags_kernel_gate
[    6.725654]     ok 77 corten_arena_test_madvise_route
[    6.736180] BUG: non-zero pgtables_bytes on freeing mm: 8192
[    6.780102]     ok 78 corten_arena_test_mremap_route
[    6.785283]     ok 79 corten_arena_test_fork_faithful
[    6.795671]     ok 80 corten_arena_test_fork_unwind
[    6.802975]     ok 81 corten_arena_test_fork_multipiece
[    6.813189]     ok 82 corten_arena_test_fork_perm
[    6.824219]     ok 83 corten_arena_test_inv7_shared_ro
[    6.833173]     ok 84 corten_arena_test_inv7_swapped
[    6.843243] get_swap_device: Bad swap file entry 400000000000077
[    6.851887] BUG: Bad rss-counter state mm:(____ptrval____) type:MM_SWAPENTS val:-1 Comm:kunit_try_catch Pid:480
[    6.859906]     ok 85 corten_arena_test_shrink_registry_count
[    6.863023]     ok 86 corten_arena_test_shrink_aging_two_pass
[    6.872279]     ok 87 corten_arena_test_shrink_rotation
[    6.881309] get_swap_device: Bad swap file entry 400000000000077
[    6.890656] get_swap_device: Bad swap file entry 400000000000077
[    6.895570]     ok 88 corten_arena_test_fork_swapped
[    6.899723]     ok 89 corten_arena_test_fork_f2_gate
[   16.945301] ------------[ cut here ]------------
[   16.946522] corten: arena [800000,1000000) drain timed out: leaked transaction reference, leaking the descriptor
[   16.955628] WARNING: CPU: 3 PID: 491 at mm/corten_arena.c:747 corten_arena_drain+0x6f/0x80
[   16.965289] Modules linked in:
[   16.968198] CPU: 3 UID: 0 PID: 491 Comm: kunit_try_catch Tainted: G        W        N  6.18.32-gb280246bb2f2-dirty #163 PREEMPT(voluntary) 
[   16.981496] Tainted: [W]=WARN, [N]=TEST
[   16.987035] Hardware name: QEMU Standard PC (i440FX + PIIX, 1996), BIOS 1.15.0-1 04/01/2014
[   16.995101] RIP: 0010:corten_arena_drain+0x6f/0x80
[   17.002259] Code: c4 08 31 c0 5b e9 11 c5 f7 00 88 44 24 07 c6 05 79 78 d3 01 01 90 48 8b 53 08 48 8b 33 48 c7 c7 28 47 8a ac e8 12 d0 cf ff 90 <0f> 0b 90 90 0f b6 44 24 07 eb b4 66 0f 1f 44 00 00 90 90 90 90 90
[   17.022224] RSP: 0000:ffffbc4400d27d40 EFLAGS: 00010282
[   17.027638] RAX: 0000000000000000 RBX: ffffa367c20d1000 RCX: 00000000ffffdfff
[   17.032438] RDX: 0000000000000000 RSI: 00000000ffffffea RDI: 0000000000000001
[   17.039785] RBP: ffffa367c2ca4f00 R08: ffffffffacd3e6c8 R09: 00000000ffffdfff
[   17.046442] R10: ffffffffacc5e6e0 R11: ffffffffacd0e6e0 R12: ffffa367c2ca4f18
[   17.051911] R13: ffffa367c3144100 R14: ffffa367c2ca4f78 R15: ffffa367c20d1000
[   17.056824] FS:  0000000000000000(0000) GS:ffffa368904df000(0000) knlGS:0000000000000000
[   17.061893] CS:  0010 DS: 0000 ES: 0000 CR0: 0000000080050033
[   17.063822] CR2: 0000000000000000 CR3: 0000000076a30000 CR4: 00000000000006f0
[   17.065723] Call Trace:
[   17.066396]  <TASK>
[   17.066909]  corten_arena_fork_begin+0x131/0x220
[   17.071398]  corten_arena_test_fork_begin+0x59/0x140
[   17.074551]  corten_arena_test_fork_drain_leak+0x18a/0x800
[   17.078236]  ? psi_task_switch+0x107/0x290
[   17.080418]  ? __switch_to_asm+0x39/0x70
[   17.083476]  ? finish_task_switch.isra.0+0x76/0x250
[   17.087173]  ? __pfx_kunit_generic_run_threadfn_adapter+0x10/0x10
[   17.091615]  kunit_try_run_case+0x6f/0x150
[   17.095355]  ? __pfx_kunit_generic_run_threadfn_adapter+0x10/0x10
[   17.101176]  kunit_generic_run_threadfn_adapter+0x1c/0x40
[   17.105678]  kthread+0xff/0x1f0
[   17.108774]  ? __pfx_kthread+0x10/0x10
[   17.112396]  ? __pfx_kthread+0x10/0x10
[   17.116026]  ret_from_fork+0x144/0x160
[   17.119846]  ? __pfx_kthread+0x10/0x10
[   17.123181]  ret_from_fork_asm+0x1a/0x30
[   17.126730]  </TASK>
[   17.128704] ---[ end trace 0000000000000000 ]---
[   17.138912]     # corten_arena_test_fork_drain_leak: Test should be marked slow (runtime: 10.234937186s)
[   17.140233]     ok 90 corten_arena_test_fork_drain_leak
[   17.151489] BUG: Bad rss-counter state mm:(____ptrval____) type:MM_SWAPENTS val:-1 Comm:corten_arena_op Pid:495
[   17.157111]     ok 91 corten_arena_test_unshare_pin
[   17.170803]     ok 92 corten_arena_test_fork_reuse_exclusive
[   17.180946]     ok 93 corten_arena_test_gup_state1_uncommitted
[   17.192424]     ok 94 corten_arena_test_gup_state2_committed_rw
[   17.228705]     ok 95 corten_arena_test_gup_state3_fork_cow
[   17.244112]     ok 96 corten_arena_test_gup_state3b_downgrade_restore
[   17.258511]     ok 97 corten_arena_test_gup_state4_pin_zap
[   17.279131]     ok 98 corten_arena_test_concurrent
[   17.303377]     ok 99 corten_arena_test_concurrent_window
[   17.322986]     ok 100 corten_arena_test_obs_ledger
[   17.324810]     ok 101 corten_arena_test_drain_timeout_stat
[   17.328333]     ok 102 corten_arena_test_novma_rmap
[   17.336534]     ok 103 corten_arena_test_brk_delegation
[   17.343169] ------------[ cut here ]------------
[   17.353463] corten: whitelist violated: 1 window vma(s) unclassified as shadow/implant
[   17.361253] WARNING: CPU: 0 PID: 530 at mm/corten_arena.c:11507 corten_whitelist_scan+0x2b0/0x2c0
[   17.371698] Modules linked in:
[   17.375283] CPU: 0 UID: 0 PID: 530 Comm: kunit_try_catch Tainted: G        W        N  6.18.32-gb280246bb2f2-dirty #163 PREEMPT(voluntary) 
[   17.389359] Tainted: [W]=WARN, [N]=TEST
[   17.393158] Hardware name: QEMU Standard PC (i440FX + PIIX, 1996), BIOS 1.15.0-1 04/01/2014
[   17.403387] RIP: 0010:corten_whitelist_scan+0x2b0/0x2c0
[   17.408384] Code: 83 44 24 0c 01 f0 48 ff 05 35 e4 7a 02 e9 06 fe ff ff c6 05 ac 7b d3 01 01 90 48 c7 c7 d8 46 8a ac 44 89 fe e8 51 d3 cf ff 90 <0f> 0b 90 90 eb 87 e8 a5 e3 f6 00 0f 1f 44 00 00 90 90 90 90 90 90
[   17.425155] RSP: 0000:ffffbc4400c77cd8 EFLAGS: 00010286
[   17.431318] RAX: 0000000000000000 RBX: 0000000000000000 RCX: 00000000ffffdfff
[   17.434080] RDX: 0000000000000000 RSI: 00000000ffffffea RDI: 0000000000000001
[   17.440781] RBP: ffffa367c1064780 R08: ffffffffacd3e6c8 R09: 00000000ffffdfff
[   17.450246] R10: ffffffffacc5e6e0 R11: ffffffffacd0e6e0 R12: 0000000000000001
[   17.461704] R13: ffffa367c1b12500 R14: 0000100000000000 R15: 0000000000000001
[   17.469604] FS:  0000000000000000(0000) GS:ffffa3689035f000(0000) knlGS:0000000000000000
[   17.477622] CS:  0010 DS: 0000 ES: 0000 CR0: 0000000080050033
[   17.485674] CR2: ffffa36837801000 CR3: 0000000076a30000 CR4: 00000000000006f0
[   17.493305] Call Trace:
[   17.497196]  <TASK>
[   17.499685]  corten_audit_whitelist_walk+0x57/0x70
[   17.505629]  corten_arena_test_whitelist_audit+0x523/0xf10
[   17.511202]  ? __pfx_kunit_generic_run_threadfn_adapter+0x10/0x10
[   17.516944]  kunit_try_run_case+0x6f/0x150
[   17.522662]  ? __pfx_kunit_generic_run_threadfn_adapter+0x10/0x10
[   17.530664]  kunit_generic_run_threadfn_adapter+0x1c/0x40
[   17.536479]  kthread+0xff/0x1f0
[   17.540192]  ? __pfx_kthread+0x10/0x10
[   17.545322]  ? __pfx_kthread+0x10/0x10
[   17.548774]  ret_from_fork+0x144/0x160
[   17.552725]  ? __pfx_kthread+0x10/0x10
[   17.556426]  ret_from_fork_asm+0x1a/0x30
[   17.561791]  </TASK>
[   17.565111] ---[ end trace 0000000000000000 ]---
[   17.578287]     ok 104 corten_arena_test_whitelist_audit
[   17.578298] # corten_arena: pass:104 fail:0 skip:0 total:104
[   17.583494] # Totals: pass:104 fail:0 skip:0 total:104
[   17.589123] ok 2 corten_arena
[   17.596908]     KTAP version 1
[   17.600187]     # Subtest: corten_fault
[   17.603753]     # module: corten_fault_test
[   17.603758]     1..39
[   17.615136]     ok 1 corten_fault_test_dispatch
[   17.622721]     ok 2 corten_fault_test_fig8_cow
[   17.640674]     ok 3 corten_fault_test_unmap_classify
[   17.650189]     ok 4 corten_fault_test_mmap_classify
[   17.662358]     ok 5 corten_fault_test_file_may_matrix
[   17.671548]     ok 6 corten_fault_test_punch_classify
[   17.690629]     ok 7 corten_fault_test_map_anon
[   17.706292]     ok 8 corten_fault_test_zero_page
[   17.717528]     ok 9 corten_fault_test_sigsegv
[   17.730118]     ok 10 corten_fault_test_fresh_fault
[   17.780785]     ok 11 corten_fault_test_churn_repro
[   17.793114]     ok 12 corten_fault_test_untracked_drift
[   17.799648]     ok 13 corten_fault_test_restore
[   17.810354]     ok 14 corten_fault_test_cow_reuse
[   17.822364]     ok 15 corten_fault_test_cow_copy
[   17.829042] ------------[ cut here ]------------
[   17.837547] WARNING: CPU: 3 PID: 563 at ./include/linux/rwsem.h:88 corten_fault_test_foll_force+0x808/0xc50
[   17.844583] Modules linked in:
[   17.847568] CPU: 3 UID: 0 PID: 563 Comm: kunit_try_catch Tainted: G        W        N  6.18.32-gb280246bb2f2-dirty #163 PREEMPT(voluntary) 
[   17.861162] Tainted: [W]=WARN, [N]=TEST
[   17.864564] Hardware name: QEMU Standard PC (i440FX + PIIX, 1996), BIOS 1.15.0-1 04/01/2014
[   17.872431] RIP: 0010:corten_fault_test_foll_force+0x808/0xc50
[   17.878228] Code: 0f 00 00 0f 85 18 fe ff ff 49 8b 04 24 a8 40 0f 84 0c fe ff ff 49 8b 44 24 48 48 8d 50 ff a8 01 49 0f 44 d4 e9 f8 fd ff ff 90 <0f> 0b 90 e9 64 f8 ff ff 48 98 45 31 c9 49 c7 c0 d0 e0 57 ab 48 89
[   17.895243] RSP: 0000:ffffbc4400edfd80 EFLAGS: 00010246
[   17.900101] RAX: ffffa367c3140000 RBX: ffffa367c1bb6880 RCX: 0000000000000000
[   17.907217] RDX: 0000000000000000 RSI: 0000000000000029 RDI: ffffa367c312e180
[   17.913924] RBP: ffffbc4400013a88 R08: 0000000000001000 R09: 0000000000000000
[   17.920529] R10: ffffbc4400edfc98 R11: 0000000000000000 R12: ffffa367c2169400
[   17.924711] R13: ffffa367c224f438 R14: ffffffffab57e4b0 R15: ffffbc4400013ac8
[   17.931173] FS:  0000000000000000(0000) GS:ffffa368904df000(0000) knlGS:0000000000000000
[   17.937794] CS:  0010 DS: 0000 ES: 0000 CR0: 0000000080050033
[   17.943520] CR2: 0000000000000000 CR3: 0000000076a30000 CR4: 00000000000006f0
[   17.950901] Call Trace:
[   17.955009]  <TASK>
[   17.957019]  ? psi_group_change+0x116/0x300
[   17.960973]  ? sysvec_apic_timer_interrupt+0xf/0x80
[   17.966715]  ? __pfx_kunit_generic_run_threadfn_adapter+0x10/0x10
[   17.972819]  ? __pfx_corten_fault_test_foll_force+0x10/0x10
[   17.977971]  kunit_try_run_case+0x6f/0x150
[   17.982206]  ? __pfx_kunit_generic_run_threadfn_adapter+0x10/0x10
[   17.989827]  kunit_generic_run_threadfn_adapter+0x1c/0x40
[   17.994181]  kthread+0xff/0x1f0
[   17.997305]  ? __pfx_kthread+0x10/0x10
[   18.001370]  ? __pfx_kthread+0x10/0x10
[   18.004284]  ret_from_fork+0x144/0x160
[   18.007723]  ? __pfx_kthread+0x10/0x10
[   18.010716]  ret_from_fork_asm+0x1a/0x30
[   18.013507]  </TASK>
[   18.014877] ---[ end trace 0000000000000000 ]---
[   18.019655] ------------[ cut here ]------------
[   18.024339] WARNING: CPU: 2 PID: 563 at ./include/linux/rwsem.h:88 corten_fault_test_foll_force+0xb62/0xc50
[   18.033371] Modules linked in:
[   18.036599] CPU: 2 UID: 0 PID: 563 Comm: kunit_try_catch Tainted: G        W        N  6.18.32-gb280246bb2f2-dirty #163 PREEMPT(voluntary) 
[   18.041809] Tainted: [W]=WARN, [N]=TEST
[   18.043303] Hardware name: QEMU Standard PC (i440FX + PIIX, 1996), BIOS 1.15.0-1 04/01/2014
[   18.046124] RIP: 0010:corten_fault_test_foll_force+0xb62/0xc50
[   18.049117] Code: c7 c6 50 6c 25 ac 48 89 ef 48 89 44 24 08 48 c7 04 24 60 6c 25 ac 48 c7 44 24 10 40 00 00 00 e8 d4 f0 36 00 e9 44 fb ff ff 90 <0f> 0b 90 e9 ed fa ff ff 48 98 45 31 c9 49 c7 c0 d0 e0 57 ab 48 89
[   18.059223] RSP: 0000:ffffbc4400edfd80 EFLAGS: 00010246
[   18.062289] RAX: ffffa367c3140000 RBX: ffffa367c1bb6880 RCX: ffffa3683dd30340
[   18.067414] RDX: 0000000000000000 RSI: 0000000000000001 RDI: ffffa367c312e180
[   18.073571] RBP: ffffbc4400013a88 R08: 0000000000000000 R09: 00000000000001dc
[   18.078407] R10: ffffa3683dd2fac0 R11: 0000000000000001 R12: ffffa367c2169400
[   18.082873] R13: 0000000000000000 R14: ffffffffab57e4b0 R15: ffffbc4400013ac8
[   18.089429] FS:  0000000000000000(0000) GS:ffffa3689045f000(0000) knlGS:0000000000000000
[   18.097393] CS:  0010 DS: 0000 ES: 0000 CR0: 0000000080050033
[   18.102679] CR2: 0000000000000000 CR3: 0000000076a30000 CR4: 00000000000006f0
[   18.109771] Call Trace:
[   18.111460]  <TASK>
[   18.113473]  ? __pfx_kunit_generic_run_threadfn_adapter+0x10/0x10
[   18.118109]  kunit_try_run_case+0x6f/0x150
[   18.120690]  ? __pfx_kunit_generic_run_threadfn_adapter+0x10/0x10
[   18.125596]  kunit_generic_run_threadfn_adapter+0x1c/0x40
[   18.130529]  kthread+0xff/0x1f0
[   18.133464]  ? __pfx_kthread+0x10/0x10
[   18.137663]  ? __pfx_kthread+0x10/0x10
[   18.141224]  ret_from_fork+0x144/0x160
[   18.144524]  ? __pfx_kthread+0x10/0x10
[   18.147920]  ret_from_fork_asm+0x1a/0x30
[   18.161376]  </TASK>
[   18.163652] ---[ end trace 0000000000000000 ]---
[   18.171792]     ok 16 corten_fault_test_foll_force
[   18.186510]     ok 17 corten_fault_test_cow_race
[   18.200596]     ok 18 corten_fault_test_mprotect_pte
[   18.214392]     ok 19 corten_fault_test_mprotect_fresh
[   18.223909]     ok 20 corten_fault_test_zap_keep_perm
[   18.237211]     ok 21 corten_fault_test_zap_keep_perm_downgrade
[   18.250633]     ok 22 corten_fault_test_untracked_rearm
[   18.269308]     ok 23 corten_fault_test_fill_upper_race
[   18.284487]     ok 24 corten_fault_test_map_race
[   18.299342]     ok 25 corten_fault_test_chunk_unmap
[   18.310788]     ok 26 corten_fault_test_punch_hole
[   18.325869]     ok 27 corten_fault_test_punch_head
[   18.337693]     ok 28 corten_fault_test_rmap_guard
[   18.344772]     ok 29 corten_fault_test_ttu_route
[   18.355182]     ok 30 corten_fault_test_ttu_dual_entry
[   18.364587]     ok 31 corten_fault_test_reap_skip
[   18.373353]     ok 32 corten_fault_test_swap_encode
[   18.381220]     ok 33 corten_fault_test_swap_roundtrip # SKIP swap round-trip requires a swap area
[   18.390774]     ok 34 corten_fault_test_swap_zap_free # SKIP swap zap test requires a swap area
[   18.405002]     ok 35 corten_fault_test_driver_keep_noswap
[   18.420463]     ok 36 corten_fault_test_driver_swap_roundtrip # SKIP driver round-trip requires a swap area
[   18.438239]     ok 37 corten_fault_test_swap_mprotect_pending
[   18.467761]     ok 38 corten_fault_test_unuse_windows # SKIP unuse sweep requires a swap area
[   18.481203]     ok 39 corten_fault_test_unuse_windows_cache # SKIP unuse sweep requires a swap area
[   18.490264] # corten_fault: pass:34 fail:0 skip:5 total:39
[   18.512654] # Totals: pass:34 fail:0 skip:5 total:39
[   18.517827] ok 3 corten_fault
[   18.532214] check access for rdinit=/init failed: -2, ignoring
[   18.536427] md: Waiting for all devices to be available before autodetect
[   18.541196] md: If you don't use raid, use raid=noautodetect
[   18.546796] md: Autodetecting RAID arrays.
[   18.549349] md: autorun ...
[   18.551232] md: ... autorun DONE.
[   18.556975] /dev/root: Can't open blockdev
[   18.559982] VFS: Cannot open root device "" or unknown-block(0,0): error -6
[   18.564253] Please append a correct "root=" boot option; here are the available partitions:
[   18.569346] 0b00         1048575 sr0 
[   18.569353]  driver: sr
[   18.573529] List of all bdev filesystems:
[   18.576591]  ext3
[   18.576597]  ext2
[   18.577913]  ext4
[   18.579938]  vfat
[   18.581230]  msdos
[   18.582337]  iso9660
[   18.583761]  f2fs
[   18.585160]  erofs
[   18.590897] 
[   18.593206] Kernel panic - not syncing: VFS: Unable to mount root fs on unknown-block(0,0)
[   18.598695] CPU: 1 UID: 0 PID: 1 Comm: swapper/0 Tainted: G        W        N  6.18.32-gb280246bb2f2-dirty #163 PREEMPT(voluntary) 
[   18.605915] Tainted: [W]=WARN, [N]=TEST
[   18.609883] Hardware name: QEMU Standard PC (i440FX + PIIX, 1996), BIOS 1.15.0-1 04/01/2014
[   18.614444] Call Trace:
[   18.615973]  <TASK>
[   18.617258]  vpanic+0x34f/0x360
[   18.619411]  panic+0x56/0x60
[   18.621290]  mount_root_generic+0x1ff/0x320
[   18.624575]  prepare_namespace+0x63/0x270
[   18.627014]  kernel_init_freeable+0x29f/0x2f0
[   18.630013]  ? __pfx_kernel_init+0x10/0x10
[   18.632804]  kernel_init+0x15/0x1c0
[   18.635449]  ret_from_fork+0x144/0x160
[   18.638002]  ? __pfx_kernel_init+0x10/0x10
[   18.640390]  ret_from_fork_asm+0x1a/0x30
[   18.641473]  </TASK>
[   18.662473] Kernel Offset: 0x29c00000 from 0xffffffff81000000 (relocation range: 0xffffffff80000000-0xffffffffbfffffff)
